10-11 21:54:28.472: W/ActivityManager(1678): Spurious death for ProcessRecord{21a277d7 4474:com.google.android.apps.mtaas.tools/u0a79}, curProc for 4474: null
10-11 21:54:28.473: D/Finsky(3458): [1] ClearCacheReceiver.onReceive: Received android.intent.action.LOCALE_CHANGED. Clearing cache and exiting.
10-11 21:54:28.474: D/Volley(3458): [275] DiskBasedCache.clear: Cache cleared.
10-11 21:54:28.474: D/Volley(3458): [268] DiskBasedCache.clear: Cache cleared.
10-11 21:54:28.479: W/ResourcesManager(1678): Asset path '/system/framework/com.google.android.maps.jar' does not exist or contains no resources.
10-11 21:54:28.480: W/KeyphraseEnrollmentInfo(1930): Enrollment application doesn't support keyphrases
10-11 21:54:28.481: I/GceGrallocRegionRegistry(2055): Unmapped gralloc-1336.17 hnd=0x9f0b4040 fd=51 base=0x9b454000
10-11 21:54:28.481: I/GceGrallocRegionRegistry(2055): Unmapped gralloc-1336.18 hnd=0x9f0b4140 fd=52 base=0x9b06a000
10-11 21:54:28.481: I/GceGrallocRegionRegistry(2055): Unmapped gralloc-1336.19 hnd=0x9f0b4080 fd=60 base=0x98d9e000
10-11 21:54:28.482: I/art(3458): System.exit called, status: 0
10-11 21:54:28.482: I/AndroidRuntime(3458): VM exiting with result code 0, cleanup skipped.
10-11 21:54:28.483: I/GceGrallocRegionRegistry(1336): Unmapped gralloc-1336.18 hnd=0xb27f7440 fd=23 base=0xb1816000
10-11 21:54:28.483: I/GceGrallocRegionRegistry(1336): Unmapped gralloc-1336.19 hnd=0xb27f7480 fd=24 base=0xb1016000
10-11 21:54:28.485: E/HotwordDataManager(2160): No model available at /data/data/com.google.android.googlequicksearchbox/files/es-ES/hotword.data
10-11 21:54:28.485: E/HotwordDataManager(2160): java.io.FileNotFoundException: /data/data/com.google.android.googlequicksearchbox/files/es-ES/hotword.data: open failed: ENOENT (No such file or directory)
10-11 21:54:28.485: E/HotwordDataManager(2160): 	at libcore.io.IoBridge.open(IoBridge.java:456)
10-11 21:54:28.485: E/HotwordDataManager(2160): 	at java.io.FileInputStream.<init>(FileInputStream.java:76)
10-11 21:54:28.485: E/HotwordDataManager(2160): 	at izp.Rg(PG:102)
10-11 21:54:28.485: E/HotwordDataManager(2160): 	at izk.a(PG:249)
10-11 21:54:28.485: E/HotwordDataManager(2160): 	at izo.m(PG:197)
10-11 21:54:28.485: E/HotwordDataManager(2160): 	at dgl.jC(PG:218)
10-11 21:54:28.485: E/HotwordDataManager(2160): 	at dgn.run(PG:187)
10-11 21:54:28.485: E/HotwordDataManager(2160): 	at java.util.concurrent.Executors$RunnableAdapter.call(Executors.java:422)
10-11 21:54:28.485: E/HotwordDataManager(2160): 	at java.util.concurrent.FutureTask.run(FutureTask.java:237)
10-11 21:54:28.485: E/HotwordDataManager(2160): 	at java.util.concurrent.ScheduledThreadPoolExecutor$ScheduledFutureTask.access$201(ScheduledThreadPoolExecutor.java:152)
10-11 21:54:28.485: E/HotwordDataManager(2160): 	at java.util.concurrent.ScheduledThreadPoolExecutor$ScheduledFutureTask.run(ScheduledThreadPoolExecutor.java:265)
10-11 21:54:28.485: E/HotwordDataManager(2160): 	at java.util.concurrent.ThreadPoolExecutor.runWorker(ThreadPoolExecutor.java:1112)
10-11 21:54:28.485: E/HotwordDataManager(2160): 	at java.util.concurrent.ThreadPoolExecutor$Worker.run(ThreadPoolExecutor.java:587)
10-11 21:54:28.485: E/HotwordDataManager(2160): 	at java.lang.Thread.run(Thread.java:818)
10-11 21:54:28.485: E/HotwordDataManager(2160): 	at feg.run(PG:80)
10-11 21:54:28.485: E/HotwordDataManager(2160): Caused by: android.system.ErrnoException: open failed: ENOENT (No such file or directory)
10-11 21:54:28.485: E/HotwordDataManager(2160): 	at libcore.io.Posix.open(Native Method)
10-11 21:54:28.485: E/HotwordDataManager(2160): 	at libcore.io.BlockGuardOs.open(BlockGuardOs.java:186)
10-11 21:54:28.485: E/HotwordDataManager(2160): 	at libcore.io.IoBridge.open(IoBridge.java:442)
10-11 21:54:28.485: E/HotwordDataManager(2160): 	... 14 more
10-11 21:54:28.485: W/Launcher(2055): setApplicationContext called twice! old=com.android.launcher3.LauncherApplication@2e53e8d6 new=com.android.launcher3.LauncherApplication@2e53e8d6
10-11 21:54:28.515: I/GceGrallocRegionRegistry(1336): Unmapped gralloc-1336.17 hnd=0xb27f7400 fd=18 base=0xb2016000
10-11 21:54:28.523: I/Icing(2228): IndexChimeraService.getServiceInterface callingPackage=com.google.android.inputmethod.latin componentName=null serviceId=21
10-11 21:54:28.526: W/KeyphraseEnrollmentInfo(1930): Enrollment application doesn't support keyphrases
10-11 21:54:28.530: I/Icing(2228): Usage reports 0 indexed 0 rejected 0 imm upload false
10-11 21:54:28.534: I/UpdateIcingCorporaServi(2160): Updating corpora: APPS=FORCE_ALL, CONTACTS=FORCE_ALL
10-11 21:54:28.551: I/ActivityManager(1678): Process com.android.vending (pid 3458) has died
10-11 21:54:28.560: I/ContactLocale(3875): AddressBook Labels [es]: [, A, B, C, D, E, F, G, H, I, J, K, L, M, N, , O, P, Q, R, S, T, U, V, W, X, Y, Z, , , , , , , , , , , , , , , , , , , , , , , , , , , , , , , , , , , , , , , , , , , , , , , , , , , , , , , , , , , , , , , , , , , , , , , , , , , , , , , , , , , , , , , , , , , , , , , , , , , , , , , , , , , , , , , , , , , , , , , , , , , , , , , , , , , , , , , , , , , , , , , , , , , , , , , , , , , , , , , , , , , , , , , , , , , , , , , , , , , , , , , , , , , , #, ]
10-11 21:54:28.563: W/asset(2160): Asset path /system/framework/com.google.android.dialer.support.jar is neither a directory nor file (type=1).
10-11 21:54:28.563: W/ResourcesManager(2160): Asset path '/system/framework/com.google.android.dialer.support.jar' does not exist or contains no resources.
10-11 21:54:28.563: I/ContactsProvider(3875): Locale has changed from en-US to es
10-11 21:54:28.564: I/ContactsDatabaseHelper(3875): Switching to locale es (ICU v53.1.0.1)
10-11 21:54:28.570: I/ContactsDatabaseHelper(3875): Locale change completed in 7ms
10-11 21:54:28.570: I/ContactsDatabaseHelper(3875): Switching to locale es (ICU v53.1.0.1)
10-11 21:54:28.572: D/AndroidRuntime(4495): >>>>>> START com.android.internal.os.RuntimeInit uid 0 <<<<<<
10-11 21:54:28.573: D/AndroidRuntime(4495): CheckJNI is OFF
10-11 21:54:28.576: I/ContactsDatabaseHelper(3875): Locale change completed in 5ms
10-11 21:54:28.580: I/ContactsFTS(3875): Rebuild contact search index in 4ms, 0 contacts
10-11 21:54:28.718: E/memtrack(4495): Couldn't load memtrack module (No such file or directory)
10-11 21:54:28.718: E/android.os.Debug(4495): failed to load memtrack module: -2
10-11 21:54:28.726: D/AndroidRuntime(4495): Calling main entry com.android.commands.settings.SettingsCmd
10-11 21:54:28.730: D/AndroidRuntime(4495): Shutting down VM
10-11 21:54:28.760: W/ResourcesManager(2160): Asset path '/system/framework/com.google.android.media.effects.jar' does not exist or contains no resources.
10-11 21:54:28.773: W/InputMethodInfo(1678): Duplicated subtype definition found: , voice
10-11 21:54:28.774: W/art(1678): Long monitor contention event with owner method=void com.android.server.appwidget.AppWidgetServiceImpl.onConfigurationChanged() from AppWidgetServiceImpl.java:274 waiters=1 for 241ms
10-11 21:54:28.777: I/InputMethodManagerService(1678): Selected default: com.google.android.inputmethod.latin/com.android.inputmethod.latin.LatinIME
10-11 21:54:28.779: W/InputMethodManagerService(1678): Illegal subtype state: old subtype = null, new subtype = android.view.inputmethod.InputMethodSubtype@30a6e00e
10-11 21:54:28.785: W/ResourceType(2055): Attempt to retrieve bag 0x7f0d0008 which is invalid or in a cycle.
10-11 21:54:28.790: V/AlarmClock(4018): AlarmInitReceiver android.intent.action.LOCALE_CHANGED
10-11 21:54:28.795: D/Launcher(2055): 11683562 - bindAddScreens()
10-11 21:54:28.795: D/Launcher(2055): 11683562 -   orderedScreenIds: 3
10-11 21:54:28.795: D/Launcher.Workspace(2055): 11683562 - insertNewWorkspaceScreen(): 3 at index: 0
10-11 21:54:28.804: V/AlarmClock(4018): AlarmInitReceiver finished
10-11 21:54:28.824: I/ActivityManager(1678): Start proc 4520:com.google.android.apps.fitness/u0a40 for broadcast com.google.android.apps.fitness/.FitnessLocaleChangedReceiver
10-11 21:54:28.840: I/FitnessApp(4520): Validating ObjectGraph
10-11 21:54:28.840: I/Icing(2228): IndexChimeraService.getServiceInterface callingPackage=com.google.android.googlequicksearchbox componentName=null serviceId=21
10-11 21:54:28.845: I/Icing(2228): Usage reports 0 indexed 0 rejected 0 imm upload true
10-11 21:54:28.846: I/ApplicationLogger(2160): canRun() : Opted Out
10-11 21:54:28.849: I/ContactLogger(2160): canRun() : Opted Out
10-11 21:54:28.849: I/UpdateIcingCorporaServi(2160): UpdateCorporaTask done [took 316 ms] updated apps [took 313 ms] updated contacts [took 3 ms]
10-11 21:54:28.852: I/FitnessApp(4520): Initializers took 9 milliseconds
10-11 21:54:28.855: V/WindowManager(1678): Based on layer: Adding window Window{13ae7390 u0 com.android.launcher3/com.android.launcher3.Launcher} at 1 of 6
10-11 21:54:28.856: D/Launcher.Model(2055): 11683562 - loadWorkspace()
10-11 21:54:28.857: I/SystemBroadcastReceiver(1948): System locale changed
10-11 21:54:28.857: D/Launcher.Model(2055): 11683562 -   loadedOldDb: false
10-11 21:54:28.863: W/asset(2055): Asset path /system/framework/com.google.android.dialer.support.jar is neither a directory nor file (type=1).
10-11 21:54:28.864: W/ResourcesManager(2055): Asset path '/system/framework/com.google.android.dialer.support.jar' does not exist or contains no resources.
10-11 21:54:28.888: I/GceGrallocRegionRegistry(1336): Mapped gralloc-1336.30 hnd=0xb6039300 fd=18 base=0xb2016000 format=RGBA_8888(0x1) width=800 height=1280
10-11 21:54:28.888: I/GceGrallocRegionRegistry(1336): Mapped gralloc-1336.31 hnd=0xb6039400 fd=23 base=0xb1816000 format=RGBA_8888(0x1) width=800 height=1280
10-11 21:54:28.888: I/GceGrallocRegionRegistry(1336): Mapped gralloc-1336.32 hnd=0xb6039480 fd=24 base=0xb1016000 format=RGBA_8888(0x1) width=800 height=1280
10-11 21:54:28.908: D/Launcher.Model(2055): 11683562 - loadWorkspaceScreensDb()
10-11 21:54:28.908: D/Launcher.Model(2055): 11683562 -   screens: { 0: 3 }
10-11 21:54:28.908: D/Launcher.Model(2055): 11683562 -   sBgWorkspaceScreens: 3
10-11 21:54:28.912: I/ActivityManager(1678): Start proc 4541:com.google.android.gm/u0a70 for broadcast com.google.android.gm/.MailIntentReceiver
10-11 21:54:28.954: I/GceGrallocRegionRegistry(2055): Mapped gralloc-1336.30 hnd=0xa12ed800 fd=47 base=0x9b2db000 format=RGBA_8888(0x1) width=800 height=1280
10-11 21:54:28.968: D/ActivityThread(4541): Loading provider com.google.android.gmail.provider;com.android.mail.notifier;com.google.android.gm.email.provider;com.google.android.gm.email.notifier: com.android.email.provider.EmailProvider
10-11 21:54:28.991: I/WindowManager(1678): Screen frozen for +938ms due to Window{13ae7390 u0 com.android.launcher3/com.android.launcher3.Launcher}
10-11 21:54:29.000: I/Gmail(4541): getAccountsCursor
10-11 21:54:29.031: W/Conscrypt(2319): Could not set socket write timeout:
10-11 21:54:29.031: W/Conscrypt(2319):    java.lang.reflect.Method.invoke(Native Method)
10-11 21:54:29.031: W/Conscrypt(2319):    java.lang.reflect.Method.invoke(Method.java:372)
10-11 21:54:29.032: I/GceGrallocRegionRegistry(2055): Mapped gralloc-1336.31 hnd=0xa12ed940 fd=44 base=0x9aef1000 format=RGBA_8888(0x1) width=800 height=1280
10-11 21:54:29.036: W/Conscrypt(2319): Could not set socket write timeout:
10-11 21:54:29.036: W/Conscrypt(2319):    java.lang.reflect.Method.invoke(Native Method)
10-11 21:54:29.036: W/Conscrypt(2319):    java.lang.reflect.Method.invoke(Method.java:372)
10-11 21:54:29.093: I/ActivityManager(1678): Start proc 4570:com.google.android.gm.exchange/u0a69 for service com.google.android.gm.exchange/com.android.exchange.service.EasService
10-11 21:54:29.122: D/AndroidRuntime(4571): >>>>>> START com.android.internal.os.RuntimeInit uid 0 <<<<<<
10-11 21:54:29.123: D/AndroidRuntime(4571): CheckJNI is OFF
10-11 21:54:29.143: W/ActivityManager(1678): Unable to start service Intent { cmp=com.google.android.gm/com.android.email.service.AttachmentService } U=0: not found
10-11 21:54:29.144: W/ActivityManager(1678): Unable to start service Intent { cmp=com.google.android.gm/com.android.email.service.AttachmentService } U=0: not found
10-11 21:54:29.165: E/memtrack(4571): Couldn't load memtrack module (No such file or directory)
10-11 21:54:29.165: E/android.os.Debug(4571): failed to load memtrack module: -2
10-11 21:54:29.210: W/GAV2(4541): Thread[main,5,main]: Need to call initialize() and be in fallback mode to start dispatch.
10-11 21:54:29.222: I/Gmail(4541): Observing account changes for notifications
10-11 21:54:29.324: I/GceGrallocRegionRegistry(1336): Unmapped gralloc-1336.29 hnd=0xb6039340 fd=37 base=0xaf816000
10-11 21:54:29.324: I/Exchange(4570): EasService.onCreate
10-11 21:54:29.362: I/Icing(2228): IndexChimeraService.getServiceInterface callingPackage=com.google.android.gm componentName=null serviceId=21
10-11 21:54:29.368: I/GceGrallocRegionRegistry(2055): Mapped gralloc-1336.32 hnd=0xa13faa40 fd=49 base=0x9a1b3000 format=RGBA_8888(0x1) width=800 height=1280
10-11 21:54:29.373: I/Icing(2228): Usage reports 0 indexed 0 rejected 0 imm upload false
10-11 21:54:29.376: D/Launcher(2055): 11683562 - bindAddScreens()
10-11 21:54:29.376: D/Launcher(2055): 11683562 -   orderedScreenIds: 3
10-11 21:54:29.376: D/Launcher.Workspace(2055): 11683562 - insertNewWorkspaceScreen(): 3 at index: 0
10-11 21:54:29.397: W/ChimeraUtils(2228): Non Chimera context
10-11 21:54:29.402: I/Exchange(4570): RestartPingTask
10-11 21:54:29.405: D/AndroidRuntime(4571): Calling main entry com.android.commands.settings.SettingsCmd
10-11 21:54:29.410: I/NotifUtils(4541): resendNotifications cancelExisting: true, account: null, folder: null
10-11 21:54:29.412: I/Gmail(4541): getAccountsCursor
10-11 21:54:29.449: I/Remoter(1328): Saved screenshot to '/data/screenshots/__pmv__-0075.jpg'
10-11 21:54:29.455: I/Exchange(4570): RestartPingsTask did not start any pings.
10-11 21:54:29.455: I/Exchange(4570): PSS stopIfIdle
10-11 21:54:29.455: I/Exchange(4570): PSS has no active accounts; stopping service.
10-11 21:54:29.455: I/Exchange(4570): onDestroy
10-11 21:54:29.456: D/SettingsProvider(1678): User 0 external modification to /data/data/com.android.providers.settings/databases/settings.db; event=2
10-11 21:54:29.456: D/SettingsProvider(1678): User 0 updating our caches for /data/data/com.android.providers.settings/databases/settings.db
10-11 21:54:29.462: I/Icing(2228): IndexChimeraService.getServiceInterface callingPackage=com.google.android.gms componentName=AppsCorpus serviceId=32
10-11 21:54:29.463: I/Icing(2228): IndexChimeraService.getServiceInterface callingPackage=com.google.android.gms componentName=AppsCorpus serviceId=36
10-11 21:54:29.465: D/AndroidRuntime(4571): Shutting down VM
10-11 21:54:29.496: W/art(2319): Suspending all threads took: 42.684ms
10-11 21:54:29.505: I/art(2319): Background sticky concurrent mark sweep GC freed 91165(4MB) AllocSpace objects, 4(568KB) LOS objects, 21% free, 16MB/21MB, paused 43.680ms total 124.211ms
10-11 21:54:29.523: I/NotifUtils(4541): resendNotifications cancelExisting: true, account: null, folder: null
10-11 21:54:29.541: I/Gmail(4541): getAccountsCursor
10-11 21:54:29.620: I/Icing(2228): Query from com.google.android.gms package restrict com.google.android.gms start 0 num 100
10-11 21:54:29.734: W/ResourcesManager(2055): Asset path '/system/framework/com.google.android.media.effects.jar' does not exist or contains no resources.
10-11 21:54:29.738: I/art(1678): Explicit concurrent mark sweep GC freed 26114(1823KB) AllocSpace objects, 15(396KB) LOS objects, 33% free, 12MB/19MB, paused 4.918ms total 215.167ms
10-11 21:54:29.780: I/Icing(2228): Usage reports 0 indexed 0 rejected 0 imm upload false
10-11 21:54:29.784: I/Icing(2228): Usage reports 0 indexed 0 rejected 0 imm upload false
10-11 21:54:29.891: I/Icing(2228): IndexChimeraService.getServiceInterface callingPackage=com.google.android.gms componentName=AppsCorpus serviceId=36
10-11 21:54:29.893: I/Icing(2228): IndexChimeraService.getServiceInterface callingPackage=com.google.android.gms componentName=AppsCorpus serviceId=32
10-11 21:54:29.906: I/Icing(2228): Indexing 78809412366E3FB9E25492F12C0E3355617CA57E from com.google.android.googlequicksearchbox
10-11 21:54:30.053: D/AndroidRuntime(4618): >>>>>> START com.android.internal.os.RuntimeInit uid 0 <<<<<<
10-11 21:54:30.055: D/AndroidRuntime(4618): CheckJNI is OFF
10-11 21:54:30.056: W/art(2319): Suspending all threads took: 6.954ms
10-11 21:54:30.069: I/Icing(2228): Usage reports 0 indexed 0 rejected 0 imm upload false
10-11 21:54:30.071: I/Icing(2228): Usage reports 0 indexed 0 rejected 0 imm upload false
10-11 21:54:30.075: I/art(2319): Background partial concurrent mark sweep GC freed 120616(5MB) AllocSpace objects, 8(3MB) LOS objects, 40% free, 19MB/31MB, paused 7.340ms total 62.034ms
10-11 21:54:30.082: I/Icing(2228): Indexing done 78809412366E3FB9E25492F12C0E3355617CA57E
10-11 21:54:30.086: E/memtrack(4618): Couldn't load memtrack module (No such file or directory)
10-11 21:54:30.086: E/android.os.Debug(4618): failed to load memtrack module: -2
10-11 21:54:30.098: D/AndroidRuntime(4618): Calling main entry com.android.commands.am.Am
10-11 21:54:30.101: I/ActivityManager(1678): START u0 {flg=0x10000000 cmp=com.google.android.apps.mtaas.backdrop/.BackdropActivity} from uid 0 on display 0
10-11 21:54:30.101: V/WindowManager(1678): addAppToken: AppWindowToken{3a2f2249 token=Token{1a4a3050 ActivityRecord{3fe62613 u0 com.google.android.apps.mtaas.backdrop/.BackdropActivity t4}}} to stack=1 task=4 at 0
10-11 21:54:30.104: D/AndroidRuntime(4618): Shutting down VM
10-11 21:54:30.105: V/WindowManager(1678): Adding window Window{290bb226 u0 Starting com.google.android.apps.mtaas.backdrop} at 2 of 7 (after Window{13ae7390 u0 com.android.launcher3/com.android.launcher3.Launcher})
10-11 21:54:30.117: I/ActivityManager(1678): Start proc 4628:com.google.android.apps.mtaas.backdrop/u0a81 for activity com.google.android.apps.mtaas.backdrop/.BackdropActivity
10-11 21:54:30.124: I/art(1346): Explicit concurrent mark sweep GC freed 703(30KB) AllocSpace objects, 0(0B) LOS objects, 39% free, 3MB/5MB, paused 73us total 6.857ms
10-11 21:54:30.125: I/LocaleChangeIO(2319): Requesting GmsCore restart due to change in locale assets
10-11 21:54:30.127: W/ActivityManager(1678): Unable to start service Intent { act=com.google.android.gms.nearby.discovery:ACTION_LOCALE_CHANGE cmp=com.google.android.gms/.nearby.discovery.service.DiscoveryService } U=0: not found
10-11 21:54:30.131: I/Process(2319): Sending signal. PID: 2319 SIG: 9
10-11 21:54:30.131: I/Process(2228): Sending signal. PID: 2228 SIG: 9
10-11 21:54:30.132: I/Process(3321): Sending signal. PID: 3321 SIG: 9
10-11 21:54:30.167: I/art(1346): Explicit concurrent mark sweep GC freed 5(160B) AllocSpace objects, 0(0B) LOS objects, 39% free, 3MB/5MB, paused 92us total 39.724ms
10-11 21:54:30.169: I/Process(3535): Sending signal. PID: 3535 SIG: 9
10-11 21:54:30.169: E/lowmemorykiller(1333): Error writing /proc/2228/oom_score_adj; errno=22
10-11 21:54:30.169: E/lowmemorykiller(1333): Error writing /proc/2319/oom_score_adj; errno=22
10-11 21:54:30.184: E/JavaBinder(1678): !!! FAILED BINDER TRANSACTION !!!
10-11 21:54:30.184: W/BroadcastQueue(1678): Exception when sending broadcast to ComponentInfo{com.google.android.gms/com.google.android.gms.stats.service.DropBoxEntryAddedReceiver}
10-11 21:54:30.184: W/BroadcastQueue(1678): android.os.TransactionTooLargeException
10-11 21:54:30.184: W/BroadcastQueue(1678): 	at android.os.BinderProxy.transactNative(Native Method)
10-11 21:54:30.184: W/BroadcastQueue(1678): 	at android.os.BinderProxy.transact(Binder.java:496)
10-11 21:54:30.184: W/BroadcastQueue(1678): 	at android.app.ApplicationThreadProxy.scheduleReceiver(ApplicationThreadNative.java:861)
10-11 21:54:30.184: W/BroadcastQueue(1678): 	at com.android.server.am.BroadcastQueue.processCurBroadcastLocked(BroadcastQueue.java:245)
10-11 21:54:30.184: W/BroadcastQueue(1678): 	at com.android.server.am.BroadcastQueue.processNextBroadcast(BroadcastQueue.java:898)
10-11 21:54:30.184: W/BroadcastQueue(1678): 	at com.android.server.am.BroadcastQueue$BroadcastHandler.handleMessage(BroadcastQueue.java:149)
10-11 21:54:30.184: W/BroadcastQueue(1678): 	at android.os.Handler.dispatchMessage(Handler.java:102)
10-11 21:54:30.184: W/BroadcastQueue(1678): 	at android.os.Looper.loop(Looper.java:135)
10-11 21:54:30.184: W/BroadcastQueue(1678): 	at android.os.HandlerThread.run(HandlerThread.java:61)
10-11 21:54:30.184: W/BroadcastQueue(1678): 	at com.android.server.ServiceThread.run(ServiceThread.java:46)
10-11 21:54:30.185: E/Volley(3067): [261] xa.a: Unexpected response code 503 for https://www.googleapis.com/youtubei/v1/notification_registration/set_registration?key=AIzaSyA8eiZmM1FaDVjRy-df2KTyQ_vz_yYM39w
10-11 21:54:30.185: I/GceGrallocRegionRegistry(1336): Mapped gralloc-1336.33 hnd=0xb27f74c0 fd=30 base=0xaf848000 format=RGBA_8888(0x1) width=800 height=1216
10-11 21:54:30.185: I/GceGrallocRegionRegistry(1678): Mapped gralloc-1336.33 hnd=0x9caadb80 fd=179 base=0x9b93c000 format=RGBA_8888(0x1) width=800 height=1216
10-11 21:54:30.191: I/art(1346): Explicit concurrent mark sweep GC freed 5(160B) AllocSpace objects, 0(0B) LOS objects, 39% free, 3MB/5MB, paused 70us total 23.494ms
10-11 21:54:30.198: W/YouTube(3067): (unknown) Could not register for notifications with InnerTube: 
10-11 21:54:30.198: W/YouTube(3067): fay: java.util.concurrent.ExecutionException: wu
10-11 21:54:30.198: W/YouTube(3067): 	at ezo.a(SourceFile:103)
10-11 21:54:30.198: W/YouTube(3067): 	at fpl.run(SourceFile:57)
10-11 21:54:30.198: W/YouTube(3067): 	at java.util.concurrent.ThreadPoolExecutor.runWorker(ThreadPoolExecutor.java:1112)
10-11 21:54:30.198: W/YouTube(3067): 	at java.util.concurrent.ThreadPoolExecutor$Worker.run(ThreadPoolExecutor.java:587)
10-11 21:54:30.198: W/YouTube(3067): 	at ers.run(SourceFile:40)
10-11 21:54:30.198: W/YouTube(3067): 	at java.lang.Thread.run(Thread.java:818)
10-11 21:54:30.198: W/YouTube(3067): Caused by: java.util.concurrent.ExecutionException: wu
10-11 21:54:30.198: W/YouTube(3067): 	at xv.a(SourceFile:117)
10-11 21:54:30.198: W/YouTube(3067): 	at xv.get(SourceFile:88)
10-11 21:54:30.198: W/YouTube(3067): 	at goc.get(SourceFile:69)
10-11 21:54:30.198: W/YouTube(3067): 	at ezo.a(SourceFile:99)
10-11 21:54:30.198: W/YouTube(3067): 	... 5 more
10-11 21:54:30.198: W/YouTube(3067): Caused by: wu
10-11 21:54:30.198: W/YouTube(3067): 	at xa.a(SourceFile:145)
10-11 21:54:30.198: W/YouTube(3067): 	at gnu.a(SourceFile:49)
10-11 21:54:30.198: W/YouTube(3067): 	at wg.run(SourceFile:105)
10-11 21:54:30.183: I/android.display(1678): type=1400 audit(0.0:97): avc: denied { read } for path=2F6465762F6173686D656D2F6772616C6C6F632D313333362E3333202864656C6574656429 dev="tmpfs" ino=22841 scontext=u:r:system_server:s0 tcontext=u:object_r:surfaceflinger_tmpfs:s0 tclass=file permissive=1
10-11 21:54:30.241: W/ResourcesManager(2055): Asset path '/system/framework/com.google.android.media.effects.jar' does not exist or contains no resources.
10-11 21:54:30.264: W/ResourceType(2055): No package identifier when getting value for resource number 0x00000000
10-11 21:54:30.264: W/ResourceType(2055): No package identifier when getting value for resource number 0x00000000
10-11 21:54:30.264: W/PackageManager(2055): Failure retrieving resources for com.google.android.apps.mtaas.testloop: Resource ID #0x0
10-11 21:54:30.264: W/ResourceType(2055): No package identifier when getting value for resource number 0x00000000
10-11 21:54:30.264: W/PackageManager(2055): Failure retrieving resources for com.google.android.apps.mtaas.testloop: Resource ID #0x0
10-11 21:54:30.292: D/ConnectivityService(1678): ConnectivityService NetworkRequestInfo binderDied(NetworkRequest [ id=3, legacyType=-1, [ Capabilities: INTERNET&NOT_RESTRICTED&TRUSTED&NOT_VPN] ], android.os.BinderProxy@39a69e67)
10-11 21:54:30.293: V/BackupManagerService(1678): Disconnected from transport ComponentInfo{com.google.android.gms/com.google.android.gms.backup.BackupTransportService}
10-11 21:54:30.293: V/BackupManagerService(1678): Registering transport com.google.android.gms/.backup.BackupTransportService::null = null
10-11 21:54:30.293: D/GpsStatusListenerHelper(1678): Remote Listener died: android.location.IGpsStatusListener$Stub$Proxy@3adf0414
10-11 21:54:30.293: D/WifiService(1678): Client connection lost with reason: 4
10-11 21:54:30.293: D/WifiService(1678): Client connection lost with reason: 4
10-11 21:54:30.293: D/ConnectivityService(1678): releasing NetworkRequest NetworkRequest [ id=3, legacyType=-1, [ Capabilities: INTERNET&NOT_RESTRICTED&TRUSTED&NOT_VPN] ]
10-11 21:54:30.300: E/ConnectivityService(1678): RemoteException caught trying to send a callback msg for NetworkRequest [ id=3, legacyType=-1, [ Capabilities: INTERNET&NOT_RESTRICTED&TRUSTED&NOT_VPN] ]
10-11 21:54:30.306: W/ActivityManager(1678): Exception when unbinding service com.google.android.gms/.chimera.PersistentBoundBrokerService
10-11 21:54:30.306: W/ActivityManager(1678): android.os.DeadObjectException
10-11 21:54:30.306: W/ActivityManager(1678): 	at android.os.BinderProxy.transactNative(Native Method)
10-11 21:54:30.306: W/ActivityManager(1678): 	at android.os.BinderProxy.transact(Binder.java:496)
10-11 21:54:30.306: W/ActivityManager(1678): 	at android.app.ApplicationThreadProxy.scheduleUnbindService(ApplicationThreadNative.java:921)
10-11 21:54:30.306: W/ActivityManager(1678): 	at com.android.server.am.ActiveServices.removeConnectionLocked(ActiveServices.java:1795)
10-11 21:54:30.306: W/ActivityManager(1678): 	at com.android.server.am.ActiveServices.killServicesLocked(ActiveServices.java:2193)
10-11 21:54:30.306: W/ActivityManager(1678): 	at com.android.server.am.ActivityManagerService.cleanUpApplicationRecordLocked(ActivityManagerService.java:14907)
10-11 21:54:30.306: W/ActivityManager(1678): 	at com.android.server.am.ActivityManagerService.handleAppDiedLocked(ActivityManagerService.java:4557)
10-11 21:54:30.306: W/ActivityManager(1678): 	at com.android.server.am.ActivityManagerService.startProcessLocked(ActivityManagerService.java:2818)
10-11 21:54:30.306: W/ActivityManager(1678): 	at com.android.server.am.ActivityManagerService.startProcessLocked(ActivityManagerService.java:2773)
10-11 21:54:30.306: W/ActivityManager(1678): 	at com.android.server.am.BroadcastQueue.processNextBroadcast(BroadcastQueue.java:928)
10-11 21:54:30.306: W/ActivityManager(1678): 	at com.android.server.am.BroadcastQueue$BroadcastHandler.handleMessage(BroadcastQueue.java:149)
10-11 21:54:30.306: W/ActivityManager(1678): 	at android.os.Handler.dispatchMessage(Handler.java:102)
10-11 21:54:30.306: W/ActivityManager(1678): 	at android.os.Looper.loop(Looper.java:135)
10-11 21:54:30.306: W/ActivityManager(1678): 	at android.os.HandlerThread.run(HandlerThread.java:61)
10-11 21:54:30.306: W/ActivityManager(1678): 	at com.android.server.ServiceThread.run(ServiceThread.java:46)
10-11 21:54:30.306: E/lowmemorykiller(1333): Error opening /proc/2319/oom_score_adj; errno=2
10-11 21:54:30.306: E/lowmemorykiller(1333): Error opening /proc/2319/oom_score_adj; errno=2
10-11 21:54:30.307: W/ActivityManager(1678): Exception when unbinding service com.google.android.gms/.pseudonymous.service.PseudonymousIdService
10-11 21:54:30.307: W/ActivityManager(1678): android.os.DeadObjectException
10-11 21:54:30.307: W/ActivityManager(1678): 	at android.os.BinderProxy.transactNative(Native Method)
10-11 21:54:30.307: W/ActivityManager(1678): 	at android.os.BinderProxy.transact(Binder.java:496)
10-11 21:54:30.307: W/ActivityManager(1678): 	at android.app.ApplicationThreadProxy.scheduleUnbindService(ApplicationThreadNative.java:921)
10-11 21:54:30.307: W/ActivityManager(1678): 	at com.android.server.am.ActiveServices.removeConnectionLocked(ActiveServices.java:1795)
10-11 21:54:30.307: W/ActivityManager(1678): 	at com.android.server.am.ActiveServices.killServicesLocked(ActiveServices.java:2193)
10-11 21:54:30.307: W/ActivityManager(1678): 	at com.android.server.am.ActivityManagerService.cleanUpApplicationRecordLocked(ActivityManagerService.java:14907)
10-11 21:54:30.307: W/ActivityManager(1678): 	at com.android.server.am.ActivityManagerService.handleAppDiedLocked(ActivityManagerService.java:4557)
10-11 21:54:30.307: W/ActivityManager(1678): 	at com.android.server.am.ActivityManagerService.startProcessLocked(ActivityManagerService.java:2818)
10-11 21:54:30.307: W/ActivityManager(1678): 	at com.android.server.am.ActivityManagerService.startProcessLocked(ActivityManagerService.java:2773)
10-11 21:54:30.307: W/ActivityManager(1678): 	at com.android.server.am.BroadcastQueue.processNextBroadcast(BroadcastQueue.java:928)
10-11 21:54:30.307: W/ActivityManager(1678): 	at com.android.server.am.BroadcastQueue$BroadcastHandler.handleMessage(BroadcastQueue.java:149)
10-11 21:54:30.307: W/ActivityManager(1678): 	at android.os.Handler.dispatchMessage(Handler.java:102)
10-11 21:54:30.307: W/ActivityManager(1678): 	at android.os.Looper.loop(Looper.java:135)
10-11 21:54:30.307: W/ActivityManager(1678): 	at android.os.HandlerThread.run(HandlerThread.java:61)
10-11 21:54:30.307: W/ActivityManager(1678): 	at com.android.server.ServiceThread.run(ServiceThread.java:46)
10-11 21:54:30.307: E/lowmemorykiller(1333): Error opening /proc/2319/oom_score_adj; errno=2
10-11 21:54:30.307: W/ActivityManager(1678): Scheduling restart of crashed service com.google.android.gms/.icing.service.IndexService in 1000ms
10-11 21:54:30.307: W/ActivityManager(1678): Scheduling restart of crashed service com.google.android.gms/.chimera.GmsIntentOperationService in 11000ms
10-11 21:54:30.307: W/ActivityManager(1678): Scheduling restart of crashed service com.google.android.gms/.icing.service.IndexWorkerService in 11000ms
10-11 21:54:30.325: I/ActivityManager(1678): Start proc 4647:com.google.android.gms/u0a9 for broadcast com.google.android.gms/.stats.service.DropBoxEntryAddedReceiver
10-11 21:54:30.330: I/ActivityManager(1678): Process com.google.android.gms:car (pid 3535) has died
10-11 21:54:30.331: W/ActivityManager(1678): Spurious death for ProcessRecord{134b6352 4647:com.google.android.gms/u0a9}, curProc for 2228: null
10-11 21:54:30.331: I/ActivityManager(1678): Process com.google.android.gms.persistent (pid 2319) has died
10-11 21:54:30.331: W/ActivityManager(1678): Scheduling restart of crashed service com.google.android.gms/.gcm.GcmService in 10976ms
10-11 21:54:30.331: W/ActivityManager(1678): Scheduling restart of crashed service com.google.android.gms/com.google.android.location.fused.FusedLocationService in 20976ms
10-11 21:54:30.331: W/ActivityManager(1678): Scheduling restart of crashed service com.google.android.gms/.common.stats.GmsCoreStatsService in 30975ms
10-11 21:54:30.331: W/ActivityManager(1678): Scheduling restart of crashed service com.google.android.gms/com.google.android.location.network.NetworkLocationService in 40975ms
10-11 21:54:30.331: W/ActivityManager(1678): Scheduling restart of crashed service com.google.android.gms/.auth.account.service.WorkAccountService in 50975ms
10-11 21:54:30.331: W/ActivityManager(1678): Scheduling restart of crashed service com.google.android.gms/.auth.setup.devicesignals.LockScreenService in 50975ms
10-11 21:54:30.331: W/ActivityManager(1678): Scheduling restart of crashed service com.google.android.gms/com.google.android.location.internal.GoogleLocationManagerService in 60975ms
10-11 21:54:30.331: W/ActivityManager(1678): Scheduling restart of crashed service com.google.android.gms/com.google.android.location.geofencer.service.GeofenceProviderService in 70975ms
10-11 21:54:30.331: W/ActivityManager(1678): Scheduling restart of crashed service com.google.android.gms/.chimera.PersistentIntentOperationService in 80975ms
10-11 21:54:30.331: W/ActivityManager(1678): Scheduling restart of crashed service com.google.android.gms/com.google.android.location.internal.server.GoogleLocationService in 90975ms
10-11 21:54:30.331: W/ActivityManager(1678): Scheduling restart of crashed service com.google.android.gms/.deviceconnection.service.DeviceConnectionWatcherService in 100975ms
10-11 21:54:30.331: W/ActivityManager(1678): Scheduling restart of crashed service com.google.android.gms/com.google.android.location.geocode.GeocodeService in 110975ms
10-11 21:54:30.331: W/ActivityManager(1678): Scheduling restart of crashed service com.google.android.gms/com.google.android.contextmanager.service.ContextManagerService in 120975ms
10-11 21:54:30.331: W/ActivityManager(1678): Scheduling restart of crashed service com.google.android.gms/.backup.BackupTransportService in 130975ms
10-11 21:54:30.332: I/ActivityManager(1678): Process com.google.android.gms.unstable (pid 3321) has died
10-11 21:54:30.337: W/ResourcesManager(4647): Asset path '/system/framework/com.android.media.remotedisplay.jar' does not exist or contains no resources.
10-11 21:54:30.337: W/ResourcesManager(4647): Asset path '/system/framework/com.android.location.provider.jar' does not exist or contains no resources.
10-11 21:54:30.350: I/GceGrallocRegionRegistry(2055): Unmapped gralloc-1336.30 hnd=0xa12ed800 fd=47 base=0x9b2db000
10-11 21:54:30.350: I/GceGrallocRegionRegistry(2055): Unmapped gralloc-1336.31 hnd=0xa12ed940 fd=44 base=0x9aef1000
10-11 21:54:30.350: I/GceGrallocRegionRegistry(2055): Unmapped gralloc-1336.32 hnd=0xa13faa40 fd=49 base=0x9a1b3000
10-11 21:54:30.351: I/GceGrallocRegionRegistry(1336): Unmapped gralloc-1336.31 hnd=0xb6039400 fd=23 base=0xb1816000
10-11 21:54:30.352: I/GceGrallocRegionRegistry(1336): Unmapped gralloc-1336.32 hnd=0xb6039480 fd=24 base=0xb1016000
10-11 21:54:30.421: I/LoadedApk(4647): No resource references to update in package FFFFFFFFFFFFFFFFFFFFFF
10-11 21:54:30.425: I/BackdropActivity(4628): android_id: 4315121551056739765
10-11 21:54:30.427: D/OpenGLRenderer(4628): Use EGL_SWAP_BEHAVIOR_PRESERVED: true
10-11 21:54:30.427: I/GceGrallocRegionRegistry(4628): Mapped gralloc-1336.6 hnd=0xb425c940 fd=25 base=0xa1ce2000 format=RGBA_8888(0x1) width=768 height=768
10-11 21:54:30.429: D/Atlas(4628): Validating map...
10-11 21:54:30.429: W/Atlas(4628): Pointer 0x0, not in getPreloadedDrawables?
10-11 21:54:30.429: W/Atlas(4628): Pointer 0x0, not in getPreloadedDrawables?
10-11 21:54:30.429: W/Atlas(4628): Pointer 0x0, not in getPreloadedDrawables?
10-11 21:54:30.429: W/Atlas(4628): Pointer 0x0, not in getPreloadedDrawables?
10-11 21:54:30.429: W/Atlas(4628): Pointer 0x0, not in getPreloadedDrawables?
10-11 21:54:30.429: W/Atlas(4628): Pointer 0x0, not in getPreloadedDrawables?
10-11 21:54:30.429: W/Atlas(4628): Pointer 0x0, not in getPreloadedDrawables?
10-11 21:54:30.429: W/Atlas(4628): Pointer 0x0, not in getPreloadedDrawables?
10-11 21:54:30.429: W/Atlas(4628): Pointer 0x0, not in getPreloadedDrawables?
10-11 21:54:30.429: W/Atlas(4628): Pointer 0x0, not in getPreloadedDrawables?
10-11 21:54:30.429: W/Atlas(4628): Pointer 0x0, not in getPreloadedDrawables?
10-11 21:54:30.429: W/Atlas(4628): Pointer 0x0, not in getPreloadedDrawables?
10-11 21:54:30.429: W/Atlas(4628): Pointer 0x0, not in getPreloadedDrawables?
10-11 21:54:30.429: W/Atlas(4628): Pointer 0x0, not in getPreloadedDrawables?
10-11 21:54:30.429: W/Atlas(4628): Pointer 0x0, not in getPreloadedDrawables?
10-11 21:54:30.429: W/Atlas(4628): Pointer 0x0, not in getPreloadedDrawables?
10-11 21:54:30.429: W/Atlas(4628): Pointer 0x0, not in getPreloadedDrawables?
10-11 21:54:30.429: W/Atlas(4628): Pointer 0x0, not in getPreloadedDrawables?
10-11 21:54:30.429: W/Atlas(4628): Pointer 0x0, not in getPreloadedDrawables?
10-11 21:54:30.429: W/Atlas(4628): Pointer 0x0, not in getPreloadedDrawables?
10-11 21:54:30.429: W/Atlas(4628): Pointer 0x0, not in getPreloadedDrawables?
10-11 21:54:30.429: W/Atlas(4628): Pointer 0x0, not in getPreloadedDrawables?
10-11 21:54:30.429: W/Atlas(4628): Pointer 0x0, not in getPreloadedDrawables?
10-11 21:54:30.429: W/Atlas(4628): Pointer 0x0, not in getPreloadedDrawables?
10-11 21:54:30.429: W/Atlas(4628): Pointer 0x0, not in getPreloadedDrawables?
10-11 21:54:30.429: W/Atlas(4628): Pointer 0x0, not in getPreloadedDrawables?
10-11 21:54:30.429: W/Atlas(4628): Pointer 0x0, not in getPreloadedDrawables?
10-11 21:54:30.429: W/Atlas(4628): Pointer 0x0, not in getPreloadedDrawables?
10-11 21:54:30.429: W/Atlas(4628): Pointer 0x0, not in getPreloadedDrawables?
10-11 21:54:30.429: W/Atlas(4628): Pointer 0x0, not in getPreloadedDrawables?
10-11 21:54:30.429: W/Atlas(4628): Pointer 0x0, not in getPreloadedDrawables?
10-11 21:54:30.429: W/Atlas(4628): Pointer 0x0, not in getPreloadedDrawables?
10-11 21:54:30.429: W/Atlas(4628): Pointer 0x0, not in getPreloadedDrawables?
10-11 21:54:30.429: W/Atlas(4628): Pointer 0x0, not in getPreloadedDrawables?
10-11 21:54:30.429: W/Atlas(4628): Pointer 0x0, not in getPreloadedDrawables?
10-11 21:54:30.430: W/Atlas(4628): Pointer 0x0, not in getPreloadedDrawables?
10-11 21:54:30.430: W/Atlas(4628): Pointer 0x0, not in getPreloadedDrawables?
10-11 21:54:30.430: W/Atlas(4628): Pointer 0x0, not in getPreloadedDrawables?
10-11 21:54:30.430: W/Atlas(4628): Pointer 0x0, not in getPreloadedDrawables?
10-11 21:54:30.430: W/Atlas(4628): Pointer 0x0, not in getPreloadedDrawables?
10-11 21:54:30.430: W/Atlas(4628): Pointer 0x0, not in getPreloadedDrawables?
10-11 21:54:30.430: W/Atlas(4628): Pointer 0x0, not in getPreloadedDrawables?
10-11 21:54:30.430: W/Atlas(4628): Pointer 0x0, not in getPreloadedDrawables?
10-11 21:54:30.430: W/Atlas(4628): Pointer 0x0, not in getPreloadedDrawables?
10-11 21:54:30.430: W/Atlas(4628): Pointer 0x0, not in getPreloadedDrawables?
10-11 21:54:30.430: W/Atlas(4628): Pointer 0x0, not in getPreloadedDrawables?
10-11 21:54:30.430: W/Atlas(4628): Pointer 0x0, not in getPreloadedDrawables?
10-11 21:54:30.430: W/Atlas(4628): Pointer 0x0, not in getPreloadedDrawables?
10-11 21:54:30.430: W/Atlas(4628): Pointer 0x0, not in getPreloadedDrawables?
10-11 21:54:30.430: W/Atlas(4628): Pointer 0x0, not in getPreloadedDrawables?
10-11 21:54:30.430: W/Atlas(4628): Pointer 0x0, not in getPreloadedDrawables?
10-11 21:54:30.430: W/Atlas(4628): Pointer 0x0, not in getPreloadedDrawables?
10-11 21:54:30.430: W/Atlas(4628): Pointer 0x0, not in getPreloadedDrawables?
10-11 21:54:30.430: W/Atlas(4628): Pointer 0x0, not in getPreloadedDrawables?
10-11 21:54:30.430: W/Atlas(4628): Pointer 0x0, not in getPreloadedDrawables?
10-11 21:54:30.430: W/Atlas(4628): Pointer 0x0, not in getPreloadedDrawables?
10-11 21:54:30.430: W/Atlas(4628): Pointer 0x0, not in getPreloadedDrawables?
10-11 21:54:30.430: W/Atlas(4628): Pointer 0x0, not in getPreloadedDrawables?
10-11 21:54:30.430: W/Atlas(4628): Pointer 0x0, not in getPreloadedDrawables?
10-11 21:54:30.430: W/Atlas(4628): Pointer 0x0, not in getPreloadedDrawables?
10-11 21:54:30.430: W/Atlas(4628): Pointer 0x0, not in getPreloadedDrawables?
10-11 21:54:30.430: W/Atlas(4628): Pointer 0x0, not in getPreloadedDrawables?
10-11 21:54:30.430: W/Atlas(4628): Pointer 0x0, not in getPreloadedDrawables?
10-11 21:54:30.430: W/Atlas(4628): Pointer 0x0, not in getPreloadedDrawables?
10-11 21:54:30.430: W/Atlas(4628): Pointer 0x0, not in getPreloadedDrawables?
10-11 21:54:30.430: W/Atlas(4628): Pointer 0x0, not in getPreloadedDrawables?
10-11 21:54:30.430: W/Atlas(4628): Pointer 0x0, not in getPreloadedDrawables?
10-11 21:54:30.430: W/Atlas(4628): Pointer 0x0, not in getPreloadedDrawables?
10-11 21:54:30.430: W/Atlas(4628): Pointer 0x0, not in getPreloadedDrawables?
10-11 21:54:30.430: W/Atlas(4628): Pointer 0x0, not in getPreloadedDrawables?
10-11 21:54:30.430: W/Atlas(4628): Pointer 0x0, not in getPreloadedDrawables?
10-11 21:54:30.430: W/Atlas(4628): Pointer 0x0, not in getPreloadedDrawables?
10-11 21:54:30.430: W/Atlas(4628): Pointer 0x0, not in getPreloadedDrawables?
10-11 21:54:30.430: W/Atlas(4628): Pointer 0x0, not in getPreloadedDrawables?
10-11 21:54:30.430: W/Atlas(4628): Pointer 0x0, not in getPreloadedDrawables?
10-11 21:54:30.430: W/Atlas(4628): Pointer 0x0, not in getPreloadedDrawables?
10-11 21:54:30.430: W/Atlas(4628): Pointer 0x0, not in getPreloadedDrawables?
10-11 21:54:30.430: W/Atlas(4628): Pointer 0x0, not in getPreloadedDrawables?
10-11 21:54:30.430: W/Atlas(4628): Pointer 0x0, not in getPreloadedDrawables?
10-11 21:54:30.430: W/Atlas(4628): Pointer 0x0, not in getPreloadedDrawables?
10-11 21:54:30.430: W/Atlas(4628): Pointer 0x0, not in getPreloadedDrawables?
10-11 21:54:30.430: W/Atlas(4628): Pointer 0x0, not in getPreloadedDrawables?
10-11 21:54:30.430: W/Atlas(4628): Pointer 0x0, not in getPreloadedDrawables?
10-11 21:54:30.430: W/Atlas(4628): Pointer 0x0, not in getPreloadedDrawables?
10-11 21:54:30.430: W/Atlas(4628): Pointer 0x0, not in getPreloadedDrawables?
10-11 21:54:30.430: W/Atlas(4628): Pointer 0x0, not in getPreloadedDrawables?
10-11 21:54:30.430: W/Atlas(4628): Pointer 0x0, not in getPreloadedDrawables?
10-11 21:54:30.430: W/Atlas(4628): Pointer 0x0, not in getPreloadedDrawables?
10-11 21:54:30.430: W/Atlas(4628): Pointer 0x0, not in getPreloadedDrawables?
10-11 21:54:30.430: W/Atlas(4628): Pointer 0x0, not in getPreloadedDrawables?
10-11 21:54:30.430: W/Atlas(4628): Pointer 0x0, not in getPreloadedDrawables?
10-11 21:54:30.430: W/Atlas(4628): Pointer 0x0, not in getPreloadedDrawables?
10-11 21:54:30.430: W/Atlas(4628): Pointer 0x0, not in getPreloadedDrawables?
10-11 21:54:30.430: W/Atlas(4628): Pointer 0x0, not in getPreloadedDrawables?
10-11 21:54:30.430: W/Atlas(4628): Pointer 0x0, not in getPreloadedDrawables?
10-11 21:54:30.430: W/Atlas(4628): Pointer 0x0, not in getPreloadedDrawables?
10-11 21:54:30.430: W/Atlas(4628): Pointer 0x0, not in getPreloadedDrawables?
10-11 21:54:30.430: W/Atlas(4628): Pointer 0x0, not in getPreloadedDrawables?
10-11 21:54:30.430: W/Atlas(4628): Pointer 0x0, not in getPreloadedDrawables?
10-11 21:54:30.430: W/Atlas(4628): Pointer 0x0, not in getPreloadedDrawables?
10-11 21:54:30.430: W/Atlas(4628): Pointer 0x0, not in getPreloadedDrawables?
10-11 21:54:30.430: W/Atlas(4628): Pointer 0x0, not in getPreloadedDrawables?
10-11 21:54:30.430: W/Atlas(4628): Pointer 0x0, not in getPreloadedDrawables?
10-11 21:54:30.430: W/Atlas(4628): Pointer 0x0, not in getPreloadedDrawables?
10-11 21:54:30.430: W/Atlas(4628): Pointer 0x0, not in getPreloadedDrawables?
10-11 21:54:30.430: W/Atlas(4628): Pointer 0x0, not in getPreloadedDrawables?
10-11 21:54:30.430: W/Atlas(4628): Pointer 0x0, not in getPreloadedDrawables?
10-11 21:54:30.430: W/Atlas(4628): Pointer 0x0, not in getPreloadedDrawables?
10-11 21:54:30.430: W/Atlas(4628): Pointer 0x0, not in getPreloadedDrawables?
10-11 21:54:30.430: W/Atlas(4628): Pointer 0x0, not in getPreloadedDrawables?
10-11 21:54:30.430: W/Atlas(4628): Pointer 0x0, not in getPreloadedDrawables?
10-11 21:54:30.430: W/Atlas(4628): Pointer 0x0, not in getPreloadedDrawables?
10-11 21:54:30.430: W/Atlas(4628): Pointer 0x0, not in getPreloadedDrawables?
10-11 21:54:30.430: W/Atlas(4628): Pointer 0x0, not in getPreloadedDrawables?
10-11 21:54:30.430: W/Atlas(4628): Pointer 0x0, not in getPreloadedDrawables?
10-11 21:54:30.430: W/Atlas(4628): Pointer 0x0, not in getPreloadedDrawables?
10-11 21:54:30.430: W/Atlas(4628): Pointer 0x0, not in getPreloadedDrawables?
10-11 21:54:30.430: W/Atlas(4628): Pointer 0x0, not in getPreloadedDrawables?
10-11 21:54:30.430: W/Atlas(4628): Pointer 0x0, not in getPreloadedDrawables?
10-11 21:54:30.430: W/Atlas(4628): Pointer 0x0, not in getPreloadedDrawables?
10-11 21:54:30.430: W/Atlas(4628): Pointer 0x0, not in getPreloadedDrawables?
10-11 21:54:30.430: W/Atlas(4628): Pointer 0x0, not in getPreloadedDrawables?
10-11 21:54:30.430: W/Atlas(4628): Pointer 0x0, not in getPreloadedDrawables?
10-11 21:54:30.430: W/Atlas(4628): Pointer 0x0, not in getPreloadedDrawables?
10-11 21:54:30.430: W/Atlas(4628): Pointer 0x0, not in getPreloadedDrawables?
10-11 21:54:30.430: W/Atlas(4628): Pointer 0x0, not in getPreloadedDrawables?
10-11 21:54:30.430: W/Atlas(4628): Pointer 0x0, not in getPreloadedDrawables?
10-11 21:54:30.434: V/WindowManager(1678): Adding window Window{25730e75 u0 com.google.android.apps.mtaas.backdrop/com.google.android.apps.mtaas.backdrop.BackdropActivity} at 2 of 8 (before Window{290bb226 u0 Starting com.google.android.apps.mtaas.backdrop})
10-11 21:54:30.448: W/linker(4647): libconscrypt_gmscore_jni.so: unused DT entry: type 0x1d arg 0x91
10-11 21:54:30.448: V/NativeCrypto(4647): Registering com/google/android/gms/org/conscrypt/NativeCrypto's 259 native methods...
10-11 21:54:30.460: I/art(4647): Rejecting re-init on previously-failed class java.lang.Class<com.google.android.gms.org.conscrypt.OpenSSLExtendedSessionImpl>
10-11 21:54:30.460: I/art(4647): Rejecting re-init on previously-failed class java.lang.Class<com.google.android.gms.org.conscrypt.OpenSSLExtendedSessionImpl>
10-11 21:54:30.460: I/art(4647): Rejecting re-init on previously-failed class java.lang.Class<com.google.android.gms.org.conscrypt.OpenSSLExtendedSessionImpl>
10-11 21:54:30.482: I/OpenGLRenderer(4628): Initialized EGL, version 1.4
10-11 21:54:30.485: D/OpenGLRenderer(4628): Enabling debug mode 0
10-11 21:54:30.485: I/GceGrallocRegionRegistry(1336): Mapped gralloc-1336.34 hnd=0xb6039400 fd=23 base=0xb1848000 format=RGBA_8888(0x1) width=800 height=1216
10-11 21:54:30.485: I/GceGrallocRegionRegistry(1336): Mapped gralloc-1336.35 hnd=0xb6039640 fd=36 base=0xb1048000 format=RGBA_8888(0x1) width=800 height=1216
10-11 21:54:30.485: I/GceGrallocRegionRegistry(1336): Mapped gralloc-1336.36 hnd=0xb6039680 fd=37 base=0xaf490000 format=RGBA_8888(0x1) width=800 height=1216
10-11 21:54:30.531: I/ProviderInstaller(4647): Installed default security provider GmsCore_OpenSSL
10-11 21:54:30.599: I/GceGrallocRegionRegistry(1336): Mapped gralloc-1336.37 hnd=0xb60396c0 fd=38 base=0xb4004000 format=RGBA_8888(0x1) width=800 height=33
10-11 21:54:30.600: I/GceGrallocRegionRegistry(1778): Mapped gralloc-1336.37 hnd=0x9d682840 fd=65 base=0xa0401000 format=RGBA_8888(0x1) width=800 height=33
10-11 21:54:30.621: I/ActivityManager(1678): Start proc 4671:com.google.android.gms.persistent/u0a9 for content provider com.google.android.gms/.phenotype.provider.ConfigurationProvider
10-11 21:54:30.631: I/Remoter(1328): Saved screenshot to '/data/screenshots/__pmv__-0076.jpg'
10-11 21:54:30.640: W/ResourcesManager(4671): Asset path '/system/framework/com.android.media.remotedisplay.jar' does not exist or contains no resources.
10-11 21:54:30.640: W/ResourcesManager(4671): Asset path '/system/framework/com.android.location.provider.jar' does not exist or contains no resources.
10-11 21:54:30.664: I/LoadedApk(4671): No resource references to update in package FFFFFFFFFFFFFFFFFFFFFF
10-11 21:54:30.698: W/linker(4671): libconscrypt_gmscore_jni.so: unused DT entry: type 0x1d arg 0x91
10-11 21:54:30.698: V/NativeCrypto(4671): Registering com/google/android/gms/org/conscrypt/NativeCrypto's 259 native methods...
10-11 21:54:30.707: I/art(4671): Rejecting re-init on previously-failed class java.lang.Class<com.google.android.gms.org.conscrypt.OpenSSLExtendedSessionImpl>
10-11 21:54:30.707: I/art(4671): Rejecting re-init on previously-failed class java.lang.Class<com.google.android.gms.org.conscrypt.OpenSSLExtendedSessionImpl>
10-11 21:54:30.707: I/art(4671): Rejecting re-init on previously-failed class java.lang.Class<com.google.android.gms.org.conscrypt.OpenSSLExtendedSessionImpl>
10-11 21:54:30.726: I/ProviderInstaller(4671): Installed default security provider GmsCore_OpenSSL
10-11 21:54:30.727: I/art(2121): Explicit concurrent mark sweep GC freed 3388(150KB) AllocSpace objects, 0(0B) LOS objects, 40% free, 4MB/6MB, paused 5.348ms total 12.713ms
10-11 21:54:30.741: I/DynamiteModule(4671): Considering local module com.google.android.gms.googlecertificates:4 and remote module com.google.android.gms.googlecertificates:4
10-11 21:54:30.741: I/DynamiteModule(4671): Selected local version of com.google.android.gms.googlecertificates
10-11 21:54:30.906: W/art(4647): Suspending all threads took: 44.148ms
10-11 21:54:30.911: I/art(4647): Background sticky concurrent mark sweep GC freed 6413(364KB) AllocSpace objects, 0(0B) LOS objects, 0% free, 7MB/7MB, paused 45.654ms total 56.009ms
10-11 21:54:30.911: W/ChimeraUtils(4647): Non Chimera context
10-11 21:54:30.939: I/NetworkScheduler(4671): Using standalone scheduling engine
10-11 21:54:30.986: W/art(4647): Suspending all threads took: 15.018ms
10-11 21:54:30.989: I/art(4647): Background partial concurrent mark sweep GC freed 6147(342KB) AllocSpace objects, 1(147KB) LOS objects, 40% free, 8MB/14MB, paused 16.797ms total 76.483ms
10-11 21:54:31.002: I/GceGrallocRegionRegistry(1336): Unmapped gralloc-1336.30 hnd=0xb6039300 fd=18 base=0xb2016000
10-11 21:54:31.054: D/WifiService(1678): New client listening to asynchronous messages
10-11 21:54:31.154: I/art(4647): Rejecting re-init on previously-failed class java.lang.Class<mgn>
10-11 21:54:31.154: I/art(4647): Rejecting re-init on previously-failed class java.lang.Class<mgn>
10-11 21:54:31.179: I/Icing(4647): Storage manager: low false usage 1.73MB avail 3.00GB capacity 3.89GB
10-11 21:54:31.189: I/art(2121): Explicit concurrent mark sweep GC freed 3703(162KB) AllocSpace objects, 0(0B) LOS objects, 40% free, 4MB/6MB, paused 759us total 12.733ms
10-11 21:54:31.196: I/art(4671): Background sticky concurrent mark sweep GC freed 31058(2MB) AllocSpace objects, 6(96KB) LOS objects, 24% free, 8MB/10MB, paused 9.805ms total 49.383ms
10-11 21:54:31.260: I/GCoreNlp(4671): shouldConfirmNlp, NLP off. Ensuring opt-in disabled
10-11 21:54:31.284: W/Icing(4647): city name for address is empty or is not existed. 
10-11 21:54:31.284: W/Icing(4647): street name for address is empty or is not existed. 
10-11 21:54:31.284: W/Icing(4647): transportation_script_path is empty
10-11 21:54:31.289: I/art(4671): Rejecting re-init on previously-failed class java.lang.Class<mgn>
