10-11 21:54:17.756: I/Remoter(1328): Saved screenshot to '/data/screenshots/__pmv__-0064.jpg'
10-11 21:54:18.782: I/Remoter(1328): Saved screenshot to '/data/screenshots/__pmv__-0065.jpg'
10-11 21:54:19.093: I/scp(4080): type=1400 audit(0.0:83): avc: denied { write } for name="tmp" dev="loop6" ino=65538 scontext=u:r:init_shell:s0 tcontext=u:object_r:shell_data_file:s0 tclass=dir permissive=1
10-11 21:54:19.093: I/scp(4080): type=1400 audit(0.0:84): avc: denied { add_name } for name="com.google.android.apps.mtaas.tools.apk" scontext=u:r:init_shell:s0 tcontext=u:object_r:shell_data_file:s0 tclass=dir permissive=1
10-11 21:54:19.093: I/scp(4080): type=1400 audit(0.0:85): avc: denied { create } for name="com.google.android.apps.mtaas.tools.apk" scontext=u:r:init_shell:s0 tcontext=u:object_r:shell_data_file:s0 tclass=file permissive=1
10-11 21:54:19.093: I/scp(4080): type=1400 audit(0.0:86): avc: denied { write open } for path="/data/local/tmp/com.google.android.apps.mtaas.tools.apk" dev="loop6" ino=65555 scontext=u:r:init_shell:s0 tcontext=u:object_r:shell_data_file:s0 tclass=file permissive=1
10-11 21:54:19.093: I/scp(4080): type=1400 audit(0.0:87): avc: denied { getattr } for path="/data/local/tmp/com.google.android.apps.mtaas.tools.apk" dev="loop6" ino=65555 scontext=u:r:init_shell:s0 tcontext=u:object_r:shell_data_file:s0 tclass=file permissive=1
10-11 21:54:19.544: D/AndroidRuntime(4093): >>>>>> START com.android.internal.os.RuntimeInit uid 0 <<<<<<
10-11 21:54:19.544: D/AndroidRuntime(4093): CheckJNI is OFF
10-11 21:54:19.565: E/memtrack(4093): Couldn't load memtrack module (No such file or directory)
10-11 21:54:19.565: E/android.os.Debug(4093): failed to load memtrack module: -2
10-11 21:54:19.573: D/AndroidRuntime(4093): Calling main entry com.android.commands.pm.Pm
10-11 21:54:19.595: I/ActivityManager(1678): Start proc 4103:com.android.defcontainer/u0a5 for service com.android.defcontainer/.DefaultContainerService
10-11 21:54:19.610: D/DefContainer(4103): Copying /data/local/tmp/com.google.android.apps.mtaas.tools.apk to base.apk
10-11 21:54:19.631: D/PackageManager(1678): Renaming /data/app/vmdl1703180511.tmp to /data/app/com.google.android.apps.mtaas.tools-1
10-11 21:54:19.634: I/PackageManager(1678): Running dexopt on: /data/app/com.google.android.apps.mtaas.tools-1/base.apk pkg=com.google.android.apps.mtaas.tools isa=x86 vmSafeMode=false
10-11 21:54:19.642: E/cutils-trace(4120): Error opening trace file: Permission denied (13)
10-11 21:54:19.642: I/dex2oat(4120): /system/bin/dex2oat --zip-fd=6 --zip-location=/data/app/com.google.android.apps.mtaas.tools-1/base.apk --oat-fd=7 --oat-location=/data/dalvik-cache/x86/data@app@com.google.android.apps.mtaas.tools-1@base.apk@classes.dex --instruction-set=x86 --instruction-set-features=default --runtime-arg -Xms64m --runtime-arg -Xmx512m --swap-fd=8
10-11 21:54:19.675: I/dex2oat(4120): Decided to run without swap.
10-11 21:54:19.813: I/Remoter(1328): Saved screenshot to '/data/screenshots/__pmv__-0066.jpg'
10-11 21:54:20.042: I/dex2oat(4120): dex2oat took 400.088ms (threads: 2) arena alloc=32KB java alloc=2022KB native alloc=4MB free=7MB
10-11 21:54:20.048: W/PackageManager(1678): Not granting permission android.permission.SET_ANIMATION_SCALE to package com.google.android.apps.mtaas.tools (protectionLevel=50 flags=0x8be44)
10-11 21:54:20.048: W/PackageManager(1678): Not granting permission android.permission.CHANGE_CONFIGURATION to package com.google.android.apps.mtaas.tools (protectionLevel=50 flags=0x8be44)
10-11 21:54:20.052: V/BackupManagerService(1678): restoreAtInstall pkg=com.google.android.apps.mtaas.tools token=1 restoreSet=0
10-11 21:54:20.052: V/BackupManagerService(1678): Finishing install immediately
10-11 21:54:20.052: W/Settings(1678): Setting install_non_market_apps has moved from android.provider.Settings.Global to android.provider.Settings.Secure, returning read-only value.
10-11 21:54:20.061: I/InputReader(1678): Reconfiguring input devices.  changes=0x00000010
10-11 21:54:20.074: W/InputMethodInfo(1678): Duplicated subtype definition found: , voice
10-11 21:54:20.077: D/BackupManagerService(1678): Received broadcast Intent { act=android.intent.action.PACKAGE_ADDED dat=package:com.google.android.apps.mtaas.tools flg=0x4000010 (has extras) }
10-11 21:54:20.080: I/UpdateIcingCorporaServi(2160): Updating corpora: APPS=com.google.android.apps.mtaas.tools, CONTACTS=MAYBE
10-11 21:54:20.095: D/Launcher.Workspace(2055): 11683562 - removeExtraEmptyScreen()
10-11 21:54:20.095: D/Launcher.Workspace(2055): 11683562 - convertFinalScreenToEmptyScreenIfNecessary()
10-11 21:54:20.110: W/ConfigurationChimeraProvider(2319): Got null configs for com.google.android.gms.appinvite
10-11 21:54:20.113: I/Icing(2228): IndexChimeraService.getServiceInterface callingPackage=com.google.android.googlequicksearchbox componentName=null serviceId=21
10-11 21:54:20.113: W/ResourcesManager(2055): Asset path '/system/framework/com.google.android.maps.jar' does not exist or contains no resources.
10-11 21:54:20.117: I/FontsPackageChangeOp(2228): Package com.google.android.apps.mtaas.tools has no metadata
10-11 21:54:20.118: I/art(1678): Explicit concurrent mark sweep GC freed 38844(2MB) AllocSpace objects, 10(200KB) LOS objects, 33% free, 12MB/19MB, paused 708us total 47.269ms
10-11 21:54:20.120: I/art(4093): System.exit called, status: 0
10-11 21:54:20.120: I/AndroidRuntime(4093): VM exiting with result code 0.
10-11 21:54:20.126: I/Icing(2228): IndexChimeraService.getServiceInterface callingPackage=com.google.android.gms componentName=AppsCorpus serviceId=32
10-11 21:54:20.126: I/Icing(2228): IndexChimeraService.getServiceInterface callingPackage=com.google.android.gms componentName=AppsCorpus serviceId=36
10-11 21:54:20.129: D/Wear_Controller(2228): Received broadcast action=android.intent.action.PACKAGE_ADDED and uri=com.google.android.apps.mtaas.tools
10-11 21:54:20.129: I/Icing(2228): Usage reports 0 indexed 0 rejected 0 imm upload true
10-11 21:54:20.130: I/ApplicationLogger(2160): canRun() : Opted Out
10-11 21:54:20.130: I/UpdateIcingCorporaServi(2160): UpdateCorporaTask done [took 51 ms] updated apps [took 51 ms] 
10-11 21:54:20.132: I/Icing(2228): Usage reports 0 indexed 0 rejected 0 imm upload false
10-11 21:54:20.136: I/Icing(2228): Usage reports 0 indexed 0 rejected 0 imm upload false
10-11 21:54:20.698: D/AndroidRuntime(4169): >>>>>> START com.android.internal.os.RuntimeInit uid 0 <<<<<<
10-11 21:54:20.699: D/AndroidRuntime(4169): CheckJNI is OFF
10-11 21:54:20.714: E/memtrack(4169): Couldn't load memtrack module (No such file or directory)
10-11 21:54:20.714: E/android.os.Debug(4169): failed to load memtrack module: -2
10-11 21:54:20.722: D/AndroidRuntime(4169): Calling main entry com.android.commands.pm.Pm
10-11 21:54:20.725: D/DefContainer(4103): Copying /data/local/tmp/com.google.android.apps.mtaas.loginutil.apk to base.apk
10-11 21:54:20.727: I/PackageParser(1678): com.google.android.apps.mtaas.loginutil: compat added android.permission.WRITE_EXTERNAL_STORAGE android.permission.READ_PHONE_STATE
10-11 21:54:20.741: D/PackageManager(1678): Renaming /data/app/vmdl1873114269.tmp to /data/app/com.google.android.apps.mtaas.loginutil-1
10-11 21:54:20.744: I/PackageManager(1678): Running dexopt on: /data/app/com.google.android.apps.mtaas.loginutil-1/base.apk pkg=com.google.android.apps.mtaas.loginutil isa=x86 vmSafeMode=false
10-11 21:54:20.751: E/cutils-trace(4179): Error opening trace file: Permission denied (13)
10-11 21:54:20.751: I/dex2oat(4179): /system/bin/dex2oat --zip-fd=6 --zip-location=/data/app/com.google.android.apps.mtaas.loginutil-1/base.apk --oat-fd=7 --oat-location=/data/dalvik-cache/x86/data@app@com.google.android.apps.mtaas.loginutil-1@base.apk@classes.dex --instruction-set=x86 --instruction-set-features=default --runtime-arg -Xms64m --runtime-arg -Xmx512m --swap-fd=8
10-11 21:54:20.779: I/dex2oat(4179): Decided to run without swap.
10-11 21:54:20.843: I/Remoter(1328): Saved screenshot to '/data/screenshots/__pmv__-0067.jpg'
10-11 21:54:20.989: I/hwcomposer(1336): Sent 3637 syncs in 60s
10-11 21:54:21.131: I/Icing(2228): Indexing 78809412366E3FB9E25492F12C0E3355617CA57E from com.google.android.googlequicksearchbox
10-11 21:54:21.200: I/Icing(2228): Indexing done 78809412366E3FB9E25492F12C0E3355617CA57E
10-11 21:54:21.201: I/Icing(2228): Indexing 5233BB6556150606E6EA2800A20D5D691B1774CC from com.google.android.gms
10-11 21:54:21.206: I/Icing(2228): Indexing done 5233BB6556150606E6EA2800A20D5D691B1774CC
10-11 21:54:21.210: I/Icing(2228): IndexChimeraService.getServiceInterface callingPackage=com.google.android.inputmethod.latin componentName=null serviceId=21
10-11 21:54:21.214: I/Icing(2228): IndexChimeraService.getServiceInterface callingPackage=com.google.android.inputmethod.latin componentName=null serviceId=21
10-11 21:54:21.222: I/Icing(2228): Usage reports 0 indexed 0 rejected 0 imm upload false
10-11 21:54:21.225: I/Icing(2228): Usage reports 0 indexed 0 rejected 0 imm upload false
10-11 21:54:21.233: I/dex2oat(4179): dex2oat took 482.070ms (threads: 2) arena alloc=619KB java alloc=1444KB native alloc=5MB free=6MB
10-11 21:54:21.244: V/BackupManagerService(1678): restoreAtInstall pkg=com.google.android.apps.mtaas.loginutil token=2 restoreSet=0
10-11 21:54:21.244: V/BackupManagerService(1678): Finishing install immediately
10-11 21:54:21.245: W/InputMethodInfo(1678): Duplicated subtype definition found: , voice
10-11 21:54:21.248: I/InputReader(1678): Reconfiguring input devices.  changes=0x00000010
10-11 21:54:21.249: W/Settings(1678): Setting install_non_market_apps has moved from android.provider.Settings.Global to android.provider.Settings.Secure, returning read-only value.
10-11 21:54:21.258: D/BackupManagerService(1678): Received broadcast Intent { act=android.intent.action.PACKAGE_ADDED dat=package:com.google.android.apps.mtaas.loginutil flg=0x4000010 (has extras) }
10-11 21:54:21.260: I/UpdateIcingCorporaServi(2160): Updating corpora: APPS=com.google.android.apps.mtaas.loginutil, CONTACTS=MAYBE
10-11 21:54:21.267: I/ApplicationLogger(2160): canRun() : Opted Out
10-11 21:54:21.267: I/UpdateIcingCorporaServi(2160): UpdateCorporaTask done [took 8 ms] updated apps [took 8 ms] 
10-11 21:54:21.283: W/ResourcesManager(2055): Asset path '/system/framework/com.google.android.maps.jar' does not exist or contains no resources.
10-11 21:54:21.289: I/FontsPackageChangeOp(2228): Package com.google.android.apps.mtaas.loginutil has no metadata
10-11 21:54:21.292: D/Wear_Controller(2228): Received broadcast action=android.intent.action.PACKAGE_ADDED and uri=com.google.android.apps.mtaas.loginutil
10-11 21:54:21.294: I/Icing(2228): IndexChimeraService.getServiceInterface callingPackage=com.google.android.gms componentName=AppsCorpus serviceId=32
10-11 21:54:21.294: I/Icing(2228): IndexChimeraService.getServiceInterface callingPackage=com.google.android.gms componentName=AppsCorpus serviceId=36
10-11 21:54:21.313: I/Icing(2228): Usage reports 0 indexed 0 rejected 0 imm upload false
10-11 21:54:21.314: I/Icing(2228): Usage reports 0 indexed 0 rejected 0 imm upload false
10-11 21:54:21.325: I/art(1678): Explicit concurrent mark sweep GC freed 25023(1818KB) AllocSpace objects, 13(204KB) LOS objects, 33% free, 12MB/18MB, paused 255us total 75.528ms
10-11 21:54:21.326: I/art(4169): System.exit called, status: 0
10-11 21:54:21.326: I/AndroidRuntime(4169): VM exiting with result code 0.
10-11 21:54:21.353: I/surfaceflinger(1336): type=1400 audit(0.0:88): avc: denied { ioctl } for path="/dev/userspace_framebuffer" dev="tmpfs" ino=6055 ioctlcmd=7702 scontext=u:r:surfaceflinger:s0 tcontext=u:object_r:device:s0 tclass=file permissive=1
10-11 21:54:21.573: I/scp(4200): type=1400 audit(0.0:89): avc: denied { create } for name="com.google.android.apps.mtaas.backdrop.apk" scontext=u:r:init_shell:s0 tcontext=u:object_r:shell_data_file:s0 tclass=file permissive=1
10-11 21:54:21.573: I/scp(4200): type=1400 audit(0.0:90): avc: denied { write open } for path="/data/local/tmp/com.google.android.apps.mtaas.backdrop.apk" dev="loop6" ino=65569 scontext=u:r:init_shell:s0 tcontext=u:object_r:shell_data_file:s0 tclass=file permissive=1
10-11 21:54:21.573: I/scp(4200): type=1400 audit(0.0:91): avc: denied { getattr } for path="/data/local/tmp/com.google.android.apps.mtaas.backdrop.apk" dev="loop6" ino=65569 scontext=u:r:init_shell:s0 tcontext=u:object_r:shell_data_file:s0 tclass=file permissive=1
10-11 21:54:21.825: D/AndroidRuntime(4208): >>>>>> START com.android.internal.os.RuntimeInit uid 0 <<<<<<
10-11 21:54:21.826: D/AndroidRuntime(4208): CheckJNI is OFF
10-11 21:54:21.841: E/memtrack(4208): Couldn't load memtrack module (No such file or directory)
10-11 21:54:21.841: E/android.os.Debug(4208): failed to load memtrack module: -2
10-11 21:54:21.852: D/AndroidRuntime(4208): Calling main entry com.android.commands.pm.Pm
10-11 21:54:21.856: D/DefContainer(4103): Copying /data/local/tmp/com.google.android.apps.mtaas.backdrop.apk to base.apk
10-11 21:54:21.884: I/Remoter(1328): Saved screenshot to '/data/screenshots/__pmv__-0068.jpg'
10-11 21:54:21.887: D/PackageManager(1678): Renaming /data/app/vmdl587319337.tmp to /data/app/com.google.android.apps.mtaas.backdrop-1
10-11 21:54:21.889: I/PackageManager(1678): Running dexopt on: /data/app/com.google.android.apps.mtaas.backdrop-1/base.apk pkg=com.google.android.apps.mtaas.backdrop isa=x86 vmSafeMode=false
10-11 21:54:21.896: E/cutils-trace(4218): Error opening trace file: Permission denied (13)
10-11 21:54:21.897: I/dex2oat(4218): /system/bin/dex2oat --zip-fd=6 --zip-location=/data/app/com.google.android.apps.mtaas.backdrop-1/base.apk --oat-fd=7 --oat-location=/data/dalvik-cache/x86/data@app@com.google.android.apps.mtaas.backdrop-1@base.apk@classes.dex --instruction-set=x86 --instruction-set-features=default --runtime-arg -Xms64m --runtime-arg -Xmx512m --swap-fd=8
10-11 21:54:21.927: I/dex2oat(4218): Decided to run without swap.
10-11 21:54:22.123: I/gce_init_sshd(1752): type=1400 audit(0.0:92): avc: denied { name_connect } for dest=80 scontext=u:r:init:s0 tcontext=u:object_r:port:s0 tclass=tcp_socket permissive=1
10-11 21:54:22.356: I/Icing(2228): Indexing 5233BB6556150606E6EA2800A20D5D691B1774CC from com.google.android.gms
10-11 21:54:22.357: I/Icing(2228): Indexing done 5233BB6556150606E6EA2800A20D5D691B1774CC
10-11 21:54:22.395: I/dex2oat(4218): dex2oat took 498.713ms (threads: 2) arena alloc=54KB java alloc=1962KB native alloc=4MB free=3MB
10-11 21:54:22.406: V/BackupManagerService(1678): restoreAtInstall pkg=com.google.android.apps.mtaas.backdrop token=3 restoreSet=0
10-11 21:54:22.406: V/BackupManagerService(1678): Finishing install immediately
10-11 21:54:22.406: W/Settings(1678): Setting install_non_market_apps has moved from android.provider.Settings.Global to android.provider.Settings.Secure, returning read-only value.
10-11 21:54:22.409: I/InputReader(1678): Reconfiguring input devices.  changes=0x00000010
10-11 21:54:22.418: D/BackupManagerService(1678): Received broadcast Intent { act=android.intent.action.PACKAGE_ADDED dat=package:com.google.android.apps.mtaas.backdrop flg=0x4000010 (has extras) }
10-11 21:54:22.419: W/InputMethodInfo(1678): Duplicated subtype definition found: , voice
10-11 21:54:22.436: I/UpdateIcingCorporaServi(2160): Updating corpora: APPS=com.google.android.apps.mtaas.backdrop, CONTACTS=MAYBE
10-11 21:54:22.448: D/Launcher.Workspace(2055): 11683562 - removeExtraEmptyScreen()
10-11 21:54:22.448: D/Launcher.Workspace(2055): 11683562 - convertFinalScreenToEmptyScreenIfNecessary()
10-11 21:54:22.461: I/Icing(2228): IndexChimeraService.getServiceInterface callingPackage=com.google.android.googlequicksearchbox componentName=null serviceId=21
10-11 21:54:22.463: I/FontsPackageChangeOp(2228): Package com.google.android.apps.mtaas.backdrop has no metadata
10-11 21:54:22.465: D/Wear_Controller(2228): Received broadcast action=android.intent.action.PACKAGE_ADDED and uri=com.google.android.apps.mtaas.backdrop
10-11 21:54:22.455: I/art(1678): Explicit concurrent mark sweep GC freed 21925(1594KB) AllocSpace objects, 8(128KB) LOS objects, 33% free, 12MB/18MB, paused 445us total 47.509ms
10-11 21:54:22.472: I/art(4208): System.exit called, status: 0
10-11 21:54:22.472: I/AndroidRuntime(4208): VM exiting with result code 0.
10-11 21:54:22.476: I/Icing(2228): IndexChimeraService.getServiceInterface callingPackage=com.google.android.gms componentName=AppsCorpus serviceId=32
10-11 21:54:22.477: I/Icing(2228): IndexChimeraService.getServiceInterface callingPackage=com.google.android.gms componentName=AppsCorpus serviceId=36
10-11 21:54:22.478: I/Icing(2228): Usage reports 0 indexed 0 rejected 0 imm upload true
10-11 21:54:22.480: I/ApplicationLogger(2160): canRun() : Opted Out
10-11 21:54:22.480: I/UpdateIcingCorporaServi(2160): UpdateCorporaTask done [took 44 ms] updated apps [took 44 ms] 
10-11 21:54:22.484: I/Icing(2228): Usage reports 0 indexed 0 rejected 0 imm upload false
10-11 21:54:22.487: I/Icing(2228): Usage reports 0 indexed 0 rejected 0 imm upload false
10-11 21:54:22.733: I/scp(4239): type=1400 audit(0.0:93): avc: denied { write } for name="tmp" dev="loop6" ino=65538 scontext=u:r:init_shell:s0 tcontext=u:object_r:shell_data_file:s0 tclass=dir permissive=1
10-11 21:54:22.733: I/scp(4239): type=1400 audit(0.0:94): avc: denied { add_name } for name="com.google.android.apps.auth.test.support.apk" scontext=u:r:init_shell:s0 tcontext=u:object_r:shell_data_file:s0 tclass=dir permissive=1
10-11 21:54:22.911: I/Remoter(1328): Saved screenshot to '/data/screenshots/__pmv__-0069.jpg'
10-11 21:54:23.037: D/AndroidRuntime(4247): >>>>>> START com.android.internal.os.RuntimeInit uid 0 <<<<<<
10-11 21:54:23.037: D/AndroidRuntime(4247): CheckJNI is OFF
10-11 21:54:23.052: E/memtrack(4247): Couldn't load memtrack module (No such file or directory)
10-11 21:54:23.052: E/android.os.Debug(4247): failed to load memtrack module: -2
10-11 21:54:23.060: D/AndroidRuntime(4247): Calling main entry com.android.commands.pm.Pm
10-11 21:54:23.063: D/DefContainer(4103): Copying /data/local/tmp/com.google.android.apps.auth.test.support.apk to base.apk
10-11 21:54:23.067: I/PackageParser(1678): com.google.android.apps.auth.test.support: compat added android.permission.WRITE_EXTERNAL_STORAGE android.permission.READ_PHONE_STATE
10-11 21:54:23.081: D/PackageManager(1678): Renaming /data/app/vmdl1620119678.tmp to /data/app/com.google.android.apps.auth.test.support-1
10-11 21:54:23.084: I/PackageManager(1678): Running dexopt on: /data/app/com.google.android.apps.auth.test.support-1/base.apk pkg=com.google.android.apps.auth.test.support isa=x86 vmSafeMode=false
10-11 21:54:23.091: E/cutils-trace(4257): Error opening trace file: Permission denied (13)
10-11 21:54:23.091: I/dex2oat(4257): /system/bin/dex2oat --zip-fd=6 --zip-location=/data/app/com.google.android.apps.auth.test.support-1/base.apk --oat-fd=7 --oat-location=/data/dalvik-cache/x86/data@app@com.google.android.apps.auth.test.support-1@base.apk@classes.dex --instruction-set=x86 --instruction-set-features=default --runtime-arg -Xms64m --runtime-arg -Xmx512m --swap-fd=8
10-11 21:54:23.100: I/dex2oat(4257): Decided to run without swap.
10-11 21:54:23.224: I/dex2oat(4257): dex2oat took 133.110ms (threads: 2) arena alloc=120KB java alloc=579KB native alloc=1850KB free=6MB
10-11 21:54:23.230: W/PackageManager(1678): Unknown permission android.permission.MANAGE_ACCOUNT in package com.google.android.apps.auth.test.support
10-11 21:54:23.230: W/PackageManager(1678): Not granting permission com.google.android.providers.gsf.permission.WRITE_GSERVICES to package com.google.android.apps.auth.test.support (protectionLevel=18 flags=0x8444)
10-11 21:54:23.235: V/BackupManagerService(1678): restoreAtInstall pkg=com.google.android.apps.auth.test.support token=4 restoreSet=0
10-11 21:54:23.235: V/BackupManagerService(1678): Finishing install immediately
10-11 21:54:23.236: W/InputMethodInfo(1678): Duplicated subtype definition found: , voice
10-11 21:54:23.237: I/InputReader(1678): Reconfiguring input devices.  changes=0x00000010
10-11 21:54:23.241: W/Settings(1678): Setting install_non_market_apps has moved from android.provider.Settings.Global to android.provider.Settings.Secure, returning read-only value.
10-11 21:54:23.254: I/UpdateIcingCorporaServi(2160): Updating corpora: APPS=com.google.android.apps.auth.test.support, CONTACTS=MAYBE
10-11 21:54:23.260: I/ApplicationLogger(2160): canRun() : Opted Out
10-11 21:54:23.260: I/UpdateIcingCorporaServi(2160): UpdateCorporaTask done [took 6 ms] updated apps [took 5 ms] 
10-11 21:54:23.273: D/BackupManagerService(1678): Received broadcast Intent { act=android.intent.action.PACKAGE_ADDED dat=package:com.google.android.apps.auth.test.support flg=0x4000010 (has extras) }
10-11 21:54:23.280: I/Icing(2228): IndexChimeraService.getServiceInterface callingPackage=com.google.android.gms componentName=AppsCorpus serviceId=36
10-11 21:54:23.281: D/Wear_Controller(2228): Received broadcast action=android.intent.action.PACKAGE_ADDED and uri=com.google.android.apps.auth.test.support
10-11 21:54:23.282: I/Icing(2228): IndexChimeraService.getServiceInterface callingPackage=com.google.android.gms componentName=AppsCorpus serviceId=32
10-11 21:54:23.293: I/Icing(2228): Usage reports 0 indexed 0 rejected 0 imm upload false
10-11 21:54:23.295: I/Icing(2228): Usage reports 0 indexed 0 rejected 0 imm upload false
10-11 21:54:23.315: I/art(1678): Explicit concurrent mark sweep GC freed 32674(2MB) AllocSpace objects, 20(293KB) LOS objects, 33% free, 12MB/18MB, paused 240us total 73.655ms
10-11 21:54:23.317: I/art(4247): System.exit called, status: 0
10-11 21:54:23.317: I/AndroidRuntime(4247): VM exiting with result code 0.
10-11 21:54:23.480: I/Icing(2228): Indexing 78809412366E3FB9E25492F12C0E3355617CA57E from com.google.android.googlequicksearchbox
10-11 21:54:23.488: I/Icing(2228): Indexing done 78809412366E3FB9E25492F12C0E3355617CA57E
10-11 21:54:23.489: I/Icing(2228): Indexing 5233BB6556150606E6EA2800A20D5D691B1774CC from com.google.android.gms
10-11 21:54:23.493: I/Icing(2228): Indexing done 5233BB6556150606E6EA2800A20D5D691B1774CC
10-11 21:54:23.858: D/AndroidRuntime(4286): >>>>>> START com.android.internal.os.RuntimeInit uid 0 <<<<<<
10-11 21:54:23.859: D/AndroidRuntime(4286): CheckJNI is OFF
10-11 21:54:23.876: E/memtrack(4286): Couldn't load memtrack module (No such file or directory)
10-11 21:54:23.876: E/android.os.Debug(4286): failed to load memtrack module: -2
10-11 21:54:23.884: D/AndroidRuntime(4286): Calling main entry com.android.commands.pm.Pm
10-11 21:54:23.887: D/DefContainer(4103): Copying /data/local/tmp/com.google.android.apps.mtaas.testloop.apk to base.apk
10-11 21:54:23.912: D/PackageManager(1678): Renaming /data/app/vmdl1638880688.tmp to /data/app/com.google.android.apps.mtaas.testloop-1
10-11 21:54:23.915: I/PackageManager(1678): Running dexopt on: /data/app/com.google.android.apps.mtaas.testloop-1/base.apk pkg=com.google.android.apps.mtaas.testloop isa=x86 vmSafeMode=false
10-11 21:54:23.928: E/cutils-trace(4296): Error opening trace file: Permission denied (13)
10-11 21:54:23.928: I/dex2oat(4296): /system/bin/dex2oat --zip-fd=6 --zip-location=/data/app/com.google.android.apps.mtaas.testloop-1/base.apk --oat-fd=7 --oat-location=/data/dalvik-cache/x86/data@app@com.google.android.apps.mtaas.testloop-1@base.apk@classes.dex --instruction-set=x86 --instruction-set-features=default --runtime-arg -Xms64m --runtime-arg -Xmx512m --swap-fd=8
10-11 21:54:23.949: I/Remoter(1328): Saved screenshot to '/data/screenshots/__pmv__-0070.jpg'
10-11 21:54:23.970: I/dex2oat(4296): Decided to run without swap.
10-11 21:54:24.302: I/Icing(2228): Indexing 5233BB6556150606E6EA2800A20D5D691B1774CC from com.google.android.gms
10-11 21:54:24.302: I/Icing(2228): Indexing done 5233BB6556150606E6EA2800A20D5D691B1774CC
10-11 21:54:24.343: I/Icing(2228): IndexChimeraService.getServiceInterface callingPackage=com.google.android.inputmethod.latin componentName=null serviceId=21
10-11 21:54:24.347: I/Icing(2228): Usage reports 0 indexed 0 rejected 0 imm upload false
10-11 21:54:24.486: I/dex2oat(4296): dex2oat took 557.207ms (threads: 2) arena alloc=36KB java alloc=2MB native alloc=4MB free=3MB
10-11 21:54:24.498: V/BackupManagerService(1678): restoreAtInstall pkg=com.google.android.apps.mtaas.testloop token=5 restoreSet=0
10-11 21:54:24.498: V/BackupManagerService(1678): Finishing install immediately
10-11 21:54:24.501: I/InputReader(1678): Reconfiguring input devices.  changes=0x00000010
10-11 21:54:24.506: W/Settings(1678): Setting install_non_market_apps has moved from android.provider.Settings.Global to android.provider.Settings.Secure, returning read-only value.
10-11 21:54:24.511: W/InputMethodInfo(1678): Duplicated subtype definition found: , voice
10-11 21:54:24.514: I/UpdateIcingCorporaServi(2160): Updating corpora: APPS=com.google.android.apps.mtaas.testloop, CONTACTS=MAYBE
10-11 21:54:24.532: I/Icing(2228): IndexChimeraService.getServiceInterface callingPackage=com.google.android.googlequicksearchbox componentName=null serviceId=21
10-11 21:54:24.535: D/BackupManagerService(1678): Received broadcast Intent { act=android.intent.action.PACKAGE_ADDED dat=package:com.google.android.apps.mtaas.testloop flg=0x4000010 (has extras) }
10-11 21:54:24.543: I/FontsPackageChangeOp(2228): Package com.google.android.apps.mtaas.testloop has no metadata
10-11 21:54:24.547: D/Wear_Controller(2228): Received broadcast action=android.intent.action.PACKAGE_ADDED and uri=com.google.android.apps.mtaas.testloop
10-11 21:54:24.552: I/Icing(2228): Usage reports 0 indexed 0 rejected 0 imm upload true
10-11 21:54:24.554: I/Icing(2228): IndexChimeraService.getServiceInterface callingPackage=com.google.android.gms componentName=AppsCorpus serviceId=32
10-11 21:54:24.554: I/Icing(2228): IndexChimeraService.getServiceInterface callingPackage=com.google.android.gms componentName=AppsCorpus serviceId=36
10-11 21:54:24.556: I/ApplicationLogger(2160): canRun() : Opted Out
10-11 21:54:24.556: I/UpdateIcingCorporaServi(2160): UpdateCorporaTask done [took 43 ms] updated apps [took 43 ms] 
10-11 21:54:24.560: I/Icing(2228): Usage reports 0 indexed 0 rejected 0 imm upload false
10-11 21:54:24.565: I/Icing(2228): Usage reports 0 indexed 0 rejected 0 imm upload false
10-11 21:54:24.567: W/ResourceType(2055): No package identifier when getting value for resource number 0x00000000
10-11 21:54:24.567: W/ResourceType(2055): No package identifier when getting value for resource number 0x00000000
10-11 21:54:24.567: W/PackageManager(2055): Failure retrieving resources for com.google.android.apps.mtaas.testloop: Resource ID #0x0
10-11 21:54:24.567: W/ResourceType(2055): No package identifier when getting value for resource number 0x00000000
10-11 21:54:24.567: W/PackageManager(2055): Failure retrieving resources for com.google.android.apps.mtaas.testloop: Resource ID #0x0
10-11 21:54:24.570: D/Launcher.Workspace(2055): 11683562 - removeExtraEmptyScreen()
10-11 21:54:24.570: D/Launcher.Workspace(2055): 11683562 - convertFinalScreenToEmptyScreenIfNecessary()
10-11 21:54:24.579: I/art(1678): Explicit concurrent mark sweep GC freed 24117(1720KB) AllocSpace objects, 9(144KB) LOS objects, 33% free, 12MB/18MB, paused 394us total 67.354ms
10-11 21:54:24.581: I/art(4286): System.exit called, status: 0
10-11 21:54:24.581: I/AndroidRuntime(4286): VM exiting with result code 0.
10-11 21:54:24.977: I/Remoter(1328): Saved screenshot to '/data/screenshots/__pmv__-0071.jpg'
10-11 21:54:25.073: D/AndroidRuntime(4325): >>>>>> START com.android.internal.os.RuntimeInit uid 0 <<<<<<
10-11 21:54:25.074: D/AndroidRuntime(4325): CheckJNI is OFF
10-11 21:54:25.093: E/memtrack(4325): Couldn't load memtrack module (No such file or directory)
10-11 21:54:25.093: E/android.os.Debug(4325): failed to load memtrack module: -2
10-11 21:54:25.103: D/AndroidRuntime(4325): Calling main entry com.android.commands.pm.Pm
10-11 21:54:25.106: D/DefContainer(4103): Copying /data/local/tmp/android.support.test.orchestrator.apk to base.apk
10-11 21:54:25.113: D/PackageManager(1678): Renaming /data/app/vmdl822124063.tmp to /data/app/android.support.test.orchestrator-1
10-11 21:54:25.115: I/PackageManager(1678): Running dexopt on: /data/app/android.support.test.orchestrator-1/base.apk pkg=android.support.test.orchestrator isa=x86 vmSafeMode=false
10-11 21:54:25.123: E/cutils-trace(4336): Error opening trace file: Permission denied (13)
10-11 21:54:25.123: I/dex2oat(4336): /system/bin/dex2oat --zip-fd=6 --zip-location=/data/app/android.support.test.orchestrator-1/base.apk --oat-fd=7 --oat-location=/data/dalvik-cache/x86/data@app@android.support.test.orchestrator-1@base.apk@classes.dex --instruction-set=x86 --instruction-set-features=default --runtime-arg -Xms64m --runtime-arg -Xmx512m --swap-fd=8
10-11 21:54:25.129: I/dex2oat(4336): Decided to run without swap.
10-11 21:54:25.198: I/dex2oat(4336): dex2oat took 75.260ms (threads: 2) arena alloc=42KB java alloc=256KB native alloc=1500KB free=6MB
10-11 21:54:25.209: V/BackupManagerService(1678): restoreAtInstall pkg=android.support.test.orchestrator token=6 restoreSet=0
10-11 21:54:25.209: V/BackupManagerService(1678): Finishing install immediately
10-11 21:54:25.210: W/Settings(1678): Setting install_non_market_apps has moved from android.provider.Settings.Global to android.provider.Settings.Secure, returning read-only value.
10-11 21:54:25.213: W/InputMethodInfo(1678): Duplicated subtype definition found: , voice
10-11 21:54:25.213: I/InputReader(1678): Reconfiguring input devices.  changes=0x00000010
10-11 21:54:25.242: I/UpdateIcingCorporaServi(2160): Updating corpora: APPS=android.support.test.orchestrator, CONTACTS=MAYBE
10-11 21:54:25.248: I/art(1678): Explicit concurrent mark sweep GC freed 14890(1142KB) AllocSpace objects, 9(143KB) LOS objects, 33% free, 12MB/18MB, paused 400us total 37.459ms
10-11 21:54:25.249: I/art(4325): System.exit called, status: 0
10-11 21:54:25.249: I/AndroidRuntime(4325): VM exiting with result code 0.
10-11 21:54:25.252: I/ApplicationLogger(2160): canRun() : Opted Out
10-11 21:54:25.252: I/UpdateIcingCorporaServi(2160): UpdateCorporaTask done [took 9 ms] updated apps [took 9 ms] 
10-11 21:54:25.259: D/BackupManagerService(1678): Received broadcast Intent { act=android.intent.action.PACKAGE_ADDED dat=package:android.support.test.orchestrator flg=0x4000010 (has extras) }
10-11 21:54:25.263: I/FontsPackageChangeOp(2228): Package android.support.test.orchestrator has no metadata
10-11 21:54:25.265: D/Wear_Controller(2228): Received broadcast action=android.intent.action.PACKAGE_ADDED and uri=android.support.test.orchestrator
10-11 21:54:25.278: I/Icing(2228): IndexChimeraService.getServiceInterface callingPackage=com.google.android.gms componentName=AppsCorpus serviceId=32
10-11 21:54:25.278: I/Icing(2228): IndexChimeraService.getServiceInterface callingPackage=com.google.android.gms componentName=AppsCorpus serviceId=36
10-11 21:54:25.284: I/Icing(2228): Usage reports 0 indexed 0 rejected 0 imm upload false
10-11 21:54:25.285: I/Icing(2228): Usage reports 0 indexed 0 rejected 0 imm upload false
10-11 21:54:25.555: I/Icing(2228): Indexing 78809412366E3FB9E25492F12C0E3355617CA57E from com.google.android.googlequicksearchbox
10-11 21:54:25.589: I/art(2228): Explicit concurrent mark sweep GC freed 49069(2MB) AllocSpace objects, 15(240KB) LOS objects, 24% free, 23MB/30MB, paused 161us total 29.655ms
10-11 21:54:25.596: I/Icing(2228): Indexing done 78809412366E3FB9E25492F12C0E3355617CA57E
10-11 21:54:25.598: I/Icing(2228): Indexing 5233BB6556150606E6EA2800A20D5D691B1774CC from com.google.android.gms
10-11 21:54:25.604: I/Icing(2228): Indexing done 5233BB6556150606E6EA2800A20D5D691B1774CC
10-11 21:54:25.776: D/AndroidRuntime(4366): >>>>>> START com.android.internal.os.RuntimeInit uid 0 <<<<<<
10-11 21:54:25.777: D/AndroidRuntime(4366): CheckJNI is OFF
10-11 21:54:25.793: E/memtrack(4366): Couldn't load memtrack module (No such file or directory)
10-11 21:54:25.793: E/android.os.Debug(4366): failed to load memtrack module: -2
10-11 21:54:25.802: D/AndroidRuntime(4366): Calling main entry com.android.commands.pm.Pm
10-11 21:54:25.807: D/DefContainer(4103): Copying /data/local/tmp/android.support.test.services.apk to base.apk
10-11 21:54:25.846: D/PackageManager(1678): Renaming /data/app/vmdl793302997.tmp to /data/app/android.support.test.services-1
10-11 21:54:25.850: I/PackageManager(1678): Running dexopt on: /data/app/android.support.test.services-1/base.apk pkg=android.support.test.services isa=x86 vmSafeMode=false
10-11 21:54:25.858: E/cutils-trace(4376): Error opening trace file: Permission denied (13)
10-11 21:54:25.858: I/dex2oat(4376): /system/bin/dex2oat --zip-fd=6 --zip-location=/data/app/android.support.test.services-1/base.apk --oat-fd=7 --oat-location=/data/dalvik-cache/x86/data@app@android.support.test.services-1@base.apk@classes.dex --instruction-set=x86 --instruction-set-features=default --runtime-arg -Xms64m --runtime-arg -Xmx512m --swap-fd=8
10-11 21:54:25.871: I/dex2oat(4376): Decided to run without swap.
10-11 21:54:25.874: W/dex2oat(4376): Before Android 4.1, method android.graphics.PorterDuffColorFilter android.support.graphics.drawable.VectorDrawableCompat.updateTintFilter(android.graphics.PorterDuffColorFilter, android.content.res.ColorStateList, android.graphics.PorterDuff$Mode) would have incorrectly overridden the package-private method in android.graphics.drawable.Drawable
10-11 21:54:26.027: I/Remoter(1328): Saved screenshot to '/data/screenshots/__pmv__-0072.jpg'
10-11 21:54:26.128: I/dex2oat(4376): dex2oat took 270.665ms (threads: 2) arena alloc=45KB java alloc=1080KB native alloc=2MB free=5MB
10-11 21:54:26.139: V/BackupManagerService(1678): restoreAtInstall pkg=android.support.test.services token=7 restoreSet=0
10-11 21:54:26.139: V/BackupManagerService(1678): Finishing install immediately
10-11 21:54:26.142: I/InputReader(1678): Reconfiguring input devices.  changes=0x00000010
10-11 21:54:26.145: W/InputMethodInfo(1678): Duplicated subtype definition found: , voice
10-11 21:54:26.151: D/BackupManagerService(1678): Received broadcast Intent { act=android.intent.action.PACKAGE_ADDED dat=package:android.support.test.services flg=0x4000010 (has extras) }
10-11 21:54:26.152: W/Settings(1678): Setting install_non_market_apps has moved from android.provider.Settings.Global to android.provider.Settings.Secure, returning read-only value.
10-11 21:54:26.152: I/UpdateIcingCorporaServi(2160): Updating corpora: APPS=android.support.test.services, CONTACTS=MAYBE
10-11 21:54:26.163: I/ApplicationLogger(2160): canRun() : Opted Out
10-11 21:54:26.163: I/UpdateIcingCorporaServi(2160): UpdateCorporaTask done [took 11 ms] updated apps [took 11 ms] 
10-11 21:54:26.172: I/FontsPackageChangeOp(2228): Package android.support.test.services has no metadata
10-11 21:54:26.173: D/Wear_Controller(2228): Received broadcast action=android.intent.action.PACKAGE_ADDED and uri=android.support.test.services
10-11 21:54:26.181: I/Icing(2228): IndexChimeraService.getServiceInterface callingPackage=com.google.android.gms componentName=AppsCorpus serviceId=32
10-11 21:54:26.182: I/Icing(2228): IndexChimeraService.getServiceInterface callingPackage=com.google.android.gms componentName=AppsCorpus serviceId=36
10-11 21:54:26.185: I/Icing(2228): Usage reports 0 indexed 0 rejected 0 imm upload false
10-11 21:54:26.192: I/Icing(2228): Usage reports 0 indexed 0 rejected 0 imm upload false
10-11 21:54:26.211: I/art(1678): Explicit concurrent mark sweep GC freed 70417(3MB) AllocSpace objects, 29(864KB) LOS objects, 33% free, 12MB/19MB, paused 248us total 59.485ms
10-11 21:54:26.217: I/art(4366): System.exit called, status: 0
10-11 21:54:26.217: I/AndroidRuntime(4366): VM exiting with result code 0.
10-11 21:54:26.289: I/Icing(2228): Indexing 5233BB6556150606E6EA2800A20D5D691B1774CC from com.google.android.gms
10-11 21:54:26.289: I/Icing(2228): Indexing done 5233BB6556150606E6EA2800A20D5D691B1774CC
10-11 21:54:26.674: D/AndroidRuntime(4405): >>>>>> START com.android.internal.os.RuntimeInit uid 0 <<<<<<
10-11 21:54:26.675: D/AndroidRuntime(4405): CheckJNI is OFF
10-11 21:54:26.690: E/memtrack(4405): Couldn't load memtrack module (No such file or directory)
10-11 21:54:26.690: E/android.os.Debug(4405): failed to load memtrack module: -2
10-11 21:54:26.698: D/AndroidRuntime(4405): Calling main entry com.android.commands.pm.Pm
10-11 21:54:26.701: D/DefContainer(4103): Copying /data/local/tmp/com.google.android.apps.mtaas.stubapp.apk to base.apk
10-11 21:54:26.702: I/PackageParser(1678): com.google.android.apps.mtaas.stubapp: compat added android.permission.WRITE_EXTERNAL_STORAGE android.permission.READ_PHONE_STATE
10-11 21:54:26.705: D/PackageManager(1678): Renaming /data/app/vmdl813334225.tmp to /data/app/com.google.android.apps.mtaas.stubapp-1
10-11 21:54:26.707: I/PackageManager(1678): Running dexopt on: /data/app/com.google.android.apps.mtaas.stubapp-1/base.apk pkg=com.google.android.apps.mtaas.stubapp isa=x86 vmSafeMode=false
10-11 21:54:26.715: E/cutils-trace(4415): Error opening trace file: Permission denied (13)
10-11 21:54:26.715: I/dex2oat(4415): /system/bin/dex2oat --zip-fd=6 --zip-location=/data/app/com.google.android.apps.mtaas.stubapp-1/base.apk --oat-fd=7 --oat-location=/data/dalvik-cache/x86/data@app@com.google.android.apps.mtaas.stubapp-1@base.apk@classes.dex --instruction-set=x86 --instruction-set-features=default --runtime-arg -Xms64m --runtime-arg -Xmx512m --swap-fd=8
10-11 21:54:26.717: I/dex2oat(4415): Decided to run without swap.
10-11 21:54:26.719: I/dex2oat(4415): dex2oat took 3.985ms (threads: 2) arena alloc=23KB java alloc=1576B native alloc=494KB free=7MB
10-11 21:54:26.729: V/BackupManagerService(1678): restoreAtInstall pkg=com.google.android.apps.mtaas.stubapp token=8 restoreSet=0
10-11 21:54:26.729: V/BackupManagerService(1678): Finishing install immediately
10-11 21:54:26.729: W/Settings(1678): Setting install_non_market_apps has moved from android.provider.Settings.Global to android.provider.Settings.Secure, returning read-only value.
10-11 21:54:26.733: I/InputReader(1678): Reconfiguring input devices.  changes=0x00000010
10-11 21:54:26.740: I/UpdateIcingCorporaServi(2160): Updating corpora: APPS=com.google.android.apps.mtaas.stubapp, CONTACTS=MAYBE
10-11 21:54:26.759: I/ApplicationLogger(2160): canRun() : Opted Out
10-11 21:54:26.759: I/UpdateIcingCorporaServi(2160): UpdateCorporaTask done [took 19 ms] updated apps [took 19 ms] 
10-11 21:54:26.768: D/BackupManagerService(1678): Received broadcast Intent { act=android.intent.action.PACKAGE_ADDED dat=package:com.google.android.apps.mtaas.stubapp flg=0x4000010 (has extras) }
10-11 21:54:26.774: I/art(1678): Explicit concurrent mark sweep GC freed 16091(1193KB) AllocSpace objects, 7(112KB) LOS objects, 33% free, 12MB/18MB, paused 514us total 44.361ms
10-11 21:54:26.777: I/FontsPackageChangeOp(2228): Package com.google.android.apps.mtaas.stubapp has no metadata
10-11 21:54:26.777: I/art(4405): System.exit called, status: 0
10-11 21:54:26.777: I/AndroidRuntime(4405): VM exiting with result code 0.
10-11 21:54:26.781: D/Wear_Controller(2228): Received broadcast action=android.intent.action.PACKAGE_ADDED and uri=com.google.android.apps.mtaas.stubapp
10-11 21:54:26.784: W/InputMethodInfo(1678): Duplicated subtype definition found: , voice
10-11 21:54:26.794: I/Icing(2228): IndexChimeraService.getServiceInterface callingPackage=com.google.android.gms componentName=AppsCorpus serviceId=32
10-11 21:54:26.794: I/Icing(2228): IndexChimeraService.getServiceInterface callingPackage=com.google.android.gms componentName=AppsCorpus serviceId=36
10-11 21:54:26.797: I/Icing(2228): Usage reports 0 indexed 0 rejected 0 imm upload false
10-11 21:54:26.799: I/Icing(2228): Usage reports 0 indexed 0 rejected 0 imm upload false
10-11 21:54:26.827: W/ResourcesManager(2055): Asset path '/system/framework/com.google.android.maps.jar' does not exist or contains no resources.
10-11 21:54:26.875: D/AndroidRuntime(4429): >>>>>> START com.android.internal.os.RuntimeInit uid 0 <<<<<<
10-11 21:54:26.875: D/AndroidRuntime(4429): CheckJNI is OFF
10-11 21:54:26.905: E/memtrack(4429): Couldn't load memtrack module (No such file or directory)
10-11 21:54:26.905: E/android.os.Debug(4429): failed to load memtrack module: -2
10-11 21:54:26.913: D/AndroidRuntime(4429): Calling main entry com.android.commands.input.Input
10-11 21:54:26.914: I/Input(4429): injectKeyEvent: KeyEvent { action=ACTION_DOWN, keyCode=KEYCODE_MENU, scanCode=0, metaState=0, flags=0x0, repeatCount=0, eventTime=892932, downTime=892932, deviceId=-1, source=0x101 }
10-11 21:54:26.915: I/Input(4429): injectKeyEvent: KeyEvent { action=ACTION_UP, keyCode=KEYCODE_MENU, scanCode=0, metaState=0, flags=0x0, repeatCount=0, eventTime=892932, downTime=892932, deviceId=-1, source=0x101 }
10-11 21:54:26.918: D/AndroidRuntime(4429): Shutting down VM
10-11 21:54:26.930: W/AudioTrack(1778): AUDIO_OUTPUT_FLAG_FAST denied by client
10-11 21:54:26.941: D/PhoneStatusBar(1778): disable: < expand ICONS alerts SYSTEM_INFO back HOME RECENT clock SEARCH >
10-11 21:54:26.960: D/PhoneStatusBar(1778): disable: < expand icons* alerts system_info* back HOME RECENT clock SEARCH >
10-11 21:54:26.969: I/Authzen(2228): [DeviceStateSyncManager] Device state fast sync is disabled
10-11 21:54:26.991: I/CastDatabase(2228): Opening the database
10-11 21:54:27.020: I/SQLiteCastStore(2228): 0 CastNetworkInfo instances loaded, 0 CastDeviceInfo instances loaded, 0 paired guest mode devices loaded.
10-11 21:54:27.048: I/GceGrallocRegionRegistry(1336): Mapped gralloc-1336.24 hnd=0xb27f73c0 fd=15 base=0xb6473000 format=RGBA_8888(0x1) width=800 height=64
10-11 21:54:27.048: I/GceGrallocRegionRegistry(1336): Mapped gralloc-1336.25 hnd=0xb6039040 fd=31 base=0xb643f000 format=RGBA_8888(0x1) width=800 height=64
10-11 21:54:27.048: I/GceGrallocRegionRegistry(1336): Mapped gralloc-1336.26 hnd=0xb60392c0 fd=32 base=0xb4052000 format=RGBA_8888(0x1) width=800 height=64
10-11 21:54:27.048: D/PhoneStatusBar(1778): disable: < expand icons alerts system_info back home* recent* clock search* >
10-11 21:54:27.051: I/GceGrallocRegionRegistry(1778): Mapped gralloc-1336.24 hnd=0x9d67e8c0 fd=62 base=0xa1869000 format=RGBA_8888(0x1) width=800 height=64
10-11 21:54:27.085: I/Remoter(1328): Saved screenshot to '/data/screenshots/__pmv__-0073.jpg'
10-11 21:54:27.033: I/RenderThread(1778): type=1400 audit(0.0:95): avc: denied { read } for path=2F6465762F6173686D656D2F6772616C6C6F632D313333362E3234202864656C6574656429 dev="tmpfs" ino=21397 scontext=u:r:platform_app:s0 tcontext=u:object_r:surfaceflinger_tmpfs:s0 tclass=file permissive=1
10-11 21:54:27.193: I/Icing(2228): Indexing 5233BB6556150606E6EA2800A20D5D691B1774CC from com.google.android.gms
10-11 21:54:27.195: I/Icing(2228): Indexing done 5233BB6556150606E6EA2800A20D5D691B1774CC
10-11 21:54:27.234: I/art(2121): Explicit concurrent mark sweep GC freed 2198(98KB) AllocSpace objects, 0(0B) LOS objects, 25% free, 4MB/5MB, paused 95us total 23.803ms
10-11 21:54:27.645: D/AndroidRuntime(4448): >>>>>> START com.android.internal.os.RuntimeInit uid 0 <<<<<<
10-11 21:54:27.646: D/AndroidRuntime(4448): CheckJNI is OFF
10-11 21:54:27.648: I/GceGrallocRegionRegistry(1778): Mapped gralloc-1336.25 hnd=0x9f7a1f00 fd=63 base=0xa1835000 format=RGBA_8888(0x1) width=800 height=64
10-11 21:54:27.662: I/GceGrallocRegionRegistry(1778): Mapped gralloc-1336.26 hnd=0x9d67e140 fd=64 base=0xa0e6b000 format=RGBA_8888(0x1) width=800 height=64
10-11 21:54:27.668: I/GceGrallocRegionRegistry(1778): Unmapped gralloc-1336.21 hnd=0xb43f8140 fd=53 base=0x9c416000
10-11 21:54:27.669: I/GceGrallocRegionRegistry(1778): Unmapped gralloc-1336.22 hnd=0x9d67e200 fd=56 base=0x9c02c000
10-11 21:54:27.669: I/GceGrallocRegionRegistry(1778): Unmapped gralloc-1336.23 hnd=0xb43f9cc0 fd=57 base=0x9bc42000
10-11 21:54:27.669: I/GceGrallocRegionRegistry(1336): Unmapped gralloc-1336.21 hnd=0xb27f7040 fd=25 base=0xaf816000
10-11 21:54:27.670: I/GceGrallocRegionRegistry(1336): Unmapped gralloc-1336.22 hnd=0xb36cd080 fd=29 base=0xaf42c000
10-11 21:54:27.721: I/GceGrallocRegionRegistry(1336): Mapped gralloc-1336.27 hnd=0xb36cd080 fd=25 base=0xb6409000 format=RGBA_8888(0x1) width=800 height=33
10-11 21:54:27.722: I/GceGrallocRegionRegistry(1778): Mapped gralloc-1336.27 hnd=0x9d67e4c0 fd=56 base=0xa0e44000 format=RGBA_8888(0x1) width=800 height=33
10-11 21:54:27.732: I/GceGrallocRegionRegistry(1336): Mapped gralloc-1336.28 hnd=0xb27f7080 fd=29 base=0xb402b000 format=RGBA_8888(0x1) width=800 height=33
10-11 21:54:27.732: I/GceGrallocRegionRegistry(1778): Mapped gralloc-1336.28 hnd=0x9f673940 fd=57 base=0xa047f000 format=RGBA_8888(0x1) width=800 height=33
10-11 21:54:27.748: I/art(2228): Explicit concurrent mark sweep GC freed 24483(1465KB) AllocSpace objects, 4(64KB) LOS objects, 24% free, 23MB/30MB, paused 332us total 248.073ms
10-11 21:54:27.756: I/GceGrallocRegionRegistry(1336): Unmapped gralloc-1336.23 hnd=0xb27f7240 fd=30 base=0xaf042000
10-11 21:54:27.787: I/CastSocket(2228): 22 >= 18. Adding new CastClientAuthKeyManager.
10-11 21:54:27.790: I/DiscoveryManager(2228): WifiGuestModeDeviceScanner enabled.
10-11 21:54:27.801: I/Icing(2228): Indexing 5233BB6556150606E6EA2800A20D5D691B1774CC from com.google.android.gms
10-11 21:54:27.802: I/Icing(2228): Indexing done 5233BB6556150606E6EA2800A20D5D691B1774CC
10-11 21:54:27.813: I/MediaRouter(2228): Found default route: MediaRouter.RouteInfo{ uniqueId=android/abu:DEFAULT_ROUTE, name=Phone, description=null, iconUri=null, enabled=true, connecting=false, connectionState=0, canDisconnect=false, playbackType=0, playbackStream=3, deviceType=0, volumeHandling=1, volume=11, volumeMax=15, presentationDisplayId=-1, extras=null, settingsIntent=null, providerPackageName=android }
10-11 21:54:27.815: E/memtrack(4448): Couldn't load memtrack module (No such file or directory)
10-11 21:54:27.815: E/android.os.Debug(4448): failed to load memtrack module: -2
10-11 21:54:27.829: D/AndroidRuntime(4448): Calling main entry com.android.commands.pm.Pm
10-11 21:54:27.837: I/art(4448): System.exit called, status: 0
10-11 21:54:27.837: I/AndroidRuntime(4448): VM exiting with result code 0.
10-11 21:54:27.838: I/Icing(2228): IndexChimeraService.getServiceInterface callingPackage=com.google.android.inputmethod.latin componentName=null serviceId=21
10-11 21:54:27.843: I/Icing(2228): Usage reports 0 indexed 0 rejected 0 imm upload false
10-11 21:54:27.985: D/AndroidRuntime(4464): >>>>>> START com.android.internal.os.RuntimeInit uid 0 <<<<<<
10-11 21:54:27.986: D/AndroidRuntime(4464): CheckJNI is OFF
10-11 21:54:28.006: E/memtrack(4464): Couldn't load memtrack module (No such file or directory)
10-11 21:54:28.006: E/android.os.Debug(4464): failed to load memtrack module: -2
10-11 21:54:28.015: D/AndroidRuntime(4464): Calling main entry com.android.commands.am.Am
10-11 21:54:28.016: I/ActivityManager(1678): Force stopping com.google.android.apps.mtaas.tools appid=10079 user=0: start instr
10-11 21:54:28.027: I/ActivityManager(1678): Start proc 4474:com.google.android.apps.mtaas.tools/u0a79 for added application com.google.android.apps.mtaas.tools
10-11 21:54:28.052: I/ActivityManager(1678): Config changes=2004 {1.0 310mcc260mnc es ldltr sw600dp w600dp h888dp 213dpi lrg port finger qwerty/v/v -nav/h s.7}
10-11 21:54:28.056: D/ActivityManager(1678): Storing locale es for decryption UI
10-11 21:54:28.060: D/PermissionCache(1336): checking android.permission.READ_FRAME_BUFFER for uid=1000 => granted (271 us)
10-11 21:54:28.061: I/GceGrallocRegionRegistry(1336): Mapped gralloc-1336.29 hnd=0xb6039340 fd=37 base=0xaf816000 format=RGBA_8888(0x1) width=800 height=1280
10-11 21:54:28.053: I/surfaceflinger(1336): type=1400 audit(0.0:96): avc: denied { execmem } for scontext=u:r:surfaceflinger:s0 tcontext=u:r:surfaceflinger:s0 tclass=process permissive=1
10-11 21:54:28.148: I/Remoter(1328): Saved screenshot to '/data/screenshots/__pmv__-0074.jpg'
10-11 21:54:28.181: W/art(1678): Long monitor contention event with owner method=void com.android.server.am.ActivityManagerService.updateConfiguration(android.content.res.Configuration) from ActivityManagerService.java:16664 waiters=0 for 124ms
10-11 21:54:28.181: D/ChangeLocale(4474): Instrumentation completed successfully
10-11 21:54:28.181: D/AndroidRuntime(4464): Shutting down VM
10-11 21:54:28.399: I/ActivityManager(1678): Force stopping com.google.android.apps.mtaas.tools appid=10079 user=0: finished inst
10-11 21:54:28.400: I/ActivityManager(1678): Killing 4474:com.google.android.apps.mtaas.tools/u0a79 (adj 0): stop com.google.android.apps.mtaas.tools
10-11 21:54:28.469: W/art(1678): Long monitor contention event with owner method=void com.android.server.am.ActivityManagerService.finishInstrumentation(android.app.IApplicationThread, int, android.os.Bundle) from ActivityManagerService.java:16596 waiters=2 for 285ms
10-11 21:54:28.469: W/art(1678): Long monitor contention event with owner method=void com.android.server.am.ActivityManagerService.finishInstrumentation(android.app.IApplicationThread, int, android.os.Bundle) from ActivityManagerService.java:16596 waiters=2 for 280ms
10-11 21:54:28.471: W/art(1678): Long monitor contention event with owner method=void com.android.server.am.ActivityManagerService.finishInstrumentation(android.app.IApplicationThread, int, android.os.Bundle) from ActivityManagerService.java:16596 waiters=4 for 264ms
10-11 21:54:28.472: W/art(1678): Long monitor contention event with owner method=void com.android.server.am.ActivityManagerService.finishInstrumentation(android.app.IApplicationThread, int, android.os.Bundle) from ActivityManagerService.java:16596 waiters=5 for 178ms
