10-11 21:54:42.050: W/dex2oat(5521): Before Android 4.1, method void rx.internal.operators.OnSubscribeGroupJoin$ResultManager.init() would have incorrectly overridden the package-private method in java.util.HashMap
10-11 21:54:42.442: I/Remoter(1328): Saved screenshot to '/data/screenshots/__pmv__-0087.jpg'
10-11 21:54:43.484: I/Remoter(1328): Saved screenshot to '/data/screenshots/__pmv__-0088.jpg'
10-11 21:54:44.215: I/ActivityManager(1678): Killing 4852:com.google.android.apps.auth.test.support/u0a82 (adj 15): empty #17
10-11 21:54:44.531: I/Remoter(1328): Saved screenshot to '/data/screenshots/__pmv__-0089.jpg'
10-11 21:54:44.572: I/ActivityManager(1678): Killing 3241:com.google.android.apps.gcs/u0a8 (adj 15): empty #17
10-11 21:54:45.591: I/Remoter(1328): Saved screenshot to '/data/screenshots/__pmv__-0090.jpg'
10-11 21:54:46.632: I/ActivityManager(1678): Killing 4994:com.android.chrome/u0a34 (adj 15): empty #17
10-11 21:54:46.639: I/Remoter(1328): Saved screenshot to '/data/screenshots/__pmv__-0091.jpg'
10-11 21:54:47.331: I/dex2oat(5521): dex2oat took 5.858s (threads: 2) arena alloc=424KB java alloc=19MB native alloc=35MB free=12MB
10-11 21:54:47.346: V/BackupManagerService(1678): restoreAtInstall pkg=com.habitrpg.android.habitica token=9 restoreSet=0
10-11 21:54:47.346: V/BackupManagerService(1678): Finishing install immediately
10-11 21:54:47.347: I/installd(1343): free_cache(0) avail 3115720704
10-11 21:54:47.347: W/Settings(1678): Setting install_non_market_apps has moved from android.provider.Settings.Global to android.provider.Settings.Secure, returning read-only value.
10-11 21:54:47.352: I/InputReader(1678): Reconfiguring input devices.  changes=0x00000010
10-11 21:54:47.353: I/InputReader(1678): Reconfiguring input devices.  changes=0x00000010
10-11 21:54:47.358: I/UpdateIcingCorporaServi(2160): Updating corpora: APPS=com.google.android.videos, CONTACTS=MAYBE
10-11 21:54:47.380: I/ActivityManager(1678): Start proc 5525:com.android.voicedialer/u0a25 for broadcast com.android.voicedialer/.VoiceDialerReceiver
10-11 21:54:47.386: I/ApplicationLogger(2160): canRun() : Opted Out
10-11 21:54:47.386: I/UpdateIcingCorporaServi(2160): UpdateCorporaTask done [took 28 ms] updated apps [took 28 ms] 
10-11 21:54:47.389: D/BackupManagerService(1678): Received broadcast Intent { act=android.intent.action.PACKAGE_CHANGED dat=package:com.google.android.videos flg=0x4000010 (has extras) }
10-11 21:54:47.409: D/BackupManagerService(1678): Received broadcast Intent { act=android.intent.action.PACKAGE_ADDED dat=package:com.habitrpg.android.habitica flg=0x4000010 (has extras) }
10-11 21:54:47.417: W/ResourcesManager(2055): Asset path '/system/framework/com.google.android.maps.jar' does not exist or contains no resources.
10-11 21:54:47.422: I/Launcher(2055): Deferring update until onResume
10-11 21:54:47.438: I/ActivityManager(1678): Killing 5036:com.google.android.videos/u0a74 (adj 15): empty #17
10-11 21:54:47.439: I/art(1678): Explicit concurrent mark sweep GC freed 194991(9MB) AllocSpace objects, 8(1078KB) LOS objects, 33% free, 12MB/19MB, paused 1.280ms total 88.905ms
10-11 21:54:47.446: I/art(5412): System.exit called, status: 0
10-11 21:54:47.446: I/AndroidRuntime(5412): VM exiting with result code 0.
10-11 21:54:47.449: W/InputMethodInfo(1678): Duplicated subtype definition found: , voice
10-11 21:54:47.457: I/Launcher(2055): Deferring update until onResume
10-11 21:54:47.459: I/Launcher(2055): Deferring update until onResume
10-11 21:54:47.494: W/Launcher(2055): setApplicationContext called twice! old=com.android.launcher3.LauncherApplication@2e53e8d6 new=com.android.launcher3.LauncherApplication@2e53e8d6
10-11 21:54:47.507: I/Launcher(2055): Deferring update until onResume
10-11 21:54:47.514: I/Launcher(2055): Deferring update until onResume
10-11 21:54:47.521: I/ActivityManager(1678): Start proc 5552:com.android.musicfx/u0a18 for broadcast com.android.musicfx/.Compatibility$Receiver
10-11 21:54:47.524: D/Wear_Controller(4647): Received broadcast action=android.intent.action.PACKAGE_CHANGED and uri=com.google.android.videos
10-11 21:54:47.526: W/ConfigurationChimeraProvider(4671): Got null configs for com.google.android.gms.chromesync
10-11 21:54:47.539: I/Icing(4647): IndexChimeraService.getServiceInterface callingPackage=com.google.android.gms componentName=AppsCorpus serviceId=36
10-11 21:54:47.541: I/UpdateIcingCorporaServi(2160): Updating corpora: APPS=com.habitrpg.android.habitica, CONTACTS=MAYBE
10-11 21:54:47.542: I/Icing(4647): IndexChimeraService.getServiceInterface callingPackage=com.google.android.gms componentName=AppsCorpus serviceId=32
10-11 21:54:47.553: I/Icing(4647): IndexChimeraService.getServiceInterface callingPackage=com.google.android.googlequicksearchbox componentName=null serviceId=21
10-11 21:54:47.564: W/ConfigurationChimeraProvider(4671): Got null configs for com.google.android.gms.appinvite
10-11 21:54:47.569: I/ActivityManager(1678): Killing 4570:com.google.android.gm.exchange/u0a69 (adj 15): empty #17
10-11 21:54:47.603: I/surfaceflinger(1336): type=1400 audit(0.0:109): avc: denied { ioctl } for path="/dev/userspace_framebuffer" dev="tmpfs" ino=6055 ioctlcmd=7702 scontext=u:r:surfaceflinger:s0 tcontext=u:object_r:device:s0 tclass=file permissive=1
10-11 21:54:47.672: I/Remoter(1328): Saved screenshot to '/data/screenshots/__pmv__-0092.jpg'
10-11 21:54:47.690: W/art(1678): Long monitor contention event with owner method=void com.android.server.am.ActivityManagerService.serviceDoneExecuting(android.os.IBinder, int, int, int) from ActivityManagerService.java:15370 waiters=2 for 118ms
10-11 21:54:47.690: W/art(4647): Long monitor contention event with owner method=boolean android.app.ActivityThread.releaseProvider(android.content.IContentProvider, boolean) from ActivityThread.java:4744 waiters=2 for 117ms
10-11 21:54:47.694: W/art(4647): Long monitor contention event with owner method=boolean android.app.ActivityThread.releaseProvider(android.content.IContentProvider, boolean) from ActivityThread.java:4744 waiters=3 for 121ms
10-11 21:54:47.695: D/Wear_Controller(4647): Received broadcast action=android.intent.action.PACKAGE_ADDED and uri=com.habitrpg.android.habitica
10-11 21:54:47.712: I/FA-SVC(4647): App measurement is starting up, version: 11519
10-11 21:54:47.724: I/Icing(4647): Usage reports 0 indexed 0 rejected 0 imm upload true
10-11 21:54:47.726: I/Icing(4647): Usage reports 0 indexed 0 rejected 0 imm upload false
10-11 21:54:47.728: I/Icing(4647): Usage reports 0 indexed 0 rejected 0 imm upload false
10-11 21:54:47.756: I/art(4647): Explicit concurrent mark sweep GC freed 27196(1723KB) AllocSpace objects, 13(209KB) LOS objects, 40% free, 21MB/35MB, paused 513us total 26.572ms
10-11 21:54:47.760: I/ApplicationLogger(2160): canRun() : Opted Out
10-11 21:54:47.760: I/UpdateIcingCorporaServi(2160): UpdateCorporaTask done [took 219 ms] updated apps [took 219 ms] 
10-11 21:54:47.763: I/Icing(4647): IndexChimeraService.getServiceInterface callingPackage=com.google.android.gms componentName=AppsCorpus serviceId=36
10-11 21:54:47.763: I/Icing(4647): IndexChimeraService.getServiceInterface callingPackage=com.google.android.gms componentName=AppsCorpus serviceId=32
10-11 21:54:47.766: I/Icing(4647): Usage reports 0 indexed 0 rejected 0 imm upload false
10-11 21:54:47.767: I/Icing(4647): Usage reports 0 indexed 0 rejected 0 imm upload false
10-11 21:54:48.698: I/Remoter(1328): Saved screenshot to '/data/screenshots/__pmv__-0093.jpg'
10-11 21:54:48.760: I/Icing(4647): Indexing 78809412366E3FB9E25492F12C0E3355617CA57E from com.google.android.googlequicksearchbox
10-11 21:54:48.775: I/art(2121): Explicit concurrent mark sweep GC freed 3770(164KB) AllocSpace objects, 0(0B) LOS objects, 39% free, 4MB/6MB, paused 209us total 5.427ms
10-11 21:54:48.788: I/Icing(4647): Indexing done 78809412366E3FB9E25492F12C0E3355617CA57E
10-11 21:54:48.788: I/Icing(4647): Indexing 5233BB6556150606E6EA2800A20D5D691B1774CC from com.google.android.gms
10-11 21:54:48.808: I/Icing(4647): Indexing done 5233BB6556150606E6EA2800A20D5D691B1774CC
10-11 21:54:48.811: I/Icing(4647): IndexChimeraService.getServiceInterface callingPackage=com.google.android.inputmethod.latin componentName=null serviceId=21
10-11 21:54:48.815: I/Icing(4647): Usage reports 0 indexed 0 rejected 0 imm upload false
10-11 21:54:49.298: D/AndroidRuntime(5587): >>>>>> START com.android.internal.os.RuntimeInit uid 0 <<<<<<
10-11 21:54:49.299: D/AndroidRuntime(5587): CheckJNI is OFF
10-11 21:54:49.314: E/memtrack(5587): Couldn't load memtrack module (No such file or directory)
10-11 21:54:49.314: E/android.os.Debug(5587): failed to load memtrack module: -2
10-11 21:54:49.323: D/AndroidRuntime(5587): Calling main entry com.android.commands.pm.Pm
10-11 21:54:49.325: I/art(5587): System.exit called, status: 1
10-11 21:54:49.325: I/AndroidRuntime(5587): VM exiting with result code 1.
10-11 21:54:49.474: D/AndroidRuntime(5603): >>>>>> START com.android.internal.os.RuntimeInit uid 0 <<<<<<
10-11 21:54:49.475: D/AndroidRuntime(5603): CheckJNI is OFF
10-11 21:54:49.491: E/memtrack(5603): Couldn't load memtrack module (No such file or directory)
10-11 21:54:49.491: E/android.os.Debug(5603): failed to load memtrack module: -2
10-11 21:54:49.499: D/AndroidRuntime(5603): Calling main entry com.android.commands.am.Am
10-11 21:54:49.500: I/ActivityManager(1678): Force stopping com.google.android.apps.mtaas.tools appid=10079 user=0: start instr
10-11 21:54:49.520: I/ActivityManager(1678): Start proc 5613:com.google.android.apps.mtaas.tools/u0a79 for added application com.google.android.apps.mtaas.tools
10-11 21:54:49.531: D/DumpPackageStats(5613): Instrumentation completed successfully
10-11 21:54:49.531: D/AndroidRuntime(5603): Shutting down VM
10-11 21:54:49.724: I/Remoter(1328): Saved screenshot to '/data/screenshots/__pmv__-0094.jpg'
10-11 21:54:49.749: I/ActivityManager(1678): Force stopping com.google.android.apps.mtaas.tools appid=10079 user=0: finished inst
10-11 21:54:49.749: I/ActivityManager(1678): Killing 5613:com.google.android.apps.mtaas.tools/u0a79 (adj 0): stop com.google.android.apps.mtaas.tools
10-11 21:54:49.811: W/ActivityManager(1678): Spurious death for ProcessRecord{9534201 5613:com.google.android.apps.mtaas.tools/u0a79}, curProc for 5613: null
10-11 21:54:50.308: D/DefContainer(4103): Copying /data/user/0/com.android.providers.downloads/cache/downloadfile.bin to base.apk
10-11 21:54:50.772: D/Babel_SmsDepUtil(5070): imp:-1:3602
10-11 21:54:50.772: D/Babel_SmsDep(5070): disabled
10-11 21:54:50.785: D/PackageManager(1678): Renaming /data/app/vmdl1464621545.tmp to /data/app/com.android.vending-1
10-11 21:54:50.785: I/Babel_ConcService(5070): Acquired partial wake lock to keep ConcurrentService alive
10-11 21:54:50.786: I/ActivityManager(1678): Force stopping com.android.vending appid=10019 user=-1: replace sys pkg
10-11 21:54:50.786: I/ActivityManager(1678): Killing 4899:com.android.vending/u0a19 (adj 9): stop com.android.vending
10-11 21:54:50.786: I/Babel_ConcService(5070): Released partial wake lock as ConcurrentService became idle
10-11 21:54:50.791: W/PackageManager(1678): Trying to update system app code path from /system/priv-app/Phonesky to /data/app/com.android.vending-1
10-11 21:54:50.800: I/PackageManager(1678): Running dexopt on: /data/app/com.android.vending-1/base.apk pkg=com.android.vending isa=x86 vmSafeMode=false
10-11 21:54:50.809: E/cutils-trace(5635): Error opening trace file: Permission denied (13)
10-11 21:54:50.809: I/dex2oat(5635): /system/bin/dex2oat --zip-fd=6 --zip-location=/data/app/com.android.vending-1/base.apk --oat-fd=7 --oat-location=/data/dalvik-cache/x86/data@app@com.android.vending-1@base.apk@classes.dex --instruction-set=x86 --instruction-set-features=default --runtime-arg -Xms64m --runtime-arg -Xmx512m --swap-fd=8
10-11 21:54:50.811: I/Remoter(1328): Saved screenshot to '/data/screenshots/__pmv__-0095.jpg'
10-11 21:54:50.842: I/ActivityManager(1678): Killing 4647:com.google.android.gms/u0a9 (adj 1): stop com.android.vending
10-11 21:54:50.872: D/WifiService(1678): Client connection lost with reason: 4
10-11 21:54:50.874: W/ActivityManager(1678): Scheduling restart of crashed service com.google.android.gms/.icing.service.IndexService in 1000ms
10-11 21:54:50.874: W/ActivityManager(1678): Scheduling restart of crashed service com.google.android.gms/.analytics.service.AnalyticsService in 11000ms
10-11 21:54:50.874: W/ActivityManager(1678): Scheduling restart of crashed service com.google.android.gms/.chimera.GmsIntentOperationService in 21000ms
10-11 21:54:50.875: W/ActivityManager(1678): Spurious death for ProcessRecord{134b6352 4647:com.google.android.gms/u0a9}, curProc for 4647: null
10-11 21:54:50.875: W/ActivityManager(1678): Spurious death for ProcessRecord{3a0ffd9b 4899:com.android.vending/u0a19}, curProc for 4899: null
10-11 21:54:51.047: I/dex2oat(5635): Decided to run without swap.
10-11 21:54:51.850: I/Remoter(1328): Saved screenshot to '/data/screenshots/__pmv__-0096.jpg'
10-11 21:54:51.904: I/ActivityManager(1678): Start proc 5639:com.google.android.gms/u0a9 for service com.google.android.gms/.icing.service.IndexService
10-11 21:54:51.917: W/ResourcesManager(5639): Asset path '/system/framework/com.android.media.remotedisplay.jar' does not exist or contains no resources.
10-11 21:54:51.917: W/ResourcesManager(5639): Asset path '/system/framework/com.android.location.provider.jar' does not exist or contains no resources.
10-11 21:54:51.938: I/LoadedApk(5639): No resource references to update in package FFFFFFFFFFFFFFFFFFFFFF
10-11 21:54:51.961: W/linker(5639): libconscrypt_gmscore_jni.so: unused DT entry: type 0x1d arg 0x91
10-11 21:54:51.962: V/NativeCrypto(5639): Registering com/google/android/gms/org/conscrypt/NativeCrypto's 259 native methods...
10-11 21:54:51.966: I/art(5639): Rejecting re-init on previously-failed class java.lang.Class<com.google.android.gms.org.conscrypt.OpenSSLExtendedSessionImpl>
10-11 21:54:51.967: I/art(5639): Rejecting re-init on previously-failed class java.lang.Class<com.google.android.gms.org.conscrypt.OpenSSLExtendedSessionImpl>
10-11 21:54:51.967: I/art(5639): Rejecting re-init on previously-failed class java.lang.Class<com.google.android.gms.org.conscrypt.OpenSSLExtendedSessionImpl>
10-11 21:54:51.975: I/ProviderInstaller(5639): Installed default security provider GmsCore_OpenSSL
10-11 21:54:51.985: E/Volley(3067): [261] xa.a: Unexpected response code 503 for https://www.googleapis.com/youtubei/v1/notification_registration/set_registration?key=AIzaSyA8eiZmM1FaDVjRy-df2KTyQ_vz_yYM39w
10-11 21:54:51.986: W/YouTube(3067): (unknown) Could not register for notifications with InnerTube: 
10-11 21:54:51.986: W/YouTube(3067): fay: java.util.concurrent.ExecutionException: wu
10-11 21:54:51.986: W/YouTube(3067): 	at ezo.a(SourceFile:103)
10-11 21:54:51.986: W/YouTube(3067): 	at fpl.run(SourceFile:57)
10-11 21:54:51.986: W/YouTube(3067): 	at java.util.concurrent.ThreadPoolExecutor.runWorker(ThreadPoolExecutor.java:1112)
10-11 21:54:51.986: W/YouTube(3067): 	at java.util.concurrent.ThreadPoolExecutor$Worker.run(ThreadPoolExecutor.java:587)
10-11 21:54:51.986: W/YouTube(3067): 	at ers.run(SourceFile:40)
10-11 21:54:51.986: W/YouTube(3067): 	at java.lang.Thread.run(Thread.java:818)
10-11 21:54:51.986: W/YouTube(3067): Caused by: java.util.concurrent.ExecutionException: wu
10-11 21:54:51.986: W/YouTube(3067): 	at xv.a(SourceFile:117)
10-11 21:54:51.986: W/YouTube(3067): 	at xv.get(SourceFile:88)
10-11 21:54:51.986: W/YouTube(3067): 	at goc.get(SourceFile:69)
10-11 21:54:51.986: W/YouTube(3067): 	at ezo.a(SourceFile:99)
10-11 21:54:51.986: W/YouTube(3067): 	... 5 more
10-11 21:54:51.986: W/YouTube(3067): Caused by: wu
10-11 21:54:51.986: W/YouTube(3067): 	at xa.a(SourceFile:145)
10-11 21:54:51.986: W/YouTube(3067): 	at gnu.a(SourceFile:49)
10-11 21:54:51.986: W/YouTube(3067): 	at wg.run(SourceFile:105)
10-11 21:54:52.052: W/ChimeraUtils(5639): Non Chimera context
10-11 21:54:52.092: I/Icing(5639): Storage manager: low false usage 1.73MB avail 2.89GB capacity 3.89GB
10-11 21:54:52.095: I/art(5639): Rejecting re-init on previously-failed class java.lang.Class<mgn>
10-11 21:54:52.095: I/art(5639): Rejecting re-init on previously-failed class java.lang.Class<mgn>
10-11 21:54:52.141: I/GAv4-SVC(5639): Google Analytics 11.5.19 is starting up.
10-11 21:54:52.144: W/Icing(5639): city name for address is empty or is not existed. 
10-11 21:54:52.144: W/Icing(5639): street name for address is empty or is not existed. 
10-11 21:54:52.144: W/Icing(5639): transportation_script_path is empty
10-11 21:54:52.154: W/Icing(5639): Words file  does not exist!
10-11 21:54:52.154: W/Icing(5639): WordsMap was not properly initialized
10-11 21:54:52.204: I/DynamiteModule(5639): Considering local module com.google.android.gms.googlecertificates:4 and remote module com.google.android.gms.googlecertificates:4
10-11 21:54:52.204: I/DynamiteModule(5639): Selected local version of com.google.android.gms.googlecertificates
10-11 21:54:52.245: W/UdcContextManagerHelper(4671): Empty context buffer. Thus might mean that the context is not synced down.
10-11 21:54:52.245: W/UploadOptInStatusOp(4671): Empty context model while retrieving upload opt-in status!
10-11 21:54:52.259: E/ctxmgr(4671): [NetworkUtil]No active synchronizable contexts.
10-11 21:54:52.306: I/Icing(5639): updateResources: need to parse tvm{com.google.android.gms}
10-11 21:54:52.337: W/Auth(4671): [GetToken] GetToken failed with status code: INVALID_SCOPE
10-11 21:54:52.337: W/AuthSessionAuthenticato(4671): Auth related exception is being ignored: INVALID_SCOPE
10-11 21:54:52.339: W/GLSUser(4671): [DeviceKeyStore] Cannot load key: Device key file not found.
10-11 21:54:52.339: W/GLSUser(4671): [DeviceKeyStore] Cannot load key: Device key file not found.
10-11 21:54:52.339: E/ctxmgr(4671): [BaseServerTask]Server task (FetchAclSet) got error statusCode=-1.
10-11 21:54:52.339: E/ctxmgr(4671): com.android.volley.VolleyError: Unable to obtain auth token - is the device online?
10-11 21:54:52.339: E/ctxmgr(4671): 	at cjq.a(:com.google.android.gms@11519270:39)
10-11 21:54:52.339: E/ctxmgr(4671): 	at cez.run(:com.google.android.gms@11519270:2)
10-11 21:54:52.339: E/ctxmgr(4671): 	at cex.handleMessage(:com.google.android.gms@11519270:3)
10-11 21:54:52.339: E/ctxmgr(4671): 	at mmw.run(:com.google.android.gms@11519270:6)
10-11 21:54:52.339: E/ctxmgr(4671): 	at mng.run(:com.google.android.gms@11519270:25)
10-11 21:54:52.339: E/ctxmgr(4671): 	at java.util.concurrent.ThreadPoolExecutor.runWorker(ThreadPoolExecutor.java:1112)
10-11 21:54:52.339: E/ctxmgr(4671): 	at java.util.concurrent.ThreadPoolExecutor$Worker.run(ThreadPoolExecutor.java:587)
10-11 21:54:52.339: E/ctxmgr(4671): 	at mso.run(:com.google.android.gms@11519270)
10-11 21:54:52.339: E/ctxmgr(4671): 	at java.lang.Thread.run(Thread.java:818)
10-11 21:54:52.340: E/ctxmgr(4671): [AccountAclCallback]Failed Acl fetch: network status=-1
10-11 21:54:52.388: I/art(4671): Explicit concurrent mark sweep GC freed 46146(2MB) AllocSpace objects, 0(0B) LOS objects, 40% free, 12MB/20MB, paused 419us total 28.430ms
10-11 21:54:52.401: W/ActivityManager(1678): Unable to start service Intent { act=com.android.vending.contentfilters.IContentFiltersService.BIND pkg=com.android.vending } U=0: not found
10-11 21:54:52.402: W/InstantApps(4671): vcj: Unable to read Finsky Content Filter settings
10-11 21:54:52.402: W/InstantApps(4671): 	at vci.a(:com.google.android.gms@11519270:4)
10-11 21:54:52.402: W/InstantApps(4671): 	at vbp.b(:com.google.android.gms@11519270:6)
10-11 21:54:52.402: W/InstantApps(4671): 	at vbp.a(:com.google.android.gms@11519270)
10-11 21:54:52.402: W/InstantApps(4671): 	at vcc.call(:com.google.android.gms@11519270:2)
10-11 21:54:52.402: W/InstantApps(4671): 	at java.util.concurrent.FutureTask.run(FutureTask.java:237)
10-11 21:54:52.402: W/InstantApps(4671): 	at mng.run(:com.google.android.gms@11519270:25)
10-11 21:54:52.402: W/InstantApps(4671): 	at java.util.concurrent.ThreadPoolExecutor.runWorker(ThreadPoolExecutor.java:1112)
10-11 21:54:52.402: W/InstantApps(4671): 	at java.util.concurrent.ThreadPoolExecutor$Worker.run(ThreadPoolExecutor.java:587)
10-11 21:54:52.402: W/InstantApps(4671): 	at mso.run(:com.google.android.gms@11519270)
10-11 21:54:52.402: W/InstantApps(4671): 	at java.lang.Thread.run(Thread.java:818)
10-11 21:54:52.403: I/Icing(5639): Internal init done: storage state 0
10-11 21:54:52.412: I/Auth(4671): [ReflectiveChannelBinder] Successfully bound channel!
10-11 21:54:52.422: W/Conscrypt(4671): Could not set socket write timeout:
10-11 21:54:52.422: I/art(2121): Explicit concurrent mark sweep GC freed 3606(158KB) AllocSpace objects, 0(0B) LOS objects, 39% free, 4MB/6MB, paused 1.630ms total 7.059ms
10-11 21:54:52.422: W/Conscrypt(4671):    java.lang.reflect.Method.invoke(Native Method)
10-11 21:54:52.422: W/Conscrypt(4671):    java.lang.reflect.Method.invoke(Method.java:372)
10-11 21:54:52.425: W/Conscrypt(4671): Could not set socket write timeout:
10-11 21:54:52.425: W/Conscrypt(4671):    java.lang.reflect.Method.invoke(Native Method)
10-11 21:54:52.425: W/Conscrypt(4671):    java.lang.reflect.Method.invoke(Method.java:372)
10-11 21:54:52.441: I/Icing(5639): Post-init done
10-11 21:54:52.504: W/Auth(4671): [GetToken] GetToken failed with status code: INVALID_SCOPE
10-11 21:54:52.504: W/GLSActivity(4671): dzw: INVALID_SCOPE
10-11 21:54:52.504: W/GLSActivity(4671): 	at eaa.a(:com.google.android.gms@11519270:16)
10-11 21:54:52.504: W/GLSActivity(4671): 	at dzz.a(:com.google.android.gms@11519270:2)
10-11 21:54:52.504: W/GLSActivity(4671): 	at dzz.e(:com.google.android.gms@11519270:6)
10-11 21:54:52.504: W/GLSActivity(4671): 	at dzy.a(:com.google.android.gms@11519270:1)
10-11 21:54:52.504: W/GLSActivity(4671): 	at ebo.getAuthToken(:com.google.android.gms@11519270:7)
10-11 21:54:52.504: W/GLSActivity(4671): 	at android.accounts.AbstractAccountAuthenticator$Transport.getAuthToken(AbstractAccountAuthenticator.java:196)
10-11 21:54:52.504: W/GLSActivity(4671): 	at android.accounts.IAccountAuthenticator$Stub.onTransact(IAccountAuthenticator.java:113)
10-11 21:54:52.504: W/GLSActivity(4671): 	at android.os.Binder.transact(Binder.java:380)
10-11 21:54:52.504: W/GLSActivity(4671): 	at bvp.onTransact(:com.google.android.gms@11519270:3)
10-11 21:54:52.504: W/GLSActivity(4671): 	at android.os.Binder.execTransact(Binder.java:446)
10-11 21:54:52.505: E/InstantApps(4671): getTokenWithNotification failed
10-11 21:54:52.505: E/InstantApps(4671): android.accounts.AuthenticatorException: INVALID_SCOPE
10-11 21:54:52.505: E/InstantApps(4671): 	at android.accounts.AccountManager.convertErrorToException(AccountManager.java:2017)
10-11 21:54:52.505: E/InstantApps(4671): 	at android.accounts.AccountManager.access$400(AccountManager.java:144)
10-11 21:54:52.505: E/InstantApps(4671): 	at android.accounts.AccountManager$AmsTask$Response.onError(AccountManager.java:1867)
10-11 21:54:52.505: E/InstantApps(4671): 	at android.accounts.IAccountManagerResponse$Stub.onTransact(IAccountManagerResponse.java:69)
10-11 21:54:52.505: E/InstantApps(4671): 	at android.os.Binder.execTransact(Binder.java:446)
10-11 21:54:52.505: E/InstantApps(4671): RouterBackendClient: updateUserPrefs failed
10-11 21:54:52.505: E/InstantApps(4671): vca: getTokenWithNotification failed
10-11 21:54:52.505: E/InstantApps(4671): 	at vbz.a(:com.google.android.gms@11519270:7)
10-11 21:54:52.505: E/InstantApps(4671): 	at vbr.b(:com.google.android.gms@11519270:13)
10-11 21:54:52.505: E/InstantApps(4671): 	at vbr.a(:com.google.android.gms@11519270)
10-11 21:54:52.505: E/InstantApps(4671): 	at vcc.call(:com.google.android.gms@11519270:2)
10-11 21:54:52.505: E/InstantApps(4671): 	at java.util.concurrent.FutureTask.run(FutureTask.java:237)
10-11 21:54:52.505: E/InstantApps(4671): 	at mng.run(:com.google.android.gms@11519270:25)
10-11 21:54:52.505: E/InstantApps(4671): 	at java.util.concurrent.ThreadPoolExecutor.runWorker(ThreadPoolExecutor.java:1112)
10-11 21:54:52.505: E/InstantApps(4671): 	at java.util.concurrent.ThreadPoolExecutor$Worker.run(ThreadPoolExecutor.java:587)
10-11 21:54:52.505: E/InstantApps(4671): 	at mso.run(:com.google.android.gms@11519270)
10-11 21:54:52.505: E/InstantApps(4671): 	at java.lang.Thread.run(Thread.java:818)
10-11 21:54:52.505: E/InstantApps(4671): Caused by: android.accounts.AuthenticatorException: INVALID_SCOPE
10-11 21:54:52.505: E/InstantApps(4671): 	at android.accounts.AccountManager.convertErrorToException(AccountManager.java:2017)
10-11 21:54:52.505: E/InstantApps(4671): 	at android.accounts.AccountManager.access$400(AccountManager.java:144)
10-11 21:54:52.505: E/InstantApps(4671): 	at android.accounts.AccountManager$AmsTask$Response.onError(AccountManager.java:1867)
10-11 21:54:52.505: E/InstantApps(4671): 	at android.accounts.IAccountManagerResponse$Stub.onTransact(IAccountManagerResponse.java:69)
10-11 21:54:52.505: E/InstantApps(4671): 	at android.os.Binder.execTransact(Binder.java:446)
10-11 21:54:52.506: E/InstantApps(4671): UserPrefsUpdater: Failed updateUserPrefs: status=0
10-11 21:54:52.557: W/Auth(4671): [GetToken] GetToken failed with status code: INVALID_SCOPE
10-11 21:54:52.557: W/GLSActivity(4671): dzw: INVALID_SCOPE
10-11 21:54:52.557: W/GLSActivity(4671): 	at eaa.a(:com.google.android.gms@11519270:16)
10-11 21:54:52.557: W/GLSActivity(4671): 	at dzz.a(:com.google.android.gms@11519270:2)
10-11 21:54:52.557: W/GLSActivity(4671): 	at dzz.e(:com.google.android.gms@11519270:6)
10-11 21:54:52.557: W/GLSActivity(4671): 	at dzy.a(:com.google.android.gms@11519270:1)
10-11 21:54:52.557: W/GLSActivity(4671): 	at ebo.getAuthToken(:com.google.android.gms@11519270:7)
10-11 21:54:52.557: W/GLSActivity(4671): 	at android.accounts.AbstractAccountAuthenticator$Transport.getAuthToken(AbstractAccountAuthenticator.java:196)
10-11 21:54:52.557: W/GLSActivity(4671): 	at android.accounts.IAccountAuthenticator$Stub.onTransact(IAccountAuthenticator.java:113)
10-11 21:54:52.557: W/GLSActivity(4671): 	at android.os.Binder.transact(Binder.java:380)
10-11 21:54:52.557: W/GLSActivity(4671): 	at bvp.onTransact(:com.google.android.gms@11519270:3)
10-11 21:54:52.557: W/GLSActivity(4671): 	at android.os.Binder.execTransact(Binder.java:446)
10-11 21:54:52.558: E/InstantApps(4671): getTokenWithNotification failed
10-11 21:54:52.558: E/InstantApps(4671): android.accounts.AuthenticatorException: INVALID_SCOPE
10-11 21:54:52.558: E/InstantApps(4671): 	at android.accounts.AccountManager.convertErrorToException(AccountManager.java:2017)
10-11 21:54:52.558: E/InstantApps(4671): 	at android.accounts.AccountManager.access$400(AccountManager.java:144)
10-11 21:54:52.558: E/InstantApps(4671): 	at android.accounts.AccountManager$AmsTask$Response.onError(AccountManager.java:1867)
10-11 21:54:52.558: E/InstantApps(4671): 	at android.accounts.IAccountManagerResponse$Stub.onTransact(IAccountManagerResponse.java:69)
10-11 21:54:52.558: E/InstantApps(4671): 	at android.os.Binder.execTransact(Binder.java:446)
10-11 21:54:52.559: E/InstantApps(4671): DomainFilterImpl: Error while reading domain filter from WHAPI
10-11 21:54:52.559: E/InstantApps(4671): java.util.concurrent.ExecutionException: bagi: UNAUTHENTICATED
10-11 21:54:52.559: E/InstantApps(4671): 	at java.util.concurrent.FutureTask.report(FutureTask.java:93)
10-11 21:54:52.559: E/InstantApps(4671): 	at java.util.concurrent.FutureTask.get(FutureTask.java:163)
10-11 21:54:52.559: E/InstantApps(4671): 	at vcb.get(:com.google.android.gms@11519270:2)
10-11 21:54:52.559: E/InstantApps(4671): 	at vgh.a(:com.google.android.gms@11519270:7)
10-11 21:54:52.559: E/InstantApps(4671): 	at vgh.a(:com.google.android.gms@11519270:54)
10-11 21:54:52.559: E/InstantApps(4671): 	at vgh.a(:com.google.android.gms@11519270:120)
10-11 21:54:52.559: E/InstantApps(4671): 	at vge.a(:com.google.android.gms@11519270:1)
10-11 21:54:52.559: E/InstantApps(4671): 	at com.google.android.gms.instantapps.routing.DomainFilterUpdateChimeraService.a(:com.google.android.gms@11519270:10)
10-11 21:54:52.559: E/InstantApps(4671): 	at sto.run(:com.google.android.gms@11519270:1)
10-11 21:54:52.559: E/InstantApps(4671): 	at java.util.concurrent.ThreadPoolExecutor.runWorker(ThreadPoolExecutor.java:1112)
10-11 21:54:52.559: E/InstantApps(4671): 	at java.util.concurrent.ThreadPoolExecutor$Worker.run(ThreadPoolExecutor.java:587)
10-11 21:54:52.559: E/InstantApps(4671): 	at java.lang.Thread.run(Thread.java:818)
10-11 21:54:52.559: E/InstantApps(4671): Caused by: bagi: UNAUTHENTICATED
10-11 21:54:52.559: E/InstantApps(4671): 	at vbp.b(:com.google.android.gms@11519270:31)
10-11 21:54:52.559: E/InstantApps(4671): 	at vbp.a(:com.google.android.gms@11519270)
10-11 21:54:52.559: E/InstantApps(4671): 	at vcc.call(:com.google.android.gms@11519270:2)
10-11 21:54:52.559: E/InstantApps(4671): 	at java.util.concurrent.FutureTask.run(FutureTask.java:237)
10-11 21:54:52.559: E/InstantApps(4671): 	at mng.run(:com.google.android.gms@11519270:25)
10-11 21:54:52.559: E/InstantApps(4671): 	at java.util.concurrent.ThreadPoolExecutor.runWorker(ThreadPoolExecutor.java:1112)
10-11 21:54:52.559: E/InstantApps(4671): 	at java.util.concurrent.ThreadPoolExecutor$Worker.run(ThreadPoolExecutor.java:587)
10-11 21:54:52.559: E/InstantApps(4671): 	at mso.run(:com.google.android.gms@11519270)
10-11 21:54:52.559: E/InstantApps(4671): 	... 1 more
10-11 21:54:52.559: W/InstantApps(4671): DomainFilterUpdateChimeraService: Retry later
10-11 21:54:52.592: W/UdcContextManagerHelper(4671): Empty context buffer. Thus might mean that the context is not synced down.
10-11 21:54:52.592: W/UploadOptInStatusOp(4671): Empty context model while retrieving upload opt-in status!
10-11 21:54:52.593: E/ctxmgr(4671): [NetworkUtil]No active synchronizable contexts.
10-11 21:54:52.654: W/Auth(4671): [GetToken] GetToken failed with status code: INVALID_SCOPE
10-11 21:54:52.654: W/AuthSessionAuthenticato(4671): Auth related exception is being ignored: INVALID_SCOPE
10-11 21:54:52.655: W/GLSUser(4671): [DeviceKeyStore] Cannot load key: Device key file not found.
10-11 21:54:52.655: W/GLSUser(4671): [DeviceKeyStore] Cannot load key: Device key file not found.
10-11 21:54:52.656: E/ctxmgr(4671): [BaseServerTask]Server task (FetchAclSet) got error statusCode=-1.
10-11 21:54:52.656: E/ctxmgr(4671): com.android.volley.VolleyError: Unable to obtain auth token - is the device online?
10-11 21:54:52.656: E/ctxmgr(4671): 	at cjq.a(:com.google.android.gms@11519270:39)
10-11 21:54:52.656: E/ctxmgr(4671): 	at cez.run(:com.google.android.gms@11519270:2)
10-11 21:54:52.656: E/ctxmgr(4671): 	at cex.handleMessage(:com.google.android.gms@11519270:3)
10-11 21:54:52.656: E/ctxmgr(4671): 	at mmw.run(:com.google.android.gms@11519270:6)
10-11 21:54:52.656: E/ctxmgr(4671): 	at mng.run(:com.google.android.gms@11519270:25)
10-11 21:54:52.656: E/ctxmgr(4671): 	at java.util.concurrent.ThreadPoolExecutor.runWorker(ThreadPoolExecutor.java:1112)
10-11 21:54:52.656: E/ctxmgr(4671): 	at java.util.concurrent.ThreadPoolExecutor$Worker.run(ThreadPoolExecutor.java:587)
10-11 21:54:52.656: E/ctxmgr(4671): 	at mso.run(:com.google.android.gms@11519270)
10-11 21:54:52.656: E/ctxmgr(4671): 	at java.lang.Thread.run(Thread.java:818)
10-11 21:54:52.656: E/ctxmgr(4671): [AccountAclCallback]Failed Acl fetch: network status=-1
10-11 21:54:52.748: D/AndroidRuntime(5690): >>>>>> START com.android.internal.os.RuntimeInit uid 0 <<<<<<
10-11 21:54:52.749: D/AndroidRuntime(5690): CheckJNI is OFF
10-11 21:54:52.769: E/memtrack(5690): Couldn't load memtrack module (No such file or directory)
10-11 21:54:52.769: E/android.os.Debug(5690): failed to load memtrack module: -2
10-11 21:54:52.782: D/AndroidRuntime(5690): Calling main entry com.android.commands.am.Am
10-11 21:54:52.783: I/ActivityManager(1678): Force stopping com.google.android.apps.mtaas.tools appid=10079 user=0: start instr
10-11 21:54:52.815: I/ActivityManager(1678): Start proc 5700:com.google.android.apps.mtaas.tools/u0a79 for added application com.google.android.apps.mtaas.tools
10-11 21:54:52.828: D/DumpStaticPerfEnv(5700): Instrumentation completed successfully
10-11 21:54:52.829: D/AndroidRuntime(5690): Shutting down VM
10-11 21:54:52.903: I/Remoter(1328): Saved screenshot to '/data/screenshots/__pmv__-0097.jpg'
10-11 21:54:53.051: I/ActivityManager(1678): Force stopping com.google.android.apps.mtaas.tools appid=10079 user=0: finished inst
10-11 21:54:53.051: I/ActivityManager(1678): Killing 5700:com.google.android.apps.mtaas.tools/u0a79 (adj 0): stop com.google.android.apps.mtaas.tools
10-11 21:54:53.960: I/Remoter(1328): Saved screenshot to '/data/screenshots/__pmv__-0098.jpg'
10-11 21:54:55.002: I/Remoter(1328): Saved screenshot to '/data/screenshots/__pmv__-0099.jpg'
10-11 21:54:56.026: I/GceRil(1340): Received request 19
10-11 21:54:56.026: I/GceRil(1340): Reporting signal strength: GW=29 CDMA=-61 EVDO=-75 LTE=29
10-11 21:54:56.042: I/Remoter(1328): Saved screenshot to '/data/screenshots/__pmv__-0100.jpg'
10-11 21:54:57.079: I/Remoter(1328): Saved screenshot to '/data/screenshots/__pmv__-0101.jpg'
10-11 21:54:57.831: I/dex2oat(5635): dex2oat took 7.022s (threads: 2) arena alloc=1066KB java alloc=24MB native alloc=36MB free=15MB
10-11 21:54:57.836: W/PackageManager(1678): Code path for pkg : com.android.vending changing from /system/priv-app/Phonesky to /data/app/com.android.vending-1
10-11 21:54:57.836: I/ActivityManager(1678): Force stopping com.android.vending appid=10019 user=-1: update pkg
10-11 21:54:57.836: W/PackageManager(1678): Resource path for pkg : com.android.vending changing from /system/priv-app/Phonesky to /data/app/com.android.vending-1
10-11 21:54:57.843: W/PackageManager(1678): Not granting permission android.permission.SEND_DOWNLOAD_COMPLETED_INTENTS to package com.android.vending (protectionLevel=2 flags=0x404abec5)
10-11 21:54:57.843: W/PackageManager(1678): Unknown permission android.permission.SEND_SMS_NO_CONFIRMATION in package com.android.vending
10-11 21:54:57.843: W/PackageManager(1678): Unknown permission android.permission.USE_FINGERPRINT in package com.android.vending
10-11 21:54:57.843: W/PackageManager(1678): Unknown permission android.permission.GET_ACCOUNTS_PRIVILEGED in package com.android.vending
10-11 21:54:57.843: W/PackageManager(1678): Unknown permission android.permission.INSTALL_GRANT_RUNTIME_PERMISSIONS in package com.android.vending
10-11 21:54:57.843: W/PackageManager(1678): Unknown permission android.permission.GRANT_RUNTIME_PERMISSIONS in package com.android.vending
10-11 21:54:57.843: W/PackageManager(1678): Unknown permission android.permission.REVOKE_RUNTIME_PERMISSIONS in package com.android.vending
10-11 21:54:57.843: W/PackageManager(1678): Unknown permission android.permission.CHANGE_DEVICE_IDLE_TEMP_WHITELIST in package com.android.vending
10-11 21:54:57.843: W/PackageManager(1678): Not granting permission android.permission.BATTERY_STATS to package com.android.vending (protectionLevel=50 flags=0x404abec5)
10-11 21:54:57.843: W/PackageManager(1678): Not granting permission android.permission.BACKUP to package com.android.vending (protectionLevel=18 flags=0x404abec5)
10-11 21:54:57.843: W/PackageManager(1678): Not granting permission android.permission.CONNECTIVITY_INTERNAL to package com.android.vending (protectionLevel=18 flags=0x404abec5)
10-11 21:54:57.843: W/PackageManager(1678): Not granting permission android.permission.DUMP to package com.android.vending (protectionLevel=50 flags=0x404abec5)
10-11 21:54:57.843: W/PackageManager(1678): Not granting permission android.permission.UPDATE_DEVICE_STATS to package com.android.vending (protectionLevel=18 flags=0x404abec5)
10-11 21:54:57.843: W/PackageManager(1678): Not granting permission android.permission.SET_PREFERRED_APPLICATIONS to package com.android.vending (protectionLevel=2 flags=0x404abec5)
10-11 21:54:57.843: W/PackageManager(1678): Unknown permission android.permission.ACCESS_INSTANT_APPS in package com.android.vending
10-11 21:54:57.843: W/PackageManager(1678): Unknown permission com.google.android.partnersetup.permission.WRITE_APP_PROVIDER in package com.android.vending
10-11 21:54:57.843: W/PackageManager(1678): Not granting permission android.permission.GET_APP_OPS_STATS to package com.android.vending (protectionLevel=50 flags=0x404abec5)
10-11 21:54:57.843: W/PackageManager(1678): Unknown permission android.permission.ALLOCATE_AGGRESSIVE in package com.android.vending
10-11 21:54:57.843: W/PackageManager(1678): Unknown permission com.sec.android.provider.badge.permission.READ in package com.android.vending
10-11 21:54:57.843: W/PackageManager(1678): Unknown permission com.sec.android.provider.badge.permission.WRITE in package com.android.vending
10-11 21:54:57.843: W/PackageManager(1678): Unknown permission com.htc.launcher.permission.READ_SETTINGS in package com.android.vending
10-11 21:54:57.843: W/PackageManager(1678): Unknown permission com.htc.launcher.permission.UPDATE_SHORTCUT in package com.android.vending
10-11 21:54:57.843: W/PackageManager(1678): Unknown permission com.sonyericsson.home.permission.BROADCAST_BADGE in package com.android.vending
10-11 21:54:57.843: W/PackageManager(1678): Unknown permission com.sonymobile.home.permission.PROVIDER_INSERT_BADGE in package com.android.vending
10-11 21:54:57.843: W/PackageManager(1678): Unknown permission com.anddoes.launcher.permission.UPDATE_COUNT in package com.android.vending
10-11 21:54:57.843: W/PackageManager(1678): Unknown permission com.majeur.launcher.permission.UPDATE_BADGE in package com.android.vending
10-11 21:54:57.843: W/PackageManager(1678): Unknown permission com.huawei.android.launcher.permission.CHANGE_BADGE in package com.android.vending
10-11 21:54:57.843: W/PackageManager(1678): Unknown permission com.huawei.android.launcher.permission.READ_SETTINGS in package com.android.vending
10-11 21:54:57.843: W/PackageManager(1678): Unknown permission com.huawei.android.launcher.permission.WRITE_SETTINGS in package com.android.vending
10-11 21:54:57.843: W/PackageManager(1678): Unknown permission android.permission.READ_APP_BADGE in package com.android.vending
10-11 21:54:57.843: W/PackageManager(1678): Unknown permission com.oppo.launcher.permission.READ_SETTINGS in package com.android.vending
10-11 21:54:57.843: W/PackageManager(1678): Unknown permission com.oppo.launcher.permission.WRITE_SETTINGS in package com.android.vending
10-11 21:54:57.848: I/ActivityManager(1678): Force stopping com.android.vending appid=10019 user=0: pkg removed
10-11 21:54:57.859: I/art(2055): Explicit concurrent mark sweep GC freed 9153(595KB) AllocSpace objects, 44(1565KB) LOS objects, 24% free, 5MB/7MB, paused 97us total 9.910ms
10-11 21:54:57.873: I/InputReader(1678): Reconfiguring input devices.  changes=0x00000010
10-11 21:54:57.882: I/art(1678): Explicit concurrent mark sweep GC freed 67997(3MB) AllocSpace objects, 11(661KB) LOS objects, 33% free, 12MB/19MB, paused 928us total 32.534ms
10-11 21:54:57.882: D/JobSchedulerService(1678): Receieved: android.intent.action.PACKAGE_REMOVED
10-11 21:54:57.882: D/BackupManagerService(1678): Received broadcast Intent { act=android.intent.action.PACKAGE_REMOVED dat=package:com.android.vending flg=0x4000010 (has extras) }
10-11 21:54:57.896: I/ActivityManager(1678): Start proc 5722:com.android.keychain/1000 for broadcast com.android.keychain/.KeyChainBroadcastReceiver
10-11 21:54:57.899: I/InputReader(1678): Reconfiguring input devices.  changes=0x00000010
10-11 21:54:57.900: W/Settings(1678): Setting install_non_market_apps has moved from android.provider.Settings.Global to android.provider.Settings.Secure, returning read-only value.
10-11 21:54:57.925: D/BackupManagerService(1678): Received broadcast Intent { act=android.intent.action.PACKAGE_ADDED dat=package:com.android.vending flg=0x4000010 (has extras) }
10-11 21:54:57.926: D/BackupManagerService(1678): Now staging backup of com.android.vending
10-11 21:54:57.927: W/InputMethodInfo(1678): Duplicated subtype definition found: , voice
10-11 21:54:57.935: W/ContextImpl(5722): Calling a method in the system process without a qualified user: android.app.ContextImpl.startService:1692 android.content.ContextWrapper.startService:516 android.content.ContextWrapper.startService:516 com.android.keychain.KeyChainBroadcastReceiver.onReceive:12 android.app.ActivityThread.handleReceiver:2609 
10-11 21:54:57.936: W/ResourcesManager(2055): Asset path '/system/framework/com.google.android.maps.jar' does not exist or contains no resources.
10-11 21:54:57.940: I/Launcher(2055): Deferring update until onResume
10-11 21:54:57.941: W/Launcher(2055): setApplicationContext called twice! old=com.android.launcher3.LauncherApplication@2e53e8d6 new=com.android.launcher3.LauncherApplication@2e53e8d6
10-11 21:54:57.946: I/art(1678): Explicit concurrent mark sweep GC freed 7487(613KB) AllocSpace objects, 0(0B) LOS objects, 33% free, 12MB/19MB, paused 603us total 46.214ms
10-11 21:54:57.953: I/PackageManager(1678): Observer no longer exists.
10-11 21:54:57.959: E/NetworkScheduler.SR(4671): Unrecognised action provided: android.intent.action.PACKAGE_REMOVED
10-11 21:54:57.975: I/UpdateIcingCorporaServi(2160): Updating corpora: APPS=com.android.vending, CONTACTS=MAYBE
10-11 21:54:57.978: D/Wear_Controller(5639): Received broadcast action=android.intent.action.PACKAGE_REMOVED and uri=com.android.vending
10-11 21:54:57.983: I/MobileDataHub(5639): Using regular flags by method 1
10-11 21:54:57.997: W/ConfigurationChimeraProvider(4671): Got null configs for com.google.android.gms.chromesync
10-11 21:54:58.021: W/ConfigurationChimeraProvider(4671): Got null configs for com.google.android.gms.appinvite
10-11 21:54:58.041: I/Icing(5639): IndexChimeraService.getServiceInterface callingPackage=com.google.android.googlequicksearchbox componentName=null serviceId=21
10-11 21:54:58.042: I/ActivityManager(1678): Start proc 5772:com.google.android.apps.cloudprint/u0a35 for broadcast com.google.android.apps.cloudprint/.printdialog.receivers.UpgradeBroadcastReceiver
10-11 21:54:58.051: D/Wear_Controller(5639): Received broadcast action=android.intent.action.PACKAGE_ADDED and uri=com.android.vending
10-11 21:54:58.062: I/Icing(5639): IndexChimeraService.getServiceInterface callingPackage=com.google.android.gms componentName=AppsCorpus serviceId=32
10-11 21:54:58.067: I/Icing(5639): Usage reports 0 indexed 0 rejected 0 imm upload true
10-11 21:54:58.069: I/Icing(5639): IndexChimeraService.getServiceInterface callingPackage=com.google.android.gms componentName=AppsCorpus serviceId=36
10-11 21:54:58.096: I/ApplicationLogger(2160): canRun() : Opted Out
10-11 21:54:58.096: I/UpdateIcingCorporaServi(2160): UpdateCorporaTask done [took 122 ms] updated apps [took 122 ms] 
10-11 21:54:58.100: I/Icing(5639): Usage reports 0 indexed 0 rejected 0 imm upload false
10-11 21:54:58.104: I/MultiDex(5772): VM with version 2.1.0 has multidex support
10-11 21:54:58.104: I/MultiDex(5772): install
10-11 21:54:58.104: I/MultiDex(5772): VM has multidex support, MultiDex support library is disabled.
10-11 21:54:58.110: W/Launcher(2055): setApplicationContext called twice! old=com.android.launcher3.LauncherApplication@2e53e8d6 new=com.android.launcher3.LauncherApplication@2e53e8d6
10-11 21:54:58.128: I/ActivityManager(1678): Start proc 5795:com.android.vending/u0a19 for service com.android.vending/com.google.android.finsky.datasync.BrowseDataSyncTaskService
10-11 21:54:58.138: I/ActivityManager(1678): Killing 4541:com.google.android.gm/u0a70 (adj 15): empty #17
10-11 21:54:58.148: I/art(1346): Explicit concurrent mark sweep GC freed 706(30KB) AllocSpace objects, 0(0B) LOS objects, 39% free, 3MB/5MB, paused 73us total 18.505ms
10-11 21:54:58.161: I/Remoter(1328): Saved screenshot to '/data/screenshots/__pmv__-0102.jpg'
10-11 21:54:58.165: I/art(1346): Explicit concurrent mark sweep GC freed 5(160B) AllocSpace objects, 0(0B) LOS objects, 39% free, 3MB/5MB, paused 68us total 5.625ms
10-11 21:54:58.170: I/art(1346): Explicit concurrent mark sweep GC freed 5(160B) AllocSpace objects, 0(0B) LOS objects, 39% free, 3MB/5MB, paused 71us total 5.567ms
10-11 21:54:58.197: I/Icing(5639): Usage reports 0 indexed 0 rejected 0 imm upload false
10-11 21:54:58.201: I/FA-SVC(5639): App measurement is starting up, version: 11519
10-11 21:54:58.209: I/Icing(5639): IndexChimeraService.getServiceInterface callingPackage=com.google.android.gms componentName=AppsCorpus serviceId=32
10-11 21:54:58.210: I/Icing(5639): IndexChimeraService.getServiceInterface callingPackage=com.google.android.gms componentName=AppsCorpus serviceId=36
10-11 21:54:58.233: I/Icing(5639): Usage reports 0 indexed 0 rejected 0 imm upload false
10-11 21:54:58.235: I/Launcher(2055): Deferring update until onResume
10-11 21:54:58.240: I/Icing(5639): Usage reports 0 indexed 0 rejected 0 imm upload false
10-11 21:54:58.244: I/Launcher(2055): Deferring update until onResume
10-11 21:54:58.269: E/PlayCommon(5795): [1] com.google.android.play.a.f.<init>(14): Failed to restore PlayMetalog
10-11 21:54:58.269: E/PlayCommon(5795): [1] com.google.android.play.a.f.<init>(20): Failed to restore LogsUploadAttempt
10-11 21:54:58.301: W/Settings(5795): Setting download_manager_max_bytes_over_mobile has moved from android.provider.Settings.Secure to android.provider.Settings.Global.
10-11 21:54:58.302: W/Settings(5795): Setting download_manager_recommended_max_bytes_over_mobile has moved from android.provider.Settings.Secure to android.provider.Settings.Global.
10-11 21:54:58.306: I/Finsky(5795): [1] com.google.android.finsky.hygiene.a.b.a(28): Dirty, need more hygiene.
10-11 21:54:58.303: I/gce_init_sshd(1752): type=1400 audit(0.0:110): avc: denied { name_connect } for dest=80 scontext=u:r:init:s0 tcontext=u:object_r:port:s0 tclass=tcp_socket permissive=1
10-11 21:54:58.357: D/Volley(5795): [1] b.b: Cache cleared.
10-11 21:54:58.371: W/ResourcesManager(5795): Asset path '/system/framework/com.android.media.remotedisplay.jar' does not exist or contains no resources.
10-11 21:54:58.371: W/ResourcesManager(5795): Asset path '/system/framework/com.android.location.provider.jar' does not exist or contains no resources.
10-11 21:54:58.373: I/Finsky(5795): [1] com.google.android.finsky.bl.a.h.run(2): Loaded library for account: [pNO9ObzPejlK16Cz5STnAehdGGc]
10-11 21:54:58.373: I/Finsky(5795): [1] com.google.android.finsky.bl.a.h.run(5): Finished loading 1 libraries.
10-11 21:54:58.379: I/Finsky(5795): [1] com.google.android.finsky.installer.a.q.onPostExecute(16): Attempt recovery of content://downloads/my_downloads/22 200
10-11 21:54:58.379: I/Finsky(5795): [1] com.google.android.finsky.installer.a.q.onPostExecute(18): Releasing content://downloads/my_downloads/22 200
10-11 21:54:58.404: W/WearSignatureVerifier(5795): No package com.google.android.wearable.app.cn
10-11 21:54:58.408: I/Finsky(5795): [1] com.google.android.finsky.setup.bg.a(213): Restore complete with 0 success and 0 failed.
10-11 21:54:58.412: W/WearSignatureVerifier(5795): No package com.google.android.wearable.app.cn
10-11 21:54:58.412: W/WearSignatureVerifier(5795): No package com.google.android.wearable.app.cn
10-11 21:54:58.413: W/WearSignatureVerifier(5795): No package com.google.android.wearable.app.cn
10-11 21:54:58.436: I/WearableService(4671): Wearable Services not starting - Wear is not available on this device.
10-11 21:54:58.441: D/WearableService(4671): onGetService - Wear is not available on this device.
10-11 21:54:58.441: W/WearSignatureVerifier(5795): No package com.google.android.wearable.app.cn
10-11 21:54:58.442: E/Finsky(5795): [1] com.google.android.finsky.wear.bl.a(3): onConnectionFailed: ConnectionResult{statusCode=API_UNAVAILABLE, resolution=null, message=null}
10-11 21:54:58.442: W/Finsky(5795): [1] com.google.android.finsky.wear.aj.run(9): Dropping command=send_installed_apps due to Gms not connected
10-11 21:54:58.442: I/ActivityManager(1678): Killing 5070:com.google.android.talk/u0a15 (adj 15): empty #17
10-11 21:54:59.085: D/AndroidRuntime(5846): >>>>>> START com.android.internal.os.RuntimeInit uid 0 <<<<<<
10-11 21:54:59.086: D/AndroidRuntime(5846): CheckJNI is OFF
10-11 21:54:59.097: I/Icing(5639): Indexing 78809412366E3FB9E25492F12C0E3355617CA57E from com.google.android.googlequicksearchbox
10-11 21:54:59.102: E/memtrack(5846): Couldn't load memtrack module (No such file or directory)
10-11 21:54:59.102: E/android.os.Debug(5846): failed to load memtrack module: -2
10-11 21:54:59.110: D/AndroidRuntime(5846): Calling main entry com.android.commands.pm.Pm
10-11 21:54:59.119: I/art(5846): System.exit called, status: 0
10-11 21:54:59.119: I/AndroidRuntime(5846): VM exiting with result code 0.
10-11 21:54:59.128: I/Icing(5639): Indexing done 78809412366E3FB9E25492F12C0E3355617CA57E
10-11 21:54:59.188: I/Remoter(1328): Saved screenshot to '/data/screenshots/__pmv__-0103.jpg'
10-11 21:54:59.199: I/Icing(5639): Indexing 5233BB6556150606E6EA2800A20D5D691B1774CC from com.google.android.gms
10-11 21:54:59.209: I/Icing(5639): Indexing done 5233BB6556150606E6EA2800A20D5D691B1774CC
10-11 21:54:59.247: I/Icing(5639): Indexing 5233BB6556150606E6EA2800A20D5D691B1774CC from com.google.android.gms
10-11 21:54:59.247: I/Icing(5639): Indexing done 5233BB6556150606E6EA2800A20D5D691B1774CC
10-11 21:54:59.250: I/Icing(5639): IndexChimeraService.getServiceInterface callingPackage=com.google.android.inputmethod.latin componentName=null serviceId=21
10-11 21:54:59.257: I/Icing(5639): Usage reports 0 indexed 0 rejected 0 imm upload false
10-11 21:54:59.283: I/scp(5864): type=1400 audit(0.0:111): avc: denied { create } for name="app8610913876889095636.apk" scontext=u:r:init_shell:s0 tcontext=u:object_r:shell_data_file:s0 tclass=file permissive=1
