10-11 21:54:31.289: I/art(4671): Rejecting re-init on previously-failed class java.lang.Class<mgn>
10-11 21:54:31.294: W/Icing(4647): Words file  does not exist!
10-11 21:54:31.294: W/Icing(4647): WordsMap was not properly initialized
10-11 21:54:31.317: E/Icing(4647): Array storage bad crc 742303665 vs 1974501619
10-11 21:54:31.317: E/Icing(4647): File /data/data/com.google.android.gms/files/AppDataSearch/main/cur/ds.docids failed to init (elt_size 4 num_elts 73 array_crc 1974501619)
10-11 21:54:31.318: E/Icing(4647): Array storage bad crc 990229084 vs 0
10-11 21:54:31.318: E/Icing(4647): File /data/data/com.google.android.gms/files/AppDataSearch/main/cur/ds.perdocdata failed to init (elt_size 26 num_elts 73 array_crc 0)
10-11 21:54:31.318: E/Icing(4647): Array storage bad crc 31384342 vs 0
10-11 21:54:31.318: E/Icing(4647): File /data/data/com.google.android.gms/files/AppDataSearch/main/cur/ds.cscoring failed to init (elt_size 37 num_elts 7 array_crc 0)
10-11 21:54:31.318: E/Icing(4647): Array storage bad crc 2562282758 vs 0
10-11 21:54:31.318: E/Icing(4647): Trie mmap node failed
10-11 21:54:31.319: W/Icing(4647): Docstore bad crc 0x9b878ac0 vs 0x753c7b28
10-11 21:54:31.324: E/Icing(4647): Array storage bad crc 2531443250 vs 0
10-11 21:54:31.324: E/Icing(4647): Trie mmap node failed
10-11 21:54:31.329: I/art(4671): Rejecting re-init on previously-failed class java.lang.Class<aniu>
10-11 21:54:31.329: I/art(4671): Rejecting re-init on previously-failed class java.lang.Class<aniu>
10-11 21:54:31.337: I/art(4671): Rejecting re-init on previously-failed class java.lang.Class<mrg>
10-11 21:54:31.337: I/art(4671): Rejecting re-init on previously-failed class java.lang.Class<mrg>
10-11 21:54:31.362: I/DynamiteModule(4647): Considering local module com.google.android.gms.googlecertificates:4 and remote module com.google.android.gms.googlecertificates:4
10-11 21:54:31.362: I/DynamiteModule(4647): Selected local version of com.google.android.gms.googlecertificates
10-11 21:54:31.385: I/art(1678): Explicit concurrent mark sweep GC freed 15159(934KB) AllocSpace objects, 3(337KB) LOS objects, 33% free, 12MB/18MB, paused 434us total 30.580ms
10-11 21:54:31.400: W/GeofencerStateMachine(4671): Received SM_HARDWARE_GEOFENCE_CHANGED_CMD in NotInitializedState
10-11 21:54:31.436: I/LocaleChangeIO(4671): Requesting GmsCore restart due to change in locale assets
10-11 21:54:31.447: W/ActivityManager(1678): Unable to start service Intent { act=com.google.android.gms.nearby.discovery:ACTION_LOCALE_CHANGE cmp=com.google.android.gms/.nearby.discovery.service.DiscoveryService } U=0: not found
10-11 21:54:31.457: D/BluetoothManagerService(1678): Message: 20
10-11 21:54:31.458: D/BluetoothManagerService(1678): Added callback: android.bluetooth.IBluetoothManagerCallback$Stub$Proxy@3e6c1cce:true
10-11 21:54:31.484: I/GceGrallocRegionRegistry(4628): Mapped gralloc-1336.34 hnd=0xb43b4280 fd=27 base=0x9f848000 format=RGBA_8888(0x1) width=800 height=1216
10-11 21:54:31.509: I/ActivityManager(1678): Displayed com.google.android.apps.mtaas.backdrop/.BackdropActivity: +1s405ms
10-11 21:54:31.516: I/art(2121): Explicit concurrent mark sweep GC freed 3437(165KB) AllocSpace objects, 0(0B) LOS objects, 40% free, 4MB/6MB, paused 167us total 22.608ms
10-11 21:54:31.527: I/GceGrallocRegionRegistry(4628): Mapped gralloc-1336.35 hnd=0xb43b4300 fd=29 base=0x9f490000 format=RGBA_8888(0x1) width=800 height=1216
10-11 21:54:31.626: V/BackupManagerService(1678): Connected to transport ComponentInfo{com.google.android.gms/com.google.android.gms.backup.BackupTransportService}
10-11 21:54:31.626: V/BackupManagerService(1678): Registering transport com.google.android.gms/.backup.BackupTransportService::com.google.android.gms/.backup.BackupTransportService = com.android.internal.backup.IBackupTransport$Stub$Proxy@365a21f5
10-11 21:54:31.660: I/GeofencerStateMachine(4671): Network location disabled.
10-11 21:54:31.673: I/GceGrallocRegionRegistry(4628): Mapped gralloc-1336.36 hnd=0xb43b4200 fd=30 base=0x9f0d8000 format=RGBA_8888(0x1) width=800 height=1216
10-11 21:54:31.734: W/art(4671): Suspending all threads took: 33.135ms
10-11 21:54:31.747: E/SQLiteLog(4671): (283) recovered 17 frames from WAL file /data/user/0/com.google.android.gms/databases/playlog.db-wal
10-11 21:54:31.747: I/art(4671): Background sticky concurrent mark sweep GC freed 6515(539KB) AllocSpace objects, 12(192KB) LOS objects, 2% free, 10MB/10MB, paused 35.731ms total 93.294ms
10-11 21:54:31.767: I/Backup(4671): [GmsBackupAccountManager] Backup account not found in gmscore.
10-11 21:54:31.790: I/Remoter(1328): Saved screenshot to '/data/screenshots/__pmv__-0077.jpg'
10-11 21:54:31.794: I/GceGrallocRegionRegistry(1678): Unmapped gralloc-1336.33 hnd=0x9caadb80 fd=179 base=0x9b93c000
10-11 21:54:31.797: I/Icing(4647): updateResources: need to parse tvm{com.google.android.gms}
10-11 21:54:31.814: I/GceGrallocRegionRegistry(1336): Unmapped gralloc-1336.33 hnd=0xb27f74c0 fd=30 base=0xaf848000
10-11 21:54:31.833: W/art(4671): Suspending all threads took: 39.528ms
10-11 21:54:31.836: I/art(4671): Background sticky concurrent mark sweep GC freed 342(24KB) AllocSpace objects, 0(0B) LOS objects, 2% free, 10MB/10MB, paused 41.792ms total 87.300ms
10-11 21:54:31.857: I/GeofencerStateMachine(4671): removeGeofences: removeRequest=RemoveGeofencingRequest[REMOVE_BY_PENDING_INTENT pendingIntent=PendingIntent[creatorPackage=com.google.android.gms], packageName=null]
10-11 21:54:31.908: E/Volley(3067): [260] xa.a: Unexpected response code 503 for https://www.googleapis.com/youtubei/v1/notification_registration/set_registration?key=AIzaSyA8eiZmM1FaDVjRy-df2KTyQ_vz_yYM39w
10-11 21:54:31.909: W/YouTube(3067): (unknown) Could not register for notifications with InnerTube: 
10-11 21:54:31.909: W/YouTube(3067): fay: java.util.concurrent.ExecutionException: wu
10-11 21:54:31.909: W/YouTube(3067): 	at ezo.a(SourceFile:103)
10-11 21:54:31.909: W/YouTube(3067): 	at fpl.run(SourceFile:57)
10-11 21:54:31.909: W/YouTube(3067): 	at java.util.concurrent.ThreadPoolExecutor.runWorker(ThreadPoolExecutor.java:1112)
10-11 21:54:31.909: W/YouTube(3067): 	at java.util.concurrent.ThreadPoolExecutor$Worker.run(ThreadPoolExecutor.java:587)
10-11 21:54:31.909: W/YouTube(3067): 	at ers.run(SourceFile:40)
10-11 21:54:31.909: W/YouTube(3067): 	at java.lang.Thread.run(Thread.java:818)
10-11 21:54:31.909: W/YouTube(3067): Caused by: java.util.concurrent.ExecutionException: wu
10-11 21:54:31.909: W/YouTube(3067): 	at xv.a(SourceFile:117)
10-11 21:54:31.909: W/YouTube(3067): 	at xv.get(SourceFile:88)
10-11 21:54:31.909: W/YouTube(3067): 	at goc.get(SourceFile:69)
10-11 21:54:31.909: W/YouTube(3067): 	at ezo.a(SourceFile:99)
10-11 21:54:31.909: W/YouTube(3067): 	... 5 more
10-11 21:54:31.909: W/YouTube(3067): Caused by: wu
10-11 21:54:31.909: W/YouTube(3067): 	at xa.a(SourceFile:145)
10-11 21:54:31.909: W/YouTube(3067): 	at gnu.a(SourceFile:49)
10-11 21:54:31.909: W/YouTube(3067): 	at wg.run(SourceFile:105)
10-11 21:54:31.909: I/Icing(4647): Internal init done: storage state 0
10-11 21:54:31.996: I/Icing(4647): 13 corpora need re-polling
10-11 21:54:32.005: I/art(2121): Explicit concurrent mark sweep GC freed 3614(159KB) AllocSpace objects, 0(0B) LOS objects, 39% free, 4MB/6MB, paused 302us total 12.525ms
10-11 21:54:32.008: I/Icing(4647): Post-init done
10-11 21:54:32.008: I/Icing(4647): Indexing 35DA9EB60AA37D7E4F079723A86D5793CA83A8B4 from com.google.android.gms
10-11 21:54:32.013: I/Icing(4647): Indexing done 35DA9EB60AA37D7E4F079723A86D5793CA83A8B4
10-11 21:54:32.014: I/Icing(4647): Indexing 6E065D39574ABA82001317242E1E0851AD27F710 from com.google.android.gms
10-11 21:54:32.029: I/Icing(4647): Indexing done 6E065D39574ABA82001317242E1E0851AD27F710
10-11 21:54:32.029: I/Icing(4647): Indexing 791EA6529B931E2801E7B240EE5B3AB299016D34 from com.google.android.googlequicksearchbox
10-11 21:54:32.030: W/Settings(4671): Setting airplane_mode_on has moved from android.provider.Settings.System to android.provider.Settings.Global, returning read-only value.
10-11 21:54:32.039: W/Settings(4671): Setting airplane_mode_on has moved from android.provider.Settings.System to android.provider.Settings.Global, returning read-only value.
10-11 21:54:32.047: I/art(4647): Explicit concurrent mark sweep GC freed 30731(2MB) AllocSpace objects, 28(448KB) LOS objects, 24% free, 9MB/13MB, paused 155us total 17.018ms
10-11 21:54:32.052: I/GceRil(1340): Received request 75
10-11 21:54:32.052: I/GceRil(1340): Requesting GSM neighboring cell ids
10-11 21:54:32.059: E/SQLiteLog(2160): (284) automatic index on contacts(contact_id)
10-11 21:54:32.062: I/Icing(4647): Indexing done 791EA6529B931E2801E7B240EE5B3AB299016D34
10-11 21:54:32.062: I/Icing(4647): Indexing BC35F9F1839BB40D4EE08528D3D77838DECEE07E from com.google.android.gms
10-11 21:54:32.063: I/Icing(4647): Indexing done BC35F9F1839BB40D4EE08528D3D77838DECEE07E
10-11 21:54:32.063: I/Icing(4647): Indexing 78809412366E3FB9E25492F12C0E3355617CA57E from com.google.android.googlequicksearchbox
10-11 21:54:32.086: I/Icing(4647): Indexing 489EAC0EF2842F9D6ADF1B05CC32B4AFC84C1869 from com.google.android.gms
10-11 21:54:32.088: I/Icing(4647): Indexing done 489EAC0EF2842F9D6ADF1B05CC32B4AFC84C1869
10-11 21:54:32.088: I/Icing(4647): Indexing 5233BB6556150606E6EA2800A20D5D691B1774CC from com.google.android.gms
10-11 21:54:32.098: W/asset(4647): Asset path /system/framework/com.google.android.dialer.support.jar is neither a directory nor file (type=1).
10-11 21:54:32.098: W/ResourcesManager(4647): Asset path '/system/framework/com.google.android.dialer.support.jar' does not exist or contains no resources.
10-11 21:54:32.161: W/ResourcesManager(4647): Asset path '/system/framework/com.google.android.media.effects.jar' does not exist or contains no resources.
10-11 21:54:32.212: I/Icing(4647): Indexing AEDC7AE81AC261A932754B0B8336690543BA8F1E from com.google.android.googlequicksearchbox
10-11 21:54:32.216: E/SQLiteLog(2160): (284) automatic index on postals(data_id)
10-11 21:54:32.219: I/Icing(4647): Indexing done AEDC7AE81AC261A932754B0B8336690543BA8F1E
10-11 21:54:32.219: I/Icing(4647): Indexing 4399DC1C2DD3DCC22EA95CF5AD4721D43C379C90 from com.google.android.gms
10-11 21:54:32.220: I/Icing(4647): Indexing done 4399DC1C2DD3DCC22EA95CF5AD4721D43C379C90
10-11 21:54:32.220: I/Icing(4647): Not indexing corpus from package com.android.chrome as it has never connected
10-11 21:54:32.220: E/Icing(4647): Aborting indexing of corpus omnibox
10-11 21:54:32.221: I/Icing(4647): Indexing 8D4909756A8CEE98C32284615232DA0B5EDB6A59 from com.google.android.googlequicksearchbox
10-11 21:54:32.223: E/SQLiteLog(2160): (284) automatic index on phones(data_id)
10-11 21:54:32.226: I/Icing(4647): Indexing done 8D4909756A8CEE98C32284615232DA0B5EDB6A59
10-11 21:54:32.226: I/Icing(4647): Indexing E805BB9DF3AC1CB021EDEF5651F58677FCB61170 from com.google.android.gms
10-11 21:54:32.227: I/Icing(4647): Indexing done E805BB9DF3AC1CB021EDEF5651F58677FCB61170
10-11 21:54:32.227: I/Icing(4647): Indexing F9CBF50B10A050442A5E221BF85980492C7C86A5 from com.google.android.googlequicksearchbox
10-11 21:54:32.229: E/SQLiteLog(2160): (284) automatic index on emails(data_id)
10-11 21:54:32.232: I/Icing(4647): Indexing done F9CBF50B10A050442A5E221BF85980492C7C86A5
10-11 21:54:32.234: I/Icing(4647): Indexing done 78809412366E3FB9E25492F12C0E3355617CA57E
10-11 21:54:32.235: I/Icing(4647): Indexing done 5233BB6556150606E6EA2800A20D5D691B1774CC
10-11 21:54:32.241: I/Icing(4647): IndexChimeraService.getServiceInterface callingPackage=com.google.android.inputmethod.latin componentName=null serviceId=21
10-11 21:54:32.255: I/Icing(4647): Usage reports 0 indexed 0 rejected 0 imm upload false
10-11 21:54:32.331: W/ChimeraUtils(4671): Non Chimera context
10-11 21:54:32.338: I/Auth(4671): [ReflectiveChannelBinder] Successfully bound channel!
10-11 21:54:32.361: I/ActivityManager(1678): Start proc 4782:com.google.android.gms.unstable/u0a9 for service com.google.android.gms/.droidguard.DroidGuardService
10-11 21:54:32.368: W/ResourcesManager(4782): Asset path '/system/framework/com.android.media.remotedisplay.jar' does not exist or contains no resources.
10-11 21:54:32.368: W/ResourcesManager(4782): Asset path '/system/framework/com.android.location.provider.jar' does not exist or contains no resources.
10-11 21:54:32.382: I/LoadedApk(4782): No resource references to update in package FFFFFFFFFFFFFFFFFFFFFF
10-11 21:54:32.386: W/linker(4782): libconscrypt_gmscore_jni.so: unused DT entry: type 0x1d arg 0x91
10-11 21:54:32.386: V/NativeCrypto(4782): Registering com/google/android/gms/org/conscrypt/NativeCrypto's 259 native methods...
10-11 21:54:32.393: I/art(4782): Rejecting re-init on previously-failed class java.lang.Class<com.google.android.gms.org.conscrypt.OpenSSLExtendedSessionImpl>
10-11 21:54:32.393: I/art(4782): Rejecting re-init on previously-failed class java.lang.Class<com.google.android.gms.org.conscrypt.OpenSSLExtendedSessionImpl>
10-11 21:54:32.393: I/art(4782): Rejecting re-init on previously-failed class java.lang.Class<com.google.android.gms.org.conscrypt.OpenSSLExtendedSessionImpl>
10-11 21:54:32.403: I/ProviderInstaller(4782): Installed default security provider GmsCore_OpenSSL
10-11 21:54:32.432: I/art(4782): Rejecting re-init on previously-failed class java.lang.Class<mgn>
10-11 21:54:32.432: I/art(4782): Rejecting re-init on previously-failed class java.lang.Class<mgn>
10-11 21:54:32.459: D/WVCdm(1342): Instantiating CDM.
10-11 21:54:32.479: I/WVCdm(1342): CdmEngine::OpenSession
10-11 21:54:32.479: I/WVCdm(1342): Level3 Library Dec  3 2014 13:06:03
10-11 21:54:32.493: W/WVCdm(1342): Could not read /data/mediadrm/IDM1013/ay64.dat2: No such file or directory
10-11 21:54:32.494: W/WVCdm(1342): Could not load liboemcrypto.so. Falling Back to L3.  dlopen failed: library "liboemcrypto.so" not found
10-11 21:54:32.506: I/WVCdm(1342): CdmEngine::QueryKeyControlInfo
10-11 21:54:32.506: W/WVCdm(1342): BufferReader::Read<T> : Failure during parse: Not enough bytes (4)
10-11 21:54:32.506: W/WVCdm(1342): CdmEngine::ExtractWidevinePssh: Unable to read PSSH atom size
10-11 21:54:32.506: I/WVCdm(1342): CdmEngine::GenerateKeyRequest
10-11 21:54:32.507: D/WVCdm(1342): PrepareKeyRequest: nonce=3615625846
10-11 21:54:32.443: I/sshd(4054): type=1400 audit(0.0:98): avc: denied { read } for path="socket:[20585]" dev="sockfs" ino=20585 scontext=u:r:init:s0 tcontext=u:r:init:s0 tclass=tcp_socket permissive=1
10-11 21:54:32.443: I/sshd(4054): type=1400 audit(0.0:99): avc: denied { write } for path="socket:[19105]" dev="sockfs" ino=19105 scontext=u:r:init:s0 tcontext=u:r:init:s0 tclass=tcp_socket permissive=1
10-11 21:54:32.550: I/art(1678): Explicit concurrent mark sweep GC freed 16000(1373KB) AllocSpace objects, 7(265KB) LOS objects, 33% free, 12MB/18MB, paused 441us total 47.012ms
10-11 21:54:32.614: I/DynamiteModule(4782): Considering local module com.google.android.gms.googlecertificates:4 and remote module com.google.android.gms.googlecertificates:4
10-11 21:54:32.614: I/DynamiteModule(4782): Selected local version of com.google.android.gms.googlecertificates
10-11 21:54:32.673: I/Binder_1(4782): type=1400 audit(0.0:100): avc: denied { getattr } for name="/" dev="tracefs" ino=1 scontext=u:r:untrusted_app:s0 tcontext=u:object_r:unlabeled:s0 tclass=filesystem permissive=1
10-11 21:54:32.735: E/cutils-trace(4808): Error opening trace file: Permission denied (13)
10-11 21:54:32.735: I/dex2oat(4808): /system/bin/dex2oat --runtime-arg -classpath --runtime-arg  --instruction-set=x86 --instruction-set-features=default --runtime-arg -Xrelocate --boot-image=/system/framework/boot.art --dex-file=/data/data/com.google.android.gms/app_fb/f.apk --oat-fd=39 --oat-location=/data/data/com.google.android.gms/app_fb/f.dex --runtime-arg -Xms64m --runtime-arg -Xmx512m
10-11 21:54:32.751: I/dex2oat(4808): dex2oat took 15.416ms (threads: 2) arena alloc=25KB java alloc=18KB native alloc=537KB free=7MB
10-11 21:54:32.838: I/Remoter(1328): Saved screenshot to '/data/screenshots/__pmv__-0078.jpg'
10-11 21:54:32.858: I/WVCdm(1342): CdmEngine::CloseSession
10-11 21:54:32.859: I/WVCdm(1342): L3 Terminate.
10-11 21:54:33.055: I/art(1678): Explicit concurrent mark sweep GC freed 1652(91KB) AllocSpace objects, 1(16KB) LOS objects, 33% free, 12MB/18MB, paused 461us total 24.129ms
10-11 21:54:33.143: I/Binder_1(4782): type=1400 audit(0.0:101): avc: denied { read } for name="/" dev="tmpfs" ino=6029 scontext=u:r:untrusted_app:s0 tcontext=u:object_r:device:s0 tclass=dir permissive=1
10-11 21:54:33.143: I/Binder_1(4782): type=1400 audit(0.0:102): avc: denied { open } for path="/dev" dev="tmpfs" ino=6029 scontext=u:r:untrusted_app:s0 tcontext=u:object_r:device:s0 tclass=dir permissive=1
10-11 21:54:33.204: W/Conscrypt(4671): Could not set socket write timeout:
10-11 21:54:33.204: W/Conscrypt(4671):    java.lang.reflect.Method.invoke(Native Method)
10-11 21:54:33.204: W/Conscrypt(4671):    java.lang.reflect.Method.invoke(Method.java:372)
10-11 21:54:33.208: W/Conscrypt(4671): Could not set socket write timeout:
10-11 21:54:33.208: W/Conscrypt(4671):    java.lang.reflect.Method.invoke(Native Method)
10-11 21:54:33.208: W/Conscrypt(4671):    java.lang.reflect.Method.invoke(Method.java:372)
10-11 21:54:33.222: W/GLSUser(4671): [AppCertManager] IOException while requesting key: 
10-11 21:54:33.222: W/GLSUser(4671): java.io.IOException: Invalid device key response.
10-11 21:54:33.222: W/GLSUser(4671): 	at ewx.a(:com.google.android.gms@11519270:11)
10-11 21:54:33.222: W/GLSUser(4671): 	at ewx.a(:com.google.android.gms@11519270:63)
10-11 21:54:33.222: W/GLSUser(4671): 	at ewv.a(:com.google.android.gms@11519270:8)
10-11 21:54:33.222: W/GLSUser(4671): 	at ewr.a(:com.google.android.gms@11519270:1)
10-11 21:54:33.222: W/GLSUser(4671): 	at ewq.a(:com.google.android.gms@11519270:10)
10-11 21:54:33.222: W/GLSUser(4671): 	at com.google.android.gms.auth.account.be.legacy.AuthCronChimeraService.b(:com.google.android.gms@11519270:7)
10-11 21:54:33.222: W/GLSUser(4671): 	at ecs.call(:com.google.android.gms@11519270:3)
10-11 21:54:33.222: W/GLSUser(4671): 	at java.util.concurrent.FutureTask.run(FutureTask.java:237)
10-11 21:54:33.222: W/GLSUser(4671): 	at mng.run(:com.google.android.gms@11519270:25)
10-11 21:54:33.222: W/GLSUser(4671): 	at java.util.concurrent.ThreadPoolExecutor.runWorker(ThreadPoolExecutor.java:1112)
10-11 21:54:33.222: W/GLSUser(4671): 	at java.util.concurrent.ThreadPoolExecutor$Worker.run(ThreadPoolExecutor.java:587)
10-11 21:54:33.222: W/GLSUser(4671): 	at mso.run(:com.google.android.gms@11519270)
10-11 21:54:33.222: W/GLSUser(4671): 	at java.lang.Thread.run(Thread.java:818)
10-11 21:54:33.740: D/AndroidRuntime(4822): >>>>>> START com.android.internal.os.RuntimeInit uid 0 <<<<<<
10-11 21:54:33.741: D/AndroidRuntime(4822): CheckJNI is OFF
10-11 21:54:33.756: E/memtrack(4822): Couldn't load memtrack module (No such file or directory)
10-11 21:54:33.756: E/android.os.Debug(4822): failed to load memtrack module: -2
10-11 21:54:33.764: D/AndroidRuntime(4822): Calling main entry com.android.commands.am.Am
10-11 21:54:33.766: I/ActivityManager(1678): Force stopping com.google.android.apps.mtaas.loginutil appid=10080 user=0: start instr
10-11 21:54:33.776: I/ActivityManager(1678): Start proc 4832:com.google.android.apps.mtaas.loginutil/u0a80 for added application com.google.android.apps.mtaas.loginutil
10-11 21:54:33.791: D/LoginUtil(4832): Connected to Internet
10-11 21:54:33.792: D/LoginUtil(4832): Adding Account {name=VS2WQVCOVYYT3Y3JQZUPAOQ2II-00@cloudtestlabaccounts.com, type=com.google}
10-11 21:54:33.807: I/ActivityManager(1678): Start proc 4852:com.google.android.apps.auth.test.support/u0a82 for service com.google.android.apps.auth.test.support/.services.AccountService
10-11 21:54:33.820: E/ActivityThread(4852): Failed to find provider info for com.google.android.apps.common.testing.services.storage.testargs
10-11 21:54:33.820: W/AuthService(4852): [TestArgsHelper] Error when calling AndroidTestUtil.getTestArgs(). Note that this behavior might be expected.
10-11 21:54:33.823: I/AuthService(4852): [AddAccountOperation] Call GmsCore API.
10-11 21:54:33.831: I/GoogleURLConnFactory(4671): Using platform SSLCertificateSocketFactory
10-11 21:54:33.832: E/BaseAppContext(4671): Tried to stop global GMSCore RequestQueue. This is likely unintended, so ignoring.
10-11 21:54:33.843: I/Auth(4671): [ReflectiveChannelBinder] Successfully bound channel!
10-11 21:54:33.850: I/WVCdm(1342): CdmEngine::OpenSession
10-11 21:54:33.850: I/WVCdm(1342): Level3 Library Dec  3 2014 13:06:03
10-11 21:54:33.854: W/WVCdm(1342): Could not read /data/mediadrm/IDM1013/ay64.dat2: No such file or directory
10-11 21:54:33.854: W/WVCdm(1342): Could not load liboemcrypto.so. Falling Back to L3.  dlopen failed: library "liboemcrypto.so" not found
10-11 21:54:33.865: I/WVCdm(1342): CdmEngine::QueryKeyControlInfo
10-11 21:54:33.871: W/WVCdm(1342): BufferReader::Read<T> : Failure during parse: Not enough bytes (4)
10-11 21:54:33.871: W/WVCdm(1342): CdmEngine::ExtractWidevinePssh: Unable to read PSSH atom size
10-11 21:54:33.871: I/WVCdm(1342): CdmEngine::GenerateKeyRequest
10-11 21:54:33.872: D/WVCdm(1342): PrepareKeyRequest: nonce=2686396524
10-11 21:54:33.875: I/Remoter(1328): Saved screenshot to '/data/screenshots/__pmv__-0079.jpg'
10-11 21:54:34.105: I/MetadataService(1328): Processed 0 update/creates for instance/attributes/
10-11 21:54:34.105: I/MetadataService(1328): Processed 0 update/creates for project/attributes/
10-11 21:54:34.093: I/gce.meta.proxy(978): type=1400 audit(0.0:103): avc: denied { create } for scontext=u:r:kernel:s0 tcontext=u:r:kernel:s0 tclass=tcp_socket permissive=1
10-11 21:54:34.093: I/gce.meta.proxy(978): type=1400 audit(0.0:104): avc: denied { name_connect } for dest=80 scontext=u:r:kernel:s0 tcontext=u:object_r:port:s0 tclass=tcp_socket permissive=1
10-11 21:54:34.201: I/WVCdm(1342): CdmEngine::CloseSession
10-11 21:54:34.201: I/WVCdm(1342): L3 Terminate.
10-11 21:54:34.193: I/gce_init_sshd(1752): type=1400 audit(0.0:105): avc: denied { create } for scontext=u:r:init:s0 tcontext=u:r:init:s0 tclass=tcp_socket permissive=1
10-11 21:54:34.193: I/gce_init_sshd(1752): type=1400 audit(0.0:106): avc: denied { connect } for scontext=u:r:init:s0 tcontext=u:r:init:s0 tclass=tcp_socket permissive=1
10-11 21:54:34.265: I/GAV2(4541): Thread[GAThread,5,main]: No campaign data found.
10-11 21:54:34.213: I/gce_init_sshd(1752): type=1400 audit(0.0:107): avc: denied { getopt } for laddr=192.168.1.10 lport=60241 faddr=169.254.169.254 fport=80 scontext=u:r:init:s0 tcontext=u:r:init:s0 tclass=tcp_socket permissive=1
10-11 21:54:34.267: I/GAv4-SVC(4647): Google Analytics 11.5.19 is starting up.
10-11 21:54:34.213: I/gce_init_sshd(1752): type=1400 audit(0.0:108): avc: denied { getattr } for laddr=192.168.1.10 lport=60241 faddr=169.254.169.254 fport=80 scontext=u:r:init:s0 tcontext=u:r:init:s0 tclass=tcp_socket permissive=1
10-11 21:54:34.302: I/art(2121): Explicit concurrent mark sweep GC freed 3582(158KB) AllocSpace objects, 0(0B) LOS objects, 39% free, 4MB/6MB, paused 271us total 7.482ms
10-11 21:54:34.386: W/Conscrypt(4671): Could not set socket write timeout:
10-11 21:54:34.386: W/Conscrypt(4671):    java.lang.reflect.Method.invoke(Native Method)
10-11 21:54:34.386: W/Conscrypt(4671):    java.lang.reflect.Method.invoke(Method.java:372)
10-11 21:54:34.388: W/Conscrypt(4671): Could not set socket write timeout:
10-11 21:54:34.388: W/Conscrypt(4671):    java.lang.reflect.Method.invoke(Native Method)
10-11 21:54:34.388: W/Conscrypt(4671):    java.lang.reflect.Method.invoke(Method.java:372)
10-11 21:54:34.549: I/AccountManagerService(1678): the accounts changed, sending broadcast of android.accounts.LOGIN_ACCOUNTS_CHANGED
10-11 21:54:34.552: I/Backup(4671): [GmsBackupAccountManager] Backup account not found in gmscore.
10-11 21:54:34.555: I/ContactsProvider(3875): Accounts changed
10-11 21:54:34.556: I/AccountManagerService(1678): the accounts changed, sending broadcast of android.accounts.LOGIN_ACCOUNTS_CHANGED
10-11 21:54:34.569: I/Auth(4671): [BroadcastManager] Broadcasting account services changed.
10-11 21:54:34.570: I/ContactsProvider(3875): Accounts changed
10-11 21:54:34.571: I/Backup(4671): [GmsBackupAccountManager] Backup account not found in gmscore.
10-11 21:54:34.592: I/Icing(4647): updateResources: need to parse tvm{com.google.android.gms}
10-11 21:54:34.598: I/art(4671): Explicit concurrent mark sweep GC freed 36059(2MB) AllocSpace objects, 22(367KB) LOS objects, 39% free, 11MB/18MB, paused 845us total 26.247ms
10-11 21:54:34.611: I/AuthService(4852): [AddAccountOperation] Succeeded.
10-11 21:54:34.630: I/ActivityManager(1678): Start proc 4899:com.android.vending/u0a19 for broadcast com.android.vending/com.google.android.finsky.receivers.AccountsChangedReceiver
10-11 21:54:34.661: I/AuthService(4852): [AccountService] Execution time for add account with authorization code, options: Bundle[{}] is 840 ms.
10-11 21:54:34.668: I/Auth(4671): [GoogleAccountHistoryStore] creating database.
10-11 21:54:34.684: E/Volley(3067): [259] xa.a: Unexpected response code 503 for https://www.googleapis.com/youtubei/v1/notification_registration/set_registration?key=AIzaSyA8eiZmM1FaDVjRy-df2KTyQ_vz_yYM39w
10-11 21:54:34.684: W/YouTube(3067): (unknown) Could not register for notifications with InnerTube: 
10-11 21:54:34.684: W/YouTube(3067): fay: java.util.concurrent.ExecutionException: wu
10-11 21:54:34.684: W/YouTube(3067): 	at ezo.a(SourceFile:103)
10-11 21:54:34.684: W/YouTube(3067): 	at fpl.run(SourceFile:57)
10-11 21:54:34.684: W/YouTube(3067): 	at java.util.concurrent.ThreadPoolExecutor.runWorker(ThreadPoolExecutor.java:1112)
10-11 21:54:34.684: W/YouTube(3067): 	at java.util.concurrent.ThreadPoolExecutor$Worker.run(ThreadPoolExecutor.java:587)
10-11 21:54:34.684: W/YouTube(3067): 	at ers.run(SourceFile:40)
10-11 21:54:34.684: W/YouTube(3067): 	at java.lang.Thread.run(Thread.java:818)
10-11 21:54:34.684: W/YouTube(3067): Caused by: java.util.concurrent.ExecutionException: wu
10-11 21:54:34.684: W/YouTube(3067): 	at xv.a(SourceFile:117)
10-11 21:54:34.684: W/YouTube(3067): 	at xv.get(SourceFile:88)
10-11 21:54:34.684: W/YouTube(3067): 	at goc.get(SourceFile:69)
10-11 21:54:34.684: W/YouTube(3067): 	at ezo.a(SourceFile:99)
10-11 21:54:34.684: W/YouTube(3067): 	... 5 more
10-11 21:54:34.684: W/YouTube(3067): Caused by: wu
10-11 21:54:34.684: W/YouTube(3067): 	at xa.a(SourceFile:145)
10-11 21:54:34.684: W/YouTube(3067): 	at gnu.a(SourceFile:49)
10-11 21:54:34.684: W/YouTube(3067): 	at wg.run(SourceFile:105)
10-11 21:54:34.686: I/ActivityManager(1678): Start proc 4927:com.google.android.syncadapters.calendar/u0a31 for service com.google.android.syncadapters.calendar/.CalendarSyncAdapterService
10-11 21:54:34.689: D/LoginUtil(4832): Instrumentation completed successfully
10-11 21:54:34.694: D/AndroidRuntime(4822): Shutting down VM
10-11 21:54:34.697: I/Icing(4647): updateResources: need to parse tvm{com.google.android.gms}
10-11 21:54:34.699: D/ContactDirectoryManager(3875): Found com.google.contacts.gal.provider
10-11 21:54:34.699: D/ContactDirectoryManager(3875): Found com.google.android.gm.exchange.directory.provider
10-11 21:54:34.756: W/AbstractGoogleClient(4927): Application name is not set. Call Builder#setApplicationName.
10-11 21:54:34.905: I/Remoter(1328): Saved screenshot to '/data/screenshots/__pmv__-0080.jpg'
10-11 21:54:34.912: I/ActivityManager(1678): Force stopping com.google.android.apps.mtaas.loginutil appid=10080 user=0: finished inst
10-11 21:54:34.912: I/ActivityManager(1678): Killing 4832:com.google.android.apps.mtaas.loginutil/u0a80 (adj 0): stop com.google.android.apps.mtaas.loginutil
10-11 21:54:35.017: W/art(1678): Long monitor contention event with owner method=int com.android.server.am.ActivityManagerService.bindService(android.app.IApplicationThread, android.os.IBinder, android.content.Intent, java.lang.String, android.app.IServiceConnection, int, int) from ActivityManagerService.java:15332 waiters=3 for 326ms
10-11 21:54:35.024: W/art(1678): Long monitor contention event with owner method=void com.android.server.am.ActivityManagerService.finishInstrumentation(android.app.IApplicationThread, int, android.os.Bundle) from ActivityManagerService.java:16596 waiters=1 for 330ms
10-11 21:54:35.024: W/art(1678): Long monitor contention event with owner method=void com.android.server.am.ActivityManagerService.finishInstrumentation(android.app.IApplicationThread, int, android.os.Bundle) from ActivityManagerService.java:16596 waiters=2 for 331ms
10-11 21:54:35.031: W/art(1678): Long monitor contention event with owner method=void com.android.server.am.ActivityManagerService.finishInstrumentation(android.app.IApplicationThread, int, android.os.Bundle) from ActivityManagerService.java:16596 waiters=3 for 338ms
10-11 21:54:35.031: W/art(1678): Long monitor contention event with owner method=void com.android.server.am.ActivityManagerService.finishInstrumentation(android.app.IApplicationThread, int, android.os.Bundle) from ActivityManagerService.java:16596 waiters=4 for 336ms
10-11 21:54:35.032: W/art(1678): Long monitor contention event with owner method=void com.android.server.am.ActivityManagerService.finishInstrumentation(android.app.IApplicationThread, int, android.os.Bundle) from ActivityManagerService.java:16596 waiters=8 for 276ms
10-11 21:54:35.032: W/ActivityManager(1678): Spurious death for ProcessRecord{a2dbbc 4832:com.google.android.apps.mtaas.loginutil/u0a80}, curProc for 4832: null
10-11 21:54:35.037: I/RlzPingService(3448): Setting next ping for 1507859675031
10-11 21:54:35.038: I/Icing(4647): IndexChimeraService.getServiceInterface callingPackage=com.google.android.gm componentName=null serviceId=21
10-11 21:54:35.043: I/Icing(4647): Usage reports 0 indexed 0 rejected 0 imm upload false
10-11 21:54:35.056: I/ContactDirectoryManager(3875): deleted 0 stale rows which don't have any relevant directory
10-11 21:54:35.056: D/Finsky(4899): [1] FinskyApp.onCreate: Initializing network with DFE https://android.clients.google.com/fdfe/
10-11 21:54:35.057: I/ContactDirectoryManager(3875): Discovered 1 contact directories in 409ms
10-11 21:54:35.058: I/ValidateNoPeople(1678): mEvictionCount: 0
10-11 21:54:35.061: I/Icing(4647): Indexing 94E32541A782C8D72B302D9761B43229E371017C from com.google.android.gm
10-11 21:54:35.066: I/Icing(4647): IndexChimeraService.getServiceInterface callingPackage=com.google.android.gm componentName=null serviceId=21
10-11 21:54:35.080: I/Gmail(4541): Bootstrapping db:/data/data/com.google.android.gm/databases/internal.VS2WQVCOVYYT3Y3JQZUPAOQ2II-00@cloudtestlabaccounts.com.db Current version is 0
10-11 21:54:35.084: I/Gmail(4541): Bootstrapping db: /data/data/com.google.android.gm/databases/mailstore.VS2WQVCOVYYT3Y3JQZUPAOQ2II-00@cloudtestlabaccounts.com.db Current version is 0
10-11 21:54:35.087: D/Finsky(4899): [1] DailyHygiene.goMakeHygieneIfDirty: No need to run daily hygiene.
10-11 21:54:35.101: I/ActivityManager(1678): Start proc 4968:com.google.android.gms:car/u0a9 for service com.google.android.gms/.car.CarService
10-11 21:54:35.104: W/Settings(4899): Setting download_manager_max_bytes_over_mobile has moved from android.provider.Settings.Secure to android.provider.Settings.Global.
10-11 21:54:35.105: W/Settings(4899): Setting download_manager_recommended_max_bytes_over_mobile has moved from android.provider.Settings.Secure to android.provider.Settings.Global.
10-11 21:54:35.111: W/ResourcesManager(4968): Asset path '/system/framework/com.android.media.remotedisplay.jar' does not exist or contains no resources.
10-11 21:54:35.111: W/ResourcesManager(4968): Asset path '/system/framework/com.android.location.provider.jar' does not exist or contains no resources.
10-11 21:54:35.114: I/Gmail(4541): calculateUnknownSyncRationalesAndPurgeInBackground: exiting (labelMap not synced
10-11 21:54:35.115: E/SQLiteLog(4541): (1) no such table: search_status
10-11 21:54:35.116: I/Gmail(4541): Setting up for AppDataSearch
10-11 21:54:35.121: I/Gmail(4541): calculateUnknownSyncRationalesAndPurgeInBackground: exiting (labelMap not synced
10-11 21:54:35.124: I/Gmail(4541): calculateUnknownSyncRationalesAndPurgeInBackground: exiting (labelMap not synced
10-11 21:54:35.133: D/Volley(4899): [376] DiskBasedCache.clear: Cache cleared.
10-11 21:54:35.133: D/Volley(4899): [369] DiskBasedCache.clear: Cache cleared.
10-11 21:54:35.134: D/Finsky(4899): [1] 2.run: Loaded library for account: [pNO9ObzPejlK16Cz5STnAehdGGc]
10-11 21:54:35.134: D/Finsky(4899): [1] 2.run: Finished loading 1 libraries.
10-11 21:54:35.135: D/Finsky(4899): [1] UpdateWidgetsReceiver.onReceive: Updated 0 MarketWidgetProvider widgets (android.accounts.LOGIN_ACCOUNTS_CHANGED)
10-11 21:54:35.136: D/Finsky(4899): [1] UpdateWidgetsReceiver.onReceive: Updated 0 RecommendedWidgetProvider widgets (android.accounts.LOGIN_ACCOUNTS_CHANGED)
10-11 21:54:35.136: D/Finsky(4899): [1] UpdateWidgetsReceiver.onReceive: Updated 0 NowPlayingWidgetProvider widgets (android.accounts.LOGIN_ACCOUNTS_CHANGED)
10-11 21:54:35.140: I/LoadedApk(4968): No resource references to update in package FFFFFFFFFFFFFFFFFFFFFF
10-11 21:54:35.168: I/ActivityManager(1678): Start proc 4994:com.android.chrome/u0a34 for broadcast com.android.chrome/com.google.android.apps.chrome.minutemaid.ChainedAccountsChangedReceiver
10-11 21:54:35.172: I/NowOptInSettingsImpl(2160): onAccountChanged() : Account {name=VS2WQVCOVYYT3Y3JQZUPAOQ2II-00@cloudtestlabaccounts.com, type=com.google}
10-11 21:54:35.175: W/linker(4968): libconscrypt_gmscore_jni.so: unused DT entry: type 0x1d arg 0x91
10-11 21:54:35.176: V/NativeCrypto(4968): Registering com/google/android/gms/org/conscrypt/NativeCrypto's 259 native methods...
10-11 21:54:35.180: I/Gmail(4541): getAccountsCursor
10-11 21:54:35.181: W/HandlerScheduledExecuto(2160): Task does not implement UiTask. Consider using NamedUiRunnable for gce@3eebf14
10-11 21:54:35.181: E/GmsClient(2797): unable to connect to service: com.google.android.gms.playlog.service.START
10-11 21:54:35.182: W/AnalyticsLogBase(2797): PlayLogger.onLoggerFailedConnection
10-11 21:54:35.198: I/Gmail(4541): Backfilling search sequence table
10-11 21:54:35.206: I/art(4968): Rejecting re-init on previously-failed class java.lang.Class<com.google.android.gms.org.conscrypt.OpenSSLExtendedSessionImpl>
10-11 21:54:35.206: I/art(4968): Rejecting re-init on previously-failed class java.lang.Class<com.google.android.gms.org.conscrypt.OpenSSLExtendedSessionImpl>
10-11 21:54:35.206: I/art(4968): Rejecting re-init on previously-failed class java.lang.Class<com.google.android.gms.org.conscrypt.OpenSSLExtendedSessionImpl>
10-11 21:54:35.211: W/HandlerScheduledExecuto(2160): Task does not implement UiTask. Consider using NamedUiRunnable for gce@3eebf14
10-11 21:54:35.217: I/Search.RefreshSearchDom(2160): refreshing search domain
10-11 21:54:35.226: W/Search.SearchUrlHelper(2160): Auth token not ready, no auth header set.
10-11 21:54:35.230: I/ProviderInstaller(4968): Installed default security provider GmsCore_OpenSSL
10-11 21:54:35.235: E/GCoreUlr(4671): Create new device tag of 989303417 without device reboot
10-11 21:54:35.238: W/acleung-debug(4994): MinuteMaid: onReceive
10-11 21:54:35.246: I/Exchange(4570): Accounts changed - requesting FolderSync for unsynced accounts
10-11 21:54:35.248: I/GmailIS(4541): Receive LOGIN_ACCOUNTS_CHANGED intent: Intent { act=android.accounts.LOGIN_ACCOUNTS_CHANGED flg=0x4000010 cmp=com.google.android.gm/.GmailIntentService }
10-11 21:54:35.252: I/Gmail(4541): Backfilling search sequence table
10-11 21:54:35.268: I/GceMetadataClient(2931): Received updated metadata.
10-11 21:54:35.269: I/Icing(4647): Indexing done 94E32541A782C8D72B302D9761B43229E371017C
10-11 21:54:35.269: I/Gmail(4541): System accounts updated.
10-11 21:54:35.271: I/ActivityManager(1678): Start proc 5036:com.google.android.videos/u0a74 for broadcast com.google.android.videos/.accounts.AccountsChangedService$AccountsChangedReceiver
10-11 21:54:35.274: D/Finsky(4899): [1] GmsCoreHelper.cleanupNlp: result=false type=4
10-11 21:54:35.296: I/art(1678): Explicit concurrent mark sweep GC freed 34828(3MB) AllocSpace objects, 114(1875KB) LOS objects, 33% free, 12MB/19MB, paused 274us total 28.904ms
10-11 21:54:35.302: I/Exchange(4570): EasService.onCreate
10-11 21:54:35.304: I/Gmail(4541): getAccountsCursor
10-11 21:54:35.304: I/NotifActionUtils(4541): resendNotifications account: null, folder: null
10-11 21:54:35.304: I/Exchange(4570): RestartPingTask
10-11 21:54:35.306: I/NotifUtils(4541): resendNotifications cancelExisting: false, account: null, folder: null
10-11 21:54:35.309: I/Icing(4647): Usage reports 0 indexed 0 rejected 0 imm upload false
10-11 21:54:35.312: I/Exchange(4570): RestartPingsTask did not start any pings.
10-11 21:54:35.312: I/Exchange(4570): PSS stopIfIdle
10-11 21:54:35.312: I/Exchange(4570): PSS has no active accounts; stopping service.
10-11 21:54:35.312: I/Exchange(4570): onDestroy
10-11 21:54:35.335: D/Finsky(4899): [1] RestoreTracker.stopServiceIfDone: Restore complete with 0 success and 0 failed.
10-11 21:54:35.397: I/ActivityManager(1678): Killing 3192:android.process.media/u0a6 (adj 15): empty #17
10-11 21:54:35.460: E/PlayEventLogger(5036): Invalid device id ff5d1eec734ba705
10-11 21:54:35.488: I/ActivityManager(1678): Start proc 5070:com.google.android.talk/u0a15 for broadcast com.google.android.talk/com.google.android.apps.hangouts.service.broadcastreceiver.AccountRefreshReceiver
10-11 21:54:35.492: I/art(4968): Rejecting re-init on previously-failed class java.lang.Class<mgn>
10-11 21:54:35.492: I/art(4968): Rejecting re-init on previously-failed class java.lang.Class<mgn>
10-11 21:54:35.497: I/ActivityManager(1678): Killing 3681:com.google.android.configupdater/u0a36 (adj 15): empty #17
10-11 21:54:35.503: I/art(1346): Explicit concurrent mark sweep GC freed 707(30KB) AllocSpace objects, 0(0B) LOS objects, 40% free, 3MB/5MB, paused 79us total 17.947ms
10-11 21:54:35.503: W/ResourcesManager(5070): Asset path '/system/framework/com.google.android.media.effects.jar' does not exist or contains no resources.
10-11 21:54:35.509: I/art(1346): Explicit concurrent mark sweep GC freed 7(240B) AllocSpace objects, 0(0B) LOS objects, 39% free, 3MB/5MB, paused 71us total 5.396ms
10-11 21:54:35.517: I/DynamiteModule(4968): Considering local module com.google.android.gms.googlecertificates:4 and remote module com.google.android.gms.googlecertificates:4
10-11 21:54:35.517: I/DynamiteModule(4968): Selected local version of com.google.android.gms.googlecertificates
10-11 21:54:35.518: I/art(1346): Explicit concurrent mark sweep GC freed 5(160B) AllocSpace objects, 0(0B) LOS objects, 39% free, 3MB/5MB, paused 64us total 7.116ms
10-11 21:54:35.529: W/Auth(4671): [GetToken] GetToken failed with status code: INVALID_SCOPE
10-11 21:54:35.530: W/Search.LoginHelper(2160): Google auth exception for scope: oauth2:https://www.googleapis.com/auth/googlenow
10-11 21:54:35.530: E/Velvet.VelvetNetworkClient(2160): Failed to get auth token
10-11 21:54:35.530: W/NowOptInSettingsImpl(2160): Failed to fetch default configuration
10-11 21:54:35.571: I/CalendarProvider2(3564): Sending notification intent: Intent { act=android.intent.action.PROVIDER_CHANGED dat=content://com.android.calendar }
10-11 21:54:35.571: W/ContentResolver(3564): Failed to get type for: content://com.android.calendar (Unknown URL content://com.android.calendar)
10-11 21:54:35.576: I/CalendarProvider2(3564): Sending notification intent: Intent { act=android.intent.action.PROVIDER_CHANGED dat=content://com.android.calendar }
10-11 21:54:35.576: W/ContentResolver(3564): Failed to get type for: content://com.android.calendar (Unknown URL content://com.android.calendar)
10-11 21:54:35.577: I/ActivityManager(1678): Killing 3970:com.android.musicfx/u0a18 (adj 15): empty #17
10-11 21:54:35.581: D/PlayMovies(5036): PersistentCache.cleanup:103 Cache is below limit, no need to shrink: [size=0, limit=5242880]
10-11 21:54:35.589: I/VideoCapabilities(5036): Unsupported profile 4 for video/mp4v-es
10-11 21:54:35.592: W/MediaCodecUtil(5036): MediaCodecList API didn't list secure decoder for: video/avc. Assuming: OMX.google.h264.decoder.secure
10-11 21:54:35.592: I/WVCdm(1342): CdmEngine::QueryStatus
10-11 21:54:35.592: I/WVCdm(1342): Level3 Library Dec  3 2014 13:06:03
10-11 21:54:35.596: W/WVCdm(1342): Could not read /data/mediadrm/IDM1013/ay64.dat2: No such file or directory
10-11 21:54:35.596: W/WVCdm(1342): Could not load liboemcrypto.so. Falling Back to L3.  dlopen failed: library "liboemcrypto.so" not found
10-11 21:54:35.596: I/WVCdm(1342): L3 Terminate.
10-11 21:54:35.628: W/art(5070): Suspending all threads took: 12.873ms
10-11 21:54:35.641: I/Icing(4647): IndexChimeraService.getServiceInterface callingPackage=com.google.android.videos componentName=null serviceId=21
10-11 21:54:35.643: D/PlayMovies(5036): TransferService.onCreate:52 creating transfer service
10-11 21:54:35.645: V/Finsky(4899): [1] GearheadStateMonitor.onReady: sIsProjecting:false
10-11 21:54:35.645: I/CAR.SERVICE(4968): listener not found in list
10-11 21:54:35.666: I/art(2121): Explicit concurrent mark sweep GC freed 6052(522KB) AllocSpace objects, 0(0B) LOS objects, 39% free, 4MB/6MB, paused 500us total 13.631ms
10-11 21:54:35.689: I/ActivityManager(1678): Killing 3899:com.android.voicedialer/u0a25 (adj 15): empty #17
10-11 21:54:35.691: I/Icing(4647): Usage reports 0 indexed 0 rejected 0 imm upload false
10-11 21:54:35.695: W/Conscrypt(4671): Could not set socket write timeout:
10-11 21:54:35.695: W/Conscrypt(4671):    java.lang.reflect.Method.invoke(Native Method)
10-11 21:54:35.695: W/Conscrypt(4671):    java.lang.reflect.Method.invoke(Method.java:372)
10-11 21:54:35.699: W/Conscrypt(4671): Could not set socket write timeout:
10-11 21:54:35.699: W/Conscrypt(4671):    java.lang.reflect.Method.invoke(Native Method)
10-11 21:54:35.699: W/Conscrypt(4671):    java.lang.reflect.Method.invoke(Method.java:372)
10-11 21:54:35.784: I/Babel_telephony(5070): TeleModule.onApplicationCreate
10-11 21:54:35.786: I/Babel_App(5070): Startup - clean
10-11 21:54:35.788: D/Babel_SmsDepUtil(5070): imp:-1:3602
10-11 21:54:35.791: I/Babel_SMS(5070): MmsConfig: mnc/mcc: 310/260
10-11 21:54:35.792: I/Babel_SMS(5070): MmsConfig.loadMmsSettings
10-11 21:54:35.792: I/Babel_SMS(5070): MmsConfig.loadDeviceMmsSettings from API: userAgent=, uaProfUrl=
10-11 21:54:35.792: I/Babel_SMS(5070): MmsConfig.loadFromDatabase
10-11 21:54:35.799: E/SQLiteLog(5070): (1) no such table: mmsconfig
10-11 21:54:35.799: I/Babel_SMS(5070): MmsConfig: no mmsconfig table android.database.sqlite.SQLiteException: no such table: mmsconfig (code 1): , while compiling: SELECT key, value, type FROM mmsconfig WHERE numeric=?
10-11 21:54:35.799: I/Babel_SMS(5070): MmsConfig.loadFromResources
10-11 21:54:35.800: E/Babel_SMS(5070): canonicalizeMccMnc: invalid mccmnc nullnull
10-11 21:54:35.800: W/Babel_SMS(5070): MmsConfig: invalid key=userAgent or type=string
10-11 21:54:35.800: W/Babel_SMS(5070): MmsConfig: invalid key=uaProfUrl or type=string
10-11 21:54:35.800: I/Babel_SMS(5070): MmsConfig.loadMmsSettings: userAgent=Hangouts/20.0.156935076, uaProfUrl=https://ssl.gstatic.com/android/hangouts/hangouts_mms_ua_profile.xml
10-11 21:54:35.801: D/Babel_SmsDep(5070): disabled
10-11 21:54:35.802: D/Babel_SmsDepStand(5070): no sms
10-11 21:54:35.802: D/Babel_SmsDepUtil(5070): imp:-1:3602
10-11 21:54:35.802: D/Babel_SmsDep(5070): disabled
10-11 21:54:35.804: W/UdcContextManagerHelper(4671): Empty context buffer. Thus might mean that the context is not synced down.
10-11 21:54:35.804: W/UploadOptInStatusOp(4671): Empty context model while retrieving upload opt-in status!
10-11 21:54:35.816: I/Icing(4647): Indexing E78089F80B17306531C21E89416F36A3E84F2D16 from com.google.android.videos
10-11 21:54:35.832: E/SQLiteLog(5036): (284) automatic index on sqlite_sq_ADD10580(show_id)
10-11 21:54:35.837: I/Babel_ConcService(5070): Binding ConcurrentService
10-11 21:54:35.837: W/Conscrypt(4671): Could not set socket write timeout:
10-11 21:54:35.837: W/Conscrypt(4671):    java.lang.reflect.Method.invoke(Native Method)
10-11 21:54:35.837: W/Conscrypt(4671):    java.lang.reflect.Method.invoke(Method.java:372)
10-11 21:54:35.840: I/Icing(4647): Indexing done E78089F80B17306531C21E89416F36A3E84F2D16
10-11 21:54:35.843: E/ctxmgr(4671): [NetworkUtil]No active synchronizable contexts.
10-11 21:54:35.848: I/Babel_ConcService(5070): Scheduling delay with GcmNetworkManager of 264616 s for task fvmaccount_reg_renewal_47237_5 and tag network_connectivity_wakeup:persisted
10-11 21:54:35.849: I/Babel_ConcService(5070): Scheduling delay with GcmNetworkManager of 2745 s for task fyfDB_CLEANUP_47154_3 and tag :persisted
10-11 21:54:35.852: I/Icing(4647): Indexing CA5DA213357B9974185583AD515428BDCE2ADF20 from com.google.android.videos
10-11 21:54:35.852: W/Conscrypt(4671): Could not set socket write timeout:
10-11 21:54:35.852: W/Conscrypt(4671):    java.lang.reflect.Method.invoke(Native Method)
10-11 21:54:35.852: W/Conscrypt(4671):    java.lang.reflect.Method.invoke(Method.java:372)
10-11 21:54:35.859: W/Conscrypt(4671): Could not set socket write timeout:
10-11 21:54:35.859: W/Conscrypt(4671):    java.lang.reflect.Method.invoke(Native Method)
10-11 21:54:35.859: W/Conscrypt(4671):    java.lang.reflect.Method.invoke(Method.java:372)
10-11 21:54:35.863: E/SQLiteLog(5036): (284) automatic index on sqlite_sq_ADD10200(video_id)
10-11 21:54:35.863: W/Conscrypt(4671): Could not set socket write timeout:
10-11 21:54:35.863: W/Conscrypt(4671):    java.lang.reflect.Method.invoke(Native Method)
10-11 21:54:35.863: W/Conscrypt(4671):    java.lang.reflect.Method.invoke(Method.java:372)
10-11 21:54:35.865: I/Babel_ConcService(5070): Acquired partial wake lock to keep ConcurrentService alive
10-11 21:54:35.869: I/Icing(4647): Indexing done CA5DA213357B9974185583AD515428BDCE2ADF20
10-11 21:54:35.871: D/Babel_SmsDepUtil(5070): imp:-1:3602
10-11 21:54:35.871: D/Babel_SmsDep(5070): disabled
10-11 21:54:35.872: D/Babel_SmsDepUtil(5070): imp:-1:3602
10-11 21:54:35.872: D/Babel_SmsDep(5070): disabled
10-11 21:54:35.875: D/Babel_SmsDepStand(5070): no sms
10-11 21:54:35.875: D/Babel_SmsDepNotif(5070): not sms
10-11 21:54:35.875: D/Babel_SmsDepUtil(5070): imp:-1:3686
10-11 21:54:35.876: D/Babel_Notif_Persistent(5070): PersistentMessageNotifier.cancelOngoingNotification
10-11 21:54:35.878: D/Babel_Notif_SMS(5070): cancelOngoingNotification
10-11 21:54:35.878: D/Babel_SmsDepUtil(5070): imp:-1:3602
10-11 21:54:35.878: D/Babel_SmsDep(5070): disabled
10-11 21:54:35.880: D/Babel_SmsDepUtil(5070): imp:-1:3602
10-11 21:54:35.880: D/Babel_SmsDep(5070): disabled
10-11 21:54:35.888: W/ResourcesManager(5070): Asset path '/system/framework/com.android.media.remotedisplay.jar' does not exist or contains no resources.
10-11 21:54:35.888: W/Auth(4671): [GetToken] GetToken failed with status code: INVALID_SCOPE
10-11 21:54:35.888: W/ResourcesManager(5070): Asset path '/system/framework/com.android.location.provider.jar' does not exist or contains no resources.
10-11 21:54:35.888: W/Search.LoginHelper(2160): Google auth exception for scope: oauth2:https://www.googleapis.com/auth/googlenow
10-11 21:54:35.890: W/Babel_AcctMgr(5070): gBA: invalid account id: -1
10-11 21:54:35.892: D/Volley(4899): [369] DiskBasedCache.clear: Cache cleared.
10-11 21:54:35.893: D/Volley(4899): [376] DiskBasedCache.clear: Cache cleared.
10-11 21:54:35.894: D/Finsky(4899): [1] UpdateWidgetsReceiver.onReceive: Updated 0 MarketWidgetProvider widgets (android.accounts.LOGIN_ACCOUNTS_CHANGED)
10-11 21:54:35.895: D/Finsky(4899): [1] UpdateWidgetsReceiver.onReceive: Updated 0 RecommendedWidgetProvider widgets (android.accounts.LOGIN_ACCOUNTS_CHANGED)
10-11 21:54:35.896: D/Finsky(4899): [1] UpdateWidgetsReceiver.onReceive: Updated 0 NowPlayingWidgetProvider widgets (android.accounts.LOGIN_ACCOUNTS_CHANGED)
10-11 21:54:35.897: I/Auth(4671): [BroadcastManager] Broadcasting account change.
10-11 21:54:35.897: W/WakefulBroadcastReceiver(4671): No active wake lock id #1
10-11 21:54:35.902: I/HeterodyneSyncScheduler(4671): Scheduling Phenotype for a PhenotypeSyncImmediately(5, null) one off with window [1, 2] in seconds
10-11 21:54:35.909: I/PmtsSwAccountIntentOp(4647): Processing intent action=android.accounts.LOGIN_ACCOUNTS_CHANGED
10-11 21:54:35.909: I/PmtsSwAccountIntentOp(4647): Device isn't of sufficient API level
10-11 21:54:35.911: W/acleung-debug(4994): MinuteMaid: onReceive
10-11 21:54:35.916: I/Exchange(4570): Accounts changed - requesting FolderSync for unsynced accounts
10-11 21:54:35.924: I/GmailIS(4541): Receive LOGIN_ACCOUNTS_CHANGED intent: Intent { act=android.accounts.LOGIN_ACCOUNTS_CHANGED flg=0x4000010 cmp=com.google.android.gm/.GmailIntentService }
10-11 21:54:35.928: I/ActivityManager(1678): Delay finish: com.google.android.gm/com.android.email.service.EmailBroadcastReceiver
10-11 21:54:35.935: I/ActivityManager(1678): Resuming delayed broadcast
10-11 21:54:35.955: I/Gmail(4541): getAccountsCursor
10-11 21:54:35.955: I/Gmail(4541): System accounts updated.
10-11 21:54:35.981: W/Auth(4671): [GetToken] GetToken failed with status code: INVALID_SCOPE
10-11 21:54:35.981: W/Auth(4671): [GetToken] GetToken failed with status code: INVALID_SCOPE
10-11 21:54:35.986: W/linker(5070): libconscrypt_gmscore_jni.so: unused DT entry: type 0x1d arg 0x91
10-11 21:54:35.987: V/NativeCrypto(5070): Registering com/google/android/gms/org/conscrypt/NativeCrypto's 259 native methods...
10-11 21:54:35.990: W/Search.LoginHelper(2160): Google auth exception for scope: oauth2:https://www.googleapis.com/auth/googlenow
10-11 21:54:35.992: D/Babel_SmsDepUtil(5070): imp:-1:3602
10-11 21:54:35.992: D/Babel_SmsDep(5070): disabled
