10-13 06:26:07.183: D/dalvikvm(5625): GC_CONCURRENT freed 429K, 9% free 18998K/20792K, paused 3ms+1ms, total 31ms
10-13 06:26:07.203: W/Conscrypt(5625): Could not set socket write timeout:
10-13 06:26:07.203: W/Conscrypt(5625):    java.lang.reflect.Method.invokeNative(Native Method)
10-13 06:26:07.203: W/Conscrypt(5625):    java.lang.reflect.Method.invoke(Method.java:515)
10-13 06:26:07.213: W/Conscrypt(5625): Could not set socket write timeout:
10-13 06:26:07.213: W/Conscrypt(5625):    java.lang.reflect.Method.invokeNative(Native Method)
10-13 06:26:07.213: W/Conscrypt(5625):    java.lang.reflect.Method.invoke(Method.java:515)
10-13 06:26:07.883: I/AccountManagerService(788): the accounts changed, sending broadcast of android.accounts.LOGIN_ACCOUNTS_CHANGED
10-13 06:26:07.913: I/ActivityManager(788): Start proc com.google.android.music:main for broadcast com.google.android.music/.AccountsBroadcastReceiver: pid=5894 uid=10058 gids={50058, 3003, 1028, 1015}
10-13 06:26:07.953: I/AccountManagerService(788): the accounts changed, sending broadcast of android.accounts.LOGIN_ACCOUNTS_CHANGED
10-13 06:26:07.983: D/dalvikvm(1230): GC_CONCURRENT freed 377K, 3% free 16764K/17172K, paused 3ms+1ms, total 64ms
10-13 06:26:08.023: I/MusicStore(5894): Database version: 72
10-13 06:26:08.033: W/ContextImpl(5894): Implicit intents with startService are not safe: Intent { act=com.google.android.music.PREFERENCE_SERVICE } android.content.ContextWrapper.bindService:517 com.google.android.music.utils.SafeServiceConnection$ServiceConnectionImp.bindService:98 com.google.android.music.utils.SafeServiceConnection.bindService:259 
10-13 06:26:08.043: D/dalvikvm(5894): GC_CONCURRENT freed 219K, 2% free 16869K/17120K, paused 2ms+1ms, total 13ms
10-13 06:26:08.053: W/ContextImpl(5894): Implicit intents with startService are not safe: Intent { act=com.google.android.music.NETWORK_MONITOR_SERVICE } android.content.ContextWrapper.bindService:517 com.google.android.music.utils.SafeServiceConnection$ServiceConnectionImp.bindService:98 com.google.android.music.utils.SafeServiceConnection.bindService:259 
10-13 06:26:08.073: I/MediaRouter(5894): Found default route: MediaRouter.RouteInfo{ uniqueId=android:DEFAULT_ROUTE, name=Auriculares, description=null, enabled=true, connecting=false, playbackType=0, playbackStream=3, volumeHandling=1, volume=11, volumeMax=15, presentationDisplayId=-1, extras=null, providerPackageName=android }
10-13 06:26:08.073: I/Auth(5625): [BroadcastManager] Broadcasting account services changed.
10-13 06:26:08.093: I/ActivityManager(788): Start proc com.google.android.music:ui for service com.google.android.music/.tutorial.SignupStatus$SignupCheckService: pid=5931 uid=10058 gids={50058, 3003, 1028, 1015}
10-13 06:26:08.093: I/AuthService(5831): [AddAccountOperation] Succeeded.
10-13 06:26:08.103: I/RlzPingService(2280): Setting next ping for 1507987568114
10-13 06:26:08.123: I/ContactsProvider(2139): Accounts changed
10-13 06:26:08.133: D/dalvikvm(1596): GC_FOR_ALLOC freed 436K, 5% free 17569K/18372K, paused 16ms, total 16ms
10-13 06:26:08.143: W/ContextImpl(5931): Implicit intents with startService are not safe: Intent { act=com.google.android.music.PREFERENCE_SERVICE } android.content.ContextWrapper.bindService:517 com.google.android.music.utils.SafeServiceConnection$ServiceConnectionImp.bindService:98 com.google.android.music.utils.SafeServiceConnection.bindService:259 
10-13 06:26:08.163: I/Icing(5655): updateResources: need to parse qzb{com.google.android.gms}
10-13 06:26:08.183: W/ContextImpl(5931): Implicit intents with startService are not safe: Intent { act=com.google.android.music.NETWORK_MONITOR_SERVICE } android.content.ContextWrapper.bindService:517 com.google.android.music.utils.SafeServiceConnection$ServiceConnectionImp.bindService:98 com.google.android.music.utils.SafeServiceConnection.bindService:259 
10-13 06:26:08.183: E/GCoreUlr(5600): Create new device tag of -1411589261 without device reboot
10-13 06:26:08.193: W/ContextImpl(5931): Implicit intents with startService are not safe: Intent { act=com.google.android.music.STORE_SERVICE } android.content.ContextWrapper.bindService:517 com.google.android.music.utils.SafeServiceConnection$ServiceConnectionImp.bindService:98 com.google.android.music.utils.SafeServiceConnection.bindService:259 
10-13 06:26:08.213: I/MediaRouter(5931): Found default route: MediaRouter.RouteInfo{ uniqueId=android:DEFAULT_ROUTE, name=Auriculares, description=null, enabled=true, connecting=false, playbackType=0, playbackStream=3, volumeHandling=1, volume=11, volumeMax=15, presentationDisplayId=-1, extras=null, providerPackageName=android }
10-13 06:26:08.223: W/ContextImpl(5931): Implicit intents with startService are not safe: Intent { act=com.google.android.music.NETWORK_MONITOR_SERVICE } android.content.ContextWrapper.bindService:517 com.google.android.music.utils.SafeServiceConnection$ServiceConnectionImp.bindService:98 com.google.android.music.utils.SafeServiceConnection.bindService:259 
10-13 06:26:08.233: D/dalvikvm(5931): GC_CONCURRENT freed 296K, 2% free 16823K/17148K, paused 2ms+3ms, total 15ms
10-13 06:26:08.243: D/dalvikvm(5655): GC_CONCURRENT freed 515K, 4% free 18568K/19160K, paused 2ms+2ms, total 21ms
10-13 06:26:08.263: I/ContactsProvider(2139): Accounts changed
10-13 06:26:08.273: I/Icing(5655): updateResources: need to parse qzb{com.google.android.gms}
10-13 06:26:08.293: W/ContextImpl(5894): Implicit intents with startService are not safe: Intent { act=com.google.android.music.NETWORK_MONITOR_SERVICE } android.content.ContextWrapper.bindService:517 com.google.android.music.utils.SafeServiceConnection$ServiceConnectionImp.bindService:98 com.google.android.music.utils.SafeServiceConnection.bindService:259 
10-13 06:26:08.313: D/SystemUtils(5894): getSystemProperty: lpa.decode=null
10-13 06:26:08.313: D/dalvikvm(5894): GC_CONCURRENT freed 278K, 2% free 17016K/17324K, paused 9ms+1ms, total 21ms
10-13 06:26:08.333: D/CacheService(5894): onCreate
10-13 06:26:08.333: D/CacheService(5894): onBind
10-13 06:26:08.343: W/ContextImpl(5894): Implicit intents with startService are not safe: Intent { act=com.google.android.music.NETWORK_MONITOR_SERVICE } android.content.ContextWrapper.bindService:517 com.google.android.music.utils.SafeServiceConnection$ServiceConnectionImp.bindService:98 com.google.android.music.utils.SafeServiceConnection.bindService:259 
10-13 06:26:08.343: I/LocalDevicePlayback(5894): Streaming client created.
10-13 06:26:08.363: I/ConfigStore(5894): Config Database version: 1
10-13 06:26:08.383: D/dalvikvm(5655): GC_CONCURRENT freed 540K, 4% free 18536K/19160K, paused 1ms+1ms, total 16ms
10-13 06:26:08.413: W/ContextImpl(5931): Implicit intents with startService are not safe: Intent { act=com.google.android.finsky.services.IMarketCatalogService.BIND } android.content.ContextWrapper.bindService:517 com.google.android.music.utils.SafeServiceConnection$ServiceConnectionImp.bindService:98 com.google.android.music.utils.SafeServiceConnection.bindService:259 
10-13 06:26:08.423: I/ActivityManager(788): Start proc com.android.vending for service com.android.vending/com.google.android.finsky.services.MarketCatalogService: pid=5977 uid=10014 gids={50014, 3003, 1028, 1015}
10-13 06:26:08.423: I/ActivityManager(788): Delay finish: com.google.android.gsf/.gtalkservice.ServiceAutoStarter
10-13 06:26:08.433: I/ActivityManager(788): Resuming delayed broadcast
10-13 06:26:08.463: D/dalvikvm(788): GC_CONCURRENT freed 1872K, 32% free 24984K/36596K, paused 2ms+4ms, total 45ms
10-13 06:26:08.463: D/dalvikvm(788): WAIT_FOR_CONCURRENT_GC blocked 13ms
10-13 06:26:08.463: D/dalvikvm(788): WAIT_FOR_CONCURRENT_GC blocked 9ms
10-13 06:26:08.463: D/dalvikvm(788): WAIT_FOR_CONCURRENT_GC blocked 10ms
10-13 06:26:08.483: I/dalvikvm(5625): Could not find method android.accounts.AccountManager.removeAccount, referenced from method bsv.a
10-13 06:26:08.483: W/dalvikvm(5625): VFY: unable to resolve virtual method 2870: Landroid/accounts/AccountManager;.removeAccount (Landroid/accounts/Account;Landroid/app/Activity;Landroid/accounts/AccountManagerCallback;Landroid/os/Handler;)Landroid/accounts/AccountManagerFuture;
10-13 06:26:08.483: D/dalvikvm(5625): VFY: replacing opcode 0x6e at 0x0031
10-13 06:26:08.523: D/dalvikvm(5977): GC_CONCURRENT freed 211K, 2% free 16874K/17116K, paused 2ms+1ms, total 13ms
10-13 06:26:08.523: D/Finsky(5977): [1] FinskyApp.onCreate: Initializing network with DFE https://android.clients.google.com/fdfe/
10-13 06:26:08.533: I/dalvikvm(5625): Could not find method android.accounts.AccountManager.renameAccount, referenced from method eah.b
10-13 06:26:08.533: W/dalvikvm(5625): VFY: unable to resolve virtual method 2872: Landroid/accounts/AccountManager;.renameAccount (Landroid/accounts/Account;Ljava/lang/String;Landroid/accounts/AccountManagerCallback;Landroid/os/Handler;)Landroid/accounts/AccountManagerFuture;
10-13 06:26:08.533: D/dalvikvm(5625): VFY: replacing opcode 0x6e at 0x0046
10-13 06:26:08.543: W/dalvikvm(5625): VFY: unable to find class referenced in signature (Landroid/net/Network;)
10-13 06:26:08.543: E/dalvikvm(5625): Could not find class 'android.net.Network', referenced from method quv.a
10-13 06:26:08.543: W/dalvikvm(5625): VFY: unable to resolve check-cast 3492 (Landroid/net/Network;) in Lquv;
10-13 06:26:08.543: D/dalvikvm(5625): VFY: replacing opcode 0x1f at 0x000f
10-13 06:26:08.553: D/dalvikvm(5625): GC_CONCURRENT freed 725K, 9% free 19053K/20792K, paused 1ms+2ms, total 22ms
10-13 06:26:08.563: D/Finsky(5977): [1] DailyHygiene.goMakeHygieneIfDirty: Dirty, need more hygiene.
10-13 06:26:08.573: I/ActivityManager(788): Start proc com.google.android.exchange for content provider com.google.android.exchange/com.android.exchange.provider.ExchangeDirectoryProvider: pid=6009 uid=10037 gids={50037, 3003, 1028, 1015}
10-13 06:26:08.583: W/Settings(5977): Setting download_manager_max_bytes_over_mobile has moved from android.provider.Settings.Secure to android.provider.Settings.Global.
10-13 06:26:08.583: W/Settings(5977): Setting download_manager_recommended_max_bytes_over_mobile has moved from android.provider.Settings.Secure to android.provider.Settings.Global.
10-13 06:26:08.603: I/ActivityManager(788): Start proc com.google.android.email for content provider com.google.android.email/com.android.email.provider.EmailProvider: pid=6024 uid=10036 gids={50036, 3003, 1028, 1015}
10-13 06:26:08.613: D/dalvikvm(5977): GC_CONCURRENT freed 230K, 2% free 17047K/17308K, paused 3ms+1ms, total 16ms
10-13 06:26:08.613: I/ContactDirectoryManager(2139): deleted 0 stale rows which don't have any relevant directory
10-13 06:26:08.633: D/Volley(5977): [265] DiskBasedCache.clear: Cache cleared.
10-13 06:26:08.633: D/Volley(5977): [269] DiskBasedCache.clear: Cache cleared.
10-13 06:26:08.653: D/ActivityThread(6024): Loading provider com.google.android.email.provider;com.google.android.email.notifier: com.android.email.provider.EmailProvider
10-13 06:26:08.663: D/Finsky(5977): [1] UpdateWidgetsReceiver.onReceive: Updated 0 MarketWidgetProvider widgets (android.accounts.LOGIN_ACCOUNTS_CHANGED)
10-13 06:26:08.663: D/Finsky(5977): [1] UpdateWidgetsReceiver.onReceive: Updated 0 RecommendedWidgetProvider widgets (android.accounts.LOGIN_ACCOUNTS_CHANGED)
10-13 06:26:08.663: D/Finsky(5977): [1] UpdateWidgetsReceiver.onReceive: Updated 0 NowPlayingWidgetProvider widgets (android.accounts.LOGIN_ACCOUNTS_CHANGED)
10-13 06:26:08.663: D/ActivityThread(6024): Loading provider com.google.android.email.provider;com.google.android.email.notifier: com.android.email.provider.EmailProvider
10-13 06:26:08.673: D/Finsky(5977): [1] GmsCoreHelper.cleanupNlp: result=false type=4
10-13 06:26:08.673: I/ContactDirectoryManager(2139): Discovered 1 contact directories in 274ms
10-13 06:26:08.683: I/ActivityManager(788): Delay finish: com.google.android.googlequicksearchbox/com.google.android.sidekick.main.AccountsChangedReceiver
10-13 06:26:08.723: D/dalvikvm(1596): GC_CONCURRENT freed 322K, 5% free 17631K/18372K, paused 2ms+1ms, total 11ms
10-13 06:26:08.753: D/Finsky(5977): [1] 2.run: Loaded library for account: [Yj_ulx7B1g5RBDmAR0CbkMfs_yA]
10-13 06:26:08.753: D/Finsky(5977): [1] 2.run: Finished loading 1 libraries.
10-13 06:26:08.753: D/Finsky(5977): [1] RestoreTracker.stopServiceIfDone: Restore complete with 0 success and 0 failed.
10-13 06:26:08.753: I/ActivityManager(788): Resuming delayed broadcast
10-13 06:26:08.763: I/ActivityManager(788): Start proc com.google.android.apps.walletnfcrel for broadcast com.google.android.apps.walletnfcrel/com.google.android.apps.wallet.services.maintenance.LoginAccountsChangedReceiver: pid=6052 uid=10021 gids={50021, 3003, 1028, 1015}
10-13 06:26:08.783: D/dalvikvm(6024): GC_CONCURRENT freed 214K, 2% free 16905K/17152K, paused 2ms+0ms, total 12ms
10-13 06:26:08.813: I/BeaconBle(5600): Scan : No clients left, canceling alarm.
10-13 06:26:08.833: D/dalvikvm(6052): GC_CONCURRENT freed 221K, 2% free 16891K/17144K, paused 2ms+2ms, total 22ms
10-13 06:26:08.833: I/WalletApplication(6052): User-Agent: com.google.android.apps.walletnfcrel/1065 (2.0-R141-v15-RELEASE; Android 19; google/hammerhead/hammerhead:4.4.4/KTU84P/1227136:user/release-keys) Dalvik/1.6.0 (Linux; U; Android 4.4.4; Nexus 5 Build/KTU84P)
10-13 06:26:08.833: I/ActivityManager(788): Delay finish: com.google.android.apps.walletnfcrel/com.google.android.apps.wallet.services.maintenance.LoginAccountsChangedReceiver
10-13 06:26:08.873: I/ActivityManager(788): Resuming delayed broadcast
10-13 06:26:08.883: I/ActivityManager(788): Start proc com.google.android.apps.books for broadcast com.google.android.apps.books/.app.AccountsReceiver: pid=6070 uid=10025 gids={50025, 3003, 1028, 1015}
10-13 06:26:08.893: D/dalvikvm(182): GC_EXPLICIT freed 43K, 1% free 16695K/16768K, paused 1ms+1ms, total 14ms
10-13 06:26:08.903: D/dalvikvm(182): GC_EXPLICIT freed <1K, 1% free 16695K/16768K, paused 1ms+1ms, total 11ms
10-13 06:26:08.913: D/dalvikvm(182): GC_EXPLICIT freed <1K, 1% free 16695K/16768K, paused 1ms+1ms, total 11ms
10-13 06:26:08.923: W/ActivityManager(788): Unable to start service Intent { cmp=com.google.android.email/com.android.email.service.AttachmentDownloadService } U=0: not found
10-13 06:26:08.933: W/ActivityManager(788): Unable to start service Intent { cmp=com.google.android.email/com.android.email.service.AttachmentDownloadService } U=0: not found
10-13 06:26:08.933: W/ActivityManager(788): Unable to start service Intent { cmp=com.google.android.email/com.android.email.service.AttachmentDownloadService } U=0: not found
10-13 06:26:08.943: I/Email(6024): Observing account changes for notifications
10-13 06:26:08.963: W/Conscrypt(5625): Could not set socket write timeout:
10-13 06:26:08.963: W/Conscrypt(5625):    java.lang.reflect.Method.invokeNative(Native Method)
10-13 06:26:08.963: W/Conscrypt(5625):    java.lang.reflect.Method.invoke(Method.java:515)
10-13 06:26:08.973: I/AuthService(5831): [AccountService] Execution time for add account with authorization code, options: Bundle[{}] is 3482 ms.
10-13 06:26:08.973: W/Conscrypt(5625): Could not set socket write timeout:
10-13 06:26:08.973: W/Conscrypt(5625):    java.lang.reflect.Method.invokeNative(Native Method)
10-13 06:26:08.973: W/Conscrypt(5625):    java.lang.reflect.Method.invoke(Method.java:515)
10-13 06:26:08.973: D/LoginUtil(5809): Instrumentation completed successfully
10-13 06:26:08.983: D/AndroidRuntime(5785): Shutting down VM
10-13 06:26:08.983: D/dalvikvm(5785): GC_CONCURRENT freed 96K, 15% free 567K/668K, paused 1ms+0ms, total 2ms
10-13 06:26:09.003: D/dalvikvm(788): GC_CONCURRENT freed 2044K, 32% free 24991K/36596K, paused 2ms+4ms, total 45ms
10-13 06:26:09.113: I/Auth(5625): [BroadcastManager] Broadcasting account services changed.
10-13 06:26:09.123: I/CalendarProvider2(4747): Sending notification intent: Intent { act=android.intent.action.PROVIDER_CHANGED dat=content://com.android.calendar }
10-13 06:26:09.123: W/ContentResolver(4747): Failed to get type for: content://com.android.calendar (Unknown URL content://com.android.calendar)
10-13 06:26:09.193: I/ActivityManager(788): Force stopping com.google.android.apps.mtaas.loginutil appid=10074 user=0: finished inst
10-13 06:26:09.193: I/CalendarProvider2(4747): Sending notification intent: Intent { act=android.intent.action.PROVIDER_CHANGED dat=content://com.android.calendar }
10-13 06:26:09.193: W/ContentResolver(4747): Failed to get type for: content://com.android.calendar (Unknown URL content://com.android.calendar)
10-13 06:26:09.193: I/ActivityManager(788): Killing 5809:com.google.android.apps.mtaas.loginutil/u0a74 (adj 0): stop com.google.android.apps.mtaas.loginutil
10-13 06:26:09.203: I/ReaderUtils(6070): PortraitW 1080 LandscapeW 1794 SmallestSize 1005 LargestSize 1794 textZoom 3.3749998 isTablet false Memory 192
10-13 06:26:09.243: D/dalvikvm(5625): GC_CONCURRENT freed 567K, 8% free 19189K/20792K, paused 1ms+1ms, total 18ms
10-13 06:26:09.263: D/dalvikvm(6070): GC_CONCURRENT freed 239K, 2% free 16849K/17116K, paused 1ms+1ms, total 13ms
10-13 06:26:09.263: D/dalvikvm(5600): DexOpt: couldn't find field Landroid/os/Message;.sendingUid
10-13 06:26:09.263: W/dalvikvm(5600): VFY: unable to resolve instance field 7040
10-13 06:26:09.263: D/dalvikvm(5600): VFY: replacing opcode 0x52 at 0x0002
10-13 06:26:09.273: D/dalvikvm(5977): GC_CONCURRENT freed 267K, 2% free 17187K/17488K, paused 2ms+8ms, total 19ms
10-13 06:26:09.283: W/GAV2(6070): Thread[main,5,main]: Need to call initialize() and be in fallback mode to start dispatch.
10-13 06:26:09.293: I/BooksApp(6070): Created application version: 3.1.33 (30133)
10-13 06:26:09.303: I/ActivityManager(788): Delay finish: com.google.android.calendar/com.google.android.syncadapters.calendar.CalendarSyncAdapterBroadcastReceiver
10-13 06:26:09.313: I/Icing(5655): IndexChimeraService.getServiceInterface callingPackage=com.google.android.apps.books componentName=null serviceId=21
10-13 06:26:09.353: W/AbstractGoogleClient(4786): Application name is not set. Call Builder#setApplicationName.
10-13 06:26:09.363: I/MediaStoreImporter(5894): Update: incremental Added music: 0 Updated music: 0 Deleted music: 0 Created playlists: 0 Updated playlists: 0 Deleted playlists: 0 Inserted playlist items: 0 Deleted playlist items: 0 Removed orphaned playlist items: 0
10-13 06:26:09.363: I/ActivityManager(788): Resuming delayed broadcast
10-13 06:26:09.363: I/ActivityManager(788): Start proc com.android.chrome for broadcast com.android.chrome/com.google.android.apps.chrome.services.AccountsChangedReceiver: pid=6107 uid=10031 gids={50031, 3003, 1028, 1015}
10-13 06:26:09.443: D/dalvikvm(5977): GC_CONCURRENT freed 357K, 3% free 17228K/17616K, paused 1ms+2ms, total 14ms
10-13 06:26:09.443: D/dalvikvm(5600): GC_CONCURRENT freed 835K, 5% free 20171K/21036K, paused 2ms+3ms, total 27ms
10-13 06:26:09.453: E/dalvikvm(5655): Could not find class 'android.app.usage.UsageStatsManager', referenced from method sbp.a
10-13 06:26:09.453: W/dalvikvm(5655): VFY: unable to resolve check-cast 3307 (Landroid/app/usage/UsageStatsManager;) in Lsbp;
10-13 06:26:09.453: D/dalvikvm(5655): VFY: replacing opcode 0x1f at 0x0069
10-13 06:26:09.453: I/Icing(5655): Usage reports 0 indexed 0 rejected 0 imm upload false
10-13 06:26:09.453: W/Auth(5625): [GetToken] GetToken failed with status code: INVALID_SCOPE
10-13 06:26:09.453: W/Search.LoginHelper(1596): Google auth exception for scope: oauth2:https://www.googleapis.com/auth/googlenow
10-13 06:26:09.453: E/Velvet.VelvetNetworkClient(1596): Failed to get auth token
10-13 06:26:09.463: W/Sidekick_NowOptInSettingsImpl(1596): Failed to fetch default configuration
10-13 06:26:09.463: D/dalvikvm(5655): GC_CONCURRENT freed 434K, 3% free 18624K/19160K, paused 4ms+2ms, total 21ms
10-13 06:26:09.483: I/ActivityManager(788): Start proc com.google.android.apps.docs for broadcast com.google.android.apps.docs/.receivers.AccountChangeReceiver: pid=6124 uid=10035 gids={50035, 3003, 1028, 1015}
10-13 06:26:09.483: I/ActivityManager(788): Killing 3555:com.google.android.configupdater/u0a2 (adj 15): empty #17
10-13 06:26:09.513: I/Icing(5655): Indexing D453A91B83AA91240705A5B6D708881AF72AE6AA from com.google.android.apps.books
10-13 06:26:09.603: D/dalvikvm(6070): GC_CONCURRENT freed 259K, 2% free 17013K/17308K, paused 2ms+1ms, total 13ms
10-13 06:26:09.633: W/ActivityManager(788): Unable to start service Intent { flg=0x4 cmp=com.android.vending/com.google.android.finsky.services.DailyHygiene (has extras) } U=0: not found
10-13 06:26:09.713: D/Finsky(5977): [1] 3.onResponse: Server requests device config token
10-13 06:26:09.723: I/Adreno-EGL(5977): <qeglDrvAPI_eglInitialize:320>: EGL 1.4 QUALCOMM Build: I0404c4692afb8623f95c43aeb6d5e13ed4b30ddbDate: 11/06/13
10-13 06:26:09.733: D/dalvikvm(6124): GC_CONCURRENT freed 220K, 2% free 16878K/17124K, paused 2ms+1ms, total 13ms
10-13 06:26:09.743: E/dalvikvm(6124): Could not find class 'com.google.trix.ritz.shared.messages.b', referenced from method bih.<init>
10-13 06:26:09.743: W/dalvikvm(6124): VFY: unable to resolve new-instance 6957 (Lcom/google/trix/ritz/shared/messages/b;) in Lbih;
10-13 06:26:09.743: D/dalvikvm(6124): VFY: replacing opcode 0x22 at 0x03ad
10-13 06:26:09.743: E/dalvikvm(6124): Could not find class 'com.google.trix.ritz.shared.render.g', referenced from method bih.<init>
10-13 06:26:09.743: W/dalvikvm(6124): VFY: unable to resolve new-instance 7073 (Lcom/google/trix/ritz/shared/render/g;) in Lbih;
10-13 06:26:09.743: D/dalvikvm(6124): VFY: replacing opcode 0x22 at 0x03bc
10-13 06:26:09.753: E/dalvikvm(6124): Could not find class 'com.google.trix.ritz.shared.behavior.validation.a', referenced from method bih.<init>
10-13 06:26:09.753: W/dalvikvm(6124): VFY: unable to resolve new-instance 6930 (Lcom/google/trix/ritz/shared/behavior/validation/a;) in Lbih;
10-13 06:26:09.753: D/dalvikvm(6124): VFY: replacing opcode 0x22 at 0x05ab
10-13 06:26:09.753: E/dalvikvm(6124): Could not find class 'com.google.trix.ritz.shared.mutation.N', referenced from method bih.<init>
10-13 06:26:09.753: W/dalvikvm(6124): VFY: unable to resolve new-instance 7041 (Lcom/google/trix/ritz/shared/mutation/N;) in Lbih;
10-13 06:26:09.753: D/dalvikvm(6124): VFY: replacing opcode 0x22 at 0x075e
10-13 06:26:09.753: D/dalvikvm(6124): DexOpt: unable to opt direct call 0xaaab at 0x3af in Lbih;.<init>
10-13 06:26:09.753: D/dalvikvm(6124): DexOpt: unable to opt direct call 0xabd7 at 0x3be in Lbih;.<init>
10-13 06:26:09.753: D/dalvikvm(6124): DexOpt: unable to opt direct call 0xaa7f at 0x5ad in Lbih;.<init>
10-13 06:26:09.753: D/dalvikvm(6124): DexOpt: unable to opt direct call 0xab8f at 0x760 in Lbih;.<init>
10-13 06:26:09.793: D/dalvikvm(6124): GC_CONCURRENT freed 340K, 3% free 16986K/17360K, paused 2ms+2ms, total 12ms
10-13 06:26:09.793: W/dalvikvm(6124): method Lcom/google/android/apps/docs/editors/toolbar/PreHoneyCombActionBar;.a incorrectly overrides package-private method with same name in Lahe;
10-13 06:26:09.793: W/dalvikvm(6124): method Lcom/google/android/apps/docs/editors/toolbar/PreHoneyCombActionBar;.b incorrectly overrides package-private method with same name in Lahe;
10-13 06:26:09.803: I/Icing(5655): Indexing done D453A91B83AA91240705A5B6D708881AF72AE6AA
10-13 06:26:09.833: W/dalvikvm(6124): VFY: unable to resolve instance field 52021
10-13 06:26:09.833: D/dalvikvm(6124): VFY: replacing opcode 0x54 at 0x001e
10-13 06:26:09.843: D/dalvikvm(6124): GC_CONCURRENT freed 345K, 3% free 17095K/17472K, paused 2ms+2ms, total 12ms
10-13 06:26:09.923: D/dalvikvm(6124): GC_CONCURRENT freed 329K, 2% free 17303K/17584K, paused 2ms+1ms, total 20ms
10-13 06:26:09.933: D/dalvikvm(5977): GC_CONCURRENT freed 360K, 3% free 17256K/17644K, paused 2ms+1ms, total 12ms
10-13 06:26:09.983: D/dalvikvm(6124): GC_CONCURRENT freed 376K, 3% free 17364K/17772K, paused 1ms+1ms, total 12ms
10-13 06:26:09.993: W/ActiveOrDefaultContextProvider(6124): Missing scope.enter somewhere. Returning default context
10-13 06:26:10.013: W/ActiveOrDefaultContextProvider(6124): Missing scope.enter somewhere. Returning default context
10-13 06:26:10.013: W/ActiveOrDefaultContextProvider(6124): Missing scope.enter somewhere. Returning default context
10-13 06:26:10.043: D/dalvikvm(6124): GC_CONCURRENT freed 188K, 2% free 17610K/17828K, paused 1ms+1ms, total 15ms
10-13 06:26:10.073: D/Finsky(5977): [1] GcmRegistrationIdHelper.getRegistrationId: Start requesting GCM Reg Id
10-13 06:26:10.073: D/GCMRegistrar(5977): resetting backoff for com.android.vending
10-13 06:26:10.083: V/GCMRegistrar(5977): Registering app com.android.vending of senders 932144863878
10-13 06:26:10.093: I/ActivityManager(788): Killing 4951:com.google.android.deskclock/u0a33 (adj 15): empty #17
10-13 06:26:10.103: I/ActivityManager(788): Delay finish: com.google.android.apps.docs/.receivers.AccountChangeReceiver
10-13 06:26:10.123: W/GAV2(6124): Thread[main,5,main]: Need to call initialize() and be in fallback mode to start dispatch.
10-13 06:26:10.163: D/dalvikvm(5625): GC_FOR_ALLOC freed 540K, 8% free 19166K/20792K, paused 19ms, total 19ms
10-13 06:26:10.163: I/dalvikvm-heap(5625): Grow heap (frag case) to 18.882MB for 79892-byte allocation
10-13 06:26:10.183: D/dalvikvm(5625): GC_FOR_ALLOC freed 6K, 8% free 19238K/20872K, paused 19ms, total 19ms
10-13 06:26:10.363: I/ActivityManager(788): Resuming delayed broadcast
10-13 06:26:10.363: I/ActivityManager(788): Delay finish: com.google.android.email/com.android.email.service.EmailBroadcastReceiver
10-13 06:26:10.373: I/Email(6024): System accounts updated.
10-13 06:26:10.373: I/ActivityManager(788): Delaying start of: ServiceRecord{42bdb938 u0 com.google.android.exchange/com.android.exchange.service.EmailSyncAdapterService}
10-13 06:26:10.383: I/ActivityManager(788): Resuming delayed broadcast
10-13 06:26:10.403: I/Exchange(6009): Accounts changed - requesting FolderSync for unsynced accounts
10-13 06:26:10.403: I/ActivityManager(788): Delay finish: com.google.android.syncadapters.contacts/.ContactsSyncAdapterBroadcastReceiver
10-13 06:26:10.433: D/dalvikvm(2139): GC_CONCURRENT freed 388K, 3% free 17077K/17512K, paused 1ms+1ms, total 11ms
10-13 06:26:10.483: I/Babel(3781): accountsChanged: just added Redacted-54 and now hiding the sms only account
10-13 06:26:10.483: I/Babel(3781): adding account per account change:Redacted-54
10-13 06:26:10.483: I/ActivityManager(788): Resuming delayed broadcast
10-13 06:26:10.493: I/Babel(3781): Setting up account:Redacted-54 clean: false fromBackground: true
10-13 06:26:10.493: I/Babel(3781): Start retrieving account setting:Redacted-54
10-13 06:26:10.493: I/Babel(3781): Account not valid for babel. Skip device registration.
10-13 06:26:10.513: I/ActivityManager(788): Delay finish: com.google.android.talk/com.google.android.apps.babel.service.AccountsChangedReceiver
10-13 06:26:10.653: I/Auth(5625): [ReflectiveChannelBinder] Successfully bound channel!
10-13 06:26:10.683: I/qtaguid(5977): Failed write_ctrl(u 51) res=-1 errno=22
10-13 06:26:10.683: I/qtaguid(5977): Untagging socket 51 failed errno=-22
10-13 06:26:10.683: W/NetworkManagementSocketTagger(5977): untagSocket(51) failed with errno -22
10-13 06:26:10.683: D/Finsky(5977): [1] 1.onResponse: Received device config token CisaKQoTNDMxMDY1MzE2ODc1NzcwMDcyMBISChAxNTA3OTAxMTcwNTk2ODY4
10-13 06:26:10.683: W/Conscrypt(5625): Could not set socket write timeout:
10-13 06:26:10.683: W/Conscrypt(5625):    java.lang.reflect.Method.invokeNative(Native Method)
10-13 06:26:10.683: W/Conscrypt(5625):    java.lang.reflect.Method.invoke(Method.java:515)
10-13 06:26:10.693: W/Conscrypt(5625): Could not set socket write timeout:
10-13 06:26:10.693: W/Conscrypt(5625):    java.lang.reflect.Method.invokeNative(Native Method)
10-13 06:26:10.693: W/Conscrypt(5625):    java.lang.reflect.Method.invoke(Method.java:515)
10-13 06:26:10.713: D/dalvikvm(5625): GC_CONCURRENT freed 822K, 8% free 19286K/20872K, paused 2ms+6ms, total 24ms
10-13 06:26:10.713: D/dalvikvm(5625): WAIT_FOR_CONCURRENT_GC blocked 18ms
10-13 06:26:10.763: W/Auth(5625): [GetToken] GetToken failed with status code: INVALID_SCOPE
10-13 06:26:10.773: E/Babel(3781): Unexpected exception while authenticating.
10-13 06:26:10.773: E/Babel(3781): com.google.android.gms.auth.GoogleAuthException: INVALID_SCOPE
10-13 06:26:10.773: E/Babel(3781): 	at com.google.android.gms.auth.GoogleAuthUtil.getToken(Unknown Source)
10-13 06:26:10.773: E/Babel(3781): 	at com.google.android.apps.babel.util.AccountsUtil.a(SourceFile:190)
10-13 06:26:10.773: E/Babel(3781): 	at com.google.android.apps.babel.network.d.H(SourceFile:70)
10-13 06:26:10.773: E/Babel(3781): 	at com.google.android.apps.babel.realtimechat.RealTimeChatService.i(SourceFile:2538)
10-13 06:26:10.773: E/Babel(3781): 	at com.google.android.apps.babel.realtimechat.RealTimeChatService.t(SourceFile:2670)
10-13 06:26:10.773: E/Babel(3781): 	at com.google.android.apps.babel.realtimechat.RealTimeChatService.onHandleIntent(SourceFile:611)
10-13 06:26:10.773: E/Babel(3781): 	at android.app.IntentService$ServiceHandler.handleMessage(IntentService.java:65)
10-13 06:26:10.773: E/Babel(3781): 	at android.os.Handler.dispatchMessage(Handler.java:102)
10-13 06:26:10.773: E/Babel(3781): 	at android.os.Looper.loop(Looper.java:136)
10-13 06:26:10.773: E/Babel(3781): 	at android.os.HandlerThread.run(HandlerThread.java:61)
10-13 06:26:10.773: E/Babel(3781): invalidateAuthTokenForAccountSetup
10-13 06:26:10.773: E/Babel(3781): com.google.android.apps.babel.util.AccountsUtil$BabelAuthException
10-13 06:26:10.773: E/Babel(3781): 	at com.google.android.apps.babel.util.AccountsUtil.a(SourceFile:204)
10-13 06:26:10.773: E/Babel(3781): 	at com.google.android.apps.babel.network.d.H(SourceFile:70)
10-13 06:26:10.773: E/Babel(3781): 	at com.google.android.apps.babel.realtimechat.RealTimeChatService.i(SourceFile:2538)
10-13 06:26:10.773: E/Babel(3781): 	at com.google.android.apps.babel.realtimechat.RealTimeChatService.t(SourceFile:2670)
10-13 06:26:10.773: E/Babel(3781): 	at com.google.android.apps.babel.realtimechat.RealTimeChatService.onHandleIntent(SourceFile:611)
10-13 06:26:10.773: E/Babel(3781): 	at android.app.IntentService$ServiceHandler.handleMessage(IntentService.java:65)
10-13 06:26:10.773: E/Babel(3781): 	at android.os.Handler.dispatchMessage(Handler.java:102)
10-13 06:26:10.773: E/Babel(3781): 	at android.os.Looper.loop(Looper.java:136)
10-13 06:26:10.773: E/Babel(3781): 	at android.os.HandlerThread.run(HandlerThread.java:61)
10-13 06:26:10.773: E/Babel(3781): Account self info failedRedacted-54
10-13 06:26:10.773: E/Babel(3781): com.google.android.apps.babel.util.AccountsUtil$BabelAuthException
10-13 06:26:10.773: E/Babel(3781): 	at com.google.android.apps.babel.util.AccountsUtil.a(SourceFile:204)
10-13 06:26:10.773: E/Babel(3781): 	at com.google.android.apps.babel.network.d.H(SourceFile:70)
10-13 06:26:10.773: E/Babel(3781): 	at com.google.android.apps.babel.realtimechat.RealTimeChatService.i(SourceFile:2538)
10-13 06:26:10.773: E/Babel(3781): 	at com.google.android.apps.babel.realtimechat.RealTimeChatService.t(SourceFile:2670)
10-13 06:26:10.773: E/Babel(3781): 	at com.google.android.apps.babel.realtimechat.RealTimeChatService.onHandleIntent(SourceFile:611)
10-13 06:26:10.773: E/Babel(3781): 	at android.app.IntentService$ServiceHandler.handleMessage(IntentService.java:65)
10-13 06:26:10.773: E/Babel(3781): 	at android.os.Handler.dispatchMessage(Handler.java:102)
10-13 06:26:10.773: E/Babel(3781): 	at android.os.Looper.loop(Looper.java:136)
10-13 06:26:10.773: E/Babel(3781): 	at android.os.HandlerThread.run(HandlerThread.java:61)
10-13 06:26:10.773: I/Babel(3781): Account setup failed with error state:106 account:Redacted-54
10-13 06:26:10.773: I/Babel(3781): Account sign in complete with state 106account: Redacted-54
10-13 06:26:10.773: W/Babel(3781): Notify sign in failed for account Redacted-54
10-13 06:26:10.783: D/dalvikvm(3781): GC_CONCURRENT freed 388K, 3% free 17105K/17588K, paused 3ms+1ms, total 13ms
10-13 06:26:10.793: I/ActivityManager(788): Resuming delayed broadcast
10-13 06:26:10.793: I/ActivityManager(788): Delay finish: com.google.android.apps.plus/.service.AccountsChangedReceiver
10-13 06:26:10.903: I/qtaguid(5977): Failed write_ctrl(u 51) res=-1 errno=22
10-13 06:26:10.903: I/qtaguid(5977): Untagging socket 51 failed errno=-22
10-13 06:26:10.903: W/NetworkManagementSocketTagger(5977): untagSocket(51) failed with errno -22
10-13 06:26:10.923: D/dalvikvm(5977): GC_CONCURRENT freed 371K, 3% free 17302K/17708K, paused 4ms+2ms, total 24ms
10-13 06:26:10.923: I/MusicPreferences(5931): Setting store availability: true
10-13 06:26:10.943: I/MusicPreferences(5931): Account switch: clearing database and downloaded content
10-13 06:26:10.963: D/dalvikvm(5894): GC_CONCURRENT freed 241K, 2% free 17236K/17556K, paused 2ms+2ms, total 21ms
10-13 06:26:10.963: I/MusicPreferences(5931): Account auto-selected
10-13 06:26:10.963: I/ActivityManager(788): Resuming delayed broadcast
10-13 06:26:10.973: I/ActivityManager(788): Start proc com.google.android.videos for broadcast com.google.android.videos/.accounts.AccountsChangedService$AccountsChangedReceiver: pid=6185 uid=10070 gids={50070, 3003, 1028, 1015, 3002}
10-13 06:26:10.973: I/ActivityManager(788): Killing 4378:com.google.android.apps.magazines/u0a56 (adj 15): empty #17
10-13 06:26:11.133: D/dalvikvm(6185): GC_CONCURRENT freed 265K, 2% free 16884K/17176K, paused 1ms+1ms, total 12ms
10-13 06:26:11.203: D/dalvikvm(6185): GC_CONCURRENT freed 189K, 2% free 17083K/17304K, paused 2ms+1ms, total 10ms
10-13 06:26:11.223: D/DrmWidevine(183): calling OEMCrypto_Initialize, g_qsee_apps_version = 20006
10-13 06:26:11.223: D/QSEECOMAPI:(183): QSEECom_get_handle sb_length = 0x5000
10-13 06:26:11.223: D/QSEECOMAPI:(183): App is already loaded QSEE and app id = 3
10-13 06:26:11.223: D/QSAPPSVER(183): qsappsver_checkversion hlos_version major version = 2, tz_version major version = 2
10-13 06:26:11.223: D/QSAPPSVER(183): qsappsver_checkversion hlos_version minor version = 6, tz_version minor version = 2
10-13 06:26:11.223: D/DrmWidevine(183): OEMCrypto_Initialize sion_buffer g_wv_fhandle->ion_sbuffer  0x0xb624d000
10-13 06:26:11.223: E/DrmWidevine(183): sion_buffer g_wv_fhandle->ion_sbuffer  0x0xb624d000
10-13 06:26:11.223: D/DrmWidevine(183): OEMCrypto_Initialize exit returns 0
10-13 06:26:11.223: D/DrmWidevine(183): calling OEMCrypto_IsKeyboxValid...
10-13 06:26:11.243: D/DrmWidevine(183): OEMCrypto_IsKeyboxValid returns 0
10-13 06:26:11.243: D/DrmWidevine(183): calling OEMCrypto_IsKeyboxValid...
10-13 06:26:11.253: D/DrmWidevine(183): OEMCrypto_IsKeyboxValid returns 0
10-13 06:26:11.253: D/DrmWidevine(183): calling OEMCrypto_GetKeyData...
10-13 06:26:11.253: E/DrmWidevine(183): Error: OEMCrypto_GetKeyData input *keyDataLength = 0
10-13 06:26:11.253: D/DrmWidevine(183): OEMCrypto_GetKeyData returns 5
10-13 06:26:11.253: D/DrmWidevine(183): calling OEMCrypto_GetKeyData...
10-13 06:26:11.253: D/dalvikvm(5894): GC_CONCURRENT freed 357K, 3% free 17278K/17664K, paused 2ms+3ms, total 28ms
10-13 06:26:11.263: D/DrmWidevine(183): OEMCrypto_GetKeyData returns 0
10-13 06:26:11.263: D/DrmWidevine(183): calling OEMCrypto_GetDeviceID...
10-13 06:26:11.273: D/DrmWidevine(183): OEMCrypto_GetDeviceID returns 0
10-13 06:26:11.273: D/WVMLogging(183): Fri Oct 13 06:26:11 2017 (b86f8f20):LicenseManager::ReadRegisteredAssets failed(0, 83886081)
10-13 06:26:11.283: D/PlayMovies(6185): PersistentCache.cleanup:126 Cache is below limit, no need to shrink: [size=0, limit=5242880]
10-13 06:26:11.323: D/dalvikvm(6185): GC_CONCURRENT freed 485K, 3% free 17111K/17624K, paused 3ms+0ms, total 16ms
10-13 06:26:11.323: D/dalvikvm(6185): WAIT_FOR_CONCURRENT_GC blocked 7ms
10-13 06:26:11.343: D/dalvikvm(6185): GC_CONCURRENT freed 446K, 4% free 17107K/17652K, paused 1ms+1ms, total 12ms
10-13 06:26:11.343: D/dalvikvm(6185): WAIT_FOR_CONCURRENT_GC blocked 11ms
10-13 06:26:11.343: D/dalvikvm(6185): WAIT_FOR_CONCURRENT_GC blocked 5ms
10-13 06:26:11.363: D/dalvikvm(6185): GC_CONCURRENT freed 449K, 4% free 17109K/17652K, paused 1ms+1ms, total 13ms
10-13 06:26:11.363: D/dalvikvm(6185): WAIT_FOR_CONCURRENT_GC blocked 10ms
10-13 06:26:11.383: I/Auth(5625): [BroadcastManager] Broadcasting account services changed.
10-13 06:26:11.403: I/MediaRouter(6185): Found default route: MediaRouter.RouteInfo{ uniqueId=android/.support.v7.media.SystemMediaRouteProvider:DEFAULT_ROUTE, name=Auriculares, description=null, enabled=true, connecting=false, playbackType=0, playbackStream=3, volumeHandling=1, volume=11, volumeMax=15, presentationDisplayId=-1, extras=null, providerPackageName=android }
10-13 06:26:11.413: D/PlayMovies(6185): MediaRouteManager.onRouteSelected:125 routeInfo: MediaRouter.RouteInfo{ uniqueId=android/.support.v7.media.SystemMediaRouteProvider:DEFAULT_ROUTE, name=Auriculares, description=null, enabled=true, connecting=false, playbackType=0, playbackStream=3, volumeHandling=1, volume=11, volumeMax=15, presentationDisplayId=-1, extras=null, providerPackageName=android }
10-13 06:26:11.423: D/dalvikvm(6185): GC_CONCURRENT freed 386K, 3% free 17235K/17652K, paused 3ms+2ms, total 23ms
10-13 06:26:11.433: D/dalvikvm(6185): WAIT_FOR_CONCURRENT_GC blocked 9ms
10-13 06:26:11.433: D/dalvikvm(6185): WAIT_FOR_CONCURRENT_GC blocked 9ms
10-13 06:26:11.443: I/ActivityManager(788): Delay finish: com.google.android.videos/.accounts.AccountsChangedService$AccountsChangedReceiver
10-13 06:26:11.443: D/PlayMovies(6185): TransferService.onCreate:52 creating transfer service
10-13 06:26:11.483: D/PlayMovies(6185): MediaRouteManager.onRouteSelected:125 routeInfo: MediaRouter.RouteInfo{ uniqueId=android/.support.v7.media.SystemMediaRouteProvider:DEFAULT_ROUTE, name=Auriculares, description=null, enabled=true, connecting=false, playbackType=0, playbackStream=3, volumeHandling=1, volume=11, volumeMax=15, presentationDisplayId=-1, extras=null, providerPackageName=android }
10-13 06:26:11.493: I/Icing(5655): IndexChimeraService.getServiceInterface callingPackage=com.google.android.videos componentName=null serviceId=21
10-13 06:26:11.513: D/dalvikvm(6185): GC_CONCURRENT freed 328K, 3% free 17314K/17672K, paused 2ms+1ms, total 17ms
10-13 06:26:11.533: I/Icing(5655): Usage reports 0 indexed 0 rejected 0 imm upload false
10-13 06:26:11.553: D/dalvikvm(6185): GC_CONCURRENT freed 389K, 3% free 17312K/17740K, paused 3ms+1ms, total 12ms
10-13 06:26:11.573: D/dalvikvm(6185): GC_CONCURRENT freed 387K, 3% free 17313K/17752K, paused 3ms+1ms, total 11ms
10-13 06:26:11.583: D/dalvikvm(5894): GC_CONCURRENT freed 198K, 2% free 17504K/17744K, paused 2ms+4ms, total 15ms
10-13 06:26:11.603: I/Icing(5655): Indexing 36E007F5C5AECD0E0E24869653083BC0AFEF9A03 from com.google.android.videos
10-13 06:26:11.613: D/dalvikvm(6185): GC_CONCURRENT freed 502K, 4% free 17316K/17856K, paused 2ms+1ms, total 11ms
10-13 06:26:11.613: D/dalvikvm(6185): WAIT_FOR_CONCURRENT_GC blocked 5ms
10-13 06:26:11.613: D/dalvikvm(6185): WAIT_FOR_CONCURRENT_GC blocked 5ms
10-13 06:26:11.643: D/dalvikvm(6185): GC_CONCURRENT freed 494K, 4% free 17316K/17856K, paused 1ms+1ms, total 11ms
10-13 06:26:11.643: D/dalvikvm(6185): WAIT_FOR_CONCURRENT_GC blocked 3ms
10-13 06:26:11.643: D/dalvikvm(6185): WAIT_FOR_CONCURRENT_GC blocked 6ms
10-13 06:26:11.643: D/dalvikvm(6185): WAIT_FOR_CONCURRENT_GC blocked 5ms
10-13 06:26:11.673: I/Icing(5655): Indexing done 36E007F5C5AECD0E0E24869653083BC0AFEF9A03
10-13 06:26:11.713: I/Icing(5655): Indexing F09203E6F4A3C02C012AF72910642B716DD32BD7 from com.google.android.videos
10-13 06:26:11.763: I/Icing(5655): Indexing done F09203E6F4A3C02C012AF72910642B716DD32BD7
10-13 06:26:11.773: D/dalvikvm(5655): GC_CONCURRENT freed 524K, 4% free 18653K/19232K, paused 3ms+1ms, total 17ms
10-13 06:26:11.793: I/ActivityManager(788): Resuming delayed broadcast
10-13 06:26:11.803: I/ActivityManager(788): Start proc com.google.android.youtube for broadcast com.google.android.youtube/com.google.android.apps.youtube.core.async.UserAuthorizer$AccountsChangedReceiver: pid=6241 uid=10071 gids={50071, 3003, 1028, 1015}
10-13 06:26:11.803: I/ActivityManager(788): Killing 2139:android.process.acore/u0a3 (adj 15): empty #17
10-13 06:26:11.833: D/dalvikvm(5894): GC_CONCURRENT freed 363K, 3% free 17575K/17968K, paused 3ms+4ms, total 31ms
10-13 06:26:11.873: D/dalvikvm(788): GC_EXPLICIT freed 944K, 32% free 25041K/36596K, paused 3ms+5ms, total 56ms
10-13 06:26:11.913: I/MusicSyncAdapter(5894): Nautilus trial became available.
10-13 06:26:11.913: I/MusicSyncAdapter(5894): Nautilus purchase became available.
10-13 06:26:11.933: D/YouTube(6241): apps.youtube.core.utils.bb.a:41 HttpClient.UserAgent: com.google.android.youtube/5.2.27(Linux; U; Android 4.4.4; es; Nexus 5 Build/KTU84P)
10-13 06:26:11.953: D/dalvikvm(6241): GC_CONCURRENT freed 228K, 2% free 16946K/17204K, paused 3ms+2ms, total 16ms
10-13 06:26:11.983: D/YouTube(6241): apps.youtube.core.utils.bb.a:41 HttpClient.UserAgent: com.google.android.youtube/5.2.27(Linux; U; Android 4.4.4; es; Nexus 5 Build/KTU84P)
10-13 06:26:12.063: W/MusicApiClient(5894): No content in 'data' field in GET sync response for Track
10-13 06:26:12.073: D/dalvikvm(6241): GC_CONCURRENT freed 293K, 2% free 17050K/17372K, paused 2ms+2ms, total 12ms
10-13 06:26:12.093: D/YouTube(6241): apps.youtube.core.client.r.a:114 event [version=5.2.27-s2000, action=Startup, label=NORMAL_STARTUP, value=-1]
10-13 06:26:12.103: D/YouTube(6241): apps.youtube.core.cache.f.run:163 Cache is below limit, no need to shrink: [size=0, limit=20971520]
10-13 06:26:12.133: D/dalvikvm(6241): GC_CONCURRENT freed 277K, 2% free 17269K/17576K, paused 2ms+2ms, total 14ms
10-13 06:26:12.133: D/dalvikvm(6241): DexOpt: --- BEGIN 'ads-1538285493.jar' (bootstrap=0) ---
10-13 06:26:12.143: I/ActivityManager(788): Killing 4445:com.google.android.keep/u0a52 (adj 15): empty #17
10-13 06:26:12.163: D/dalvikvm(6266): DexOpt: load 2ms, verify+opt 3ms, 158252 bytes
10-13 06:26:12.173: D/dalvikvm(6241): DexOpt: --- END 'ads-1538285493.jar' (success) ---
10-13 06:26:12.173: D/dalvikvm(6241): DEX prep '/data/data/com.google.android.youtube/cache/ads-1538285493.jar': unzip in 0ms, rewrite 40ms
10-13 06:26:12.233: I/GoogleConversionPing(6241): Pinging: http://www.googleadservices.com/pagead/conversion/1001680686/?label=4dahCKKczAYQrt7R3QM&value=&muid=MSoPh6_WzwIhi3QaJ_rSTQ&bundleid=com.google.android.youtube&appversion=5.2.27&osversion=4.4.4&sdkversion=ct-sdk-a-v1.1.0&remarketing_only=1&timestamp=1507901172&data=screen_name%3D%3CAndroid_YT_Open_App%3E
10-13 06:26:12.243: D/dalvikvm(6241): GC_CONCURRENT freed 302K, 2% free 17443K/17772K, paused 1ms+1ms, total 12ms
10-13 06:26:12.263: W/MusicApiClient(5894): No content in 'data' field in GET sync response for SyncablePlaylist
10-13 06:26:12.263: D/YouTube(6241): apps.youtube.core.transfer.TransferService.onCreate:108 creating transfer service
10-13 06:26:12.263: I/ActivityManager(788): Delay finish: com.google.android.youtube/com.google.android.apps.youtube.core.async.UserAuthorizer$AccountsChangedReceiver
10-13 06:26:12.273: I/ActivityManager(788): Resuming delayed broadcast
10-13 06:26:12.303: I/GoogleConversionPing(6241): Ping responded with response code 200
10-13 06:26:12.303: I/dalvikvm(5655): Failed resolving Lbjw; interface 476 'Landroid/content/pm/PackageManager$OnPermissionsChangedListener;'
10-13 06:26:12.303: W/dalvikvm(5655): Link of class 'Lbjw;' failed
10-13 06:26:12.303: I/dalvikvm(5655): Failed resolving Lbjw; interface 476 'Landroid/content/pm/PackageManager$OnPermissionsChangedListener;'
10-13 06:26:12.303: W/dalvikvm(5655): Link of class 'Lbjw;' failed
10-13 06:26:12.303: E/dalvikvm(5655): Could not find class 'bjw', referenced from method com.google.android.gms.chimera.GmsModuleInitializer.initializeModuleV0
10-13 06:26:12.303: W/dalvikvm(5655): VFY: unable to resolve new-instance 1554 (Lbjw;) in Lcom/google/android/gms/chimera/GmsModuleInitializer;
10-13 06:26:12.303: D/dalvikvm(5655): VFY: replacing opcode 0x22 at 0x003d
10-13 06:26:12.303: I/dalvikvm(5655): Failed resolving Lbjw; interface 476 'Landroid/content/pm/PackageManager$OnPermissionsChangedListener;'
10-13 06:26:12.303: W/dalvikvm(5655): Link of class 'Lbjw;' failed
10-13 06:26:12.303: I/dalvikvm(5655): Failed resolving Lbjw; interface 476 'Landroid/content/pm/PackageManager$OnPermissionsChangedListener;'
10-13 06:26:12.303: W/dalvikvm(5655): Link of class 'Lbjw;' failed
10-13 06:26:12.303: D/dalvikvm(5655): DexOpt: unable to opt direct call 0x23a6 at 0x3f in Lcom/google/android/gms/chimera/GmsModuleInitializer;.initializeModuleV0
10-13 06:26:12.323: D/dalvikvm(5625): GC_CONCURRENT freed 766K, 8% free 19346K/20872K, paused 3ms+2ms, total 22ms
10-13 06:26:12.333: W/MusicApiClient(5894): No content in 'data' field in GET sync response for SyncablePlaylistEntry
10-13 06:26:12.333: I/dalvikvm(5655): Could not find method android.content.Context.isDeviceProtectedStorage, referenced from method bmv.a
10-13 06:26:12.333: W/dalvikvm(5655): VFY: unable to resolve virtual method 2444: Landroid/content/Context;.isDeviceProtectedStorage ()Z
10-13 06:26:12.333: D/dalvikvm(5655): VFY: replacing opcode 0x6e at 0x0006
10-13 06:26:12.343: I/ActivityManager(788): Delay finish: com.google.android.gms/.games.chimera.GamesSystemBroadcastReceiverProxy
10-13 06:26:12.353: I/dalvikvm(5655): Could not find method android.hardware.display.VirtualDisplay.setSurface, referenced from method cez.a
10-13 06:26:12.353: W/dalvikvm(5655): VFY: unable to resolve virtual method 3152: Landroid/hardware/display/VirtualDisplay;.setSurface (Landroid/view/Surface;)V
10-13 06:26:12.353: D/dalvikvm(5655): VFY: replacing opcode 0x6e at 0x00a2
10-13 06:26:12.363: I/dalvikvm(5655): Could not find method android.hardware.display.VirtualDisplay.setSurface, referenced from method cez.a
10-13 06:26:12.363: W/dalvikvm(5655): VFY: unable to resolve virtual method 3152: Landroid/hardware/display/VirtualDisplay;.setSurface (Landroid/view/Surface;)V
10-13 06:26:12.363: D/dalvikvm(5655): VFY: replacing opcode 0x6e at 0x00dc
10-13 06:26:12.403: D/dalvikvm(5655): GC_CONCURRENT freed 516K, 3% free 18732K/19280K, paused 1ms+2ms, total 17ms
10-13 06:26:12.413: W/dalvikvm(5655): VFY: unable to find class referenced in signature (Landroid/net/Network;)
10-13 06:26:12.413: I/dalvikvm(5655): Could not find method android.net.Network.openConnection, referenced from method quq.a
10-13 06:26:12.413: W/dalvikvm(5655): VFY: unable to resolve virtual method 12401: Landroid/net/Network;.openConnection (Ljava/net/URL;)Ljava/net/URLConnection;
10-13 06:26:12.413: D/dalvikvm(5655): VFY: replacing opcode 0x6e at 0x00ab
10-13 06:26:12.413: I/GoogleURLConnFactory(5655): Using platform SSLCertificateSocketFactory
10-13 06:26:12.423: W/MusicApiClient(5894): No content in 'data' field in GET sync response for SyncableRadioStation
10-13 06:26:12.423: E/BaseAppContext(5655): Tried to stop global GMSCore RequestQueue. This is likely unintended, so ignoring.
10-13 06:26:12.433: I/MusicSyncAdapter(5894): Periodic sync is disabled
10-13 06:26:12.433: D/dalvikvm(6185): GC_CONCURRENT freed 379K, 3% free 17321K/17856K, paused 2ms+1ms, total 14ms
10-13 06:26:12.483: D/dalvikvm(5894): GC_CONCURRENT freed 381K, 3% free 17633K/18044K, paused 2ms+3ms, total 18ms
10-13 06:26:12.563: E/dalvikvm(5655): Could not find class 'android.graphics.drawable.AdaptiveIconDrawable', referenced from method cfg.a
10-13 06:26:12.563: W/dalvikvm(5655): VFY: unable to resolve instanceof 555 (Landroid/graphics/drawable/AdaptiveIconDrawable;) in Lcfg;
10-13 06:26:12.563: D/dalvikvm(5655): VFY: replacing opcode 0x20 at 0x0107
10-13 06:26:12.613: D/dalvikvm(5655): GC_CONCURRENT freed 346K, 2% free 18950K/19328K, paused 2ms+2ms, total 18ms
10-13 06:26:12.753: D/AndroidRuntime(6303): >>>>>> AndroidRuntime START com.android.internal.os.RuntimeInit <<<<<<
10-13 06:26:12.753: D/AndroidRuntime(6303): CheckJNI is OFF
10-13 06:26:12.763: I/GamesDatabaseHelper(5655): Bootstrapping database version: 2200
10-13 06:26:12.763: D/dalvikvm(6303): Trying to load lib libjavacore.so 0x0
10-13 06:26:12.773: D/dalvikvm(6303): Added shared lib libjavacore.so 0x0
10-13 06:26:12.773: D/dalvikvm(6303): Trying to load lib libnativehelper.so 0x0
10-13 06:26:12.773: D/dalvikvm(6303): Added shared lib libnativehelper.so 0x0
10-13 06:26:12.773: D/dalvikvm(6303): No JNI_OnLoad found in libnativehelper.so 0x0, skipping init
10-13 06:26:12.803: D/dalvikvm(6303): Note: class Landroid/app/ActivityManagerNative; has 179 unimplemented (abstract) methods
10-13 06:26:12.813: W/MusicApiClient(5894): No content in 'data' field in GET sync response for Track
10-13 06:26:12.843: I/Auth(5625): [BroadcastManager] Broadcasting account change.
10-13 06:26:12.843: W/WakefulBroadcastReceiver(5625): No active wake lock id #1
10-13 06:26:12.863: D/dalvikvm(5655): GC_CONCURRENT freed 471K, 3% free 19212K/19712K, paused 1ms+2ms, total 29ms
10-13 06:26:12.903: W/MusicApiClient(5894): No content in 'data' field in GET sync response for SyncablePlaylist
10-13 06:26:12.933: D/AndroidRuntime(6303): Calling main entry com.android.commands.pm.Pm
10-13 06:26:12.983: D/AndroidRuntime(6303): Shutting down VM
10-13 06:26:12.983: D/dalvikvm(6303): GC_CONCURRENT freed 259K, 32% free 567K/828K, paused 0ms+0ms, total 1ms
10-13 06:26:12.993: W/MusicApiClient(5894): No content in 'data' field in GET sync response for SyncablePlaylistEntry
10-13 06:26:13.033: D/dalvikvm(5655): DexOpt: couldn't find field Landroid/os/Message;.sendingUid
10-13 06:26:13.033: W/dalvikvm(5655): VFY: unable to resolve instance field 1692
10-13 06:26:13.033: D/dalvikvm(5655): VFY: replacing opcode 0x52 at 0x0002
10-13 06:26:13.063: I/dalvikvm(5655): Could not find method android.os.PowerManager.isInteractive, referenced from method bnk.a
10-13 06:26:13.063: W/dalvikvm(5655): VFY: unable to resolve virtual method 3502: Landroid/os/PowerManager;.isInteractive ()Z
