10-13 06:26:40.323: D/dalvikvm(5625): GC_CONCURRENT freed 729K, 7% free 19467K/20868K, paused 4ms+2ms, total 32ms
10-13 06:26:40.333: I/GCoreUlr(5600): Unregistering for aliased place alerts.
10-13 06:26:40.333: D/dalvikvm(5655): GC_FOR_ALLOC freed 1333K, 12% free 20781K/23540K, paused 32ms, total 33ms
10-13 06:26:40.363: I/GCoreUlr(5600): DispatchingService.onDestroy()
10-13 06:26:40.363: W/GmsModuleProvider(5655): Unknown dynamite feature flags
10-13 06:26:40.363: I/DynamiteModule(5655): Considering local module com.google.android.gms.flags:2 and remote module com.google.android.gms.flags:0
10-13 06:26:40.363: I/DynamiteModule(5655): Selected local version of com.google.android.gms.flags
10-13 06:26:40.373: I/Authzen(5655): [PermitStore] Getting all permits...
10-13 06:26:40.383: I/GCoreUlr(5600): Stopping handler for UlrDispSvcFast
10-13 06:26:40.383: I/GCoreUlr(5600): DispatchingService ignoring Intent { act=android.net.wifi.WIFI_STATE_CHANGED flg=0x4000010 (has extras) } because ULR inactive
10-13 06:26:40.383: D/dalvikvm(5600): GC_CONCURRENT freed 1288K, 7% free 20776K/22328K, paused 5ms+12ms, total 57ms
10-13 06:26:40.383: I/GCoreUlr(5600): Unbound from all location providers
10-13 06:26:40.383: I/GCoreUlr(5600): Place inference reporting - stop
10-13 06:26:40.383: I/GCoreUlr(5600): Unregistering for aliased place alerts.
10-13 06:26:40.393: D/dalvikvm(5655): GC_CONCURRENT freed 1293K, 12% free 20852K/23540K, paused 4ms+4ms, total 37ms
10-13 06:26:40.393: D/dalvikvm(5655): WAIT_FOR_CONCURRENT_GC blocked 24ms
10-13 06:26:40.393: D/dalvikvm(5655): WAIT_FOR_CONCURRENT_GC blocked 17ms
10-13 06:26:40.393: D/dalvikvm(5655): WAIT_FOR_CONCURRENT_GC blocked 18ms
10-13 06:26:40.393: D/dalvikvm(5655): WAIT_FOR_CONCURRENT_GC blocked 18ms
10-13 06:26:40.393: D/dalvikvm(5655): WAIT_FOR_CONCURRENT_GC blocked 21ms
10-13 06:26:40.393: D/dalvikvm(5655): WAIT_FOR_CONCURRENT_GC blocked 22ms
10-13 06:26:40.393: D/dalvikvm(5655): WAIT_FOR_CONCURRENT_GC blocked 22ms
10-13 06:26:40.403: W/GoogleSignatureVerifier(5600): Test-keys aren't accepted on this build.
10-13 06:26:40.433: W/ContextImpl(7224): Implicit intents with startService are not safe: Intent { act=com.google.android.configupdater.CertPin.NEW_METADATA (has extras) } android.content.ContextWrapper.startService:494 android.content.ContextWrapper.startService:494 com.google.android.configupdater.UpdateRequestReceiver.handleMetadataDownload:244 
10-13 06:26:40.433: I/ActivityManager(788): Delay finish: com.google.android.configupdater/.CertPin.CertPinUpdateRequestReceiver
10-13 06:26:40.433: I/Places(5600): ?: Couldn't find platform key file.
10-13 06:26:40.443: D/dalvikvm(7224): GC_CONCURRENT freed 435K, 3% free 16778K/17244K, paused 2ms+1ms, total 12ms
10-13 06:26:40.443: D/dalvikvm(5655): GC_FOR_ALLOC freed 1148K, 12% free 20824K/23540K, paused 30ms, total 30ms
10-13 06:26:40.443: I/FontsPackageChangeOp(5655): Package com.google.android.apps.mtaas.crawler has no metadata
10-13 06:26:40.453: I/Authzen(5655): [fbi] Opening database auth.proximity.permit_store...
10-13 06:26:40.453: D/Wear_Controller(5655): Received broadcast action=android.intent.action.PACKAGE_ADDED and uri=com.google.android.apps.mtaas.crawler
10-13 06:26:40.483: I/GeofencerStateMachine(5600): removeGeofences: removeRequest=RemoveGeofencingRequest[REMOVE_BY_PENDING_INTENT pendingIntent=PendingIntent[creatorPackage=com.google.android.gms], packageName=null]
10-13 06:26:40.483: I/GeofencerStateMachine(5600): removeGeofences: removeRequest=RemoveGeofencingRequest[REMOVE_BY_PENDING_INTENT pendingIntent=PendingIntent[creatorPackage=com.google.android.gms], packageName=null]
10-13 06:26:40.493: W/Auth(5625): [GetToken] GetToken failed with status code: INVALID_SCOPE
10-13 06:26:40.493: I/GeofencerStateMachine(5600): removeGeofences: removeRequest=RemoveGeofencingRequest[REMOVE_BY_PENDING_INTENT pendingIntent=PendingIntent[creatorPackage=com.google.android.gms], packageName=null]
10-13 06:26:40.493: I/Icing(5655): IndexChimeraService.getServiceInterface callingPackage=com.google.android.gms componentName=AppsCorpus serviceId=32
10-13 06:26:40.493: I/Icing(5655): IndexChimeraService.getServiceInterface callingPackage=com.google.android.gms componentName=AppsCorpus serviceId=36
10-13 06:26:40.493: I/ActivityManager(788): Resuming delayed broadcast
10-13 06:26:40.513: I/Places(5600): ?: Couldn't find platform key file.
10-13 06:26:40.523: D/dalvikvm(5655): GC_FOR_ALLOC freed 806K, 12% free 20863K/23540K, paused 24ms, total 24ms
10-13 06:26:40.523: E/Auth.Api.Credentials(5655): [SyncManager] Error during the sync.
10-13 06:26:40.523: E/Auth.Api.Credentials(5655): dyj: INVALID_SCOPE
10-13 06:26:40.523: E/Auth.Api.Credentials(5655): 	at dyn.a(:com.google.android.gms@11509030:16)
10-13 06:26:40.523: E/Auth.Api.Credentials(5655): 	at dym.a(:com.google.android.gms@11509030:2)
10-13 06:26:40.523: E/Auth.Api.Credentials(5655): 	at dym.e(:com.google.android.gms@11509030:6)
10-13 06:26:40.523: E/Auth.Api.Credentials(5655): 	at dym.d(:com.google.android.gms@11509030:1)
10-13 06:26:40.523: E/Auth.Api.Credentials(5655): 	at dyk.b(:com.google.android.gms@11509030:1)
10-13 06:26:40.523: E/Auth.Api.Credentials(5655): 	at jlb.b(:com.google.android.gms@11509030)
10-13 06:26:40.523: E/Auth.Api.Credentials(5655): 	at jjs.b(:com.google.android.gms@11509030:5)
10-13 06:26:40.523: E/Auth.Api.Credentials(5655): 	at jki.b(:com.google.android.gms@11509030:9)
10-13 06:26:40.523: E/Auth.Api.Credentials(5655): 	at jki.a(:com.google.android.gms@11509030:16)
10-13 06:26:40.523: E/Auth.Api.Credentials(5655): 	at jki.a(:com.google.android.gms@11509030:32)
10-13 06:26:40.523: E/Auth.Api.Credentials(5655): 	at emk.b(:com.google.android.gms@11509030:45)
10-13 06:26:40.523: E/Auth.Api.Credentials(5655): 	at eql.a(:com.google.android.gms@11509030:4)
10-13 06:26:40.523: E/Auth.Api.Credentials(5655): 	at eqj.a(:com.google.android.gms@11509030:84)
10-13 06:26:40.523: E/Auth.Api.Credentials(5655): 	at eqi.a(:com.google.android.gms@11509030:60)
10-13 06:26:40.523: E/Auth.Api.Credentials(5655): 	at jpd.onPerformSync(:com.google.android.gms@11509030:6)
10-13 06:26:40.523: E/Auth.Api.Credentials(5655): 	at android.content.AbstractThreadedSyncAdapter$SyncThread.run(AbstractThreadedSyncAdapter.java:259)
10-13 06:26:40.543: I/GeofencerStateMachine(5600): removeGeofences: removeRequest=RemoveGeofencingRequest[REMOVE_BY_PENDING_INTENT pendingIntent=PendingIntent[creatorPackage=com.google.android.gms], packageName=null]
10-13 06:26:40.543: I/DownloadManager(957): Download 495 starting
10-13 06:26:40.543: I/GeofencerStateMachine(5600): removeGeofences: removeRequest=RemoveGeofencingRequest[REMOVE_BY_PENDING_INTENT pendingIntent=PendingIntent[creatorPackage=com.google.android.gms], packageName=null]
10-13 06:26:40.553: I/GeofencerStateMachine(5600): removeGeofences: removeRequest=RemoveGeofencingRequest[REMOVE_BY_PENDING_INTENT pendingIntent=PendingIntent[creatorPackage=com.google.android.gms], packageName=null]
10-13 06:26:40.553: W/ContextImpl(7224): Implicit intents with startService are not safe: Intent { act=com.google.android.configupdater.SmsShortCodes.NEW_METADATA (has extras) } android.content.ContextWrapper.startService:494 android.content.ContextWrapper.startService:494 com.google.android.configupdater.UpdateRequestReceiver.handleMetadataDownload:244 
10-13 06:26:40.553: D/dalvikvm(5655): GC_FOR_ALLOC freed 1084K, 12% free 20849K/23540K, paused 24ms, total 24ms
10-13 06:26:40.563: I/ActivityManager(788): Delay finish: com.google.android.configupdater/.SmsShortCodes.SmsShortCodesUpdateRequestReceiver
10-13 06:26:40.563: I/GoogleURLConnFactory(5655): Using platform SSLCertificateSocketFactory
10-13 06:26:40.583: I/Icing(5655): Usage reports 0 indexed 0 rejected 0 imm upload false
10-13 06:26:40.593: E/ConfigFileUtils(5655): Failed to read config file: /data/data/com.google.android.gms/app_chimera/current_modulesets.pb: open failed: ENOENT (No such file or directory)
10-13 06:26:40.603: I/DownloadManager(957): Ignoring Content-Length since Transfer-Encoding is also defined
10-13 06:26:40.613: I/Icing(5655): Usage reports 0 indexed 0 rejected 0 imm upload false
10-13 06:26:40.613: I/ActivityManager(788): Resuming delayed broadcast
10-13 06:26:40.623: D/dalvikvm(5655): GC_CONCURRENT freed 1368K, 12% free 20841K/23540K, paused 3ms+4ms, total 33ms
10-13 06:26:40.623: D/dalvikvm(5655): WAIT_FOR_CONCURRENT_GC blocked 7ms
10-13 06:26:40.623: I/OcrModelUpStIntentOp(5655): Updating ocr activity enabled=true (phenotypeFlag=true, lowRamDevice=false, prereqCheck=true)
10-13 06:26:40.653: D/dalvikvm(5655): newInstance failed: no <init>()
10-13 06:26:40.683: I/DownloadManager(957): Download 496 starting
10-13 06:26:40.683: D/dalvikvm(5655): GC_FOR_ALLOC freed 565K, 11% free 21073K/23540K, paused 26ms, total 26ms
10-13 06:26:40.713: I/Icing(5655): Indexing 9DAACE76C7D2CF709D253305E01F9E678E487793 from com.google.android.gms
10-13 06:26:40.713: W/Auth(5625): [GetToken] GetToken failed with status code: INVALID_SCOPE
10-13 06:26:40.723: I/DownloadManager(957): Ignoring Content-Length since Transfer-Encoding is also defined
10-13 06:26:40.733: D/dalvikvm(5655): GC_CONCURRENT freed 1368K, 11% free 21166K/23540K, paused 3ms+3ms, total 30ms
10-13 06:26:40.733: D/dalvikvm(5655): WAIT_FOR_CONCURRENT_GC blocked 20ms
10-13 06:26:40.733: D/dalvikvm(5655): WAIT_FOR_CONCURRENT_GC blocked 17ms
10-13 06:26:40.733: D/dalvikvm(5655): WAIT_FOR_CONCURRENT_GC blocked 20ms
10-13 06:26:40.733: D/dalvikvm(5655): WAIT_FOR_CONCURRENT_GC blocked 20ms
10-13 06:26:40.733: D/dalvikvm(5655): WAIT_FOR_CONCURRENT_GC blocked 21ms
10-13 06:26:40.733: D/dalvikvm(5655): WAIT_FOR_CONCURRENT_GC blocked 22ms
10-13 06:26:40.743: D/dalvikvm(5655): WAIT_FOR_CONCURRENT_GC blocked 19ms
10-13 06:26:40.743: I/DownloadManager(957): Download 495 finished with status SUCCESS
10-13 06:26:40.763: W/ContextImpl(7224): Implicit intents with startService are not safe: Intent { act=com.google.android.configupdater.CertPin.NEW_CONTENT (has extras) } android.content.ContextWrapper.startService:494 android.content.ContextWrapper.startService:494 com.google.android.configupdater.UpdateRequestReceiver.handleContentDownload:231 
10-13 06:26:40.773: D/dalvikvm(957): GC_CONCURRENT freed 318K, 4% free 17207K/17852K, paused 2ms+2ms, total 19ms
10-13 06:26:40.773: D/dalvikvm(5655): GC_FOR_ALLOC freed 1244K, 10% free 21248K/23540K, paused 26ms, total 26ms
10-13 06:26:40.773: I/ActivityManager(788): Delay finish: com.google.android.configupdater/.CertPin.CertPinUpdateRequestReceiver
10-13 06:26:40.783: I/Icing(5655): Indexing done 9DAACE76C7D2CF709D253305E01F9E678E487793
10-13 06:26:40.783: I/UpdateFetcherService(7224): Update downloaded, starting installation
10-13 06:26:40.783: D/dalvikvm(5600): GC_CONCURRENT freed 1253K, 7% free 20843K/22328K, paused 3ms+4ms, total 32ms
10-13 06:26:40.783: I/UpdateFetcherService(7224): Started installation
10-13 06:26:40.813: D/dalvikvm(5655): GC_FOR_ALLOC freed 1068K, 10% free 21338K/23540K, paused 30ms, total 30ms
10-13 06:26:40.823: I/ActivityManager(788): Resuming delayed broadcast
10-13 06:26:40.843: D/dalvikvm(7224): GC_CONCURRENT freed 417K, 3% free 16781K/17244K, paused 2ms+2ms, total 16ms
10-13 06:26:40.843: I/ConfigUpdateInstallReceiver(788): Not installing, new version is <= current version
10-13 06:26:40.853: D/dalvikvm(5625): GC_EXPLICIT freed 775K, 7% free 19447K/20868K, paused 1ms+3ms, total 26ms
10-13 06:26:40.853: W/Auth(5625): [GetToken] GetToken failed with status code: INVALID_SCOPE
10-13 06:26:40.863: E/HeterodyneSyncer(5600): Failed to get auth token: INVALID_SCOPE
10-13 06:26:40.863: E/HeterodyneSyncer(5600): dyj: INVALID_SCOPE
10-13 06:26:40.863: E/HeterodyneSyncer(5600): 	at dyn.a(:com.google.android.gms@11509030:16)
10-13 06:26:40.863: E/HeterodyneSyncer(5600): 	at dym.a(:com.google.android.gms@11509030:2)
10-13 06:26:40.863: E/HeterodyneSyncer(5600): 	at dym.e(:com.google.android.gms@11509030:6)
10-13 06:26:40.863: E/HeterodyneSyncer(5600): 	at dyk.f(:com.google.android.gms@11509030:3)
10-13 06:26:40.863: E/HeterodyneSyncer(5600): 	at dyk.a(:com.google.android.gms@11509030:4)
10-13 06:26:40.863: E/HeterodyneSyncer(5600): 	at dyk.a(:com.google.android.gms@11509030:7)
10-13 06:26:40.863: E/HeterodyneSyncer(5600): 	at xxp.a(:com.google.android.gms@11509030:30)
10-13 06:26:40.863: E/HeterodyneSyncer(5600): 	at xxr.a(:com.google.android.gms@11509030:27)
10-13 06:26:40.863: E/HeterodyneSyncer(5600): 	at xxr.a(:com.google.android.gms@11509030:158)
10-13 06:26:40.863: E/HeterodyneSyncer(5600): 	at xxr.a(:com.google.android.gms@11509030:284)
10-13 06:26:40.863: E/HeterodyneSyncer(5600): 	at com.google.android.gms.phenotype.sync.HeterodyneSyncTaskChimeraService.a(:com.google.android.gms@11509030:40)
10-13 06:26:40.863: E/HeterodyneSyncer(5600): 	at com.google.android.gms.phenotype.sync.HeterodyneSyncTaskChimeraService.a(:com.google.android.gms@11509030:19)
10-13 06:26:40.863: E/HeterodyneSyncer(5600): 	at pwx.run(:com.google.android.gms@11509030:1)
10-13 06:26:40.863: E/HeterodyneSyncer(5600): 	at java.util.concurrent.ThreadPoolExecutor.runWorker(ThreadPoolExecutor.java:1112)
10-13 06:26:40.863: E/HeterodyneSyncer(5600): 	at java.util.concurrent.ThreadPoolExecutor$Worker.run(ThreadPoolExecutor.java:587)
10-13 06:26:40.863: E/HeterodyneSyncer(5600): 	at java.lang.Thread.run(Thread.java:841)
10-13 06:26:40.863: D/dalvikvm(5655): GC_FOR_ALLOC freed 706K, 9% free 21540K/23540K, paused 32ms, total 32ms
10-13 06:26:40.873: I/FontsSharedState(5655): Updating from directory version 0 to 7 from disk
10-13 06:26:40.893: I/DownloadManager(957): Download 496 finished with status SUCCESS
10-13 06:26:40.903: D/dalvikvm(5655): GC_FOR_ALLOC freed 1189K, 9% free 21451K/23540K, paused 26ms, total 26ms
10-13 06:26:40.903: W/HeterodyneSyncer(5600): Server returned 401... invalidating auth token
10-13 06:26:40.903: I/dalvikvm(5655): Could not find method android.bluetooth.BluetoothAdapter.isBleScanAlwaysAvailable, referenced from method jte.b
10-13 06:26:40.903: W/dalvikvm(5655): VFY: unable to resolve virtual method 3234: Landroid/bluetooth/BluetoothAdapter;.isBleScanAlwaysAvailable ()Z
10-13 06:26:40.903: D/dalvikvm(5655): VFY: replacing opcode 0x6e at 0x000e
10-13 06:26:40.913: W/ContextImpl(7224): Implicit intents with startService are not safe: Intent { act=com.google.android.configupdater.SmsShortCodes.NEW_CONTENT (has extras) } android.content.ContextWrapper.startService:494 android.content.ContextWrapper.startService:494 com.google.android.configupdater.UpdateRequestReceiver.handleContentDownload:231 
10-13 06:26:40.923: D/DownloadManager(957): Download 496 already finished; skipping
10-13 06:26:40.923: I/UpdateFetcherService(7224): Update downloaded, starting installation
10-13 06:26:40.933: I/UpdateFetcherService(7224): Started installation
10-13 06:26:40.933: W/ConfigurationChimeraProvider(5600): Got null configs for com.google.android.gms.security
10-13 06:26:40.933: E/ConfigFileUtils(5655): Failed to read config file: /data/data/com.google.android.gms/app_chimera/current_modulesets.pb: open failed: ENOENT (No such file or directory)
10-13 06:26:40.953: I/ActivityManager(788): Start proc com.google.android.gms.ui for service com.google.android.gms/.chimera.UiIntentOperationService: pid=7373 uid=10007 gids={50007, 3003, 1007, 1028, 1015, 3002, 3001, 3007, 2001, 3006}
10-13 06:26:40.973: I/ConfigUpdateInstallReceiver(788): Not installing, new version is <= current version
10-13 06:26:40.993: W/dalvikvm(7373): VFY: unable to resolve static field 332 (PR_SET_DUMPABLE) in Landroid/system/OsConstants;
10-13 06:26:40.993: D/dalvikvm(7373): VFY: replacing opcode 0x60 at 0x0009
10-13 06:26:41.003: I/dalvikvm(7373): Could not find method android.content.Context.getSystemService, referenced from method ni.a
10-13 06:26:41.003: W/dalvikvm(7373): VFY: unable to resolve virtual method 715: Landroid/content/Context;.getSystemService (Ljava/lang/Class;)Ljava/lang/Object;
10-13 06:26:41.003: D/dalvikvm(7373): VFY: replacing opcode 0x6e at 0x0008
10-13 06:26:41.003: I/dalvikvm(7373): Could not find method android.content.Context.createDeviceProtectedStorageContext, referenced from method iyb.a
10-13 06:26:41.003: W/dalvikvm(7373): VFY: unable to resolve virtual method 689: Landroid/content/Context;.createDeviceProtectedStorageContext ()Landroid/content/Context;
10-13 06:26:41.003: D/dalvikvm(7373): VFY: replacing opcode 0x6e at 0x0029
10-13 06:26:41.003: I/dalvikvm(7373): Could not find method android.content.Context.getSystemService, referenced from method iyb.b
10-13 06:26:41.003: W/dalvikvm(7373): VFY: unable to resolve virtual method 715: Landroid/content/Context;.getSystemService (Ljava/lang/Class;)Ljava/lang/Object;
10-13 06:26:41.003: D/dalvikvm(7373): VFY: replacing opcode 0x6e at 0x000b
10-13 06:26:41.013: I/dalvikvm(7373): Could not find method android.content.Context.isDeviceProtectedStorage, referenced from method xtv.a
10-13 06:26:41.013: W/dalvikvm(7373): VFY: unable to resolve virtual method 720: Landroid/content/Context;.isDeviceProtectedStorage ()Z
10-13 06:26:41.013: D/dalvikvm(7373): VFY: replacing opcode 0x6e at 0x0009
10-13 06:26:41.013: I/dalvikvm(7373): Could not find method android.content.Context.isDeviceProtectedStorage, referenced from method xtv.c
10-13 06:26:41.013: W/dalvikvm(7373): VFY: unable to resolve virtual method 720: Landroid/content/Context;.isDeviceProtectedStorage ()Z
10-13 06:26:41.013: D/dalvikvm(7373): VFY: replacing opcode 0x6e at 0x0063
10-13 06:26:41.013: I/dalvikvm(7373): Could not find method android.os.PowerManager.isInteractive, referenced from method ivo.a
10-13 06:26:41.013: W/dalvikvm(7373): VFY: unable to resolve virtual method 1266: Landroid/os/PowerManager;.isInteractive ()Z
10-13 06:26:41.013: D/dalvikvm(7373): VFY: replacing opcode 0x6e at 0x0012
10-13 06:26:41.013: I/dalvikvm(7373): Could not find method android.content.ContextWrapper.createCredentialProtectedStorageContext, referenced from method com.google.android.chimera.ModuleContext.createCredentialProtectedStorageContext
10-13 06:26:41.013: W/dalvikvm(7373): VFY: unable to resolve virtual method 738: Landroid/content/ContextWrapper;.createCredentialProtectedStorageContext ()Landroid/content/Context;
10-13 06:26:41.013: D/dalvikvm(7373): VFY: replacing opcode 0x6f at 0x0002
10-13 06:26:41.013: I/dalvikvm(7373): Could not find method android.content.ContextWrapper.createDeviceProtectedStorageContext, referenced from method com.google.android.chimera.ModuleContext.createDeviceProtectedStorageContext
10-13 06:26:41.013: W/dalvikvm(7373): VFY: unable to resolve virtual method 739: Landroid/content/ContextWrapper;.createDeviceProtectedStorageContext ()Landroid/content/Context;
10-13 06:26:41.023: D/dalvikvm(7373): VFY: replacing opcode 0x6f at 0x0002
10-13 06:26:41.023: I/dalvikvm(7373): Could not find method android.content.Context.isCredentialProtectedStorage, referenced from method buu.a
10-13 06:26:41.023: W/dalvikvm(7373): VFY: unable to resolve virtual method 719: Landroid/content/Context;.isCredentialProtectedStorage ()Z
10-13 06:26:41.023: D/dalvikvm(7373): VFY: replacing opcode 0x6e at 0x0000
10-13 06:26:41.023: I/dalvikvm(7373): Could not find method android.os.UserManager.isUserUnlocked, referenced from method buu.a
10-13 06:26:41.023: W/dalvikvm(7373): VFY: unable to resolve virtual method 1312: Landroid/os/UserManager;.isUserUnlocked ()Z
10-13 06:26:41.023: D/dalvikvm(7373): VFY: replacing opcode 0x6e at 0x001a
10-13 06:26:41.023: I/dalvikvm(7373): Could not find method android.content.Context.isDeviceProtectedStorage, referenced from method buu.b
10-13 06:26:41.023: W/dalvikvm(7373): VFY: unable to resolve virtual method 720: Landroid/content/Context;.isDeviceProtectedStorage ()Z
10-13 06:26:41.023: D/dalvikvm(7373): VFY: replacing opcode 0x6e at 0x0000
10-13 06:26:41.023: I/dalvikvm(7373): Could not find method android.content.Context.isDeviceProtectedStorage, referenced from method buu.c
10-13 06:26:41.023: W/dalvikvm(7373): VFY: unable to resolve virtual method 720: Landroid/content/Context;.isDeviceProtectedStorage ()Z
10-13 06:26:41.023: D/dalvikvm(7373): VFY: replacing opcode 0x6e at 0x0000
10-13 06:26:41.023: I/MultiDex(7373): VM with version 1.6.0 does not have multidex support
10-13 06:26:41.023: I/MultiDex(7373): install
10-13 06:26:41.023: I/MultiDex(7373): MultiDexExtractor.load(/data/app/com.google.android.gms-1.apk, false)
10-13 06:26:41.023: I/MultiDex(7373): Blocking on lock /data/data/com.google.android.gms/code_cache/secondary-dexes/MultiDex.lock
10-13 06:26:41.023: I/MultiDex(7373): /data/data/com.google.android.gms/code_cache/secondary-dexes/MultiDex.lock locked
10-13 06:26:41.033: I/CmaSystemUpdateService(5655): StartServiceIntentOperation: Intent { act=com.google.gservices.intent.action.GSERVICES_CHANGED flg=0x10 cmp=com.google.android.gms/.chimera.GmsIntentOperationService$PersistentInternalReceiver }
10-13 06:26:41.033: I/MultiDex(7373): loading existing secondary dex files
10-13 06:26:41.033: I/MultiDex(7373): load found 4 secondary dex files
10-13 06:26:41.043: I/MultiDex(7373): install done
10-13 06:26:41.043: W/dalvikvm(5655): VFY: unable to find class referenced in signature (Landroid/os/UpdateEngineCallback;)
10-13 06:26:41.043: I/CmaSystemUpdateService(5655): receiver: Intent { act=com.google.gservices.intent.action.GSERVICES_CHANGED flg=0x10 cmp=com.google.android.gms/.chimera.GmsIntentOperationService$PersistentInternalReceiver }
10-13 06:26:41.053: I/dalvikvm(7373): Could not find method android.content.Context.isDeviceProtectedStorage, referenced from method jrg.d
10-13 06:26:41.053: W/dalvikvm(7373): VFY: unable to resolve virtual method 720: Landroid/content/Context;.isDeviceProtectedStorage ()Z
10-13 06:26:41.053: D/dalvikvm(7373): VFY: replacing opcode 0x6e at 0x0006
10-13 06:26:41.053: I/dalvikvm(7373): Could not find method android.os.UserHandle.isOwner, referenced from method jrg.h
10-13 06:26:41.053: W/dalvikvm(7373): VFY: unable to resolve virtual method 1305: Landroid/os/UserHandle;.isOwner ()Z
10-13 06:26:41.053: D/dalvikvm(7373): VFY: replacing opcode 0x6e at 0x000a
10-13 06:26:41.053: I/SystemUpdate(5655): [Installation,ReceiverIntentOperation] Received intent: Intent { act=com.google.gservices.intent.action.GSERVICES_CHANGED flg=0x10 cmp=com.google.android.gms/.chimera.GmsIntentOperationService$PersistentInternalReceiver }.
10-13 06:26:41.053: W/ActivityManager(788): Unable to start service Intent { act=com.google.android.gms.update.START_SERVICE pkg=com.google.android.gms (has extras) } U=0: not found
10-13 06:26:41.063: D/dalvikvm(5655): GC_CONCURRENT freed 1469K, 9% free 21538K/23540K, paused 4ms+6ms, total 50ms
10-13 06:26:41.073: D/dalvikvm(788): GC_EXPLICIT freed 1175K, 32% free 25186K/36596K, paused 3ms+6ms, total 89ms
10-13 06:26:41.093: W/ConfigurationChimeraProvider(5600): Got null configs for com.google.android.gms.update
10-13 06:26:41.093: I/SystemUpdate(5655): [Execution,InstallationEventIntentOperation] Received intent with event 2.
10-13 06:26:41.093: I/dalvikvm(5655): Could not find method android.os.RecoverySystem.cancelScheduledUpdate, referenced from method aehf.a
10-13 06:26:41.093: W/dalvikvm(5655): VFY: unable to resolve static method 28885: Landroid/os/RecoverySystem;.cancelScheduledUpdate (Landroid/content/Context;)V
10-13 06:26:41.093: D/dalvikvm(5655): VFY: replacing opcode 0x71 at 0x002c
10-13 06:26:41.093: W/dalvikvm(5655): Unable to resolve superclass of Laeii; (6393)
10-13 06:26:41.093: W/dalvikvm(5655): Link of class 'Laeii;' failed
10-13 06:26:41.093: E/dalvikvm(5655): Could not find class 'aeii', referenced from method aehf.a
10-13 06:26:41.093: W/dalvikvm(5655): VFY: unable to resolve new-instance 162 (Laeii;) in Laehf;
10-13 06:26:41.093: D/dalvikvm(5655): VFY: replacing opcode 0x22 at 0x0035
10-13 06:26:41.093: W/dalvikvm(5655): Unable to resolve superclass of Laeii; (6393)
10-13 06:26:41.093: W/dalvikvm(5655): Link of class 'Laeii;' failed
10-13 06:26:41.103: D/dalvikvm(5655): DexOpt: unable to opt direct call 0x02bd at 0x37 in Laehf;.a
10-13 06:26:41.103: W/NetRec(5600): [353] ConfigChangedIntentOperation.onHandleIntent: Device does not support scoring, exiting
10-13 06:26:41.113: I/dalvikvm(7373): Could not find method android.content.pm.PackageManager.isInstantApp, referenced from method jwv.a
10-13 06:26:41.113: W/dalvikvm(7373): VFY: unable to resolve virtual method 836: Landroid/content/pm/PackageManager;.isInstantApp (Ljava/lang/String;)Z
10-13 06:26:41.113: D/dalvikvm(7373): VFY: replacing opcode 0x6e at 0x002d
10-13 06:26:41.123: W/ChimeraUtils(5655): Non Chimera context
10-13 06:26:41.133: D/dalvikvm(7373): GC_CONCURRENT freed 341K, 3% free 16780K/17152K, paused 2ms+1ms, total 15ms
10-13 06:26:41.143: W/dalvikvm(5655): VFY: unable to find class referenced in signature (Landroid/app/admin/SystemUpdatePolicy;)
10-13 06:26:41.143: I/dalvikvm(5655): Could not find method android.app.admin.SystemUpdatePolicy.getPolicyType, referenced from method aegi.b
10-13 06:26:41.143: W/dalvikvm(5655): VFY: unable to resolve virtual method 27696: Landroid/app/admin/SystemUpdatePolicy;.getPolicyType ()I
10-13 06:26:41.143: D/dalvikvm(5655): VFY: replacing opcode 0x6e at 0x004e
10-13 06:26:41.143: W/dalvikvm(5655): VFY: unable to find class referenced in signature (Landroid/app/admin/SystemUpdatePolicy;)
10-13 06:26:41.143: I/dalvikvm(5655): Could not find method android.app.admin.DevicePolicyManager.getSystemUpdatePolicy, referenced from method aegi.b
10-13 06:26:41.143: W/dalvikvm(5655): VFY: unable to resolve virtual method 27693: Landroid/app/admin/DevicePolicyManager;.getSystemUpdatePolicy ()Landroid/app/admin/SystemUpdatePolicy;
10-13 06:26:41.143: D/dalvikvm(5655): VFY: replacing opcode 0x6e at 0x0011
10-13 06:26:41.143: W/dalvikvm(5655): VFY: unable to find class referenced in signature (Landroid/app/admin/SystemUpdatePolicy;)
10-13 06:26:41.143: I/dalvikvm(7373): Could not find method android.content.ContextWrapper.createCredentialProtectedStorageContext, referenced from method jjp.createCredentialProtectedStorageContext
10-13 06:26:41.143: W/dalvikvm(7373): VFY: unable to resolve virtual method 738: Landroid/content/ContextWrapper;.createCredentialProtectedStorageContext ()Landroid/content/Context;
10-13 06:26:41.143: D/dalvikvm(7373): VFY: replacing opcode 0x6f at 0x0002
10-13 06:26:41.143: I/dalvikvm(7373): Could not find method android.content.ContextWrapper.createDeviceProtectedStorageContext, referenced from method jjp.createDeviceProtectedStorageContext
10-13 06:26:41.143: W/dalvikvm(7373): VFY: unable to resolve virtual method 739: Landroid/content/ContextWrapper;.createDeviceProtectedStorageContext ()Landroid/content/Context;
10-13 06:26:41.143: D/dalvikvm(7373): VFY: replacing opcode 0x6f at 0x0002
10-13 06:26:41.143: D/dalvikvm(7373): DexOpt: couldn't find static field Landroid/os/Build;.SUPPORTED_ABIS
10-13 06:26:41.143: W/dalvikvm(7373): VFY: unable to resolve static field 313 (SUPPORTED_ABIS) in Landroid/os/Build;
10-13 06:26:41.143: D/dalvikvm(7373): VFY: replacing opcode 0x62 at 0x0008
10-13 06:26:41.143: D/dalvikvm(7373): DexOpt: couldn't find static field Landroid/os/Build;.SUPPORTED_ABIS
10-13 06:26:41.143: W/dalvikvm(7373): VFY: unable to resolve static field 313 (SUPPORTED_ABIS) in Landroid/os/Build;
10-13 06:26:41.143: D/dalvikvm(7373): VFY: replacing opcode 0x62 at 0x0097
10-13 06:26:41.143: D/dalvikvm(7373): DexOpt: couldn't find field Landroid/content/pm/ApplicationInfo;.splitSourceDirs
10-13 06:26:41.143: W/dalvikvm(7373): VFY: unable to resolve instance field 243
10-13 06:26:41.143: D/dalvikvm(7373): VFY: replacing opcode 0x54 at 0x0053
10-13 06:26:41.143: D/dalvikvm(7373): DexOpt: couldn't find field Landroid/content/pm/ApplicationInfo;.splitSourceDirs
10-13 06:26:41.143: I/dalvikvm(7373): DexOpt: unable to optimize instance field ref 0x00f3 at 0x57 in Ljtk;.d
10-13 06:26:41.153: D/dalvikvm(7373): Trying to load lib /data/app-lib/com.google.android.gms-1/libgmscore.so 0x42693e80
10-13 06:26:41.153: D/dalvikvm(7373): Added shared lib /data/app-lib/com.google.android.gms-1/libgmscore.so 0x42693e80
10-13 06:26:41.153: D/dalvikvm(7373): No JNI_OnLoad found in /data/app-lib/com.google.android.gms-1/libgmscore.so 0x42693e80, skipping init
10-13 06:26:41.153: I/SystemUpdate(5655): [Execution,InstallationIntentOperation] Received intent: Intent { act=com.google.android.gms.update.INSTALL_UPDATE cat=[targeted_intent_op_prefix:.update.execution.InstallationIntentOperation] cmp=com.google.android.gms/.chimera.GmsIntentOperationService }.
10-13 06:26:41.153: D/dalvikvm(7373): Trying to load lib /data/app-lib/com.google.android.gms-1/libconscrypt_gmscore_jni.so 0x42693e80
10-13 06:26:41.153: D/dalvikvm(7373): Added shared lib /data/app-lib/com.google.android.gms-1/libconscrypt_gmscore_jni.so 0x42693e80
10-13 06:26:41.153: V/NativeCrypto(7373): Registering com/google/android/gms/org/conscrypt/NativeCrypto's 259 native methods...
10-13 06:26:41.163: E/dalvikvm(7373): Could not find class 'javax.net.ssl.SNIServerName', referenced from method com.google.android.gms.org.conscrypt.Platform.getSniHostnameFromParams
10-13 06:26:41.163: W/dalvikvm(7373): VFY: unable to resolve check-cast 3056 (Ljavax/net/ssl/SNIServerName;) in Lcom/google/android/gms/org/conscrypt/Platform;
10-13 06:26:41.163: D/dalvikvm(7373): VFY: replacing opcode 0x1f at 0x0025
10-13 06:26:41.163: E/dalvikvm(7373): Could not find class 'javax.net.ssl.SNIHostName', referenced from method com.google.android.gms.org.conscrypt.Platform.setParametersSniHostname
10-13 06:26:41.163: W/dalvikvm(7373): VFY: unable to resolve new-instance 3055 (Ljavax/net/ssl/SNIHostName;) in Lcom/google/android/gms/org/conscrypt/Platform;
10-13 06:26:41.163: D/dalvikvm(7373): VFY: replacing opcode 0x22 at 0x0024
10-13 06:26:41.163: E/dalvikvm(7373): Could not find class 'javax.net.ssl.SNIHostName', referenced from method com.google.android.gms.org.conscrypt.Platform.setParametersSniHostname
10-13 06:26:41.163: W/dalvikvm(7373): VFY: unable to resolve new-instance 3055 (Ljavax/net/ssl/SNIHostName;) in Lcom/google/android/gms/org/conscrypt/Platform;
10-13 06:26:41.163: D/dalvikvm(7373): VFY: replacing opcode 0x22 at 0x0024
10-13 06:26:41.163: W/dalvikvm(7373): Unable to resolve superclass of Lcom/google/android/gms/org/conscrypt/OpenSSLExtendedSessionImpl; (3046)
10-13 06:26:41.163: W/dalvikvm(7373): Link of class 'Lcom/google/android/gms/org/conscrypt/OpenSSLExtendedSessionImpl;' failed
10-13 06:26:41.163: E/dalvikvm(7373): Could not find class 'com.google.android.gms.org.conscrypt.OpenSSLExtendedSessionImpl', referenced from method com.google.android.gms.org.conscrypt.Platform.unwrapSSLSession
10-13 06:26:41.163: W/dalvikvm(7373): VFY: unable to resolve instanceof 1717 (Lcom/google/android/gms/org/conscrypt/OpenSSLExtendedSessionImpl;) in Lcom/google/android/gms/org/conscrypt/Platform;
10-13 06:26:41.163: D/dalvikvm(7373): VFY: replacing opcode 0x20 at 0x0007
10-13 06:26:41.163: I/OcrModelUpStIntentOp(5655): Downloading text recognizer
10-13 06:26:41.163: W/dalvikvm(7373): Unable to resolve superclass of Lcom/google/android/gms/org/conscrypt/OpenSSLExtendedSessionImpl; (3046)
10-13 06:26:41.163: W/dalvikvm(7373): Link of class 'Lcom/google/android/gms/org/conscrypt/OpenSSLExtendedSessionImpl;' failed
10-13 06:26:41.163: E/dalvikvm(7373): Could not find class 'com.google.android.gms.org.conscrypt.OpenSSLExtendedSessionImpl', referenced from method com.google.android.gms.org.conscrypt.Platform.wrapSSLSession
10-13 06:26:41.163: W/dalvikvm(7373): VFY: unable to resolve new-instance 1717 (Lcom/google/android/gms/org/conscrypt/OpenSSLExtendedSessionImpl;) in Lcom/google/android/gms/org/conscrypt/Platform;
10-13 06:26:41.163: D/dalvikvm(7373): VFY: replacing opcode 0x22 at 0x0007
10-13 06:26:41.173: D/dalvikvm(7373): DexOpt: unable to opt direct call 0x3b63 at 0x2a in Lcom/google/android/gms/org/conscrypt/Platform;.setParametersSniHostname
10-13 06:26:41.173: D/dalvikvm(7373): DexOpt: unable to opt direct call 0x3b63 at 0x2a in Lcom/google/android/gms/org/conscrypt/Platform;.setParametersSniHostname
10-13 06:26:41.173: W/dalvikvm(7373): Unable to resolve superclass of Lcom/google/android/gms/org/conscrypt/OpenSSLExtendedSessionImpl; (3046)
10-13 06:26:41.173: W/dalvikvm(7373): Link of class 'Lcom/google/android/gms/org/conscrypt/OpenSSLExtendedSessionImpl;' failed
10-13 06:26:41.173: D/dalvikvm(7373): DexOpt: unable to opt direct call 0x2490 at 0x09 in Lcom/google/android/gms/org/conscrypt/Platform;.wrapSSLSession
10-13 06:26:41.173: I/PTCommittedOperation(5600): Receive new configuration for com.google.android.location
10-13 06:26:41.193: D/dalvikvm(7373): GC_CONCURRENT freed 337K, 3% free 16898K/17256K, paused 3ms+2ms, total 14ms
10-13 06:26:41.193: W/OcrModelUpStIntentOp(5655): Invalid action: com.google.android.gms.phenotype.COMMITTED
10-13 06:26:41.203: W/ConfigurationChimeraProvider(5600): Got null configs for com.google.android.gms.ads
10-13 06:26:41.203: W/NetRec(5600): [353] ConfigChangedIntentOperation.onHandleIntent: Device does not support scoring, exiting
10-13 06:26:41.213: D/dalvikvm(7373): Trying to load lib /data/app-lib/com.google.android.gms-1/libgmscore.so 0x42693e80
10-13 06:26:41.213: D/dalvikvm(7373): Shared lib '/data/app-lib/com.google.android.gms-1/libgmscore.so' already loaded in same CL 0x42693e80
10-13 06:26:41.213: D/dalvikvm(7373): Trying to load lib /data/app-lib/com.google.android.gms-1/libconscrypt_gmscore_jni.so 0x42693e80
10-13 06:26:41.213: D/dalvikvm(7373): Shared lib '/data/app-lib/com.google.android.gms-1/libconscrypt_gmscore_jni.so' already loaded in same CL 0x42693e80
10-13 06:26:41.233: D/dalvikvm(7373): GC_CONCURRENT freed 251K, 2% free 17139K/17424K, paused 2ms+2ms, total 14ms
10-13 06:26:41.233: W/NetRec(5600): [322] ConfigChangedIntentOperation.onHandleIntent: Device does not support scoring, exiting
10-13 06:26:41.263: I/ProviderInstaller(7373): Installed default security provider GmsCore_OpenSSL
10-13 06:26:41.273: D/dalvikvm(5600): GC_CONCURRENT freed 1371K, 7% free 20861K/22328K, paused 3ms+5ms, total 38ms
10-13 06:26:41.273: I/WVCdm(184): CdmEngine::OpenSession
10-13 06:26:41.273: D/DrmWidevineDash(184): calling OEMCrypto_OpenSession...
10-13 06:26:41.283: D/dalvikvm(5655): DexOpt: couldn't find static field Landroid/os/Build;.SUPPORTED_ABIS
10-13 06:26:41.283: W/dalvikvm(5655): VFY: unable to resolve static field 19152 (SUPPORTED_ABIS) in Landroid/os/Build;
10-13 06:26:41.283: D/dalvikvm(5655): VFY: replacing opcode 0x62 at 0x0006
10-13 06:26:41.283: I/Vision(5655): Supported ABIS: [armeabi-v7a, armeabi]
10-13 06:26:41.293: D/DrmWidevineDash(184): OEMCrypto_OpenSession SID = 1
10-13 06:26:41.293: D/DrmWidevineDash(184): OEMCrypto_OpenSession returns 0
10-13 06:26:41.293: D/DrmWidevineDash(184): calling OEMCrypto_GetRandom...
10-13 06:26:41.303: D/DrmWidevineDash(184): OEMCrypto_GetRandom returns 0
10-13 06:26:41.303: I/WVCdm(184): CdmEngine::QueryKeyControlInfo
10-13 06:26:41.303: I/WVCdm(184): CdmEngine::GenerateKeyRequest
10-13 06:26:41.303: D/DrmWidevineDash(184): calling OEMCrypto_LoadDeviceRSAKey. SID = 1
10-13 06:26:41.303: D/dalvikvm(5625): GC_EXPLICIT freed 442K, 7% free 19407K/20868K, paused 3ms+2ms, total 39ms
10-13 06:26:41.323: D/DrmWidevineDash(184): OEMCrypto_LoadDeviceRSAKey returns 0
10-13 06:26:41.323: D/DrmWidevineDash(184): calling OEMCrypto_GetDeviceID...
10-13 06:26:41.343: D/DrmWidevineDash(184): OEMCrypto_GetDeviceID returns 0
10-13 06:26:41.343: D/DrmWidevineDash(184): calling OEMCrypto_GenerateNonce. SID = 1
10-13 06:26:41.343: D/DrmWidevineDash(184): OEMCrypto_GenerateNonce returns 0
10-13 06:26:41.343: D/WVCdm(184): PrepareKeyRequest: nonce=1308200556
10-13 06:26:41.343: D/DrmWidevineDash(184): calling OEMCrypto_GenerateRSASignature. SID = 1
10-13 06:26:41.353: I/dalvikvm(6851): Could not find method android.net.Network.openConnection, referenced from method mma.a
10-13 06:26:41.353: W/dalvikvm(6851): VFY: unable to resolve virtual method 4316: Landroid/net/Network;.openConnection (Ljava/net/URL;)Ljava/net/URLConnection;
10-13 06:26:41.353: D/dalvikvm(6851): VFY: replacing opcode 0x6e at 0x000a
10-13 06:26:41.353: D/DrmWidevineDash(184): OEMCrypto_GenerateRSASignature needs buffer size = 256
10-13 06:26:41.353: D/DrmWidevineDash(184): OEMCrypto_GenerateRSASignature returns 7
10-13 06:26:41.353: D/DrmWidevineDash(184): calling OEMCrypto_GenerateRSASignature. SID = 1
10-13 06:26:41.363: W/NetRec(5600): [370] ConfigChangedIntentOperation.onHandleIntent: Device does not support scoring, exiting
10-13 06:26:41.373: I/dalvikvm(6851): Could not find method android.os.PowerManager.isInteractive, referenced from method jsi.a
10-13 06:26:41.373: W/dalvikvm(6851): VFY: unable to resolve virtual method 4659: Landroid/os/PowerManager;.isInteractive ()Z
10-13 06:26:41.373: D/dalvikvm(6851): VFY: replacing opcode 0x6e at 0x0006
10-13 06:26:41.373: I/PTCommittedOperation(5600): Receive new configuration for com.google.android.gms.ocr
10-13 06:26:41.393: I/Vision(5655): Engine already satisfied by existing download for ocr
10-13 06:26:41.433: I/PTCommittedOperation(5600): Receive new configuration for com.google.android.gms.cast
10-13 06:26:41.473: I/OcrModelUpStIntentOp(5655): Updating ocr activity enabled=true (phenotypeFlag=true, lowRamDevice=false, prereqCheck=true)
10-13 06:26:41.503: D/dalvikvm(7373): GC_CONCURRENT freed 139K, 1% free 17509K/17680K, paused 1ms+2ms, total 16ms
10-13 06:26:41.503: D/dalvikvm(7373): WAIT_FOR_CONCURRENT_GC blocked 6ms
10-13 06:26:41.503: D/dalvikvm(7373): WAIT_FOR_CONCURRENT_GC blocked 6ms
10-13 06:26:41.513: D/dalvikvm(6851): GC_CONCURRENT freed 796K, 8% free 19978K/21600K, paused 2ms+2ms, total 35ms
10-13 06:26:41.543: D/dalvikvm(7373): GC_CONCURRENT freed 112K, 1% free 17901K/18052K, paused 2ms+1ms, total 21ms
10-13 06:26:41.543: D/dalvikvm(7373): WAIT_FOR_CONCURRENT_GC blocked 12ms
10-13 06:26:41.543: D/dalvikvm(7373): WAIT_FOR_CONCURRENT_GC blocked 13ms
10-13 06:26:41.553: D/DrmWidevineDash(184): OEMCrypto_GenerateRSASignature returns 0
10-13 06:26:41.553: I/dalvikvm(7373): Could not find method android.content.ContextWrapper.createCredentialProtectedStorageContext, referenced from method ivg.createCredentialProtectedStorageContext
10-13 06:26:41.553: W/dalvikvm(7373): VFY: unable to resolve virtual method 738: Landroid/content/ContextWrapper;.createCredentialProtectedStorageContext ()Landroid/content/Context;
10-13 06:26:41.553: D/dalvikvm(7373): VFY: replacing opcode 0x6f at 0x0002
10-13 06:26:41.553: I/dalvikvm(7373): Could not find method android.content.ContextWrapper.createDeviceProtectedStorageContext, referenced from method ivg.createDeviceProtectedStorageContext
10-13 06:26:41.553: W/dalvikvm(7373): VFY: unable to resolve virtual method 739: Landroid/content/ContextWrapper;.createDeviceProtectedStorageContext ()Landroid/content/Context;
10-13 06:26:41.553: D/dalvikvm(7373): VFY: replacing opcode 0x6f at 0x0002
10-13 06:26:41.563: D/dalvikvm(6851): GC_FOR_ALLOC freed 375K, 9% free 19752K/21600K, paused 27ms, total 27ms
10-13 06:26:41.563: I/dalvikvm-heap(6851): Grow heap (frag case) to 19.352MB for 39480-byte allocation
10-13 06:26:41.583: D/dalvikvm(7373): GC_CONCURRENT freed 250K, 2% free 18161K/18444K, paused 3ms+8ms, total 24ms
10-13 06:26:41.583: D/dalvikvm(7373): WAIT_FOR_CONCURRENT_GC blocked 3ms
10-13 06:26:41.583: D/dalvikvm(6851): GC_FOR_ALLOC freed 45K, 9% free 19745K/21640K, paused 18ms, total 18ms
10-13 06:26:41.583: I/WVCdm(184): CdmEngine::CloseSession
10-13 06:26:41.583: D/DrmWidevineDash(184): calling OEMCrypto_CloseSession. SID = 1
10-13 06:26:41.593: D/DrmWidevineDash(184): OEMCrypto_CloseSession returns 0
10-13 06:26:41.603: I/dalvikvm(7373): Could not find method android.content.pm.PackageManager.getPackageInstaller, referenced from method ims.a
10-13 06:26:41.603: W/dalvikvm(7373): VFY: unable to resolve virtual method 829: Landroid/content/pm/PackageManager;.getPackageInstaller ()Landroid/content/pm/PackageInstaller;
10-13 06:26:41.603: D/dalvikvm(7373): VFY: replacing opcode 0x6e at 0x001c
10-13 06:26:41.603: D/dalvikvm(6851): GC_FOR_ALLOC freed 51K, 9% free 19739K/21640K, paused 17ms, total 17ms
10-13 06:26:41.613: I/HeterodyneSyncScheduler(5600): Scheduling adaptive one off task with window [14400, 604800] in seconds
10-13 06:26:41.623: W/NetRec(5600): [370] ConfigChangedIntentOperation.onHandleIntent: Device does not support scoring, exiting
10-13 06:26:41.633: W/NetRec(5600): [322] ConfigChangedIntentOperation.onHandleIntent: Device does not support scoring, exiting
10-13 06:26:41.633: I/PTCommittedOperation(5600): Receive new configuration for com.google.android.gms.audit
10-13 06:26:41.673: D/dalvikvm(7373): GC_CONCURRENT freed 221K, 2% free 18444K/18700K, paused 3ms+14ms, total 34ms
10-13 06:26:41.673: I/OcrModelUpStIntentOp(5655): Downloading text recognizer
10-13 06:26:41.683: D/dalvikvm(5600): GC_CONCURRENT freed 1348K, 7% free 20906K/22328K, paused 3ms+3ms, total 47ms
10-13 06:26:41.683: D/dalvikvm(5600): WAIT_FOR_CONCURRENT_GC blocked 20ms
10-13 06:26:41.683: D/dalvikvm(5600): WAIT_FOR_CONCURRENT_GC blocked 22ms
10-13 06:26:41.703: W/Settings(6851): Setting install_non_market_apps has moved from android.provider.Settings.Secure to android.provider.Settings.Global.
10-13 06:26:41.703: I/Adreno-EGL(6851): <qeglDrvAPI_eglInitialize:320>: EGL 1.4 QUALCOMM Build: I0404c4692afb8623f95c43aeb6d5e13ed4b30ddbDate: 11/06/13
10-13 06:26:41.703: I/Icing(5655): Indexing 9DAACE76C7D2CF709D253305E01F9E678E487793 from com.google.android.gms
10-13 06:26:41.713: W/OcrModelUpStIntentOp(5655): Invalid action: com.google.android.gms.phenotype.COMMITTED
10-13 06:26:41.723: W/NetRec(5600): [322] ConfigChangedIntentOperation.onHandleIntent: Device does not support scoring, exiting
10-13 06:26:41.723: I/PTCommittedOperation(5600): Receive new configuration for com.google.android.gms.icing
10-13 06:26:41.723: I/Vision(5655): Engine already satisfied by existing download for ocr
10-13 06:26:41.723: W/NetRec(5600): [322] ConfigChangedIntentOperation.onHandleIntent: Device does not support scoring, exiting
10-13 06:26:41.743: I/Adreno-EGL(6851): <qeglDrvAPI_eglInitialize:320>: EGL 1.4 QUALCOMM Build: I0404c4692afb8623f95c43aeb6d5e13ed4b30ddbDate: 11/06/13
10-13 06:26:41.773: D/dalvikvm(7373): GC_CONCURRENT freed 198K, 2% free 18773K/19008K, paused 1ms+1ms, total 17ms
10-13 06:26:41.783: I/PTCommittedOperation(5600): Receive new configuration for com.google.android.gms.people.ui
10-13 06:26:41.793: D/dalvikvm(5655): GC_CONCURRENT freed 1303K, 8% free 21839K/23540K, paused 3ms+36ms, total 89ms
10-13 06:26:41.793: W/OcrModelUpStIntentOp(5655): Invalid action: com.google.android.gms.phenotype.COMMITTED
10-13 06:26:41.823: W/NetRec(5600): [322] ConfigChangedIntentOperation.onHandleIntent: Device does not support scoring, exiting
10-13 06:26:41.843: I/PTCommittedOperation(5600): Receive new configuration for com.google.android.gms.people
10-13 06:26:41.873: I/Icing(5655): Indexing done 9DAACE76C7D2CF709D253305E01F9E678E487793
10-13 06:26:41.873: W/OcrModelUpStIntentOp(5655): Invalid action: com.google.android.gms.phenotype.COMMITTED
10-13 06:26:41.883: W/OcrModelUpStIntentOp(5655): Invalid action: com.google.android.gms.phenotype.COMMITTED
10-13 06:26:41.883: W/NetRec(5600): [364] ConfigChangedIntentOperation.onHandleIntent: Device does not support scoring, exiting
10-13 06:26:41.883: W/OcrModelUpStIntentOp(5655): Invalid action: com.google.android.gms.phenotype.COMMITTED
10-13 06:26:41.893: I/PTCommittedOperation(5600): Receive new configuration for com.google.android.gms.telephonyspam
10-13 06:26:41.893: W/OcrModelUpStIntentOp(5655): Invalid action: com.google.android.gms.phenotype.COMMITTED
10-13 06:26:41.893: D/dalvikvm(7373): GC_CONCURRENT freed 227K, 2% free 19221K/19496K, paused 3ms+1ms, total 55ms
10-13 06:26:41.893: D/dalvikvm(7373): WAIT_FOR_CONCURRENT_GC blocked 15ms
10-13 06:26:41.933: W/NetRec(5600): [364] ConfigChangedIntentOperation.onHandleIntent: Device does not support scoring, exiting
10-13 06:26:41.933: I/PTCommittedOperation(5600): Receive new configuration for com.google.android.gms.auth.api.credentials
10-13 06:26:41.933: W/OcrModelUpStIntentOp(5655): Invalid action: com.google.android.gms.phenotype.COMMITTED
10-13 06:26:41.963: W/NetRec(5600): [370] ConfigChangedIntentOperation.onHandleIntent: Device does not support scoring, exiting
10-13 06:26:41.973: W/NetRec(5600): [322] ConfigChangedIntentOperation.onHandleIntent: Device does not support scoring, exiting
10-13 06:26:41.973: I/PTCommittedOperation(5600): Receive new configuration for com.google.android.gms.octarine
10-13 06:26:41.973: W/OcrModelUpStIntentOp(5655): Invalid action: com.google.android.gms.phenotype.COMMITTED
10-13 06:26:41.983: D/dalvikvm(5600): GC_CONCURRENT freed 1424K, 7% free 20877K/22328K, paused 2ms+3ms, total 33ms
10-13 06:26:42.033: W/NetRec(5600): [347] ConfigChangedIntentOperation.onHandleIntent: Device does not support scoring, exiting
10-13 06:26:42.033: W/OcrModelUpStIntentOp(5655): Invalid action: com.google.android.gms.phenotype.COMMITTED
10-13 06:26:42.033: I/PTCommittedOperation(5600): Receive new configuration for com.google.android.gms.matchstick
10-13 06:26:42.093: W/NetRec(5600): [347] ConfigChangedIntentOperation.onHandleIntent: Device does not support scoring, exiting
10-13 06:26:42.093: W/OcrModelUpStIntentOp(5655): Invalid action: com.google.android.gms.phenotype.COMMITTED
10-13 06:26:42.093: I/PTCommittedOperation(5600): Receive new configuration for com.google.android.gms.ulr
10-13 06:26:42.113: I/GCoreUlr(5600): Starting service, intent=Intent { act=com.google.android.location.reporting.ACTION_UPDATE_WORLD cmp=com.google.android.gms/com.google.android.location.reporting.service.DispatchingService (has extras) }, extras=Bundle[{receiverAction=com.google.gservices.intent.action.GSERVICES_CHANGED}]
10-13 06:26:42.153: W/NetRec(5600): [364] ConfigChangedIntentOperation.onHandleIntent: Device does not support scoring, exiting
10-13 06:26:42.183: I/GCoreUlr(5600): WorldUpdater received intent Intent { act=com.google.android.location.reporting.ACTION_UPDATE_WORLD cmp=com.google.android.gms/com.google.android.location.reporting.service.DispatchingService (has extras) } with receiverAction com.google.gservices.intent.action.GSERVICES_CHANGED
10-13 06:26:42.183: W/OcrModelUpStIntentOp(5655): Invalid action: com.google.android.gms.phenotype.COMMITTED
10-13 06:26:42.193: I/PTCommittedOperation(5600): Receive new configuration for com.google.android.gms.romanesco
10-13 06:26:42.193: W/OcrModelUpStIntentOp(5655): Invalid action: com.google.android.gms.phenotype.COMMITTED
10-13 06:26:42.213: W/NetRec(5600): [322] ConfigChangedIntentOperation.onHandleIntent: Device does not support scoring, exiting
10-13 06:26:42.213: I/PTCommittedOperation(5600): Receive new configuration for com.google.android.gms.devicedoctor
10-13 06:26:42.213: I/PTCommittedOperation(5600): Running Fixer Framework for com.google.android.gms.devicedoctor
10-13 06:26:42.213: D/AndroidRuntime(7424): >>>>>> AndroidRuntime START com.android.internal.os.RuntimeInit <<<<<<
10-13 06:26:42.213: D/AndroidRuntime(7424): CheckJNI is OFF
10-13 06:26:42.223: D/dalvikvm(7424): Trying to load lib libjavacore.so 0x0
10-13 06:26:42.233: D/dalvikvm(7424): Added shared lib libjavacore.so 0x0
10-13 06:26:42.233: D/dalvikvm(7424): Trying to load lib libnativehelper.so 0x0
10-13 06:26:42.233: D/dalvikvm(7424): Added shared lib libnativehelper.so 0x0
10-13 06:26:42.233: D/dalvikvm(7424): No JNI_OnLoad found in libnativehelper.so 0x0, skipping init
10-13 06:26:42.233: W/NetRec(5600): [322] ConfigChangedIntentOperation.onHandleIntent: Device does not support scoring, exiting
10-13 06:26:42.243: W/OcrModelUpStIntentOp(5655): Invalid action: com.google.android.gms.phenotype.COMMITTED
10-13 06:26:42.253: D/dalvikvm(7424): Note: class Landroid/app/ActivityManagerNative; has 179 unimplemented (abstract) methods
10-13 06:26:42.263: D/dalvikvm(5600): GC_CONCURRENT freed 1397K, 7% free 20870K/22328K, paused 2ms+4ms, total 36ms
10-13 06:26:42.263: W/NetRec(5600): [364] ConfigChangedIntentOperation.onHandleIntent: Device does not support scoring, exiting
10-13 06:26:42.263: I/PTCommittedOperation(5600): Receive new configuration for com.google.android.gms.herrevad
10-13 06:26:42.273: I/GCoreUlr(5600): WorldUpdater:com.google.gservices.intent.action.GSERVICES_CHANGED: Ensuring that reporting is stopped because of reasons: {account#-10#=[InactiveReason{mIdentifier=10, mName='AuthError'}, InactiveReason{mIdentifier=6, mName='ReportingNotEnabled'}, InactiveReason{mIdentifier=14, mName='HistoryNotEnabled'}]}
10-13 06:26:42.283: I/GCoreUlr(5600): Unbound from all location providers
10-13 06:26:42.283: I/GCoreUlr(5600): Place inference reporting - stop
10-13 06:26:42.283: I/GCoreUlr(5600): Unregistering for aliased place alerts.
10-13 06:26:42.293: I/GCoreUlr(5600): DispatchingService.onDestroy()
10-13 06:26:42.293: I/GCoreUlr(5600): Stopping handler for UlrDispSvcFast
10-13 06:26:42.293: I/GCoreUlr(5600): DispatchingService ignoring Intent { act=android.net.wifi.WIFI_STATE_CHANGED flg=0x4000010 (has extras) } because ULR inactive
10-13 06:26:42.293: I/GCoreUlr(5600): Unbound from all location providers
10-13 06:26:42.293: I/GCoreUlr(5600): Place inference reporting - stop
10-13 06:26:42.303: I/GCoreUlr(5600): Unregistering for aliased place alerts.
10-13 06:26:42.313: I/Places(5600): ?: Couldn't find platform key file.
10-13 06:26:42.333: I/GeofencerStateMachine(5600): removeGeofences: removeRequest=RemoveGeofencingRequest[REMOVE_BY_PENDING_INTENT pendingIntent=PendingIntent[creatorPackage=com.google.android.gms], packageName=null]
