10-13 06:26:29.213: W/Conscrypt(5625):    java.lang.reflect.Method.invoke(Method.java:515)
10-13 06:26:29.213: E/ActivityThread(5655): Failed to find provider info for com.google.android.wearable.settings
10-13 06:26:29.283: W/Conscrypt(5625): Could not set socket write timeout:
10-13 06:26:29.283: W/Conscrypt(5625):    java.lang.reflect.Method.invokeNative(Native Method)
10-13 06:26:29.283: W/Conscrypt(5625):    java.lang.reflect.Method.invoke(Method.java:515)
10-13 06:26:29.283: W/Conscrypt(5625): Could not set socket write timeout:
10-13 06:26:29.283: W/Conscrypt(5625):    java.lang.reflect.Method.invokeNative(Native Method)
10-13 06:26:29.283: W/Conscrypt(5625):    java.lang.reflect.Method.invoke(Method.java:515)
10-13 06:26:29.303: D/dalvikvm(5625): GC_CONCURRENT freed 903K, 8% free 19326K/20868K, paused 2ms+1ms, total 19ms
10-13 06:26:29.303: D/dalvikvm(5625): WAIT_FOR_CONCURRENT_GC blocked 9ms
10-13 06:26:29.303: D/dalvikvm(5625): WAIT_FOR_CONCURRENT_GC blocked 9ms
10-13 06:26:29.313: W/Auth(5625): [GetToken] GetToken failed with status code: INVALID_SCOPE
10-13 06:26:29.313: E/Auth.Api.Credentials(5655): [SyncManager] Error during the sync.
10-13 06:26:29.313: E/Auth.Api.Credentials(5655): dyj: INVALID_SCOPE
10-13 06:26:29.313: E/Auth.Api.Credentials(5655): 	at dyn.a(:com.google.android.gms@11509030:16)
10-13 06:26:29.313: E/Auth.Api.Credentials(5655): 	at dym.a(:com.google.android.gms@11509030:2)
10-13 06:26:29.313: E/Auth.Api.Credentials(5655): 	at dym.e(:com.google.android.gms@11509030:6)
10-13 06:26:29.313: E/Auth.Api.Credentials(5655): 	at dym.d(:com.google.android.gms@11509030:1)
10-13 06:26:29.313: E/Auth.Api.Credentials(5655): 	at dyk.b(:com.google.android.gms@11509030:1)
10-13 06:26:29.313: E/Auth.Api.Credentials(5655): 	at jlb.b(:com.google.android.gms@11509030)
10-13 06:26:29.313: E/Auth.Api.Credentials(5655): 	at jjs.b(:com.google.android.gms@11509030:5)
10-13 06:26:29.313: E/Auth.Api.Credentials(5655): 	at jki.b(:com.google.android.gms@11509030:9)
10-13 06:26:29.313: E/Auth.Api.Credentials(5655): 	at jki.a(:com.google.android.gms@11509030:16)
10-13 06:26:29.313: E/Auth.Api.Credentials(5655): 	at jki.a(:com.google.android.gms@11509030:32)
10-13 06:26:29.313: E/Auth.Api.Credentials(5655): 	at emk.b(:com.google.android.gms@11509030:45)
10-13 06:26:29.313: E/Auth.Api.Credentials(5655): 	at eql.a(:com.google.android.gms@11509030:4)
10-13 06:26:29.313: E/Auth.Api.Credentials(5655): 	at eqj.a(:com.google.android.gms@11509030:84)
10-13 06:26:29.313: E/Auth.Api.Credentials(5655): 	at eqi.a(:com.google.android.gms@11509030:60)
10-13 06:26:29.313: E/Auth.Api.Credentials(5655): 	at jpd.onPerformSync(:com.google.android.gms@11509030:6)
10-13 06:26:29.313: E/Auth.Api.Credentials(5655): 	at android.content.AbstractThreadedSyncAdapter$SyncThread.run(AbstractThreadedSyncAdapter.java:259)
10-13 06:26:29.353: W/Auth(5625): [GetToken] GetToken failed with status code: INVALID_SCOPE
10-13 06:26:29.353: E/CheckinRequestBuilder(5655): Unrecoverable authentication exception: INVALID_SCOPE
10-13 06:26:29.353: E/CheckinRequestBuilder(5655): dyj: INVALID_SCOPE
10-13 06:26:29.353: E/CheckinRequestBuilder(5655): 	at dyn.a(:com.google.android.gms@11509030:16)
10-13 06:26:29.353: E/CheckinRequestBuilder(5655): 	at dym.a(:com.google.android.gms@11509030:2)
10-13 06:26:29.353: E/CheckinRequestBuilder(5655): 	at dym.e(:com.google.android.gms@11509030:6)
10-13 06:26:29.353: E/CheckinRequestBuilder(5655): 	at dyk.f(:com.google.android.gms@11509030:3)
10-13 06:26:29.353: E/CheckinRequestBuilder(5655): 	at dyk.a(:com.google.android.gms@11509030:4)
10-13 06:26:29.353: E/CheckinRequestBuilder(5655): 	at hfb.a(:com.google.android.gms@11509030:219)
10-13 06:26:29.353: E/CheckinRequestBuilder(5655): 	at hgb.a(:com.google.android.gms@11509030:18)
10-13 06:26:29.353: E/CheckinRequestBuilder(5655): 	at hgb.a(:com.google.android.gms@11509030:182)
10-13 06:26:29.353: E/CheckinRequestBuilder(5655): 	at com.google.android.gms.checkin.CheckinChimeraService.a(:com.google.android.gms@11509030:149)
10-13 06:26:29.353: E/CheckinRequestBuilder(5655): 	at hex.run(:com.google.android.gms@11509030:2)
10-13 06:26:29.353: E/CheckinRequestBuilder(5655): 	at jqa.run(:com.google.android.gms@11509030:25)
10-13 06:26:29.353: E/CheckinRequestBuilder(5655): 	at java.util.concurrent.ThreadPoolExecutor.runWorker(ThreadPoolExecutor.java:1112)
10-13 06:26:29.353: E/CheckinRequestBuilder(5655): 	at java.util.concurrent.ThreadPoolExecutor$Worker.run(ThreadPoolExecutor.java:587)
10-13 06:26:29.353: E/CheckinRequestBuilder(5655): 	at jvj.run(:com.google.android.gms@11509030)
10-13 06:26:29.353: E/CheckinRequestBuilder(5655): 	at java.lang.Thread.run(Thread.java:841)
10-13 06:26:29.383: E/Auth.Api.Credentials(5655): [CredentialSyncAdapter] Unknown sync event.
10-13 06:26:29.383: I/ActivityManager(788): Start proc com.google.android.gms.unstable for service com.google.android.gms/.droidguard.DroidGuardService: pid=6851 uid=10007 gids={50007, 3003, 1007, 1028, 1015, 3002, 3001, 3007, 2001, 3006}
10-13 06:26:29.413: W/dalvikvm(6851): VFY: unable to resolve static field 332 (PR_SET_DUMPABLE) in Landroid/system/OsConstants;
10-13 06:26:29.413: D/dalvikvm(6851): VFY: replacing opcode 0x60 at 0x0009
10-13 06:26:29.413: I/dalvikvm(6851): Could not find method android.content.Context.getSystemService, referenced from method ni.a
10-13 06:26:29.413: W/dalvikvm(6851): VFY: unable to resolve virtual method 715: Landroid/content/Context;.getSystemService (Ljava/lang/Class;)Ljava/lang/Object;
10-13 06:26:29.413: D/dalvikvm(6851): VFY: replacing opcode 0x6e at 0x0008
10-13 06:26:29.413: I/dalvikvm(6851): Could not find method android.content.Context.createDeviceProtectedStorageContext, referenced from method iyb.a
10-13 06:26:29.413: W/dalvikvm(6851): VFY: unable to resolve virtual method 689: Landroid/content/Context;.createDeviceProtectedStorageContext ()Landroid/content/Context;
10-13 06:26:29.413: D/dalvikvm(6851): VFY: replacing opcode 0x6e at 0x0029
10-13 06:26:29.413: I/dalvikvm(6851): Could not find method android.content.Context.getSystemService, referenced from method iyb.b
10-13 06:26:29.413: W/dalvikvm(6851): VFY: unable to resolve virtual method 715: Landroid/content/Context;.getSystemService (Ljava/lang/Class;)Ljava/lang/Object;
10-13 06:26:29.413: D/dalvikvm(6851): VFY: replacing opcode 0x6e at 0x000b
10-13 06:26:29.423: I/dalvikvm(6851): Could not find method android.content.Context.isDeviceProtectedStorage, referenced from method xtv.a
10-13 06:26:29.423: W/dalvikvm(6851): VFY: unable to resolve virtual method 720: Landroid/content/Context;.isDeviceProtectedStorage ()Z
10-13 06:26:29.423: D/dalvikvm(6851): VFY: replacing opcode 0x6e at 0x0009
10-13 06:26:29.423: I/dalvikvm(6851): Could not find method android.content.Context.isDeviceProtectedStorage, referenced from method xtv.c
10-13 06:26:29.423: W/dalvikvm(6851): VFY: unable to resolve virtual method 720: Landroid/content/Context;.isDeviceProtectedStorage ()Z
10-13 06:26:29.423: D/dalvikvm(6851): VFY: replacing opcode 0x6e at 0x0063
10-13 06:26:29.423: I/dalvikvm(6851): Could not find method android.os.PowerManager.isInteractive, referenced from method ivo.a
10-13 06:26:29.423: W/dalvikvm(6851): VFY: unable to resolve virtual method 1266: Landroid/os/PowerManager;.isInteractive ()Z
10-13 06:26:29.423: D/dalvikvm(6851): VFY: replacing opcode 0x6e at 0x0012
10-13 06:26:29.423: I/dalvikvm(6851): Could not find method android.content.ContextWrapper.createCredentialProtectedStorageContext, referenced from method com.google.android.chimera.ModuleContext.createCredentialProtectedStorageContext
10-13 06:26:29.423: W/dalvikvm(6851): VFY: unable to resolve virtual method 738: Landroid/content/ContextWrapper;.createCredentialProtectedStorageContext ()Landroid/content/Context;
10-13 06:26:29.423: D/dalvikvm(6851): VFY: replacing opcode 0x6f at 0x0002
10-13 06:26:29.423: I/dalvikvm(6851): Could not find method android.content.ContextWrapper.createDeviceProtectedStorageContext, referenced from method com.google.android.chimera.ModuleContext.createDeviceProtectedStorageContext
10-13 06:26:29.423: W/dalvikvm(6851): VFY: unable to resolve virtual method 739: Landroid/content/ContextWrapper;.createDeviceProtectedStorageContext ()Landroid/content/Context;
10-13 06:26:29.423: D/dalvikvm(6851): VFY: replacing opcode 0x6f at 0x0002
10-13 06:26:29.423: I/dalvikvm(6851): Could not find method android.content.Context.isCredentialProtectedStorage, referenced from method buu.a
10-13 06:26:29.423: W/dalvikvm(6851): VFY: unable to resolve virtual method 719: Landroid/content/Context;.isCredentialProtectedStorage ()Z
10-13 06:26:29.423: D/dalvikvm(6851): VFY: replacing opcode 0x6e at 0x0000
10-13 06:26:29.423: I/dalvikvm(6851): Could not find method android.os.UserManager.isUserUnlocked, referenced from method buu.a
10-13 06:26:29.423: W/dalvikvm(6851): VFY: unable to resolve virtual method 1312: Landroid/os/UserManager;.isUserUnlocked ()Z
10-13 06:26:29.423: D/dalvikvm(6851): VFY: replacing opcode 0x6e at 0x001a
10-13 06:26:29.423: I/dalvikvm(6851): Could not find method android.content.Context.isDeviceProtectedStorage, referenced from method buu.b
10-13 06:26:29.423: W/dalvikvm(6851): VFY: unable to resolve virtual method 720: Landroid/content/Context;.isDeviceProtectedStorage ()Z
10-13 06:26:29.423: D/dalvikvm(6851): VFY: replacing opcode 0x6e at 0x0000
10-13 06:26:29.423: I/dalvikvm(6851): Could not find method android.content.Context.isDeviceProtectedStorage, referenced from method buu.c
10-13 06:26:29.423: W/dalvikvm(6851): VFY: unable to resolve virtual method 720: Landroid/content/Context;.isDeviceProtectedStorage ()Z
10-13 06:26:29.423: D/dalvikvm(6851): VFY: replacing opcode 0x6e at 0x0000
10-13 06:26:29.423: I/MultiDex(6851): VM with version 1.6.0 does not have multidex support
10-13 06:26:29.423: I/MultiDex(6851): install
10-13 06:26:29.423: I/MultiDex(6851): MultiDexExtractor.load(/data/app/com.google.android.gms-1.apk, false)
10-13 06:26:29.433: I/MultiDex(6851): Blocking on lock /data/data/com.google.android.gms/code_cache/secondary-dexes/MultiDex.lock
10-13 06:26:29.433: I/MultiDex(6851): /data/data/com.google.android.gms/code_cache/secondary-dexes/MultiDex.lock locked
10-13 06:26:29.433: I/MultiDex(6851): loading existing secondary dex files
10-13 06:26:29.433: I/MultiDex(6851): load found 4 secondary dex files
10-13 06:26:29.443: I/MultiDex(6851): install done
10-13 06:26:29.443: I/dalvikvm(6851): Could not find method android.content.Context.isDeviceProtectedStorage, referenced from method jrg.d
10-13 06:26:29.443: W/dalvikvm(6851): VFY: unable to resolve virtual method 720: Landroid/content/Context;.isDeviceProtectedStorage ()Z
10-13 06:26:29.443: D/dalvikvm(6851): VFY: replacing opcode 0x6e at 0x0006
10-13 06:26:29.443: I/dalvikvm(6851): Could not find method android.os.UserHandle.isOwner, referenced from method jrg.h
10-13 06:26:29.443: W/dalvikvm(6851): VFY: unable to resolve virtual method 1305: Landroid/os/UserHandle;.isOwner ()Z
10-13 06:26:29.443: D/dalvikvm(6851): VFY: replacing opcode 0x6e at 0x000a
10-13 06:26:29.453: I/dalvikvm(6851): Could not find method android.content.pm.PackageManager.isInstantApp, referenced from method jwv.a
10-13 06:26:29.453: W/dalvikvm(6851): VFY: unable to resolve virtual method 836: Landroid/content/pm/PackageManager;.isInstantApp (Ljava/lang/String;)Z
10-13 06:26:29.453: D/dalvikvm(6851): VFY: replacing opcode 0x6e at 0x002d
10-13 06:26:29.473: D/dalvikvm(6851): GC_CONCURRENT freed 292K, 2% free 16800K/17124K, paused 3ms+1ms, total 15ms
10-13 06:26:29.473: I/dalvikvm(6851): Could not find method android.content.ContextWrapper.createCredentialProtectedStorageContext, referenced from method jjp.createCredentialProtectedStorageContext
10-13 06:26:29.473: W/dalvikvm(6851): VFY: unable to resolve virtual method 738: Landroid/content/ContextWrapper;.createCredentialProtectedStorageContext ()Landroid/content/Context;
10-13 06:26:29.473: D/dalvikvm(6851): VFY: replacing opcode 0x6f at 0x0002
10-13 06:26:29.473: I/dalvikvm(6851): Could not find method android.content.ContextWrapper.createDeviceProtectedStorageContext, referenced from method jjp.createDeviceProtectedStorageContext
10-13 06:26:29.473: W/dalvikvm(6851): VFY: unable to resolve virtual method 739: Landroid/content/ContextWrapper;.createDeviceProtectedStorageContext ()Landroid/content/Context;
10-13 06:26:29.473: D/dalvikvm(6851): VFY: replacing opcode 0x6f at 0x0002
10-13 06:26:29.473: D/dalvikvm(6851): DexOpt: couldn't find static field Landroid/os/Build;.SUPPORTED_ABIS
10-13 06:26:29.473: W/dalvikvm(6851): VFY: unable to resolve static field 313 (SUPPORTED_ABIS) in Landroid/os/Build;
10-13 06:26:29.473: D/dalvikvm(6851): VFY: replacing opcode 0x62 at 0x0008
10-13 06:26:29.473: D/dalvikvm(6851): DexOpt: couldn't find static field Landroid/os/Build;.SUPPORTED_ABIS
10-13 06:26:29.473: W/dalvikvm(6851): VFY: unable to resolve static field 313 (SUPPORTED_ABIS) in Landroid/os/Build;
10-13 06:26:29.473: D/dalvikvm(6851): VFY: replacing opcode 0x62 at 0x0097
10-13 06:26:29.473: D/dalvikvm(6851): DexOpt: couldn't find field Landroid/content/pm/ApplicationInfo;.splitSourceDirs
10-13 06:26:29.473: W/dalvikvm(6851): VFY: unable to resolve instance field 243
10-13 06:26:29.473: D/dalvikvm(6851): VFY: replacing opcode 0x54 at 0x0053
10-13 06:26:29.473: D/dalvikvm(6851): DexOpt: couldn't find field Landroid/content/pm/ApplicationInfo;.splitSourceDirs
10-13 06:26:29.473: I/dalvikvm(6851): DexOpt: unable to optimize instance field ref 0x00f3 at 0x57 in Ljtk;.d
10-13 06:26:29.473: D/dalvikvm(6851): Trying to load lib /data/app-lib/com.google.android.gms-1/libgmscore.so 0x4268ed68
10-13 06:26:29.483: D/dalvikvm(6851): Added shared lib /data/app-lib/com.google.android.gms-1/libgmscore.so 0x4268ed68
10-13 06:26:29.483: D/dalvikvm(6851): No JNI_OnLoad found in /data/app-lib/com.google.android.gms-1/libgmscore.so 0x4268ed68, skipping init
10-13 06:26:29.483: D/dalvikvm(6851): Trying to load lib /data/app-lib/com.google.android.gms-1/libconscrypt_gmscore_jni.so 0x4268ed68
10-13 06:26:29.483: D/dalvikvm(6851): Added shared lib /data/app-lib/com.google.android.gms-1/libconscrypt_gmscore_jni.so 0x4268ed68
10-13 06:26:29.483: V/NativeCrypto(6851): Registering com/google/android/gms/org/conscrypt/NativeCrypto's 259 native methods...
10-13 06:26:29.483: E/dalvikvm(6851): Could not find class 'javax.net.ssl.SNIServerName', referenced from method com.google.android.gms.org.conscrypt.Platform.getSniHostnameFromParams
10-13 06:26:29.483: W/dalvikvm(6851): VFY: unable to resolve check-cast 3056 (Ljavax/net/ssl/SNIServerName;) in Lcom/google/android/gms/org/conscrypt/Platform;
10-13 06:26:29.483: D/dalvikvm(6851): VFY: replacing opcode 0x1f at 0x0025
10-13 06:26:29.483: E/dalvikvm(6851): Could not find class 'javax.net.ssl.SNIHostName', referenced from method com.google.android.gms.org.conscrypt.Platform.setParametersSniHostname
10-13 06:26:29.483: W/dalvikvm(6851): VFY: unable to resolve new-instance 3055 (Ljavax/net/ssl/SNIHostName;) in Lcom/google/android/gms/org/conscrypt/Platform;
10-13 06:26:29.483: D/dalvikvm(6851): VFY: replacing opcode 0x22 at 0x0024
10-13 06:26:29.483: E/dalvikvm(6851): Could not find class 'javax.net.ssl.SNIHostName', referenced from method com.google.android.gms.org.conscrypt.Platform.setParametersSniHostname
10-13 06:26:29.483: W/dalvikvm(6851): VFY: unable to resolve new-instance 3055 (Ljavax/net/ssl/SNIHostName;) in Lcom/google/android/gms/org/conscrypt/Platform;
10-13 06:26:29.483: D/dalvikvm(6851): VFY: replacing opcode 0x22 at 0x0024
10-13 06:26:29.483: W/dalvikvm(6851): Unable to resolve superclass of Lcom/google/android/gms/org/conscrypt/OpenSSLExtendedSessionImpl; (3046)
10-13 06:26:29.483: W/dalvikvm(6851): Link of class 'Lcom/google/android/gms/org/conscrypt/OpenSSLExtendedSessionImpl;' failed
10-13 06:26:29.483: E/dalvikvm(6851): Could not find class 'com.google.android.gms.org.conscrypt.OpenSSLExtendedSessionImpl', referenced from method com.google.android.gms.org.conscrypt.Platform.unwrapSSLSession
10-13 06:26:29.483: W/dalvikvm(6851): VFY: unable to resolve instanceof 1717 (Lcom/google/android/gms/org/conscrypt/OpenSSLExtendedSessionImpl;) in Lcom/google/android/gms/org/conscrypt/Platform;
10-13 06:26:29.483: D/dalvikvm(6851): VFY: replacing opcode 0x20 at 0x0007
10-13 06:26:29.493: W/dalvikvm(6851): Unable to resolve superclass of Lcom/google/android/gms/org/conscrypt/OpenSSLExtendedSessionImpl; (3046)
10-13 06:26:29.493: W/dalvikvm(6851): Link of class 'Lcom/google/android/gms/org/conscrypt/OpenSSLExtendedSessionImpl;' failed
10-13 06:26:29.493: E/dalvikvm(6851): Could not find class 'com.google.android.gms.org.conscrypt.OpenSSLExtendedSessionImpl', referenced from method com.google.android.gms.org.conscrypt.Platform.wrapSSLSession
10-13 06:26:29.493: W/dalvikvm(6851): VFY: unable to resolve new-instance 1717 (Lcom/google/android/gms/org/conscrypt/OpenSSLExtendedSessionImpl;) in Lcom/google/android/gms/org/conscrypt/Platform;
10-13 06:26:29.493: D/dalvikvm(6851): VFY: replacing opcode 0x22 at 0x0007
10-13 06:26:29.493: D/dalvikvm(6851): DexOpt: unable to opt direct call 0x3b63 at 0x2a in Lcom/google/android/gms/org/conscrypt/Platform;.setParametersSniHostname
10-13 06:26:29.493: D/dalvikvm(6851): DexOpt: unable to opt direct call 0x3b63 at 0x2a in Lcom/google/android/gms/org/conscrypt/Platform;.setParametersSniHostname
10-13 06:26:29.493: W/dalvikvm(6851): Unable to resolve superclass of Lcom/google/android/gms/org/conscrypt/OpenSSLExtendedSessionImpl; (3046)
10-13 06:26:29.493: W/dalvikvm(6851): Link of class 'Lcom/google/android/gms/org/conscrypt/OpenSSLExtendedSessionImpl;' failed
10-13 06:26:29.493: D/dalvikvm(6851): DexOpt: unable to opt direct call 0x2490 at 0x09 in Lcom/google/android/gms/org/conscrypt/Platform;.wrapSSLSession
10-13 06:26:29.503: D/dalvikvm(6851): GC_CONCURRENT freed 370K, 3% free 16879K/17280K, paused 2ms+2ms, total 11ms
10-13 06:26:29.553: D/dalvikvm(6851): Trying to load lib /data/app-lib/com.google.android.gms-1/libgmscore.so 0x4268ed68
10-13 06:26:29.553: D/dalvikvm(6851): Shared lib '/data/app-lib/com.google.android.gms-1/libgmscore.so' already loaded in same CL 0x4268ed68
10-13 06:26:29.553: D/dalvikvm(6851): Trying to load lib /data/app-lib/com.google.android.gms-1/libconscrypt_gmscore_jni.so 0x4268ed68
10-13 06:26:29.553: D/dalvikvm(6851): Shared lib '/data/app-lib/com.google.android.gms-1/libconscrypt_gmscore_jni.so' already loaded in same CL 0x4268ed68
10-13 06:26:29.563: D/dalvikvm(6851): GC_CONCURRENT freed 248K, 2% free 17135K/17416K, paused 2ms+1ms, total 10ms
10-13 06:26:29.583: I/ProviderInstaller(6851): Installed default security provider GmsCore_OpenSSL
10-13 06:26:29.643: D/dalvikvm(6851): GC_CONCURRENT freed 158K, 2% free 17487K/17676K, paused 2ms+1ms, total 11ms
10-13 06:26:29.643: D/dalvikvm(6851): WAIT_FOR_CONCURRENT_GC blocked 9ms
10-13 06:26:29.643: D/dalvikvm(6851): WAIT_FOR_CONCURRENT_GC blocked 9ms
10-13 06:26:29.683: D/dalvikvm(6851): GC_CONCURRENT freed 84K, 1% free 17905K/18028K, paused 2ms+1ms, total 15ms
10-13 06:26:29.683: D/dalvikvm(6851): WAIT_FOR_CONCURRENT_GC blocked 5ms
10-13 06:26:29.683: D/dalvikvm(6851): WAIT_FOR_CONCURRENT_GC blocked 5ms
10-13 06:26:29.693: D/dalvikvm(5977): GC_CONCURRENT freed 238K, 2% free 17478K/17748K, paused 2ms+2ms, total 16ms
10-13 06:26:29.703: I/dalvikvm(6851): Could not find method android.content.ContextWrapper.createCredentialProtectedStorageContext, referenced from method ivg.createCredentialProtectedStorageContext
10-13 06:26:29.703: W/dalvikvm(6851): VFY: unable to resolve virtual method 738: Landroid/content/ContextWrapper;.createCredentialProtectedStorageContext ()Landroid/content/Context;
10-13 06:26:29.703: D/dalvikvm(6851): VFY: replacing opcode 0x6f at 0x0002
10-13 06:26:29.703: I/dalvikvm(6851): Could not find method android.content.ContextWrapper.createDeviceProtectedStorageContext, referenced from method ivg.createDeviceProtectedStorageContext
10-13 06:26:29.703: W/dalvikvm(6851): VFY: unable to resolve virtual method 739: Landroid/content/ContextWrapper;.createDeviceProtectedStorageContext ()Landroid/content/Context;
10-13 06:26:29.703: D/dalvikvm(6851): VFY: replacing opcode 0x6f at 0x0002
10-13 06:26:29.733: D/dalvikvm(6851): GC_CONCURRENT freed 256K, 2% free 18156K/18448K, paused 2ms+1ms, total 18ms
10-13 06:26:29.733: D/dalvikvm(6851): WAIT_FOR_CONCURRENT_GC blocked 6ms
10-13 06:26:29.733: D/dalvikvm(6851): WAIT_FOR_CONCURRENT_GC blocked 6ms
10-13 06:26:29.753: I/dalvikvm(6851): Could not find method android.content.pm.PackageManager.getPackageInstaller, referenced from method ims.a
10-13 06:26:29.753: W/dalvikvm(6851): VFY: unable to resolve virtual method 829: Landroid/content/pm/PackageManager;.getPackageInstaller ()Landroid/content/pm/PackageInstaller;
10-13 06:26:29.753: D/dalvikvm(6851): VFY: replacing opcode 0x6e at 0x001c
10-13 06:26:29.773: D/dalvikvm(6851): GC_CONCURRENT freed 160K, 2% free 18492K/18684K, paused 2ms+3ms, total 16ms
10-13 06:26:29.783: I/dalvikvm(6851): Could not find method android.content.Context.checkSelfPermission, referenced from method jjg.a
10-13 06:26:29.783: W/dalvikvm(6851): VFY: unable to resolve virtual method 687: Landroid/content/Context;.checkSelfPermission (Ljava/lang/String;)I
10-13 06:26:29.783: D/dalvikvm(6851): VFY: replacing opcode 0x6e at 0x0034
10-13 06:26:29.783: I/dalvikvm(6851): Failed resolving Ljjh; interface 915 'Landroid/content/pm/PackageManager$OnPermissionsChangedListener;'
10-13 06:26:29.783: W/dalvikvm(6851): Link of class 'Ljjh;' failed
10-13 06:26:29.783: E/dalvikvm(6851): Could not find class 'jjh', referenced from method jjg.a
10-13 06:26:29.783: W/dalvikvm(6851): VFY: unable to resolve new-instance 3204 (Ljjh;) in Ljjg;
10-13 06:26:29.783: D/dalvikvm(6851): VFY: replacing opcode 0x22 at 0x0000
10-13 06:26:29.783: I/dalvikvm(6851): Failed resolving Ljjh; interface 915 'Landroid/content/pm/PackageManager$OnPermissionsChangedListener;'
10-13 06:26:29.783: W/dalvikvm(6851): Link of class 'Ljjh;' failed
10-13 06:26:29.783: D/dalvikvm(6851): DexOpt: unable to opt direct call 0x3dc8 at 0x02 in Ljjg;.a
10-13 06:26:29.813: D/WVCdm(184): Instantiating CDM.
10-13 06:26:29.813: I/WVCdm(184): Level3 Library Nov 20 2013 18:09:31
10-13 06:26:29.813: D/DrmWidevineDash(184): calling OEMCrypto_Initialize, g_qsee_apps_version = 6
10-13 06:26:29.813: D/DrmWidevineDash(184): Service_Initialize: widevine DASH app is already open!
10-13 06:26:29.813: D/DrmWidevineDash(184): OEMCrypto_Initialize sion_buffer g_wv_fhandle->ion_sbuffer  0x0xb53f0000
10-13 06:26:29.813: E/DrmWidevineDash(184): sion_buffer g_wv_fhandle->ion_sbuffer  0x0xb53f0000
10-13 06:26:29.823: D/DrmWidevineDash(184): OEMCrypto_Initialize exit returns 0
10-13 06:26:29.823: D/DrmWidevineDash(184): calling OEMCrypto_APIVersion...
10-13 06:26:29.833: D/DrmWidevineDash(184): OEMCrypto_APIVersion = 8
10-13 06:26:29.833: D/DrmWidevineDash(184): calling OEMCrypto_IsKeyboxValid...
10-13 06:26:29.843: D/DrmWidevineDash(184): OEMCrypto_IsKeyboxValid returns 0
10-13 06:26:29.843: D/WVCdm(184): OEMCrypto_Initialize Level 1 success. I will use level 1.
10-13 06:26:29.843: I/WVCdm(184): CdmEngine::OpenSession
10-13 06:26:29.843: D/DrmWidevineDash(184): calling OEMCrypto_OpenSession...
10-13 06:26:29.843: D/dalvikvm(6851): GC_CONCURRENT freed 297K, 2% free 18818K/19124K, paused 2ms+2ms, total 33ms
10-13 06:26:29.843: D/dalvikvm(6851): WAIT_FOR_CONCURRENT_GC blocked 13ms
10-13 06:26:29.843: D/DrmWidevineDash(184): OEMCrypto_OpenSession SID = 1
10-13 06:26:29.843: D/DrmWidevineDash(184): OEMCrypto_OpenSession returns 0
10-13 06:26:29.843: D/DrmWidevineDash(184): calling OEMCrypto_GetRandom...
10-13 06:26:29.843: D/dalvikvm(6851): WAIT_FOR_CONCURRENT_GC blocked 2ms
10-13 06:26:29.853: D/DrmWidevineDash(184): OEMCrypto_GetRandom returns 0
10-13 06:26:29.853: I/WVCdm(184): CdmEngine::QueryKeyControlInfo
10-13 06:26:29.853: I/WVCdm(184): CdmEngine::GenerateKeyRequest
10-13 06:26:29.853: D/DrmWidevineDash(184): calling OEMCrypto_LoadDeviceRSAKey. SID = 1
10-13 06:26:29.863: D/DrmWidevineDash(184): OEMCrypto_LoadDeviceRSAKey returns 0
10-13 06:26:29.863: D/DrmWidevineDash(184): calling OEMCrypto_GetDeviceID...
10-13 06:26:29.873: D/DrmWidevineDash(184): OEMCrypto_GetDeviceID returns 0
10-13 06:26:29.873: D/DrmWidevineDash(184): calling OEMCrypto_GenerateNonce. SID = 1
10-13 06:26:29.883: D/DrmWidevineDash(184): OEMCrypto_GenerateNonce returns 0
10-13 06:26:29.883: D/WVCdm(184): PrepareKeyRequest: nonce=674836126
10-13 06:26:29.883: D/DrmWidevineDash(184): calling OEMCrypto_GenerateRSASignature. SID = 1
10-13 06:26:29.883: D/DrmWidevineDash(184): OEMCrypto_GenerateRSASignature needs buffer size = 256
10-13 06:26:29.883: D/DrmWidevineDash(184): OEMCrypto_GenerateRSASignature returns 7
10-13 06:26:29.883: D/DrmWidevineDash(184): calling OEMCrypto_GenerateRSASignature. SID = 1
10-13 06:26:29.923: I/DynamiteModule(6851): Considering local module com.google.android.gms.googlecertificates:4 and remote module com.google.android.gms.googlecertificates:4
10-13 06:26:29.923: I/DynamiteModule(6851): Selected local version of com.google.android.gms.googlecertificates
10-13 06:26:29.933: D/dalvikvm(6851): GC_CONCURRENT freed 263K, 2% free 19252K/19540K, paused 2ms+3ms, total 25ms
10-13 06:26:29.973: D/DrmWidevineDash(184): OEMCrypto_GenerateRSASignature returns 0
10-13 06:26:29.973: I/WVCdm(184): CdmEngine::CloseSession
10-13 06:26:29.973: D/DrmWidevineDash(184): calling OEMCrypto_CloseSession. SID = 1
10-13 06:26:29.993: D/DrmWidevineDash(184): OEMCrypto_CloseSession returns 0
10-13 06:26:29.993: I/Auth(5625): [BroadcastManager] Broadcasting account services changed.
10-13 06:26:30.033: D/dalvikvm(6851): GC_CONCURRENT freed 413K, 3% free 19685K/20136K, paused 4ms+1ms, total 27ms
10-13 06:26:30.033: D/dalvikvm(6851): WAIT_FOR_CONCURRENT_GC blocked 19ms
10-13 06:26:30.033: D/dalvikvm(6851): WAIT_FOR_CONCURRENT_GC blocked 18ms
10-13 06:26:30.033: D/dalvikvm(5977): GC_CONCURRENT freed 483K, 3% free 17444K/17960K, paused 2ms+2ms, total 13ms
10-13 06:26:30.063: I/qtaguid(5977): Failed write_ctrl(u 51) res=-1 errno=22
10-13 06:26:30.063: I/qtaguid(5977): Untagging socket 51 failed errno=-22
10-13 06:26:30.063: W/NetworkManagementSocketTagger(5977): untagSocket(51) failed with errno -22
10-13 06:26:30.073: D/Finsky(5977): [1] 5.onFinished: Installation state replication succeeded.
10-13 06:26:30.113: D/dalvikvm(6851): GC_CONCURRENT freed 304K, 2% free 20348K/20712K, paused 2ms+10ms, total 35ms
10-13 06:26:30.113: D/dalvikvm(6851): WAIT_FOR_CONCURRENT_GC blocked 28ms
10-13 06:26:30.193: D/dalvikvm(6851): GC_CONCURRENT freed 1913K, 10% free 19615K/21600K, paused 2ms+1ms, total 30ms
10-13 06:26:30.193: D/dalvikvm(6851): WAIT_FOR_CONCURRENT_GC blocked 23ms
10-13 06:26:30.213: D/dalvikvm(6851): Trying to load lib /data/data/com.google.android.gms/app_dg_cache/D12564FA84855276CB7D261D56DA6950A06175F8/libdB29C7C3F2932.so 0x429bd220
10-13 06:26:30.213: D/dalvikvm(6851): Added shared lib /data/data/com.google.android.gms/app_dg_cache/D12564FA84855276CB7D261D56DA6950A06175F8/libdB29C7C3F2932.so 0x429bd220
10-13 06:26:30.213: D/dalvikvm(6851): No JNI_OnLoad found in /data/data/com.google.android.gms/app_dg_cache/D12564FA84855276CB7D261D56DA6950A06175F8/libdB29C7C3F2932.so 0x429bd220, skipping init
10-13 06:26:30.263: W/Settings(6851): Setting install_non_market_apps has moved from android.provider.Settings.Secure to android.provider.Settings.Global.
10-13 06:26:30.313: I/WVCdm(184): CdmEngine::OpenSession
10-13 06:26:30.313: D/DrmWidevineDash(184): calling OEMCrypto_OpenSession...
10-13 06:26:30.313: D/DrmWidevineDash(184): OEMCrypto_OpenSession SID = 1
10-13 06:26:30.313: D/DrmWidevineDash(184): OEMCrypto_OpenSession returns 0
10-13 06:26:30.313: D/DrmWidevineDash(184): calling OEMCrypto_GetRandom...
10-13 06:26:30.323: D/DrmWidevineDash(184): OEMCrypto_GetRandom returns 0
10-13 06:26:30.323: I/WVCdm(184): CdmEngine::QueryKeyControlInfo
10-13 06:26:30.323: I/WVCdm(184): CdmEngine::GenerateKeyRequest
10-13 06:26:30.323: D/DrmWidevineDash(184): calling OEMCrypto_LoadDeviceRSAKey. SID = 1
10-13 06:26:30.333: D/DrmWidevineDash(184): OEMCrypto_LoadDeviceRSAKey returns 0
10-13 06:26:30.333: D/DrmWidevineDash(184): calling OEMCrypto_GetDeviceID...
10-13 06:26:30.343: D/DrmWidevineDash(184): OEMCrypto_GetDeviceID returns 0
10-13 06:26:30.343: D/DrmWidevineDash(184): calling OEMCrypto_GenerateNonce. SID = 1
10-13 06:26:30.343: D/DrmWidevineDash(184): OEMCrypto_GenerateNonce returns 0
10-13 06:26:30.343: D/WVCdm(184): PrepareKeyRequest: nonce=1725342927
10-13 06:26:30.343: D/DrmWidevineDash(184): calling OEMCrypto_GenerateRSASignature. SID = 1
10-13 06:26:30.353: D/DrmWidevineDash(184): OEMCrypto_GenerateRSASignature needs buffer size = 256
10-13 06:26:30.353: D/DrmWidevineDash(184): OEMCrypto_GenerateRSASignature returns 7
10-13 06:26:30.353: D/DrmWidevineDash(184): calling OEMCrypto_GenerateRSASignature. SID = 1
10-13 06:26:30.423: D/DrmWidevineDash(184): OEMCrypto_GenerateRSASignature returns 0
10-13 06:26:30.423: I/WVCdm(184): CdmEngine::CloseSession
10-13 06:26:30.423: D/DrmWidevineDash(184): calling OEMCrypto_CloseSession. SID = 1
10-13 06:26:30.423: D/DrmWidevineDash(184): OEMCrypto_CloseSession returns 0
10-13 06:26:30.443: D/dalvikvm(6851): DexOpt: --- BEGIN 'f.apk' (bootstrap=0) ---
10-13 06:26:30.473: D/dalvikvm(6896): DexOpt: load 2ms, verify+opt 3ms, 123436 bytes
10-13 06:26:30.503: D/dalvikvm(6851): DexOpt: --- END 'f.apk' (success) ---
10-13 06:26:30.503: D/dalvikvm(6851): DEX prep '/data/data/com.google.android.gms/app_fb/f.apk': unzip in 0ms, rewrite 53ms
10-13 06:26:30.503: I/Adreno-EGL(6851): <qeglDrvAPI_eglInitialize:320>: EGL 1.4 QUALCOMM Build: I0404c4692afb8623f95c43aeb6d5e13ed4b30ddbDate: 11/06/13
10-13 06:26:30.563: I/Adreno-EGL(6851): <qeglDrvAPI_eglInitialize:320>: EGL 1.4 QUALCOMM Build: I0404c4692afb8623f95c43aeb6d5e13ed4b30ddbDate: 11/06/13
10-13 06:26:30.663: D/dalvikvm(6851): GC_CONCURRENT freed 743K, 9% free 19829K/21600K, paused 7ms+3ms, total 42ms
10-13 06:26:30.783: I/Adreno-EGL(6851): <qeglDrvAPI_eglInitialize:320>: EGL 1.4 QUALCOMM Build: I0404c4692afb8623f95c43aeb6d5e13ed4b30ddbDate: 11/06/13
10-13 06:26:30.813: I/CheckinUtil(5655): Classify the device as Phone.
10-13 06:26:30.833: W/System(5655): Ignoring header Cookie because its value was null.
10-13 06:26:30.833: I/ProcessCheckinRequest(5655): set cookie as: null
10-13 06:26:30.843: I/PackageManager(788):   Action: "android.intent.action.SENDTO"
10-13 06:26:30.843: I/PackageManager(788): Adding preferred activity ComponentInfo{com.google.android.talk/com.google.android.apps.babel.phone.BabelHomeActivity} for user 0 :
10-13 06:26:30.853: I/PackageManager(788):   Category: "android.intent.category.DEFAULT"
10-13 06:26:30.853: I/PackageManager(788):   Scheme: "sms"
10-13 06:26:30.853: I/InputReader(788): Reconfiguring input devices.  changes=0x00000010
10-13 06:26:30.863: W/Conscrypt(5655): Could not set socket write timeout:
10-13 06:26:30.863: W/Conscrypt(5655):    java.lang.reflect.Method.invokeNative(Native Method)
10-13 06:26:30.863: W/Conscrypt(5655):    java.lang.reflect.Method.invoke(Method.java:515)
10-13 06:26:30.883: I/Launcher(1082): Deferring update until onResume
10-13 06:26:30.883: I/PackageManager(788):   Action: "android.intent.action.SENDTO"
10-13 06:26:30.883: I/PackageManager(788):   Category: "android.intent.category.DEFAULT"
10-13 06:26:30.883: I/PackageManager(788):   Scheme: "smsto"
10-13 06:26:30.883: I/PackageManager(788): Adding preferred activity ComponentInfo{com.google.android.talk/com.google.android.apps.babel.phone.BabelHomeActivity} for user 0 :
10-13 06:26:30.903: I/PackageManager(788):   Action: "android.intent.action.SENDTO"
10-13 06:26:30.903: I/PackageManager(788):   Category: "android.intent.category.DEFAULT"
10-13 06:26:30.903: I/PackageManager(788):   Scheme: "mms"
10-13 06:26:30.903: I/PackageManager(788): Adding preferred activity ComponentInfo{com.google.android.talk/com.google.android.apps.babel.phone.BabelHomeActivity} for user 0 :
10-13 06:26:30.913: I/Launcher(1082): Deferring update until onResume
10-13 06:26:30.913: D/dalvikvm(5655): GC_CONCURRENT freed 828K, 5% free 20108K/20964K, paused 5ms+10ms, total 64ms
10-13 06:26:30.913: D/dalvikvm(5655): WAIT_FOR_CONCURRENT_GC blocked 42ms
10-13 06:26:30.923: I/PackageManager(788):   Action: "android.intent.action.SENDTO"
10-13 06:26:30.923: I/PackageManager(788):   Category: "android.intent.category.DEFAULT"
10-13 06:26:30.923: I/PackageManager(788):   Scheme: "mmsto"
10-13 06:26:30.923: I/PackageManager(788): Adding preferred activity ComponentInfo{com.google.android.talk/com.google.android.apps.babel.phone.BabelHomeActivity} for user 0 :
10-13 06:26:30.943: I/PackageManager(788):   Action: "android.intent.action.SENDTO"
10-13 06:26:30.943: I/PackageManager(788):   Category: "android.intent.category.DEFAULT"
10-13 06:26:30.943: I/PackageManager(788):   Scheme: "sms"
10-13 06:26:30.943: I/PackageManager(788): Adding preferred activity ComponentInfo{com.google.android.talk/com.google.android.apps.babel.phone.BabelHomeActivity} for user 0 :
10-13 06:26:30.963: W/Conscrypt(5655): Could not set socket write timeout:
10-13 06:26:30.963: I/PackageManager(788):   Action: "android.intent.action.SENDTO"
10-13 06:26:30.963: I/PackageManager(788):   Category: "android.intent.category.DEFAULT"
10-13 06:26:30.963: I/PackageManager(788):   Scheme: "smsto"
10-13 06:26:30.963: W/Conscrypt(5655):    java.lang.reflect.Method.invokeNative(Native Method)
10-13 06:26:30.963: W/Conscrypt(5655):    java.lang.reflect.Method.invoke(Method.java:515)
10-13 06:26:30.963: I/PackageManager(788): Adding preferred activity ComponentInfo{com.google.android.talk/com.google.android.apps.babel.phone.BabelHomeActivity} for user 0 :
10-13 06:26:30.983: I/PackageManager(788):   Action: "android.intent.action.SENDTO"
10-13 06:26:30.983: I/PackageManager(788):   Category: "android.intent.category.DEFAULT"
10-13 06:26:30.983: I/PackageManager(788):   Scheme: "mms"
10-13 06:26:30.983: I/PackageManager(788): Adding preferred activity ComponentInfo{com.google.android.talk/com.google.android.apps.babel.phone.BabelHomeActivity} for user 0 :
10-13 06:26:31.003: I/PackageManager(788):   Action: "android.intent.action.SENDTO"
10-13 06:26:31.003: I/PackageManager(788):   Category: "android.intent.category.DEFAULT"
10-13 06:26:31.003: I/PackageManager(788):   Scheme: "mmsto"
10-13 06:26:31.003: I/PackageManager(788): Adding preferred activity ComponentInfo{com.google.android.talk/com.google.android.apps.babel.phone.BabelHomeActivity} for user 0 :
10-13 06:26:31.063: D/dalvikvm(5655): GC_CONCURRENT freed 1215K, 6% free 20031K/21276K, paused 1ms+2ms, total 26ms
10-13 06:26:31.063: D/dalvikvm(5655): WAIT_FOR_CONCURRENT_GC blocked 16ms
10-13 06:26:31.073: I/ProcessCheckinRequest(5655): REQUEST: b: "357478061461734"
10-13 06:26:31.073: I/ProcessCheckinRequest(5655): c: "f895c79e9571"
10-13 06:26:31.073: I/ProcessCheckinRequest(5655): d: "wifi"
10-13 06:26:31.073: I/ProcessCheckinRequest(5655): e: "0aedfcdb259b0363"
10-13 06:26:31.073: I/ProcessCheckinRequest(5655): g: 4310653168757700720
10-13 06:26:31.073: I/ProcessCheckinRequest(5655): h: 7918974543011175665
10-13 06:26:31.073: I/ProcessCheckinRequest(5655): i: "1-7b5794200bbc91f73f696430fa865deda77bb49a"
10-13 06:26:31.073: I/ProcessCheckinRequest(5655): j: "es"
10-13 06:26:31.073: I/ProcessCheckinRequest(5655): k <
10-13 06:26:31.073: I/ProcessCheckinRequest(5655):   a <
10-13 06:26:31.073: I/ProcessCheckinRequest(5655):     a: "google/hammerhead/hammerhead:4.4.4/KTU84P/1227136:user/release-keys"
10-13 06:26:31.073: I/ProcessCheckinRequest(5655):     b: "M8974A-1.0.25.0.23"
10-13 06:26:31.073: I/ProcessCheckinRequest(5655):     c: "HHZ11k"
10-13 06:26:31.073: I/ProcessCheckinRequest(5655):     d: "hammerhead"
10-13 06:26:31.073: I/ProcessCheckinRequest(5655):     e: "google"
10-13 06:26:31.073: I/ProcessCheckinRequest(5655):     f: "android-google"
10-13 06:26:31.073: I/ProcessCheckinRequest(5655):     g: 1402643149
10-13 06:26:31.073: I/ProcessCheckinRequest(5655):     h: 11509030
10-13 06:26:31.073: I/ProcessCheckinRequest(5655):     i: 19
10-13 06:26:31.073: I/ProcessCheckinRequest(5655):     j: "hammerhead"
10-13 06:26:31.073: I/ProcessCheckinRequest(5655):     k: "Nexus 5"
10-13 06:26:31.073: I/ProcessCheckinRequest(5655):     l: "LGE"
10-13 06:26:31.073: I/ProcessCheckinRequest(5655):     m: "hammerhead"
10-13 06:26:31.073: I/ProcessCheckinRequest(5655):     n: false
10-13 06:26:31.073: I/ProcessCheckinRequest(5655):     o <
10-13 06:26:31.073: I/ProcessCheckinRequest(5655):       a: 2
10-13 06:26:31.073: I/ProcessCheckinRequest(5655):       b: "ms-android-google"
10-13 06:26:31.073: I/ProcessCheckinRequest(5655):     >
10-13 06:26:31.073: I/ProcessCheckinRequest(5655):     o <
10-13 06:26:31.073: I/ProcessCheckinRequest(5655):       a: 8
10-13 06:26:31.073: I/ProcessCheckinRequest(5655):       b: "wallet-android-google"
10-13 06:26:31.073: I/ProcessCheckinRequest(5655):     >
10-13 06:26:31.073: I/ProcessCheckinRequest(5655):     o <
10-13 06:26:31.073: I/ProcessCheckinRequest(5655):       a: 4
10-13 06:26:31.073: I/ProcessCheckinRequest(5655):       b: "gmm-android-google"
10-13 06:26:31.073: I/ProcessCheckinRequest(5655):     >
10-13 06:26:31.073: I/ProcessCheckinRequest(5655):     o <
10-13 06:26:31.073: I/ProcessCheckinRequest(5655):       a: 6
10-13 06:26:31.073: I/ProcessCheckinRequest(5655):       b: "am-android-google"
10-13 06:26:31.073: I/ProcessCheckinRequest(5655):     >
10-13 06:26:31.073: I/ProcessCheckinRequest(5655):     o <
10-13 06:26:31.073: I/ProcessCheckinRequest(5655):       a: 1
10-13 06:26:31.073: I/ProcessCheckinRequest(5655):       b: "android-google"
10-13 06:26:31.073: I/ProcessCheckinRequest(5655):     >
10-13 06:26:31.073: I/ProcessCheckinRequest(5655):     o <
10-13 06:26:31.073: I/ProcessCheckinRequest(5655):       a: 9
10-13 06:26:31.073: I/ProcessCheckinRequest(5655):       b: "ms-android-google"
10-13 06:26:31.073: I/ProcessCheckinRequest(5655):     >
10-13 06:26:31.073: I/ProcessCheckinRequest(5655):     o <
10-13 06:26:31.073: I/ProcessCheckinRequest(5655):       a: 5
10-13 06:26:31.073: I/ProcessCheckinRequest(5655):       b: "mvapp-android-google"
10-13 06:26:31.073: I/ProcessCheckinRequest(5655):     >
10-13 06:26:31.073: I/ProcessCheckinRequest(5655):   >
10-13 06:26:31.073: I/ProcessCheckinRequest(5655):   b: 1464797562105
10-13 06:26:31.073: I/ProcessCheckinRequest(5655):   g: "WIFI::"
10-13 06:26:31.073: I/ProcessCheckinRequest(5655):   i: 0
10-13 06:26:31.073: I/ProcessCheckinRequest(5655):   j: 2
10-13 06:26:31.073: I/ProcessCheckinRequest(5655):   k <
10-13 06:26:31.073: I/ProcessCheckinRequest(5655):     a: 4
10-13 06:26:31.073: I/ProcessCheckinRequest(5655):     b: 1
10-13 06:26:31.073: I/ProcessCheckinRequest(5655):     c: "unspecified"
10-13 06:26:31.073: I/ProcessCheckinRequest(5655):     d: ""
10-13 06:26:31.073: I/ProcessCheckinRequest(5655):     e: false
10-13 06:26:31.073: I/ProcessCheckinRequest(5655):   >
10-13 06:26:31.073: I/ProcessCheckinRequest(5655): >
10-13 06:26:31.073: I/ProcessCheckinRequest(5655): l: "[4A2NI7OQOTX46RNLLDCZ5QQEKA-01@cloudtestlabaccounts.com]"
10-13 06:26:31.073: I/ProcessCheckinRequest(5655): m: "America/Los_Angeles"
10-13 06:26:31.073: I/ProcessCheckinRequest(5655): n: 6152081182868518519
10-13 06:26:31.073: I/ProcessCheckinRequest(5655): o: 3
10-13 06:26:31.073: I/ProcessCheckinRequest(5655): p: "7XE2hB0bH2OhNRdgfSMZHvAIJaY="
10-13 06:26:31.073: I/ProcessCheckinRequest(5655): q <
10-13 06:26:31.073: I/ProcessCheckinRequest(5655):   a: 3
10-13 06:26:31.073: I/ProcessCheckinRequest(5655):   b: 1
10-13 06:26:31.073: I/ProcessCheckinRequest(5655):   c: 1
10-13 06:26:31.073: I/ProcessCheckinRequest(5655):   d: 2
10-13 06:26:31.073: I/ProcessCheckinRequest(5655):   e: false
10-13 06:26:31.073: I/ProcessCheckinRequest(5655):   f: false
10-13 06:26:31.073: I/ProcessCheckinRequest(5655):   g: 480
10-13 06:26:31.073: I/ProcessCheckinRequest(5655):   h: 1080
10-13 06:26:31.073: I/ProcessCheckinRequest(5655):   i: 1776
10-13 06:26:31.073: I/ProcessCheckinRequest(5655):   j: 196608
10-13 06:26:31.073: I/ProcessCheckinRequest(5655):   k: "android.test.runner"
10-13 06:26:31.073: I/ProcessCheckinRequest(5655):   k: "com.android.future.usb.accessory"
10-13 06:26:31.073: I/ProcessCheckinRequest(5655):   k: "com.android.lge.lgsvcitems"
10-13 06:26:31.073: I/ProcessCheckinRequest(5655):   k: "com.android.location.provider"
10-13 06:26:31.073: I/ProcessCheckinRequest(5655):   k: "com.android.media.remotedisplay"
10-13 06:26:31.073: I/ProcessCheckinRequest(5655):   k: "com.google.android.ble"
10-13 06:26:31.073: I/ProcessCheckinRequest(5655):   k: "com.google.android.camera2"
10-13 06:26:31.073: I/ProcessCheckinRequest(5655):   k: "com.google.android.gms"
10-13 06:26:31.073: I/ProcessCheckinRequest(5655):   k: "com.google.android.maps"
10-13 06:26:31.073: I/ProcessCheckinRequest(5655):   k: "com.google.android.media.effects"
10-13 06:26:31.073: I/ProcessCheckinRequest(5655):   k: "com.google.widevine.software.drm"
10-13 06:26:31.073: I/ProcessCheckinRequest(5655):   k: "com.qualcomm.qcrilhook"
10-13 06:26:31.073: I/ProcessCheckinRequest(5655):   k: "javax.obex"
10-13 06:26:31.073: I/ProcessCheckinRequest(5655):   l: "android.hardware.audio.low_latency"
10-13 06:26:31.073: I/ProcessCheckinRequest(5655):   l: "android.hardware.bluetooth"
10-13 06:26:31.073: I/ProcessCheckinRequest(5655):   l: "android.hardware.bluetooth_le"
10-13 06:26:31.073: I/ProcessCheckinRequest(5655):   l: "android.hardware.camera"
10-13 06:26:31.073: I/ProcessCheckinRequest(5655):   l: "android.hardware.camera.any"
10-13 06:26:31.073: I/ProcessCheckinRequest(5655):   l: "android.hardware.camera.autofocus"
10-13 06:26:31.073: I/ProcessCheckinRequest(5655):   l: "android.hardware.camera.flash"
10-13 06:26:31.073: I/ProcessCheckinRequest(5655):   l: "android.hardware.camera.front"
10-13 06:26:31.073: I/ProcessCheckinRequest(5655):   l: "android.hardware.faketouch"
10-13 06:26:31.073: I/ProcessCheckinRequest(5655):   l: "android.hardware.location"
10-13 06:26:31.073: I/ProcessCheckinRequest(5655):   l: "android.hardware.location.gps"
10-13 06:26:31.073: I/ProcessCheckinRequest(5655):   l: "android.hardware.location.network"
10-13 06:26:31.073: I/ProcessCheckinRequest(5655):   l: "android.hardware.microphone"
10-13 06:26:31.073: I/ProcessCheckinRequest(5655):   l: "android.hardware.nfc"
10-13 06:26:31.073: I/ProcessCheckinRequest(5655):   l: "android.hardware.nfc.hce"
10-13 06:26:31.073: I/ProcessCheckinRequest(5655):   l: "android.hardware.screen.landscape"
10-13 06:26:31.073: I/ProcessCheckinRequest(5655):   l: "android.hardware.screen.portrait"
10-13 06:26:31.073: I/ProcessCheckinRequest(5655):   l: "android.hardware.sensor.accelerometer"
10-13 06:26:31.073: I/ProcessCheckinRequest(5655):   l: "android.hardware.sensor.barometer"
10-13 06:26:31.073: I/ProcessCheckinRequest(5655):   l: "android.hardware.sensor.compass"
10-13 06:26:31.073: I/ProcessCheckinRequest(5655):   l: "android.hardware.sensor.gyroscope"
10-13 06:26:31.073: I/ProcessCheckinRequest(5655):   l: "android.hardware.sensor.light"
10-13 06:26:31.073: I/ProcessCheckinRequest(5655):   l: "android.hardware.sensor.proximity"
10-13 06:26:31.073: I/ProcessCheckinRequest(5655):   l: "android.hardware.sensor.stepcounter"
10-13 06:26:31.073: I/ProcessCheckinRequest(5655):   l: "android.hardware.sensor.stepdetector"
10-13 06:26:31.073: I/ProcessCheckinRequest(5655):   l: "android.hardware.telephony"
10-13 06:26:31.073: I/ProcessCheckinRequest(5655):   l: "android.hardware.telephony.cdma"
10-13 06:26:31.073: I/ProcessCheckinRequest(5655):   l: "android.hardware.telephony.gsm"
10-13 06:26:31.073: I/ProcessCheckinRequest(5655):   l: "android.hardware.touchscreen"
10-13 06:26:31.073: I/ProcessCheckinRequest(5655):   l: "android.hardware.touchscreen.multitouch"
10-13 06:26:31.073: I/ProcessCheckinRequest(5655):   l: "android.hardware.touchscreen.multitouch.distinct"
10-13 06:26:31.073: I/ProcessCheckinRequest(5655):   l: "android.hardware.touchscreen.multitouch.jazzhand"
10-13 06:26:31.073: I/ProcessCheckinRequest(5655):   l: "android.hardware.usb.accessory"
10-13 06:26:31.073: I/ProcessCheckinRequest(5655):   l: "android.hardware.usb.host"
10-13 06:26:31.073: I/ProcessCheckinRequest(5655):   l: "android.hardware.wifi"
10-13 06:26:31.073: I/ProcessCheckinRequest(5655):   l: "android.hardware.wifi.direct"
10-13 06:26:31.073: I/ProcessCheckinRequest(5655):   l: "android.software.app_widgets"
10-13 06:26:31.073: I/ProcessCheckinRequest(5655):   l: "android.software.device_admin"
10-13 06:26:31.073: I/ProcessCheckinRequest(5655):   l: "android.software.home_screen"
10-13 06:26:31.073: I/ProcessCheckinRequest(5655):   l: "android.software.input_methods"
10-13 06:26:31.073: I/ProcessCheckinRequest(5655):   l: "android.software.live_wallpaper"
10-13 06:26:31.073: I/ProcessCheckinRequest(5655):   l: "android.software.sip"
10-13 06:26:31.073: I/ProcessCheckinRequest(5655):   l: "android.software.sip.voip"
10-13 06:26:31.073: I/ProcessCheckinRequest(5655):   l: "com.google.android.feature.EXCHANGE_6_2"
10-13 06:26:31.073: I/ProcessCheckinRequest(5655):   l: "com.google.android.feature.GOOGLE_BUILD"
10-13 06:26:31.073: I/ProcessCheckinRequest(5655):   l: "com.google.android.feature.GOOGLE_EXPERIENCE"
10-13 06:26:31.073: I/ProcessCheckinRequest(5655):   m <
10-13 06:26:31.073: I/ProcessCheckinRequest(5655):     a: "android.hardware.audio.low_latency"
10-13 06:26:31.073: I/ProcessCheckinRequest(5655):     b: 0
10-13 06:26:31.073: I/ProcessCheckinRequest(5655):   >
10-13 06:26:31.073: I/ProcessCheckinRequest(5655):   m <
10-13 06:26:31.073: I/ProcessCheckinRequest(5655):     a: "android.hardware.bluetooth"
10-13 06:26:31.073: I/ProcessCheckinRequest(5655):     b: 0
10-13 06:26:31.073: I/ProcessCheckinRequest(5655):   >
10-13 06:26:31.073: I/ProcessCheckinRequest(5655):   m <
10-13 06:26:31.073: I/ProcessCheckinRequest(5655):     a: "android.hardware.bluetooth_le"
10-13 06:26:31.073: I/ProcessCheckinRequest(5655):     b: 0
10-13 06:26:31.073: I/ProcessCheckinRequest(5655):   >
10-13 06:26:31.073: I/ProcessCheckinRequest(5655):   m <
10-13 06:26:31.073: I/ProcessCheckinRequest(5655):     a: "android.hardware.camera"
10-13 06:26:31.073: I/ProcessCheckinRequest(5655):     b: 0
10-13 06:26:31.073: I/ProcessCheckinRequest(5655):   >
10-13 06:26:31.073: I/ProcessCheckinRequest(5655):   m <
10-13 06:26:31.073: I/ProcessCheckinRequest(5655):     a: "android.hardware.camera.any"
10-13 06:26:31.073: I/ProcessCheckinRequest(5655):     b: 0
10-13 06:26:31.073: I/ProcessCheckinRequest(5655):   >
10-13 06:26:31.073: I/ProcessCheckinRequest(5655):   m <
10-13 06:26:31.073: I/ProcessCheckinRequest(5655):     a: "android.hardware.camera.autofocus"
10-13 06:26:31.073: I/ProcessCheckinRequest(5655):     b: 0
10-13 06:26:31.073: I/ProcessCheckinRequest(5655):   >
10-13 06:26:31.073: I/ProcessCheckinRequest(5655):   m <
10-13 06:26:31.073: I/ProcessCheckinRequest(5655):     a: "android.hardware.camera.flash"
10-13 06:26:31.073: I/ProcessCheckinRequest(5655):     b: 0
10-13 06:26:31.073: I/ProcessCheckinRequest(5655):   >
10-13 06:26:31.073: I/ProcessCheckinRequest(5655):   m <
10-13 06:26:31.073: I/ProcessCheckinRequest(5655):     a: "android.hardware.camera.front"
10-13 06:26:31.073: I/ProcessCheckinRequest(5655):     b: 0
10-13 06:26:31.073: I/ProcessCheckinRequest(5655):   >
10-13 06:26:31.073: I/ProcessCheckinRequest(5655):   m <
10-13 06:26:31.073: I/ProcessCheckinRequest(5655):     a: "android.hardware.faketouch"
10-13 06:26:31.073: I/ProcessCheckinRequest(5655):     b: 0
10-13 06:26:31.073: I/ProcessCheckinRequest(5655):   >
10-13 06:26:31.073: I/ProcessCheckinRequest(5655):   m <
10-13 06:26:31.073: I/ProcessCheckinRequest(5655):     a: "android.hardware.location"
10-13 06:26:31.073: I/ProcessCheckinRequest(5655):     b: 0
10-13 06:26:31.073: I/ProcessCheckinRequest(5655):   >
10-13 06:26:31.073: I/ProcessCheckinRequest(5655):   m <
10-13 06:26:31.073: I/ProcessCheckinRequest(5655):     a: "andr
10-13 06:26:31.223: I/CheckinResponseProcess(5655): From server: 1 gservices updates and 1 deletes
10-13 06:26:31.363: D/dalvikvm(5625): GC_CONCURRENT freed 912K, 8% free 19310K/20868K, paused 2ms+4ms, total 43ms
10-13 06:26:31.383: I/CertBlacklister(788): Certificate blacklist changed, updating...
10-13 06:26:31.393: I/CertBlacklister(788): Certificate blacklist updated
10-13 06:26:31.423: D/AlertService(4786): Beginning updateAlertNotification
10-13 06:26:31.423: D/AlertService(4786): No fired or scheduled alerts
10-13 06:26:31.433: D/AlertService(4786): Scheduling next alarm with AlarmScheduler. sEventReminderReceived: null
10-13 06:26:31.443: D/AlarmScheduler(4786): No events found starting within 1 week.
10-13 06:26:31.443: I/ActivityManager(788): Resuming delayed broadcast
10-13 06:26:31.453: D/AndroidRuntime(6912): >>>>>> AndroidRuntime START com.android.internal.os.RuntimeInit <<<<<<
10-13 06:26:31.453: D/AndroidRuntime(6912): CheckJNI is OFF
10-13 06:26:31.453: I/GservicesProvider(5625): main difference update completed
10-13 06:26:31.463: D/dalvikvm(6912): Trying to load lib libjavacore.so 0x0
10-13 06:26:31.463: D/dalvikvm(6912): Added shared lib libjavacore.so 0x0
10-13 06:26:31.463: D/dalvikvm(6912): Trying to load lib libnativehelper.so 0x0
10-13 06:26:31.463: D/dalvikvm(6912): Added shared lib libnativehelper.so 0x0
10-13 06:26:31.463: D/dalvikvm(6912): No JNI_OnLoad found in libnativehelper.so 0x0, skipping init
10-13 06:26:31.493: D/dalvikvm(6912): Note: class Landroid/app/ActivityManagerNative; has 179 unimplemented (abstract) methods
10-13 06:26:31.513: W/ConfigurationChimeraProvider(5600): Got null configs for com.google.android.gms.mdm
