10-13 06:25:57.583: D/AndroidRuntime(5424): >>>>>> AndroidRuntime START com.android.internal.os.RuntimeInit <<<<<<
10-13 06:25:57.583: D/AndroidRuntime(5424): CheckJNI is OFF
10-13 06:25:57.593: D/dalvikvm(5424): Trying to load lib libjavacore.so 0x0
10-13 06:25:57.603: D/dalvikvm(5424): Added shared lib libjavacore.so 0x0
10-13 06:25:57.603: D/dalvikvm(5424): Trying to load lib libnativehelper.so 0x0
10-13 06:25:57.603: D/dalvikvm(5424): Added shared lib libnativehelper.so 0x0
10-13 06:25:57.603: D/dalvikvm(5424): No JNI_OnLoad found in libnativehelper.so 0x0, skipping init
10-13 06:25:57.643: D/dalvikvm(5424): Note: class Landroid/app/ActivityManagerNative; has 179 unimplemented (abstract) methods
10-13 06:25:57.753: D/AndroidRuntime(5424): Calling main entry com.android.commands.pm.Pm
10-13 06:25:57.833: D/AndroidRuntime(5424): Shutting down VM
10-13 06:25:57.833: D/dalvikvm(5424): GC_CONCURRENT freed 94K, 16% free 557K/656K, paused 0ms+0ms, total 2ms
10-13 06:25:57.843: D/dalvikvm(788): GC_CONCURRENT freed 1470K, 34% free 23131K/34924K, paused 3ms+3ms, total 46ms
10-13 06:25:58.323: D/AndroidRuntime(5445): >>>>>> AndroidRuntime START com.android.internal.os.RuntimeInit <<<<<<
10-13 06:25:58.323: D/AndroidRuntime(5445): CheckJNI is OFF
10-13 06:25:58.333: D/dalvikvm(5445): Trying to load lib libjavacore.so 0x0
10-13 06:25:58.333: D/dalvikvm(5445): Added shared lib libjavacore.so 0x0
10-13 06:25:58.343: D/dalvikvm(5445): Trying to load lib libnativehelper.so 0x0
10-13 06:25:58.343: D/dalvikvm(5445): Added shared lib libnativehelper.so 0x0
10-13 06:25:58.343: D/dalvikvm(5445): No JNI_OnLoad found in libnativehelper.so 0x0, skipping init
10-13 06:25:58.363: D/dalvikvm(5445): Note: class Landroid/app/ActivityManagerNative; has 179 unimplemented (abstract) methods
10-13 06:25:58.483: D/AndroidRuntime(5445): Calling main entry com.android.commands.am.Am
10-13 06:25:58.493: I/ActivityManager(788): Force stopping com.google.android.apps.mtaas.tools appid=10077 user=0: start instr
10-13 06:25:58.503: I/ActivityManager(788): Start proc com.google.android.apps.mtaas.tools for added application com.google.android.apps.mtaas.tools: pid=5455 uid=10077 gids={50077, 1028, 1015, 3003}
10-13 06:25:58.523: I/ActivityManager(788): Config changes=2004 {1.0 310mcc?mnc es ldltr sw360dp w360dp h567dp 480dpi nrml port finger -keyb/v/h -nav/h s.6}
10-13 06:25:58.573: D/ChangeLocale(5455): Instrumentation completed successfully
10-13 06:25:58.573: I/LatinIME:LogUtils(970): Dictionary info: dictionary = personalization.es.dict ; version = ? ; date = 1507901158
10-13 06:25:58.573: I/LatinIME:LogUtils(970): Dictionary info: dictionary = PersonalizationPredictionDictio ; version = ? ; date = 1507901158
10-13 06:25:58.593: D/PhoneStatusBar(882): mSettingsPanelGravity = 55
10-13 06:25:58.593: D/AndroidRuntime(5445): Shutting down VM
10-13 06:25:58.593: D/dalvikvm(5445): GC_CONCURRENT freed 96K, 16% free 566K/668K, paused 0ms+0ms, total 1ms
10-13 06:25:58.653: I/ContactLocale(2139): AddressBook Labels [es]: [, A, B, C, D, E, F, G, H, I, J, K, L, M, N, Ñ, O, P, Q, R, S, T, U, V, W, X, Y, Z, Α, Β, Γ, Δ, Ε, Ζ, Η, Θ, Ι, Κ, Λ, Μ, Ν, Ξ, Ο, Π, Ρ, Σ, Τ, Υ, Φ, Χ, Ψ, Ω, , А, Б, В, Г, Д, Е, Є, Ж, З, И, І, Ї, Й, К, Л, М, Н, О, П, Р, С, Т, У, Ф, Х, Ц, Ч, Ш, Щ, Ю, Я, , א, ב, ג, ד, ה, ו, ז, ח, ט, י, כ, ל, מ, נ, ס, ע, פ, צ, ק, ר, ש, ת, , ا, ب, ت, ث, ج, ح, خ, د, ذ, ر, ز, س, ش, ص, ض, ط, ظ, ع, غ, ف, ق, ك, ل, م, ن, ه, و, ي, , ก, ข, ฃ, ค, ฅ, ฆ, ง, จ, ฉ, ช, ซ, ฌ, ญ, ฎ, ฏ, ฐ, ฑ, ฒ, ณ, ด, ต, ถ, ท, ธ, น, บ, ป, ผ, ฝ, พ, ฟ, ภ, ม, ย, ร, ฤ, ล, ฦ, ว, ศ, ษ, ส, ห, ฬ, อ, ฮ, , ㄱ, ㄴ, ㄷ, ㄹ, ㅁ, ㅂ, ㅅ, ㅇ, ㅈ, ㅊ, ㅋ, ㅌ, ㅍ, ㅎ, , あ, か, さ, た, な, は, ま, や, ら, わ, #, ]
10-13 06:25:58.693: I/InputMethodManagerService(788): Selected default: com.google.android.inputmethod.latin/com.android.inputmethod.latin.LatinIME
10-13 06:25:58.723: W/InputMethodManagerService(788): Illegal subtype state: old subtype = null, new subtype = android.view.inputmethod.InputMethodSubtype@30a6e00e
10-13 06:25:58.733: I/ContactsProvider(2139): Locale has changed from en_US to es
10-13 06:25:58.733: I/ContactsDatabaseHelper(2139): Switching to locale es (ICU v51.1.0.1)
10-13 06:25:58.793: I/ContactsDatabaseHelper(2139): Locale change completed in 65ms
10-13 06:25:58.793: I/ContactsDatabaseHelper(2139): Switching to locale es (ICU v51.1.0.1)
10-13 06:25:58.823: I/ActivityManager(788): Force stopping com.google.android.apps.mtaas.tools appid=10077 user=0: finished inst
10-13 06:25:58.823: D/Finsky(1556): [1] ClearCacheReceiver.onReceive: Received android.intent.action.LOCALE_CHANGED. Clearing cache and exiting.
10-13 06:25:58.823: I/ActivityManager(788): Killing 5455:com.google.android.apps.mtaas.tools/u0a77 (adj 0): stop com.google.android.apps.mtaas.tools
10-13 06:25:58.823: D/Volley(1556): [85] DiskBasedCache.clear: Cache cleared.
10-13 06:25:58.833: D/Volley(1556): [89] DiskBasedCache.clear: Cache cleared.
10-13 06:25:58.833: I/AndroidRuntime(1556): VM exiting with result code 0, cleanup skipped.
10-13 06:25:58.833: D/AlertReceiver(4786): onReceive: a=android.intent.action.LOCALE_CHANGED Intent { act=android.intent.action.LOCALE_CHANGED flg=0x10000010 cmp=com.google.android.calendar/com.android.calendar.alerts.AlertReceiver }
10-13 06:25:58.843: I/Icing.InternalIcingCorporaProvider(1596): Updating corpora: A: FORCE_ALL, C: FORCE_ALL
10-13 06:25:58.843: D/AlertService(4786): 0 Action = android.intent.action.LOCALE_CHANGED
10-13 06:25:58.843: D/AlertService(4786): Beginning updateAlertNotification
10-13 06:25:58.843: V/AlarmClock(4951): AlarmInitReceiver android.intent.action.LOCALE_CHANGED
10-13 06:25:58.853: D/dalvikvm(4786): GC_CONCURRENT freed 305K, 2% free 16792K/17128K, paused 2ms+0ms, total 19ms
10-13 06:25:58.863: W/Launcher(1082): setApplicationContext called twice! old=com.google.android.velvet.VelvetApplication@4268cba0 new=com.google.android.velvet.VelvetApplication@4268cba0
10-13 06:25:58.863: I/ActivityManager(788): Process com.android.vending (pid 1556) has died.
10-13 06:25:58.903: I/AlarmClock(4951): Displaying next alarm time: ''
10-13 06:25:58.903: V/AlarmClock(4951): AlarmInitReceiver finished
10-13 06:25:58.913: D/AlertService(4786): No fired or scheduled alerts
10-13 06:25:58.973: D/AlertService(4786): Scheduling next alarm with AlarmScheduler. sEventReminderReceived: null
10-13 06:25:58.973: D/dalvikvm(1082): GC_FOR_ALLOC freed 1269K, 20% free 25671K/31784K, paused 11ms, total 12ms
10-13 06:25:58.973: I/dalvikvm-heap(1082): Grow heap (frag case) to 27.306MB for 2315840-byte allocation
10-13 06:25:58.993: D/AlarmScheduler(4786): No events found starting within 1 week.
10-13 06:25:59.003: D/dalvikvm(1082): GC_FOR_ALLOC freed 40K, 19% free 27892K/34048K, paused 21ms, total 21ms
10-13 06:25:59.003: I/ContactsDatabaseHelper(2139): Locale change completed in 204ms
10-13 06:25:59.033: D/AndroidRuntime(5497): >>>>>> AndroidRuntime START com.android.internal.os.RuntimeInit <<<<<<
10-13 06:25:59.033: D/AndroidRuntime(5497): CheckJNI is OFF
10-13 06:25:59.033: I/dalvikvm(3876): Could not find method android.app.Notification$Builder.setColor, referenced from method ahew.a
10-13 06:25:59.033: W/dalvikvm(3876): VFY: unable to resolve virtual method 27650: Landroid/app/Notification$Builder;.setColor (I)Landroid/app/Notification$Builder;
10-13 06:25:59.033: D/dalvikvm(3876): VFY: replacing opcode 0x6e at 0x006c
10-13 06:25:59.033: I/dalvikvm(3876): Could not find method android.app.Notification$Builder.addExtras, referenced from method ahew.a
10-13 06:25:59.033: W/dalvikvm(3876): VFY: unable to resolve virtual method 27645: Landroid/app/Notification$Builder;.addExtras (Landroid/os/Bundle;)Landroid/app/Notification$Builder;
10-13 06:25:59.033: D/dalvikvm(3876): VFY: replacing opcode 0x6e at 0x00a0
10-13 06:25:59.043: I/dalvikvm(3876): Could not find method android.graphics.drawable.Icon.createWithBitmap, referenced from method ahew.a
10-13 06:25:59.043: D/dalvikvm(5497): Trying to load lib libjavacore.so 0x0
10-13 06:25:59.043: D/dalvikvm(5497): Added shared lib libjavacore.so 0x0
10-13 06:25:59.043: W/dalvikvm(3876): VFY: unable to resolve static method 28331: Landroid/graphics/drawable/Icon;.createWithBitmap (Landroid/graphics/Bitmap;)Landroid/graphics/drawable/Icon;
10-13 06:25:59.043: D/dalvikvm(3876): VFY: replacing opcode 0x71 at 0x0008
10-13 06:25:59.043: D/dalvikvm(5497): Trying to load lib libnativehelper.so 0x0
10-13 06:25:59.043: D/dalvikvm(5497): Added shared lib libnativehelper.so 0x0
10-13 06:25:59.043: D/dalvikvm(5497): No JNI_OnLoad found in libnativehelper.so 0x0, skipping init
10-13 06:25:59.053: I/dalvikvm(3876): Could not find method android.app.Notification$Builder.addPerson, referenced from method ahew.a
10-13 06:25:59.053: W/dalvikvm(3876): VFY: unable to resolve virtual method 27646: Landroid/app/Notification$Builder;.addPerson (Ljava/lang/String;)Landroid/app/Notification$Builder;
10-13 06:25:59.053: D/dalvikvm(3876): VFY: replacing opcode 0x6e at 0x01ca
10-13 06:25:59.053: I/dalvikvm(3876): Could not find method android.app.NotificationManager.areNotificationsEnabled, referenced from method ahew.a
10-13 06:25:59.053: W/dalvikvm(3876): VFY: unable to resolve virtual method 27669: Landroid/app/NotificationManager;.areNotificationsEnabled ()Z
10-13 06:25:59.053: D/dalvikvm(3876): VFY: replacing opcode 0x6e at 0x0204
10-13 06:25:59.063: W/ChimeraUtils(3876): Non Chimera context
10-13 06:25:59.073: D/dalvikvm(5497): Note: class Landroid/app/ActivityManagerNative; has 179 unimplemented (abstract) methods
10-13 06:25:59.073: D/Launcher(1082): 11683562 - bindAddScreens()
10-13 06:25:59.073: D/Launcher(1082): 11683562 -   orderedScreenIds: 
10-13 06:25:59.073: D/Launcher.Workspace(1082): 11683562 - addExtraEmptyScreen()
10-13 06:25:59.073: D/Launcher.Workspace(1082): 11683562 - insertNewWorkspaceScreen(): -201 at index: 0
10-13 06:25:59.083: D/dalvikvm(1596): GC_CONCURRENT freed 480K, 4% free 17772K/18348K, paused 3ms+2ms, total 51ms
10-13 06:25:59.083: D/dalvikvm(1596): WAIT_FOR_CONCURRENT_GC blocked 25ms
10-13 06:25:59.093: D/dalvikvm(3896): GC_FOR_ALLOC freed 172K, 10% free 20744K/22832K, paused 51ms, total 51ms
10-13 06:25:59.093: I/dalvikvm-heap(3896): Grow heap (frag case) to 20.749MB for 487160-byte allocation
10-13 06:25:59.103: I/Icing(3876): IndexChimeraService.getServiceInterface callingPackage=com.google.android.gms componentName=AppsCorpus serviceId=32
10-13 06:25:59.113: I/Icing(3876): IndexChimeraService.getServiceInterface callingPackage=com.google.android.gms componentName=AppsCorpus serviceId=36
10-13 06:25:59.123: D/dalvikvm(3896): GC_FOR_ALLOC freed <1K, 9% free 21219K/23308K, paused 33ms, total 33ms
10-13 06:25:59.123: I/GEL(1082): handleIntent(Intent { act=android.intent.action.MAIN cat=[android.intent.category.HOME] flg=0x10000000 cmp=com.google.android.googlequicksearchbox/com.google.android.launcher.GEL })
10-13 06:25:59.133: D/Launcher.Model(1082): 11683562 - loadWorkspace()
10-13 06:25:59.133: D/Launcher.Model(1082): 11683562 -   loadedOldDb: false
10-13 06:25:59.143: D/Launcher.Model(1082): 11683562 - loadWorkspaceScreensDb()
10-13 06:25:59.143: D/Launcher.Model(1082): 11683562 -   screens: 
10-13 06:25:59.143: D/Launcher.Model(1082): 11683562 -   sBgWorkspaceScreens: 
10-13 06:25:59.153: I/Icing(3876): IndexChimeraService.getServiceInterface callingPackage=com.google.android.googlequicksearchbox componentName=null serviceId=21
10-13 06:25:59.163: D/dalvikvm(3896): GC_FOR_ALLOC freed 31K, 10% free 21206K/23308K, paused 32ms, total 34ms
10-13 06:25:59.163: I/dalvikvm-heap(3896): Grow heap (frag case) to 21.199MB for 487160-byte allocation
10-13 06:25:59.193: D/dalvikvm(3896): GC_FOR_ALLOC freed 476K, 11% free 21205K/23784K, paused 25ms, total 25ms
10-13 06:25:59.203: I/Icing(3876): Query from com.google.android.gms package restrict com.google.android.gms start 0 num 100
10-13 06:25:59.203: D/AndroidRuntime(5497): Calling main entry com.android.commands.settings.SettingsCmd
10-13 06:25:59.213: D/AndroidRuntime(5497): Shutting down VM
10-13 06:25:59.213: D/dalvikvm(5497): GC_CONCURRENT freed 96K, 15% free 562K/660K, paused 0ms+0ms, total 1ms
10-13 06:25:59.223: I/ContactsFTS(2139): Rebuild contact search index in 163ms, 0 contacts
10-13 06:25:59.223: I/WindowManager(788): Screen frozen for +690ms due to Window{42bf9950 u0 com.google.android.googlequicksearchbox/com.google.android.launcher.GEL}
10-13 06:25:59.253: D/Launcher(1082): 11683562 - bindAddScreens()
10-13 06:25:59.253: D/Launcher(1082): 11683562 -   orderedScreenIds: 
10-13 06:25:59.253: D/Launcher.Workspace(1082): 11683562 - addExtraEmptyScreen()
10-13 06:25:59.253: D/Launcher.Workspace(1082): 11683562 - insertNewWorkspaceScreen(): -201 at index: 0
10-13 06:25:59.283: D/dalvikvm(3896): GC_FOR_ALLOC freed 531K, 13% free 20801K/23784K, paused 33ms, total 33ms
10-13 06:25:59.303: I/Icing(3876): Usage reports 0 indexed 0 rejected 0 imm upload false
10-13 06:25:59.303: I/Icing(3876): Usage reports 0 indexed 0 rejected 0 imm upload false
10-13 06:25:59.313: I/Icing(3876): Usage reports 0 indexed 0 rejected 0 imm upload true
10-13 06:25:59.343: I/Icing(3876): IndexChimeraService.getServiceInterface callingPackage=com.google.android.gms componentName=AppsCorpus serviceId=32
10-13 06:25:59.343: I/Icing(3876): IndexChimeraService.getServiceInterface callingPackage=com.google.android.gms componentName=AppsCorpus serviceId=36
10-13 06:25:59.353: I/ContactLoggerTask(1596): canRun() : Disabled
10-13 06:25:59.353: I/Icing.InternalIcingCorporaProvider(1596): UpdateCorporaTask done [took 515 ms] updated apps [took 480 ms] updated contacts [took 35 ms]
10-13 06:25:59.353: D/dalvikvm(3896): GC_FOR_ALLOC freed 105K, 9% free 21745K/23784K, paused 31ms, total 31ms
10-13 06:25:59.363: I/dalvikvm-heap(3896): Grow heap (frag case) to 23.262MB for 2098216-byte allocation
10-13 06:25:59.383: D/dalvikvm(3896): GC_FOR_ALLOC freed <1K, 8% free 23794K/25836K, paused 28ms, total 28ms
10-13 06:25:59.403: I/Icing(3876): Usage reports 0 indexed 0 rejected 0 imm upload false
10-13 06:25:59.413: D/dalvikvm(1082): GC_CONCURRENT freed 3318K, 12% free 28256K/31784K, paused 1ms+2ms, total 16ms
10-13 06:25:59.413: D/dalvikvm(1082): WAIT_FOR_CONCURRENT_GC blocked 14ms
10-13 06:25:59.413: I/Icing(3876): Usage reports 0 indexed 0 rejected 0 imm upload false
10-13 06:25:59.423: D/dalvikvm(3896): GC_CONCURRENT freed 30K, 8% free 23789K/25836K, paused 5ms+4ms, total 40ms
10-13 06:25:59.513: D/dalvikvm(1082): GC_FOR_ALLOC freed 1354K, 7% free 30074K/32080K, paused 12ms, total 12ms
10-13 06:25:59.643: D/dalvikvm(3896): GC_FOR_ALLOC freed 3873K, 6% free 21506K/22832K, paused 29ms, total 29ms
10-13 06:25:59.643: I/dalvikvm-heap(3896): Grow heap (frag case) to 21.414MB for 404884-byte allocation
10-13 06:25:59.653: D/AndroidRuntime(5530): >>>>>> AndroidRuntime START com.android.internal.os.RuntimeInit <<<<<<
10-13 06:25:59.653: D/AndroidRuntime(5530): CheckJNI is OFF
10-13 06:25:59.663: D/dalvikvm(5530): Trying to load lib libjavacore.so 0x0
10-13 06:25:59.663: D/dalvikvm(5530): Added shared lib libjavacore.so 0x0
10-13 06:25:59.673: D/dalvikvm(3896): GC_FOR_ALLOC freed 1K, 6% free 21900K/23228K, paused 28ms, total 28ms
10-13 06:25:59.673: D/dalvikvm(5530): Trying to load lib libnativehelper.so 0x0
10-13 06:25:59.673: D/dalvikvm(5530): Added shared lib libnativehelper.so 0x0
10-13 06:25:59.673: D/dalvikvm(5530): No JNI_OnLoad found in libnativehelper.so 0x0, skipping init
10-13 06:25:59.693: D/dalvikvm(5530): Note: class Landroid/app/ActivityManagerNative; has 179 unimplemented (abstract) methods
10-13 06:25:59.813: D/AndroidRuntime(5530): Calling main entry com.android.commands.settings.SettingsCmd
10-13 06:25:59.823: D/AndroidRuntime(5530): Shutting down VM
10-13 06:25:59.823: D/dalvikvm(5530): GC_CONCURRENT freed 96K, 15% free 562K/660K, paused 0ms+0ms, total 2ms
10-13 06:25:59.833: D/dalvikvm(3896): GC_CONCURRENT freed 694K, 4% free 22945K/23668K, paused 4ms+3ms, total 52ms
10-13 06:25:59.833: D/dalvikvm(3896): WAIT_FOR_CONCURRENT_GC blocked 43ms
10-13 06:25:59.923: D/dalvikvm(3896): GC_FOR_ALLOC freed 1476K, 7% free 23374K/24988K, paused 30ms, total 30ms
10-13 06:25:59.953: D/dalvikvm(3896): GC_FOR_ALLOC freed 1434K, 10% free 23147K/25484K, paused 28ms, total 28ms
10-13 06:26:00.053: D/dalvikvm(3896): GC_CONCURRENT freed 1025K, 5% free 24263K/25484K, paused 4ms+3ms, total 44ms
10-13 06:26:00.053: D/dalvikvm(3896): WAIT_FOR_CONCURRENT_GC blocked 24ms
10-13 06:26:00.153: D/dalvikvm(3896): GC_FOR_ALLOC freed 2354K, 10% free 23903K/26508K, paused 44ms, total 44ms
10-13 06:26:00.183: D/dalvikvm(3896): GC_FOR_ALLOC freed 999K, 8% free 24412K/26508K, paused 28ms, total 28ms
10-13 06:26:00.203: D/dalvikvm(3896): GC_FOR_ALLOC freed 1508K, 11% free 23658K/26508K, paused 28ms, total 28ms
10-13 06:26:00.213: I/LocaleChangeIO(3896): Requesting GmsCore restart due to change in locale assets
10-13 06:26:00.213: I/Process(3809): Sending signal. PID: 3809 SIG: 9
10-13 06:26:00.223: I/Process(3896): Sending signal. PID: 3896 SIG: 9
10-13 06:26:00.223: I/Process(3876): Sending signal. PID: 3876 SIG: 9
10-13 06:26:00.223: I/Process(4164): Sending signal. PID: 4164 SIG: 9
10-13 06:26:00.223: I/Process(4273): Sending signal. PID: 4273 SIG: 9
10-13 06:26:00.223: I/Process(4423): Sending signal. PID: 4423 SIG: 9
10-13 06:26:00.233: I/ActivityManager(788): Process com.google.android.gms.persistent (pid 3896) has died.
10-13 06:26:00.233: W/ActivityManager(788): Scheduling restart of crashed service com.google.android.gms/com.google.android.location.internal.PendingIntentCallbackService in 1000ms
10-13 06:26:00.233: W/ActivityManager(788): Scheduling restart of crashed service com.google.android.gms/com.google.android.location.fused.service.FusedProviderService in 1000ms
10-13 06:26:00.233: W/ActivityManager(788): Scheduling restart of crashed service com.google.android.gms/com.google.android.location.network.NetworkLocationService in 11000ms
10-13 06:26:00.243: W/ActivityManager(788): Scheduling restart of crashed service com.google.android.gms/com.google.android.location.geocode.GeocodeService in 20999ms
10-13 06:26:00.243: W/ActivityManager(788): Scheduling restart of crashed service com.google.android.gms/com.google.location.nearby.direct.service.NearbyDirectService in 30999ms
10-13 06:26:00.243: W/ActivityManager(788): Scheduling restart of crashed service com.google.android.gms/com.google.android.location.fused.FusedLocationService in 30999ms
10-13 06:26:00.243: W/ActivityManager(788): Scheduling restart of crashed service com.google.android.gms/com.google.android.contextmanager.service.ContextManagerService in 40999ms
10-13 06:26:00.243: W/ActivityManager(788): Scheduling restart of crashed service com.google.android.gms/.nearby.messages.service.NearbyMessagesService in 50998ms
10-13 06:26:00.243: W/ActivityManager(788): Scheduling restart of crashed service com.google.android.gms/.common.stats.GmsCoreStatsService in 60998ms
10-13 06:26:00.243: W/ActivityManager(788): Scheduling restart of crashed service com.google.android.gms/.deviceconnection.service.DeviceConnectionWatcherService in 70998ms
10-13 06:26:00.243: W/ActivityManager(788): Scheduling restart of crashed service com.google.android.gms/.chimera.PersistentIntentOperationService in 80998ms
10-13 06:26:00.243: W/ActivityManager(788): Scheduling restart of crashed service com.google.android.gms/.clearcut.service.ClearcutLoggerService in 90998ms
10-13 06:26:00.243: W/ActivityManager(788): Scheduling restart of crashed service com.google.android.gms/.chimera.PersistentBoundBrokerService in 100998ms
10-13 06:26:00.243: W/ActivityManager(788): Scheduling restart of crashed service com.google.android.gms/.lockbox.service.LockboxBrokerService in 110998ms
10-13 06:26:00.243: W/ActivityManager(788): Scheduling restart of crashed service com.google.android.gms/com.google.android.location.geofencer.service.GeofenceProviderService in 120998ms
10-13 06:26:00.243: W/ActivityManager(788): Scheduling restart of crashed service com.google.android.gms/.pseudonymous.service.PseudonymousIdService in 130998ms
10-13 06:26:00.243: W/ActivityManager(788): Scheduling restart of crashed service com.google.android.gms/com.google.android.location.internal.GoogleLocationManagerService in 140998ms
10-13 06:26:00.243: W/ActivityManager(788): Scheduling restart of crashed service com.google.android.gms/com.google.android.location.internal.server.GoogleLocationService in 150998ms
10-13 06:26:00.253: I/ActivityManager(788): Process com.google.android.gms.ui (pid 4273) has died.
10-13 06:26:00.253: I/ActivityManager(788): Process com.google.process.gapps (pid 3809) has died.
10-13 06:26:00.253: W/ActivityManager(788): Scheduling restart of crashed service com.google.android.gms/.gcm.GcmService in 160983ms
10-13 06:26:00.253: W/ActivityManager(788): Scheduling restart of crashed service com.google.android.gms/.auth.setup.devicesignals.LockScreenService in 170983ms
10-13 06:26:00.253: W/ActivityManager(788): Scheduling restart of crashed service com.google.android.gms/.auth.proximity.firstparty.SystemMemoryCacheService in 180983ms
10-13 06:26:00.253: W/ActivityManager(788): Scheduling restart of crashed service com.google.android.gms/.auth.account.service.WorkAccountService in 180983ms
10-13 06:26:00.263: I/ActivityManager(788): Process com.google.android.gms.unstable (pid 4164) has died.
10-13 06:26:00.263: I/ActivityManager(788): Process com.google.android.gms.feedback (pid 4423) has died.
10-13 06:26:00.263: I/ActivityManager(788): Process com.google.android.gms (pid 3876) has died.
10-13 06:26:00.273: W/ActivityManager(788): Scheduling restart of crashed service com.google.android.gms/.chimera.GmsIntentOperationService in 90969ms
10-13 06:26:00.273: W/ActivityManager(788): Scheduling restart of crashed service com.google.android.gms/.icing.service.IndexService in 90968ms
10-13 06:26:00.273: W/ActivityManager(788): Scheduling restart of crashed service com.google.android.gms/.icing.service.IndexWorkerService in 100968ms
10-13 06:26:00.293: D/AndroidRuntime(5547): >>>>>> AndroidRuntime START com.android.internal.os.RuntimeInit <<<<<<
10-13 06:26:00.293: D/AndroidRuntime(5547): CheckJNI is OFF
10-13 06:26:00.303: D/dalvikvm(5547): Trying to load lib libjavacore.so 0x0
10-13 06:26:00.303: D/dalvikvm(5547): Added shared lib libjavacore.so 0x0
10-13 06:26:00.303: D/dalvikvm(5547): Trying to load lib libnativehelper.so 0x0
10-13 06:26:00.303: D/dalvikvm(5547): Added shared lib libnativehelper.so 0x0
10-13 06:26:00.303: D/dalvikvm(5547): No JNI_OnLoad found in libnativehelper.so 0x0, skipping init
10-13 06:26:00.323: D/dalvikvm(5547): Note: class Landroid/app/ActivityManagerNative; has 179 unimplemented (abstract) methods
10-13 06:26:00.443: D/AndroidRuntime(5547): Calling main entry com.android.commands.settings.SettingsCmd
10-13 06:26:00.463: D/AndroidRuntime(5547): Shutting down VM
10-13 06:26:00.473: D/dalvikvm(5547): GC_CONCURRENT freed 96K, 16% free 562K/664K, paused 0ms+0ms, total 1ms
10-13 06:26:00.923: D/AndroidRuntime(5578): >>>>>> AndroidRuntime START com.android.internal.os.RuntimeInit <<<<<<
10-13 06:26:00.923: D/AndroidRuntime(5578): CheckJNI is OFF
10-13 06:26:00.933: D/dalvikvm(5578): Trying to load lib libjavacore.so 0x0
10-13 06:26:00.933: D/dalvikvm(5578): Added shared lib libjavacore.so 0x0
10-13 06:26:00.933: D/dalvikvm(5578): Trying to load lib libnativehelper.so 0x0
10-13 06:26:00.933: D/dalvikvm(5578): Added shared lib libnativehelper.so 0x0
10-13 06:26:00.933: D/dalvikvm(5578): No JNI_OnLoad found in libnativehelper.so 0x0, skipping init
10-13 06:26:00.963: D/dalvikvm(5578): Note: class Landroid/app/ActivityManagerNative; has 179 unimplemented (abstract) methods
10-13 06:26:01.073: D/AndroidRuntime(5578): Calling main entry com.android.commands.am.Am
10-13 06:26:01.083: I/ActivityManager(788): START u0 {flg=0x10000000 cmp=com.google.android.apps.mtaas.backdrop/.BackdropActivity} from pid 5578
10-13 06:26:01.143: D/dalvikvm(788): GC_FOR_ALLOC freed 622K, 34% free 23070K/34924K, paused 37ms, total 37ms
10-13 06:26:01.143: I/dalvikvm-heap(788): Grow heap (frag case) to 23.385MB for 856096-byte allocation
10-13 06:26:01.183: D/dalvikvm(788): GC_FOR_ALLOC freed 40K, 34% free 23865K/35764K, paused 36ms, total 36ms
10-13 06:26:01.223: D/dalvikvm(788): GC_FOR_ALLOC freed 14K, 34% free 23851K/35764K, paused 36ms, total 36ms
10-13 06:26:01.223: I/dalvikvm-heap(788): Grow heap (frag case) to 24.148MB for 856096-byte allocation
10-13 06:26:01.253: D/dalvikvm(788): GC_FOR_ALLOC freed 7K, 33% free 24680K/36604K, paused 36ms, total 36ms
10-13 06:26:01.263: D/AndroidRuntime(5578): Shutting down VM
10-13 06:26:01.263: D/dalvikvm(5578): GC_CONCURRENT freed 95K, 15% free 586K/684K, paused 0ms+0ms, total 1ms
10-13 06:26:01.273: I/ActivityManager(788): Start proc com.google.android.apps.mtaas.backdrop for activity com.google.android.apps.mtaas.backdrop/.BackdropActivity: pid=5589 uid=10078 gids={50078}
10-13 06:26:01.273: I/UsageStats(788): Deleting usage file : usage-19710810
10-13 06:26:01.283: I/ActivityManager(788): Start proc com.google.android.gms.persistent for service com.google.android.gms/com.google.android.location.fused.service.FusedProviderService: pid=5600 uid=10007 gids={50007, 3003, 1007, 1028, 1015, 3002, 3001, 3007, 2001, 3006}
10-13 06:26:01.313: I/dalvikvm(5589): Could not find method android.app.Notification$Builder.<init>, referenced from method android.support.v4.app.NotificationCompatBuilder.<init>
10-13 06:26:01.323: W/dalvikvm(5589): VFY: unable to resolve direct method 121: Landroid/app/Notification$Builder;.<init> (Landroid/content/Context;Ljava/lang/String;)V
10-13 06:26:01.323: D/dalvikvm(5589): VFY: replacing opcode 0x70 at 0x0025
10-13 06:26:01.323: I/dalvikvm(5589): Could not find method android.app.Notification$Builder.setLocalOnly, referenced from method android.support.v4.app.NotificationCompatBuilder.<init>
10-13 06:26:01.323: W/dalvikvm(5589): VFY: unable to resolve virtual method 149: Landroid/app/Notification$Builder;.setLocalOnly (Z)Landroid/app/Notification$Builder;
10-13 06:26:01.323: D/dalvikvm(5589): VFY: replacing opcode 0x6e at 0x018f
10-13 06:26:01.323: I/dalvikvm(5589): Could not find method android.app.Notification$Builder.setCategory, referenced from method android.support.v4.app.NotificationCompatBuilder.<init>
10-13 06:26:01.323: W/dalvikvm(5589): VFY: unable to resolve virtual method 129: Landroid/app/Notification$Builder;.setCategory (Ljava/lang/String;)Landroid/app/Notification$Builder;
10-13 06:26:01.323: D/dalvikvm(5589): VFY: replacing opcode 0x6e at 0x01b0
10-13 06:26:01.323: I/dalvikvm(5589): Could not find method android.app.Notification$Builder.setRemoteInputHistory, referenced from method android.support.v4.app.NotificationCompatBuilder.<init>
10-13 06:26:01.323: W/dalvikvm(5589): VFY: unable to resolve virtual method 156: Landroid/app/Notification$Builder;.setRemoteInputHistory ([Ljava/lang/CharSequence;)Landroid/app/Notification$Builder;
10-13 06:26:01.323: D/dalvikvm(5589): VFY: replacing opcode 0x6e at 0x01fa
10-13 06:26:01.323: I/dalvikvm(5589): Could not find method android.app.Notification$Builder.setBadgeIconType, referenced from method android.support.v4.app.NotificationCompatBuilder.<init>
10-13 06:26:01.323: W/dalvikvm(5589): VFY: unable to resolve virtual method 128: Landroid/app/Notification$Builder;.setBadgeIconType (I)Landroid/app/Notification$Builder;
10-13 06:26:01.323: D/dalvikvm(5589): VFY: replacing opcode 0x6e at 0x0226
10-13 06:26:01.323: E/dalvikvm(5589): Could not find class 'android.app.Notification$Action$Builder', referenced from method android.support.v4.app.NotificationCompatBuilder.addAction
10-13 06:26:01.323: W/dalvikvm(5589): VFY: unable to resolve new-instance 27 (Landroid/app/Notification$Action$Builder;) in Landroid/support/v4/app/NotificationCompatBuilder;
10-13 06:26:01.323: D/dalvikvm(5589): VFY: replacing opcode 0x22 at 0x0006
10-13 06:26:01.323: D/dalvikvm(5589): DexOpt: couldn't find field Landroid/app/Notification;.headsUpContentView
10-13 06:26:01.323: W/dalvikvm(5589): VFY: unable to resolve instance field 13
10-13 06:26:01.323: D/dalvikvm(5589): VFY: replacing opcode 0x5b at 0x0039
10-13 06:26:01.323: I/dalvikvm(5589): Could not find method android.app.Notification.getGroup, referenced from method android.support.v4.app.NotificationCompatBuilder.buildInternal
10-13 06:26:01.323: W/dalvikvm(5589): VFY: unable to resolve virtual method 188: Landroid/app/Notification;.getGroup ()Ljava/lang/String;
10-13 06:26:01.323: D/dalvikvm(5589): VFY: replacing opcode 0x6e at 0x001f
10-13 06:26:01.323: D/dalvikvm(5589): DexOpt: couldn't find field Landroid/app/Notification;.headsUpContentView
10-13 06:26:01.323: W/dalvikvm(5589): VFY: unable to resolve instance field 13
10-13 06:26:01.323: D/dalvikvm(5589): VFY: replacing opcode 0x5b at 0x006f
10-13 06:26:01.323: I/dalvikvm(5589): Could not find method android.app.Notification.getGroup, referenced from method android.support.v4.app.NotificationCompatBuilder.buildInternal
10-13 06:26:01.323: W/dalvikvm(5589): VFY: unable to resolve virtual method 188: Landroid/app/Notification;.getGroup ()Ljava/lang/String;
10-13 06:26:01.323: D/dalvikvm(5589): VFY: replacing opcode 0x6e at 0x0075
10-13 06:26:01.323: I/dalvikvm(5589): Could not find method android.app.Notification.getGroup, referenced from method android.support.v4.app.NotificationCompatBuilder.buildInternal
10-13 06:26:01.323: W/dalvikvm(5589): VFY: unable to resolve virtual method 188: Landroid/app/Notification;.getGroup ()Ljava/lang/String;
10-13 06:26:01.323: D/dalvikvm(5589): VFY: replacing opcode 0x6e at 0x00c4
10-13 06:26:01.323: D/dalvikvm(5589): DexOpt: unable to opt direct call 0x0067 at 0x14 in Landroid/support/v4/app/NotificationCompatBuilder;.addAction
10-13 06:26:01.373: W/dalvikvm(5600): VFY: unable to resolve static field 332 (PR_SET_DUMPABLE) in Landroid/system/OsConstants;
10-13 06:26:01.373: D/dalvikvm(5600): VFY: replacing opcode 0x60 at 0x0009
10-13 06:26:01.373: I/dalvikvm(5600): Could not find method android.content.Context.getSystemService, referenced from method ni.a
10-13 06:26:01.383: W/dalvikvm(5600): VFY: unable to resolve virtual method 715: Landroid/content/Context;.getSystemService (Ljava/lang/Class;)Ljava/lang/Object;
10-13 06:26:01.383: D/dalvikvm(5600): VFY: replacing opcode 0x6e at 0x0008
10-13 06:26:01.383: I/dalvikvm(5600): Could not find method android.content.Context.createDeviceProtectedStorageContext, referenced from method iyb.a
10-13 06:26:01.383: W/dalvikvm(5600): VFY: unable to resolve virtual method 689: Landroid/content/Context;.createDeviceProtectedStorageContext ()Landroid/content/Context;
10-13 06:26:01.383: D/dalvikvm(5600): VFY: replacing opcode 0x6e at 0x0029
10-13 06:26:01.383: I/dalvikvm(5600): Could not find method android.content.Context.getSystemService, referenced from method iyb.b
10-13 06:26:01.383: W/dalvikvm(5600): VFY: unable to resolve virtual method 715: Landroid/content/Context;.getSystemService (Ljava/lang/Class;)Ljava/lang/Object;
10-13 06:26:01.383: D/dalvikvm(5600): VFY: replacing opcode 0x6e at 0x000b
10-13 06:26:01.383: I/dalvikvm(5600): Could not find method android.content.Context.isDeviceProtectedStorage, referenced from method xtv.a
10-13 06:26:01.383: W/dalvikvm(5600): VFY: unable to resolve virtual method 720: Landroid/content/Context;.isDeviceProtectedStorage ()Z
10-13 06:26:01.383: D/dalvikvm(5600): VFY: replacing opcode 0x6e at 0x0009
10-13 06:26:01.383: I/dalvikvm(5600): Could not find method android.content.Context.isDeviceProtectedStorage, referenced from method xtv.c
10-13 06:26:01.383: W/dalvikvm(5600): VFY: unable to resolve virtual method 720: Landroid/content/Context;.isDeviceProtectedStorage ()Z
10-13 06:26:01.383: D/dalvikvm(5600): VFY: replacing opcode 0x6e at 0x0063
10-13 06:26:01.383: I/dalvikvm(5600): Could not find method android.os.PowerManager.isInteractive, referenced from method ivo.a
10-13 06:26:01.383: W/dalvikvm(5600): VFY: unable to resolve virtual method 1266: Landroid/os/PowerManager;.isInteractive ()Z
10-13 06:26:01.383: D/dalvikvm(5600): VFY: replacing opcode 0x6e at 0x0012
10-13 06:26:01.383: I/dalvikvm(5600): Could not find method android.content.ContextWrapper.createCredentialProtectedStorageContext, referenced from method com.google.android.chimera.ModuleContext.createCredentialProtectedStorageContext
10-13 06:26:01.383: W/dalvikvm(5600): VFY: unable to resolve virtual method 738: Landroid/content/ContextWrapper;.createCredentialProtectedStorageContext ()Landroid/content/Context;
10-13 06:26:01.383: D/dalvikvm(5600): VFY: replacing opcode 0x6f at 0x0002
10-13 06:26:01.383: I/dalvikvm(5600): Could not find method android.content.ContextWrapper.createDeviceProtectedStorageContext, referenced from method com.google.android.chimera.ModuleContext.createDeviceProtectedStorageContext
10-13 06:26:01.383: W/dalvikvm(5600): VFY: unable to resolve virtual method 739: Landroid/content/ContextWrapper;.createDeviceProtectedStorageContext ()Landroid/content/Context;
10-13 06:26:01.383: D/dalvikvm(5600): VFY: replacing opcode 0x6f at 0x0002
10-13 06:26:01.383: I/dalvikvm(5600): Could not find method android.content.Context.isCredentialProtectedStorage, referenced from method buu.a
10-13 06:26:01.383: W/dalvikvm(5600): VFY: unable to resolve virtual method 719: Landroid/content/Context;.isCredentialProtectedStorage ()Z
10-13 06:26:01.383: D/dalvikvm(5600): VFY: replacing opcode 0x6e at 0x0000
10-13 06:26:01.383: I/dalvikvm(5600): Could not find method android.os.UserManager.isUserUnlocked, referenced from method buu.a
10-13 06:26:01.383: W/dalvikvm(5600): VFY: unable to resolve virtual method 1312: Landroid/os/UserManager;.isUserUnlocked ()Z
10-13 06:26:01.383: D/dalvikvm(5600): VFY: replacing opcode 0x6e at 0x001a
10-13 06:26:01.383: I/dalvikvm(5600): Could not find method android.content.Context.isDeviceProtectedStorage, referenced from method buu.b
10-13 06:26:01.383: W/dalvikvm(5600): VFY: unable to resolve virtual method 720: Landroid/content/Context;.isDeviceProtectedStorage ()Z
10-13 06:26:01.383: D/dalvikvm(5600): VFY: replacing opcode 0x6e at 0x0000
10-13 06:26:01.383: I/dalvikvm(5600): Could not find method android.content.Context.isDeviceProtectedStorage, referenced from method buu.c
10-13 06:26:01.383: W/dalvikvm(5600): VFY: unable to resolve virtual method 720: Landroid/content/Context;.isDeviceProtectedStorage ()Z
10-13 06:26:01.383: D/dalvikvm(5600): VFY: replacing opcode 0x6e at 0x0000
10-13 06:26:01.383: I/MultiDex(5600): VM with version 1.6.0 does not have multidex support
10-13 06:26:01.383: I/MultiDex(5600): install
10-13 06:26:01.383: I/MultiDex(5600): MultiDexExtractor.load(/data/app/com.google.android.gms-1.apk, false)
10-13 06:26:01.393: I/MultiDex(5600): Blocking on lock /data/data/com.google.android.gms/code_cache/secondary-dexes/MultiDex.lock
10-13 06:26:01.393: I/MultiDex(5600): /data/data/com.google.android.gms/code_cache/secondary-dexes/MultiDex.lock locked
10-13 06:26:01.393: I/MultiDex(5600): loading existing secondary dex files
10-13 06:26:01.403: I/MultiDex(5600): load found 4 secondary dex files
10-13 06:26:01.403: I/ActivityManager(788): Start proc com.google.process.gapps for content provider com.google.android.gsf/.gservices.GservicesProvider: pid=5625 uid=10007 gids={50007, 3003, 1007, 1028, 1015, 3002, 3001, 3007, 2001, 3006}
10-13 06:26:01.413: I/MultiDex(5600): install done
10-13 06:26:01.413: D/dalvikvm(182): GC_EXPLICIT freed 42K, 1% free 16695K/16768K, paused 1ms+2ms, total 18ms
10-13 06:26:01.433: D/dalvikvm(182): GC_EXPLICIT freed <1K, 1% free 16695K/16768K, paused 1ms+2ms, total 15ms
10-13 06:26:01.443: D/dalvikvm(182): GC_EXPLICIT freed <1K, 1% free 16695K/16768K, paused 1ms+2ms, total 14ms
10-13 06:26:01.453: D/dalvikvm(5600): GC_CONCURRENT freed 291K, 2% free 16816K/17136K, paused 6ms+1ms, total 30ms
10-13 06:26:01.453: I/dalvikvm(5600): Could not find method android.content.Context.isDeviceProtectedStorage, referenced from method jrg.d
10-13 06:26:01.453: W/dalvikvm(5600): VFY: unable to resolve virtual method 720: Landroid/content/Context;.isDeviceProtectedStorage ()Z
10-13 06:26:01.453: D/dalvikvm(5600): VFY: replacing opcode 0x6e at 0x0006
10-13 06:26:01.453: I/dalvikvm(5600): Could not find method android.os.UserHandle.isOwner, referenced from method jrg.h
10-13 06:26:01.453: W/dalvikvm(5600): VFY: unable to resolve virtual method 1305: Landroid/os/UserHandle;.isOwner ()Z
10-13 06:26:01.453: D/dalvikvm(5600): VFY: replacing opcode 0x6e at 0x000a
10-13 06:26:01.473: I/GservicesProvider(5625): Gservices pushing to system: true; secure/global: true
10-13 06:26:01.513: D/dalvikvm(5625): GC_CONCURRENT freed 224K, 2% free 16877K/17132K, paused 2ms+1ms, total 17ms
10-13 06:26:01.583: D/dalvikvm(5625): GC_CONCURRENT freed 131K, 1% free 17209K/17372K, paused 2ms+1ms, total 12ms
10-13 06:26:01.613: W/dalvikvm(5625): VFY: unable to resolve static field 332 (PR_SET_DUMPABLE) in Landroid/system/OsConstants;
10-13 06:26:01.613: D/dalvikvm(5625): VFY: replacing opcode 0x60 at 0x0009
10-13 06:26:01.623: I/BackdropActivity(5589): android_id: 4310653168757700720
10-13 06:26:01.623: I/dalvikvm(5625): Could not find method android.content.Context.getSystemService, referenced from method ni.a
10-13 06:26:01.623: W/dalvikvm(5625): VFY: unable to resolve virtual method 715: Landroid/content/Context;.getSystemService (Ljava/lang/Class;)Ljava/lang/Object;
10-13 06:26:01.623: D/dalvikvm(5625): VFY: replacing opcode 0x6e at 0x0008
10-13 06:26:01.623: I/dalvikvm(5625): Could not find method android.content.Context.createDeviceProtectedStorageContext, referenced from method iyb.a
10-13 06:26:01.623: W/dalvikvm(5625): VFY: unable to resolve virtual method 689: Landroid/content/Context;.createDeviceProtectedStorageContext ()Landroid/content/Context;
10-13 06:26:01.623: D/dalvikvm(5625): VFY: replacing opcode 0x6e at 0x0029
10-13 06:26:01.623: I/dalvikvm(5625): Could not find method android.content.Context.getSystemService, referenced from method iyb.b
10-13 06:26:01.623: W/dalvikvm(5625): VFY: unable to resolve virtual method 715: Landroid/content/Context;.getSystemService (Ljava/lang/Class;)Ljava/lang/Object;
10-13 06:26:01.623: D/dalvikvm(5625): VFY: replacing opcode 0x6e at 0x000b
10-13 06:26:01.623: I/dalvikvm(5625): Could not find method android.content.Context.isDeviceProtectedStorage, referenced from method xtv.a
10-13 06:26:01.623: W/dalvikvm(5625): VFY: unable to resolve virtual method 720: Landroid/content/Context;.isDeviceProtectedStorage ()Z
10-13 06:26:01.623: D/dalvikvm(5625): VFY: replacing opcode 0x6e at 0x0009
10-13 06:26:01.623: I/dalvikvm(5625): Could not find method android.content.Context.isDeviceProtectedStorage, referenced from method xtv.c
10-13 06:26:01.623: W/dalvikvm(5625): VFY: unable to resolve virtual method 720: Landroid/content/Context;.isDeviceProtectedStorage ()Z
10-13 06:26:01.623: D/dalvikvm(5625): VFY: replacing opcode 0x6e at 0x0063
10-13 06:26:01.623: I/dalvikvm(5625): Could not find method android.os.PowerManager.isInteractive, referenced from method ivo.a
10-13 06:26:01.623: W/dalvikvm(5625): VFY: unable to resolve virtual method 1266: Landroid/os/PowerManager;.isInteractive ()Z
10-13 06:26:01.623: D/dalvikvm(5625): VFY: replacing opcode 0x6e at 0x0012
10-13 06:26:01.623: I/dalvikvm(5625): Could not find method android.content.ContextWrapper.createCredentialProtectedStorageContext, referenced from method com.google.android.chimera.ModuleContext.createCredentialProtectedStorageContext
10-13 06:26:01.623: W/dalvikvm(5625): VFY: unable to resolve virtual method 738: Landroid/content/ContextWrapper;.createCredentialProtectedStorageContext ()Landroid/content/Context;
10-13 06:26:01.623: D/dalvikvm(5625): VFY: replacing opcode 0x6f at 0x0002
10-13 06:26:01.623: I/dalvikvm(5625): Could not find method android.content.ContextWrapper.createDeviceProtectedStorageContext, referenced from method com.google.android.chimera.ModuleContext.createDeviceProtectedStorageContext
10-13 06:26:01.623: W/dalvikvm(5625): VFY: unable to resolve virtual method 739: Landroid/content/ContextWrapper;.createDeviceProtectedStorageContext ()Landroid/content/Context;
10-13 06:26:01.623: D/dalvikvm(5625): VFY: replacing opcode 0x6f at 0x0002
10-13 06:26:01.623: I/dalvikvm(5625): Could not find method android.content.Context.isCredentialProtectedStorage, referenced from method buu.a
10-13 06:26:01.623: W/dalvikvm(5625): VFY: unable to resolve virtual method 719: Landroid/content/Context;.isCredentialProtectedStorage ()Z
10-13 06:26:01.633: D/dalvikvm(5625): VFY: replacing opcode 0x6e at 0x0000
10-13 06:26:01.633: I/dalvikvm(5625): Could not find method android.os.UserManager.isUserUnlocked, referenced from method buu.a
10-13 06:26:01.633: W/dalvikvm(5625): VFY: unable to resolve virtual method 1312: Landroid/os/UserManager;.isUserUnlocked ()Z
10-13 06:26:01.633: D/dalvikvm(5625): VFY: replacing opcode 0x6e at 0x001a
10-13 06:26:01.633: I/dalvikvm(5625): Could not find method android.content.Context.isDeviceProtectedStorage, referenced from method buu.b
10-13 06:26:01.633: I/dalvikvm(5600): Could not find method android.content.pm.PackageManager.isInstantApp, referenced from method jwv.a
10-13 06:26:01.633: W/dalvikvm(5600): VFY: unable to resolve virtual method 836: Landroid/content/pm/PackageManager;.isInstantApp (Ljava/lang/String;)Z
10-13 06:26:01.633: D/dalvikvm(5600): VFY: replacing opcode 0x6e at 0x002d
10-13 06:26:01.633: W/dalvikvm(5625): VFY: unable to resolve virtual method 720: Landroid/content/Context;.isDeviceProtectedStorage ()Z
10-13 06:26:01.633: D/dalvikvm(5625): VFY: replacing opcode 0x6e at 0x0000
10-13 06:26:01.633: I/dalvikvm(5625): Could not find method android.content.Context.isDeviceProtectedStorage, referenced from method buu.c
10-13 06:26:01.633: W/dalvikvm(5625): VFY: unable to resolve virtual method 720: Landroid/content/Context;.isDeviceProtectedStorage ()Z
10-13 06:26:01.633: D/dalvikvm(5625): VFY: replacing opcode 0x6e at 0x0000
10-13 06:26:01.633: I/MultiDex(5625): VM with version 1.6.0 does not have multidex support
10-13 06:26:01.633: I/MultiDex(5625): install
10-13 06:26:01.633: I/MultiDex(5625): MultiDexExtractor.load(/data/app/com.google.android.gms-1.apk, false)
10-13 06:26:01.633: I/dalvikvm(5600): Could not find method android.content.ContextWrapper.createCredentialProtectedStorageContext, referenced from method jjp.createCredentialProtectedStorageContext
10-13 06:26:01.633: W/dalvikvm(5600): VFY: unable to resolve virtual method 738: Landroid/content/ContextWrapper;.createCredentialProtectedStorageContext ()Landroid/content/Context;
10-13 06:26:01.633: D/dalvikvm(5600): VFY: replacing opcode 0x6f at 0x0002
10-13 06:26:01.633: I/dalvikvm(5600): Could not find method android.content.ContextWrapper.createDeviceProtectedStorageContext, referenced from method jjp.createDeviceProtectedStorageContext
10-13 06:26:01.633: W/dalvikvm(5600): VFY: unable to resolve virtual method 739: Landroid/content/ContextWrapper;.createDeviceProtectedStorageContext ()Landroid/content/Context;
10-13 06:26:01.633: D/dalvikvm(5600): VFY: replacing opcode 0x6f at 0x0002
10-13 06:26:01.633: I/MultiDex(5625): Blocking on lock /data/data/com.google.android.gms/code_cache/secondary-dexes/MultiDex.lock
10-13 06:26:01.633: I/MultiDex(5625): /data/data/com.google.android.gms/code_cache/secondary-dexes/MultiDex.lock locked
10-13 06:26:01.643: I/MultiDex(5625): loading existing secondary dex files
10-13 06:26:01.643: D/dalvikvm(5600): DexOpt: couldn't find static field Landroid/os/Build;.SUPPORTED_ABIS
10-13 06:26:01.643: W/dalvikvm(5600): VFY: unable to resolve static field 313 (SUPPORTED_ABIS) in Landroid/os/Build;
10-13 06:26:01.643: D/dalvikvm(5600): VFY: replacing opcode 0x62 at 0x0008
10-13 06:26:01.643: D/dalvikvm(5600): DexOpt: couldn't find static field Landroid/os/Build;.SUPPORTED_ABIS
10-13 06:26:01.643: W/dalvikvm(5600): VFY: unable to resolve static field 313 (SUPPORTED_ABIS) in Landroid/os/Build;
10-13 06:26:01.643: D/dalvikvm(5600): VFY: replacing opcode 0x62 at 0x0097
10-13 06:26:01.643: I/MultiDex(5625): load found 4 secondary dex files
10-13 06:26:01.643: D/dalvikvm(5600): DexOpt: couldn't find field Landroid/content/pm/ApplicationInfo;.splitSourceDirs
10-13 06:26:01.643: W/dalvikvm(5600): VFY: unable to resolve instance field 243
10-13 06:26:01.643: D/dalvikvm(5600): VFY: replacing opcode 0x54 at 0x0053
10-13 06:26:01.653: D/dalvikvm(5600): DexOpt: couldn't find field Landroid/content/pm/ApplicationInfo;.splitSourceDirs
10-13 06:26:01.653: I/dalvikvm(5600): DexOpt: unable to optimize instance field ref 0x00f3 at 0x57 in Ljtk;.d
10-13 06:26:01.653: D/dalvikvm(5600): Trying to load lib /data/app-lib/com.google.android.gms-1/libgmscore.so 0x4269f420
10-13 06:26:01.653: D/dalvikvm(5600): Added shared lib /data/app-lib/com.google.android.gms-1/libgmscore.so 0x4269f420
10-13 06:26:01.653: D/dalvikvm(5600): No JNI_OnLoad found in /data/app-lib/com.google.android.gms-1/libgmscore.so 0x4269f420, skipping init
10-13 06:26:01.653: I/MultiDex(5625): install done
10-13 06:26:01.653: D/dalvikvm(5600): Trying to load lib /data/app-lib/com.google.android.gms-1/libconscrypt_gmscore_jni.so 0x4269f420
10-13 06:26:01.653: D/dalvikvm(5600): Added shared lib /data/app-lib/com.google.android.gms-1/libconscrypt_gmscore_jni.so 0x4269f420
10-13 06:26:01.653: V/NativeCrypto(5600): Registering com/google/android/gms/org/conscrypt/NativeCrypto's 259 native methods...
10-13 06:26:01.653: E/dalvikvm(5600): Could not find class 'javax.net.ssl.SNIServerName', referenced from method com.google.android.gms.org.conscrypt.Platform.getSniHostnameFromParams
10-13 06:26:01.653: W/dalvikvm(5600): VFY: unable to resolve check-cast 3056 (Ljavax/net/ssl/SNIServerName;) in Lcom/google/android/gms/org/conscrypt/Platform;
10-13 06:26:01.653: D/dalvikvm(5600): VFY: replacing opcode 0x1f at 0x0025
10-13 06:26:01.663: E/dalvikvm(5600): Could not find class 'javax.net.ssl.SNIHostName', referenced from method com.google.android.gms.org.conscrypt.Platform.setParametersSniHostname
10-13 06:26:01.663: W/dalvikvm(5600): VFY: unable to resolve new-instance 3055 (Ljavax/net/ssl/SNIHostName;) in Lcom/google/android/gms/org/conscrypt/Platform;
10-13 06:26:01.663: D/dalvikvm(5600): VFY: replacing opcode 0x22 at 0x0024
10-13 06:26:01.663: I/dalvikvm(5625): Could not find method android.content.Context.isDeviceProtectedStorage, referenced from method jrg.d
10-13 06:26:01.663: W/dalvikvm(5625): VFY: unable to resolve virtual method 720: Landroid/content/Context;.isDeviceProtectedStorage ()Z
10-13 06:26:01.663: D/dalvikvm(5625): VFY: replacing opcode 0x6e at 0x0006
10-13 06:26:01.663: D/dalvikvm(5625): GC_CONCURRENT freed 268K, 2% free 17372K/17676K, paused 2ms+2ms, total 16ms
10-13 06:26:01.663: I/dalvikvm(5625): Could not find method android.os.UserHandle.isOwner, referenced from method jrg.h
10-13 06:26:01.663: W/dalvikvm(5625): VFY: unable to resolve virtual method 1305: Landroid/os/UserHandle;.isOwner ()Z
10-13 06:26:01.663: D/dalvikvm(5625): VFY: replacing opcode 0x6e at 0x000a
10-13 06:26:01.663: E/dalvikvm(5600): Could not find class 'javax.net.ssl.SNIHostName', referenced from method com.google.android.gms.org.conscrypt.Platform.setParametersSniHostname
10-13 06:26:01.663: W/dalvikvm(5600): VFY: unable to resolve new-instance 3055 (Ljavax/net/ssl/SNIHostName;) in Lcom/google/android/gms/org/conscrypt/Platform;
10-13 06:26:01.663: D/dalvikvm(5600): VFY: replacing opcode 0x22 at 0x0024
10-13 06:26:01.663: W/dalvikvm(5600): Unable to resolve superclass of Lcom/google/android/gms/org/conscrypt/OpenSSLExtendedSessionImpl; (3046)
10-13 06:26:01.663: W/dalvikvm(5600): Link of class 'Lcom/google/android/gms/org/conscrypt/OpenSSLExtendedSessionImpl;' failed
10-13 06:26:01.663: E/dalvikvm(5600): Could not find class 'com.google.android.gms.org.conscrypt.OpenSSLExtendedSessionImpl', referenced from method com.google.android.gms.org.conscrypt.Platform.unwrapSSLSession
10-13 06:26:01.663: W/dalvikvm(5600): VFY: unable to resolve instanceof 1717 (Lcom/google/android/gms/org/conscrypt/OpenSSLExtendedSessionImpl;) in Lcom/google/android/gms/org/conscrypt/Platform;
10-13 06:26:01.663: D/dalvikvm(5600): VFY: replacing opcode 0x20 at 0x0007
10-13 06:26:01.673: W/dalvikvm(5600): Unable to resolve superclass of Lcom/google/android/gms/org/conscrypt/OpenSSLExtendedSessionImpl; (3046)
10-13 06:26:01.673: W/dalvikvm(5600): Link of class 'Lcom/google/android/gms/org/conscrypt/OpenSSLExtendedSessionImpl;' failed
10-13 06:26:01.673: E/dalvikvm(5600): Could not find class 'com.google.android.gms.org.conscrypt.OpenSSLExtendedSessionImpl', referenced from method com.google.android.gms.org.conscrypt.Platform.wrapSSLSession
10-13 06:26:01.673: W/dalvikvm(5600): VFY: unable to resolve new-instance 1717 (Lcom/google/android/gms/org/conscrypt/OpenSSLExtendedSessionImpl;) in Lcom/google/android/gms/org/conscrypt/Platform;
10-13 06:26:01.673: D/dalvikvm(5600): VFY: replacing opcode 0x22 at 0x0007
10-13 06:26:01.673: I/dalvikvm(5625): Could not find method android.content.pm.PackageManager.isInstantApp, referenced from method jwv.a
10-13 06:26:01.673: W/dalvikvm(5625): VFY: unable to resolve virtual method 836: Landroid/content/pm/PackageManager;.isInstantApp (Ljava/lang/String;)Z
10-13 06:26:01.673: D/dalvikvm(5625): VFY: replacing opcode 0x6e at 0x002d
10-13 06:26:01.673: D/dalvikvm(5600): DexOpt: unable to opt direct call 0x3b63 at 0x2a in Lcom/google/android/gms/org/conscrypt/Platform;.setParametersSniHostname
10-13 06:26:01.673: D/dalvikvm(5600): DexOpt: unable to opt direct call 0x3b63 at 0x2a in Lcom/google/android/gms/org/conscrypt/Platform;.setParametersSniHostname
10-13 06:26:01.673: W/dalvikvm(5600): Unable to resolve superclass of Lcom/google/android/gms/org/conscrypt/OpenSSLExtendedSessionImpl; (3046)
