10-13 06:25:00.680: E/ConfigFileUtils(20308): Failed to read config file: /data/data/com.google.android.gms/app_chimera/current_modulesets.pb: open failed: ENOENT (No such file or directory)
10-13 06:25:00.726: I/SystemUpdateTask(20308): cancelUpdate (empty URL)
10-13 06:25:00.726: I/CmaSystemUpdateService(20308): active receiver: disabled
10-13 06:25:00.772: D/DrmWidevineDash(296): OEMCrypto_GenerateRSASignature returns 0
10-13 06:25:00.780: I/WVCdm(296): CdmEngine::CloseSession
10-13 06:25:00.780: D/DrmWidevineDash(296): calling OEMCrypto_CloseSession. SID = 1
10-13 06:25:00.780: D/DrmWidevineDash(296): OEMCrypto_CloseSession returns 0
10-13 06:25:00.795: D/dalvikvm(21173): GC_CONCURRENT freed 2781K, 26% free 12884K/17188K, paused 2ms+28ms, total 62ms
10-13 06:25:00.805: I/Adreno-EGL(21173): <qeglDrvAPI_eglInitialize:410>: EGL 1.4 QUALCOMM build: RGURRAM_AU_LINUX_ANDROID_LNX.LA.3.5.1_RB1.04.04.02.048.056+PATCH[ES]_msm8226_LNX.LA.3.5.1_RB1__release_ENGG ()
10-13 06:25:00.805: I/Adreno-EGL(21173): OpenGL ES Shader Compiler Version: E031.24.00.15
10-13 06:25:00.805: I/Adreno-EGL(21173): Build Date: 05/27/14 Tue
10-13 06:25:00.805: I/Adreno-EGL(21173): Local Branch: 
10-13 06:25:00.805: I/Adreno-EGL(21173): Remote Branch: quic/LNX.LA.3.5.1_RB1.2
10-13 06:25:00.805: I/Adreno-EGL(21173): Local Patches: f0931b5dfb60c536e5444f9053822ad191929528 ES2.0: Fix for seg fault in VBO validation
10-13 06:25:00.805: I/Adreno-EGL(21173):                  0c6f7c995c347b2eb54a9baa340cab69ba279634 es20: Remove extra-logging info
10-13 06:25:00.805: I/Adreno-EGL(21173): Reconstruct Branch: AU_LINUX_ANDROID_LNX.LA.3.5.1_RB1.04.04
10-13 06:25:00.822: I/PackageManager(1036): Running dexopt on: org.gnucash.android
10-13 06:25:00.846: I/Adreno-EGL(21173): <qeglDrvAPI_eglInitialize:410>: EGL 1.4 QUALCOMM build: RGURRAM_AU_LINUX_ANDROID_LNX.LA.3.5.1_RB1.04.04.02.048.056+PATCH[ES]_msm8226_LNX.LA.3.5.1_RB1__release_ENGG ()
10-13 06:25:00.846: I/Adreno-EGL(21173): OpenGL ES Shader Compiler Version: E031.24.00.15
10-13 06:25:00.846: I/Adreno-EGL(21173): Build Date: 05/27/14 Tue
10-13 06:25:00.846: I/Adreno-EGL(21173): Local Branch: 
10-13 06:25:00.846: I/Adreno-EGL(21173): Remote Branch: quic/LNX.LA.3.5.1_RB1.2
10-13 06:25:00.846: I/Adreno-EGL(21173): Local Patches: f0931b5dfb60c536e5444f9053822ad191929528 ES2.0: Fix for seg fault in VBO validation
10-13 06:25:00.846: I/Adreno-EGL(21173):                  0c6f7c995c347b2eb54a9baa340cab69ba279634 es20: Remove extra-logging info
10-13 06:25:00.846: I/Adreno-EGL(21173): Reconstruct Branch: AU_LINUX_ANDROID_LNX.LA.3.5.1_RB1.04.04
10-13 06:25:01.043: I/CheckinUtil(20308): Classify the device as Phone.
10-13 06:25:01.058: D/WifiStateMachine(1036): handleMessage: E msg.what=151572
10-13 06:25:01.058: D/WifiStateMachine(1036): processMsg: ConnectedState
10-13 06:25:01.058: D/WifiStateMachine(1036): processMsg: L2ConnectedState
10-13 06:25:01.082: D/WifiStateMachine(1036): handleMessage: X
10-13 06:25:01.086: W/System(20308): Ignoring header Cookie because its value was null.
10-13 06:25:01.087: I/ProcessCheckinRequest(20308): set cookie as: null
10-13 06:25:01.221: W/Conscrypt(20308): Could not set socket write timeout:
10-13 06:25:01.221: W/Conscrypt(20308):    java.lang.reflect.Method.invokeNative(Native Method)
10-13 06:25:01.221: W/Conscrypt(20308):    java.lang.reflect.Method.invoke(Method.java:515)
10-13 06:25:01.252: D/dalvikvm(20308): GC_CONCURRENT freed 1960K, 21% free 13716K/17188K, paused 4ms+4ms, total 40ms
10-13 06:25:01.259: W/Conscrypt(20308): Could not set socket write timeout:
10-13 06:25:01.259: W/Conscrypt(20308):    java.lang.reflect.Method.invokeNative(Native Method)
10-13 06:25:01.259: W/Conscrypt(20308):    java.lang.reflect.Method.invoke(Method.java:515)
10-13 06:25:01.375: I/ProcessCheckinRequest(20308): REQUEST: b: "359298058970838"
10-13 06:25:01.375: I/ProcessCheckinRequest(20308): c: "24da9b473b6a"
10-13 06:25:01.375: I/ProcessCheckinRequest(20308): d: "wifi"
10-13 06:25:01.375: I/ProcessCheckinRequest(20308): e: "ZX1D52RRCM"
10-13 06:25:01.375: I/ProcessCheckinRequest(20308): g: 3875268999241921038
10-13 06:25:01.375: I/ProcessCheckinRequest(20308): h: 4207357065778025141
10-13 06:25:01.375: I/ProcessCheckinRequest(20308): i: "1-7c00f00ac9e5f8ea797e53b44c10162f0c44c508"
10-13 06:25:01.375: I/ProcessCheckinRequest(20308): j: "es"
10-13 06:25:01.375: I/ProcessCheckinRequest(20308): k <
10-13 06:25:01.375: I/ProcessCheckinRequest(20308):   a <
10-13 06:25:01.375: I/ProcessCheckinRequest(20308):     a: "motorola/titan_retuaws/titan_umts:4.4.4/KXB21.85-17/23:user/release-keys"
10-13 06:25:01.375: I/ProcessCheckinRequest(20308):     b: "MSM8626BP_1032.3112.97.00R, RETUSA_AWS_CUST"
10-13 06:25:01.375: I/ProcessCheckinRequest(20308):     c: "0x4886"
10-13 06:25:01.375: I/ProcessCheckinRequest(20308):     d: "qcom"
10-13 06:25:01.375: I/ProcessCheckinRequest(20308):     e: "motorola"
10-13 06:25:01.375: I/ProcessCheckinRequest(20308):     f: "android-motorola"
10-13 06:25:01.375: I/ProcessCheckinRequest(20308):     g: 1406235203
10-13 06:25:01.375: I/ProcessCheckinRequest(20308):     h: 11509030
10-13 06:25:01.375: I/ProcessCheckinRequest(20308):     i: 19
10-13 06:25:01.375: I/ProcessCheckinRequest(20308):     j: "titan_umts"
10-13 06:25:01.375: I/ProcessCheckinRequest(20308):     k: "XT1064"
10-13 06:25:01.375: I/ProcessCheckinRequest(20308):     l: "motorola"
10-13 06:25:01.375: I/ProcessCheckinRequest(20308):     m: "titan_retuaws"
10-13 06:25:01.375: I/ProcessCheckinRequest(20308):     n: false
10-13 06:25:01.375: I/ProcessCheckinRequest(20308):     o <
10-13 06:25:01.375: I/ProcessCheckinRequest(20308):       a: 2
10-13 06:25:01.375: I/ProcessCheckinRequest(20308):       b: "ms-android-motorola"
10-13 06:25:01.375: I/ProcessCheckinRequest(20308):     >
10-13 06:25:01.375: I/ProcessCheckinRequest(20308):     o <
10-13 06:25:01.375: I/ProcessCheckinRequest(20308):       a: 4
10-13 06:25:01.375: I/ProcessCheckinRequest(20308):       b: "gmm-android-motorola"
10-13 06:25:01.375: I/ProcessCheckinRequest(20308):     >
10-13 06:25:01.375: I/ProcessCheckinRequest(20308):     o <
10-13 06:25:01.375: I/ProcessCheckinRequest(20308):       a: 6
10-13 06:25:01.375: I/ProcessCheckinRequest(20308):       b: "am-android-motorola"
10-13 06:25:01.375: I/ProcessCheckinRequest(20308):     >
10-13 06:25:01.375: I/ProcessCheckinRequest(20308):     o <
10-13 06:25:01.375: I/ProcessCheckinRequest(20308):       a: 1
10-13 06:25:01.375: I/ProcessCheckinRequest(20308):       b: "android-motorola"
10-13 06:25:01.375: I/ProcessCheckinRequest(20308):     >
10-13 06:25:01.375: I/ProcessCheckinRequest(20308):     o <
10-13 06:25:01.375: I/ProcessCheckinRequest(20308):       a: 9
10-13 06:25:01.375: I/ProcessCheckinRequest(20308):       b: "ms-android-motorola"
10-13 06:25:01.375: I/ProcessCheckinRequest(20308):     >
10-13 06:25:01.375: I/ProcessCheckinRequest(20308):     o <
10-13 06:25:01.375: I/ProcessCheckinRequest(20308):       a: 5
10-13 06:25:01.375: I/ProcessCheckinRequest(20308):       b: "mvapp-android-motorola"
10-13 06:25:01.375: I/ProcessCheckinRequest(20308):     >
10-13 06:25:01.375: I/ProcessCheckinRequest(20308):   >
10-13 06:25:01.375: I/ProcessCheckinRequest(20308):   b: 1507835938104
10-13 06:25:01.375: I/ProcessCheckinRequest(20308):   g: "WIFI::"
10-13 06:25:01.375: I/ProcessCheckinRequest(20308):   i: 0
10-13 06:25:01.375: I/ProcessCheckinRequest(20308):   j: 2
10-13 06:25:01.375: I/ProcessCheckinRequest(20308):   k <
10-13 06:25:01.375: I/ProcessCheckinRequest(20308):     a: 8
10-13 06:25:01.375: I/ProcessCheckinRequest(20308):     b: 2
10-13 06:25:01.375: I/ProcessCheckinRequest(20308):     c: "unspecified"
10-13 06:25:01.375: I/ProcessCheckinRequest(20308):     d: ""
10-13 06:25:01.375: I/ProcessCheckinRequest(20308):     e: false
10-13 06:25:01.375: I/ProcessCheckinRequest(20308):   >
10-13 06:25:01.375: I/ProcessCheckinRequest(20308): >
10-13 06:25:01.375: I/ProcessCheckinRequest(20308): l: "[4A2NI7OQOTX46RNLLDCZ5QQEKA-01@cloudtestlabaccounts.com]"
10-13 06:25:01.375: I/ProcessCheckinRequest(20308): m: "America/Los_Angeles"
10-13 06:25:01.375: I/ProcessCheckinRequest(20308): n: 378950935412401249
10-13 06:25:01.375: I/ProcessCheckinRequest(20308): o: 3
10-13 06:25:01.375: I/ProcessCheckinRequest(20308): p: "feM6ygVLU842Bv2lWU26lsDXrLQ="
10-13 06:25:01.375: I/ProcessCheckinRequest(20308): q <
10-13 06:25:01.375: I/ProcessCheckinRequest(20308):   a: 3
10-13 06:25:01.375: I/ProcessCheckinRequest(20308):   b: 1
10-13 06:25:01.375: I/ProcessCheckinRequest(20308):   c: 1
10-13 06:25:01.375: I/ProcessCheckinRequest(20308):   d: 2
10-13 06:25:01.375: I/ProcessCheckinRequest(20308):   e: false
10-13 06:25:01.375: I/ProcessCheckinRequest(20308):   f: false
10-13 06:25:01.375: I/ProcessCheckinRequest(20308):   g: 320
10-13 06:25:01.375: I/ProcessCheckinRequest(20308):   h: 720
10-13 06:25:01.375: I/ProcessCheckinRequest(20308):   i: 1184
10-13 06:25:01.375: I/ProcessCheckinRequest(20308):   j: 196608
10-13 06:25:01.375: I/ProcessCheckinRequest(20308):   k: "android.test.runner"
10-13 06:25:01.375: I/ProcessCheckinRequest(20308):   k: "com.android.future.usb.accessory"
10-13 06:25:01.375: I/ProcessCheckinRequest(20308):   k: "com.android.location.provider"
10-13 06:25:01.375: I/ProcessCheckinRequest(20308):   k: "com.android.media.remotedisplay"
10-13 06:25:01.375: I/ProcessCheckinRequest(20308):   k: "com.google.android.maps"
10-13 06:25:01.375: I/ProcessCheckinRequest(20308):   k: "com.google.android.media.effects"
10-13 06:25:01.375: I/ProcessCheckinRequest(20308):   k: "com.google.widevine.software.drm"
10-13 06:25:01.375: I/ProcessCheckinRequest(20308):   k: "com.motorola.android.encryption"
10-13 06:25:01.375: I/ProcessCheckinRequest(20308):   k: "com.motorola.android.settings.shared"
10-13 06:25:01.375: I/ProcessCheckinRequest(20308):   k: "com.motorola.frameworks.core.addon"
10-13 06:25:01.375: I/ProcessCheckinRequest(20308):   k: "com.motorola.gallery"
10-13 06:25:01.375: I/ProcessCheckinRequest(20308):   k: "com.motorola.moodle.library"
10-13 06:25:01.375: I/ProcessCheckinRequest(20308):   k: "com.motorola.motosignature"
10-13 06:25:01.375: I/ProcessCheckinRequest(20308):   k: "com.qualcomm.location.vzw_library"
10-13 06:25:01.375: I/ProcessCheckinRequest(20308):   k: "com.qualcomm.qcnvitems"
10-13 06:25:01.375: I/ProcessCheckinRequest(20308):   k: "com.qualcomm.qcrilhook"
10-13 06:25:01.375: I/ProcessCheckinRequest(20308):   k: "com.quicinc.cneapiclient"
10-13 06:25:01.375: I/ProcessCheckinRequest(20308):   k: "javax.obex"
10-13 06:25:01.375: I/ProcessCheckinRequest(20308):   k: "org.codeaurora.imslibrary"
10-13 06:25:01.375: I/ProcessCheckinRequest(20308):   k: "protobufs-2.3.0"
10-13 06:25:01.375: I/ProcessCheckinRequest(20308):   k: "qcom.fmradio"
10-13 06:25:01.375: I/ProcessCheckinRequest(20308):   l: "android.hardware.bluetooth"
10-13 06:25:01.375: I/ProcessCheckinRequest(20308):   l: "android.hardware.bluetooth_le"
10-13 06:25:01.375: I/ProcessCheckinRequest(20308):   l: "android.hardware.camera"
10-13 06:25:01.375: I/ProcessCheckinRequest(20308):   l: "android.hardware.camera.any"
10-13 06:25:01.375: I/ProcessCheckinRequest(20308):   l: "android.hardware.camera.autofocus"
10-13 06:25:01.375: I/ProcessCheckinRequest(20308):   l: "android.hardware.camera.flash"
10-13 06:25:01.375: I/ProcessCheckinRequest(20308):   l: "android.hardware.camera.front"
10-13 06:25:01.375: I/ProcessCheckinRequest(20308):   l: "android.hardware.faketouch"
10-13 06:25:01.375: I/ProcessCheckinRequest(20308):   l: "android.hardware.location"
10-13 06:25:01.375: I/ProcessCheckinRequest(20308):   l: "android.hardware.location.gps"
10-13 06:25:01.375: I/ProcessCheckinRequest(20308):   l: "android.hardware.location.network"
10-13 06:25:01.375: I/ProcessCheckinRequest(20308):   l: "android.hardware.microphone"
10-13 06:25:01.375: I/ProcessCheckinRequest(20308):   l: "android.hardware.screen.landscape"
10-13 06:25:01.375: I/ProcessCheckinRequest(20308):   l: "android.hardware.screen.portrait"
10-13 06:25:01.375: I/ProcessCheckinRequest(20308):   l: "android.hardware.sensor.accelerometer"
10-13 06:25:01.375: I/ProcessCheckinRequest(20308):   l: "android.hardware.sensor.compass"
10-13 06:25:01.375: I/ProcessCheckinRequest(20308):   l: "android.hardware.sensor.gyroscope"
10-13 06:25:01.375: I/ProcessCheckinRequest(20308):   l: "android.hardware.sensor.light"
10-13 06:25:01.375: I/ProcessCheckinRequest(20308):   l: "android.hardware.sensor.proximity"
10-13 06:25:01.375: I/ProcessCheckinRequest(20308):   l: "android.hardware.telephony"
10-13 06:25:01.375: I/ProcessCheckinRequest(20308):   l: "android.hardware.telephony.cdma"
10-13 06:25:01.375: I/ProcessCheckinRequest(20308):   l: "android.hardware.telephony.gsm"
10-13 06:25:01.375: I/ProcessCheckinRequest(20308):   l: "android.hardware.touchscreen"
10-13 06:25:01.375: I/ProcessCheckinRequest(20308):   l: "android.hardware.touchscreen.multitouch"
10-13 06:25:01.375: I/ProcessCheckinRequest(20308):   l: "android.hardware.touchscreen.multitouch.distinct"
10-13 06:25:01.375: I/ProcessCheckinRequest(20308):   l: "android.hardware.touchscreen.multitouch.jazzhand"
10-13 06:25:01.375: I/ProcessCheckinRequest(20308):   l: "android.hardware.usb.accessory"
10-13 06:25:01.375: I/ProcessCheckinRequest(20308):   l: "android.hardware.usb.host"
10-13 06:25:01.375: I/ProcessCheckinRequest(20308):   l: "android.hardware.wifi"
10-13 06:25:01.375: I/ProcessCheckinRequest(20308):   l: "android.hardware.wifi.direct"
10-13 06:25:01.375: I/ProcessCheckinRequest(20308):   l: "android.software.app_widgets"
10-13 06:25:01.375: I/ProcessCheckinRequest(20308):   l: "android.software.device_admin"
10-13 06:25:01.375: I/ProcessCheckinRequest(20308):   l: "android.software.home_screen"
10-13 06:25:01.375: I/ProcessCheckinRequest(20308):   l: "android.software.input_methods"
10-13 06:25:01.375: I/ProcessCheckinRequest(20308):   l: "android.software.live_wallpaper"
10-13 06:25:01.375: I/ProcessCheckinRequest(20308):   l: "android.software.sip"
10-13 06:25:01.375: I/ProcessCheckinRequest(20308):   l: "com.motorola.camera"
10-13 06:25:01.375: I/ProcessCheckinRequest(20308):   l: "com.motorola.camera.chalmers"
10-13 06:25:01.375: I/ProcessCheckinRequest(20308):   l: "com.motorola.context"
10-13 06:25:01.375: I/ProcessCheckinRequest(20308):   l: "com.motorola.deviceauthenticator"
10-13 06:25:01.375: I/ProcessCheckinRequest(20308):   l: "com.motorola.smartaction2"
10-13 06:25:01.375: I/ProcessCheckinRequest(20308):   l: "com.motorola.smartactions2_1.1"
10-13 06:25:01.375: I/ProcessCheckinRequest(20308):   l: "com.motorola.software.activedisplaylite"
10-13 06:25:01.375: I/ProcessCheckinRequest(20308):   l: "com.motorola.software.bodyguard"
10-13 06:25:01.375: I/ProcessCheckinRequest(20308):   l: "com.motorola.software.device.titan_umts"
10-13 06:25:01.375: I/ProcessCheckinRequest(20308):   l: "com.motorola.software.fingerprint.motorola/titan_retuaws/titan_umts:4.4.4/KXB21.85-17/23:user/test-keys"
10-13 06:25:01.375: I/ProcessCheckinRequest(20308):   l: "com.motorola.software.fmradioservice"
10-13 06:25:01.375: I/ProcessCheckinRequest(20308):   l: "com.motorola.software.fmrecording"
10-13 06:25:01.375: I/ProcessCheckinRequest(20308):   l: "com.motorola.software.guideme"
10-13 06:25:01.375: I/ProcessCheckinRequest(20308):   l: "com.motorola.software.product.titan_retuaws"
10-13 06:25:01.375: I/ProcessCheckinRequest(20308):   l: "com.motorola.software.storageoptimizer"
10-13 06:25:01.375: I/ProcessCheckinRequest(20308):   m <
10-13 06:25:01.375: I/ProcessCheckinRequest(20308):     a: "android.hardware.bluetooth"
10-13 06:25:01.375: I/ProcessCheckinRequest(20308):     b: 0
10-13 06:25:01.375: I/ProcessCheckinRequest(20308):   >
10-13 06:25:01.375: I/ProcessCheckinRequest(20308):   m <
10-13 06:25:01.375: I/ProcessCheckinRequest(20308):     a: "android.ha
10-13 06:25:01.785: W/dalvikvm(21429): method Landroid/support/v7/widget/ListViewCompat;.lookForSelectablePosition incorrectly overrides package-private method with same name in Landroid/widget/ListView;
10-13 06:25:01.905: I/Adreno-EGL(21173): <qeglDrvAPI_eglInitialize:410>: EGL 1.4 QUALCOMM build: RGURRAM_AU_LINUX_ANDROID_LNX.LA.3.5.1_RB1.04.04.02.048.056+PATCH[ES]_msm8226_LNX.LA.3.5.1_RB1__release_ENGG ()
10-13 06:25:01.905: I/Adreno-EGL(21173): OpenGL ES Shader Compiler Version: E031.24.00.15
10-13 06:25:01.905: I/Adreno-EGL(21173): Build Date: 05/27/14 Tue
10-13 06:25:01.905: I/Adreno-EGL(21173): Local Branch: 
10-13 06:25:01.905: I/Adreno-EGL(21173): Remote Branch: quic/LNX.LA.3.5.1_RB1.2
10-13 06:25:01.905: I/Adreno-EGL(21173): Local Patches: f0931b5dfb60c536e5444f9053822ad191929528 ES2.0: Fix for seg fault in VBO validation
10-13 06:25:01.905: I/Adreno-EGL(21173):                  0c6f7c995c347b2eb54a9baa340cab69ba279634 es20: Remove extra-logging info
10-13 06:25:01.905: I/Adreno-EGL(21173): Reconstruct Branch: AU_LINUX_ANDROID_LNX.LA.3.5.1_RB1.04.04
10-13 06:25:01.913: D/WifiStateMachine(1036): handleMessage: E msg.what=131155
10-13 06:25:01.913: D/WifiStateMachine(1036): processMsg: ConnectedState
10-13 06:25:01.914: D/WifiStateMachine(1036): processMsg: L2ConnectedState
10-13 06:25:01.916: D/WifiStateMachine(1036): handleMessage: X
10-13 06:25:01.949: I/Adreno-EGL(21173): <qeglDrvAPI_eglInitialize:410>: EGL 1.4 QUALCOMM build: RGURRAM_AU_LINUX_ANDROID_LNX.LA.3.5.1_RB1.04.04.02.048.056+PATCH[ES]_msm8226_LNX.LA.3.5.1_RB1__release_ENGG ()
10-13 06:25:01.949: I/Adreno-EGL(21173): OpenGL ES Shader Compiler Version: E031.24.00.15
10-13 06:25:01.949: I/Adreno-EGL(21173): Build Date: 05/27/14 Tue
10-13 06:25:01.949: I/Adreno-EGL(21173): Local Branch: 
10-13 06:25:01.949: I/Adreno-EGL(21173): Remote Branch: quic/LNX.LA.3.5.1_RB1.2
10-13 06:25:01.949: I/Adreno-EGL(21173): Local Patches: f0931b5dfb60c536e5444f9053822ad191929528 ES2.0: Fix for seg fault in VBO validation
10-13 06:25:01.949: I/Adreno-EGL(21173):                  0c6f7c995c347b2eb54a9baa340cab69ba279634 es20: Remove extra-logging info
10-13 06:25:01.949: I/Adreno-EGL(21173): Reconstruct Branch: AU_LINUX_ANDROID_LNX.LA.3.5.1_RB1.04.04
10-13 06:25:01.956: D/dalvikvm(21429): DexOpt: 'Lorg/apache/commons/codec/Decoder;' has an earlier definition; blocking out
10-13 06:25:01.957: D/dalvikvm(21429): DexOpt: 'Lorg/apache/commons/codec/BinaryDecoder;' has an earlier definition; blocking out
10-13 06:25:01.957: D/dalvikvm(21429): DexOpt: 'Lorg/apache/commons/codec/Encoder;' has an earlier definition; blocking out
10-13 06:25:01.957: D/dalvikvm(21429): DexOpt: 'Lorg/apache/commons/codec/BinaryEncoder;' has an earlier definition; blocking out
10-13 06:25:01.957: D/dalvikvm(21429): DexOpt: 'Lorg/apache/commons/codec/DecoderException;' has an earlier definition; blocking out
10-13 06:25:01.957: D/dalvikvm(21429): DexOpt: 'Lorg/apache/commons/codec/EncoderException;' has an earlier definition; blocking out
10-13 06:25:01.957: D/dalvikvm(21429): DexOpt: 'Lorg/apache/commons/codec/StringDecoder;' has an earlier definition; blocking out
10-13 06:25:01.957: D/dalvikvm(21429): DexOpt: 'Lorg/apache/commons/codec/StringEncoder;' has an earlier definition; blocking out
10-13 06:25:01.957: D/dalvikvm(21429): DexOpt: 'Lorg/apache/commons/codec/StringEncoderComparator;' has an earlier definition; blocking out
10-13 06:25:01.957: D/dalvikvm(21429): DexOpt: 'Lorg/apache/commons/codec/binary/Base64;' has an earlier definition; blocking out
10-13 06:25:01.957: D/dalvikvm(21429): DexOpt: 'Lorg/apache/commons/codec/binary/BinaryCodec;' has an earlier definition; blocking out
10-13 06:25:01.957: D/dalvikvm(21429): DexOpt: 'Lorg/apache/commons/codec/binary/Hex;' has an earlier definition; blocking out
10-13 06:25:01.957: D/dalvikvm(21429): DexOpt: 'Lorg/apache/commons/codec/language/DoubleMetaphone$DoubleMetaphoneResult;' has an earlier definition; blocking out
10-13 06:25:01.957: D/dalvikvm(21429): DexOpt: 'Lorg/apache/commons/codec/language/DoubleMetaphone;' has an earlier definition; blocking out
10-13 06:25:01.957: D/dalvikvm(21429): DexOpt: 'Lorg/apache/commons/codec/language/Metaphone;' has an earlier definition; blocking out
10-13 06:25:01.957: D/dalvikvm(21429): DexOpt: 'Lorg/apache/commons/codec/language/RefinedSoundex;' has an earlier definition; blocking out
10-13 06:25:01.957: D/dalvikvm(21429): DexOpt: 'Lorg/apache/commons/codec/language/Soundex;' has an earlier definition; blocking out
10-13 06:25:01.957: D/dalvikvm(21429): DexOpt: 'Lorg/apache/commons/codec/language/SoundexUtils;' has an earlier definition; blocking out
10-13 06:25:01.957: D/dalvikvm(21429): DexOpt: 'Lorg/apache/commons/codec/net/RFC1522Codec;' has an earlier definition; blocking out
10-13 06:25:01.957: D/dalvikvm(21429): DexOpt: 'Lorg/apache/commons/codec/net/BCodec;' has an earlier definition; blocking out
10-13 06:25:01.957: D/dalvikvm(21429): DexOpt: 'Lorg/apache/commons/codec/net/QCodec;' has an earlier definition; blocking out
10-13 06:25:01.957: D/dalvikvm(21429): DexOpt: 'Lorg/apache/commons/codec/net/QuotedPrintableCodec;' has an earlier definition; blocking out
10-13 06:25:01.957: D/dalvikvm(21429): DexOpt: 'Lorg/apache/commons/codec/net/StringEncodings;' has an earlier definition; blocking out
10-13 06:25:01.957: D/dalvikvm(21429): DexOpt: 'Lorg/apache/commons/codec/net/URLCodec;' has an earlier definition; blocking out
10-13 06:25:01.963: D/dalvikvm(21429): DexOpt: 'Lorg/apache/commons/logging/Log;' has an earlier definition; blocking out
10-13 06:25:01.963: D/dalvikvm(21429): DexOpt: 'Lorg/apache/commons/logging/LogConfigurationException;' has an earlier definition; blocking out
10-13 06:25:01.963: D/dalvikvm(21429): DexOpt: 'Lorg/apache/commons/logging/LogFactory;' has an earlier definition; blocking out
10-13 06:25:01.963: D/dalvikvm(21429): DexOpt: 'Lorg/apache/commons/logging/impl/NoOpLog;' has an earlier definition; blocking out
10-13 06:25:01.963: D/dalvikvm(21429): DexOpt: 'Lorg/apache/commons/logging/impl/SimpleLog$1;' has an earlier definition; blocking out
10-13 06:25:01.964: D/dalvikvm(21429): DexOpt: 'Lorg/apache/commons/logging/impl/SimpleLog;' has an earlier definition; blocking out
10-13 06:25:01.978: I/ProcessCheckinRequest(20308): updateCheckinIdTokenFileFromResponse, Reading existing AID
10-13 06:25:01.979: I/CheckinRequestBuilder(20308): Checkin reason type: 8 attempt count: 2
10-13 06:25:01.981: E/ActivityThread(20308): Failed to find provider info for com.google.android.wearable.settings
10-13 06:25:02.003: I/Auth(20268): [ReflectiveChannelBinder] Successfully bound channel!
10-13 06:25:02.051: W/Settings(21173): Setting install_non_market_apps has moved from android.provider.Settings.Secure to android.provider.Settings.Global.
10-13 06:25:02.056: W/Conscrypt(20268): Could not set socket write timeout:
10-13 06:25:02.057: W/Conscrypt(20268):    java.lang.reflect.Method.invokeNative(Native Method)
10-13 06:25:02.057: W/Conscrypt(20268):    java.lang.reflect.Method.invoke(Method.java:515)
10-13 06:25:02.060: D/WifiStateMachine(1036): handleMessage: E msg.what=151572
10-13 06:25:02.060: D/WifiStateMachine(1036): processMsg: ConnectedState
10-13 06:25:02.060: D/WifiStateMachine(1036): processMsg: L2ConnectedState
10-13 06:25:02.064: D/WifiStateMachine(1036): handleMessage: X
10-13 06:25:02.079: W/Conscrypt(20268): Could not set socket write timeout:
10-13 06:25:02.080: W/Conscrypt(20268):    java.lang.reflect.Method.invokeNative(Native Method)
10-13 06:25:02.080: W/Conscrypt(20268):    java.lang.reflect.Method.invoke(Method.java:515)
10-13 06:25:02.242: W/Auth(20268): [GetToken] GetToken failed with status code: INVALID_SCOPE
10-13 06:25:02.244: E/CheckinRequestBuilder(20308): Unrecoverable authentication exception: INVALID_SCOPE
10-13 06:25:02.244: E/CheckinRequestBuilder(20308): dyj: INVALID_SCOPE
10-13 06:25:02.244: E/CheckinRequestBuilder(20308): 	at dyn.a(:com.google.android.gms@11509030:16)
10-13 06:25:02.244: E/CheckinRequestBuilder(20308): 	at dym.a(:com.google.android.gms@11509030:2)
10-13 06:25:02.244: E/CheckinRequestBuilder(20308): 	at dym.e(:com.google.android.gms@11509030:6)
10-13 06:25:02.244: E/CheckinRequestBuilder(20308): 	at dyk.f(:com.google.android.gms@11509030:3)
10-13 06:25:02.244: E/CheckinRequestBuilder(20308): 	at dyk.a(:com.google.android.gms@11509030:4)
10-13 06:25:02.244: E/CheckinRequestBuilder(20308): 	at hfb.a(:com.google.android.gms@11509030:219)
10-13 06:25:02.244: E/CheckinRequestBuilder(20308): 	at hgb.a(:com.google.android.gms@11509030:18)
10-13 06:25:02.244: E/CheckinRequestBuilder(20308): 	at hgb.a(:com.google.android.gms@11509030:182)
10-13 06:25:02.244: E/CheckinRequestBuilder(20308): 	at com.google.android.gms.checkin.CheckinChimeraService.a(:com.google.android.gms@11509030:149)
10-13 06:25:02.244: E/CheckinRequestBuilder(20308): 	at hex.run(:com.google.android.gms@11509030:2)
10-13 06:25:02.244: E/CheckinRequestBuilder(20308): 	at jqa.run(:com.google.android.gms@11509030:25)
10-13 06:25:02.244: E/CheckinRequestBuilder(20308): 	at java.util.concurrent.ThreadPoolExecutor.runWorker(ThreadPoolExecutor.java:1112)
10-13 06:25:02.244: E/CheckinRequestBuilder(20308): 	at java.util.concurrent.ThreadPoolExecutor$Worker.run(ThreadPoolExecutor.java:587)
10-13 06:25:02.244: E/CheckinRequestBuilder(20308): 	at jvj.run(:com.google.android.gms@11509030)
10-13 06:25:02.244: E/CheckinRequestBuilder(20308): 	at java.lang.Thread.run(Thread.java:841)
10-13 06:25:02.255: I/CheckinUtil(20308): Classify the device as Phone.
10-13 06:25:02.295: I/GlobalDismissManager(21104): no sender configured
10-13 06:25:02.296: D/AlertService(21104): Beginning updateAlertNotification
10-13 06:25:02.308: D/AlertService(21104): No fired or scheduled alerts
10-13 06:25:02.322: D/AlertService(21104): Scheduling next alarm with AlarmScheduler. sEventReminderReceived: null
10-13 06:25:02.324: E/ProcessCheckinRequest(20308): CheckinNowTaskTag : Checkin Succeeded: https://android.clients.google.com/checkin (request #1): 
10-13 06:25:02.338: D/AlarmScheduler(21104): No events found starting within 1 week.
10-13 06:25:02.342: I/ActivityManager(1036): Killing 20517:com.google.android.music:main/u0a77 (adj 15): empty #9
10-13 06:25:02.344: W/ContextImpl(1297): Calling a method in the system process without a qualified user: android.app.ContextImpl.sendBroadcast:1252 android.content.ContextWrapper.sendBroadcast:365 com.motorola.motocare.util.TriggerHelper$TriggerBuilder.send:76 com.motorola.motocare.internal.frameworkevents.ProcessKillTrigger.sendTrigger:147 com.motorola.motocare.internal.frameworkevents.ProcessKillTrigger.handleFrameworkEvent:164 
10-13 06:25:02.401: W/ActivityManager(1036): Service ServiceRecord{421c1438 u0 com.google.android.music/.preferences.MusicPreferenceService$MusicPreferenceServiceBinder} in process ProcessRecord{42211968 20517:com.google.android.music:main/u0a77} not same as in map: null
10-13 06:25:02.401: W/ActivityManager(1036): Service ServiceRecord{421bf550 u0 com.google.android.music/.net.NetworkMonitor} in process ProcessRecord{42211968 20517:com.google.android.music:main/u0a77} not same as in map: null
10-13 06:25:02.447: D/dalvikvm(20308): GC_CONCURRENT freed 1912K, 20% free 13818K/17188K, paused 4ms+4ms, total 51ms
10-13 06:25:02.484: D/dalvikvm(21429): DexOpt: couldn't find field Landroid/app/Notification;.headsUpContentView
10-13 06:25:03.061: D/WifiStateMachine(1036): handleMessage: E msg.what=151572
10-13 06:25:03.061: D/WifiStateMachine(1036): processMsg: ConnectedState
10-13 06:25:03.061: D/WifiStateMachine(1036): processMsg: L2ConnectedState
10-13 06:25:03.077: D/WifiStateMachine(1036): handleMessage: X
10-13 06:25:03.502: D/dalvikvm(21429): DexOpt: couldn't find field Landroid/os/Message;.sendingUid
10-13 06:25:03.504: I/GAV2(21333): Thread[GAThread,5,main]: No campaign data found.
10-13 06:25:03.645: I/dalvikvm(21429): DexOpt: not resolving ambiguous class 'Lorg/apache/commons/logging/LogFactory;'
10-13 06:25:03.673: I/dalvikvm(21429): DexOpt: not resolving ambiguous class 'Lorg/apache/commons/logging/LogFactory;'
10-13 06:25:03.673: I/dalvikvm(21429): DexOpt: not resolving ambiguous class 'Lorg/apache/commons/logging/LogFactory;'
10-13 06:25:03.673: I/dalvikvm(21429): DexOpt: not resolving ambiguous class 'Lorg/apache/commons/logging/LogFactory;'
10-13 06:25:03.699: D/dalvikvm(21429): GC_FOR_ALLOC freed 22K, 2% free 2024K/2048K, paused 5ms, total 6ms
10-13 06:25:03.865: I/dalvikvm(21429): DexOpt: not resolving ambiguous class 'Lorg/apache/commons/codec/binary/Base64;'
10-13 06:25:03.881: D/dalvikvm(21429): DexOpt: not verifying/optimizing 'Lorg/apache/commons/codec/Decoder;': multiple definitions
10-13 06:25:03.881: D/dalvikvm(21429): DexOpt: not verifying/optimizing 'Lorg/apache/commons/codec/BinaryDecoder;': multiple definitions
10-13 06:25:03.881: D/dalvikvm(21429): DexOpt: not verifying/optimizing 'Lorg/apache/commons/codec/Encoder;': multiple definitions
10-13 06:25:03.881: D/dalvikvm(21429): DexOpt: not verifying/optimizing 'Lorg/apache/commons/codec/BinaryEncoder;': multiple definitions
10-13 06:25:03.881: D/dalvikvm(21429): DexOpt: not verifying/optimizing 'Lorg/apache/commons/codec/DecoderException;': multiple definitions
10-13 06:25:03.881: D/dalvikvm(21429): DexOpt: not verifying/optimizing 'Lorg/apache/commons/codec/EncoderException;': multiple definitions
10-13 06:25:03.881: D/dalvikvm(21429): DexOpt: not verifying/optimizing 'Lorg/apache/commons/codec/StringDecoder;': multiple definitions
10-13 06:25:03.881: D/dalvikvm(21429): DexOpt: not verifying/optimizing 'Lorg/apache/commons/codec/StringEncoder;': multiple definitions
10-13 06:25:03.881: D/dalvikvm(21429): DexOpt: not verifying/optimizing 'Lorg/apache/commons/codec/StringEncoderComparator;': multiple definitions
10-13 06:25:03.881: D/dalvikvm(21429): DexOpt: not verifying/optimizing 'Lorg/apache/commons/codec/binary/Base64;': multiple definitions
10-13 06:25:03.881: D/dalvikvm(21429): DexOpt: not verifying/optimizing 'Lorg/apache/commons/codec/binary/BinaryCodec;': multiple definitions
10-13 06:25:03.881: D/dalvikvm(21429): DexOpt: not verifying/optimizing 'Lorg/apache/commons/codec/binary/Hex;': multiple definitions
10-13 06:25:03.881: I/dalvikvm(21429): DexOpt: not resolving ambiguous class 'Lorg/apache/commons/codec/binary/Hex;'
10-13 06:25:03.881: D/dalvikvm(21429): DexOpt: not verifying/optimizing 'Lorg/apache/commons/codec/language/DoubleMetaphone$DoubleMetaphoneResult;': multiple definitions
10-13 06:25:03.881: D/dalvikvm(21429): DexOpt: not verifying/optimizing 'Lorg/apache/commons/codec/language/DoubleMetaphone;': multiple definitions
10-13 06:25:03.881: D/dalvikvm(21429): DexOpt: not verifying/optimizing 'Lorg/apache/commons/codec/language/Metaphone;': multiple definitions
10-13 06:25:03.881: D/dalvikvm(21429): DexOpt: not verifying/optimizing 'Lorg/apache/commons/codec/language/RefinedSoundex;': multiple definitions
10-13 06:25:03.881: D/dalvikvm(21429): DexOpt: not verifying/optimizing 'Lorg/apache/commons/codec/language/Soundex;': multiple definitions
10-13 06:25:03.881: D/dalvikvm(21429): DexOpt: not verifying/optimizing 'Lorg/apache/commons/codec/language/SoundexUtils;': multiple definitions
10-13 06:25:03.881: D/dalvikvm(21429): DexOpt: not verifying/optimizing 'Lorg/apache/commons/codec/net/RFC1522Codec;': multiple definitions
10-13 06:25:03.881: D/dalvikvm(21429): DexOpt: not verifying/optimizing 'Lorg/apache/commons/codec/net/BCodec;': multiple definitions
10-13 06:25:03.881: D/dalvikvm(21429): DexOpt: not verifying/optimizing 'Lorg/apache/commons/codec/net/QCodec;': multiple definitions
10-13 06:25:03.881: D/dalvikvm(21429): DexOpt: not verifying/optimizing 'Lorg/apache/commons/codec/net/QuotedPrintableCodec;': multiple definitions
10-13 06:25:03.881: D/dalvikvm(21429): DexOpt: not verifying/optimizing 'Lorg/apache/commons/codec/net/StringEncodings;': multiple definitions
10-13 06:25:03.881: D/dalvikvm(21429): DexOpt: not verifying/optimizing 'Lorg/apache/commons/codec/net/URLCodec;': multiple definitions
10-13 06:25:03.881: I/dalvikvm(21429): DexOpt: not resolving ambiguous class 'Lorg/apache/commons/logging/LogFactory;'
10-13 06:25:03.882: I/dalvikvm(21429): DexOpt: not resolving ambiguous class 'Lorg/apache/commons/logging/LogFactory;'
10-13 06:25:03.883: I/dalvikvm(21429): DexOpt: not resolving ambiguous class 'Lorg/apache/commons/logging/LogFactory;'
10-13 06:25:03.883: I/dalvikvm(21429): DexOpt: not resolving ambiguous class 'Lorg/apache/commons/logging/LogFactory;'
10-13 06:25:03.885: I/dalvikvm(21429): DexOpt: not resolving ambiguous class 'Lorg/apache/commons/logging/LogFactory;'
10-13 06:25:03.885: I/dalvikvm(21429): DexOpt: not resolving ambiguous class 'Lorg/apache/commons/logging/LogFactory;'
10-13 06:25:03.885: I/dalvikvm(21429): DexOpt: not resolving ambiguous class 'Lorg/apache/commons/logging/LogFactory;'
10-13 06:25:03.885: I/dalvikvm(21429): DexOpt: not resolving ambiguous class 'Lorg/apache/commons/logging/LogFactory;'
10-13 06:25:03.886: I/dalvikvm(21429): DexOpt: not resolving ambiguous class 'Lorg/apache/commons/logging/LogFactory;'
10-13 06:25:03.889: I/dalvikvm(21429): DexOpt: not resolving ambiguous class 'Lorg/apache/commons/codec/net/URLCodec;'
10-13 06:25:03.893: I/dalvikvm(21429): DexOpt: not resolving ambiguous class 'Lorg/apache/commons/logging/Log;'
10-13 06:25:03.894: I/dalvikvm(21429): DexOpt: not resolving ambiguous class 'Lorg/apache/commons/logging/Log;'
10-13 06:25:03.894: I/dalvikvm(21429): DexOpt: not resolving ambiguous class 'Lorg/apache/commons/logging/LogFactory;'
10-13 06:25:03.895: I/dalvikvm(21429): DexOpt: not resolving ambiguous class 'Lorg/apache/commons/logging/LogFactory;'
10-13 06:25:03.896: I/dalvikvm(21429): DexOpt: not resolving ambiguous class 'Lorg/apache/commons/logging/LogFactory;'
10-13 06:25:03.897: I/dalvikvm(21429): DexOpt: not resolving ambiguous class 'Lorg/apache/commons/logging/LogFactory;'
10-13 06:25:03.897: I/dalvikvm(21429): DexOpt: not resolving ambiguous class 'Lorg/apache/commons/logging/LogFactory;'
10-13 06:25:03.898: I/dalvikvm(21429): DexOpt: not resolving ambiguous class 'Lorg/apache/commons/logging/LogFactory;'
10-13 06:25:03.898: I/dalvikvm(21429): DexOpt: not resolving ambiguous class 'Lorg/apache/commons/logging/LogFactory;'
10-13 06:25:03.898: I/dalvikvm(21429): DexOpt: not resolving ambiguous class 'Lorg/apache/commons/logging/LogFactory;'
10-13 06:25:03.899: I/dalvikvm(21429): DexOpt: not resolving ambiguous class 'Lorg/apache/commons/codec/binary/Base64;'
10-13 06:25:03.899: I/dalvikvm(21429): DexOpt: not resolving ambiguous class 'Lorg/apache/commons/logging/LogFactory;'
10-13 06:25:03.900: I/dalvikvm(21429): DexOpt: not resolving ambiguous class 'Lorg/apache/commons/logging/LogFactory;'
10-13 06:25:03.900: I/dalvikvm(21429): DexOpt: not resolving ambiguous class 'Lorg/apache/commons/logging/LogFactory;'
10-13 06:25:03.900: I/dalvikvm(21429): DexOpt: not resolving ambiguous class 'Lorg/apache/commons/logging/Log;'
10-13 06:25:03.901: I/dalvikvm(21429): DexOpt: not resolving ambiguous class 'Lorg/apache/commons/logging/Log;'
10-13 06:25:03.901: I/dalvikvm(21429): DexOpt: not resolving ambiguous class 'Lorg/apache/commons/logging/Log;'
10-13 06:25:03.902: I/dalvikvm(21429): DexOpt: not resolving ambiguous class 'Lorg/apache/commons/logging/Log;'
10-13 06:25:03.903: I/dalvikvm(21429): DexOpt: not resolving ambiguous class 'Lorg/apache/commons/logging/Log;'
10-13 06:25:03.903: I/dalvikvm(21429): DexOpt: not resolving ambiguous class 'Lorg/apache/commons/logging/LogFactory;'
10-13 06:25:03.903: I/dalvikvm(21429): DexOpt: not resolving ambiguous class 'Lorg/apache/commons/logging/LogFactory;'
10-13 06:25:03.904: I/dalvikvm(21429): DexOpt: not resolving ambiguous class 'Lorg/apache/commons/logging/LogFactory;'
10-13 06:25:03.904: I/dalvikvm(21429): DexOpt: not resolving ambiguous class 'Lorg/apache/commons/logging/LogFactory;'
10-13 06:25:03.904: I/dalvikvm(21429): DexOpt: not resolving ambiguous class 'Lorg/apache/commons/logging/LogFactory;'
10-13 06:25:03.904: I/dalvikvm(21429): DexOpt: not resolving ambiguous class 'Lorg/apache/commons/logging/LogFactory;'
10-13 06:25:03.904: I/dalvikvm(21429): DexOpt: not resolving ambiguous class 'Lorg/apache/commons/logging/LogFactory;'
10-13 06:25:03.905: I/dalvikvm(21429): DexOpt: not resolving ambiguous class 'Lorg/apache/commons/logging/LogFactory;'
10-13 06:25:03.905: I/dalvikvm(21429): DexOpt: not resolving ambiguous class 'Lorg/apache/commons/logging/LogFactory;'
10-13 06:25:03.905: I/dalvikvm(21429): DexOpt: not resolving ambiguous class 'Lorg/apache/commons/logging/LogFactory;'
10-13 06:25:03.905: I/dalvikvm(21429): DexOpt: not resolving ambiguous class 'Lorg/apache/commons/logging/LogFactory;'
10-13 06:25:03.906: I/dalvikvm(21429): DexOpt: not resolving ambiguous class 'Lorg/apache/commons/logging/LogFactory;'
10-13 06:25:03.909: I/dalvikvm(21429): DexOpt: not resolving ambiguous class 'Lorg/apache/commons/logging/LogFactory;'
10-13 06:25:03.909: I/dalvikvm(21429): DexOpt: not resolving ambiguous class 'Lorg/apache/commons/logging/LogFactory;'
10-13 06:25:03.909: I/dalvikvm(21429): DexOpt: not resolving ambiguous class 'Lorg/apache/commons/logging/LogFactory;'
10-13 06:25:03.909: I/dalvikvm(21429): DexOpt: not resolving ambiguous class 'Lorg/apache/commons/logging/LogFactory;'
10-13 06:25:03.911: I/dalvikvm(21429): DexOpt: not resolving ambiguous class 'Lorg/apache/commons/codec/net/URLCodec;'
10-13 06:25:03.911: D/dalvikvm(21429): DexOpt: not verifying/optimizing 'Lorg/apache/commons/logging/Log;': multiple definitions
10-13 06:25:03.911: D/dalvikvm(21429): DexOpt: not verifying/optimizing 'Lorg/apache/commons/logging/LogConfigurationException;': multiple definitions
10-13 06:25:03.911: D/dalvikvm(21429): DexOpt: not verifying/optimizing 'Lorg/apache/commons/logging/LogFactory;': multiple definitions
10-13 06:25:03.911: D/dalvikvm(21429): DexOpt: not verifying/optimizing 'Lorg/apache/commons/logging/impl/NoOpLog;': multiple definitions
10-13 06:25:03.911: I/dalvikvm(21429): DexOpt: not resolving ambiguous class 'Lorg/apache/commons/logging/LogFactory;'
10-13 06:25:03.912: D/dalvikvm(21429): DexOpt: not verifying/optimizing 'Lorg/apache/commons/logging/impl/SimpleLog$1;': multiple definitions
10-13 06:25:03.912: D/dalvikvm(21429): DexOpt: not verifying/optimizing 'Lorg/apache/commons/logging/impl/SimpleLog;': multiple definitions
10-13 06:25:03.937: D/dalvikvm(21429): DexOpt: load 391ms, verify+opt 1961ms, 5925860 bytes
10-13 06:25:04.061: D/WifiStateMachine(1036): handleMessage: E msg.what=151572
10-13 06:25:04.061: D/WifiStateMachine(1036): processMsg: ConnectedState
10-13 06:25:04.061: D/WifiStateMachine(1036): processMsg: L2ConnectedState
10-13 06:25:04.085: D/WifiStateMachine(1036): handleMessage: X
10-13 06:25:04.096: I/SBar.NetworkController(1107): updateTelephonySignalStrength:  No service
10-13 06:25:04.208: I/ActivityManager(1036): Force stopping org.gnucash.android appid=10108 user=-1: update pkg
10-13 06:25:04.355: W/PackageManager(1036): Unknown permission android.permission.MANAGE_ACCOUNT in package com.google.android.apps.auth.test.support
10-13 06:25:04.355: W/PackageManager(1036): Not granting permission com.google.android.providers.gsf.permission.WRITE_GSERVICES to package com.google.android.apps.auth.test.support (protectionLevel=18 flags=0x808444)
10-13 06:25:04.357: W/PackageManager(1036): Unknown permission com.motorola.permission.AAB_LAUNCH_BROADCAST_PERMISSION in package com.android.contacts
10-13 06:25:04.361: W/PackageManager(1036): Unknown permission com.android.smspush.WAPPUSH_MANAGER_BIND in package com.android.phone
10-13 06:25:04.362: W/PackageManager(1036): Unknown permission com.motorola.permission.BROADCAST_MIP_ERROR in package com.android.phone
10-13 06:25:04.364: W/PackageManager(1036): Unknown permission android.permission.SYSTEM_ERROR_WINDOW in package com.motorola.demomode
10-13 06:25:04.365: W/PackageManager(1036): Unknown permission android.permission.SYSTEM_OVERLAY_WINDOW in package com.motorola.demomode
10-13 06:25:04.365: W/PackageManager(1036): Unknown permission android.permission.WRITE_SDCARD in package com.motorola.demomode
10-13 06:25:04.365: W/PackageManager(1036): Unknown permission com.motorola.android.permission.PORTALAPP_LOCAL in package com.motorola.demomode
10-13 06:25:04.366: W/PackageManager(1036): Unknown permission com.android.launcher.permission.READ_SETTINGS in package com.motorola.demomode
10-13 06:25:04.366: W/PackageManager(1036): Unknown permission com.android.launcher.permission.WRITE_SETTINGS in package com.motorola.demomode
10-13 06:25:04.366: W/PackageManager(1036): Unknown permission com.motorola.audiomonitor.permission.RETAILMODE in package com.motorola.demomode
10-13 06:25:04.367: W/PackageManager(1036): Unknown permission com.motorola.audiomonitor.permission.STATE_CONTROL in package com.motorola.demomode
10-13 06:25:04.371: W/PackageManager(1036): Unknown permission com.android.vending.billing.IBillingAccountService.BIND2 in package com.google.android.gsf.login
10-13 06:25:04.379: W/PackageManager(1036): Unknown permission com.motorola.messaging.permission.MESSAGE_SETTINGS_PROVIDER in package com.motorola.programmenu
10-13 06:25:04.379: W/PackageManager(1036): Unknown permission com.motorola.phoneaddons.permission.USE_PHONEADDON in package com.motorola.programmenu
10-13 06:25:04.379: W/PackageManager(1036): Unknown permission android.permission.ACCESS_USB in package com.motorola.programmenu
10-13 06:25:04.380: W/PackageManager(1036): Unknown permission com.motorola.permission.ENTITLEMENT in package com.motorola.programmenu
10-13 06:25:04.382: W/PackageManager(1036): Unknown permission com.android.launcher.permission.READ_SETTINGS in package com.android.launcher3
10-13 06:25:04.382: W/PackageManager(1036): Unknown permission com.android.launcher.permission.WRITE_SETTINGS in package com.android.launcher3
10-13 06:25:04.384: W/PackageManager(1036): Unknown permission android.permission.INSTALL_DRM in package com.android.mms
10-13 06:25:04.384: W/PackageManager(1036): Not granting permission android.permission.MANAGE_DOCUMENTS to package com.android.mms (protectionLevel=2 flags=0x4088be65)
10-13 06:25:04.386: W/PackageManager(1036): Not granting permission android.permission.BROADCAST_PACKAGE_REMOVED to package com.google.android.marvin.talkback (protectionLevel=2 flags=0xc9be45)
10-13 06:25:04.386: W/PackageManager(1036): Not granting permission android.permission.DEVICE_POWER to package com.google.android.deskclock (protectionLevel=2 flags=0xc8be45)
10-13 06:25:04.387: W/PackageManager(1036): Unknown permission android.permission.OBSERVE_GRANT_REVOKE_PERMISSIONS in package com.google.android.gms
10-13 06:25:04.387: W/PackageManager(1036): Unknown permission android.permission.MANAGE_SOUND_TRIGGER in package com.google.android.gms
10-13 06:25:04.387: W/PackageManager(1036): Unknown permission android.permission.RECOVERY in package com.google.android.gms
10-13 06:25:04.388: W/PackageManager(1036): Not granting permission android.permission.READ_DREAM_STATE to package com.google.android.gms (protectionLevel=2 flags=0x40c83ec5)
10-13 06:25:04.388: W/PackageManager(1036): Unknown permission android.permission.PROVIDE_TRUST_AGENT in package com.google.android.gms
10-13 06:25:04.388: W/PackageManager(1036): Unknown permission android.permission.DISPATCH_PROVISIONING_MESSAGE in package com.google.android.gms
10-13 06:25:04.388: W/PackageManager(1036): Unknown permission com.google.android.apps.enterprise.dmagent.permission.AutoSyncPermission in package com.google.android.gms
10-13 06:25:04.389: W/PackageManager(1036): Not granting permission android.permission.READ_PRIVILEGED_PHONE_STATE to package com.google.android.gms (protectionLevel=18 flags=0x40c83ec5)
10-13 06:25:04.390: W/PackageManager(1036): Unknown permission android.permission.CONNECTIVITY_USE_RESTRICTED_NETWORKS in package com.google.android.gms
10-13 06:25:04.390: W/PackageManager(1036): Unknown permission android.permission.USE_FINGERPRINT in package com.google.android.gms
10-13 06:25:04.390: W/PackageManager(1036): Unknown permission android.permission.SEND_SMS_NO_CONFIRMATION in package com.google.android.gms
10-13 06:25:04.391: W/PackageManager(1036): Not granting permission android.permission.PACKAGE_USAGE_STATS to package com.google.android.gms (protectionLevel=18 flags=0x40c83ec5)
10-13 06:25:04.392: W/PackageManager(1036): Unknown permission com.google.android.finsky.permission.INSTANT_APP_STATE in package com.google.android.gms
10-13 06:25:04.393: W/PackageManager(1036): Unknown permission android.permission.MANAGE_VOICE_KEYPHRASES in package com.google.android.gms
10-13 06:25:04.393: W/PackageManager(1036): Unknown permission android.permission.TETHER_PRIVILEGED in package com.google.android.gms
10-13 06:25:04.393: W/PackageManager(1036): Unknown permission android.permission.REAL_GET_TASKS in package com.google.android.gms
10-13 06:25:04.394: W/PackageManager(1036): Unknown permission android.permission.READ_OEM_UNLOCK_STATE in package com.google.android.gms
10-13 06:25:04.394: W/PackageManager(1036): Unknown permission android.permission.SCORE_NETWORKS in package com.google.android.gms
10-13 06:25:04.394: W/PackageManager(1036): Unknown permission android.permission.OVERRIDE_WIFI_CONFIG in package com.google.android.gms
10-13 06:25:04.394: W/PackageManager(1036): Unknown permission android.permission.CONTROL_INCALL_EXPERIENCE in package com.google.android.gms
10-13 06:25:04.395: W/PackageManager(1036): Unknown permission android.permission.USER_ACTIVITY in package com.google.android.gms
10-13 06:25:04.395: W/PackageManager(1036): Unknown permission android.permission.MODIFY_AUDIO_ROUTING in package com.google.android.gms
10-13 06:25:04.395: W/PackageManager(1036): Unknown permission com.google.android.finsky.permission.GEARHEAD_SERVICE in package com.google.android.gms
10-13 06:25:04.395: W/PackageManager(1036): Unknown permission com.google.android.permission.ACCESSIBILITY_SCAN_SERVICE in package com.google.android.gms
10-13 06:25:04.395: W/PackageManager(1036): Unknown permission android.permission.START_TASKS_FROM_RECENTS in package com.google.android.gms
10-13 06:25:04.396: W/PackageManager(1036): Not granting permission android.permission.MANAGE_ACTIVITY_STACKS to package com.google.android.gms (protectionLevel=2 flags=0x40c83ec5)
10-13 06:25:04.396: W/PackageManager(1036): Unknown permission android.permission.ACTIVITY_EMBEDDING in package com.google.android.gms
10-13 06:25:04.396: W/PackageManager(1036): Unknown permission android.permission.PROVIDE_RESOLVER_RANKER_SERVICE in package com.google.android.gms
10-13 06:25:04.396: W/PackageManager(1036): Unknown permission com.google.android.wearable.READ_SETTINGS in package com.google.android.gms
10-13 06:25:04.396: W/PackageManager(1036): Unknown permission android.permission.INTENT_FILTER_VERIFICATION_AGENT in package com.google.android.gms
10-13 06:25:04.397: W/PackageManager(1036): Unknown permission android.permission.LOCAL_MAC_ADDRESS in package com.google.android.gms
10-13 06:25:04.397: W/PackageManager(1036): Unknown permission android.permission.CHANGE_DEVICE_IDLE_TEMP_WHITELIST in package com.google.android.gms
10-13 06:25:04.397: W/PackageManager(1036): Unknown permission android.permission.READ_WIFI_CREDENTIAL in package com.google.android.gms
10-13 06:25:04.397: W/PackageManager(1036): Unknown permission android.permission.SUBSTITUTE_NOTIFICATION_APP_NAME in package com.google.android.gms
10-13 06:25:04.397: W/PackageManager(1036): Unknown permission android.permission.MANAGE_SUBSCRIPTION_PLANS in package com.google.android.gms
10-13 06:25:04.398: W/PackageManager(1036): Unknown permission android.permission.NOTIFY_PENDING_SYSTEM_UPDATE in package com.google.android.gms
10-13 06:25:04.398: W/PackageManager(1036): Unknown permission android.permission.BODY_SENSORS in package com.google.android.gms
10-13 06:25:04.398: W/PackageManager(1036): Unknown permission com.google.android.launcher.permission.RECEIVE_LAUNCH_BROADCASTS in package com.google.android.gms
10-13 06:25:04.398: W/PackageManager(1036): Unknown permission com.google.android.vending.verifier.ACCESS_VERIFIER in package com.google.android.gms
10-13 06:25:04.399: W/PackageManager(1036): Unknown permission com.android.voicemail.permission.READ_VOICEMAIL in package com.google.android.gms
10-13 06:25:04.399: W/PackageManager(1036): Unknown permission com.google.android.gallery3d.permission.PICASA_STORE in package com.android.dreams.phototable
10-13 06:25:04.400: W/PackageManager(1036): Unknown permission android.permission.READ_OWNER_DATA in package com.google.android.setupwizard
10-13 06:25:04.400: W/PackageManager(1036): Unknown permission android.permission.WRITE_OWNER_DATA in package com.google.android.setupwizard
10-13 06:25:04.401: W/PackageManager(1036): Not granting permission android.permission.DEVICE_POWER to package com.motorola.deviceauthenticator (protectionLevel=2 flags=0x40883e45)
10-13 06:25:04.401: W/PackageManager(1036): Unknown permission com.motorola.fingerprintsensor.permission.FINGERPRINT_SENSOR in package com.android.settings
10-13 06:25:04.402: W/PackageManager(1036): Unknown permission com.android.launcher.permission.READ_SETTINGS in package com.android.settings
10-13 06:25:04.402: W/PackageManager(1036): Unknown permission com.android.launcher.permission.WRITE_SETTINGS in package com.android.settings
10-13 06:25:04.403: W/PackageManager(1036): Unknown permission com.motorola.blur.setupprovider.Permissions.ACCESS_ACCOUNTS in package com.motorola.contextual.fw
10-13 06:25:04.403: W/PackageManager(1036): Unknown permission com.google.android.voicesearch.SHORTCUTS_ACCESS in package com.google.android.googlequicksearchbox
10-13 06:25:04.404: W/PackageManager(1036): Unknown permission com.google.android.voicesearch.ACCESS_SETTINGS in package com.google.android.googlequicksearchbox
