10-13 06:24:54.738: D/WVCdm(296): Instantiating CDM.
10-13 06:24:54.738: I/WVCdm(296): Level3 Library Nov 20 2013 18:09:31
10-13 06:24:54.744: D/DrmWidevineDash(296): calling OEMCrypto_Initialize, g_qsee_apps_version = 7
10-13 06:24:54.744: D/DrmWidevineDash(296): Service_Initialize: widevine DASH app is already open!
10-13 06:24:54.744: D/DrmWidevineDash(296): OEMCrypto_Initialize sion_buffer g_wv_fhandle->ion_sbuffer  0x0xb502e000
10-13 06:24:54.744: E/DrmWidevineDash(296): sion_buffer g_wv_fhandle->ion_sbuffer  0x0xb502e000
10-13 06:24:54.746: D/DrmWidevineDash(296): OEMCrypto_Initialize exit returns 0
10-13 06:24:54.746: D/DrmWidevineDash(296): calling OEMCrypto_APIVersion...
10-13 06:24:54.747: D/DrmWidevineDash(296): OEMCrypto_APIVersion = 8
10-13 06:24:54.747: D/DrmWidevineDash(296): calling OEMCrypto_IsKeyboxValid...
10-13 06:24:54.754: D/DrmWidevineDash(296): OEMCrypto_IsKeyboxValid returns 0
10-13 06:24:54.754: D/WVCdm(296): OEMCrypto_Initialize Level 1 success. I will use level 1.
10-13 06:24:54.762: I/WVCdm(296): CdmEngine::OpenSession
10-13 06:24:54.762: D/DrmWidevineDash(296): calling OEMCrypto_OpenSession...
10-13 06:24:54.762: D/DrmWidevineDash(296): OEMCrypto_OpenSession SID = 1
10-13 06:24:54.762: D/DrmWidevineDash(296): OEMCrypto_OpenSession returns 0
10-13 06:24:54.762: D/DrmWidevineDash(296): calling OEMCrypto_GetRandom...
10-13 06:24:54.763: D/DrmWidevineDash(296): OEMCrypto_GetRandom returns 0
10-13 06:24:54.763: I/WVCdm(296): CdmEngine::QueryKeyControlInfo
10-13 06:24:54.771: I/WVCdm(296): CdmEngine::GenerateKeyRequest
10-13 06:24:54.771: D/DrmWidevineDash(296): calling OEMCrypto_LoadDeviceRSAKey. SID = 1
10-13 06:24:54.776: D/DrmWidevineDash(296): OEMCrypto_LoadDeviceRSAKey returns 0
10-13 06:24:54.776: D/DrmWidevineDash(296): calling OEMCrypto_GetDeviceID...
10-13 06:24:54.783: D/DrmWidevineDash(296): OEMCrypto_GetDeviceID returns 0
10-13 06:24:54.783: D/DrmWidevineDash(296): calling OEMCrypto_GenerateNonce. SID = 1
10-13 06:24:54.784: D/DrmWidevineDash(296): OEMCrypto_GenerateNonce returns 0
10-13 06:24:54.784: D/WVCdm(296): PrepareKeyRequest: nonce=1248755019
10-13 06:24:54.784: D/DrmWidevineDash(296): calling OEMCrypto_GenerateRSASignature. SID = 1
10-13 06:24:54.784: D/DrmWidevineDash(296): OEMCrypto_GenerateRSASignature needs buffer size = 256
10-13 06:24:54.784: D/DrmWidevineDash(296): OEMCrypto_GenerateRSASignature returns 7
10-13 06:24:54.784: D/DrmWidevineDash(296): calling OEMCrypto_GenerateRSASignature. SID = 1
10-13 06:24:54.830: I/GAV4(20809): Thread[GAThread,5,main]: No campaign data found.
10-13 06:24:54.948: I/DynamiteModule(21173): Considering local module com.google.android.gms.googlecertificates:4 and remote module com.google.android.gms.googlecertificates:4
10-13 06:24:54.948: I/DynamiteModule(21173): Selected local version of com.google.android.gms.googlecertificates
10-13 06:24:54.986: D/dalvikvm(20294): GC_CONCURRENT freed 1575K, 24% free 13135K/17188K, paused 6ms+12ms, total 76ms
10-13 06:24:55.053: D/WifiStateMachine(1036): handleMessage: E msg.what=151572
10-13 06:24:55.053: D/WifiStateMachine(1036): processMsg: ConnectedState
10-13 06:24:55.053: D/WifiStateMachine(1036): processMsg: L2ConnectedState
10-13 06:24:55.077: D/WifiStateMachine(1036): handleMessage: X
10-13 06:24:55.089: D/DrmWidevineDash(296): OEMCrypto_GenerateRSASignature returns 0
10-13 06:24:55.090: I/WVCdm(296): CdmEngine::CloseSession
10-13 06:24:55.090: D/DrmWidevineDash(296): calling OEMCrypto_CloseSession. SID = 1
10-13 06:24:55.090: D/DrmWidevineDash(296): OEMCrypto_CloseSession returns 0
10-13 06:24:55.242: D/dalvikvm(21173): Trying to load lib /data/data/com.google.android.gms/app_dg_cache/D12564FA84855276CB7D261D56DA6950A06175F8/libdB29C7C3F2932.so 0x424c9270
10-13 06:24:55.243: D/dalvikvm(21173): Added shared lib /data/data/com.google.android.gms/app_dg_cache/D12564FA84855276CB7D261D56DA6950A06175F8/libdB29C7C3F2932.so 0x424c9270
10-13 06:24:55.243: D/dalvikvm(21173): No JNI_OnLoad found in /data/data/com.google.android.gms/app_dg_cache/D12564FA84855276CB7D261D56DA6950A06175F8/libdB29C7C3F2932.so 0x424c9270, skipping init
10-13 06:24:55.389: W/Settings(21173): Setting install_non_market_apps has moved from android.provider.Settings.Secure to android.provider.Settings.Global.
10-13 06:24:55.451: W/Auth(20268): [GetToken] GetToken failed with status code: INVALID_SCOPE
10-13 06:24:55.454: E/HeterodyneSyncer(20294): Failed to get auth token: INVALID_SCOPE
10-13 06:24:55.454: E/HeterodyneSyncer(20294): dyj: INVALID_SCOPE
10-13 06:24:55.454: E/HeterodyneSyncer(20294): 	at dyn.a(:com.google.android.gms@11509030:16)
10-13 06:24:55.454: E/HeterodyneSyncer(20294): 	at dym.a(:com.google.android.gms@11509030:2)
10-13 06:24:55.454: E/HeterodyneSyncer(20294): 	at dym.e(:com.google.android.gms@11509030:6)
10-13 06:24:55.454: E/HeterodyneSyncer(20294): 	at dyk.f(:com.google.android.gms@11509030:3)
10-13 06:24:55.454: E/HeterodyneSyncer(20294): 	at dyk.a(:com.google.android.gms@11509030:4)
10-13 06:24:55.454: E/HeterodyneSyncer(20294): 	at dyk.a(:com.google.android.gms@11509030:7)
10-13 06:24:55.454: E/HeterodyneSyncer(20294): 	at xxp.a(:com.google.android.gms@11509030:30)
10-13 06:24:55.454: E/HeterodyneSyncer(20294): 	at xxr.a(:com.google.android.gms@11509030:26)
10-13 06:24:55.454: E/HeterodyneSyncer(20294): 	at xxr.a(:com.google.android.gms@11509030:158)
10-13 06:24:55.454: E/HeterodyneSyncer(20294): 	at xxr.a(:com.google.android.gms@11509030:282)
10-13 06:24:55.454: E/HeterodyneSyncer(20294): 	at com.google.android.gms.phenotype.sync.HeterodyneSyncTaskChimeraService.a(:com.google.android.gms@11509030:40)
10-13 06:24:55.454: E/HeterodyneSyncer(20294): 	at com.google.android.gms.phenotype.sync.HeterodyneSyncTaskChimeraService.a(:com.google.android.gms@11509030:19)
10-13 06:24:55.454: E/HeterodyneSyncer(20294): 	at pwx.run(:com.google.android.gms@11509030:1)
10-13 06:24:55.454: E/HeterodyneSyncer(20294): 	at java.util.concurrent.ThreadPoolExecutor.runWorker(ThreadPoolExecutor.java:1112)
10-13 06:24:55.454: E/HeterodyneSyncer(20294): 	at java.util.concurrent.ThreadPoolExecutor$Worker.run(ThreadPoolExecutor.java:587)
10-13 06:24:55.454: E/HeterodyneSyncer(20294): 	at java.lang.Thread.run(Thread.java:841)
10-13 06:24:55.505: D/dalvikvm(21173): DexOpt: --- BEGIN 'f.apk' (bootstrap=0) ---
10-13 06:24:55.511: I/MDMCTBK(291): NetlinkHandler, power_supply subsys
10-13 06:24:55.511: I/MDMCTBK(291): NetlinkHandler, usbChargerStateChanged
10-13 06:24:55.511: I/MDMCTBK(291): checkDefaultInst, current pid is = 291
10-13 06:24:55.511: I/MDMCTBK(291): checkDefaultInst, pid match
10-13 06:24:55.511: I/MDMCTBK(291): MdmCutbackHndler,readFromFile = /sys/class/power_supply/usb/online
10-13 06:24:55.511: I/MDMCTBK(291): MdmCutbackHndler,readFromFile = 
10-13 06:24:55.511: E/MDMCTBK(291): MdmCutbackHndler,Could not open ''
10-13 06:24:55.563: D/dalvikvm(21173): GC_CONCURRENT freed 3409K, 21% free 13621K/17188K, paused 3ms+9ms, total 63ms
10-13 06:24:55.585: D/dalvikvm(21212): DexOpt: load 6ms, verify+opt 5ms, 128132 bytes
10-13 06:24:55.589: D/KeyguardUpdateMonitor(1107): received broadcast android.intent.action.BATTERY_CHANGED
10-13 06:24:55.595: I/MDMCTBK(291): NetlinkHandler, power_supply subsys
10-13 06:24:55.595: I/MDMCTBK(291): NetlinkHandler, usbChargerStateChanged
10-13 06:24:55.595: I/MDMCTBK(291): checkDefaultInst, current pid is = 291
10-13 06:24:55.595: I/MDMCTBK(291): checkDefaultInst, pid match
10-13 06:24:55.595: I/MDMCTBK(291): MdmCutbackHndler,readFromFile = /sys/class/power_supply/usb/online
10-13 06:24:55.595: I/MDMCTBK(291): MdmCutbackHndler,readFromFile = 
10-13 06:24:55.595: E/MDMCTBK(291): MdmCutbackHndler,Could not open ''
10-13 06:24:55.620: D/dalvikvm(21173): DexOpt: --- END 'f.apk' (success) ---
10-13 06:24:55.620: D/dalvikvm(21173): DEX prep '/data/data/com.google.android.gms/app_fb/f.apk': unzip in 0ms, rewrite 114ms
10-13 06:24:55.634: I/Adreno-EGL(21173): <qeglDrvAPI_eglInitialize:410>: EGL 1.4 QUALCOMM build: RGURRAM_AU_LINUX_ANDROID_LNX.LA.3.5.1_RB1.04.04.02.048.056+PATCH[ES]_msm8226_LNX.LA.3.5.1_RB1__release_ENGG ()
10-13 06:24:55.634: I/Adreno-EGL(21173): OpenGL ES Shader Compiler Version: E031.24.00.15
10-13 06:24:55.634: I/Adreno-EGL(21173): Build Date: 05/27/14 Tue
10-13 06:24:55.634: I/Adreno-EGL(21173): Local Branch: 
10-13 06:24:55.634: I/Adreno-EGL(21173): Remote Branch: quic/LNX.LA.3.5.1_RB1.2
10-13 06:24:55.634: I/Adreno-EGL(21173): Local Patches: f0931b5dfb60c536e5444f9053822ad191929528 ES2.0: Fix for seg fault in VBO validation
10-13 06:24:55.634: I/Adreno-EGL(21173):                  0c6f7c995c347b2eb54a9baa340cab69ba279634 es20: Remove extra-logging info
10-13 06:24:55.634: I/Adreno-EGL(21173): Reconstruct Branch: AU_LINUX_ANDROID_LNX.LA.3.5.1_RB1.04.04
10-13 06:24:55.710: I/Adreno-EGL(21173): <qeglDrvAPI_eglInitialize:410>: EGL 1.4 QUALCOMM build: RGURRAM_AU_LINUX_ANDROID_LNX.LA.3.5.1_RB1.04.04.02.048.056+PATCH[ES]_msm8226_LNX.LA.3.5.1_RB1__release_ENGG ()
10-13 06:24:55.710: I/Adreno-EGL(21173): OpenGL ES Shader Compiler Version: E031.24.00.15
10-13 06:24:55.710: I/Adreno-EGL(21173): Build Date: 05/27/14 Tue
10-13 06:24:55.710: I/Adreno-EGL(21173): Local Branch: 
10-13 06:24:55.710: I/Adreno-EGL(21173): Remote Branch: quic/LNX.LA.3.5.1_RB1.2
10-13 06:24:55.710: I/Adreno-EGL(21173): Local Patches: f0931b5dfb60c536e5444f9053822ad191929528 ES2.0: Fix for seg fault in VBO validation
10-13 06:24:55.710: I/Adreno-EGL(21173):                  0c6f7c995c347b2eb54a9baa340cab69ba279634 es20: Remove extra-logging info
10-13 06:24:55.710: I/Adreno-EGL(21173): Reconstruct Branch: AU_LINUX_ANDROID_LNX.LA.3.5.1_RB1.04.04
10-13 06:24:55.752: I/WVCdm(296): CdmEngine::OpenSession
10-13 06:24:55.752: D/DrmWidevineDash(296): calling OEMCrypto_OpenSession...
10-13 06:24:55.753: D/DrmWidevineDash(296): OEMCrypto_OpenSession SID = 1
10-13 06:24:55.753: D/DrmWidevineDash(296): OEMCrypto_OpenSession returns 0
10-13 06:24:55.753: D/DrmWidevineDash(296): calling OEMCrypto_GetRandom...
10-13 06:24:55.754: D/DrmWidevineDash(296): OEMCrypto_GetRandom returns 0
10-13 06:24:55.754: I/WVCdm(296): CdmEngine::QueryKeyControlInfo
10-13 06:24:55.755: I/WVCdm(296): CdmEngine::GenerateKeyRequest
10-13 06:24:55.755: D/DrmWidevineDash(296): calling OEMCrypto_LoadDeviceRSAKey. SID = 1
10-13 06:24:55.757: I/SFPerfTracer(293):      triggers: (rate: 0:0) (0 sw vsyncs) (0 skipped) (0:15790 vsyncs) (1:19923)
10-13 06:24:55.758: D/DrmWidevineDash(296): OEMCrypto_LoadDeviceRSAKey returns 0
10-13 06:24:55.758: D/DrmWidevineDash(296): calling OEMCrypto_GetDeviceID...
10-13 06:24:55.765: D/DrmWidevineDash(296): OEMCrypto_GetDeviceID returns 0
10-13 06:24:55.765: D/DrmWidevineDash(296): calling OEMCrypto_GenerateNonce. SID = 1
10-13 06:24:55.765: D/DrmWidevineDash(296): OEMCrypto_GenerateNonce returns 0
10-13 06:24:55.765: D/WVCdm(296): PrepareKeyRequest: nonce=1540661380
10-13 06:24:55.765: D/DrmWidevineDash(296): calling OEMCrypto_GenerateRSASignature. SID = 1
10-13 06:24:55.766: D/DrmWidevineDash(296): OEMCrypto_GenerateRSASignature needs buffer size = 256
10-13 06:24:55.766: D/DrmWidevineDash(296): OEMCrypto_GenerateRSASignature returns 7
10-13 06:24:55.766: D/DrmWidevineDash(296): calling OEMCrypto_GenerateRSASignature. SID = 1
10-13 06:24:55.907: D/WifiStateMachine(1036): handleMessage: E msg.what=131155
10-13 06:24:55.907: D/WifiStateMachine(1036): processMsg: ConnectedState
10-13 06:24:55.907: D/WifiStateMachine(1036): processMsg: L2ConnectedState
10-13 06:24:55.909: D/WifiStateMachine(1036): handleMessage: X
10-13 06:24:55.957: D/DrmWidevineDash(296): OEMCrypto_GenerateRSASignature returns 0
10-13 06:24:55.958: I/WVCdm(296): CdmEngine::CloseSession
10-13 06:24:55.958: D/DrmWidevineDash(296): calling OEMCrypto_CloseSession. SID = 1
10-13 06:24:55.958: D/DrmWidevineDash(296): OEMCrypto_CloseSession returns 0
10-13 06:24:56.047: D/dalvikvm(20294): GC_CONCURRENT freed 2195K, 26% free 12881K/17188K, paused 4ms+6ms, total 46ms
10-13 06:24:56.053: D/WifiStateMachine(1036): handleMessage: E msg.what=151572
10-13 06:24:56.053: D/WifiStateMachine(1036): processMsg: ConnectedState
10-13 06:24:56.053: D/WifiStateMachine(1036): processMsg: L2ConnectedState
10-13 06:24:56.077: D/WifiStateMachine(1036): handleMessage: X
10-13 06:24:56.237: D/AndroidRuntime(21218): >>>>>> AndroidRuntime START com.android.internal.os.RuntimeInit <<<<<<
10-13 06:24:56.240: D/AndroidRuntime(21218): CheckJNI is OFF
10-13 06:24:56.250: W/Auth(20268): [GetToken] GetToken failed with status code: INVALID_SCOPE
10-13 06:24:56.253: E/HeterodyneSyncer(20294): Failed to get auth token: INVALID_SCOPE
10-13 06:24:56.253: E/HeterodyneSyncer(20294): dyj: INVALID_SCOPE
10-13 06:24:56.253: E/HeterodyneSyncer(20294): 	at dyn.a(:com.google.android.gms@11509030:16)
10-13 06:24:56.253: E/HeterodyneSyncer(20294): 	at dym.a(:com.google.android.gms@11509030:2)
10-13 06:24:56.253: E/HeterodyneSyncer(20294): 	at dym.e(:com.google.android.gms@11509030:6)
10-13 06:24:56.253: E/HeterodyneSyncer(20294): 	at dyk.f(:com.google.android.gms@11509030:3)
10-13 06:24:56.253: E/HeterodyneSyncer(20294): 	at dyk.a(:com.google.android.gms@11509030:4)
10-13 06:24:56.253: E/HeterodyneSyncer(20294): 	at dyk.a(:com.google.android.gms@11509030:7)
10-13 06:24:56.253: E/HeterodyneSyncer(20294): 	at xxp.a(:com.google.android.gms@11509030:30)
10-13 06:24:56.253: E/HeterodyneSyncer(20294): 	at xxr.a(:com.google.android.gms@11509030:27)
10-13 06:24:56.253: E/HeterodyneSyncer(20294): 	at xxr.a(:com.google.android.gms@11509030:158)
10-13 06:24:56.253: E/HeterodyneSyncer(20294): 	at xxr.a(:com.google.android.gms@11509030:284)
10-13 06:24:56.253: E/HeterodyneSyncer(20294): 	at com.google.android.gms.phenotype.sync.HeterodyneSyncTaskChimeraService.a(:com.google.android.gms@11509030:40)
10-13 06:24:56.253: E/HeterodyneSyncer(20294): 	at com.google.android.gms.phenotype.sync.HeterodyneSyncTaskChimeraService.a(:com.google.android.gms@11509030:19)
10-13 06:24:56.253: E/HeterodyneSyncer(20294): 	at pwx.run(:com.google.android.gms@11509030:1)
10-13 06:24:56.253: E/HeterodyneSyncer(20294): 	at java.util.concurrent.ThreadPoolExecutor.runWorker(ThreadPoolExecutor.java:1112)
10-13 06:24:56.253: E/HeterodyneSyncer(20294): 	at java.util.concurrent.ThreadPoolExecutor$Worker.run(ThreadPoolExecutor.java:587)
10-13 06:24:56.253: E/HeterodyneSyncer(20294): 	at java.lang.Thread.run(Thread.java:841)
10-13 06:24:56.257: D/dalvikvm(21218): Trying to load lib libjavacore.so 0x0
10-13 06:24:56.260: D/dalvikvm(21218): Added shared lib libjavacore.so 0x0
10-13 06:24:56.263: D/dalvikvm(21218): Trying to load lib libnativehelper.so 0x0
10-13 06:24:56.264: D/dalvikvm(21218): Added shared lib libnativehelper.so 0x0
10-13 06:24:56.264: D/dalvikvm(21218): No JNI_OnLoad found in libnativehelper.so 0x0, skipping init
10-13 06:24:56.298: D/dalvikvm(21218): Note: class Landroid/app/ActivityManagerNative; has 181 unimplemented (abstract) methods
10-13 06:24:56.313: W/HeterodyneSyncer(20294): Server returned 401... invalidating auth token
10-13 06:24:56.376: I/Adreno-EGL(21173): <qeglDrvAPI_eglInitialize:410>: EGL 1.4 QUALCOMM build: RGURRAM_AU_LINUX_ANDROID_LNX.LA.3.5.1_RB1.04.04.02.048.056+PATCH[ES]_msm8226_LNX.LA.3.5.1_RB1__release_ENGG ()
10-13 06:24:56.376: I/Adreno-EGL(21173): OpenGL ES Shader Compiler Version: E031.24.00.15
10-13 06:24:56.376: I/Adreno-EGL(21173): Build Date: 05/27/14 Tue
10-13 06:24:56.376: I/Adreno-EGL(21173): Local Branch: 
10-13 06:24:56.376: I/Adreno-EGL(21173): Remote Branch: quic/LNX.LA.3.5.1_RB1.2
10-13 06:24:56.376: I/Adreno-EGL(21173): Local Patches: f0931b5dfb60c536e5444f9053822ad191929528 ES2.0: Fix for seg fault in VBO validation
10-13 06:24:56.376: I/Adreno-EGL(21173):                  0c6f7c995c347b2eb54a9baa340cab69ba279634 es20: Remove extra-logging info
10-13 06:24:56.376: I/Adreno-EGL(21173): Reconstruct Branch: AU_LINUX_ANDROID_LNX.LA.3.5.1_RB1.04.04
10-13 06:24:56.418: I/Adreno-EGL(21173): <qeglDrvAPI_eglInitialize:410>: EGL 1.4 QUALCOMM build: RGURRAM_AU_LINUX_ANDROID_LNX.LA.3.5.1_RB1.04.04.02.048.056+PATCH[ES]_msm8226_LNX.LA.3.5.1_RB1__release_ENGG ()
10-13 06:24:56.418: I/Adreno-EGL(21173): OpenGL ES Shader Compiler Version: E031.24.00.15
10-13 06:24:56.418: I/Adreno-EGL(21173): Build Date: 05/27/14 Tue
10-13 06:24:56.418: I/Adreno-EGL(21173): Local Branch: 
10-13 06:24:56.418: I/Adreno-EGL(21173): Remote Branch: quic/LNX.LA.3.5.1_RB1.2
10-13 06:24:56.418: I/Adreno-EGL(21173): Local Patches: f0931b5dfb60c536e5444f9053822ad191929528 ES2.0: Fix for seg fault in VBO validation
10-13 06:24:56.418: I/Adreno-EGL(21173):                  0c6f7c995c347b2eb54a9baa340cab69ba279634 es20: Remove extra-logging info
10-13 06:24:56.418: I/Adreno-EGL(21173): Reconstruct Branch: AU_LINUX_ANDROID_LNX.LA.3.5.1_RB1.04.04
10-13 06:24:56.446: I/HeterodyneSyncScheduler(20294): Scheduling adaptive one off task with window [14400, 604800] in seconds
10-13 06:24:56.528: D/AndroidRuntime(21218): Calling main entry com.android.commands.pm.Pm
10-13 06:24:56.548: I/ActivityManager(1036): Start proc com.android.defcontainer for service com.android.defcontainer/.DefaultContainerService: pid=21230 uid=10012 gids={50012, 1028, 1015, 1023, 2001, 1035}
10-13 06:24:56.610: W/ActivityManager(1036): No content provider found for permission revoke: file:///data/local/tmp/app4332695254174556340.apk
10-13 06:24:56.643: I/CheckinUtil(20308): Classify the device as Phone.
10-13 06:24:56.687: W/System(20308): Ignoring header Cookie because its value was null.
10-13 06:24:56.687: I/ProcessCheckinRequest(20308): set cookie as: null
10-13 06:24:56.705: W/ActivityManager(1036): No content provider found for permission revoke: file:///data/local/tmp/app4332695254174556340.apk
10-13 06:24:56.705: I/PackageManager(1036): Copying native libraries to /data/app-lib/vmdl-681416867
10-13 06:24:56.744: W/PackageParser(1036): Unknown element under <manifest>: meta-data at /data/app/vmdl-681416867.tmp Binary XML file line #60
10-13 06:24:56.783: W/Conscrypt(20308): Could not set socket write timeout:
10-13 06:24:56.784: W/Conscrypt(20308):    java.lang.reflect.Method.invokeNative(Native Method)
10-13 06:24:56.784: W/Conscrypt(20308):    java.lang.reflect.Method.invoke(Method.java:515)
10-13 06:24:56.819: W/Conscrypt(20308): Could not set socket write timeout:
10-13 06:24:56.820: W/Conscrypt(20308):    java.lang.reflect.Method.invokeNative(Native Method)
10-13 06:24:56.820: W/Conscrypt(20308):    java.lang.reflect.Method.invoke(Method.java:515)
10-13 06:24:56.880: I/dalvikvm(20308): Jit: resizing JitTable from 4096 to 8192
10-13 06:24:56.942: D/dalvikvm(1036): GC_FOR_ALLOC freed 1502K, 34% free 19277K/28892K, paused 78ms, total 78ms
10-13 06:24:56.950: I/ProcessCheckinRequest(20308): REQUEST: b: "359298058970838"
10-13 06:24:56.950: I/ProcessCheckinRequest(20308): c: "24da9b473b6a"
10-13 06:24:56.950: I/ProcessCheckinRequest(20308): d: "wifi"
10-13 06:24:56.950: I/ProcessCheckinRequest(20308): e: "ZX1D52RRCM"
10-13 06:24:56.950: I/ProcessCheckinRequest(20308): g: 3875268999241921038
10-13 06:24:56.950: I/ProcessCheckinRequest(20308): h: 4207357065778025141
10-13 06:24:56.950: I/ProcessCheckinRequest(20308): i: "1-393bed567fa01f78c9581751455327eac162494d"
10-13 06:24:56.950: I/ProcessCheckinRequest(20308): j: "es"
10-13 06:24:56.950: I/ProcessCheckinRequest(20308): k <
10-13 06:24:56.950: I/ProcessCheckinRequest(20308):   a <
10-13 06:24:56.950: I/ProcessCheckinRequest(20308):     a: "motorola/titan_retuaws/titan_umts:4.4.4/KXB21.85-17/23:user/release-keys"
10-13 06:24:56.950: I/ProcessCheckinRequest(20308):     b: "MSM8626BP_1032.3112.97.00R, RETUSA_AWS_CUST"
10-13 06:24:56.950: I/ProcessCheckinRequest(20308):     c: "0x4886"
10-13 06:24:56.950: I/ProcessCheckinRequest(20308):     d: "qcom"
10-13 06:24:56.950: I/ProcessCheckinRequest(20308):     e: "motorola"
10-13 06:24:56.950: I/ProcessCheckinRequest(20308):     f: "android-motorola"
10-13 06:24:56.950: I/ProcessCheckinRequest(20308):     g: 1406235203
10-13 06:24:56.950: I/ProcessCheckinRequest(20308):     h: 11509030
10-13 06:24:56.950: I/ProcessCheckinRequest(20308):     i: 19
10-13 06:24:56.950: I/ProcessCheckinRequest(20308):     j: "titan_umts"
10-13 06:24:56.950: I/ProcessCheckinRequest(20308):     k: "XT1064"
10-13 06:24:56.950: I/ProcessCheckinRequest(20308):     l: "motorola"
10-13 06:24:56.950: I/ProcessCheckinRequest(20308):     m: "titan_retuaws"
10-13 06:24:56.950: I/ProcessCheckinRequest(20308):     n: false
10-13 06:24:56.950: I/ProcessCheckinRequest(20308):     o <
10-13 06:24:56.950: I/ProcessCheckinRequest(20308):       a: 2
10-13 06:24:56.950: I/ProcessCheckinRequest(20308):       b: "ms-android-motorola"
10-13 06:24:56.950: I/ProcessCheckinRequest(20308):     >
10-13 06:24:56.950: I/ProcessCheckinRequest(20308):     o <
10-13 06:24:56.950: I/ProcessCheckinRequest(20308):       a: 4
10-13 06:24:56.950: I/ProcessCheckinRequest(20308):       b: "gmm-android-motorola"
10-13 06:24:56.950: I/ProcessCheckinRequest(20308):     >
10-13 06:24:56.950: I/ProcessCheckinRequest(20308):     o <
10-13 06:24:56.950: I/ProcessCheckinRequest(20308):       a: 6
10-13 06:24:56.950: I/ProcessCheckinRequest(20308):       b: "am-android-motorola"
10-13 06:24:56.950: I/ProcessCheckinRequest(20308):     >
10-13 06:24:56.950: I/ProcessCheckinRequest(20308):     o <
10-13 06:24:56.950: I/ProcessCheckinRequest(20308):       a: 1
10-13 06:24:56.950: I/ProcessCheckinRequest(20308):       b: "android-motorola"
10-13 06:24:56.950: I/ProcessCheckinRequest(20308):     >
10-13 06:24:56.950: I/ProcessCheckinRequest(20308):     o <
10-13 06:24:56.950: I/ProcessCheckinRequest(20308):       a: 9
10-13 06:24:56.950: I/ProcessCheckinRequest(20308):       b: "ms-android-motorola"
10-13 06:24:56.950: I/ProcessCheckinRequest(20308):     >
10-13 06:24:56.950: I/ProcessCheckinRequest(20308):     o <
10-13 06:24:56.950: I/ProcessCheckinRequest(20308):       a: 5
10-13 06:24:56.950: I/ProcessCheckinRequest(20308):       b: "mvapp-android-motorola"
10-13 06:24:56.950: I/ProcessCheckinRequest(20308):     >
10-13 06:24:56.950: I/ProcessCheckinRequest(20308):   >
10-13 06:24:56.950: I/ProcessCheckinRequest(20308):   b: 1507835938104
10-13 06:24:56.950: I/ProcessCheckinRequest(20308):   g: "WIFI::"
10-13 06:24:56.950: I/ProcessCheckinRequest(20308):   i: 0
10-13 06:24:56.950: I/ProcessCheckinRequest(20308):   j: 2
10-13 06:24:56.950: I/ProcessCheckinRequest(20308):   k <
10-13 06:24:56.950: I/ProcessCheckinRequest(20308):     a: 4
10-13 06:24:56.950: I/ProcessCheckinRequest(20308):     b: 1
10-13 06:24:56.950: I/ProcessCheckinRequest(20308):     c: "unspecified"
10-13 06:24:56.950: I/ProcessCheckinRequest(20308):     d: ""
10-13 06:24:56.950: I/ProcessCheckinRequest(20308):     e: false
10-13 06:24:56.950: I/ProcessCheckinRequest(20308):   >
10-13 06:24:56.950: I/ProcessCheckinRequest(20308): >
10-13 06:24:56.950: I/ProcessCheckinRequest(20308): l: "[4A2NI7OQOTX46RNLLDCZ5QQEKA-01@cloudtestlabaccounts.com]"
10-13 06:24:56.950: I/ProcessCheckinRequest(20308): m: "America/Los_Angeles"
10-13 06:24:56.950: I/ProcessCheckinRequest(20308): n: 378950935412401249
10-13 06:24:56.950: I/ProcessCheckinRequest(20308): o: 3
10-13 06:24:56.950: I/ProcessCheckinRequest(20308): p: "feM6ygVLU842Bv2lWU26lsDXrLQ="
10-13 06:24:56.950: I/ProcessCheckinRequest(20308): q <
10-13 06:24:56.950: I/ProcessCheckinRequest(20308):   a: 3
10-13 06:24:56.950: I/ProcessCheckinRequest(20308):   b: 1
10-13 06:24:56.950: I/ProcessCheckinRequest(20308):   c: 1
10-13 06:24:56.950: I/ProcessCheckinRequest(20308):   d: 2
10-13 06:24:56.950: I/ProcessCheckinRequest(20308):   e: false
10-13 06:24:56.950: I/ProcessCheckinRequest(20308):   f: false
10-13 06:24:56.950: I/ProcessCheckinRequest(20308):   g: 320
10-13 06:24:56.950: I/ProcessCheckinRequest(20308):   h: 720
10-13 06:24:56.950: I/ProcessCheckinRequest(20308):   i: 1184
10-13 06:24:56.950: I/ProcessCheckinRequest(20308):   j: 196608
10-13 06:24:56.950: I/ProcessCheckinRequest(20308):   k: "android.test.runner"
10-13 06:24:56.950: I/ProcessCheckinRequest(20308):   k: "com.android.future.usb.accessory"
10-13 06:24:56.950: I/ProcessCheckinRequest(20308):   k: "com.android.location.provider"
10-13 06:24:56.950: I/ProcessCheckinRequest(20308):   k: "com.android.media.remotedisplay"
10-13 06:24:56.950: I/ProcessCheckinRequest(20308):   k: "com.google.android.maps"
10-13 06:24:56.950: I/ProcessCheckinRequest(20308):   k: "com.google.android.media.effects"
10-13 06:24:56.950: I/ProcessCheckinRequest(20308):   k: "com.google.widevine.software.drm"
10-13 06:24:56.950: I/ProcessCheckinRequest(20308):   k: "com.motorola.android.encryption"
10-13 06:24:56.950: I/ProcessCheckinRequest(20308):   k: "com.motorola.android.settings.shared"
10-13 06:24:56.950: I/ProcessCheckinRequest(20308):   k: "com.motorola.frameworks.core.addon"
10-13 06:24:56.950: I/ProcessCheckinRequest(20308):   k: "com.motorola.gallery"
10-13 06:24:56.950: I/ProcessCheckinRequest(20308):   k: "com.motorola.moodle.library"
10-13 06:24:56.950: I/ProcessCheckinRequest(20308):   k: "com.motorola.motosignature"
10-13 06:24:56.950: I/ProcessCheckinRequest(20308):   k: "com.qualcomm.location.vzw_library"
10-13 06:24:56.950: I/ProcessCheckinRequest(20308):   k: "com.qualcomm.qcnvitems"
10-13 06:24:56.950: I/ProcessCheckinRequest(20308):   k: "com.qualcomm.qcrilhook"
10-13 06:24:56.950: I/ProcessCheckinRequest(20308):   k: "com.quicinc.cneapiclient"
10-13 06:24:56.950: I/ProcessCheckinRequest(20308):   k: "javax.obex"
10-13 06:24:56.950: I/ProcessCheckinRequest(20308):   k: "org.codeaurora.imslibrary"
10-13 06:24:56.950: I/ProcessCheckinRequest(20308):   k: "protobufs-2.3.0"
10-13 06:24:56.950: I/ProcessCheckinRequest(20308):   k: "qcom.fmradio"
10-13 06:24:56.950: I/ProcessCheckinRequest(20308):   l: "android.hardware.bluetooth"
10-13 06:24:56.950: I/ProcessCheckinRequest(20308):   l: "android.hardware.bluetooth_le"
10-13 06:24:56.950: I/ProcessCheckinRequest(20308):   l: "android.hardware.camera"
10-13 06:24:56.950: I/ProcessCheckinRequest(20308):   l: "android.hardware.camera.any"
10-13 06:24:56.950: I/ProcessCheckinRequest(20308):   l: "android.hardware.camera.autofocus"
10-13 06:24:56.950: I/ProcessCheckinRequest(20308):   l: "android.hardware.camera.flash"
10-13 06:24:56.950: I/ProcessCheckinRequest(20308):   l: "android.hardware.camera.front"
10-13 06:24:56.950: I/ProcessCheckinRequest(20308):   l: "android.hardware.faketouch"
10-13 06:24:56.950: I/ProcessCheckinRequest(20308):   l: "android.hardware.location"
10-13 06:24:56.950: I/ProcessCheckinRequest(20308):   l: "android.hardware.location.gps"
10-13 06:24:56.950: I/ProcessCheckinRequest(20308):   l: "android.hardware.location.network"
10-13 06:24:56.950: I/ProcessCheckinRequest(20308):   l: "android.hardware.microphone"
10-13 06:24:56.950: I/ProcessCheckinRequest(20308):   l: "android.hardware.screen.landscape"
10-13 06:24:56.950: I/ProcessCheckinRequest(20308):   l: "android.hardware.screen.portrait"
10-13 06:24:56.950: I/ProcessCheckinRequest(20308):   l: "android.hardware.sensor.accelerometer"
10-13 06:24:56.950: I/ProcessCheckinRequest(20308):   l: "android.hardware.sensor.compass"
10-13 06:24:56.950: I/ProcessCheckinRequest(20308):   l: "android.hardware.sensor.gyroscope"
10-13 06:24:56.950: I/ProcessCheckinRequest(20308):   l: "android.hardware.sensor.light"
10-13 06:24:56.950: I/ProcessCheckinRequest(20308):   l: "android.hardware.sensor.proximity"
10-13 06:24:56.950: I/ProcessCheckinRequest(20308):   l: "android.hardware.telephony"
10-13 06:24:56.950: I/ProcessCheckinRequest(20308):   l: "android.hardware.telephony.cdma"
10-13 06:24:56.950: I/ProcessCheckinRequest(20308):   l: "android.hardware.telephony.gsm"
10-13 06:24:56.950: I/ProcessCheckinRequest(20308):   l: "android.hardware.touchscreen"
10-13 06:24:56.950: I/ProcessCheckinRequest(20308):   l: "android.hardware.touchscreen.multitouch"
10-13 06:24:56.950: I/ProcessCheckinRequest(20308):   l: "android.hardware.touchscreen.multitouch.distinct"
10-13 06:24:56.950: I/ProcessCheckinRequest(20308):   l: "android.hardware.touchscreen.multitouch.jazzhand"
10-13 06:24:56.950: I/ProcessCheckinRequest(20308):   l: "android.hardware.usb.accessory"
10-13 06:24:56.950: I/ProcessCheckinRequest(20308):   l: "android.hardware.usb.host"
10-13 06:24:56.950: I/ProcessCheckinRequest(20308):   l: "android.hardware.wifi"
10-13 06:24:56.950: I/ProcessCheckinRequest(20308):   l: "android.hardware.wifi.direct"
10-13 06:24:56.950: I/ProcessCheckinRequest(20308):   l: "android.software.app_widgets"
10-13 06:24:56.950: I/ProcessCheckinRequest(20308):   l: "android.software.device_admin"
10-13 06:24:56.950: I/ProcessCheckinRequest(20308):   l: "android.software.home_screen"
10-13 06:24:56.950: I/ProcessCheckinRequest(20308):   l: "android.software.input_methods"
10-13 06:24:56.950: I/ProcessCheckinRequest(20308):   l: "android.software.live_wallpaper"
10-13 06:24:56.950: I/ProcessCheckinRequest(20308):   l: "android.software.sip"
10-13 06:24:56.950: I/ProcessCheckinRequest(20308):   l: "com.motorola.camera"
10-13 06:24:56.950: I/ProcessCheckinRequest(20308):   l: "com.motorola.camera.chalmers"
10-13 06:24:56.950: I/ProcessCheckinRequest(20308):   l: "com.motorola.context"
10-13 06:24:56.950: I/ProcessCheckinRequest(20308):   l: "com.motorola.deviceauthenticator"
10-13 06:24:56.950: I/ProcessCheckinRequest(20308):   l: "com.motorola.smartaction2"
10-13 06:24:56.950: I/ProcessCheckinRequest(20308):   l: "com.motorola.smartactions2_1.1"
10-13 06:24:56.950: I/ProcessCheckinRequest(20308):   l: "com.motorola.software.activedisplaylite"
10-13 06:24:56.950: I/ProcessCheckinRequest(20308):   l: "com.motorola.software.bodyguard"
10-13 06:24:56.950: I/ProcessCheckinRequest(20308):   l: "com.motorola.software.device.titan_umts"
10-13 06:24:56.950: I/ProcessCheckinRequest(20308):   l: "com.motorola.software.fingerprint.motorola/titan_retuaws/titan_umts:4.4.4/KXB21.85-17/23:user/test-keys"
10-13 06:24:56.950: I/ProcessCheckinRequest(20308):   l: "com.motorola.software.fmradioservice"
10-13 06:24:56.950: I/ProcessCheckinRequest(20308):   l: "com.motorola.software.fmrecording"
10-13 06:24:56.950: I/ProcessCheckinRequest(20308):   l: "com.motorola.software.guideme"
10-13 06:24:56.950: I/ProcessCheckinRequest(20308):   l: "com.motorola.software.product.titan_retuaws"
10-13 06:24:56.950: I/ProcessCheckinRequest(20308):   l: "com.motorola.software.storageoptimizer"
10-13 06:24:56.950: I/ProcessCheckinRequest(20308):   m <
10-13 06:24:56.950: I/ProcessCheckinRequest(20308):     a: "android.hardware.bluetooth"
10-13 06:24:56.950: I/ProcessCheckinRequest(20308):     b: 0
10-13 06:24:56.950: I/ProcessCheckinRequest(20308):   >
10-13 06:24:56.950: I/ProcessCheckinRequest(20308):   m <
10-13 06:24:56.950: I/ProcessCheckinRequest(20308):     a: "android.ha
10-13 06:24:57.054: D/WifiStateMachine(1036): handleMessage: E msg.what=151572
10-13 06:24:57.054: D/WifiStateMachine(1036): processMsg: ConnectedState
10-13 06:24:57.054: D/WifiStateMachine(1036): processMsg: L2ConnectedState
10-13 06:24:57.059: D/WifiStateMachine(1036): handleMessage: X
10-13 06:24:57.175: D/dalvikvm(1036): GC_CONCURRENT freed 1533K, 30% free 20328K/28892K, paused 4ms+7ms, total 88ms
10-13 06:24:57.175: D/dalvikvm(1036): WAIT_FOR_CONCURRENT_GC blocked 12ms
10-13 06:24:57.177: D/dalvikvm(1036): WAIT_FOR_CONCURRENT_GC blocked 72ms
10-13 06:24:57.202: I/Ads(20308): Accounts have changed: com.google.android.gms.auth.GOOGLE_ACCOUNT_CHANGE
10-13 06:24:57.205: W/dalvikvm(20308): VFY: unable to find class referenced in signature (Landroid/net/Network;)
10-13 06:24:57.205: W/dalvikvm(20308): VFY: unable to find class referenced in signature (Landroid/net/Network;)
10-13 06:24:57.216: W/ConfigurationChimeraProvider(20294): Got null configs for com.google.android.gms.ads
10-13 06:24:57.217: I/GlobalDismissManager(21104): no sender configured
10-13 06:24:57.217: D/AlertService(21104): Beginning updateAlertNotification
10-13 06:24:57.223: I/IcingInternalCorpora(20308): Received calendar change notification.
10-13 06:24:57.234: D/AlertService(21104): No fired or scheduled alerts
10-13 06:24:57.245: D/AlertService(21104): Scheduling next alarm with AlarmScheduler. sEventReminderReceived: null
10-13 06:24:57.261: D/dalvikvm(20268): GC_EXPLICIT freed 1147K, 32% free 11774K/17188K, paused 3ms+5ms, total 46ms
10-13 06:24:57.271: W/constellation(20308): [gaia_id_checker] GAIA id checker has been disabled by gservice flag.
10-13 06:24:57.285: D/AlarmScheduler(21104): No events found starting within 1 week.
10-13 06:24:57.295: D/AlertService(21104): 0 Action = android.intent.action.PROVIDER_CHANGED
10-13 06:24:57.303: I/dalvikvm(20308): Could not find method android.content.res.Configuration.getLocales, referenced from method jkh.<init>
10-13 06:24:57.303: W/dalvikvm(20308): VFY: unable to resolve virtual method 3675: Landroid/content/res/Configuration;.getLocales ()Landroid/os/LocaleList;
10-13 06:24:57.304: D/dalvikvm(20308): VFY: replacing opcode 0x6e at 0x0039
10-13 06:24:57.304: I/dalvikvm(20308): Could not find method java.util.Locale.toLanguageTag, referenced from method jkh.<init>
10-13 06:24:57.304: W/dalvikvm(20308): VFY: unable to resolve virtual method 38660: Ljava/util/Locale;.toLanguageTag ()Ljava/lang/String;
10-13 06:24:57.304: D/dalvikvm(20308): VFY: replacing opcode 0x6e at 0x0065
10-13 06:24:57.331: I/dalvikvm(20308): Could not find method android.telephony.SubscriptionManager.from, referenced from method ahoy.a
10-13 06:24:57.331: W/dalvikvm(20308): VFY: unable to resolve static method 29103: Landroid/telephony/SubscriptionManager;.from (Landroid/content/Context;)Landroid/telephony/SubscriptionManager;
10-13 06:24:57.331: D/dalvikvm(20308): VFY: replacing opcode 0x71 at 0x004a
10-13 06:24:57.343: I/dalvikvm(20308): Could not find method android.content.Context.checkSelfPermission, referenced from method ahor.a
10-13 06:24:57.343: W/dalvikvm(20308): VFY: unable to resolve virtual method 27892: Landroid/content/Context;.checkSelfPermission (Ljava/lang/String;)I
10-13 06:24:57.343: D/dalvikvm(20308): VFY: replacing opcode 0x6e at 0x0007
10-13 06:24:57.346: I/ActivityManager(1036): Killing 21051:com.google.android.syncadapters.calendar/u0a62 (adj 15): empty #9
10-13 06:24:57.347: W/ContextImpl(1297): Calling a method in the system process without a qualified user: android.app.ContextImpl.sendBroadcast:1252 android.content.ContextWrapper.sendBroadcast:365 com.motorola.motocare.util.TriggerHelper$TriggerBuilder.send:76 com.motorola.motocare.internal.frameworkevents.ProcessKillTrigger.sendTrigger:147 com.motorola.motocare.internal.frameworkevents.ProcessKillTrigger.handleFrameworkEvent:164 
10-13 06:24:57.349: D/dalvikvm(20308): GC_CONCURRENT freed 1761K, 27% free 12602K/17188K, paused 4ms+4ms, total 54ms
10-13 06:24:57.351: I/dalvikvm(20308): Could not find method android.telephony.SubscriptionManager.from, referenced from method ahil.a
10-13 06:24:57.351: W/dalvikvm(20308): VFY: unable to resolve static method 29103: Landroid/telephony/SubscriptionManager;.from (Landroid/content/Context;)Landroid/telephony/SubscriptionManager;
10-13 06:24:57.351: D/dalvikvm(20308): VFY: replacing opcode 0x71 at 0x0019
10-13 06:24:57.402: I/dalvikvm(20308): Could not find method android.content.Context.isDeviceProtectedStorage, referenced from method jfp.a
10-13 06:24:57.403: W/dalvikvm(20308): VFY: unable to resolve virtual method 3442: Landroid/content/Context;.isDeviceProtectedStorage ()Z
10-13 06:24:57.403: D/dalvikvm(20308): VFY: replacing opcode 0x6e at 0x02ca
10-13 06:24:57.410: I/CheckinResponseProcess(20308): From server: 1 gservices updates and 1 deletes
10-13 06:24:57.413: I/MS_RegisterService(20308): RegisterService intent:Intent { act=com.google.android.gms.matchstick.register_intent_google_account_change cat=[targeted_intent_op_prefix:com.google.android.libraries.matchstick.net.SilentRegisterIntentOperation] cmp=com.google.android.gms/.chimera.GmsIntentOperationService } isPeriodic:false
10-13 06:24:57.438: I/MS_PhoneUtils(20308): Phone type: 1
10-13 06:24:57.438: W/MS_RegisterService(20308): Not eligible for registration.
10-13 06:24:57.473: W/Auth(20268): [GetToken] GetToken failed with status code: INVALID_SCOPE
10-13 06:24:57.474: I/Ads(20308): Immediate DSID task failed. Scheduling one-off
10-13 06:24:57.511: I/GCM-GMS(20308): Groups upload failed
10-13 06:24:57.537: I/ActivityManager(1036): Killing 20809:com.google.android.talk/u0a66 (adj 15): empty #9
10-13 06:24:57.538: W/ContextImpl(1297): Calling a method in the system process without a qualified user: android.app.ContextImpl.sendBroadcast:1252 android.content.ContextWrapper.sendBroadcast:365 com.motorola.motocare.util.TriggerHelper$TriggerBuilder.send:76 com.motorola.motocare.internal.frameworkevents.ProcessKillTrigger.sendTrigger:147 com.motorola.motocare.internal.frameworkevents.ProcessKillTrigger.handleFrameworkEvent:164 
10-13 06:24:57.659: E/UlpEngine(1036): kvs.containsKey(ENH_LOCATION_SERVICES_ENABLED) returned false
10-13 06:24:57.659: D/Ulp_jni(1036): JNI:In update_settings:currentContextType 0, currentGpsSetting 1, currentAgpsSetting 0,currentNetworkProvSetting 1,currentWifiSetting 0,currentBatteryCharging 0,currentEnhLocationServicesSetting 0 currentPipUserSetting 0 
10-13 06:24:57.659: D/Ulp_jni(1036): JNI:system_update. Event-4
10-13 06:24:57.677: E/UlpEngine(1036): kvs.containsKey(ENH_LOCATION_SERVICES_ENABLED) returned false
10-13 06:24:57.677: D/Ulp_jni(1036): JNI:In update_settings:currentContextType 0, currentGpsSetting 1, currentAgpsSetting 0,currentNetworkProvSetting 1,currentWifiSetting 0,currentBatteryCharging 0,currentEnhLocationServicesSetting 0 currentPipUserSetting 0 
10-13 06:24:57.677: D/Ulp_jni(1036): JNI:system_update. Event-4
10-13 06:24:57.701: E/UlpEngine(1036): kvs.containsKey(ENH_LOCATION_SERVICES_ENABLED) returned false
10-13 06:24:57.701: D/Ulp_jni(1036): JNI:In update_settings:currentContextType 0, currentGpsSetting 1, currentAgpsSetting 0,currentNetworkProvSetting 1,currentWifiSetting 0,currentBatteryCharging 0,currentEnhLocationServicesSetting 0 currentPipUserSetting 0 
10-13 06:24:57.701: D/Ulp_jni(1036): JNI:system_update. Event-4
10-13 06:24:57.702: I/CertBlacklister(1036): Certificate blacklist changed, updating...
10-13 06:24:57.708: I/CertBlacklister(1036): Certificate blacklist updated
10-13 06:24:57.723: E/UlpEngine(1036): kvs.containsKey(ENH_LOCATION_SERVICES_ENABLED) returned false
10-13 06:24:57.724: D/Ulp_jni(1036): JNI:In update_settings:currentContextType 0, currentGpsSetting 1, currentAgpsSetting 0,currentNetworkProvSetting 1,currentWifiSetting 0,currentBatteryCharging 0,currentEnhLocationServicesSetting 0 currentPipUserSetting 0 
10-13 06:24:57.724: D/Ulp_jni(1036): JNI:system_update. Event-4
10-13 06:24:57.743: D/Ulp_jni(1036): JNI:In update_settings:currentContextType 0, currentGpsSetting 0, currentAgpsSetting 1,currentNetworkProvSetting 0,currentWifiSetting 1,currentBatteryCharging 0,currentEnhLocationServicesSetting 0 currentPipUserSetting 0 
10-13 06:24:57.743: D/Ulp_jni(1036): JNI:system_update. Event-4
10-13 06:24:57.761: D/Ulp_jni(1036): JNI:In update_settings:currentContextType 0, currentGpsSetting 0, currentAgpsSetting 1,currentNetworkProvSetting 0,currentWifiSetting 1,currentBatteryCharging 0,currentEnhLocationServicesSetting 0 currentPipUserSetting 0 
10-13 06:24:57.761: D/Ulp_jni(1036): JNI:system_update. Event-4
10-13 06:24:57.767: I/GservicesProvider(20268): main difference update completed
10-13 06:24:57.781: I/ActivityManager(1036): Start proc com.google.android.configupdater for broadcast com.google.android.configupdater/.CertPin.CertPinUpdateRequestReceiver: pid=21259 uid=10008 gids={50008, 3003, 2001}
10-13 06:24:57.796: I/ProcessCheckinRequest(20308): updateCheckinIdTokenFileFromResponse, Reading existing AID
10-13 06:24:57.796: I/CheckinRequestBuilder(20308): Checkin reason type: 4 attempt count: 1
10-13 06:24:57.801: E/ActivityThread(20308): Failed to find provider info for com.google.android.wearable.settings
10-13 06:24:57.821: W/ContextImpl(21259): Implicit intents with startService are not safe: Intent { act=com.google.android.configupdater.CertPin.START (has extras) } android.content.ContextWrapper.startService:494 android.content.ContextWrapper.startService:494 com.google.android.configupdater.UpdateRequestReceiver.startUpdate:219 
10-13 06:24:57.826: I/UpdateFetcherService(21259): Update started
10-13 06:24:57.836: W/ConfigurationChimeraProvider(20294): Got null configs for com.google.android.gms.nearby
10-13 06:24:57.839: I/openssl(2127): Crypto mode not selected, openssl will run on its regular mode.
10-13 06:24:57.839: I/openssl(2127): Crypto mode 0 already enabled
10-13 06:24:57.847: E/UpdateRequestReceiver(21259): Received malformed URL while handling Gservices.CHANGED_ACTION
10-13 06:24:57.873: W/ContextImpl(21259): Implicit intents with startService are not safe: Intent { act=com.google.android.configupdater.SmsShortCodes.START (has extras) } android.content.ContextWrapper.startService:494 android.content.ContextWrapper.startService:494 com.google.android.configupdater.UpdateRequestReceiver.startUpdate:219 
10-13 06:24:57.876: I/UpdateFetcherService(21259): Update started
10-13 06:24:57.886: E/UpdateRequestReceiver(21259): Received malformed URL while handling Gservices.CHANGED_ACTION
10-13 06:24:57.892: E/UpdateRequestReceiver(21259): Received malformed URL while handling Gservices.CHANGED_ACTION
10-13 06:24:57.894: W/Auth(20268): [GetToken] GetToken failed with status code: INVALID_SCOPE
10-13 06:24:57.933: E/UpdateRequestReceiver(21259): Received malformed URL while handling Gservices.CHANGED_ACTION
10-13 06:24:57.941: I/DownloadManager(2127): Download 399 starting
10-13 06:24:57.942: I/ActivityManager(1036): Start proc com.google.android.partnersetup for broadcast com.google.android.partnersetup/.GservicesChangedReceiver: pid=21289 uid=10023 gids={50023, 3003}
10-13 06:24:57.956: I/ActivityManager(1036): Killing 20855:com.google.android.apps.plus/u0a85 (adj 15): empty #9
10-13 06:24:57.958: W/ContextImpl(1297): Calling a method in the system process without a qualified user: android.app.ContextImpl.sendBroadcast:1252 android.content.ContextWrapper.sendBroadcast:365 com.motorola.motocare.util.TriggerHelper$TriggerBuilder.send:76 com.motorola.motocare.internal.frameworkevents.ProcessKillTrigger.sendTrigger:147 com.motorola.motocare.internal.frameworkevents.ProcessKillTrigger.handleFrameworkEvent:164 
10-13 06:24:57.989: I/DownloadManager(2127): Download 400 starting
10-13 06:24:57.990: W/Auth(20268): [GetToken] GetToken failed with status code: INVALID_SCOPE
10-13 06:24:57.993: E/CheckinRequestBuilder(20308): Unrecoverable authentication exception: INVALID_SCOPE
10-13 06:24:57.993: E/CheckinRequestBuilder(20308): dyj: INVALID_SCOPE
10-13 06:24:57.993: E/CheckinRequestBuilder(20308): 	at dyn.a(:com.google.android.gms@11509030:16)
10-13 06:24:57.993: E/CheckinRequestBuilder(20308): 	at dym.a(:com.google.android.gms@11509030:2)
10-13 06:24:57.993: E/CheckinRequestBuilder(20308): 	at dym.e(:com.google.android.gms@11509030:6)
10-13 06:24:57.993: E/CheckinRequestBuilder(20308): 	at dyk.f(:com.google.android.gms@11509030:3)
10-13 06:24:57.993: E/CheckinRequestBuilder(20308): 	at dyk.a(:com.google.android.gms@11509030:4)
10-13 06:24:57.993: E/CheckinRequestBuilder(20308): 	at hfb.a(:com.google.android.gms@11509030:219)
10-13 06:24:57.993: E/CheckinRequestBuilder(20308): 	at hgb.a(:com.google.android.gms@11509030:18)
10-13 06:24:57.993: E/CheckinRequestBuilder(20308): 	at hgb.a(:com.google.android.gms@11509030:182)
10-13 06:24:57.993: E/CheckinRequestBuilder(20308): 	at com.google.android.gms.checkin.CheckinChimeraService.a(:com.google.android.gms@11509030:149)
10-13 06:24:57.993: E/CheckinRequestBuilder(20308): 	at hex.run(:com.google.android.gms@11509030:2)
10-13 06:24:57.993: E/CheckinRequestBuilder(20308): 	at jqa.run(:com.google.android.gms@11509030:25)
10-13 06:24:57.993: E/CheckinRequestBuilder(20308): 	at java.util.concurrent.ThreadPoolExecutor.runWorker(ThreadPoolExecutor.java:1112)
10-13 06:24:57.993: E/CheckinRequestBuilder(20308): 	at java.util.concurrent.ThreadPoolExecutor$Worker.run(ThreadPoolExecutor.java:587)
10-13 06:24:57.993: E/CheckinRequestBuilder(20308): 	at jvj.run(:com.google.android.gms@11509030)
10-13 06:24:57.993: E/CheckinRequestBuilder(20308): 	at java.lang.Thread.run(Thread.java:841)
10-13 06:24:58.010: I/CheckinUtil(20308): Classify the device as Phone.
10-13 06:24:58.048: I/ActivityManager(1036): Start proc com.google.android.setupwizard for broadcast com.google.android.setupwizard/.GservicesChangedReceiver: pid=21316 uid=10039 gids={50039, 3003}
10-13 06:24:58.055: D/WifiStateMachine(1036): handleMessage: E msg.what=151572
10-13 06:24:58.055: D/WifiStateMachine(1036): processMsg: ConnectedState
10-13 06:24:58.055: D/WifiStateMachine(1036): processMsg: L2ConnectedState
10-13 06:24:58.062: D/WifiStateMachine(1036): handleMessage: X
10-13 06:24:58.077: I/GeofencerStateMachine(20294): sendQueryLocationOptIn
10-13 06:24:58.171: D/dalvikvm(1036): GC_CONCURRENT freed 2609K, 29% free 20567K/28892K, paused 5ms+9ms, total 102ms
10-13 06:24:58.171: D/dalvikvm(1036): WAIT_FOR_CONCURRENT_GC blocked 69ms
10-13 06:24:58.171: D/dalvikvm(1036): WAIT_FOR_CONCURRENT_GC blocked 60ms
10-13 06:24:58.171: D/dalvikvm(1036): WAIT_FOR_CONCURRENT_GC blocked 58ms
10-13 06:24:58.172: D/dalvikvm(1036): WAIT_FOR_CONCURRENT_GC blocked 60ms
10-13 06:24:58.172: D/dalvikvm(1036): WAIT_FOR_CONCURRENT_GC blocked 72ms
10-13 06:24:58.172: D/dalvikvm(1036): WAIT_FOR_CONCURRENT_GC blocked 70ms
10-13 06:24:58.173: I/GeofencerStateMachine(20294): sendQueryLocationOptIn
10-13 06:24:58.186: I/DownloadManager(2127): Ignoring Content-Length since Transfer-Encoding is also defined
10-13 06:24:58.191: E/PhoneMonitor(21316): onOtaspChanged old =0, new =3
10-13 06:24:58.191: V/PhoneMonitor(21316): mOtaspPhoneStateListener#onOtaspChanged, mOtaspMode=3
10-13 06:24:58.194: I/ActivityManager(1036): Killing 20878:com.google.android.videos/u0a95 (adj 15): empty #9
10-13 06:24:58.197: W/ContextImpl(1297): Calling a method in the system process without a qualified user: android.app.ContextImpl.sendBroadcast:1252 android.content.ContextWrapper.sendBroadcast:365 com.motorola.motocare.util.TriggerHelper$TriggerBuilder.send:76 com.motorola.motocare.internal.frameworkevents.ProcessKillTrigger.sendTrigger:147 com.motorola.motocare.internal.frameworkevents.ProcessKillTrigger.handleFrameworkEvent:164 
10-13 06:24:58.202: I/ContactAccountLoggerTas(1716): canRun() : Opted Out
10-13 06:24:58.209: E/ProcessCheckinRequest(20308): CheckinNowTaskTag : Checkin Succeeded: https://android.clients.google.com/checkin (request #1): 
10-13 06:24:58.214: I/ActivityManager(1036): Start proc com.google.android.apps.plus for broadcast com.google.android.apps.plus/com.google.android.apps.moviemaker.app.ApplicationEnabler$Receiver: pid=21333 uid=10085 gids={50085, 3003, 3002, 1028, 1015}
10-13 06:24:58.222: I/GeofencerStateMachine(20294): sendQueryLocationOptIn
10-13 06:24:58.222: I/Search.GservicesUpdateTask(1716): Updating Gservices keys
10-13 06:24:58.271: I/GeofencerStateMachine(20294): sendQueryLocationOptIn
10-13 06:24:58.293: D/dalvikvm(20268): GC_EXPLICIT freed 1537K, 32% free 11828K/17188K, paused 4ms+6ms, total 55ms
10-13 06:24:58.301: I/GeofencerStateMachine(20294): sendQueryLocationOptIn
10-13 06:24:58.335: D/Checkin(2127): publish the event [tag = MOT_MEDIA_STATS_L3 event name = FILE_DOWNLOAD]
10-13 06:24:58.343: I/EventLogChimeraService(20308): Accumulating logs since 1507901092744
10-13 06:24:58.365: I/GeofencerStateMachine(20294): sendQueryLocationOptIn
10-13 06:24:58.377: I/DownloadManager(2127): Ignoring Content-Length since Transfer-Encoding is also defined
10-13 06:24:58.387: I/ContactAccountLoggerTas(1716): canRun() : Opted Out
10-13 06:24:58.388: I/ContactAccountLoggerTas(1716): canRun() : Opted Out
10-13 06:24:58.394: I/GeofencerStateMachine(20294): sendQueryLocationOptIn
10-13 06:24:58.397: I/DownloadManager(2127): Download 400 finished with status SUCCESS
10-13 06:24:58.405: I/ProcessCheckinRequest(20308): Get token from PseudonymousIdApi: 114=qcIyzCQ1GbPZQaa2ilqNvk-WgeMG06rxiY4bJP0Gk_x2x9pNuzXNZMuMM3ufaVcLHz8uukcpMBsGbknPq_2aahYcxselld6VW8qD_0n8lNr5vTGgEZf3gFXyTMMfupND
10-13 06:24:58.407: I/ContactAccountLoggerTas(1716): canRun() : Opted Out
10-13 06:24:58.411: I/ActivityManager(1036): Killing 20921:com.google.android.youtube/u0a97 (adj 15): empty #9
10-13 06:24:58.412: W/ContextImpl(1297): Calling a method in the system process without a qualified user: android.app.ContextImpl.sendBroadcast:1252 android.content.ContextWrapper.sendBroadcast:365 com.motorola.motocare.util.TriggerHelper$TriggerBuilder.send:76 com.motorola.motocare.internal.frameworkevents.ProcessKillTrigger.sendTrigger:147 com.motorola.motocare.internal.frameworkevents.ProcessKillTrigger.handleFrameworkEvent:164 
10-13 06:24:58.416: I/CheckinRequestBuilder(20308): Checkin reason type: 8 attempt count: 2
10-13 06:24:58.418: E/ActivityThread(20308): Failed to find provider info for com.google.android.wearable.settings
10-13 06:24:58.422: I/Auth(20268): [ReflectiveChannelBinder] Successfully bound channel!
10-13 06:24:58.570: D/dalvikvm(1036): GC_CONCURRENT freed 2901K, 29% free 20573K/28892K, paused 5ms+10ms, total 98ms
10-13 06:24:58.570: D/dalvikvm(1036): WAIT_FOR_CONCURRENT_GC blocked 83ms
10-13 06:24:58.570: D/dalvikvm(1036): WAIT_FOR_CONCURRENT_GC blocked 61ms
10-13 06:24:58.570: D/dalvikvm(1036): WAIT_FOR_CONCURRENT_GC blocked 61ms
10-13 06:24:58.571: D/dalvikvm(1036): WAIT_FOR_CONCURRENT_GC blocked 61ms
10-13 06:24:58.572: D/dalvikvm(1036): WAIT_FOR_CONCURRENT_GC blocked 41ms
10-13 06:24:58.573: D/dalvikvm(1036): WAIT_FOR_CONCURRENT_GC blocked 83ms
10-13 06:24:58.573: D/dalvikvm(1036): WAIT_FOR_CONCURRENT_GC blocked 84ms
10-13 06:24:58.574: D/dalvikvm(1036): WAIT_FOR_CONCURRENT_GC blocked 42ms
