10-13 06:24:45.424: I/Icing(20308): Indexing 7CD434B7CB55E9A18EE5556F0AF7F19C7F892DFD from com.google.android.gms
10-13 06:24:45.432: I/Icing(20308): Indexing done 7CD434B7CB55E9A18EE5556F0AF7F19C7F892DFD
10-13 06:24:45.434: I/Icing(20308): Indexing E7B9C8BE85AA4D0A66AD9EE78A2D94FF1299FE07 from com.google.android.googlequicksearchbox
10-13 06:24:45.466: D/dalvikvm(20456): GC_CONCURRENT freed 3688K, 22% free 13466K/17188K, paused 2ms+10ms, total 44ms
10-13 06:24:45.466: D/dalvikvm(20456): WAIT_FOR_CONCURRENT_GC blocked 30ms
10-13 06:24:45.501: D/dalvikvm(20456): Trying to load lib /data/data/com.google.android.gms/app_dg_cache/D12564FA84855276CB7D261D56DA6950A06175F8/libdB29C7C3F2932.so 0x42592a78
10-13 06:24:45.502: I/Icing(20308): Indexing done E7B9C8BE85AA4D0A66AD9EE78A2D94FF1299FE07
10-13 06:24:45.502: D/dalvikvm(20456): Added shared lib /data/data/com.google.android.gms/app_dg_cache/D12564FA84855276CB7D261D56DA6950A06175F8/libdB29C7C3F2932.so 0x42592a78
10-13 06:24:45.502: D/dalvikvm(20456): No JNI_OnLoad found in /data/data/com.google.android.gms/app_dg_cache/D12564FA84855276CB7D261D56DA6950A06175F8/libdB29C7C3F2932.so 0x42592a78, skipping init
10-13 06:24:45.506: I/Icing(20308): Indexing EDF8F40E7AEFAED67A3EF29704D178799D589FBE from com.google.android.gms
10-13 06:24:45.706: D/dalvikvm(20456): DexOpt: --- BEGIN 'f.apk' (bootstrap=0) ---
10-13 06:24:45.719: D/dalvikvm(20308): GC_CONCURRENT freed 2152K, 34% free 11356K/17188K, paused 2ms+3ms, total 43ms
10-13 06:24:45.719: D/dalvikvm(20308): WAIT_FOR_CONCURRENT_GC blocked 22ms
10-13 06:24:45.767: D/dalvikvm(20551): DexOpt: load 4ms, verify+opt 6ms, 128132 bytes
10-13 06:24:45.785: D/dalvikvm(20456): DexOpt: --- END 'f.apk' (success) ---
10-13 06:24:45.785: D/dalvikvm(20456): DEX prep '/data/data/com.google.android.gms/app_fb/f.apk': unzip in 0ms, rewrite 78ms
10-13 06:24:45.796: I/Adreno-EGL(20456): <qeglDrvAPI_eglInitialize:410>: EGL 1.4 QUALCOMM build: RGURRAM_AU_LINUX_ANDROID_LNX.LA.3.5.1_RB1.04.04.02.048.056+PATCH[ES]_msm8226_LNX.LA.3.5.1_RB1__release_ENGG ()
10-13 06:24:45.796: I/Adreno-EGL(20456): OpenGL ES Shader Compiler Version: E031.24.00.15
10-13 06:24:45.796: I/Adreno-EGL(20456): Build Date: 05/27/14 Tue
10-13 06:24:45.796: I/Adreno-EGL(20456): Local Branch: 
10-13 06:24:45.796: I/Adreno-EGL(20456): Remote Branch: quic/LNX.LA.3.5.1_RB1.2
10-13 06:24:45.796: I/Adreno-EGL(20456): Local Patches: f0931b5dfb60c536e5444f9053822ad191929528 ES2.0: Fix for seg fault in VBO validation
10-13 06:24:45.796: I/Adreno-EGL(20456):                  0c6f7c995c347b2eb54a9baa340cab69ba279634 es20: Remove extra-logging info
10-13 06:24:45.796: I/Adreno-EGL(20456): Reconstruct Branch: AU_LINUX_ANDROID_LNX.LA.3.5.1_RB1.04.04
10-13 06:24:45.862: D/WifiService(1036): releaseWifiLockLocked: WifiLock{NlpWifiLock type=2 binder=android.os.BinderProxy@430f2140}
10-13 06:24:45.876: I/Adreno-EGL(20456): <qeglDrvAPI_eglInitialize:410>: EGL 1.4 QUALCOMM build: RGURRAM_AU_LINUX_ANDROID_LNX.LA.3.5.1_RB1.04.04.02.048.056+PATCH[ES]_msm8226_LNX.LA.3.5.1_RB1__release_ENGG ()
10-13 06:24:45.876: I/Adreno-EGL(20456): OpenGL ES Shader Compiler Version: E031.24.00.15
10-13 06:24:45.876: I/Adreno-EGL(20456): Build Date: 05/27/14 Tue
10-13 06:24:45.876: I/Adreno-EGL(20456): Local Branch: 
10-13 06:24:45.876: I/Adreno-EGL(20456): Remote Branch: quic/LNX.LA.3.5.1_RB1.2
10-13 06:24:45.876: I/Adreno-EGL(20456): Local Patches: f0931b5dfb60c536e5444f9053822ad191929528 ES2.0: Fix for seg fault in VBO validation
10-13 06:24:45.876: I/Adreno-EGL(20456):                  0c6f7c995c347b2eb54a9baa340cab69ba279634 es20: Remove extra-logging info
10-13 06:24:45.876: I/Adreno-EGL(20456): Reconstruct Branch: AU_LINUX_ANDROID_LNX.LA.3.5.1_RB1.04.04
10-13 06:24:45.957: I/SFPerfTracer(293):      triggers: (rate: 0:0) (0 sw vsyncs) (0 skipped) (0:15790 vsyncs) (2:19822)
10-13 06:24:45.962: D/dalvikvm(20294): GC_CONCURRENT freed 1715K, 29% free 12357K/17188K, paused 4ms+5ms, total 42ms
10-13 06:24:46.029: D/dalvikvm(20308): GC_CONCURRENT freed 2201K, 35% free 11202K/17188K, paused 4ms+2ms, total 34ms
10-13 06:24:46.029: D/dalvikvm(20308): WAIT_FOR_CONCURRENT_GC blocked 18ms
10-13 06:24:46.041: D/WifiStateMachine(1036): handleMessage: E msg.what=151572
10-13 06:24:46.041: D/WifiStateMachine(1036): processMsg: ConnectedState
10-13 06:24:46.041: D/WifiStateMachine(1036): processMsg: L2ConnectedState
10-13 06:24:46.055: I/Adreno-EGL(20456): <qeglDrvAPI_eglInitialize:410>: EGL 1.4 QUALCOMM build: RGURRAM_AU_LINUX_ANDROID_LNX.LA.3.5.1_RB1.04.04.02.048.056+PATCH[ES]_msm8226_LNX.LA.3.5.1_RB1__release_ENGG ()
10-13 06:24:46.055: I/Adreno-EGL(20456): OpenGL ES Shader Compiler Version: E031.24.00.15
10-13 06:24:46.055: I/Adreno-EGL(20456): Build Date: 05/27/14 Tue
10-13 06:24:46.055: I/Adreno-EGL(20456): Local Branch: 
10-13 06:24:46.055: I/Adreno-EGL(20456): Remote Branch: quic/LNX.LA.3.5.1_RB1.2
10-13 06:24:46.055: I/Adreno-EGL(20456): Local Patches: f0931b5dfb60c536e5444f9053822ad191929528 ES2.0: Fix for seg fault in VBO validation
10-13 06:24:46.055: I/Adreno-EGL(20456):                  0c6f7c995c347b2eb54a9baa340cab69ba279634 es20: Remove extra-logging info
10-13 06:24:46.055: I/Adreno-EGL(20456): Reconstruct Branch: AU_LINUX_ANDROID_LNX.LA.3.5.1_RB1.04.04
10-13 06:24:46.059: D/WifiService(1036): releaseWifiLockLocked: WifiLock{NlpWifiLock type=2 binder=android.os.BinderProxy@428773c0}
10-13 06:24:46.063: D/WifiStateMachine(1036): handleMessage: X
10-13 06:24:46.085: W/GCoreFlp(20294): No location to return for getLastLocation()
10-13 06:24:46.115: I/Adreno-EGL(20456): <qeglDrvAPI_eglInitialize:410>: EGL 1.4 QUALCOMM build: RGURRAM_AU_LINUX_ANDROID_LNX.LA.3.5.1_RB1.04.04.02.048.056+PATCH[ES]_msm8226_LNX.LA.3.5.1_RB1__release_ENGG ()
10-13 06:24:46.115: I/Adreno-EGL(20456): OpenGL ES Shader Compiler Version: E031.24.00.15
10-13 06:24:46.115: I/Adreno-EGL(20456): Build Date: 05/27/14 Tue
10-13 06:24:46.115: I/Adreno-EGL(20456): Local Branch: 
10-13 06:24:46.115: I/Adreno-EGL(20456): Remote Branch: quic/LNX.LA.3.5.1_RB1.2
10-13 06:24:46.115: I/Adreno-EGL(20456): Local Patches: f0931b5dfb60c536e5444f9053822ad191929528 ES2.0: Fix for seg fault in VBO validation
10-13 06:24:46.115: I/Adreno-EGL(20456):                  0c6f7c995c347b2eb54a9baa340cab69ba279634 es20: Remove extra-logging info
10-13 06:24:46.115: I/Adreno-EGL(20456): Reconstruct Branch: AU_LINUX_ANDROID_LNX.LA.3.5.1_RB1.04.04
10-13 06:24:46.171: W/Settings(20456): Setting install_non_market_apps has moved from android.provider.Settings.Secure to android.provider.Settings.Global.
10-13 06:24:46.345: W/Conscrypt(20268): Could not set socket write timeout:
10-13 06:24:46.346: W/Conscrypt(20268):    java.lang.reflect.Method.invokeNative(Native Method)
10-13 06:24:46.346: W/Conscrypt(20268):    java.lang.reflect.Method.invoke(Method.java:515)
10-13 06:24:46.351: D/dalvikvm(20308): GC_CONCURRENT freed 1936K, 35% free 11250K/17188K, paused 2ms+2ms, total 30ms
10-13 06:24:46.639: W/Conscrypt(20268): Could not set socket write timeout:
10-13 06:24:46.640: W/Conscrypt(20268):    java.lang.reflect.Method.invokeNative(Native Method)
10-13 06:24:46.640: W/Conscrypt(20268):    java.lang.reflect.Method.invoke(Method.java:515)
10-13 06:24:46.671: D/dalvikvm(20308): GC_CONCURRENT freed 2008K, 35% free 11259K/17188K, paused 2ms+6ms, total 39ms
10-13 06:24:46.817: E/Volley(20095): [579] a.a: Unexpected response code 503 for https://www.googleapis.com/youtubei/v1/notification_registration/set_registration?key=AIzaSyA8eiZmM1FaDVjRy-df2KTyQ_vz_yYM39w
10-13 06:24:46.819: W/YouTube(20095): apps.youtube.app.notification.b.b:122 Could not register for notifications with InnerTube: 
10-13 06:24:46.819: W/YouTube(20095): com.google.android.apps.youtube.datalib.innertube.InnerTubeServiceException: java.util.concurrent.ExecutionException: com.android.volley.ServerError
10-13 06:24:46.819: W/YouTube(20095): 	at com.google.android.apps.youtube.datalib.innertube.ag.a(SourceFile:80)
10-13 06:24:46.819: W/YouTube(20095): 	at com.google.android.apps.youtube.app.notification.b.b(SourceFile:119)
10-13 06:24:46.819: W/YouTube(20095): 	at com.google.android.apps.youtube.app.notification.b.a(SourceFile:28)
10-13 06:24:46.819: W/YouTube(20095): 	at com.google.android.apps.youtube.app.notification.c.run(SourceFile:59)
10-13 06:24:46.819: W/YouTube(20095): 	at java.util.concurrent.ThreadPoolExecutor.runWorker(ThreadPoolExecutor.java:1112)
10-13 06:24:46.819: W/YouTube(20095): 	at java.util.concurrent.ThreadPoolExecutor$Worker.run(ThreadPoolExecutor.java:587)
10-13 06:24:46.819: W/YouTube(20095): 	at com.google.android.apps.youtube.common.util.o.run(SourceFile:40)
10-13 06:24:46.819: W/YouTube(20095): 	at java.lang.Thread.run(Thread.java:841)
10-13 06:24:46.819: W/YouTube(20095): Caused by: java.util.concurrent.ExecutionException: com.android.volley.ServerError
10-13 06:24:46.819: W/YouTube(20095): 	at com.android.volley.toolbox.v.a(SourceFile:117)
10-13 06:24:46.819: W/YouTube(20095): 	at com.android.volley.toolbox.v.get(SourceFile:88)
10-13 06:24:46.819: W/YouTube(20095): 	at com.google.android.apps.youtube.datalib.a.k.get(SourceFile:69)
10-13 06:24:46.819: W/YouTube(20095): 	at com.google.android.apps.youtube.datalib.innertube.ag.a(SourceFile:76)
10-13 06:24:46.819: W/YouTube(20095): 	... 7 more
10-13 06:24:46.819: W/YouTube(20095): Caused by: com.android.volley.ServerError
10-13 06:24:46.819: W/YouTube(20095): 	at com.android.volley.toolbox.a.a(SourceFile:145)
10-13 06:24:46.819: W/YouTube(20095): 	at com.google.android.apps.youtube.datalib.a.h.a(SourceFile:49)
10-13 06:24:46.819: W/YouTube(20095): 	at com.android.volley.i.run(SourceFile:105)
10-13 06:24:46.820: I/YouTube(20095): apps.youtube.common.util.e.a:72 Sleeping thread for 3177ms
10-13 06:24:46.832: I/Icing(20308): Indexing F52063F9317EDFEA4A8B9941E2D82152F6584EB7 from com.google.android.googlequicksearchbox
10-13 06:24:46.897: D/WifiStateMachine(1036): handleMessage: E msg.what=131155
10-13 06:24:46.897: D/WifiStateMachine(1036): processMsg: ConnectedState
10-13 06:24:46.897: D/WifiStateMachine(1036): processMsg: L2ConnectedState
10-13 06:24:46.899: D/WifiStateMachine(1036): handleMessage: X
10-13 06:24:46.923: I/Icing(20308): Indexing 466D9F0411A83C96924C25A50115151A06B4DF3B from com.google.android.music
10-13 06:24:47.024: I/Icing(20308): Indexing done 466D9F0411A83C96924C25A50115151A06B4DF3B
10-13 06:24:47.026: I/Icing(20308): Indexing F5E130C8C8C99FC7DFB265B2F811B98E4C8BB6A9 from com.google.android.music
10-13 06:24:47.044: D/WifiStateMachine(1036): handleMessage: E msg.what=151572
10-13 06:24:47.044: D/WifiStateMachine(1036): processMsg: ConnectedState
10-13 06:24:47.044: D/WifiStateMachine(1036): processMsg: L2ConnectedState
10-13 06:24:47.049: D/WifiStateMachine(1036): handleMessage: X
10-13 06:24:47.063: D/YouTube(20095): apps.youtube.common.e.j.e:170 Scheduling task com.google.android.apps.youtube.datalib.offline.o with ScheduledExecutorService for repeating execution.
10-13 06:24:47.063: D/YouTube(20095): apps.youtube.common.e.j.e:170 Scheduling task com.google.android.apps.youtube.datalib.offline.q with ScheduledExecutorService for repeating execution.
10-13 06:24:47.065: D/YouTube(20095): apps.youtube.common.e.j.b:26 Executed scheduled task of type com.google.android.apps.youtube.datalib.offline.q
10-13 06:24:47.085: I/AccountManagerService(1036): the accounts changed, sending broadcast of android.accounts.LOGIN_ACCOUNTS_CHANGED
10-13 06:24:47.098: D/YouTube(20095): apps.youtube.datalib.f.b.a:91 Sending from HTTP204 service
10-13 06:24:47.114: I/ActivityManager(1036): Start proc com.google.android.music:ui for service com.google.android.music/.tutorial.SignupStatus$SignupCheckService: pid=20565 uid=10077 gids={50077, 3003, 1028, 1015}
10-13 06:24:47.126: I/ActivityManager(1036): Start proc com.android.email for broadcast com.android.email/.service.EmailBroadcastReceiver: pid=20576 uid=10017 gids={50017, 3003, 1028, 1015}
10-13 06:24:47.130: I/AccountManagerService(1036): the accounts changed, sending broadcast of android.accounts.LOGIN_ACCOUNTS_CHANGED
10-13 06:24:47.205: D/YouTube(20095): apps.youtube.common.e.j.e:170 Scheduling task com.google.android.apps.youtube.datalib.offline.q with ScheduledExecutorService for repeating execution.
10-13 06:24:47.207: D/ActivityThread(20576): Loading provider com.android.email.provider;com.android.email.notifier: com.android.email.provider.EmailProvider
10-13 06:24:47.208: W/ContextImpl(20565): Implicit intents with startService are not safe: Intent { act=com.google.android.music.PREFERENCE_SERVICE } android.content.ContextWrapper.bindService:517 com.google.android.music.utils.SafeServiceConnection$ServiceConnectionImp.bindService:98 com.google.android.music.utils.SafeServiceConnection.bindService:259 
10-13 06:24:47.230: D/dalvikvm(20576): No JNI_OnLoad found in /system/lib/libcryptomodes-jni.so 0x41f914b0, skipping init
10-13 06:24:47.230: I/com.android.email.cryptography.CryptographicModeHelper(20576): Cryptographic modes supported!
10-13 06:24:47.231: I/openssl(20576): Crypto mode not selected, openssl will run on its regular mode.
10-13 06:24:47.231: I/openssl(20576): Crypto mode 0 already enabled
10-13 06:24:47.233: E/cutils(280): Failed to mkdirat(/storage/sdcard1/Android): Read-only file system
10-13 06:24:47.233: W/Vold(280): Returning OperationFailed - no handler for errno 30
10-13 06:24:47.235: W/ContextImpl(20565): Failed to ensure directory: /storage/sdcard1/Android/data/com.google.android.music/files
10-13 06:24:47.243: I/ContactsProvider(19963): Accounts changed
10-13 06:24:47.244: I/Icing(20308): Indexing done F5E130C8C8C99FC7DFB265B2F811B98E4C8BB6A9
10-13 06:24:47.253: I/ActivityManager(1036): Start proc com.google.android.partnersetup for broadcast com.google.android.partnersetup/.RlzPingBroadcastReceiver: pid=20613 uid=10023 gids={50023, 3003}
10-13 06:24:47.253: I/Icing(20308): Indexing C55003C2DAFA7E437C82B623E1C1BD527F124760 from com.google.android.gms
10-13 06:24:47.266: I/Email(20576): System accounts updated.
10-13 06:24:47.274: I/Icing(20308): Indexing done C55003C2DAFA7E437C82B623E1C1BD527F124760
10-13 06:24:47.276: I/Icing(20308): Indexing 477D67C352D52E6499DE9932DF5735ABE6DCD3AD from com.google.android.googlequicksearchbox
10-13 06:24:47.299: D/BluetoothAdapter(20294): 1110894192: getState() :  mService = null. Returning STATE_OFF
10-13 06:24:47.315: I/ActivityManager(1036): Start proc com.android.vending for broadcast com.android.vending/com.google.android.finsky.receivers.AccountsChangedReceiver: pid=20630 uid=10036 gids={50036, 3003, 1028, 1015}
10-13 06:24:47.344: E/cutils(280): Failed to mkdirat(/storage/sdcard1/Android): Read-only file system
10-13 06:24:47.344: W/Vold(280): Returning OperationFailed - no handler for errno 30
10-13 06:24:47.345: W/ContextImpl(20565): Failed to ensure directory: /storage/sdcard1/Android/data/com.google.android.music/files
10-13 06:24:47.347: E/cutils(280): Failed to mkdirat(/storage/sdcard1/Android): Read-only file system
10-13 06:24:47.347: W/Vold(280): Returning OperationFailed - no handler for errno 30
10-13 06:24:47.349: W/ContextImpl(20565): Failed to ensure directory: /storage/sdcard1/Android/data/com.google.android.music/files
10-13 06:24:47.379: W/ContextImpl(20565): Implicit intents with startService are not safe: Intent { act=com.google.android.music.NETWORK_MONITOR_SERVICE } android.content.ContextWrapper.bindService:517 com.google.android.music.utils.SafeServiceConnection$ServiceConnectionImp.bindService:98 com.google.android.music.utils.SafeServiceConnection.bindService:259 
10-13 06:24:47.392: W/ContextImpl(20517): Implicit intents with startService are not safe: Intent { act=com.google.android.music.NETWORK_MONITOR_SERVICE } android.content.ContextWrapper.bindService:517 com.google.android.music.utils.SafeServiceConnection$ServiceConnectionImp.bindService:98 com.google.android.music.utils.SafeServiceConnection.bindService:259 
10-13 06:24:47.397: W/ContextImpl(20565): Implicit intents with startService are not safe: Intent { act=com.google.android.music.STORE_SERVICE } android.content.ContextWrapper.bindService:517 com.google.android.music.utils.SafeServiceConnection$ServiceConnectionImp.bindService:98 com.google.android.music.utils.SafeServiceConnection.bindService:259 
10-13 06:24:47.417: D/Finsky(20630): [1] FinskyApp.onCreate: Initializing network with DFE https://android.clients.google.com/fdfe/
10-13 06:24:47.429: I/MediaRouter(20565): Found default route: MediaRouter.RouteInfo{ uniqueId=android/.support.v7.media.SystemMediaRouteProvider:DEFAULT_ROUTE, name=Auriculares, description=null, enabled=true, connecting=false, playbackType=0, playbackStream=3, volumeHandling=1, volume=10, volumeMax=15, presentationDisplayId=-1, extras=null, providerPackageName=android }
10-13 06:24:47.430: E/MediaPlayer-JNI(20517): QCMediaPlayer mediaplayer NOT present
10-13 06:24:47.445: D/SystemUtils(20517): getSystemProperty: lpa.decode=true
10-13 06:24:47.445: D/LocalDevicePlayback(20517): LPAPlayer detected. Disabling gapless.
10-13 06:24:47.462: D/CacheService(20517): onCreate
10-13 06:24:47.496: D/dalvikvm(20268): GC_EXPLICIT freed 1351K, 34% free 11454K/17188K, paused 3ms+6ms, total 45ms
10-13 06:24:47.499: D/CacheService(20517): onBind
10-13 06:24:47.509: W/ContextImpl(20517): Implicit intents with startService are not safe: Intent { act=com.google.android.music.NETWORK_MONITOR_SERVICE } android.content.ContextWrapper.bindService:517 com.google.android.music.utils.SafeServiceConnection$ServiceConnectionImp.bindService:98 com.google.android.music.utils.SafeServiceConnection.bindService:259 
10-13 06:24:47.514: I/Auth(20268): [BroadcastManager] Broadcasting account services changed.
10-13 06:24:47.517: I/ContactsProvider(19963): Accounts changed
10-13 06:24:47.529: I/dalvikvm(20308): Failed resolving Lbjw; interface 476 'Landroid/content/pm/PackageManager$OnPermissionsChangedListener;'
10-13 06:24:47.529: W/dalvikvm(20308): Link of class 'Lbjw;' failed
10-13 06:24:47.530: I/dalvikvm(20308): Failed resolving Lbjw; interface 476 'Landroid/content/pm/PackageManager$OnPermissionsChangedListener;'
10-13 06:24:47.530: W/dalvikvm(20308): Link of class 'Lbjw;' failed
10-13 06:24:47.531: E/dalvikvm(20308): Could not find class 'bjw', referenced from method com.google.android.gms.chimera.GmsModuleInitializer.initializeModuleV0
10-13 06:24:47.531: W/dalvikvm(20308): VFY: unable to resolve new-instance 1554 (Lbjw;) in Lcom/google/android/gms/chimera/GmsModuleInitializer;
10-13 06:24:47.531: D/dalvikvm(20308): VFY: replacing opcode 0x22 at 0x003d
10-13 06:24:47.532: I/dalvikvm(20308): Failed resolving Lbjw; interface 476 'Landroid/content/pm/PackageManager$OnPermissionsChangedListener;'
10-13 06:24:47.532: W/dalvikvm(20308): Link of class 'Lbjw;' failed
10-13 06:24:47.533: I/dalvikvm(20308): Failed resolving Lbjw; interface 476 'Landroid/content/pm/PackageManager$OnPermissionsChangedListener;'
10-13 06:24:47.533: W/dalvikvm(20308): Link of class 'Lbjw;' failed
10-13 06:24:47.533: D/dalvikvm(20308): DexOpt: unable to opt direct call 0x23a6 at 0x3f in Lcom/google/android/gms/chimera/GmsModuleInitializer;.initializeModuleV0
10-13 06:24:47.536: E/GCoreUlr(20294): Create new device tag of 1701737386 without device reboot
10-13 06:24:47.543: I/AuthService(20415): [AddAccountOperation] Succeeded.
10-13 06:24:47.550: W/ContextImpl(20565): Implicit intents with startService are not safe: Intent { act=com.google.android.music.NETWORK_MONITOR_SERVICE } android.content.ContextWrapper.bindService:517 com.google.android.music.utils.SafeServiceConnection$ServiceConnectionImp.bindService:98 com.google.android.music.utils.SafeServiceConnection.bindService:259 
10-13 06:24:47.560: I/LocalDevicePlayback(20517): Streaming client created.
10-13 06:24:47.565: I/RlzPingService(20613): Setting next ping for 1507987487512
10-13 06:24:47.587: D/Finsky(20630): [1] DailyHygiene.goMakeHygieneIfDirty: Dirty, need more hygiene.
10-13 06:24:47.599: W/Settings(20630): Setting download_manager_max_bytes_over_mobile has moved from android.provider.Settings.Secure to android.provider.Settings.Global.
10-13 06:24:47.601: W/Settings(20630): Setting download_manager_recommended_max_bytes_over_mobile has moved from android.provider.Settings.Secure to android.provider.Settings.Global.
10-13 06:24:47.693: D/YouTube(20095): apps.youtube.core.async.i.a:25 device registered
10-13 06:24:47.698: I/Icing(20308): Indexing done 477D67C352D52E6499DE9932DF5735ABE6DCD3AD
10-13 06:24:47.700: I/Icing(20308): Indexing 7E6B054ED698EE2FDE534CCE07B81DBB667562C1 from com.google.android.music
10-13 06:24:47.715: D/dalvikvm(1036): GC_EXPLICIT freed 1957K, 36% free 18500K/28892K, paused 4ms+10ms, total 96ms
10-13 06:24:47.741: E/Volley(20095): [577] a.a: Unexpected response code 503 for https://www.googleapis.com/youtubei/v1/notification_registration/set_registration?key=AIzaSyA8eiZmM1FaDVjRy-df2KTyQ_vz_yYM39w
10-13 06:24:47.744: W/YouTube(20095): apps.youtube.app.notification.b.b:122 Could not register for notifications with InnerTube: 
10-13 06:24:47.744: W/YouTube(20095): com.google.android.apps.youtube.datalib.innertube.InnerTubeServiceException: java.util.concurrent.ExecutionException: com.android.volley.ServerError
10-13 06:24:47.744: W/YouTube(20095): 	at com.google.android.apps.youtube.datalib.innertube.ag.a(SourceFile:80)
10-13 06:24:47.744: W/YouTube(20095): 	at com.google.android.apps.youtube.app.notification.b.b(SourceFile:119)
10-13 06:24:47.744: W/YouTube(20095): 	at com.google.android.apps.youtube.app.notification.b.a(SourceFile:28)
10-13 06:24:47.744: W/YouTube(20095): 	at com.google.android.apps.youtube.app.notification.c.run(SourceFile:59)
10-13 06:24:47.744: W/YouTube(20095): 	at java.util.concurrent.ThreadPoolExecutor.runWorker(ThreadPoolExecutor.java:1112)
10-13 06:24:47.744: W/YouTube(20095): 	at java.util.concurrent.ThreadPoolExecutor$Worker.run(ThreadPoolExecutor.java:587)
10-13 06:24:47.744: W/YouTube(20095): 	at com.google.android.apps.youtube.common.util.o.run(SourceFile:40)
10-13 06:24:47.744: W/YouTube(20095): 	at java.lang.Thread.run(Thread.java:841)
10-13 06:24:47.744: W/YouTube(20095): Caused by: java.util.concurrent.ExecutionException: com.android.volley.ServerError
10-13 06:24:47.744: W/YouTube(20095): 	at com.android.volley.toolbox.v.a(SourceFile:117)
10-13 06:24:47.744: W/YouTube(20095): 	at com.android.volley.toolbox.v.get(SourceFile:88)
10-13 06:24:47.744: W/YouTube(20095): 	at com.google.android.apps.youtube.datalib.a.k.get(SourceFile:69)
10-13 06:24:47.744: W/YouTube(20095): 	at com.google.android.apps.youtube.datalib.innertube.ag.a(SourceFile:76)
10-13 06:24:47.744: W/YouTube(20095): 	... 7 more
10-13 06:24:47.744: W/YouTube(20095): Caused by: com.android.volley.ServerError
10-13 06:24:47.744: W/YouTube(20095): 	at com.android.volley.toolbox.a.a(SourceFile:145)
10-13 06:24:47.744: W/YouTube(20095): 	at com.google.android.apps.youtube.datalib.a.h.a(SourceFile:49)
10-13 06:24:47.744: W/YouTube(20095): 	at com.android.volley.i.run(SourceFile:105)
10-13 06:24:47.744: I/YouTube(20095): apps.youtube.common.util.e.a:72 Sleeping thread for 6408ms
10-13 06:24:47.748: D/Volley(20630): [595] DiskBasedCache.clear: Cache cleared.
10-13 06:24:47.749: D/Volley(20630): [599] DiskBasedCache.clear: Cache cleared.
10-13 06:24:47.773: D/Finsky(20630): [1] GmsCoreHelper.cleanupNlp: result=false type=4
10-13 06:24:47.791: D/YouTube(20095): apps.youtube.datalib.offline.b.run:86 Dispatching stored offline request immediately.
10-13 06:24:47.812: D/Finsky(20630): [1] UpdateWidgetsReceiver.onReceive: Updated 0 MarketWidgetProvider widgets (android.accounts.LOGIN_ACCOUNTS_CHANGED)
10-13 06:24:47.814: D/Finsky(20630): [1] UpdateWidgetsReceiver.onReceive: Updated 0 RecommendedWidgetProvider widgets (android.accounts.LOGIN_ACCOUNTS_CHANGED)
10-13 06:24:47.816: D/Finsky(20630): [1] UpdateWidgetsReceiver.onReceive: Updated 0 NowPlayingWidgetProvider widgets (android.accounts.LOGIN_ACCOUNTS_CHANGED)
10-13 06:24:47.845: I/ContactAccountLoggerTas(1716): canRun() : Opted Out
10-13 06:24:47.846: I/Velvet.VelvetFactory(1716): refreshing internal icing corpora
10-13 06:24:47.870: I/ActivityManager(1036): Start proc com.google.android.apps.books for broadcast com.google.android.apps.books/.app.AccountsReceiver: pid=20687 uid=10047 gids={50047, 3003, 1028, 1015}
10-13 06:24:47.878: I/Velvet.VelvetFactory(1716): refreshing search history.
10-13 06:24:47.884: I/ContactAccountLoggerTas(1716): canRun() : Opted Out
10-13 06:24:47.885: I/InternalIcingCorporaPro(1716): Updating corpora: APPS=MAYBE, CONTACTS=MAYBE
10-13 06:24:47.889: I/ContactAccountLoggerTas(1716): canRun() : Opted Out
10-13 06:24:47.892: I/ContactAccountLoggerTas(1716): canRun() : Opted Out
10-13 06:24:47.911: I/dalvikvm(20268): Could not find method android.accounts.AccountManager.removeAccount, referenced from method bsv.a
10-13 06:24:47.911: W/dalvikvm(20268): VFY: unable to resolve virtual method 2870: Landroid/accounts/AccountManager;.removeAccount (Landroid/accounts/Account;Landroid/app/Activity;Landroid/accounts/AccountManagerCallback;Landroid/os/Handler;)Landroid/accounts/AccountManagerFuture;
10-13 06:24:47.911: D/dalvikvm(20268): VFY: replacing opcode 0x6e at 0x0031
10-13 06:24:47.943: D/dalvikvm(1716): GC_CONCURRENT freed 1749K, 39% free 10508K/17188K, paused 6ms+3ms, total 35ms
10-13 06:24:47.944: D/dalvikvm(1716): WAIT_FOR_CONCURRENT_GC blocked 12ms
10-13 06:24:47.944: D/dalvikvm(1716): WAIT_FOR_CONCURRENT_GC blocked 12ms
10-13 06:24:47.949: I/InternalIcingCorporaPro(1716): UpdateCorporaTask done [took 64 ms] updated apps [took 63 ms] 
10-13 06:24:47.963: W/Search.SearchUrlHelper(1716): Auth token not ready, no auth header set.
10-13 06:24:47.974: I/dalvikvm(20268): Could not find method android.accounts.AccountManager.renameAccount, referenced from method eah.b
10-13 06:24:47.975: W/dalvikvm(20268): VFY: unable to resolve virtual method 2872: Landroid/accounts/AccountManager;.renameAccount (Landroid/accounts/Account;Ljava/lang/String;Landroid/accounts/AccountManagerCallback;Landroid/os/Handler;)Landroid/accounts/AccountManagerFuture;
10-13 06:24:47.975: D/dalvikvm(20268): VFY: replacing opcode 0x6e at 0x0046
10-13 06:24:47.987: W/dalvikvm(20268): VFY: unable to find class referenced in signature (Landroid/net/Network;)
10-13 06:24:47.988: E/dalvikvm(20268): Could not find class 'android.net.Network', referenced from method quv.a
10-13 06:24:47.988: W/dalvikvm(20268): VFY: unable to resolve check-cast 3492 (Landroid/net/Network;) in Lquv;
10-13 06:24:47.988: D/dalvikvm(20268): VFY: replacing opcode 0x1f at 0x000f
10-13 06:24:48.045: D/WifiStateMachine(1036): handleMessage: E msg.what=151572
10-13 06:24:48.045: D/WifiStateMachine(1036): processMsg: ConnectedState
10-13 06:24:48.045: D/WifiStateMachine(1036): processMsg: L2ConnectedState
10-13 06:24:48.049: I/ReaderUtils(20687): PortraitW 720 LandscapeW 1196 SmallestSize 670 LargestSize 1196 textZoom 2.2499998 isTablet false Memory 96
10-13 06:24:48.052: D/WifiStateMachine(1036): handleMessage: X
10-13 06:24:48.088: W/ActivityManager(1036): Unable to start service Intent { cmp=com.android.email/.service.AttachmentDownloadService } U=0: not found
10-13 06:24:48.097: I/Email(20576): Observing account changes for notifications
10-13 06:24:48.114: E/cutils(280): Failed to mkdirat(/storage/sdcard1/Android): Read-only file system
10-13 06:24:48.114: W/Vold(280): Returning OperationFailed - no handler for errno 30
10-13 06:24:48.116: W/ContextImpl(20517): Failed to ensure directory: /storage/sdcard1/Android/data/com.google.android.music/cache
10-13 06:24:48.134: E/cutils(280): Failed to mkdirat(/storage/sdcard1/Android): Read-only file system
10-13 06:24:48.134: W/Vold(280): Returning OperationFailed - no handler for errno 30
10-13 06:24:48.136: W/ContextImpl(20517): Failed to ensure directory: /storage/sdcard1/Android/data/com.google.android.music/cache
10-13 06:24:48.140: D/Finsky(20630): [1] 2.run: Loaded library for account: [Yj_ulx7B1g5RBDmAR0CbkMfs_yA]
10-13 06:24:48.140: D/Finsky(20630): [1] 2.run: Finished loading 1 libraries.
10-13 06:24:48.142: D/Finsky(20630): [1] RestoreTracker.stopServiceIfDone: Restore complete with 0 success and 0 failed.
10-13 06:24:48.144: I/ActivityManager(1036): Killing 20067:com.google.android.deskclock/u0a54 (adj 15): empty #9
10-13 06:24:48.146: W/ContextImpl(1297): Calling a method in the system process without a qualified user: android.app.ContextImpl.sendBroadcast:1252 android.content.ContextWrapper.sendBroadcast:365 com.motorola.motocare.util.TriggerHelper$TriggerBuilder.send:76 com.motorola.motocare.internal.frameworkevents.ProcessKillTrigger.sendTrigger:147 com.motorola.motocare.internal.frameworkevents.ProcessKillTrigger.handleFrameworkEvent:164 
10-13 06:24:48.188: W/GAV2(20687): Thread[main,5,main]: Need to call initialize() and be in fallback mode to start dispatch.
10-13 06:24:48.203: I/BooksApp(20687): Created application version: 3.1.49 (30149)
10-13 06:24:48.220: I/ConfigStore(20517): Config Database version: 1
10-13 06:24:48.230: I/Icing(20308): Indexing done 7E6B054ED698EE2FDE534CCE07B81DBB667562C1
10-13 06:24:48.254: W/ContextImpl(20565): Implicit intents with startService are not safe: Intent { act=com.google.android.finsky.services.IMarketCatalogService.BIND } android.content.ContextWrapper.bindService:517 com.google.android.music.utils.SafeServiceConnection$ServiceConnectionImp.bindService:98 com.google.android.music.utils.SafeServiceConnection.bindService:259 
10-13 06:24:48.261: I/ActivityManager(1036): Start proc com.android.chrome for broadcast com.android.chrome/com.google.android.apps.chrome.services.AccountsChangedReceiver: pid=20713 uid=10052 gids={50052, 3003, 1028, 1015}
10-13 06:24:48.262: W/ActivityManager(1036): Unable to start service Intent { cmp=com.android.email/.service.AttachmentDownloadService } U=0: not found
10-13 06:24:48.266: I/Icing(20308): IndexChimeraService.getServiceInterface callingPackage=com.google.android.apps.books componentName=null serviceId=21
10-13 06:24:48.268: I/Auth(20268): [BroadcastManager] Broadcasting account services changed.
10-13 06:24:48.287: I/Icing(20308): Usage reports 0 indexed 0 rejected 0 imm upload false
10-13 06:24:48.299: I/CastUtils(20565): Removing provider: MediaRouter.RouteProviderInfo{ packageName=com.google.android.gms }
10-13 06:24:48.302: I/ContactAccountLoggerTas(1716): canRun() : Opted Out
10-13 06:24:48.401: I/Icing(20308): Indexing done EDF8F40E7AEFAED67A3EF29704D178799D589FBE
10-13 06:24:48.403: I/ActivityManager(1036): Start proc com.google.android.apps.docs for broadcast com.google.android.apps.docs/com.google.android.gms.drive.external.LoginAccountsChangedReceiver: pid=20732 uid=10056 gids={50056, 3003, 1028, 1015}
10-13 06:24:48.446: I/Icing(20308): Indexing done F52063F9317EDFEA4A8B9941E2D82152F6584EB7
10-13 06:24:48.472: I/ActivityManager(1036): Killing 19686:com.google.android.talk/u0a66 (adj 15): empty #9
10-13 06:24:48.473: W/ContextImpl(1297): Calling a method in the system process without a qualified user: android.app.ContextImpl.sendBroadcast:1252 android.content.ContextWrapper.sendBroadcast:365 com.motorola.motocare.util.TriggerHelper$TriggerBuilder.send:76 com.motorola.motocare.internal.frameworkevents.ProcessKillTrigger.sendTrigger:147 com.motorola.motocare.internal.frameworkevents.ProcessKillTrigger.handleFrameworkEvent:164 
10-13 06:24:48.550: D/dalvikvm(20308): GC_CONCURRENT freed 2070K, 36% free 11170K/17188K, paused 3ms+6ms, total 59ms
10-13 06:24:48.587: I/ActivityManager(1036): Start proc com.android.exchange for service com.android.exchange/.service.EmailSyncAdapterService: pid=20745 uid=10057 gids={50057, 3003, 1028, 1015}
10-13 06:24:48.589: I/ActivityManager(1036): Killing 4593:com.google.android.apps.magazines/u0a72 (adj 15): empty #9
10-13 06:24:48.603: W/ContextImpl(1297): Calling a method in the system process without a qualified user: android.app.ContextImpl.sendBroadcast:1252 android.content.ContextWrapper.sendBroadcast:365 com.motorola.motocare.util.TriggerHelper$TriggerBuilder.send:76 com.motorola.motocare.internal.frameworkevents.ProcessKillTrigger.sendTrigger:147 com.motorola.motocare.internal.frameworkevents.ProcessKillTrigger.handleFrameworkEvent:164 
10-13 06:24:48.606: D/dalvikvm(294): GC_EXPLICIT freed 43K, 48% free 8978K/17188K, paused 2ms+3ms, total 21ms
10-13 06:24:48.624: D/dalvikvm(294): GC_EXPLICIT freed <1K, 48% free 8978K/17188K, paused 1ms+2ms, total 18ms
10-13 06:24:48.634: I/Icing(20308): updateResources: need to parse qzb{com.google.android.gms}
10-13 06:24:48.643: D/dalvikvm(294): GC_EXPLICIT freed <1K, 48% free 8978K/17188K, paused 2ms+3ms, total 19ms
10-13 06:24:48.677: I/MediaStoreImporter(20517): Update: incremental Added music: 0 Updated music: 0 Deleted music: 0 Created playlists: 0 Updated playlists: 0 Deleted playlists: 0 Inserted playlist items: 0 Deleted playlist items: 0 Removed orphaned playlist items: 0
10-13 06:24:48.701: I/ContactDirectoryManager(19963): deleted 0 stale rows which don't have any relevant directory
10-13 06:24:48.708: I/ActivityManager(1036): Killing 4651:com.google.android.apps.plus/u0a85 (adj 15): empty #9
10-13 06:24:48.710: W/ContextImpl(1297): Calling a method in the system process without a qualified user: android.app.ContextImpl.sendBroadcast:1252 android.content.ContextWrapper.sendBroadcast:365 com.motorola.motocare.util.TriggerHelper$TriggerBuilder.send:76 com.motorola.motocare.internal.frameworkevents.ProcessKillTrigger.sendTrigger:147 com.motorola.motocare.internal.frameworkevents.ProcessKillTrigger.handleFrameworkEvent:164 
10-13 06:24:48.716: W/Conscrypt(20268): Could not set socket write timeout:
10-13 06:24:48.717: W/Conscrypt(20268):    java.lang.reflect.Method.invokeNative(Native Method)
10-13 06:24:48.717: W/Conscrypt(20268):    java.lang.reflect.Method.invoke(Method.java:515)
10-13 06:24:48.733: I/ContactDirectoryManager(19963): Discovered 1 contact directories in 537ms
10-13 06:24:48.733: V/AlarmManager(1036): sending alarm Alarm{422b29e8 type 0 com.android.vending}
10-13 06:24:48.734: W/ActivityManager(1036): Unable to start service Intent { flg=0x4 cmp=com.android.vending/com.google.android.finsky.services.DailyHygiene (has extras) } U=0: not found
10-13 06:24:48.744: W/Conscrypt(20268): Could not set socket write timeout:
10-13 06:24:48.744: W/Conscrypt(20268):    java.lang.reflect.Method.invokeNative(Native Method)
10-13 06:24:48.745: W/Conscrypt(20268):    java.lang.reflect.Method.invoke(Method.java:515)
10-13 06:24:48.792: I/Auth(20268): [BroadcastManager] Broadcasting account services changed.
10-13 06:24:48.877: D/dalvikvm(1036): GC_CONCURRENT freed 2317K, 36% free 18573K/28892K, paused 4ms+7ms, total 89ms
10-13 06:24:48.880: D/dalvikvm(1036): WAIT_FOR_CONCURRENT_GC blocked 65ms
10-13 06:24:48.880: D/dalvikvm(1036): WAIT_FOR_CONCURRENT_GC blocked 49ms
10-13 06:24:48.880: D/dalvikvm(1036): WAIT_FOR_CONCURRENT_GC blocked 41ms
10-13 06:24:48.881: D/dalvikvm(1036): WAIT_FOR_CONCURRENT_GC blocked 39ms
10-13 06:24:48.904: W/Auth(20268): [GetToken] GetToken failed with status code: INVALID_SCOPE
10-13 06:24:48.908: W/ActiveOrDefaultContextProvider(20732): Missing scope.enter somewhere. Returning default context
10-13 06:24:48.918: W/Search.LoginHelper(1716): Google auth exception for scope: oauth2:https://www.googleapis.com/auth/googlenow
10-13 06:24:48.918: W/Search.LoginHelper(1716): aij: INVALID_SCOPE
10-13 06:24:48.918: W/Search.LoginHelper(1716): 	at aik.a(Unknown Source)
10-13 06:24:48.918: W/Search.LoginHelper(1716): 	at aik.b(Unknown Source)
10-13 06:24:48.918: W/Search.LoginHelper(1716): 	at aik.a(Unknown Source)
10-13 06:24:48.918: W/Search.LoginHelper(1716): 	at bfm.c(PG:26)
10-13 06:24:48.918: W/Search.LoginHelper(1716): 	at bfi.c(PG:90)
10-13 06:24:48.918: W/Search.LoginHelper(1716): 	at bff.c(PG:62)
10-13 06:24:48.918: W/Search.LoginHelper(1716): 	at bfn.P(PG:656)
10-13 06:24:48.918: W/Search.LoginHelper(1716): 	at bfr.call(PG:554)
10-13 06:24:48.918: W/Search.LoginHelper(1716): 	at java.util.concurrent.FutureTask.run(FutureTask.java:237)
10-13 06:24:48.918: W/Search.LoginHelper(1716): 	at java.util.concurrent.Executors$RunnableAdapter.call(Executors.java:422)
10-13 06:24:48.918: W/Search.LoginHelper(1716): 	at java.util.concurrent.FutureTask.run(FutureTask.java:237)
10-13 06:24:48.918: W/Search.LoginHelper(1716): 	at java.util.concurrent.ScheduledThreadPoolExecutor$ScheduledFutureTask.access$201(ScheduledThreadPoolExecutor.java:152)
10-13 06:24:48.918: W/Search.LoginHelper(1716): 	at java.util.concurrent.ScheduledThreadPoolExecutor$ScheduledFutureTask.run(ScheduledThreadPoolExecutor.java:265)
10-13 06:24:48.918: W/Search.LoginHelper(1716): 	at java.util.concurrent.ThreadPoolExecutor.runWorker(ThreadPoolExecutor.java:1112)
10-13 06:24:48.918: W/Search.LoginHelper(1716): 	at java.util.concurrent.ThreadPoolExecutor$Worker.run(ThreadPoolExecutor.java:587)
10-13 06:24:48.918: W/Search.LoginHelper(1716): 	at java.lang.Thread.run(Thread.java:841)
10-13 06:24:48.918: W/Search.LoginHelper(1716): 	at cvx.run(PG:46)
10-13 06:24:48.918: E/Velvet.VelvetNetworkClient(1716): Failed to get auth token
10-13 06:24:48.918: W/NowOptInSettingsImpl(1716): Failed to fetch default configuration
10-13 06:24:49.046: D/WifiStateMachine(1036): handleMessage: E msg.what=151572
10-13 06:24:49.046: D/WifiStateMachine(1036): processMsg: ConnectedState
10-13 06:24:49.046: D/WifiStateMachine(1036): processMsg: L2ConnectedState
10-13 06:24:49.049: W/GAV2(20732): Thread[main,5,main]: Need to call initialize() and be in fallback mode to start dispatch.
10-13 06:24:49.055: D/WifiStateMachine(1036): handleMessage: X
10-13 06:24:49.060: W/Auth(20268): [GetToken] GetToken failed with status code: INVALID_SCOPE
10-13 06:24:49.077: W/Search.LoginHelper(1716): Google auth exception for scope: oauth2:https://www.googleapis.com/auth/googlenow
10-13 06:24:49.077: W/Search.LoginHelper(1716): aij: INVALID_SCOPE
10-13 06:24:49.077: W/Search.LoginHelper(1716): 	at aik.a(Unknown Source)
10-13 06:24:49.077: W/Search.LoginHelper(1716): 	at aik.b(Unknown Source)
10-13 06:24:49.077: W/Search.LoginHelper(1716): 	at aik.a(Unknown Source)
10-13 06:24:49.077: W/Search.LoginHelper(1716): 	at bfm.c(PG:26)
10-13 06:24:49.077: W/Search.LoginHelper(1716): 	at bfi.c(PG:90)
10-13 06:24:49.077: W/Search.LoginHelper(1716): 	at bff.c(PG:62)
10-13 06:24:49.077: W/Search.LoginHelper(1716): 	at bfn.P(PG:656)
10-13 06:24:49.077: W/Search.LoginHelper(1716): 	at bfr.call(PG:554)
10-13 06:24:49.077: W/Search.LoginHelper(1716): 	at java.util.concurrent.FutureTask.run(FutureTask.java:237)
10-13 06:24:49.077: W/Search.LoginHelper(1716): 	at java.util.concurrent.Executors$RunnableAdapter.call(Executors.java:422)
10-13 06:24:49.077: W/Search.LoginHelper(1716): 	at java.util.concurrent.FutureTask.run(FutureTask.java:237)
10-13 06:24:49.077: W/Search.LoginHelper(1716): 	at java.util.concurrent.ScheduledThreadPoolExecutor$ScheduledFutureTask.access$201(ScheduledThreadPoolExecutor.java:152)
10-13 06:24:49.077: W/Search.LoginHelper(1716): 	at java.util.concurrent.ScheduledThreadPoolExecutor$ScheduledFutureTask.run(ScheduledThreadPoolExecutor.java:265)
10-13 06:24:49.077: W/Search.LoginHelper(1716): 	at java.util.concurrent.ThreadPoolExecutor.runWorker(ThreadPoolExecutor.java:1112)
10-13 06:24:49.077: W/Search.LoginHelper(1716): 	at java.util.concurrent.ThreadPoolExecutor$Worker.run(ThreadPoolExecutor.java:587)
10-13 06:24:49.077: W/Search.LoginHelper(1716): 	at java.lang.Thread.run(Thread.java:841)
10-13 06:24:49.077: W/Search.LoginHelper(1716): 	at cvx.run(PG:46)
10-13 06:24:49.089: I/Icing(20308): updateResources: need to parse qzb{com.google.android.gms}
10-13 06:24:49.090: I/AuthService(20415): [AccountService] Execution time for add account with authorization code, options: Bundle[{}] is 6521 ms.
10-13 06:24:49.093: D/LoginUtil(20382): Instrumentation completed successfully
10-13 06:24:49.099: D/AndroidRuntime(20345): Shutting down VM
10-13 06:24:49.103: D/dalvikvm(20345): GC_CONCURRENT freed 97K, 15% free 583K/684K, paused 1ms+0ms, total 3ms
10-13 06:24:49.327: I/ActivityManager(1036): Force stopping com.google.android.apps.mtaas.loginutil appid=10099 user=0: finished inst
10-13 06:24:49.327: I/ActivityManager(1036): Killing 20382:com.google.android.apps.mtaas.loginutil/u0a99 (adj 0): stop com.google.android.apps.mtaas.loginutil
10-13 06:24:49.328: W/ContextImpl(1297): Calling a method in the system process without a qualified user: android.app.ContextImpl.sendBroadcast:1252 android.content.ContextWrapper.sendBroadcast:365 com.motorola.motocare.util.TriggerHelper$TriggerBuilder.send:76 com.motorola.motocare.internal.frameworkevents.ProcessKillTrigger.sendTrigger:147 com.motorola.motocare.internal.frameworkevents.ProcessKillTrigger.handleFrameworkEvent:164 
10-13 06:24:49.336: I/Icing(20308): Usage reports 0 indexed 0 rejected 0 imm upload false
10-13 06:24:49.338: I/BeaconBle(20294): Scan : No clients left, canceling alarm.
10-13 06:24:49.344: I/ActivityManager(1036): Killing 19944:com.android.calendar/u0a6 (adj 15): empty #9
10-13 06:24:49.347: W/ContextImpl(1297): Calling a method in the system process without a qualified user: android.app.ContextImpl.sendBroadcast:1252 android.content.ContextWrapper.sendBroadcast:365 com.motorola.motocare.util.TriggerHelper$TriggerBuilder.send:76 com.motorola.motocare.internal.frameworkevents.ProcessKillTrigger.sendTrigger:147 com.motorola.motocare.internal.frameworkevents.ProcessKillTrigger.handleFrameworkEvent:164 
10-13 06:24:49.399: I/Exchange(20745): Accounts changed - requesting FolderSync for unsynced accounts
10-13 06:24:49.406: I/ActivityManager(1036): Start proc com.google.android.syncadapters.calendar for broadcast com.google.android.syncadapters.calendar/.CalendarSyncAdapterBroadcastReceiver: pid=20795 uid=10062 gids={50062, 3003}
10-13 06:24:49.451: W/Auth(20268): [GetToken] GetToken failed with status code: INVALID_SCOPE
10-13 06:24:49.455: I/ActivityManager(1036): Start proc com.google.android.talk for broadcast com.google.android.talk/com.google.android.apps.babel.service.AccountsChangedReceiver: pid=20809 uid=10066 gids={50066, 3003, 1028, 1015, 3002}
10-13 06:24:49.457: W/Search.LoginHelper(1716): Google auth exception for scope: oauth2:https://www.googleapis.com/auth/googlenow
10-13 06:24:49.457: W/Search.LoginHelper(1716): aij: INVALID_SCOPE
10-13 06:24:49.457: W/Search.LoginHelper(1716): 	at aik.a(Unknown Source)
10-13 06:24:49.457: W/Search.LoginHelper(1716): 	at aik.b(Unknown Source)
10-13 06:24:49.457: W/Search.LoginHelper(1716): 	at aik.a(Unknown Source)
10-13 06:24:49.457: W/Search.LoginHelper(1716): 	at bfm.c(PG:26)
10-13 06:24:49.457: W/Search.LoginHelper(1716): 	at bfi.c(PG:90)
10-13 06:24:49.457: W/Search.LoginHelper(1716): 	at bff.c(PG:62)
10-13 06:24:49.457: W/Search.LoginHelper(1716): 	at bfn.P(PG:656)
10-13 06:24:49.457: W/Search.LoginHelper(1716): 	at bfr.call(PG:554)
10-13 06:24:49.457: W/Search.LoginHelper(1716): 	at java.util.concurrent.FutureTask.run(FutureTask.java:237)
10-13 06:24:49.457: W/Search.LoginHelper(1716): 	at java.util.concurrent.Executors$RunnableAdapter.call(Executors.java:422)
10-13 06:24:49.457: W/Search.LoginHelper(1716): 	at java.util.concurrent.FutureTask.run(FutureTask.java:237)
10-13 06:24:49.457: W/Search.LoginHelper(1716): 	at java.util.concurrent.ScheduledThreadPoolExecutor$ScheduledFutureTask.access$201(ScheduledThreadPoolExecutor.java:152)
10-13 06:24:49.457: W/Search.LoginHelper(1716): 	at java.util.concurrent.ScheduledThreadPoolExecutor$ScheduledFutureTask.run(ScheduledThreadPoolExecutor.java:265)
10-13 06:24:49.457: W/Search.LoginHelper(1716): 	at java.util.concurrent.ThreadPoolExecutor.runWorker(ThreadPoolExecutor.java:1112)
10-13 06:24:49.457: W/Search.LoginHelper(1716): 	at java.util.concurrent.ThreadPoolExecutor$Worker.run(ThreadPoolExecutor.java:587)
10-13 06:24:49.457: W/Search.LoginHelper(1716): 	at java.lang.Thread.run(Thread.java:841)
10-13 06:24:49.457: W/Search.LoginHelper(1716): 	at cvx.run(PG:46)
10-13 06:24:49.459: I/ContactAccountLoggerTas(1716): canRun() : Opted Out
10-13 06:24:49.507: W/AbstractGoogleClient(20795): Application name is not set. Call Builder#setApplicationName.
10-13 06:24:49.520: I/ActivityManager(1036): Start proc com.android.providers.calendar for content provider com.android.providers.calendar/.CalendarProvider2: pid=20826 uid=10007 gids={50007, 3003, 1028, 1015}
10-13 06:24:49.539: D/dalvikvm(20294): DexOpt: couldn't find field Landroid/os/Message;.sendingUid
10-13 06:24:49.539: W/dalvikvm(20294): VFY: unable to resolve instance field 7040
10-13 06:24:49.539: D/dalvikvm(20294): VFY: replacing opcode 0x52 at 0x0002
10-13 06:24:49.585: I/CalendarProvider2(20826): Created com.android.providers.calendar.CalendarAlarmManager@41fa1008(com.android.providers.calendar.CalendarProvider2@41f98bc8)
10-13 06:24:49.594: I/Auth(20268): [BroadcastManager] Broadcasting account services changed.
10-13 06:24:49.647: I/ActivityManager(1036): Killing 20095:com.google.android.youtube/u0a97 (adj 15): empty #9
10-13 06:24:49.648: W/ContextImpl(1297): Calling a method in the system process without a qualified user: android.app.ContextImpl.sendBroadcast:1252 android.content.ContextWrapper.sendBroadcast:365 com.motorola.motocare.util.TriggerHelper$TriggerBuilder.send:76 com.motorola.motocare.internal.frameworkevents.ProcessKillTrigger.sendTrigger:147 com.motorola.motocare.internal.frameworkevents.ProcessKillTrigger.handleFrameworkEvent:164 
10-13 06:24:49.655: I/Babel(20809): MmsConfig: mnc/mcc: 0/0
10-13 06:24:49.655: I/Babel(20809): MmsConfig.loadMmsSettings
10-13 06:24:49.656: I/Babel(20809): MmsConfig.loadDeviceMmsSettings from API: mUserAgent=MOT-XT1064/Mms-4.4.4, mUaProfUrl=http://uaprof.motorola.com/phoneconfig/motoxt1064/Profile/motoxt1064-row.rdf
10-13 06:24:49.656: I/Babel(20809): MmsConfig.loadFromDatabase
10-13 06:24:49.674: W/Settings(20809): Setting airplane_mode_on has moved from android.provider.Settings.System to android.provider.Settings.Global, returning read-only value.
10-13 06:24:49.684: I/Babel(20809): Setting up account:Redacted-54 clean: true fromBackground: true
10-13 06:24:49.684: I/Babel(20809): Start retrieving account setting:Redacted-54
10-13 06:24:49.694: I/Babel(20809): Account not valid for babel. Skip device registration.
10-13 06:24:49.717: I/ActivityManager(1036): Start proc com.google.android.apps.plus for broadcast com.google.android.apps.plus/com.google.android.libraries.social.login.impl.AccountsChangedReceiver: pid=20855 uid=10085 gids={50085, 3003, 3002, 1028, 1015}
10-13 06:24:49.720: E/Babel(20809): canonicalizeMccMnc: invalid mccmnc 
10-13 06:24:49.720: I/Babel(20809): MmsConfig.loadFromResources
10-13 06:24:49.722: E/Babel(20809): canonicalizeMccMnc: invalid mccmnc nullnull
10-13 06:24:49.723: I/Babel(20809): MmsConfig.loadMmsSettings: mUserAgent=MOT-XT1064/Mms-4.4.4, mUaProfUrl=http://uaprof.motorola.com/phoneconfig/motoxt1064/Profile/motoxt1064-row.rdf
10-13 06:24:49.726: I/Icing(20308): Indexing 5BF63B20CE15F85BB776148A542E72F1E1B1D9A2 from com.google.android.apps.books
10-13 06:24:49.869: I/ActivityManager(1036): Start proc com.google.android.videos for broadcast com.google.android.videos/.accounts.AccountsChangedService$AccountsChangedReceiver: pid=20878 uid=10095 gids={50095, 3003, 1028, 1015, 3002}
10-13 06:24:49.900: D/WifiStateMachine(1036): handleMessage: E msg.what=131155
10-13 06:24:49.900: D/WifiStateMachine(1036): processMsg: ConnectedState
10-13 06:24:49.901: D/WifiStateMachine(1036): processMsg: L2ConnectedState
10-13 06:24:49.903: D/WifiStateMachine(1036): handleMessage: X
10-13 06:24:50.047: D/WifiStateMachine(1036): handleMessage: E msg.what=151572
10-13 06:24:50.047: D/WifiStateMachine(1036): processMsg: ConnectedState
10-13 06:24:50.047: D/WifiStateMachine(1036): processMsg: L2ConnectedState
10-13 06:24:50.052: D/WifiStateMachine(1036): handleMessage: X
10-13 06:24:50.128: I/ThermalEngine(309): Sensor:xo_therm_pu2:33000 mC
10-13 06:24:50.254: D/dalvikvm(2127): GC_EXPLICIT freed 771K, 44% free 9759K/17188K, paused 2ms+6ms, total 45ms
10-13 06:24:50.265: I/Icing(20308): Indexing done 5BF63B20CE15F85BB776148A542E72F1E1B1D9A2
10-13 06:24:50.269: D/PlayMovies(20878): PersistentCache.cleanup:103 Cache is below limit, no need to shrink: [size=0, limit=5242880]
10-13 06:24:50.285: D/dalvikvm(20268): GC_CONCURRENT freed 1794K, 33% free 11592K/17188K, paused 3ms+4ms, total 35ms
10-13 06:24:50.302: W/Auth(20268): [GetToken] GetToken failed with status code: INVALID_SCOPE
10-13 06:24:50.314: E/HttpOperation(20855): [hkj] Unexpected exception
10-13 06:24:50.314: E/HttpOperation(20855): java.lang.RuntimeException: Cannot obtain authentication token
10-13 06:24:50.314: E/HttpOperation(20855): 	at hkk.a(PG:61)
10-13 06:24:50.314: E/HttpOperation(20855): 	at hkr.g(PG:245)
10-13 06:24:50.314: E/HttpOperation(20855): 	at hkr.o(PG:166)
10-13 06:24:50.314: E/HttpOperation(20855): 	at hkp.a(PG:32)
10-13 06:24:50.314: E/HttpOperation(20855): 	at gzs.a(PG:487)
10-13 06:24:50.314: E/HttpOperation(20855): 	at gzq.c(PG:403)
10-13 06:24:50.314: E/HttpOperation(20855): 	at gzq.a(PG:375)
10-13 06:24:50.314: E/HttpOperation(20855): 	at gzq.b(PG:352)
10-13 06:24:50.314: E/HttpOperation(20855): 	at gzq.a(PG:308)
10-13 06:24:50.314: E/HttpOperation(20855): 	at gzq.b(PG:293)
10-13 06:24:50.314: E/HttpOperation(20855): 	at gyz.a(PG:25)
10-13 06:24:50.314: E/HttpOperation(20855): 	at gin.run(PG:129)
10-13 06:24:50.314: E/HttpOperation(20855): 	at java.util.concurrent.ThreadPoolExecutor.runWorker(ThreadPoolExecutor.java:1112)
10-13 06:24:50.314: E/HttpOperation(20855): 	at java.util.concurrent.ThreadPoolExecutor$Worker.run(ThreadPoolExecutor.java:587)
10-13 06:24:50.314: E/HttpOperation(20855): 	at java.lang.Thread.run(Thread.java:841)
10-13 06:24:50.314: E/HttpOperation(20855): Caused by: android.accounts.AuthenticatorException: Cannot get Oath2 token from GMS
