10-13 06:24:58.574: D/dalvikvm(1036): WAIT_FOR_CONCURRENT_GC blocked 35ms
10-13 06:24:58.574: D/dalvikvm(1036): WAIT_FOR_CONCURRENT_GC blocked 35ms
10-13 06:24:58.591: E/ChimeraProxyRslvr(20308): Failed to instantiate com.google.android.gms.checkin.CheckinChimeraService$Receiver: java.lang.ClassNotFoundException: Didn't find class "com.google.android.gms.checkin.CheckinChimeraService$Receiver" on path: DexPathList[[zip file "/system/framework/com.android.media.remotedisplay.jar", zip file "/system/framework/com.android.location.provider.jar", zip file "/data/app/com.google.android.gms-1.apk", zip file "/data/user/0/com.google.android.gms/code_cache/secondary-dexes/com.google.android.gms-1.apk.classes2.zip", zip file "/data/user/0/com.google.android.gms/code_cache/secondary-dexes/com.google.android.gms-1.apk.classes3.zip", zip file "/data/user/0/com.google.android.gms/code_cache/secondary-dexes/com.google.android.gms-1.apk.classes4.zip", zip file "/data/user/0/com.google.android.gms/code_cache/secondary-dexes/com.google.android.gms-1.apk.classes5.zip"],nativeLibraryDirectories=[/data/app-lib/com.google.android.gms-1, /data/app-lib/com.google.android.gms-1, /data/app-lib/com.google.android.gms-1, /data/app-lib/com.google.android.gms-1, /data/app-lib/com.google.android.gms-1, /data/app-lib/com.google.android.gms-1, /data/app-lib/com.google.android.gms-1, /vendor/lib, /system/lib]]
10-13 06:24:58.591: E/ChimeraRcvrProxy(20308): com.google.android.gms.checkin.CheckinServiceReceiver dropping broadcast com.google.gservices.intent.action.GSERVICES_CHANGED
10-13 06:24:58.600: D/Checkin(2127): publish the event [tag = MOT_MEDIA_STATS_L3 event name = FILE_DOWNLOAD]
10-13 06:24:58.647: W/Conscrypt(20268): Could not set socket write timeout:
10-13 06:24:58.648: W/Conscrypt(20268):    java.lang.reflect.Method.invokeNative(Native Method)
10-13 06:24:58.649: W/Conscrypt(20268):    java.lang.reflect.Method.invoke(Method.java:515)
10-13 06:24:58.668: W/Conscrypt(20268): Could not set socket write timeout:
10-13 06:24:58.669: W/Conscrypt(20268):    java.lang.reflect.Method.invokeNative(Native Method)
10-13 06:24:58.669: W/Conscrypt(20268):    java.lang.reflect.Method.invoke(Method.java:515)
10-13 06:24:58.670: W/ConfigurationChimeraProvider(20294): Got null configs for com.google.android.gms.chromesync
10-13 06:24:58.674: W/dalvikvm(20294): VFY: unable to find class referenced in signature ([Landroid/net/ScoredNetwork;)
10-13 06:24:58.676: E/dalvikvm(20294): Could not find class 'android.net.NetworkScoreManager', referenced from method vju.a
10-13 06:24:58.676: W/dalvikvm(20294): VFY: unable to resolve check-cast 3501 (Landroid/net/NetworkScoreManager;) in Lvju;
10-13 06:24:58.676: D/dalvikvm(20294): VFY: replacing opcode 0x1f at 0x0007
10-13 06:24:58.677: E/dalvikvm(20294): Could not find class 'android.net.NetworkScoreManager', referenced from method vju.c
10-13 06:24:58.677: W/dalvikvm(20294): VFY: unable to resolve check-cast 3501 (Landroid/net/NetworkScoreManager;) in Lvju;
10-13 06:24:58.677: D/dalvikvm(20294): VFY: replacing opcode 0x1f at 0x0006
10-13 06:24:58.678: I/GCoreUlr(20294): Starting service, intent=Intent { act=com.google.android.location.reporting.ACTION_UPDATE_WORLD cmp=com.google.android.gms/com.google.android.location.reporting.service.DispatchingService (has extras) }, extras=Bundle[{receiverAction=com.google.gservices.intent.action.GSERVICES_CHANGED}]
10-13 06:24:58.679: E/dalvikvm(20294): Could not find class 'android.net.NetworkScoreManager', referenced from method vju.d
10-13 06:24:58.679: W/dalvikvm(20294): VFY: unable to resolve check-cast 3501 (Landroid/net/NetworkScoreManager;) in Lvju;
10-13 06:24:58.679: D/dalvikvm(20294): VFY: replacing opcode 0x1f at 0x0007
10-13 06:24:58.679: W/NetRec(20294): [668] ConfigChangedIntentOperation.onHandleIntent: Device does not support scoring, exiting
10-13 06:24:58.692: I/DownloadManager(2127): Download 399 finished with status SUCCESS
10-13 06:24:58.709: I/ActivityManager(1036): Killing 20576:com.android.email/u0a17 (adj 15): empty #9
10-13 06:24:58.716: W/ContextImpl(1297): Calling a method in the system process without a qualified user: android.app.ContextImpl.sendBroadcast:1252 android.content.ContextWrapper.sendBroadcast:365 com.motorola.motocare.util.TriggerHelper$TriggerBuilder.send:76 com.motorola.motocare.internal.frameworkevents.ProcessKillTrigger.sendTrigger:147 com.motorola.motocare.internal.frameworkevents.ProcessKillTrigger.handleFrameworkEvent:164 
10-13 06:24:58.716: I/dalvikvm(20308): Could not find method android.system.Os.symlink, referenced from method buy.a
10-13 06:24:58.716: W/dalvikvm(20308): VFY: unable to resolve static method 1334: Landroid/system/Os;.symlink (Ljava/lang/String;Ljava/lang/String;)V
10-13 06:24:58.716: D/dalvikvm(20308): VFY: replacing opcode 0x71 at 0x002c
10-13 06:24:58.729: W/Conscrypt(20268): Could not set socket write timeout:
10-13 06:24:58.730: W/Conscrypt(20268):    java.lang.reflect.Method.invokeNative(Native Method)
10-13 06:24:58.731: W/Conscrypt(20268):    java.lang.reflect.Method.invoke(Method.java:515)
10-13 06:24:58.780: E/ConfigFileUtils(20308): Failed to read config file: /data/data/com.google.android.gms/app_chimera/current_modulesets.pb: open failed: ENOENT (No such file or directory)
10-13 06:24:58.808: W/Conscrypt(20268): Could not set socket write timeout:
10-13 06:24:58.809: W/Conscrypt(20268):    java.lang.reflect.Method.invokeNative(Native Method)
10-13 06:24:58.809: W/Conscrypt(20268):    java.lang.reflect.Method.invoke(Method.java:515)
10-13 06:24:58.845: D/dalvikvm(20268): GC_EXPLICIT freed 980K, 31% free 11931K/17188K, paused 5ms+10ms, total 76ms
10-13 06:24:58.882: I/dalvikvm(20308): Could not find method android.security.NetworkSecurityPolicy.getInstance, referenced from method com.google.android.gms.ads.internal.util.t.a
10-13 06:24:58.882: W/dalvikvm(20308): VFY: unable to resolve static method 1329: Landroid/security/NetworkSecurityPolicy;.getInstance ()Landroid/security/NetworkSecurityPolicy;
10-13 06:24:58.882: D/dalvikvm(20308): VFY: replacing opcode 0x71 at 0x00b2
10-13 06:24:58.885: W/ActivityManager(1036): Unable to start service Intent { cmp=com.google.android.gms/.analytics.service.RefreshEnabledStateService } U=0: not found
10-13 06:24:58.887: W/ContextImpl(21259): Implicit intents with startService are not safe: Intent { act=com.google.android.configupdater.SmsShortCodes.NEW_METADATA (has extras) } android.content.ContextWrapper.startService:494 android.content.ContextWrapper.startService:494 com.google.android.configupdater.UpdateRequestReceiver.handleMetadataDownload:244 
10-13 06:24:58.897: I/GCoreUlr(20294): WorldUpdater received intent Intent { act=com.google.android.location.reporting.ACTION_UPDATE_WORLD cmp=com.google.android.gms/com.google.android.location.reporting.service.DispatchingService (has extras) } with receiverAction com.google.gservices.intent.action.GSERVICES_CHANGED
10-13 06:24:58.910: D/WifiStateMachine(1036): handleMessage: E msg.what=131155
10-13 06:24:58.910: D/WifiStateMachine(1036): processMsg: ConnectedState
10-13 06:24:58.910: D/WifiStateMachine(1036): processMsg: L2ConnectedState
10-13 06:24:58.912: D/WifiStateMachine(1036): handleMessage: X
10-13 06:24:58.960: I/Auth(20268): [BroadcastManager] Broadcasting account services changed.
10-13 06:24:58.975: I/SFPerfTracer(293):      triggers: (rate: 0:6) (compose: 0:5) (post: 0:1) (render: 0:7) (0:306 frames) (1:3454)
10-13 06:24:58.975: D/SFPerfTracer(293):        layers: (3:9) (DimLayer: 0:23)* (FocusedStackFrame: 0:11)* (StatusBar: 1:1483) (NavigationBar: 0:53) (com.android.systemui.ImageWallpaper: 0:45)* (com.google.android.apps.mtaas.backdrop/com.google.android.apps.mtaas.backdrop.BackdropActivity: 0:22) 
10-13 06:24:59.003: D/dalvikvm(20308): GC_EXPLICIT freed 1491K, 25% free 12944K/17188K, paused 10ms+7ms, total 80ms
10-13 06:24:59.003: D/dalvikvm(20308): WAIT_FOR_CONCURRENT_GC blocked 60ms
10-13 06:24:59.036: D/dalvikvm(1036): GC_CONCURRENT freed 2885K, 29% free 20597K/28892K, paused 3ms+8ms, total 105ms
10-13 06:24:59.038: D/dalvikvm(1036): WAIT_FOR_CONCURRENT_GC blocked 78ms
10-13 06:24:59.038: D/dalvikvm(1036): WAIT_FOR_CONCURRENT_GC blocked 78ms
10-13 06:24:59.038: D/dalvikvm(1036): WAIT_FOR_CONCURRENT_GC blocked 77ms
10-13 06:24:59.040: D/dalvikvm(1036): WAIT_FOR_CONCURRENT_GC blocked 78ms
10-13 06:24:59.040: D/dalvikvm(1036): WAIT_FOR_CONCURRENT_GC blocked 65ms
10-13 06:24:59.041: D/dalvikvm(1036): WAIT_FOR_CONCURRENT_GC blocked 70ms
10-13 06:24:59.041: D/dalvikvm(1036): WAIT_FOR_CONCURRENT_GC blocked 70ms
10-13 06:24:59.041: D/dalvikvm(1036): WAIT_FOR_CONCURRENT_GC blocked 41ms
10-13 06:24:59.041: D/dalvikvm(1036): WAIT_FOR_CONCURRENT_GC blocked 88ms
10-13 06:24:59.045: I/openssl(2127): Crypto mode not selected, openssl will run on its regular mode.
10-13 06:24:59.045: I/openssl(2127): Crypto mode 0 already enabled
10-13 06:24:59.047: W/Auth(20268): [GetToken] GetToken failed with status code: INVALID_SCOPE
10-13 06:24:59.056: D/WifiStateMachine(1036): handleMessage: E msg.what=151572
10-13 06:24:59.056: D/WifiStateMachine(1036): processMsg: ConnectedState
10-13 06:24:59.056: D/WifiStateMachine(1036): processMsg: L2ConnectedState
10-13 06:24:59.062: D/WifiStateMachine(1036): handleMessage: X
10-13 06:24:59.065: E/CheckinRequestBuilder(20308): Unrecoverable authentication exception: INVALID_SCOPE
10-13 06:24:59.065: E/CheckinRequestBuilder(20308): dyj: INVALID_SCOPE
10-13 06:24:59.065: E/CheckinRequestBuilder(20308): 	at dyn.a(:com.google.android.gms@11509030:16)
10-13 06:24:59.065: E/CheckinRequestBuilder(20308): 	at dym.a(:com.google.android.gms@11509030:2)
10-13 06:24:59.065: E/CheckinRequestBuilder(20308): 	at dym.e(:com.google.android.gms@11509030:6)
10-13 06:24:59.065: E/CheckinRequestBuilder(20308): 	at dyk.f(:com.google.android.gms@11509030:3)
10-13 06:24:59.065: E/CheckinRequestBuilder(20308): 	at dyk.a(:com.google.android.gms@11509030:4)
10-13 06:24:59.065: E/CheckinRequestBuilder(20308): 	at hfb.a(:com.google.android.gms@11509030:219)
10-13 06:24:59.065: E/CheckinRequestBuilder(20308): 	at hgb.a(:com.google.android.gms@11509030:18)
10-13 06:24:59.065: E/CheckinRequestBuilder(20308): 	at hgb.a(:com.google.android.gms@11509030:182)
10-13 06:24:59.065: E/CheckinRequestBuilder(20308): 	at com.google.android.gms.checkin.CheckinChimeraService.a(:com.google.android.gms@11509030:149)
10-13 06:24:59.065: E/CheckinRequestBuilder(20308): 	at hex.run(:com.google.android.gms@11509030:2)
10-13 06:24:59.065: E/CheckinRequestBuilder(20308): 	at jqa.run(:com.google.android.gms@11509030:25)
10-13 06:24:59.065: E/CheckinRequestBuilder(20308): 	at java.util.concurrent.ThreadPoolExecutor.runWorker(ThreadPoolExecutor.java:1112)
10-13 06:24:59.065: E/CheckinRequestBuilder(20308): 	at java.util.concurrent.ThreadPoolExecutor$Worker.run(ThreadPoolExecutor.java:587)
10-13 06:24:59.065: E/CheckinRequestBuilder(20308): 	at jvj.run(:com.google.android.gms@11509030)
10-13 06:24:59.065: E/CheckinRequestBuilder(20308): 	at java.lang.Thread.run(Thread.java:841)
10-13 06:24:59.078: W/ContextImpl(21259): Implicit intents with startService are not safe: Intent { act=com.google.android.configupdater.CertPin.NEW_METADATA (has extras) } android.content.ContextWrapper.startService:494 android.content.ContextWrapper.startService:494 com.google.android.configupdater.UpdateRequestReceiver.handleMetadataDownload:244 
10-13 06:24:59.102: W/GmsModuleProvider(20308): Unknown dynamite feature flags
10-13 06:24:59.102: I/DynamiteModule(20308): Considering local module com.google.android.gms.flags:2 and remote module com.google.android.gms.flags:0
10-13 06:24:59.102: I/DynamiteModule(20308): Selected local version of com.google.android.gms.flags
10-13 06:24:59.184: I/DownloadManager(2127): Download 401 starting
10-13 06:24:59.185: I/GoogleURLConnFactory(20308): Using platform SSLCertificateSocketFactory
10-13 06:24:59.208: W/Auth(20268): [GetToken] GetToken failed with status code: INVALID_SCOPE
10-13 06:24:59.212: W/Search.LoginHelper(1716): Google auth exception for scope: oauth2:https://www.googleapis.com/auth/googlenow
10-13 06:24:59.212: W/Search.LoginHelper(1716): aij: INVALID_SCOPE
10-13 06:24:59.212: W/Search.LoginHelper(1716): 	at aik.a(Unknown Source)
10-13 06:24:59.212: W/Search.LoginHelper(1716): 	at aik.b(Unknown Source)
10-13 06:24:59.212: W/Search.LoginHelper(1716): 	at aik.a(Unknown Source)
10-13 06:24:59.212: W/Search.LoginHelper(1716): 	at bfm.c(PG:26)
10-13 06:24:59.212: W/Search.LoginHelper(1716): 	at bfi.c(PG:90)
10-13 06:24:59.212: W/Search.LoginHelper(1716): 	at bff.c(PG:62)
10-13 06:24:59.212: W/Search.LoginHelper(1716): 	at bfn.P(PG:656)
10-13 06:24:59.212: W/Search.LoginHelper(1716): 	at bfr.call(PG:554)
10-13 06:24:59.212: W/Search.LoginHelper(1716): 	at java.util.concurrent.FutureTask.run(FutureTask.java:237)
10-13 06:24:59.212: W/Search.LoginHelper(1716): 	at java.util.concurrent.Executors$RunnableAdapter.call(Executors.java:422)
10-13 06:24:59.212: W/Search.LoginHelper(1716): 	at java.util.concurrent.FutureTask.run(FutureTask.java:237)
10-13 06:24:59.212: W/Search.LoginHelper(1716): 	at java.util.concurrent.ScheduledThreadPoolExecutor$ScheduledFutureTask.access$201(ScheduledThreadPoolExecutor.java:152)
10-13 06:24:59.212: W/Search.LoginHelper(1716): 	at java.util.concurrent.ScheduledThreadPoolExecutor$ScheduledFutureTask.run(ScheduledThreadPoolExecutor.java:265)
10-13 06:24:59.212: W/Search.LoginHelper(1716): 	at java.util.concurrent.ThreadPoolExecutor.runWorker(ThreadPoolExecutor.java:1112)
10-13 06:24:59.212: W/Search.LoginHelper(1716): 	at java.util.concurrent.ThreadPoolExecutor$Worker.run(ThreadPoolExecutor.java:587)
10-13 06:24:59.212: W/Search.LoginHelper(1716): 	at java.lang.Thread.run(Thread.java:841)
10-13 06:24:59.212: W/Search.LoginHelper(1716): 	at cvx.run(PG:46)
10-13 06:24:59.235: D/dalvikvm(20308): GC_CONCURRENT freed 2050K, 25% free 12932K/17188K, paused 6ms+12ms, total 85ms
10-13 06:24:59.235: D/dalvikvm(20308): WAIT_FOR_CONCURRENT_GC blocked 53ms
10-13 06:24:59.263: I/WVCdm(296): CdmEngine::OpenSession
10-13 06:24:59.263: D/DrmWidevineDash(296): calling OEMCrypto_OpenSession...
10-13 06:24:59.268: D/DrmWidevineDash(296): OEMCrypto_OpenSession SID = 1
10-13 06:24:59.268: D/DrmWidevineDash(296): OEMCrypto_OpenSession returns 0
10-13 06:24:59.268: D/DrmWidevineDash(296): calling OEMCrypto_GetRandom...
10-13 06:24:59.268: D/DrmWidevineDash(296): OEMCrypto_GetRandom returns 0
10-13 06:24:59.269: I/WVCdm(296): CdmEngine::QueryKeyControlInfo
10-13 06:24:59.270: I/WVCdm(296): CdmEngine::GenerateKeyRequest
10-13 06:24:59.270: D/DrmWidevineDash(296): calling OEMCrypto_LoadDeviceRSAKey. SID = 1
10-13 06:24:59.272: D/DrmWidevineDash(296): OEMCrypto_LoadDeviceRSAKey returns 0
10-13 06:24:59.272: D/DrmWidevineDash(296): calling OEMCrypto_GetDeviceID...
10-13 06:24:59.283: D/DrmWidevineDash(296): OEMCrypto_GetDeviceID returns 0
10-13 06:24:59.283: D/DrmWidevineDash(296): calling OEMCrypto_GenerateNonce. SID = 1
10-13 06:24:59.283: D/DrmWidevineDash(296): OEMCrypto_GenerateNonce returns 0
10-13 06:24:59.283: D/WVCdm(296): PrepareKeyRequest: nonce=2567230767
10-13 06:24:59.283: D/DrmWidevineDash(296): calling OEMCrypto_GenerateRSASignature. SID = 1
10-13 06:24:59.284: D/DrmWidevineDash(296): OEMCrypto_GenerateRSASignature needs buffer size = 256
10-13 06:24:59.284: D/DrmWidevineDash(296): OEMCrypto_GenerateRSASignature returns 7
10-13 06:24:59.285: D/DrmWidevineDash(296): calling OEMCrypto_GenerateRSASignature. SID = 1
10-13 06:24:59.287: I/DownloadManager(2127): Download 402 starting
10-13 06:24:59.289: I/OcrModelUpStIntentOp(20308): Updating ocr activity enabled=true (phenotypeFlag=true, lowRamDevice=false, prereqCheck=true)
10-13 06:24:59.297: I/DownloadManager(2127): Ignoring Content-Length since Transfer-Encoding is also defined
10-13 06:24:59.298: D/dalvikvm(20268): GC_EXPLICIT freed 653K, 31% free 11883K/17188K, paused 7ms+13ms, total 82ms
10-13 06:24:59.330: D/dalvikvm(20308): newInstance failed: no <init>()
10-13 06:24:59.399: D/dalvikvm(20308): GC_FOR_ALLOC freed 1357K, 25% free 13050K/17188K, paused 38ms, total 38ms
10-13 06:24:59.437: W/Auth(20268): [GetToken] GetToken failed with status code: INVALID_SCOPE
10-13 06:24:59.456: I/DownloadManager(2127): Ignoring Content-Length since Transfer-Encoding is also defined
10-13 06:24:59.476: D/dalvikvm(1036): GC_CONCURRENT freed 2916K, 29% free 20595K/28892K, paused 4ms+8ms, total 101ms
10-13 06:24:59.476: D/dalvikvm(1036): WAIT_FOR_CONCURRENT_GC blocked 24ms
10-13 06:24:59.476: D/dalvikvm(1036): WAIT_FOR_CONCURRENT_GC blocked 24ms
10-13 06:24:59.477: D/dalvikvm(1036): WAIT_FOR_CONCURRENT_GC blocked 26ms
10-13 06:24:59.477: D/dalvikvm(1036): WAIT_FOR_CONCURRENT_GC blocked 81ms
10-13 06:24:59.477: D/dalvikvm(1036): WAIT_FOR_CONCURRENT_GC blocked 24ms
10-13 06:24:59.487: W/Search.LoginHelper(1716): Google auth exception for scope: oauth2:https://www.googleapis.com/auth/googlenow
10-13 06:24:59.487: W/Search.LoginHelper(1716): aij: INVALID_SCOPE
10-13 06:24:59.487: W/Search.LoginHelper(1716): 	at aik.a(Unknown Source)
10-13 06:24:59.487: W/Search.LoginHelper(1716): 	at aik.b(Unknown Source)
10-13 06:24:59.487: W/Search.LoginHelper(1716): 	at aik.a(Unknown Source)
10-13 06:24:59.487: W/Search.LoginHelper(1716): 	at bfm.c(PG:26)
10-13 06:24:59.487: W/Search.LoginHelper(1716): 	at bfi.c(PG:90)
10-13 06:24:59.487: W/Search.LoginHelper(1716): 	at bff.c(PG:62)
10-13 06:24:59.487: W/Search.LoginHelper(1716): 	at bfn.P(PG:656)
10-13 06:24:59.487: W/Search.LoginHelper(1716): 	at bfr.call(PG:554)
10-13 06:24:59.487: W/Search.LoginHelper(1716): 	at java.util.concurrent.FutureTask.run(FutureTask.java:237)
10-13 06:24:59.487: W/Search.LoginHelper(1716): 	at java.util.concurrent.Executors$RunnableAdapter.call(Executors.java:422)
10-13 06:24:59.487: W/Search.LoginHelper(1716): 	at java.util.concurrent.FutureTask.run(FutureTask.java:237)
10-13 06:24:59.487: W/Search.LoginHelper(1716): 	at java.util.concurrent.ScheduledThreadPoolExecutor$ScheduledFutureTask.access$201(ScheduledThreadPoolExecutor.java:152)
10-13 06:24:59.487: W/Search.LoginHelper(1716): 	at java.util.concurrent.ScheduledThreadPoolExecutor$ScheduledFutureTask.run(ScheduledThreadPoolExecutor.java:265)
10-13 06:24:59.487: W/Search.LoginHelper(1716): 	at java.util.concurrent.ThreadPoolExecutor.runWorker(ThreadPoolExecutor.java:1112)
10-13 06:24:59.487: W/Search.LoginHelper(1716): 	at java.util.concurrent.ThreadPoolExecutor$Worker.run(ThreadPoolExecutor.java:587)
10-13 06:24:59.487: W/Search.LoginHelper(1716): 	at java.lang.Thread.run(Thread.java:841)
10-13 06:24:59.487: W/Search.LoginHelper(1716): 	at cvx.run(PG:46)
10-13 06:24:59.489: I/ContactAccountLoggerTas(1716): canRun() : Opted Out
10-13 06:24:59.522: D/DrmWidevineDash(296): OEMCrypto_GenerateRSASignature returns 0
10-13 06:24:59.522: I/WVCdm(296): CdmEngine::CloseSession
10-13 06:24:59.522: D/DrmWidevineDash(296): calling OEMCrypto_CloseSession. SID = 1
10-13 06:24:59.522: D/DrmWidevineDash(296): OEMCrypto_CloseSession returns 0
10-13 06:24:59.565: W/Settings(21173): Setting install_non_market_apps has moved from android.provider.Settings.Secure to android.provider.Settings.Global.
10-13 06:24:59.572: D/dalvikvm(20308): GC_FOR_ALLOC freed 1771K, 24% free 13163K/17188K, paused 47ms, total 47ms
10-13 06:24:59.599: D/Checkin(2127): publish the event [tag = MOT_MEDIA_STATS_L3 event name = FILE_DOWNLOAD]
10-13 06:24:59.637: I/MobileDataHub(20308): Using regular flags by method 1
10-13 06:24:59.649: I/dalvikvm(20308): Could not find method android.bluetooth.BluetoothAdapter.isBleScanAlwaysAvailable, referenced from method jte.b
10-13 06:24:59.649: W/dalvikvm(20308): VFY: unable to resolve virtual method 3234: Landroid/bluetooth/BluetoothAdapter;.isBleScanAlwaysAvailable ()Z
10-13 06:24:59.649: D/dalvikvm(20308): VFY: replacing opcode 0x6e at 0x000e
10-13 06:24:59.670: I/Adreno-EGL(21173): <qeglDrvAPI_eglInitialize:410>: EGL 1.4 QUALCOMM build: RGURRAM_AU_LINUX_ANDROID_LNX.LA.3.5.1_RB1.04.04.02.048.056+PATCH[ES]_msm8226_LNX.LA.3.5.1_RB1__release_ENGG ()
10-13 06:24:59.670: I/Adreno-EGL(21173): OpenGL ES Shader Compiler Version: E031.24.00.15
10-13 06:24:59.670: I/Adreno-EGL(21173): Build Date: 05/27/14 Tue
10-13 06:24:59.670: I/Adreno-EGL(21173): Local Branch: 
10-13 06:24:59.670: I/Adreno-EGL(21173): Remote Branch: quic/LNX.LA.3.5.1_RB1.2
10-13 06:24:59.670: I/Adreno-EGL(21173): Local Patches: f0931b5dfb60c536e5444f9053822ad191929528 ES2.0: Fix for seg fault in VBO validation
10-13 06:24:59.670: I/Adreno-EGL(21173):                  0c6f7c995c347b2eb54a9baa340cab69ba279634 es20: Remove extra-logging info
10-13 06:24:59.670: I/Adreno-EGL(21173): Reconstruct Branch: AU_LINUX_ANDROID_LNX.LA.3.5.1_RB1.04.04
10-13 06:24:59.691: I/DownloadManager(2127): Download 401 finished with status SUCCESS
10-13 06:24:59.701: D/dalvikvm(20294): GC_EXPLICIT freed 1764K, 25% free 13023K/17188K, paused 7ms+19ms, total 163ms
10-13 06:24:59.710: D/dalvikvm(20308): GC_FOR_ALLOC freed 1074K, 23% free 13399K/17188K, paused 58ms, total 59ms
10-13 06:24:59.717: I/Adreno-EGL(21173): <qeglDrvAPI_eglInitialize:410>: EGL 1.4 QUALCOMM build: RGURRAM_AU_LINUX_ANDROID_LNX.LA.3.5.1_RB1.04.04.02.048.056+PATCH[ES]_msm8226_LNX.LA.3.5.1_RB1__release_ENGG ()
10-13 06:24:59.717: I/Adreno-EGL(21173): OpenGL ES Shader Compiler Version: E031.24.00.15
10-13 06:24:59.717: I/Adreno-EGL(21173): Build Date: 05/27/14 Tue
10-13 06:24:59.717: I/Adreno-EGL(21173): Local Branch: 
10-13 06:24:59.717: I/Adreno-EGL(21173): Remote Branch: quic/LNX.LA.3.5.1_RB1.2
10-13 06:24:59.717: I/Adreno-EGL(21173): Local Patches: f0931b5dfb60c536e5444f9053822ad191929528 ES2.0: Fix for seg fault in VBO validation
10-13 06:24:59.717: I/Adreno-EGL(21173):                  0c6f7c995c347b2eb54a9baa340cab69ba279634 es20: Remove extra-logging info
10-13 06:24:59.717: I/Adreno-EGL(21173): Reconstruct Branch: AU_LINUX_ANDROID_LNX.LA.3.5.1_RB1.04.04
10-13 06:24:59.740: I/GCoreUlr(20294): WorldUpdater:com.google.gservices.intent.action.GSERVICES_CHANGED: Ensuring that reporting is stopped because of reasons: {account#-10#=[InactiveReason{mIdentifier=10, mName='AuthError'}, InactiveReason{mIdentifier=6, mName='ReportingNotEnabled'}, InactiveReason{mIdentifier=14, mName='HistoryNotEnabled'}]}
10-13 06:24:59.753: D/Checkin(2127): publish the event [tag = MOT_MEDIA_STATS_L3 event name = FILE_DOWNLOAD]
10-13 06:24:59.773: W/ContextImpl(21259): Implicit intents with startService are not safe: Intent { act=com.google.android.configupdater.SmsShortCodes.NEW_CONTENT (has extras) } android.content.ContextWrapper.startService:494 android.content.ContextWrapper.startService:494 com.google.android.configupdater.UpdateRequestReceiver.handleContentDownload:231 
10-13 06:24:59.777: I/FontsSharedState(20308): Updating from directory version 0 to 7 from disk
10-13 06:24:59.784: I/WVCdm(296): CdmEngine::OpenSession
10-13 06:24:59.784: D/DrmWidevineDash(296): calling OEMCrypto_OpenSession...
10-13 06:24:59.785: D/DrmWidevineDash(296): OEMCrypto_OpenSession SID = 1
10-13 06:24:59.785: D/DrmWidevineDash(296): OEMCrypto_OpenSession returns 0
10-13 06:24:59.785: D/DrmWidevineDash(296): calling OEMCrypto_GetRandom...
10-13 06:24:59.786: D/DrmWidevineDash(296): OEMCrypto_GetRandom returns 0
10-13 06:24:59.786: I/WVCdm(296): CdmEngine::QueryKeyControlInfo
10-13 06:24:59.789: I/WVCdm(296): CdmEngine::GenerateKeyRequest
10-13 06:24:59.789: D/DrmWidevineDash(296): calling OEMCrypto_LoadDeviceRSAKey. SID = 1
10-13 06:24:59.792: D/DrmWidevineDash(296): OEMCrypto_LoadDeviceRSAKey returns 0
10-13 06:24:59.792: D/DrmWidevineDash(296): calling OEMCrypto_GetDeviceID...
10-13 06:24:59.801: D/DrmWidevineDash(296): OEMCrypto_GetDeviceID returns 0
10-13 06:24:59.801: D/DrmWidevineDash(296): calling OEMCrypto_GenerateNonce. SID = 1
10-13 06:24:59.801: I/UpdateFetcherService(21259): Update downloaded, starting installation
10-13 06:24:59.801: D/DrmWidevineDash(296): OEMCrypto_GenerateNonce returns 0
10-13 06:24:59.801: D/WVCdm(296): PrepareKeyRequest: nonce=1516697905
10-13 06:24:59.801: D/DrmWidevineDash(296): calling OEMCrypto_GenerateRSASignature. SID = 1
10-13 06:24:59.803: D/DrmWidevineDash(296): OEMCrypto_GenerateRSASignature needs buffer size = 256
10-13 06:24:59.803: D/DrmWidevineDash(296): OEMCrypto_GenerateRSASignature returns 7
10-13 06:24:59.803: D/DrmWidevineDash(296): calling OEMCrypto_GenerateRSASignature. SID = 1
10-13 06:24:59.814: I/UpdateFetcherService(21259): Started installation
10-13 06:24:59.828: I/GCoreUlr(20294): Unbound from all location providers
10-13 06:24:59.828: I/GCoreUlr(20294): Place inference reporting - stop
10-13 06:24:59.828: I/ConfigUpdateInstallReceiver(1036): Not installing, new version is <= current version
10-13 06:24:59.831: E/ConfigFileUtils(20308): Failed to read config file: /data/data/com.google.android.gms/app_chimera/current_modulesets.pb: open failed: ENOENT (No such file or directory)
10-13 06:24:59.842: I/GCoreUlr(20294): Unregistering for aliased place alerts.
10-13 06:24:59.874: D/dalvikvm(1036): GC_CONCURRENT freed 2906K, 29% free 20606K/28892K, paused 4ms+10ms, total 117ms
10-13 06:24:59.875: D/dalvikvm(1036): WAIT_FOR_CONCURRENT_GC blocked 8ms
10-13 06:24:59.888: I/DownloadManager(2127): Download 402 finished with status SUCCESS
10-13 06:24:59.889: W/Auth(20268): [GetToken] GetToken failed with status code: INVALID_SCOPE
10-13 06:24:59.899: I/GCoreUlr(20294): DispatchingService.onDestroy()
10-13 06:24:59.904: I/GCoreUlr(20294): Stopping handler for UlrDispSvcFast
10-13 06:24:59.910: E/Auth.Api.Credentials(20308): [SyncManager] Error during the sync.
10-13 06:24:59.910: E/Auth.Api.Credentials(20308): dyj: INVALID_SCOPE
10-13 06:24:59.910: E/Auth.Api.Credentials(20308): 	at dyn.a(:com.google.android.gms@11509030:16)
10-13 06:24:59.910: E/Auth.Api.Credentials(20308): 	at dym.a(:com.google.android.gms@11509030:2)
10-13 06:24:59.910: E/Auth.Api.Credentials(20308): 	at dym.e(:com.google.android.gms@11509030:6)
10-13 06:24:59.910: E/Auth.Api.Credentials(20308): 	at dym.d(:com.google.android.gms@11509030:1)
10-13 06:24:59.910: E/Auth.Api.Credentials(20308): 	at dyk.b(:com.google.android.gms@11509030:1)
10-13 06:24:59.910: E/Auth.Api.Credentials(20308): 	at jlb.b(:com.google.android.gms@11509030)
10-13 06:24:59.910: E/Auth.Api.Credentials(20308): 	at jjs.b(:com.google.android.gms@11509030:5)
10-13 06:24:59.910: E/Auth.Api.Credentials(20308): 	at jki.b(:com.google.android.gms@11509030:9)
10-13 06:24:59.910: E/Auth.Api.Credentials(20308): 	at jki.a(:com.google.android.gms@11509030:16)
10-13 06:24:59.910: E/Auth.Api.Credentials(20308): 	at jki.a(:com.google.android.gms@11509030:32)
10-13 06:24:59.910: E/Auth.Api.Credentials(20308): 	at emk.b(:com.google.android.gms@11509030:45)
10-13 06:24:59.910: E/Auth.Api.Credentials(20308): 	at eql.a(:com.google.android.gms@11509030:4)
10-13 06:24:59.910: E/Auth.Api.Credentials(20308): 	at eqj.a(:com.google.android.gms@11509030:84)
10-13 06:24:59.910: E/Auth.Api.Credentials(20308): 	at eqi.a(:com.google.android.gms@11509030:60)
10-13 06:24:59.910: E/Auth.Api.Credentials(20308): 	at jpd.onPerformSync(:com.google.android.gms@11509030:6)
10-13 06:24:59.910: E/Auth.Api.Credentials(20308): 	at android.content.AbstractThreadedSyncAdapter$SyncThread.run(AbstractThreadedSyncAdapter.java:259)
10-13 06:24:59.911: I/GCoreUlr(20294): Unbound from all location providers
10-13 06:24:59.911: I/GCoreUlr(20294): Place inference reporting - stop
10-13 06:24:59.917: I/GCoreUlr(20294): Unregistering for aliased place alerts.
10-13 06:24:59.924: I/OcrModelUpStIntentOp(20308): Downloading text recognizer
10-13 06:24:59.953: D/dalvikvm(20268): GC_EXPLICIT freed 369K, 32% free 11817K/17188K, paused 11ms+6ms, total 63ms
10-13 06:24:59.997: I/Places(20294): ?: Couldn't find platform key file.
10-13 06:25:00.000: V/AlarmManager(1036): sending alarm Alarm{432e9ee0 type 3 android}
10-13 06:25:00.006: D/DrmWidevineDash(296): OEMCrypto_GenerateRSASignature returns 0
10-13 06:25:00.011: V/AlarmManager(1036): Received TIME_TICK alarm; rescheduling
10-13 06:25:00.019: D/KeyguardUpdateMonitor(1107): received broadcast android.intent.action.TIME_TICK
10-13 06:25:00.019: I/WVCdm(296): CdmEngine::CloseSession
10-13 06:25:00.019: D/DrmWidevineDash(296): calling OEMCrypto_CloseSession. SID = 1
10-13 06:25:00.020: D/DrmWidevineDash(296): OEMCrypto_CloseSession returns 0
10-13 06:25:00.020: V/SBar.Clock(1107): com.android.systemui.statusbar.policy.Clock$1@41fd2158 received event: android.intent.action.TIME_TICK
10-13 06:25:00.032: W/ContextImpl(21259): Implicit intents with startService are not safe: Intent { act=com.google.android.configupdater.CertPin.NEW_CONTENT (has extras) } android.content.ContextWrapper.startService:494 android.content.ContextWrapper.startService:494 com.google.android.configupdater.UpdateRequestReceiver.handleContentDownload:231 
10-13 06:25:00.036: D/dalvikvm(20308): GC_CONCURRENT freed 1535K, 20% free 13912K/17188K, paused 35ms+5ms, total 102ms
10-13 06:25:00.036: D/dalvikvm(20308): WAIT_FOR_CONCURRENT_GC blocked 66ms
10-13 06:25:00.037: D/dalvikvm(20308): WAIT_FOR_CONCURRENT_GC blocked 67ms
10-13 06:25:00.038: D/dalvikvm(20308): WAIT_FOR_CONCURRENT_GC blocked 66ms
10-13 06:25:00.038: D/dalvikvm(20308): WAIT_FOR_CONCURRENT_GC blocked 66ms
10-13 06:25:00.038: D/dalvikvm(20308): WAIT_FOR_CONCURRENT_GC blocked 66ms
10-13 06:25:00.038: D/dalvikvm(20308): WAIT_FOR_CONCURRENT_GC blocked 59ms
10-13 06:25:00.039: V/SBar.Clock(1107): com.android.systemui.statusbar.policy.Clock$1@41fdad60 received event: android.intent.action.TIME_TICK
10-13 06:25:00.039: D/dalvikvm(20308): WAIT_FOR_CONCURRENT_GC blocked 59ms
10-13 06:25:00.039: D/dalvikvm(20308): WAIT_FOR_CONCURRENT_GC blocked 32ms
10-13 06:25:00.040: D/dalvikvm(20308): WAIT_FOR_CONCURRENT_GC blocked 69ms
10-13 06:25:00.046: V/DateView(1107): com.android.systemui.statusbar.policy.DateView$1@41fdbad0 received event: android.intent.action.TIME_TICK
10-13 06:25:00.047: V/DateTimeView(1107): android.widget.DateTimeView$1@42482028 received event android.intent.action.TIME_TICK
10-13 06:25:00.052: V/TextClock(20256): android.widget.TextClock$2@41faebb8 received event android.intent.action.TIME_TICK
10-13 06:25:00.053: D/dalvikvm(20308): WAIT_FOR_CONCURRENT_GC blocked 74ms
10-13 06:25:00.058: D/WifiStateMachine(1036): handleMessage: E msg.what=151572
10-13 06:25:00.058: D/WifiStateMachine(1036): processMsg: ConnectedState
10-13 06:25:00.058: D/WifiStateMachine(1036): processMsg: L2ConnectedState
10-13 06:25:00.061: V/DateTimeView(1107): android.widget.DateTimeView$1@42492f68 received event android.intent.action.TIME_TICK
10-13 06:25:00.063: D/dalvikvm(20308): WAIT_FOR_CONCURRENT_GC blocked 92ms
10-13 06:25:00.065: D/dalvikvm(20308): WAIT_FOR_CONCURRENT_GC blocked 94ms
10-13 06:25:00.076: D/WifiStateMachine(1036): handleMessage: X
10-13 06:25:00.078: I/UpdateFetcherService(21259): Update downloaded, starting installation
10-13 06:25:00.085: I/UpdateFetcherService(21259): Started installation
10-13 06:25:00.098: I/CmaSystemUpdateService(20308): StartServiceIntentOperation: Intent { act=com.google.gservices.intent.action.GSERVICES_CHANGED flg=0x10 cmp=com.google.android.gms/.chimera.GmsIntentOperationService$PersistentInternalReceiver }
10-13 06:25:00.111: I/SystemUpdate(20308): [Installation,ReceiverIntentOperation] Received intent: Intent { act=com.google.gservices.intent.action.GSERVICES_CHANGED flg=0x10 cmp=com.google.android.gms/.chimera.GmsIntentOperationService$PersistentInternalReceiver }.
10-13 06:25:00.123: I/openssl(2127): Crypto mode not selected, openssl will run on its regular mode.
10-13 06:25:00.123: I/openssl(2127): Crypto mode 0 already enabled
10-13 06:25:00.132: I/ThermalEngine(309): Sensor:xo_therm_pu2:34000 mC
10-13 06:25:00.137: W/dalvikvm(20308): VFY: unable to find class referenced in signature (Landroid/os/UpdateEngineCallback;)
10-13 06:25:00.143: I/CmaSystemUpdateService(20308): receiver: Intent { act=com.google.gservices.intent.action.GSERVICES_CHANGED flg=0x10 cmp=com.google.android.gms/.chimera.GmsIntentOperationService$PersistentInternalReceiver }
10-13 06:25:00.145: I/ConfigUpdateInstallReceiver(1036): Not installing, new version is <= current version
10-13 06:25:00.181: I/GeofencerStateMachine(20294): removeGeofences: removeRequest=RemoveGeofencingRequest[REMOVE_BY_PENDING_INTENT pendingIntent=PendingIntent[creatorPackage=com.google.android.gms], packageName=null]
10-13 06:25:00.183: I/GeofencerStateMachine(20294): removeGeofences: removeRequest=RemoveGeofencingRequest[REMOVE_BY_PENDING_INTENT pendingIntent=PendingIntent[creatorPackage=com.google.android.gms], packageName=null]
10-13 06:25:00.186: D/dalvikvm(20308): DexOpt: couldn't find static field Landroid/os/Build;.SUPPORTED_ABIS
10-13 06:25:00.186: W/dalvikvm(20308): VFY: unable to resolve static field 19152 (SUPPORTED_ABIS) in Landroid/os/Build;
10-13 06:25:00.186: D/dalvikvm(20308): VFY: replacing opcode 0x62 at 0x0006
10-13 06:25:00.192: I/GeofencerStateMachine(20294): removeGeofences: removeRequest=RemoveGeofencingRequest[REMOVE_BY_PENDING_INTENT pendingIntent=PendingIntent[creatorPackage=com.google.android.gms], packageName=null]
10-13 06:25:00.192: I/Places(20294): ?: Couldn't find platform key file.
10-13 06:25:00.227: I/GeofencerStateMachine(20294): removeGeofences: removeRequest=RemoveGeofencingRequest[REMOVE_BY_PENDING_INTENT pendingIntent=PendingIntent[creatorPackage=com.google.android.gms], packageName=null]
10-13 06:25:00.228: I/GeofencerStateMachine(20294): removeGeofences: removeRequest=RemoveGeofencingRequest[REMOVE_BY_PENDING_INTENT pendingIntent=PendingIntent[creatorPackage=com.google.android.gms], packageName=null]
10-13 06:25:00.233: I/GeofencerStateMachine(20294): removeGeofences: removeRequest=RemoveGeofencingRequest[REMOVE_BY_PENDING_INTENT pendingIntent=PendingIntent[creatorPackage=com.google.android.gms], packageName=null]
10-13 06:25:00.247: D/dalvikvm(20308): GC_FOR_ALLOC freed 2053K, 21% free 13606K/17188K, paused 62ms, total 62ms
10-13 06:25:00.250: I/Vision(20308): Supported ABIS: [armeabi-v7a, armeabi]
10-13 06:25:00.264: W/ConfigurationChimeraProvider(20294): Got null configs for com.google.android.gms.update
10-13 06:25:00.269: I/SystemUpdate(20308): [Execution,InstallationEventIntentOperation] Received intent with event 2.
10-13 06:25:00.270: I/dalvikvm(20308): Could not find method android.os.RecoverySystem.cancelScheduledUpdate, referenced from method aehf.a
10-13 06:25:00.270: W/dalvikvm(20308): VFY: unable to resolve static method 28885: Landroid/os/RecoverySystem;.cancelScheduledUpdate (Landroid/content/Context;)V
10-13 06:25:00.271: D/dalvikvm(20308): VFY: replacing opcode 0x71 at 0x002c
10-13 06:25:00.272: W/dalvikvm(20308): Unable to resolve superclass of Laeii; (6393)
10-13 06:25:00.272: W/dalvikvm(20308): Link of class 'Laeii;' failed
10-13 06:25:00.272: E/dalvikvm(20308): Could not find class 'aeii', referenced from method aehf.a
10-13 06:25:00.272: W/dalvikvm(20308): VFY: unable to resolve new-instance 162 (Laeii;) in Laehf;
10-13 06:25:00.272: D/dalvikvm(20308): VFY: replacing opcode 0x22 at 0x0035
10-13 06:25:00.274: W/ChimeraUtils(20308): Non Chimera context
10-13 06:25:00.277: W/dalvikvm(20308): Unable to resolve superclass of Laeii; (6393)
10-13 06:25:00.277: W/dalvikvm(20308): Link of class 'Laeii;' failed
10-13 06:25:00.277: D/dalvikvm(20308): DexOpt: unable to opt direct call 0x02bd at 0x37 in Laehf;.a
10-13 06:25:00.297: W/dalvikvm(20308): VFY: unable to find class referenced in signature (Landroid/app/admin/SystemUpdatePolicy;)
10-13 06:25:00.297: I/dalvikvm(20308): Could not find method android.app.admin.SystemUpdatePolicy.getPolicyType, referenced from method aegi.b
10-13 06:25:00.298: W/dalvikvm(20308): VFY: unable to resolve virtual method 27696: Landroid/app/admin/SystemUpdatePolicy;.getPolicyType ()I
10-13 06:25:00.298: D/dalvikvm(20308): VFY: replacing opcode 0x6e at 0x004e
10-13 06:25:00.299: W/dalvikvm(20308): VFY: unable to find class referenced in signature (Landroid/app/admin/SystemUpdatePolicy;)
10-13 06:25:00.299: I/dalvikvm(20308): Could not find method android.app.admin.DevicePolicyManager.getSystemUpdatePolicy, referenced from method aegi.b
10-13 06:25:00.299: W/dalvikvm(20308): VFY: unable to resolve virtual method 27693: Landroid/app/admin/DevicePolicyManager;.getSystemUpdatePolicy ()Landroid/app/admin/SystemUpdatePolicy;
10-13 06:25:00.299: D/dalvikvm(20308): VFY: replacing opcode 0x6e at 0x0011
10-13 06:25:00.300: W/dalvikvm(20308): VFY: unable to find class referenced in signature (Landroid/app/admin/SystemUpdatePolicy;)
10-13 06:25:00.305: I/dalvikvm(20308): Could not find method android.os.PowerManager.isDeviceIdleMode, referenced from method aegg.a
10-13 06:25:00.305: W/dalvikvm(20308): VFY: unable to resolve virtual method 28873: Landroid/os/PowerManager;.isDeviceIdleMode ()Z
10-13 06:25:00.305: D/dalvikvm(20308): VFY: replacing opcode 0x6e at 0x000e
10-13 06:25:00.314: W/dalvikvm(20308): Unable to resolve superclass of Laejd; (6316)
10-13 06:25:00.314: W/dalvikvm(20308): Link of class 'Laejd;' failed
10-13 06:25:00.338: W/dalvikvm(20308): Unable to resolve superclass of Laejd; (6316)
10-13 06:25:00.338: W/dalvikvm(20308): Link of class 'Laejd;' failed
10-13 06:25:00.339: W/dalvikvm(20308): Unable to resolve superclass of Laejd; (6316)
10-13 06:25:00.339: W/dalvikvm(20308): Link of class 'Laejd;' failed
10-13 06:25:00.340: W/dalvikvm(20308): Unable to resolve superclass of Laejd; (6316)
10-13 06:25:00.340: W/dalvikvm(20308): Link of class 'Laejd;' failed
10-13 06:25:00.341: I/dalvikvm(20308): Could not find method aejd.c, referenced from method aefz.a
10-13 06:25:00.341: W/dalvikvm(20308): VFY: unable to resolve virtual method 789: Laejd;.c ()Z
10-13 06:25:00.341: D/dalvikvm(20308): VFY: replacing opcode 0x6e at 0x003c
10-13 06:25:00.348: D/dalvikvm(1036): GC_CONCURRENT freed 2878K, 29% free 20639K/28892K, paused 4ms+11ms, total 111ms
10-13 06:25:00.349: I/dalvikvm(20308): Could not find method com.google.android.gms.update.ChimeraSystemUpdateService.getColor, referenced from method aefz.a
10-13 06:25:00.349: W/dalvikvm(20308): VFY: unable to resolve virtual method 52049: Lcom/google/android/gms/update/ChimeraSystemUpdateService;.getColor (I)I
10-13 06:25:00.349: D/dalvikvm(20308): VFY: replacing opcode 0x6e at 0x0374
10-13 06:25:00.350: D/dalvikvm(1036): WAIT_FOR_CONCURRENT_GC blocked 42ms
10-13 06:25:00.351: W/dalvikvm(20308): Unable to resolve superclass of Laejd; (6316)
10-13 06:25:00.351: W/dalvikvm(20308): Link of class 'Laejd;' failed
10-13 06:25:00.352: W/dalvikvm(20308): Unable to resolve superclass of Laejd; (6316)
10-13 06:25:00.352: W/dalvikvm(20308): Link of class 'Laejd;' failed
10-13 06:25:00.358: W/dalvikvm(20308): Unable to resolve superclass of Laejd; (6316)
10-13 06:25:00.358: W/dalvikvm(20308): Link of class 'Laejd;' failed
10-13 06:25:00.360: W/dalvikvm(20308): Unable to resolve superclass of Laejd; (6316)
10-13 06:25:00.360: W/dalvikvm(20308): Link of class 'Laejd;' failed
10-13 06:25:00.361: I/dalvikvm(20308): Could not find method aejd.d, referenced from method aefz.c
10-13 06:25:00.361: W/dalvikvm(20308): VFY: unable to resolve virtual method 790: Laejd;.d ()V
10-13 06:25:00.361: D/dalvikvm(20308): VFY: replacing opcode 0x6e at 0x000c
10-13 06:25:00.411: D/dalvikvm(20308): GC_CONCURRENT freed 1945K, 21% free 13749K/17188K, paused 11ms+4ms, total 59ms
10-13 06:25:00.411: D/dalvikvm(20308): WAIT_FOR_CONCURRENT_GC blocked 50ms
10-13 06:25:00.412: D/dalvikvm(20308): WAIT_FOR_CONCURRENT_GC blocked 40ms
10-13 06:25:00.412: D/dalvikvm(20308): WAIT_FOR_CONCURRENT_GC blocked 41ms
10-13 06:25:00.413: W/dalvikvm(20308): Unable to resolve superclass of Laejd; (6316)
10-13 06:25:00.413: W/dalvikvm(20308): Link of class 'Laejd;' failed
10-13 06:25:00.415: W/dalvikvm(20308): Unable to resolve superclass of Laejd; (6316)
10-13 06:25:00.415: W/dalvikvm(20308): Link of class 'Laejd;' failed
10-13 06:25:00.417: W/dalvikvm(20308): Unable to resolve superclass of Laejd; (6316)
10-13 06:25:00.417: W/dalvikvm(20308): Link of class 'Laejd;' failed
10-13 06:25:00.417: I/dalvikvm(20308): Could not find method aejd.b, referenced from method aefz.r
10-13 06:25:00.417: W/dalvikvm(20308): VFY: unable to resolve virtual method 788: Laejd;.b ()Landroid/net/Network;
10-13 06:25:00.417: D/dalvikvm(20308): VFY: replacing opcode 0x6e at 0x0034
10-13 06:25:00.424: W/dalvikvm(20308): Unable to resolve superclass of Laejd; (6316)
10-13 06:25:00.424: W/dalvikvm(20308): Link of class 'Laejd;' failed
10-13 06:25:00.425: W/dalvikvm(20308): Unable to resolve superclass of Laeiv; (183)
10-13 06:25:00.426: W/dalvikvm(20308): Link of class 'Laeiv;' failed
10-13 06:25:00.427: I/dalvikvm(20308): Could not find method aeiv.a, referenced from method aefz.t
10-13 06:25:00.427: W/dalvikvm(20308): VFY: unable to resolve static method 761: Laeiv;.a (Landroid/content/Context;Ljava/util/List;Z)Laeiv;
10-13 06:25:00.427: D/dalvikvm(20308): VFY: replacing opcode 0x71 at 0x001c
10-13 06:25:00.429: W/dalvikvm(20308): Unable to resolve superclass of Laejd; (6316)
10-13 06:25:00.429: W/dalvikvm(20308): Link of class 'Laejd;' failed
10-13 06:25:00.429: W/dalvikvm(20308): Unable to resolve superclass of Laejf; (183)
10-13 06:25:00.429: W/dalvikvm(20308): Link of class 'Laejf;' failed
10-13 06:25:00.429: I/dalvikvm(20308): Could not find method aejf.a, referenced from method aefz.t
10-13 06:25:00.430: W/dalvikvm(20308): VFY: unable to resolve static method 796: Laejf;.a (Landroid/content/Context;)Laejf;
10-13 06:25:00.430: D/dalvikvm(20308): VFY: replacing opcode 0x71 at 0x005e
10-13 06:25:00.431: W/dalvikvm(20308): Unable to resolve superclass of Laejd; (6316)
10-13 06:25:00.431: W/dalvikvm(20308): Link of class 'Laejd;' failed
10-13 06:25:00.444: I/dalvikvm(20308): Could not find method android.net.ConnectivityManager.getActiveNetwork, referenced from method aegh.d
10-13 06:25:00.444: W/dalvikvm(20308): VFY: unable to resolve virtual method 28538: Landroid/net/ConnectivityManager;.getActiveNetwork ()Landroid/net/Network;
10-13 06:25:00.444: D/dalvikvm(20308): VFY: replacing opcode 0x6e at 0x0021
10-13 06:25:00.492: D/dalvikvm(20268): GC_EXPLICIT freed 373K, 32% free 11773K/17188K, paused 3ms+5ms, total 42ms
10-13 06:25:00.504: D/dalvikvm(20308): GC_CONCURRENT freed 1470K, 17% free 14326K/17188K, paused 4ms+4ms, total 49ms
10-13 06:25:00.504: D/dalvikvm(20308): WAIT_FOR_CONCURRENT_GC blocked 25ms
10-13 06:25:00.504: D/dalvikvm(20308): WAIT_FOR_CONCURRENT_GC blocked 7ms
10-13 06:25:00.505: D/dalvikvm(20308): WAIT_FOR_CONCURRENT_GC blocked 2ms
10-13 06:25:00.505: D/dalvikvm(20308): WAIT_FOR_CONCURRENT_GC blocked 2ms
10-13 06:25:00.510: I/WVCdm(296): CdmEngine::OpenSession
10-13 06:25:00.510: D/DrmWidevineDash(296): calling OEMCrypto_OpenSession...
10-13 06:25:00.511: D/DrmWidevineDash(296): OEMCrypto_OpenSession SID = 1
10-13 06:25:00.511: D/DrmWidevineDash(296): OEMCrypto_OpenSession returns 0
10-13 06:25:00.511: D/DrmWidevineDash(296): calling OEMCrypto_GetRandom...
10-13 06:25:00.511: D/DrmWidevineDash(296): OEMCrypto_GetRandom returns 0
10-13 06:25:00.512: I/WVCdm(296): CdmEngine::QueryKeyControlInfo
10-13 06:25:00.515: I/WVCdm(296): CdmEngine::GenerateKeyRequest
10-13 06:25:00.515: D/DrmWidevineDash(296): calling OEMCrypto_LoadDeviceRSAKey. SID = 1
10-13 06:25:00.517: I/SystemUpdate(20308): [Execution,InstallationIntentOperation] Received intent: Intent { act=com.google.android.gms.update.INSTALL_UPDATE cat=[targeted_intent_op_prefix:.update.execution.InstallationIntentOperation] cmp=com.google.android.gms/.chimera.GmsIntentOperationService }.
10-13 06:25:00.519: D/DrmWidevineDash(296): OEMCrypto_LoadDeviceRSAKey returns 0
10-13 06:25:00.519: D/DrmWidevineDash(296): calling OEMCrypto_GetDeviceID...
10-13 06:25:00.526: I/CmaSystemUpdateService(20308): connectivity change: Intent { act=android.net.conn.CONNECTIVITY_CHANGE flg=0x4000010 (has extras) }
10-13 06:25:00.526: I/CmaSystemUpdateService(20308): receiver: Intent { act=android.net.conn.CONNECTIVITY_CHANGE flg=0x4000010 (has extras) }
10-13 06:25:00.528: D/DrmWidevineDash(296): OEMCrypto_GetDeviceID returns 0
10-13 06:25:00.528: D/DrmWidevineDash(296): calling OEMCrypto_GenerateNonce. SID = 1
10-13 06:25:00.529: D/DrmWidevineDash(296): OEMCrypto_GenerateNonce returns 0
10-13 06:25:00.529: D/WVCdm(296): PrepareKeyRequest: nonce=1109891495
10-13 06:25:00.529: D/DrmWidevineDash(296): calling OEMCrypto_GenerateRSASignature. SID = 1
10-13 06:25:00.530: D/DrmWidevineDash(296): OEMCrypto_GenerateRSASignature needs buffer size = 256
10-13 06:25:00.530: D/DrmWidevineDash(296): OEMCrypto_GenerateRSASignature returns 7
10-13 06:25:00.530: D/DrmWidevineDash(296): calling OEMCrypto_GenerateRSASignature. SID = 1
10-13 06:25:00.570: I/dalvikvm(21173): Could not find method android.net.Network.openConnection, referenced from method mma.a
10-13 06:25:00.570: W/dalvikvm(21173): VFY: unable to resolve virtual method 4316: Landroid/net/Network;.openConnection (Ljava/net/URL;)Ljava/net/URLConnection;
10-13 06:25:00.570: D/dalvikvm(21173): VFY: replacing opcode 0x6e at 0x000a
10-13 06:25:00.596: I/dalvikvm(21173): Could not find method android.os.PowerManager.isInteractive, referenced from method jsi.a
10-13 06:25:00.596: W/dalvikvm(21173): VFY: unable to resolve virtual method 4659: Landroid/os/PowerManager;.isInteractive ()Z
10-13 06:25:00.596: D/dalvikvm(21173): VFY: replacing opcode 0x6e at 0x0006
10-13 06:25:00.607: D/dalvikvm(20308): GC_FOR_ALLOC freed 1761K, 21% free 13715K/17188K, paused 48ms, total 48ms
10-13 06:25:00.608: I/SystemUpdateTask(20308): cancelUpdate (empty URL)
10-13 06:25:00.608: I/CmaSystemUpdateService(20308): active receiver: disabled
10-13 06:25:00.627: W/dalvikvm(20308): Unable to resolve superclass of Laejd; (6316)
10-13 06:25:00.627: W/dalvikvm(20308): Link of class 'Laejd;' failed
10-13 06:25:00.628: W/dalvikvm(20308): Unable to resolve superclass of Laeiv; (183)
10-13 06:25:00.628: W/dalvikvm(20308): Link of class 'Laeiv;' failed
10-13 06:25:00.630: I/dalvikvm(20308): Could not find method aeiv.a, referenced from method aeev.b
10-13 06:25:00.630: W/dalvikvm(20308): VFY: unable to resolve static method 761: Laeiv;.a (Landroid/content/Context;Ljava/util/List;Z)Laeiv;
10-13 06:25:00.630: D/dalvikvm(20308): VFY: replacing opcode 0x71 at 0x00eb
10-13 06:25:00.631: I/Vision(20308): Engine already satisfied by existing download for ocr
10-13 06:25:00.634: W/dalvikvm(20308): Unable to resolve superclass of Laejd; (6316)
10-13 06:25:00.634: W/dalvikvm(20308): Link of class 'Laejd;' failed
10-13 06:25:00.635: I/dalvikvm(20308): Could not find method aejd.d, referenced from method aeev.b
10-13 06:25:00.636: W/dalvikvm(20308): VFY: unable to resolve virtual method 790: Laejd;.d ()V
10-13 06:25:00.636: D/dalvikvm(20308): VFY: replacing opcode 0x6e at 0x0377
10-13 06:25:00.642: W/dalvikvm(20308): VFY: unable to find class referenced in signature (Landroid/net/Network;)
10-13 06:25:00.643: W/dalvikvm(20308): Unable to resolve superclass of Laejd; (6316)
10-13 06:25:00.643: W/dalvikvm(20308): Link of class 'Laejd;' failed
10-13 06:25:00.644: I/dalvikvm(20308): Could not find method aejd.d, referenced from method aeev.b
10-13 06:25:00.644: W/dalvikvm(20308): VFY: unable to resolve virtual method 790: Laejd;.d ()V
10-13 06:25:00.644: D/dalvikvm(20308): VFY: replacing opcode 0x6e at 0x0321
10-13 06:25:00.646: W/dalvikvm(20308): Unable to resolve superclass of Laejd; (6316)
10-13 06:25:00.646: W/dalvikvm(20308): Link of class 'Laejd;' failed
10-13 06:25:00.647: I/dalvikvm(20308): Could not find method aejd.d, referenced from method aeev.b
10-13 06:25:00.647: W/dalvikvm(20308): VFY: unable to resolve virtual method 790: Laejd;.d ()V
10-13 06:25:00.647: D/dalvikvm(20308): VFY: replacing opcode 0x6e at 0x03e6
10-13 06:25:00.650: W/dalvikvm(20308): Unable to resolve superclass of Laejd; (6316)
10-13 06:25:00.650: W/dalvikvm(20308): Link of class 'Laejd;' failed
10-13 06:25:00.651: I/dalvikvm(20308): Could not find method aejd.d, referenced from method aeev.b
10-13 06:25:00.651: W/dalvikvm(20308): VFY: unable to resolve virtual method 790: Laejd;.d ()V
10-13 06:25:00.651: D/dalvikvm(20308): VFY: replacing opcode 0x6e at 0x0596
10-13 06:25:00.655: W/dalvikvm(20308): Unable to resolve superclass of Laejd; (6316)
10-13 06:25:00.655: W/dalvikvm(20308): Link of class 'Laejd;' failed
10-13 06:25:00.656: I/dalvikvm(20308): Could not find method aejd.d, referenced from method aeev.b
10-13 06:25:00.656: W/dalvikvm(20308): VFY: unable to resolve virtual method 790: Laejd;.d ()V
10-13 06:25:00.656: D/dalvikvm(20308): VFY: replacing opcode 0x6e at 0x05ec
10-13 06:25:00.663: W/dalvikvm(20308): Unable to resolve superclass of Laejd; (6316)
10-13 06:25:00.663: W/dalvikvm(20308): Link of class 'Laejd;' failed
10-13 06:25:00.664: I/dalvikvm(20308): Could not find method aejd.d, referenced from method aeev.b
10-13 06:25:00.664: W/dalvikvm(20308): VFY: unable to resolve virtual method 790: Laejd;.d ()V
10-13 06:25:00.664: D/dalvikvm(20308): VFY: replacing opcode 0x6e at 0x077f
10-13 06:25:00.666: I/dalvikvm(20308): Could not find method android.system.Os.getuid, referenced from method aeev.b
10-13 06:25:00.666: W/dalvikvm(20308): VFY: unable to resolve static method 29037: Landroid/system/Os;.getuid ()I
10-13 06:25:00.666: D/dalvikvm(20308): VFY: replacing opcode 0x71 at 0x07a9
10-13 06:25:00.667: W/dalvikvm(20308): Unable to resolve superclass of Laejd; (6316)
10-13 06:25:00.667: W/dalvikvm(20308): Link of class 'Laejd;' failed
10-13 06:25:00.668: I/dalvikvm(20308): Could not find method aejd.d, referenced from method aeev.b
10-13 06:25:00.668: W/dalvikvm(20308): VFY: unable to resolve virtual method 790: Laejd;.d ()V
10-13 06:25:00.668: D/dalvikvm(20308): VFY: replacing opcode 0x6e at 0x0811
