10-11 21:55:01.683: I/Finsky(8469): [581] com.google.android.finsky.verifier.impl.ci.a(9): Verifying installed packages
10-11 21:55:01.684: D/WearableService(7171): onGetService - Wear is not available on this device.
10-11 21:55:01.686: W/WearSignatureVerifier(8469): No package com.google.android.wearable.app.cn
10-11 21:55:01.686: E/Finsky(8469): [1] com.google.android.finsky.wear.bl.a(3): onConnectionFailed: ConnectionResult{statusCode=API_UNAVAILABLE, resolution=null, message=null}
10-11 21:55:01.687: W/Finsky(8469): [1] com.google.android.finsky.wear.aj.run(9): Dropping command=hygiene due to Gms not connected
10-11 21:55:01.703: I/Finsky(8469): [593] com.google.android.finsky.flushlogs.FlushLogsReceiver$FlushLogsService.onHandleIntent(10): Flushing event logs for [pNO9ObzPejlK16Cz5STnAehdGGc]
10-11 21:55:01.704: I/PlayCommon(8469): [559] com.google.android.play.a.h.e(248): Preparing logs for uploading
10-11 21:55:01.716: I/PlayCommon(8469): [594] com.google.android.play.a.h.e(248): Preparing logs for uploading
10-11 21:55:01.716: I/PlayCommon(8469): [594] com.google.android.play.a.h.e(252): No file ready to send
10-11 21:55:01.721: I/PlayCommon(8469): [559] com.google.android.play.a.h.a(470): Connecting to server: https://play.googleapis.com/play/log?format=raw&proto_v2=true
10-11 21:55:01.770: I/PlayCommon(8469): [559] com.google.android.play.a.h.a(527): Successfully uploaded logs.
10-11 21:55:01.771: I/PlayCommon(8469): [559] com.google.android.play.a.h.e(248): Preparing logs for uploading
10-11 21:55:01.771: I/PlayCommon(8469): [559] com.google.android.play.a.h.e(252): No file ready to send
10-11 21:55:02.048: D/WVCdm(1410): Instantiating CDM.
10-11 21:55:02.049: I/WVCdm(1410): CdmEngine::OpenSession
10-11 21:55:02.049: I/WVCdm(1410): Level3 Library 4464 Sep 10 2016 21:49:53
10-11 21:55:02.051: W/WVCdm(1410): Could not load liboemcrypto.so. Falling back to L3.  dlopen failed: library "liboemcrypto.so" not found
10-11 21:55:02.061: I/WVCdm(1410): CdmEngine::QueryKeyControlInfo
10-11 21:55:02.062: I/WVCdm(1410): CdmEngine::GenerateKeyRequest
10-11 21:55:02.062: D/WVCdm(1410): PrepareKeyRequest: nonce=699044247
10-11 21:55:02.156: W/dex2oat(8550): Mismatch between dex2oat instruction set features (ISA: X86 Feature string: smp,ssse3,sse4.1,sse4.2,-avx,-avx2,lock_add,popcnt) and those of dex2oat executable (ISA: X86 Feature string: smp,ssse3,sse4.1,sse4.2,-avx,-avx2,-lock_add,popcnt) for the command line:
10-11 21:55:02.156: W/dex2oat(8550): /system/bin/dex2oat --runtime-arg -classpath --runtime-arg & --instruction-set=x86 --instruction-set-features=smp,ssse3,sse4.1,sse4.2,-avx,-avx2,-lock_add,popcnt --runtime-arg -Xrelocate --boot-image=/system/framework/boot.art --runtime-arg -Xms64m --runtime-arg -Xmx512m --instruction-set-variant=silvermont --instruction-set-features=default --dex-file=/data/user/0/com.google.android.gms/app_dg_cache/FAE8918C14E51B7EA388F4FE4AD2DB70B6A44F16/the.apk --oat-fd=48 --oat-location=/data/user/0/com.google.android.gms/app_dg_cache/FAE8918C14E51B7EA388F4FE4AD2DB70B6A44F16/opt/the.dex --compiler-filter=speed
10-11 21:55:02.156: I/dex2oat(8550): /system/bin/dex2oat --dex-file=/data/user/0/com.google.android.gms/app_dg_cache/FAE8918C14E51B7EA388F4FE4AD2DB70B6A44F16/the.apk --oat-fd=48 --oat-location=/data/user/0/com.google.android.gms/app_dg_cache/FAE8918C14E51B7EA388F4FE4AD2DB70B6A44F16/opt/the.dex --compiler-filter=speed
10-11 21:55:02.156: E/cutils-trace(8550): Error opening trace file: Permission denied (13)
10-11 21:55:02.186: I/dex2oat(8550): dex2oat took 30.355ms (threads: 2) arena alloc=10KB (10696B) java alloc=35KB (36840B) native alloc=833KB (853264B) free=1726KB (1768176B)
10-11 21:55:02.200: I/WVCdm(1410): CdmEngine::CloseSession
10-11 21:55:02.515: I/Remoter(1394): Saved screenshot to '/data/screenshots/__pmv__-0106.jpg'
10-11 21:55:02.496: I/Binder:7438_1(7438): type=1400 audit(0.0:109): avc: denied { read } for name="/" dev="tmpfs" ino=6503 scontext=u:r:priv_app:s0:c512,c768 tcontext=u:object_r:device:s0 tclass=dir permissive=1
10-11 21:55:02.496: I/Binder:7438_1(7438): type=1400 audit(0.0:110): avc: denied { open } for path="/dev" dev="tmpfs" ino=6503 scontext=u:r:priv_app:s0:c512,c768 tcontext=u:object_r:device:s0 tclass=dir permissive=1
10-11 21:55:02.623: D/AndroidRuntime(8556): >>>>>> START com.android.internal.os.RuntimeInit uid 0 <<<<<<
10-11 21:55:02.625: D/AndroidRuntime(8556): CheckJNI is OFF
10-11 21:55:02.698: I/Finsky(8469): [597] com.google.android.finsky.verifier.impl.cj.call(7): Cleaning the verify apps datastore
10-11 21:55:02.702: I/Finsky(8469): [597] com.google.android.finsky.verifier.impl.cj.call(35): Finished cleaning the verify apps datastore
10-11 21:55:02.726: D/ICU(8556): No timezone override file found: /data/misc/zoneinfo/current/icu/icu_tzdata.dat
10-11 21:55:02.726: D/ICU(8556): [ 10-11 21:55:02.731  8556: 8556 W/         ]
10-11 21:55:02.726: D/ICU(8556): Failed to bind-mount /system/lib/x86/cpuinfo as /proc/cpuinfo: No such file or directory
10-11 21:55:02.737: E/memtrack(8556): Couldn't load memtrack module (No such file or directory)
10-11 21:55:02.737: E/android.os.Debug(8556): failed to load memtrack module: -2
10-11 21:55:02.737: I/Radio-JNI(8556): register_android_hardware_Radio DONE
10-11 21:55:02.744: D/AndroidRuntime(8556): Calling main entry com.android.commands.pm.Pm
10-11 21:55:02.749: W/MessageQueue(8556): Handler (android.os.Handler) {75b0cbe} sending message to a Handler on a dead thread
10-11 21:55:02.749: W/MessageQueue(8556): java.lang.IllegalStateException: Handler (android.os.Handler) {75b0cbe} sending message to a Handler on a dead thread
10-11 21:55:02.749: W/MessageQueue(8556): 	at android.os.MessageQueue.enqueueMessage(MessageQueue.java:543)
10-11 21:55:02.749: W/MessageQueue(8556): 	at android.os.Handler.enqueueMessage(Handler.java:643)
10-11 21:55:02.749: W/MessageQueue(8556): 	at android.os.Handler.sendMessageAtTime(Handler.java:612)
10-11 21:55:02.749: W/MessageQueue(8556): 	at android.os.Handler.sendMessageDelayed(Handler.java:582)
10-11 21:55:02.749: W/MessageQueue(8556): 	at android.os.Handler.post(Handler.java:338)
10-11 21:55:02.749: W/MessageQueue(8556): 	at android.os.ResultReceiver$MyResultReceiver.send(ResultReceiver.java:57)
10-11 21:55:02.749: W/MessageQueue(8556): 	at com.android.internal.os.IResultReceiver$Stub.onTransact(IResultReceiver.java:58)
10-11 21:55:02.749: W/MessageQueue(8556): 	at android.os.Binder.execTransact(Binder.java:565)
10-11 21:55:02.751: I/art(8556): System.exit called, status: 0
10-11 21:55:02.751: I/AndroidRuntime(8556): VM exiting with result code 0.
10-11 21:55:02.843: I/art(7185): Background partial concurrent mark sweep GC freed 69045(2MB) AllocSpace objects, 6(576KB) LOS objects, 40% free, 17MB/28MB, paused 6.664ms total 65.778ms
10-11 21:55:02.891: I/Finsky(8469): [1] com.google.android.finsky.verifier.impl.ci.c(54): Done verifying installed packages
10-11 21:55:03.428: W/Binder(8469): Binder call failed.
10-11 21:55:03.428: W/Binder(8469): java.lang.UnsupportedOperationException
10-11 21:55:03.428: W/Binder(8469): 	at com.google.android.gms.internal.ie.e(Unknown Source)
10-11 21:55:03.428: W/Binder(8469): 	at com.google.android.gms.internal.ih.onTransact(Unknown Source)
10-11 21:55:03.428: W/Binder(8469): 	at android.os.Binder.execTransact(Binder.java:565)
10-11 21:55:03.584: I/Remoter(1394): Saved screenshot to '/data/screenshots/__pmv__-0107.jpg'
10-11 21:55:03.592: D/AndroidRuntime(8591): >>>>>> START com.android.internal.os.RuntimeInit uid 0 <<<<<<
10-11 21:55:03.593: D/AndroidRuntime(8591): CheckJNI is OFF
10-11 21:55:03.620: D/ICU(8591): No timezone override file found: /data/misc/zoneinfo/current/icu/icu_tzdata.dat
10-11 21:55:03.620: D/ICU(8591): [ 10-11 21:55:03.625  8591: 8591 W/         ]
10-11 21:55:03.620: D/ICU(8591): Failed to bind-mount /system/lib/x86/cpuinfo as /proc/cpuinfo: No such file or directory
10-11 21:55:03.630: E/memtrack(8591): Couldn't load memtrack module (No such file or directory)
10-11 21:55:03.630: E/android.os.Debug(8591): failed to load memtrack module: -2
10-11 21:55:03.630: I/Radio-JNI(8591): register_android_hardware_Radio DONE
10-11 21:55:03.635: D/AndroidRuntime(8591): Calling main entry com.android.commands.pm.Pm
10-11 21:55:03.635: D/AndroidRuntime(8591): [ 10-11 21:55:03.638  1407: 1407 I/         ]
10-11 21:55:03.635: D/AndroidRuntime(8591): free_cache(2871659) avail 3775553536
10-11 21:55:03.807: I/Finsky(8469): [1] com.google.android.finsky.verifier.impl.PackageVerificationReceiver.onReceive(14): Verification requested, id = 10
10-11 21:55:03.815: I/Finsky(8469): [581] com.google.android.finsky.verifier.impl.bc.a(58): Skipping verification. Disabled by user setting
10-11 21:55:03.815: I/Finsky(8469): [581] com.google.android.finsky.verifier.impl.bc.a(66): Skipping anti malware verification due to pre-check failure
10-11 21:55:03.815: I/Finsky(8469): [1] com.google.android.finsky.verifier.impl.ce.c(97): Verifying id=10, result=1
10-11 21:55:03.816: I/Finsky(8469): [1] com.google.android.finsky.verifier.impl.ce.c(110): Verification complete: id=10, package_name=com.google.android.apps.mtaas.crawler
10-11 21:55:03.819: I/PackageManager.DexOptimizer(1698): Running dexopt (dex2oat) on: /data/app/vmdl2110732091.tmp/base.apk pkg=com.google.android.apps.mtaas.crawler isa=x86 vmSafeMode=false debuggable=false target-filter=interpret-only oatDir = /data/app/vmdl2110732091.tmp/oat sharedLibraries=/system/framework/android.test.runner.jar
10-11 21:55:03.828: W/dex2oat(8602): Mismatch between dex2oat instruction set features (ISA: X86 Feature string: smp,ssse3,sse4.1,sse4.2,-avx,-avx2,lock_add,popcnt) and those of dex2oat executable (ISA: X86 Feature string: smp,ssse3,sse4.1,sse4.2,-avx,-avx2,-lock_add,popcnt) for the command line:
10-11 21:55:03.828: W/dex2oat(8602): /system/bin/dex2oat --zip-fd=6 --zip-location=base.apk --oat-fd=7 --oat-location=/data/app/vmdl2110732091.tmp/oat/x86/base.odex --instruction-set=x86 --instruction-set-variant=silvermont --instruction-set-features=default --runtime-arg -Xms64m --runtime-arg -Xmx512m --compiler-filter=interpret-only --swap-fd=8 --runtime-arg -classpath --runtime-arg /system/framework/android.test.runner.jar
10-11 21:55:03.828: I/dex2oat(8602): /system/bin/dex2oat --compiler-filter=interpret-only
10-11 21:55:03.828: E/cutils-trace(8602): Error opening trace file: Permission denied (13)
10-11 21:55:03.987: W/UdcContextManagerHelper(7171): Empty context buffer. Thus might mean that the context is not synced down.
10-11 21:55:03.987: W/UploadOptInStatusOp(7171): Empty context model while retrieving upload opt-in status!
10-11 21:55:03.991: E/ctxmgr(7171): [NetworkUtil]No active synchronizable contexts.
10-11 21:55:03.998: I/WearableService(7171): Wearable Services stopping
10-11 21:55:04.059: W/Auth(7171): [GetToken] GetToken failed with status code: INVALID_SCOPE
10-11 21:55:04.059: W/AuthSessionAuthenticato(7171): Auth related exception is being ignored: INVALID_SCOPE
10-11 21:55:04.064: W/GLSUser(7171): [DeviceKeyStore] Cannot load key: Device key file not found.
10-11 21:55:04.064: W/GLSUser(7171): [DeviceKeyStore] Cannot load key: Device key file not found.
10-11 21:55:04.065: E/ctxmgr(7171): [BaseServerTask]Server task (FetchAclSet) got error statusCode=-1.
10-11 21:55:04.065: E/ctxmgr(7171): com.android.volley.VolleyError: Unable to obtain auth token - is the device online?
10-11 21:55:04.065: E/ctxmgr(7171): 	at ciz.a(:com.google.android.gms@11519470:39)
10-11 21:55:04.065: E/ctxmgr(7171): 	at cei.run(:com.google.android.gms@11519470:2)
10-11 21:55:04.065: E/ctxmgr(7171): 	at ceg.handleMessage(:com.google.android.gms@11519470:3)
10-11 21:55:04.065: E/ctxmgr(7171): 	at mme.run(:com.google.android.gms@11519470:6)
10-11 21:55:04.065: E/ctxmgr(7171): 	at mmo.run(:com.google.android.gms@11519470:25)
10-11 21:55:04.065: E/ctxmgr(7171): 	at java.util.concurrent.ThreadPoolExecutor.runWorker(ThreadPoolExecutor.java:1133)
10-11 21:55:04.065: E/ctxmgr(7171): 	at java.util.concurrent.ThreadPoolExecutor$Worker.run(ThreadPoolExecutor.java:607)
10-11 21:55:04.065: E/ctxmgr(7171): 	at mrv.run(:com.google.android.gms@11519470)
10-11 21:55:04.065: E/ctxmgr(7171): 	at java.lang.Thread.run(Thread.java:761)
10-11 21:55:04.066: E/ctxmgr(7171): [AccountAclCallback]Failed Acl fetch: network status=-1
10-11 21:55:04.301: I/CheckinCompat(7185): Done disabling old GoogleServicesFramework version
10-11 21:55:04.654: I/Remoter(1394): Saved screenshot to '/data/screenshots/__pmv__-0108.jpg'
10-11 21:55:04.725: I/dex2oat(8602): dex2oat took 897.275ms (threads: 2) arena alloc=4KB (4504B) java alloc=3MB (3468912B) native alloc=10MB (10730264B) free=3MB (3949800B)
10-11 21:55:04.743: W/PackageManager(1698): Not granting permission android.permission.READ_FRAME_BUFFER to package com.google.android.apps.mtaas.crawler (protectionLevel=18 flags=0x3808be44)
10-11 21:55:04.743: W/PackageManager(1698): Not granting permission android.permission.DUMP to package com.google.android.apps.mtaas.crawler (protectionLevel=50 flags=0x3808be44)
10-11 21:55:04.795: D/installd(1407): Detected label change from u:object_r:system_data_file:s0 to u:object_r:app_data_file:s0:c512,c768 at /data/data/com.google.android.apps.mtaas.crawler; running recursive restorecon
10-11 21:55:04.796: D/installd(1407): Detected label change from u:object_r:system_data_file:s0 to u:object_r:app_data_file:s0:c512,c768 at /data/user_de/0/com.google.android.apps.mtaas.crawler; running recursive restorecon
10-11 21:55:04.797: V/BackupManagerService(1698): restoreAtInstall pkg=com.google.android.apps.mtaas.crawler token=b restoreSet=0
10-11 21:55:04.797: V/BackupManagerService(1698): Finishing install immediately
10-11 21:55:04.798: I/art(1698): Starting a blocking GC Explicit
10-11 21:55:04.821: I/art(1698): Explicit concurrent mark sweep GC freed 37461(2MB) AllocSpace objects, 8(156KB) LOS objects, 33% free, 11MB/16MB, paused 261us total 22.869ms
10-11 21:55:04.821: I/art(1698): [ 10-11 21:55:04.821  1407: 1407 E/         ]
10-11 21:55:04.821: I/art(1698): Couldn't opendir /data/app/vmdl2110732091.tmp: No such file or directory
10-11 21:55:04.824: I/InputReader(1698): Reconfiguring input devices.  changes=0x00000010
10-11 21:55:04.824: D/BluetoothMapAppObserver(1767): onReceive
10-11 21:55:04.824: D/BluetoothMapAppObserver(1767): The installed package is: com.google.android.apps.mtaas.crawler
10-11 21:55:04.825: D/BluetoothMapAppObserver(1767): Found 0 application(s) with intent android.bluetooth.action.BLUETOOTH_MAP_PROVIDER
10-11 21:55:04.825: D/BluetoothMapAppObserver(1767): Found 0 application(s) with intent android.bluetooth.action.BLUETOOTH_MAP_IM_PROVIDER
10-11 21:55:04.827: D/CarrierSvcBindHelper(1872): No carrier app for: 0
10-11 21:55:04.828: D/CarrierConfigLoader(1872): mHandler: 9 phoneId: 0
10-11 21:55:04.839: W/WearSignatureVerifier(8469): No package com.google.android.wearable.app.cn
10-11 21:55:04.839: W/WearSignatureVerifier(8469): No package com.google.android.wearable.app.cn
10-11 21:55:04.840: W/WearSignatureVerifier(8469): No package com.google.android.wearable.app.cn
10-11 21:55:04.840: W/WearSignatureVerifier(8469): No package com.google.android.wearable.app.cn
10-11 21:55:04.843: I/art(8591): System.exit called, status: 0
10-11 21:55:04.843: I/AndroidRuntime(8591): VM exiting with result code 0.
10-11 21:55:04.843: I/Finsky(8469): [1] com.google.android.finsky.utils.PermissionPolicies$PermissionPolicyService.onStartCommand(18): post-install permissions check for com.google.android.apps.mtaas.crawler
10-11 21:55:04.844: I/WearableService(7171): Wearable Services not starting - Wear is not available on this device.
10-11 21:55:04.849: I/Finsky(8469): [1] com.google.android.finsky.externalreferrer.d.run(9): Package state data is missing for com.google.android.apps.mtaas.crawler
10-11 21:55:04.855: D/WearableService(7171): onGetService - Wear is not available on this device.
10-11 21:55:04.856: W/WearSignatureVerifier(8469): No package com.google.android.wearable.app.cn
10-11 21:55:04.856: E/Finsky(8469): [1] com.google.android.finsky.wear.bl.a(3): onConnectionFailed: ConnectionResult{statusCode=API_UNAVAILABLE, resolution=null, message=null}
10-11 21:55:04.856: W/Finsky(8469): [1] com.google.android.finsky.wear.aj.run(9): Dropping command=auto_install due to Gms not connected
10-11 21:55:04.857: W/Finsky(8469): [1] com.google.android.finsky.wear.aj.run(9): Dropping command=send_installed_apps due to Gms not connected
10-11 21:55:04.876: I/FontsPackageChangeOp(7185): Package com.google.android.apps.mtaas.crawler has no metadata
10-11 21:55:04.880: D/Wear_Controller(7185): Received broadcast action=android.intent.action.PACKAGE_ADDED and uri=com.google.android.apps.mtaas.crawler
10-11 21:55:04.893: I/Icing(7185): IndexChimeraService.getServiceInterface callingPackage=com.google.android.gms componentName=AppsCorpus serviceId=36
10-11 21:55:04.893: I/Icing(7185): IndexChimeraService.getServiceInterface callingPackage=com.google.android.gms componentName=AppsCorpus serviceId=32
10-11 21:55:04.913: I/Icing(7185): Usage reports 0 indexed 0 rejected 0 imm upload false
10-11 21:55:04.920: I/Icing(7185): Usage reports 0 indexed 0 rejected 0 imm upload false
10-11 21:55:04.931: W/Searchables(1698): No global search activity found
10-11 21:55:05.692: I/Remoter(1394): Saved screenshot to '/data/screenshots/__pmv__-0109.jpg'
10-11 21:55:05.916: I/Icing(7185): Indexing 241B09F6E3C69FD9792618117EAD9E8F2E42DB55 from com.google.android.gms
10-11 21:55:05.916: I/Icing(7185): Indexing done 241B09F6E3C69FD9792618117EAD9E8F2E42DB55
10-11 21:55:06.483: I/CAR.SERVICE(7897): Skip, no clients bound.
10-11 21:55:06.687: I/WearableService(7171): Wearable Services stopping
10-11 21:55:06.731: I/Remoter(1394): Saved screenshot to '/data/screenshots/__pmv__-0110.jpg'
10-11 21:55:07.770: I/Remoter(1394): Saved screenshot to '/data/screenshots/__pmv__-0111.jpg'
10-11 21:55:08.736: V/StudioProfiler(8662): Event Service Setup Properly
10-11 21:55:08.807: I/Remoter(1394): Saved screenshot to '/data/screenshots/__pmv__-0112.jpg'
10-11 21:55:08.879: W/ResourceType(1698): No known package when getting value for resource number 0x7f0200db
10-11 21:55:08.879: W/ResourceType(1698): No known package when getting value for resource number 0x7f130371
10-11 21:55:08.882: I/InputReader(1698): Reconfiguring input devices.  changes=0x00000010
10-11 21:55:08.886: D/CarrierSvcBindHelper(1872): No carrier app for: 0
10-11 21:55:08.886: W/Searchables(1698): No global search activity found
10-11 21:55:09.846: I/Remoter(1394): Saved screenshot to '/data/screenshots/__pmv__-0113.jpg'
10-11 21:55:10.886: I/Remoter(1394): Saved screenshot to '/data/screenshots/__pmv__-0114.jpg'
10-11 21:55:11.927: I/Remoter(1394): Saved screenshot to '/data/screenshots/__pmv__-0115.jpg'
10-11 21:55:12.974: I/Remoter(1394): Saved screenshot to '/data/screenshots/__pmv__-0116.jpg'
10-11 21:55:13.898: I/ActivityManager(1698): Killing 6925:com.google.android.calendar/u0a39 (adj 906): empty #17
10-11 21:55:13.898: I/ActivityManager(1698): Killing 7094:com.google.android.youtube/u0a79 (adj 906): empty #18
10-11 21:55:13.962: D/ActivityManager(1698): cleanUpApplicationRecord -- 6925
10-11 21:55:13.962: I/CastMediaRouteProvider(7185): in onDiscoveryRequestChanged: request=null
10-11 21:55:13.962: D/ConnectivityService(1698): ConnectivityService NetworkRequestInfo binderDied(NetworkRequest [ LISTEN id=10, [ Capabilities: INTERNET&NOT_RESTRICTED&TRUSTED] ], android.os.BinderProxy@60075a2)
10-11 21:55:13.963: D/ActivityManager(1698): cleanUpApplicationRecord -- 7094
10-11 21:55:13.969: E/ConnectivityService(1698): RemoteException caught trying to send a callback msg for NetworkRequest [ LISTEN id=10, [ Capabilities: INTERNET&NOT_RESTRICTED&TRUSTED] ]
10-11 21:55:13.970: I/DiscoveryManager(7185): Filter criteria(null) scannerFlags(0)
10-11 21:55:13.970: I/Publisher(7185): onUpdateFilterCriteria null
10-11 21:55:13.971: W/MdnsClient_Cast(7185): Multicast lock held. Releasing. Subtypes:"233637DE"
10-11 21:55:13.972: W/MdnsClient_Cast(7185): Multicast lock held. Releasing. Subtypes:"233637DE"
10-11 21:55:13.973: I/DeviceScanner(7185): [MDNS] notifyDevicesOffline: []
10-11 21:55:14.023: W/Remoter(1394): Failed to chown '/data/screenshots/__pmv__-0117.jpg' (No such file or directory)
10-11 21:55:14.311: I/ActivityManager(1698): Waited long enough for: ServiceRecord{8b51f53 u0 com.google.android.apps.photos/.dbprocessor.impl.DatabaseProcessorService}
10-11 21:55:15.066: I/Remoter(1394): Saved screenshot to '/data/screenshots/__pmv__-0118.jpg'
10-11 21:55:15.931: I/GceLights(1698): set_light: dev 0x9b1ca960 state 0x897ff260
10-11 21:55:15.931: I/GceLights(1698): set_light: state value -10329502
10-11 21:55:15.980: I/GceLights(1698): set_light: dev 0x9b1ca960 state 0x897ff260
10-11 21:55:15.980: I/GceLights(1698): set_light: state value -10658467
10-11 21:55:15.983: I/GceLights(1698): set_light: dev 0x9b1ca960 state 0x897ff260
10-11 21:55:15.983: I/GceLights(1698): set_light: state value -10921639
10-11 21:55:15.999: I/GceLights(1698): set_light: dev 0x9b1ca960 state 0x897ff260
10-11 21:55:15.999: I/GceLights(1698): set_light: state value -11184811
10-11 21:55:16.022: I/GceLights(1698): set_light: dev 0x9b1ca960 state 0x897ff260
10-11 21:55:16.022: I/GceLights(1698): set_light: state value -11513776
10-11 21:55:16.045: I/GceLights(1698): set_light: dev 0x9b1ca960 state 0x897ff260
10-11 21:55:16.045: I/GceLights(1698): set_light: state value -11842741
10-11 21:55:16.068: I/GceLights(1698): set_light: dev 0x9b1ca960 state 0x897ff260
10-11 21:55:16.068: I/GceLights(1698): set_light: state value -12105913
10-11 21:55:16.083: I/GceLights(1698): set_light: dev 0x9b1ca960 state 0x897ff260
10-11 21:55:16.083: I/GceLights(1698): set_light: state value -12303292
10-11 21:55:16.099: I/GceLights(1698): set_light: dev 0x9b1ca960 state 0x897ff260
10-11 21:55:16.099: I/GceLights(1698): set_light: state value -12566464
10-11 21:55:16.103: I/Remoter(1394): Saved screenshot to '/data/screenshots/__pmv__-0119.jpg'
10-11 21:55:16.116: I/GceLights(1698): set_light: dev 0x9b1ca960 state 0x897ff260
10-11 21:55:16.116: I/GceLights(1698): set_light: state value -12763843
10-11 21:55:16.133: I/GceLights(1698): set_light: dev 0x9b1ca960 state 0x897ff260
10-11 21:55:16.133: I/GceLights(1698): set_light: state value -12961222
10-11 21:55:16.162: I/GceLights(1698): set_light: dev 0x9b1ca960 state 0x897ff260
10-11 21:55:16.162: I/GceLights(1698): set_light: state value -13224394
10-11 21:55:16.166: I/GceLights(1698): set_light: dev 0x9b1ca960 state 0x897ff260
10-11 21:55:16.167: I/GceLights(1698): set_light: state value -13421773
10-11 21:55:16.183: I/GceLights(1698): set_light: dev 0x9b1ca960 state 0x897ff260
10-11 21:55:16.183: I/GceLights(1698): set_light: state value -13619152
10-11 21:55:16.199: I/GceLights(1698): set_light: dev 0x9b1ca960 state 0x897ff260
10-11 21:55:16.200: I/GceLights(1698): set_light: state value -13882324
10-11 21:55:16.216: I/GceLights(1698): set_light: dev 0x9b1ca960 state 0x897ff260
10-11 21:55:16.216: I/GceLights(1698): set_light: state value -14079703
10-11 21:55:16.232: I/GceLights(1698): set_light: dev 0x9b1ca960 state 0x897ff260
10-11 21:55:16.232: I/GceLights(1698): set_light: state value -14277082
10-11 21:55:16.249: I/GceLights(1698): set_light: dev 0x9b1ca960 state 0x897ff260
10-11 21:55:16.249: I/GceLights(1698): set_light: state value -14540254
10-11 21:55:16.265: I/GceLights(1698): set_light: dev 0x9b1ca960 state 0x897ff260
10-11 21:55:16.265: I/GceLights(1698): set_light: state value -14737633
10-11 21:55:16.282: I/GceLights(1698): set_light: dev 0x9b1ca960 state 0x897ff260
10-11 21:55:16.282: I/GceLights(1698): set_light: state value -14935012
10-11 21:55:16.298: I/GceLights(1698): set_light: dev 0x9b1ca960 state 0x897ff260
10-11 21:55:16.298: I/GceLights(1698): set_light: state value -15132391
10-11 21:55:16.315: I/GceLights(1698): set_light: dev 0x9b1ca960 state 0x897ff260
10-11 21:55:16.315: I/GceLights(1698): set_light: state value -15395563
10-11 21:55:16.331: I/GceLights(1698): set_light: dev 0x9b1ca960 state 0x897ff260
10-11 21:55:16.331: I/GceLights(1698): set_light: state value -15592942
10-11 21:55:16.365: I/GceLights(1698): set_light: dev 0x9b1ca960 state 0x897ff260
10-11 21:55:16.365: I/GceLights(1698): set_light: state value -15790321
10-11 21:55:16.371: I/GceLights(1698): set_light: dev 0x9b1ca960 state 0x897ff260
10-11 21:55:16.371: I/GceLights(1698): set_light: state value -16053493
10-11 21:55:16.381: I/GceLights(1698): set_light: dev 0x9b1ca960 state 0x897ff260
10-11 21:55:16.381: I/GceLights(1698): set_light: state value -16119286
10-11 21:55:17.170: I/Remoter(1394): Saved screenshot to '/data/screenshots/__pmv__-0120.jpg'
10-11 21:55:18.207: I/Remoter(1394): Saved screenshot to '/data/screenshots/__pmv__-0121.jpg'
10-11 21:55:18.665: D/AndroidRuntime(8949): >>>>>> START com.android.internal.os.RuntimeInit uid 0 <<<<<<
10-11 21:55:18.666: D/AndroidRuntime(8949): CheckJNI is OFF
10-11 21:55:18.692: D/ICU(8949): No timezone override file found: /data/misc/zoneinfo/current/icu/icu_tzdata.dat
10-11 21:55:18.692: D/ICU(8949): [ 10-11 21:55:18.696  8949: 8949 W/         ]
10-11 21:55:18.692: D/ICU(8949): Failed to bind-mount /system/lib/x86/cpuinfo as /proc/cpuinfo: No such file or directory
10-11 21:55:18.701: E/memtrack(8949): Couldn't load memtrack module (No such file or directory)
10-11 21:55:18.701: E/android.os.Debug(8949): failed to load memtrack module: -2
10-11 21:55:18.701: I/Radio-JNI(8949): register_android_hardware_Radio DONE
10-11 21:55:18.705: D/AndroidRuntime(8949): Calling main entry com.android.commands.settings.SettingsCmd
10-11 21:55:18.708: D/AndroidRuntime(8949): Shutting down VM
10-11 21:55:19.108: D/AndroidRuntime(8983): >>>>>> START com.android.internal.os.RuntimeInit uid 0 <<<<<<
10-11 21:55:19.110: D/AndroidRuntime(8983): CheckJNI is OFF
10-11 21:55:19.137: D/ICU(8983): No timezone override file found: /data/misc/zoneinfo/current/icu/icu_tzdata.dat
10-11 21:55:19.137: D/ICU(8983): [ 10-11 21:55:19.140  8983: 8983 W/         ]
10-11 21:55:19.137: D/ICU(8983): Failed to bind-mount /system/lib/x86/cpuinfo as /proc/cpuinfo: No such file or directory
10-11 21:55:19.144: E/memtrack(8983): Couldn't load memtrack module (No such file or directory)
10-11 21:55:19.144: E/android.os.Debug(8983): failed to load memtrack module: -2
10-11 21:55:19.145: I/Radio-JNI(8983): register_android_hardware_Radio DONE
10-11 21:55:19.149: D/AndroidRuntime(8983): Calling main entry com.android.commands.settings.SettingsCmd
10-11 21:55:19.151: I/ActivityManager(1698): Killing 7005:com.google.android.gm/u0a74 (adj 906): empty #17
10-11 21:55:19.154: D/AndroidRuntime(8983): Shutting down VM
10-11 21:55:19.232: D/ActivityManager(1698): cleanUpApplicationRecord -- 7005
10-11 21:55:19.245: I/Remoter(1394): Saved screenshot to '/data/screenshots/__pmv__-0122.jpg'
10-11 21:55:19.730: D/AndroidRuntime(9031): >>>>>> START com.android.internal.os.RuntimeInit uid 0 <<<<<<
10-11 21:55:19.732: D/AndroidRuntime(9031): CheckJNI is OFF
10-11 21:55:19.767: D/ICU(9031): No timezone override file found: /data/misc/zoneinfo/current/icu/icu_tzdata.dat
10-11 21:55:19.767: D/ICU(9031): [ 10-11 21:55:19.773  9031: 9031 W/         ]
10-11 21:55:19.767: D/ICU(9031): Failed to bind-mount /system/lib/x86/cpuinfo as /proc/cpuinfo: No such file or directory
10-11 21:55:19.779: E/memtrack(9031): Couldn't load memtrack module (No such file or directory)
10-11 21:55:19.779: E/android.os.Debug(9031): failed to load memtrack module: -2
10-11 21:55:19.780: I/Radio-JNI(9031): register_android_hardware_Radio DONE
10-11 21:55:19.812: I/GceRil(1414): Received request 19
10-11 21:55:19.812: I/GceRil(1414): Reporting signal strength: GW=12 CDMA=-109 EVDO=-141 LTE=28
10-11 21:55:19.821: D/AndroidRuntime(9031): Calling main entry com.android.commands.am.Am
10-11 21:55:19.833: I/ActivityManager(1698): Start proc 9052:com.google.android.apps.mtaas.crawler:robov2crawldriver/u0a91 for service com.google.android.apps.mtaas.crawler/.controller.CrawlDriver
10-11 21:55:19.834: D/AndroidRuntime(9031): Shutting down VM
10-11 21:55:19.845: W/System(9052): ClassLoader referenced unknown path: /data/app/com.google.android.apps.mtaas.crawler-1/lib/x86
10-11 21:55:19.923: I/System.out(9052): INFO: onStartCommand
10-11 21:55:20.051: I/Finsky(8469): [1] com.google.android.finsky.k.c.a(22): Completed 1 account content syncs with 1 successful.
10-11 21:55:20.053: I/Finsky(8469): [1] com.google.android.finsky.services.e.a(5): Installation state replication succeeded.
10-11 21:55:20.219: D/AndroidRuntime(9078): >>>>>> START com.android.internal.os.RuntimeInit uid 0 <<<<<<
10-11 21:55:20.220: D/AndroidRuntime(9078): CheckJNI is OFF
10-11 21:55:20.246: D/ICU(9078): No timezone override file found: /data/misc/zoneinfo/current/icu/icu_tzdata.dat
10-11 21:55:20.246: D/ICU(9078): [ 10-11 21:55:20.261  9078: 9078 W/         ]
10-11 21:55:20.246: D/ICU(9078): Failed to bind-mount /system/lib/x86/cpuinfo as /proc/cpuinfo: No such file or directory
10-11 21:55:20.266: E/memtrack(9078): Couldn't load memtrack module (No such file or directory)
10-11 21:55:20.266: E/android.os.Debug(9078): failed to load memtrack module: -2
10-11 21:55:20.266: I/Radio-JNI(9078): register_android_hardware_Radio DONE
10-11 21:55:20.270: D/AndroidRuntime(9078): Calling main entry com.android.commands.am.Am
10-11 21:55:20.272: I/ActivityManager(1698): Force stopping com.habitrpg.android.habitica appid=10090 user=0: start instr
10-11 21:55:20.289: I/Remoter(1394): Saved screenshot to '/data/screenshots/__pmv__-0123.jpg'
10-11 21:55:20.266: I/main(1403): type=1400 audit(0.0:111): avc: denied { getattr } for path="/sys/kernel/debug/tracing/trace_marker" dev="tracefs" ino=1049 scontext=u:r:zygote:s0 tcontext=u:object_r:debugfs_tracing:s0 tclass=file permissive=1
10-11 21:55:20.300: I/ActivityManager(1698): Start proc 9100:com.habitrpg.android.habitica/u0a90 for added application com.habitrpg.android.habitica
10-11 21:55:20.286: I/main(9100): type=1400 audit(0.0:112): avc: denied { write } for name="trace_marker" dev="tracefs" ino=1049 scontext=u:r:zygote:s0 tcontext=u:object_r:debugfs_tracing:s0 tclass=file permissive=1
10-11 21:55:20.335: W/System(9100): ClassLoader referenced unknown path: /data/app/com.google.android.apps.mtaas.crawler-1/lib/x86
10-11 21:55:20.338: W/System(9100): ClassLoader referenced unknown path: 
10-11 21:55:20.343: I/MultiDex(9100): VM with version 2.1.0 has multidex support
10-11 21:55:20.343: I/MultiDex(9100): install
10-11 21:55:20.343: I/MultiDex(9100): VM has multidex support, MultiDex support library is disabled.
10-11 21:55:20.286: I/main(9100): type=1400 audit(0.0:113): avc: denied { open } for path="/sys/kernel/debug/tracing/trace_marker" dev="tracefs" ino=1049 scontext=u:r:zygote:s0 tcontext=u:object_r:debugfs_tracing:s0 tclass=file permissive=1
10-11 21:55:20.346: D/FirebaseApp(9100): com.google.firebase.auth.FirebaseAuth is not linked. Skipping initialization.
10-11 21:55:20.348: W/InstanceID/Rpc(9100): Found 10014
10-11 21:55:20.355: D/FirebaseApp(9100): com.google.firebase.crash.FirebaseCrash is not linked. Skipping initialization.
10-11 21:55:20.357: I/FA(9100): App measurement is starting up, version: 10298
10-11 21:55:20.357: I/FA(9100): To enable debug logging run: adb shell setprop log.tag.FA VERBOSE
10-11 21:55:20.365: I/FA(9100): To enable faster debug mode event logging run:
10-11 21:55:20.365: I/FA(9100):   adb shell setprop debug.firebase.analytics.app com.habitrpg.android.habitica
10-11 21:55:20.367: I/FirebaseInitProvider(9100): FirebaseApp initialization successful
10-11 21:55:20.403: I/MonitoringInstr(9100): Instrumentation started on process com.habitrpg.android.habitica
10-11 21:55:20.403: I/MonitoringInstr(9100): Setting context classloader to 'dalvik.system.PathClassLoader[DexPathList[[zip file "/system/framework/android.test.runner.jar", zip file "/data/app/com.google.android.apps.mtaas.crawler-1/base.apk", zip file "/data/app/com.habitrpg.android.habitica-1/base.apk"],nativeLibraryDirectories=[/data/app/com.google.android.apps.mtaas.crawler-1/lib/x86, /data/app/com.habitrpg.android.habitica-1/lib/x86, /data/app/com.google.android.apps.mtaas.crawler-1/base.apk!/lib/x86, /data/app/com.habitrpg.android.habitica-1/base.apk!/lib/x86, /system/lib, /vendor/lib]]]', Original: 'dalvik.system.PathClassLoader[DexPathList[[zip file "/system/framework/android.test.runner.jar", zip file "/data/app/com.google.android.apps.mtaas.crawler-1/base.apk", zip file "/data/app/com.habitrpg.android.habitica-1/base.apk"],nativeLibraryDirectories=[/data/app/com.google.android.apps.mtaas.crawler-1/lib/x86, /data/app/com.habitrpg.android.habitica-1/lib/x86, /data/app/com.google.android.apps.mtaas.crawler-1/base.apk!/lib/x86, /data/app/com.habitrpg.android.habitica-1/base.apk!/lib/x86, /system/lib, /vendor/lib]]]'
10-11 21:55:20.404: D/ApplicationLifecycleMonitorImpl(9100): running callback: com.google.android.apps.mtaas.crawler.SignaturePatchingCallback@acce39e
10-11 21:55:20.410: D/NetworkSecurityConfig(9100): No Network Security Config specified, using platform default
10-11 21:55:20.424: D/ApplicationLifecycleMonitorImpl(9100): callback completes: com.google.android.apps.mtaas.crawler.SignaturePatchingCallback@acce39e
10-11 21:55:20.474: I/CrashlyticsCore(9100): Initializing Crashlytics 2.3.17.dev
10-11 21:55:20.481: E/com.amplitude.api.AmplitudeClient(9100): context cannot be null, set context with initialize() before calling setUserId()
10-11 21:55:20.550: D/ApplicationLifecycleMonitorImpl(9100): running callback: com.google.android.apps.mtaas.crawler.SignaturePatchingCallback@acce39e
10-11 21:55:20.550: D/ApplicationLifecycleMonitorImpl(9100): callback completes: com.google.android.apps.mtaas.crawler.SignaturePatchingCallback@acce39e
10-11 21:55:20.559: I/MonitoringInstr(9100): No JSBridge.
10-11 21:55:20.564: I/MonitoringInstr(9100): Setting context classloader to 'dalvik.system.PathClassLoader[DexPathList[[zip file "/system/framework/android.test.runner.jar", zip file "/data/app/com.google.android.apps.mtaas.crawler-1/base.apk", zip file "/data/app/com.habitrpg.android.habitica-1/base.apk"],nativeLibraryDirectories=[/data/app/com.google.android.apps.mtaas.crawler-1/lib/x86, /data/app/com.habitrpg.android.habitica-1/lib/x86, /data/app/com.google.android.apps.mtaas.crawler-1/base.apk!/lib/x86, /data/app/com.habitrpg.android.habitica-1/base.apk!/lib/x86, /system/lib, /vendor/lib]]]', Original: 'dalvik.system.PathClassLoader[DexPathList[[zip file "/system/framework/android.test.runner.jar", zip file "/data/app/com.google.android.apps.mtaas.crawler-1/base.apk", zip file "/data/app/com.habitrpg.android.habitica-1/base.apk"],nativeLibraryDirectories=[/data/app/com.google.android.apps.mtaas.crawler-1/lib/x86, /data/app/com.habitrpg.android.habitica-1/lib/x86, /data/app/com.google.android.apps.mtaas.crawler-1/base.apk!/lib/x86, /data/app/com.habitrpg.android.habitica-1/base.apk!/lib/x86, /system/lib, /vendor/lib]]]'
10-11 21:55:20.600: I/art(9100): Do partial code cache collection, code=13KB, data=31KB
10-11 21:55:20.604: I/art(9100): After code cache collection, code=12KB, data=30KB
10-11 21:55:20.604: I/art(9100): Increasing code cache capacity to 128KB
10-11 21:55:20.609: I/UsageTrackerFacilitator(9100): Usage tracking disabled
10-11 21:55:20.611: D/TestExecutor(9100): Adding listener android.support.test.internal.runner.listener.LogRunListener
10-11 21:55:20.611: D/TestExecutor(9100): Adding listener android.support.test.internal.runner.listener.InstrumentationResultPrinter
10-11 21:55:20.611: D/TestExecutor(9100): Adding listener android.support.test.internal.runner.listener.ActivityFinisherRunListener
10-11 21:55:20.611: I/TestRunner(9100): run started: 1 tests
10-11 21:55:20.612: I/TestRunner(9100): started: testEntry(com.google.android.apps.mtaas.crawler.CrawlPlatform)
10-11 21:55:20.613: I/MonitoringInstr(9100): Activities that are still in CREATED to STOPPED: 0
10-11 21:55:20.636: I/System.out(9052): INFO: onBind
10-11 21:55:20.638: I/System.out(9052): Current launcher Package Name: com.android.launcher3
10-11 21:55:20.643: I/System.out(9052): INFO: Robo script file is absent.
10-11 21:55:20.643: I/System.out(9052): INFO: Received 0 Robo script actions.
10-11 21:55:20.645: I/System.out(9052): INFO: RandomSeed of 1234 used in crawler.
10-11 21:55:20.646: I/System.out(9052): INFO: Depth First Search Crawler Strategy Employed.
10-11 21:55:20.657: I/System.out(9052): WARNING: Current package [INITIAL_SCREEN_PACKAGE_NAME] is out of whitelisted packages
10-11 21:55:20.657: I/System.out(9052): INFO: New Screen: Optional.of(ScreenNode {Id=0, PackageName=INITIAL_SCREEN_PACKAGE_NAME, ActivityName=Optional.absent()})
10-11 21:55:20.659: I/System.out(9052): INFO: Platform is ready.
10-11 21:55:20.659: I/LogcatReader(9052): Executing logcat command: /system/bin/logcat -v time *:V
10-11 21:55:20.660: D/ApplicationLoaders(9100): ignored Vulkan layer search path /data/app/com.google.android.gms-2/lib/x86:/system/fake-libs:/data/app/com.google.android.gms-2/base.apk!/lib/x86 for namespace 0xa9b47090
10-11 21:55:20.670: D/MonitoringInstr(9100): execStartActivity(context, ibinder, ibinder, activity, intent, int, bundle
10-11 21:55:20.670: I/ActivityManager(1698): START u0 {act=android.intent.action.MAIN cat=[android.intent.category.LAUNCHER] flg=0x14000000 pkg=com.habitrpg.android.habitica cmp=com.habitrpg.android.habitica/.ui.activities.MainActivity} from uid 10090 on display 0
10-11 21:55:20.718: I/GceGrallocRegionRegistry(1400): Mapped gralloc-1400.49 hnd=0xb141c2c0 fd=42 base=0xac0c6000 format=RGBA_8888(0x1) width=921 height=1142
10-11 21:55:20.718: I/GceGrallocRegionRegistry(1698): Mapped gralloc-1400.49 hnd=0x8c22b840 fd=188 base=0x864f2000 format=RGBA_8888(0x1) width=921 height=1142
10-11 21:55:20.718: I/GceGrallocRegionRegistry(1400): Unmapped gralloc-1400.49 hnd=0xb141c2c0 fd=42 base=0xac0c6000
10-11 21:55:20.746: I/GceGrallocRegionRegistry(1400): Mapped gralloc-1400.49 hnd=0xad40f680 fd=43 base=0xac0c6000 format=RGBA_8888(0x1) width=921 height=1142
10-11 21:55:20.706: I/Binder:1698_7(1698): type=1400 audit(0.0:114): avc: denied { read } for path=2F6465762F6173686D656D2F6772616C6C6F632D313430302E3439202864656C6574656429 dev="tmpfs" ino=221332 scontext=u:r:system_server:s0 tcontext=u:object_r:surfaceflinger_tmpfs:s0 tclass=file permissive=1
10-11 21:55:20.799: I/GceGrallocRegionRegistry(1400): Unmapped gralloc-1400.49 hnd=0xad40f680 fd=43 base=0xac0c6000
10-11 21:55:20.831: I/GceGrallocRegionRegistry(1698): Unmapped gralloc-1400.49 hnd=0x8c22b840 fd=188 base=0x864f2000
10-11 21:55:20.835: W/art(1698): Long monitor contention with owner Binder:1698_7 (2194) at void com.android.server.am.ActivityManagerService.activityPaused(android.os.IBinder)(ActivityManagerService.java:6915) waiters=0 in int com.android.server.am.ActivityManagerService.bindService(android.app.IApplicationThread, android.os.IBinder, android.content.Intent, java.lang.String, android.app.IServiceConnection, int, java.lang.String, int) for 159ms
10-11 21:55:20.836: W/art(1698): Long monitor contention with owner Binder:1698_7 (2194) at void com.android.server.am.ActivityManagerService.activityPaused(android.os.IBinder)(ActivityManagerService.java:6915) waiters=1 in int com.android.server.am.ActivityManagerService.bindService(android.app.IApplicationThread, android.os.IBinder, android.content.Intent, java.lang.String, android.app.IServiceConnection, int, java.lang.String, int) for 155ms
10-11 21:55:20.839: D/LifecycleMonitor(9100): Lifecycle status change: com.habitrpg.android.habitica.ui.activities.MainActivity@2a52611 in: PRE_ON_CREATE
10-11 21:55:20.841: W/art(9100): Before Android 4.1, method android.graphics.PorterDuffColorFilter android.support.graphics.drawable.VectorDrawableCompat.updateTintFilter(android.graphics.PorterDuffColorFilter, android.content.res.ColorStateList, android.graphics.PorterDuff$Mode) would have incorrectly overridden the package-private method in android.graphics.drawable.Drawable
10-11 21:55:20.993: I/GceGrallocRegionRegistry(1400): Mapped gralloc-1400.50 hnd=0xb141c040 fd=28 base=0xa788d000 format=RGBA_8888(0x1) width=1536 height=2048
10-11 21:55:20.993: I/GceGrallocRegionRegistry(1698): Mapped gralloc-1400.50 hnd=0x8af32000 fd=198 base=0x82047000 format=RGBA_8888(0x1) width=1536 height=2048
10-11 21:55:21.006: I/GceGrallocRegionRegistry(7192): Unmapped gralloc-1400.48 hnd=0x9fc40040 fd=45 base=0x85aaa000
10-11 21:55:21.007: I/GceGrallocRegionRegistry(7192): Unmapped gralloc-1400.47 hnd=0xa57adec0 fd=44 base=0x8661c000
10-11 21:55:21.007: I/GceGrallocRegionRegistry(7192): Unmapped gralloc-1400.46 hnd=0x87d19780 fd=43 base=0x8718e000
10-11 21:55:21.008: I/GceGrallocRegionRegistry(1400): Unmapped gralloc-1400.48 hnd=0xb141c640 fd=25 base=0xaa00e000
10-11 21:55:21.011: I/GceGrallocRegionRegistry(1400): Unmapped gralloc-1400.47 hnd=0xb141c1c0 fd=26 base=0xa848f000
10-11 21:55:21.252: W/VncBackend(1396): Slow frame encode! (339 ms)
10-11 21:55:21.783: D/MonitoringInstr(9100): execStartActivity(context, ibinder, ibinder, activity, intent, int, bundle
10-11 21:55:21.784: I/ActivityManager(1698): START u0 {flg=0x14008000 cmp=com.habitrpg.android.habitica/.ui.activities.IntroActivity} from uid 10090 on display 0
10-11 21:55:21.829: D/LifecycleMonitor(9100): Lifecycle status change: com.habitrpg.android.habitica.ui.activities.MainActivity@2a52611 in: CREATED
10-11 21:55:21.829: D/LifecycleMonitor(9100): Lifecycle status change: com.habitrpg.android.habitica.ui.activities.MainActivity@2a52611 in: STARTED
10-11 21:55:21.833: I/art(1698): Background partial concurrent mark sweep GC freed 24333(2031KB) AllocSpace objects, 30(608KB) LOS objects, 33% free, 11MB/17MB, paused 2.812ms total 1.034s
10-11 21:55:21.953: W/art(9100): Suspending all threads took: 31.034ms
10-11 21:55:21.985: I/GceGrallocRegionRegistry(1400): Mapped gralloc-1400.51 hnd=0xb141c580 fd=25 base=0xa9f7e000 format=RGBA_8888(0x1) width=1536 height=2048
10-11 21:55:21.985: I/GceGrallocRegionRegistry(1698): Mapped gralloc-1400.51 hnd=0x7f6d5880 fd=188 base=0x81445000 format=RGBA_8888(0x1) width=1536 height=2048
10-11 21:55:22.002: D/LifecycleMonitor(9100): Lifecycle status change: com.habitrpg.android.habitica.ui.activities.MainActivity@2a52611 in: RESUMED
10-11 21:55:22.009: I/Remoter(1394): Saved screenshot to '/data/screenshots/__pmv__-0124.jpg'
10-11 21:55:22.056: I/ndroid.habitica(9100): type=1400 audit(0.0:115): avc: denied { read } for path=2F6465762F6173686D656D2F6772616C6C6F632D313430302E32202864656C6574656429 dev="tmpfs" ino=9771 scontext=u:r:untrusted_app:s0:c512,c768 tcontext=u:object_r:surfaceflinger_tmpfs:s0 tclass=file permissive=1
10-11 21:55:22.036: I/art(9100): Background sticky concurrent mark sweep GC freed 24261(1821KB) AllocSpace objects, 4(80KB) LOS objects, 21% free, 5MB/7MB, paused 32.706ms total 258.831ms
10-11 21:55:22.068: I/GceGrallocRegionRegistry(9100): Mapped gralloc-1400.2 hnd=0x842b6b40 fd=88 base=0x83bba000 format=RGBA_8888(0x1) width=576 height=576
10-11 21:55:22.124: D/LifecycleMonitor(9100): Lifecycle status change: com.habitrpg.android.habitica.ui.activities.MainActivity@2a52611 in: PAUSED
10-11 21:55:22.125: I/WindowManager(1698): Failed to capture screenshot of Token{1f02a05 ActivityRecord{a67d17c u0 com.habitrpg.android.habitica/.ui.activities.MainActivity t6 f}} appWin=Window{ee51ab2 u0 Starting com.habitrpg.android.habitica} drawState=4
10-11 21:55:22.191: W/View(9100): requestLayout() improperly called by com.roughike.bottombar.BottomBarTab{fe4b488 V.E...CL. ..S...ID 96,4-432,116 #7f0f0349 app:id/tab_habits} during layout: running second layout pass
10-11 21:55:22.191: W/View(9100): requestLayout() improperly called by com.roughike.bottombar.BottomBarTab{eb3ac07 V.E...CL. ......ID 432,4-768,116 #7f0f034a app:id/tab_dailies} during layout: running second layout pass
10-11 21:55:22.191: W/View(9100): requestLayout() improperly called by com.roughike.bottombar.BottomBarTab{dccecd2 V.E...CL. ......ID 768,4-1104,116 #7f0f034b app:id/tab_todos} during layout: running second layout pass
10-11 21:55:22.191: W/View(9100): requestLayout() improperly called by com.roughike.bottombar.BottomBarTab{95bd059 V.E...CL. ......ID 1104,4-1440,116 #7f0f034c app:id/tab_rewards} during layout: running second layout pass
10-11 21:55:22.224: D/LifecycleMonitor(9100): Lifecycle status change: com.habitrpg.android.habitica.ui.activities.IntroActivity@2c9c1db in: PRE_ON_CREATE
10-11 21:55:22.243: D/LifecycleMonitor(9100): Lifecycle status change: com.habitrpg.android.habitica.ui.activities.IntroActivity@2c9c1db in: CREATED
10-11 21:55:22.243: D/LifecycleMonitor(9100): Lifecycle status change: com.habitrpg.android.habitica.ui.activities.IntroActivity@2c9c1db in: STARTED
10-11 21:55:22.250: D/LifecycleMonitor(9100): Lifecycle status change: com.habitrpg.android.habitica.ui.activities.IntroActivity@2c9c1db in: RESUMED
10-11 21:55:22.621: W/art(9100): Suspending all threads took: 167.916ms
10-11 21:55:22.627: I/art(9100): Background partial concurrent mark sweep GC freed 35237(2MB) AllocSpace objects, 1(20KB) LOS objects, 40% free, 8MB/13MB, paused 169.786ms total 430.009ms
10-11 21:55:22.847: I/GceGrallocRegionRegistry(1400): Mapped gralloc-1400.52 hnd=0xb141c680 fd=26 base=0xa4f7e000 format=RGBA_8888(0x1) width=1536 height=2048
10-11 21:55:22.847: I/GceGrallocRegionRegistry(1400): Mapped gralloc-1400.53 hnd=0xb141c780 fd=44 base=0x9c4fe000 format=RGBA_8888(0x1) width=1536 height=2048
10-11 21:55:22.847: I/GceGrallocRegionRegistry(1400): Mapped gralloc-1400.54 hnd=0xb141c7c0 fd=45 base=0x9b8fc000 format=RGBA_8888(0x1) width=1536 height=2048
10-11 21:55:22.847: I/OpenGLRenderer(9100): Initialized EGL, version 1.4
10-11 21:55:22.847: D/OpenGLRenderer(9100): Swap behavior 1
10-11 21:55:22.852: I/Choreographer(9100): Skipped 36 frames!  The application may be doing too much work on its main thread.
10-11 21:55:23.007: I/GceGrallocRegionRegistry(1698): Unmapped gralloc-1400.50 hnd=0x8af32000 fd=198 base=0x82047000
10-11 21:55:23.007: W/WindowManager(1698): Failed looking up window
10-11 21:55:23.007: W/WindowManager(1698): java.lang.IllegalArgumentException: Requested window android.view.ViewRootImpl$W@2fe94bd does not exist
10-11 21:55:23.007: W/WindowManager(1698): 	at com.android.server.wm.WindowManagerService.windowForClientLocked(WindowManagerService.java:9415)
10-11 21:55:23.007: W/WindowManager(1698): 	at com.android.server.wm.WindowManagerService.windowForClientLocked(WindowManagerService.java:9406)
10-11 21:55:23.007: W/WindowManager(1698): 	at com.android.server.wm.WindowManagerService.removeWindow(WindowManagerService.java:2387)
10-11 21:55:23.007: W/WindowManager(1698): 	at com.android.server.wm.Session.remove(Session.java:193)
10-11 21:55:23.007: W/WindowManager(1698): 	at android.view.ViewRootImpl.dispatchDetachedFromWindow(ViewRootImpl.java:3290)
10-11 21:55:23.007: W/WindowManager(1698): 	at android.view.ViewRootImpl.doDie(ViewRootImpl.java:5917)
10-11 21:55:23.007: W/WindowManager(1698): 	at android.view.ViewRootImpl$ViewRootHandler.handleMessage(ViewRootImpl.java:3626)
10-11 21:55:23.007: W/WindowManager(1698): 	at android.os.Handler.dispatchMessage(Handler.java:102)
10-11 21:55:23.007: W/WindowManager(1698): 	at android.os.Looper.loop(Looper.java:154)
10-11 21:55:23.007: W/WindowManager(1698): 	at android.os.HandlerThread.run(HandlerThread.java:61)
10-11 21:55:23.007: W/WindowManager(1698): 	at com.android.server.ServiceThread.run(ServiceThread.java:46)
10-11 21:55:23.030: I/GceGrallocRegionRegistry(1400): Unmapped gralloc-1400.50 hnd=0xb141c040 fd=28 base=0xa788d000
10-11 21:55:23.415: I/Remoter(1394): Saved screenshot to '/data/screenshots/__pmv__-0125.jpg'
10-11 21:55:23.634: I/GceGrallocRegionRegistry(1400): Unmapped gralloc-1400.54 hnd=0xb141c7c0 fd=45 base=0x9b8fc000
10-11 21:55:23.634: I/GceGrallocRegionRegistry(1400): Mapped gralloc-1400.55 hnd=0xad40fe00 fd=28 base=0xa83ff000 format=RGBA_8888(0x1) width=1536 height=2048
10-11 21:55:23.634: I/GceGrallocRegionRegistry(9100): Mapped gralloc-1400.55 hnd=0x826d3e40 fd=97 base=0x7f574000 format=RGBA_8888(0x1) width=1536 height=2048
10-11 21:55:23.636: W/art(9100): Suspending all threads took: 17.404ms
10-11 21:55:23.653: I/art(9100): Background sticky concurrent mark sweep GC freed 69043(3MB) AllocSpace objects, 0(0B) LOS objects, 18% free, 11MB/13MB, paused 18.945ms total 102.016ms
10-11 21:55:23.658: W/View(9100): requestLayout() improperly called by com.roughike.bottombar.BottomBarTab{fe4b488 V.E...CL. ..S...ID 96,4-432,116 #7f0f0349 app:id/tab_habits} during second layout pass: posting in next frame
10-11 21:55:23.658: W/View(9100): requestLayout() improperly called by com.roughike.bottombar.BottomBarTab{eb3ac07 V.E...CL. ......ID 432,4-768,116 #7f0f034a app:id/tab_dailies} during second layout pass: posting in next frame
10-11 21:55:23.658: W/View(9100): requestLayout() improperly called by com.roughike.bottombar.BottomBarTab{dccecd2 V.E...CL. ......ID 768,4-1104,116 #7f0f034b app:id/tab_todos} during second layout pass: posting in next frame
10-11 21:55:23.658: W/View(9100): requestLayout() improperly called by com.roughike.bottombar.BottomBarTab{95bd059 V.E...CL. ......ID 1104,4-1440,116 #7f0f034c app:id/tab_rewards} during second layout pass: posting in next frame
10-11 21:55:23.659: I/ActivityManager(1698): Displayed com.habitrpg.android.habitica/.ui.activities.IntroActivity: +1s534ms (total +2s983ms)
10-11 21:55:24.014: I/GceGrallocRegionRegistry(1698): Unmapped gralloc-1400.51 hnd=0x7f6d5880 fd=188 base=0x81445000
10-11 21:55:24.052: I/GceGrallocRegionRegistry(1400): Unmapped gralloc-1400.51 hnd=0xb141c580 fd=25 base=0xa9f7e000
10-11 21:55:24.053: I/Choreographer(9100): Skipped 70 frames!  The application may be doing too much work on its main thread.
