10-11 21:54:12.964: I/Remoter(1394): Saved screenshot to '/data/screenshots/__pmv__-0063.jpg'
10-11 21:54:14.003: I/Remoter(1394): Saved screenshot to '/data/screenshots/__pmv__-0064.jpg'
10-11 21:54:14.742: D/AndroidRuntime(6346): >>>>>> START com.android.internal.os.RuntimeInit uid 0 <<<<<<
10-11 21:54:14.744: D/AndroidRuntime(6346): CheckJNI is OFF
10-11 21:54:14.777: D/ICU(6346): No timezone override file found: /data/misc/zoneinfo/current/icu/icu_tzdata.dat
10-11 21:54:14.777: D/ICU(6346): [ 10-11 21:54:14.863  6346: 6346 W/         ]
10-11 21:54:14.777: D/ICU(6346): Failed to bind-mount /system/lib/x86/cpuinfo as /proc/cpuinfo: No such file or directory
10-11 21:54:14.871: E/memtrack(6346): Couldn't load memtrack module (No such file or directory)
10-11 21:54:14.871: E/android.os.Debug(6346): failed to load memtrack module: -2
10-11 21:54:14.872: I/Radio-JNI(6346): register_android_hardware_Radio DONE
10-11 21:54:14.916: D/AndroidRuntime(6346): Calling main entry com.android.commands.pm.Pm
10-11 21:54:14.916: D/AndroidRuntime(6346): [ 10-11 21:54:14.921  1407: 1407 I/         ]
10-11 21:54:14.916: D/AndroidRuntime(6346): free_cache(641016) avail 3900645376
10-11 21:54:15.001: I/ActivityManager(1698): Start proc 6356:com.android.defcontainer/u0a8 for service com.android.defcontainer/.DefaultContainerService
10-11 21:54:15.034: I/ActivityManager(1698): Start proc 6371:com.android.vending/u0a24 for broadcast com.android.vending/com.google.android.vending.verifier.PackageVerificationReceiver
10-11 21:54:15.040: W/System(6371): ClassLoader referenced unknown path: /system/priv-app/Phonesky/lib/x86
10-11 21:54:15.054: I/Remoter(1394): Saved screenshot to '/data/screenshots/__pmv__-0065.jpg'
10-11 21:54:15.059: W/Finsky(6371): [1] com.google.android.finsky.FinskyApp.i(1556): No account configured on this device.
10-11 21:54:15.061: W/Finsky(6371): [1] com.google.android.finsky.FinskyApp.i(1556): No account configured on this device.
10-11 21:54:15.062: W/Finsky(6371): [1] com.google.android.finsky.FinskyApp.i(1556): No account configured on this device.
10-11 21:54:15.063: W/Finsky(6371): [1] com.google.android.finsky.FinskyApp.i(1556): No account configured on this device.
10-11 21:54:15.063: W/Finsky(6371): [1] com.google.android.finsky.FinskyApp.i(1556): No account configured on this device.
10-11 21:54:15.064: W/Finsky(6371): [1] com.google.android.finsky.FinskyApp.i(1556): No account configured on this device.
10-11 21:54:15.066: W/Finsky(6371): [1] com.google.android.finsky.FinskyApp.i(1556): No account configured on this device.
10-11 21:54:15.075: W/Finsky(6371): [1] com.google.android.finsky.FinskyApp.i(1556): No account configured on this device.
10-11 21:54:15.075: W/Finsky(6371): [1] com.google.android.finsky.FinskyApp.i(1556): No account configured on this device.
10-11 21:54:15.077: W/Finsky(6371): [1] com.google.android.finsky.FinskyApp.i(1556): No account configured on this device.
10-11 21:54:15.081: V/KeyValueBackupJob(1698): Scheduling k/v pass in 249 minutes
10-11 21:54:15.083: W/Finsky(6371): [1] com.google.android.finsky.FinskyApp.i(1556): No account configured on this device.
10-11 21:54:15.086: W/Finsky(6371): [1] com.google.android.finsky.FinskyApp.i(1556): No account configured on this device.
10-11 21:54:15.086: W/Finsky(6371): [1] com.google.android.finsky.FinskyApp.i(1556): No account configured on this device.
10-11 21:54:15.088: W/Finsky(6371): [1] com.google.android.finsky.FinskyApp.i(1556): No account configured on this device.
10-11 21:54:15.089: W/Finsky(6371): [1] com.google.android.finsky.FinskyApp.i(1556): No account configured on this device.
10-11 21:54:15.089: W/Finsky(6371): [1] com.google.android.finsky.FinskyApp.i(1556): No account configured on this device.
10-11 21:54:15.091: W/Finsky(6371): [1] com.google.android.finsky.FinskyApp.i(1556): No account configured on this device.
10-11 21:54:15.091: W/Finsky(6371): [1] com.google.android.finsky.FinskyApp.i(1556): No account configured on this device.
10-11 21:54:15.103: W/Finsky(6371): [1] com.google.android.finsky.FinskyApp.i(1556): No account configured on this device.
10-11 21:54:15.104: W/Finsky(6371): [1] com.google.android.finsky.FinskyApp.i(1556): No account configured on this device.
10-11 21:54:15.105: W/Finsky(6371): [1] com.google.android.finsky.FinskyApp.i(1556): No account configured on this device.
10-11 21:54:15.105: W/Finsky(6371): [1] com.google.android.finsky.FinskyApp.i(1556): No account configured on this device.
10-11 21:54:15.105: W/Finsky(6371): [1] com.google.android.finsky.FinskyApp.i(1556): No account configured on this device.
10-11 21:54:15.106: W/Finsky(6371): [1] com.google.android.finsky.FinskyApp.i(1556): No account configured on this device.
10-11 21:54:15.106: I/Finsky(6371): [1] com.google.android.finsky.services.DailyHygiene.a(220): No need to run daily hygiene.
10-11 21:54:15.109: W/Settings(6371): Setting download_manager_max_bytes_over_mobile has moved from android.provider.Settings.Secure to android.provider.Settings.Global.
10-11 21:54:15.110: W/Settings(6371): Setting download_manager_recommended_max_bytes_over_mobile has moved from android.provider.Settings.Secure to android.provider.Settings.Global.
10-11 21:54:15.113: W/Finsky(6371): [1] com.google.android.finsky.FinskyApp.i(1556): No account configured on this device.
10-11 21:54:15.116: W/Finsky(6371): [1] com.google.android.finsky.FinskyApp.i(1556): No account configured on this device.
10-11 21:54:15.118: W/Finsky(6371): [1] com.google.android.finsky.FinskyApp.i(1556): No account configured on this device.
10-11 21:54:15.119: W/Finsky(6371): [1] com.google.android.finsky.FinskyApp.i(1556): No account configured on this device.
10-11 21:54:15.121: W/Finsky(6371): [1] com.google.android.finsky.FinskyApp.i(1556): No account configured on this device.
10-11 21:54:15.121: W/Finsky(6371): [1] com.google.android.finsky.FinskyApp.i(1556): No account configured on this device.
10-11 21:54:15.122: W/Finsky(6371): [1] com.google.android.finsky.FinskyApp.i(1556): No account configured on this device.
10-11 21:54:15.122: W/Finsky(6371): [1] com.google.android.finsky.FinskyApp.i(1556): No account configured on this device.
10-11 21:54:15.123: W/Finsky(6371): [1] com.google.android.finsky.FinskyApp.i(1556): No account configured on this device.
10-11 21:54:15.123: W/Finsky(6371): [1] com.google.android.finsky.FinskyApp.b(1227): No account configured on this device.
10-11 21:54:15.124: W/Finsky(6371): [1] com.google.android.finsky.FinskyApp.i(1556): No account configured on this device.
10-11 21:54:15.125: W/Finsky(6371): [1] com.google.android.finsky.FinskyApp.i(1556): No account configured on this device.
10-11 21:54:15.125: W/Finsky(6371): [1] com.google.android.finsky.FinskyApp.i(1556): No account configured on this device.
10-11 21:54:15.126: W/Finsky(6371): [1] com.google.android.finsky.FinskyApp.i(1556): No account configured on this device.
10-11 21:54:15.127: I/Finsky(6371): [1] com.google.android.vending.verifier.PackageVerificationReceiver.onReceive(2107): Skipping verification. Disabled by user setting
10-11 21:54:15.129: W/Finsky(6371): [416] com.google.android.finsky.FinskyApp.i(1556): No account configured on this device.
10-11 21:54:15.137: W/Finsky(6371): [1] com.google.android.finsky.FinskyApp.i(1556): No account configured on this device.
10-11 21:54:15.139: W/Finsky(6371): [1] com.google.android.finsky.FinskyApp.i(1556): No account configured on this device.
10-11 21:54:15.147: I/Finsky(6371): [1] com.google.android.finsky.c.l.a(253): result=false type=4
10-11 21:54:15.148: W/Finsky(6371): [1] com.google.android.finsky.FinskyApp.i(1556): No account configured on this device.
10-11 21:54:15.148: W/Finsky(6371): [1] com.google.android.finsky.FinskyApp.i(1556): No account configured on this device.
10-11 21:54:15.151: I/PackageManager.DexOptimizer(1698): Running dexopt (dex2oat) on: /data/app/vmdl1693323691.tmp/base.apk pkg=com.google.android.apps.mtaas.tools isa=x86 vmSafeMode=false debuggable=false target-filter=interpret-only oatDir = /data/app/vmdl1693323691.tmp/oat sharedLibraries=null
10-11 21:54:15.153: I/WearableService(2090): Wearable Services not starting - Wear is not available on this device.
10-11 21:54:15.160: W/Finsky(6371): [416] com.google.android.finsky.FinskyApp.i(1556): No account configured on this device.
10-11 21:54:15.162: W/Finsky(6371): [1] com.google.android.finsky.FinskyApp.i(1556): No account configured on this device.
10-11 21:54:15.163: W/Finsky(6371): [1] com.google.android.finsky.FinskyApp.i(1556): No account configured on this device.
10-11 21:54:15.163: I/Finsky(6371): [1] com.google.android.finsky.services.bd.a(853): Restore complete with 0 success and 0 failed.
10-11 21:54:15.164: W/dex2oat(6413): Mismatch between dex2oat instruction set features (ISA: X86 Feature string: smp,ssse3,sse4.1,sse4.2,-avx,-avx2,lock_add,popcnt) and those of dex2oat executable (ISA: X86 Feature string: smp,ssse3,sse4.1,sse4.2,-avx,-avx2,-lock_add,popcnt) for the command line:
10-11 21:54:15.164: W/dex2oat(6413): /system/bin/dex2oat --zip-fd=6 --zip-location=base.apk --oat-fd=7 --oat-location=/data/app/vmdl1693323691.tmp/oat/x86/base.odex --instruction-set=x86 --instruction-set-variant=silvermont --instruction-set-features=default --runtime-arg -Xms64m --runtime-arg -Xmx512m --compiler-filter=interpret-only --swap-fd=8
10-11 21:54:15.164: I/dex2oat(6413): /system/bin/dex2oat --compiler-filter=interpret-only
10-11 21:54:15.164: E/cutils-trace(6413): Error opening trace file: Permission denied (13)
10-11 21:54:15.167: D/WearableService(2090): onGetService - Wear is not available on this device.
10-11 21:54:15.168: E/Finsky(6371): [1] com.google.android.finsky.wear.bo.a(838): onConnectionFailed: ConnectionResult{statusCode=API_UNAVAILABLE, resolution=null, message=null}
10-11 21:54:15.168: I/Finsky(6371): [1] com.google.android.finsky.wear.WearSupportService.a(6396): Dropping command=send_installed_apps due to Gms not connected
10-11 21:54:15.332: I/dex2oat(6413): dex2oat took 168.302ms (threads: 2) arena alloc=4KB (4976B) java alloc=930KB (953112B) native alloc=2MB (2614920B) free=1542KB (1579384B)
10-11 21:54:15.353: W/PackageManager(1698): Not granting permission android.permission.SET_ANIMATION_SCALE to package com.google.android.apps.mtaas.tools (protectionLevel=50 flags=0x3808be44)
10-11 21:54:15.353: W/PackageManager(1698): Not granting permission android.permission.CHANGE_CONFIGURATION to package com.google.android.apps.mtaas.tools (protectionLevel=50 flags=0x3808be44)
10-11 21:54:15.367: D/installd(1407): Detected label change from u:object_r:system_data_file:s0 to u:object_r:app_data_file:s0:c512,c768 at /data/data/com.google.android.apps.mtaas.tools; running recursive restorecon
10-11 21:54:15.367: D/installd(1407): Detected label change from u:object_r:system_data_file:s0 to u:object_r:app_data_file:s0:c512,c768 at /data/user_de/0/com.google.android.apps.mtaas.tools; running recursive restorecon
10-11 21:54:15.368: V/BackupManagerService(1698): restoreAtInstall pkg=com.google.android.apps.mtaas.tools token=1 restoreSet=0
10-11 21:54:15.368: V/BackupManagerService(1698): Finishing install immediately
10-11 21:54:15.369: I/art(1698): Starting a blocking GC Explicit
10-11 21:54:15.394: I/art(1698): Explicit concurrent mark sweep GC freed 61053(3MB) AllocSpace objects, 13(304KB) LOS objects, 33% free, 10MB/15MB, paused 233us total 24.277ms
10-11 21:54:15.394: I/art(1698): [ 10-11 21:54:15.394  1407: 1407 E/         ]
10-11 21:54:15.394: I/art(1698): Couldn't opendir /data/app/vmdl1693323691.tmp: No such file or directory
10-11 21:54:15.397: D/BluetoothMapAppObserver(1767): onReceive
10-11 21:54:15.397: D/BluetoothMapAppObserver(1767): The installed package is: com.google.android.apps.mtaas.tools
10-11 21:54:15.398: D/BluetoothMapAppObserver(1767): Found 0 application(s) with intent android.bluetooth.action.BLUETOOTH_MAP_PROVIDER
10-11 21:54:15.402: D/BluetoothMapAppObserver(1767): Found 0 application(s) with intent android.bluetooth.action.BLUETOOTH_MAP_IM_PROVIDER
10-11 21:54:15.402: I/InputReader(1698): Reconfiguring input devices.  changes=0x00000010
10-11 21:54:15.402: D/CarrierSvcBindHelper(1872): No carrier app for: 0
10-11 21:54:15.402: D/CarrierConfigLoader(1872): mHandler: 9 phoneId: 0
10-11 21:54:15.403: I/art(6346): System.exit called, status: 0
10-11 21:54:15.403: I/AndroidRuntime(6346): VM exiting with result code 0.
10-11 21:54:15.406: I/ActivityManager(1698): Start proc 6418:com.android.musicfx/u0a23 for broadcast com.android.musicfx/.Compatibility$Receiver
10-11 21:54:15.439: W/Searchables(1698): No global search activity found
10-11 21:54:15.443: W/System(6418): ClassLoader referenced unknown path: /system/priv-app/MusicFX/lib/x86
10-11 21:54:15.524: I/ActivityManager(1698): Start proc 6438:android.process.acore/u0a1 for broadcast com.android.providers.contacts/.PackageIntentReceiver
10-11 21:54:15.526: I/ActivityManager(1698): Killing 5653:com.google.android.apps.photos/u0a70 (adj 906): empty for 15085s
10-11 21:54:15.535: W/System(6438): ClassLoader referenced unknown path: /system/priv-app/ContactsProvider/lib/x86
10-11 21:54:15.554: I/ContactsPerf(6438): VoicemailContentProvider.onCreate start
10-11 21:54:15.555: I/ContactsPerf(6438): VoicemailContentProvider.onCreate finish
10-11 21:54:15.561: D/ActivityManager(1698): cleanUpApplicationRecord -- 5653
10-11 21:54:15.562: W/System(6438): ClassLoader referenced unknown path: /system/priv-app/BlockedNumberProvider/lib/x86
10-11 21:54:15.563: D/ApplicationLoaders(6438): ignored Vulkan layer search path /system/priv-app/BlockedNumberProvider/lib/x86:/system/lib:/vendor/lib for namespace 0xa9b47090
10-11 21:54:15.566: I/ContactLocale(6438): AddressBook Labels [[en_US]]: […, A, B, C, D, E, F, G, H, I, J, K, L, M, N, O, P, Q, R, S, T, U, V, W, X, Y, Z, Α, Β, Γ, Δ, Ε, Ζ, Η, Θ, Ι, Κ, Λ, Μ, Ν, Ξ, Ο, Π, Ρ, Σ, Τ, Υ, Φ, Χ, Ψ, Ω, …, А, Б, В, Г, Д, Ђ, Е, Є, Ж, З, И, І, Й, Ј, К, Л, Љ, М, Н, Њ, О, П, Р, С, Т, Ћ, У, Ф, Х, Ц, Ч, Џ, Ш, Щ, Ю, Я, …, א, ב, ג, ד, ה, ו, ז, ח, ט, י, כ, ל, מ, נ, ס, ע, פ, צ, ק, ר, ש, ת, …, ا, ب, ت, ث, ج, ح, خ, د, ذ, ر, ز, س, ش, ص, ض, ط, ظ, ع, غ, ف, ق, ك, ل, م, ن, ه, و, ي, …, ก, ข, ฃ, ค, ฅ, ฆ, ง, จ, ฉ, ช, ซ, ฌ, ญ, ฎ, ฏ, ฐ, ฑ, ฒ, ณ, ด, ต, ถ, ท, ธ, น, บ, ป, ผ, ฝ, พ, ฟ, ภ, ม, ย, ร, ฤ, ล, ฦ, ว, ศ, ษ, ส, ห, ฬ, อ, ฮ, …, ㄱ, ㄴ, ㄷ, ㄹ, ㅁ, ㅂ, ㅅ, ㅇ, ㅈ, ㅊ, ㅋ, ㅌ, ㅍ, ㅎ, …, あ, か, さ, た, な, は, ま, や, ら, わ, #, …]
10-11 21:54:15.570: W/System(6438): ClassLoader referenced unknown path: /system/app/UserDictionaryProvider/lib/x86
10-11 21:54:15.570: D/ApplicationLoaders(6438): ignored Vulkan layer search path /system/app/UserDictionaryProvider/lib/x86:/system/lib:/vendor/lib for namespace 0xa9b470d0
10-11 21:54:15.579: I/Finsky(6371): [1] com.google.android.finsky.utils.PermissionPolicies$PermissionPolicyService.onStartCommand(117): post-install permissions check for com.google.android.apps.mtaas.tools
10-11 21:54:15.581: W/Finsky(6371): [1] com.google.android.finsky.FinskyApp.i(1556): No account configured on this device.
10-11 21:54:15.588: I/ActivityManager(1698): Start proc 6458:com.google.android.apps.plus/u0a72 for broadcast com.google.android.apps.plus/.service.PackagesMediaMonitor
10-11 21:54:15.592: D/WearableService(2090): onGetService - Wear is not available on this device.
10-11 21:54:15.592: I/Finsky(6371): [1] com.google.android.finsky.utils.bn.run(1302): Package state data is missing for com.google.android.apps.mtaas.tools
10-11 21:54:15.594: W/Finsky(6371): [1] com.google.android.finsky.FinskyApp.i(1556): No account configured on this device.
10-11 21:54:15.595: E/Finsky(6371): [1] com.google.android.finsky.wear.bo.a(838): onConnectionFailed: ConnectionResult{statusCode=API_UNAVAILABLE, resolution=null, message=null}
10-11 21:54:15.595: I/Finsky(6371): [1] com.google.android.finsky.wear.WearSupportService.a(6396): Dropping command=send_installed_apps due to Gms not connected
10-11 21:54:15.596: I/ActivityManager(1698): Killing 5678:com.google.android.apps.gcs/u0a13 (adj 906): empty for 15055s
10-11 21:54:15.605: W/System(6458): ClassLoader referenced unknown path: /system/app/PlusOne/lib/x86
10-11 21:54:15.630: E/DatabaseUtils(6147): Writing exception to parcel
10-11 21:54:15.630: E/DatabaseUtils(6147): java.lang.SecurityException: Permission Denial: reading com.android.providers.media.MediaProvider uri content://media/external/fs_id from pid=6458, uid=10072 requires android.permission.READ_EXTERNAL_STORAGE, or grantUriPermission()
10-11 21:54:15.630: E/DatabaseUtils(6147): 	at android.content.ContentProvider.enforceReadPermissionInner(ContentProvider.java:608)
10-11 21:54:15.630: E/DatabaseUtils(6147): 	at android.content.ContentProvider$Transport.enforceReadPermission(ContentProvider.java:483)
10-11 21:54:15.630: E/DatabaseUtils(6147): 	at android.content.ContentProvider$Transport.query(ContentProvider.java:212)
10-11 21:54:15.630: E/DatabaseUtils(6147): 	at android.content.ContentProviderNative.onTransact(ContentProviderNative.java:112)
10-11 21:54:15.630: E/DatabaseUtils(6147): 	at android.os.Binder.execTransact(Binder.java:565)
10-11 21:54:15.632: D/ActivityManager(1698): cleanUpApplicationRecord -- 5678
10-11 21:54:15.646: W/ActivityManager(1698): Permission Denial: opening provider com.android.providers.contacts.ContactsProvider2 from ProcessRecord{7ba87bd 6458:com.google.android.apps.plus/u0a72} (pid=6458, uid=10072) requires android.permission.READ_CONTACTS or android.permission.WRITE_CONTACTS
10-11 21:54:15.651: W/ActivityManager(1698): Permission Denial: opening provider com.android.providers.contacts.ContactsProvider2 from ProcessRecord{7ba87bd 6458:com.google.android.apps.plus/u0a72} (pid=6458, uid=10072) requires android.permission.READ_CONTACTS or android.permission.WRITE_CONTACTS
10-11 21:54:15.663: W/ActivityManager(1698): Permission Denial: opening provider com.android.providers.contacts.ContactsProvider2 from ProcessRecord{7ba87bd 6458:com.google.android.apps.plus/u0a72} (pid=6458, uid=10072) requires android.permission.READ_CONTACTS or android.permission.WRITE_CONTACTS
10-11 21:54:15.664: E/GooglePlusContactsSync(6458): Failed to clear out contacts
10-11 21:54:15.664: E/GooglePlusContactsSync(6458): java.lang.SecurityException: Permission Denial: opening provider com.android.providers.contacts.ContactsProvider2 from ProcessRecord{7ba87bd 6458:com.google.android.apps.plus/u0a72} (pid=6458, uid=10072) requires android.permission.READ_CONTACTS or android.permission.WRITE_CONTACTS
10-11 21:54:15.664: E/GooglePlusContactsSync(6458): 	at android.os.Parcel.readException(Parcel.java:1684)
10-11 21:54:15.664: E/GooglePlusContactsSync(6458): 	at android.os.Parcel.readException(Parcel.java:1637)
10-11 21:54:15.664: E/GooglePlusContactsSync(6458): 	at android.app.ActivityManagerProxy.getContentProvider(ActivityManagerNative.java:4199)
10-11 21:54:15.664: E/GooglePlusContactsSync(6458): 	at android.app.ActivityThread.acquireProvider(ActivityThread.java:5476)
10-11 21:54:15.664: E/GooglePlusContactsSync(6458): 	at android.app.ContextImpl$ApplicationContentResolver.acquireUnstableProvider(ContextImpl.java:2239)
10-11 21:54:15.664: E/GooglePlusContactsSync(6458): 	at android.content.ContentResolver.acquireUnstableProvider(ContentResolver.java:1517)
10-11 21:54:15.664: E/GooglePlusContactsSync(6458): 	at android.content.ContentResolver.query(ContentResolver.java:516)
10-11 21:54:15.664: E/GooglePlusContactsSync(6458): 	at android.content.ContentResolver.query(ContentResolver.java:474)
10-11 21:54:15.664: E/GooglePlusContactsSync(6458): 	at dcl.a(PG:447)
10-11 21:54:15.664: E/GooglePlusContactsSync(6458): 	at dcl.b(PG:1396)
10-11 21:54:15.664: E/GooglePlusContactsSync(6458): 	at dcm.run(PG:333)
10-11 21:54:15.664: E/GooglePlusContactsSync(6458): 	at java.lang.Thread.run(Thread.java:761)
10-11 21:54:15.784: I/ActivityManager(1698): Start proc 6500:com.google.android.partnersetup/u0a21 for broadcast com.google.android.partnersetup/.RlzPingBroadcastReceiver
10-11 21:54:15.789: W/ConfigurationChimeraProvider(2090): Got null configs for com.google.android.gms.appinvite
10-11 21:54:15.791: W/System(6500): ClassLoader referenced unknown path: /system/priv-app/GooglePartnerSetup/lib/x86
10-11 21:54:15.809: I/FontsPackageChangeOp(2287): Package com.google.android.apps.mtaas.tools has no metadata
10-11 21:54:15.818: D/Wear_Controller(2287): Received broadcast action=android.intent.action.PACKAGE_ADDED and uri=com.google.android.apps.mtaas.tools
10-11 21:54:15.822: W/ConfigurationChimeraProvider(2090): Got null configs for com.google.android.gms.chromesync
10-11 21:54:15.840: I/Icing(2287): IndexChimeraService.getServiceInterface callingPackage=com.google.android.gms componentName=AppsCorpus serviceId=32
10-11 21:54:15.841: I/Icing(2287): IndexChimeraService.getServiceInterface callingPackage=com.google.android.gms componentName=AppsCorpus serviceId=36
10-11 21:54:15.855: I/Icing(2287): Usage reports 0 indexed 0 rejected 0 imm upload false
10-11 21:54:15.863: I/ActivityManager(1698): Killing 6186:com.google.android.gms.feedback/u0a14 (adj 906): empty for 11425s
10-11 21:54:15.870: I/Icing(2287): Usage reports 0 indexed 0 rejected 0 imm upload false
10-11 21:54:15.912: D/ActivityManager(1698): cleanUpApplicationRecord -- 6186
10-11 21:54:16.049: D/AndroidRuntime(6526): >>>>>> START com.android.internal.os.RuntimeInit uid 0 <<<<<<
10-11 21:54:16.051: D/AndroidRuntime(6526): CheckJNI is OFF
10-11 21:54:16.085: D/ICU(6526): No timezone override file found: /data/misc/zoneinfo/current/icu/icu_tzdata.dat
10-11 21:54:16.085: D/ICU(6526): [ 10-11 21:54:16.091  6526: 6526 W/         ]
10-11 21:54:16.085: D/ICU(6526): Failed to bind-mount /system/lib/x86/cpuinfo as /proc/cpuinfo: No such file or directory
10-11 21:54:16.097: E/memtrack(6526): Couldn't load memtrack module (No such file or directory)
10-11 21:54:16.097: E/android.os.Debug(6526): failed to load memtrack module: -2
10-11 21:54:16.098: I/Radio-JNI(6526): register_android_hardware_Radio DONE
10-11 21:54:16.100: I/Remoter(1394): Saved screenshot to '/data/screenshots/__pmv__-0066.jpg'
10-11 21:54:16.104: D/AndroidRuntime(6526): Calling main entry com.android.commands.pm.Pm
10-11 21:54:16.104: D/AndroidRuntime(6526): [ 10-11 21:54:16.109  1407: 1407 I/         ]
10-11 21:54:16.104: D/AndroidRuntime(6526): free_cache(486724) avail 3897573376
10-11 21:54:16.128: I/Finsky(6371): [1] com.google.android.vending.verifier.PackageVerificationReceiver.onReceive(2107): Skipping verification. Disabled by user setting
10-11 21:54:16.130: I/PackageParser(1698): com.google.android.apps.mtaas.loginutil: compat added android.permission.WRITE_EXTERNAL_STORAGE android.permission.READ_PHONE_STATE
10-11 21:54:16.131: I/PackageManager.DexOptimizer(1698): Running dexopt (dex2oat) on: /data/app/vmdl1577237310.tmp/base.apk pkg=com.google.android.apps.mtaas.loginutil isa=x86 vmSafeMode=false debuggable=false target-filter=interpret-only oatDir = /data/app/vmdl1577237310.tmp/oat sharedLibraries=null
10-11 21:54:16.142: W/dex2oat(6540): Mismatch between dex2oat instruction set features (ISA: X86 Feature string: smp,ssse3,sse4.1,sse4.2,-avx,-avx2,lock_add,popcnt) and those of dex2oat executable (ISA: X86 Feature string: smp,ssse3,sse4.1,sse4.2,-avx,-avx2,-lock_add,popcnt) for the command line:
10-11 21:54:16.142: W/dex2oat(6540): /system/bin/dex2oat --zip-fd=6 --zip-location=base.apk --oat-fd=7 --oat-location=/data/app/vmdl1577237310.tmp/oat/x86/base.odex --instruction-set=x86 --instruction-set-variant=silvermont --instruction-set-features=default --runtime-arg -Xms64m --runtime-arg -Xmx512m --compiler-filter=interpret-only --swap-fd=8
10-11 21:54:16.142: I/dex2oat(6540): /system/bin/dex2oat --compiler-filter=interpret-only
10-11 21:54:16.142: E/cutils-trace(6540): Error opening trace file: Permission denied (13)
10-11 21:54:16.289: I/dex2oat(6540): dex2oat took 146.981ms (threads: 2) arena alloc=16KB (16608B) java alloc=492KB (504352B) native alloc=2MB (2534200B) free=2MB (2184392B)
10-11 21:54:16.322: D/installd(1407): Detected label change from u:object_r:system_data_file:s0 to u:object_r:app_data_file:s0:c512,c768 at /data/data/com.google.android.apps.mtaas.loginutil; running recursive restorecon
10-11 21:54:16.323: D/installd(1407): Detected label change from u:object_r:system_data_file:s0 to u:object_r:app_data_file:s0:c512,c768 at /data/user_de/0/com.google.android.apps.mtaas.loginutil; running recursive restorecon
10-11 21:54:16.323: V/BackupManagerService(1698): restoreAtInstall pkg=com.google.android.apps.mtaas.loginutil token=2 restoreSet=0
10-11 21:54:16.323: V/BackupManagerService(1698): Finishing install immediately
10-11 21:54:16.325: I/art(1698): Starting a blocking GC Explicit
10-11 21:54:16.356: I/art(1698): Explicit concurrent mark sweep GC freed 61674(3MB) AllocSpace objects, 13(308KB) LOS objects, 33% free, 10MB/15MB, paused 302us total 30.106ms
10-11 21:54:16.356: I/art(1698): [ 10-11 21:54:16.356  1407: 1407 E/         ]
10-11 21:54:16.356: I/art(1698): Couldn't opendir /data/app/vmdl1577237310.tmp: No such file or directory
10-11 21:54:16.359: D/BluetoothMapAppObserver(1767): onReceive
10-11 21:54:16.359: D/BluetoothMapAppObserver(1767): The installed package is: com.google.android.apps.mtaas.loginutil
10-11 21:54:16.363: D/BluetoothMapAppObserver(1767): Found 0 application(s) with intent android.bluetooth.action.BLUETOOTH_MAP_PROVIDER
10-11 21:54:16.364: D/BluetoothMapAppObserver(1767): Found 0 application(s) with intent android.bluetooth.action.BLUETOOTH_MAP_IM_PROVIDER
10-11 21:54:16.364: D/CarrierSvcBindHelper(1872): No carrier app for: 0
10-11 21:54:16.364: D/CarrierConfigLoader(1872): mHandler: 9 phoneId: 0
10-11 21:54:16.370: I/InputReader(1698): Reconfiguring input devices.  changes=0x00000010
10-11 21:54:16.373: I/Finsky(6371): [1] com.google.android.finsky.utils.PermissionPolicies$PermissionPolicyService.onStartCommand(117): post-install permissions check for com.google.android.apps.mtaas.loginutil
10-11 21:54:16.374: W/Finsky(6371): [1] com.google.android.finsky.FinskyApp.i(1556): No account configured on this device.
10-11 21:54:16.376: I/Finsky(6371): [1] com.google.android.finsky.utils.bn.run(1302): Package state data is missing for com.google.android.apps.mtaas.loginutil
10-11 21:54:16.377: D/WearableService(2090): onGetService - Wear is not available on this device.
10-11 21:54:16.378: W/Finsky(6371): [1] com.google.android.finsky.FinskyApp.i(1556): No account configured on this device.
10-11 21:54:16.378: E/Finsky(6371): [1] com.google.android.finsky.wear.bo.a(838): onConnectionFailed: ConnectionResult{statusCode=API_UNAVAILABLE, resolution=null, message=null}
10-11 21:54:16.379: I/Finsky(6371): [1] com.google.android.finsky.wear.WearSupportService.a(6396): Dropping command=send_installed_apps due to Gms not connected
10-11 21:54:16.379: I/art(6526): System.exit called, status: 0
10-11 21:54:16.379: I/AndroidRuntime(6526): VM exiting with result code 0.
10-11 21:54:16.404: I/FontsPackageChangeOp(2287): Package com.google.android.apps.mtaas.loginutil has no metadata
10-11 21:54:16.407: D/Wear_Controller(2287): Received broadcast action=android.intent.action.PACKAGE_ADDED and uri=com.google.android.apps.mtaas.loginutil
10-11 21:54:16.423: I/Icing(2287): IndexChimeraService.getServiceInterface callingPackage=com.google.android.gms componentName=AppsCorpus serviceId=32
10-11 21:54:16.423: I/Icing(2287): IndexChimeraService.getServiceInterface callingPackage=com.google.android.gms componentName=AppsCorpus serviceId=36
10-11 21:54:16.430: W/Searchables(1698): No global search activity found
10-11 21:54:16.433: I/Icing(2287): Usage reports 0 indexed 0 rejected 0 imm upload false
10-11 21:54:16.439: I/Icing(2287): Usage reports 0 indexed 0 rejected 0 imm upload false
10-11 21:54:16.880: I/Icing(2287): Indexing 241B09F6E3C69FD9792618117EAD9E8F2E42DB55 from com.google.android.gms
10-11 21:54:16.897: I/Icing(2287): Indexing done 241B09F6E3C69FD9792618117EAD9E8F2E42DB55
10-11 21:54:17.075: D/AndroidRuntime(6571): >>>>>> START com.android.internal.os.RuntimeInit uid 0 <<<<<<
10-11 21:54:17.076: D/AndroidRuntime(6571): CheckJNI is OFF
10-11 21:54:17.110: D/ICU(6571): No timezone override file found: /data/misc/zoneinfo/current/icu/icu_tzdata.dat
10-11 21:54:17.110: D/ICU(6571): [ 10-11 21:54:17.115  6571: 6571 W/         ]
10-11 21:54:17.110: D/ICU(6571): Failed to bind-mount /system/lib/x86/cpuinfo as /proc/cpuinfo: No such file or directory
10-11 21:54:17.131: E/memtrack(6571): Couldn't load memtrack module (No such file or directory)
10-11 21:54:17.132: E/android.os.Debug(6571): failed to load memtrack module: -2
10-11 21:54:17.132: I/Radio-JNI(6571): register_android_hardware_Radio DONE
10-11 21:54:17.138: D/AndroidRuntime(6571): Calling main entry com.android.commands.pm.Pm
10-11 21:54:17.138: D/AndroidRuntime(6571): [ 10-11 21:54:17.142  1407: 1407 I/         ]
10-11 21:54:17.138: D/AndroidRuntime(6571): free_cache(641334) avail 3894722560
10-11 21:54:17.153: I/Remoter(1394): Saved screenshot to '/data/screenshots/__pmv__-0067.jpg'
10-11 21:54:17.161: I/Finsky(6371): [1] com.google.android.vending.verifier.PackageVerificationReceiver.onReceive(2107): Skipping verification. Disabled by user setting
10-11 21:54:17.164: I/PackageManager.DexOptimizer(1698): Running dexopt (dex2oat) on: /data/app/vmdl625417997.tmp/base.apk pkg=com.google.android.apps.mtaas.backdrop isa=x86 vmSafeMode=false debuggable=false target-filter=interpret-only oatDir = /data/app/vmdl625417997.tmp/oat sharedLibraries=null
10-11 21:54:17.173: W/dex2oat(6582): Mismatch between dex2oat instruction set features (ISA: X86 Feature string: smp,ssse3,sse4.1,sse4.2,-avx,-avx2,lock_add,popcnt) and those of dex2oat executable (ISA: X86 Feature string: smp,ssse3,sse4.1,sse4.2,-avx,-avx2,-lock_add,popcnt) for the command line:
10-11 21:54:17.173: W/dex2oat(6582): /system/bin/dex2oat --zip-fd=6 --zip-location=base.apk --oat-fd=7 --oat-location=/data/app/vmdl625417997.tmp/oat/x86/base.odex --instruction-set=x86 --instruction-set-variant=silvermont --instruction-set-features=default --runtime-arg -Xms64m --runtime-arg -Xmx512m --compiler-filter=interpret-only --swap-fd=8
10-11 21:54:17.173: I/dex2oat(6582): /system/bin/dex2oat --compiler-filter=interpret-only
10-11 21:54:17.173: E/cutils-trace(6582): Error opening trace file: Permission denied (13)
10-11 21:54:17.310: I/dex2oat(6582): dex2oat took 136.932ms (threads: 2) arena alloc=1592B (1592B) java alloc=765KB (783808B) native alloc=2MB (2139632B) free=2006KB (2054672B)
10-11 21:54:17.337: D/installd(1407): Detected label change from u:object_r:system_data_file:s0 to u:object_r:app_data_file:s0:c512,c768 at /data/data/com.google.android.apps.mtaas.backdrop; running recursive restorecon
10-11 21:54:17.338: D/installd(1407): Detected label change from u:object_r:system_data_file:s0 to u:object_r:app_data_file:s0:c512,c768 at /data/user_de/0/com.google.android.apps.mtaas.backdrop; running recursive restorecon
10-11 21:54:17.338: V/BackupManagerService(1698): restoreAtInstall pkg=com.google.android.apps.mtaas.backdrop token=3 restoreSet=0
10-11 21:54:17.338: V/BackupManagerService(1698): Finishing install immediately
10-11 21:54:17.339: I/art(1698): Starting a blocking GC Explicit
10-11 21:54:17.366: I/art(1698): Explicit concurrent mark sweep GC freed 58789(3MB) AllocSpace objects, 13(308KB) LOS objects, 33% free, 10MB/15MB, paused 278us total 26.171ms
10-11 21:54:17.366: I/art(1698): [ 10-11 21:54:17.366  1407: 1407 E/         ]
10-11 21:54:17.366: I/art(1698): Couldn't opendir /data/app/vmdl625417997.tmp: No such file or directory
10-11 21:54:17.367: D/PackageInstaller(1698): Ignoring abandon after commit relinquished control
10-11 21:54:17.369: D/BluetoothMapAppObserver(1767): onReceive
10-11 21:54:17.369: D/BluetoothMapAppObserver(1767): The installed package is: com.google.android.apps.mtaas.backdrop
10-11 21:54:17.371: I/art(6571): System.exit called, status: 0
10-11 21:54:17.371: I/AndroidRuntime(6571): VM exiting with result code 0.
10-11 21:54:17.371: D/BluetoothMapAppObserver(1767): Found 0 application(s) with intent android.bluetooth.action.BLUETOOTH_MAP_PROVIDER
10-11 21:54:17.371: D/BluetoothMapAppObserver(1767): Found 0 application(s) with intent android.bluetooth.action.BLUETOOTH_MAP_IM_PROVIDER
10-11 21:54:17.372: D/CarrierSvcBindHelper(1872): No carrier app for: 0
10-11 21:54:17.372: D/CarrierConfigLoader(1872): mHandler: 9 phoneId: 0
10-11 21:54:17.373: I/InputReader(1698): Reconfiguring input devices.  changes=0x00000010
10-11 21:54:17.393: I/Finsky(6371): [1] com.google.android.finsky.utils.PermissionPolicies$PermissionPolicyService.onStartCommand(117): post-install permissions check for com.google.android.apps.mtaas.backdrop
10-11 21:54:17.394: W/Finsky(6371): [1] com.google.android.finsky.FinskyApp.i(1556): No account configured on this device.
10-11 21:54:17.395: I/Finsky(6371): [1] com.google.android.finsky.utils.bn.run(1302): Package state data is missing for com.google.android.apps.mtaas.backdrop
10-11 21:54:17.396: W/Finsky(6371): [1] com.google.android.finsky.FinskyApp.i(1556): No account configured on this device.
10-11 21:54:17.398: D/WearableService(2090): onGetService - Wear is not available on this device.
10-11 21:54:17.399: E/Finsky(6371): [1] com.google.android.finsky.wear.bo.a(838): onConnectionFailed: ConnectionResult{statusCode=API_UNAVAILABLE, resolution=null, message=null}
10-11 21:54:17.399: I/Finsky(6371): [1] com.google.android.finsky.wear.WearSupportService.a(6396): Dropping command=send_installed_apps due to Gms not connected
10-11 21:54:17.422: I/FontsPackageChangeOp(2287): Package com.google.android.apps.mtaas.backdrop has no metadata
10-11 21:54:17.424: D/Wear_Controller(2287): Received broadcast action=android.intent.action.PACKAGE_ADDED and uri=com.google.android.apps.mtaas.backdrop
10-11 21:54:17.435: I/Icing(2287): IndexChimeraService.getServiceInterface callingPackage=com.google.android.gms componentName=AppsCorpus serviceId=36
10-11 21:54:17.437: I/Icing(2287): IndexChimeraService.getServiceInterface callingPackage=com.google.android.gms componentName=AppsCorpus serviceId=32
10-11 21:54:17.450: I/Icing(2287): Usage reports 0 indexed 0 rejected 0 imm upload false
10-11 21:54:17.455: I/Icing(2287): Usage reports 0 indexed 0 rejected 0 imm upload false
10-11 21:54:17.456: W/Searchables(1698): No global search activity found
10-11 21:54:17.456: I/Icing(2287): Indexing 241B09F6E3C69FD9792618117EAD9E8F2E42DB55 from com.google.android.gms
10-11 21:54:17.469: I/Icing(2287): Indexing done 241B09F6E3C69FD9792618117EAD9E8F2E42DB55
10-11 21:54:18.061: D/AndroidRuntime(6614): >>>>>> START com.android.internal.os.RuntimeInit uid 0 <<<<<<
10-11 21:54:18.063: D/AndroidRuntime(6614): CheckJNI is OFF
10-11 21:54:18.090: D/ICU(6614): No timezone override file found: /data/misc/zoneinfo/current/icu/icu_tzdata.dat
10-11 21:54:18.090: D/ICU(6614): [ 10-11 21:54:18.094  6614: 6614 W/         ]
10-11 21:54:18.090: D/ICU(6614): Failed to bind-mount /system/lib/x86/cpuinfo as /proc/cpuinfo: No such file or directory
10-11 21:54:18.098: E/memtrack(6614): Couldn't load memtrack module (No such file or directory)
10-11 21:54:18.098: E/android.os.Debug(6614): failed to load memtrack module: -2
10-11 21:54:18.099: I/Radio-JNI(6614): register_android_hardware_Radio DONE
10-11 21:54:18.103: D/AndroidRuntime(6614): Calling main entry com.android.commands.pm.Pm
10-11 21:54:18.103: D/AndroidRuntime(6614): [ 10-11 21:54:18.107  1407: 1407 I/         ]
10-11 21:54:18.103: D/AndroidRuntime(6614): free_cache(806642) avail 3891605504
10-11 21:54:18.125: I/Finsky(6371): [1] com.google.android.vending.verifier.PackageVerificationReceiver.onReceive(2107): Skipping verification. Disabled by user setting
10-11 21:54:18.126: I/PackageParser(1698): com.google.android.apps.auth.test.support: compat added android.permission.WRITE_EXTERNAL_STORAGE android.permission.READ_PHONE_STATE
10-11 21:54:18.127: I/PackageManager.DexOptimizer(1698): Running dexopt (dex2oat) on: /data/app/vmdl2086985286.tmp/base.apk pkg=com.google.android.apps.auth.test.support isa=x86 vmSafeMode=false debuggable=false target-filter=interpret-only oatDir = /data/app/vmdl2086985286.tmp/oat sharedLibraries=null
10-11 21:54:18.138: W/dex2oat(6625): Mismatch between dex2oat instruction set features (ISA: X86 Feature string: smp,ssse3,sse4.1,sse4.2,-avx,-avx2,lock_add,popcnt) and those of dex2oat executable (ISA: X86 Feature string: smp,ssse3,sse4.1,sse4.2,-avx,-avx2,-lock_add,popcnt) for the command line:
10-11 21:54:18.138: W/dex2oat(6625): /system/bin/dex2oat --zip-fd=6 --zip-location=base.apk --oat-fd=7 --oat-location=/data/app/vmdl2086985286.tmp/oat/x86/base.odex --instruction-set=x86 --instruction-set-variant=silvermont --instruction-set-features=default --runtime-arg -Xms64m --runtime-arg -Xmx512m --compiler-filter=interpret-only --swap-fd=8
10-11 21:54:18.139: I/dex2oat(6625): /system/bin/dex2oat --compiler-filter=interpret-only
10-11 21:54:18.139: E/cutils-trace(6625): Error opening trace file: Permission denied (13)
10-11 21:54:18.209: I/Remoter(1394): Saved screenshot to '/data/screenshots/__pmv__-0068.jpg'
10-11 21:54:18.218: I/dex2oat(6625): dex2oat took 79.955ms (threads: 2) arena alloc=7KB (8008B) java alloc=328KB (336880B) native alloc=959KB (982904B) free=1600KB (1638536B)
10-11 21:54:18.234: W/PackageManager(1698): Unknown permission android.permission.MANAGE_ACCOUNT in package com.google.android.apps.auth.test.support
10-11 21:54:18.234: W/PackageManager(1698): Not granting permission com.google.android.providers.gsf.permission.WRITE_GSERVICES to package com.google.android.apps.auth.test.support (protectionLevel=18 flags=0x18008444)
10-11 21:54:18.246: D/installd(1407): Detected label change from u:object_r:system_data_file:s0 to u:object_r:app_data_file:s0:c512,c768 at /data/data/com.google.android.apps.auth.test.support; running recursive restorecon
10-11 21:54:18.246: D/installd(1407): Detected label change from u:object_r:system_data_file:s0 to u:object_r:app_data_file:s0:c512,c768 at /data/user_de/0/com.google.android.apps.auth.test.support; running recursive restorecon
10-11 21:54:18.247: V/BackupManagerService(1698): restoreAtInstall pkg=com.google.android.apps.auth.test.support token=4 restoreSet=0
10-11 21:54:18.247: V/BackupManagerService(1698): Finishing install immediately
10-11 21:54:18.248: I/art(1698): Starting a blocking GC Explicit
10-11 21:54:18.272: I/art(1698): Explicit concurrent mark sweep GC freed 58555(3MB) AllocSpace objects, 13(308KB) LOS objects, 33% free, 10MB/15MB, paused 226us total 23.092ms
10-11 21:54:18.272: I/art(1698): [ 10-11 21:54:18.272  1407: 1407 E/         ]
10-11 21:54:18.272: I/art(1698): Couldn't opendir /data/app/vmdl2086985286.tmp: No such file or directory
10-11 21:54:18.275: I/InputReader(1698): Reconfiguring input devices.  changes=0x00000010
10-11 21:54:18.276: D/BluetoothMapAppObserver(1767): onReceive
10-11 21:54:18.276: D/BluetoothMapAppObserver(1767): The installed package is: com.google.android.apps.auth.test.support
10-11 21:54:18.277: D/BluetoothMapAppObserver(1767): Found 0 application(s) with intent android.bluetooth.action.BLUETOOTH_MAP_PROVIDER
10-11 21:54:18.277: D/BluetoothMapAppObserver(1767): Found 0 application(s) with intent android.bluetooth.action.BLUETOOTH_MAP_IM_PROVIDER
10-11 21:54:18.277: D/CarrierSvcBindHelper(1872): No carrier app for: 0
10-11 21:54:18.279: D/CarrierConfigLoader(1872): mHandler: 9 phoneId: 0
10-11 21:54:18.283: I/art(6614): System.exit called, status: 0
10-11 21:54:18.283: I/AndroidRuntime(6614): VM exiting with result code 0.
10-11 21:54:18.289: I/Finsky(6371): [1] com.google.android.finsky.utils.PermissionPolicies$PermissionPolicyService.onStartCommand(117): post-install permissions check for com.google.android.apps.auth.test.support
10-11 21:54:18.290: W/Finsky(6371): [1] com.google.android.finsky.FinskyApp.i(1556): No account configured on this device.
10-11 21:54:18.291: I/Finsky(6371): [1] com.google.android.finsky.utils.bn.run(1302): Package state data is missing for com.google.android.apps.auth.test.support
10-11 21:54:18.292: D/WearableService(2090): onGetService - Wear is not available on this device.
10-11 21:54:18.293: W/Finsky(6371): [1] com.google.android.finsky.FinskyApp.i(1556): No account configured on this device.
10-11 21:54:18.293: E/Finsky(6371): [1] com.google.android.finsky.wear.bo.a(838): onConnectionFailed: ConnectionResult{statusCode=API_UNAVAILABLE, resolution=null, message=null}
10-11 21:54:18.293: I/Finsky(6371): [1] com.google.android.finsky.wear.WearSupportService.a(6396): Dropping command=send_installed_apps due to Gms not connected
10-11 21:54:18.320: D/Wear_Controller(2287): Received broadcast action=android.intent.action.PACKAGE_ADDED and uri=com.google.android.apps.auth.test.support
10-11 21:54:18.325: I/Icing(2287): IndexChimeraService.getServiceInterface callingPackage=com.google.android.gms componentName=AppsCorpus serviceId=32
10-11 21:54:18.327: I/Icing(2287): IndexChimeraService.getServiceInterface callingPackage=com.google.android.gms componentName=AppsCorpus serviceId=36
10-11 21:54:18.335: I/Icing(2287): Usage reports 0 indexed 0 rejected 0 imm upload false
10-11 21:54:18.344: W/Searchables(1698): No global search activity found
10-11 21:54:18.346: I/Icing(2287): Usage reports 0 indexed 0 rejected 0 imm upload false
10-11 21:54:18.458: I/Icing(2287): Indexing 241B09F6E3C69FD9792618117EAD9E8F2E42DB55 from com.google.android.gms
10-11 21:54:18.459: I/Icing(2287): Indexing done 241B09F6E3C69FD9792618117EAD9E8F2E42DB55
10-11 21:54:19.013: D/AndroidRuntime(6655): >>>>>> START com.android.internal.os.RuntimeInit uid 0 <<<<<<
10-11 21:54:19.014: D/AndroidRuntime(6655): CheckJNI is OFF
10-11 21:54:19.041: D/ICU(6655): No timezone override file found: /data/misc/zoneinfo/current/icu/icu_tzdata.dat
10-11 21:54:19.041: D/ICU(6655): [ 10-11 21:54:19.045  6655: 6655 W/         ]
10-11 21:54:19.041: D/ICU(6655): Failed to bind-mount /system/lib/x86/cpuinfo as /proc/cpuinfo: No such file or directory
10-11 21:54:19.050: E/memtrack(6655): Couldn't load memtrack module (No such file or directory)
10-11 21:54:19.050: E/android.os.Debug(6655): failed to load memtrack module: -2
10-11 21:54:19.050: I/Radio-JNI(6655): register_android_hardware_Radio DONE
10-11 21:54:19.055: D/AndroidRuntime(6655): Calling main entry com.android.commands.pm.Pm
10-11 21:54:19.055: D/AndroidRuntime(6655): [ 10-11 21:54:19.059  1407: 1407 I/         ]
10-11 21:54:19.055: D/AndroidRuntime(6655): free_cache(670846) avail 3889459200
10-11 21:54:19.076: I/Finsky(6371): [1] com.google.android.vending.verifier.PackageVerificationReceiver.onReceive(2107): Skipping verification. Disabled by user setting
10-11 21:54:19.079: I/PackageManager.DexOptimizer(1698): Running dexopt (dex2oat) on: /data/app/vmdl120263655.tmp/base.apk pkg=com.google.android.apps.mtaas.testloop isa=x86 vmSafeMode=false debuggable=false target-filter=interpret-only oatDir = /data/app/vmdl120263655.tmp/oat sharedLibraries=null
10-11 21:54:19.088: W/dex2oat(6666): Mismatch between dex2oat instruction set features (ISA: X86 Feature string: smp,ssse3,sse4.1,sse4.2,-avx,-avx2,lock_add,popcnt) and those of dex2oat executable (ISA: X86 Feature string: smp,ssse3,sse4.1,sse4.2,-avx,-avx2,-lock_add,popcnt) for the command line:
10-11 21:54:19.088: W/dex2oat(6666): /system/bin/dex2oat --zip-fd=6 --zip-location=base.apk --oat-fd=7 --oat-location=/data/app/vmdl120263655.tmp/oat/x86/base.odex --instruction-set=x86 --instruction-set-variant=silvermont --instruction-set-features=default --runtime-arg -Xms64m --runtime-arg -Xmx512m --compiler-filter=interpret-only --swap-fd=8
10-11 21:54:19.088: I/dex2oat(6666): /system/bin/dex2oat --compiler-filter=interpret-only
10-11 21:54:19.088: E/cutils-trace(6666): Error opening trace file: Permission denied (13)
10-11 21:54:19.262: I/dex2oat(6666): dex2oat took 174.579ms (threads: 2) arena alloc=1592B (1592B) java alloc=866KB (887744B) native alloc=2MB (2392688B) free=1759KB (1801616B)
10-11 21:54:19.264: I/Remoter(1394): Saved screenshot to '/data/screenshots/__pmv__-0069.jpg'
10-11 21:54:19.290: D/installd(1407): Detected label change from u:object_r:system_data_file:s0 to u:object_r:app_data_file:s0:c512,c768 at /data/data/com.google.android.apps.mtaas.testloop; running recursive restorecon
10-11 21:54:19.290: D/installd(1407): Detected label change from u:object_r:system_data_file:s0 to u:object_r:app_data_file:s0:c512,c768 at /data/user_de/0/com.google.android.apps.mtaas.testloop; running recursive restorecon
10-11 21:54:19.291: V/BackupManagerService(1698): restoreAtInstall pkg=com.google.android.apps.mtaas.testloop token=5 restoreSet=0
10-11 21:54:19.291: V/BackupManagerService(1698): Finishing install immediately
10-11 21:54:19.293: I/GnssLocationProvider(1698): WakeLock acquired by sendMessage(3, 0, com.android.server.location.GnssLocationProvider$GpsRequest@981bfba)
10-11 21:54:19.293: I/GnssLocationProvider(1698): WakeLock released by handleMessage(3, 0, com.android.server.location.GnssLocationProvider$GpsRequest@981bfba)
10-11 21:54:19.293: D/VoldConnector(1698): SND -> {8 volume remount_uid 10086 read}
10-11 21:54:19.294: D/vold(1329): Remounting 10086 as mode read
10-11 21:54:19.295: D/VoldConnector(1698): RCV <- {200 8 Command succeeded}
10-11 21:54:19.296: I/GnssLocationProvider(1698): WakeLock acquired by sendMessage(3, 0, com.android.server.location.GnssLocationProvider$GpsRequest@8857e6b)
10-11 21:54:19.296: I/GnssLocationProvider(1698): WakeLock released by handleMessage(3, 0, com.android.server.location.GnssLocationProvider$GpsRequest@8857e6b)
10-11 21:54:19.297: D/VoldConnector(1698): SND -> {9 volume remount_uid 10086 write}
10-11 21:54:19.297: D/vold(1329): Remounting 10086 as mode write
10-11 21:54:19.298: D/VoldConnector(1698): RCV <- {200 9 Command succeeded}
10-11 21:54:19.301: I/art(1698): Starting a blocking GC Explicit
10-11 21:54:19.326: I/art(1698): Explicit concurrent mark sweep GC freed 60262(3MB) AllocSpace objects, 14(328KB) LOS objects, 33% free, 10MB/16MB, paused 375us total 24.936ms
10-11 21:54:19.326: I/art(1698): [ 10-11 21:54:19.329  1407: 1407 E/         ]
10-11 21:54:19.326: I/art(1698): Couldn't opendir /data/app/vmdl120263655.tmp: No such file or directory
10-11 21:54:19.332: I/art(6655): System.exit called, status: 0
10-11 21:54:19.332: I/AndroidRuntime(6655): VM exiting with result code 0.
10-11 21:54:19.336: D/BluetoothMapAppObserver(1767): onReceive
10-11 21:54:19.336: D/BluetoothMapAppObserver(1767): The installed package is: com.google.android.apps.mtaas.testloop
10-11 21:54:19.338: I/InputReader(1698): Reconfiguring input devices.  changes=0x00000010
10-11 21:54:19.338: D/BluetoothMapAppObserver(1767): Found 0 application(s) with intent android.bluetooth.action.BLUETOOTH_MAP_PROVIDER
10-11 21:54:19.338: D/BluetoothMapAppObserver(1767): Found 0 application(s) with intent android.bluetooth.action.BLUETOOTH_MAP_IM_PROVIDER
10-11 21:54:19.339: D/CarrierSvcBindHelper(1872): No carrier app for: 0
10-11 21:54:19.339: D/CarrierConfigLoader(1872): mHandler: 9 phoneId: 0
10-11 21:54:19.347: I/Finsky(6371): [1] com.google.android.finsky.utils.PermissionPolicies$PermissionPolicyService.onStartCommand(117): post-install permissions check for com.google.android.apps.mtaas.testloop
10-11 21:54:19.348: W/Finsky(6371): [1] com.google.android.finsky.FinskyApp.i(1556): No account configured on this device.
10-11 21:54:19.348: I/Icing(2287): Indexing 241B09F6E3C69FD9792618117EAD9E8F2E42DB55 from com.google.android.gms
10-11 21:54:19.348: I/Finsky(6371): [1] com.google.android.finsky.utils.bn.run(1302): Package state data is missing for com.google.android.apps.mtaas.testloop
10-11 21:54:19.349: W/Finsky(6371): [1] com.google.android.finsky.FinskyApp.i(1556): No account configured on this device.
10-11 21:54:19.349: I/Icing(2287): Indexing done 241B09F6E3C69FD9792618117EAD9E8F2E42DB55
10-11 21:54:19.350: D/WearableService(2090): onGetService - Wear is not available on this device.
10-11 21:54:19.351: E/Finsky(6371): [1] com.google.android.finsky.wear.bo.a(838): onConnectionFailed: ConnectionResult{statusCode=API_UNAVAILABLE, resolution=null, message=null}
10-11 21:54:19.351: I/Finsky(6371): [1] com.google.android.finsky.wear.WearSupportService.a(6396): Dropping command=send_installed_apps due to Gms not connected
10-11 21:54:19.371: I/FontsPackageChangeOp(2287): Package com.google.android.apps.mtaas.testloop has no metadata
10-11 21:54:19.374: D/Wear_Controller(2287): Received broadcast action=android.intent.action.PACKAGE_ADDED and uri=com.google.android.apps.mtaas.testloop
10-11 21:54:19.383: I/Icing(2287): IndexChimeraService.getServiceInterface callingPackage=com.google.android.gms componentName=AppsCorpus serviceId=32
10-11 21:54:19.384: I/Icing(2287): IndexChimeraService.getServiceInterface callingPackage=com.google.android.gms componentName=AppsCorpus serviceId=36
10-11 21:54:19.391: I/Icing(2287): Usage reports 0 indexed 0 rejected 0 imm upload false
10-11 21:54:19.407: I/Icing(2287): Usage reports 0 indexed 0 rejected 0 imm upload false
10-11 21:54:19.414: W/Searchables(1698): No global search activity found
10-11 21:54:19.722: I/GceRil(1414): Received request 19
10-11 21:54:19.722: I/GceRil(1414): Reporting signal strength: GW=12 CDMA=-109 EVDO=-140 LTE=28
10-11 21:54:19.954: D/AndroidRuntime(6696): >>>>>> START com.android.internal.os.RuntimeInit uid 0 <<<<<<
10-11 21:54:19.955: D/AndroidRuntime(6696): CheckJNI is OFF
10-11 21:54:19.982: D/ICU(6696): No timezone override file found: /data/misc/zoneinfo/current/icu/icu_tzdata.dat
10-11 21:54:19.982: D/ICU(6696): [ 10-11 21:54:19.986  6696: 6696 W/         ]
10-11 21:54:19.982: D/ICU(6696): Failed to bind-mount /system/lib/x86/cpuinfo as /proc/cpuinfo: No such file or directory
