10-11 21:54:39.989: W/Search.LoginHelper(7051): 	at com.google.android.apps.gsa.shared.util.c.a.ak.run(SourceFile:3)
10-11 21:54:39.989: I/EventLoggerStores(7051): recordEvent APP_EVENT_TOKEN_FETCHED ClientEvent[]
10-11 21:54:39.999: V/FingerprintManager(7185): FingerprintManagerService was null
10-11 21:54:39.999: W/FingerprintManager(7185): isFingerprintHardwareDetected(): Service not connected!
10-11 21:54:40.027: D/ApplicationLoaders(7474): ignored Vulkan layer search path /data/app/com.google.android.gms-2/lib/x86:/system/fake-libs:/data/app/com.google.android.gms-2/base.apk!/lib/x86 for namespace 0xa9b47090
10-11 21:54:40.044: V/NativeCrypto(7474): Registering com/google/android/gms/org/conscrypt/NativeCrypto's 259 native methods...
10-11 21:54:40.054: D/NetworkSecurityConfig(7474): No Network Security Config specified, using platform default
10-11 21:54:40.055: I/ProviderInstaller(7474): Installed default security provider GmsCore_OpenSSL
10-11 21:54:40.071: W/Auth(7171): [GetToken] GetToken failed with status code: INVALID_SCOPE
10-11 21:54:40.072: E/NetworkOrchService(7185): Could not get auth token
10-11 21:54:40.072: E/NetworkOrchService(7185): dzf: INVALID_SCOPE
10-11 21:54:40.072: E/NetworkOrchService(7185): 	at dzj.a(:com.google.android.gms@11519470:16)
10-11 21:54:40.072: E/NetworkOrchService(7185): 	at dzi.a(:com.google.android.gms@11519470:2)
10-11 21:54:40.072: E/NetworkOrchService(7185): 	at dzi.e(:com.google.android.gms@11519470:6)
10-11 21:54:40.072: E/NetworkOrchService(7185): 	at dzi.d(:com.google.android.gms@11519470:1)
10-11 21:54:40.072: E/NetworkOrchService(7185): 	at dzi.b(:com.google.android.gms@11519470:1)
10-11 21:54:40.072: E/NetworkOrchService(7185): 	at dzg.b(:com.google.android.gms@11519470:3)
10-11 21:54:40.072: E/NetworkOrchService(7185): 	at aivd.a(:com.google.android.gms@11519470:4)
10-11 21:54:40.072: E/NetworkOrchService(7185): 	at ajak.a(:com.google.android.gms@11519470:260)
10-11 21:54:40.072: E/NetworkOrchService(7185): 	at com.google.android.gms.wallet.intentoperation.setupwizard.PaymentsSetupWizardAccountChangeIntentOperation.onHandleIntent(:com.google.android.gms@11519470:36)
10-11 21:54:40.072: E/NetworkOrchService(7185): 	at com.google.android.chimera.IntentOperation.onHandleIntent(:com.google.android.gms@11519470:2)
10-11 21:54:40.072: E/NetworkOrchService(7185): 	at bwh.run(:com.google.android.gms@11519470:10)
10-11 21:54:40.072: E/NetworkOrchService(7185): 	at bwe.run(:com.google.android.gms@11519470:14)
10-11 21:54:40.072: E/NetworkOrchService(7185): 	at java.util.concurrent.ThreadPoolExecutor.runWorker(ThreadPoolExecutor.java:1133)
10-11 21:54:40.072: E/NetworkOrchService(7185): 	at java.util.concurrent.ThreadPoolExecutor$Worker.run(ThreadPoolExecutor.java:607)
10-11 21:54:40.072: E/NetworkOrchService(7185): 	at java.lang.Thread.run(Thread.java:761)
10-11 21:54:40.073: I/PmtsSwAccountIntentOp(7185): serverResponse with type=5
10-11 21:54:40.083: W/ConfigurationChimeraProvider(7171): Got null configs for com.google.android.gms.nearby
10-11 21:54:40.087: I/Babel(7474): connection state changed from UNKNOWN to CONNECTED
10-11 21:54:40.089: I/ActivityManager(1698): Killing 6356:com.android.defcontainer/u0a8 (adj 906): empty #17
10-11 21:54:40.125: I/GamesDatabaseHelper(7185): Bootstrapping database version: 2006
10-11 21:54:40.141: D/ActivityManager(1698): cleanUpApplicationRecord -- 6356
10-11 21:54:40.220: W/InstanceID/Rpc(7185): Found 10014
10-11 21:54:40.241: V/AccountUtils(7185): 0 accounts found with uca feature
10-11 21:54:40.241: I/GamesSyncAdapter(7185): Starting sync for 2e50bb3
10-11 21:54:40.242: V/AccountUtils(7185): 0 accounts found with uca feature
10-11 21:54:40.242: I/GamesSyncAdapter(7185): Starting sync for 2e50bb3
10-11 21:54:40.243: I/GamesSyncAdapter(7185): Sync duration for 2e50bb3: 1
10-11 21:54:40.249: E/PopupManager(7185): No content view usable to display popups. Popups will not be displayed in response to this client's calls. Use setViewForPopups() to set your content view.
10-11 21:54:40.265: W/GamesServiceBroker(7185): Client connected with SDK 8487000, Services 11519470, and Games 37240876
10-11 21:54:40.319: W/art(7185): Suspending all threads took: 16.322ms
10-11 21:54:40.324: I/art(7185): Background sticky concurrent mark sweep GC freed 21495(2MB) AllocSpace objects, 9(180KB) LOS objects, 24% free, 5MB/7MB, paused 17.506ms total 61.544ms
10-11 21:54:40.346: W/art(7474): Suspending all threads took: 90.172ms
10-11 21:54:40.486: I/Auth(7171): [BroadcastManager] Broadcasting account services changed.
10-11 21:54:40.495: W/art(7474): Suspending all threads took: 132.562ms
10-11 21:54:40.502: W/System.err(7185): java.lang.Exception: Error converting session
10-11 21:54:40.502: W/System.err(7185): 	at com.android.org.conscrypt.AbstractSessionContext.log(AbstractSessionContext.java:314)
10-11 21:54:40.502: W/System.err(7185): 	at com.android.org.conscrypt.AbstractSessionContext.toSession(AbstractSessionContext.java:250)
10-11 21:54:40.502: W/System.err(7185): 	at com.android.org.conscrypt.ClientSessionContext.getSession(ClientSessionContext.java:86)
10-11 21:54:40.502: W/System.err(7185): 	at com.android.org.conscrypt.SSLParametersImpl.getCachedClientSession(SSLParametersImpl.java:783)
10-11 21:54:40.502: W/System.err(7185): 	at com.android.org.conscrypt.SSLParametersImpl.getSessionToReuse(SSLParametersImpl.java:430)
10-11 21:54:40.502: W/System.err(7185): 	at com.android.org.conscrypt.OpenSSLSocketImpl.startHandshake(OpenSSLSocketImpl.java:334)
10-11 21:54:40.502: W/System.err(7185): 	at android.net.SSLCertificateSocketFactory.verifyHostname(SSLCertificateSocketFactory.java:198)
10-11 21:54:40.502: W/System.err(7185): 	at android.net.SSLCertificateSocketFactory.createSocket(SSLCertificateSocketFactory.java:443)
10-11 21:54:40.502: W/System.err(7185): 	at com.android.okhttp.Connection.connectTls(Connection.java:224)
10-11 21:54:40.502: W/System.err(7185): 	at com.android.okhttp.Connection.connectSocket(Connection.java:199)
10-11 21:54:40.502: W/System.err(7185): 	at com.android.okhttp.Connection.connect(Connection.java:172)
10-11 21:54:40.502: W/System.err(7185): 	at com.android.okhttp.Connection.connectAndSetOwner(Connection.java:367)
10-11 21:54:40.502: W/System.err(7185): 	at com.android.okhttp.OkHttpClient$1.connectAndSetOwner(OkHttpClient.java:130)
10-11 21:54:40.502: W/System.err(7185): 	at com.android.okhttp.internal.http.HttpEngine.connect(HttpEngine.java:329)
10-11 21:54:40.502: W/System.err(7185): 	at com.android.okhttp.internal.http.HttpEngine.sendRequest(HttpEngine.java:246)
10-11 21:54:40.502: W/System.err(7185): 	at com.android.okhttp.internal.huc.HttpURLConnectionImpl.execute(HttpURLConnectionImpl.java:457)
10-11 21:54:40.502: W/System.err(7185): 	at com.android.okhttp.internal.huc.HttpURLConnectionImpl.connect(HttpURLConnectionImpl.java:126)
10-11 21:54:40.502: W/System.err(7185): 	at com.android.okhttp.internal.huc.DelegatingHttpsURLConnection.connect(DelegatingHttpsURLConnection.java:89)
10-11 21:54:40.502: W/System.err(7185): 	at com.android.okhttp.internal.huc.HttpsURLConnectionImpl.connect(HttpsURLConnectionImpl.java)
10-11 21:54:40.502: W/System.err(7185): 	at tqc.a(:com.google.android.gms@11519470:50)
10-11 21:54:40.502: W/System.err(7185): 	at tqc.a(:com.google.android.gms@11519470:76)
10-11 21:54:40.502: W/System.err(7185): 	at tqc.execute(:com.google.android.gms@11519470:8)
10-11 21:54:40.502: W/System.err(7185): 	at tqc.execute(:com.google.android.gms@11519470:7)
10-11 21:54:40.502: W/System.err(7185): 	at com.android.volley.toolbox.HttpClientStack.performRequest(:com.google.android.gms@11519470:16)
10-11 21:54:40.502: W/System.err(7185): 	at mgy.performRequest(:com.google.android.gms@11519470:1)
10-11 21:54:40.502: W/System.err(7185): 	at com.android.volley.toolbox.BasicNetwork.performRequest(:com.google.android.gms@11519470:7)
10-11 21:54:40.502: W/System.err(7185): 	at mgz.performRequest(:com.google.android.gms@11519470:4)
10-11 21:54:40.502: W/System.err(7185): 	at com.android.volley.NetworkDispatcher.run(:com.google.android.gms@11519470:12)
10-11 21:54:40.502: W/System.err(7185): Caused by: java.lang.AssertionError: Unexpected type ID: 3
10-11 21:54:40.502: W/System.err(7185): 	... 27 more
10-11 21:54:40.535: I/art(7185): Do partial code cache collection, code=30KB, data=30KB
10-11 21:54:40.535: I/art(7185): After code cache collection, code=30KB, data=30KB
10-11 21:54:40.535: I/art(7185): Increasing code cache capacity to 128KB
10-11 21:54:40.551: W/art(7474): Suspending all threads took: 17.508ms
10-11 21:54:40.665: I/ActivityManager(1698): Start proc 7826:com.google.android.play.games.ui/u0a71 for service com.google.android.play.games/com.google.android.gms.games.service.PlayGamesBridgeService
10-11 21:54:40.626: I/main(1403): type=1400 audit(0.0:101): avc: denied { getattr } for path="/sys/kernel/debug/tracing/trace_marker" dev="tracefs" ino=1049 scontext=u:r:zygote:s0 tcontext=u:object_r:debugfs_tracing:s0 tclass=file permissive=1
10-11 21:54:40.656: I/main(7826): type=1400 audit(0.0:102): avc: denied { write } for name="trace_marker" dev="tracefs" ino=1049 scontext=u:r:zygote:s0 tcontext=u:object_r:debugfs_tracing:s0 tclass=file permissive=1
10-11 21:54:40.721: W/System(7826): ClassLoader referenced unknown path: /system/app/PlayGames/lib/x86
10-11 21:54:40.724: I/Remoter(1394): Saved screenshot to '/data/screenshots/__pmv__-0086.jpg'
10-11 21:54:40.656: I/main(7826): type=1400 audit(0.0:103): avc: denied { open } for path="/sys/kernel/debug/tracing/trace_marker" dev="tracefs" ino=1049 scontext=u:r:zygote:s0 tcontext=u:object_r:debugfs_tracing:s0 tclass=file permissive=1
10-11 21:54:40.751: I/ActivityManager(1698): Killing 6418:com.android.musicfx/u0a23 (adj 906): empty #17
10-11 21:54:40.761: D/ActivityManager(1698): cleanUpApplicationRecord -- 6418
10-11 21:54:40.788: I/GamesSyncAdapter(7185): Sync duration for 2e50bb3: 547
10-11 21:54:40.789: E/PopupManager(7185): No content view usable to display popups. Popups will not be displayed in response to this client's calls. Use setViewForPopups() to set your content view.
10-11 21:54:40.791: W/GamesServiceBroker(7185): Client connected with SDK 8487000, Services 11519470, and Games 37240876
10-11 21:54:40.794: D/SyncManager(1698): handleSyncHandlerMessage: dropping since the sync is no longer active: startTime 75424096, mTimeoutStartTime 75424096, mHistoryRowId 0, syncOperation JobId: 109149, VS2WQVCOVYYT3Y3JQZUPAOQ2II-00@cloudtestlabaccounts.com u0 (com.google), com.google.android.gms.games.background, SERVER, reason: AutoSync
10-11 21:54:40.864: D/AndroidRuntime(7820): >>>>>> START com.android.internal.os.RuntimeInit uid 0 <<<<<<
10-11 21:54:40.865: D/AndroidRuntime(7820): CheckJNI is OFF
10-11 21:54:40.893: D/ICU(7820): No timezone override file found: /data/misc/zoneinfo/current/icu/icu_tzdata.dat
10-11 21:54:40.893: D/ICU(7820): [ 10-11 21:54:40.896  7820: 7820 W/         ]
10-11 21:54:40.893: D/ICU(7820): Failed to bind-mount /system/lib/x86/cpuinfo as /proc/cpuinfo: No such file or directory
10-11 21:54:40.907: E/memtrack(7820): Couldn't load memtrack module (No such file or directory)
10-11 21:54:40.907: E/android.os.Debug(7820): failed to load memtrack module: -2
10-11 21:54:40.908: I/Radio-JNI(7820): register_android_hardware_Radio DONE
10-11 21:54:40.914: D/AndroidRuntime(7820): Calling main entry com.android.commands.pm.Pm
10-11 21:54:40.918: I/art(7820): System.exit called, status: 0
10-11 21:54:40.918: I/AndroidRuntime(7820): VM exiting with result code 0.
10-11 21:54:40.962: W/Auth(7171): [GetToken] GetToken failed with status code: INVALID_SCOPE
10-11 21:54:40.964: E/HttpOperation(7474): [contacts/getselfinfo] Unexpected exception
10-11 21:54:40.964: E/HttpOperation(7474): java.io.IOException: Cannot obtain authentication token
10-11 21:54:40.964: E/HttpOperation(7474): 	at jvl.a(SourceFile:87)
10-11 21:54:40.964: E/HttpOperation(7474): 	at jup.o(SourceFile:543)
10-11 21:54:40.964: E/HttpOperation(7474): 	at juk.a(SourceFile:1402)
10-11 21:54:40.964: E/HttpOperation(7474): 	at jon.a(SourceFile:336)
10-11 21:54:40.964: E/HttpOperation(7474): 	at jon.call(SourceFile:333)
10-11 21:54:40.964: E/HttpOperation(7474): 	at java.util.concurrent.FutureTask.run(FutureTask.java:237)
10-11 21:54:40.964: E/HttpOperation(7474): 	at java.util.concurrent.ThreadPoolExecutor.runWorker(ThreadPoolExecutor.java:1133)
10-11 21:54:40.964: E/HttpOperation(7474): 	at java.util.concurrent.ThreadPoolExecutor$Worker.run(ThreadPoolExecutor.java:607)
10-11 21:54:40.964: E/HttpOperation(7474): 	at java.lang.Thread.run(Thread.java:761)
10-11 21:54:40.964: E/HttpOperation(7474): Caused by: android.accounts.AuthenticatorException: Cannot get Oauth2 token from GMS
10-11 21:54:40.964: E/HttpOperation(7474): 	at hyd.a(SourceFile:25)
10-11 21:54:40.964: E/HttpOperation(7474): 	at jvi.a(SourceFile:3070)
10-11 21:54:40.964: E/HttpOperation(7474): 	at jvi.a(SourceFile:1107)
10-11 21:54:40.964: E/HttpOperation(7474): 	at jvl.a(SourceFile:83)
10-11 21:54:40.964: E/HttpOperation(7474): 	... 8 more
10-11 21:54:40.964: E/HttpOperation(7474): Caused by: gdb: INVALID_SCOPE
10-11 21:54:40.964: E/HttpOperation(7474): 	at gde.b(Unknown Source)
10-11 21:54:40.964: E/HttpOperation(7474): 	at gde.a(Unknown Source)
10-11 21:54:40.964: E/HttpOperation(7474): 	at gdd.a(Unknown Source)
10-11 21:54:40.964: E/HttpOperation(7474): 	at gdd.b(Unknown Source)
10-11 21:54:40.964: E/HttpOperation(7474): 	at gdc.c(Unknown Source)
10-11 21:54:40.964: E/HttpOperation(7474): 	at gdc.a(Unknown Source)
10-11 21:54:40.964: E/HttpOperation(7474): 	at hyd.a(SourceFile:22)
10-11 21:54:40.964: E/HttpOperation(7474): 	... 11 more
10-11 21:54:40.964: W/Babel_GetSelfInfo(7474): Failed to get self info. ErrorCode: 0
10-11 21:54:40.964: W/Babel_GetSelfInfo(7474): java.io.IOException: Cannot obtain authentication token
10-11 21:54:40.964: W/Babel_GetSelfInfo(7474): 	at jvl.a(SourceFile:87)
10-11 21:54:40.964: W/Babel_GetSelfInfo(7474): 	at jup.o(SourceFile:543)
10-11 21:54:40.964: W/Babel_GetSelfInfo(7474): 	at juk.a(SourceFile:1402)
10-11 21:54:40.964: W/Babel_GetSelfInfo(7474): 	at jon.a(SourceFile:336)
10-11 21:54:40.964: W/Babel_GetSelfInfo(7474): 	at jon.call(SourceFile:333)
10-11 21:54:40.964: W/Babel_GetSelfInfo(7474): 	at java.util.concurrent.FutureTask.run(FutureTask.java:237)
10-11 21:54:40.964: W/Babel_GetSelfInfo(7474): 	at java.util.concurrent.ThreadPoolExecutor.runWorker(ThreadPoolExecutor.java:1133)
10-11 21:54:40.964: W/Babel_GetSelfInfo(7474): 	at java.util.concurrent.ThreadPoolExecutor$Worker.run(ThreadPoolExecutor.java:607)
10-11 21:54:40.964: W/Babel_GetSelfInfo(7474): 	at java.lang.Thread.run(Thread.java:761)
10-11 21:54:40.964: W/Babel_GetSelfInfo(7474): Caused by: android.accounts.AuthenticatorException: Cannot get Oauth2 token from GMS
10-11 21:54:40.964: W/Babel_GetSelfInfo(7474): 	at hyd.a(SourceFile:25)
10-11 21:54:40.964: W/Babel_GetSelfInfo(7474): 	at jvi.a(SourceFile:3070)
10-11 21:54:40.964: W/Babel_GetSelfInfo(7474): 	at jvi.a(SourceFile:1107)
10-11 21:54:40.964: W/Babel_GetSelfInfo(7474): 	at jvl.a(SourceFile:83)
10-11 21:54:40.964: W/Babel_GetSelfInfo(7474): 	... 8 more
10-11 21:54:40.964: W/Babel_GetSelfInfo(7474): Caused by: gdb: INVALID_SCOPE
10-11 21:54:40.964: W/Babel_GetSelfInfo(7474): 	at gde.b(Unknown Source)
10-11 21:54:40.964: W/Babel_GetSelfInfo(7474): 	at gde.a(Unknown Source)
10-11 21:54:40.964: W/Babel_GetSelfInfo(7474): 	at gdd.a(Unknown Source)
10-11 21:54:40.964: W/Babel_GetSelfInfo(7474): 	at gdd.b(Unknown Source)
10-11 21:54:40.964: W/Babel_GetSelfInfo(7474): 	at gdc.c(Unknown Source)
10-11 21:54:40.964: W/Babel_GetSelfInfo(7474): 	at gdc.a(Unknown Source)
10-11 21:54:40.964: W/Babel_GetSelfInfo(7474): 	at hyd.a(SourceFile:22)
10-11 21:54:40.964: W/Babel_GetSelfInfo(7474): 	... 11 more
10-11 21:54:40.964: E/LoginManager(7474): Account update failed
10-11 21:54:40.964: E/LoginManager(7474): java.io.IOException: Rpc failed
10-11 21:54:40.964: E/LoginManager(7474): 	at joj.a(SourceFile:583)
10-11 21:54:40.964: E/LoginManager(7474): 	at jon.a(SourceFile:2054)
10-11 21:54:40.964: E/LoginManager(7474): 	at jon.call(SourceFile:333)
10-11 21:54:40.964: E/LoginManager(7474): 	at java.util.concurrent.FutureTask.run(FutureTask.java:237)
10-11 21:54:40.964: E/LoginManager(7474): 	at java.util.concurrent.ThreadPoolExecutor.runWorker(ThreadPoolExecutor.java:1133)
10-11 21:54:40.964: E/LoginManager(7474): 	at java.util.concurrent.ThreadPoolExecutor$Worker.run(ThreadPoolExecutor.java:607)
10-11 21:54:40.964: E/LoginManager(7474): 	at java.lang.Thread.run(Thread.java:761)
10-11 21:54:40.964: E/LoginManager(7474): Caused by: java.io.IOException: Cannot obtain authentication token
10-11 21:54:40.964: E/LoginManager(7474): 	at jvl.a(SourceFile:87)
10-11 21:54:40.964: E/LoginManager(7474): 	at jup.o(SourceFile:543)
10-11 21:54:40.964: E/LoginManager(7474): 	at juk.a(SourceFile:1402)
10-11 21:54:40.964: E/LoginManager(7474): 	at jon.a(SourceFile:336)
10-11 21:54:40.964: E/LoginManager(7474): 	... 5 more
10-11 21:54:40.964: E/LoginManager(7474): Caused by: android.accounts.AuthenticatorException: Cannot get Oauth2 token from GMS
10-11 21:54:40.964: E/LoginManager(7474): 	at hyd.a(SourceFile:25)
10-11 21:54:40.964: E/LoginManager(7474): 	at jvi.a(SourceFile:3070)
10-11 21:54:40.964: E/LoginManager(7474): 	at jvi.a(SourceFile:1107)
10-11 21:54:40.964: E/LoginManager(7474): 	at jvl.a(SourceFile:83)
10-11 21:54:40.964: E/LoginManager(7474): 	... 8 more
10-11 21:54:40.964: E/LoginManager(7474): Caused by: gdb: INVALID_SCOPE
10-11 21:54:40.964: E/LoginManager(7474): 	at gde.b(Unknown Source)
10-11 21:54:40.964: E/LoginManager(7474): 	at gde.a(Unknown Source)
10-11 21:54:40.964: E/LoginManager(7474): 	at gdd.a(Unknown Source)
10-11 21:54:40.964: E/LoginManager(7474): 	at gdd.b(Unknown Source)
10-11 21:54:40.964: E/LoginManager(7474): 	at gdc.c(Unknown Source)
10-11 21:54:40.964: E/LoginManager(7474): 	at gdc.a(Unknown Source)
10-11 21:54:40.964: E/LoginManager(7474): 	at hyd.a(SourceFile:22)
10-11 21:54:40.964: E/LoginManager(7474): 	... 11 more
10-11 21:54:40.964: I/Babel(7474): BAM created 0
10-11 21:54:40.965: I/Finsky(7622): [1] com.google.android.finsky.services.DailyHygiene.a(22301): Beginning daily hygiene, foreground = false
10-11 21:54:40.966: I/Finsky(7622): [1] com.google.android.finsky.services.DailyHygiene.a(363): Probe [pNO9ObzPejlK16Cz5STnAehdGGc] for daily hygiene pass
10-11 21:54:40.987: I/CheckinChimeraService(7185): android.os.VintfObject class not found : android.os.VintfObject
10-11 21:54:41.011: I/RequestAddCookies(7622): Cookie store not available in HTTP context
10-11 21:54:41.062: I/ResponseProcessCookies(7622): Cookie store not available in HTTP context
10-11 21:54:41.063: I/qtaguid(7622): Untagging socket 51 failed errno=-22
10-11 21:54:41.063: W/NetworkManagementSocketTagger(7622): untagSocket(51) failed with errno -22
10-11 21:54:41.064: I/Finsky(7622): [1] com.google.android.finsky.utils.cx.a_(1198): Server requests device config token
10-11 21:54:41.167: I/Babel(7474): Account update: 0 logged off
10-11 21:54:41.170: I/Babel(7474): Valid account: true Logged in: falsetrue
10-11 21:54:41.171: I/Babel(7474): deleted: false for 0
10-11 21:54:41.171: I/Babel(7474): BAM#account updated: 0
10-11 21:54:41.171: I/Babel(7474): BAM, cleanup: 0
10-11 21:54:41.194: I/Finsky(7622): [1] com.google.android.finsky.utils.cj.a(42): Start requesting GCM Reg Id
10-11 21:54:41.194: D/GCMRegistrar(7622): resetting backoff for com.android.vending
10-11 21:54:41.194: I/Babel_StickerModule(7474): Account change update: 0
10-11 21:54:41.195: W/Babel_StickerModule(7474): Null account update.
10-11 21:54:41.195: I/Babel_ConcService(7474): Released partial wake lock as ConcurrentService became idle
10-11 21:54:41.199: V/GCMRegistrar(7622): Registering app com.android.vending of senders 932144863878
10-11 21:54:41.205: W/GCM(7171): Register request missing messenger
10-11 21:54:41.223: I/RequestAddCookies(7622): Cookie store not available in HTTP context
10-11 21:54:41.271: D/Babel(7474): onCreate: Shutdown runnable posted in onCreate with a delay of 5000 ms.
10-11 21:54:41.355: D/Babel(7474): Idle: Shutdown runnable posted in release with a delay of 5000 ms.
10-11 21:54:41.559: V/Avrcp(1767): Active sessions changed, 0 sessions
10-11 21:54:41.603: V/MediaRouter(7777): Adding route: RouteInfo{ name=Teléfono, description=null, status=null, category=RouteCategory{ name=null types=ROUTE_TYPE_LIVE_AUDIO ROUTE_TYPE_LIVE_VIDEO  groupable=false }, supportedTypes=ROUTE_TYPE_LIVE_AUDIO ROUTE_TYPE_LIVE_VIDEO , presentationDisplay=null }
10-11 21:54:41.605: V/MediaRouter(7777): Updating audio routes: AudioRoutesInfo{ type=SPEAKER }
10-11 21:54:41.606: V/MediaRouter(7777): Selecting route: RouteInfo{ name=Teléfono, description=null, status=null, category=RouteCategory{ name=null types=ROUTE_TYPE_LIVE_AUDIO ROUTE_TYPE_LIVE_VIDEO  groupable=false }, supportedTypes=ROUTE_TYPE_LIVE_AUDIO ROUTE_TYPE_LIVE_VIDEO , presentationDisplay=null }
10-11 21:54:41.612: I/MediaRouter(7777): Found default route: MediaRouter.RouteInfo{ uniqueId=android/.support.v7.media.SystemMediaRouteProvider:DEFAULT_ROUTE, name=Teléfono, description=null, iconUri=null, enabled=true, connecting=false, connectionState=0, canDisconnect=false, playbackType=0, playbackStream=3, deviceType=0, volumeHandling=1, volume=11, volumeMax=15, presentationDisplayId=-1, extras=null, settingsIntent=null, providerPackageName=android }
10-11 21:54:41.780: I/Remoter(1394): Saved screenshot to '/data/screenshots/__pmv__-0087.jpg'
10-11 21:54:41.851: I/ResponseProcessCookies(7622): Cookie store not available in HTTP context
10-11 21:54:41.853: I/qtaguid(7622): Untagging socket 51 failed errno=-22
10-11 21:54:41.853: W/NetworkManagementSocketTagger(7622): untagSocket(51) failed with errno -22
10-11 21:54:41.854: I/Finsky(7622): [1] com.google.android.finsky.utils.bb.a_(1261): Received device config token CisaKQoTMzcxOTY1MDQ3NjE4NDU3NzgyNhISChAxNTA3NzczMjg3OTgxOTYx
10-11 21:54:41.865: I/RequestAddCookies(7622): Cookie store not available in HTTP context
10-11 21:54:42.051: I/ResponseProcessCookies(7622): Cookie store not available in HTTP context
10-11 21:54:42.051: I/qtaguid(7622): Untagging socket 51 failed errno=-22
10-11 21:54:42.051: W/NetworkManagementSocketTagger(7622): untagSocket(51) failed with errno -22
10-11 21:54:42.052: I/Finsky(7622): [499] com.google.android.finsky.utils.bq.a(177): Enabling bucket experiment: factor=1.000, zeroDelta=0ms, forceNetwork=true
10-11 21:54:42.052: I/Finsky(7622): [499] com.google.android.finsky.h.b.a(5810): Process stable target turned on mid-process: 12602748
10-11 21:54:42.054: I/Finsky(7622): [1] com.google.android.finsky.utils.ki.a(126): Refreshing user settings: account=[pNO9ObzPejlK16Cz5STnAehdGGc]
10-11 21:54:42.065: I/RequestAddCookies(7622): Cookie store not available in HTTP context
10-11 21:54:42.083: I/RequestAddCookies(7622): Cookie store not available in HTTP context
10-11 21:54:42.136: I/ResponseProcessCookies(7622): Cookie store not available in HTTP context
10-11 21:54:42.136: I/qtaguid(7622): Untagging socket 51 failed errno=-22
10-11 21:54:42.137: W/NetworkManagementSocketTagger(7622): untagSocket(51) failed with errno -22
10-11 21:54:42.142: I/ResponseProcessCookies(7622): Cookie store not available in HTTP context
10-11 21:54:42.145: I/Finsky(7622): [1] com.google.android.finsky.selfupdate.c.a(148): Starting DFE self-update from local version [80694300] to server version [80834200]
10-11 21:54:42.162: I/ActivityManager(1698): Start proc 7897:com.google.android.gms:car/u0a14 for service com.google.android.gms/.car.CarService
10-11 21:54:42.182: I/RequestAddCookies(7622): Cookie store not available in HTTP context
10-11 21:54:42.196: D/AndroidRuntime(7883): >>>>>> START com.android.internal.os.RuntimeInit uid 0 <<<<<<
10-11 21:54:42.198: D/AndroidRuntime(7883): CheckJNI is OFF
10-11 21:54:42.206: I/RequestAddCookies(7622): Cookie store not available in HTTP context
10-11 21:54:42.209: I/ResponseProcessCookies(7622): Cookie store not available in HTTP context
10-11 21:54:42.210: I/qtaguid(7622): Untagging socket 56 failed errno=-22
10-11 21:54:42.210: W/NetworkManagementSocketTagger(7622): untagSocket(56) failed with errno -22
10-11 21:54:42.219: I/LoadedApk(7897): No resource references to update in package FFFFFFFFFFFFFFFFFFFFFF
10-11 21:54:42.241: D/ICU(7883): No timezone override file found: /data/misc/zoneinfo/current/icu/icu_tzdata.dat
10-11 21:54:42.242: V/NativeCrypto(7897): Registering com/google/android/gms/org/conscrypt/NativeCrypto's 259 native methods...
10-11 21:54:42.242: V/NativeCrypto(7897): [ 10-11 21:54:42.247  7883: 7883 W/         ]
10-11 21:54:42.242: V/NativeCrypto(7897): Failed to bind-mount /system/lib/x86/cpuinfo as /proc/cpuinfo: No such file or directory
10-11 21:54:42.252: D/NetworkSecurityConfig(7897): No Network Security Config specified, using platform default
10-11 21:54:42.253: I/ProviderInstaller(7897): Installed default security provider GmsCore_OpenSSL
10-11 21:54:42.254: E/memtrack(7883): Couldn't load memtrack module (No such file or directory)
10-11 21:54:42.254: E/android.os.Debug(7883): failed to load memtrack module: -2
10-11 21:54:42.254: I/Radio-JNI(7883): register_android_hardware_Radio DONE
10-11 21:54:42.260: D/AndroidRuntime(7883): Calling main entry com.android.commands.pm.Pm
10-11 21:54:42.262: I/ResponseProcessCookies(7622): Cookie store not available in HTTP context
10-11 21:54:42.263: I/qtaguid(7622): Untagging socket 51 failed errno=-22
10-11 21:54:42.263: W/NetworkManagementSocketTagger(7622): untagSocket(51) failed with errno -22
10-11 21:54:42.263: W/NetworkManagementSocketTagger(7622): [ 10-11 21:54:42.268  1407: 1407 I/         ]
10-11 21:54:42.263: W/NetworkManagementSocketTagger(7622): free_cache(22150026) avail 3857870848
10-11 21:54:42.281: I/Finsky(7622): [1] com.google.android.finsky.download.e.a(264): Duplicate state set for 'com.android.vending' (0). Already in that state
10-11 21:54:42.282: I/Finsky(7622): [1] com.google.android.finsky.download.x.e(145): Download com.android.vending added to DownloadQueue
10-11 21:54:42.292: I/Finsky(7622): [1] com.google.android.finsky.download.e.a(266): com.android.vending from 0 to 1.
10-11 21:54:42.292: I/Finsky(7622): [ 10-11 21:54:42.293  1407: 1407 I/         ]
10-11 21:54:42.292: I/Finsky(7622): free_cache(0) avail 3835723776
10-11 21:54:42.301: I/Finsky(7622): [1] com.google.android.finsky.download.ai.run(5566): Download com.android.vending starting
10-11 21:54:42.355: W/art(7622): Suspending all threads took: 42.650ms
10-11 21:54:42.411: I/Finsky(7622): [502] com.google.android.finsky.download.ae.a(1579): Enqueued com.android.vending as content://downloads/my_downloads/30
10-11 21:54:42.411: I/Finsky(7622): [1] com.google.android.finsky.download.e.a(266): com.android.vending from 1 to 2.
10-11 21:54:42.412: I/Finsky(7622): [1] com.google.android.finsky.download.x.a(644): com.android.vending: onStart
10-11 21:54:42.450: I/WearableService(7171): Wearable Services stopping
10-11 21:54:42.498: D/DownloadManager(6147): [30] Starting
10-11 21:54:42.547: I/Finsky(7622): [1] com.google.android.finsky.download.x.b(413): com.android.vending: onProgress 0/-1 Status: 190.
10-11 21:54:42.565: I/Finsky(7622): [1] com.google.android.finsky.download.x.b(413): com.android.vending: onProgress 0/-1 Status: 192.
10-11 21:54:42.580: D/NetworkSecurityConfig(6147): No Network Security Config specified, using platform default
10-11 21:54:42.668: I/DynamiteModule(7897): Considering local module com.google.android.gms.googlecertificates:4 and remote module com.google.android.gms.googlecertificates:4
10-11 21:54:42.668: I/DynamiteModule(7897): Selected local version of com.google.android.gms.googlecertificates
10-11 21:54:42.724: W/ActivityManager(1698): Unable to start service Intent { act=local_action cmp=com.google.android.gms/.car.InCallService2 } U=0: not found
10-11 21:54:42.724: E/CAR.TEL.Service(7897): Failed to bind to InCallService
10-11 21:54:42.729: I/Finsky(7622): [1] com.google.android.finsky.services.DailyHygiene.d(738): Logging device features
10-11 21:54:42.738: I/Finsky(7622): [1] com.google.android.finsky.selfupdate.SelfUpdateCheckerScheduler.a(59): Cancelling accelerated self-Update check
10-11 21:54:42.739: W/InstanceID/Rpc(7622): Found 10014
10-11 21:54:42.746: W/ActivityManager(1698): Unbind failed: could not find connection for android.os.BinderProxy@4b298fe
10-11 21:54:42.768: I/WearableService(7171): Wearable Services not starting - Wear is not available on this device.
10-11 21:54:42.771: D/WearableService(7171): onGetService - Wear is not available on this device.
10-11 21:54:42.772: E/Finsky(7622): [1] com.google.android.finsky.wear.bo.a(838): onConnectionFailed: ConnectionResult{statusCode=API_UNAVAILABLE, resolution=null, message=null}
10-11 21:54:42.772: I/Finsky(7622): [1] com.google.android.finsky.wear.WearSupportService.a(6396): Dropping command=hygiene due to Gms not connected
10-11 21:54:42.887: I/Remoter(1394): Saved screenshot to '/data/screenshots/__pmv__-0088.jpg'
10-11 21:54:43.045: W/InstanceID/Rpc(7777): Found 10014
10-11 21:54:43.061: I/PlayMovies(7777): AccountsChangedTaskService.scheduleCleanup:93 Scheduled task AccountsChangedTaskService
10-11 21:54:43.063: I/ActivityManager(1698): Killing 6821:com.google.android.apps.fitness/u0a48 (adj 906): empty #17
10-11 21:54:43.063: I/ActivityManager(1698): Killing 6500:com.google.android.partnersetup/u0a21 (adj 906): empty #18
10-11 21:54:43.084: D/Volley(7622): [497] g.b: Cache cleared.
10-11 21:54:43.084: D/Volley(7622): [506] g.b: Cache cleared.
10-11 21:54:43.085: I/Finsky(7622): [1] com.google.android.finsky.receivers.UpdateWidgetsReceiver.onReceive(39): Updated 0 MarketWidgetProvider widgets (android.accounts.LOGIN_ACCOUNTS_CHANGED)
10-11 21:54:43.086: I/Finsky(7622): [1] com.google.android.finsky.receivers.UpdateWidgetsReceiver.onReceive(39): Updated 0 RecommendedWidgetProvider widgets (android.accounts.LOGIN_ACCOUNTS_CHANGED)
10-11 21:54:43.087: I/Finsky(7622): [1] com.google.android.finsky.receivers.UpdateWidgetsReceiver.onReceive(39): Updated 0 NowPlayingWidgetProvider widgets (android.accounts.LOGIN_ACCOUNTS_CHANGED)
10-11 21:54:43.096: V/MediaRouter(7777): Selecting route: RouteInfo{ name=Teléfono, description=null, status=null, category=RouteCategory{ name=null types=ROUTE_TYPE_LIVE_AUDIO ROUTE_TYPE_LIVE_VIDEO  groupable=false }, supportedTypes=ROUTE_TYPE_LIVE_AUDIO ROUTE_TYPE_LIVE_VIDEO , presentationDisplay=null }
10-11 21:54:43.111: D/ActivityManager(1698): cleanUpApplicationRecord -- 6821
10-11 21:54:43.115: I/Auth(7171): [GoogleAccountHistoryStore] creating database.
10-11 21:54:43.118: I/Finsky(7622): [490] com.google.android.finsky.utils.ja.a(269): Apps signed by first-party test keys will be allowed
10-11 21:54:43.121: I/Finsky(7622): [490] com.google.android.finsky.services.e.a(60): Received content filters request from com.google.android.videos
10-11 21:54:43.124: I/GmailIS(7005): Receive LOGIN_ACCOUNTS_CHANGED intent: Intent { act=android.accounts.LOGIN_ACCOUNTS_CHANGED flg=0x4000010 cmp=com.google.android.gm/.GmailIntentService }
10-11 21:54:43.131: I/Exchange(7005): Accounts changed - requesting FolderSync for unsynced accounts
10-11 21:54:43.140: I/Gmail(7005): System accounts updated.
10-11 21:54:43.141: D/ActivityManager(1698): cleanUpApplicationRecord -- 6500
10-11 21:54:43.145: D/PlayMovies(7777): PersistentCache.cleanup:104 Cache is below limit, no need to shrink: [size=0, limit=5242880]
10-11 21:54:43.145: I/RequestAddCookies(7622): Cookie store not available in HTTP context
10-11 21:54:43.147: I/Exchange(7005): EasService.onCreate
10-11 21:54:43.148: W/ActivityManager(1698): Unable to start service Intent { cmp=com.google.android.gm.exchange/com.android.exchange.service.EasService } U=0: not found
10-11 21:54:43.148: I/Exchange(7005): EasService.onCreate stoppedOldService=false
10-11 21:54:43.152: I/NotifActionUtils(7005): resendNotifications account: null, folder: null
10-11 21:54:43.153: I/Exchange(7005): needResyncCalendar: false, hasCalendarPermission: true, needResyncContacts: false, hasContactsPermission: true
10-11 21:54:43.155: I/Exchange(7005): RestartPingTask
10-11 21:54:43.155: D/PlayMovies(7777): TransferService.onCreate:59 creating transfer service
10-11 21:54:43.156: E/ActivityThread(7005): Service com.android.email.service.EmailBroadcastProcessorService has leaked ServiceConnection blt@b26f92f that was originally bound here
10-11 21:54:43.156: E/ActivityThread(7005): android.app.ServiceConnectionLeaked: Service com.android.email.service.EmailBroadcastProcessorService has leaked ServiceConnection blt@b26f92f that was originally bound here
10-11 21:54:43.156: E/ActivityThread(7005): 	at android.app.LoadedApk$ServiceDispatcher.<init>(LoadedApk.java:1336)
10-11 21:54:43.156: E/ActivityThread(7005): 	at android.app.LoadedApk.getServiceDispatcher(LoadedApk.java:1231)
10-11 21:54:43.156: E/ActivityThread(7005): 	at android.app.ContextImpl.bindServiceCommon(ContextImpl.java:1450)
10-11 21:54:43.156: E/ActivityThread(7005): 	at android.app.ContextImpl.bindService(ContextImpl.java:1422)
10-11 21:54:43.156: E/ActivityThread(7005): 	at android.content.ContextWrapper.bindService(ContextWrapper.java:636)
10-11 21:54:43.156: E/ActivityThread(7005): 	at blr.a(SourceFile:243)
10-11 21:54:43.156: E/ActivityThread(7005): 	at blr.d(SourceFile:286)
10-11 21:54:43.156: E/ActivityThread(7005): 	at bft.c(SourceFile:179)
10-11 21:54:43.156: E/ActivityThread(7005): 	at bdk.a(SourceFile:202)
10-11 21:54:43.156: E/ActivityThread(7005): 	at bdk.a(SourceFile:146)
10-11 21:54:43.156: E/ActivityThread(7005): 	at com.android.email.service.EmailBroadcastProcessorService.c(SourceFile:348)
10-11 21:54:43.156: E/ActivityThread(7005): 	at com.android.email.service.EmailBroadcastProcessorService.onHandleIntent(SourceFile:3457)
10-11 21:54:43.156: E/ActivityThread(7005): 	at android.app.IntentService$ServiceHandler.handleMessage(IntentService.java:68)
10-11 21:54:43.156: E/ActivityThread(7005): 	at android.os.Handler.dispatchMessage(Handler.java:102)
10-11 21:54:43.156: E/ActivityThread(7005): 	at android.os.Looper.loop(Looper.java:154)
10-11 21:54:43.156: E/ActivityThread(7005): 	at android.os.HandlerThread.run(HandlerThread.java:61)
10-11 21:54:43.159: I/Exchange(7005): RestartPingsTask did not start any pings.
10-11 21:54:43.160: I/Exchange(7005): onDestroy
10-11 21:54:43.162: I/PmtsSwAccountIntentOp(7185): Processing intent action=android.accounts.LOGIN_ACCOUNTS_CHANGED
10-11 21:54:43.162: I/PmtsSwAccountIntentOp(7185): Account added has already been processed
10-11 21:54:43.213: I/Babel_ConcService(7474): Acquired partial wake lock to keep ConcurrentService alive
10-11 21:54:43.215: W/WakefulBroadcastReceiver(7171): No active wake lock id #2
10-11 21:54:43.215: I/ResponseProcessCookies(7622): Cookie store not available in HTTP context
10-11 21:54:43.216: I/qtaguid(7622): Untagging socket 51 failed errno=-22
10-11 21:54:43.216: W/NetworkManagementSocketTagger(7622): untagSocket(51) failed with errno -22
10-11 21:54:43.221: I/Babel_ConcService(7474): Released partial wake lock as ConcurrentService became idle
10-11 21:54:43.237: I/EventLoggerStores(7051): recordEvent APP_EVENT_TOKEN_FETCH_INITIATED ClientEvent[]
10-11 21:54:43.238: E/bkv(7005): RuntimeException when trying to unbind from service
10-11 21:54:43.238: E/bkv(7005): java.lang.IllegalArgumentException: Service not registered: blt@b26f92f
10-11 21:54:43.238: E/bkv(7005): 	at android.app.LoadedApk.forgetServiceDispatcher(LoadedApk.java:1289)
10-11 21:54:43.238: E/bkv(7005): 	at android.app.ContextImpl.unbindService(ContextImpl.java:1483)
10-11 21:54:43.238: E/bkv(7005): 	at android.content.ContextWrapper.unbindService(ContextWrapper.java:648)
10-11 21:54:43.238: E/bkv(7005): 	at blu.a(SourceFile:186)
10-11 21:54:43.238: E/bkv(7005): 	at blu.doInBackground(SourceFile:173)
10-11 21:54:43.238: E/bkv(7005): 	at android.os.AsyncTask$2.call(AsyncTask.java:305)
10-11 21:54:43.238: E/bkv(7005): 	at java.util.concurrent.FutureTask.run(FutureTask.java:237)
10-11 21:54:43.238: E/bkv(7005): 	at android.os.Handler.handleCallback(Handler.java:751)
10-11 21:54:43.238: E/bkv(7005): 	at android.os.Handler.dispatchMessage(Handler.java:95)
10-11 21:54:43.238: E/bkv(7005): 	at android.os.Looper.loop(Looper.java:154)
10-11 21:54:43.238: E/bkv(7005): 	at android.os.HandlerThread.run(HandlerThread.java:61)
10-11 21:54:43.262: I/VideoCapabilities(7777): Unsupported profile 4 for video/mp4v-es
10-11 21:54:43.268: I/Gmail(7005): getAccountsCursor
10-11 21:54:43.271: I/NotifUtils(7005): resendNotifications cancelExisting: false, account: null, folder: null
10-11 21:54:43.274: I/HeterodyneSyncScheduler(7171): Scheduling Phenotype for a PhenotypeSyncImmediately(5, null) one off with window [1, 2] in seconds
10-11 21:54:43.308: W/Auth(7171): [GetToken] GetToken failed with status code: INVALID_SCOPE
10-11 21:54:43.309: W/Search.LoginHelper(7051): Google auth exception for scope: oauth2:https://www.googleapis.com/auth/googlenow
10-11 21:54:43.309: W/Search.LoginHelper(7051): com.google.android.gms.auth.a: INVALID_SCOPE
10-11 21:54:43.309: W/Search.LoginHelper(7051): 	at com.google.android.gms.auth.d.f(Unknown Source)
10-11 21:54:43.309: W/Search.LoginHelper(7051): 	at com.google.android.gms.auth.c.a(Unknown Source)
10-11 21:54:43.309: W/Search.LoginHelper(7051): 	at com.google.android.gms.auth.c.b(Unknown Source)
10-11 21:54:43.309: W/Search.LoginHelper(7051): 	at com.google.android.gms.auth.b.a(Unknown Source)
10-11 21:54:43.309: W/Search.LoginHelper(7051): 	at com.google.android.gms.auth.b.a(Unknown Source)
10-11 21:54:43.309: W/Search.LoginHelper(7051): 	at com.google.android.apps.gsa.search.core.k.c.o.b(SourceFile:5)
10-11 21:54:43.309: W/Search.LoginHelper(7051): 	at com.google.android.apps.gsa.search.core.k.c.k.b(SourceFile:2)
10-11 21:54:43.309: W/Search.LoginHelper(7051): 	at com.google.android.apps.gsa.search.core.k.c.h.a(SourceFile:7)
10-11 21:54:43.309: W/Search.LoginHelper(7051): 	at com.google.android.apps.gsa.search.core.k.c.h.b(SourceFile:1)
10-11 21:54:43.309: W/Search.LoginHelper(7051): 	at com.google.android.apps.gsa.search.core.k.c.q.a(SourceFile:26)
10-11 21:54:43.309: W/Search.LoginHelper(7051): 	at com.google.android.apps.gsa.search.core.k.c.z.call(SourceFile:4)
10-11 21:54:43.309: W/Search.LoginHelper(7051): 	at java.util.concurrent.FutureTask.run(FutureTask.java:237)
10-11 21:54:43.309: W/Search.LoginHelper(7051): 	at java.util.concurrent.Executors$RunnableAdapter.call(Executors.java:428)
10-11 21:54:43.309: W/Search.LoginHelper(7051): 	at java.util.concurrent.FutureTask.run(FutureTask.java:237)
10-11 21:54:43.309: W/Search.LoginHelper(7051): 	at com.google.android.apps.gsa.shared.util.c.a.ag.run(Unknown Source)
10-11 21:54:43.309: W/Search.LoginHelper(7051): 	at com.google.android.apps.gsa.shared.util.c.a.bo.run(SourceFile:1)
10-11 21:54:43.309: W/Search.LoginHelper(7051): 	at com.google.android.apps.gsa.shared.util.c.a.bo.run(SourceFile:1)
10-11 21:54:43.309: W/Search.LoginHelper(7051): 	at java.util.concurrent.ThreadPoolExecutor.runWorker(ThreadPoolExecutor.java:1133)
10-11 21:54:43.309: W/Search.LoginHelper(7051): 	at java.util.concurrent.ThreadPoolExecutor$Worker.run(ThreadPoolExecutor.java:607)
10-11 21:54:43.309: W/Search.LoginHelper(7051): 	at java.lang.Thread.run(Thread.java:761)
10-11 21:54:43.309: W/Search.LoginHelper(7051): 	at com.google.android.apps.gsa.shared.util.c.a.ak.run(SourceFile:3)
10-11 21:54:43.309: I/EventLoggerStores(7051): recordEvent APP_EVENT_TOKEN_FETCHED ClientEvent[]
10-11 21:54:43.310: I/EventLoggerStores(7051): recordEvent APP_EVENT_TOKEN_FETCH_INITIATED ClientEvent[]
10-11 21:54:43.375: I/PlayMovies(7777): AccountsChangedTaskService.scheduleCleanup:93 Scheduled task AccountsChangedTaskService
10-11 21:54:43.426: W/Auth(7171): [GetToken] GetToken failed with status code: INVALID_SCOPE
10-11 21:54:43.427: W/Search.LoginHelper(7051): Google auth exception for scope: oauth2:https://www.googleapis.com/auth/googlenow
10-11 21:54:43.427: W/Search.LoginHelper(7051): com.google.android.gms.auth.a: INVALID_SCOPE
10-11 21:54:43.427: W/Search.LoginHelper(7051): 	at com.google.android.gms.auth.d.f(Unknown Source)
10-11 21:54:43.427: W/Search.LoginHelper(7051): 	at com.google.android.gms.auth.c.a(Unknown Source)
10-11 21:54:43.427: W/Search.LoginHelper(7051): 	at com.google.android.gms.auth.c.b(Unknown Source)
10-11 21:54:43.427: W/Search.LoginHelper(7051): 	at com.google.android.gms.auth.b.a(Unknown Source)
10-11 21:54:43.427: W/Search.LoginHelper(7051): 	at com.google.android.gms.auth.b.a(Unknown Source)
10-11 21:54:43.427: W/Search.LoginHelper(7051): 	at com.google.android.apps.gsa.search.core.k.c.o.b(SourceFile:5)
10-11 21:54:43.427: W/Search.LoginHelper(7051): 	at com.google.android.apps.gsa.search.core.k.c.k.b(SourceFile:2)
10-11 21:54:43.427: W/Search.LoginHelper(7051): 	at com.google.android.apps.gsa.search.core.k.c.h.a(SourceFile:7)
10-11 21:54:43.427: W/Search.LoginHelper(7051): 	at com.google.android.apps.gsa.search.core.k.c.h.b(SourceFile:1)
10-11 21:54:43.427: W/Search.LoginHelper(7051): 	at com.google.android.apps.gsa.search.core.k.c.q.a(SourceFile:26)
10-11 21:54:43.427: W/Search.LoginHelper(7051): 	at com.google.android.apps.gsa.search.core.k.c.z.call(SourceFile:4)
10-11 21:54:43.427: W/Search.LoginHelper(7051): 	at java.util.concurrent.FutureTask.run(FutureTask.java:237)
10-11 21:54:43.427: W/Search.LoginHelper(7051): 	at java.util.concurrent.Executors$RunnableAdapter.call(Executors.java:428)
10-11 21:54:43.427: W/Search.LoginHelper(7051): 	at java.util.concurrent.FutureTask.run(FutureTask.java:237)
10-11 21:54:43.427: W/Search.LoginHelper(7051): 	at com.google.android.apps.gsa.shared.util.c.a.ag.run(Unknown Source)
10-11 21:54:43.427: W/Search.LoginHelper(7051): 	at com.google.android.apps.gsa.shared.util.c.a.bo.run(SourceFile:1)
10-11 21:54:43.427: W/Search.LoginHelper(7051): 	at com.google.android.apps.gsa.shared.util.c.a.bo.run(SourceFile:1)
10-11 21:54:43.427: W/Search.LoginHelper(7051): 	at java.util.concurrent.ThreadPoolExecutor.runWorker(ThreadPoolExecutor.java:1133)
10-11 21:54:43.427: W/Search.LoginHelper(7051): 	at java.util.concurrent.ThreadPoolExecutor$Worker.run(ThreadPoolExecutor.java:607)
10-11 21:54:43.427: W/Search.LoginHelper(7051): 	at java.lang.Thread.run(Thread.java:761)
10-11 21:54:43.427: W/Search.LoginHelper(7051): 	at com.google.android.apps.gsa.shared.util.c.a.ak.run(SourceFile:3)
10-11 21:54:43.427: I/EventLoggerStores(7051): recordEvent APP_EVENT_TOKEN_FETCHED ClientEvent[]
10-11 21:54:43.441: I/PlayMovies(7777): GservicesConfig.preferModularDrm:1134 force_prefer_modular_drm
10-11 21:54:43.442: I/PlayMovies(7777): GservicesConfig.supportsAdaptivePlayback:1176 decoderInfo.adaptive true
10-11 21:54:43.442: I/PlayMovies(7777): GservicesConfig.useDashForStreaming:1109 true
10-11 21:54:43.481: I/ActivityManager(1698): Killing 6984:com.google.android.deskclock/u0a73 (adj 906): empty #17
10-11 21:54:43.508: I/art(1698): Background partial concurrent mark sweep GC freed 31252(1644KB) AllocSpace objects, 7(716KB) LOS objects, 33% free, 15MB/22MB, paused 724us total 157.230ms
10-11 21:54:43.508: E/IntentOperationSvc(7185): Failed to instantiate Chimera operation impl com.google.android.gms.people.service.SettingsChangedBroadcastIntentOperation, dropping operation
10-11 21:54:43.508: E/IntentOperationSvc(7185): java.lang.reflect.InvocationTargetException
10-11 21:54:43.508: E/IntentOperationSvc(7185): 	at java.lang.reflect.Constructor.newInstance0(Native Method)
10-11 21:54:43.508: E/IntentOperationSvc(7185): 	at java.lang.reflect.Constructor.newInstance(Constructor.java:430)
10-11 21:54:43.508: E/IntentOperationSvc(7185): 	at bwj.a(:com.google.android.gms@11519470:8)
10-11 21:54:43.508: E/IntentOperationSvc(7185): 	at bwk.run(:com.google.android.gms@11519470:69)
10-11 21:54:43.508: E/IntentOperationSvc(7185): 	at java.util.concurrent.ThreadPoolExecutor.runWorker(ThreadPoolExecutor.java:1133)
10-11 21:54:43.508: E/IntentOperationSvc(7185): 	at java.util.concurrent.ThreadPoolExecutor$Worker.run(ThreadPoolExecutor.java:607)
10-11 21:54:43.508: E/IntentOperationSvc(7185): 	at java.lang.Thread.run(Thread.java:761)
10-11 21:54:43.508: E/IntentOperationSvc(7185): Caused by: java.lang.NullPointerException: Attempt to invoke virtual method 'android.content.SharedPreferences android.content.Context.getSharedPreferences(java.lang.String, int)' on a null object reference
10-11 21:54:43.508: E/IntentOperationSvc(7185): 	at android.content.ContextWrapper.getSharedPreferences(ContextWrapper.java:164)
10-11 21:54:43.508: E/IntentOperationSvc(7185): 	at zbv.a(:com.google.android.gms@11519470:6)
10-11 21:54:43.508: E/IntentOperationSvc(7185): 	at com.google.android.gms.people.service.SettingsChangedBroadcastIntentOperation.<init>(:com.google.android.gms@11519470:2)
10-11 21:54:43.508: E/IntentOperationSvc(7185): 	... 7 more
10-11 21:54:43.508: W/OcrModelUpStIntentOp(7185): Invalid action: com.google.android.gms.phenotype.COMMITTED
10-11 21:54:43.516: W/ChimeraUtils(7185): Non Chimera context
10-11 21:54:43.540: I/PTCommittedOperation(7171): Receive new configuration for com.google.android.gms.icing
10-11 21:54:43.543: E/IntentOperationSvc(7185): Failed to instantiate Chimera operation impl com.google.android.gms.people.service.SettingsChangedBroadcastIntentOperation, dropping operation
10-11 21:54:43.543: E/IntentOperationSvc(7185): java.lang.reflect.InvocationTargetException
10-11 21:54:43.543: E/IntentOperationSvc(7185): 	at java.lang.reflect.Constructor.newInstance0(Native Method)
10-11 21:54:43.543: E/IntentOperationSvc(7185): 	at java.lang.reflect.Constructor.newInstance(Constructor.java:430)
10-11 21:54:43.543: E/IntentOperationSvc(7185): 	at bwj.a(:com.google.android.gms@11519470:8)
10-11 21:54:43.543: E/IntentOperationSvc(7185): 	at bwk.run(:com.google.android.gms@11519470:69)
10-11 21:54:43.543: E/IntentOperationSvc(7185): 	at java.util.concurrent.ThreadPoolExecutor.runWorker(ThreadPoolExecutor.java:1133)
10-11 21:54:43.543: E/IntentOperationSvc(7185): 	at java.util.concurrent.ThreadPoolExecutor$Worker.run(ThreadPoolExecutor.java:607)
10-11 21:54:43.543: E/IntentOperationSvc(7185): 	at java.lang.Thread.run(Thread.java:761)
10-11 21:54:43.543: E/IntentOperationSvc(7185): Caused by: java.lang.NullPointerException: Attempt to invoke virtual method 'android.content.SharedPreferences android.content.Context.getSharedPreferences(java.lang.String, int)' on a null object reference
10-11 21:54:43.543: E/IntentOperationSvc(7185): 	at android.content.ContextWrapper.getSharedPreferences(ContextWrapper.java:164)
10-11 21:54:43.543: E/IntentOperationSvc(7185): 	at zbv.a(:com.google.android.gms@11519470:6)
10-11 21:54:43.543: E/IntentOperationSvc(7185): 	at com.google.android.gms.people.service.SettingsChangedBroadcastIntentOperation.<init>(:com.google.android.gms@11519470:2)
10-11 21:54:43.543: E/IntentOperationSvc(7185): 	... 7 more
10-11 21:54:43.544: W/OcrModelUpStIntentOp(7185): Invalid action: com.google.android.gms.phenotype.COMMITTED
10-11 21:54:43.561: I/PTCommittedOperation(7171): Receive new configuration for com.google.android.gms.magictether
10-11 21:54:43.561: D/ActivityManager(1698): cleanUpApplicationRecord -- 6984
10-11 21:54:43.562: E/IntentOperationSvc(7185): Failed to instantiate Chimera operation impl com.google.android.gms.people.service.SettingsChangedBroadcastIntentOperation, dropping operation
10-11 21:54:43.562: E/IntentOperationSvc(7185): java.lang.reflect.InvocationTargetException
10-11 21:54:43.562: E/IntentOperationSvc(7185): 	at java.lang.reflect.Constructor.newInstance0(Native Method)
10-11 21:54:43.562: E/IntentOperationSvc(7185): 	at java.lang.reflect.Constructor.newInstance(Constructor.java:430)
10-11 21:54:43.562: E/IntentOperationSvc(7185): 	at bwj.a(:com.google.android.gms@11519470:8)
10-11 21:54:43.562: E/IntentOperationSvc(7185): 	at bwk.run(:com.google.android.gms@11519470:69)
10-11 21:54:43.562: E/IntentOperationSvc(7185): 	at java.util.concurrent.ThreadPoolExecutor.runWorker(ThreadPoolExecutor.java:1133)
10-11 21:54:43.562: E/IntentOperationSvc(7185): 	at java.util.concurrent.ThreadPoolExecutor$Worker.run(ThreadPoolExecutor.java:607)
10-11 21:54:43.562: E/IntentOperationSvc(7185): 	at java.lang.Thread.run(Thread.java:761)
10-11 21:54:43.562: E/IntentOperationSvc(7185): Caused by: java.lang.NullPointerException: Attempt to invoke virtual method 'android.content.SharedPreferences android.content.Context.getSharedPreferences(java.lang.String, int)' on a null object reference
10-11 21:54:43.562: E/IntentOperationSvc(7185): 	at android.content.ContextWrapper.getSharedPreferences(ContextWrapper.java:164)
10-11 21:54:43.562: E/IntentOperationSvc(7185): 	at zbv.a(:com.google.android.gms@11519470:6)
10-11 21:54:43.562: E/IntentOperationSvc(7185): 	at com.google.android.gms.people.service.SettingsChangedBroadcastIntentOperation.<init>(:com.google.android.gms@11519470:2)
10-11 21:54:43.562: E/IntentOperationSvc(7185): 	... 7 more
10-11 21:54:43.562: W/OcrModelUpStIntentOp(7185): Invalid action: com.google.android.gms.phenotype.COMMITTED
10-11 21:54:43.567: E/IntentOperationSvc(7185): Failed to instantiate Chimera operation impl com.google.android.gms.people.service.SettingsChangedBroadcastIntentOperation, dropping operation
10-11 21:54:43.567: E/IntentOperationSvc(7185): java.lang.reflect.InvocationTargetException
10-11 21:54:43.567: E/IntentOperationSvc(7185): 	at java.lang.reflect.Constructor.newInstance0(Native Method)
10-11 21:54:43.567: E/IntentOperationSvc(7185): 	at java.lang.reflect.Constructor.newInstance(Constructor.java:430)
10-11 21:54:43.567: E/IntentOperationSvc(7185): 	at bwj.a(:com.google.android.gms@11519470:8)
