10-11 21:54:48.153: I/ProcessCheckinRequest(7185):     d: ""
10-11 21:54:48.153: I/ProcessCheckinRequest(7185):     e: false
10-11 21:54:48.153: I/ProcessCheckinRequest(7185):   >
10-11 21:54:48.153: I/ProcessCheckinRequest(7185):   l <
10-11 21:54:48.153: I/ProcessCheckinRequest(7185):     a: "310260"
10-11 21:54:48.153: I/ProcessCheckinRequest(7185):     b: "Android"
10-11 21:54:48.153: I/ProcessCheckinRequest(7185):     c: "0"
10-11 21:54:48.153: I/ProcessCheckinRequest(7185):     d: 0
10-11 21:54:48.153: I/ProcessCheckinRequest(7185):     d: 1
10-11 21:54:48.153: I/ProcessCheckinRequest(7185):     d: 2
10-11 21:54:48.153: I/ProcessCheckinRequest(7185):     e: "310260123400000"
10-11 21:54:48.153: I/ProcessCheckinRequest(7185):     g: "\244\240"
10-11 21:54:48.153: I/ProcessCheckinRequest(7185):   >
10-11 21:54:48.153: I/ProcessCheckinRequest(7185): >
10-11 21:54:48.153: I/ProcessCheckinRequest(7185): l: "[VS2WQVCOVYYT3Y3JQZUPAOQ2II-00@cloudtestlabaccounts.com]"
10-11 21:54:48.153: I/ProcessCheckinRequest(7185): m: "America/New_York"
10-11 21:54:48.153: I/ProcessCheckinRequest(7185): n: 2244396717048110102
10-11 21:54:48.153: I/ProcessCheckinRequest(7185): o: 3
10-11 21:54:48.153: I/ProcessCheckinRequest(7185): p: "71Q6Rn2DDZl1zPDVaaeEHItd+Yg="
10-11 21:54:48.153: I/ProcessCheckinRequest(7185): q <
10-11 21:54:48.153: I/ProcessCheckinRequest(7185):   a: 3
10-11 21:54:48.153: I/ProcessCheckinRequest(7185):   b: 2
10-11 21:54:48.153: I/ProcessCheckinRequest(7185):   c: 1
10-11 21:54:48.153: I/ProcessCheckinRequest(7185):   d: 4
10-11 21:54:48.153: I/ProcessCheckinRequest(7185):   e: true
10-11 21:54:48.153: I/ProcessCheckinRequest(7185):   f: false
10-11 21:54:48.153: I/ProcessCheckinRequest(7185):   g: 320
10-11 21:54:48.153: I/ProcessCheckinRequest(7185):   h: 1536
10-11 21:54:48.153: I/ProcessCheckinRequest(7185):   i: 1952
10-11 21:54:48.153: I/ProcessCheckinRequest(7185):   j: 131072
10-11 21:54:48.153: I/ProcessCheckinRequest(7185):   k: "android.ext.services"
10-11 21:54:48.153: I/ProcessCheckinRequest(7185):   k: "android.ext.shared"
10-11 21:54:48.153: I/ProcessCheckinRequest(7185):   k: "android.test.runner"
10-11 21:54:48.153: I/ProcessCheckinRequest(7185):   k: "com.android.future.usb.accessory"
10-11 21:54:48.153: I/ProcessCheckinRequest(7185):   k: "com.android.location.provider"
10-11 21:54:48.153: I/ProcessCheckinRequest(7185):   k: "com.android.media.remotedisplay"
10-11 21:54:48.153: I/ProcessCheckinRequest(7185):   k: "com.android.mediadrm.signer"
10-11 21:54:48.153: I/ProcessCheckinRequest(7185):   k: "com.google.android.camera2"
10-11 21:54:48.153: I/ProcessCheckinRequest(7185):   k: "com.google.android.dialer.support"
10-11 21:54:48.153: I/ProcessCheckinRequest(7185):   k: "com.google.android.gms"
10-11 21:54:48.153: I/ProcessCheckinRequest(7185):   k: "com.google.android.maps"
10-11 21:54:48.153: I/ProcessCheckinRequest(7185):   k: "com.google.android.media.effects"
10-11 21:54:48.153: I/ProcessCheckinRequest(7185):   k: "javax.obex"
10-11 21:54:48.153: I/ProcessCheckinRequest(7185):   k: "org.apache.http.legacy"
10-11 21:54:48.153: I/ProcessCheckinRequest(7185):   l: "android.hardware.audio.low_latency"
10-11 21:54:48.153: I/ProcessCheckinRequest(7185):   l: "android.hardware.audio.output"
10-11 21:54:48.153: I/ProcessCheckinRequest(7185):   l: "android.hardware.bluetooth"
10-11 21:54:48.153: I/ProcessCheckinRequest(7185):   l: "android.hardware.bluetooth_le"
10-11 21:54:48.153: I/ProcessCheckinRequest(7185):   l: "android.hardware.camera"
10-11 21:54:48.153: I/ProcessCheckinRequest(7185):   l: "android.hardware.camera.any"
10-11 21:54:48.153: I/ProcessCheckinRequest(7185):   l: "android.hardware.camera.autofocus"
10-11 21:54:48.153: I/ProcessCheckinRequest(7185):   l: "android.hardware.camera.flash"
10-11 21:54:48.153: I/ProcessCheckinRequest(7185):   l: "android.hardware.camera.front"
10-11 21:54:48.153: I/ProcessCheckinRequest(7185):   l: "android.hardware.ethernet"
10-11 21:54:48.153: I/ProcessCheckinRequest(7185):   l: "android.hardware.faketouch"
10-11 21:54:48.153: I/ProcessCheckinRequest(7185):   l: "android.hardware.location"
10-11 21:54:48.153: I/ProcessCheckinRequest(7185):   l: "android.hardware.location.gps"
10-11 21:54:48.153: I/ProcessCheckinRequest(7185):   l: "android.hardware.location.network"
10-11 21:54:48.153: I/ProcessCheckinRequest(7185):   l: "android.hardware.microphone"
10-11 21:54:48.153: I/ProcessCheckinRequest(7185):   l: "android.hardware.screen.landscape"
10-11 21:54:48.153: I/ProcessCheckinRequest(7185):   l: "android.hardware.screen.portrait"
10-11 21:54:48.153: I/ProcessCheckinRequest(7185):   l: "android.hardware.sensor.accelerometer"
10-11 21:54:48.153: I/ProcessCheckinRequest(7185):   l: "android.hardware.sensor.barometer"
10-11 21:54:48.153: I/ProcessCheckinRequest(7185):   l: "android.hardware.sensor.compass"
10-11 21:54:48.153: I/ProcessCheckinRequest(7185):   l: "android.hardware.sensor.light"
10-11 21:54:48.153: I/ProcessCheckinRequest(7185):   l: "android.hardware.sensor.proximity"
10-11 21:54:48.153: I/ProcessCheckinRequest(7185):   l: "android.hardware.telephony"
10-11 21:54:48.153: I/ProcessCheckinRequest(7185):   l: "android.hardware.telephony.gsm"
10-11 21:54:48.153: I/ProcessCheckinRequest(7185):   l: "android.hardware.touchscreen"
10-11 21:54:48.153: I/ProcessCheckinRequest(7185):   l: "android.hardware.usb.accessory"
10-11 21:54:48.153: I/ProcessCheckinRequest(7185):   l: "android.hardware.wifi"
10-11 21:54:48.153: I/ProcessCheckinRequest(7185):   l: "android.software.app_widgets"
10-11 21:54:48.153: I/ProcessCheckinRequest(7185):   l: "android.software.backup"
10-11 21:54:48.153: I/ProcessCheckinRequest(7185):   l: "android.software.connectionservice"
10-11 21:54:48.153: I/ProcessCheckinRequest(7185):   l: "android.software.device_admin"
10-11 21:54:48.153: I/ProcessCheckinRequest(7185):   l: "android.software.home_screen"
10-11 21:54:48.153: I/ProcessCheckinRequest(7185):   l: "android.software.input_methods"
10-11 21:54:48.153: I/ProcessCheckinRequest(7185):   l: "android.software.live_wallpaper"
10-11 21:54:48.153: I/ProcessCheckinRequest(7185):   l: "android.software.managed_users"
10-11 21:54:48.153: I/ProcessCheckinRequest(7185):   l: "android.software.print"
10-11 21:54:48.153: I/ProcessCheckinRequest(7185):   l: "android.software.voice_recognizers"
10-11 21:54:48.153: I/ProcessCheckinRequest(7185):   l: "android.software.webview"
10-11 21:54:48.153: I/ProcessCheckinRequest(7185):   l: "com.google.android.feature.EXCHANGE_6_2"
10-11 21:54:48.153: I/ProcessCheckinRequest(7185):   l: "com.google.android.feature.GOOGLE_BUILD"
10-11 21:54:48.153: I/ProcessCheckinRequest(7185):   l: "com.google.android.feature.GOOGLE_EXPERIENCE"
10-11 21:54:48.153: I/ProcessCheckinRequest(7185):   m <
10-11 21:54:48.153: I/ProcessCheckinRequest(7185):     a: "android.hardware.audio.low_latency"
10-11 21:54:48.153: I/ProcessCheckinRequest(7185):     b: 0
10-11 21:54:48.153: I/ProcessCheckinRequest(7185):   >
10-11 21:54:48.153: I/ProcessCheckinRequest(7185):   m <
10-11 21:54:48.153: I/ProcessCheckinRequest(7185):     a: "android.hardware.audio.output"
10-11 21:54:48.153: I/ProcessCheckinRequest(7185):     b: 0
10-11 21:54:48.153: I/ProcessCheckinRequest(7185):   >
10-11 21:54:48.153: I/ProcessCheckinRequest(7185):   m <
10-11 21:54:48.153: I/ProcessCheckinRequest(7185):     a: "android.hardware.bluetooth"
10-11 21:54:48.153: I/ProcessCheckinRequest(7185):     b: 0
10-11 21:54:48.153: I/ProcessCheckinRequest(7185):   >
10-11 21:54:48.153: I/ProcessCheckinRequest(7185):   m <
10-11 21:54:48.153: I/ProcessCheckinRequest(7185):     a: "android.hardware.bluetooth_le"
10-11 21:54:48.153: I/ProcessCheckinRequest(7185):     b: 0
10-11 21:54:48.153: I/ProcessCheckinRequest(7185):   >
10-11 21:54:48.153: I/ProcessCheckinRequest(7185):   m <
10-11 21:54:48.153: I/ProcessCheckinRequest(7185):     a: "android.hardware.camera"
10-11 21:54:48.153: I/ProcessCheckinRequest(7185):     b: 0
10-11 21:54:48.153: I/ProcessCheckinRequest(7185):   >
10-11 21:54:48.153: I/ProcessCheckinRequest(7185):   m <
10-11 21:54:48.153: I/ProcessCheckinRequest(7185):     a: "android.hardware.camera.any"
10-11 21:54:48.153: I/ProcessCheckinRequest(7185):     b: 0
10-11 21:54:48.153: I/ProcessCheckinRequest(7185):   >
10-11 21:54:48.153: I/ProcessCheckinRequest(7185):   m <
10-11 21:54:48.153: I/ProcessCheckinRequest(7185):     a: "android.hardware.camera.autofocus"
10-11 21:54:48.153: I/ProcessCheckinRequest(7185):     b: 0
10-11 21:54:48.153: I/ProcessCheckinRequest(7185):   >
10-11 21:54:48.153: I/ProcessCheckinRequest(7185):   m <
10-11 21:54:48.153: I/ProcessCheckinRequest(7185):     a: "android.hardware.camera.flash"
10-11 21:54:48.153: I/ProcessCheckinRequest(7185):     b: 0
10-11 21:54:48.153: I/ProcessCheckinRequest(7185):   >
10-11 21:54:48.153: I/ProcessCheckinRequest(7185):   m <
10-11 21:54:48.153: I/ProcessCheckinRequest(7185):     a: "android.hardware.camera.front"
10-11 21:54:48.153: I/ProcessCheckinRequest(7185):     b: 0
10-11 21:54:48.153: I/ProcessCheckinRequest(7185):   >
10-11 21:54:48.153: I/ProcessCheckinRequest(7185):   m <
10-11 21:54:48.153: I/ProcessCheckinRequest(7185):     a: "android.hardware.ethernet"
10-11 21:54:48.153: I/ProcessCheckinRequest(7185):     b: 0
10-11 21:54:48.153: I/ProcessCheckinRequest(7185):   >
10-11 21:54:48.153: I/ProcessCheckinRequest(7185):   m <
10-11 21:54:48.153: I/ProcessCheckinRequest(7185):     a: "android.hardware.faketouch"
10-11 21:54:48.153: I/ProcessCheckinRequest(7185):     b: 0
10-11 21:54:48.153: I/ProcessCheckinRequest(7185):   >
10-11 21:54:48.153: I/ProcessCheckinRequest(7185):   m <
10-11 21:54:48.153: I/ProcessCheckinRequest(7185):     a: "android.hardware.location"
10-11 21:54:48.153: I/ProcessCheckinRequest(7185):     b: 0
10-11 21:54:48.153: I/ProcessCheckinRequest(7185):   >
10-11 21:54:48.153: I/ProcessCheckinRequest(7185):   m <
10-11 21:54:48.153: I/ProcessCheckinRequest(7185):     a: "android.hardware.location.gps"
10-11 21:54:48.153: I/ProcessCheckinRequest(7185):     b: 0
10-11 21:54:48.153: I/ProcessCheckinRequest(7185):   >
10-11 21:54:48.153: I/ProcessCheckinRequest(7185):   m <
10-11 21:54:48.153: I/ProcessCheckinRequest(7185):     a: "a
10-11 21:54:48.221: W/Auth(7171): [GetToken] GetToken failed with status code: INVALID_SCOPE
10-11 21:54:48.222: E/HeterodyneSyncer(7171): Failed to get auth token: INVALID_SCOPE
10-11 21:54:48.222: E/HeterodyneSyncer(7171): dzf: INVALID_SCOPE
10-11 21:54:48.222: E/HeterodyneSyncer(7171): 	at dzj.a(:com.google.android.gms@11519470:16)
10-11 21:54:48.222: E/HeterodyneSyncer(7171): 	at dzi.a(:com.google.android.gms@11519470:2)
10-11 21:54:48.222: E/HeterodyneSyncer(7171): 	at dzi.e(:com.google.android.gms@11519470:6)
10-11 21:54:48.222: E/HeterodyneSyncer(7171): 	at dzg.f(:com.google.android.gms@11519470:3)
10-11 21:54:48.222: E/HeterodyneSyncer(7171): 	at dzg.a(:com.google.android.gms@11519470:4)
10-11 21:54:48.222: E/HeterodyneSyncer(7171): 	at dzg.a(:com.google.android.gms@11519470:7)
10-11 21:54:48.222: E/HeterodyneSyncer(7171): 	at aazh.a(:com.google.android.gms@11519470:30)
10-11 21:54:48.222: E/HeterodyneSyncer(7171): 	at aazj.a(:com.google.android.gms@11519470:26)
10-11 21:54:48.222: E/HeterodyneSyncer(7171): 	at aazj.a(:com.google.android.gms@11519470:158)
10-11 21:54:48.222: E/HeterodyneSyncer(7171): 	at aazj.a(:com.google.android.gms@11519470:282)
10-11 21:54:48.222: E/HeterodyneSyncer(7171): 	at com.google.android.gms.phenotype.sync.HeterodyneSyncTaskChimeraService.a(:com.google.android.gms@11519470:40)
10-11 21:54:48.222: E/HeterodyneSyncer(7171): 	at com.google.android.gms.phenotype.sync.HeterodyneSyncTaskChimeraService.a(:com.google.android.gms@11519470:19)
10-11 21:54:48.222: E/HeterodyneSyncer(7171): 	at ssv.run(:com.google.android.gms@11519470:1)
10-11 21:54:48.222: E/HeterodyneSyncer(7171): 	at java.util.concurrent.ThreadPoolExecutor.runWorker(ThreadPoolExecutor.java:1133)
10-11 21:54:48.222: E/HeterodyneSyncer(7171): 	at java.util.concurrent.ThreadPoolExecutor$Worker.run(ThreadPoolExecutor.java:607)
10-11 21:54:48.222: E/HeterodyneSyncer(7171): 	at java.lang.Thread.run(Thread.java:761)
10-11 21:54:48.314: W/dex2oat(8074): Before Android 4.1, method android.graphics.PorterDuffColorFilter android.support.graphics.drawable.VectorDrawableCompat.updateTintFilter(android.graphics.PorterDuffColorFilter, android.content.res.ColorStateList, android.graphics.PorterDuff$Mode) would have incorrectly overridden the package-private method in android.graphics.drawable.Drawable
10-11 21:54:48.399: I/CheckinResponseProcess(7185): From server: 1459 gservices [full]
10-11 21:54:48.412: W/dex2oat(8074): Before Android 4.1, method int android.support.v7.widget.ListViewCompat.lookForSelectablePosition(int, boolean) would have incorrectly overridden the package-private method in android.widget.ListView
10-11 21:54:48.429: W/Conscrypt(7171): Could not set socket write timeout:
10-11 21:54:48.429: W/Conscrypt(7171):    java.lang.reflect.Method.invoke(Native Method)
10-11 21:54:48.429: W/Conscrypt(7171):    com.google.android.gms.org.conscrypt.Platform.setSocketWriteTimeout(:com.google.android.gms@11519470:13)
10-11 21:54:48.431: W/Conscrypt(7171): Could not set socket write timeout:
10-11 21:54:48.431: W/Conscrypt(7171):    java.lang.reflect.Method.invoke(Native Method)
10-11 21:54:48.431: W/Conscrypt(7171):    com.google.android.gms.org.conscrypt.Platform.setSocketWriteTimeout(:com.google.android.gms@11519470:13)
10-11 21:54:48.448: W/dex2oat(8074): Before Android 4.1, method boolean com.facebook.share.widget.ShareButtonBase.canShare() would have incorrectly overridden the package-private method in android.widget.TextView
10-11 21:54:48.480: W/InstanceID(7777): token: APA91bEfa9mLVzY3adOEiYtd7STmZfPMdp6UgeJOA9ckdI_9-D-MkWmwjsCHewnpTg5v88yvMCX-36iKi3spDgOm9DJHu83bpVsroOSKg07zT8ozhucPr8rj79feU7RUOSO3SGH_qWQLgkGlC4I7B9x44RDkqcAb8w
10-11 21:54:48.520: I/Remoter(1394): Saved screenshot to '/data/screenshots/__pmv__-0093.jpg'
10-11 21:54:48.598: I/Icing(7185): IndexChimeraService.getServiceInterface callingPackage=com.google.android.videos componentName=null serviceId=36
10-11 21:54:48.599: W/Auth(7171): [GetToken] GetToken failed with status code: INVALID_SCOPE
10-11 21:54:48.599: E/HeterodyneSyncer(7171): Failed to get auth token: INVALID_SCOPE
10-11 21:54:48.599: E/HeterodyneSyncer(7171): dzf: INVALID_SCOPE
10-11 21:54:48.599: E/HeterodyneSyncer(7171): 	at dzj.a(:com.google.android.gms@11519470:16)
10-11 21:54:48.599: E/HeterodyneSyncer(7171): 	at dzi.a(:com.google.android.gms@11519470:2)
10-11 21:54:48.599: E/HeterodyneSyncer(7171): 	at dzi.e(:com.google.android.gms@11519470:6)
10-11 21:54:48.599: E/HeterodyneSyncer(7171): 	at dzg.f(:com.google.android.gms@11519470:3)
10-11 21:54:48.599: E/HeterodyneSyncer(7171): 	at dzg.a(:com.google.android.gms@11519470:4)
10-11 21:54:48.599: E/HeterodyneSyncer(7171): 	at dzg.a(:com.google.android.gms@11519470:7)
10-11 21:54:48.599: E/HeterodyneSyncer(7171): 	at aazh.a(:com.google.android.gms@11519470:30)
10-11 21:54:48.599: E/HeterodyneSyncer(7171): 	at aazj.a(:com.google.android.gms@11519470:27)
10-11 21:54:48.599: E/HeterodyneSyncer(7171): 	at aazj.a(:com.google.android.gms@11519470:158)
10-11 21:54:48.599: E/HeterodyneSyncer(7171): 	at aazj.a(:com.google.android.gms@11519470:284)
10-11 21:54:48.599: E/HeterodyneSyncer(7171): 	at com.google.android.gms.phenotype.sync.HeterodyneSyncTaskChimeraService.a(:com.google.android.gms@11519470:40)
10-11 21:54:48.599: E/HeterodyneSyncer(7171): 	at com.google.android.gms.phenotype.sync.HeterodyneSyncTaskChimeraService.a(:com.google.android.gms@11519470:19)
10-11 21:54:48.599: E/HeterodyneSyncer(7171): 	at ssv.run(:com.google.android.gms@11519470:1)
10-11 21:54:48.599: E/HeterodyneSyncer(7171): 	at java.util.concurrent.ThreadPoolExecutor.runWorker(ThreadPoolExecutor.java:1133)
10-11 21:54:48.599: E/HeterodyneSyncer(7171): 	at java.util.concurrent.ThreadPoolExecutor$Worker.run(ThreadPoolExecutor.java:607)
10-11 21:54:48.599: E/HeterodyneSyncer(7171): 	at java.lang.Thread.run(Thread.java:761)
10-11 21:54:48.623: I/GservicesProvider(2131): main update completed
10-11 21:54:48.651: I/ActivityManager(1698): Start proc 8179:com.google.android.configupdater/u0a5 for broadcast com.google.android.configupdater/.CertPin.CertPinUpdateRequestReceiver
10-11 21:54:48.699: W/Auth(7171): [GetToken] GetToken failed with status code: INVALID_SCOPE
10-11 21:54:48.722: W/System(8179): ClassLoader referenced unknown path: /system/priv-app/ConfigUpdater/lib/x86
10-11 21:54:48.724: W/HeterodyneSyncer(7171): Server returned 401... invalidating auth token
10-11 21:54:48.727: W/ConfigurationChimeraProvider(7171): Got null configs for com.google.android.gms.nearby
10-11 21:54:48.735: E/PlayMovies(7777): AccountManagerWrapper.blockingGetAuthToken:310 Cannot get user auth
10-11 21:54:48.735: E/PlayMovies(7777): THROWABLE:
10-11 21:54:48.735: E/PlayMovies(7777): com.google.android.gms.auth.GoogleAuthException: INVALID_SCOPE
10-11 21:54:48.735: E/PlayMovies(7777): com.google.android.gms.auth.GoogleAuthException: INVALID_SCOPE
10-11 21:54:48.735: E/PlayMovies(7777): 	at com.google.android.gms.auth.GoogleAuthUtil.zza(Unknown Source)
10-11 21:54:48.735: E/PlayMovies(7777): 	at com.google.android.gms.auth.GoogleAuthUtil.zzc(Unknown Source)
10-11 21:54:48.735: E/PlayMovies(7777): 	at com.google.android.gms.auth.GoogleAuthUtil.zzb(Unknown Source)
10-11 21:54:48.735: E/PlayMovies(7777): 	at com.google.android.gms.auth.GoogleAuthUtil.getTokenWithNotification(Unknown Source)
10-11 21:54:48.735: E/PlayMovies(7777): 	at com.google.android.gms.auth.GoogleAuthUtil.getTokenWithNotification(Unknown Source)
10-11 21:54:48.735: E/PlayMovies(7777): 	at com.google.android.videos.service.accounts.AccountManagerWrapper.blockingGetAuthToken(SourceFile:294)
10-11 21:54:48.735: E/PlayMovies(7777): 	at com.google.android.videos.store.net.HttpAuthenticatingFunction.applyAuthToken(SourceFile:101)
10-11 21:54:48.735: E/PlayMovies(7777): 	at com.google.android.videos.store.net.HttpAuthenticatingFunction.applyWithRequiredAuthentication(SourceFile:58)
10-11 21:54:48.735: E/PlayMovies(7777): 	at com.google.android.videos.store.net.HttpAuthenticatingFunction.apply(SourceFile:50)
10-11 21:54:48.735: E/PlayMovies(7777): 	at com.google.android.videos.store.net.HttpAuthenticatingFunction.apply(SourceFile:16)
10-11 21:54:48.735: E/PlayMovies(7777): 	at com.google.android.agera.FunctionCompiler$ChainFunction.apply(SourceFile:198)
10-11 21:54:48.735: E/PlayMovies(7777): 	at com.google.android.videos.service.gcm.DefaultGcmRegistrationManager.registerWithServer(SourceFile:151)
10-11 21:54:48.735: E/PlayMovies(7777): 	at com.google.android.videos.service.gcm.DefaultGcmRegistrationManager.access$000(SourceFile:49)
10-11 21:54:48.735: E/PlayMovies(7777): 	at com.google.android.videos.service.gcm.DefaultGcmRegistrationManager$1.run(SourceFile:102)
10-11 21:54:48.735: E/PlayMovies(7777): 	at java.util.concurrent.ThreadPoolExecutor.runWorker(ThreadPoolExecutor.java:1133)
10-11 21:54:48.735: E/PlayMovies(7777): 	at java.util.concurrent.ThreadPoolExecutor$Worker.run(ThreadPoolExecutor.java:607)
10-11 21:54:48.735: E/PlayMovies(7777): 	at com.google.android.videos.utils.PriorityThreadFactory$1.run(SourceFile:42)
10-11 21:54:48.735: E/PlayMovies(7777): 	at java.lang.Thread.run(Thread.java:761)
10-11 21:54:48.793: I/CheckinRequestBuilder(7185): Checkin reason type: 4 attempt count: 1
10-11 21:54:48.826: E/ActivityThread(7185): Failed to find provider info for com.google.android.wearable.settings
10-11 21:54:48.840: E/ConfigUpdater(8179): Received malformed URL while handling Gservices.CHANGED_ACTION intent_firewall: null null
10-11 21:54:48.851: W/dex2oat(8074): Before Android 4.1, method void rx.internal.operators.OnSubscribeGroupJoin$ResultManager.init() would have incorrectly overridden the package-private method in java.util.HashMap
10-11 21:54:48.855: E/ConfigUpdater(8179): Received malformed URL while handling Gservices.CHANGED_ACTION apn_db: null null
10-11 21:54:48.867: E/ConfigUpdater(8179): Received malformed URL while handling Gservices.CHANGED_ACTION tzdata: null null
10-11 21:54:48.882: E/ConfigUpdater(8179): Received malformed URL while handling Gservices.CHANGED_ACTION selinux: null null
10-11 21:54:48.893: E/ConfigUpdater(8179): Received malformed URL while handling Gservices.CHANGED_ACTION carrier_provisioning_urls: null null
10-11 21:54:48.894: I/ActivityManager(1698): Killing 7589:com.google.android.gms.feedback/u0a14 (adj 906): empty #17
10-11 21:54:48.906: I/ActivityManager(1698): Killing 7561:com.google.android.dialer/u0a16 (adj 906): empty #17
10-11 21:54:48.988: D/ActivityManager(1698): cleanUpApplicationRecord -- 7561
10-11 21:54:48.989: E/lowmemorykiller(1398): Error writing /proc/7589/oom_score_adj; errno=22
10-11 21:54:49.001: E/JavaBinder(1698): !!! FAILED BINDER TRANSACTION !!!  (parcel size = 76)
10-11 21:54:49.015: E/JavaBinder(1698): !!! FAILED BINDER TRANSACTION !!!  (parcel size = 300)
10-11 21:54:49.015: W/ActivityManager(1698): Exception when unbinding service com.google.android.gms/.feedback.FeedbackService
10-11 21:54:49.015: W/ActivityManager(1698): android.os.DeadObjectException: Transaction failed on small parcel; remote process probably died
10-11 21:54:49.015: W/ActivityManager(1698): 	at android.os.BinderProxy.transactNative(Native Method)
10-11 21:54:49.015: W/ActivityManager(1698): 	at android.os.BinderProxy.transact(Binder.java:615)
10-11 21:54:49.015: W/ActivityManager(1698): 	at android.app.ApplicationThreadProxy.scheduleUnbindService(ApplicationThreadNative.java:1016)
10-11 21:54:49.015: W/ActivityManager(1698): 	at com.android.server.am.ActiveServices.removeConnectionLocked(ActiveServices.java:2175)
10-11 21:54:49.015: W/ActivityManager(1698): 	at com.android.server.am.ActiveServices.killServicesLocked(ActiveServices.java:2551)
10-11 21:54:49.015: W/ActivityManager(1698): 	at com.android.server.am.ActivityManagerService.cleanUpApplicationRecordLocked(ActivityManagerService.java:16902)
10-11 21:54:49.015: W/ActivityManager(1698): 	at com.android.server.am.ActivityManagerService.handleAppDiedLocked(ActivityManagerService.java:5078)
10-11 21:54:49.015: W/ActivityManager(1698): 	at com.android.server.am.ActivityManagerService.appDiedLocked(ActivityManagerService.java:5241)
10-11 21:54:49.015: W/ActivityManager(1698): 	at com.android.server.am.ActivityManagerService$AppDeathRecipient.binderDied(ActivityManagerService.java:1475)
10-11 21:54:49.015: W/ActivityManager(1698): 	at android.os.BinderProxy.sendDeathNotice(Binder.java:688)
10-11 21:54:49.016: D/ActivityManager(1698): cleanUpApplicationRecord -- 7589
10-11 21:54:49.064: I/HeterodyneSyncScheduler(7171): Scheduling adaptive one off task with window [14400, 604800] in seconds
10-11 21:54:49.115: I/art(7185): Do full code cache collection, code=124KB, data=119KB
10-11 21:54:49.123: D/NetworkSecurityConfig(7777): No Network Security Config specified, using platform default
10-11 21:54:49.129: E/ChimeraProxyRslvr(7185): Failed to instantiate com.google.android.gms.checkin.CheckinChimeraService$Receiver: java.lang.ClassNotFoundException: Didn't find class "com.google.android.gms.checkin.CheckinChimeraService$Receiver" on path: DexPathList[[zip file "/system/framework/com.android.location.provider.jar", zip file "/system/framework/com.android.media.remotedisplay.jar", zip file "/data/app/com.google.android.gms-2/base.apk"],nativeLibraryDirectories=[/data/app/com.google.android.gms-2/lib/x86, /system/fake-libs, /data/app/com.google.android.gms-2/base.apk!/lib/x86, /system/lib, /vendor/lib]]
10-11 21:54:49.129: E/ChimeraRcvrProxy(7185): com.google.android.gms.checkin.CheckinServiceReceiver dropping broadcast com.google.gservices.intent.action.GSERVICES_CHANGED
10-11 21:54:49.129: I/art(7185): Starting a blocking GC JitCodeCache
10-11 21:54:49.130: I/art(7185): After code cache collection, code=113KB, data=83KB
10-11 21:54:49.130: I/art(7185): Do partial code cache collection, code=113KB, data=91KB
10-11 21:54:49.131: I/art(7185): After code cache collection, code=113KB, data=91KB
10-11 21:54:49.131: I/art(7185): Increasing code cache capacity to 512KB
10-11 21:54:49.203: W/Auth(7171): [GetToken] GetToken failed with status code: INVALID_SCOPE
10-11 21:54:49.204: E/CheckinRequestBuilder(7185): Unrecoverable authentication exception: INVALID_SCOPE
10-11 21:54:49.204: E/CheckinRequestBuilder(7185): dzf: INVALID_SCOPE
10-11 21:54:49.204: E/CheckinRequestBuilder(7185): 	at dzj.a(:com.google.android.gms@11519470:16)
10-11 21:54:49.204: E/CheckinRequestBuilder(7185): 	at dzi.a(:com.google.android.gms@11519470:2)
10-11 21:54:49.204: E/CheckinRequestBuilder(7185): 	at dzi.e(:com.google.android.gms@11519470:6)
10-11 21:54:49.204: E/CheckinRequestBuilder(7185): 	at dzg.f(:com.google.android.gms@11519470:3)
10-11 21:54:49.204: E/CheckinRequestBuilder(7185): 	at dzg.a(:com.google.android.gms@11519470:4)
10-11 21:54:49.204: E/CheckinRequestBuilder(7185): 	at kbi.a(:com.google.android.gms@11519470:203)
10-11 21:54:49.204: E/CheckinRequestBuilder(7185): 	at kci.a(:com.google.android.gms@11519470:17)
10-11 21:54:49.204: E/CheckinRequestBuilder(7185): 	at kci.a(:com.google.android.gms@11519470:181)
10-11 21:54:49.204: E/CheckinRequestBuilder(7185): 	at com.google.android.gms.checkin.CheckinChimeraService.a(:com.google.android.gms@11519470:148)
10-11 21:54:49.204: E/CheckinRequestBuilder(7185): 	at kbe.run(:com.google.android.gms@11519470:2)
10-11 21:54:49.204: E/CheckinRequestBuilder(7185): 	at mmo.run(:com.google.android.gms@11519470:25)
10-11 21:54:49.204: E/CheckinRequestBuilder(7185): 	at java.util.concurrent.ThreadPoolExecutor.runWorker(ThreadPoolExecutor.java:1133)
10-11 21:54:49.204: E/CheckinRequestBuilder(7185): 	at java.util.concurrent.ThreadPoolExecutor$Worker.run(ThreadPoolExecutor.java:607)
10-11 21:54:49.204: E/CheckinRequestBuilder(7185): 	at mrv.run(:com.google.android.gms@11519470)
10-11 21:54:49.204: E/CheckinRequestBuilder(7185): 	at java.lang.Thread.run(Thread.java:761)
10-11 21:54:49.283: V/EmulatedCamera_Factory(1405): getCameraInfo: id = 0
10-11 21:54:49.283: V/EmulatedCamera_Camera(1405): getCameraInfo
10-11 21:54:49.283: V/EmulatedCamera_BaseCamera(1405): getCameraInfo
10-11 21:54:49.283: I/OcrModelUpStIntentOp(7185): Updating ocr activity enabled=true (phenotypeFlag=true, lowRamDevice=false, prereqCheck=true)
10-11 21:54:49.387: I/WearableService(7171): Wearable Services stopping
10-11 21:54:49.391: I/NetRec(7171): [561] ConfigChangedIntentOperation.onHandleIntent: Handling an overridden GServices change
10-11 21:54:49.391: I/NetRec(7171): [561] yjf.b: onConfigChanged()
10-11 21:54:49.392: W/ConfigurationChimeraProvider(7171): Got null configs for com.google.android.gms.chromesync
10-11 21:54:49.397: I/GCoreUlr(7171): Starting service, intent=Intent { act=com.google.android.location.reporting.ACTION_UPDATE_WORLD cmp=com.google.android.gms/com.google.android.location.reporting.service.DispatchingService (has extras) }, extras=Bundle[{receiverAction=com.google.gservices.intent.action.GSERVICES_CHANGED}]
10-11 21:54:49.467: I/ActivityManager(1698): Start proc 8225:com.google.android.partnersetup/u0a21 for broadcast com.google.android.partnersetup/.RlzPingBroadcastReceiver
10-11 21:54:49.478: I/OcrModelUpStIntentOp(7185): Downloading text recognizer
10-11 21:54:49.426: I/main(1403): type=1400 audit(0.0:104): avc: denied { getattr } for path="/sys/kernel/debug/tracing/trace_marker" dev="tracefs" ino=1049 scontext=u:r:zygote:s0 tcontext=u:object_r:debugfs_tracing:s0 tclass=file permissive=1
10-11 21:54:49.486: E/ConfigFileUtils(7185): Failed to read config file: /data/user_de/0/com.google.android.gms/app_chimera/current_modulesets.pb (No such file or directory)
10-11 21:54:49.514: W/ActivityManager(1698): Unable to start service Intent { cmp=com.google.android.gms/.analytics.service.RefreshEnabledStateService } U=0: not found
10-11 21:54:49.525: W/System(8225): ClassLoader referenced unknown path: /system/priv-app/GooglePartnerSetup/lib/x86
10-11 21:54:49.426: I/main(8225): type=1400 audit(0.0:105): avc: denied { write } for name="trace_marker" dev="tracefs" ino=1049 scontext=u:r:zygote:s0 tcontext=u:object_r:debugfs_tracing:s0 tclass=file permissive=1
10-11 21:54:49.426: I/main(8225): type=1400 audit(0.0:106): avc: denied { open } for path="/sys/kernel/debug/tracing/trace_marker" dev="tracefs" ino=1049 scontext=u:r:zygote:s0 tcontext=u:object_r:debugfs_tracing:s0 tclass=file permissive=1
10-11 21:54:49.650: W/GmsModuleProvider(7185): Unknown dynamite feature flags
10-11 21:54:49.650: I/DynamiteModule(7185): Considering local module com.google.android.gms.flags:2 and remote module com.google.android.gms.flags:0
10-11 21:54:49.650: I/DynamiteModule(7185): Selected local version of com.google.android.gms.flags
10-11 21:54:49.667: I/Remoter(1394): Saved screenshot to '/data/screenshots/__pmv__-0094.jpg'
10-11 21:54:49.668: W/dex2oat(8074): Verification of void com.facebook.internal.GraphUtil.<clinit>() took 147.738ms
10-11 21:54:49.669: W/dex2oat(8074): Verification of com.facebook.internal.WebDialog com.facebook.internal.WebDialog$Builder.build() took 118.389ms
10-11 21:54:49.672: I/art(7185): Background partial concurrent mark sweep GC freed 26692(2MB) AllocSpace objects, 8(160KB) LOS objects, 40% free, 8MB/14MB, paused 5.511ms total 123.570ms
10-11 21:54:49.715: I/ActivityManager(1698): Killing 7397:com.google.android.apps.auth.test.support/u0a85 (adj 906): empty #17
10-11 21:54:49.745: I/GeofencerStateMachine(7171): sendQueryLocationOptIn
10-11 21:54:49.745: I/GeofencerStateMachine(7171): Network location disabled.
10-11 21:54:49.746: I/GeofencerStateMachine(7171): sendQueryLocationOptIn
10-11 21:54:49.747: I/GeofencerStateMachine(7171): sendQueryLocationOptIn
10-11 21:54:49.792: D/ActivityManager(1698): cleanUpApplicationRecord -- 7397
10-11 21:54:49.807: E/ProcessCheckinRequest(7185): CheckinNowTaskTag : Checkin Succeeded: https://android.clients.google.com/checkin (request #1): 
10-11 21:54:49.821: I/GeofencerStateMachine(7171): sendQueryLocationOptIn
10-11 21:54:49.821: I/GeofencerStateMachine(7171): sendQueryLocationOptIn
10-11 21:54:49.824: I/GeofencerStateMachine(7171): sendQueryLocationOptIn
10-11 21:54:49.825: I/GeofencerStateMachine(7171): sendQueryLocationOptIn
10-11 21:54:49.828: I/GoogleURLConnFactory(7185): Using platform SSLCertificateSocketFactory
10-11 21:54:49.846: E/ConfigFileUtils(7185): Failed to read config file: /data/user_de/0/com.google.android.gms/app_chimera/current_modulesets.pb (No such file or directory)
10-11 21:54:49.856: I/GCoreUlr(7171): WorldUpdater received intent Intent { act=com.google.android.location.reporting.ACTION_UPDATE_WORLD cmp=com.google.android.gms/com.google.android.location.reporting.service.DispatchingService (has extras) } with receiverAction com.google.gservices.intent.action.GSERVICES_CHANGED
10-11 21:54:49.879: I/FontsSharedState(7185): Updating from directory version 0 to 7 from disk
10-11 21:54:49.914: W/Auth(7171): [GetToken] GetToken failed with status code: INVALID_SCOPE
10-11 21:54:49.916: E/Auth.Api.Credentials(7185): [SyncManager] Error during the sync.
10-11 21:54:49.916: E/Auth.Api.Credentials(7185): dzf: INVALID_SCOPE
10-11 21:54:49.916: E/Auth.Api.Credentials(7185): 	at dzj.a(:com.google.android.gms@11519470:16)
10-11 21:54:49.916: E/Auth.Api.Credentials(7185): 	at dzi.a(:com.google.android.gms@11519470:2)
10-11 21:54:49.916: E/Auth.Api.Credentials(7185): 	at dzi.e(:com.google.android.gms@11519470:6)
10-11 21:54:49.916: E/Auth.Api.Credentials(7185): 	at dzi.d(:com.google.android.gms@11519470:1)
10-11 21:54:49.916: E/Auth.Api.Credentials(7185): 	at dzg.b(:com.google.android.gms@11519470:1)
10-11 21:54:49.916: E/Auth.Api.Credentials(7185): 	at mhp.b(:com.google.android.gms@11519470)
10-11 21:54:49.916: E/Auth.Api.Credentials(7185): 	at mgg.b(:com.google.android.gms@11519470:5)
10-11 21:54:49.916: E/Auth.Api.Credentials(7185): 	at mgw.b(:com.google.android.gms@11519470:9)
10-11 21:54:49.916: E/Auth.Api.Credentials(7185): 	at mgw.a(:com.google.android.gms@11519470:16)
10-11 21:54:49.916: E/Auth.Api.Credentials(7185): 	at mgw.a(:com.google.android.gms@11519470:32)
10-11 21:54:49.916: E/Auth.Api.Credentials(7185): 	at enf.b(:com.google.android.gms@11519470:45)
10-11 21:54:49.916: E/Auth.Api.Credentials(7185): 	at erg.a(:com.google.android.gms@11519470:4)
10-11 21:54:49.916: E/Auth.Api.Credentials(7185): 	at ere.a(:com.google.android.gms@11519470:84)
10-11 21:54:49.916: E/Auth.Api.Credentials(7185): 	at erd.a(:com.google.android.gms@11519470:60)
10-11 21:54:49.916: E/Auth.Api.Credentials(7185): 	at mlr.onPerformSync(:com.google.android.gms@11519470:6)
10-11 21:54:49.916: E/Auth.Api.Credentials(7185): 	at android.content.AbstractThreadedSyncAdapter$SyncThread.run(AbstractThreadedSyncAdapter.java:272)
10-11 21:54:49.917: W/ConfigurationChimeraProvider(7171): Got null configs for com.google.android.gms.security
10-11 21:54:49.921: I/Vision(7185): Engine already satisfied by existing download for ocr
10-11 21:54:50.014: I/CmaSystemUpdateService(7185): StartServiceIntentOperation: Intent { act=com.google.gservices.intent.action.GSERVICES_CHANGED flg=0x10 cmp=com.google.android.gms/.chimera.GmsIntentOperationService$PersistentInternalReceiver }
10-11 21:54:50.026: I/CmaSystemUpdateService(7185): receiver: Intent { act=com.google.gservices.intent.action.GSERVICES_CHANGED flg=0x10 cmp=com.google.android.gms/.chimera.GmsIntentOperationService$PersistentInternalReceiver }
10-11 21:54:50.030: I/SystemUpdate(7185): [Installation,ReceiverIntentOperation] Received intent: Intent { act=com.google.gservices.intent.action.GSERVICES_CHANGED flg=0x10 cmp=com.google.android.gms/.chimera.GmsIntentOperationService$PersistentInternalReceiver }.
10-11 21:54:50.049: W/ConfigurationChimeraProvider(7171): Got null configs for com.google.android.gms.update
10-11 21:54:50.054: I/art(7185): Background partial concurrent mark sweep GC freed 31997(2MB) AllocSpace objects, 15(736KB) LOS objects, 39% free, 9MB/15MB, paused 2.684ms total 110.857ms
10-11 21:54:50.061: W/dex2oat(8074): Verification of void com.google.android.gms.dynamic.zza$5.<init>(android.content.Context, android.content.Intent) took 110.039ms
10-11 21:54:50.073: W/ChimeraUtils(7185): Non Chimera context
10-11 21:54:50.089: I/SystemUpdate(7185): [Execution,InstallationEventIntentOperation] Received intent with event 2.
10-11 21:54:50.094: I/CmaSystemUpdateService(7185): connectivity change: Intent { act=android.net.conn.CONNECTIVITY_CHANGE flg=0x4000010 (has extras) }
10-11 21:54:50.094: I/CmaSystemUpdateService(7185): receiver: Intent { act=android.net.conn.CONNECTIVITY_CHANGE flg=0x4000010 (has extras) }
10-11 21:54:50.097: I/SystemUpdate(7185): [Execution,InstallationIntentOperation] Received intent: Intent { act=com.google.android.gms.update.INSTALL_UPDATE cat=[targeted_intent_op_prefix:.update.execution.InstallationIntentOperation] cmp=com.google.android.gms/.chimera.GmsIntentOperationService }.
10-11 21:54:50.107: I/SystemUpdateTask(7185): cancelUpdate (empty URL)
10-11 21:54:50.107: I/CmaSystemUpdateService(7185): active receiver: disabled
10-11 21:54:50.112: W/UdcContextManagerHelper(7171): Empty context buffer. Thus might mean that the context is not synced down.
10-11 21:54:50.112: W/UploadOptInStatusOp(7171): Empty context model while retrieving upload opt-in status!
10-11 21:54:50.121: E/ConfigFileUtils(7185): Failed to read config file: /data/user_de/0/com.google.android.gms/app_chimera/current_modulesets.pb (No such file or directory)
10-11 21:54:50.177: I/ActivityManager(1698): Waited long enough for: ServiceRecord{70527f6 u0 com.google.android.googlequicksearchbox/com.google.android.apps.gsa.tasks.VelvetBackgroundTasksIntentService}
10-11 21:54:50.197: I/SystemUpdateTask(7185): cancelUpdate (empty URL)
10-11 21:54:50.197: I/CmaSystemUpdateService(7185): active receiver: disabled
10-11 21:54:50.221: E/ctxmgr(7171): [NetworkUtil]No active synchronizable contexts.
10-11 21:54:50.222: I/GCoreUlr(7171): WorldUpdater:com.google.gservices.intent.action.GSERVICES_CHANGED: Ensuring that reporting is stopped because of reasons: {account#11#=[InactiveReason{mIdentifier=10, mName='AuthError'}, InactiveReason{mIdentifier=6, mName='ReportingNotEnabled'}, InactiveReason{mIdentifier=14, mName='HistoryNotEnabled'}]}
10-11 21:54:50.231: I/GCoreUlr(7171): Unbound from all location providers
10-11 21:54:50.231: I/GCoreUlr(7171): Place inference reporting - stop
10-11 21:54:50.233: I/GCoreUlr(7171): Unregistering for aliased place alerts.
10-11 21:54:50.248: I/GCoreUlr(7171): DispatchingService.onDestroy()
10-11 21:54:50.249: I/GCoreUlr(7171): Stopping handler for UlrDispSvcFast
10-11 21:54:50.251: I/GCoreUlr(7171): Unbound from all location providers
10-11 21:54:50.251: I/GCoreUlr(7171): Place inference reporting - stop
10-11 21:54:50.259: I/GCoreUlr(7171): Unregistering for aliased place alerts.
10-11 21:54:50.271: I/Places(7171): ?: Couldn't find platform key file.
10-11 21:54:50.321: W/art(7171): Suspending all threads took: 9.033ms
10-11 21:54:50.328: W/Auth(7171): [GetToken] GetToken failed with status code: INVALID_SCOPE
10-11 21:54:50.328: W/AuthSessionAuthenticato(7171): Auth related exception is being ignored: INVALID_SCOPE
10-11 21:54:50.329: I/art(7171): Background partial concurrent mark sweep GC freed 34799(2MB) AllocSpace objects, 4(80KB) LOS objects, 39% free, 6MB/11MB, paused 9.966ms total 45.621ms
10-11 21:54:50.334: W/GLSUser(7171): [DeviceKeyStore] Cannot load key: Device key file not found.
10-11 21:54:50.342: I/Icing(7185): Indexing 46F205FCB023A71BB8181F093A553468EBB51225 from com.google.android.gms
10-11 21:54:50.346: W/GLSUser(7171): [DeviceKeyStore] Cannot load key: Device key file not found.
10-11 21:54:50.351: I/Icing(7185): Indexing done 46F205FCB023A71BB8181F093A553468EBB51225
10-11 21:54:50.351: I/Icing(7185): Indexing 2B3918B6139F3A0B1619F3C0FAE39DE588A18204 from com.google.android.gms
10-11 21:54:50.355: E/ctxmgr(7171): [BaseServerTask]Server task (FetchAclSet) got error statusCode=-1.
10-11 21:54:50.355: E/ctxmgr(7171): com.android.volley.VolleyError: Unable to obtain auth token - is the device online?
10-11 21:54:50.355: E/ctxmgr(7171): 	at ciz.a(:com.google.android.gms@11519470:39)
10-11 21:54:50.355: E/ctxmgr(7171): 	at cei.run(:com.google.android.gms@11519470:2)
10-11 21:54:50.355: E/ctxmgr(7171): 	at ceg.handleMessage(:com.google.android.gms@11519470:3)
10-11 21:54:50.355: E/ctxmgr(7171): 	at mme.run(:com.google.android.gms@11519470:6)
10-11 21:54:50.355: E/ctxmgr(7171): 	at mmo.run(:com.google.android.gms@11519470:25)
10-11 21:54:50.355: E/ctxmgr(7171): 	at java.util.concurrent.ThreadPoolExecutor.runWorker(ThreadPoolExecutor.java:1133)
10-11 21:54:50.355: E/ctxmgr(7171): 	at java.util.concurrent.ThreadPoolExecutor$Worker.run(ThreadPoolExecutor.java:607)
10-11 21:54:50.355: E/ctxmgr(7171): 	at mrv.run(:com.google.android.gms@11519470)
10-11 21:54:50.355: E/ctxmgr(7171): 	at java.lang.Thread.run(Thread.java:761)
10-11 21:54:50.398: I/GeofencerStateMachine(7171): removeGeofences: removeRequest=RemoveGeofencingRequest[REMOVE_BY_PENDING_INTENT pendingIntent=PendingIntent[creatorPackage=com.google.android.gms], packageName=null]
10-11 21:54:50.400: I/GeofencerStateMachine(7171): removeGeofences: removeRequest=RemoveGeofencingRequest[REMOVE_BY_PENDING_INTENT pendingIntent=PendingIntent[creatorPackage=com.google.android.gms], packageName=null]
10-11 21:54:50.403: I/Places(7171): ?: Couldn't find platform key file.
10-11 21:54:50.406: I/Icing(7185): Indexing done 2B3918B6139F3A0B1619F3C0FAE39DE588A18204
10-11 21:54:50.407: I/Icing(7185): Indexing 471CDC362AD1D1CB70C091C320E7083C34641E68 from com.google.android.gms
10-11 21:54:50.411: I/GeofencerStateMachine(7171): removeGeofences: removeRequest=RemoveGeofencingRequest[REMOVE_BY_PENDING_INTENT pendingIntent=PendingIntent[creatorPackage=com.google.android.gms], packageName=null]
10-11 21:54:50.414: I/Icing(7185): Indexing done 471CDC362AD1D1CB70C091C320E7083C34641E68
10-11 21:54:50.414: I/Icing(7185): Indexing 850945EBB5973DAEEDF9F1A0D4B756D3CC293FF9 from com.google.android.gms
10-11 21:54:50.420: I/Icing(7185): Indexing done 850945EBB5973DAEEDF9F1A0D4B756D3CC293FF9
10-11 21:54:50.421: I/Icing(7185): Not indexing corpus from package com.android.chrome as it has never connected
10-11 21:54:50.421: E/Icing(7185): Aborting indexing of corpus omnibox
10-11 21:54:50.426: W/UdcContextManagerHelper(7171): Empty context buffer. Thus might mean that the context is not synced down.
10-11 21:54:50.426: W/UploadOptInStatusOp(7171): Empty context model while retrieving upload opt-in status!
10-11 21:54:50.427: I/Icing(7185): Indexing 51C3B5AF46497F3011638FECF638F1B31437CA73 from com.google.android.gms
10-11 21:54:50.446: I/GeofencerStateMachine(7171): removeGeofences: removeRequest=RemoveGeofencingRequest[REMOVE_BY_PENDING_INTENT pendingIntent=PendingIntent[creatorPackage=com.google.android.gms], packageName=null]
10-11 21:54:50.446: I/Icing(7185): Indexing done 51C3B5AF46497F3011638FECF638F1B31437CA73
10-11 21:54:50.446: I/GeofencerStateMachine(7171): removeGeofences: removeRequest=RemoveGeofencingRequest[REMOVE_BY_PENDING_INTENT pendingIntent=PendingIntent[creatorPackage=com.google.android.gms], packageName=null]
10-11 21:54:50.447: I/WVCdm(1410): CdmEngine::OpenSession
10-11 21:54:50.447: I/WVCdm(1410): Level3 Library 4464 Sep 10 2016 21:49:53
10-11 21:54:50.450: I/GeofencerStateMachine(7171): removeGeofences: removeRequest=RemoveGeofencingRequest[REMOVE_BY_PENDING_INTENT pendingIntent=PendingIntent[creatorPackage=com.google.android.gms], packageName=null]
10-11 21:54:50.451: W/WVCdm(1410): Could not load liboemcrypto.so. Falling back to L3.  dlopen failed: library "liboemcrypto.so" not found
10-11 21:54:50.453: E/ctxmgr(7171): [AccountAclCallback]Failed Acl fetch: network status=-1
10-11 21:54:50.454: I/WVCdm(1410): CdmEngine::QueryKeyControlInfo
10-11 21:54:50.454: I/WVCdm(1410): CdmEngine::GenerateKeyRequest
10-11 21:54:50.455: D/WVCdm(1410): PrepareKeyRequest: nonce=2197807866
10-11 21:54:50.589: W/Babel(7474): bcb TOOK TOO LONG! (15015ms > 10000ms)
10-11 21:54:50.600: I/Icing(7185): App usage reports: 1
10-11 21:54:50.601: I/WVCdm(1410): CdmEngine::CloseSession
10-11 21:54:50.607: I/Icing(7185): Usage reports 1 indexed 0 rejected 0 imm upload false
10-11 21:54:50.620: I/MS_RegisterService(8015): RegisterService intent:Intent { act=register_intent_action flg=0x10 cmp=com.google.android.talk/com.google.android.libraries.matchstick.net.SilentRegisterService } isPeriodic:false
10-11 21:54:50.623: I/MS_RegisterService(8015): Not registered and not enabled. Doing nothing.
10-11 21:54:50.626: I/Babel_ConcService(7474): Acquired partial wake lock to keep ConcurrentService alive
10-11 21:54:50.626: I/Icing(7185): IndexChimeraService.getServiceInterface callingPackage=com.google.android.videos componentName=null serviceId=36
10-11 21:54:50.627: I/Babel_ConcService(7474): Released partial wake lock as ConcurrentService became idle
10-11 21:54:50.630: W/Babel(7474): bcb TOOK TOO LONG! (15001ms > 10000ms)
10-11 21:54:50.637: I/Telecom(1698): PhoneAccountRegistrar: SimCallManager queried, returning: null: TSI.gSCM@AF0
10-11 21:54:50.642: I/Babel_telephony(7474): TeleModule.updateConnectionManagerRegistration, registration preference changed from false to false
10-11 21:54:50.642: W/Babel(7474): BAM#gBA: invalid account id: -1
10-11 21:54:50.642: W/Babel(7474): BAM#gBA: invalid account id: -1
10-11 21:54:50.642: I/Babel_telephony(7474): TeleModule.updateIncomingCallRegistration, preferred account for incoming calls changed from: null to null
10-11 21:54:50.645: I/Telecom(1698): PhoneAccountRegistrar: SimCallManager queried, returning: null: TSI.gSCM@AF8
10-11 21:54:50.674: I/Icing(7185): Indexing done 241B09F6E3C69FD9792618117EAD9E8F2E42DB55
10-11 21:54:50.682: I/Icing(7185): Usage reports 0 indexed 0 rejected 0 imm upload false
10-11 21:54:50.756: I/Remoter(1394): Saved screenshot to '/data/screenshots/__pmv__-0095.jpg'
10-11 21:54:51.646: I/Icing(7185): Indexing DCEAA18E558319C85E9C6151DAEE8B9BF255171A from com.google.android.videos
10-11 21:54:51.654: I/Icing(7185): Indexing done DCEAA18E558319C85E9C6151DAEE8B9BF255171A
10-11 21:54:51.677: I/Icing(7185): Indexing 1B7594F4EE77AE382612EE5F93BE44937B96AFA2 from com.google.android.videos
10-11 21:54:51.683: I/Icing(7185): Indexing done 1B7594F4EE77AE382612EE5F93BE44937B96AFA2
10-11 21:54:51.731: I/dex2oat(8074): dex2oat took 6.604s (threads: 2) arena alloc=220KB (225504B) java alloc=8MB (8693840B) native alloc=19MB (20000128B) free=3MB (3461760B)
10-11 21:54:51.773: D/installd(1407): Detected label change from u:object_r:system_data_file:s0 to u:object_r:app_data_file:s0:c512,c768 at /data/data/com.habitrpg.android.habitica; running recursive restorecon
10-11 21:54:51.773: D/installd(1407): Detected label change from u:object_r:system_data_file:s0 to u:object_r:app_data_file:s0:c512,c768 at /data/user_de/0/com.habitrpg.android.habitica; running recursive restorecon
10-11 21:54:51.775: V/BackupManagerService(1698): restoreAtInstall pkg=com.habitrpg.android.habitica token=9 restoreSet=0
10-11 21:54:51.775: V/BackupManagerService(1698): Finishing install immediately
10-11 21:54:51.775: V/BackupManagerService(1698): [ 10-11 21:54:51.775  1407: 1407 I/         ]
10-11 21:54:51.775: V/BackupManagerService(1698): free_cache(0) avail 3796131840
10-11 21:54:51.778: I/GnssLocationProvider(1698): WakeLock acquired by sendMessage(3, 0, com.android.server.location.GnssLocationProvider$GpsRequest@e9f69b2)
10-11 21:54:51.778: I/GnssLocationProvider(1698): WakeLock released by handleMessage(3, 0, com.android.server.location.GnssLocationProvider$GpsRequest@e9f69b2)
10-11 21:54:51.779: I/GnssLocationProvider(1698): WakeLock acquired by sendMessage(3, 0, com.android.server.location.GnssLocationProvider$GpsRequest@dc06d03)
10-11 21:54:51.779: I/GnssLocationProvider(1698): WakeLock released by handleMessage(3, 0, com.android.server.location.GnssLocationProvider$GpsRequest@dc06d03)
10-11 21:54:51.779: D/VoldConnector(1698): SND -> {12 volume remount_uid 10090 default}
10-11 21:54:51.780: D/vold(1329): Remounting 10090 as mode default
10-11 21:54:51.782: D/VoldConnector(1698): RCV <- {200 12 Command succeeded}
10-11 21:54:51.782: I/GnssLocationProvider(1698): WakeLock acquired by sendMessage(3, 0, com.android.server.location.GnssLocationProvider$GpsRequest@f778480)
10-11 21:54:51.783: I/GnssLocationProvider(1698): WakeLock released by handleMessage(3, 0, com.android.server.location.GnssLocationProvider$GpsRequest@f778480)
10-11 21:54:51.783: D/VoldConnector(1698): SND -> {13 volume remount_uid 10090 write}
10-11 21:54:51.783: D/vold(1329): Remounting 10090 as mode write
10-11 21:54:51.785: D/VoldConnector(1698): RCV <- {200 13 Command succeeded}
10-11 21:54:51.788: I/art(1698): Starting a blocking GC Explicit
10-11 21:54:51.813: I/Remoter(1394): Saved screenshot to '/data/screenshots/__pmv__-0096.jpg'
10-11 21:54:51.864: I/art(1698): Explicit concurrent mark sweep GC freed 40388(2MB) AllocSpace objects, 9(180KB) LOS objects, 33% free, 11MB/16MB, paused 34.851ms total 75.852ms
10-11 21:54:51.864: I/art(1698): [ 10-11 21:54:51.864  1407: 1407 E/         ]
10-11 21:54:51.864: I/art(1698): Couldn't opendir /data/app/vmdl211101709.tmp: No such file or directory
10-11 21:54:51.869: I/InputReader(1698): Reconfiguring input devices.  changes=0x00000010
10-11 21:54:51.869: I/InputReader(1698): Reconfiguring input devices.  changes=0x00000010
10-11 21:54:51.870: I/InputReader(1698): Reconfiguring input devices.  changes=0x00000010
10-11 21:54:51.872: D/BluetoothMapAppObserver(1767): onReceive
10-11 21:54:51.872: D/BluetoothMapAppObserver(1767): The installed package is: com.habitrpg.android.habitica
10-11 21:54:51.873: D/BluetoothMapAppObserver(1767): Found 0 application(s) with intent android.bluetooth.action.BLUETOOTH_MAP_PROVIDER
10-11 21:54:51.874: D/BluetoothMapAppObserver(1767): Found 0 application(s) with intent android.bluetooth.action.BLUETOOTH_MAP_IM_PROVIDER
10-11 21:54:51.874: D/CarrierSvcBindHelper(1872): No carrier app for: 0
10-11 21:54:51.875: D/CarrierSvcBindHelper(1872): No carrier app for: 0
10-11 21:54:51.875: D/CarrierSvcBindHelper(1872): No carrier app for: 0
10-11 21:54:51.875: D/CarrierConfigLoader(1872): mHandler: 9 phoneId: 0
10-11 21:54:51.877: I/art(7883): System.exit called, status: 0
10-11 21:54:51.877: I/AndroidRuntime(7883): VM exiting with result code 0.
10-11 21:54:51.878: I/ActivityManager(1698): Start proc 8279:com.android.musicfx/u0a23 for broadcast com.android.musicfx/.Compatibility$Receiver
10-11 21:54:51.888: W/System(8279): ClassLoader referenced unknown path: /system/priv-app/MusicFX/lib/x86
10-11 21:54:51.899: W/ResourceType(1698): No known package when getting value for resource number 0x7f020100
10-11 21:54:51.899: W/ResourceType(1698): No known package when getting value for resource number 0x7f0a028a
10-11 21:54:51.907: I/Finsky(7622): [1] com.google.android.finsky.utils.PermissionPolicies$PermissionPolicyService.onStartCommand(117): post-install permissions check for com.habitrpg.android.habitica
10-11 21:54:51.908: I/Finsky(7622): [1] com.google.android.finsky.utils.bn.run(1302): Package state data is missing for com.habitrpg.android.habitica
10-11 21:54:51.926: W/Searchables(1698): No global search activity found
10-11 21:54:51.929: I/WearableService(7171): Wearable Services not starting - Wear is not available on this device.
10-11 21:54:51.941: I/ActivityManager(1698): Start proc 8298:com.android.printspooler/u0a75 for service com.android.printspooler/.model.PrintSpoolerService
10-11 21:54:51.942: D/WearableService(7171): onGetService - Wear is not available on this device.
