10-13 09:26:14.351: W/dalvikvm(4150): Unable to resolve superclass of Laeje; (6315)
10-13 09:26:14.351: W/dalvikvm(4150): Link of class 'Laeje;' failed
10-13 09:26:14.351: I/dalvikvm(4150): Could not find method aeje.d, referenced from method aeew.b
10-13 09:26:14.351: W/dalvikvm(4150): VFY: unable to resolve virtual method 790: Laeje;.d ()V
10-13 09:26:14.351: D/dalvikvm(4150): VFY: replacing opcode 0x6e at 0x0596
10-13 09:26:14.351: W/dalvikvm(4150): Unable to resolve superclass of Laeje; (6315)
10-13 09:26:14.351: W/dalvikvm(4150): Link of class 'Laeje;' failed
10-13 09:26:14.351: I/dalvikvm(4150): Could not find method aeje.d, referenced from method aeew.b
10-13 09:26:14.351: W/dalvikvm(4150): VFY: unable to resolve virtual method 790: Laeje;.d ()V
10-13 09:26:14.351: D/dalvikvm(4150): VFY: replacing opcode 0x6e at 0x05ec
10-13 09:26:14.351: W/dalvikvm(4150): Unable to resolve superclass of Laeje; (6315)
10-13 09:26:14.351: W/dalvikvm(4150): Link of class 'Laeje;' failed
10-13 09:26:14.351: I/dalvikvm(4150): Could not find method aeje.d, referenced from method aeew.b
10-13 09:26:14.351: W/dalvikvm(4150): VFY: unable to resolve virtual method 790: Laeje;.d ()V
10-13 09:26:14.351: D/dalvikvm(4150): VFY: replacing opcode 0x6e at 0x077f
10-13 09:26:14.351: I/dalvikvm(4150): Could not find method android.system.Os.getuid, referenced from method aeew.b
10-13 09:26:14.351: W/dalvikvm(4150): VFY: unable to resolve static method 29036: Landroid/system/Os;.getuid ()I
10-13 09:26:14.351: D/dalvikvm(4150): VFY: replacing opcode 0x71 at 0x07a9
10-13 09:26:14.351: W/dalvikvm(4150): Unable to resolve superclass of Laeje; (6315)
10-13 09:26:14.351: W/dalvikvm(4150): Link of class 'Laeje;' failed
10-13 09:26:14.351: I/dalvikvm(4150): Could not find method aeje.d, referenced from method aeew.b
10-13 09:26:14.351: W/dalvikvm(4150): VFY: unable to resolve virtual method 790: Laeje;.d ()V
10-13 09:26:14.351: D/dalvikvm(4150): VFY: replacing opcode 0x6e at 0x0811
10-13 09:26:14.371: D/dalvikvm(1705): GC_FOR_ALLOC freed 1993K, 17% free 12816K/15392K, paused 12ms, total 12ms
10-13 09:26:14.401: D/dalvikvm(1705): GC_FOR_ALLOC freed 1965K, 17% free 12828K/15392K, paused 10ms, total 10ms
10-13 09:26:14.421: D/dalvikvm(1705): GC_FOR_ALLOC freed 1953K, 17% free 12837K/15392K, paused 9ms, total 9ms
10-13 09:26:14.431: I/GAV2(4676): Thread[GAThread,5,main]: No campaign data found.
10-13 09:26:14.431: I/GAv4-SVC(4150): Google Analytics 11.5.19 is starting up.
10-13 09:26:14.441: E/dalvikvm(4150): Could not find class 'android.app.job.JobScheduler', referenced from method dcf.c
10-13 09:26:14.441: W/dalvikvm(4150): VFY: unable to resolve check-cast 831 (Landroid/app/job/JobScheduler;) in Ldcf;
10-13 09:26:14.441: D/dalvikvm(4150): VFY: replacing opcode 0x1f at 0x001c
10-13 09:26:14.461: D/dalvikvm(1705): GC_FOR_ALLOC freed 2009K, 17% free 12863K/15392K, paused 11ms, total 11ms
10-13 09:26:14.481: D/AlertService(2804): Beginning updateAlertNotification
10-13 09:26:14.491: D/AlertService(2804): No fired or scheduled alerts
10-13 09:26:14.491: D/AlertService(2804): Scheduling next alarm with AlarmScheduler. sEventReminderReceived: null
10-13 09:26:14.501: D/AlarmScheduler(2804): No events found starting within 1 week.
10-13 09:26:14.501: I/ActivityManager(1705): Killing 3449:com.android.musicfx/u0a15 (adj 15): empty #17
10-13 09:26:14.521: D/dalvikvm(1705): GC_FOR_ALLOC freed 2056K, 17% free 12889K/15392K, paused 11ms, total 11ms
10-13 09:26:14.541: I/PackageManager(1705): Running dexopt on: org.gnucash.android
10-13 09:26:14.551: W/linker(4935): libdvm.so has text relocations. This is wasting memory and is a security risk. Please fix.
10-13 09:26:14.591: W/UdcContextManagerHelper(4210): Empty context buffer. Thus might mean that the context is not synced down.
10-13 09:26:14.591: W/UploadOptInStatusOp(4210): Empty context model while retrieving upload opt-in status!
10-13 09:26:14.621: D/dalvikvm(4210): GC_CONCURRENT freed 960K, 14% free 7139K/8296K, paused 4ms+3ms, total 33ms
10-13 09:26:14.631: E/ctxmgr(4210): [NetworkUtil]No active synchronizable contexts.
10-13 09:26:14.641: I/Auth(4166): [ReflectiveChannelBinder] Successfully bound channel!
10-13 09:26:14.641: W/Conscrypt(4166): Could not set socket write timeout:
10-13 09:26:14.641: W/Conscrypt(4166):    java.lang.reflect.Method.invokeNative(Native Method)
10-13 09:26:14.641: W/Conscrypt(4166):    java.lang.reflect.Method.invoke(Method.java:515)
10-13 09:26:14.651: W/Conscrypt(4166): Could not set socket write timeout:
10-13 09:26:14.651: W/Conscrypt(4166):    java.lang.reflect.Method.invokeNative(Native Method)
10-13 09:26:14.651: W/Conscrypt(4166):    java.lang.reflect.Method.invoke(Method.java:515)
10-13 09:26:14.741: W/Auth(4166): [GetToken] GetToken failed with status code: INVALID_SCOPE
10-13 09:26:14.741: W/AuthSessionAuthenticato(4210): Auth related exception is being ignored: INVALID_SCOPE
10-13 09:26:14.741: W/GLSUser(4166): [DeviceKeyStore] Cannot load key: Device key file not found.
10-13 09:26:14.741: W/GLSUser(4166): [DeviceKeyStore] Cannot load key: Device key file not found.
10-13 09:26:14.741: E/ctxmgr(4210): [BaseServerTask]Server task (FetchAclSet) got error statusCode=-1.
10-13 09:26:14.741: E/ctxmgr(4210): com.android.volley.VolleyError: Unable to obtain auth token - is the device online?
10-13 09:26:14.741: E/ctxmgr(4210): 	at chx.a(:com.google.android.gms@11519070:39)
10-13 09:26:14.741: E/ctxmgr(4210): 	at cdg.run(:com.google.android.gms@11519070:2)
10-13 09:26:14.741: E/ctxmgr(4210): 	at cde.handleMessage(:com.google.android.gms@11519070:3)
10-13 09:26:14.741: E/ctxmgr(4210): 	at jpq.run(:com.google.android.gms@11519070:6)
10-13 09:26:14.741: E/ctxmgr(4210): 	at jqa.run(:com.google.android.gms@11519070:25)
10-13 09:26:14.741: E/ctxmgr(4210): 	at java.util.concurrent.ThreadPoolExecutor.runWorker(ThreadPoolExecutor.java:1112)
10-13 09:26:14.741: E/ctxmgr(4210): 	at java.util.concurrent.ThreadPoolExecutor$Worker.run(ThreadPoolExecutor.java:587)
10-13 09:26:14.741: E/ctxmgr(4210): 	at jvj.run(:com.google.android.gms@11519070)
10-13 09:26:14.741: E/ctxmgr(4210): 	at java.lang.Thread.run(Thread.java:841)
10-13 09:26:14.741: E/ctxmgr(4210): [AccountAclCallback]Failed Acl fetch: network status=-1
10-13 09:26:14.771: I/WVCdm(1331): CdmEngine::OpenSession
10-13 09:26:14.771: I/WVCdm(1331): CdmEngine::QueryKeyControlInfo
10-13 09:26:14.771: I/WVCdm(1331): CdmEngine::GenerateKeyRequest
10-13 09:26:14.781: D/dalvikvm(4166): GC_CONCURRENT freed 745K, 20% free 6073K/7564K, paused 1ms+1ms, total 7ms
10-13 09:26:14.791: W/dalvikvm(4935): method Landroid/support/v7/widget/ListViewCompat;.lookForSelectablePosition incorrectly overrides package-private method with same name in Landroid/widget/ListView;
10-13 09:26:14.831: D/WVCdm(1331): PrepareKeyRequest: nonce=1454428653
10-13 09:26:14.831: D/dalvikvm(4935): DexOpt: 'Lorg/apache/commons/codec/Decoder;' has an earlier definition; blocking out
10-13 09:26:14.831: D/dalvikvm(4935): DexOpt: 'Lorg/apache/commons/codec/BinaryDecoder;' has an earlier definition; blocking out
10-13 09:26:14.831: D/dalvikvm(4935): DexOpt: 'Lorg/apache/commons/codec/Encoder;' has an earlier definition; blocking out
10-13 09:26:14.831: D/dalvikvm(4935): DexOpt: 'Lorg/apache/commons/codec/BinaryEncoder;' has an earlier definition; blocking out
10-13 09:26:14.831: D/dalvikvm(4935): DexOpt: 'Lorg/apache/commons/codec/DecoderException;' has an earlier definition; blocking out
10-13 09:26:14.831: D/dalvikvm(4935): DexOpt: 'Lorg/apache/commons/codec/EncoderException;' has an earlier definition; blocking out
10-13 09:26:14.831: D/dalvikvm(4935): DexOpt: 'Lorg/apache/commons/codec/StringDecoder;' has an earlier definition; blocking out
10-13 09:26:14.831: D/dalvikvm(4935): DexOpt: 'Lorg/apache/commons/codec/StringEncoder;' has an earlier definition; blocking out
10-13 09:26:14.831: D/dalvikvm(4935): DexOpt: 'Lorg/apache/commons/codec/StringEncoderComparator;' has an earlier definition; blocking out
10-13 09:26:14.831: D/dalvikvm(4935): DexOpt: 'Lorg/apache/commons/codec/binary/Base64;' has an earlier definition; blocking out
10-13 09:26:14.831: D/dalvikvm(4935): DexOpt: 'Lorg/apache/commons/codec/binary/BinaryCodec;' has an earlier definition; blocking out
10-13 09:26:14.831: D/dalvikvm(4935): DexOpt: 'Lorg/apache/commons/codec/binary/Hex;' has an earlier definition; blocking out
10-13 09:26:14.831: D/dalvikvm(4935): DexOpt: 'Lorg/apache/commons/codec/language/DoubleMetaphone$DoubleMetaphoneResult;' has an earlier definition; blocking out
10-13 09:26:14.831: D/dalvikvm(4935): DexOpt: 'Lorg/apache/commons/codec/language/DoubleMetaphone;' has an earlier definition; blocking out
10-13 09:26:14.831: D/dalvikvm(4935): DexOpt: 'Lorg/apache/commons/codec/language/Metaphone;' has an earlier definition; blocking out
10-13 09:26:14.831: D/dalvikvm(4935): DexOpt: 'Lorg/apache/commons/codec/language/RefinedSoundex;' has an earlier definition; blocking out
10-13 09:26:14.831: D/dalvikvm(4935): DexOpt: 'Lorg/apache/commons/codec/language/Soundex;' has an earlier definition; blocking out
10-13 09:26:14.831: D/dalvikvm(4935): DexOpt: 'Lorg/apache/commons/codec/language/SoundexUtils;' has an earlier definition; blocking out
10-13 09:26:14.831: D/dalvikvm(4935): DexOpt: 'Lorg/apache/commons/codec/net/RFC1522Codec;' has an earlier definition; blocking out
10-13 09:26:14.831: D/dalvikvm(4935): DexOpt: 'Lorg/apache/commons/codec/net/BCodec;' has an earlier definition; blocking out
10-13 09:26:14.831: D/dalvikvm(4935): DexOpt: 'Lorg/apache/commons/codec/net/QCodec;' has an earlier definition; blocking out
10-13 09:26:14.831: D/dalvikvm(4935): DexOpt: 'Lorg/apache/commons/codec/net/QuotedPrintableCodec;' has an earlier definition; blocking out
10-13 09:26:14.831: D/dalvikvm(4935): DexOpt: 'Lorg/apache/commons/codec/net/StringEncodings;' has an earlier definition; blocking out
10-13 09:26:14.831: D/dalvikvm(4935): DexOpt: 'Lorg/apache/commons/codec/net/URLCodec;' has an earlier definition; blocking out
10-13 09:26:14.831: D/dalvikvm(4935): DexOpt: 'Lorg/apache/commons/logging/Log;' has an earlier definition; blocking out
10-13 09:26:14.831: D/dalvikvm(4935): DexOpt: 'Lorg/apache/commons/logging/LogConfigurationException;' has an earlier definition; blocking out
10-13 09:26:14.831: D/dalvikvm(4935): DexOpt: 'Lorg/apache/commons/logging/LogFactory;' has an earlier definition; blocking out
10-13 09:26:14.831: D/dalvikvm(4935): DexOpt: 'Lorg/apache/commons/logging/impl/NoOpLog;' has an earlier definition; blocking out
10-13 09:26:14.831: D/dalvikvm(4935): DexOpt: 'Lorg/apache/commons/logging/impl/SimpleLog$1;' has an earlier definition; blocking out
10-13 09:26:14.831: D/dalvikvm(4935): DexOpt: 'Lorg/apache/commons/logging/impl/SimpleLog;' has an earlier definition; blocking out
10-13 09:26:14.961: D/dalvikvm(4935): DexOpt: couldn't find field Landroid/app/Notification;.headsUpContentView
10-13 09:26:15.031: W/Settings(4387): Setting install_non_market_apps has moved from android.provider.Settings.Secure to android.provider.Settings.Global.
10-13 09:26:15.041: I/WVCdm(1331): CdmEngine::CloseSession
10-13 09:26:15.331: D/dalvikvm(4935): DexOpt: couldn't find field Landroid/os/Message;.sendingUid
10-13 09:26:15.361: I/Remoter(1337): Saved screenshot to '/data/screenshots/__pmv__-0089.jpg'
10-13 09:26:15.391: I/dalvikvm(4935): DexOpt: not resolving ambiguous class 'Lorg/apache/commons/logging/LogFactory;'
10-13 09:26:15.401: I/dalvikvm(4935): DexOpt: not resolving ambiguous class 'Lorg/apache/commons/logging/LogFactory;'
10-13 09:26:15.401: I/dalvikvm(4935): DexOpt: not resolving ambiguous class 'Lorg/apache/commons/logging/LogFactory;'
10-13 09:26:15.401: I/dalvikvm(4935): DexOpt: not resolving ambiguous class 'Lorg/apache/commons/logging/LogFactory;'
10-13 09:26:15.411: E/cutils-trace(4935): Error opening trace file: Permission denied (13)
10-13 09:26:15.411: D/dalvikvm(4935): GC_FOR_ALLOC freed 22K, 2% free 2024K/2048K, paused 1ms, total 1ms
10-13 09:26:15.441: I/dalvikvm(4935): DexOpt: not resolving ambiguous class 'Lorg/apache/commons/codec/binary/Base64;'
10-13 09:26:15.451: D/dalvikvm(4935): DexOpt: not verifying/optimizing 'Lorg/apache/commons/codec/Decoder;': multiple definitions
10-13 09:26:15.451: D/dalvikvm(4935): DexOpt: not verifying/optimizing 'Lorg/apache/commons/codec/BinaryDecoder;': multiple definitions
10-13 09:26:15.451: D/dalvikvm(4935): DexOpt: not verifying/optimizing 'Lorg/apache/commons/codec/Encoder;': multiple definitions
10-13 09:26:15.451: D/dalvikvm(4935): DexOpt: not verifying/optimizing 'Lorg/apache/commons/codec/BinaryEncoder;': multiple definitions
10-13 09:26:15.451: D/dalvikvm(4935): DexOpt: not verifying/optimizing 'Lorg/apache/commons/codec/DecoderException;': multiple definitions
10-13 09:26:15.451: D/dalvikvm(4935): DexOpt: not verifying/optimizing 'Lorg/apache/commons/codec/EncoderException;': multiple definitions
10-13 09:26:15.451: D/dalvikvm(4935): DexOpt: not verifying/optimizing 'Lorg/apache/commons/codec/StringDecoder;': multiple definitions
10-13 09:26:15.451: D/dalvikvm(4935): DexOpt: not verifying/optimizing 'Lorg/apache/commons/codec/StringEncoder;': multiple definitions
10-13 09:26:15.451: D/dalvikvm(4935): DexOpt: not verifying/optimizing 'Lorg/apache/commons/codec/StringEncoderComparator;': multiple definitions
10-13 09:26:15.451: D/dalvikvm(4935): DexOpt: not verifying/optimizing 'Lorg/apache/commons/codec/binary/Base64;': multiple definitions
10-13 09:26:15.451: D/dalvikvm(4935): DexOpt: not verifying/optimizing 'Lorg/apache/commons/codec/binary/BinaryCodec;': multiple definitions
10-13 09:26:15.451: D/dalvikvm(4935): DexOpt: not verifying/optimizing 'Lorg/apache/commons/codec/binary/Hex;': multiple definitions
10-13 09:26:15.451: I/dalvikvm(4935): DexOpt: not resolving ambiguous class 'Lorg/apache/commons/codec/binary/Hex;'
10-13 09:26:15.451: D/dalvikvm(4935): DexOpt: not verifying/optimizing 'Lorg/apache/commons/codec/language/DoubleMetaphone$DoubleMetaphoneResult;': multiple definitions
10-13 09:26:15.451: D/dalvikvm(4935): DexOpt: not verifying/optimizing 'Lorg/apache/commons/codec/language/DoubleMetaphone;': multiple definitions
10-13 09:26:15.451: D/dalvikvm(4935): DexOpt: not verifying/optimizing 'Lorg/apache/commons/codec/language/Metaphone;': multiple definitions
10-13 09:26:15.451: D/dalvikvm(4935): DexOpt: not verifying/optimizing 'Lorg/apache/commons/codec/language/RefinedSoundex;': multiple definitions
10-13 09:26:15.451: D/dalvikvm(4935): DexOpt: not verifying/optimizing 'Lorg/apache/commons/codec/language/Soundex;': multiple definitions
10-13 09:26:15.451: D/dalvikvm(4935): DexOpt: not verifying/optimizing 'Lorg/apache/commons/codec/language/SoundexUtils;': multiple definitions
10-13 09:26:15.451: D/dalvikvm(4935): DexOpt: not verifying/optimizing 'Lorg/apache/commons/codec/net/RFC1522Codec;': multiple definitions
10-13 09:26:15.451: D/dalvikvm(4935): DexOpt: not verifying/optimizing 'Lorg/apache/commons/codec/net/BCodec;': multiple definitions
10-13 09:26:15.451: D/dalvikvm(4935): DexOpt: not verifying/optimizing 'Lorg/apache/commons/codec/net/QCodec;': multiple definitions
10-13 09:26:15.451: D/dalvikvm(4935): DexOpt: not verifying/optimizing 'Lorg/apache/commons/codec/net/QuotedPrintableCodec;': multiple definitions
10-13 09:26:15.451: D/dalvikvm(4935): DexOpt: not verifying/optimizing 'Lorg/apache/commons/codec/net/StringEncodings;': multiple definitions
10-13 09:26:15.451: D/dalvikvm(4935): DexOpt: not verifying/optimizing 'Lorg/apache/commons/codec/net/URLCodec;': multiple definitions
10-13 09:26:15.451: I/dalvikvm(4935): DexOpt: not resolving ambiguous class 'Lorg/apache/commons/logging/LogFactory;'
10-13 09:26:15.451: I/dalvikvm(4935): DexOpt: not resolving ambiguous class 'Lorg/apache/commons/logging/LogFactory;'
10-13 09:26:15.451: I/dalvikvm(4935): DexOpt: not resolving ambiguous class 'Lorg/apache/commons/logging/LogFactory;'
10-13 09:26:15.451: I/dalvikvm(4935): DexOpt: not resolving ambiguous class 'Lorg/apache/commons/logging/LogFactory;'
10-13 09:26:15.451: I/dalvikvm(4935): DexOpt: not resolving ambiguous class 'Lorg/apache/commons/logging/LogFactory;'
10-13 09:26:15.451: I/dalvikvm(4935): DexOpt: not resolving ambiguous class 'Lorg/apache/commons/logging/LogFactory;'
10-13 09:26:15.451: I/dalvikvm(4935): DexOpt: not resolving ambiguous class 'Lorg/apache/commons/logging/LogFactory;'
10-13 09:26:15.451: I/dalvikvm(4935): DexOpt: not resolving ambiguous class 'Lorg/apache/commons/logging/LogFactory;'
10-13 09:26:15.451: I/dalvikvm(4935): DexOpt: not resolving ambiguous class 'Lorg/apache/commons/logging/LogFactory;'
10-13 09:26:15.451: I/dalvikvm(4935): DexOpt: not resolving ambiguous class 'Lorg/apache/commons/codec/net/URLCodec;'
10-13 09:26:15.451: I/dalvikvm(4935): DexOpt: not resolving ambiguous class 'Lorg/apache/commons/logging/Log;'
10-13 09:26:15.451: I/dalvikvm(4935): DexOpt: not resolving ambiguous class 'Lorg/apache/commons/logging/Log;'
10-13 09:26:15.451: I/dalvikvm(4935): DexOpt: not resolving ambiguous class 'Lorg/apache/commons/logging/LogFactory;'
10-13 09:26:15.451: I/dalvikvm(4935): DexOpt: not resolving ambiguous class 'Lorg/apache/commons/logging/LogFactory;'
10-13 09:26:15.451: I/dalvikvm(4935): DexOpt: not resolving ambiguous class 'Lorg/apache/commons/logging/LogFactory;'
10-13 09:26:15.451: I/dalvikvm(4935): DexOpt: not resolving ambiguous class 'Lorg/apache/commons/logging/LogFactory;'
10-13 09:26:15.451: I/dalvikvm(4935): DexOpt: not resolving ambiguous class 'Lorg/apache/commons/logging/LogFactory;'
10-13 09:26:15.451: I/dalvikvm(4935): DexOpt: not resolving ambiguous class 'Lorg/apache/commons/logging/LogFactory;'
10-13 09:26:15.451: I/dalvikvm(4935): DexOpt: not resolving ambiguous class 'Lorg/apache/commons/logging/LogFactory;'
10-13 09:26:15.451: I/dalvikvm(4935): DexOpt: not resolving ambiguous class 'Lorg/apache/commons/logging/LogFactory;'
10-13 09:26:15.461: I/dalvikvm(4935): DexOpt: not resolving ambiguous class 'Lorg/apache/commons/codec/binary/Base64;'
10-13 09:26:15.461: I/dalvikvm(4935): DexOpt: not resolving ambiguous class 'Lorg/apache/commons/logging/LogFactory;'
10-13 09:26:15.461: I/dalvikvm(4935): DexOpt: not resolving ambiguous class 'Lorg/apache/commons/logging/LogFactory;'
10-13 09:26:15.461: I/dalvikvm(4935): DexOpt: not resolving ambiguous class 'Lorg/apache/commons/logging/LogFactory;'
10-13 09:26:15.461: I/dalvikvm(4935): DexOpt: not resolving ambiguous class 'Lorg/apache/commons/logging/Log;'
10-13 09:26:15.461: I/dalvikvm(4935): DexOpt: not resolving ambiguous class 'Lorg/apache/commons/logging/Log;'
10-13 09:26:15.461: I/dalvikvm(4935): DexOpt: not resolving ambiguous class 'Lorg/apache/commons/logging/Log;'
10-13 09:26:15.461: I/dalvikvm(4935): DexOpt: not resolving ambiguous class 'Lorg/apache/commons/logging/Log;'
10-13 09:26:15.461: I/dalvikvm(4935): DexOpt: not resolving ambiguous class 'Lorg/apache/commons/logging/Log;'
10-13 09:26:15.461: I/dalvikvm(4935): DexOpt: not resolving ambiguous class 'Lorg/apache/commons/logging/LogFactory;'
10-13 09:26:15.461: I/dalvikvm(4935): DexOpt: not resolving ambiguous class 'Lorg/apache/commons/logging/LogFactory;'
10-13 09:26:15.461: I/dalvikvm(4935): DexOpt: not resolving ambiguous class 'Lorg/apache/commons/logging/LogFactory;'
10-13 09:26:15.461: I/dalvikvm(4935): DexOpt: not resolving ambiguous class 'Lorg/apache/commons/logging/LogFactory;'
10-13 09:26:15.461: I/dalvikvm(4935): DexOpt: not resolving ambiguous class 'Lorg/apache/commons/logging/LogFactory;'
10-13 09:26:15.461: I/dalvikvm(4935): DexOpt: not resolving ambiguous class 'Lorg/apache/commons/logging/LogFactory;'
10-13 09:26:15.461: I/dalvikvm(4935): DexOpt: not resolving ambiguous class 'Lorg/apache/commons/logging/LogFactory;'
10-13 09:26:15.461: I/dalvikvm(4935): DexOpt: not resolving ambiguous class 'Lorg/apache/commons/logging/LogFactory;'
10-13 09:26:15.461: I/dalvikvm(4935): DexOpt: not resolving ambiguous class 'Lorg/apache/commons/logging/LogFactory;'
10-13 09:26:15.461: I/dalvikvm(4935): DexOpt: not resolving ambiguous class 'Lorg/apache/commons/logging/LogFactory;'
10-13 09:26:15.461: I/dalvikvm(4935): DexOpt: not resolving ambiguous class 'Lorg/apache/commons/logging/LogFactory;'
10-13 09:26:15.461: I/dalvikvm(4935): DexOpt: not resolving ambiguous class 'Lorg/apache/commons/logging/LogFactory;'
10-13 09:26:15.461: I/dalvikvm(4935): DexOpt: not resolving ambiguous class 'Lorg/apache/commons/logging/LogFactory;'
10-13 09:26:15.461: I/dalvikvm(4935): DexOpt: not resolving ambiguous class 'Lorg/apache/commons/logging/LogFactory;'
10-13 09:26:15.461: I/dalvikvm(4935): DexOpt: not resolving ambiguous class 'Lorg/apache/commons/logging/LogFactory;'
10-13 09:26:15.461: I/dalvikvm(4935): DexOpt: not resolving ambiguous class 'Lorg/apache/commons/logging/LogFactory;'
10-13 09:26:15.461: I/dalvikvm(4935): DexOpt: not resolving ambiguous class 'Lorg/apache/commons/codec/net/URLCodec;'
10-13 09:26:15.461: D/dalvikvm(4935): DexOpt: not verifying/optimizing 'Lorg/apache/commons/logging/Log;': multiple definitions
10-13 09:26:15.461: D/dalvikvm(4935): DexOpt: not verifying/optimizing 'Lorg/apache/commons/logging/LogConfigurationException;': multiple definitions
10-13 09:26:15.461: D/dalvikvm(4935): DexOpt: not verifying/optimizing 'Lorg/apache/commons/logging/LogFactory;': multiple definitions
10-13 09:26:15.461: D/dalvikvm(4935): DexOpt: not verifying/optimizing 'Lorg/apache/commons/logging/impl/NoOpLog;': multiple definitions
10-13 09:26:15.461: I/dalvikvm(4935): DexOpt: not resolving ambiguous class 'Lorg/apache/commons/logging/LogFactory;'
10-13 09:26:15.461: D/dalvikvm(4935): DexOpt: not verifying/optimizing 'Lorg/apache/commons/logging/impl/SimpleLog$1;': multiple definitions
10-13 09:26:15.461: D/dalvikvm(4935): DexOpt: not verifying/optimizing 'Lorg/apache/commons/logging/impl/SimpleLog;': multiple definitions
10-13 09:26:15.471: D/dalvikvm(4935): DexOpt: load 87ms, verify+opt 635ms, 5922940 bytes
10-13 09:26:15.501: I/ActivityManager(1705): Force stopping org.gnucash.android appid=10074 user=-1: update pkg
10-13 09:26:15.521: W/PackageManager(1705): Unknown permission android.permission.MANAGE_ACCOUNT in package com.google.android.apps.auth.test.support
10-13 09:26:15.521: W/PackageManager(1705): Not granting permission com.google.android.providers.gsf.permission.WRITE_GSERVICES to package com.google.android.apps.auth.test.support (protectionLevel=18 flags=0x808444)
10-13 09:26:15.521: W/PackageManager(1705): Unknown permission com.google.android.apps.plus.permission.PICASA_STORE in package com.google.android.gallery3d
10-13 09:26:15.521: W/PackageManager(1705): Unknown permission com.android.launcher.permission.READ_SETTINGS in package com.google.android.onetimeinitializer
10-13 09:26:15.521: W/PackageManager(1705): Unknown permission com.android.launcher.permission.WRITE_SETTINGS in package com.google.android.onetimeinitializer
10-13 09:26:15.521: W/PackageManager(1705): Unknown permission com.android.launcher.permission.PRELOAD_WORKSPACE in package com.google.android.partnersetup
10-13 09:26:15.521: W/PackageManager(1705): Unknown permission com.android.vending.billing.IBillingAccountService.BIND2 in package com.google.android.gsf.login
10-13 09:26:15.521: W/PackageManager(1705): Unknown permission com.android.gallery3d.permission.GALLERY_PROVIDER in package com.android.bluetooth
10-13 09:26:15.521: W/PackageManager(1705): Not granting permission android.permission.BIND_APPWIDGET to package com.android.launcher3 (protectionLevel=18 flags=0xc8be45)
10-13 09:26:15.521: W/PackageManager(1705): Unknown permission com.android.launcher.permission.READ_SETTINGS in package com.android.launcher3
10-13 09:26:15.521: W/PackageManager(1705): Unknown permission com.android.launcher.permission.WRITE_SETTINGS in package com.android.launcher3
10-13 09:26:15.521: W/PackageManager(1705): Not granting permission com.android.launcher3.permission.RECEIVE_LAUNCH_BROADCASTS to package com.android.launcher3 (protectionLevel=2 flags=0xc8be45)
10-13 09:26:15.521: W/PackageManager(1705): Unknown permission android.permission.INSTALL_DRM in package com.android.mms
10-13 09:26:15.521: W/PackageManager(1705): Not granting permission android.permission.DEVICE_POWER to package com.google.android.deskclock (protectionLevel=2 flags=0xc8be45)
10-13 09:26:15.521: W/PackageManager(1705): Unknown permission android.permission.OBSERVE_GRANT_REVOKE_PERMISSIONS in package com.google.android.gms
10-13 09:26:15.531: W/PackageManager(1705): Unknown permission android.permission.MANAGE_SOUND_TRIGGER in package com.google.android.gms
10-13 09:26:15.531: W/PackageManager(1705): Unknown permission android.permission.RECOVERY in package com.google.android.gms
10-13 09:26:15.531: W/PackageManager(1705): Not granting permission android.permission.READ_DREAM_STATE to package com.google.android.gms (protectionLevel=2 flags=0x40c83ec5)
10-13 09:26:15.531: W/PackageManager(1705): Unknown permission android.permission.PROVIDE_TRUST_AGENT in package com.google.android.gms
10-13 09:26:15.531: W/PackageManager(1705): Unknown permission android.permission.DISPATCH_PROVISIONING_MESSAGE in package com.google.android.gms
10-13 09:26:15.531: W/PackageManager(1705): Unknown permission com.google.android.apps.enterprise.dmagent.permission.AutoSyncPermission in package com.google.android.gms
10-13 09:26:15.531: W/PackageManager(1705): Not granting permission android.permission.READ_PRIVILEGED_PHONE_STATE to package com.google.android.gms (protectionLevel=18 flags=0x40c83ec5)
10-13 09:26:15.531: W/PackageManager(1705): Unknown permission android.permission.CONNECTIVITY_USE_RESTRICTED_NETWORKS in package com.google.android.gms
10-13 09:26:15.531: W/PackageManager(1705): Unknown permission android.permission.USE_FINGERPRINT in package com.google.android.gms
10-13 09:26:15.531: W/PackageManager(1705): Unknown permission android.permission.SEND_SMS_NO_CONFIRMATION in package com.google.android.gms
10-13 09:26:15.531: W/PackageManager(1705): Not granting permission android.permission.PACKAGE_USAGE_STATS to package com.google.android.gms (protectionLevel=18 flags=0x40c83ec5)
10-13 09:26:15.531: W/PackageManager(1705): Unknown permission com.google.android.finsky.permission.INSTANT_APP_STATE in package com.google.android.gms
10-13 09:26:15.531: W/PackageManager(1705): Unknown permission com.google.android.googlequicksearchbox.permission.PAUSE_HOTWORD in package com.google.android.gms
10-13 09:26:15.531: W/PackageManager(1705): Unknown permission android.permission.MANAGE_VOICE_KEYPHRASES in package com.google.android.gms
10-13 09:26:15.531: W/PackageManager(1705): Unknown permission android.permission.TETHER_PRIVILEGED in package com.google.android.gms
10-13 09:26:15.531: W/PackageManager(1705): Unknown permission android.permission.REAL_GET_TASKS in package com.google.android.gms
10-13 09:26:15.531: W/PackageManager(1705): Unknown permission com.google.android.hangouts.START_HANGOUT in package com.google.android.gms
10-13 09:26:15.531: W/PackageManager(1705): Unknown permission android.permission.READ_OEM_UNLOCK_STATE in package com.google.android.gms
10-13 09:26:15.531: W/PackageManager(1705): Unknown permission android.permission.SCORE_NETWORKS in package com.google.android.gms
10-13 09:26:15.531: W/PackageManager(1705): Unknown permission android.permission.OVERRIDE_WIFI_CONFIG in package com.google.android.gms
10-13 09:26:15.531: W/PackageManager(1705): Unknown permission android.permission.CONTROL_INCALL_EXPERIENCE in package com.google.android.gms
10-13 09:26:15.531: W/PackageManager(1705): Unknown permission android.permission.USER_ACTIVITY in package com.google.android.gms
10-13 09:26:15.531: W/PackageManager(1705): Unknown permission android.permission.MODIFY_AUDIO_ROUTING in package com.google.android.gms
10-13 09:26:15.531: W/PackageManager(1705): Unknown permission com.google.android.finsky.permission.GEARHEAD_SERVICE in package com.google.android.gms
10-13 09:26:15.531: W/PackageManager(1705): Unknown permission com.google.android.permission.ACCESSIBILITY_SCAN_SERVICE in package com.google.android.gms
10-13 09:26:15.531: W/PackageManager(1705): Unknown permission android.permission.START_TASKS_FROM_RECENTS in package com.google.android.gms
10-13 09:26:15.531: W/PackageManager(1705): Not granting permission android.permission.MANAGE_ACTIVITY_STACKS to package com.google.android.gms (protectionLevel=2 flags=0x40c83ec5)
10-13 09:26:15.531: W/PackageManager(1705): Unknown permission android.permission.ACTIVITY_EMBEDDING in package com.google.android.gms
10-13 09:26:15.531: W/PackageManager(1705): Unknown permission android.permission.PROVIDE_RESOLVER_RANKER_SERVICE in package com.google.android.gms
10-13 09:26:15.531: W/PackageManager(1705): Unknown permission com.google.android.wearable.READ_SETTINGS in package com.google.android.gms
10-13 09:26:15.531: W/PackageManager(1705): Unknown permission android.permission.INTENT_FILTER_VERIFICATION_AGENT in package com.google.android.gms
10-13 09:26:15.531: W/PackageManager(1705): Unknown permission android.permission.LOCAL_MAC_ADDRESS in package com.google.android.gms
10-13 09:26:15.531: W/PackageManager(1705): Unknown permission android.permission.CHANGE_DEVICE_IDLE_TEMP_WHITELIST in package com.google.android.gms
10-13 09:26:15.531: W/PackageManager(1705): Unknown permission android.permission.READ_WIFI_CREDENTIAL in package com.google.android.gms
10-13 09:26:15.531: W/PackageManager(1705): Unknown permission android.permission.SUBSTITUTE_NOTIFICATION_APP_NAME in package com.google.android.gms
10-13 09:26:15.531: W/PackageManager(1705): Unknown permission android.permission.MANAGE_SUBSCRIPTION_PLANS in package com.google.android.gms
10-13 09:26:15.531: W/PackageManager(1705): Unknown permission android.permission.NOTIFY_PENDING_SYSTEM_UPDATE in package com.google.android.gms
10-13 09:26:15.531: W/PackageManager(1705): Unknown permission android.permission.BODY_SENSORS in package com.google.android.gms
10-13 09:26:15.531: W/PackageManager(1705): Unknown permission com.google.android.launcher.permission.RECEIVE_LAUNCH_BROADCASTS in package com.google.android.gms
10-13 09:26:15.531: W/PackageManager(1705): Unknown permission com.google.android.vending.verifier.ACCESS_VERIFIER in package com.google.android.gms
10-13 09:26:15.531: W/PackageManager(1705): Unknown permission com.android.voicemail.permission.READ_VOICEMAIL in package com.google.android.gms
10-13 09:26:15.531: W/PackageManager(1705): Unknown permission android.permission.READ_OWNER_DATA in package com.google.android.setupwizard
10-13 09:26:15.531: W/PackageManager(1705): Unknown permission android.permission.WRITE_OWNER_DATA in package com.google.android.setupwizard
10-13 09:26:15.531: W/PackageManager(1705): Unknown permission com.android.launcher.permission.READ_SETTINGS in package com.android.settings
10-13 09:26:15.531: W/PackageManager(1705): Unknown permission com.android.launcher.permission.WRITE_SETTINGS in package com.android.settings
10-13 09:26:15.531: W/PackageManager(1705): Unknown permission com.android.launcher.permission.READ_SETTINGS in package com.google.android.googlequicksearchbox
10-13 09:26:15.531: W/PackageManager(1705): Unknown permission com.android.launcher.permission.WRITE_SETTINGS in package com.google.android.googlequicksearchbox
10-13 09:26:15.531: W/PackageManager(1705): Unknown permission com.google.android.voicesearch.SHORTCUTS_ACCESS in package com.google.android.googlequicksearchbox
10-13 09:26:15.531: W/PackageManager(1705): Unknown permission com.google.android.voicesearch.ACCESS_SETTINGS in package com.google.android.googlequicksearchbox
10-13 09:26:15.531: W/PackageManager(1705): Unknown permission com.android.browser.permission.PRELOAD in package com.google.android.googlequicksearchbox
10-13 09:26:15.531: W/PackageManager(1705): Unknown permission com.google.android.ears.permission.WRITE in package com.google.android.googlequicksearchbox
10-13 09:26:15.531: W/PackageManager(1705): Unknown permission com.google.android.apps.googlevoice.permission.AUTO_SEND in package com.google.android.googlequicksearchbox
10-13 09:26:15.531: W/PackageManager(1705): Not granting permission android.permission.SEND_DOWNLOAD_COMPLETED_INTENTS to package com.android.vending (protectionLevel=2 flags=0x408abe45)
10-13 09:26:15.531: W/PackageManager(1705): Unknown permission android.permission.SEND_SMS_NO_CONFIRMATION in package com.android.vending
10-13 09:26:15.531: W/PackageManager(1705): Not granting permission android.permission.BIND_WALLPAPER to package com.google.android.GoogleCamera (protectionLevel=18 flags=0xd8bc45)
10-13 09:26:15.531: W/PackageManager(1705): Not granting permission android.permission.READ_DREAM_STATE to package com.google.android.gsf (protectionLevel=2 flags=0x40883e45)
10-13 09:26:15.531: W/PackageManager(1705): Unknown permission com.chrome.permission.DEVICE_EXTRAS in package com.android.chrome
10-13 09:26:15.531: W/PackageManager(1705): Unknown permission com.sec.enterprise.knox.MDM_CONTENT_PROVIDER in package com.android.chrome
10-13 09:26:15.531: W/PackageManager(1705): Not granting permission android.permission.SET_ANIMATION_SCALE to package com.google.android.apps.mtaas.tools (protectionLevel=50 flags=0x88be44)
10-13 09:26:15.561: I/PackageManager(1705):   Action: "android.intent.action.SENDTO"
10-13 09:26:15.561: I/PackageManager(1705):   Category: "android.intent.category.DEFAULT"
10-13 09:26:15.561: I/PackageManager(1705):   Scheme: "sms"
10-13 09:26:15.561: I/PackageManager(1705): Adding preferred activity ComponentInfo{com.android.mms/com.android.mms.ui.ComposeMessageActivity} for user 0 :
10-13 09:26:15.571: I/InputReader(1705): Reconfiguring input devices.  changes=0x00000010
10-13 09:26:15.571: I/PackageManager(1705):   Action: "android.intent.action.SENDTO"
10-13 09:26:15.571: I/PackageManager(1705):   Category: "android.intent.category.DEFAULT"
10-13 09:26:15.571: I/PackageManager(1705):   Scheme: "smsto"
10-13 09:26:15.571: D/Launcher.Model(1874): shortcutWasRestored is false for org.gnucash.android/org.gnucash.android.ui.account.AccountsActivity
10-13 09:26:15.571: I/PackageManager(1705): Adding preferred activity ComponentInfo{com.android.mms/com.android.mms.ui.ComposeMessageActivity} for user 0 :
10-13 09:26:15.581: I/Launcher(1874): Deferring update until onResume
10-13 09:26:15.581: I/PackageManager(1705):   Action: "android.intent.action.SENDTO"
10-13 09:26:15.581: I/PackageManager(1705):   Category: "android.intent.category.DEFAULT"
10-13 09:26:15.581: I/PackageManager(1705):   Scheme: "mms"
10-13 09:26:15.581: I/Launcher(1874): Deferring update until onResume
10-13 09:26:15.581: I/Launcher(1874): Deferring update until onResume
10-13 09:26:15.581: D/BackupManagerService(1705): Received broadcast Intent { act=android.intent.action.PACKAGE_ADDED dat=package:org.gnucash.android flg=0x4000010 (has extras) }
10-13 09:26:15.581: V/BackupManagerService(1705): addPackageParticipantsLocked: #1
10-13 09:26:15.581: I/PackageManager(1705): Adding preferred activity ComponentInfo{com.android.mms/com.android.mms.ui.ComposeMessageActivity} for user 0 :
10-13 09:26:15.581: I/ActivityManager(1705): Start proc com.android.musicfx for broadcast com.android.musicfx/.Compatibility$Receiver: pid=4945 uid=10015 gids={50015, 3003, 3002}
10-13 09:26:15.591: D/dalvikvm(1860): GC_CONCURRENT freed 387K, 14% free 4166K/4804K, paused 0ms+1ms, total 3ms
10-13 09:26:15.591: W/ResourceType(1705): Failure getting entry for 0x7f060000 (t=5 e=0) in package 0 (error -75)
10-13 09:26:15.591: I/PackageManager(1705):   Action: "android.intent.action.SENDTO"
10-13 09:26:15.591: I/PackageManager(1705):   Category: "android.intent.category.DEFAULT"
10-13 09:26:15.591: I/PackageManager(1705):   Scheme: "mmsto"
10-13 09:26:15.591: I/PackageManager(1705): Adding preferred activity ComponentInfo{com.android.mms/com.android.mms.ui.ComposeMessageActivity} for user 0 :
10-13 09:26:15.601: I/PackageManager(1705):   Action: "android.intent.action.SENDTO"
10-13 09:26:15.601: I/PackageManager(1705):   Category: "android.intent.category.DEFAULT"
10-13 09:26:15.601: I/PackageManager(1705):   Scheme: "sms"
10-13 09:26:15.601: I/PackageManager(1705): Adding preferred activity ComponentInfo{com.android.mms/com.android.mms.ui.ComposeMessageActivity} for user 0 :
10-13 09:26:15.611: D/dalvikvm(1705): GC_EXPLICIT freed 2276K, 16% free 12964K/15392K, paused 3ms+5ms, total 42ms
10-13 09:26:15.611: D/dalvikvm(1705): WAIT_FOR_CONCURRENT_GC blocked 14ms
10-13 09:26:15.611: D/AndroidRuntime(4825): Shutting down VM
10-13 09:26:15.611: D/dalvikvm(4825): GC_CONCURRENT freed 93K, 15% free 551K/648K, paused 0ms+0ms, total 1ms
10-13 09:26:15.621: I/PackageManager(1705):   Action: "android.intent.action.SENDTO"
10-13 09:26:15.621: I/PackageManager(1705):   Category: "android.intent.category.DEFAULT"
10-13 09:26:15.621: I/PackageManager(1705):   Scheme: "smsto"
10-13 09:26:15.621: D/dalvikvm(1860): GC_FOR_ALLOC freed 397K, 14% free 4158K/4804K, paused 3ms, total 3ms
10-13 09:26:15.621: I/PackageManager(1705): Adding preferred activity ComponentInfo{com.android.mms/com.android.mms.ui.ComposeMessageActivity} for user 0 :
10-13 09:26:15.631: D/dalvikvm(1860): GC_CONCURRENT freed <1K, 14% free 4163K/4804K, paused 1ms+0ms, total 4ms
10-13 09:26:15.631: I/PackageManager(1705):   Action: "android.intent.action.SENDTO"
10-13 09:26:15.631: I/PackageManager(1705):   Category: "android.intent.category.DEFAULT"
10-13 09:26:15.631: I/PackageManager(1705):   Scheme: "mms"
10-13 09:26:15.631: I/PackageManager(1705):   Action: "android.intent.action.SENDTO"
10-13 09:26:15.631: I/PackageManager(1705):   Category: "android.intent.category.DEFAULT"
10-13 09:26:15.631: I/PackageManager(1705):   Scheme: "mmsto"
10-13 09:26:15.631: I/PackageManager(1705): Adding preferred activity ComponentInfo{com.android.mms/com.android.mms.ui.ComposeMessageActivity} for user 0 :
10-13 09:26:15.631: I/PackageManager(1705): Adding preferred activity ComponentInfo{com.android.mms/com.android.mms.ui.ComposeMessageActivity} for user 0 :
10-13 09:26:15.661: D/dalvikvm(4387): GC_CONCURRENT freed 1170K, 17% free 6767K/8080K, paused 0ms+1ms, total 8ms
10-13 09:26:15.671: I/Icing.InternalIcingCorporaProvider(2744): Updating corpora: A: org.gnucash.android, C: MAYBE
10-13 09:26:15.681: W/ConfigurationChimeraProvider(4210): Got null configs for com.google.android.gms.appinvite
10-13 09:26:15.741: D/Wear_Controller(4150): Received broadcast action=android.intent.action.PACKAGE_ADDED and uri=org.gnucash.android
10-13 09:26:15.741: W/ConfigurationChimeraProvider(4210): Got null configs for com.google.android.gms.chromesync
10-13 09:26:15.741: I/dalvikvm(4150): Could not find method android.os.UserManager.getUserProfiles, referenced from method com.google.android.gms.wearable.service.WearableController.a
10-13 09:26:15.741: W/dalvikvm(4150): VFY: unable to resolve virtual method 28921: Landroid/os/UserManager;.getUserProfiles ()Ljava/util/List;
10-13 09:26:15.741: D/dalvikvm(4150): VFY: replacing opcode 0x6e at 0x006a
10-13 09:26:15.751: I/dalvikvm(4150): Could not find method fx.getMediaController, referenced from method com.google.android.chimera.Activity.getMediaController
10-13 09:26:15.751: W/dalvikvm(4150): VFY: unable to resolve virtual method 10818: Lfx;.getMediaController ()Landroid/media/session/MediaController;
10-13 09:26:15.751: D/dalvikvm(4150): VFY: replacing opcode 0x6e at 0x0002
10-13 09:26:15.751: I/dalvikvm(4150): Could not find method fx.getSearchEvent, referenced from method com.google.android.chimera.Activity.getSearchEvent
10-13 09:26:15.751: W/dalvikvm(4150): VFY: unable to resolve virtual method 10824: Lfx;.getSearchEvent ()Landroid/view/SearchEvent;
10-13 09:26:15.751: D/dalvikvm(4150): VFY: replacing opcode 0x6e at 0x0002
10-13 09:26:15.751: W/dalvikvm(4150): VFY: unable to find class referenced in signature (Landroid/app/VoiceInteractor;)
10-13 09:26:15.751: W/dalvikvm(4150): VFY: unable to find class referenced in signature (Landroid/app/VoiceInteractor;)
10-13 09:26:15.751: W/dalvikvm(4150): VFY: unable to find class referenced in signature (Landroid/os/PersistableBundle;)
10-13 09:26:15.751: W/dalvikvm(4150): VFY: unable to find class referenced in signature (Landroid/os/PersistableBundle;)
10-13 09:26:15.751: W/dalvikvm(4150): VFY: unable to find class referenced in signature (Landroid/os/PersistableBundle;)
10-13 09:26:15.751: W/dalvikvm(4150): VFY: unable to find class referenced in signature (Landroid/os/PersistableBundle;)
10-13 09:26:15.751: W/dalvikvm(4150): VFY: unable to find class referenced in signature (Landroid/app/assist/AssistContent;)
10-13 09:26:15.751: W/dalvikvm(4150): VFY: unable to find class referenced in signature (Landroid/app/assist/AssistContent;)
10-13 09:26:15.751: W/dalvikvm(4150): VFY: unable to find class referenced in signature (Landroid/os/PersistableBundle;)
10-13 09:26:15.751: W/dalvikvm(4150): VFY: unable to find class referenced in signature (Landroid/os/PersistableBundle;)
10-13 09:26:15.751: W/dalvikvm(4150): VFY: unable to find class referenced in signature (Landroid/os/PersistableBundle;)
10-13 09:26:15.751: W/dalvikvm(4150): VFY: unable to find class referenced in signature (Landroid/os/PersistableBundle;)
10-13 09:26:15.751: W/dalvikvm(4150): VFY: unable to find class referenced in signature (Landroid/view/SearchEvent;)
10-13 09:26:15.751: W/dalvikvm(4150): VFY: unable to find class referenced in signature (Landroid/view/SearchEvent;)
10-13 09:26:15.751: I/dalvikvm(4150): Could not find method fx.requestPermissions, referenced from method com.google.android.chimera.Activity.requestPermissions
10-13 09:26:15.751: W/dalvikvm(4150): VFY: unable to resolve virtual method 10928: Lfx;.requestPermissions ([Ljava/lang/String;I)V
10-13 09:26:15.751: D/dalvikvm(4150): VFY: replacing opcode 0x6e at 0x0002
10-13 09:26:15.751: W/dalvikvm(4150): VFY: unable to find class referenced in signature (Landroid/media/session/MediaController;)
10-13 09:26:15.751: I/dalvikvm(4150): Could not find method fx.setMediaController, referenced from method com.google.android.chimera.Activity.setMediaController
10-13 09:26:15.751: W/dalvikvm(4150): VFY: unable to resolve virtual method 10942: Lfx;.setMediaController (Landroid/media/session/MediaController;)V
10-13 09:26:15.751: D/dalvikvm(4150): VFY: replacing opcode 0x6e at 0x0002
10-13 09:26:15.761: I/Icing(4150): IndexChimeraService.getServiceInterface callingPackage=com.google.android.gms componentName=AppsCorpus serviceId=36
10-13 09:26:15.761: I/Icing(4150): IndexChimeraService.getServiceInterface callingPackage=com.google.android.gms componentName=AppsCorpus serviceId=32
10-13 09:26:15.761: I/FA-SVC(4150): App measurement is starting up, version: 11519
10-13 09:26:15.761: I/dalvikvm(4150): Could not find method android.content.pm.PackageManager.isInstantApp, referenced from method jwu.a
10-13 09:26:15.761: W/dalvikvm(4150): VFY: unable to resolve virtual method 835: Landroid/content/pm/PackageManager;.isInstantApp ()Z
10-13 09:26:15.761: D/dalvikvm(4150): VFY: replacing opcode 0x6e at 0x0028
10-13 09:26:15.771: I/Icing(4150): IndexChimeraService.getServiceInterface callingPackage=com.google.android.googlequicksearchbox componentName=null serviceId=21
10-13 09:26:15.771: E/dalvikvm(4150): Could not find class 'android.app.job.JobScheduler', referenced from method tzf.g
10-13 09:26:15.771: W/dalvikvm(4150): VFY: unable to resolve check-cast 3303 (Landroid/app/job/JobScheduler;) in Ltzf;
10-13 09:26:15.771: D/dalvikvm(4150): VFY: replacing opcode 0x1f at 0x000a
10-13 09:26:15.781: I/GoogleURLConnFactory(4150): Using platform SSLCertificateSocketFactory
10-13 09:26:15.791: E/BaseAppContext(4150): Tried to stop global GMSCore RequestQueue. This is likely unintended, so ignoring.
10-13 09:26:15.791: I/Icing(4150): Usage reports 0 indexed 0 rejected 0 imm upload false
10-13 09:26:15.791: I/Icing(4150): Usage reports 0 indexed 0 rejected 0 imm upload false
10-13 09:26:15.801: I/Icing(4150): Usage reports 0 indexed 0 rejected 0 imm upload true
10-13 09:26:15.811: I/Icing.InternalIcingCorporaProvider(2744): UpdateCorporaTask done [took 133 ms] updated apps [took 133 ms] 
10-13 09:26:15.811: I/ActivityManager(1705): Killing 2824:com.google.android.deskclock/u0a31 (adj 15): empty #17
10-13 09:26:16.411: I/Remoter(1337): Saved screenshot to '/data/screenshots/__pmv__-0090.jpg'
10-13 09:26:16.811: I/Icing(4150): Indexing C45B6D3A7E72D386F280413F85D056EC1830AAD9 from com.google.android.googlequicksearchbox
10-13 09:26:16.831: D/dalvikvm(4150): GC_CONCURRENT freed 3482K, 19% free 16335K/20008K, paused 1ms+1ms, total 19ms
10-13 09:26:16.831: D/dalvikvm(4150): WAIT_FOR_CONCURRENT_GC blocked 15ms
10-13 09:26:16.851: D/dalvikvm(4150): GC_EXPLICIT freed 197K, 20% free 16138K/20008K, paused 1ms+0ms, total 20ms
10-13 09:26:16.861: I/ActivityManager(1705): Killing 3252:com.android.providers.calendar/u0a1 (adj 15): empty #17
10-13 09:26:16.871: I/Icing(4150): Indexing done C45B6D3A7E72D386F280413F85D056EC1830AAD9
10-13 09:26:16.871: I/Icing(4150): Indexing B7DEFBCF98179CD36ABD6B5AFB7EAB077224B473 from com.google.android.gms
10-13 09:26:16.871: I/Icing(4150): Indexing done B7DEFBCF98179CD36ABD6B5AFB7EAB077224B473
10-13 09:26:17.081: D/AndroidRuntime(4977): >>>>>> AndroidRuntime START com.android.internal.os.RuntimeInit <<<<<<
10-13 09:26:17.081: W/linker(4977): libdvm.so has text relocations. This is wasting memory and is a security risk. Please fix.
10-13 09:26:17.081: D/AndroidRuntime(4977): CheckJNI is OFF
10-13 09:26:17.081: D/dalvikvm(4977): Trying to load lib libjavacore.so 0x0
10-13 09:26:17.081: D/dalvikvm(4977): Added shared lib libjavacore.so 0x0
10-13 09:26:17.081: D/dalvikvm(4977): Trying to load lib libnativehelper.so 0x0
10-13 09:26:17.081: D/dalvikvm(4977): Added shared lib libnativehelper.so 0x0
10-13 09:26:17.081: D/dalvikvm(4977): No JNI_OnLoad found in libnativehelper.so 0x0, skipping init
10-13 09:26:17.111: D/dalvikvm(4977): Note: class Landroid/app/ActivityManagerNative; has 179 unimplemented (abstract) methods
10-13 09:26:17.141: E/memtrack(4977): Couldn't load memtrack module (No such file or directory)
10-13 09:26:17.141: E/android.os.Debug(4977): failed to load memtrack module: -2
10-13 09:26:17.151: D/AndroidRuntime(4977): Calling main entry com.android.commands.pm.Pm
10-13 09:26:17.151: D/AndroidRuntime(4977): Shutting down VM
10-13 09:26:17.151: D/dalvikvm(4977): GC_CONCURRENT freed 93K, 15% free 548K/644K, paused 0ms+0ms, total 1ms
10-13 09:26:17.151: I/AndroidRuntime(4977): NOTE: attach of thread 'Binder_1' failed
10-13 09:26:17.461: D/AndroidRuntime(4990): >>>>>> AndroidRuntime START com.android.internal.os.RuntimeInit <<<<<<
10-13 09:26:17.461: W/linker(4990): libdvm.so has text relocations. This is wasting memory and is a security risk. Please fix.
10-13 09:26:17.461: D/AndroidRuntime(4990): CheckJNI is OFF
10-13 09:26:17.461: D/dalvikvm(4990): Trying to load lib libjavacore.so 0x0
10-13 09:26:17.461: D/dalvikvm(4990): Added shared lib libjavacore.so 0x0
10-13 09:26:17.461: D/dalvikvm(4990): Trying to load lib libnativehelper.so 0x0
10-13 09:26:17.461: D/dalvikvm(4990): Added shared lib libnativehelper.so 0x0
10-13 09:26:17.461: D/dalvikvm(4990): No JNI_OnLoad found in libnativehelper.so 0x0, skipping init
10-13 09:26:17.471: D/dalvikvm(4990): Note: class Landroid/app/ActivityManagerNative; has 179 unimplemented (abstract) methods
10-13 09:26:17.491: I/Remoter(1337): Saved screenshot to '/data/screenshots/__pmv__-0091.jpg'
10-13 09:26:17.531: E/memtrack(4990): Couldn't load memtrack module (No such file or directory)
10-13 09:26:17.531: E/android.os.Debug(4990): failed to load memtrack module: -2
10-13 09:26:17.541: D/AndroidRuntime(4990): Calling main entry com.android.commands.am.Am
10-13 09:26:17.541: I/ActivityManager(1705): Force stopping com.google.android.apps.mtaas.tools appid=10066 user=0: start instr
10-13 09:26:17.551: I/ActivityManager(1705): Start proc com.google.android.apps.mtaas.tools for added application com.google.android.apps.mtaas.tools: pid=5000 uid=10066 gids={50066, 1028, 1015, 3003}
10-13 09:26:17.561: D/DumpPackageStats(5000): Instrumentation completed successfully
10-13 09:26:17.561: D/AndroidRuntime(4990): Shutting down VM
10-13 09:26:17.561: D/dalvikvm(4990): GC_CONCURRENT freed 100K, 16% free 557K/660K, paused 0ms+0ms, total 0ms
10-13 09:26:17.771: I/ActivityManager(1705): Force stopping com.google.android.apps.mtaas.tools appid=10066 user=0: finished inst
10-13 09:26:17.771: I/ActivityManager(1705): Killing 5000:com.google.android.apps.mtaas.tools/u0a66 (adj 0): stop com.google.android.apps.mtaas.tools
10-13 09:26:17.811: W/UdcContextManagerHelper(4210): Empty context buffer. Thus might mean that the context is not synced down.
10-13 09:26:17.811: W/UploadOptInStatusOp(4210): Empty context model while retrieving upload opt-in status!
10-13 09:26:17.811: E/ctxmgr(4210): [NetworkUtil]No active synchronizable contexts.
10-13 09:26:17.881: W/Auth(4166): [GetToken] GetToken failed with status code: INVALID_SCOPE
10-13 09:26:17.881: W/AuthSessionAuthenticato(4210): Auth related exception is being ignored: INVALID_SCOPE
10-13 09:26:17.881: W/GLSUser(4166): [DeviceKeyStore] Cannot load key: Device key file not found.
10-13 09:26:17.881: W/GLSUser(4166): [DeviceKeyStore] Cannot load key: Device key file not found.
10-13 09:26:17.881: E/ctxmgr(4210): [BaseServerTask]Server task (FetchAclSet) got error statusCode=-1.
10-13 09:26:17.881: E/ctxmgr(4210): com.android.volley.VolleyError: Unable to obtain auth token - is the device online?
10-13 09:26:17.881: E/ctxmgr(4210): 	at chx.a(:com.google.android.gms@11519070:39)
10-13 09:26:17.881: E/ctxmgr(4210): 	at cdg.run(:com.google.android.gms@11519070:2)
10-13 09:26:17.881: E/ctxmgr(4210): 	at cde.handleMessage(:com.google.android.gms@11519070:3)
