10-13 09:26:03.151: E/dalvikvm(4166): Could not find class 'javax.net.ssl.SNIServerName', referenced from method com.google.android.gms.org.conscrypt.Platform.getSniHostnameFromParams
10-13 09:26:03.151: W/dalvikvm(4166): VFY: unable to resolve check-cast 3056 (Ljavax/net/ssl/SNIServerName;) in Lcom/google/android/gms/org/conscrypt/Platform;
10-13 09:26:03.151: D/dalvikvm(4166): VFY: replacing opcode 0x1f at 0x0025
10-13 09:26:03.151: E/dalvikvm(4166): Could not find class 'javax.net.ssl.SNIHostName', referenced from method com.google.android.gms.org.conscrypt.Platform.setParametersSniHostname
10-13 09:26:03.151: W/dalvikvm(4166): VFY: unable to resolve new-instance 3055 (Ljavax/net/ssl/SNIHostName;) in Lcom/google/android/gms/org/conscrypt/Platform;
10-13 09:26:03.151: D/dalvikvm(4166): VFY: replacing opcode 0x22 at 0x0024
10-13 09:26:03.151: E/dalvikvm(4166): Could not find class 'javax.net.ssl.SNIHostName', referenced from method com.google.android.gms.org.conscrypt.Platform.setParametersSniHostname
10-13 09:26:03.151: W/dalvikvm(4166): VFY: unable to resolve new-instance 3055 (Ljavax/net/ssl/SNIHostName;) in Lcom/google/android/gms/org/conscrypt/Platform;
10-13 09:26:03.151: D/dalvikvm(4166): VFY: replacing opcode 0x22 at 0x0024
10-13 09:26:03.151: W/dalvikvm(4166): Unable to resolve superclass of Lcom/google/android/gms/org/conscrypt/OpenSSLExtendedSessionImpl; (3046)
10-13 09:26:03.151: W/dalvikvm(4166): Link of class 'Lcom/google/android/gms/org/conscrypt/OpenSSLExtendedSessionImpl;' failed
10-13 09:26:03.151: E/dalvikvm(4166): Could not find class 'com.google.android.gms.org.conscrypt.OpenSSLExtendedSessionImpl', referenced from method com.google.android.gms.org.conscrypt.Platform.unwrapSSLSession
10-13 09:26:03.151: W/dalvikvm(4166): VFY: unable to resolve instanceof 1717 (Lcom/google/android/gms/org/conscrypt/OpenSSLExtendedSessionImpl;) in Lcom/google/android/gms/org/conscrypt/Platform;
10-13 09:26:03.151: D/dalvikvm(4166): VFY: replacing opcode 0x20 at 0x0007
10-13 09:26:03.151: W/dalvikvm(4166): Unable to resolve superclass of Lcom/google/android/gms/org/conscrypt/OpenSSLExtendedSessionImpl; (3046)
10-13 09:26:03.151: W/dalvikvm(4166): Link of class 'Lcom/google/android/gms/org/conscrypt/OpenSSLExtendedSessionImpl;' failed
10-13 09:26:03.161: D/dalvikvm(4150): GC_CONCURRENT freed 258K, 10% free 3998K/4400K, paused 13ms+0ms, total 18ms
10-13 09:26:03.161: I/GceGrallocRegionRegistry(1328): Mapped gralloc-1328.22 hnd=0xb8eb5c90 fd=41 base=0xb294a000 format=RGBA_8888(0x1) width=492 height=874
10-13 09:26:03.161: I/GceGrallocRegionRegistry(1705): Mapped gralloc-1328.22 hnd=0xb9347a40 fd=158 base=0x78b6e000 format=RGBA_8888(0x1) width=492 height=874
10-13 09:26:03.161: I/GceGrallocRegionRegistry(1328): Unmapped gralloc-1328.22 hnd=0xb8eb5c90 fd=41 base=0xb294a000
10-13 09:26:03.161: I/GceGrallocRegionRegistry(1328): Mapped gralloc-1328.22 hnd=0xb8eb5c90 fd=42 base=0xb294a000 format=RGBA_8888(0x1) width=492 height=874
10-13 09:26:03.171: E/dalvikvm(4166): Could not find class 'com.google.android.gms.org.conscrypt.OpenSSLExtendedSessionImpl', referenced from method com.google.android.gms.org.conscrypt.Platform.wrapSSLSession
10-13 09:26:03.171: W/dalvikvm(4166): VFY: unable to resolve new-instance 1717 (Lcom/google/android/gms/org/conscrypt/OpenSSLExtendedSessionImpl;) in Lcom/google/android/gms/org/conscrypt/Platform;
10-13 09:26:03.171: D/dalvikvm(4166): VFY: replacing opcode 0x22 at 0x0007
10-13 09:26:03.171: D/dalvikvm(4166): DexOpt: unable to opt direct call 0x3b63 at 0x2a in Lcom/google/android/gms/org/conscrypt/Platform;.setParametersSniHostname
10-13 09:26:03.171: D/dalvikvm(4166): DexOpt: unable to opt direct call 0x3b63 at 0x2a in Lcom/google/android/gms/org/conscrypt/Platform;.setParametersSniHostname
10-13 09:26:03.171: W/dalvikvm(4166): Unable to resolve superclass of Lcom/google/android/gms/org/conscrypt/OpenSSLExtendedSessionImpl; (3046)
10-13 09:26:03.171: W/dalvikvm(4166): Link of class 'Lcom/google/android/gms/org/conscrypt/OpenSSLExtendedSessionImpl;' failed
10-13 09:26:03.171: D/dalvikvm(4166): DexOpt: unable to opt direct call 0x2490 at 0x09 in Lcom/google/android/gms/org/conscrypt/Platform;.wrapSSLSession
10-13 09:26:03.181: D/dalvikvm(4166): GC_CONCURRENT freed 455K, 13% free 4229K/4812K, paused 2ms+1ms, total 26ms
10-13 09:26:03.181: D/dalvikvm(4166): WAIT_FOR_CONCURRENT_GC blocked 9ms
10-13 09:26:03.191: D/dalvikvm(4166): Trying to load lib /data/app-lib/com.google.android.gms-1/libgmscore.so 0x950fb500
10-13 09:26:03.191: D/dalvikvm(4166): Shared lib '/data/app-lib/com.google.android.gms-1/libgmscore.so' already loaded in same CL 0x950fb500
10-13 09:26:03.191: D/dalvikvm(4166): Trying to load lib /data/app-lib/com.google.android.gms-1/libconscrypt_gmscore_jni.so 0x950fb500
10-13 09:26:03.191: D/dalvikvm(4166): Shared lib '/data/app-lib/com.google.android.gms-1/libconscrypt_gmscore_jni.so' already loaded in same CL 0x950fb500
10-13 09:26:03.191: D/dalvikvm(4166): GC_FOR_ALLOC freed 338K, 10% free 4372K/4840K, paused 3ms, total 3ms
10-13 09:26:03.201: D/dalvikvm(4166): GC_CONCURRENT freed <1K, 10% free 4489K/4960K, paused 4ms+0ms, total 6ms
10-13 09:26:03.201: I/ProviderInstaller(4150): Installed default security provider GmsCore_OpenSSL
10-13 09:26:03.211: D/dalvikvm(1705): GC_CONCURRENT freed 1135K, 18% free 9007K/10960K, paused 0ms+1ms, total 31ms
10-13 09:26:03.211: D/dalvikvm(1705): WAIT_FOR_CONCURRENT_GC blocked 20ms
10-13 09:26:03.211: D/dalvikvm(1705): WAIT_FOR_CONCURRENT_GC blocked 13ms
10-13 09:26:03.211: I/dalvikvm-heap(1705): Grow heap (frag case) to 9.817MB for 856092-byte allocation
10-13 09:26:03.211: D/dalvikvm(1705): GC_FOR_ALLOC freed 21K, 17% free 9903K/11800K, paused 7ms, total 7ms
10-13 09:26:03.221: I/GceGrallocRegionRegistry(1705): Unmapped gralloc-1328.22 hnd=0xb9347a40 fd=158 base=0x78b6e000
10-13 09:26:03.221: I/ProviderInstaller(4166): Installed default security provider GmsCore_OpenSSL
10-13 09:26:03.231: D/dalvikvm(1705): GC_FOR_ALLOC freed 124K, 18% free 9791K/11800K, paused 6ms, total 6ms
10-13 09:26:03.231: I/dalvikvm-heap(1705): Grow heap (frag case) to 10.502MB for 856092-byte allocation
10-13 09:26:03.231: D/dalvikvm(1705): GC_FOR_ALLOC freed <1K, 16% free 10627K/12640K, paused 7ms, total 7ms
10-13 09:26:03.231: D/AndroidRuntime(4181): Shutting down VM
10-13 09:26:03.241: D/dalvikvm(4181): GC_CONCURRENT freed 94K, 15% free 576K/672K, paused 0ms+0ms, total 1ms
10-13 09:26:03.251: I/GceGrallocRegionRegistry(1328): Unmapped gralloc-1328.22 hnd=0xb8eb5c90 fd=42 base=0xb294a000
10-13 09:26:03.271: I/GceGrallocRegionRegistry(1328): Mapped gralloc-1328.23 hnd=0xb8e18b90 fd=36 base=0xb2395000 format=RGBA_8888(0x1) width=1080 height=1776
10-13 09:26:03.271: I/GceGrallocRegionRegistry(1705): Mapped gralloc-1328.23 hnd=0xb924b5d0 fd=163 base=0x7ae13000 format=RGBA_8888(0x1) width=1080 height=1776
10-13 09:26:03.301: I/ActivityManager(1705): Start proc com.google.android.apps.mtaas.backdrop for activity com.google.android.apps.mtaas.backdrop/.BackdropActivity: pid=4198 uid=10068 gids={50068}
10-13 09:26:03.311: I/ActivityManager(1705): Start proc com.google.android.gms.persistent for content provider com.google.android.gms/.phenotype.provider.ConfigurationProvider: pid=4210 uid=10008 gids={50008, 3003, 1007, 1028, 1015, 3002, 3001, 3007, 2001, 3006}
10-13 09:26:03.351: I/GceGrallocRegionRegistry(1328): Mapped gralloc-1328.24 hnd=0xb8dfc100 fd=37 base=0xb19d0000 format=RGBA_8888(0x1) width=1080 height=1776
10-13 09:26:03.351: I/GceGrallocRegionRegistry(1705): Mapped gralloc-1328.24 hnd=0xb9396b90 fd=164 base=0x7a6b2000 format=RGBA_8888(0x1) width=1080 height=1776
10-13 09:26:03.381: I/dalvikvm(4198): Could not find method android.app.Notification$Builder.<init>, referenced from method android.support.v4.app.NotificationCompatBuilder.<init>
10-13 09:26:03.381: W/dalvikvm(4198): VFY: unable to resolve direct method 121: Landroid/app/Notification$Builder;.<init> (Landroid/content/Context;Ljava/lang/String;)V
10-13 09:26:03.381: D/dalvikvm(4198): VFY: replacing opcode 0x70 at 0x0025
10-13 09:26:03.381: I/dalvikvm(4198): Could not find method android.app.Notification$Builder.setLocalOnly, referenced from method android.support.v4.app.NotificationCompatBuilder.<init>
10-13 09:26:03.381: W/dalvikvm(4198): VFY: unable to resolve virtual method 149: Landroid/app/Notification$Builder;.setLocalOnly (Z)Landroid/app/Notification$Builder;
10-13 09:26:03.381: D/dalvikvm(4198): VFY: replacing opcode 0x6e at 0x018f
10-13 09:26:03.381: I/dalvikvm(4198): Could not find method android.app.Notification$Builder.setCategory, referenced from method android.support.v4.app.NotificationCompatBuilder.<init>
10-13 09:26:03.381: W/dalvikvm(4198): VFY: unable to resolve virtual method 129: Landroid/app/Notification$Builder;.setCategory (Ljava/lang/String;)Landroid/app/Notification$Builder;
10-13 09:26:03.381: D/dalvikvm(4198): VFY: replacing opcode 0x6e at 0x01b0
10-13 09:26:03.381: I/dalvikvm(4198): Could not find method android.app.Notification$Builder.setRemoteInputHistory, referenced from method android.support.v4.app.NotificationCompatBuilder.<init>
10-13 09:26:03.381: W/dalvikvm(4198): VFY: unable to resolve virtual method 156: Landroid/app/Notification$Builder;.setRemoteInputHistory ([Ljava/lang/CharSequence;)Landroid/app/Notification$Builder;
10-13 09:26:03.381: D/dalvikvm(4198): VFY: replacing opcode 0x6e at 0x01fa
10-13 09:26:03.381: I/dalvikvm(4198): Could not find method android.app.Notification$Builder.setBadgeIconType, referenced from method android.support.v4.app.NotificationCompatBuilder.<init>
10-13 09:26:03.381: W/dalvikvm(4198): VFY: unable to resolve virtual method 128: Landroid/app/Notification$Builder;.setBadgeIconType (I)Landroid/app/Notification$Builder;
10-13 09:26:03.381: D/dalvikvm(4198): VFY: replacing opcode 0x6e at 0x0226
10-13 09:26:03.381: E/dalvikvm(4198): Could not find class 'android.app.Notification$Action$Builder', referenced from method android.support.v4.app.NotificationCompatBuilder.addAction
10-13 09:26:03.381: W/dalvikvm(4198): VFY: unable to resolve new-instance 27 (Landroid/app/Notification$Action$Builder;) in Landroid/support/v4/app/NotificationCompatBuilder;
10-13 09:26:03.381: D/dalvikvm(4198): VFY: replacing opcode 0x22 at 0x0006
10-13 09:26:03.381: D/dalvikvm(4198): DexOpt: couldn't find field Landroid/app/Notification;.headsUpContentView
10-13 09:26:03.381: W/dalvikvm(4198): VFY: unable to resolve instance field 13
10-13 09:26:03.381: D/dalvikvm(4198): VFY: replacing opcode 0x5b at 0x0039
10-13 09:26:03.381: I/dalvikvm(4198): Could not find method android.app.Notification.getGroup, referenced from method android.support.v4.app.NotificationCompatBuilder.buildInternal
10-13 09:26:03.381: W/dalvikvm(4198): VFY: unable to resolve virtual method 188: Landroid/app/Notification;.getGroup ()Ljava/lang/String;
10-13 09:26:03.381: D/dalvikvm(4198): VFY: replacing opcode 0x6e at 0x001f
10-13 09:26:03.381: D/dalvikvm(4198): DexOpt: couldn't find field Landroid/app/Notification;.headsUpContentView
10-13 09:26:03.381: W/dalvikvm(4198): VFY: unable to resolve instance field 13
10-13 09:26:03.381: D/dalvikvm(4198): VFY: replacing opcode 0x5b at 0x006f
10-13 09:26:03.381: I/dalvikvm(4198): Could not find method android.app.Notification.getGroup, referenced from method android.support.v4.app.NotificationCompatBuilder.buildInternal
10-13 09:26:03.381: W/dalvikvm(4198): VFY: unable to resolve virtual method 188: Landroid/app/Notification;.getGroup ()Ljava/lang/String;
10-13 09:26:03.381: D/dalvikvm(4198): VFY: replacing opcode 0x6e at 0x0075
10-13 09:26:03.381: I/dalvikvm(4198): Could not find method android.app.Notification.getGroup, referenced from method android.support.v4.app.NotificationCompatBuilder.buildInternal
10-13 09:26:03.381: W/dalvikvm(4198): VFY: unable to resolve virtual method 188: Landroid/app/Notification;.getGroup ()Ljava/lang/String;
10-13 09:26:03.381: D/dalvikvm(4198): VFY: replacing opcode 0x6e at 0x00c4
10-13 09:26:03.381: D/dalvikvm(4198): DexOpt: unable to opt direct call 0x0067 at 0x14 in Landroid/support/v4/app/NotificationCompatBuilder;.addAction
10-13 09:26:03.381: W/dalvikvm(4210): VFY: unable to resolve static field 332 (PR_SET_DUMPABLE) in Landroid/system/OsConstants;
10-13 09:26:03.381: D/dalvikvm(4210): VFY: replacing opcode 0x60 at 0x0009
10-13 09:26:03.391: I/dalvikvm(4210): Could not find method android.content.Context.getSystemService, referenced from method ni.a
10-13 09:26:03.391: W/dalvikvm(4210): VFY: unable to resolve virtual method 715: Landroid/content/Context;.getSystemService (Ljava/lang/Class;)Ljava/lang/Object;
10-13 09:26:03.391: D/dalvikvm(4210): VFY: replacing opcode 0x6e at 0x0008
10-13 09:26:03.391: I/dalvikvm(4210): Could not find method android.content.Context.createDeviceProtectedStorageContext, referenced from method iyb.a
10-13 09:26:03.391: W/dalvikvm(4210): VFY: unable to resolve virtual method 689: Landroid/content/Context;.createDeviceProtectedStorageContext ()Landroid/content/Context;
10-13 09:26:03.391: D/dalvikvm(4210): VFY: replacing opcode 0x6e at 0x0029
10-13 09:26:03.391: I/dalvikvm(4210): Could not find method android.content.Context.getSystemService, referenced from method iyb.b
10-13 09:26:03.391: W/dalvikvm(4210): VFY: unable to resolve virtual method 715: Landroid/content/Context;.getSystemService (Ljava/lang/Class;)Ljava/lang/Object;
10-13 09:26:03.391: D/dalvikvm(4210): VFY: replacing opcode 0x6e at 0x000b
10-13 09:26:03.391: I/dalvikvm(4210): Could not find method android.content.Context.isDeviceProtectedStorage, referenced from method xtw.a
10-13 09:26:03.391: W/dalvikvm(4210): VFY: unable to resolve virtual method 720: Landroid/content/Context;.isDeviceProtectedStorage ()Z
10-13 09:26:03.391: D/dalvikvm(4210): VFY: replacing opcode 0x6e at 0x0009
10-13 09:26:03.391: I/dalvikvm(4210): Could not find method android.content.Context.isDeviceProtectedStorage, referenced from method xtw.c
10-13 09:26:03.391: W/dalvikvm(4210): VFY: unable to resolve virtual method 720: Landroid/content/Context;.isDeviceProtectedStorage ()Z
10-13 09:26:03.391: D/dalvikvm(4210): VFY: replacing opcode 0x6e at 0x0063
10-13 09:26:03.391: I/dalvikvm(4210): Could not find method android.os.PowerManager.isInteractive, referenced from method ivo.a
10-13 09:26:03.391: W/dalvikvm(4210): VFY: unable to resolve virtual method 1266: Landroid/os/PowerManager;.isInteractive ()Z
10-13 09:26:03.391: D/dalvikvm(4210): VFY: replacing opcode 0x6e at 0x0012
10-13 09:26:03.401: I/dalvikvm(4210): Could not find method android.content.ContextWrapper.createCredentialProtectedStorageContext, referenced from method com.google.android.chimera.ModuleContext.createCredentialProtectedStorageContext
10-13 09:26:03.401: W/dalvikvm(4210): VFY: unable to resolve virtual method 738: Landroid/content/ContextWrapper;.createCredentialProtectedStorageContext ()Landroid/content/Context;
10-13 09:26:03.401: D/dalvikvm(4210): VFY: replacing opcode 0x6f at 0x0002
10-13 09:26:03.401: I/dalvikvm(4210): Could not find method android.content.ContextWrapper.createDeviceProtectedStorageContext, referenced from method com.google.android.chimera.ModuleContext.createDeviceProtectedStorageContext
10-13 09:26:03.401: W/dalvikvm(4210): VFY: unable to resolve virtual method 739: Landroid/content/ContextWrapper;.createDeviceProtectedStorageContext ()Landroid/content/Context;
10-13 09:26:03.401: D/dalvikvm(4210): VFY: replacing opcode 0x6f at 0x0002
10-13 09:26:03.401: I/dalvikvm(4210): Could not find method android.content.Context.isCredentialProtectedStorage, referenced from method buu.a
10-13 09:26:03.401: W/dalvikvm(4210): VFY: unable to resolve virtual method 719: Landroid/content/Context;.isCredentialProtectedStorage ()Z
10-13 09:26:03.401: D/dalvikvm(4210): VFY: replacing opcode 0x6e at 0x0000
10-13 09:26:03.401: I/dalvikvm(4210): Could not find method android.os.UserManager.isUserUnlocked, referenced from method buu.a
10-13 09:26:03.401: W/dalvikvm(4210): VFY: unable to resolve virtual method 1312: Landroid/os/UserManager;.isUserUnlocked ()Z
10-13 09:26:03.401: D/dalvikvm(4210): VFY: replacing opcode 0x6e at 0x001a
10-13 09:26:03.401: I/dalvikvm(4210): Could not find method android.content.Context.isDeviceProtectedStorage, referenced from method buu.b
10-13 09:26:03.401: W/dalvikvm(4210): VFY: unable to resolve virtual method 720: Landroid/content/Context;.isDeviceProtectedStorage ()Z
10-13 09:26:03.401: D/dalvikvm(4210): VFY: replacing opcode 0x6e at 0x0000
10-13 09:26:03.401: I/dalvikvm(4210): Could not find method android.content.Context.isDeviceProtectedStorage, referenced from method buu.c
10-13 09:26:03.401: W/dalvikvm(4210): VFY: unable to resolve virtual method 720: Landroid/content/Context;.isDeviceProtectedStorage ()Z
10-13 09:26:03.401: D/dalvikvm(4210): VFY: replacing opcode 0x6e at 0x0000
10-13 09:26:03.401: I/MultiDex(4210): VM with version 1.6.0 does not have multidex support
10-13 09:26:03.401: I/MultiDex(4210): install
10-13 09:26:03.401: I/MultiDex(4210): MultiDexExtractor.load(/data/app/com.google.android.gms-1.apk, false)
10-13 09:26:03.401: I/MultiDex(4210): Blocking on lock /data/user/0/com.google.android.gms/code_cache/secondary-dexes/MultiDex.lock
10-13 09:26:03.401: I/MultiDex(4210): /data/user/0/com.google.android.gms/code_cache/secondary-dexes/MultiDex.lock locked
10-13 09:26:03.411: I/MultiDex(4210): loading existing secondary dex files
10-13 09:26:03.411: I/MultiDex(4210): load found 4 secondary dex files
10-13 09:26:03.411: I/MultiDex(4210): install done
10-13 09:26:03.411: D/dalvikvm(4210): GC_FOR_ALLOC freed 265K, 10% free 3623K/4012K, paused 3ms, total 3ms
10-13 09:26:03.421: I/dalvikvm(4210): Could not find method android.content.Context.isDeviceProtectedStorage, referenced from method jrg.d
10-13 09:26:03.421: W/dalvikvm(4210): VFY: unable to resolve virtual method 720: Landroid/content/Context;.isDeviceProtectedStorage ()Z
10-13 09:26:03.421: D/dalvikvm(4210): VFY: replacing opcode 0x6e at 0x0006
10-13 09:26:03.421: I/dalvikvm(4210): Could not find method android.os.UserHandle.isOwner, referenced from method jrg.h
10-13 09:26:03.421: W/dalvikvm(4210): VFY: unable to resolve virtual method 1305: Landroid/os/UserHandle;.isOwner ()Z
10-13 09:26:03.421: D/dalvikvm(4210): VFY: replacing opcode 0x6e at 0x000a
10-13 09:26:03.421: D/dalvikvm(4198): GC_FOR_ALLOC freed 65K, 5% free 3769K/3964K, paused 3ms, total 18ms
10-13 09:26:03.431: D/dalvikvm(4198): GC_FOR_ALLOC freed 2K, 5% free 3987K/4188K, paused 12ms, total 12ms
10-13 09:26:03.441: I/dalvikvm-heap(4198): Grow heap (frag case) to 6.432MB for 2536932-byte allocation
10-13 09:26:03.441: D/dalvikvm(4210): GC_FOR_ALLOC freed 25K, 4% free 4111K/4260K, paused 7ms, total 7ms
10-13 09:26:03.441: D/dalvikvm(4198): GC_FOR_ALLOC freed <1K, 4% free 6465K/6668K, paused 3ms, total 3ms
10-13 09:26:03.441: D/dalvikvm(4210): GC_CONCURRENT freed <1K, 4% free 4111K/4260K, paused 3ms+0ms, total 5ms
10-13 09:26:03.451: D/dalvikvm(4198): GC_CONCURRENT freed <1K, 4% free 6465K/6668K, paused 0ms+1ms, total 2ms
10-13 09:26:03.451: I/dalvikvm(4210): Could not find method android.content.pm.PackageManager.isInstantApp, referenced from method jwv.a
10-13 09:26:03.451: W/dalvikvm(4210): VFY: unable to resolve virtual method 836: Landroid/content/pm/PackageManager;.isInstantApp (Ljava/lang/String;)Z
10-13 09:26:03.451: D/dalvikvm(4210): VFY: replacing opcode 0x6e at 0x002d
10-13 09:26:03.461: I/dalvikvm(4210): Could not find method android.content.ContextWrapper.createCredentialProtectedStorageContext, referenced from method jjp.createCredentialProtectedStorageContext
10-13 09:26:03.461: W/dalvikvm(4210): VFY: unable to resolve virtual method 738: Landroid/content/ContextWrapper;.createCredentialProtectedStorageContext ()Landroid/content/Context;
10-13 09:26:03.461: D/dalvikvm(4210): VFY: replacing opcode 0x6f at 0x0002
10-13 09:26:03.461: I/dalvikvm(4210): Could not find method android.content.ContextWrapper.createDeviceProtectedStorageContext, referenced from method jjp.createDeviceProtectedStorageContext
10-13 09:26:03.461: W/dalvikvm(4210): VFY: unable to resolve virtual method 739: Landroid/content/ContextWrapper;.createDeviceProtectedStorageContext ()Landroid/content/Context;
10-13 09:26:03.461: D/dalvikvm(4210): VFY: replacing opcode 0x6f at 0x0002
10-13 09:26:03.461: D/dalvikvm(4210): DexOpt: couldn't find static field Landroid/os/Build;.SUPPORTED_ABIS
10-13 09:26:03.461: W/dalvikvm(4210): VFY: unable to resolve static field 313 (SUPPORTED_ABIS) in Landroid/os/Build;
10-13 09:26:03.461: D/dalvikvm(4210): VFY: replacing opcode 0x62 at 0x0008
10-13 09:26:03.461: D/dalvikvm(4210): DexOpt: couldn't find static field Landroid/os/Build;.SUPPORTED_ABIS
10-13 09:26:03.461: W/dalvikvm(4210): VFY: unable to resolve static field 313 (SUPPORTED_ABIS) in Landroid/os/Build;
10-13 09:26:03.461: D/dalvikvm(4210): VFY: replacing opcode 0x62 at 0x0097
10-13 09:26:03.461: D/dalvikvm(4210): DexOpt: couldn't find field Landroid/content/pm/ApplicationInfo;.splitSourceDirs
10-13 09:26:03.461: W/dalvikvm(4210): VFY: unable to resolve instance field 243
10-13 09:26:03.461: D/dalvikvm(4210): VFY: replacing opcode 0x54 at 0x0053
10-13 09:26:03.461: D/dalvikvm(4210): Trying to load lib /data/app-lib/com.google.android.gms-1/libgmscore.so 0x950fe428
10-13 09:26:03.461: D/dalvikvm(4210): Added shared lib /data/app-lib/com.google.android.gms-1/libgmscore.so 0x950fe428
10-13 09:26:03.461: D/dalvikvm(4210): No JNI_OnLoad found in /data/app-lib/com.google.android.gms-1/libgmscore.so 0x950fe428, skipping init
10-13 09:26:03.461: D/dalvikvm(4210): Trying to load lib /data/app-lib/com.google.android.gms-1/libconscrypt_gmscore_jni.so 0x950fe428
10-13 09:26:03.461: D/dalvikvm(4210): Added shared lib /data/app-lib/com.google.android.gms-1/libconscrypt_gmscore_jni.so 0x950fe428
10-13 09:26:03.461: V/NativeCrypto(4210): Registering com/google/android/gms/org/conscrypt/NativeCrypto's 259 native methods...
10-13 09:26:03.461: E/dalvikvm(4210): Could not find class 'javax.net.ssl.SNIServerName', referenced from method com.google.android.gms.org.conscrypt.Platform.getSniHostnameFromParams
10-13 09:26:03.461: W/dalvikvm(4210): VFY: unable to resolve check-cast 3056 (Ljavax/net/ssl/SNIServerName;) in Lcom/google/android/gms/org/conscrypt/Platform;
10-13 09:26:03.461: D/dalvikvm(4210): VFY: replacing opcode 0x1f at 0x0025
10-13 09:26:03.461: E/dalvikvm(4210): Could not find class 'javax.net.ssl.SNIHostName', referenced from method com.google.android.gms.org.conscrypt.Platform.setParametersSniHostname
10-13 09:26:03.461: W/dalvikvm(4210): VFY: unable to resolve new-instance 3055 (Ljavax/net/ssl/SNIHostName;) in Lcom/google/android/gms/org/conscrypt/Platform;
10-13 09:26:03.461: D/dalvikvm(4210): VFY: replacing opcode 0x22 at 0x0024
10-13 09:26:03.461: E/dalvikvm(4210): Could not find class 'javax.net.ssl.SNIHostName', referenced from method com.google.android.gms.org.conscrypt.Platform.setParametersSniHostname
10-13 09:26:03.461: W/dalvikvm(4210): VFY: unable to resolve new-instance 3055 (Ljavax/net/ssl/SNIHostName;) in Lcom/google/android/gms/org/conscrypt/Platform;
10-13 09:26:03.461: D/dalvikvm(4210): VFY: replacing opcode 0x22 at 0x0024
10-13 09:26:03.461: W/dalvikvm(4210): Unable to resolve superclass of Lcom/google/android/gms/org/conscrypt/OpenSSLExtendedSessionImpl; (3046)
10-13 09:26:03.461: W/dalvikvm(4210): Link of class 'Lcom/google/android/gms/org/conscrypt/OpenSSLExtendedSessionImpl;' failed
10-13 09:26:03.471: E/dalvikvm(4210): Could not find class 'com.google.android.gms.org.conscrypt.OpenSSLExtendedSessionImpl', referenced from method com.google.android.gms.org.conscrypt.Platform.unwrapSSLSession
10-13 09:26:03.471: W/dalvikvm(4210): VFY: unable to resolve instanceof 1717 (Lcom/google/android/gms/org/conscrypt/OpenSSLExtendedSessionImpl;) in Lcom/google/android/gms/org/conscrypt/Platform;
10-13 09:26:03.471: D/dalvikvm(4210): VFY: replacing opcode 0x20 at 0x0007
10-13 09:26:03.471: W/dalvikvm(4210): Unable to resolve superclass of Lcom/google/android/gms/org/conscrypt/OpenSSLExtendedSessionImpl; (3046)
10-13 09:26:03.471: W/dalvikvm(4210): Link of class 'Lcom/google/android/gms/org/conscrypt/OpenSSLExtendedSessionImpl;' failed
10-13 09:26:03.481: E/dalvikvm(4210): Could not find class 'com.google.android.gms.org.conscrypt.OpenSSLExtendedSessionImpl', referenced from method com.google.android.gms.org.conscrypt.Platform.wrapSSLSession
10-13 09:26:03.481: W/dalvikvm(4210): VFY: unable to resolve new-instance 1717 (Lcom/google/android/gms/org/conscrypt/OpenSSLExtendedSessionImpl;) in Lcom/google/android/gms/org/conscrypt/Platform;
10-13 09:26:03.481: D/dalvikvm(4210): VFY: replacing opcode 0x22 at 0x0007
10-13 09:26:03.481: D/dalvikvm(4210): DexOpt: unable to opt direct call 0x3b63 at 0x2a in Lcom/google/android/gms/org/conscrypt/Platform;.setParametersSniHostname
10-13 09:26:03.481: D/dalvikvm(4210): DexOpt: unable to opt direct call 0x3b63 at 0x2a in Lcom/google/android/gms/org/conscrypt/Platform;.setParametersSniHostname
10-13 09:26:03.481: D/dalvikvm(4210): GC_CONCURRENT freed 383K, 11% free 4115K/4624K, paused 3ms+0ms, total 5ms
10-13 09:26:03.481: W/dalvikvm(4210): Unable to resolve superclass of Lcom/google/android/gms/org/conscrypt/OpenSSLExtendedSessionImpl; (3046)
10-13 09:26:03.481: W/dalvikvm(4210): Link of class 'Lcom/google/android/gms/org/conscrypt/OpenSSLExtendedSessionImpl;' failed
10-13 09:26:03.481: D/dalvikvm(4210): DexOpt: unable to opt direct call 0x2490 at 0x09 in Lcom/google/android/gms/org/conscrypt/Platform;.wrapSSLSession
10-13 09:26:03.521: D/dalvikvm(4210): GC_CONCURRENT freed 232K, 8% free 4278K/4636K, paused 1ms+5ms, total 13ms
10-13 09:26:03.521: I/dalvikvm(4210): Could not find method android.content.ContextWrapper.createCredentialProtectedStorageContext, referenced from method ivg.createCredentialProtectedStorageContext
10-13 09:26:03.521: W/dalvikvm(4210): VFY: unable to resolve virtual method 738: Landroid/content/ContextWrapper;.createCredentialProtectedStorageContext ()Landroid/content/Context;
10-13 09:26:03.521: D/dalvikvm(4210): VFY: replacing opcode 0x6f at 0x0002
10-13 09:26:03.521: I/dalvikvm(4210): Could not find method android.content.ContextWrapper.createDeviceProtectedStorageContext, referenced from method ivg.createDeviceProtectedStorageContext
10-13 09:26:03.521: W/dalvikvm(4210): VFY: unable to resolve virtual method 739: Landroid/content/ContextWrapper;.createDeviceProtectedStorageContext ()Landroid/content/Context;
10-13 09:26:03.521: D/dalvikvm(4210): VFY: replacing opcode 0x6f at 0x0002
10-13 09:26:03.521: I/dalvikvm(4210): Could not find method android.content.pm.PackageManager.getPackageInstaller, referenced from method ims.a
10-13 09:26:03.521: W/dalvikvm(4210): VFY: unable to resolve virtual method 829: Landroid/content/pm/PackageManager;.getPackageInstaller ()Landroid/content/pm/PackageInstaller;
10-13 09:26:03.521: D/dalvikvm(4210): VFY: replacing opcode 0x6e at 0x001c
10-13 09:26:03.541: D/dalvikvm(4210): Trying to load lib /data/app-lib/com.google.android.gms-1/libgmscore.so 0x950fe428
10-13 09:26:03.541: D/dalvikvm(4210): Shared lib '/data/app-lib/com.google.android.gms-1/libgmscore.so' already loaded in same CL 0x950fe428
10-13 09:26:03.541: D/dalvikvm(4210): Trying to load lib /data/app-lib/com.google.android.gms-1/libconscrypt_gmscore_jni.so 0x950fe428
10-13 09:26:03.541: D/dalvikvm(4210): Shared lib '/data/app-lib/com.google.android.gms-1/libconscrypt_gmscore_jni.so' already loaded in same CL 0x950fe428
10-13 09:26:03.561: D/dalvikvm(4210): GC_CONCURRENT freed 186K, 7% free 4486K/4800K, paused 6ms+1ms, total 9ms
10-13 09:26:03.601: D/dalvikvm(4150): GC_CONCURRENT freed 130K, 6% free 4316K/4572K, paused 2ms+0ms, total 5ms
10-13 09:26:03.631: I/ProviderInstaller(4210): Installed default security provider GmsCore_OpenSSL
10-13 09:26:03.651: D/dalvikvm(4150): GC_CONCURRENT freed 178K, 7% free 4528K/4836K, paused 0ms+0ms, total 3ms
10-13 09:26:03.651: I/DynamiteModule(4210): Considering local module com.google.android.gms.googlecertificates:4 and remote module com.google.android.gms.googlecertificates:4
10-13 09:26:03.651: I/DynamiteModule(4210): Selected local version of com.google.android.gms.googlecertificates
10-13 09:26:03.681: D/dalvikvm(1757): GC_FOR_ALLOC freed 1195K, 36% free 14839K/23000K, paused 31ms, total 31ms
10-13 09:26:03.681: I/dalvikvm-heap(1757): Grow heap (frag case) to 15.169MB for 589836-byte allocation
10-13 09:26:03.681: D/dalvikvm(4210): GC_CONCURRENT freed 246K, 8% free 4646K/5020K, paused 16ms+0ms, total 20ms
10-13 09:26:03.681: D/dalvikvm(1757): GC_FOR_ALLOC freed 57K, 35% free 15357K/23580K, paused 4ms, total 4ms
10-13 09:26:03.701: I/BackdropActivity(4198): android_id: 3661257140027891324
10-13 09:26:03.721: I/GceGrallocRegionRegistry(1874): Unmapped gralloc-1328.19 hnd=0xb9557880 fd=44 base=0x7a6c9000
10-13 09:26:03.721: I/GceGrallocRegionRegistry(1874): Unmapped gralloc-1328.20 hnd=0xb954bb00 fd=48 base=0x796d6000
10-13 09:26:03.721: I/GceGrallocRegionRegistry(1874): Unmapped gralloc-1328.21 hnd=0xb94453a0 fd=50 base=0x78edc000
10-13 09:26:03.731: I/GceGrallocRegionRegistry(1328): Unmapped gralloc-1328.19 hnd=0xb8ed4f70 fd=24 base=0xb0a35000
10-13 09:26:03.771: I/GceGrallocRegionRegistry(1328): Unmapped gralloc-1328.20 hnd=0xb8ee4090 fd=32 base=0xae25c000
10-13 09:26:03.801: D/dalvikvm(4210): GC_CONCURRENT freed 230K, 7% free 4802K/5164K, paused 1ms+0ms, total 28ms
10-13 09:26:03.821: I/dalvikvm(4150): Could not find method android.content.ContextWrapper.createCredentialProtectedStorageContext, referenced from method ivg.createCredentialProtectedStorageContext
10-13 09:26:03.821: W/dalvikvm(4150): VFY: unable to resolve virtual method 738: Landroid/content/ContextWrapper;.createCredentialProtectedStorageContext ()Landroid/content/Context;
10-13 09:26:03.821: D/dalvikvm(4150): VFY: replacing opcode 0x6f at 0x0002
10-13 09:26:03.821: I/dalvikvm(4150): Could not find method android.content.ContextWrapper.createDeviceProtectedStorageContext, referenced from method ivg.createDeviceProtectedStorageContext
10-13 09:26:03.821: W/dalvikvm(4150): VFY: unable to resolve virtual method 739: Landroid/content/ContextWrapper;.createDeviceProtectedStorageContext ()Landroid/content/Context;
10-13 09:26:03.821: D/dalvikvm(4150): VFY: replacing opcode 0x6f at 0x0002
10-13 09:26:03.821: I/dalvikvm(4150): Could not find method android.os.UserManager.getUserProfiles, referenced from method rye.a
10-13 09:26:03.821: W/dalvikvm(4150): VFY: unable to resolve virtual method 12857: Landroid/os/UserManager;.getUserProfiles ()Ljava/util/List;
10-13 09:26:03.821: D/dalvikvm(4150): VFY: replacing opcode 0x6e at 0x003e
10-13 09:26:03.831: D/dalvikvm(4166): GC_FOR_ALLOC freed 284K, 10% free 4567K/5044K, paused 4ms, total 4ms
10-13 09:26:03.841: D/dalvikvm(4210): GC_CONCURRENT freed 366K, 10% free 4822K/5320K, paused 1ms+0ms, total 9ms
10-13 09:26:03.861: D/dalvikvm(4150): GC_CONCURRENT freed 143K, 6% free 4770K/5040K, paused 1ms+1ms, total 6ms
10-13 09:26:03.871: D/dalvikvm(4166): GC_CONCURRENT freed 60K, 6% free 4892K/5180K, paused 2ms+1ms, total 5ms
10-13 09:26:03.891: I/dalvikvm(4210): Could not find method android.os.PowerManager.isPowerSaveMode, referenced from method akis.c
10-13 09:26:03.891: W/dalvikvm(4210): VFY: unable to resolve virtual method 28874: Landroid/os/PowerManager;.isPowerSaveMode ()Z
10-13 09:26:03.891: D/dalvikvm(4210): VFY: replacing opcode 0x6e at 0x000a
10-13 09:26:03.891: I/GCoreNlp(4210): shouldConfirmNlp, NLP off. Ensuring opt-in disabled
10-13 09:26:03.951: D/dalvikvm(4166): GC_CONCURRENT freed 148K, 6% free 5128K/5412K, paused 2ms+0ms, total 58ms
10-13 09:26:03.971: I/dalvikvm(4166): Could not find method android.content.ContextWrapper.createCredentialProtectedStorageContext, referenced from method ivg.createCredentialProtectedStorageContext
10-13 09:26:03.971: W/dalvikvm(4166): VFY: unable to resolve virtual method 738: Landroid/content/ContextWrapper;.createCredentialProtectedStorageContext ()Landroid/content/Context;
10-13 09:26:03.971: D/dalvikvm(4166): VFY: replacing opcode 0x6f at 0x0002
10-13 09:26:03.971: I/dalvikvm(4166): Could not find method android.content.ContextWrapper.createDeviceProtectedStorageContext, referenced from method ivg.createDeviceProtectedStorageContext
10-13 09:26:03.971: W/dalvikvm(4166): VFY: unable to resolve virtual method 739: Landroid/content/ContextWrapper;.createDeviceProtectedStorageContext ()Landroid/content/Context;
10-13 09:26:03.971: D/dalvikvm(4166): VFY: replacing opcode 0x6f at 0x0002
10-13 09:26:03.991: D/dalvikvm(4150): GC_CONCURRENT freed 141K, 6% free 5015K/5292K, paused 34ms+1ms, total 38ms
10-13 09:26:03.991: D/dalvikvm(4166): GC_CONCURRENT freed 560K, 13% free 5017K/5712K, paused 0ms+0ms, total 19ms
10-13 09:26:03.991: W/dalvikvm(4150): VFY: unable to find class referenced in signature (Landroid/app/NotificationChannel;)
10-13 09:26:03.991: I/dalvikvm(4150): Could not find method android.app.NotificationManager.createNotificationChannel, referenced from method jiq.a
10-13 09:26:03.991: W/dalvikvm(4150): VFY: unable to resolve virtual method 3121: Landroid/app/NotificationManager;.createNotificationChannel (Landroid/app/NotificationChannel;)V
10-13 09:26:04.001: D/dalvikvm(4150): VFY: replacing opcode 0x6e at 0x0008
10-13 09:26:04.001: I/dalvikvm(4150): Could not find method android.app.Notification.getChannelId, referenced from method jiq.a
10-13 09:26:04.001: W/dalvikvm(4150): VFY: unable to resolve virtual method 3115: Landroid/app/Notification;.getChannelId ()Ljava/lang/String;
10-13 09:26:04.001: D/dalvikvm(4150): VFY: replacing opcode 0x6e at 0x001d
10-13 09:26:04.001: D/dalvikvm(4150): DexOpt: unable to opt direct call 0x0c2d at 0x38 in Ljiq;.a
10-13 09:26:04.001: W/ChimeraUtils(4150): Non Chimera context
10-13 09:26:04.031: D/dalvikvm(4210): GC_CONCURRENT freed 359K, 10% free 4849K/5368K, paused 2ms+0ms, total 5ms
10-13 09:26:04.061: D/dalvikvm(1705): GC_EXPLICIT freed 126K, 16% free 10704K/12640K, paused 1ms+1ms, total 14ms
10-13 09:26:04.091: I/dalvikvm(4166): Could not find method android.content.Context.createDeviceProtectedStorageContext, referenced from method pwt.a
10-13 09:26:04.091: W/dalvikvm(4166): VFY: unable to resolve virtual method 11764: Landroid/content/Context;.createDeviceProtectedStorageContext ()Landroid/content/Context;
10-13 09:26:04.091: D/dalvikvm(4166): VFY: replacing opcode 0x6e at 0x000a
10-13 09:26:04.091: I/dalvikvm(4166): Could not find method android.content.Context.getSystemService, referenced from method pyo.a
10-13 09:26:04.091: W/dalvikvm(4166): VFY: unable to resolve virtual method 11789: Landroid/content/Context;.getSystemService (Ljava/lang/Class;)Ljava/lang/Object;
10-13 09:26:04.091: D/dalvikvm(4166): VFY: replacing opcode 0x6e at 0x0008
10-13 09:26:04.091: I/GceGrallocRegionRegistry(1328): Unmapped gralloc-1328.21 hnd=0xb8ea32b0 fd=35 base=0xad278000
10-13 09:26:04.111: D/dalvikvm(4210): GC_CONCURRENT freed 340K, 9% free 4896K/5372K, paused 19ms+1ms, total 38ms
10-13 09:26:04.121: D/dalvikvm(4150): GC_CONCURRENT freed 139K, 5% free 5261K/5536K, paused 2ms+0ms, total 7ms
10-13 09:26:04.131: W/dalvikvm(4166): VFY: unable to find class referenced in signature (Landroid/net/Network;)
10-13 09:26:04.131: I/dalvikvm(4166): Could not find method android.net.Network.openConnection, referenced from method qur.a
10-13 09:26:04.131: W/dalvikvm(4166): VFY: unable to resolve virtual method 12402: Landroid/net/Network;.openConnection (Ljava/net/URL;)Ljava/net/URLConnection;
10-13 09:26:04.131: D/dalvikvm(4166): VFY: replacing opcode 0x6e at 0x00ab
10-13 09:26:04.141: E/dalvikvm(4166): Could not find class 'android.app.job.JobScheduler', referenced from method pzq.a
10-13 09:26:04.141: W/dalvikvm(4166): VFY: unable to resolve check-cast 3303 (Landroid/app/job/JobScheduler;) in Lpzq;
10-13 09:26:04.141: D/dalvikvm(4166): VFY: replacing opcode 0x1f at 0x009e
10-13 09:26:04.141: I/NetworkScheduler(4166): Using standalone scheduling engine
10-13 09:26:04.161: D/OpenGLRenderer(4198): Enabling debug mode 0
10-13 09:26:04.161: I/dalvikvm(4150): Could not find method android.content.pm.PackageManager.getPackageInstaller, referenced from method ims.a
10-13 09:26:04.161: W/dalvikvm(4150): VFY: unable to resolve virtual method 829: Landroid/content/pm/PackageManager;.getPackageInstaller ()Landroid/content/pm/PackageInstaller;
10-13 09:26:04.161: D/dalvikvm(4150): VFY: replacing opcode 0x6e at 0x001c
10-13 09:26:04.211: I/GceGrallocRegionRegistry(4198): Mapped gralloc-1328.3 hnd=0xb9205080 fd=43 base=0x7ea0e000 format=RGBA_8888(0x1) width=768 height=768
10-13 09:26:04.221: I/dalvikvm(4166): Could not find method android.os.PowerManager.isPowerSaveMode, referenced from method qbb.a
10-13 09:26:04.221: W/dalvikvm(4166): VFY: unable to resolve virtual method 12811: Landroid/os/PowerManager;.isPowerSaveMode ()Z
10-13 09:26:04.221: D/dalvikvm(4166): VFY: replacing opcode 0x6e at 0x0082
10-13 09:26:04.221: I/dalvikvm(4166): Could not find method android.os.PowerManager.isDeviceIdleMode, referenced from method qbb.a
10-13 09:26:04.221: W/dalvikvm(4166): VFY: unable to resolve virtual method 12808: Landroid/os/PowerManager;.isDeviceIdleMode ()Z
10-13 09:26:04.221: D/dalvikvm(4166): VFY: replacing opcode 0x6e at 0x0097
10-13 09:26:04.221: I/dalvikvm(4166): Could not find method android.os.PowerManager.isIgnoringBatteryOptimizations, referenced from method qbb.a
10-13 09:26:04.221: W/dalvikvm(4166): VFY: unable to resolve virtual method 12809: Landroid/os/PowerManager;.isIgnoringBatteryOptimizations (Ljava/lang/String;)Z
10-13 09:26:04.221: D/dalvikvm(4166): VFY: replacing opcode 0x6e at 0x00f0
10-13 09:26:04.281: I/dalvikvm(4166): Could not find method android.content.pm.PackageManager.getPackageInstaller, referenced from method ims.a
10-13 09:26:04.281: W/dalvikvm(4166): VFY: unable to resolve virtual method 829: Landroid/content/pm/PackageManager;.getPackageInstaller ()Landroid/content/pm/PackageInstaller;
10-13 09:26:04.281: D/dalvikvm(4166): VFY: replacing opcode 0x6e at 0x001c
10-13 09:26:04.281: D/dalvikvm(4150): GC_CONCURRENT freed 204K, 6% free 5639K/5972K, paused 1ms+0ms, total 72ms
10-13 09:26:04.281: D/dalvikvm(4150): WAIT_FOR_CONCURRENT_GC blocked 65ms
10-13 09:26:04.291: D/dalvikvm(4150): WAIT_FOR_CONCURRENT_GC blocked 67ms
10-13 09:26:04.291: D/dalvikvm(4150): WAIT_FOR_CONCURRENT_GC blocked 67ms
10-13 09:26:04.291: D/dalvikvm(4150): Trying to load lib /data/app-lib/com.google.android.gms-1/libAppDataSearch.so 0x95100570
10-13 09:26:04.291: I/dalvikvm(4166): Could not find method android.app.AlarmManager.cancel, referenced from method jng.a
10-13 09:26:04.291: W/dalvikvm(4166): VFY: unable to resolve virtual method 2995: Landroid/app/AlarmManager;.cancel (Landroid/app/AlarmManager$OnAlarmListener;)V
10-13 09:26:04.291: D/dalvikvm(4166): VFY: replacing opcode 0x6e at 0x0002
10-13 09:26:04.291: I/dalvikvm(4166): Could not find method android.app.AlarmManager.set, referenced from method jng.a
10-13 09:26:04.291: W/dalvikvm(4166): VFY: unable to resolve virtual method 2997: Landroid/app/AlarmManager;.set (IJJJLandroid/app/AlarmManager$OnAlarmListener;Landroid/os/Handler;Landroid/os/WorkSource;)V
10-13 09:26:04.291: D/dalvikvm(4166): VFY: replacing opcode 0x74 at 0x0018
10-13 09:26:04.291: I/dalvikvm(4166): Could not find method android.app.AlarmManager.setExactAndAllowWhileIdle, referenced from method jng.a
10-13 09:26:04.291: W/dalvikvm(4166): VFY: unable to resolve virtual method 3001: Landroid/app/AlarmManager;.setExactAndAllowWhileIdle (IJLandroid/app/PendingIntent;)V
10-13 09:26:04.291: D/dalvikvm(4166): VFY: replacing opcode 0x6e at 0x0011
10-13 09:26:04.291: I/dalvikvm(4166): Could not find method android.app.AlarmManager.setAndAllowWhileIdle, referenced from method jng.a
10-13 09:26:04.291: W/dalvikvm(4166): VFY: unable to resolve virtual method 3000: Landroid/app/AlarmManager;.setAndAllowWhileIdle (IJLandroid/app/PendingIntent;)V
10-13 09:26:04.291: D/dalvikvm(4166): VFY: replacing opcode 0x6e at 0x0010
10-13 09:26:04.291: D/dalvikvm(4150): WAIT_FOR_CONCURRENT_GC blocked 67ms
10-13 09:26:04.301: I/dalvikvm(4166): Could not find method android.net.ConnectivityManager.reportNetworkConnectivity, referenced from method pxz.c
10-13 09:26:04.301: W/dalvikvm(4166): VFY: unable to resolve virtual method 12395: Landroid/net/ConnectivityManager;.reportNetworkConnectivity (Landroid/net/Network;Z)V
10-13 09:26:04.301: D/dalvikvm(4166): VFY: replacing opcode 0x6e at 0x000a
10-13 09:26:04.301: I/dalvikvm(4210): Could not find method android.content.res.Configuration.getLocales, referenced from method jkh.<init>
10-13 09:26:04.301: W/dalvikvm(4210): VFY: unable to resolve virtual method 3675: Landroid/content/res/Configuration;.getLocales ()Landroid/os/LocaleList;
10-13 09:26:04.301: D/dalvikvm(4210): VFY: replacing opcode 0x6e at 0x0039
10-13 09:26:04.301: I/dalvikvm(4210): Could not find method java.util.Locale.toLanguageTag, referenced from method jkh.<init>
10-13 09:26:04.301: W/dalvikvm(4210): VFY: unable to resolve virtual method 38660: Ljava/util/Locale;.toLanguageTag ()Ljava/lang/String;
10-13 09:26:04.301: D/dalvikvm(4210): VFY: replacing opcode 0x6e at 0x0065
10-13 09:26:04.331: D/dalvikvm(4210): GC_CONCURRENT freed 324K, 9% free 4956K/5412K, paused 0ms+1ms, total 5ms
10-13 09:26:04.361: D/dalvikvm(4150): GC_CONCURRENT freed 162K, 5% free 6063K/6364K, paused 1ms+0ms, total 10ms
10-13 09:26:04.361: D/dalvikvm(4150): Added shared lib /data/app-lib/com.google.android.gms-1/libAppDataSearch.so 0x95100570
10-13 09:26:04.361: D/dalvikvm(4166): GC_CONCURRENT freed 283K, 11% free 5118K/5712K, paused 0ms+0ms, total 4ms
10-13 09:26:04.411: D/dalvikvm(4210): GC_CONCURRENT freed 348K, 9% free 4997K/5476K, paused 0ms+3ms, total 6ms
10-13 09:26:04.431: E/dalvikvm(4166): Could not find class 'android.app.usage.UsageStatsManager', referenced from method qaw.a
10-13 09:26:04.431: I/dalvikvm(4210): Could not find method android.content.Context.checkSelfPermission, referenced from method jjg.a
10-13 09:26:04.431: W/dalvikvm(4210): VFY: unable to resolve virtual method 687: Landroid/content/Context;.checkSelfPermission (Ljava/lang/String;)I
10-13 09:26:04.431: D/dalvikvm(4210): VFY: replacing opcode 0x6e at 0x0034
10-13 09:26:04.431: I/dalvikvm(4210): Failed resolving Ljjh; interface 915 'Landroid/content/pm/PackageManager$OnPermissionsChangedListener;'
10-13 09:26:04.431: W/dalvikvm(4210): Link of class 'Ljjh;' failed
10-13 09:26:04.431: E/dalvikvm(4210): Could not find class 'jjh', referenced from method jjg.a
10-13 09:26:04.431: W/dalvikvm(4210): VFY: unable to resolve new-instance 3204 (Ljjh;) in Ljjg;
10-13 09:26:04.431: D/dalvikvm(4210): VFY: replacing opcode 0x22 at 0x0000
10-13 09:26:04.431: I/dalvikvm(4210): Failed resolving Ljjh; interface 915 'Landroid/content/pm/PackageManager$OnPermissionsChangedListener;'
10-13 09:26:04.431: W/dalvikvm(4210): Link of class 'Ljjh;' failed
10-13 09:26:04.441: D/dalvikvm(4210): DexOpt: unable to opt direct call 0x3dc8 at 0x02 in Ljjg;.a
10-13 09:26:04.451: W/dalvikvm(4166): VFY: unable to resolve const-class 3307 (Landroid/app/usage/UsageStatsManager;) in Lqaw;
10-13 09:26:04.451: D/dalvikvm(4166): VFY: replacing opcode 0x1c at 0x0076
10-13 09:26:04.471: I/dalvikvm(4166): Could not find method android.os.PowerManager.isDeviceIdleMode, referenced from method pyj.onReceive
10-13 09:26:04.471: W/dalvikvm(4166): VFY: unable to resolve virtual method 12808: Landroid/os/PowerManager;.isDeviceIdleMode ()Z
10-13 09:26:04.471: D/dalvikvm(4166): VFY: replacing opcode 0x6e at 0x0038
10-13 09:26:04.481: I/dalvikvm(4150): Could not find method android.content.Context.checkSelfPermission, referenced from method jjg.a
10-13 09:26:04.481: W/dalvikvm(4150): VFY: unable to resolve virtual method 687: Landroid/content/Context;.checkSelfPermission (Ljava/lang/String;)I
10-13 09:26:04.481: D/dalvikvm(4150): VFY: replacing opcode 0x6e at 0x0034
10-13 09:26:04.481: I/dalvikvm(4150): Failed resolving Ljjh; interface 915 'Landroid/content/pm/PackageManager$OnPermissionsChangedListener;'
10-13 09:26:04.481: W/dalvikvm(4150): Link of class 'Ljjh;' failed
10-13 09:26:04.481: E/dalvikvm(4150): Could not find class 'jjh', referenced from method jjg.a
10-13 09:26:04.481: W/dalvikvm(4150): VFY: unable to resolve new-instance 3204 (Ljjh;) in Ljjg;
10-13 09:26:04.481: D/dalvikvm(4150): VFY: replacing opcode 0x22 at 0x0000
10-13 09:26:04.491: I/dalvikvm(4150): Failed resolving Ljjh; interface 915 'Landroid/content/pm/PackageManager$OnPermissionsChangedListener;'
10-13 09:26:04.491: W/dalvikvm(4150): Link of class 'Ljjh;' failed
10-13 09:26:04.491: D/dalvikvm(4150): DexOpt: unable to opt direct call 0x3dc8 at 0x02 in Ljjg;.a
10-13 09:26:04.491: I/dalvikvm(4166): Could not find method android.os.PowerManager.isDeviceIdleMode, referenced from method pva.b
10-13 09:26:04.491: W/dalvikvm(4166): VFY: unable to resolve virtual method 12808: Landroid/os/PowerManager;.isDeviceIdleMode ()Z
10-13 09:26:04.491: D/dalvikvm(4166): VFY: replacing opcode 0x6e at 0x0008
10-13 09:26:04.521: I/dalvikvm(4150): Could not find method android.app.AlarmManager.cancel, referenced from method jng.a
10-13 09:26:04.521: W/dalvikvm(4150): VFY: unable to resolve virtual method 2995: Landroid/app/AlarmManager;.cancel (Landroid/app/AlarmManager$OnAlarmListener;)V
10-13 09:26:04.521: D/dalvikvm(4150): VFY: replacing opcode 0x6e at 0x0002
10-13 09:26:04.531: D/dalvikvm(4210): GC_FOR_ALLOC freed 414K, 10% free 5084K/5632K, paused 53ms, total 54ms
10-13 09:26:04.531: D/dalvikvm(4210): GC_CONCURRENT freed <1K, 10% free 5089K/5632K, paused 1ms+1ms, total 5ms
10-13 09:26:04.541: I/dalvikvm(4150): Could not find method android.app.AlarmManager.set, referenced from method jng.a
10-13 09:26:04.541: W/dalvikvm(4150): VFY: unable to resolve virtual method 2997: Landroid/app/AlarmManager;.set (IJJJLandroid/app/AlarmManager$OnAlarmListener;Landroid/os/Handler;Landroid/os/WorkSource;)V
10-13 09:26:04.541: D/dalvikvm(4150): VFY: replacing opcode 0x74 at 0x0018
10-13 09:26:04.541: I/dalvikvm(4150): Could not find method android.app.AlarmManager.setExactAndAllowWhileIdle, referenced from method jng.a
10-13 09:26:04.541: W/dalvikvm(4150): VFY: unable to resolve virtual method 3001: Landroid/app/AlarmManager;.setExactAndAllowWhileIdle (IJLandroid/app/PendingIntent;)V
10-13 09:26:04.541: D/dalvikvm(4150): VFY: replacing opcode 0x6e at 0x0011
10-13 09:26:04.571: I/dalvikvm(4150): Could not find method android.os.UserHandle.isOwner, referenced from method acjy.a
10-13 09:26:04.571: W/dalvikvm(4150): VFY: unable to resolve virtual method 12851: Landroid/os/UserHandle;.isOwner ()Z
10-13 09:26:04.571: D/dalvikvm(4150): VFY: replacing opcode 0x6e at 0x000a
10-13 09:26:04.571: I/dalvikvm(4150): Could not find method android.os.UserManager.getUserProfiles, referenced from method acij.a
10-13 09:26:04.571: W/dalvikvm(4150): VFY: unable to resolve virtual method 12857: Landroid/os/UserManager;.getUserProfiles ()Ljava/util/List;
10-13 09:26:04.571: D/dalvikvm(4150): VFY: replacing opcode 0x6e at 0x0041
10-13 09:26:04.571: I/dalvikvm(4210): Could not find method android.app.AlarmManager.cancel, referenced from method jng.a
10-13 09:26:04.571: W/dalvikvm(4210): VFY: unable to resolve virtual method 2995: Landroid/app/AlarmManager;.cancel (Landroid/app/AlarmManager$OnAlarmListener;)V
10-13 09:26:04.571: D/dalvikvm(4210): VFY: replacing opcode 0x6e at 0x0002
10-13 09:26:04.571: I/dalvikvm(4210): Could not find method android.app.AlarmManager.set, referenced from method jng.a
10-13 09:26:04.571: W/dalvikvm(4210): VFY: unable to resolve virtual method 2997: Landroid/app/AlarmManager;.set (IJJJLandroid/app/AlarmManager$OnAlarmListener;Landroid/os/Handler;Landroid/os/WorkSource;)V
10-13 09:26:04.571: D/dalvikvm(4210): VFY: replacing opcode 0x74 at 0x0018
10-13 09:26:04.571: I/dalvikvm(4210): Could not find method android.app.AlarmManager.setExactAndAllowWhileIdle, referenced from method jng.a
10-13 09:26:04.571: W/dalvikvm(4210): VFY: unable to resolve virtual method 3001: Landroid/app/AlarmManager;.setExactAndAllowWhileIdle (IJLandroid/app/PendingIntent;)V
10-13 09:26:04.571: D/dalvikvm(4210): VFY: replacing opcode 0x6e at 0x0011
10-13 09:26:04.571: I/dalvikvm(4210): Could not find method android.app.AlarmManager.setAndAllowWhileIdle, referenced from method jng.a
10-13 09:26:04.571: W/dalvikvm(4210): VFY: unable to resolve virtual method 3000: Landroid/app/AlarmManager;.setAndAllowWhileIdle (IJLandroid/app/PendingIntent;)V
10-13 09:26:04.571: D/dalvikvm(4210): VFY: replacing opcode 0x6e at 0x0010
10-13 09:26:04.571: I/dalvikvm(4150): Could not find method android.app.AlarmManager.setAndAllowWhileIdle, referenced from method jng.a
10-13 09:26:04.571: W/dalvikvm(4150): VFY: unable to resolve virtual method 3000: Landroid/app/AlarmManager;.setAndAllowWhileIdle (IJLandroid/app/PendingIntent;)V
10-13 09:26:04.571: D/dalvikvm(4150): VFY: replacing opcode 0x6e at 0x0010
10-13 09:26:04.601: I/Remoter(1337): Saved screenshot to '/data/screenshots/__pmv__-0080.jpg'
10-13 09:26:04.621: D/dalvikvm(4210): GC_CONCURRENT freed 375K, 10% free 5117K/5632K, paused 2ms+0ms, total 7ms
10-13 09:26:04.621: D/dalvikvm(4150): GC_CONCURRENT freed 518K, 10% free 6271K/6920K, paused 36ms+0ms, total 43ms
10-13 09:26:04.631: I/Icing(4150): Storage manager: low false usage 1.72MB avail 3.68GB capacity 3.89GB
10-13 09:26:04.651: D/dalvikvm(4166): GC_CONCURRENT freed 335K, 10% free 5193K/5712K, paused 1ms+1ms, total 9ms
10-13 09:26:04.661: I/dalvikvm(4166): Could not find method android.os.PowerManager.isInteractive, referenced from method jsi.a
10-13 09:26:04.661: W/dalvikvm(4166): VFY: unable to resolve virtual method 4659: Landroid/os/PowerManager;.isInteractive ()Z
10-13 09:26:04.661: D/dalvikvm(4166): VFY: replacing opcode 0x6e at 0x0006
