10-13 09:26:17.881: E/ctxmgr(4210): 	at jpq.run(:com.google.android.gms@11519070:6)
10-13 09:26:17.881: E/ctxmgr(4210): 	at jqa.run(:com.google.android.gms@11519070:25)
10-13 09:26:17.881: E/ctxmgr(4210): 	at java.util.concurrent.ThreadPoolExecutor.runWorker(ThreadPoolExecutor.java:1112)
10-13 09:26:17.881: E/ctxmgr(4210): 	at java.util.concurrent.ThreadPoolExecutor$Worker.run(ThreadPoolExecutor.java:587)
10-13 09:26:17.881: E/ctxmgr(4210): 	at jvj.run(:com.google.android.gms@11519070)
10-13 09:26:17.881: E/ctxmgr(4210): 	at java.lang.Thread.run(Thread.java:841)
10-13 09:26:17.881: E/ctxmgr(4210): [AccountAclCallback]Failed Acl fetch: network status=-1
10-13 09:26:18.551: I/Remoter(1337): Saved screenshot to '/data/screenshots/__pmv__-0092.jpg'
10-13 09:26:19.181: I/Launcher(1874): Deferring update until onResume
10-13 09:26:19.181: I/InputReader(1705): Reconfiguring input devices.  changes=0x00000010
10-13 09:26:19.181: I/Icing.InternalIcingCorporaProvider(2744): Updating corpora: A: com.google.android.videos, C: MAYBE
10-13 09:26:19.191: W/Launcher(1874): setApplicationContext called twice! old=com.android.launcher3.LauncherApplication@950f4a80 new=com.android.launcher3.LauncherApplication@950f4a80
10-13 09:26:19.191: I/PackageManager(1705):   Action: "android.intent.action.SENDTO"
10-13 09:26:19.191: I/PackageManager(1705):   Category: "android.intent.category.DEFAULT"
10-13 09:26:19.191: I/PackageManager(1705):   Scheme: "sms"
10-13 09:26:19.191: I/PackageManager(1705): Adding preferred activity ComponentInfo{com.android.mms/com.android.mms.ui.ComposeMessageActivity} for user 0 :
10-13 09:26:19.201: I/Launcher(1874): Deferring update until onResume
10-13 09:26:19.201: I/PackageManager(1705):   Action: "android.intent.action.SENDTO"
10-13 09:26:19.201: I/PackageManager(1705):   Category: "android.intent.category.DEFAULT"
10-13 09:26:19.201: I/PackageManager(1705):   Scheme: "smsto"
10-13 09:26:19.201: D/dalvikvm(2744): GC_CONCURRENT freed 375K, 10% free 4599K/5100K, paused 0ms+1ms, total 5ms
10-13 09:26:19.201: I/PackageManager(1705): Adding preferred activity ComponentInfo{com.android.mms/com.android.mms.ui.ComposeMessageActivity} for user 0 :
10-13 09:26:19.211: D/dalvikvm(2744): WAIT_FOR_CONCURRENT_GC blocked 3ms
10-13 09:26:19.211: D/Wear_Controller(4150): Received broadcast action=android.intent.action.PACKAGE_CHANGED and uri=com.google.android.videos
10-13 09:26:19.211: D/dalvikvm(1860): GC_FOR_ALLOC freed 456K, 15% free 4129K/4804K, paused 3ms, total 3ms
10-13 09:26:19.221: I/Icing(4150): IndexChimeraService.getServiceInterface callingPackage=com.google.android.gms componentName=AppsCorpus serviceId=32
10-13 09:26:19.221: I/Icing(4150): IndexChimeraService.getServiceInterface callingPackage=com.google.android.gms componentName=AppsCorpus serviceId=36
10-13 09:26:19.221: D/dalvikvm(1860): GC_CONCURRENT freed 1K, 14% free 4131K/4804K, paused 3ms+0ms, total 6ms
10-13 09:26:19.221: I/Icing(4150): IndexChimeraService.getServiceInterface callingPackage=com.google.android.googlequicksearchbox componentName=null serviceId=21
10-13 09:26:19.221: I/PackageManager(1705):   Action: "android.intent.action.SENDTO"
10-13 09:26:19.221: I/PackageManager(1705):   Category: "android.intent.category.DEFAULT"
10-13 09:26:19.221: I/PackageManager(1705):   Scheme: "mms"
10-13 09:26:19.221: I/PackageManager(1705): Adding preferred activity ComponentInfo{com.android.mms/com.android.mms.ui.ComposeMessageActivity} for user 0 :
10-13 09:26:19.231: I/PackageManager(1705):   Action: "android.intent.action.SENDTO"
10-13 09:26:19.231: I/PackageManager(1705):   Category: "android.intent.category.DEFAULT"
10-13 09:26:19.231: I/PackageManager(1705):   Scheme: "mmsto"
10-13 09:26:19.231: I/PackageManager(1705):   Action: "android.intent.action.SENDTO"
10-13 09:26:19.231: I/PackageManager(1705):   Category: "android.intent.category.DEFAULT"
10-13 09:26:19.231: I/PackageManager(1705):   Scheme: "sms"
10-13 09:26:19.231: I/PackageManager(1705): Adding preferred activity ComponentInfo{com.android.mms/com.android.mms.ui.ComposeMessageActivity} for user 0 :
10-13 09:26:19.231: I/PackageManager(1705): Adding preferred activity ComponentInfo{com.android.mms/com.android.mms.ui.ComposeMessageActivity} for user 0 :
10-13 09:26:19.241: D/dalvikvm(1860): GC_CONCURRENT freed 383K, 14% free 4143K/4804K, paused 0ms+0ms, total 3ms
10-13 09:26:19.241: I/PackageManager(1705):   Action: "android.intent.action.SENDTO"
10-13 09:26:19.241: I/PackageManager(1705):   Category: "android.intent.category.DEFAULT"
10-13 09:26:19.241: I/PackageManager(1705):   Scheme: "smsto"
10-13 09:26:19.241: I/PackageManager(1705): Adding preferred activity ComponentInfo{com.android.mms/com.android.mms.ui.ComposeMessageActivity} for user 0 :
10-13 09:26:19.251: D/dalvikvm(1705): GC_CONCURRENT freed 4354K, 29% free 10982K/15468K, paused 1ms+1ms, total 18ms
10-13 09:26:19.251: D/dalvikvm(1705): WAIT_FOR_CONCURRENT_GC blocked 11ms
10-13 09:26:19.261: I/PackageManager(1705):   Action: "android.intent.action.SENDTO"
10-13 09:26:19.261: I/PackageManager(1705):   Category: "android.intent.category.DEFAULT"
10-13 09:26:19.261: I/PackageManager(1705):   Scheme: "mms"
10-13 09:26:19.261: I/PackageManager(1705):   Action: "android.intent.action.SENDTO"
10-13 09:26:19.261: I/PackageManager(1705):   Category: "android.intent.category.DEFAULT"
10-13 09:26:19.261: I/PackageManager(1705):   Scheme: "mmsto"
10-13 09:26:19.261: I/PackageManager(1705): Adding preferred activity ComponentInfo{com.android.mms/com.android.mms.ui.ComposeMessageActivity} for user 0 :
10-13 09:26:19.261: I/PackageManager(1705): Adding preferred activity ComponentInfo{com.android.mms/com.android.mms.ui.ComposeMessageActivity} for user 0 :
10-13 09:26:19.271: I/Icing(4150): Usage reports 0 indexed 0 rejected 0 imm upload false
10-13 09:26:19.281: D/dalvikvm(1705): GC_FOR_ALLOC freed 678K, 31% free 10825K/15468K, paused 11ms, total 11ms
10-13 09:26:19.291: I/Icing(4150): Usage reports 0 indexed 0 rejected 0 imm upload false
10-13 09:26:19.291: I/Icing(4150): Usage reports 0 indexed 0 rejected 0 imm upload true
10-13 09:26:19.291: I/Icing.InternalIcingCorporaProvider(2744): UpdateCorporaTask done [took 106 ms] updated apps [took 106 ms] 
10-13 09:26:19.611: I/Remoter(1337): Saved screenshot to '/data/screenshots/__pmv__-0093.jpg'
10-13 09:26:20.291: I/Icing(4150): Indexing B7DEFBCF98179CD36ABD6B5AFB7EAB077224B473 from com.google.android.gms
10-13 09:26:20.331: I/Icing(4150): Indexing done B7DEFBCF98179CD36ABD6B5AFB7EAB077224B473
10-13 09:26:20.331: I/Icing(4150): Indexing C45B6D3A7E72D386F280413F85D056EC1830AAD9 from com.google.android.googlequicksearchbox
10-13 09:26:20.341: I/Icing(4150): Indexing done C45B6D3A7E72D386F280413F85D056EC1830AAD9
10-13 09:26:20.551: D/AndroidRuntime(5024): >>>>>> AndroidRuntime START com.android.internal.os.RuntimeInit <<<<<<
10-13 09:26:20.551: W/linker(5024): libdvm.so has text relocations. This is wasting memory and is a security risk. Please fix.
10-13 09:26:20.551: D/AndroidRuntime(5024): CheckJNI is OFF
10-13 09:26:20.561: D/dalvikvm(5024): Trying to load lib libjavacore.so 0x0
10-13 09:26:20.561: D/dalvikvm(5024): Added shared lib libjavacore.so 0x0
10-13 09:26:20.561: D/dalvikvm(5024): Trying to load lib libnativehelper.so 0x0
10-13 09:26:20.561: D/dalvikvm(5024): Added shared lib libnativehelper.so 0x0
10-13 09:26:20.561: D/dalvikvm(5024): No JNI_OnLoad found in libnativehelper.so 0x0, skipping init
10-13 09:26:20.561: D/dalvikvm(5024): Note: class Landroid/app/ActivityManagerNative; has 179 unimplemented (abstract) methods
10-13 09:26:20.591: E/memtrack(5024): Couldn't load memtrack module (No such file or directory)
10-13 09:26:20.591: E/android.os.Debug(5024): failed to load memtrack module: -2
10-13 09:26:20.601: D/AndroidRuntime(5024): Calling main entry com.android.commands.am.Am
10-13 09:26:20.601: I/ActivityManager(1705): Force stopping com.google.android.apps.mtaas.tools appid=10066 user=0: start instr
10-13 09:26:20.611: I/ActivityManager(1705): Start proc com.google.android.apps.mtaas.tools for added application com.google.android.apps.mtaas.tools: pid=5034 uid=10066 gids={50066, 1028, 1015, 3003}
10-13 09:26:20.631: D/DumpStaticPerfEnv(5034): Instrumentation completed successfully
10-13 09:26:20.631: D/AndroidRuntime(5024): Shutting down VM
10-13 09:26:20.631: D/dalvikvm(5024): GC_CONCURRENT freed 97K, 16% free 557K/656K, paused 0ms+0ms, total 0ms
10-13 09:26:20.671: I/Remoter(1337): Saved screenshot to '/data/screenshots/__pmv__-0094.jpg'
10-13 09:26:20.851: I/ActivityManager(1705): Force stopping com.google.android.apps.mtaas.tools appid=10066 user=0: finished inst
10-13 09:26:20.851: I/ActivityManager(1705): Killing 5034:com.google.android.apps.mtaas.tools/u0a66 (adj 0): stop com.google.android.apps.mtaas.tools
10-13 09:26:20.881: D/dalvikvm(4210): GC_CONCURRENT freed 980K, 14% free 7267K/8368K, paused 2ms+3ms, total 11ms
10-13 09:26:20.881: W/UdcContextManagerHelper(4210): Empty context buffer. Thus might mean that the context is not synced down.
10-13 09:26:20.881: W/UploadOptInStatusOp(4210): Empty context model while retrieving upload opt-in status!
10-13 09:26:20.881: E/ctxmgr(4210): [NetworkUtil]No active synchronizable contexts.
10-13 09:26:20.981: W/Auth(4166): [GetToken] GetToken failed with status code: INVALID_SCOPE
10-13 09:26:20.981: W/AuthSessionAuthenticato(4210): Auth related exception is being ignored: INVALID_SCOPE
10-13 09:26:20.991: W/GLSUser(4166): [DeviceKeyStore] Cannot load key: Device key file not found.
10-13 09:26:20.991: W/GLSUser(4166): [DeviceKeyStore] Cannot load key: Device key file not found.
10-13 09:26:20.991: E/ctxmgr(4210): [BaseServerTask]Server task (FetchAclSet) got error statusCode=-1.
10-13 09:26:20.991: E/ctxmgr(4210): com.android.volley.VolleyError: Unable to obtain auth token - is the device online?
10-13 09:26:20.991: E/ctxmgr(4210): 	at chx.a(:com.google.android.gms@11519070:39)
10-13 09:26:20.991: E/ctxmgr(4210): 	at cdg.run(:com.google.android.gms@11519070:2)
10-13 09:26:20.991: E/ctxmgr(4210): 	at cde.handleMessage(:com.google.android.gms@11519070:3)
10-13 09:26:20.991: E/ctxmgr(4210): 	at jpq.run(:com.google.android.gms@11519070:6)
10-13 09:26:20.991: E/ctxmgr(4210): 	at jqa.run(:com.google.android.gms@11519070:25)
10-13 09:26:20.991: E/ctxmgr(4210): 	at java.util.concurrent.ThreadPoolExecutor.runWorker(ThreadPoolExecutor.java:1112)
10-13 09:26:20.991: E/ctxmgr(4210): 	at java.util.concurrent.ThreadPoolExecutor$Worker.run(ThreadPoolExecutor.java:587)
10-13 09:26:20.991: E/ctxmgr(4210): 	at jvj.run(:com.google.android.gms@11519070)
10-13 09:26:20.991: E/ctxmgr(4210): 	at java.lang.Thread.run(Thread.java:841)
10-13 09:26:20.991: E/ctxmgr(4210): [AccountAclCallback]Failed Acl fetch: network status=-1
10-13 09:26:21.751: I/Remoter(1337): Saved screenshot to '/data/screenshots/__pmv__-0095.jpg'
10-13 09:26:22.811: I/Remoter(1337): Saved screenshot to '/data/screenshots/__pmv__-0096.jpg'
10-13 09:26:23.861: I/Remoter(1337): Saved screenshot to '/data/screenshots/__pmv__-0097.jpg'
10-13 09:26:24.911: I/Remoter(1337): Saved screenshot to '/data/screenshots/__pmv__-0098.jpg'
10-13 09:26:25.991: I/Remoter(1337): Saved screenshot to '/data/screenshots/__pmv__-0099.jpg'
10-13 09:26:26.221: I/ActivityManager(1705): Killing 4362:com.google.android.apps.auth.test.support/u0a69 (adj 15): empty #17
10-13 09:26:26.691: D/AndroidRuntime(5053): >>>>>> AndroidRuntime START com.android.internal.os.RuntimeInit <<<<<<
10-13 09:26:26.691: W/linker(5053): libdvm.so has text relocations. This is wasting memory and is a security risk. Please fix.
10-13 09:26:26.691: D/AndroidRuntime(5053): CheckJNI is OFF
10-13 09:26:26.691: D/dalvikvm(5053): Trying to load lib libjavacore.so 0x0
10-13 09:26:26.691: D/dalvikvm(5053): Added shared lib libjavacore.so 0x0
10-13 09:26:26.691: D/dalvikvm(5053): Trying to load lib libnativehelper.so 0x0
10-13 09:26:26.691: D/dalvikvm(5053): Added shared lib libnativehelper.so 0x0
10-13 09:26:26.691: D/dalvikvm(5053): No JNI_OnLoad found in libnativehelper.so 0x0, skipping init
10-13 09:26:26.701: D/dalvikvm(5053): Note: class Landroid/app/ActivityManagerNative; has 179 unimplemented (abstract) methods
10-13 09:26:26.721: E/memtrack(5053): Couldn't load memtrack module (No such file or directory)
10-13 09:26:26.721: E/android.os.Debug(5053): failed to load memtrack module: -2
10-13 09:26:26.761: D/AndroidRuntime(5053): Calling main entry com.android.commands.pm.Pm
10-13 09:26:26.771: D/AndroidRuntime(5053): Shutting down VM
10-13 09:26:26.771: D/dalvikvm(5053): GC_CONCURRENT freed 227K, 30% free 558K/788K, paused 0ms+0ms, total 1ms
10-13 09:26:27.051: I/Remoter(1337): Saved screenshot to '/data/screenshots/__pmv__-0100.jpg'
10-13 09:26:27.391: D/AndroidRuntime(5078): >>>>>> AndroidRuntime START com.android.internal.os.RuntimeInit <<<<<<
10-13 09:26:27.391: W/linker(5078): libdvm.so has text relocations. This is wasting memory and is a security risk. Please fix.
10-13 09:26:27.391: D/AndroidRuntime(5078): CheckJNI is OFF
10-13 09:26:27.391: D/dalvikvm(5078): Trying to load lib libjavacore.so 0x0
10-13 09:26:27.401: D/dalvikvm(5078): Added shared lib libjavacore.so 0x0
10-13 09:26:27.401: D/dalvikvm(5078): Trying to load lib libnativehelper.so 0x0
10-13 09:26:27.401: D/dalvikvm(5078): Added shared lib libnativehelper.so 0x0
10-13 09:26:27.401: D/dalvikvm(5078): No JNI_OnLoad found in libnativehelper.so 0x0, skipping init
10-13 09:26:27.401: D/dalvikvm(5078): Note: class Landroid/app/ActivityManagerNative; has 179 unimplemented (abstract) methods
10-13 09:26:27.431: E/memtrack(5078): Couldn't load memtrack module (No such file or directory)
10-13 09:26:27.431: E/android.os.Debug(5078): failed to load memtrack module: -2
10-13 09:26:27.431: D/AndroidRuntime(5078): Calling main entry com.android.commands.pm.Pm
10-13 09:26:27.441: D/dalvikvm(3729): GC_CONCURRENT freed 327K, 12% free 3585K/4048K, paused 0ms+0ms, total 5ms
10-13 09:26:27.441: W/ActivityManager(1705): No content provider found for permission revoke: file:///data/local/tmp/app7753228444182357446.apk
10-13 09:26:27.441: W/ActivityManager(1705): No content provider found for permission revoke: file:///data/local/tmp/app7753228444182357446.apk
10-13 09:26:27.441: I/PackageManager(1705): Copying native libraries to /data/app-lib/vmdl1688693931
10-13 09:26:27.461: D/dalvikvm(1705): GC_FOR_ALLOC freed 971K, 27% free 11316K/15460K, paused 10ms, total 10ms
10-13 09:26:27.581: D/dalvikvm(1705): GC_CONCURRENT freed 1870K, 27% free 11402K/15460K, paused 2ms+1ms, total 12ms
10-13 09:26:27.581: D/dalvikvm(1705): WAIT_FOR_CONCURRENT_GC blocked 9ms
10-13 09:26:27.611: D/dalvikvm(1705): GC_CONCURRENT freed 1970K, 27% free 11411K/15460K, paused 1ms+1ms, total 11ms
10-13 09:26:27.611: D/dalvikvm(1705): WAIT_FOR_CONCURRENT_GC blocked 9ms
10-13 09:26:27.621: I/PackageManager(1705): Running dexopt on: com.google.android.apps.mtaas.crawler
10-13 09:26:27.621: W/linker(5088): libdvm.so has text relocations. This is wasting memory and is a security risk. Please fix.
10-13 09:26:27.771: D/dalvikvm(5088): DexOpt: 'Ljunit/extensions/ActiveTestSuite$1;' has an earlier definition; blocking out
10-13 09:26:27.771: D/dalvikvm(5088): DexOpt: 'Ljunit/framework/Assert;' has an earlier definition; blocking out
10-13 09:26:27.771: D/dalvikvm(5088): DexOpt: 'Ljunit/framework/AssertionFailedError;' has an earlier definition; blocking out
10-13 09:26:27.771: D/dalvikvm(5088): DexOpt: 'Ljunit/framework/ComparisonCompactor;' has an earlier definition; blocking out
10-13 09:26:27.771: D/dalvikvm(5088): DexOpt: 'Ljunit/framework/Protectable;' has an earlier definition; blocking out
10-13 09:26:27.771: D/dalvikvm(5088): DexOpt: 'Ljunit/framework/Test;' has an earlier definition; blocking out
10-13 09:26:27.771: D/dalvikvm(5088): DexOpt: 'Ljunit/framework/TestFailure;' has an earlier definition; blocking out
10-13 09:26:27.771: D/dalvikvm(5088): DexOpt: 'Ljunit/framework/TestListener;' has an earlier definition; blocking out
10-13 09:26:27.771: D/dalvikvm(5088): DexOpt: 'Ljunit/framework/TestResult;' has an earlier definition; blocking out
10-13 09:26:27.781: D/dalvikvm(5088): DexOpt: 'Ljunit/extensions/TestDecorator;' has an earlier definition; blocking out
10-13 09:26:27.781: D/dalvikvm(5088): DexOpt: 'Ljunit/extensions/TestSetup$1;' has an earlier definition; blocking out
10-13 09:26:27.781: D/dalvikvm(5088): DexOpt: 'Ljunit/framework/ComparisonFailure;' has an earlier definition; blocking out
10-13 09:26:27.781: D/dalvikvm(5088): DexOpt: 'Ljunit/framework/TestCase;' has an earlier definition; blocking out
10-13 09:26:27.781: D/dalvikvm(5088): DexOpt: 'Ljunit/framework/TestResult$1;' has an earlier definition; blocking out
10-13 09:26:27.781: D/dalvikvm(5088): DexOpt: 'Ljunit/framework/TestSuite;' has an earlier definition; blocking out
10-13 09:26:27.791: D/dalvikvm(5088): DexOpt: 'Ljunit/extensions/ActiveTestSuite;' has an earlier definition; blocking out
10-13 09:26:27.791: D/dalvikvm(5088): DexOpt: 'Ljunit/extensions/RepeatedTest;' has an earlier definition; blocking out
10-13 09:26:27.791: D/dalvikvm(5088): DexOpt: 'Ljunit/extensions/TestSetup;' has an earlier definition; blocking out
10-13 09:26:27.791: D/dalvikvm(5088): DexOpt: 'Ljunit/framework/TestSuite$1;' has an earlier definition; blocking out
10-13 09:26:27.801: I/dalvikvm(5088): DexOpt: not resolving ambiguous class 'Ljunit/framework/AssertionFailedError;'
10-13 09:26:27.801: I/dalvikvm(5088): DexOpt: not resolving ambiguous class 'Ljunit/framework/Test;'
10-13 09:26:27.801: I/dalvikvm(5088): DexOpt: not resolving ambiguous class 'Ljunit/framework/TestCase;'
10-13 09:26:27.811: I/dalvikvm(5088): DexOpt: not resolving ambiguous class 'Ljunit/framework/Assert;'
10-13 09:26:27.891: D/dalvikvm(5088): DexOpt: not verifying/optimizing 'Ljunit/extensions/ActiveTestSuite$1;': multiple definitions
10-13 09:26:27.891: D/dalvikvm(5088): DexOpt: not verifying/optimizing 'Ljunit/framework/Assert;': multiple definitions
10-13 09:26:27.891: D/dalvikvm(5088): DexOpt: not verifying/optimizing 'Ljunit/framework/AssertionFailedError;': multiple definitions
10-13 09:26:27.891: D/dalvikvm(5088): DexOpt: not verifying/optimizing 'Ljunit/framework/ComparisonCompactor;': multiple definitions
10-13 09:26:27.891: I/dalvikvm(5088): DexOpt: not resolving ambiguous class 'Ljunit/framework/Test;'
10-13 09:26:27.891: D/dalvikvm(5088): DexOpt: not verifying/optimizing 'Ljunit/framework/Protectable;': multiple definitions
10-13 09:26:27.891: D/dalvikvm(5088): DexOpt: not verifying/optimizing 'Ljunit/framework/Test;': multiple definitions
10-13 09:26:27.891: D/dalvikvm(5088): DexOpt: not verifying/optimizing 'Ljunit/framework/TestFailure;': multiple definitions
10-13 09:26:27.891: D/dalvikvm(5088): DexOpt: not verifying/optimizing 'Ljunit/framework/TestListener;': multiple definitions
10-13 09:26:27.891: D/dalvikvm(5088): DexOpt: not verifying/optimizing 'Ljunit/framework/TestResult;': multiple definitions
10-13 09:26:27.891: I/dalvikvm(5088): DexOpt: not resolving ambiguous class 'Ljunit/framework/TestSuite;'
10-13 09:26:27.901: I/dalvikvm(5088): DexOpt: not resolving ambiguous class 'Ljunit/framework/AssertionFailedError;'
10-13 09:26:27.901: I/dalvikvm(5088): DexOpt: not resolving ambiguous class 'Ljunit/framework/AssertionFailedError;'
10-13 09:26:27.901: I/dalvikvm(5088): DexOpt: not resolving ambiguous class 'Ljunit/framework/AssertionFailedError;'
10-13 09:26:27.901: I/dalvikvm(5088): DexOpt: not resolving ambiguous class 'Ljunit/framework/AssertionFailedError;'
10-13 09:26:27.901: I/dalvikvm(5088): DexOpt: not resolving ambiguous class 'Ljunit/framework/TestSuite;'
10-13 09:26:27.901: I/dalvikvm(5088): DexOpt: not resolving ambiguous class 'Ljunit/framework/TestResult;'
10-13 09:26:27.901: I/dalvikvm(5088): DexOpt: not resolving ambiguous class 'Ljunit/framework/TestCase;'
10-13 09:26:27.901: I/dalvikvm(5088): DexOpt: not resolving ambiguous class 'Ljunit/framework/Test;'
10-13 09:26:27.911: D/dalvikvm(5088): DexOpt: couldn't find field Landroid/view/inputmethod/EditorInfo;.contentMimeTypes
10-13 09:26:27.981: D/dalvikvm(5088): DexOpt: not verifying/optimizing 'Ljunit/extensions/TestDecorator;': multiple definitions
10-13 09:26:27.981: D/dalvikvm(5088): DexOpt: not verifying/optimizing 'Ljunit/extensions/TestSetup$1;': multiple definitions
10-13 09:26:27.981: D/dalvikvm(5088): DexOpt: not verifying/optimizing 'Ljunit/framework/ComparisonFailure;': multiple definitions
10-13 09:26:27.981: I/dalvikvm(5088): DexOpt: not resolving ambiguous class 'Ljunit/framework/TestResult;'
10-13 09:26:27.981: D/dalvikvm(5088): DexOpt: not verifying/optimizing 'Ljunit/framework/TestCase;': multiple definitions
10-13 09:26:27.981: D/dalvikvm(5088): DexOpt: not verifying/optimizing 'Ljunit/framework/TestResult$1;': multiple definitions
10-13 09:26:27.981: D/dalvikvm(5088): DexOpt: not verifying/optimizing 'Ljunit/framework/TestSuite;': multiple definitions
10-13 09:26:27.981: I/dalvikvm(5088): DexOpt: not resolving ambiguous class 'Ljunit/framework/TestSuite;'
10-13 09:26:27.981: I/dalvikvm(5088): DexOpt: not resolving ambiguous class 'Ljunit/framework/TestFailure;'
10-13 09:26:27.981: I/dalvikvm(5088): DexOpt: not resolving ambiguous class 'Ljunit/framework/TestCase;'
10-13 09:26:27.981: I/dalvikvm(5088): DexOpt: not resolving ambiguous class 'Ljunit/framework/TestCase;'
10-13 09:26:27.981: I/dalvikvm(5088): DexOpt: not resolving ambiguous class 'Ljunit/framework/TestSuite;'
10-13 09:26:27.981: I/dalvikvm(5088): DexOpt: not resolving ambiguous class 'Ljunit/framework/Protectable;'
10-13 09:26:27.981: I/dalvikvm(5088): DexOpt: not resolving ambiguous class 'Ljunit/framework/TestSuite;'
10-13 09:26:27.981: I/dalvikvm(5088): DexOpt: not resolving ambiguous class 'Ljunit/framework/TestSuite;'
10-13 09:26:27.981: I/dalvikvm(5088): DexOpt: not resolving ambiguous class 'Ljunit/framework/TestSuite;'
10-13 09:26:27.981: D/dalvikvm(5088): Note: class Landroid/app/ActivityManagerNative; has 179 unimplemented (abstract) methods
10-13 09:26:28.001: D/dalvikvm(5088): DexOpt: not verifying/optimizing 'Ljunit/extensions/ActiveTestSuite;': multiple definitions
10-13 09:26:28.001: D/dalvikvm(5088): DexOpt: not verifying/optimizing 'Ljunit/extensions/RepeatedTest;': multiple definitions
10-13 09:26:28.001: D/dalvikvm(5088): DexOpt: not verifying/optimizing 'Ljunit/extensions/TestSetup;': multiple definitions
10-13 09:26:28.001: D/dalvikvm(5088): DexOpt: not verifying/optimizing 'Ljunit/framework/TestSuite$1;': multiple definitions
10-13 09:26:28.001: I/dalvikvm(5088): DexOpt: not resolving ambiguous class 'Ljunit/framework/TestResult;'
10-13 09:26:28.001: I/dalvikvm(5088): DexOpt: not resolving ambiguous class 'Ljunit/framework/TestSuite;'
10-13 09:26:28.001: I/dalvikvm(5088): DexOpt: not resolving ambiguous class 'Ljunit/framework/TestSuite;'
10-13 09:26:28.021: I/dalvikvm(5088): DexOpt: not resolving ambiguous class 'Ljunit/framework/Test;'
10-13 09:26:28.031: I/dalvikvm(5088): DexOpt: not resolving ambiguous class 'Ljunit/framework/TestSuite;'
10-13 09:26:28.061: D/dalvikvm(5088): DexOpt: load 38ms, verify+opt 266ms, 4908332 bytes
10-13 09:26:28.081: I/ActivityManager(1705): Force stopping com.google.android.apps.mtaas.crawler appid=10075 user=-1: update pkg
10-13 09:26:28.081: W/PackageManager(1705): Not granting permission android.permission.READ_FRAME_BUFFER to package com.google.android.apps.mtaas.crawler (protectionLevel=18 flags=0x8be44)
10-13 09:26:28.081: W/PackageManager(1705): Not granting permission android.permission.DUMP to package com.google.android.apps.mtaas.crawler (protectionLevel=50 flags=0x8be44)
10-13 09:26:28.101: I/InputReader(1705): Reconfiguring input devices.  changes=0x00000010
10-13 09:26:28.111: I/PackageManager(1705):   Action: "android.intent.action.SENDTO"
10-13 09:26:28.111: I/PackageManager(1705):   Category: "android.intent.category.DEFAULT"
10-13 09:26:28.111: I/PackageManager(1705):   Scheme: "sms"
10-13 09:26:28.111: I/PackageManager(1705): Adding preferred activity ComponentInfo{com.android.mms/com.android.mms.ui.ComposeMessageActivity} for user 0 :
10-13 09:26:28.111: I/Launcher(1874): Deferring update until onResume
10-13 09:26:28.121: D/dalvikvm(1860): GC_CONCURRENT freed 474K, 15% free 4117K/4804K, paused 0ms+0ms, total 2ms
10-13 09:26:28.121: D/dalvikvm(1860): WAIT_FOR_CONCURRENT_GC blocked 2ms
10-13 09:26:28.121: I/PackageManager(1705):   Action: "android.intent.action.SENDTO"
10-13 09:26:28.121: I/PackageManager(1705):   Category: "android.intent.category.DEFAULT"
10-13 09:26:28.121: I/PackageManager(1705):   Scheme: "smsto"
10-13 09:26:28.121: I/Icing.InternalIcingCorporaProvider(2744): Updating corpora: A: com.google.android.apps.mtaas.crawler, C: MAYBE
10-13 09:26:28.121: I/PackageManager(1705):   Action: "android.intent.action.SENDTO"
10-13 09:26:28.121: I/PackageManager(1705):   Category: "android.intent.category.DEFAULT"
10-13 09:26:28.121: I/PackageManager(1705):   Scheme: "mms"
10-13 09:26:28.121: I/ActivityManager(1705): Delay finish: com.google.android.googlequicksearchbox/com.google.android.search.core.summons.icing.InternalIcingCorporaProvider$CorporaChangedReceiver
10-13 09:26:28.121: D/BackupManagerService(1705): Received broadcast Intent { act=android.intent.action.PACKAGE_ADDED dat=package:com.google.android.apps.mtaas.crawler flg=0x4000010 (has extras) }
10-13 09:26:28.121: V/BackupManagerService(1705): addPackageParticipantsLocked: #1
10-13 09:26:28.121: I/ActivityManager(1705): Resuming delayed broadcast
10-13 09:26:28.121: I/PackageManager(1705): Adding preferred activity ComponentInfo{com.android.mms/com.android.mms.ui.ComposeMessageActivity} for user 0 :
10-13 09:26:28.121: I/PackageManager(1705): Adding preferred activity ComponentInfo{com.android.mms/com.android.mms.ui.ComposeMessageActivity} for user 0 :
10-13 09:26:28.131: I/PackageManager(1705):   Action: "android.intent.action.SENDTO"
10-13 09:26:28.131: I/PackageManager(1705):   Category: "android.intent.category.DEFAULT"
10-13 09:26:28.131: I/PackageManager(1705):   Scheme: "mmsto"
10-13 09:26:28.131: W/ResourceType(1705): Failure getting entry for 0x7f060000 (t=5 e=0) in package 0 (error -75)
10-13 09:26:28.131: I/Remoter(1337): Saved screenshot to '/data/screenshots/__pmv__-0101.jpg'
10-13 09:26:28.131: I/ActivityManager(1705): Delay finish: com.google.android.gms/.gass.chimera.PackageChangeBroadcastReceiver
10-13 09:26:28.131: I/PackageManager(1705): Adding preferred activity ComponentInfo{com.android.mms/com.android.mms.ui.ComposeMessageActivity} for user 0 :
10-13 09:26:28.151: I/Icing.InternalIcingCorporaProvider(2744): UpdateCorporaTask done [took 32 ms] updated apps [took 32 ms] 
10-13 09:26:28.151: I/ActivityManager(1705): Resuming delayed broadcast
10-13 09:26:28.161: D/dalvikvm(1705): GC_EXPLICIT freed 1847K, 26% free 11546K/15460K, paused 2ms+2ms, total 54ms
10-13 09:26:28.161: D/dalvikvm(1705): WAIT_FOR_CONCURRENT_GC blocked 30ms
10-13 09:26:28.161: D/AndroidRuntime(5078): Shutting down VM
10-13 09:26:28.161: D/dalvikvm(5078): GC_CONCURRENT freed 93K, 15% free 551K/648K, paused 0ms+0ms, total 1ms
10-13 09:26:28.171: I/PackageManager(1705):   Action: "android.intent.action.SENDTO"
10-13 09:26:28.171: I/PackageManager(1705):   Category: "android.intent.category.DEFAULT"
10-13 09:26:28.171: I/PackageManager(1705):   Scheme: "sms"
10-13 09:26:28.171: D/dalvikvm(1860): GC_FOR_ALLOC freed 420K, 14% free 4156K/4804K, paused 2ms, total 2ms
10-13 09:26:28.171: I/PackageManager(1705): Adding preferred activity ComponentInfo{com.android.mms/com.android.mms.ui.ComposeMessageActivity} for user 0 :
10-13 09:26:28.181: D/dalvikvm(1860): GC_CONCURRENT freed 8K, 14% free 4169K/4804K, paused 1ms+0ms, total 3ms
10-13 09:26:28.181: I/PackageManager(1705):   Action: "android.intent.action.SENDTO"
10-13 09:26:28.181: I/PackageManager(1705):   Category: "android.intent.category.DEFAULT"
10-13 09:26:28.181: I/PackageManager(1705):   Scheme: "smsto"
10-13 09:26:28.181: I/PackageManager(1705):   Action: "android.intent.action.SENDTO"
10-13 09:26:28.181: I/PackageManager(1705):   Category: "android.intent.category.DEFAULT"
10-13 09:26:28.181: I/PackageManager(1705):   Scheme: "mms"
10-13 09:26:28.181: I/PackageManager(1705): Adding preferred activity ComponentInfo{com.android.mms/com.android.mms.ui.ComposeMessageActivity} for user 0 :
10-13 09:26:28.181: I/PackageManager(1705): Adding preferred activity ComponentInfo{com.android.mms/com.android.mms.ui.ComposeMessageActivity} for user 0 :
10-13 09:26:28.191: I/FontsPackageChangeOp(4150): Package com.google.android.apps.mtaas.crawler has no metadata
10-13 09:26:28.191: I/PackageManager(1705):   Action: "android.intent.action.SENDTO"
10-13 09:26:28.191: I/PackageManager(1705):   Category: "android.intent.category.DEFAULT"
10-13 09:26:28.191: I/PackageManager(1705):   Scheme: "mmsto"
10-13 09:26:28.191: D/Wear_Controller(4150): Received broadcast action=android.intent.action.PACKAGE_ADDED and uri=com.google.android.apps.mtaas.crawler
10-13 09:26:28.191: I/PackageManager(1705): Adding preferred activity ComponentInfo{com.android.mms/com.android.mms.ui.ComposeMessageActivity} for user 0 :
10-13 09:26:28.201: I/Icing(4150): IndexChimeraService.getServiceInterface callingPackage=com.google.android.gms componentName=AppsCorpus serviceId=36
10-13 09:26:28.201: I/Icing(4150): IndexChimeraService.getServiceInterface callingPackage=com.google.android.gms componentName=AppsCorpus serviceId=32
10-13 09:26:28.201: I/Icing(4150): Usage reports 0 indexed 0 rejected 0 imm upload false
10-13 09:26:28.201: I/Icing(4150): Usage reports 0 indexed 0 rejected 0 imm upload false
10-13 09:26:28.591: I/GceRil(1327): Received request 19
10-13 09:26:28.591: I/GceRil(1327): Reporting signal strength: GW=12 CDMA=-77 EVDO=-85 LTE=23
10-13 09:26:29.201: I/Icing(4150): Indexing B7DEFBCF98179CD36ABD6B5AFB7EAB077224B473 from com.google.android.gms
10-13 09:26:29.201: I/Remoter(1337): Saved screenshot to '/data/screenshots/__pmv__-0102.jpg'
10-13 09:26:29.211: I/Icing(4150): Indexing done B7DEFBCF98179CD36ABD6B5AFB7EAB077224B473
10-13 09:26:29.591: I/CheckinCompat(4150): Done disabling old GoogleServicesFramework version
10-13 09:26:30.001: I/MetadataService(1337): Processed 0 update/creates for instance/attributes/
10-13 09:26:30.001: I/GceMetadataClient(2876): Received updated metadata.
10-13 09:26:30.001: I/MetadataService(1337): Processed 0 update/creates for project/attributes/
10-13 09:26:30.251: I/Remoter(1337): Saved screenshot to '/data/screenshots/__pmv__-0103.jpg'
10-13 09:26:30.921: D/ConnectivityService(1705): handleInetConditionHoldEnd: net=0, condition=100, published condition=100
10-13 09:26:31.311: I/Remoter(1337): Saved screenshot to '/data/screenshots/__pmv__-0104.jpg'
10-13 09:26:32.381: I/Remoter(1337): Saved screenshot to '/data/screenshots/__pmv__-0105.jpg'
10-13 09:26:33.441: I/Remoter(1337): Saved screenshot to '/data/screenshots/__pmv__-0106.jpg'
10-13 09:26:34.491: I/Remoter(1337): Saved screenshot to '/data/screenshots/__pmv__-0107.jpg'
10-13 09:26:35.541: I/Remoter(1337): Saved screenshot to '/data/screenshots/__pmv__-0108.jpg'
10-13 09:26:36.621: I/Remoter(1337): Saved screenshot to '/data/screenshots/__pmv__-0109.jpg'
10-13 09:26:37.471: I/ActivityManager(1705): Killing 4549:com.android.chrome/u0a29 (adj 15): empty #17
10-13 09:26:37.491: D/AndroidRuntime(5124): >>>>>> AndroidRuntime START com.android.internal.os.RuntimeInit <<<<<<
10-13 09:26:37.491: W/linker(5124): libdvm.so has text relocations. This is wasting memory and is a security risk. Please fix.
10-13 09:26:37.491: D/AndroidRuntime(5124): CheckJNI is OFF
10-13 09:26:37.501: D/dalvikvm(5124): Trying to load lib libjavacore.so 0x0
10-13 09:26:37.501: D/dalvikvm(5124): Added shared lib libjavacore.so 0x0
10-13 09:26:37.501: D/dalvikvm(5124): Trying to load lib libnativehelper.so 0x0
10-13 09:26:37.501: D/dalvikvm(5124): Added shared lib libnativehelper.so 0x0
10-13 09:26:37.501: D/dalvikvm(5124): No JNI_OnLoad found in libnativehelper.so 0x0, skipping init
10-13 09:26:37.501: D/dalvikvm(5124): Note: class Landroid/app/ActivityManagerNative; has 179 unimplemented (abstract) methods
10-13 09:26:37.531: E/memtrack(5124): Couldn't load memtrack module (No such file or directory)
10-13 09:26:37.531: E/android.os.Debug(5124): failed to load memtrack module: -2
10-13 09:26:37.531: D/AndroidRuntime(5124): Calling main entry com.android.commands.settings.SettingsCmd
10-13 09:26:37.541: D/AndroidRuntime(5124): Shutting down VM
10-13 09:26:37.541: D/dalvikvm(5124): GC_CONCURRENT freed 94K, 16% free 553K/652K, paused 0ms+0ms, total 0ms
10-13 09:26:37.671: I/Remoter(1337): Saved screenshot to '/data/screenshots/__pmv__-0110.jpg'
10-13 09:26:37.841: D/AndroidRuntime(5138): >>>>>> AndroidRuntime START com.android.internal.os.RuntimeInit <<<<<<
10-13 09:26:37.841: W/linker(5138): libdvm.so has text relocations. This is wasting memory and is a security risk. Please fix.
10-13 09:26:37.841: D/AndroidRuntime(5138): CheckJNI is OFF
10-13 09:26:37.841: D/dalvikvm(5138): Trying to load lib libjavacore.so 0x0
10-13 09:26:37.851: D/dalvikvm(5138): Added shared lib libjavacore.so 0x0
10-13 09:26:37.851: D/dalvikvm(5138): Trying to load lib libnativehelper.so 0x0
10-13 09:26:37.851: D/dalvikvm(5138): Added shared lib libnativehelper.so 0x0
10-13 09:26:37.851: D/dalvikvm(5138): No JNI_OnLoad found in libnativehelper.so 0x0, skipping init
10-13 09:26:37.851: D/dalvikvm(5138): Note: class Landroid/app/ActivityManagerNative; has 179 unimplemented (abstract) methods
10-13 09:26:37.881: E/memtrack(5138): Couldn't load memtrack module (No such file or directory)
10-13 09:26:37.881: E/android.os.Debug(5138): failed to load memtrack module: -2
10-13 09:26:37.881: D/AndroidRuntime(5138): Calling main entry com.android.commands.settings.SettingsCmd
10-13 09:26:37.891: D/AndroidRuntime(5138): Shutting down VM
10-13 09:26:37.891: D/dalvikvm(5138): GC_CONCURRENT freed 94K, 16% free 553K/652K, paused 0ms+0ms, total 0ms
10-13 09:26:38.221: D/AndroidRuntime(5152): >>>>>> AndroidRuntime START com.android.internal.os.RuntimeInit <<<<<<
10-13 09:26:38.221: W/linker(5152): libdvm.so has text relocations. This is wasting memory and is a security risk. Please fix.
10-13 09:26:38.221: D/AndroidRuntime(5152): CheckJNI is OFF
10-13 09:26:38.221: D/dalvikvm(5152): Trying to load lib libjavacore.so 0x0
10-13 09:26:38.221: D/dalvikvm(5152): Added shared lib libjavacore.so 0x0
10-13 09:26:38.221: D/dalvikvm(5152): Trying to load lib libnativehelper.so 0x0
10-13 09:26:38.221: D/dalvikvm(5152): Added shared lib libnativehelper.so 0x0
10-13 09:26:38.221: D/dalvikvm(5152): No JNI_OnLoad found in libnativehelper.so 0x0, skipping init
10-13 09:26:38.231: D/dalvikvm(5152): Note: class Landroid/app/ActivityManagerNative; has 179 unimplemented (abstract) methods
10-13 09:26:38.261: E/memtrack(5152): Couldn't load memtrack module (No such file or directory)
10-13 09:26:38.261: E/android.os.Debug(5152): failed to load memtrack module: -2
10-13 09:26:38.271: D/AndroidRuntime(5152): Calling main entry com.android.commands.am.Am
10-13 09:26:38.281: D/AndroidRuntime(5152): Shutting down VM
10-13 09:26:38.281: D/dalvikvm(5152): GC_CONCURRENT freed 96K, 15% free 580K/680K, paused 0ms+0ms, total 0ms
10-13 09:26:38.281: I/ActivityManager(1705): Start proc com.google.android.apps.mtaas.crawler:robov2crawldriver for service com.google.android.apps.mtaas.crawler/.controller.CrawlDriver: pid=5162 uid=10075 gids={50075, 1028, 1015}
10-13 09:26:38.291: D/dalvikvm(5162): GC_CONCURRENT freed 215K, 9% free 3789K/4128K, paused 1ms+1ms, total 3ms
10-13 09:26:38.291: D/dalvikvm(5162): GC_CONCURRENT freed 232K, 11% free 3947K/4392K, paused 0ms+0ms, total 2ms
10-13 09:26:38.291: D/dalvikvm(5162): WAIT_FOR_CONCURRENT_GC blocked 1ms
10-13 09:26:38.301: D/dalvikvm(5162): GC_CONCURRENT freed 220K, 9% free 4114K/4516K, paused 1ms+0ms, total 3ms
10-13 09:26:38.321: D/dalvikvm(5162): GC_CONCURRENT freed 213K, 8% free 4304K/4644K, paused 1ms+0ms, total 4ms
10-13 09:26:38.331: D/dalvikvm(5162): GC_CONCURRENT freed 347K, 10% free 4403K/4876K, paused 0ms+0ms, total 2ms
10-13 09:26:38.341: I/System.out(5162): INFO: onStartCommand
10-13 09:26:38.581: D/AndroidRuntime(5179): >>>>>> AndroidRuntime START com.android.internal.os.RuntimeInit <<<<<<
10-13 09:26:38.581: W/linker(5179): libdvm.so has text relocations. This is wasting memory and is a security risk. Please fix.
10-13 09:26:38.601: D/AndroidRuntime(5179): CheckJNI is OFF
10-13 09:26:38.611: D/dalvikvm(5179): Trying to load lib libjavacore.so 0x0
10-13 09:26:38.611: D/dalvikvm(5179): Added shared lib libjavacore.so 0x0
10-13 09:26:38.611: D/dalvikvm(5179): Trying to load lib libnativehelper.so 0x0
10-13 09:26:38.611: D/dalvikvm(5179): Added shared lib libnativehelper.so 0x0
10-13 09:26:38.611: D/dalvikvm(5179): No JNI_OnLoad found in libnativehelper.so 0x0, skipping init
10-13 09:26:38.621: D/dalvikvm(5179): Note: class Landroid/app/ActivityManagerNative; has 179 unimplemented (abstract) methods
10-13 09:26:38.621: D/dalvikvm(4166): GC_EXPLICIT freed 443K, 20% free 6079K/7560K, paused 1ms+1ms, total 7ms
10-13 09:26:38.641: E/memtrack(5179): Couldn't load memtrack module (No such file or directory)
10-13 09:26:38.641: E/android.os.Debug(5179): failed to load memtrack module: -2
10-13 09:26:38.651: D/AndroidRuntime(5179): Calling main entry com.android.commands.am.Am
10-13 09:26:38.651: I/ActivityManager(1705): Force stopping org.gnucash.android appid=10074 user=0: start instr
10-13 09:26:38.661: D/dalvikvm(1329): GC_EXPLICIT freed 40K, 5% free 3507K/3676K, paused 0ms+0ms, total 2ms
10-13 09:26:38.661: D/dalvikvm(1329): GC_EXPLICIT freed <1K, 5% free 3507K/3676K, paused 0ms+0ms, total 2ms
10-13 09:26:38.661: D/dalvikvm(1329): GC_EXPLICIT freed <1K, 5% free 3507K/3676K, paused 0ms+0ms, total 2ms
10-13 09:26:38.661: I/ActivityManager(1705): Start proc org.gnucash.android for added application org.gnucash.android: pid=5191 uid=10074 gids={50074, 3003}
10-13 09:26:38.671: I/dalvikvm(5191): Could not find method android.support.test.internal.runner.hidden.ExposedInstrumentationApi.execStartActivity, referenced from method android.support.test.runner.MonitoringInstrumentation.execStartActivity
10-13 09:26:38.671: W/dalvikvm(5191): VFY: unable to resolve virtual method 6516: Landroid/support/test/internal/runner/hidden/ExposedInstrumentationApi;.execStartActivity (Landroid/content/Context;Landroid/os/IBinder;Landroid/os/IBinder;Landroid/app/Activity;Landroid/content/Intent;I)Landroid/app/Instrumentation$ActivityResult;
10-13 09:26:38.671: D/dalvikvm(5191): VFY: replacing opcode 0x75 at 0x0024
10-13 09:26:38.671: I/dalvikvm(5191): Could not find method android.support.test.internal.runner.hidden.ExposedInstrumentationApi.execStartActivity, referenced from method android.support.test.runner.MonitoringInstrumentation.execStartActivity
10-13 09:26:38.671: W/dalvikvm(5191): VFY: unable to resolve virtual method 6520: Landroid/support/test/internal/runner/hidden/ExposedInstrumentationApi;.execStartActivity (Landroid/content/Context;Landroid/os/IBinder;Landroid/os/IBinder;Ljava/lang/String;Landroid/content/Intent;ILandroid/os/Bundle;)Landroid/app/Instrumentation$ActivityResult;
10-13 09:26:38.671: D/dalvikvm(5191): VFY: replacing opcode 0x75 at 0x0024
10-13 09:26:38.671: I/MultiDex(5191): VM with version 1.6.0 does not have multidex support
10-13 09:26:38.671: I/MultiDex(5191): install
10-13 09:26:38.671: I/MultiDex(5191): MultiDexExtractor.load(/data/app/org.gnucash.android-1.apk, false)
10-13 09:26:38.671: I/MultiDex(5191): Detected that extraction must be performed.
10-13 09:26:38.681: D/dalvikvm(5191): GC_CONCURRENT freed 177K, 8% free 3716K/4020K, paused 1ms+0ms, total 3ms
10-13 09:26:38.681: I/MultiDex(5191): Extraction is needed for file /data/data/org.gnucash.android/code_cache/secondary-dexes/org.gnucash.android-1.apk.classes2.zip
10-13 09:26:38.681: I/MultiDex(5191): Extracting /data/data/org.gnucash.android/code_cache/secondary-dexes/org.gnucash.android-1.apk.classes-1207346561.zip
10-13 09:26:38.681: D/dalvikvm(5191): GC_CONCURRENT freed 118K, 6% free 3987K/4240K, paused 1ms+0ms, total 2ms
10-13 09:26:38.721: I/Remoter(1337): Saved screenshot to '/data/screenshots/__pmv__-0111.jpg'
10-13 09:26:38.761: I/MultiDex(5191): Renaming to /data/data/org.gnucash.android/code_cache/secondary-dexes/org.gnucash.android-1.apk.classes2.zip
10-13 09:26:38.761: I/MultiDex(5191): Extraction success - length /data/data/org.gnucash.android/code_cache/secondary-dexes/org.gnucash.android-1.apk.classes2.zip: 372935
10-13 09:26:38.761: I/MultiDex(5191): load found 1 secondary dex files
10-13 09:26:38.771: D/dalvikvm(5191): DexOpt: --- BEGIN 'org.gnucash.android-1.apk.classes2.zip' (bootstrap=0) ---
10-13 09:26:38.771: W/linker(5207): libdvm.so has text relocations. This is wasting memory and is a security risk. Please fix.
10-13 09:26:38.831: D/dalvikvm(5207): DexOpt: load 6ms, verify+opt 20ms, 974068 bytes
10-13 09:26:38.841: D/dalvikvm(5191): DexOpt: --- END 'org.gnucash.android-1.apk.classes2.zip' (success) ---
10-13 09:26:38.841: D/dalvikvm(5191): DEX prep '/data/data/org.gnucash.android/code_cache/secondary-dexes/org.gnucash.android-1.apk.classes2.zip': unzip in 7ms, rewrite 65ms
10-13 09:26:38.841: I/MultiDex(5191): install done
10-13 09:26:38.841: I/MonitoringInstr(5191): Instrumentation started on process org.gnucash.android
10-13 09:26:38.841: I/MultiDex(5191): install
10-13 09:26:38.841: I/MonitoringInstr(5191): Setting context classloader to 'dalvik.system.PathClassLoader[DexPathList[[zip file "/system/framework/android.test.runner.jar", zip file "/data/app/com.google.android.apps.mtaas.crawler-1.apk", zip file "/data/app/org.gnucash.android-1.apk", zip file "/data/data/org.gnucash.android/code_cache/secondary-dexes/org.gnucash.android-1.apk.classes2.zip"],nativeLibraryDirectories=[/data/app-lib/com.google.android.apps.mtaas.crawler-1, /data/app-lib/org.gnucash.android-1, /vendor/lib, /system/lib]]]', Original: 'dalvik.system.PathClassLoader[DexPathList[[zip file "/system/framework/android.test.runner.jar", zip file "/data/app/com.google.android.apps.mtaas.crawler-1.apk", zip file "/data/app/org.gnucash.android-1.apk", zip file "/data/data/org.gnucash.android/code_cache/secondary-dexes/org.gnucash.android-1.apk.classes2.zip"],nativeLibraryDirectories=[/data/app-lib/com.google.android.apps.mtaas.crawler-1, /data/app-lib/org.gnucash.android-1, /vendor/lib, /system/lib]]]'
10-13 09:26:38.841: D/ApplicationLifecycleMonitorImpl(5191): running callback: com.google.android.apps.mtaas.crawler.SignaturePatchingCallback@95132808
10-13 09:26:38.851: D/dalvikvm(5191): GC_CONCURRENT freed 209K, 8% free 4163K/4508K, paused 1ms+0ms, total 4ms
10-13 09:26:38.861: D/dalvikvm(5191): GC_CONCURRENT freed 585K, 16% free 3984K/4724K, paused 2ms+0ms, total 4ms
10-13 09:26:38.861: D/dalvikvm(5191): GC_FOR_ALLOC freed 89K, 17% free 3953K/4724K, paused 1ms, total 1ms
10-13 09:26:38.861: D/dalvikvm(5191): GC_FOR_ALLOC freed 30K, 16% free 3985K/4724K, paused 1ms, total 1ms
10-13 09:26:38.861: I/dalvikvm-heap(5191): Grow heap (frag case) to 4.065MB for 57065-byte allocation
10-13 09:26:38.861: D/dalvikvm(5191): GC_FOR_ALLOC freed <1K, 16% free 4041K/4780K, paused 2ms, total 2ms
10-13 09:26:38.861: D/dalvikvm(5191): GC_FOR_ALLOC freed 85K, 17% free 4009K/4780K, paused 1ms, total 1ms
10-13 09:26:38.871: D/dalvikvm(5191): GC_FOR_ALLOC freed 30K, 16% free 4041K/4780K, paused 2ms, total 2ms
10-13 09:26:38.871: I/dalvikvm-heap(5191): Grow heap (frag case) to 4.120MB for 57065-byte allocation
10-13 09:26:38.871: D/dalvikvm(5191): GC_FOR_ALLOC freed <1K, 16% free 4097K/4836K, paused 2ms, total 2ms
10-13 09:26:38.881: D/dalvikvm(5191): GC_CONCURRENT freed 221K, 12% free 4260K/4836K, paused 1ms+0ms, total 3ms
10-13 09:26:38.891: D/dalvikvm(5191): GC_CONCURRENT freed 221K, 9% free 4423K/4836K, paused 2ms+1ms, total 4ms
10-13 09:26:38.901: D/ApplicationLifecycleMonitorImpl(5191): callback completes: com.google.android.apps.mtaas.crawler.SignaturePatchingCallback@95132808
10-13 09:26:38.911: D/dalvikvm(5191): GC_CONCURRENT freed 333K, 10% free 4596K/5056K, paused 0ms+1ms, total 3ms
10-13 09:26:38.911: D/dalvikvm(5191): GC_CONCURRENT freed 177K, 7% free 4903K/5224K, paused 1ms+0ms, total 3ms
10-13 09:26:38.921: D/dalvikvm(5191): WAIT_FOR_CONCURRENT_GC blocked 2ms
10-13 09:26:38.921: I/dalvikvm(5191): Could not find method android.app.Notification$Builder.setLocalOnly, referenced from method com.google.android.gms.common.GooglePlayServicesUtil.zza
10-13 09:26:38.921: W/dalvikvm(5191): VFY: unable to resolve virtual method 293: Landroid/app/Notification$Builder;.setLocalOnly (Z)Landroid/app/Notification$Builder;
10-13 09:26:38.921: D/dalvikvm(5191): VFY: replacing opcode 0x6e at 0x00c5
10-13 09:26:38.921: I/dalvikvm(5191): Could not find method android.content.pm.PackageManager.getPackageInstaller, referenced from method com.google.android.gms.common.zze.zzs
10-13 09:26:38.921: W/dalvikvm(5191): VFY: unable to resolve virtual method 602: Landroid/content/pm/PackageManager;.getPackageInstaller ()Landroid/content/pm/PackageInstaller;
10-13 09:26:38.921: D/dalvikvm(5191): VFY: replacing opcode 0x6e at 0x001b
10-13 09:26:38.921: D/dalvikvm(5191): GC_CONCURRENT freed 354K, 9% free 4998K/5484K, paused 1ms+0ms, total 3ms
10-13 09:26:38.931: D/UV(5191): https://by.uservoice.com/t/k/gnucash/d/g/track.js?_=1507901198937&c=_&d=eyJ1Ijp7ImFwcF92ZXJzaW9uX25hbWUiOiIyLjIuMCIsImFwcF92ZXJzaW9uX2NvZGUiOjIyMDA0LCJhbmRyb2lkX3ZlcnNpb24iOiI0LjQuNCJ9fQ%3D%3D
10-13 09:26:38.931: I/BookDbHelper(5191): No books found in database, creating default book
10-13 09:26:38.941: I/org.gnucash.android.db.DatabaseHelper(5191): Creating database tables
10-13 09:26:38.941: D/dalvikvm(5191): GC_CONCURRENT freed 695K, 15% free 4736K/5560K, paused 2ms+2ms, total 6ms
10-13 09:26:38.951: E/CommoditiesDbAdapter(5191): Commodity not found in the database: USD
10-13 09:26:38.951: E/CommoditiesDbAdapter(5191): Commodity not found in the database: EUR
10-13 09:26:38.951: E/CommoditiesDbAdapter(5191): Commodity not found in the database: GBP
10-13 09:26:38.951: E/CommoditiesDbAdapter(5191): Commodity not found in the database: CHF
10-13 09:26:38.951: E/CommoditiesDbAdapter(5191): Commodity not found in the database: CAD
10-13 09:26:38.951: E/CommoditiesDbAdapter(5191): Commodity not found in the database: JPY
10-13 09:26:38.951: E/CommoditiesDbAdapter(5191): Commodity not found in the database: AUD
10-13 09:26:38.951: E/GnuCash(5191): Unsupported ISO 3166 country: es
10-13 09:26:38.951: E/CommoditiesDbAdapter(5191): Commodity not found in the database: USD
10-13 09:26:38.951: D/dalvikvm(5191): GC_FOR_ALLOC freed 146K, 14% free 4786K/5560K, paused 2ms, total 2ms
10-13 09:26:38.961: D/dalvikvm(5191): GC_FOR_ALLOC freed 34K, 14% free 4807K/5560K, paused 3ms, total 3ms
10-13 09:26:38.961: I/dalvikvm-heap(5191): Grow heap (frag case) to 4.852MB for 39950-byte allocation
10-13 09:26:38.961: D/dalvikvm(5191): GC_FOR_ALLOC freed <1K, 14% free 4846K/5600K, paused 3ms, total 3ms
10-13 09:26:38.961: D/dalvikvm(5191): GC_FOR_ALLOC freed <1K, 14% free 4846K/5600K, paused 3ms, total 3ms
10-13 09:26:38.961: I/dalvikvm-heap(5191): Grow heap (frag case) to 4.928MB for 79888-byte allocation
10-13 09:26:38.971: D/dalvikvm(5191): GC_FOR_ALLOC freed <1K, 14% free 4924K/5680K, paused 4ms, total 4ms
10-13 09:26:38.971: I/CommoditiesDbAdapter(5191): Bulk adding 224 Commodity records to the database
10-13 09:26:39.011: D/dalvikvm(5191): GC_CONCURRENT freed 215K, 11% free 5093K/5680K, paused 2ms+0ms, total 7ms
10-13 09:26:39.031: D/dalvikvm(5191): GC_CONCURRENT freed 243K, 8% free 5254K/5680K, paused 1ms+0ms, total 4ms
10-13 09:26:39.041: D/dalvikvm(5191): GC_CONCURRENT freed 246K, 7% free 5467K/5868K, paused 2ms+1ms, total 5ms
10-13 09:26:39.061: D/dalvikvm(5191): GC_CONCURRENT freed 265K, 7% free 5806K/6216K, paused 2ms+1ms, total 5ms
10-13 09:26:39.061: D/dalvikvm(5191): GC_FOR_ALLOC freed 309K, 10% free 6058K/6664K, paused 3ms, total 3ms
10-13 09:26:39.061: D/dalvikvm(5191): GC_FOR_ALLOC freed 373K, 11% free 6085K/6792K, paused 3ms, total 3ms
10-13 09:26:39.071: D/dalvikvm(5191): GC_FOR_ALLOC freed 433K, 12% free 6176K/6948K, paused 3ms, total 3ms
10-13 09:26:39.081: D/dalvikvm(5191): GC_CONCURRENT freed 554K, 10% free 6509K/7192K, paused 1ms+1ms, total 6ms
10-13 09:26:39.081: D/dalvikvm(5191): WAIT_FOR_CONCURRENT_GC blocked 3ms
10-13 09:26:39.081: D/dalvikvm(5191): WAIT_FOR_CONCURRENT_GC blocked 3ms
10-13 09:26:39.101: D/dalvikvm(5191): GC_CONCURRENT freed 415K, 8% free 7097K/7636K, paused 0ms+0ms, total 5ms
10-13 09:26:39.101: D/dalvikvm(5191): WAIT_FOR_CONCURRENT_GC blocked 2ms
10-13 09:26:39.101: W/dalvikvm(5191): VFY: unable to find class referenced in signature (Ljava/nio/file/Path;)
10-13 09:26:39.101: W/dalvikvm(5191): VFY: unable to find class referenced in signature ([Ljava/nio/file/OpenOption;)
10-13 09:26:39.101: I/dalvikvm(5191): Could not find method java.nio.file.Files.newOutputStream, referenced from method okio.Okio.sink
10-13 09:26:39.101: W/dalvikvm(5191): VFY: unable to resolve static method 55527: Ljava/nio/file/Files;.newOutputStream (Ljava/nio/file/Path;[Ljava/nio/file/OpenOption;)Ljava/io/OutputStream;
10-13 09:26:39.101: D/dalvikvm(5191): VFY: replacing opcode 0x71 at 0x000a
10-13 09:26:39.101: W/dalvikvm(5191): VFY: unable to find class referenced in signature (Ljava/nio/file/Path;)
10-13 09:26:39.101: W/dalvikvm(5191): VFY: unable to find class referenced in signature ([Ljava/nio/file/OpenOption;)
10-13 09:26:39.101: I/dalvikvm(5191): Could not find method java.nio.file.Files.newInputStream, referenced from method okio.Okio.source
10-13 09:26:39.101: W/dalvikvm(5191): VFY: unable to resolve static method 55526: Ljava/nio/file/Files;.newInputStream (Ljava/nio/file/Path;[Ljava/nio/file/OpenOption;)Ljava/io/InputStream;
