10-13 09:26:12.121: I/ProcessCheckinRequest(4150):   m <
10-13 09:26:12.121: I/ProcessCheckinRequest(4150):     a: "android.hardware.microphone"
10-13 09:26:12.121: I/ProcessCheckinRequest(4150):     b: 0
10-13 09:26:12.121: I/ProcessCheckinRequest(4150):   >
10-13 09:26:12.121: I/ProcessCheckinRequest(4150):   m <
10-13 09:26:12.121: I/ProcessCheckinRequest(4150):     a: "android.hardware.screen.landscape"
10-13 09:26:12.121: I/ProcessCheckinRequest(4150):     b: 0
10-13 09:26:12.121: I/ProcessCheckinRequest(4150):   >
10-13 09:26:12.121: I/ProcessCheckinRequest(4150):   m <
10-13 09:26:12.121: I/ProcessCheckinRequest(4150):     a: "android.hardware.screen.portrait"
10-13 09:26:12.121: I/ProcessCheckinRequest(4150):     b: 0
10-13 09:26:12.121: I/ProcessCheckinRequest(4150):   >
10-13 09:26:12.121: I/ProcessCheckinRequest(4150):   m <
10-13 09:26:12.121: I/ProcessCheckinRequest(4150):     a: "android.hardware.sensor.accelerometer"
10-13 09:26:12.121: I/ProcessCheckinRequest(4150):     b: 0
10-13 09:26:12.121: I/ProcessCheckinRequest(4150):   >
10-13 09:26:12.121: I/ProcessCheckinRequest(4150):   m <
10-13 09:26:12.121: I/ProcessCheckinRequest(4150):     a: "android.hardware.sensor.barometer"
10-13 09:26:12.121: I/ProcessCheckinRequest(4150):     b: 0
10-13 09:26:12.121: I/ProcessCheckinRequest(4150):   >
10-13 09:26:12.121: I/ProcessCheckinRequest(4150):   m <
10-13 09:26:12.121: I/ProcessCheckinRequest(4150):     a: "android.hardware.sensor.compass"
10-13 09:26:12.121: I/ProcessCheckinRequest(4150):     b: 0
10-13 09:26:12.121: I/ProcessCheckinRequest(4150):   >
10-13 09:26:12.121: I/ProcessCheckinRequest(4150):   m <
10-13 09:26:12.121: I/ProcessCheckinRequest(4150):     a: "android.hardware.sensor.light"
10-13 09:26:12.121: I/ProcessCheckinRequest(4150):     b: 0
10-13 09:26:12.121: I/ProcessCheckinRequest(4150):   >
10-13 09:26:12.121: I/ProcessCheckinRequest(4150):   m <
10-13 09:26:12.121: I/ProcessCheckinRequest(4150):     a: "android.hardware.sensor.proximity"
10-13 09:26:12.121: I/ProcessCheckinRequest(4150):     b: 0
10-13 09:26:12.121: I/ProcessCheckinRequest(4150):   >
10-13 09:26:12.121: I/ProcessCheckinRequest(4150):   m <
10-13 09:26:12.121: I/ProcessCheckinRequest(4150):     a: "android.hardware.telephony"
10-13 09:26:12.121: I/ProcessCheckinRequest(4150):     b: 0
10-13 09:26:12.121: I/ProcessCheckinRequest(4150):   >
10-13 09:26:12.121: I/ProcessCheckinRequest(4150):   m <
10-13 09:26:12.121: I/ProcessCheckinRequest(4150):     a: "android.hardware.telephony.gsm"
10-13 09:26:12.121: I/ProcessCheckinRequest(4150):     b: 0
10-13 09:26:12.121: I/ProcessCheckinRequest(4150):   >
10-13 09:26:12.121: I/ProcessCheckinRequest(4150):   m <
10-13 09:26:12.121: I/ProcessCheckinRequest(4150):     a: "android.hardware.touchscreen"
10-13 09:26:12.121: I/ProcessCheckinRequest(4150):  
10-13 09:26:12.151: D/dalvikvm(4441): GC_CONCURRENT freed 170K, 5% free 5713K/6008K, paused 1ms+1ms, total 5ms
10-13 09:26:12.191: I/WVCdm(1331): CdmEngine::OpenSession
10-13 09:26:12.191: I/WVCdm(1331): CdmEngine::QueryKeyControlInfo
10-13 09:26:12.191: I/WVCdm(1331): CdmEngine::GenerateKeyRequest
10-13 09:26:12.191: D/dalvikvm(4441): GC_CONCURRENT freed 449K, 9% free 5876K/6452K, paused 3ms+0ms, total 7ms
10-13 09:26:12.221: D/dalvikvm(4387): GC_CONCURRENT freed 1042K, 15% free 6890K/8080K, paused 0ms+1ms, total 14ms
10-13 09:26:12.241: D/WVCdm(1331): PrepareKeyRequest: nonce=2381950014
10-13 09:26:12.251: D/dalvikvm(4441): GC_CONCURRENT freed 590K, 11% free 6008K/6724K, paused 1ms+0ms, total 6ms
10-13 09:26:12.321: I/CheckinResponseProcess(4150): From server: 1363 gservices [full]
10-13 09:26:12.321: I/WVCdm(1331): CdmEngine::CloseSession
10-13 09:26:12.391: D/dalvikvm(4166): GC_CONCURRENT freed 383K, 10% free 6374K/7024K, paused 1ms+1ms, total 8ms
10-13 09:26:12.431: I/Auth(4166): [ReflectiveChannelBinder] Successfully bound channel!
10-13 09:26:12.441: W/Conscrypt(4166): Could not set socket write timeout:
10-13 09:26:12.441: W/Conscrypt(4166):    java.lang.reflect.Method.invokeNative(Native Method)
10-13 09:26:12.441: W/Conscrypt(4166):    java.lang.reflect.Method.invoke(Method.java:515)
10-13 09:26:12.441: W/Conscrypt(4166): Could not set socket write timeout:
10-13 09:26:12.441: W/Conscrypt(4166):    java.lang.reflect.Method.invokeNative(Native Method)
10-13 09:26:12.441: W/Conscrypt(4166):    java.lang.reflect.Method.invoke(Method.java:515)
10-13 09:26:12.481: D/Finsky(4441): [1] 3.onMutationsApplied: App library has changed, requesting content sync.
10-13 09:26:12.491: D/Finsky(4441): [1] CheckWifiAndAutoUpdate.cancelCheck: Cancelling auto-update wifi check.
10-13 09:26:12.531: D/dalvikvm(4441): GC_CONCURRENT freed 402K, 10% free 6316K/6948K, paused 0ms+1ms, total 7ms
10-13 09:26:12.531: W/Auth(4166): [GetToken] GetToken failed with status code: INVALID_SCOPE
10-13 09:26:12.531: E/MS_NetworkUtils(4150): GoogleAuthException getting authtoken for: 4A2NI7OQOTX46RNLLDCZ5QQEKA-00@cloudtestlabaccounts.com message:
10-13 09:26:12.531: E/MS_NetworkUtils(4150): dyj: INVALID_SCOPE
10-13 09:26:12.531: E/MS_NetworkUtils(4150): 	at dyn.a(:com.google.android.gms@11519070:16)
10-13 09:26:12.531: E/MS_NetworkUtils(4150): 	at dym.a(:com.google.android.gms@11519070:2)
10-13 09:26:12.531: E/MS_NetworkUtils(4150): 	at dym.e(:com.google.android.gms@11519070:6)
10-13 09:26:12.531: E/MS_NetworkUtils(4150): 	at dym.d(:com.google.android.gms@11519070:1)
10-13 09:26:12.531: E/MS_NetworkUtils(4150): 	at dym.b(:com.google.android.gms@11519070:1)
10-13 09:26:12.531: E/MS_NetworkUtils(4150): 	at dyk.a(:com.google.android.gms@11519070:1)
10-13 09:26:12.531: E/MS_NetworkUtils(4150): 	at ahik.a(:com.google.android.gms@11519070:28)
10-13 09:26:12.531: E/MS_NetworkUtils(4150): 	at com.google.android.libraries.matchstick.net.SilentRegisterIntentOperation.a(:com.google.android.gms@11519070:214)
10-13 09:26:12.531: E/MS_NetworkUtils(4150): 	at com.google.android.libraries.matchstick.net.SilentRegisterIntentOperation.onHandleIntent(:com.google.android.gms@11519070:291)
10-13 09:26:12.531: E/MS_NetworkUtils(4150): 	at com.google.android.chimera.IntentOperation.onHandleIntent(:com.google.android.gms@11519070:2)
10-13 09:26:12.531: E/MS_NetworkUtils(4150): 	at bvr.run(:com.google.android.gms@11519070:10)
10-13 09:26:12.531: E/MS_NetworkUtils(4150): 	at bvo.run(:com.google.android.gms@11519070:14)
10-13 09:26:12.531: E/MS_NetworkUtils(4150): 	at java.util.concurrent.ThreadPoolExecutor.runWorker(ThreadPoolExecutor.java:1112)
10-13 09:26:12.531: E/MS_NetworkUtils(4150): 	at java.util.concurrent.ThreadPoolExecutor$Worker.run(ThreadPoolExecutor.java:587)
10-13 09:26:12.531: E/MS_NetworkUtils(4150): 	at java.lang.Thread.run(Thread.java:841)
10-13 09:26:12.561: W/GLSUser(4166): [DeviceKeyStore] Cannot load key: Device key file not found.
10-13 09:26:12.561: W/GLSUser(4166): [DeviceKeyStore] Cannot load key: Device key file not found.
10-13 09:26:12.591: I/System.out(4150): Error inflating SSL session: error:100000a0:SSL routines:OPENSSL_internal:INVALID_SSL_SESSION
10-13 09:26:12.601: W/Conscrypt(4150): Could not set socket write timeout:
10-13 09:26:12.601: W/Conscrypt(4150):    java.lang.reflect.Method.invokeNative(Native Method)
10-13 09:26:12.601: W/Conscrypt(4150):    java.lang.reflect.Method.invoke(Method.java:515)
10-13 09:26:12.621: W/Conscrypt(4150): Could not set socket write timeout:
10-13 09:26:12.621: W/Conscrypt(4150):    java.lang.reflect.Method.invokeNative(Native Method)
10-13 09:26:12.621: W/Conscrypt(4150):    java.lang.reflect.Method.invoke(Method.java:515)
10-13 09:26:12.621: D/dalvikvm(4166): GC_CONCURRENT freed 762K, 13% free 6473K/7432K, paused 1ms+1ms, total 8ms
10-13 09:26:12.651: E/MS_RegisterService(4150): Exception during register request.
10-13 09:26:12.651: E/MS_RegisterService(4150): awbu: INVALID_ARGUMENT: Application credential header not valid. Please fix the client to pass a valid application credential header.
10-13 09:26:12.651: E/MS_RegisterService(4150): 	at awbq.c(:com.google.android.gms@11519070:3)
10-13 09:26:12.651: E/MS_RegisterService(4150): 	at jkh.a(:com.google.android.gms@11519070:63)
10-13 09:26:12.651: E/MS_RegisterService(4150): 	at com.google.android.libraries.matchstick.net.SilentRegisterIntentOperation.a(:com.google.android.gms@11519070:226)
10-13 09:26:12.651: E/MS_RegisterService(4150): 	at com.google.android.libraries.matchstick.net.SilentRegisterIntentOperation.onHandleIntent(:com.google.android.gms@11519070:291)
10-13 09:26:12.651: E/MS_RegisterService(4150): 	at com.google.android.chimera.IntentOperation.onHandleIntent(:com.google.android.gms@11519070:2)
10-13 09:26:12.651: E/MS_RegisterService(4150): 	at bvr.run(:com.google.android.gms@11519070:10)
10-13 09:26:12.651: E/MS_RegisterService(4150): 	at bvo.run(:com.google.android.gms@11519070:14)
10-13 09:26:12.651: E/MS_RegisterService(4150): 	at java.util.concurrent.ThreadPoolExecutor.runWorker(ThreadPoolExecutor.java:1112)
10-13 09:26:12.651: E/MS_RegisterService(4150): 	at java.util.concurrent.ThreadPoolExecutor$Worker.run(ThreadPoolExecutor.java:587)
10-13 09:26:12.651: E/MS_RegisterService(4150): 	at java.lang.Thread.run(Thread.java:841)
10-13 09:26:12.701: I/CertBlacklister(1705): Certificate blacklist changed, updating...
10-13 09:26:12.701: I/GservicesProvider(4166): main update completed
10-13 09:26:12.701: I/CertBlacklister(1705): Certificate blacklist updated
10-13 09:26:12.731: I/qtaguid(4441): Failed write_ctrl(u 51) res=-1 errno=22
10-13 09:26:12.731: I/qtaguid(4441): Untagging socket 51 failed errno=-22
10-13 09:26:12.731: W/NetworkManagementSocketTagger(4441): untagSocket(51) failed with errno -22
10-13 09:26:12.731: I/ActivityManager(1705): Start proc com.google.android.configupdater for broadcast com.google.android.configupdater/.CertPin.CertPinUpdateRequestReceiver: pid=4812 uid=10002 gids={50002, 3003, 2001}
10-13 09:26:12.761: D/AndroidRuntime(4825): >>>>>> AndroidRuntime START com.android.internal.os.RuntimeInit <<<<<<
10-13 09:26:12.761: W/linker(4825): libdvm.so has text relocations. This is wasting memory and is a security risk. Please fix.
10-13 09:26:12.761: I/CheckinRequestBuilder(4150): Checkin reason type: 4 attempt count: 1
10-13 09:26:12.761: D/AndroidRuntime(4825): CheckJNI is OFF
10-13 09:26:12.761: E/ActivityThread(4150): Failed to find provider info for com.google.android.wearable.settings
10-13 09:26:12.771: D/dalvikvm(4825): Trying to load lib libjavacore.so 0x0
10-13 09:26:12.771: D/dalvikvm(4825): Added shared lib libjavacore.so 0x0
10-13 09:26:12.771: W/ConfigurationChimeraProvider(4210): Got null configs for com.google.android.gms.nearby
10-13 09:26:12.781: D/dalvikvm(4825): Trying to load lib libnativehelper.so 0x0
10-13 09:26:12.781: D/dalvikvm(4825): Added shared lib libnativehelper.so 0x0
10-13 09:26:12.781: D/dalvikvm(4825): No JNI_OnLoad found in libnativehelper.so 0x0, skipping init
10-13 09:26:12.791: W/ContextImpl(4812): Implicit intents with startService are not safe: Intent { act=com.google.android.configupdater.CertPin.START (has extras) } android.content.ContextWrapper.startService:494 android.content.ContextWrapper.startService:494 com.google.android.configupdater.UpdateRequestReceiver.startUpdate:219 
10-13 09:26:12.791: D/dalvikvm(2804): GC_CONCURRENT freed 307K, 11% free 3678K/4112K, paused 0ms+0ms, total 5ms
10-13 09:26:12.791: D/Finsky(4441): [1] MultiWayUpdateController.captureVariesByAccount: Change varies-by-account for com.google.android.gms to true
10-13 09:26:12.791: D/Finsky(4441): [1] MultiWayUpdateController.captureAutoAcquireTags: Change auto-acquire tags for com.google.android.gms from  to d_AAAAAAADF8w=
10-13 09:26:12.791: I/ActivityManager(1705): Delay finish: com.google.android.configupdater/.CertPin.CertPinUpdateRequestReceiver
10-13 09:26:12.801: D/Finsky(4441): [1] DailyHygiene.flushEventLogs: Flushing event logs for [kQDN-dxCel_N0rHZYP1Y1D5t2ac]
10-13 09:26:12.801: D/dalvikvm(4210): GC_FOR_ALLOC freed 1189K, 16% free 6983K/8296K, paused 23ms, total 23ms
10-13 09:26:12.801: D/dalvikvm(3252): GC_CONCURRENT freed 305K, 11% free 3757K/4188K, paused 0ms+0ms, total 2ms
10-13 09:26:12.811: D/dalvikvm(4210): GC_CONCURRENT freed <1K, 16% free 6983K/8296K, paused 2ms+1ms, total 9ms
10-13 09:26:12.811: I/UpdateFetcherService(4812): Update started
10-13 09:26:12.821: D/dalvikvm(4812): GC_CONCURRENT freed 377K, 13% free 3559K/4068K, paused 1ms+0ms, total 3ms
10-13 09:26:12.821: D/Finsky(4441): [1] DailyHygiene.reschedule: Scheduling first run in 14.5 hours
10-13 09:26:12.831: I/Auth(4166): [ReflectiveChannelBinder] Successfully bound channel!
10-13 09:26:12.841: D/dalvikvm(4825): Note: class Landroid/app/ActivityManagerNative; has 179 unimplemented (abstract) methods
10-13 09:26:12.851: I/DownloadManager(4526): Download 29 starting
10-13 09:26:12.851: W/ActivityThread(4526): ClassLoader.loadClass: The class loader returned by Thread.getContextClassLoader() may fail for processes that host multiple applications. You should explicitly specify a context class loader. For example: Thread.setContextClassLoader(getClass().getClassLoader());
10-13 09:26:12.871: W/Conscrypt(4166): Could not set socket write timeout:
10-13 09:26:12.881: D/dalvikvm(4526): GC_CONCURRENT freed 260K, 10% free 3731K/4116K, paused 14ms+13ms, total 29ms
10-13 09:26:12.891: W/Conscrypt(4166):    java.lang.reflect.Method.invokeNative(Native Method)
10-13 09:26:12.891: W/Conscrypt(4166):    java.lang.reflect.Method.invoke(Method.java:515)
10-13 09:26:12.891: W/Conscrypt(4166): Could not set socket write timeout:
10-13 09:26:12.891: W/Conscrypt(4166):    java.lang.reflect.Method.invokeNative(Native Method)
10-13 09:26:12.891: W/Conscrypt(4166):    java.lang.reflect.Method.invoke(Method.java:515)
10-13 09:26:12.901: D/dalvikvm(4166): GC_CONCURRENT freed 1310K, 20% free 6060K/7564K, paused 0ms+1ms, total 6ms
10-13 09:26:12.921: E/memtrack(4825): Couldn't load memtrack module (No such file or directory)
10-13 09:26:12.921: E/android.os.Debug(4825): failed to load memtrack module: -2
10-13 09:26:12.931: D/AndroidRuntime(4825): Calling main entry com.android.commands.pm.Pm
10-13 09:26:12.951: W/ActivityManager(1705): No content provider found for permission revoke: file:///data/local/tmp/app5389429431442735604.apk
10-13 09:26:12.991: D/dalvikvm(4526): GC_CONCURRENT freed 354K, 11% free 3880K/4360K, paused 0ms+1ms, total 3ms
10-13 09:26:13.001: W/Auth(4166): [GetToken] GetToken failed with status code: INVALID_SCOPE
10-13 09:26:13.001: W/ActivityManager(1705): No content provider found for permission revoke: file:///data/local/tmp/app5389429431442735604.apk
10-13 09:26:13.001: I/PackageManager(1705): Copying native libraries to /data/app-lib/vmdl537241272
10-13 09:26:13.011: E/CheckinRequestBuilder(4150): Unrecoverable authentication exception: INVALID_SCOPE
10-13 09:26:13.011: E/CheckinRequestBuilder(4150): dyj: INVALID_SCOPE
10-13 09:26:13.011: E/CheckinRequestBuilder(4150): 	at dyn.a(:com.google.android.gms@11519070:16)
10-13 09:26:13.011: E/CheckinRequestBuilder(4150): 	at dym.a(:com.google.android.gms@11519070:2)
10-13 09:26:13.011: E/CheckinRequestBuilder(4150): 	at dym.e(:com.google.android.gms@11519070:6)
10-13 09:26:13.011: E/CheckinRequestBuilder(4150): 	at dyk.f(:com.google.android.gms@11519070:3)
10-13 09:26:13.011: E/CheckinRequestBuilder(4150): 	at dyk.a(:com.google.android.gms@11519070:4)
10-13 09:26:13.011: E/CheckinRequestBuilder(4150): 	at hfb.a(:com.google.android.gms@11519070:219)
10-13 09:26:13.011: E/CheckinRequestBuilder(4150): 	at hgb.a(:com.google.android.gms@11519070:18)
10-13 09:26:13.011: E/CheckinRequestBuilder(4150): 	at hgb.a(:com.google.android.gms@11519070:182)
10-13 09:26:13.011: E/CheckinRequestBuilder(4150): 	at com.google.android.gms.checkin.CheckinChimeraService.a(:com.google.android.gms@11519070:149)
10-13 09:26:13.011: E/CheckinRequestBuilder(4150): 	at hex.run(:com.google.android.gms@11519070:2)
10-13 09:26:13.011: E/CheckinRequestBuilder(4150): 	at jqa.run(:com.google.android.gms@11519070:25)
10-13 09:26:13.011: E/CheckinRequestBuilder(4150): 	at java.util.concurrent.ThreadPoolExecutor.runWorker(ThreadPoolExecutor.java:1112)
10-13 09:26:13.011: E/CheckinRequestBuilder(4150): 	at java.util.concurrent.ThreadPoolExecutor$Worker.run(ThreadPoolExecutor.java:587)
10-13 09:26:13.011: E/CheckinRequestBuilder(4150): 	at jvj.run(:com.google.android.gms@11519070)
10-13 09:26:13.011: E/CheckinRequestBuilder(4150): 	at java.lang.Thread.run(Thread.java:841)
10-13 09:26:13.011: I/DownloadManager(4526): Ignoring Content-Length since Transfer-Encoding is also defined
10-13 09:26:13.011: W/PackageParser(1705): Unknown element under <manifest>: meta-data at /data/app/vmdl537241272.tmp Binary XML file line #60
10-13 09:26:13.021: I/Remoter(1337): Saved screenshot to '/data/screenshots/__pmv__-0087.jpg'
10-13 09:26:13.031: I/CheckinUtil(4150): Classify the device as Phone.
10-13 09:26:13.031: I/DownloadManager(4526): Download 29 finished with status SUCCESS
10-13 09:26:13.031: E/UpdateRequestReceiver(4812): Received malformed URL while handling Gservices.CHANGED_ACTION
10-13 09:26:13.031: W/ContextImpl(4812): Implicit intents with startService are not safe: Intent { act=com.google.android.configupdater.SmsShortCodes.START (has extras) } android.content.ContextWrapper.startService:494 android.content.ContextWrapper.startService:494 com.google.android.configupdater.UpdateRequestReceiver.startUpdate:219 
10-13 09:26:13.031: I/ActivityManager(1705): Resuming delayed broadcast
10-13 09:26:13.041: I/UpdateFetcherService(4812): Update started
10-13 09:26:13.041: I/ActivityManager(1705): Delay finish: com.google.android.configupdater/.SmsShortCodes.SmsShortCodesUpdateRequestReceiver
10-13 09:26:13.091: I/DownloadManager(4526): Download 30 starting
10-13 09:26:13.091: E/ProcessCheckinRequest(4150): CheckinNowTaskTag : Checkin Succeeded: https://android.clients.google.com/checkin (request #1): 
10-13 09:26:13.101: I/DownloadManager(4526): Ignoring Content-Length since Transfer-Encoding is also defined
10-13 09:26:13.101: E/UpdateRequestReceiver(4812): Received malformed URL while handling Gservices.CHANGED_ACTION
10-13 09:26:13.101: I/ActivityManager(1705): Resuming delayed broadcast
10-13 09:26:13.111: E/UpdateRequestReceiver(4812): Received malformed URL while handling Gservices.CHANGED_ACTION
10-13 09:26:13.121: E/UpdateRequestReceiver(4812): Received malformed URL while handling Gservices.CHANGED_ACTION
10-13 09:26:13.121: D/dalvikvm(1705): GC_CONCURRENT freed 1370K, 15% free 11340K/13240K, paused 2ms+1ms, total 18ms
10-13 09:26:13.121: D/dalvikvm(1705): WAIT_FOR_CONCURRENT_GC blocked 5ms
10-13 09:26:13.121: D/dalvikvm(1705): WAIT_FOR_CONCURRENT_GC blocked 5ms
10-13 09:26:13.121: I/DownloadManager(4526): Download 30 finished with status SUCCESS
10-13 09:26:13.121: D/dalvikvm(1705): WAIT_FOR_CONCURRENT_GC blocked 17ms
10-13 09:26:13.131: I/ActivityManager(1705): Delay finish: com.google.android.partnersetup/.GservicesChangedReceiver
10-13 09:26:13.141: D/dalvikvm(1705): GC_FOR_ALLOC freed 227K, 15% free 11369K/13240K, paused 9ms, total 9ms
10-13 09:26:13.141: I/dalvikvm-heap(1705): Grow heap (frag case) to 11.478MB for 260108-byte allocation
10-13 09:26:13.151: D/dalvikvm(1705): GC_FOR_ALLOC freed <1K, 14% free 11623K/13496K, paused 9ms, total 9ms
10-13 09:26:13.151: D/dalvikvm(1705): GC_FOR_ALLOC freed 501K, 16% free 11524K/13624K, paused 7ms, total 7ms
10-13 09:26:13.161: D/dalvikvm(1705): GC_FOR_ALLOC freed 127K, 15% free 11652K/13624K, paused 7ms, total 7ms
10-13 09:26:13.171: D/dalvikvm(1705): GC_FOR_ALLOC freed 371K, 15% free 11678K/13624K, paused 7ms, total 7ms
10-13 09:26:13.171: I/GeofencerStateMachine(4210): sendQueryLocationOptIn
10-13 09:26:13.171: I/GeofencerStateMachine(4210): Network location disabled.
10-13 09:26:13.181: I/GeofencerStateMachine(4210): sendQueryLocationOptIn
10-13 09:26:13.181: I/GeofencerStateMachine(4210): sendQueryLocationOptIn
10-13 09:26:13.181: I/ActivityManager(1705): Resuming delayed broadcast
10-13 09:26:13.191: I/GeofencerStateMachine(4210): sendQueryLocationOptIn
10-13 09:26:13.191: I/GeofencerStateMachine(4210): sendQueryLocationOptIn
10-13 09:26:13.191: I/GeofencerStateMachine(4210): sendQueryLocationOptIn
10-13 09:26:13.201: I/GeofencerStateMachine(4210): sendQueryLocationOptIn
10-13 09:26:13.241: D/dalvikvm(1705): GC_FOR_ALLOC freed 938K, 10% free 12429K/13780K, paused 11ms, total 11ms
10-13 09:26:13.251: E/ChimeraProxyRslvr(4150): Failed to instantiate com.google.android.gms.checkin.CheckinChimeraService$Receiver: java.lang.ClassNotFoundException: Didn't find class "com.google.android.gms.checkin.CheckinChimeraService$Receiver" on path: DexPathList[[zip file "/system/framework/com.android.media.remotedisplay.jar", zip file "/system/framework/com.android.location.provider.jar", zip file "/data/app/com.google.android.gms-1.apk", zip file "/data/data/com.google.android.gms/code_cache/secondary-dexes/com.google.android.gms-1.apk.classes2.zip", zip file "/data/data/com.google.android.gms/code_cache/secondary-dexes/com.google.android.gms-1.apk.classes3.zip", zip file "/data/data/com.google.android.gms/code_cache/secondary-dexes/com.google.android.gms-1.apk.classes4.zip", zip file "/data/data/com.google.android.gms/code_cache/secondary-dexes/com.google.android.gms-1.apk.classes5.zip"],nativeLibraryDirectories=[/data/app-lib/com.google.android.gms-1, /data/app-lib/com.google.android.gms-1, /data/app-lib/com.google.android.gms-1, /data/app-lib/com.google.android.gms-1, /data/app-lib/com.google.android.gms-1, /vendor/lib, /system/lib]]
10-13 09:26:13.251: E/ChimeraRcvrProxy(4150): com.google.android.gms.checkin.CheckinServiceReceiver dropping broadcast com.google.gservices.intent.action.GSERVICES_CHANGED
10-13 09:26:13.251: I/Search.GservicesUpdateTask(2744): Updating Gservices keys
10-13 09:26:13.321: D/dalvikvm(4150): GC_CONCURRENT freed 4663K, 25% free 14907K/19696K, paused 2ms+2ms, total 67ms
10-13 09:26:13.321: D/dalvikvm(4150): WAIT_FOR_CONCURRENT_GC blocked 39ms
10-13 09:26:13.341: W/dalvikvm(4210): VFY: unable to find class referenced in signature ([Landroid/net/ScoredNetwork;)
10-13 09:26:13.341: E/dalvikvm(4210): Could not find class 'android.net.NetworkScoreManager', referenced from method vjv.a
10-13 09:26:13.341: W/dalvikvm(4210): VFY: unable to resolve check-cast 3501 (Landroid/net/NetworkScoreManager;) in Lvjv;
10-13 09:26:13.341: D/dalvikvm(4210): VFY: replacing opcode 0x1f at 0x0007
10-13 09:26:13.341: E/dalvikvm(4210): Could not find class 'android.net.NetworkScoreManager', referenced from method vjv.c
10-13 09:26:13.341: W/dalvikvm(4210): VFY: unable to resolve check-cast 3501 (Landroid/net/NetworkScoreManager;) in Lvjv;
10-13 09:26:13.341: D/dalvikvm(4210): VFY: replacing opcode 0x1f at 0x0006
10-13 09:26:13.341: E/dalvikvm(4210): Could not find class 'android.net.NetworkScoreManager', referenced from method vjv.d
10-13 09:26:13.341: W/dalvikvm(4210): VFY: unable to resolve check-cast 3501 (Landroid/net/NetworkScoreManager;) in Lvjv;
10-13 09:26:13.341: D/dalvikvm(4210): VFY: replacing opcode 0x1f at 0x0007
10-13 09:26:13.341: W/NetRec(4210): [212] ConfigChangedIntentOperation.onHandleIntent: Device does not support scoring, exiting
10-13 09:26:13.341: W/ConfigurationChimeraProvider(4210): Got null configs for com.google.android.gms.chromesync
10-13 09:26:13.351: D/dalvikvm(4812): GC_CONCURRENT freed 366K, 13% free 3580K/4072K, paused 0ms+1ms, total 4ms
10-13 09:26:13.351: I/GCoreUlr(4210): Starting service, intent=Intent { act=com.google.android.location.reporting.ACTION_UPDATE_WORLD cmp=com.google.android.gms/com.google.android.location.reporting.service.DispatchingService (has extras) }, extras=Bundle[{receiverAction=com.google.gservices.intent.action.GSERVICES_CHANGED}]
10-13 09:26:13.371: I/dalvikvm(4150): Could not find method android.system.Os.symlink, referenced from method buy.a
10-13 09:26:13.371: W/dalvikvm(4150): VFY: unable to resolve static method 1334: Landroid/system/Os;.symlink (Ljava/lang/String;Ljava/lang/String;)V
10-13 09:26:13.371: D/dalvikvm(4150): VFY: replacing opcode 0x71 at 0x002c
10-13 09:26:13.381: D/dalvikvm(4526): GC_CONCURRENT freed 321K, 11% free 3946K/4392K, paused 1ms+0ms, total 4ms
10-13 09:26:13.421: W/ContextImpl(4812): Implicit intents with startService are not safe: Intent { act=com.google.android.configupdater.CertPin.NEW_METADATA (has extras) } android.content.ContextWrapper.startService:494 android.content.ContextWrapper.startService:494 com.google.android.configupdater.UpdateRequestReceiver.handleMetadataDownload:244 
10-13 09:26:13.421: I/ActivityManager(1705): Delay finish: com.google.android.configupdater/.CertPin.CertPinUpdateRequestReceiver
10-13 09:26:13.431: D/dalvikvm(4812): GC_CONCURRENT freed 403K, 13% free 3585K/4112K, paused 0ms+0ms, total 2ms
10-13 09:26:13.431: I/GCoreUlr(4210): WorldUpdater received intent Intent { act=com.google.android.location.reporting.ACTION_UPDATE_WORLD cmp=com.google.android.gms/com.google.android.location.reporting.service.DispatchingService (has extras) } with receiverAction com.google.gservices.intent.action.GSERVICES_CHANGED
10-13 09:26:13.441: D/dalvikvm(4166): GC_EXPLICIT freed 514K, 19% free 6138K/7564K, paused 0ms+1ms, total 51ms
10-13 09:26:13.451: V/EmulatedCamera_Factory(1331): getCameraInfo: id = 0
10-13 09:26:13.451: V/EmulatedCamera_Camera(1331): getCameraInfo
10-13 09:26:13.451: V/EmulatedCamera_BaseCamera(1331): getCameraInfo
10-13 09:26:13.451: I/OcrModelUpStIntentOp(4150): Updating ocr activity enabled=true (phenotypeFlag=true, lowRamDevice=false, prereqCheck=true)
10-13 09:26:13.451: E/ConfigFileUtils(4150): Failed to read config file: /data/data/com.google.android.gms/app_chimera/current_modulesets.pb: open failed: ENOENT (No such file or directory)
10-13 09:26:13.461: I/Auth(4166): [BroadcastManager] Broadcasting account services changed.
10-13 09:26:13.501: D/dalvikvm(4150): newInstance failed: no <init>()
10-13 09:26:13.501: I/DownloadManager(4526): Download 31 starting
10-13 09:26:13.501: W/ActivityManager(1705): Unable to start service Intent { cmp=com.google.android.gms/.analytics.service.RefreshEnabledStateService } U=0: not found
10-13 09:26:13.521: W/Conscrypt(4166): Could not set socket write timeout:
10-13 09:26:13.521: W/Conscrypt(4166):    java.lang.reflect.Method.invokeNative(Native Method)
10-13 09:26:13.521: W/Conscrypt(4166):    java.lang.reflect.Method.invoke(Method.java:515)
10-13 09:26:13.531: W/GmsModuleProvider(4150): Unknown dynamite feature flags
10-13 09:26:13.531: I/DownloadManager(4526): Ignoring Content-Length since Transfer-Encoding is also defined
10-13 09:26:13.531: I/DynamiteModule(4150): Considering local module com.google.android.gms.flags:2 and remote module com.google.android.gms.flags:0
10-13 09:26:13.531: I/DynamiteModule(4150): Selected local version of com.google.android.gms.flags
10-13 09:26:13.541: W/Auth(4166): [GetToken] GetToken failed with status code: INVALID_SCOPE
10-13 09:26:13.541: W/Search.LoginHelper(2744): Google auth exception for scope: oauth2:https://www.googleapis.com/auth/googlenow
10-13 09:26:13.551: D/dalvikvm(4210): GC_CONCURRENT freed 1029K, 16% free 6996K/8296K, paused 1ms+2ms, total 10ms
10-13 09:26:13.571: W/Conscrypt(4166): Could not set socket write timeout:
10-13 09:26:13.601: I/GCoreUlr(4210): WorldUpdater:com.google.gservices.intent.action.GSERVICES_CHANGED: Ensuring that reporting is stopped because of reasons: {account#19#=[InactiveReason{mIdentifier=10, mName='AuthError'}, InactiveReason{mIdentifier=6, mName='ReportingNotEnabled'}, InactiveReason{mIdentifier=14, mName='HistoryNotEnabled'}]}
10-13 09:26:13.601: W/Conscrypt(4166):    java.lang.reflect.Method.invokeNative(Native Method)
10-13 09:26:13.601: W/Conscrypt(4166):    java.lang.reflect.Method.invoke(Method.java:515)
10-13 09:26:13.601: I/GCoreUlr(4210): Unbound from all location providers
10-13 09:26:13.601: I/GCoreUlr(4210): Place inference reporting - stop
10-13 09:26:13.601: I/GCoreUlr(4210): Unregistering for aliased place alerts.
10-13 09:26:13.611: D/dalvikvm(4150): GC_EXPLICIT freed 2565K, 23% free 15245K/19696K, paused 17ms+2ms, total 71ms
10-13 09:26:13.611: D/dalvikvm(4150): WAIT_FOR_CONCURRENT_GC blocked 41ms
10-13 09:26:13.631: W/Auth(4166): [GetToken] GetToken failed with status code: INVALID_SCOPE
10-13 09:26:13.631: W/Search.LoginHelper(2744): Google auth exception for scope: oauth2:https://www.googleapis.com/auth/googlenow
10-13 09:26:13.641: D/dalvikvm(4166): GC_EXPLICIT freed 725K, 20% free 6118K/7564K, paused 6ms+1ms, total 28ms
10-13 09:26:13.651: D/dalvikvm(2744): GC_FOR_ALLOC freed 263K, 13% free 4463K/5104K, paused 4ms, total 4ms
10-13 09:26:13.651: I/GCoreUlr(4210): DispatchingService.onDestroy()
10-13 09:26:13.651: I/GCoreUlr(4210): Stopping handler for UlrDispSvcFast
10-13 09:26:13.651: I/ActivityManager(1705): Resuming delayed broadcast
10-13 09:26:13.661: I/GCoreUlr(4210): Unbound from all location providers
10-13 09:26:13.661: I/GCoreUlr(4210): Place inference reporting - stop
10-13 09:26:13.661: I/GCoreUlr(4210): Unregistering for aliased place alerts.
10-13 09:26:13.681: I/Places(4210): ?: Couldn't find platform key file.
10-13 09:26:13.691: D/dalvikvm(4150): GC_FOR_ALLOC freed 1521K, 24% free 15051K/19696K, paused 63ms, total 63ms
10-13 09:26:13.701: I/GoogleURLConnFactory(4150): Using platform SSLCertificateSocketFactory
10-13 09:26:13.741: W/ContextImpl(4812): Implicit intents with startService are not safe: Intent { act=com.google.android.configupdater.SmsShortCodes.NEW_METADATA (has extras) } android.content.ContextWrapper.startService:494 android.content.ContextWrapper.startService:494 com.google.android.configupdater.UpdateRequestReceiver.handleMetadataDownload:244 
10-13 09:26:13.741: I/GeofencerStateMachine(4210): removeGeofences: removeRequest=RemoveGeofencingRequest[REMOVE_BY_PENDING_INTENT pendingIntent=PendingIntent[creatorPackage=com.google.android.gms], packageName=null]
10-13 09:26:13.741: I/GeofencerStateMachine(4210): removeGeofences: removeRequest=RemoveGeofencingRequest[REMOVE_BY_PENDING_INTENT pendingIntent=PendingIntent[creatorPackage=com.google.android.gms], packageName=null]
10-13 09:26:13.741: I/ActivityManager(1705): Delay finish: com.google.android.configupdater/.SmsShortCodes.SmsShortCodesUpdateRequestReceiver
10-13 09:26:13.751: I/GeofencerStateMachine(4210): removeGeofences: removeRequest=RemoveGeofencingRequest[REMOVE_BY_PENDING_INTENT pendingIntent=PendingIntent[creatorPackage=com.google.android.gms], packageName=null]
10-13 09:26:13.751: I/Places(4210): ?: Couldn't find platform key file.
10-13 09:26:13.751: D/dalvikvm(4812): GC_CONCURRENT freed 380K, 13% free 3588K/4112K, paused 0ms+0ms, total 2ms
10-13 09:26:13.761: W/Auth(4166): [GetToken] GetToken failed with status code: INVALID_SCOPE
10-13 09:26:13.771: D/dalvikvm(4150): GC_FOR_ALLOC freed 1135K, 22% free 15447K/19696K, paused 47ms, total 47ms
10-13 09:26:13.771: I/ActivityManager(1705): Resuming delayed broadcast
10-13 09:26:13.781: E/Auth.Api.Credentials(4150): [SyncManager] Error during the sync.
10-13 09:26:13.781: E/Auth.Api.Credentials(4150): dyj: INVALID_SCOPE
10-13 09:26:13.781: E/Auth.Api.Credentials(4150): 	at dyn.a(:com.google.android.gms@11519070:16)
10-13 09:26:13.781: E/Auth.Api.Credentials(4150): 	at dym.a(:com.google.android.gms@11519070:2)
10-13 09:26:13.781: E/Auth.Api.Credentials(4150): 	at dym.e(:com.google.android.gms@11519070:6)
10-13 09:26:13.781: E/Auth.Api.Credentials(4150): 	at dym.d(:com.google.android.gms@11519070:1)
10-13 09:26:13.781: E/Auth.Api.Credentials(4150): 	at dyk.b(:com.google.android.gms@11519070:1)
10-13 09:26:13.781: E/Auth.Api.Credentials(4150): 	at jlb.b(:com.google.android.gms@11519070)
10-13 09:26:13.781: E/Auth.Api.Credentials(4150): 	at jjs.b(:com.google.android.gms@11519070:5)
10-13 09:26:13.781: E/Auth.Api.Credentials(4150): 	at jki.b(:com.google.android.gms@11519070:9)
10-13 09:26:13.781: E/Auth.Api.Credentials(4150): 	at jki.a(:com.google.android.gms@11519070:16)
10-13 09:26:13.781: E/Auth.Api.Credentials(4150): 	at jki.a(:com.google.android.gms@11519070:32)
10-13 09:26:13.781: E/Auth.Api.Credentials(4150): 	at emk.b(:com.google.android.gms@11519070:45)
10-13 09:26:13.781: E/Auth.Api.Credentials(4150): 	at eql.a(:com.google.android.gms@11519070:4)
10-13 09:26:13.781: E/Auth.Api.Credentials(4150): 	at eqj.a(:com.google.android.gms@11519070:84)
10-13 09:26:13.781: E/Auth.Api.Credentials(4150): 	at eqi.a(:com.google.android.gms@11519070:60)
10-13 09:26:13.781: E/Auth.Api.Credentials(4150): 	at jpd.onPerformSync(:com.google.android.gms@11519070:6)
10-13 09:26:13.781: E/Auth.Api.Credentials(4150): 	at android.content.AbstractThreadedSyncAdapter$SyncThread.run(AbstractThreadedSyncAdapter.java:259)
10-13 09:26:13.791: I/GeofencerStateMachine(4210): removeGeofences: removeRequest=RemoveGeofencingRequest[REMOVE_BY_PENDING_INTENT pendingIntent=PendingIntent[creatorPackage=com.google.android.gms], packageName=null]
10-13 09:26:13.791: I/GeofencerStateMachine(4210): removeGeofences: removeRequest=RemoveGeofencingRequest[REMOVE_BY_PENDING_INTENT pendingIntent=PendingIntent[creatorPackage=com.google.android.gms], packageName=null]
10-13 09:26:13.801: D/dalvikvm(4166): GC_EXPLICIT freed 354K, 20% free 6080K/7564K, paused 1ms+1ms, total 8ms
10-13 09:26:13.811: I/GeofencerStateMachine(4210): removeGeofences: removeRequest=RemoveGeofencingRequest[REMOVE_BY_PENDING_INTENT pendingIntent=PendingIntent[creatorPackage=com.google.android.gms], packageName=null]
10-13 09:26:13.811: I/DownloadManager(4526): Download 31 finished with status SUCCESS
10-13 09:26:13.831: D/dalvikvm(4812): GC_CONCURRENT freed 344K, 12% free 3640K/4112K, paused 2ms+0ms, total 5ms
10-13 09:26:13.831: W/ContextImpl(4812): Implicit intents with startService are not safe: Intent { act=com.google.android.configupdater.CertPin.NEW_CONTENT (has extras) } android.content.ContextWrapper.startService:494 android.content.ContextWrapper.startService:494 com.google.android.configupdater.UpdateRequestReceiver.handleContentDownload:231 
10-13 09:26:13.841: I/DownloadManager(4526): Download 32 starting
10-13 09:26:13.841: I/ActivityManager(1705): Delay finish: com.google.android.configupdater/.CertPin.CertPinUpdateRequestReceiver
10-13 09:26:13.841: I/DownloadManager(4526): Ignoring Content-Length since Transfer-Encoding is also defined
10-13 09:26:13.851: I/UpdateFetcherService(4812): Update downloaded, starting installation
10-13 09:26:13.851: I/UpdateFetcherService(4812): Started installation
10-13 09:26:13.851: D/dalvikvm(4150): GC_FOR_ALLOC freed 1161K, 21% free 15589K/19696K, paused 41ms, total 41ms
10-13 09:26:13.891: I/ActivityManager(1705): Resuming delayed broadcast
10-13 09:26:13.901: I/ConfigUpdateInstallReceiver(1705): Not installing, new version is <= current version
10-13 09:26:13.921: D/dalvikvm(1705): GC_CONCURRENT freed 1751K, 13% free 12907K/14792K, paused 1ms+2ms, total 19ms
10-13 09:26:13.921: D/dalvikvm(1705): WAIT_FOR_CONCURRENT_GC blocked 14ms
10-13 09:26:13.921: D/dalvikvm(4150): GC_FOR_ALLOC freed 794K, 21% free 15644K/19696K, paused 62ms, total 62ms
10-13 09:26:13.921: I/MobileDataHub(4150): Using regular flags by method 1
10-13 09:26:13.931: I/dalvikvm(4150): Could not find method android.bluetooth.BluetoothAdapter.isBleScanAlwaysAvailable, referenced from method jte.b
10-13 09:26:13.931: W/dalvikvm(4150): VFY: unable to resolve virtual method 3234: Landroid/bluetooth/BluetoothAdapter;.isBleScanAlwaysAvailable ()Z
10-13 09:26:13.931: D/dalvikvm(4150): VFY: replacing opcode 0x6e at 0x000e
10-13 09:26:13.931: I/OcrModelUpStIntentOp(4150): Downloading text recognizer
10-13 09:26:13.931: D/dalvikvm(4150): DexOpt: couldn't find static field Landroid/os/Build;.SUPPORTED_ABIS
10-13 09:26:13.931: W/dalvikvm(4150): VFY: unable to resolve static field 19152 (SUPPORTED_ABIS) in Landroid/os/Build;
10-13 09:26:13.931: D/dalvikvm(4150): VFY: replacing opcode 0x62 at 0x0006
10-13 09:26:13.931: I/Vision(4150): Supported ABIS: [x86]
10-13 09:26:13.961: D/dalvikvm(4150): GC_FOR_ALLOC freed 1125K, 21% free 15719K/19696K, paused 21ms, total 21ms
10-13 09:26:13.981: D/dalvikvm(4526): GC_CONCURRENT freed 358K, 11% free 3976K/4460K, paused 0ms+1ms, total 3ms
10-13 09:26:13.991: E/ConfigFileUtils(4150): Failed to read config file: /data/data/com.google.android.gms/app_chimera/current_modulesets.pb: open failed: ENOENT (No such file or directory)
10-13 09:26:13.991: I/FontsSharedState(4150): Updating from directory version 0 to 7 from disk
10-13 09:26:14.001: W/ConfigurationChimeraProvider(4210): Got null configs for com.google.android.gms.security
10-13 09:26:14.001: I/DownloadManager(4526): Download 32 finished with status SUCCESS
10-13 09:26:14.031: D/dalvikvm(4150): GC_FOR_ALLOC freed 1314K, 20% free 15776K/19696K, paused 22ms, total 22ms
10-13 09:26:14.101: D/dalvikvm(4150): GC_FOR_ALLOC freed 1720K, 21% free 15729K/19696K, paused 46ms, total 46ms
10-13 09:26:14.111: D/dalvikvm(1705): GC_FOR_ALLOC freed 2018K, 17% free 12802K/15392K, paused 95ms, total 96ms
10-13 09:26:14.111: I/CmaSystemUpdateService(4150): StartServiceIntentOperation: Intent { act=com.google.gservices.intent.action.GSERVICES_CHANGED flg=0x10 cmp=com.google.android.gms/.chimera.GmsIntentOperationService$PersistentInternalReceiver }
10-13 09:26:14.121: I/SystemUpdate(4150): [Installation,ReceiverIntentOperation] Received intent: Intent { act=com.google.gservices.intent.action.GSERVICES_CHANGED flg=0x10 cmp=com.google.android.gms/.chimera.GmsIntentOperationService$PersistentInternalReceiver }.
10-13 09:26:14.141: D/dalvikvm(4812): GC_FOR_ALLOC freed 504K, 15% free 3643K/4272K, paused 12ms, total 12ms
10-13 09:26:14.141: W/ContextImpl(4812): Implicit intents with startService are not safe: Intent { act=com.google.android.configupdater.SmsShortCodes.NEW_CONTENT (has extras) } android.content.ContextWrapper.startService:494 android.content.ContextWrapper.startService:494 com.google.android.configupdater.UpdateRequestReceiver.handleContentDownload:231 
10-13 09:26:14.141: D/dalvikvm(4812): GC_CONCURRENT freed 109K, 16% free 3589K/4272K, paused 1ms+0ms, total 2ms
10-13 09:26:14.151: I/UpdateFetcherService(4812): Update downloaded, starting installation
10-13 09:26:14.151: D/dalvikvm(4150): GC_FOR_ALLOC freed 1352K, 21% free 15745K/19696K, paused 31ms, total 31ms
10-13 09:26:14.151: W/dalvikvm(4150): VFY: unable to find class referenced in signature (Landroid/os/UpdateEngineCallback;)
10-13 09:26:14.151: I/CmaSystemUpdateService(4150): receiver: Intent { act=com.google.gservices.intent.action.GSERVICES_CHANGED flg=0x10 cmp=com.google.android.gms/.chimera.GmsIntentOperationService$PersistentInternalReceiver }
10-13 09:26:14.151: I/UpdateFetcherService(4812): Started installation
10-13 09:26:14.161: I/Vision(4150): Engine already satisfied by existing download for ocr
10-13 09:26:14.161: I/SystemUpdate(4150): [Execution,InstallationEventIntentOperation] Received intent with event 2.
10-13 09:26:14.161: I/dalvikvm(4150): Could not find method android.os.RecoverySystem.cancelScheduledUpdate, referenced from method aehg.a
10-13 09:26:14.161: W/dalvikvm(4150): VFY: unable to resolve static method 28884: Landroid/os/RecoverySystem;.cancelScheduledUpdate (Landroid/content/Context;)V
10-13 09:26:14.161: D/dalvikvm(4150): VFY: replacing opcode 0x71 at 0x002c
10-13 09:26:14.161: W/dalvikvm(4150): Unable to resolve superclass of Laeij; (6392)
10-13 09:26:14.161: W/dalvikvm(4150): Link of class 'Laeij;' failed
10-13 09:26:14.161: E/dalvikvm(4150): Could not find class 'aeij', referenced from method aehg.a
10-13 09:26:14.161: W/dalvikvm(4150): VFY: unable to resolve new-instance 162 (Laeij;) in Laehg;
10-13 09:26:14.161: D/dalvikvm(4150): VFY: replacing opcode 0x22 at 0x0035
10-13 09:26:14.161: W/dalvikvm(4150): Unable to resolve superclass of Laeij; (6392)
10-13 09:26:14.161: W/dalvikvm(4150): Link of class 'Laeij;' failed
10-13 09:26:14.161: D/dalvikvm(4150): DexOpt: unable to opt direct call 0x02bd at 0x37 in Laehg;.a
10-13 09:26:14.171: I/Remoter(1337): Saved screenshot to '/data/screenshots/__pmv__-0088.jpg'
10-13 09:26:14.181: I/ConfigUpdateInstallReceiver(1705): Not installing, new version is <= current version
10-13 09:26:14.191: D/dalvikvm(4150): GC_FOR_ALLOC freed 1291K, 20% free 15801K/19696K, paused 23ms, total 23ms
10-13 09:26:14.201: D/dalvikvm(4166): GC_EXPLICIT freed 218K, 20% free 6069K/7564K, paused 1ms+1ms, total 11ms
10-13 09:26:14.221: D/dalvikvm(4150): GC_FOR_ALLOC freed 1091K, 20% free 15792K/19696K, paused 22ms, total 22ms
10-13 09:26:14.231: D/dalvikvm(1705): GC_FOR_ALLOC freed 2087K, 17% free 12818K/15392K, paused 17ms, total 17ms
10-13 09:26:14.231: W/ConfigurationChimeraProvider(4210): Got null configs for com.google.android.gms.update
10-13 09:26:14.251: D/dalvikvm(4150): GC_FOR_ALLOC freed 782K, 20% free 15800K/19696K, paused 21ms, total 21ms
10-13 09:26:14.281: W/ChimeraUtils(4150): Non Chimera context
10-13 09:26:14.311: D/dalvikvm(4150): GC_FOR_ALLOC freed 1073K, 20% free 15796K/19696K, paused 28ms, total 28ms
10-13 09:26:14.311: W/dalvikvm(4150): VFY: unable to find class referenced in signature (Landroid/app/admin/SystemUpdatePolicy;)
10-13 09:26:14.311: I/dalvikvm(4150): Could not find method android.app.admin.SystemUpdatePolicy.getPolicyType, referenced from method aegj.b
10-13 09:26:14.311: W/dalvikvm(4150): VFY: unable to resolve virtual method 27695: Landroid/app/admin/SystemUpdatePolicy;.getPolicyType ()I
10-13 09:26:14.311: D/dalvikvm(4150): VFY: replacing opcode 0x6e at 0x004e
10-13 09:26:14.311: W/dalvikvm(4150): VFY: unable to find class referenced in signature (Landroid/app/admin/SystemUpdatePolicy;)
10-13 09:26:14.311: I/dalvikvm(4150): Could not find method android.app.admin.DevicePolicyManager.getSystemUpdatePolicy, referenced from method aegj.b
10-13 09:26:14.311: W/dalvikvm(4150): VFY: unable to resolve virtual method 27692: Landroid/app/admin/DevicePolicyManager;.getSystemUpdatePolicy ()Landroid/app/admin/SystemUpdatePolicy;
10-13 09:26:14.311: D/dalvikvm(4150): VFY: replacing opcode 0x6e at 0x0011
10-13 09:26:14.311: W/dalvikvm(4150): VFY: unable to find class referenced in signature (Landroid/app/admin/SystemUpdatePolicy;)
10-13 09:26:14.321: D/dalvikvm(1705): GC_FOR_ALLOC freed 2088K, 17% free 12824K/15392K, paused 22ms, total 22ms
10-13 09:26:14.321: E/ConfigFileUtils(4150): Failed to read config file: /data/data/com.google.android.gms/app_chimera/current_modulesets.pb: open failed: ENOENT (No such file or directory)
10-13 09:26:14.321: I/dalvikvm(4150): Could not find method android.os.PowerManager.isDeviceIdleMode, referenced from method aegh.a
10-13 09:26:14.321: W/dalvikvm(4150): VFY: unable to resolve virtual method 28872: Landroid/os/PowerManager;.isDeviceIdleMode ()Z
10-13 09:26:14.321: D/dalvikvm(4150): VFY: replacing opcode 0x6e at 0x000e
10-13 09:26:14.331: W/dalvikvm(4150): Unable to resolve superclass of Laeje; (6315)
10-13 09:26:14.331: W/dalvikvm(4150): Link of class 'Laeje;' failed
10-13 09:26:14.331: W/dalvikvm(4150): Unable to resolve superclass of Laeje; (6315)
10-13 09:26:14.331: W/dalvikvm(4150): Link of class 'Laeje;' failed
10-13 09:26:14.331: W/dalvikvm(4150): Unable to resolve superclass of Laeje; (6315)
10-13 09:26:14.331: W/dalvikvm(4150): Link of class 'Laeje;' failed
10-13 09:26:14.331: W/dalvikvm(4150): Unable to resolve superclass of Laeje; (6315)
10-13 09:26:14.331: W/dalvikvm(4150): Link of class 'Laeje;' failed
10-13 09:26:14.331: I/dalvikvm(4150): Could not find method aeje.c, referenced from method aega.a
10-13 09:26:14.331: W/dalvikvm(4150): VFY: unable to resolve virtual method 789: Laeje;.c ()Z
10-13 09:26:14.331: D/dalvikvm(4150): VFY: replacing opcode 0x6e at 0x003c
10-13 09:26:14.331: I/dalvikvm(4150): Could not find method com.google.android.gms.update.ChimeraSystemUpdateService.getColor, referenced from method aega.a
10-13 09:26:14.331: W/dalvikvm(4150): VFY: unable to resolve virtual method 52052: Lcom/google/android/gms/update/ChimeraSystemUpdateService;.getColor (I)I
10-13 09:26:14.331: D/dalvikvm(4150): VFY: replacing opcode 0x6e at 0x0374
10-13 09:26:14.331: W/dalvikvm(4150): Unable to resolve superclass of Laeje; (6315)
10-13 09:26:14.331: W/dalvikvm(4150): Link of class 'Laeje;' failed
10-13 09:26:14.331: W/dalvikvm(4150): Unable to resolve superclass of Laeje; (6315)
10-13 09:26:14.331: W/dalvikvm(4150): Link of class 'Laeje;' failed
10-13 09:26:14.331: W/dalvikvm(4150): Unable to resolve superclass of Laeje; (6315)
10-13 09:26:14.331: W/dalvikvm(4150): Link of class 'Laeje;' failed
10-13 09:26:14.331: W/dalvikvm(4150): Unable to resolve superclass of Laeje; (6315)
10-13 09:26:14.331: W/dalvikvm(4150): Link of class 'Laeje;' failed
10-13 09:26:14.331: I/dalvikvm(4150): Could not find method aeje.d, referenced from method aega.c
10-13 09:26:14.331: W/dalvikvm(4150): VFY: unable to resolve virtual method 790: Laeje;.d ()V
10-13 09:26:14.331: D/dalvikvm(4150): VFY: replacing opcode 0x6e at 0x000c
10-13 09:26:14.341: W/dalvikvm(4150): Unable to resolve superclass of Laeje; (6315)
10-13 09:26:14.341: W/dalvikvm(4150): Link of class 'Laeje;' failed
10-13 09:26:14.341: W/dalvikvm(4150): Unable to resolve superclass of Laeje; (6315)
10-13 09:26:14.341: W/dalvikvm(4150): Link of class 'Laeje;' failed
10-13 09:26:14.341: W/dalvikvm(4150): Unable to resolve superclass of Laeje; (6315)
10-13 09:26:14.341: W/dalvikvm(4150): Link of class 'Laeje;' failed
10-13 09:26:14.341: I/dalvikvm(4150): Could not find method aeje.b, referenced from method aega.r
10-13 09:26:14.341: W/dalvikvm(4150): VFY: unable to resolve virtual method 788: Laeje;.b ()Landroid/net/Network;
10-13 09:26:14.341: D/dalvikvm(4150): VFY: replacing opcode 0x6e at 0x0034
10-13 09:26:14.341: W/dalvikvm(4150): Unable to resolve superclass of Laeje; (6315)
10-13 09:26:14.341: W/dalvikvm(4150): Link of class 'Laeje;' failed
10-13 09:26:14.341: W/dalvikvm(4150): Unable to resolve superclass of Laeiw; (183)
10-13 09:26:14.341: W/dalvikvm(4150): Link of class 'Laeiw;' failed
10-13 09:26:14.341: I/dalvikvm(4150): Could not find method aeiw.a, referenced from method aega.t
10-13 09:26:14.341: W/dalvikvm(4150): VFY: unable to resolve static method 761: Laeiw;.a (Landroid/content/Context;Ljava/util/List;Z)Laeiw;
10-13 09:26:14.341: D/dalvikvm(4150): VFY: replacing opcode 0x71 at 0x001c
10-13 09:26:14.341: W/dalvikvm(4150): Unable to resolve superclass of Laeje; (6315)
10-13 09:26:14.341: W/dalvikvm(4150): Link of class 'Laeje;' failed
10-13 09:26:14.341: W/dalvikvm(4150): Unable to resolve superclass of Laejg; (183)
10-13 09:26:14.341: W/dalvikvm(4150): Link of class 'Laejg;' failed
10-13 09:26:14.341: I/dalvikvm(4150): Could not find method aejg.a, referenced from method aega.t
10-13 09:26:14.341: W/dalvikvm(4150): VFY: unable to resolve static method 796: Laejg;.a (Landroid/content/Context;)Laejg;
10-13 09:26:14.341: D/dalvikvm(4150): VFY: replacing opcode 0x71 at 0x005e
10-13 09:26:14.341: W/dalvikvm(4150): Unable to resolve superclass of Laeje; (6315)
10-13 09:26:14.341: W/dalvikvm(4150): Link of class 'Laeje;' failed
10-13 09:26:14.341: I/dalvikvm(4150): Could not find method android.net.ConnectivityManager.getActiveNetwork, referenced from method aegi.d
10-13 09:26:14.341: W/dalvikvm(4150): VFY: unable to resolve virtual method 28537: Landroid/net/ConnectivityManager;.getActiveNetwork ()Landroid/net/Network;
10-13 09:26:14.341: D/dalvikvm(4150): VFY: replacing opcode 0x6e at 0x0021
10-13 09:26:14.351: I/SystemUpdate(4150): [Execution,InstallationIntentOperation] Received intent: Intent { act=com.google.android.gms.update.INSTALL_UPDATE cat=[targeted_intent_op_prefix:.update.execution.InstallationIntentOperation] cmp=com.google.android.gms/.chimera.GmsIntentOperationService }.
10-13 09:26:14.351: I/SystemUpdateTask(4150): cancelUpdate (empty URL)
10-13 09:26:14.351: I/CmaSystemUpdateService(4150): active receiver: disabled
10-13 09:26:14.351: W/dalvikvm(4150): Unable to resolve superclass of Laeje; (6315)
10-13 09:26:14.351: W/dalvikvm(4150): Link of class 'Laeje;' failed
10-13 09:26:14.351: W/dalvikvm(4150): Unable to resolve superclass of Laeiw; (183)
10-13 09:26:14.351: W/dalvikvm(4150): Link of class 'Laeiw;' failed
10-13 09:26:14.351: I/dalvikvm(4150): Could not find method aeiw.a, referenced from method aeew.b
10-13 09:26:14.351: W/dalvikvm(4150): VFY: unable to resolve static method 761: Laeiw;.a (Landroid/content/Context;Ljava/util/List;Z)Laeiw;
10-13 09:26:14.351: D/dalvikvm(4150): VFY: replacing opcode 0x71 at 0x00eb
10-13 09:26:14.351: W/dalvikvm(4150): Unable to resolve superclass of Laeje; (6315)
10-13 09:26:14.351: W/dalvikvm(4150): Link of class 'Laeje;' failed
10-13 09:26:14.351: I/dalvikvm(4150): Could not find method aeje.d, referenced from method aeew.b
10-13 09:26:14.351: W/dalvikvm(4150): VFY: unable to resolve virtual method 790: Laeje;.d ()V
10-13 09:26:14.351: D/dalvikvm(4150): VFY: replacing opcode 0x6e at 0x0377
10-13 09:26:14.351: W/dalvikvm(4150): VFY: unable to find class referenced in signature (Landroid/net/Network;)
10-13 09:26:14.351: W/dalvikvm(4150): Unable to resolve superclass of Laeje; (6315)
10-13 09:26:14.351: W/dalvikvm(4150): Link of class 'Laeje;' failed
10-13 09:26:14.351: I/dalvikvm(4150): Could not find method aeje.d, referenced from method aeew.b
10-13 09:26:14.351: W/dalvikvm(4150): VFY: unable to resolve virtual method 790: Laeje;.d ()V
10-13 09:26:14.351: D/dalvikvm(4150): VFY: replacing opcode 0x6e at 0x0321
10-13 09:26:14.351: W/dalvikvm(4150): Unable to resolve superclass of Laeje; (6315)
10-13 09:26:14.351: W/dalvikvm(4150): Link of class 'Laeje;' failed
10-13 09:26:14.351: I/dalvikvm(4150): Could not find method aeje.d, referenced from method aeew.b
10-13 09:26:14.351: W/dalvikvm(4150): VFY: unable to resolve virtual method 790: Laeje;.d ()V
10-13 09:26:14.351: D/dalvikvm(4150): VFY: replacing opcode 0x6e at 0x03e6
