10-16 23:59:03.129: I/izh(5770): Beginning new tracing period at 7566322.26149.
10-16 23:59:03.130: W/izh(5770): START TRACE Inbox first results loaded <c68d0682c2c1aeba0000015f27a061d9>@7566322.26149
10-16 23:59:03.136: W/GAV2(5770): Thread[main,5,main]: Need to call initialize() and be in fallback mode to start dispatch.
10-16 23:59:03.155: D/AppIndexApi(5728): Logging objectbnm@74aa45e
10-16 23:59:03.215: W/KeyphraseEnrollmentInfo(2348): No Enrollment application supports the given keyphrase/locale
10-16 23:59:03.222: E/Auth(2234): [NotificationChannelUtil] NotificationChannels reflection error
10-16 23:59:03.222: E/Auth(2234): java.lang.NoSuchMethodException: createNotificationChannelGroup [class android.app.NotificationChannelGroup]
10-16 23:59:03.222: E/Auth(2234): 	at java.lang.Class.getMethod(Class.java:2068)
10-16 23:59:03.222: E/Auth(2234): 	at java.lang.Class.getMethod(Class.java:1690)
10-16 23:59:03.222: E/Auth(2234): 	at gfv.a(:com.google.android.gms@11519470:11)
10-16 23:59:03.222: E/Auth(2234): 	at com.google.android.gms.auth.uiflows.LocaleChangedIntentOperation.onHandleIntent(:com.google.android.gms@11519470:4)
10-16 23:59:03.222: E/Auth(2234): 	at com.google.android.chimera.IntentOperation.onHandleIntent(:com.google.android.gms@11519470:2)
10-16 23:59:03.222: E/Auth(2234): 	at bwh.run(:com.google.android.gms@11519470:10)
10-16 23:59:03.222: E/Auth(2234): 	at bwe.run(:com.google.android.gms@11519470:14)
10-16 23:59:03.222: E/Auth(2234): 	at java.util.concurrent.ThreadPoolExecutor.runWorker(ThreadPoolExecutor.java:1162)
10-16 23:59:03.222: E/Auth(2234): 	at java.util.concurrent.ThreadPoolExecutor$Worker.run(ThreadPoolExecutor.java:636)
10-16 23:59:03.222: E/Auth(2234): 	at java.lang.Thread.run(Thread.java:764)
10-16 23:59:03.222: E/Auth(2234): [NotificationChannelUtil] NotificationChannels reflection error
10-16 23:59:03.222: E/Auth(2234): java.lang.NoSuchMethodException: createNotificationChannel [class android.app.NotificationChannel]
10-16 23:59:03.222: E/Auth(2234): 	at java.lang.Class.getMethod(Class.java:2068)
10-16 23:59:03.222: E/Auth(2234): 	at java.lang.Class.getMethod(Class.java:1690)
10-16 23:59:03.222: E/Auth(2234): 	at gfv.a(:com.google.android.gms@11519470:29)
10-16 23:59:03.222: E/Auth(2234): 	at gfv.a(:com.google.android.gms@11519470:21)
10-16 23:59:03.222: E/Auth(2234): 	at com.google.android.gms.auth.uiflows.LocaleChangedIntentOperation.onHandleIntent(:com.google.android.gms@11519470:4)
10-16 23:59:03.222: E/Auth(2234): 	at com.google.android.chimera.IntentOperation.onHandleIntent(:com.google.android.gms@11519470:2)
10-16 23:59:03.222: E/Auth(2234): 	at bwh.run(:com.google.android.gms@11519470:10)
10-16 23:59:03.222: E/Auth(2234): 	at bwe.run(:com.google.android.gms@11519470:14)
10-16 23:59:03.222: E/Auth(2234): 	at java.util.concurrent.ThreadPoolExecutor.runWorker(ThreadPoolExecutor.java:1162)
10-16 23:59:03.222: E/Auth(2234): 	at java.util.concurrent.ThreadPoolExecutor$Worker.run(ThreadPoolExecutor.java:636)
10-16 23:59:03.222: E/Auth(2234): 	at java.lang.Thread.run(Thread.java:764)
10-16 23:59:03.222: E/Auth(2234): [NotificationChannelUtil] NotificationChannels reflection error
10-16 23:59:03.222: E/Auth(2234): java.lang.NoSuchMethodException: createNotificationChannel [class android.app.NotificationChannel]
10-16 23:59:03.222: E/Auth(2234): 	at java.lang.Class.getMethod(Class.java:2068)
10-16 23:59:03.222: E/Auth(2234): 	at java.lang.Class.getMethod(Class.java:1690)
10-16 23:59:03.222: E/Auth(2234): 	at gfv.a(:com.google.android.gms@11519470:29)
10-16 23:59:03.222: E/Auth(2234): 	at gfv.a(:com.google.android.gms@11519470:25)
10-16 23:59:03.222: E/Auth(2234): 	at com.google.android.gms.auth.uiflows.LocaleChangedIntentOperation.onHandleIntent(:com.google.android.gms@11519470:4)
10-16 23:59:03.222: E/Auth(2234): 	at com.google.android.chimera.IntentOperation.onHandleIntent(:com.google.android.gms@11519470:2)
10-16 23:59:03.222: E/Auth(2234): 	at bwh.run(:com.google.android.gms@11519470:10)
10-16 23:59:03.222: E/Auth(2234): 	at bwe.run(:com.google.android.gms@11519470:14)
10-16 23:59:03.222: E/Auth(2234): 	at java.util.concurrent.ThreadPoolExecutor.runWorker(ThreadPoolExecutor.java:1162)
10-16 23:59:03.222: E/Auth(2234): 	at java.util.concurrent.ThreadPoolExecutor$Worker.run(ThreadPoolExecutor.java:636)
10-16 23:59:03.222: E/Auth(2234): 	at java.lang.Thread.run(Thread.java:764)
10-16 23:59:03.225: W/ActivityManager(1626): Unable to start service Intent { cmp=com.google.android.gm.exchange/com.android.exchange.service.EasService } U=0: not found
10-16 23:59:03.227: E/Auth(2234): [NotificationChannelUtil] NotificationChannels reflection error
10-16 23:59:03.227: E/Auth(2234): java.lang.NoSuchMethodException: createNotificationChannel [class android.app.NotificationChannel]
10-16 23:59:03.227: E/Auth(2234): 	at java.lang.Class.getMethod(Class.java:2068)
10-16 23:59:03.227: E/Auth(2234): 	at java.lang.Class.getMethod(Class.java:1690)
10-16 23:59:03.227: E/Auth(2234): 	at gfv.a(:com.google.android.gms@11519470:29)
10-16 23:59:03.227: E/Auth(2234): 	at gfv.a(:com.google.android.gms@11519470:31)
10-16 23:59:03.227: E/Auth(2234): 	at com.google.android.gms.auth.uiflows.LocaleChangedIntentOperation.onHandleIntent(:com.google.android.gms@11519470:4)
10-16 23:59:03.227: E/Auth(2234): 	at com.google.android.chimera.IntentOperation.onHandleIntent(:com.google.android.gms@11519470:2)
10-16 23:59:03.227: E/Auth(2234): 	at bwh.run(:com.google.android.gms@11519470:10)
10-16 23:59:03.227: E/Auth(2234): 	at bwe.run(:com.google.android.gms@11519470:14)
10-16 23:59:03.227: E/Auth(2234): 	at java.util.concurrent.ThreadPoolExecutor.runWorker(ThreadPoolExecutor.java:1162)
10-16 23:59:03.227: E/Auth(2234): 	at java.util.concurrent.ThreadPoolExecutor$Worker.run(ThreadPoolExecutor.java:636)
10-16 23:59:03.227: E/Auth(2234): 	at java.lang.Thread.run(Thread.java:764)
10-16 23:59:03.236: W/ChimeraUtils(2234): Non Chimera context
10-16 23:59:03.236: W/ChimeraUtils(2234): Non Chimera context
10-16 23:59:03.253: I/Icing(2234): IndexChimeraService.getServiceInterface callingPackage=com.google.android.gms componentName=AppsCorpus serviceId=36
10-16 23:59:03.255: I/Icing(2234): IndexChimeraService.getServiceInterface callingPackage=com.google.android.gms componentName=AppsCorpus serviceId=32
10-16 23:59:03.263: W/KeyphraseEnrollmentInfo(2348): No Enrollment application supports the given keyphrase/locale
10-16 23:59:03.273: I/ActivityManager(1626): Start proc 5821:com.google.android.videos/u0a78 for broadcast com.google.android.videos/.service.contentnotification.NotificationChannelManager$Initialize
10-16 23:59:03.276: I/GsaVoiceInteractionSrv(2348): Not calling getSupportedRecognitionModes. Availability: -2
10-16 23:59:03.276: I/HwDetectorWithState(2348): #performNextHotwordAction action: 3
10-16 23:59:03.288: W/zygote(5821): Unexpected CPU variant for X86 using defaults: x86
10-16 23:59:03.297: I/Icing(2234): Query from com.google.android.gms package restrict com.google.android.gms start 0 num 100
10-16 23:59:03.326: W/ActivityManager(1626): Unable to start service Intent { cmp=com.google.android.gm/com.android.email.service.AttachmentService } U=0: not found
10-16 23:59:03.344: I/MultiDex(5821): VM with version 2.1.0 has multidex support
10-16 23:59:03.344: I/MultiDex(5821): install
10-16 23:59:03.344: I/MultiDex(5821): VM has multidex support, MultiDex support library is disabled.
10-16 23:59:03.361: W/ActivityManager(1626): Unable to start service Intent { cmp=com.google.android.gm.exchange/com.android.exchange.service.EasService } U=0: not found
10-16 23:59:03.379: I/GsaVoiceInteractionSrv(2348): Not calling getSupportedRecognitionModes. Availability: -2
10-16 23:59:03.379: I/HwDetectorWithState(2348): #performNextHotwordAction action: 3
10-16 23:59:03.392: I/MicroDetectionWorker(2268): #initializeDataManager [recognitionLocale: es-AR, isForced: false, initGHRecognizer: false]
10-16 23:59:03.394: E/MicroModelsUtil(2268): No model available at /data/user/0/com.google.android.googlequicksearchbox/files/es-AR/hotword.data
10-16 23:59:03.394: E/MicroModelsUtil(2268): java.io.FileNotFoundException: /data/user/0/com.google.android.googlequicksearchbox/files/es-AR/hotword.data (No such file or directory)
10-16 23:59:03.394: E/MicroModelsUtil(2268): 	at java.io.FileInputStream.open0(Native Method)
10-16 23:59:03.394: E/MicroModelsUtil(2268): 	at java.io.FileInputStream.open(FileInputStream.java:200)
10-16 23:59:03.394: E/MicroModelsUtil(2268): 	at java.io.FileInputStream.<init>(FileInputStream.java:150)
10-16 23:59:03.394: E/MicroModelsUtil(2268): 	at com.google.common.i.z.bTH(SourceFile:4)
10-16 23:59:03.394: E/MicroModelsUtil(2268): 	at com.google.common.i.z.bTD(SourceFile:6)
10-16 23:59:03.394: E/MicroModelsUtil(2268): 	at com.google.common.i.w.af(SourceFile:20)
10-16 23:59:03.394: E/MicroModelsUtil(2268): 	at com.google.android.apps.gsa.speech.microdetection.t.b(SourceFile:41)
10-16 23:59:03.394: E/MicroModelsUtil(2268): 	at com.google.android.apps.gsa.speech.microdetection.t.b(SourceFile:6)
10-16 23:59:03.394: E/MicroModelsUtil(2268): 	at com.google.android.apps.gsa.speech.microdetection.q.run(SourceFile:14)
10-16 23:59:03.394: E/MicroModelsUtil(2268): 	at java.util.concurrent.Executors$RunnableAdapter.call(Executors.java:457)
10-16 23:59:03.394: E/MicroModelsUtil(2268): 	at java.util.concurrent.FutureTask.run(FutureTask.java:266)
10-16 23:59:03.394: E/MicroModelsUtil(2268): 	at com.google.android.apps.gsa.shared.util.concurrent.a.ax.run(SourceFile:14)
10-16 23:59:03.394: E/MicroModelsUtil(2268): 	at com.google.android.apps.gsa.shared.util.concurrent.a.bl.run(SourceFile:4)
10-16 23:59:03.394: E/MicroModelsUtil(2268): 	at com.google.android.apps.gsa.shared.util.concurrent.a.bl.run(SourceFile:4)
10-16 23:59:03.394: E/MicroModelsUtil(2268): 	at java.util.concurrent.ThreadPoolExecutor.runWorker(ThreadPoolExecutor.java:1162)
10-16 23:59:03.394: E/MicroModelsUtil(2268): 	at java.util.concurrent.ThreadPoolExecutor$Worker.run(ThreadPoolExecutor.java:636)
10-16 23:59:03.394: E/MicroModelsUtil(2268): 	at java.lang.Thread.run(Thread.java:764)
10-16 23:59:03.394: E/MicroModelsUtil(2268): 	at com.google.android.apps.gsa.shared.util.concurrent.a.ai.run(SourceFile:6)
10-16 23:59:03.397: W/SearchService(2268): Abort, client detached.
10-16 23:59:03.416: I/zygote(2149): Deoptimizing void loa.c(lna) due to JIT inline cache
10-16 23:59:03.416: W/Icing(2149): isOptedInForAppHistory: empty Account Name encountered
10-16 23:59:03.476: I/GoogleURLConnFactory(2149): Using platform SSLCertificateSocketFactory
10-16 23:59:03.499: I/Remoter(1477): Saved screenshot to '/data/screenshots/__pmv__-0076.jpg'
10-16 23:59:03.538: I/zygote(2149): Background concurrent copying GC freed 41403(2MB) AllocSpace objects, 5(1100KB) LOS objects, 49% free, 7MB/15MB, paused 143us total 281.488ms
10-16 23:59:03.571: I/ActivityManager(1626): Start proc 5864:com.android.vending/u0a26 for service com.android.vending/com.google.android.finsky.contentfilter.impl.ContentFiltersService
10-16 23:59:03.582: W/zygote(5864): Unexpected CPU variant for X86 using defaults: x86
10-16 23:59:03.629: I/ActivityManager(1626): Start proc 5880:com.google.android.youtube/u0a83 for broadcast com.google.android.youtube/com.google.android.apps.youtube.app.application.system.LocaleUpdatedReceiver
10-16 23:59:03.629: W/ActivityManager(1626): Background start not allowed: service Intent { cmp=com.google.android.videos/.service.pinning.TransferService (has extras) } to com.google.android.videos/.service.pinning.TransferService from pid=5821 uid=10078 pkg=com.google.android.videos
10-16 23:59:03.635: D/Primes(5821): Package metric disabled.
10-16 23:59:03.635: D/Primes(5821): Battery metric disabled
10-16 23:59:03.635: D/Primes(5821): MagicEye logging metric disabled
10-16 23:59:03.646: W/zygote(5880): Unexpected CPU variant for X86 using defaults: x86
10-16 23:59:03.663: I/PlayMovies(5821): RefreshLicenseTaskService.forceLicenseRefreshNow:66 Scheduled task now refresh_license_forced
10-16 23:59:03.665: I/zygote(1626): Background concurrent copying GC freed 33413(2MB) AllocSpace objects, 20(444KB) LOS objects, 42% free, 10MB/17MB, paused 380us total 324.681ms
10-16 23:59:03.667: D/PlayMovies(5821): PersistentCache.cleanup:104 Cache is below limit, no need to shrink: [size=0, limit=5242880]
10-16 23:59:03.692: W/Finsky(5864): [2] com.google.android.finsky.application.FinskyAppImpl.at(1142): No account configured on this device.
10-16 23:59:03.708: I/chatty(5864): uid=10026(u0_a26) com.android.vending identical 1 line
10-16 23:59:03.737: W/Finsky(5864): [2] com.google.android.finsky.application.FinskyAppImpl.at(1142): No account configured on this device.
10-16 23:59:03.738: W/zygote(2268): Couldn't lock the profile file /data/user/0/com.google.android.googlequicksearchbox/files/velour/verified_jars/JB7PFFy1K5v5nzOSY9YSTGg_2.jar.prof: Failed to open file '/data/user/0/com.google.android.googlequicksearchbox/files/velour/verified_jars/JB7PFFy1K5v5nzOSY9YSTGg_2.jar.prof': No such file or directory
10-16 23:59:03.738: E/zygote(2268): Could not forcefully load profile /data/user/0/com.google.android.googlequicksearchbox/files/velour/verified_jars/JB7PFFy1K5v5nzOSY9YSTGg_2.jar.prof
10-16 23:59:03.739: W/zygote(2268): Couldn't lock the profile file /data/user/0/com.google.android.googlequicksearchbox/files/velour/verified_jars/JS1bTx6n5gskKdcs8I56Wzg_2.jar.prof: Failed to open file '/data/user/0/com.google.android.googlequicksearchbox/files/velour/verified_jars/JS1bTx6n5gskKdcs8I56Wzg_2.jar.prof': No such file or directory
10-16 23:59:03.739: E/zygote(2268): Could not forcefully load profile /data/user/0/com.google.android.googlequicksearchbox/files/velour/verified_jars/JS1bTx6n5gskKdcs8I56Wzg_2.jar.prof
10-16 23:59:03.740: W/Finsky(5864): [2] com.google.android.finsky.application.FinskyAppImpl.at(1142): No account configured on this device.
10-16 23:59:03.775: I/chatty(5864): uid=10026(u0_a26) com.android.vending identical 5 lines
10-16 23:59:03.780: W/Finsky(5864): [2] com.google.android.finsky.application.FinskyAppImpl.at(1142): No account configured on this device.
10-16 23:59:03.781: W/zygote(2234): Long monitor contention with owner highpool[3] (2985) at dix adsn.a(tqr, adsh, tuw, uyg)(:com.google.android.gms@11519470:36) waiters=0 in java.lang.String tuy.a(java.lang.String, java.lang.String) for 186ms
10-16 23:59:03.783: W/Finsky(5864): [2] com.google.android.finsky.application.FinskyAppImpl.at(1142): No account configured on this device.
10-16 23:59:03.792: I/chatty(5864): uid=10026(u0_a26) com.android.vending identical 1 line
10-16 23:59:03.794: W/Finsky(5864): [2] com.google.android.finsky.application.FinskyAppImpl.at(1142): No account configured on this device.
10-16 23:59:03.795: W/YouTube(5880): Fetching the Gservices key 'failsafe_maxnumbercrash_12_15' before the end of the bulk initialization
10-16 23:59:03.797: W/Finsky(5864): [2] com.google.android.finsky.application.FinskyAppImpl.at(1142): No account configured on this device.
10-16 23:59:03.809: I/chatty(5864): uid=10026(u0_a26) com.android.vending identical 5 lines
10-16 23:59:03.810: W/Finsky(5864): [2] com.google.android.finsky.application.FinskyAppImpl.at(1142): No account configured on this device.
10-16 23:59:03.837: W/YouTube(5880): Fetching the Gservices key 'disable_binder_callback_flush' before the end of the bulk initialization
10-16 23:59:03.840: E/YouTube(5880): flushBinderConnectionCallbacks is unverified on SDK 26
10-16 23:59:03.846: W/Finsky(5864): [2] com.google.android.finsky.application.FinskyAppImpl.at(1142): No account configured on this device.
10-16 23:59:03.855: I/Icing(2234): IndexChimeraService.getServiceInterface callingPackage=com.google.android.gms componentName=AppsCorpus serviceId=36
10-16 23:59:03.895: I/Icing(2234): IndexChimeraService.getServiceInterface callingPackage=com.google.android.gms componentName=AppsCorpus serviceId=32
10-16 23:59:03.897: W/Finsky(5864): [2] com.google.android.finsky.application.FinskyAppImpl.at(1142): No account configured on this device.
10-16 23:59:03.898: I/chatty(5864): uid=10026(u0_a26) com.android.vending identical 2 lines
10-16 23:59:03.898: W/Finsky(5864): [2] com.google.android.finsky.application.FinskyAppImpl.at(1142): No account configured on this device.
10-16 23:59:03.898: I/Finsky(5864): [2] com.google.android.finsky.hygiene.DailyHygiene.a(44): No need to run daily hygiene.
10-16 23:59:03.906: W/Finsky(5864): [2] com.google.android.finsky.application.FinskyAppImpl.at(1142): No account configured on this device.
10-16 23:59:03.916: I/chatty(5864): uid=10026(u0_a26) com.android.vending identical 1 line
10-16 23:59:03.917: W/Finsky(5864): [2] com.google.android.finsky.application.FinskyAppImpl.at(1142): No account configured on this device.
10-16 23:59:03.917: W/Settings(5864): Setting download_manager_max_bytes_over_mobile has moved from android.provider.Settings.Secure to android.provider.Settings.Global.
10-16 23:59:03.917: W/Settings(5864): Setting download_manager_recommended_max_bytes_over_mobile has moved from android.provider.Settings.Secure to android.provider.Settings.Global.
10-16 23:59:03.918: W/Finsky(5864): [2] com.google.android.finsky.application.FinskyAppImpl.at(1142): No account configured on this device.
10-16 23:59:04.008: I/chatty(5864): uid=10026(u0_a26) com.android.vending identical 6 lines
10-16 23:59:04.008: W/Finsky(5864): [2] com.google.android.finsky.application.FinskyAppImpl.at(1142): No account configured on this device.
10-16 23:59:04.008: V/MediaRouter(5880): Adding route: RouteInfo{ name=Teléfono, description=null, status=null, category=RouteCategory{ name=Sistema types=ROUTE_TYPE_LIVE_AUDIO ROUTE_TYPE_LIVE_VIDEO  groupable=false }, supportedTypes=ROUTE_TYPE_LIVE_AUDIO ROUTE_TYPE_LIVE_VIDEO , presentationDisplay=null }
10-16 23:59:04.009: W/Finsky(5864): [2] com.google.android.finsky.application.FinskyAppImpl.at(1142): No account configured on this device.
10-16 23:59:04.015: I/chatty(5864): uid=10026(u0_a26) com.android.vending identical 6 lines
10-16 23:59:04.016: W/Finsky(5864): [2] com.google.android.finsky.application.FinskyAppImpl.at(1142): No account configured on this device.
10-16 23:59:04.016: V/MediaRouter(5880): Selecting route: RouteInfo{ name=Teléfono, description=null, status=null, category=RouteCategory{ name=Sistema types=ROUTE_TYPE_LIVE_AUDIO ROUTE_TYPE_LIVE_VIDEO  groupable=false }, supportedTypes=ROUTE_TYPE_LIVE_AUDIO ROUTE_TYPE_LIVE_VIDEO , presentationDisplay=null }
10-16 23:59:04.021: W/Finsky(5864): [2] com.google.android.finsky.application.FinskyAppImpl.at(1142): No account configured on this device.
10-16 23:59:04.035: I/chatty(5864): uid=10026(u0_a26) com.android.vending identical 3 lines
10-16 23:59:04.035: W/Finsky(5864): [2] com.google.android.finsky.application.FinskyAppImpl.at(1142): No account configured on this device.
10-16 23:59:04.035: W/Finsky(5864): [2] com.google.android.finsky.application.FinskyAppImpl.a(890): No account configured on this device.
10-16 23:59:04.037: W/Finsky(5864): [2] com.google.android.finsky.application.FinskyAppImpl.at(1142): No account configured on this device.
10-16 23:59:04.095: I/chatty(5864): uid=10026(u0_a26) com.android.vending identical 9 lines
10-16 23:59:04.096: W/Finsky(5864): [2] com.google.android.finsky.application.FinskyAppImpl.at(1142): No account configured on this device.
10-16 23:59:04.098: W/Finsky(5864): [396] com.google.android.finsky.application.FinskyAppImpl.at(1142): No account configured on this device.
10-16 23:59:04.098: I/Finsky(5864): [396] com.google.android.finsky.bk.a.a(60): Apps signed by first-party test keys will be allowed
10-16 23:59:04.099: I/Finsky(5864): [396] com.google.android.finsky.contentfilter.impl.q.a(8): Received content filters request from com.google.android.videos
10-16 23:59:04.108: W/Finsky(5864): [396] com.google.android.finsky.application.FinskyAppImpl.at(1142): No account configured on this device.
10-16 23:59:04.112: I/zygote(2149): Do partial code cache collection, code=502KB, data=299KB
10-16 23:59:04.115: W/Finsky(5864): [2] com.google.android.finsky.application.FinskyAppImpl.at(1142): No account configured on this device.
10-16 23:59:04.140: W/Finsky(5864): [2] com.google.android.finsky.application.FinskyAppImpl.at(1142): No account configured on this device.
10-16 23:59:04.140: W/Finsky(5864): [421] com.google.android.finsky.application.FinskyAppImpl.at(1142): No account configured on this device.
10-16 23:59:04.141: W/Finsky(5864): [2] com.google.android.finsky.application.FinskyAppImpl.at(1142): No account configured on this device.
10-16 23:59:04.142: I/Finsky(5864): [2] com.google.android.finsky.h.a.a.a(14): result=false type=4
10-16 23:59:04.142: W/Finsky(5864): [2] com.google.android.finsky.application.FinskyAppImpl.at(1142): No account configured on this device.
10-16 23:59:04.150: I/chatty(5864): uid=10026(u0_a26) com.android.vending identical 6 lines
10-16 23:59:04.151: W/Finsky(5864): [2] com.google.android.finsky.application.FinskyAppImpl.at(1142): No account configured on this device.
10-16 23:59:04.178: I/zygote(5880): Deoptimizing void plq.a(java.util.Map, java.lang.Object, java.lang.Object) due to JIT inline cache
10-16 23:59:04.184: I/zygote(2149): After code cache collection, code=496KB, data=297KB
10-16 23:59:04.184: I/zygote(2149): Increasing code cache capacity to 2MB
10-16 23:59:04.189: V/NativeCrypto(5880): Registering com/google/android/gms/org/conscrypt/NativeCrypto's 259 native methods...
10-16 23:59:04.195: I/WearableService(2149): Wearable Services not starting - Wear is not available on this device.
10-16 23:59:04.195: I/Finsky(5864): [2] com.google.android.finsky.setup.as.a(221): Restore complete with 0 success and 0 failed.
10-16 23:59:04.229: D/AndroidRuntime(5855): >>>>>> START com.android.internal.os.RuntimeInit uid 0 <<<<<<
10-16 23:59:04.231: D/AndroidRuntime(5855): CheckJNI is OFF
10-16 23:59:04.231: E/cutils-trace(5855): Error opening trace file: No such file or directory (2)
10-16 23:59:04.264: V/EmulatedCamera_Factory(1495): getCameraInfo: id = 0
10-16 23:59:04.264: V/EmulatedCamera_Camera(1495): getCameraInfo
10-16 23:59:04.264: V/EmulatedCamera_BaseCamera(1495): getCameraInfo
10-16 23:59:04.266: D/WearableService(2149): onGetService - Wear is not available on this device.
10-16 23:59:04.272: E/Finsky(5864): [2] com.google.android.finsky.wear.bl.a(3): onConnectionFailed: ConnectionResult{statusCode=API_UNAVAILABLE, resolution=null, message=null}
10-16 23:59:04.272: W/Finsky(5864): [2] com.google.android.finsky.wear.aj.run(9): Dropping command=send_installed_apps due to Gms not connected
10-16 23:59:04.273: V/EmulatedCamera_Factory(1495): getCameraInfo: id = 1
10-16 23:59:04.273: V/EmulatedCamera_Camera(1495): getCameraInfo
10-16 23:59:04.273: V/EmulatedCamera_BaseCamera(1495): getCameraInfo
10-16 23:59:04.274: I/ActivityManager(1626): Killing 3263:com.google.android.gms.unstable/u0a14 (adj 906): empty #17
10-16 23:59:04.285: I/ActivityManager(1626): Killing 4763:com.google.android.talk/u0a63 (adj 906): empty #17
10-16 23:59:04.286: V/MediaRouter(5880): Selecting route: RouteInfo{ name=Teléfono, description=null, status=null, category=RouteCategory{ name=Sistema types=ROUTE_TYPE_LIVE_AUDIO ROUTE_TYPE_LIVE_VIDEO  groupable=false }, supportedTypes=ROUTE_TYPE_LIVE_AUDIO ROUTE_TYPE_LIVE_VIDEO , presentationDisplay=null }
10-16 23:59:04.286: W/Finsky(5864): [421] com.google.android.finsky.application.FinskyAppImpl.at(1142): No account configured on this device.
10-16 23:59:04.287: I/chatty(5864): uid=10026(u0_a26) AsyncTask #2 identical 1 line
10-16 23:59:04.289: W/Finsky(5864): [421] com.google.android.finsky.application.FinskyAppImpl.at(1142): No account configured on this device.
10-16 23:59:04.290: I/Icing(2234): Usage reports 1 indexed 1 rejected 0 imm upload false
10-16 23:59:04.301: I/CastMediaRouteProvider(2234): in onDiscoveryRequestChanged: request=DiscoveryRequest{ selector=MediaRouteSelector{ controlCategories=[com.google.android.gms.cast.CATEGORY_CAST/233637DE] }, activeScan=false, isValid=true }
10-16 23:59:04.303: I/DiscoveryManager(2234): Filter criteria(233637DE) scannerFlags(2)
10-16 23:59:04.303: I/Publisher(2234): onUpdateFilterCriteria [233637DE]
10-16 23:59:04.306: I/CastMediaRouteProvider(2234): onDevicesPublished with 0 devices
10-16 23:59:04.306: I/CastMediaRouteProvider(2234): Published 0 routes
10-16 23:59:04.318: I/DeviceScanner(2234): [MDNS] startScan: scannerFlags: 2 criteria=233637DE
10-16 23:59:04.319: I/qtaguid(2234): Untagging socket 107 failed errno=-22
10-16 23:59:04.319: W/NetworkManagementSocketTagger(2234): untagSocket(107) failed with errno -22
10-16 23:59:04.319: I/qtaguid(2234): Untagging socket 107 failed errno=-22
10-16 23:59:04.319: W/NetworkManagementSocketTagger(2234): untagSocket(107) failed with errno -22
10-16 23:59:04.319: I/qtaguid(2234): Untagging socket 107 failed errno=-22
10-16 23:59:04.319: W/NetworkManagementSocketTagger(2234): untagSocket(107) failed with errno -22
10-16 23:59:04.319: I/qtaguid(2234): Untagging socket 107 failed errno=-22
10-16 23:59:04.319: W/NetworkManagementSocketTagger(2234): untagSocket(107) failed with errno -22
10-16 23:59:04.319: I/qtaguid(2234): Untagging socket 107 failed errno=-22
10-16 23:59:04.319: W/NetworkManagementSocketTagger(2234): untagSocket(107) failed with errno -22
10-16 23:59:04.319: I/qtaguid(2234): Untagging socket 107 failed errno=-22
10-16 23:59:04.319: W/NetworkManagementSocketTagger(2234): untagSocket(107) failed with errno -22
10-16 23:59:04.319: I/qtaguid(2234): Untagging socket 107 failed errno=-22
10-16 23:59:04.319: W/NetworkManagementSocketTagger(2234): untagSocket(107) failed with errno -22
10-16 23:59:04.319: I/qtaguid(2234): Untagging socket 107 failed errno=-22
10-16 23:59:04.319: W/NetworkManagementSocketTagger(2234): untagSocket(107) failed with errno -22
10-16 23:59:04.319: I/qtaguid(2234): Untagging socket 107 failed errno=-22
10-16 23:59:04.319: W/NetworkManagementSocketTagger(2234): untagSocket(107) failed with errno -22
10-16 23:59:04.319: I/qtaguid(2234): Untagging socket 107 failed errno=-22
10-16 23:59:04.319: W/NetworkManagementSocketTagger(2234): untagSocket(107) failed with errno -22
10-16 23:59:04.319: I/qtaguid(2234): Untagging socket 107 failed errno=-22
10-16 23:59:04.319: W/NetworkManagementSocketTagger(2234): untagSocket(107) failed with errno -22
10-16 23:59:04.319: I/qtaguid(2234): Untagging socket 107 failed errno=-22
10-16 23:59:04.319: W/NetworkManagementSocketTagger(2234): untagSocket(107) failed with errno -22
10-16 23:59:04.319: I/qtaguid(2234): Untagging socket 107 failed errno=-22
10-16 23:59:04.319: W/NetworkManagementSocketTagger(2234): untagSocket(107) failed with errno -22
10-16 23:59:04.319: I/qtaguid(2234): Untagging socket 107 failed errno=-22
10-16 23:59:04.319: W/NetworkManagementSocketTagger(2234): untagSocket(107) failed with errno -22
10-16 23:59:04.319: I/qtaguid(2234): Untagging socket 107 failed errno=-22
10-16 23:59:04.319: W/NetworkManagementSocketTagger(2234): untagSocket(107) failed with errno -22
10-16 23:59:04.319: I/qtaguid(2234): Untagging socket 107 failed errno=-22
10-16 23:59:04.319: W/NetworkManagementSocketTagger(2234): untagSocket(107) failed with errno -22
10-16 23:59:04.319: I/qtaguid(2234): Untagging socket 107 failed errno=-22
10-16 23:59:04.319: W/NetworkManagementSocketTagger(2234): untagSocket(107) failed with errno -22
10-16 23:59:04.323: I/Icing(2234): Usage reports 0 indexed 0 rejected 0 imm upload false
10-16 23:59:04.350: I/Icing(2234): Usage reports 0 indexed 0 rejected 0 imm upload false
10-16 23:59:04.359: D/NetworkSecurityConfig(5880): No Network Security Config specified, using platform default
10-16 23:59:04.382: W/app_process(5855): Unexpected CPU variant for X86 using defaults: x86
10-16 23:59:04.385: I/qtaguid(2234): Untagging socket 107 failed errno=-22
10-16 23:59:04.385: W/NetworkManagementSocketTagger(2234): untagSocket(107) failed with errno -22
10-16 23:59:04.389: I/Icing(2234): Usage reports 0 indexed 0 rejected 0 imm upload false
10-16 23:59:04.391: W/nativebridge(5855): Failed to bind-mount /system/lib/x86/cpuinfo as /proc/cpuinfo: No such file or directory
10-16 23:59:04.406: W/MdnsClient_Cast(2234): #acquireLock. Multicast lock not held. Acquiring. Subtypes:"233637DE"
10-16 23:59:04.413: I/Radio-JNI(5855): register_android_hardware_Radio DONE
10-16 23:59:04.417: D/AndroidRuntime(5855): Calling main entry com.android.commands.am.Am
10-16 23:59:04.419: I/ActivityManager(1626): Force stopping com.google.android.apps.mtaas.loginutil appid=10085 user=0: start instr
10-16 23:59:04.425: W/MdnsClient_Cast(2234): #acquireLock. Multicast lock not held. Acquiring. Subtypes:"233637DE"
10-16 23:59:04.426: I/DeviceScanner(2234): [GuestMode] startScan: scannerFlags: 2 criteria=233637DE
10-16 23:59:04.429: I/ActivityManager(1626): Start proc 6004:com.google.android.apps.mtaas.loginutil/u0a85 for added application com.google.android.apps.mtaas.loginutil
10-16 23:59:04.430: W/zygote(6004): Unexpected CPU variant for X86 using defaults: x86
10-16 23:59:04.444: I/CastMediaRouteProvider(2234): onDevicesPublished with 0 devices
10-16 23:59:04.444: I/CastMediaRouteProvider(2234): Published 0 routes
10-16 23:59:04.451: I/DeviceScanner(2234): [MDNS] startScan: scannerFlags: 2 criteria=233637DE
10-16 23:59:04.451: I/DeviceScanner(2234): [MDNS] onScanSettingsUpdated: filterCriteriaAdded: NONE
10-16 23:59:04.451: I/DeviceScanner(2234): [MDNS] onScanSettingsUpdated: filterCriteriaRemoved: NONE
10-16 23:59:04.451: I/DeviceScanner(2234): [MDNS] onScanSettingsUpdated: Did scan settings changed? false
10-16 23:59:04.451: W/MdnsClient_Cast(2234): Multicast lock held. Releasing. Subtypes:"233637DE"
10-16 23:59:04.460: I/ProviderInstaller(5880): Installed default security provider GmsCore_OpenSSL
10-16 23:59:04.505: W/MdnsClient_Cast(2234): #acquireLock. Multicast lock not held. Acquiring. Subtypes:"233637DE"
10-16 23:59:04.511: W/MdnsClient_Cast(2234): Multicast lock held. Releasing. Subtypes:"233637DE"
10-16 23:59:04.519: W/YouTube(5880): ECatcher disabled: level: WARNING, category: initialization, message: Initialization Exception
10-16 23:59:04.519: W/YouTube(5880): java.lang.IllegalArgumentException
10-16 23:59:04.519: W/YouTube(5880): 	at adac.a(SourceFile:2)
10-16 23:59:04.519: W/YouTube(5880): 	at poo.a(SourceFile:4)
10-16 23:59:04.519: W/YouTube(5880): 	at poa.a(SourceFile:1)
10-16 23:59:04.519: W/YouTube(5880): 	at vlj.g(SourceFile:107)
10-16 23:59:04.519: W/YouTube(5880): 	at vlj.c(SourceFile:90)
10-16 23:59:04.519: W/YouTube(5880): 	at vfr.c(SourceFile:53)
10-16 23:59:04.519: W/YouTube(5880): 	at eiy.a(SourceFile:10)
10-16 23:59:04.519: W/YouTube(5880): 	at cfw.run(SourceFile:4)
10-16 23:59:04.519: W/YouTube(5880): 	at java.util.concurrent.Executors$RunnableAdapter.call(Executors.java:457)
10-16 23:59:04.519: W/YouTube(5880): 	at java.util.concurrent.FutureTask.run(FutureTask.java:266)
10-16 23:59:04.519: W/YouTube(5880): 	at java.util.concurrent.ScheduledThreadPoolExecutor$ScheduledFutureTask.run(ScheduledThreadPoolExecutor.java:301)
10-16 23:59:04.519: W/YouTube(5880): 	at java.util.concurrent.ThreadPoolExecutor.runWorker(ThreadPoolExecutor.java:1162)
10-16 23:59:04.519: W/YouTube(5880): 	at java.util.concurrent.ThreadPoolExecutor$Worker.run(ThreadPoolExecutor.java:636)
10-16 23:59:04.519: W/YouTube(5880): 	at poc.run(SourceFile:24)
10-16 23:59:04.519: W/YouTube(5880): 	at java.lang.Thread.run(Thread.java:764)
10-16 23:59:04.521: W/zygote(5880): Skipping duplicate class check due to unrecognized classloader
10-16 23:59:04.521: D/NetworkSecurityConfig(6004): No Network Security Config specified, using platform default
10-16 23:59:04.557: D/LoginUtil(6004): Connected to Internet
10-16 23:59:04.559: D/LoginUtil(6004): Adding Account {name=VS2WQVCOVYYT3Y3JQZUPAOQ2II-00@cloudtestlabaccounts.com, type=com.google}
10-16 23:59:04.565: I/zygote(2149): Background concurrent copying GC freed 97819(4MB) AllocSpace objects, 8(4MB) LOS objects, 49% free, 11MB/22MB, paused 235us total 220.611ms
10-16 23:59:04.569: W/MdnsClient_Cast(2234): #acquireLock. Multicast lock not held. Acquiring. Subtypes:"233637DE"
10-16 23:59:04.569: I/MetadataService(1477): Processed 0 update/creates for instance/attributes/
10-16 23:59:04.569: I/MetadataService(1477): Processed 0 update/creates for project/attributes/
10-16 23:59:04.569: I/MetadataService(1477): Processed 0 update/creates for testing/attributes/
10-16 23:59:04.570: I/DeviceScanner(2234): [GuestMode] startScan: scannerFlags: 2 criteria=233637DE
10-16 23:59:04.574: I/ActivityManager(1626): Start proc 6037:com.google.android.apps.auth.test.support/u0a87 for service com.google.android.apps.auth.test.support/.services.AccountService
10-16 23:59:04.579: W/zygote(6037): Unexpected CPU variant for X86 using defaults: x86
10-16 23:59:04.626: E/ActivityThread(6037): Failed to find provider info for com.google.android.apps.common.testing.services.storage.testargs
10-16 23:59:04.626: W/AuthService(6037): [TestArgsHelper] Error when calling AndroidTestUtil.getTestArgs(). Note that this behavior might be expected.
10-16 23:59:04.640: I/AuthService(6037): [AddAccountOperation] Call GmsCore API.
10-16 23:59:04.654: D/DynamitePackage(5880): Instantiated singleton DynamitePackage.
10-16 23:59:04.654: D/DynamitePackage(5880): Instantiating com.google.android.gms.ads.adshield.ChimeraAdShieldCreatorImpl
10-16 23:59:04.661: I/GoogleURLConnFactory(2149): Using platform SSLCertificateSocketFactory
10-16 23:59:04.662: E/BaseAppContext(2149): Tried to stop global GMSCore RequestQueue. This is likely unintended, so ignoring.
10-16 23:59:04.666: I/Remoter(1477): Saved screenshot to '/data/screenshots/__pmv__-0077.jpg'
10-16 23:59:04.688: I/Auth(2149): [ReflectiveChannelBinder] Successfully bound channel!
10-16 23:59:04.699: I/ActivityManager(1626): Start proc 6072:com.google.android.gms.unstable/u0a14 for service com.google.android.gms/.droidguard.DroidGuardService
10-16 23:59:04.700: W/zygote(5880): Skipping duplicate class check due to unrecognized classloader
10-16 23:59:04.701: I/LocaleChangeIO(2149): Requesting GmsCore restart due to change in locale assets
10-16 23:59:04.702: I/Process(2149): Sending signal. PID: 2149 SIG: 9
10-16 23:59:04.702: I/Process(2234): Sending signal. PID: 2234 SIG: 9
10-16 23:59:04.703: W/zygote(6072): Unexpected CPU variant for X86 using defaults: x86
10-16 23:59:04.734: I/Process(2473): Sending signal. PID: 2473 SIG: 9
10-16 23:59:04.738: W/zygote(5880): Long monitor contention with owner initCrit3-2 (5910) at int axkc.a()(:com.google.android.gms@11519470:2) waiters=0 in java.lang.Object pnf.get() for 273ms
10-16 23:59:04.764: E/lowmemorykiller(1485): Error writing /proc/2234/oom_score_adj; errno=22
10-16 23:59:04.764: E/lowmemorykiller(1485): Error writing /proc/2149/oom_score_adj; errno=22
10-16 23:59:04.782: E/JavaBinder(1626): !!! FAILED BINDER TRANSACTION !!!  (parcel size = 2380)
10-16 23:59:04.782: W/ActivityManager(1626): Application dead when creating service ServiceRecord{d487c23 u0 com.google.android.gms/.gass.GassService}
10-16 23:59:04.782: I/ActivityManager(1626): Process com.google.android.gms (pid 2234) has died: fore SVC 
10-16 23:59:04.796: E/JavaBinder(5880): !!! FAILED BINDER TRANSACTION !!!  (parcel size = 148)
10-16 23:59:04.796: E/WifiMulticastLockManager(1626): Multicaster binderDied
10-16 23:59:04.796: D/ConnectivityService(1626): ConnectivityService NetworkRequestInfo binderDied(NetworkRequest [ LISTEN id=9, [ Capabilities: INTERNET&NOT_RESTRICTED&TRUSTED&NOT_VPN] ], android.os.BinderProxy@3c1b520)
10-16 23:59:04.803: I/AdvertisingIdClient(5880): GMS remote exception 
10-16 23:59:04.803: I/AdvertisingIdClient(5880): android.os.DeadObjectException: Transaction failed on small parcel; remote process probably died
10-16 23:59:04.803: I/AdvertisingIdClient(5880): 	at android.os.BinderProxy.transactNative(Native Method)
10-16 23:59:04.803: I/AdvertisingIdClient(5880): 	at android.os.BinderProxy.transact(Binder.java:748)
10-16 23:59:04.803: I/AdvertisingIdClient(5880): 	at hs.a(:com.google.android.gms.DynamiteModulesA@11519470:10)
10-16 23:59:04.803: I/AdvertisingIdClient(5880): 	at com.google.android.gms.ads.identifier.internal.b.a(:com.google.android.gms.DynamiteModulesA@11519470:4)
10-16 23:59:04.803: I/AdvertisingIdClient(5880): 	at com.google.android.gms.ads.identifier.a.a(:com.google.android.gms.DynamiteModulesA@11519470:52)
10-16 23:59:04.803: I/AdvertisingIdClient(5880): 	at com.google.android.ads.tasks.h.c(:com.google.android.gms.DynamiteModulesA@11519470:26)
10-16 23:59:04.803: I/AdvertisingIdClient(5880): 	at com.google.android.ads.tasks.h.a(:com.google.android.gms.DynamiteModulesA@11519470:15)
10-16 23:59:04.803: I/AdvertisingIdClient(5880): 	at com.google.android.ads.tasks.u.b(:com.google.android.gms.DynamiteModulesA@11519470:14)
10-16 23:59:04.803: I/AdvertisingIdClient(5880): 	at com.google.android.ads.tasks.h.b(:com.google.android.gms.DynamiteModulesA@11519470:6)
10-16 23:59:04.803: I/AdvertisingIdClient(5880): 	at com.google.android.ads.tasks.h.call(:com.google.android.gms.DynamiteModulesA@11519470:42)
10-16 23:59:04.803: I/AdvertisingIdClient(5880): 	at java.util.concurrent.FutureTask.run(FutureTask.java:266)
10-16 23:59:04.803: I/AdvertisingIdClient(5880): 	at java.util.concurrent.ThreadPoolExecutor.runWorker(ThreadPoolExecutor.java:1162)
10-16 23:59:04.803: I/AdvertisingIdClient(5880): 	at java.util.concurrent.ThreadPoolExecutor$Worker.run(ThreadPoolExecutor.java:636)
10-16 23:59:04.803: I/AdvertisingIdClient(5880): 	at java.lang.Thread.run(Thread.java:764)
10-16 23:59:04.804: W/ActivityManager(1626): Scheduling restart of crashed service com.google.android.gms/.chimera.GmsIntentOperationService in 1000ms
10-16 23:59:04.804: W/ActivityManager(1626): Scheduling restart of crashed service com.google.android.gms/.cast.media.CastMediaRouteProviderService in 1000ms
10-16 23:59:04.804: W/ActivityManager(1626): Scheduling restart of crashed service com.google.android.gms/.gass.GassService in 11000ms
10-16 23:59:04.804: W/ActivityManager(1626): Scheduling restart of crashed service com.google.android.gms/.icing.service.IndexWorkerService in 21000ms
10-16 23:59:04.804: W/ActivityManager(1626): Scheduling restart of crashed service com.google.android.gms/.ads.identifier.service.AdvertisingIdService in 31000ms
10-16 23:59:04.804: E/ConnectivityService(1626): RemoteException caught trying to send a callback msg for NetworkRequest [ LISTEN id=9, [ Capabilities: INTERNET&NOT_RESTRICTED&TRUSTED&NOT_VPN] ]
10-16 23:59:04.812: W/ActivityManager(1626): Scheduling restart of crashed service com.google.android.gms/.gass.GassService in 44000ms
10-16 23:59:04.812: W/ActivityManager(1626): Exception when starting service com.google.android.gms/.gass.GassService
10-16 23:59:04.812: W/ActivityManager(1626): android.os.DeadObjectException: Transaction failed on small parcel; remote process probably died
10-16 23:59:04.812: W/ActivityManager(1626): 	at android.os.BinderProxy.transactNative(Native Method)
10-16 23:59:04.812: W/ActivityManager(1626): 	at android.os.BinderProxy.transact(Binder.java:748)
10-16 23:59:04.812: W/ActivityManager(1626): 	at android.app.IApplicationThread$Stub$Proxy.scheduleCreateService(IApplicationThread.java:1329)
10-16 23:59:04.812: W/ActivityManager(1626): 	at com.android.server.am.ActiveServices.realStartServiceLocked(ActiveServices.java:2155)
10-16 23:59:04.812: W/ActivityManager(1626): 	at com.android.server.am.ActiveServices.bringUpServiceLocked(ActiveServices.java:2053)
10-16 23:59:04.812: W/ActivityManager(1626): 	at com.android.server.am.ActiveServices.bindServiceLocked(ActiveServices.java:1372)
10-16 23:59:04.812: W/ActivityManager(1626): 	at com.android.server.am.ActivityManagerService.bindService(ActivityManagerService.java:18218)
10-16 23:59:04.812: W/ActivityManager(1626): 	at android.app.IActivityManager$Stub.onTransact(IActivityManager.java:584)
10-16 23:59:04.812: W/ActivityManager(1626): 	at com.android.server.am.ActivityManagerService.onTransact(ActivityManagerService.java:2921)
10-16 23:59:04.812: W/ActivityManager(1626): 	at android.os.Binder.execTransact(Binder.java:674)
10-16 23:59:04.813: I/ActivityManager(1626): Process com.google.android.gms.feedback (pid 2473) has died: prcp IMPB
10-16 23:59:04.813: W/ActivityManager(1626): Scheduling restart of crashed service com.google.android.gms/.feedback.FeedbackService in 53999ms
10-16 23:59:04.817: I/LoadedApk(6072): No resource references to update in package FFFFFFFFFFFFFFFFFFFFFF
10-16 23:59:04.825: I/ActivityManager(1626): Existing provider com.google.android.gms/.instantapps.routing.InstantAppsContentProvider is crashing; detaching ProcessRecord{27d0838 6072:com.google.android.gms.unstable/u0a14}
10-16 23:59:04.825: I/ActivityManager(1626): Process com.google.android.gms.persistent (pid 2149) has died: fore BFGS
10-16 23:59:04.825: W/ActivityManager(1626): Scheduling restart of crashed service com.google.android.gms/.chimera.PersistentIntentOperationService in 63987ms
10-16 23:59:04.825: W/ActivityManager(1626): Scheduling restart of crashed service com.google.android.gms/com.google.android.location.geofencer.service.GeofenceProviderService in 73987ms
10-16 23:59:04.825: W/ActivityManager(1626): Scheduling restart of crashed service com.google.android.gms/.chimera.PersistentBoundBrokerService in 83987ms
10-16 23:59:04.825: W/ActivityManager(1626): Scheduling restart of crashed service com.google.android.gms/.deviceconnection.service.DeviceConnectionWatcherService in 93987ms
10-16 23:59:04.825: W/ActivityManager(1626): Scheduling restart of crashed service com.google.android.gms/.gcm.GcmService in 103987ms
10-16 23:59:04.825: W/ActivityManager(1626): Scheduling restart of crashed service com.google.android.gms/com.google.location.nearby.direct.service.NearbyDirectService in 113987ms
10-16 23:59:04.825: W/ActivityManager(1626): Scheduling restart of crashed service com.google.android.gms/com.google.android.location.internal.GoogleLocationManagerService in 113987ms
10-16 23:59:04.825: W/ActivityManager(1626): Scheduling restart of crashed service com.google.android.gms/.tapandpay.service.TapAndPayService in 123987ms
10-16 23:59:04.825: W/ActivityManager(1626): Scheduling restart of crashed service com.google.android.gms/com.google.android.location.internal.server.GoogleLocationService in 133987ms
10-16 23:59:04.825: W/ActivityManager(1626): Scheduling restart of crashed service com.google.android.gms/com.google.android.location.internal.server.HardwareArProviderService in 143987ms
10-16 23:59:04.825: W/ActivityManager(1626): Scheduling restart of crashed service com.google.android.gms/.common.stats.GmsCoreStatsService in 153987ms
10-16 23:59:04.825: W/ActivityManager(1626): Scheduling restart of crashed service com.google.android.gms/.trustagent.speech.service.VoiceUnlockService in 163987ms
10-16 23:59:04.825: W/ActivityManager(1626): Scheduling restart of crashed service com.google.android.gms/.auth.setup.devicesignals.LockScreenService in 173987ms
10-16 23:59:04.825: W/ActivityManager(1626): Scheduling restart of crashed service com.google.android.gms/com.google.android.location.geocode.GeocodeService in 183987ms
10-16 23:59:04.825: W/ActivityManager(1626): Scheduling restart of crashed service com.google.android.gms/.nearby.messages.service.NearbyMessagesService in 193987ms
10-16 23:59:04.825: W/ActivityManager(1626): Scheduling restart of crashed service com.google.android.gms/com.google.android.contextmanager.service.ContextManagerService in 203987ms
10-16 23:59:04.825: W/ActivityManager(1626): Scheduling restart of crashed service com.google.android.gms/.backup.component.D2dTransportService in 213987ms
10-16 23:59:04.825: W/ActivityManager(1626): Scheduling restart of crashed service com.google.android.gms/.auth.account.be.legacy.GoogleAccountDataService in 223987ms
10-16 23:59:04.825: W/ActivityManager(1626): Scheduling restart of crashed service com.google.android.gms/com.google.android.location.network.NetworkLocationService in 233987ms
10-16 23:59:04.825: W/ActivityManager(1626): Scheduling restart of crashed service com.google.android.gms/.wearable.service.WearableService in 243986ms
10-16 23:59:04.825: W/ActivityManager(1626): Scheduling restart of crashed service com.google.android.gms/.backup.BackupTransportService in 253986ms
10-16 23:59:04.826: W/ActivityManager(1626): Scheduling restart of crashed service com.google.android.gms/.phenotype.service.PhenotypeService in 263986ms
10-16 23:59:04.826: W/ActivityManager(1626): Scheduling restart of crashed service com.google.android.gms/.clearcut.service.ClearcutLoggerService in 273986ms
10-16 23:59:04.826: W/ActivityManager(1626): Scheduling restart of crashed service com.google.android.gms/.auth.account.service.WorkAccountService in 283986ms
10-16 23:59:04.834: W/zygote(6126): Unexpected CPU variant for X86 using defaults: x86
10-16 23:59:04.838: I/ActivityManager(1626): Start proc 6126:com.google.android.gms.persistent/u0a14 for content provider com.google.android.gms/.instantapps.routing.InstantAppsContentProvider
10-16 23:59:04.865: I/LoadedApk(6126): No resource references to update in package FFFFFFFFFFFFFFFFFFFFFF
10-16 23:59:04.873: V/NativeCrypto(6072): Registering com/google/android/gms/org/conscrypt/NativeCrypto's 259 native methods...
10-16 23:59:04.878: V/NativeCrypto(6126): Registering com/google/android/gms/org/conscrypt/NativeCrypto's 259 native methods...
10-16 23:59:04.880: D/NetworkSecurityConfig(6072): No Network Security Config specified, using platform default
10-16 23:59:04.880: I/ProviderInstaller(6072): Installed default security provider GmsCore_OpenSSL
10-16 23:59:04.887: D/NetworkSecurityConfig(6126): No Network Security Config specified, using platform default
10-16 23:59:04.888: I/ProviderInstaller(6126): Installed default security provider GmsCore_OpenSSL
10-16 23:59:04.952: W/GoogleAccountDataServiceClient(6037): [GoogleAccountDataServiceClient]  RemoteException when executing call!
10-16 23:59:04.952: W/GoogleAccountDataServiceClient(6037): android.os.DeadObjectException
10-16 23:59:04.952: W/GoogleAccountDataServiceClient(6037): 	at android.os.BinderProxy.transactNative(Native Method)
10-16 23:59:04.952: W/GoogleAccountDataServiceClient(6037): 	at android.os.BinderProxy.transact(Binder.java:748)
10-16 23:59:04.952: W/GoogleAccountDataServiceClient(6037): 	at cl.a(Unknown Source:28)
10-16 23:59:04.952: W/GoogleAccountDataServiceClient(6037): 	at aq.a(Unknown Source:1000)
10-16 23:59:04.952: W/GoogleAccountDataServiceClient(6037): 	at ao.a(Unknown Source:0)
10-16 23:59:04.952: W/GoogleAccountDataServiceClient(6037): 	at o.call(PG:3000)
10-16 23:59:04.952: W/GoogleAccountDataServiceClient(6037): 	at r.a(PG:43)
10-16 23:59:04.952: W/GoogleAccountDataServiceClient(6037): 	at m.a(PG:3156)
10-16 23:59:04.952: W/GoogleAccountDataServiceClient(6037): 	at m.call(PG:31)
10-16 23:59:04.952: W/GoogleAccountDataServiceClient(6037): 	at q.a(PG:91)
10-16 23:59:04.952: W/GoogleAccountDataServiceClient(6037): 	at mq.a(PG:16214)
10-16 23:59:04.952: W/GoogleAccountDataServiceClient(6037): 	at mq.a(PG:16188)
10-16 23:59:04.952: W/GoogleAccountDataServiceClient(6037): 	at mq.onTransact(PG:118)
10-16 23:59:04.952: W/GoogleAccountDataServiceClient(6037): 	at android.os.Binder.execTransact(Binder.java:674)
10-16 23:59:04.952: D/GnssStatusListenerHelper(1626): Remote Listener died: android.location.IGnssStatusListener$Stub$Proxy@65eef68
10-16 23:59:04.952: D/ConnectivityService(1626): ConnectivityService NetworkRequestInfo binderDied(NetworkRequest [ LISTEN id=7, [ Transports: WIFI Capabilities: INTERNET&NOT_RESTRICTED&NOT_VPN] ], android.os.BinderProxy@5cdcf81)
10-16 23:59:04.959: E/WifiBackgroundScanStateMachine(1626): Failed to update schedule because WifiScanningService is not initialized
10-16 23:59:04.959: D/PackageManager(1626): Binder to instant app resolver died
10-16 23:59:04.959: D/PackageManager(1626): Disconnected from instant app resolver
10-16 23:59:04.960: W/BackupTransportManager(1626): Disconnected from transport com.google.android.gms/.backup.component.D2dTransportService
10-16 23:59:04.960: D/BackupTransportManager(1626): Scheduled explicit rebinding for com.google.android.gms/.backup.component.D2dTransportService in 300000ms
10-16 23:59:04.960: W/BackupTransportManager(1626): Disconnected from transport com.google.android.gms/.backup.BackupTransportService
10-16 23:59:04.960: D/BackupTransportManager(1626): Scheduled explicit rebinding for com.google.android.gms/.backup.BackupTransportService in 300000ms
10-16 23:59:04.960: E/AuthService(6037): [ExponentialBackoffExecutor] Error when executing callable.
10-16 23:59:04.960: E/AuthService(6037): au: android.os.DeadObjectException
10-16 23:59:04.960: E/AuthService(6037): 	at ao.a(Unknown Source:0)
10-16 23:59:04.960: E/AuthService(6037): 	at o.call(PG:3000)
10-16 23:59:04.960: E/AuthService(6037): 	at r.a(PG:43)
10-16 23:59:04.960: E/AuthService(6037): 	at m.a(PG:3156)
10-16 23:59:04.960: E/AuthService(6037): 	at m.call(PG:31)
10-16 23:59:04.960: E/AuthService(6037): 	at q.a(PG:91)
10-16 23:59:04.960: E/AuthService(6037): 	at mq.a(PG:16214)
10-16 23:59:04.960: E/AuthService(6037): 	at mq.a(PG:16188)
10-16 23:59:04.960: E/AuthService(6037): 	at mq.onTransact(PG:118)
10-16 23:59:04.960: E/AuthService(6037): 	at android.os.Binder.execTransact(Binder.java:674)
10-16 23:59:04.960: E/AuthService(6037): Caused by: android.os.DeadObjectException
10-16 23:59:04.960: E/AuthService(6037): 	at android.os.BinderProxy.transactNative(Native Method)
10-16 23:59:04.960: E/AuthService(6037): 	at android.os.BinderProxy.transact(Binder.java:748)
10-16 23:59:04.960: E/AuthService(6037): 	at cl.a(Unknown Source:28)
10-16 23:59:04.960: E/AuthService(6037): 	at aq.a(Unknown Source:1000)
