10-16 23:58:48.356: I/Remoter(1477): Saved screenshot to '/data/screenshots/__pmv__-0063.jpg'
10-16 23:58:49.390: I/Remoter(1477): Saved screenshot to '/data/screenshots/__pmv__-0064.jpg'
10-16 23:58:49.598: D/AndroidRuntime(4982): >>>>>> START com.android.internal.os.RuntimeInit uid 0 <<<<<<
10-16 23:58:49.600: D/AndroidRuntime(4982): CheckJNI is OFF
10-16 23:58:49.600: E/cutils-trace(4982): Error opening trace file: No such file or directory (2)
10-16 23:58:49.643: W/app_process(4982): Unexpected CPU variant for X86 using defaults: x86
10-16 23:58:49.687: W/nativebridge(4982): Failed to bind-mount /system/lib/x86/cpuinfo as /proc/cpuinfo: No such file or directory
10-16 23:58:49.700: I/Radio-JNI(4982): register_android_hardware_Radio DONE
10-16 23:58:49.704: D/AndroidRuntime(4982): Calling main entry com.android.commands.pm.Pm
10-16 23:58:49.759: I/ActivityManager(1626): Start proc 4994:com.android.defcontainer/u0a8 for service com.android.defcontainer/.DefaultContainerService
10-16 23:58:49.760: W/zygote(4994): Unexpected CPU variant for X86 using defaults: x86
10-16 23:58:49.841: W/zygote(5011): Unexpected CPU variant for X86 using defaults: x86
10-16 23:58:49.846: I/ActivityManager(1626): Start proc 5011:com.android.vending/u0a26 for broadcast com.android.vending/com.google.android.finsky.verifier.impl.PackageVerificationReceiver
10-16 23:58:49.870: W/Finsky(5011): [2] com.google.android.finsky.application.FinskyAppImpl.at(1142): No account configured on this device.
10-16 23:58:49.902: I/chatty(5011): uid=10026(u0_a26) com.android.vending identical 23 lines
10-16 23:58:49.902: W/Finsky(5011): [2] com.google.android.finsky.application.FinskyAppImpl.at(1142): No account configured on this device.
10-16 23:58:49.902: I/Finsky(5011): [2] com.google.android.finsky.hygiene.DailyHygiene.a(44): No need to run daily hygiene.
10-16 23:58:49.902: W/Finsky(5011): [2] com.google.android.finsky.application.FinskyAppImpl.at(1142): No account configured on this device.
10-16 23:58:49.904: I/chatty(5011): uid=10026(u0_a26) com.android.vending identical 1 line
10-16 23:58:49.905: W/Finsky(5011): [2] com.google.android.finsky.application.FinskyAppImpl.at(1142): No account configured on this device.
10-16 23:58:49.905: W/Settings(5011): Setting download_manager_max_bytes_over_mobile has moved from android.provider.Settings.Secure to android.provider.Settings.Global.
10-16 23:58:49.905: W/Settings(5011): Setting download_manager_recommended_max_bytes_over_mobile has moved from android.provider.Settings.Secure to android.provider.Settings.Global.
10-16 23:58:49.906: W/Finsky(5011): [2] com.google.android.finsky.application.FinskyAppImpl.at(1142): No account configured on this device.
10-16 23:58:49.916: I/chatty(5011): uid=10026(u0_a26) com.android.vending identical 19 lines
10-16 23:58:49.916: W/Finsky(5011): [2] com.google.android.finsky.application.FinskyAppImpl.at(1142): No account configured on this device.
10-16 23:58:49.916: W/Finsky(5011): [2] com.google.android.finsky.application.FinskyAppImpl.a(890): No account configured on this device.
10-16 23:58:49.917: W/Finsky(5011): [2] com.google.android.finsky.application.FinskyAppImpl.at(1142): No account configured on this device.
10-16 23:58:49.924: I/chatty(5011): uid=10026(u0_a26) com.android.vending identical 9 lines
10-16 23:58:49.925: W/Finsky(5011): [2] com.google.android.finsky.application.FinskyAppImpl.at(1142): No account configured on this device.
10-16 23:58:49.925: I/Finsky(5011): [2] com.google.android.finsky.verifier.impl.PackageVerificationReceiver.onReceive(12): Verification requested, id = 0
10-16 23:58:49.927: W/Finsky(5011): [2] com.google.android.finsky.application.FinskyAppImpl.at(1142): No account configured on this device.
10-16 23:58:49.928: W/Finsky(5011): [349] com.google.android.finsky.application.FinskyAppImpl.at(1142): No account configured on this device.
10-16 23:58:49.931: W/Finsky(5011): [2] com.google.android.finsky.application.FinskyAppImpl.at(1142): No account configured on this device.
10-16 23:58:49.932: W/Finsky(5011): [2] com.google.android.finsky.application.FinskyAppImpl.at(1142): No account configured on this device.
10-16 23:58:49.932: I/Finsky(5011): [2] com.google.android.finsky.h.a.a.a(14): result=false type=4
10-16 23:58:49.933: W/Finsky(5011): [2] com.google.android.finsky.application.FinskyAppImpl.at(1142): No account configured on this device.
10-16 23:58:49.940: I/chatty(5011): uid=10026(u0_a26) com.android.vending identical 6 lines
10-16 23:58:49.941: W/Finsky(5011): [2] com.google.android.finsky.application.FinskyAppImpl.at(1142): No account configured on this device.
10-16 23:58:49.941: I/Finsky(5011): [348] com.google.android.finsky.verifier.impl.av.a(52): Skipping verification. Disabled by user setting
10-16 23:58:49.941: I/Finsky(5011): [348] com.google.android.finsky.verifier.impl.av.a(60): Skipping anti malware verification due to pre-check failure
10-16 23:58:49.942: W/Finsky(5011): [2] com.google.android.finsky.application.FinskyAppImpl.at(1142): No account configured on this device.
10-16 23:58:49.947: I/WearableService(2149): Wearable Services not starting - Wear is not available on this device.
10-16 23:58:49.948: I/Finsky(5011): [2] com.google.android.finsky.verifier.impl.bq.c(93): Verifying id=0, result=1
10-16 23:58:49.952: W/Finsky(5011): [349] com.google.android.finsky.application.FinskyAppImpl.at(1142): No account configured on this device.
10-16 23:58:49.952: I/Finsky(5011): [2] com.google.android.finsky.verifier.impl.bq.c(104): Verification complete: id=0, package_name=com.google.android.apps.mtaas.tools
10-16 23:58:49.953: W/Finsky(5011): [349] com.google.android.finsky.application.FinskyAppImpl.at(1142): No account configured on this device.
10-16 23:58:49.955: I/Finsky(5011): [2] com.google.android.finsky.setup.as.a(221): Restore complete with 0 success and 0 failed.
10-16 23:58:49.957: W/Finsky(5011): [349] com.google.android.finsky.application.FinskyAppImpl.at(1142): No account configured on this device.
10-16 23:58:49.958: D/WearableService(2149): onGetService - Wear is not available on this device.
10-16 23:58:49.959: E/Finsky(5011): [2] com.google.android.finsky.wear.bl.a(3): onConnectionFailed: ConnectionResult{statusCode=API_UNAVAILABLE, resolution=null, message=null}
10-16 23:58:49.959: W/Finsky(5011): [2] com.google.android.finsky.wear.aj.run(9): Dropping command=send_installed_apps due to Gms not connected
10-16 23:58:49.960: I/PackageManager.DexOptimizer(1626): Running dexopt (dexoptNeeded=1) on: /data/app/vmdl486341233.tmp/base.apk pkg=com.google.android.apps.mtaas.tools isa=x86 dexoptFlags=boot_complete,public target-filter=quicken oatDir=/data/app/vmdl486341233.tmp/oat sharedLibraries=null
10-16 23:58:49.969: W/dex2oat(5055): Unexpected CPU variant for X86 using defaults: x86
10-16 23:58:49.969: W/dex2oat(5055): Mismatch between dex2oat instruction set features (ISA: X86 Feature string: -ssse3,-sse4.1,-sse4.2,-avx,-avx2,-popcnt) and those of dex2oat executable (ISA: X86 Feature string: ssse3,-sse4.1,-sse4.2,-avx,-avx2,-popcnt) for the command line:
10-16 23:58:49.969: W/dex2oat(5055): /system/bin/dex2oat --zip-fd=6 --zip-location=base.apk --input-vdex-fd=-1 --output-vdex-fd=8 --oat-fd=7 --oat-location=/data/app/vmdl486341233.tmp/oat/x86/base.odex --instruction-set=x86 --instruction-set-variant=x86 --instruction-set-features=default --runtime-arg -Xms64m --runtime-arg -Xmx512m --compiler-filter=quicken --swap-fd=9 --classpath-dir=/data/app/vmdl486341233.tmp
10-16 23:58:49.970: I/dex2oat(5055): /system/bin/dex2oat --input-vdex-fd=-1 --output-vdex-fd=8 --compiler-filter=quicken --classpath-dir=/data/app/vmdl486341233.tmp
10-16 23:58:49.970: E/cutils-trace(5055): Error opening trace file: No such file or directory (2)
10-16 23:58:50.180: I/dex2oat(5055): dex2oat took 211.055ms (331.755ms cpu) (threads: 2) arena alloc=1784B (1784B) java alloc=1085KB (1111960B) native alloc=2MB (2887528B) free=1788KB (1831064B)
10-16 23:58:50.203: V/BackupManagerService(1626): restoreAtInstall pkg=com.google.android.apps.mtaas.tools token=1 restoreSet=0
10-16 23:58:50.203: V/BackupManagerService(1626): Finishing install immediately
10-16 23:58:50.203: V/BackupManagerService(1626): [ 10-16 23:58:50.211  1497: 1670 E/         ]
10-16 23:58:50.203: V/BackupManagerService(1626): Couldn't opendir /data/app/vmdl486341233.tmp: No such file or directory
10-16 23:58:50.211: E/installd(1497): Failed to delete /data/app/vmdl486341233.tmp: No such file or directory
10-16 23:58:50.212: I/Pm(4982): Package com.google.android.apps.mtaas.tools installed in 506 ms
10-16 23:58:50.212: D/PackageInstaller(1626): Ignoring abandon after commit relinquished control
10-16 23:58:50.213: I/app_process(4982): System.exit called, status: 0
10-16 23:58:50.213: I/AndroidRuntime(4982): VM exiting with result code 0.
10-16 23:58:50.216: W/BroadcastQueue(1626): Background execution not allowed: receiving Intent { act=android.intent.action.PACKAGE_ADDED dat=package:com.google.android.apps.mtaas.tools flg=0x4000010 (has extras) } to com.android.musicfx/.Compatibility$Receiver
10-16 23:58:50.222: D/Avrcp(1730): AvrcpServiceBroadcastReceiver-> Action: android.intent.action.PACKAGE_ADDED
10-16 23:58:50.222: D/Avrcp(1730): AvrcpServiceBroadcastReceiver-> packageName: com.google.android.apps.mtaas.tools
10-16 23:58:50.222: D/Avrcp(1730): packageName: com.google.android.apps.mtaas.tools removed: false
10-16 23:58:50.223: D/Avrcp(1730): isBrowsableListUpdated: false
10-16 23:58:50.223: D/BluetoothMapAppObserver(1730): onReceive
10-16 23:58:50.223: D/BluetoothMapAppObserver(1730): The installed package is: com.google.android.apps.mtaas.tools
10-16 23:58:50.224: D/BluetoothMapAppObserver(1730): Found 0 application(s) with intent android.bluetooth.action.BLUETOOTH_MAP_PROVIDER
10-16 23:58:50.225: I/InputReader(1626): Reconfiguring input devices.  changes=0x00000010
10-16 23:58:50.225: W/Finsky(5011): [2] com.google.android.finsky.application.FinskyAppImpl.at(1142): No account configured on this device.
10-16 23:58:50.225: D/BluetoothMapAppObserver(1730): Found 0 application(s) with intent android.bluetooth.action.BLUETOOTH_MAP_IM_PROVIDER
10-16 23:58:50.230: W/Finsky(5011): [2] com.google.android.finsky.application.FinskyAppImpl.at(1142): No account configured on this device.
10-16 23:58:50.231: W/Finsky(5011): [2] com.google.android.finsky.application.FinskyAppImpl.at(1142): No account configured on this device.
10-16 23:58:50.232: D/CarrierSvcBindHelper(1823): No carrier app for: 0
10-16 23:58:50.233: D/ImsResolver(1823): maybeAddedImsService, packageName: com.google.android.apps.mtaas.tools
10-16 23:58:50.233: D/CarrierConfigLoader(1823): mHandler: 9 phoneId: 0
10-16 23:58:50.234: I/Telecom(1626): DefaultDialerCache: Refreshing default dialer for user 0: now com.google.android.dialer: DDC.oR@AHQ
10-16 23:58:50.238: I/Finsky(5011): [2] com.google.android.finsky.utils.PermissionPolicies$PermissionPolicyService.onStartCommand(18): post-install permissions check for com.google.android.apps.mtaas.tools
10-16 23:58:50.239: W/Finsky(5011): [2] com.google.android.finsky.application.FinskyAppImpl.at(1142): No account configured on this device.
10-16 23:58:50.240: I/Finsky(5011): [2] com.google.android.finsky.externalreferrer.d.run(9): Package state data is missing for com.google.android.apps.mtaas.tools
10-16 23:58:50.240: D/WearableService(2149): onGetService - Wear is not available on this device.
10-16 23:58:50.240: W/Finsky(5011): [2] com.google.android.finsky.application.FinskyAppImpl.at(1142): No account configured on this device.
10-16 23:58:50.241: E/Finsky(5011): [2] com.google.android.finsky.wear.bl.a(3): onConnectionFailed: ConnectionResult{statusCode=API_UNAVAILABLE, resolution=null, message=null}
10-16 23:58:50.241: W/Finsky(5011): [2] com.google.android.finsky.wear.aj.run(9): Dropping command=auto_install due to Gms not connected
10-16 23:58:50.242: W/Finsky(5011): [2] com.google.android.finsky.wear.aj.run(9): Dropping command=send_installed_apps due to Gms not connected
10-16 23:58:50.270: W/ConfigurationChimeraProvider(2149): Got null configs for com.google.android.gms.appinvite
10-16 23:58:50.278: I/zygote(2149): Deoptimizing void bwh.run() due to JIT same target
10-16 23:58:50.282: I/FontsPackageChangeOp(2234): Package com.google.android.apps.mtaas.tools has no metadata
10-16 23:58:50.291: W/zygote(5076): Unexpected CPU variant for X86 using defaults: x86
10-16 23:58:50.293: I/ActivityManager(1626): Start proc 5076:android.process.acore/u0a2 for content provider com.android.providers.contacts/.ContactsProvider2
10-16 23:58:50.297: I/Icing(2234): IndexChimeraService.getServiceInterface callingPackage=com.google.android.gms componentName=AppsCorpus serviceId=36
10-16 23:58:50.298: D/Wear_Controller(2234): Received broadcast action=android.intent.action.PACKAGE_ADDED and uri=com.google.android.apps.mtaas.tools
10-16 23:58:50.298: W/ConfigurationChimeraProvider(2149): Got null configs for com.google.android.gms.chromesync
10-16 23:58:50.299: I/ChromeSync(2234): [Persistence,AffiliationManager] Fetching affiliations from the server.
10-16 23:58:50.307: I/Icing(2234): IndexChimeraService.getServiceInterface callingPackage=com.google.android.gms componentName=AppsCorpus serviceId=32
10-16 23:58:50.317: I/Icing(2234): Usage reports 0 indexed 0 rejected 0 imm upload false
10-16 23:58:50.333: I/Icing(2234): Usage reports 0 indexed 0 rejected 0 imm upload false
10-16 23:58:50.354: D/ContactsDatabaseHelper(5076): WAL enabled for contacts2.db: true
10-16 23:58:50.358: I/ContactsPerf(5076): VoicemailContentProvider.onCreate start
10-16 23:58:50.375: I/ContactsPerf(5076): VoicemailContentProvider.onCreate finish
10-16 23:58:50.388: I/ContactLocale(5076): AddressBook Labels [[en_US]]: […, A, B, C, D, E, F, G, H, I, J, K, L, M, N, O, P, Q, R, S, T, U, V, W, X, Y, Z, Α, Β, Γ, Δ, Ε, Ζ, Η, Θ, Ι, Κ, Λ, Μ, Ν, Ξ, Ο, Π, Ρ, Σ, Τ, Υ, Φ, Χ, Ψ, Ω, …, А, Б, В, Г, Д, Ђ, Е, Є, Ж, З, И, І, Й, Ј, К, Л, Љ, М, Н, Њ, О, П, Р, С, Т, Ћ, У, Ф, Х, Ц, Ч, Џ, Ш, Щ, Ю, Я, …, א, ב, ג, ד, ה, ו, ז, ח, ט, י, כ, ל, מ, נ, ס, ע, פ, צ, ק, ר, ש, ת, …, ا, ب, ت, ث, ج, ح, خ, د, ذ, ر, ز, س, ش, ص, ض, ط, ظ, ع, غ, ف, ق, ك, ل, م, ن, ه, و, ي, …, ก, ข, ฃ, ค, ฅ, ฆ, ง, จ, ฉ, ช, ซ, ฌ, ญ, ฎ, ฏ, ฐ, ฑ, ฒ, ณ, ด, ต, ถ, ท, ธ, น, บ, ป, ผ, ฝ, พ, ฟ, ภ, ม, ย, ร, ฤ, ล, ฦ, ว, ศ, ษ, ส, ห, ฬ, อ, ฮ, …, ㄱ, ㄴ, ㄷ, ㄹ, ㅁ, ㅂ, ㅅ, ㅇ, ㅈ, ㅊ, ㅋ, ㅌ, ㅍ, ㅎ, …, あ, か, さ, た, な, は, ま, や, ら, わ, #, …]
10-16 23:58:50.402: D/ContactsDatabaseHelper(5076): WAL enabled for profile.db: true
10-16 23:58:50.457: I/Remoter(1477): Saved screenshot to '/data/screenshots/__pmv__-0065.jpg'
10-16 23:58:50.468: I/Babel_ConcService(4763): Binding ConcurrentService
10-16 23:58:50.480: I/Babel_ConcService(4763): Acquired partial wake lock to keep ConcurrentService alive
10-16 23:58:50.482: I/Babel_ConcService(4763): Released partial wake lock as ConcurrentService became idle
10-16 23:58:50.486: I/Babel_ConcService(4763): Scheduling delay with GcmNetworkManager of 228639 s for task fvsaccount_reg_renewal_63179_4 and tag network_connectivity_wakeup:persisted
10-16 23:58:50.490: I/Babel_ConcService(4763): Scheduling delay with GcmNetworkManager of 82580 s for task fylDB_CLEANUP_3733847_3 and tag :persisted
10-16 23:58:50.491: I/Babel_ConcService(4763): Acquired partial wake lock to keep ConcurrentService alive
10-16 23:58:50.492: I/Babel_ConcService(4763): Released partial wake lock as ConcurrentService became idle
10-16 23:58:50.493: I/Babel_ConcService(4763): Acquired partial wake lock to keep ConcurrentService alive
10-16 23:58:50.493: I/Babel_ConcService(4763): Released partial wake lock as ConcurrentService became idle
10-16 23:58:50.493: I/Babel_ConcService(4763): Acquired partial wake lock to keep ConcurrentService alive
10-16 23:58:50.495: I/Babel_ConcService(4763): Released partial wake lock as ConcurrentService became idle
10-16 23:58:50.518: I/GoogleURLConnFactory(2149): Using platform SSLCertificateSocketFactory
10-16 23:58:50.520: I/GoogleURLConnFactory(2149): Using platform SSLCertificateSocketFactory
10-16 23:58:50.874: D/AndroidRuntime(5127): >>>>>> START com.android.internal.os.RuntimeInit uid 0 <<<<<<
10-16 23:58:50.876: D/AndroidRuntime(5127): CheckJNI is OFF
10-16 23:58:50.876: E/cutils-trace(5127): Error opening trace file: No such file or directory (2)
10-16 23:58:50.917: W/app_process(5127): Unexpected CPU variant for X86 using defaults: x86
10-16 23:58:50.918: W/nativebridge(5127): Failed to bind-mount /system/lib/x86/cpuinfo as /proc/cpuinfo: No such file or directory
10-16 23:58:50.930: I/Radio-JNI(5127): register_android_hardware_Radio DONE
10-16 23:58:50.934: D/AndroidRuntime(5127): Calling main entry com.android.commands.pm.Pm
10-16 23:58:50.956: I/Finsky(5011): [2] com.google.android.finsky.verifier.impl.PackageVerificationReceiver.onReceive(12): Verification requested, id = 1
10-16 23:58:50.957: W/Finsky(5011): [2] com.google.android.finsky.application.FinskyAppImpl.at(1142): No account configured on this device.
10-16 23:58:50.958: I/Finsky(5011): [348] com.google.android.finsky.verifier.impl.av.a(52): Skipping verification. Disabled by user setting
10-16 23:58:50.958: I/Finsky(5011): [348] com.google.android.finsky.verifier.impl.av.a(60): Skipping anti malware verification due to pre-check failure
10-16 23:58:50.961: I/Finsky(5011): [2] com.google.android.finsky.verifier.impl.bq.c(93): Verifying id=1, result=1
10-16 23:58:50.961: I/Finsky(5011): [2] com.google.android.finsky.verifier.impl.bq.c(104): Verification complete: id=1, package_name=com.google.android.apps.mtaas.loginutil
10-16 23:58:50.962: I/PackageParser(1626): com.google.android.apps.mtaas.loginutil: compat added android.permission.WRITE_EXTERNAL_STORAGE android.permission.READ_PHONE_STATE
10-16 23:58:50.963: I/PackageManager.DexOptimizer(1626): Running dexopt (dexoptNeeded=1) on: /data/app/vmdl190334304.tmp/base.apk pkg=com.google.android.apps.mtaas.loginutil isa=x86 dexoptFlags=boot_complete,public target-filter=quicken oatDir=/data/app/vmdl190334304.tmp/oat sharedLibraries=null
10-16 23:58:50.972: W/dex2oat(5139): Unexpected CPU variant for X86 using defaults: x86
10-16 23:58:50.972: W/dex2oat(5139): Mismatch between dex2oat instruction set features (ISA: X86 Feature string: -ssse3,-sse4.1,-sse4.2,-avx,-avx2,-popcnt) and those of dex2oat executable (ISA: X86 Feature string: ssse3,-sse4.1,-sse4.2,-avx,-avx2,-popcnt) for the command line:
10-16 23:58:50.972: W/dex2oat(5139): /system/bin/dex2oat --zip-fd=6 --zip-location=base.apk --input-vdex-fd=-1 --output-vdex-fd=8 --oat-fd=7 --oat-location=/data/app/vmdl190334304.tmp/oat/x86/base.odex --instruction-set=x86 --instruction-set-variant=x86 --instruction-set-features=default --runtime-arg -Xms64m --runtime-arg -Xmx512m --compiler-filter=quicken --swap-fd=9 --classpath-dir=/data/app/vmdl190334304.tmp
10-16 23:58:50.972: I/dex2oat(5139): /system/bin/dex2oat --input-vdex-fd=-1 --output-vdex-fd=8 --compiler-filter=quicken --classpath-dir=/data/app/vmdl190334304.tmp
10-16 23:58:50.972: E/cutils-trace(5139): Error opening trace file: No such file or directory (2)
10-16 23:58:51.113: I/dex2oat(5139): dex2oat took 141.759ms (226.459ms cpu) (threads: 2) arena alloc=7KB (7824B) java alloc=420KB (430328B) native alloc=2MB (2339760B) free=2MB (2378832B)
10-16 23:58:51.134: V/BackupManagerService(1626): restoreAtInstall pkg=com.google.android.apps.mtaas.loginutil token=2 restoreSet=0
10-16 23:58:51.134: V/BackupManagerService(1626): Finishing install immediately
10-16 23:58:51.134: V/BackupManagerService(1626): [ 10-16 23:58:51.135  1497: 1554 E/         ]
10-16 23:58:51.134: V/BackupManagerService(1626): Couldn't opendir /data/app/vmdl190334304.tmp: No such file or directory
10-16 23:58:51.135: E/installd(1497): Failed to delete /data/app/vmdl190334304.tmp: No such file or directory
10-16 23:58:51.136: I/Pm(5127): Package com.google.android.apps.mtaas.loginutil installed in 201 ms
10-16 23:58:51.138: D/Avrcp(1730): AvrcpServiceBroadcastReceiver-> Action: android.intent.action.PACKAGE_ADDED
10-16 23:58:51.138: D/Avrcp(1730): AvrcpServiceBroadcastReceiver-> packageName: com.google.android.apps.mtaas.loginutil
10-16 23:58:51.138: D/Avrcp(1730): packageName: com.google.android.apps.mtaas.loginutil removed: false
10-16 23:58:51.139: I/InputReader(1626): Reconfiguring input devices.  changes=0x00000010
10-16 23:58:51.141: D/Avrcp(1730): isBrowsableListUpdated: false
10-16 23:58:51.141: D/BluetoothMapAppObserver(1730): onReceive
10-16 23:58:51.141: D/BluetoothMapAppObserver(1730): The installed package is: com.google.android.apps.mtaas.loginutil
10-16 23:58:51.141: D/BluetoothMapAppObserver(1730): Found 0 application(s) with intent android.bluetooth.action.BLUETOOTH_MAP_PROVIDER
10-16 23:58:51.142: D/BluetoothMapAppObserver(1730): Found 0 application(s) with intent android.bluetooth.action.BLUETOOTH_MAP_IM_PROVIDER
10-16 23:58:51.143: I/app_process(5127): System.exit called, status: 0
10-16 23:58:51.143: I/AndroidRuntime(5127): VM exiting with result code 0.
10-16 23:58:51.143: W/BroadcastQueue(1626): Background execution not allowed: receiving Intent { act=android.intent.action.PACKAGE_ADDED dat=package:com.google.android.apps.mtaas.loginutil flg=0x4000010 (has extras) } to com.android.musicfx/.Compatibility$Receiver
10-16 23:58:51.144: W/Finsky(5011): [2] com.google.android.finsky.application.FinskyAppImpl.at(1142): No account configured on this device.
10-16 23:58:51.145: I/Telecom(1626): DefaultDialerCache: Refreshing default dialer for user 0: now com.google.android.dialer: DDC.oR@AHU
10-16 23:58:51.147: I/chatty(5011): uid=10026(u0_a26) com.android.vending identical 1 line
10-16 23:58:51.148: W/Finsky(5011): [2] com.google.android.finsky.application.FinskyAppImpl.at(1142): No account configured on this device.
10-16 23:58:51.152: I/Finsky(5011): [2] com.google.android.finsky.utils.PermissionPolicies$PermissionPolicyService.onStartCommand(18): post-install permissions check for com.google.android.apps.mtaas.loginutil
10-16 23:58:51.153: W/Finsky(5011): [2] com.google.android.finsky.application.FinskyAppImpl.at(1142): No account configured on this device.
10-16 23:58:51.155: I/Finsky(5011): [2] com.google.android.finsky.externalreferrer.d.run(9): Package state data is missing for com.google.android.apps.mtaas.loginutil
10-16 23:58:51.156: W/Finsky(5011): [2] com.google.android.finsky.application.FinskyAppImpl.at(1142): No account configured on this device.
10-16 23:58:51.156: D/WearableService(2149): onGetService - Wear is not available on this device.
10-16 23:58:51.165: E/Finsky(5011): [2] com.google.android.finsky.wear.bl.a(3): onConnectionFailed: ConnectionResult{statusCode=API_UNAVAILABLE, resolution=null, message=null}
10-16 23:58:51.165: W/Finsky(5011): [2] com.google.android.finsky.wear.aj.run(9): Dropping command=auto_install due to Gms not connected
10-16 23:58:51.170: I/FontsPackageChangeOp(2234): Package com.google.android.apps.mtaas.loginutil has no metadata
10-16 23:58:51.172: D/CarrierSvcBindHelper(1823): No carrier app for: 0
10-16 23:58:51.173: D/ImsResolver(1823): maybeAddedImsService, packageName: com.google.android.apps.mtaas.loginutil
10-16 23:58:51.173: D/CarrierConfigLoader(1823): mHandler: 9 phoneId: 0
10-16 23:58:51.176: W/Finsky(5011): [2] com.google.android.finsky.wear.aj.run(9): Dropping command=send_installed_apps due to Gms not connected
10-16 23:58:51.178: D/Wear_Controller(2234): Received broadcast action=android.intent.action.PACKAGE_ADDED and uri=com.google.android.apps.mtaas.loginutil
10-16 23:58:51.184: I/Icing(2234): IndexChimeraService.getServiceInterface callingPackage=com.google.android.gms componentName=AppsCorpus serviceId=36
10-16 23:58:51.185: I/Icing(2234): IndexChimeraService.getServiceInterface callingPackage=com.google.android.gms componentName=AppsCorpus serviceId=32
10-16 23:58:51.187: I/ChromeSync(2234): [Persistence,AffiliationManager] Fetching affiliations from the server.
10-16 23:58:51.205: I/Icing(2234): Usage reports 0 indexed 0 rejected 0 imm upload false
10-16 23:58:51.212: I/Icing(2234): Usage reports 0 indexed 0 rejected 0 imm upload false
10-16 23:58:51.335: I/Icing(2234): Indexing 5DEFCCBD0E23F290BDC5D7F74C20C8155D1E3057 from com.google.android.gms
10-16 23:58:51.347: I/Icing(2234): Indexing done 5DEFCCBD0E23F290BDC5D7F74C20C8155D1E3057
10-16 23:58:51.492: I/Remoter(1477): Saved screenshot to '/data/screenshots/__pmv__-0066.jpg'
10-16 23:58:51.935: D/AndroidRuntime(5166): >>>>>> START com.android.internal.os.RuntimeInit uid 0 <<<<<<
10-16 23:58:51.937: D/AndroidRuntime(5166): CheckJNI is OFF
10-16 23:58:51.937: E/cutils-trace(5166): Error opening trace file: No such file or directory (2)
10-16 23:58:51.979: W/app_process(5166): Unexpected CPU variant for X86 using defaults: x86
10-16 23:58:51.980: W/nativebridge(5166): Failed to bind-mount /system/lib/x86/cpuinfo as /proc/cpuinfo: No such file or directory
10-16 23:58:51.992: I/Radio-JNI(5166): register_android_hardware_Radio DONE
10-16 23:58:51.995: D/AndroidRuntime(5166): Calling main entry com.android.commands.pm.Pm
10-16 23:58:52.021: I/Finsky(5011): [2] com.google.android.finsky.verifier.impl.PackageVerificationReceiver.onReceive(12): Verification requested, id = 2
10-16 23:58:52.023: W/Finsky(5011): [2] com.google.android.finsky.application.FinskyAppImpl.at(1142): No account configured on this device.
10-16 23:58:52.024: I/Finsky(5011): [349] com.google.android.finsky.verifier.impl.av.a(52): Skipping verification. Disabled by user setting
10-16 23:58:52.024: I/Finsky(5011): [349] com.google.android.finsky.verifier.impl.av.a(60): Skipping anti malware verification due to pre-check failure
10-16 23:58:52.026: I/Finsky(5011): [2] com.google.android.finsky.verifier.impl.bq.c(93): Verifying id=2, result=1
10-16 23:58:52.027: I/Finsky(5011): [2] com.google.android.finsky.verifier.impl.bq.c(104): Verification complete: id=2, package_name=com.google.android.apps.mtaas.backdrop
10-16 23:58:52.030: I/PackageManager.DexOptimizer(1626): Running dexopt (dexoptNeeded=1) on: /data/app/vmdl558350357.tmp/base.apk pkg=com.google.android.apps.mtaas.backdrop isa=x86 dexoptFlags=boot_complete,public target-filter=quicken oatDir=/data/app/vmdl558350357.tmp/oat sharedLibraries=null
10-16 23:58:52.039: W/dex2oat(5178): Unexpected CPU variant for X86 using defaults: x86
10-16 23:58:52.039: W/dex2oat(5178): Mismatch between dex2oat instruction set features (ISA: X86 Feature string: -ssse3,-sse4.1,-sse4.2,-avx,-avx2,-popcnt) and those of dex2oat executable (ISA: X86 Feature string: ssse3,-sse4.1,-sse4.2,-avx,-avx2,-popcnt) for the command line:
10-16 23:58:52.039: W/dex2oat(5178): /system/bin/dex2oat --zip-fd=6 --zip-location=base.apk --input-vdex-fd=-1 --output-vdex-fd=8 --oat-fd=7 --oat-location=/data/app/vmdl558350357.tmp/oat/x86/base.odex --instruction-set=x86 --instruction-set-variant=x86 --instruction-set-features=default --runtime-arg -Xms64m --runtime-arg -Xmx512m --compiler-filter=quicken --swap-fd=9 --classpath-dir=/data/app/vmdl558350357.tmp
10-16 23:58:52.039: I/dex2oat(5178): /system/bin/dex2oat --input-vdex-fd=-1 --output-vdex-fd=8 --compiler-filter=quicken --classpath-dir=/data/app/vmdl558350357.tmp
10-16 23:58:52.039: E/cutils-trace(5178): Error opening trace file: No such file or directory (2)
10-16 23:58:52.204: I/dex2oat(5178): dex2oat took 164.785ms (272.500ms cpu) (threads: 2) arena alloc=1592B (1592B) java alloc=677KB (694224B) native alloc=2MB (2279256B) free=1870KB (1915048B)
10-16 23:58:52.209: I/Icing(2234): Indexing 5DEFCCBD0E23F290BDC5D7F74C20C8155D1E3057 from com.google.android.gms
10-16 23:58:52.210: I/Icing(2234): Indexing done 5DEFCCBD0E23F290BDC5D7F74C20C8155D1E3057
10-16 23:58:52.227: V/BackupManagerService(1626): restoreAtInstall pkg=com.google.android.apps.mtaas.backdrop token=3 restoreSet=0
10-16 23:58:52.227: V/BackupManagerService(1626): Finishing install immediately
10-16 23:58:52.227: V/BackupManagerService(1626): [ 10-16 23:58:52.229  1497: 1671 E/         ]
10-16 23:58:52.227: V/BackupManagerService(1626): Couldn't opendir /data/app/vmdl558350357.tmp: No such file or directory
10-16 23:58:52.229: E/installd(1497): Failed to delete /data/app/vmdl558350357.tmp: No such file or directory
10-16 23:58:52.230: I/Pm(5166): Package com.google.android.apps.mtaas.backdrop installed in 234 ms
10-16 23:58:52.230: D/PackageInstaller(1626): Ignoring abandon after commit relinquished control
10-16 23:58:52.233: W/BroadcastQueue(1626): Background execution not allowed: receiving Intent { act=android.intent.action.PACKAGE_ADDED dat=package:com.google.android.apps.mtaas.backdrop flg=0x4000010 (has extras) } to com.android.musicfx/.Compatibility$Receiver
10-16 23:58:52.234: I/InputReader(1626): Reconfiguring input devices.  changes=0x00000010
10-16 23:58:52.235: D/Avrcp(1730): AvrcpServiceBroadcastReceiver-> Action: android.intent.action.PACKAGE_ADDED
10-16 23:58:52.235: D/Avrcp(1730): AvrcpServiceBroadcastReceiver-> packageName: com.google.android.apps.mtaas.backdrop
10-16 23:58:52.235: D/Avrcp(1730): packageName: com.google.android.apps.mtaas.backdrop removed: false
10-16 23:58:52.235: W/Finsky(5011): [2] com.google.android.finsky.application.FinskyAppImpl.at(1142): No account configured on this device.
10-16 23:58:52.237: I/chatty(5011): uid=10026(u0_a26) com.android.vending identical 1 line
10-16 23:58:52.237: W/Finsky(5011): [2] com.google.android.finsky.application.FinskyAppImpl.at(1142): No account configured on this device.
10-16 23:58:52.238: D/Avrcp(1730): isBrowsableListUpdated: false
10-16 23:58:52.238: D/BluetoothMapAppObserver(1730): onReceive
10-16 23:58:52.238: D/BluetoothMapAppObserver(1730): The installed package is: com.google.android.apps.mtaas.backdrop
10-16 23:58:52.238: D/BluetoothMapAppObserver(1730): Found 0 application(s) with intent android.bluetooth.action.BLUETOOTH_MAP_PROVIDER
10-16 23:58:52.239: I/app_process(5166): System.exit called, status: 0
10-16 23:58:52.239: I/AndroidRuntime(5166): VM exiting with result code 0.
10-16 23:58:52.239: D/BluetoothMapAppObserver(1730): Found 0 application(s) with intent android.bluetooth.action.BLUETOOTH_MAP_IM_PROVIDER
10-16 23:58:52.246: I/Telecom(1626): DefaultDialerCache: Refreshing default dialer for user 0: now com.google.android.dialer: DDC.oR@AHY
10-16 23:58:52.251: I/Finsky(5011): [2] com.google.android.finsky.utils.PermissionPolicies$PermissionPolicyService.onStartCommand(18): post-install permissions check for com.google.android.apps.mtaas.backdrop
10-16 23:58:52.252: W/Finsky(5011): [2] com.google.android.finsky.application.FinskyAppImpl.at(1142): No account configured on this device.
10-16 23:58:52.254: I/Finsky(5011): [2] com.google.android.finsky.externalreferrer.d.run(9): Package state data is missing for com.google.android.apps.mtaas.backdrop
10-16 23:58:52.257: D/WearableService(2149): onGetService - Wear is not available on this device.
10-16 23:58:52.258: D/CarrierSvcBindHelper(1823): No carrier app for: 0
10-16 23:58:52.259: D/ImsResolver(1823): maybeAddedImsService, packageName: com.google.android.apps.mtaas.backdrop
10-16 23:58:52.259: W/Finsky(5011): [2] com.google.android.finsky.application.FinskyAppImpl.at(1142): No account configured on this device.
10-16 23:58:52.259: D/CarrierConfigLoader(1823): mHandler: 9 phoneId: 0
10-16 23:58:52.262: E/Finsky(5011): [2] com.google.android.finsky.wear.bl.a(3): onConnectionFailed: ConnectionResult{statusCode=API_UNAVAILABLE, resolution=null, message=null}
10-16 23:58:52.262: W/Finsky(5011): [2] com.google.android.finsky.wear.aj.run(9): Dropping command=auto_install due to Gms not connected
10-16 23:58:52.269: W/Finsky(5011): [2] com.google.android.finsky.wear.aj.run(9): Dropping command=send_installed_apps due to Gms not connected
10-16 23:58:52.274: I/FontsPackageChangeOp(2234): Package com.google.android.apps.mtaas.backdrop has no metadata
10-16 23:58:52.278: D/Wear_Controller(2234): Received broadcast action=android.intent.action.PACKAGE_ADDED and uri=com.google.android.apps.mtaas.backdrop
10-16 23:58:52.289: I/ChromeSync(2234): [Persistence,AffiliationManager] Fetching affiliations from the server.
10-16 23:58:52.328: I/Icing(2234): IndexChimeraService.getServiceInterface callingPackage=com.google.android.gms componentName=AppsCorpus serviceId=36
10-16 23:58:52.329: I/Icing(2234): IndexChimeraService.getServiceInterface callingPackage=com.google.android.gms componentName=AppsCorpus serviceId=32
10-16 23:58:52.335: I/Icing(2234): Usage reports 0 indexed 0 rejected 0 imm upload false
10-16 23:58:52.533: I/Remoter(1477): Saved screenshot to '/data/screenshots/__pmv__-0067.jpg'
10-16 23:58:52.584: D/HeadsetPhoneState(1730): sendDeviceStateChanged. mService=1 mSignal=5 mRoam=0 mBatteryCharge=4
10-16 23:58:52.630: D/HeadsetPhoneState(1730): sendDeviceStateChanged. mService=1 mSignal=4 mRoam=0 mBatteryCharge=4
10-16 23:58:52.926: W/Finsky(5011): [2] com.google.android.finsky.application.FinskyAppImpl.at(1142): No account configured on this device.
10-16 23:58:52.986: D/AndroidRuntime(5203): >>>>>> START com.android.internal.os.RuntimeInit uid 0 <<<<<<
10-16 23:58:52.987: D/AndroidRuntime(5203): CheckJNI is OFF
10-16 23:58:52.987: E/cutils-trace(5203): Error opening trace file: No such file or directory (2)
10-16 23:58:53.024: W/app_process(5203): Unexpected CPU variant for X86 using defaults: x86
10-16 23:58:53.025: W/nativebridge(5203): Failed to bind-mount /system/lib/x86/cpuinfo as /proc/cpuinfo: No such file or directory
10-16 23:58:53.038: I/Radio-JNI(5203): register_android_hardware_Radio DONE
10-16 23:58:53.041: D/AndroidRuntime(5203): Calling main entry com.android.commands.pm.Pm
10-16 23:58:53.065: I/Finsky(5011): [2] com.google.android.finsky.verifier.impl.PackageVerificationReceiver.onReceive(12): Verification requested, id = 3
10-16 23:58:53.066: W/Finsky(5011): [2] com.google.android.finsky.application.FinskyAppImpl.at(1142): No account configured on this device.
10-16 23:58:53.067: I/Finsky(5011): [348] com.google.android.finsky.verifier.impl.av.a(52): Skipping verification. Disabled by user setting
10-16 23:58:53.067: I/Finsky(5011): [348] com.google.android.finsky.verifier.impl.av.a(60): Skipping anti malware verification due to pre-check failure
10-16 23:58:53.069: I/Finsky(5011): [2] com.google.android.finsky.verifier.impl.bq.c(93): Verifying id=3, result=1
10-16 23:58:53.069: I/Finsky(5011): [2] com.google.android.finsky.verifier.impl.bq.c(104): Verification complete: id=3, package_name=com.google.android.apps.auth.test.support
10-16 23:58:53.071: I/PackageParser(1626): com.google.android.apps.auth.test.support: compat added android.permission.WRITE_EXTERNAL_STORAGE android.permission.READ_PHONE_STATE
10-16 23:58:53.072: I/PackageManager.DexOptimizer(1626): Running dexopt (dexoptNeeded=1) on: /data/app/vmdl173899935.tmp/base.apk pkg=com.google.android.apps.auth.test.support isa=x86 dexoptFlags=boot_complete,public target-filter=quicken oatDir=/data/app/vmdl173899935.tmp/oat sharedLibraries=null
10-16 23:58:53.080: W/dex2oat(5215): Unexpected CPU variant for X86 using defaults: x86
10-16 23:58:53.080: W/dex2oat(5215): Mismatch between dex2oat instruction set features (ISA: X86 Feature string: -ssse3,-sse4.1,-sse4.2,-avx,-avx2,-popcnt) and those of dex2oat executable (ISA: X86 Feature string: ssse3,-sse4.1,-sse4.2,-avx,-avx2,-popcnt) for the command line:
10-16 23:58:53.080: W/dex2oat(5215): /system/bin/dex2oat --zip-fd=6 --zip-location=base.apk --input-vdex-fd=-1 --output-vdex-fd=8 --oat-fd=7 --oat-location=/data/app/vmdl173899935.tmp/oat/x86/base.odex --instruction-set=x86 --instruction-set-variant=x86 --instruction-set-features=default --runtime-arg -Xms64m --runtime-arg -Xmx512m --compiler-filter=quicken --swap-fd=9 --classpath-dir=/data/app/vmdl173899935.tmp
10-16 23:58:53.080: I/dex2oat(5215): /system/bin/dex2oat --input-vdex-fd=-1 --output-vdex-fd=8 --compiler-filter=quicken --classpath-dir=/data/app/vmdl173899935.tmp
10-16 23:58:53.080: E/cutils-trace(5215): Error opening trace file: No such file or directory (2)
10-16 23:58:53.140: I/dex2oat(5215): dex2oat took 60.183ms (87.447ms cpu) (threads: 2) arena alloc=7KB (8008B) java alloc=251KB (257272B) native alloc=1235KB (1265112B) free=1836KB (1880616B)
10-16 23:58:53.162: V/BackupManagerService(1626): restoreAtInstall pkg=com.google.android.apps.auth.test.support token=4 restoreSet=0
10-16 23:58:53.162: V/BackupManagerService(1626): Finishing install immediately
10-16 23:58:53.162: V/BackupManagerService(1626): [ 10-16 23:58:53.163  1497: 1497 E/         ]
10-16 23:58:53.162: V/BackupManagerService(1626): Couldn't opendir /data/app/vmdl173899935.tmp: No such file or directory
10-16 23:58:53.163: E/installd(1497): Failed to delete /data/app/vmdl173899935.tmp: No such file or directory
10-16 23:58:53.165: I/Pm(5203): Package com.google.android.apps.auth.test.support installed in 122 ms
10-16 23:58:53.166: D/PackageInstaller(1626): Ignoring abandon after commit relinquished control
10-16 23:58:53.167: I/app_process(5203): System.exit called, status: 0
10-16 23:58:53.167: I/AndroidRuntime(5203): VM exiting with result code 0.
10-16 23:58:53.169: W/BroadcastQueue(1626): Background execution not allowed: receiving Intent { act=android.intent.action.PACKAGE_ADDED dat=package:com.google.android.apps.auth.test.support flg=0x4000010 (has extras) } to com.android.musicfx/.Compatibility$Receiver
10-16 23:58:53.170: D/Avrcp(1730): AvrcpServiceBroadcastReceiver-> Action: android.intent.action.PACKAGE_ADDED
10-16 23:58:53.170: D/Avrcp(1730): AvrcpServiceBroadcastReceiver-> packageName: com.google.android.apps.auth.test.support
10-16 23:58:53.170: D/Avrcp(1730): packageName: com.google.android.apps.auth.test.support removed: false
10-16 23:58:53.171: I/InputReader(1626): Reconfiguring input devices.  changes=0x00000010
10-16 23:58:53.172: W/Finsky(5011): [2] com.google.android.finsky.application.FinskyAppImpl.at(1142): No account configured on this device.
10-16 23:58:53.173: I/chatty(5011): uid=10026(u0_a26) com.android.vending identical 1 line
10-16 23:58:53.174: W/Finsky(5011): [2] com.google.android.finsky.application.FinskyAppImpl.at(1142): No account configured on this device.
10-16 23:58:53.175: D/Avrcp(1730): isBrowsableListUpdated: false
10-16 23:58:53.175: D/BluetoothMapAppObserver(1730): onReceive
10-16 23:58:53.175: D/BluetoothMapAppObserver(1730): The installed package is: com.google.android.apps.auth.test.support
10-16 23:58:53.175: D/BluetoothMapAppObserver(1730): Found 0 application(s) with intent android.bluetooth.action.BLUETOOTH_MAP_PROVIDER
10-16 23:58:53.175: D/BluetoothMapAppObserver(1730): Found 0 application(s) with intent android.bluetooth.action.BLUETOOTH_MAP_IM_PROVIDER
10-16 23:58:53.181: I/Telecom(1626): DefaultDialerCache: Refreshing default dialer for user 0: now com.google.android.dialer: DDC.oR@AHc
10-16 23:58:53.192: I/Finsky(5011): [2] com.google.android.finsky.utils.PermissionPolicies$PermissionPolicyService.onStartCommand(18): post-install permissions check for com.google.android.apps.auth.test.support
10-16 23:58:53.195: W/Finsky(5011): [2] com.google.android.finsky.application.FinskyAppImpl.at(1142): No account configured on this device.
10-16 23:58:53.198: I/Finsky(5011): [2] com.google.android.finsky.externalreferrer.d.run(9): Package state data is missing for com.google.android.apps.auth.test.support
10-16 23:58:53.198: D/CarrierSvcBindHelper(1823): No carrier app for: 0
10-16 23:58:53.198: D/ImsResolver(1823): maybeAddedImsService, packageName: com.google.android.apps.auth.test.support
10-16 23:58:53.199: W/Finsky(5011): [2] com.google.android.finsky.application.FinskyAppImpl.at(1142): No account configured on this device.
10-16 23:58:53.199: D/CarrierConfigLoader(1823): mHandler: 9 phoneId: 0
10-16 23:58:53.201: D/WearableService(2149): onGetService - Wear is not available on this device.
10-16 23:58:53.202: E/Finsky(5011): [2] com.google.android.finsky.wear.bl.a(3): onConnectionFailed: ConnectionResult{statusCode=API_UNAVAILABLE, resolution=null, message=null}
10-16 23:58:53.202: W/Finsky(5011): [2] com.google.android.finsky.wear.aj.run(9): Dropping command=auto_install due to Gms not connected
10-16 23:58:53.202: W/Finsky(5011): [2] com.google.android.finsky.wear.aj.run(9): Dropping command=send_installed_apps due to Gms not connected
10-16 23:58:53.212: I/Icing(2234): IndexChimeraService.getServiceInterface callingPackage=com.google.android.gms componentName=AppsCorpus serviceId=36
10-16 23:58:53.213: I/Icing(2234): IndexChimeraService.getServiceInterface callingPackage=com.google.android.gms componentName=AppsCorpus serviceId=32
10-16 23:58:53.215: D/Wear_Controller(2234): Received broadcast action=android.intent.action.PACKAGE_ADDED and uri=com.google.android.apps.auth.test.support
10-16 23:58:53.226: I/ChromeSync(2234): [Persistence,AffiliationManager] Fetching affiliations from the server.
10-16 23:58:53.230: I/Icing(2234): Usage reports 0 indexed 0 rejected 0 imm upload false
10-16 23:58:53.239: I/Icing(2234): Usage reports 0 indexed 0 rejected 0 imm upload false
10-16 23:58:53.342: I/Icing(2234): Indexing 5DEFCCBD0E23F290BDC5D7F74C20C8155D1E3057 from com.google.android.gms
10-16 23:58:53.351: I/Icing(2234): Indexing done 5DEFCCBD0E23F290BDC5D7F74C20C8155D1E3057
10-16 23:58:53.572: I/Remoter(1477): Saved screenshot to '/data/screenshots/__pmv__-0068.jpg'
10-16 23:58:53.849: D/AndroidRuntime(5240): >>>>>> START com.android.internal.os.RuntimeInit uid 0 <<<<<<
10-16 23:58:53.851: D/AndroidRuntime(5240): CheckJNI is OFF
10-16 23:58:53.851: E/cutils-trace(5240): Error opening trace file: No such file or directory (2)
10-16 23:58:53.887: W/app_process(5240): Unexpected CPU variant for X86 using defaults: x86
10-16 23:58:53.888: W/nativebridge(5240): Failed to bind-mount /system/lib/x86/cpuinfo as /proc/cpuinfo: No such file or directory
10-16 23:58:53.900: I/Radio-JNI(5240): register_android_hardware_Radio DONE
10-16 23:58:53.902: D/AndroidRuntime(5240): Calling main entry com.android.commands.pm.Pm
10-16 23:58:53.928: I/Finsky(5011): [2] com.google.android.finsky.verifier.impl.PackageVerificationReceiver.onReceive(12): Verification requested, id = 4
10-16 23:58:53.929: W/Finsky(5011): [2] com.google.android.finsky.application.FinskyAppImpl.at(1142): No account configured on this device.
10-16 23:58:53.930: I/Finsky(5011): [349] com.google.android.finsky.verifier.impl.av.a(52): Skipping verification. Disabled by user setting
10-16 23:58:53.930: I/Finsky(5011): [349] com.google.android.finsky.verifier.impl.av.a(60): Skipping anti malware verification due to pre-check failure
10-16 23:58:53.933: I/Finsky(5011): [2] com.google.android.finsky.verifier.impl.bq.c(93): Verifying id=4, result=1
10-16 23:58:53.933: I/Finsky(5011): [2] com.google.android.finsky.verifier.impl.bq.c(104): Verification complete: id=4, package_name=com.google.android.apps.mtaas.testloop
10-16 23:58:53.936: I/PackageManager.DexOptimizer(1626): Running dexopt (dexoptNeeded=1) on: /data/app/vmdl712776620.tmp/base.apk pkg=com.google.android.apps.mtaas.testloop isa=x86 dexoptFlags=boot_complete,public target-filter=quicken oatDir=/data/app/vmdl712776620.tmp/oat sharedLibraries=null
10-16 23:58:53.945: W/dex2oat(5252): Unexpected CPU variant for X86 using defaults: x86
10-16 23:58:53.945: W/dex2oat(5252): Mismatch between dex2oat instruction set features (ISA: X86 Feature string: -ssse3,-sse4.1,-sse4.2,-avx,-avx2,-popcnt) and those of dex2oat executable (ISA: X86 Feature string: ssse3,-sse4.1,-sse4.2,-avx,-avx2,-popcnt) for the command line:
10-16 23:58:53.945: W/dex2oat(5252): /system/bin/dex2oat --zip-fd=6 --zip-location=base.apk --input-vdex-fd=-1 --output-vdex-fd=8 --oat-fd=7 --oat-location=/data/app/vmdl712776620.tmp/oat/x86/base.odex --instruction-set=x86 --instruction-set-variant=x86 --instruction-set-features=default --runtime-arg -Xms64m --runtime-arg -Xmx512m --compiler-filter=quicken --swap-fd=9 --classpath-dir=/data/app/vmdl712776620.tmp
10-16 23:58:53.945: I/dex2oat(5252): /system/bin/dex2oat --input-vdex-fd=-1 --output-vdex-fd=8 --compiler-filter=quicken --classpath-dir=/data/app/vmdl712776620.tmp
10-16 23:58:53.945: E/cutils-trace(5252): Error opening trace file: No such file or directory (2)
10-16 23:58:54.129: I/dex2oat(5252): dex2oat took 184.230ms (297.171ms cpu) (threads: 2) arena alloc=1592B (1592B) java alloc=778KB (796672B) native alloc=2MB (2376184B) free=1775KB (1818120B)
10-16 23:58:54.151: V/BackupManagerService(1626): restoreAtInstall pkg=com.google.android.apps.mtaas.testloop token=5 restoreSet=0
10-16 23:58:54.151: V/BackupManagerService(1626): Finishing install immediately
10-16 23:58:54.153: I/GnssLocationProvider(1626): WakeLock acquired by sendMessage(SET_REQUEST, 0, com.android.server.location.GnssLocationProvider$GpsRequest@7023504)
10-16 23:58:54.154: I/GnssLocationProvider(1626): WakeLock released by handleMessage(SET_REQUEST, 0, com.android.server.location.GnssLocationProvider$GpsRequest@7023504)
10-16 23:58:54.154: D/VoldConnector(1626): SND -> {8 volume remount_uid 10088 read}
10-16 23:58:54.154: D/vold(1410): Remounting 10088 as mode read
10-16 23:58:54.157: D/VoldConnector(1626): RCV <- {200 8 Command succeeded}
10-16 23:58:54.157: I/GnssLocationProvider(1626): WakeLock acquired by sendMessage(SET_REQUEST, 0, com.android.server.location.GnssLocationProvider$GpsRequest@c303d22)
10-16 23:58:54.158: I/GnssLocationProvider(1626): WakeLock released by handleMessage(SET_REQUEST, 0, com.android.server.location.GnssLocationProvider$GpsRequest@c303d22)
10-16 23:58:54.158: D/VoldConnector(1626): SND -> {9 volume remount_uid 10088 write}
10-16 23:58:54.158: D/vold(1410): Remounting 10088 as mode write
10-16 23:58:54.159: D/VoldConnector(1626): RCV <- {200 9 Command succeeded}
10-16 23:58:54.159: D/VoldConnector(1626): [ 10-16 23:58:54.159  1497: 1670 E/         ]
10-16 23:58:54.159: D/VoldConnector(1626): Couldn't opendir /data/app/vmdl712776620.tmp: No such file or directory
10-16 23:58:54.159: E/installd(1497): Failed to delete /data/app/vmdl712776620.tmp: No such file or directory
10-16 23:58:54.162: I/Pm(5240): Package com.google.android.apps.mtaas.testloop installed in 258 ms
10-16 23:58:54.165: I/app_process(5240): System.exit called, status: 0
10-16 23:58:54.165: I/AndroidRuntime(5240): VM exiting with result code 0.
10-16 23:58:54.167: I/InputReader(1626): Reconfiguring input devices.  changes=0x00000010
10-16 23:58:54.167: D/ImsResolver(1823): maybeAddedImsService, packageName: com.google.android.apps.mtaas.testloop
10-16 23:58:54.170: W/BroadcastQueue(1626): Background execution not allowed: receiving Intent { act=android.intent.action.PACKAGE_ADDED dat=package:com.google.android.apps.mtaas.testloop flg=0x4000010 (has extras) } to com.android.musicfx/.Compatibility$Receiver
10-16 23:58:54.171: D/Avrcp(1730): AvrcpServiceBroadcastReceiver-> Action: android.intent.action.PACKAGE_ADDED
10-16 23:58:54.171: D/Avrcp(1730): AvrcpServiceBroadcastReceiver-> packageName: com.google.android.apps.mtaas.testloop
10-16 23:58:54.171: D/Avrcp(1730): packageName: com.google.android.apps.mtaas.testloop removed: false
10-16 23:58:54.172: D/Avrcp(1730): isBrowsableListUpdated: false
10-16 23:58:54.172: D/BluetoothMapAppObserver(1730): onReceive
10-16 23:58:54.172: D/BluetoothMapAppObserver(1730): The installed package is: com.google.android.apps.mtaas.testloop
10-16 23:58:54.172: D/BluetoothMapAppObserver(1730): Found 0 application(s) with intent android.bluetooth.action.BLUETOOTH_MAP_PROVIDER
10-16 23:58:54.172: W/Finsky(5011): [2] com.google.android.finsky.application.FinskyAppImpl.at(1142): No account configured on this device.
10-16 23:58:54.173: D/BluetoothMapAppObserver(1730): Found 0 application(s) with intent android.bluetooth.action.BLUETOOTH_MAP_IM_PROVIDER
10-16 23:58:54.178: W/Finsky(5011): [2] com.google.android.finsky.application.FinskyAppImpl.at(1142): No account configured on this device.
10-16 23:58:54.186: I/Telecom(1626): DefaultDialerCache: Refreshing default dialer for user 0: now com.google.android.dialer: DDC.oR@AHg
10-16 23:58:54.192: I/Finsky(5011): [2] com.google.android.finsky.utils.PermissionPolicies$PermissionPolicyService.onStartCommand(18): post-install permissions check for com.google.android.apps.mtaas.testloop
10-16 23:58:54.192: W/Finsky(5011): [2] com.google.android.finsky.application.FinskyAppImpl.at(1142): No account configured on this device.
10-16 23:58:54.195: I/Finsky(5011): [2] com.google.android.finsky.externalreferrer.d.run(9): Package state data is missing for com.google.android.apps.mtaas.testloop
10-16 23:58:54.197: W/Finsky(5011): [2] com.google.android.finsky.application.FinskyAppImpl.at(1142): No account configured on this device.
10-16 23:58:54.197: D/WearableService(2149): onGetService - Wear is not available on this device.
10-16 23:58:54.197: D/CarrierSvcBindHelper(1823): No carrier app for: 0
10-16 23:58:54.198: D/CarrierConfigLoader(1823): mHandler: 9 phoneId: 0
10-16 23:58:54.199: E/Finsky(5011): [2] com.google.android.finsky.wear.bl.a(3): onConnectionFailed: ConnectionResult{statusCode=API_UNAVAILABLE, resolution=null, message=null}
10-16 23:58:54.199: W/Finsky(5011): [2] com.google.android.finsky.wear.aj.run(9): Dropping command=auto_install due to Gms not connected
10-16 23:58:54.201: I/FontsPackageChangeOp(2234): Package com.google.android.apps.mtaas.testloop has no metadata
10-16 23:58:54.203: W/Finsky(5011): [2] com.google.android.finsky.wear.aj.run(9): Dropping command=send_installed_apps due to Gms not connected
10-16 23:58:54.206: D/Wear_Controller(2234): Received broadcast action=android.intent.action.PACKAGE_ADDED and uri=com.google.android.apps.mtaas.testloop
10-16 23:58:54.214: I/ChromeSync(2234): [Persistence,AffiliationManager] Fetching affiliations from the server.
10-16 23:58:54.219: I/Icing(2234): IndexChimeraService.getServiceInterface callingPackage=com.google.android.gms componentName=AppsCorpus serviceId=36
