10-16 23:59:25.192: I/Bugle(6953): Carrier configs loaded: Bundle[{httpSocketTimeout=60000, aliasMinChars=2, smsToMmsTextThreshold=-1, enableSMSDeliveryReports=true, maxMessageTextSize=-1, supportMmsContentDisposition=true, enabledTransID=false, aliasEnabled=false, supportHttpCharsetHeader=false, allowAttachAudio=true, spamForwardingNumber=7726, smsToMmsTextLengthThreshold=-1, recipientLimit=2147483647, uaProfTagName=x-wap-profile, aliasMaxChars=48, maxImageHeight=1944, enableMMSDeliveryReports=false, userAgent=, mmsCloseConnection=false, config_cellBroadcastAppLinks=true, maxSubjectLength=40, httpParams=, enableGroupMms=true, allowEnablingWapPushSI=false, emailGatewayNumber=, maxMessageSize=1048576, naiSuffix=, enableMMSReadReports=false, maxImageWidth=2592, uaProfUrl=, enabledMMS=true, enabledNotifyWapMMSC=false, enableWapPushSI=true, sendMultipartSmsAsSeparateMessages=false, enableMultipartSMS=true}] from resources+system for subId=1
10-16 23:59:25.214: W/zygote(7062): Class com.google.android.gms.analytics.internal.F failed lock verification and will run slower.
10-16 23:59:25.215: W/zygote(7062): Class com.google.android.gms.analytics.k failed lock verification and will run slower.
10-16 23:59:25.224: W/zygote(7062): Class android.support.v4.a.b failed lock verification and will run slower.
10-16 23:59:25.229: W/zygote(7062): Class com.google.android.gms.internal.Q failed lock verification and will run slower.
10-16 23:59:25.229: W/GAv4(7062): AnalyticsReceiver is not registered or is disabled. Register the receiver for reliable dispatching on non-Google Play devices. See http://goo.gl/8Rd3yj for instructions.
10-16 23:59:25.230: W/GAv4(7062): CampaignTrackingReceiver is not registered, not exported or is disabled. Installation campaign tracking is not possible. See http://goo.gl/8Rd3yj for instructions.
10-16 23:59:25.231: W/zygote(7062): Class com.google.android.gms.common.m failed lock verification and will run slower.
10-16 23:59:25.232: W/GAv4(7062): AnalyticsService not registered in the app manifest. Hits might not be delivered reliably. See http://goo.gl/8Rd3yj for instructions.
10-16 23:59:25.236: I/HeterodyneSyncScheduler(6126): Scheduling adaptive one off task with window [14400, 604800] in seconds
10-16 23:59:25.241: I/ShortcutBadger(6953): Checking if platform supports badge counters, attempt 1/3.
10-16 23:59:25.242: I/ShortcutBadger(6953): Checking if platform supports badge counters, attempt 2/3.
10-16 23:59:25.243: I/ShortcutBadger(6953): Checking if platform supports badge counters, attempt 3/3.
10-16 23:59:25.244: W/ShortcutBadger(6953): Badge counter seems not supported in this platform: unable to resolve intent: Intent { act=android.intent.action.BADGE_COUNT_UPDATE (has extras) }
10-16 23:59:25.250: W/zygote(7062): Class com.google.android.gms.gcm.g failed lock verification and will run slower.
10-16 23:59:25.252: W/InstanceID/Rpc(7062): Found 10014
10-16 23:59:25.254: I/ActivityManager(1626): Killing 6410:com.android.chrome/u0a46 (adj 906): empty #17
10-16 23:59:25.334: I/NetRec(6126): [574] ConfigChangedIntentOperation.onHandleIntent: Handling a Phenotype update
10-16 23:59:25.334: I/NetRec(6126): [574] yjf.b: onConfigChanged()
10-16 23:59:25.376: I/PhenotypeFlagCommitter(7002): Experiment Configs successfully retrieved for com.google.android.instantapps
10-16 23:59:25.380: W/zygote(7097): Unexpected CPU variant for X86 using defaults: x86
10-16 23:59:25.381: I/ActivityManager(1626): Start proc 7097:com.google.android.dialer/u0a18 for broadcast com.google.android.dialer/com.google.android.apps.dialer.phenotype.UpdateBroadcastReceiver
10-16 23:59:25.391: I/ActivityManager(1626): Killing 5646:com.google.android.apps.walletnfcrel/u0a80 (adj 906): empty #17
10-16 23:59:25.395: W/System(7097): ClassLoader referenced unknown path: /system/framework/com.google.android.dialer.support.jar
10-16 23:59:25.429: D/CountryDetector(1626): The first listener is added
10-16 23:59:25.451: I/Dialer(7097): GoogleDialerApplication.onCreate - enter
10-16 23:59:25.462: I/Dialer(7097): NonUiTaskBuilder.newThread - creating parallel thread
10-16 23:59:25.463: I/Dialer(7097): CallLogFramework.registerContentObservers - enter
10-16 23:59:25.467: I/Dialer(7097): NonUiTaskBuilder.newThread - creating serial thread
10-16 23:59:25.475: I/Dialer(7097): NonUiTaskBuilder.newThread - creating parallel thread
10-16 23:59:25.476: I/Dialer(7097): ShortcutsJobScheduler.scheduleAllJobs - enter
10-16 23:59:25.480: I/Dialer(7097): ShortcutsJobScheduler.scheduleAllJobs - enabling shortcuts
10-16 23:59:25.481: I/Dialer(7097): PeriodicJobService.schedulePeriodicJob - enter
10-16 23:59:25.490: I/NetRec(6126): [574] ConfigChangedIntentOperation.onHandleIntent: Handling a Phenotype update
10-16 23:59:25.490: I/NetRec(6126): [574] yjf.b: onConfigChanged()
10-16 23:59:25.491: I/Dialer(7097): PeriodicJobService.schedulePeriodicJob - job already scheduled.
10-16 23:59:25.493: I/Dialer(7097): GoogleDialerPrimes - Initializing
10-16 23:59:25.493: I/Icing(6149): IndexChimeraService.getServiceInterface callingPackage=com.google.android.apps.messaging componentName=null serviceId=36
10-16 23:59:25.493: I/Dialer(7097): GoogleDialerPrimes - Primes Metrics Monitoring started
10-16 23:59:25.497: I/Dialer(7097): GoogleDialerApplication.onCreate - register new client
10-16 23:59:25.506: I/Dialer(7097): GoogleDialerApplication.onCreate - registered new client
10-16 23:59:25.518: I/Dialer(7097): UpdateBroadcastReceiver.getAccountName - accountName: Redacted-54-chars
10-16 23:59:25.531: W/ekg(7097): copyMemory is missing from platform - proto runtime falling back to safer methods.
10-16 23:59:25.537: I/NetRec(6126): [578] ConfigChangedIntentOperation.onHandleIntent: Handling a Phenotype update
10-16 23:59:25.537: I/NetRec(6126): [578] yjf.b: onConfigChanged()
10-16 23:59:25.541: I/Dialer(7097): Flags.register - phenotype register status: Status{statusCode=SUCCESS, resolution=null}
10-16 23:59:25.578: I/Dialer(7097): UpdateBroadcastReceiver.onReceive - update succeeded? true
10-16 23:59:25.578: I/ActivityManager(1626): Killing 5678:com.google.android.calendar/u0a49 (adj 906): empty #17
10-16 23:59:25.599: I/NetRec(6126): [574] ConfigChangedIntentOperation.onHandleIntent: Handling a Phenotype update
10-16 23:59:25.599: I/NetRec(6126): [574] yjf.b: onConfigChanged()
10-16 23:59:25.622: E/JavaBinder(1626): !!! FAILED BINDER TRANSACTION !!!  (parcel size = 3180)
10-16 23:59:25.622: W/BroadcastQueue(1626): Exception when sending broadcast to ComponentInfo{com.google.android.calendar/com.google.android.apps.calendar.config.phenotypesupport.PhenotypeBroadcastReceiver}
10-16 23:59:25.622: W/BroadcastQueue(1626): android.os.DeadObjectException: Transaction failed on small parcel; remote process probably died
10-16 23:59:25.622: W/BroadcastQueue(1626): 	at android.os.BinderProxy.transactNative(Native Method)
10-16 23:59:25.622: W/BroadcastQueue(1626): 	at android.os.BinderProxy.transact(Binder.java:748)
10-16 23:59:25.622: W/BroadcastQueue(1626): 	at android.app.IApplicationThread$Stub$Proxy.scheduleReceiver(IApplicationThread.java:1302)
10-16 23:59:25.622: W/BroadcastQueue(1626): 	at com.android.server.am.BroadcastQueue.processCurBroadcastLocked(BroadcastQueue.java:301)
10-16 23:59:25.622: W/BroadcastQueue(1626): 	at com.android.server.am.BroadcastQueue.processNextBroadcast(BroadcastQueue.java:1324)
10-16 23:59:25.622: W/BroadcastQueue(1626): 	at com.android.server.am.ActivityManagerService.finishReceiver(ActivityManagerService.java:19734)
10-16 23:59:25.622: W/BroadcastQueue(1626): 	at android.app.IActivityManager$Stub.onTransact(IActivityManager.java:283)
10-16 23:59:25.622: W/BroadcastQueue(1626): 	at com.android.server.am.ActivityManagerService.onTransact(ActivityManagerService.java:2921)
10-16 23:59:25.622: W/BroadcastQueue(1626): 	at android.os.Binder.execTransact(Binder.java:674)
10-16 23:59:25.627: W/system_server(1626): failed to open /acct/uid_10049/pid_5678/cgroup.procs: No such file or directory
10-16 23:59:25.635: W/zygote(7141): Unexpected CPU variant for X86 using defaults: x86
10-16 23:59:25.638: I/ActivityManager(1626): Start proc 7141:com.google.android.calendar/u0a49 for broadcast com.google.android.calendar/com.google.android.apps.calendar.config.phenotypesupport.PhenotypeBroadcastReceiver
10-16 23:59:25.666: I/NetRec(6126): [574] ConfigChangedIntentOperation.onHandleIntent: Handling a Phenotype update
10-16 23:59:25.666: I/NetRec(6126): [574] yjf.b: onConfigChanged()
10-16 23:59:25.690: I/NetRec(6126): [578] ConfigChangedIntentOperation.onHandleIntent: Handling a Phenotype update
10-16 23:59:25.690: I/NetRec(6126): [578] yjf.b: onConfigChanged()
10-16 23:59:25.693: I/CAR.SERVICE(6760): Skip, no clients bound.
10-16 23:59:25.707: I/NetRec(6126): [576] ConfigChangedIntentOperation.onHandleIntent: Handling a Phenotype update
10-16 23:59:25.707: I/NetRec(6126): [576] yjf.b: onConfigChanged()
10-16 23:59:25.723: I/NetRec(6126): [574] ConfigChangedIntentOperation.onHandleIntent: Handling a Phenotype update
10-16 23:59:25.723: I/NetRec(6126): [574] yjf.b: onConfigChanged()
10-16 23:59:25.731: I/WearableService(6126): Wearable Services stopping
10-16 23:59:25.749: I/NetRec(6126): [574] ConfigChangedIntentOperation.onHandleIntent: Handling a Phenotype update
10-16 23:59:25.749: I/NetRec(6126): [574] yjf.b: onConfigChanged()
10-16 23:59:25.764: E/IntentOperationSvc(6149): Failed to instantiate Chimera operation impl com.google.android.gms.people.service.SettingsChangedBroadcastIntentOperation, dropping operation
10-16 23:59:25.764: E/IntentOperationSvc(6149): java.lang.reflect.InvocationTargetException
10-16 23:59:25.764: E/IntentOperationSvc(6149): 	at java.lang.reflect.Constructor.newInstance0(Native Method)
10-16 23:59:25.764: E/IntentOperationSvc(6149): 	at java.lang.reflect.Constructor.newInstance(Constructor.java:334)
10-16 23:59:25.764: E/IntentOperationSvc(6149): 	at bwj.a(:com.google.android.gms@11519470:8)
10-16 23:59:25.764: E/IntentOperationSvc(6149): 	at bwk.run(:com.google.android.gms@11519470:69)
10-16 23:59:25.764: E/IntentOperationSvc(6149): 	at java.util.concurrent.ThreadPoolExecutor.runWorker(ThreadPoolExecutor.java:1162)
10-16 23:59:25.764: E/IntentOperationSvc(6149): 	at java.util.concurrent.ThreadPoolExecutor$Worker.run(ThreadPoolExecutor.java:636)
10-16 23:59:25.764: E/IntentOperationSvc(6149): 	at java.lang.Thread.run(Thread.java:764)
10-16 23:59:25.764: E/IntentOperationSvc(6149): Caused by: java.lang.NullPointerException: Attempt to invoke virtual method 'android.content.SharedPreferences android.content.Context.getSharedPreferences(java.lang.String, int)' on a null object reference
10-16 23:59:25.764: E/IntentOperationSvc(6149): 	at android.content.ContextWrapper.getSharedPreferences(ContextWrapper.java:167)
10-16 23:59:25.764: E/IntentOperationSvc(6149): 	at zbv.a(:com.google.android.gms@11519470:6)
10-16 23:59:25.764: E/IntentOperationSvc(6149): 	at com.google.android.gms.people.service.SettingsChangedBroadcastIntentOperation.<init>(:com.google.android.gms@11519470:2)
10-16 23:59:25.764: E/IntentOperationSvc(6149): 	... 7 more
10-16 23:59:25.765: W/OcrModelUpStIntentOp(6149): Invalid action: com.google.android.gms.phenotype.COMMITTED
10-16 23:59:25.788: I/NetRec(6126): [576] ConfigChangedIntentOperation.onHandleIntent: Handling a Phenotype update
10-16 23:59:25.788: I/NetRec(6126): [576] yjf.b: onConfigChanged()
10-16 23:59:25.789: I/PTCommittedOperation(6126): Receive new configuration for com.google.android.gms.ulr
10-16 23:59:25.792: I/zygote(6126): Deoptimizing boolean arxp.hasNext() due to JIT inline cache
10-16 23:59:25.793: I/GCoreUlr(6126): Starting service, intent=Intent { act=com.google.android.location.reporting.ACTION_UPDATE_WORLD cmp=com.google.android.gms/com.google.android.location.reporting.service.DispatchingService (has extras) }, extras=Bundle[{receiverAction=com.google.gservices.intent.action.GSERVICES_CHANGED}]
10-16 23:59:25.816: I/NetRec(6126): [595] ConfigChangedIntentOperation.onHandleIntent: Handling a Phenotype update
10-16 23:59:25.816: I/NetRec(6126): [595] yjf.b: onConfigChanged()
10-16 23:59:25.819: I/GCoreUlr(6126): WorldUpdater received intent Intent { act=com.google.android.location.reporting.ACTION_UPDATE_WORLD cmp=com.google.android.gms/com.google.android.location.reporting.service.DispatchingService (has extras) } with receiverAction com.google.gservices.intent.action.GSERVICES_CHANGED
10-16 23:59:25.851: I/GCoreUlr(6126): WorldUpdater:com.google.gservices.intent.action.GSERVICES_CHANGED: Ensuring that reporting is stopped because of reasons: {account#11#=[InactiveReason{mIdentifier=4, mName='GoogleLocationDisabled'}, InactiveReason{mIdentifier=10, mName='AuthError'}, InactiveReason{mIdentifier=6, mName='ReportingNotEnabled'}, InactiveReason{mIdentifier=14, mName='HistoryNotEnabled'}]}
10-16 23:59:25.855: I/NetRec(6126): [595] ConfigChangedIntentOperation.onHandleIntent: Handling a Phenotype update
10-16 23:59:25.855: I/NetRec(6126): [595] yjf.b: onConfigChanged()
10-16 23:59:25.858: I/GCoreUlr(6126): Unbound from all location providers
10-16 23:59:25.858: I/GCoreUlr(6126): Place inference reporting - stop
10-16 23:59:25.863: I/NetRec(6126): [595] ConfigChangedIntentOperation.onHandleIntent: Handling a Phenotype update
10-16 23:59:25.863: I/NetRec(6126): [595] yjf.b: onConfigChanged()
10-16 23:59:25.864: I/ActivityManager(1626): Killing 6430:com.google.process.gapps/u0a52 (adj 906): empty #17
10-16 23:59:25.869: I/GCoreUlr(6126): Unregistering for aliased place alerts.
10-16 23:59:25.872: I/NetRec(6126): [595] ConfigChangedIntentOperation.onHandleIntent: Handling a Phenotype update
10-16 23:59:25.872: I/NetRec(6126): [595] yjf.b: onConfigChanged()
10-16 23:59:25.901: I/Places(6126): ?: Couldn't find platform key file.
10-16 23:59:25.910: I/NetRec(6126): [575] ConfigChangedIntentOperation.onHandleIntent: Handling a Phenotype update
10-16 23:59:25.910: I/NetRec(6126): [575] yjf.b: onConfigChanged()
10-16 23:59:25.948: I/zygote(6126): Deoptimizing int nn.a(java.lang.Object, int) due to JIT inline cache
10-16 23:59:25.955: I/GCoreUlr(6126): DispatchingService.onDestroy()
10-16 23:59:25.981: I/GCoreUlr(6126): Stopping handler for UlrDispSvcFast
10-16 23:59:25.983: I/GCoreUlr(6126): Unbound from all location providers
10-16 23:59:25.983: I/GCoreUlr(6126): Place inference reporting - stop
10-16 23:59:25.984: I/GCoreUlr(6126): Unregistering for aliased place alerts.
10-16 23:59:25.990: I/GeofencerStateMachine(6126): removeGeofences: removeRequest=RemoveGeofencingRequest[REMOVE_BY_PENDING_INTENT pendingIntent=PendingIntent[creatorPackage=com.google.android.gms], packageName=null]
10-16 23:59:25.991: I/GeofencerStateMachine(6126): removeGeofences: removeRequest=RemoveGeofencingRequest[REMOVE_BY_PENDING_INTENT pendingIntent=PendingIntent[creatorPackage=com.google.android.gms], packageName=null]
10-16 23:59:25.992: I/NetRec(6126): [531] ConfigChangedIntentOperation.onHandleIntent: Handling a Phenotype update
10-16 23:59:25.992: I/NetRec(6126): [531] yjf.b: onConfigChanged()
10-16 23:59:25.994: I/GeofencerStateMachine(6126): removeGeofences: removeRequest=RemoveGeofencingRequest[REMOVE_BY_PENDING_INTENT pendingIntent=PendingIntent[creatorPackage=com.google.android.gms], packageName=null]
10-16 23:59:25.999: I/Places(6126): ?: Couldn't find platform key file.
10-16 23:59:26.008: I/GeofencerStateMachine(6126): removeGeofences: removeRequest=RemoveGeofencingRequest[REMOVE_BY_PENDING_INTENT pendingIntent=PendingIntent[creatorPackage=com.google.android.gms], packageName=null]
10-16 23:59:26.009: I/chatty(6126): uid=10014(u0_a14) com.google.android.gms.persistent identical 1 line
10-16 23:59:26.023: I/GeofencerStateMachine(6126): removeGeofences: removeRequest=RemoveGeofencingRequest[REMOVE_BY_PENDING_INTENT pendingIntent=PendingIntent[creatorPackage=com.google.android.gms], packageName=null]
10-16 23:59:26.036: I/NetRec(6126): [575] ConfigChangedIntentOperation.onHandleIntent: Handling a Phenotype update
10-16 23:59:26.036: I/NetRec(6126): [575] yjf.b: onConfigChanged()
10-16 23:59:26.080: I/NetRec(6126): [575] ConfigChangedIntentOperation.onHandleIntent: Handling a Phenotype update
10-16 23:59:26.080: I/NetRec(6126): [575] yjf.b: onConfigChanged()
10-16 23:59:26.115: I/Remoter(1477): Saved screenshot to '/data/screenshots/__pmv__-0097.jpg'
10-16 23:59:26.117: I/NetRec(6126): [575] ConfigChangedIntentOperation.onHandleIntent: Handling a Phenotype update
10-16 23:59:26.118: I/NetRec(6126): [575] yjf.b: onConfigChanged()
10-16 23:59:26.136: I/NetRec(6126): [578] ConfigChangedIntentOperation.onHandleIntent: Handling a Phenotype update
10-16 23:59:26.136: I/NetRec(6126): [578] yjf.b: onConfigChanged()
10-16 23:59:26.142: I/NetRec(6126): [531] ConfigChangedIntentOperation.onHandleIntent: Handling a Phenotype update
10-16 23:59:26.142: I/NetRec(6126): [531] yjf.b: onConfigChanged()
10-16 23:59:26.247: I/NetRec(6126): [578] ConfigChangedIntentOperation.onHandleIntent: Handling a Phenotype update
10-16 23:59:26.247: I/NetRec(6126): [578] yjf.b: onConfigChanged()
10-16 23:59:26.279: I/NetRec(6126): [578] ConfigChangedIntentOperation.onHandleIntent: Handling a Phenotype update
10-16 23:59:26.279: I/NetRec(6126): [578] yjf.b: onConfigChanged()
10-16 23:59:26.298: I/NetRec(6126): [578] ConfigChangedIntentOperation.onHandleIntent: Handling a Phenotype update
10-16 23:59:26.298: I/NetRec(6126): [578] yjf.b: onConfigChanged()
10-16 23:59:26.314: I/NetRec(6126): [578] ConfigChangedIntentOperation.onHandleIntent: Handling a Phenotype update
10-16 23:59:26.315: I/NetRec(6126): [578] yjf.b: onConfigChanged()
10-16 23:59:26.332: E/Icing(6149): Array storage bad crc 3432065138 vs 2026060674
10-16 23:59:26.333: E/Icing(6149): Trie mmap node failed
10-16 23:59:26.336: I/NetRec(6126): [578] ConfigChangedIntentOperation.onHandleIntent: Handling a Phenotype update
10-16 23:59:26.336: I/NetRec(6126): [578] yjf.b: onConfigChanged()
10-16 23:59:26.364: I/NetRec(6126): [578] ConfigChangedIntentOperation.onHandleIntent: Handling a Phenotype update
10-16 23:59:26.364: I/NetRec(6126): [578] yjf.b: onConfigChanged()
10-16 23:59:26.369: I/NetRec(6126): [575] ConfigChangedIntentOperation.onHandleIntent: Handling a Phenotype update
10-16 23:59:26.369: I/NetRec(6126): [575] yjf.b: onConfigChanged()
10-16 23:59:26.371: I/Icing(6149): updateResources: need to parse tut{com.google.android.gm}
10-16 23:59:26.438: I/Icing(6149): updateResources: need to parse tut{com.google.android.gms}
10-16 23:59:26.458: I/ActivityManager(1626): Killing 5880:com.google.android.youtube/u0a83 (adj 906): empty #17
10-16 23:59:26.498: I/ActivityManager(1626): Killing 6473:com.google.android.talk/u0a63 (adj 906): empty #17
10-16 23:59:26.515: D/ConnectivityService(1626): ConnectivityService NetworkRequestInfo binderDied(NetworkRequest [ LISTEN id=10, [ Capabilities: INTERNET&NOT_RESTRICTED&TRUSTED] ], android.os.BinderProxy@8526172)
10-16 23:59:26.516: I/CastMediaRouteProvider(6149): in onDiscoveryRequestChanged: request=null
10-16 23:59:26.524: I/DiscoveryManager(6149): Filter criteria(null) scannerFlags(0)
10-16 23:59:26.524: I/Publisher(6149): onUpdateFilterCriteria null
10-16 23:59:26.525: E/ConnectivityService(1626): RemoteException caught trying to send a callback msg for NetworkRequest [ LISTEN id=10, [ Capabilities: INTERNET&NOT_RESTRICTED&TRUSTED] ]
10-16 23:59:26.535: W/MdnsClient_Cast(6149): Multicast lock held. Releasing. Subtypes:"233637DE"
10-16 23:59:26.537: W/MdnsClient_Cast(6149): Multicast lock held. Releasing. Subtypes:"233637DE"
10-16 23:59:26.538: I/DeviceScanner(6149): [MDNS] notifyDevicesOffline: []
10-16 23:59:26.577: I/Icing(6149): Internal init done: storage state 0
10-16 23:59:26.595: I/Icing(6149): IndexChimeraService.getServiceInterface callingPackage=com.google.android.apps.messaging componentName=null serviceId=36
10-16 23:59:26.601: I/Icing(6149): IndexChimeraService.getServiceInterface callingPackage=com.google.android.apps.messaging componentName=null serviceId=36
10-16 23:59:26.607: I/Icing(6149): 15 corpora need re-polling
10-16 23:59:26.630: I/Icing(6149): Post-init done
10-16 23:59:26.630: I/Icing(6149): Not indexing corpus from package com.google.android.gm as it has never connected
10-16 23:59:26.630: E/Icing(6149): Aborting indexing of corpus messages/com.google/VS2WQVCOVYYT3Y3JQZUPAOQ2II-00%40cloudtestlabaccounts.com
10-16 23:59:26.645: I/Icing(6149): Usage reports 0 indexed 0 rejected 0 imm upload false
10-16 23:59:26.648: I/Icing(6149): Usage reports 0 indexed 0 rejected 0 imm upload false
10-16 23:59:26.661: I/Icing(6149): IndexChimeraService.getServiceInterface callingPackage=com.google.android.videos componentName=null serviceId=36
10-16 23:59:26.663: I/Icing(6149): Usage reports 0 indexed 0 rejected 0 imm upload false
10-16 23:59:26.666: I/Icing(6149): Usage reports 0 indexed 0 rejected 0 imm upload false
10-16 23:59:26.667: I/Icing(6149): Indexing 53CF711B25BD95B8A1326A149DD006201A729B64 from com.google.android.gms
10-16 23:59:26.700: I/Icing(6149): Indexing done 53CF711B25BD95B8A1326A149DD006201A729B64
10-16 23:59:26.701: I/Icing(6149): Indexing 5DEFCCBD0E23F290BDC5D7F74C20C8155D1E3057 from com.google.android.gms
10-16 23:59:27.014: I/CheckinCompat(6149): No service .checkin.CheckinService to disable
10-16 23:59:27.014: I/CheckinCompat(6149): No service .update.SystemUpdateActivity to disable
10-16 23:59:27.015: I/CheckinCompat(6149): No service .update.SystemUpdateService$SecretCodeReceiver to disable
10-16 23:59:27.015: I/CheckinCompat(6149): No service .update.SystemUpdateService$Receiver to disable
10-16 23:59:27.167: I/Remoter(1477): Saved screenshot to '/data/screenshots/__pmv__-0098.jpg'
10-16 23:59:27.195: I/Icing(6149): Indexing 0A8A50034300A49C702F5C2730E20C04CF77CB2F from com.google.android.gms
10-16 23:59:27.206: I/Icing(6149): Indexing done 0A8A50034300A49C702F5C2730E20C04CF77CB2F
10-16 23:59:27.206: I/Icing(6149): Indexing 83B72CA0F6B22359354CBD1002BDE05E61DB4448 from com.google.android.gms
10-16 23:59:27.214: I/Icing(6149): Indexing done 83B72CA0F6B22359354CBD1002BDE05E61DB4448
10-16 23:59:27.214: I/Icing(6149): Indexing FD4FC90ACBF5732C95DE78B97CF3F435E7DC177E from com.google.android.googlequicksearchbox
10-16 23:59:27.246: I/Icing(6149): Indexing done FD4FC90ACBF5732C95DE78B97CF3F435E7DC177E
10-16 23:59:27.253: I/Icing(6149): Indexing DEEA8CF4D90C85BE7E9EF70A82E4FE2E169706C9 from com.google.android.videos
10-16 23:59:27.273: I/Icing(6149): Indexing done DEEA8CF4D90C85BE7E9EF70A82E4FE2E169706C9
10-16 23:59:27.273: I/Icing(6149): Indexing 0DF471941A48D8522367A9FC07E32BD133A4212A from com.google.android.gms
10-16 23:59:27.276: I/Icing(6149): Indexing done 0DF471941A48D8522367A9FC07E32BD133A4212A
10-16 23:59:27.277: I/Icing(6149): Indexing D64FFFF5D89E3CE9AE96504ADD1435F661AF865F from com.google.android.apps.messaging
10-16 23:59:27.297: W/Icing(6149): Content incarnation mismatch: Expected [3a26a1eba0488ae2] found [488dea563582fadc]
10-16 23:59:27.297: I/Icing(6149): Indexing done D64FFFF5D89E3CE9AE96504ADD1435F661AF865F
10-16 23:59:27.297: E/Icing(6149): Aborting indexing of corpus participantsCorpus
10-16 23:59:27.298: I/Icing(6149): Indexing 37701961596564C80855529C7FD9BA82610D36FB from com.google.android.apps.messaging
10-16 23:59:27.334: W/Icing(6149): Content incarnation mismatch: Expected [48bd911d0dd2c24e] found [da147f135ff204de]
10-16 23:59:27.335: I/Icing(6149): Indexing done 37701961596564C80855529C7FD9BA82610D36FB
10-16 23:59:27.335: E/Icing(6149): Aborting indexing of corpus messagesCorpus
10-16 23:59:27.336: I/Icing(6149): Indexing BA913DA48A4BF86AAD524DCAC5E6788807A0947C from com.google.android.gms
10-16 23:59:27.339: I/Icing(6149): Indexing done BA913DA48A4BF86AAD524DCAC5E6788807A0947C
10-16 23:59:27.339: I/Icing(6149): Indexing 87EC54BE8C0456042D5CA1537ACDC3560C7843A2 from com.google.android.gms
10-16 23:59:27.341: I/Icing(6149): Indexing done 87EC54BE8C0456042D5CA1537ACDC3560C7843A2
10-16 23:59:27.342: I/Icing(6149): Not indexing corpus from package com.android.chrome as it has never connected
10-16 23:59:27.342: E/Icing(6149): Aborting indexing of corpus omnibox
10-16 23:59:27.343: I/Icing(6149): Indexing E781C5C9AC0EC6C8E77FB8F2067C967E97647832 from com.google.android.videos
10-16 23:59:27.416: I/Icing(6149): Indexing done E781C5C9AC0EC6C8E77FB8F2067C967E97647832
10-16 23:59:27.417: I/Icing(6149): Indexing D53F544658D876BEF8E2EE8EEDDC1B9095FFF314 from com.google.android.apps.messaging
10-16 23:59:27.441: W/Icing(6149): Content incarnation mismatch: Expected [c0483da90d444134] found [cbf38781377fc62d]
10-16 23:59:27.441: I/Icing(6149): Indexing done D53F544658D876BEF8E2EE8EEDDC1B9095FFF314
10-16 23:59:27.441: E/Icing(6149): Aborting indexing of corpus partsCorpus
10-16 23:59:27.447: I/Icing(6149): Usage reports 0 indexed 0 rejected 0 imm upload false
10-16 23:59:27.457: I/Icing(6149): Indexing done 5DEFCCBD0E23F290BDC5D7F74C20C8155D1E3057
10-16 23:59:27.460: I/Icing(6149): Removing corpus key D64FFFF5D89E3CE9AE96504ADD1435F661AF865F for package com.google.android.apps.messaging
10-16 23:59:27.478: I/Icing(6149): Flash index sort hb 35 prefix-hits 156 -> 153 at 0.771ms
10-16 23:59:28.213: I/dex2oat(6946): dex2oat took 4.190s (2.882s cpu) (threads: 2) arena alloc=600KB (615344B) java alloc=7MB (7848024B) native alloc=15MB (16726160B) free=4MB (4376432B)
10-16 23:59:28.230: I/Remoter(1477): Saved screenshot to '/data/screenshots/__pmv__-0099.jpg'
10-16 23:59:28.246: W/PackageManager(1626): Privileged permission android.permission.BIND_APPWIDGET for package com.android.launcher3 - not in privapp-permissions whitelist
10-16 23:59:28.247: W/PackageManager(1626): Privileged permission android.permission.DISPATCH_PROVISIONING_MESSAGE for package com.google.android.gms - not in privapp-permissions whitelist
10-16 23:59:28.267: V/BackupManagerService(1626): restoreAtInstall pkg=com.habitrpg.android.habitica token=9 restoreSet=0
10-16 23:59:28.267: V/BackupManagerService(1626): Finishing install immediately
10-16 23:59:28.270: I/GnssLocationProvider(1626): WakeLock acquired by sendMessage(SET_REQUEST, 0, com.android.server.location.GnssLocationProvider$GpsRequest@13c7e9c)
10-16 23:59:28.270: I/GnssLocationProvider(1626): WakeLock released by handleMessage(SET_REQUEST, 0, com.android.server.location.GnssLocationProvider$GpsRequest@13c7e9c)
10-16 23:59:28.276: I/GnssLocationProvider(1626): WakeLock acquired by sendMessage(SET_REQUEST, 0, com.android.server.location.GnssLocationProvider$GpsRequest@8ddc7a)
10-16 23:59:28.276: D/VoldConnector(1626): SND -> {12 volume remount_uid 10092 default}
10-16 23:59:28.276: I/GnssLocationProvider(1626): WakeLock released by handleMessage(SET_REQUEST, 0, com.android.server.location.GnssLocationProvider$GpsRequest@8ddc7a)
10-16 23:59:28.276: D/vold(1410): Remounting 10092 as mode default
10-16 23:59:28.279: D/VoldConnector(1626): RCV <- {200 12 Command succeeded}
10-16 23:59:28.280: I/GnssLocationProvider(1626): WakeLock acquired by sendMessage(SET_REQUEST, 0, com.android.server.location.GnssLocationProvider$GpsRequest@de0e888)
10-16 23:59:28.280: I/GnssLocationProvider(1626): WakeLock released by handleMessage(SET_REQUEST, 0, com.android.server.location.GnssLocationProvider$GpsRequest@de0e888)
10-16 23:59:28.283: D/VoldConnector(1626): SND -> {13 volume remount_uid 10092 write}
10-16 23:59:28.283: D/vold(1410): Remounting 10092 as mode write
10-16 23:59:28.284: D/VoldConnector(1626): RCV <- {200 13 Command succeeded}
10-16 23:59:28.284: D/VoldConnector(1626): [ 10-16 23:59:28.288  1497: 1671 E/         ]
10-16 23:59:28.284: D/VoldConnector(1626): Couldn't opendir /data/app/vmdl567083818.tmp: No such file or directory
10-16 23:59:28.289: E/installd(1497): Failed to delete /data/app/vmdl567083818.tmp: No such file or directory
10-16 23:59:28.294: I/Pm(6853): Package com.habitrpg.android.habitica installed in 6145 ms
10-16 23:59:28.294: D/PackageInstaller(1626): Ignoring abandon after commit relinquished control
10-16 23:59:28.295: I/app_process(6853): System.exit called, status: 0
10-16 23:59:28.295: I/AndroidRuntime(6853): VM exiting with result code 0.
10-16 23:59:28.306: D/Avrcp(1730): AvrcpServiceBroadcastReceiver-> Action: android.intent.action.PACKAGE_ADDED
10-16 23:59:28.306: D/Avrcp(1730): AvrcpServiceBroadcastReceiver-> packageName: com.habitrpg.android.habitica
10-16 23:59:28.306: D/Avrcp(1730): packageName: com.habitrpg.android.habitica removed: false
10-16 23:59:28.307: D/Avrcp(1730): isBrowsableListUpdated: false
10-16 23:59:28.307: D/BluetoothMapAppObserver(1730): onReceive
10-16 23:59:28.307: D/BluetoothMapAppObserver(1730): The installed package is: com.habitrpg.android.habitica
10-16 23:59:28.310: D/CarrierSvcBindHelper(1823): No carrier app for: 0
10-16 23:59:28.310: D/ImsResolver(1823): maybeAddedImsService, packageName: com.habitrpg.android.habitica
10-16 23:59:28.310: D/CarrierConfigLoader(1823): mHandler: 9 phoneId: 0
10-16 23:59:28.311: I/InputReader(1626): Reconfiguring input devices.  changes=0x00000010
10-16 23:59:28.311: D/BluetoothMapAppObserver(1730): Found 0 application(s) with intent android.bluetooth.action.BLUETOOTH_MAP_PROVIDER
10-16 23:59:28.318: D/BluetoothMapAppObserver(1730): Found 0 application(s) with intent android.bluetooth.action.BLUETOOTH_MAP_IM_PROVIDER
10-16 23:59:28.321: I/Telecom(1626): DefaultDialerCache: Refreshing default dialer for user 0: now com.google.android.dialer: DDC.oR@AH0
10-16 23:59:28.546: I/Icing(6149): Removing corpus key 37701961596564C80855529C7FD9BA82610D36FB for package com.google.android.apps.messaging
10-16 23:59:29.157: D/AndroidRuntime(7194): >>>>>> START com.android.internal.os.RuntimeInit uid 0 <<<<<<
10-16 23:59:29.159: D/AndroidRuntime(7194): CheckJNI is OFF
10-16 23:59:29.159: E/cutils-trace(7194): Error opening trace file: No such file or directory (2)
10-16 23:59:29.209: W/app_process(7194): Unexpected CPU variant for X86 using defaults: x86
10-16 23:59:29.210: W/nativebridge(7194): Failed to bind-mount /system/lib/x86/cpuinfo as /proc/cpuinfo: No such file or directory
10-16 23:59:29.226: I/Radio-JNI(7194): register_android_hardware_Radio DONE
10-16 23:59:29.245: D/AndroidRuntime(7194): Calling main entry com.android.commands.pm.Pm
10-16 23:59:29.253: I/app_process(7194): System.exit called, status: 1
10-16 23:59:29.253: I/AndroidRuntime(7194): VM exiting with result code 1.
10-16 23:59:29.282: I/Remoter(1477): Saved screenshot to '/data/screenshots/__pmv__-0100.jpg'
10-16 23:59:29.337: I/Icing(6149): Removing corpus key D53F544658D876BEF8E2EE8EEDDC1B9095FFF314 for package com.google.android.apps.messaging
10-16 23:59:29.665: D/AndroidRuntime(7210): >>>>>> START com.android.internal.os.RuntimeInit uid 0 <<<<<<
10-16 23:59:29.667: D/AndroidRuntime(7210): CheckJNI is OFF
10-16 23:59:29.667: E/cutils-trace(7210): Error opening trace file: No such file or directory (2)
10-16 23:59:29.720: W/app_process(7210): Unexpected CPU variant for X86 using defaults: x86
10-16 23:59:29.721: W/nativebridge(7210): Failed to bind-mount /system/lib/x86/cpuinfo as /proc/cpuinfo: No such file or directory
10-16 23:59:29.737: I/Radio-JNI(7210): register_android_hardware_Radio DONE
10-16 23:59:29.742: D/AndroidRuntime(7210): Calling main entry com.android.commands.am.Am
10-16 23:59:29.743: I/ActivityManager(1626): Force stopping com.google.android.apps.mtaas.tools appid=10084 user=0: start instr
10-16 23:59:29.750: W/zygote(7218): Unexpected CPU variant for X86 using defaults: x86
10-16 23:59:29.755: I/ActivityManager(1626): Start proc 7218:com.google.android.apps.mtaas.tools/u0a84 for added application com.google.android.apps.mtaas.tools
10-16 23:59:29.778: D/ApplicationPackageManager(7218): Shame on you for calling the hidden API getPackageSizeInfoAsUser(). Shame!
10-16 23:59:29.778: E/DumpPackageStats(7218): Instrumentation completed with failure: Failed to get PackageStats for com.habitrpg.android.habitica
10-16 23:59:29.779: I/ActivityManager(1626): Force stopping com.google.android.apps.mtaas.tools appid=10084 user=0: finished inst
10-16 23:59:29.779: I/ActivityManager(1626): Killing 7218:com.google.android.apps.mtaas.tools/u0a84 (adj 0): stop com.google.android.apps.mtaas.tools
10-16 23:59:29.784: W/Binder(1626): Outgoing transactions from this process must be FLAG_ONEWAY
10-16 23:59:29.784: W/Binder(1626): java.lang.Throwable
10-16 23:59:29.784: W/Binder(1626): 	at android.os.BinderProxy.transact(Binder.java:736)
10-16 23:59:29.784: W/Binder(1626): 	at android.app.IInstrumentationWatcher$Stub$Proxy.instrumentationFinished(IInstrumentationWatcher.java:160)
10-16 23:59:29.784: W/Binder(1626): 	at com.android.server.am.InstrumentationReporter$MyThread.run(InstrumentationReporter.java:86)
10-16 23:59:29.785: D/AndroidRuntime(7210): Shutting down VM
10-16 23:59:30.013: E/memtrack(1626): Couldn't load memtrack module
10-16 23:59:30.013: W/android.os.Debug(1626): failed to get memory consumption info: -1
10-16 23:59:30.141: I/Icing(6149): Indexing D64FFFF5D89E3CE9AE96504ADD1435F661AF865F from com.google.android.apps.messaging
10-16 23:59:30.145: I/Icing(6149): Indexing done D64FFFF5D89E3CE9AE96504ADD1435F661AF865F
10-16 23:59:30.145: I/Icing(6149): Indexing 37701961596564C80855529C7FD9BA82610D36FB from com.google.android.apps.messaging
10-16 23:59:30.149: I/Icing(6149): Indexing done 37701961596564C80855529C7FD9BA82610D36FB
10-16 23:59:30.149: I/Icing(6149): Indexing D53F544658D876BEF8E2EE8EEDDC1B9095FFF314 from com.google.android.apps.messaging
10-16 23:59:30.153: I/Icing(6149): Indexing done D53F544658D876BEF8E2EE8EEDDC1B9095FFF314
10-16 23:59:30.154: I/Icing(6149): Indexing E781C5C9AC0EC6C8E77FB8F2067C967E97647832 from com.google.android.videos
10-16 23:59:30.160: I/Icing(6149): Indexing done E781C5C9AC0EC6C8E77FB8F2067C967E97647832
10-16 23:59:30.160: I/Icing(6149): Indexing DEEA8CF4D90C85BE7E9EF70A82E4FE2E169706C9 from com.google.android.videos
10-16 23:59:30.163: I/Icing(6149): Indexing done DEEA8CF4D90C85BE7E9EF70A82E4FE2E169706C9
10-16 23:59:30.222: V/RcsService(6981): Device info: unknown GCE x86 phone gce_x86  //  generic gce_x86_phone
10-16 23:59:30.222: V/RcsService(6981): Running Android 8.0.0, API level 26, REL 4165914
10-16 23:59:30.223: D/RcsService(6981): onBind in state STARTED, intent action = com.google.android.ims.rcsservice.signup.ISignup
10-16 23:59:30.223: D/RcsService(6981): Received broadcast of intent rcs.intent.action.disableRcs
10-16 23:59:30.223: D/RcsService(6981): Disabling RCS connectivity setting
10-16 23:59:30.226: W/OcrModelUpStIntentOp(6149): Invalid action: com.google.android.gms.phenotype.COMMITTED
10-16 23:59:30.226: E/IntentOperationSvc(6149): Failed to instantiate Chimera operation impl com.google.android.gms.people.service.SettingsChangedBroadcastIntentOperation, dropping operation
10-16 23:59:30.226: E/IntentOperationSvc(6149): java.lang.reflect.InvocationTargetException
10-16 23:59:30.226: E/IntentOperationSvc(6149): 	at java.lang.reflect.Constructor.newInstance0(Native Method)
10-16 23:59:30.226: E/IntentOperationSvc(6149): 	at java.lang.reflect.Constructor.newInstance(Constructor.java:334)
10-16 23:59:30.226: E/IntentOperationSvc(6149): 	at bwj.a(:com.google.android.gms@11519470:8)
10-16 23:59:30.226: E/IntentOperationSvc(6149): 	at bwk.run(:com.google.android.gms@11519470:69)
10-16 23:59:30.226: E/IntentOperationSvc(6149): 	at java.util.concurrent.ThreadPoolExecutor.runWorker(ThreadPoolExecutor.java:1162)
10-16 23:59:30.226: E/IntentOperationSvc(6149): 	at java.util.concurrent.ThreadPoolExecutor$Worker.run(ThreadPoolExecutor.java:636)
10-16 23:59:30.226: E/IntentOperationSvc(6149): 	at java.lang.Thread.run(Thread.java:764)
10-16 23:59:30.226: E/IntentOperationSvc(6149): Caused by: java.lang.NullPointerException: Attempt to invoke virtual method 'android.content.SharedPreferences android.content.Context.getSharedPreferences(java.lang.String, int)' on a null object reference
10-16 23:59:30.226: E/IntentOperationSvc(6149): 	at android.content.ContextWrapper.getSharedPreferences(ContextWrapper.java:167)
10-16 23:59:30.226: E/IntentOperationSvc(6149): 	at zbv.a(:com.google.android.gms@11519470:6)
10-16 23:59:30.226: E/IntentOperationSvc(6149): 	at com.google.android.gms.people.service.SettingsChangedBroadcastIntentOperation.<init>(:com.google.android.gms@11519470:2)
10-16 23:59:30.226: E/IntentOperationSvc(6149): 	... 7 more
10-16 23:59:30.229: I/PTCommittedOperation(6126): Receive new configuration for com.google.android.gms.beacon
10-16 23:59:30.229: D/RcsService(6981): Never provisioned and provisioning is not allowed, skipped config update request
10-16 23:59:30.244: E/IntentOperationSvc(6149): Failed to instantiate Chimera operation impl com.google.android.gms.people.service.SettingsChangedBroadcastIntentOperation, dropping operation
10-16 23:59:30.244: E/IntentOperationSvc(6149): java.lang.reflect.InvocationTargetException
10-16 23:59:30.244: E/IntentOperationSvc(6149): 	at java.lang.reflect.Constructor.newInstance0(Native Method)
10-16 23:59:30.244: E/IntentOperationSvc(6149): 	at java.lang.reflect.Constructor.newInstance(Constructor.java:334)
10-16 23:59:30.244: E/IntentOperationSvc(6149): 	at bwj.a(:com.google.android.gms@11519470:8)
10-16 23:59:30.244: E/IntentOperationSvc(6149): 	at bwk.run(:com.google.android.gms@11519470:69)
10-16 23:59:30.244: E/IntentOperationSvc(6149): 	at java.util.concurrent.ThreadPoolExecutor.runWorker(ThreadPoolExecutor.java:1162)
10-16 23:59:30.244: E/IntentOperationSvc(6149): 	at java.util.concurrent.ThreadPoolExecutor$Worker.run(ThreadPoolExecutor.java:636)
10-16 23:59:30.244: E/IntentOperationSvc(6149): 	at java.lang.Thread.run(Thread.java:764)
10-16 23:59:30.244: E/IntentOperationSvc(6149): Caused by: java.lang.NullPointerException: Attempt to invoke virtual method 'android.content.SharedPreferences android.content.Context.getSharedPreferences(java.lang.String, int)' on a null object reference
10-16 23:59:30.244: E/IntentOperationSvc(6149): 	at android.content.ContextWrapper.getSharedPreferences(ContextWrapper.java:167)
10-16 23:59:30.244: E/IntentOperationSvc(6149): 	at zbv.a(:com.google.android.gms@11519470:6)
10-16 23:59:30.244: E/IntentOperationSvc(6149): 	at com.google.android.gms.people.service.SettingsChangedBroadcastIntentOperation.<init>(:com.google.android.gms@11519470:2)
10-16 23:59:30.244: E/IntentOperationSvc(6149): 	... 7 more
10-16 23:59:30.244: W/OcrModelUpStIntentOp(6149): Invalid action: com.google.android.gms.phenotype.COMMITTED
10-16 23:59:30.246: I/PTCommittedOperation(6126): Receive new configuration for com.google.android.gms
10-16 23:59:30.249: E/IntentOperationSvc(6149): Failed to instantiate Chimera operation impl com.google.android.gms.people.service.SettingsChangedBroadcastIntentOperation, dropping operation
10-16 23:59:30.249: E/IntentOperationSvc(6149): java.lang.reflect.InvocationTargetException
10-16 23:59:30.249: E/IntentOperationSvc(6149): 	at java.lang.reflect.Constructor.newInstance0(Native Method)
10-16 23:59:30.249: E/IntentOperationSvc(6149): 	at java.lang.reflect.Constructor.newInstance(Constructor.java:334)
10-16 23:59:30.249: E/IntentOperationSvc(6149): 	at bwj.a(:com.google.android.gms@11519470:8)
10-16 23:59:30.249: E/IntentOperationSvc(6149): 	at bwk.run(:com.google.android.gms@11519470:69)
10-16 23:59:30.249: E/IntentOperationSvc(6149): 	at java.util.concurrent.ThreadPoolExecutor.runWorker(ThreadPoolExecutor.java:1162)
10-16 23:59:30.249: E/IntentOperationSvc(6149): 	at java.util.concurrent.ThreadPoolExecutor$Worker.run(ThreadPoolExecutor.java:636)
10-16 23:59:30.249: E/IntentOperationSvc(6149): 	at java.lang.Thread.run(Thread.java:764)
10-16 23:59:30.249: E/IntentOperationSvc(6149): Caused by: java.lang.NullPointerException: Attempt to invoke virtual method 'android.content.SharedPreferences android.content.Context.getSharedPreferences(java.lang.String, int)' on a null object reference
10-16 23:59:30.249: E/IntentOperationSvc(6149): 	at android.content.ContextWrapper.getSharedPreferences(ContextWrapper.java:167)
10-16 23:59:30.249: E/IntentOperationSvc(6149): 	at zbv.a(:com.google.android.gms@11519470:6)
10-16 23:59:30.249: E/IntentOperationSvc(6149): 	at com.google.android.gms.people.service.SettingsChangedBroadcastIntentOperation.<init>(:com.google.android.gms@11519470:2)
10-16 23:59:30.249: E/IntentOperationSvc(6149): 	... 7 more
10-16 23:59:30.249: W/OcrModelUpStIntentOp(6149): Invalid action: com.google.android.gms.phenotype.COMMITTED
10-16 23:59:30.252: I/PTCommittedOperation(6126): Receive new configuration for com.google.android.gms.people.ui
10-16 23:59:30.254: I/PTCommittedOperation(6126): Receive new configuration for com.google.android.gms.herrevad
10-16 23:59:30.257: I/PTCommittedOperation(6126): Receive new configuration for com.google.android.gms.people
10-16 23:59:30.259: I/PTCommittedOperation(6126): Receive new configuration for com.google.android.gms.contextmanager
10-16 23:59:30.260: I/PTCommittedOperation(6126): Receive new configuration for com.google.android.gms.icing
10-16 23:59:30.263: I/PTCommittedOperation(6126): Receive new configuration for com.google.android.location
10-16 23:59:30.265: I/PTCommittedOperation(6126): Receive new configuration for com.google.android.gms.netrec
10-16 23:59:30.269: E/IntentOperationSvc(6149): Failed to instantiate Chimera operation impl com.google.android.gms.people.service.SettingsChangedBroadcastIntentOperation, dropping operation
10-16 23:59:30.269: E/IntentOperationSvc(6149): java.lang.reflect.InvocationTargetException
10-16 23:59:30.269: E/IntentOperationSvc(6149): 	at java.lang.reflect.Constructor.newInstance0(Native Method)
10-16 23:59:30.269: E/IntentOperationSvc(6149): 	at java.lang.reflect.Constructor.newInstance(Constructor.java:334)
10-16 23:59:30.269: E/IntentOperationSvc(6149): 	at bwj.a(:com.google.android.gms@11519470:8)
10-16 23:59:30.269: E/IntentOperationSvc(6149): 	at bwk.run(:com.google.android.gms@11519470:69)
10-16 23:59:30.269: E/IntentOperationSvc(6149): 	at java.util.concurrent.ThreadPoolExecutor.runWorker(ThreadPoolExecutor.java:1162)
10-16 23:59:30.269: E/IntentOperationSvc(6149): 	at java.util.concurrent.ThreadPoolExecutor$Worker.run(ThreadPoolExecutor.java:636)
10-16 23:59:30.269: E/IntentOperationSvc(6149): 	at java.lang.Thread.run(Thread.java:764)
10-16 23:59:30.269: E/IntentOperationSvc(6149): Caused by: java.lang.NullPointerException: Attempt to invoke virtual method 'android.content.SharedPreferences android.content.Context.getSharedPreferences(java.lang.String, int)' on a null object reference
10-16 23:59:30.269: E/IntentOperationSvc(6149): 	at android.content.ContextWrapper.getSharedPreferences(ContextWrapper.java:167)
10-16 23:59:30.269: E/IntentOperationSvc(6149): 	at zbv.a(:com.google.android.gms@11519470:6)
10-16 23:59:30.269: E/IntentOperationSvc(6149): 	at com.google.android.gms.people.service.SettingsChangedBroadcastIntentOperation.<init>(:com.google.android.gms@11519470:2)
10-16 23:59:30.269: E/IntentOperationSvc(6149): 	... 7 more
10-16 23:59:30.269: W/OcrModelUpStIntentOp(6149): Invalid action: com.google.android.gms.phenotype.COMMITTED
10-16 23:59:30.271: E/IntentOperationSvc(6149): Failed to instantiate Chimera operation impl com.google.android.gms.people.service.SettingsChangedBroadcastIntentOperation, dropping operation
10-16 23:59:30.271: E/IntentOperationSvc(6149): java.lang.reflect.InvocationTargetException
10-16 23:59:30.271: E/IntentOperationSvc(6149): 	at java.lang.reflect.Constructor.newInstance0(Native Method)
10-16 23:59:30.271: E/IntentOperationSvc(6149): 	at java.lang.reflect.Constructor.newInstance(Constructor.java:334)
10-16 23:59:30.271: E/IntentOperationSvc(6149): 	at bwj.a(:com.google.android.gms@11519470:8)
10-16 23:59:30.271: E/IntentOperationSvc(6149): 	at bwk.run(:com.google.android.gms@11519470:69)
10-16 23:59:30.271: E/IntentOperationSvc(6149): 	at java.util.concurrent.ThreadPoolExecutor.runWorker(ThreadPoolExecutor.java:1162)
10-16 23:59:30.271: E/IntentOperationSvc(6149): 	at java.util.concurrent.ThreadPoolExecutor$Worker.run(ThreadPoolExecutor.java:636)
10-16 23:59:30.271: E/IntentOperationSvc(6149): 	at java.lang.Thread.run(Thread.java:764)
10-16 23:59:30.271: E/IntentOperationSvc(6149): Caused by: java.lang.NullPointerException: Attempt to invoke virtual method 'android.content.SharedPreferences android.content.Context.getSharedPreferences(java.lang.String, int)' on a null object reference
10-16 23:59:30.271: E/IntentOperationSvc(6149): 	at android.content.ContextWrapper.getSharedPreferences(ContextWrapper.java:167)
10-16 23:59:30.271: E/IntentOperationSvc(6149): 	at zbv.a(:com.google.android.gms@11519470:6)
10-16 23:59:30.271: E/IntentOperationSvc(6149): 	at com.google.android.gms.people.service.SettingsChangedBroadcastIntentOperation.<init>(:com.google.android.gms@11519470:2)
10-16 23:59:30.271: E/IntentOperationSvc(6149): 	... 7 more
10-16 23:59:30.272: W/OcrModelUpStIntentOp(6149): Invalid action: com.google.android.gms.phenotype.COMMITTED
10-16 23:59:30.274: E/IntentOperationSvc(6149): Failed to instantiate Chimera operation impl com.google.android.gms.people.service.SettingsChangedBroadcastIntentOperation, dropping operation
10-16 23:59:30.274: E/IntentOperationSvc(6149): java.lang.reflect.InvocationTargetException
10-16 23:59:30.274: E/IntentOperationSvc(6149): 	at java.lang.reflect.Constructor.newInstance0(Native Method)
10-16 23:59:30.274: E/IntentOperationSvc(6149): 	at java.lang.reflect.Constructor.newInstance(Constructor.java:334)
10-16 23:59:30.274: E/IntentOperationSvc(6149): 	at bwj.a(:com.google.android.gms@11519470:8)
10-16 23:59:30.274: E/IntentOperationSvc(6149): 	at bwk.run(:com.google.android.gms@11519470:69)
10-16 23:59:30.274: E/IntentOperationSvc(6149): 	at java.util.concurrent.ThreadPoolExecutor.runWorker(ThreadPoolExecutor.java:1162)
10-16 23:59:30.274: E/IntentOperationSvc(6149): 	at java.util.concurrent.ThreadPoolExecutor$Worker.run(ThreadPoolExecutor.java:636)
10-16 23:59:30.274: E/IntentOperationSvc(6149): 	at java.lang.Thread.run(Thread.java:764)
10-16 23:59:30.274: E/IntentOperationSvc(6149): Caused by: java.lang.NullPointerException: Attempt to invoke virtual method 'android.content.SharedPreferences android.content.Context.getSharedPreferences(java.lang.String, int)' on a null object reference
10-16 23:59:30.274: E/IntentOperationSvc(6149): 	at android.content.ContextWrapper.getSharedPreferences(ContextWrapper.java:167)
10-16 23:59:30.274: E/IntentOperationSvc(6149): 	at zbv.a(:com.google.android.gms@11519470:6)
10-16 23:59:30.274: E/IntentOperationSvc(6149): 	at com.google.android.gms.people.service.SettingsChangedBroadcastIntentOperation.<init>(:com.google.android.gms@11519470:2)
10-16 23:59:30.274: E/IntentOperationSvc(6149): 	... 7 more
10-16 23:59:30.275: W/OcrModelUpStIntentOp(6149): Invalid action: com.google.android.gms.phenotype.COMMITTED
10-16 23:59:30.276: E/IntentOperationSvc(6149): Failed to instantiate Chimera operation impl com.google.android.gms.people.service.SettingsChangedBroadcastIntentOperation, dropping operation
10-16 23:59:30.276: E/IntentOperationSvc(6149): java.lang.reflect.InvocationTargetException
10-16 23:59:30.276: E/IntentOperationSvc(6149): 	at java.lang.reflect.Constructor.newInstance0(Native Method)
10-16 23:59:30.276: E/IntentOperationSvc(6149): 	at java.lang.reflect.Constructor.newInstance(Constructor.java:334)
10-16 23:59:30.276: E/IntentOperationSvc(6149): 	at bwj.a(:com.google.android.gms@11519470:8)
10-16 23:59:30.276: E/IntentOperationSvc(6149): 	at bwk.run(:com.google.android.gms@11519470:69)
10-16 23:59:30.276: E/IntentOperationSvc(6149): 	at java.util.concurrent.ThreadPoolExecutor.runWorker(ThreadPoolExecutor.java:1162)
10-16 23:59:30.276: E/IntentOperationSvc(6149): 	at java.util.concurrent.ThreadPoolExecutor$Worker.run(ThreadPoolExecutor.java:636)
10-16 23:59:30.276: E/IntentOperationSvc(6149): 	at java.lang.Thread.run(Thread.java:764)
10-16 23:59:30.276: E/IntentOperationSvc(6149): Caused by: java.lang.NullPointerException: Attempt to invoke virtual method 'android.content.SharedPreferences android.content.Context.getSharedPreferences(java.lang.String, int)' on a null object reference
10-16 23:59:30.276: E/IntentOperationSvc(6149): 	at android.content.ContextWrapper.getSharedPreferences(ContextWrapper.java:167)
10-16 23:59:30.276: E/IntentOperationSvc(6149): 	at zbv.a(:com.google.android.gms@11519470:6)
10-16 23:59:30.276: E/IntentOperationSvc(6149): 	at com.google.android.gms.people.service.SettingsChangedBroadcastIntentOperation.<init>(:com.google.android.gms@11519470:2)
10-16 23:59:30.276: E/IntentOperationSvc(6149): 	... 7 more
10-16 23:59:30.276: E/IntentOperationSvc(6149): Failed to instantiate Chimera operation impl com.google.android.gms.people.service.SettingsChangedBroadcastIntentOperation, dropping operation
10-16 23:59:30.276: E/IntentOperationSvc(6149): java.lang.reflect.InvocationTargetException
10-16 23:59:30.276: E/IntentOperationSvc(6149): 	at java.lang.reflect.Constructor.newInstance0(Native Method)
10-16 23:59:30.276: E/IntentOperationSvc(6149): 	at java.lang.reflect.Constructor.newInstance(Constructor.java:334)
10-16 23:59:30.276: E/IntentOperationSvc(6149): 	at bwj.a(:com.google.android.gms@11519470:8)
10-16 23:59:30.276: E/IntentOperationSvc(6149): 	at bwk.run(:com.google.android.gms@11519470:69)
10-16 23:59:30.276: E/IntentOperationSvc(6149): 	at java.util.concurrent.ThreadPoolExecutor.runWorker(ThreadPoolExecutor.java:1162)
10-16 23:59:30.276: E/IntentOperationSvc(6149): 	at java.util.concurrent.ThreadPoolExecutor$Worker.run(ThreadPoolExecutor.java:636)
10-16 23:59:30.276: E/IntentOperationSvc(6149): 	at java.lang.Thread.run(Thread.java:764)
10-16 23:59:30.276: E/IntentOperationSvc(6149): Caused by: java.lang.NullPointerException: Attempt to invoke virtual method 'android.content.SharedPreferences android.content.Context.getSharedPreferences(java.lang.String, int)' on a null object reference
