10-16 23:59:04.960: E/AuthService(6037): 	... 10 more
10-16 23:59:04.960: I/AuthService(6037): [AccountService] Execution time for add account with authorization code, options: Bundle[{}] is 324 ms.
10-16 23:59:04.962: E/ConnectivityService(1626): RemoteException caught trying to send a callback msg for NetworkRequest [ LISTEN id=7, [ Transports: WIFI Capabilities: INTERNET&NOT_RESTRICTED&NOT_VPN] ]
10-16 23:59:04.964: D/LoginUtil(6004): Failed to add Account {name=VS2WQVCOVYYT3Y3JQZUPAOQ2II-00@cloudtestlabaccounts.com, type=com.google}, retrying ...
10-16 23:59:04.971: W/PhenotypeWorker(2268): Calling registerSync api failed.
10-16 23:59:04.975: I/ActivityManager(1626): Killing 4994:com.android.defcontainer/u0a8 (adj 906): empty #17
10-16 23:59:04.988: I/ActivityManager(1626): Start proc 6149:com.google.android.gms/u0a14 for content provider com.google.android.gms/.chimera.container.GmsModuleProvider
10-16 23:59:04.990: W/zygote(6149): Unexpected CPU variant for X86 using defaults: x86
10-16 23:59:05.020: I/LoadedApk(6149): No resource references to update in package FFFFFFFFFFFFFFFFFFFFFF
10-16 23:59:05.048: V/NativeCrypto(6149): Registering com/google/android/gms/org/conscrypt/NativeCrypto's 259 native methods...
10-16 23:59:05.059: D/NetworkSecurityConfig(6149): No Network Security Config specified, using platform default
10-16 23:59:05.065: I/ProviderInstaller(6149): Installed default security provider GmsCore_OpenSSL
10-16 23:59:05.089: I/DynamiteModule(6126): Considering local module com.google.android.gms.googlecertificates:4 and remote module com.google.android.gms.googlecertificates:4
10-16 23:59:05.089: I/DynamiteModule(6126): Selected local version of com.google.android.gms.googlecertificates
10-16 23:59:05.195: W/zygote(5880): Long monitor contention with owner initCrit3-2 (5910) at void java.lang.Thread.nativeCreate(java.lang.Thread, long, boolean)(Thread.java:-2) waiters=0 in java.lang.String npi.c() for 448ms
10-16 23:59:05.218: I/LocaleChangeIO(6126): Requesting GmsCore restart due to change in locale assets
10-16 23:59:05.221: I/CastDatabase(6149): Opening the database
10-16 23:59:05.223: I/SQLiteCastStore(6149): 0 CastNetworkInfo instances loaded, 0 CastDeviceInfo instances loaded, 0 paired guest mode devices loaded.
10-16 23:59:05.262: I/InstantApps(6126): HashPrefixFilterImpl: Registered O hash prefix filter.
10-16 23:59:05.262: D/PackageManager(1626): Connected to instant app resolver
10-16 23:59:05.266: I/NetRec(6126): [2] NetworkRecommendationService.onCreate: Creating service.
10-16 23:59:05.312: I/zygote(6149): Do partial code cache collection, code=30KB, data=19KB
10-16 23:59:05.312: I/zygote(6149): After code cache collection, code=30KB, data=19KB
10-16 23:59:05.312: I/zygote(6149): Increasing code cache capacity to 128KB
10-16 23:59:05.323: W/ResourceType(6126): No package identifier when getting value for resource number 0x00000000
10-16 23:59:05.323: W/ChimeraUtils(6126): Module com.google.android.gms.netrec missing resource netrec_module_display_name(0)
10-16 23:59:05.342: I/NetRec(6126): [2] yip.onChange: Starting service.
10-16 23:59:05.343: I/NetRec(6126): [2] yle.a: Now the active scorer.
10-16 23:59:05.380: I/ActivityManager(1626): Killing 5457:com.android.carrierdefaultapp/u0a42 (adj 906): empty #17
10-16 23:59:05.382: I/CastSocket(6149): 26 >= 18. Adding new CastClientAuthKeyManager.
10-16 23:59:05.387: I/zygote(6149): Background concurrent copying GC freed 14059(1093KB) AllocSpace objects, 3(192KB) LOS objects, 58% free, 1082KB/2MB, paused 11.753ms total 29.520ms
10-16 23:59:05.390: I/DiscoveryManager(6149): WifiGuestModeDeviceScanner enabled.
10-16 23:59:05.399: I/zygote(1626): Background concurrent copying GC freed 33893(2MB) AllocSpace objects, 4(80KB) LOS objects, 42% free, 9MB/17MB, paused 168us total 226.495ms
10-16 23:59:05.402: I/CastMediaRouteProvider(6149): in onDiscoveryRequestChanged: request=DiscoveryRequest{ selector=MediaRouteSelector{ controlCategories=[com.google.android.gms.cast.CATEGORY_CAST/233637DE] }, activeScan=false, isValid=true }
10-16 23:59:05.405: I/DiscoveryManager(6149): Filter criteria(233637DE) scannerFlags(2)
10-16 23:59:05.405: I/Publisher(6149): onUpdateFilterCriteria [233637DE]
10-16 23:59:05.406: I/CastMediaRouteProvider(6149): onDevicesPublished with 0 devices
10-16 23:59:05.406: I/CastMediaRouteProvider(6149): Published 0 routes
10-16 23:59:05.408: I/NetworkScheduler(6126): Using standalone scheduling engine
10-16 23:59:05.427: I/DeviceScanner(6149): [MDNS] startScan: scannerFlags: 2 criteria=233637DE
10-16 23:59:05.432: W/MdnsClient_Cast(6149): #acquireLock. Multicast lock not held. Acquiring. Subtypes:"233637DE"
10-16 23:59:05.433: W/MdnsClient_Cast(6149): #acquireLock. Multicast lock not held. Acquiring. Subtypes:"233637DE"
10-16 23:59:05.434: I/DeviceScanner(6149): [GuestMode] startScan: scannerFlags: 2 criteria=233637DE
10-16 23:59:05.444: I/zygote(6126): Do partial code cache collection, code=29KB, data=29KB
10-16 23:59:05.444: I/zygote(6126): After code cache collection, code=29KB, data=29KB
10-16 23:59:05.444: I/zygote(6126): Increasing code cache capacity to 128KB
10-16 23:59:05.445: I/CastMediaRouteProvider(6149): onDevicesPublished with 0 devices
10-16 23:59:05.445: I/CastMediaRouteProvider(6149): Published 0 routes
10-16 23:59:05.447: I/DeviceScanner(6149): [MDNS] startScan: scannerFlags: 2 criteria=233637DE
10-16 23:59:05.447: I/DeviceScanner(6149): [MDNS] onScanSettingsUpdated: filterCriteriaAdded: NONE
10-16 23:59:05.447: I/DeviceScanner(6149): [MDNS] onScanSettingsUpdated: filterCriteriaRemoved: NONE
10-16 23:59:05.447: I/DeviceScanner(6149): [MDNS] onScanSettingsUpdated: Did scan settings changed? false
10-16 23:59:05.447: W/MdnsClient_Cast(6149): Multicast lock held. Releasing. Subtypes:"233637DE"
10-16 23:59:05.449: W/MdnsClient_Cast(6149): #acquireLock. Multicast lock not held. Acquiring. Subtypes:"233637DE"
10-16 23:59:05.450: W/MdnsClient_Cast(6149): Multicast lock held. Releasing. Subtypes:"233637DE"
10-16 23:59:05.452: W/MdnsClient_Cast(6149): #acquireLock. Multicast lock not held. Acquiring. Subtypes:"233637DE"
10-16 23:59:05.452: I/DeviceScanner(6149): [GuestMode] startScan: scannerFlags: 2 criteria=233637DE
10-16 23:59:05.497: D/ContextHubService(1626): Added callback, total callbacks 1
10-16 23:59:05.497: D/ContextHubService(1626): System supports 0 hubs
10-16 23:59:05.552: W/Settings(6126): Setting airplane_mode_on has moved from android.provider.Settings.System to android.provider.Settings.Global, returning read-only value.
10-16 23:59:05.582: E/HalDeviceManager(1626): getAllChipInfo: called but mWifi is null!?
10-16 23:59:05.582: E/HalDeviceManager(1626): getSupportedIfaceTypesInternal: no chip info found
10-16 23:59:05.587: W/ConfigurationChimeraProvider(6126): Got null configs for com.google.android.gms.nearby
10-16 23:59:05.632: W/Binder(1626): Outgoing transactions from this process must be FLAG_ONEWAY
10-16 23:59:05.632: W/Binder(1626): java.lang.Throwable
10-16 23:59:05.632: W/Binder(1626): 	at android.os.BinderProxy.transact(Binder.java:736)
10-16 23:59:05.632: W/Binder(1626): 	at com.android.internal.backup.IBackupTransport$Stub$Proxy.name(IBackupTransport.java:369)
10-16 23:59:05.632: W/Binder(1626): 	at com.android.server.backup.TransportManager$TransportConnection.onServiceConnected(TransportManager.java:339)
10-16 23:59:05.632: W/Binder(1626): 	at android.app.LoadedApk$ServiceDispatcher.doConnected(LoadedApk.java:1611)
10-16 23:59:05.632: W/Binder(1626): 	at android.app.LoadedApk$ServiceDispatcher$RunConnection.run(LoadedApk.java:1640)
10-16 23:59:05.632: W/Binder(1626): 	at android.os.Handler.handleCallback(Handler.java:769)
10-16 23:59:05.632: W/Binder(1626): 	at android.os.Handler.dispatchMessage(Handler.java:98)
10-16 23:59:05.632: W/Binder(1626): 	at android.os.Looper.loop(Looper.java:164)
10-16 23:59:05.632: W/Binder(1626): 	at com.android.server.SystemServer.run(SystemServer.java:419)
10-16 23:59:05.632: W/Binder(1626): 	at com.android.server.SystemServer.main(SystemServer.java:258)
10-16 23:59:05.632: W/Binder(1626): 	at java.lang.reflect.Method.invoke(Native Method)
10-16 23:59:05.632: W/Binder(1626): 	at com.android.internal.os.Zygote$MethodAndArgsCaller.run(Zygote.java:240)
10-16 23:59:05.632: W/Binder(1626): 	at com.android.internal.os.ZygoteInit.main(ZygoteInit.java:767)
10-16 23:59:05.633: D/BackupTransportManager(1626): Bound to transport: com.google.android.gms/.backup.component.D2dTransportService
10-16 23:59:05.635: W/ChimeraUtils(6126): Non Chimera context
10-16 23:59:05.635: W/ChimeraUtils(6126): Non Chimera context
10-16 23:59:05.648: I/Auth(6126): [ReflectiveChannelBinder] Successfully bound channel!
10-16 23:59:05.650: I/GoogleURLConnFactory(6126): Using platform SSLCertificateSocketFactory
10-16 23:59:05.651: E/BaseAppContext(6126): Tried to stop global GMSCore RequestQueue. This is likely unintended, so ignoring.
10-16 23:59:05.661: I/GCoreNlp(6126): shouldConfirmNlp, NLP off. Ensuring opt-in disabled
10-16 23:59:05.665: W/Binder(1626): Outgoing transactions from this process must be FLAG_ONEWAY
10-16 23:59:05.665: W/Binder(1626): java.lang.Throwable
10-16 23:59:05.665: W/Binder(1626): 	at android.os.BinderProxy.transact(Binder.java:736)
10-16 23:59:05.665: W/Binder(1626): 	at com.android.internal.location.ILocationProvider$Stub$Proxy.getProperties(ILocationProvider.java:232)
10-16 23:59:05.665: W/Binder(1626): 	at com.android.server.location.LocationProviderProxy$1.run(LocationProviderProxy.java:119)
10-16 23:59:05.665: W/Binder(1626): 	at android.os.Handler.handleCallback(Handler.java:769)
10-16 23:59:05.665: W/Binder(1626): 	at android.os.Handler.dispatchMessage(Handler.java:98)
10-16 23:59:05.665: W/Binder(1626): 	at android.os.Looper.loop(Looper.java:164)
10-16 23:59:05.665: W/Binder(1626): 	at android.os.HandlerThread.run(HandlerThread.java:65)
10-16 23:59:05.679: I/WearableService(6126): Wearable Services not starting - Wear is not available on this device.
10-16 23:59:05.689: W/Binder(1626): Outgoing transactions from this process must be FLAG_ONEWAY
10-16 23:59:05.689: W/Binder(1626): java.lang.Throwable
10-16 23:59:05.689: W/Binder(1626): 	at android.os.BinderProxy.transact(Binder.java:736)
10-16 23:59:05.689: W/Binder(1626): 	at com.android.internal.backup.IBackupTransport$Stub$Proxy.name(IBackupTransport.java:369)
10-16 23:59:05.689: W/Binder(1626): 	at com.android.server.backup.TransportManager$TransportConnection.onServiceConnected(TransportManager.java:339)
10-16 23:59:05.689: W/Binder(1626): 	at android.app.LoadedApk$ServiceDispatcher.doConnected(LoadedApk.java:1611)
10-16 23:59:05.689: W/Binder(1626): 	at android.app.LoadedApk$ServiceDispatcher$RunConnection.run(LoadedApk.java:1640)
10-16 23:59:05.689: W/Binder(1626): 	at android.os.Handler.handleCallback(Handler.java:769)
10-16 23:59:05.689: W/Binder(1626): 	at android.os.Handler.dispatchMessage(Handler.java:98)
10-16 23:59:05.689: W/Binder(1626): 	at android.os.Looper.loop(Looper.java:164)
10-16 23:59:05.689: W/Binder(1626): 	at com.android.server.SystemServer.run(SystemServer.java:419)
10-16 23:59:05.689: W/Binder(1626): 	at com.android.server.SystemServer.main(SystemServer.java:258)
10-16 23:59:05.689: W/Binder(1626): 	at java.lang.reflect.Method.invoke(Native Method)
10-16 23:59:05.689: W/Binder(1626): 	at com.android.internal.os.Zygote$MethodAndArgsCaller.run(Zygote.java:240)
10-16 23:59:05.689: W/Binder(1626): 	at com.android.internal.os.ZygoteInit.main(ZygoteInit.java:767)
10-16 23:59:05.690: D/BackupTransportManager(1626): Bound to transport: com.google.android.gms/.backup.BackupTransportService
10-16 23:59:05.728: I/Remoter(1477): Saved screenshot to '/data/screenshots/__pmv__-0078.jpg'
10-16 23:59:05.744: I/zygote(6126): Deoptimizing boolean bxm.a(android.content.Context, bxo) due to JIT inline cache
10-16 23:59:05.750: I/GeofencerStateMachine(6126): Network location disabled.
10-16 23:59:05.780: I/zygote(6126): Do partial code cache collection, code=51KB, data=55KB
10-16 23:59:05.780: I/zygote(6126): After code cache collection, code=45KB, data=52KB
10-16 23:59:05.780: I/zygote(6126): Increasing code cache capacity to 256KB
10-16 23:59:05.792: I/GeofencerStateMachine(6126): sendQueryLocationOptIn
10-16 23:59:05.795: I/Backup(6126): [GmsBackupAccountManager] Backup account not found in gmscore.
10-16 23:59:05.815: I/BeaconBle(6126): Using BLE 'L' hardware layer
10-16 23:59:05.820: W/Nearby(6126): Bind call too late - someone already tried to get: interface avxf
10-16 23:59:05.826: W/ChimeraUtils(6126): Module com.google.android.gms.backup has empty metadata display_name_string_id
10-16 23:59:05.865: I/GeofencerStateMachine(6126): removeGeofences: removeRequest=RemoveGeofencingRequest[REMOVE_BY_PENDING_INTENT pendingIntent=PendingIntent[creatorPackage=com.google.android.gms], packageName=null]
10-16 23:59:05.888: W/Settings(6126): Setting airplane_mode_on has moved from android.provider.Settings.System to android.provider.Settings.Global, returning read-only value.
10-16 23:59:05.892: W/Settings(6126): Setting airplane_mode_on has moved from android.provider.Settings.System to android.provider.Settings.Global, returning read-only value.
10-16 23:59:05.946: D/BluetoothAdapter(6126): isLeEnabled(): ON
10-16 23:59:05.946: D/BluetoothLeScanner(6126): could not find callback wrapper
10-16 23:59:05.948: I/BeaconBle(6126): Client requested scan, settings=BleSettings [scanMode=LOW_LATENCY, callbackType=ALL_MATCHES, reportDelayMillis=0, 6 filters, 1 clients, callingClientName=Nearby]
10-16 23:59:05.960: I/BeaconBle(6126): 'L' hardware scan: 6 filters, scanMode=2, reportdelay=0, callback type=1, #clients=1
10-16 23:59:05.962: I/BeaconBle(6126): Starting scan on OS scanner. BT state: 12
10-16 23:59:05.962: D/BluetoothAdapter(6126): isLeEnabled(): ON
10-16 23:59:05.965: D/BtGatt.GattService(1730): registerScanner() - UUID=498ee56c-c734-4ff4-a65e-645f54236eec
10-16 23:59:05.965: D/BtGatt.GattService(1730): onScannerRegistered() - UUID=498ee56c-c734-4ff4-a65e-645f54236eec, scannerId=5, status=0
10-16 23:59:05.965: D/BluetoothLeScanner(6126): onScannerRegistered() - status=0 scannerId=5 mScannerId=0
10-16 23:59:05.965: D/BtGatt.GattService(1730): start scan with filters
10-16 23:59:05.966: D/BtGatt.ScanManager(1730): handling starting scan
10-16 23:59:05.967: D/BtGatt.ScanManager(1730): configureRegularScanParams() - queue=1
10-16 23:59:05.967: D/BtGatt.ScanManager(1730): configureRegularScanParams() - ScanSetting Scan mode=2 mLastConfiguredScanSetting=-2147483648
10-16 23:59:05.967: D/BtGatt.ScanManager(1730): configureRegularScanParams - scanInterval = 8000configureRegularScanParams - scanWindow = 8000
10-16 23:59:05.967: I/dual_mode_controller(1480): Command opcode: 0x200B, OGF: 0x0008, OCF: 0x000B
10-16 23:59:05.967: I/dual_mode_controller(1480): Controller performing command: LE SetScanParameters
10-16 23:59:05.967: D/BtGatt.GattService(1730): onScanParamSetupCompleted : 0
10-16 23:59:05.968: I/dual_mode_controller(1480): Command opcode: 0x200C, OGF: 0x0008, OCF: 0x000C
10-16 23:59:05.968: I/dual_mode_controller(1480): Controller performing command: LE SetScanEnable
10-16 23:59:05.968: I/dual_mode_controller(1480): Command opcode: 0x200C, OGF: 0x0008, OCF: 0x000C
10-16 23:59:05.968: I/dual_mode_controller(1480): Controller performing command: LE SetScanEnable
10-16 23:59:05.969: I/dual_mode_controller(1480): Command opcode: 0x200B, OGF: 0x0008, OCF: 0x000B
10-16 23:59:05.969: I/dual_mode_controller(1480): Controller performing command: LE SetScanParameters
10-16 23:59:05.969: I/dual_mode_controller(1480): Command opcode: 0x200B, OGF: 0x0008, OCF: 0x000B
10-16 23:59:05.969: I/dual_mode_controller(1480): Controller performing command: LE SetScanParameters
10-16 23:59:05.969: I/dual_mode_controller(1480): Command opcode: 0x200C, OGF: 0x0008, OCF: 0x000C
10-16 23:59:05.969: I/dual_mode_controller(1480): Controller performing command: LE SetScanEnable
10-16 23:59:05.976: I/BeaconBle(6126): Nearby requested to stop scan
10-16 23:59:05.981: I/BeaconBle(6126): Stopping scan on delegate scanner. BT state: 12
10-16 23:59:05.981: D/BluetoothAdapter(6126): isLeEnabled(): ON
10-16 23:59:05.982: D/BtGatt.GattService(1730): stopScan() - queue size =1
10-16 23:59:05.982: D/BtGatt.ScanManager(1730): stop scan
10-16 23:59:05.983: D/BtGatt.ScanManager(1730): configureRegularScanParams() - queue=0
10-16 23:59:05.983: I/dual_mode_controller(1480): Command opcode: 0x200C, OGF: 0x0008, OCF: 0x000C
10-16 23:59:05.983: I/dual_mode_controller(1480): Controller performing command: LE SetScanEnable
10-16 23:59:05.983: D/BtGatt.GattService(1730): unregisterScanner() - scannerId=5
10-16 23:59:05.983: D/BtGatt.ScanManager(1730): configureRegularScanParams() - ScanSetting Scan mode=-2147483648 mLastConfiguredScanSetting=2
10-16 23:59:05.983: D/BtGatt.ScanManager(1730): configureRegularScanParams() - queue emtpy, scan stopped
10-16 23:59:05.984: I/dual_mode_controller(1480): Command opcode: 0x200B, OGF: 0x0008, OCF: 0x000B
10-16 23:59:05.984: I/dual_mode_controller(1480): Controller performing command: LE SetScanParameters
10-16 23:59:05.985: I/BeaconBle(6126): Resetting - new scanner available: true
10-16 23:59:05.985: I/BeaconBle(6126): 'L' hardware scan: scan stopped, no clients
10-16 23:59:05.985: I/BeaconBle(6126): Scan canceled successfully.
10-16 23:59:05.986: D/BluetoothAdapter(6126): isLeEnabled(): ON
10-16 23:59:05.986: D/BluetoothLeScanner(6126): could not find callback wrapper
10-16 23:59:05.991: D/BluetoothAdapter(6126): isLeEnabled(): ON
10-16 23:59:05.991: D/BluetoothLeScanner(6126): could not find callback wrapper
10-16 23:59:05.993: I/BeaconBle(6126): Client requested scan, settings=BleSettings [scanMode=LOW_LATENCY, callbackType=ALL_MATCHES, reportDelayMillis=0, 6 filters, 1 clients, callingClientName=Nearby]
10-16 23:59:05.995: I/BeaconBle(6126): updateOsScan() called too quickly, retry in 300 ms
10-16 23:59:06.003: W/NearbyMessages(6126): LocationProvider returns null
10-16 23:59:06.296: I/BeaconBle(6126): 'L' hardware scan: 6 filters, scanMode=2, reportdelay=0, callback type=1, #clients=1
10-16 23:59:06.297: I/BeaconBle(6126): Starting scan on OS scanner. BT state: 12
10-16 23:59:06.297: D/BluetoothAdapter(6126): isLeEnabled(): ON
10-16 23:59:06.298: D/BtGatt.GattService(1730): registerScanner() - UUID=eb6d7423-da2d-4303-b3a0-5f2647dfadf6
10-16 23:59:06.298: D/BtGatt.GattService(1730): onScannerRegistered() - UUID=eb6d7423-da2d-4303-b3a0-5f2647dfadf6, scannerId=5, status=0
10-16 23:59:06.299: D/BluetoothLeScanner(6126): onScannerRegistered() - status=0 scannerId=5 mScannerId=0
10-16 23:59:06.299: D/BtGatt.GattService(1730): start scan with filters
10-16 23:59:06.299: D/BtGatt.ScanManager(1730): handling starting scan
10-16 23:59:06.301: D/BtGatt.ScanManager(1730): configureRegularScanParams() - queue=1
10-16 23:59:06.301: D/BtGatt.ScanManager(1730): configureRegularScanParams() - ScanSetting Scan mode=2 mLastConfiguredScanSetting=-2147483648
10-16 23:59:06.301: D/BtGatt.ScanManager(1730): configureRegularScanParams - scanInterval = 8000configureRegularScanParams - scanWindow = 8000
10-16 23:59:06.301: I/dual_mode_controller(1480): Command opcode: 0x200B, OGF: 0x0008, OCF: 0x000B
10-16 23:59:06.301: I/dual_mode_controller(1480): Controller performing command: LE SetScanParameters
10-16 23:59:06.301: D/BtGatt.GattService(1730): onScanParamSetupCompleted : 0
10-16 23:59:06.301: I/dual_mode_controller(1480): Command opcode: 0x200C, OGF: 0x0008, OCF: 0x000C
10-16 23:59:06.301: I/dual_mode_controller(1480): Controller performing command: LE SetScanEnable
10-16 23:59:06.302: I/dual_mode_controller(1480): Command opcode: 0x200C, OGF: 0x0008, OCF: 0x000C
10-16 23:59:06.302: I/dual_mode_controller(1480): Controller performing command: LE SetScanEnable
10-16 23:59:06.302: I/dual_mode_controller(1480): Command opcode: 0x200B, OGF: 0x0008, OCF: 0x000B
10-16 23:59:06.302: I/dual_mode_controller(1480): Controller performing command: LE SetScanParameters
10-16 23:59:06.302: I/dual_mode_controller(1480): Command opcode: 0x200B, OGF: 0x0008, OCF: 0x000B
10-16 23:59:06.302: I/dual_mode_controller(1480): Controller performing command: LE SetScanParameters
10-16 23:59:06.303: I/dual_mode_controller(1480): Command opcode: 0x200C, OGF: 0x0008, OCF: 0x000C
10-16 23:59:06.303: I/dual_mode_controller(1480): Controller performing command: LE SetScanEnable
10-16 23:59:06.767: I/Remoter(1477): Saved screenshot to '/data/screenshots/__pmv__-0079.jpg'
10-16 23:59:06.894: E/dual_mode_controller(1480): LE scan
10-16 23:59:07.097: W/Finsky(5864): [2] com.google.android.finsky.application.FinskyAppImpl.at(1142): No account configured on this device.
10-16 23:59:07.486: V/RcsService(5595): Device info: unknown GCE x86 phone gce_x86  //  generic gce_x86_phone
10-16 23:59:07.486: V/RcsService(5595): Running Android 8.0.0, API level 26, REL 4165914
10-16 23:59:07.486: D/RcsService(5595): onBind in state STARTED, intent action = com.google.android.ims.rcsservice.signup.ISignup
10-16 23:59:07.487: I/ActivityManager(1626): Killing 5473:com.android.cellbroadcastreceiver/u0a13 (adj 906): empty #17
10-16 23:59:07.489: D/RcsService(5595): Never provisioned and provisioning is not allowed, skipped config update request
10-16 23:59:07.677: I/GAv4-SVC(6149): Google Analytics 11.5.19 is starting up.
10-16 23:59:07.755: V/MediaPlayer(5728): resetDrmState:  mDrmInfo=null mDrmProvisioningThread=null mPrepareDrmInProgress=false mActiveDrmScheme=false
10-16 23:59:07.755: V/MediaPlayer(5728): cleanDrmObj: mDrmObj=null mDrmSessionId=null
10-16 23:59:07.755: D/NuPlayerDriver(1502): reset(0xef0a9690) at state 4
10-16 23:59:07.755: D/NuPlayerDriver(1502): notifyListener_l(0xef0a9690), (8, 0, 0, -1), loop setting(1, 0)
10-16 23:59:07.756: D/NuPlayerDriver(1502): notifyResetComplete(0xef0a9690)
10-16 23:59:07.756: D/MediaAnalyticsService(1501): MediaAnalyticsService::newSummarizerSet
10-16 23:59:07.806: I/Remoter(1477): Saved screenshot to '/data/screenshots/__pmv__-0080.jpg'
10-16 23:59:07.894: E/dual_mode_controller(1480): LE scan
10-16 23:59:08.446: I/Publisher(6149): Triggered Adaptive Discovery
10-16 23:59:08.446: I/Publisher(6149): Exiting Adaptive Discovery. Current BSSID is NULL.
10-16 23:59:08.650: E/GnsSdk(5646): [GnsTaskScheduledService] Handler not found for tag: scheduled_sync_reg_status
10-16 23:59:08.844: I/Remoter(1477): Saved screenshot to '/data/screenshots/__pmv__-0081.jpg'
10-16 23:59:08.894: E/dual_mode_controller(1480): LE scan
10-16 23:59:08.947: D/BluetoothAdapter(6126): isLeEnabled(): ON
10-16 23:59:08.947: D/BluetoothLeScanner(6126): could not find callback wrapper
10-16 23:59:08.948: I/BeaconBle(6126): Client requested scan, settings=BleSettings [scanMode=ZERO_POWER, callbackType=ALL_MATCHES, reportDelayMillis=0, 6 filters, 1 clients, callingClientName=Nearby]
10-16 23:59:08.950: I/BeaconBle(6126): Stopping scan on delegate scanner. BT state: 12
10-16 23:59:08.950: D/BluetoothAdapter(6126): isLeEnabled(): ON
10-16 23:59:08.950: D/BtGatt.GattService(1730): stopScan() - queue size =1
10-16 23:59:08.951: D/BtGatt.ScanManager(1730): stop scan
10-16 23:59:08.951: D/BtGatt.GattService(1730): unregisterScanner() - scannerId=5
10-16 23:59:08.951: D/BtGatt.ScanManager(1730): configureRegularScanParams() - queue=0
10-16 23:59:08.951: I/dual_mode_controller(1480): Command opcode: 0x200C, OGF: 0x0008, OCF: 0x000C
10-16 23:59:08.951: I/dual_mode_controller(1480): Controller performing command: LE SetScanEnable
10-16 23:59:08.951: D/BtGatt.ScanManager(1730): configureRegularScanParams() - ScanSetting Scan mode=-2147483648 mLastConfiguredScanSetting=2
10-16 23:59:08.951: D/BtGatt.ScanManager(1730): configureRegularScanParams() - queue emtpy, scan stopped
10-16 23:59:08.952: I/BeaconBle(6126): Resetting - new scanner available: true
10-16 23:59:08.952: I/dual_mode_controller(1480): Command opcode: 0x200B, OGF: 0x0008, OCF: 0x000B
10-16 23:59:08.952: I/dual_mode_controller(1480): Controller performing command: LE SetScanParameters
10-16 23:59:08.952: I/BeaconBle(6126): ZERO_POWER is disabled.
10-16 23:59:08.952: I/BeaconBle(6126): 'L' hardware scan: scan stopped, no powered clients
10-16 23:59:09.277: I/WearableService(6126): Wearable Services stopping
10-16 23:59:09.821: W/zygote(6313): Unexpected CPU variant for X86 using defaults: x86
10-16 23:59:09.827: I/ActivityManager(1626): Start proc 6313:com.google.android.gms.feedback/u0a14 for service com.google.android.gms/.feedback.FeedbackService
10-16 23:59:09.856: I/LoadedApk(6313): No resource references to update in package FFFFFFFFFFFFFFFFFFFFFF
10-16 23:59:09.879: V/NativeCrypto(6313): Registering com/google/android/gms/org/conscrypt/NativeCrypto's 259 native methods...
10-16 23:59:09.887: D/NetworkSecurityConfig(6313): No Network Security Config specified, using platform default
10-16 23:59:09.887: I/ProviderInstaller(6313): Installed default security provider GmsCore_OpenSSL
10-16 23:59:09.893: I/Remoter(1477): Saved screenshot to '/data/screenshots/__pmv__-0082.jpg'
10-16 23:59:09.968: I/DynamiteModule(6313): Considering local module com.google.android.gms.googlecertificates:4 and remote module com.google.android.gms.googlecertificates:4
10-16 23:59:09.968: I/DynamiteModule(6313): Selected local version of com.google.android.gms.googlecertificates
10-16 23:59:10.353: W/zygote(6337): Unexpected CPU variant for X86 using defaults: x86
10-16 23:59:10.358: I/ActivityManager(1626): Start proc 6337:com.google.android.contacts/u0a19 for service com.google.android.contacts/com.android.contacts.ContactsJobService
10-16 23:59:10.367: I/GoogleContactsApp(6337): GoogleContactsApplication.onCreate
10-16 23:59:10.369: W/Binder(1626): Outgoing transactions from this process must be FLAG_ONEWAY
10-16 23:59:10.369: W/Binder(1626): java.lang.Throwable
10-16 23:59:10.369: W/Binder(1626): 	at android.os.BinderProxy.transact(Binder.java:736)
10-16 23:59:10.369: W/Binder(1626): 	at android.content.ContentProviderProxy.getType(ContentProviderNative.java:451)
10-16 23:59:10.369: W/Binder(1626): 	at com.android.server.am.ActivityManagerService.getProviderMimeType(ActivityManagerService.java:12074)
10-16 23:59:10.369: W/Binder(1626): 	at android.app.IActivityManager$Stub.onTransact(IActivityManager.java:1799)
10-16 23:59:10.369: W/Binder(1626): 	at com.android.server.am.ActivityManagerService.onTransact(ActivityManagerService.java:2921)
10-16 23:59:10.369: W/Binder(1626): 	at android.os.Binder.execTransact(Binder.java:674)
10-16 23:59:10.370: W/zygote(6337): Class com.google.android.gms.analytics.a failed lock verification and will run slower.
10-16 23:59:10.370: W/zygote(6337): Common causes for lock verification issues are non-optimized dex code
10-16 23:59:10.370: W/zygote(6337): and incorrect proguard optimizations.
10-16 23:59:10.370: W/zygote(6337): Class com.google.android.gms.analytics.internal.b failed lock verification and will run slower.
10-16 23:59:10.371: W/zygote(6337): Class com.google.android.gms.analytics.internal.g failed lock verification and will run slower.
10-16 23:59:10.371: I/GAv4(6337): Google Analytics 10.0.84 is starting up. To enable debug logging on a device run:
10-16 23:59:10.371: I/GAv4(6337):   adb shell setprop log.tag.GAv4 DEBUG
10-16 23:59:10.371: I/GAv4(6337):   adb logcat -s GAv4
10-16 23:59:10.375: W/zygote(6337): Class com.google.android.gms.analytics.internal.F failed lock verification and will run slower.
10-16 23:59:10.376: W/zygote(6337): Class com.google.android.gms.analytics.k failed lock verification and will run slower.
10-16 23:59:10.378: W/GAv4(6337): AnalyticsReceiver is not registered or is disabled. Register the receiver for reliable dispatching on non-Google Play devices. See http://goo.gl/8Rd3yj for instructions.
10-16 23:59:10.379: W/GAv4(6337): CampaignTrackingReceiver is not registered, not exported or is disabled. Installation campaign tracking is not possible. See http://goo.gl/8Rd3yj for instructions.
10-16 23:59:10.379: W/GAv4(6337): AnalyticsService not registered in the app manifest. Hits might not be delivered reliably. See http://goo.gl/8Rd3yj for instructions.
10-16 23:59:10.380: W/zygote(6337): Class android.support.v4.a.b failed lock verification and will run slower.
10-16 23:59:10.385: W/zygote(6337): Class com.google.android.gms.internal.Q failed lock verification and will run slower.
10-16 23:59:10.385: W/zygote(6337): Class com.google.android.gms.common.m failed lock verification and will run slower.
10-16 23:59:10.406: I/ActivityManager(1626): Killing 5508:com.android.vending:instant_app_installer/u0a26 (adj 906): empty #17
10-16 23:59:10.934: I/Remoter(1477): Saved screenshot to '/data/screenshots/__pmv__-0083.jpg'
10-16 23:59:11.128: E/memtrack(1626): Couldn't load memtrack module
10-16 23:59:11.128: W/android.os.Debug(1626): failed to get memory consumption info: -1
10-16 23:59:11.721: W/Finsky(5864): [419] com.google.android.finsky.application.FinskyAppImpl.at(1142): No account configured on this device.
10-16 23:59:11.749: I/Finsky(5864): [419] com.google.android.finsky.h.d.a(24): Completed 0 account content syncs with 0 successful.
10-16 23:59:11.750: I/Finsky(5864): [2] com.google.android.finsky.services.e.a(5): Installation state replication succeeded.
10-16 23:59:11.973: I/Remoter(1477): Saved screenshot to '/data/screenshots/__pmv__-0084.jpg'
10-16 23:59:12.585: D/HeadsetPhoneState(1730): sendDeviceStateChanged. mService=1 mSignal=5 mRoam=0 mBatteryCharge=4
10-16 23:59:13.012: I/Remoter(1477): Saved screenshot to '/data/screenshots/__pmv__-0085.jpg'
10-16 23:59:13.287: D/Avrcp(1730): AvrcpServiceBroadcastReceiver-> Action: android.intent.action.PACKAGE_CHANGED
10-16 23:59:13.287: D/Avrcp(1730): AvrcpServiceBroadcastReceiver-> packageName: com.google.android.googlequicksearchbox
10-16 23:59:13.287: D/Avrcp(1730): packageName: com.google.android.googlequicksearchbox removed: false
10-16 23:59:13.290: D/Avrcp(1730): isBrowsableListUpdated: false
10-16 23:59:13.296: I/InputReader(1626): Reconfiguring input devices.  changes=0x00000010
10-16 23:59:13.302: D/CarrierSvcBindHelper(1823): No carrier app for: 0
10-16 23:59:13.302: D/ImsResolver(1823): maybeAddedImsService, packageName: com.google.android.googlequicksearchbox
10-16 23:59:13.305: I/Telecom(1626): DefaultDialerCache: Refreshing default dialer for user 0: now com.google.android.dialer: DDC.oR@AHw
10-16 23:59:13.319: W/zygote(6368): Unexpected CPU variant for X86 using defaults: x86
10-16 23:59:13.324: I/ActivityManager(1626): Start proc 6368:com.android.printspooler/u0a77 for service com.android.printspooler/.model.PrintSpoolerService
10-16 23:59:14.047: I/Remoter(1477): Saved screenshot to '/data/screenshots/__pmv__-0086.jpg'
10-16 23:59:14.965: E/ActivityThread(6037): Failed to find provider info for com.google.android.apps.common.testing.services.storage.testargs
10-16 23:59:14.966: W/AuthService(6037): [TestArgsHelper] Error when calling AndroidTestUtil.getTestArgs(). Note that this behavior might be expected.
10-16 23:59:14.967: I/AuthService(6037): [AddAccountOperation] Call GmsCore API.
10-16 23:59:14.976: I/Auth(6126): [ReflectiveChannelBinder] Successfully bound channel!
10-16 23:59:14.997: I/DrmHal(1499): makeDrmFactories: using default drm instance
10-16 23:59:14.998: D/WVCdm(1499): Instantiating CDM.
10-16 23:59:14.998: I/WVCdm(1499): CdmEngine::OpenSession
10-16 23:59:14.998: I/WVCdm(1499): Level3 Library 4464 May  2 2017 11:53:46
10-16 23:59:14.999: W/WVCdm(1499): Could not load liboemcrypto.so. Falling back to L3.  dlopen failed: library "liboemcrypto.so" not found
10-16 23:59:14.999: W/WVCdm(1499): DeviceFiles::RetrieveUsageTableInfo: not initialized
10-16 23:59:15.003: I/WVCdm(1499): CdmEngine::QueryOemCryptoSessionId
10-16 23:59:15.004: I/WVCdm(1499): CdmEngine::GenerateKeyRequest
10-16 23:59:15.004: W/WVCdm(1499): OEMCrypto_GetCurrentSRMVersion fails with 25
10-16 23:59:15.004: D/WVCdm(1499): PrepareKeyRequest: nonce=1685108047
10-16 23:59:15.063: I/DynamiteModule(6072): Considering local module com.google.android.gms.googlecertificates:4 and remote module com.google.android.gms.googlecertificates:4
10-16 23:59:15.063: I/DynamiteModule(6072): Selected local version of com.google.android.gms.googlecertificates
10-16 23:59:15.088: I/WVCdm(1499): CdmEngine::CloseSession
10-16 23:59:15.109: W/zygote(6072): Skipping duplicate class check due to unrecognized classloader
10-16 23:59:15.117: I/Remoter(1477): Saved screenshot to '/data/screenshots/__pmv__-0087.jpg'
10-16 23:59:15.182: W/SystemServiceRegistry(6072): No service published for: persistent_data_block
10-16 23:59:15.202: W/dex2oat(6398): Unexpected CPU variant for X86 using defaults: x86
10-16 23:59:15.202: W/dex2oat(6398): Mismatch between dex2oat instruction set features (ISA: X86 Feature string: -ssse3,-sse4.1,-sse4.2,-avx,-avx2,-popcnt) and those of dex2oat executable (ISA: X86 Feature string: ssse3,-sse4.1,-sse4.2,-avx,-avx2,-popcnt) for the command line:
10-16 23:59:15.202: W/dex2oat(6398): /system/bin/dex2oat --runtime-arg -classpath --runtime-arg & --instruction-set=x86 --instruction-set-features=ssse3,-sse4.1,-sse4.2,-avx,-avx2,-popcnt --runtime-arg -Xrelocate --boot-image=/system/framework/boot.art --runtime-arg -Xms64m --runtime-arg -Xmx512m --instruction-set-variant=x86 --instruction-set-features=default --dex-file=/data/data/com.google.android.gms/app_fb/f.apk --output-vdex-fd=49 --oat-fd=50 --oat-location=/data/data/com.google.android.gms/app_fb/oat/x86/f.odex
10-16 23:59:15.202: I/dex2oat(6398): /system/bin/dex2oat --dex-file=/data/data/com.google.android.gms/app_fb/f.apk --output-vdex-fd=49 --oat-fd=50 --oat-location=/data/data/com.google.android.gms/app_fb/oat/x86/f.odex
10-16 23:59:15.202: E/cutils-trace(6398): Error opening trace file: No such file or directory (2)
10-16 23:59:15.233: I/dex2oat(6398): dex2oat took 30.539ms (35.809ms cpu) (threads: 2) arena alloc=308KB (315880B) java alloc=16KB (16960B) native alloc=1207KB (1236184B) free=1864KB (1909544B)
10-16 23:59:15.235: W/zygote(6072): Skipping duplicate class check due to unrecognized classloader
10-16 23:59:15.559: W/Conscrypt(6126): Could not set socket write timeout:
10-16 23:59:15.559: W/Conscrypt(6126):    java.lang.reflect.Method.invoke(Native Method)
10-16 23:59:15.559: W/Conscrypt(6126):    com.google.android.gms.org.conscrypt.Platform.setSocketWriteTimeout(:com.google.android.gms@11519470:13)
10-16 23:59:15.569: W/Conscrypt(6126): Could not set socket write timeout:
10-16 23:59:15.569: W/Conscrypt(6126):    java.lang.reflect.Method.invoke(Native Method)
10-16 23:59:15.569: W/Conscrypt(6126):    com.google.android.gms.org.conscrypt.Platform.setSocketWriteTimeout(:com.google.android.gms@11519470:13)
10-16 23:59:15.656: I/zygote(6126): Deoptimizing java.lang.Object luq.d() due to JIT inline cache
10-16 23:59:15.659: I/zygote(6126): Deoptimizing void sww.a(sxe, int) due to JIT inline cache
10-16 23:59:15.753: I/Auth(6126): [AccountVisibility] Add account explicitly with whitelisted packages 0
10-16 23:59:15.756: D/AccountManagerService(1626): Visibility was not initialized
10-16 23:59:15.757: I/AccountManagerService(1626): the accounts changed, sending broadcast of android.accounts.LOGIN_ACCOUNTS_CHANGED
10-16 23:59:15.766: W/zygote(6410): Unexpected CPU variant for X86 using defaults: x86
10-16 23:59:15.768: I/ActivityManager(1626): Start proc 6410:com.android.chrome/u0a46 for broadcast com.android.chrome/org.chromium.chrome.browser.services.AccountsChangedReceiver
10-16 23:59:15.768: I/AccountManagerService(1626): the accounts changed, sending broadcast of android.accounts.LOGIN_ACCOUNTS_CHANGED
10-16 23:59:15.775: I/Backup(6126): [GmsBackupAccountManager] Backup account not found in gmscore.
10-16 23:59:15.776: I/ContactsProvider(5076): Accounts changed
10-16 23:59:15.798: I/Backup(6126): [GmsBackupAccountManager] Backup account not found in gmscore.
10-16 23:59:15.800: I/ContactsProvider(5076): Accounts changed
10-16 23:59:15.801: I/Auth(6126): [BroadcastManager] Broadcasting account services changed.
10-16 23:59:15.810: W/SystemServiceRegistry(6126): No service published for: persistent_data_block
10-16 23:59:15.818: I/ActivityManager(1626): Start proc 6430:com.google.process.gapps/u0a52 for content provider com.google.android.syncadapters.contacts/.ProxyGalProvider
10-16 23:59:15.819: I/AuthService(6037): [AddAccountOperation] Succeeded.
10-16 23:59:15.820: W/zygote(6430): Unexpected CPU variant for X86 using defaults: x86
10-16 23:59:15.835: W/ChimeraUtils(6126): Module com.google.android.gms.backup has empty metadata display_name_string_id
10-16 23:59:15.846: E/PlayCommon(5821): [2] MetalogHelper.<init>: Failed to restore PlayMetalog
10-16 23:59:15.846: E/PlayCommon(5821): [2] MetalogHelper.<init>: Failed to restore LogsUploadAttempt
10-16 23:59:15.870: I/AuthService(6037): [AccountService] Execution time for add account with authorization code, options: Bundle[{}] is 903 ms.
10-16 23:59:15.872: D/LoginUtil(6004): Instrumentation completed successfully
10-16 23:59:15.872: I/ActivityManager(1626): Force stopping com.google.android.apps.mtaas.loginutil appid=10085 user=0: finished inst
10-16 23:59:15.872: I/ActivityManager(1626): Killing 6004:com.google.android.apps.mtaas.loginutil/u0a85 (adj 0): stop com.google.android.apps.mtaas.loginutil
10-16 23:59:15.877: W/Binder(1626): Outgoing transactions from this process must be FLAG_ONEWAY
10-16 23:59:15.877: W/Binder(1626): java.lang.Throwable
10-16 23:59:15.877: W/Binder(1626): 	at android.os.BinderProxy.transact(Binder.java:736)
10-16 23:59:15.877: W/Binder(1626): 	at android.app.IInstrumentationWatcher$Stub$Proxy.instrumentationFinished(IInstrumentationWatcher.java:160)
10-16 23:59:15.877: W/Binder(1626): 	at com.android.server.am.InstrumentationReporter$MyThread.run(InstrumentationReporter.java:86)
10-16 23:59:15.878: D/AndroidRuntime(5855): Shutting down VM
10-16 23:59:15.896: E/SyncManager(1626): Job params not found for 106462
10-16 23:59:15.905: W/DynamiteModule(6410): Local module descriptor class for com.google.android.gms.googlecertificates not found.
10-16 23:59:15.905: I/GoogleHttpClient(6430): GMS http client unavailable, use old client
10-16 23:59:15.931: I/ContactDirectoryManager(5076): deleted 0 stale rows which don't have any relevant directory
10-16 23:59:15.932: I/ContactDirectoryManager(5076): Discovered 1 contact directories in 127ms
10-16 23:59:15.939: I/zygote(1626): Background concurrent copying GC freed 47052(2MB) AllocSpace objects, 14(332KB) LOS objects, 42% free, 16MB/29MB, paused 889us total 169.663ms
10-16 23:59:15.952: I/DynamiteModule(6410): Considering local module com.google.android.gms.googlecertificates:0 and remote module com.google.android.gms.googlecertificates:4
10-16 23:59:15.952: I/DynamiteModule(6410): Selected remote version of com.google.android.gms.googlecertificates, version >= 4
10-16 23:59:15.981: W/zygote(6410): Skipping duplicate class check due to unrecognized classloader
10-16 23:59:15.990: I/zygote(6126): Do full code cache collection, code=124KB, data=99KB
10-16 23:59:15.990: I/zygote(6126): After code cache collection, code=102KB, data=63KB
10-16 23:59:16.001: I/zygote(6126): Background concurrent copying GC freed 48387(3MB) AllocSpace objects, 10(200KB) LOS objects, 50% free, 3MB/7MB, paused 107.318ms total 162.044ms
10-16 23:59:16.012: E/FirebaseInstanceId(6410): Failed to resolve target intent service, skipping classname enforcement
10-16 23:59:16.013: W/ActivityManager(1626): Unable to start service Intent { act=com.google.firebase.INSTANCE_ID_EVENT pkg=com.android.chrome (has extras) } U=0: not found
10-16 23:59:16.013: E/FirebaseInstanceId(6410): Error while delivering the message: ServiceIntent not found.
10-16 23:59:16.015: I/FA(6410): App measurement is starting up, version: 10298
10-16 23:59:16.015: I/FA(6410): To enable debug logging run: adb shell setprop log.tag.FA VERBOSE
10-16 23:59:16.021: I/FA(6410): To enable faster debug mode event logging run:
10-16 23:59:16.021: I/FA(6410):   adb shell setprop debug.firebase.analytics.app com.android.chrome
10-16 23:59:16.023: I/FirebaseInitProvider(6410): FirebaseApp initialization successful
10-16 23:59:16.026: E/FA(6410): AppMeasurementReceiver not registered/enabled
10-16 23:59:16.026: I/ActivityManager(1626): Killing 5435:com.google.android.apps.fitness/u0a55 (adj 906): empty #17
10-16 23:59:16.029: E/FA(6410): AppMeasurementService not registered/enabled
10-16 23:59:16.029: E/FA(6410): Uploading is not possible. App measurement disabled
10-16 23:59:16.032: E/PlayCommon(5864): [2] com.google.android.play.a.e.<init>(14): Failed to restore PlayMetalog
10-16 23:59:16.033: E/PlayCommon(5864): [2] com.google.android.play.a.e.<init>(20): Failed to restore LogsUploadAttempt
10-16 23:59:16.038: I/Finsky(5864): [2] com.google.android.finsky.receivers.AccountsChangedReceiver.onReceive(44): Skipping additional VPA because already handled VPA.
10-16 23:59:16.038: I/Finsky(5864): [2] com.google.android.finsky.bs.a.a(32): Refreshing user settings: account=[pNO9ObzPejlK16Cz5STnAehdGGc]
10-16 23:59:16.039: D/Volley(5864): [413] g.b: Cache cleared.
10-16 23:59:16.039: D/Volley(5864): [405] g.b: Cache cleared.
10-16 23:59:16.043: D/Volley(5864): [2] g.b: Cache cleared.
10-16 23:59:16.062: D/Volley(5864): [413] g.b: Cache cleared.
10-16 23:59:16.062: D/Volley(5864): [405] g.b: Cache cleared.
10-16 23:59:16.065: D/Volley(5864): [2] g.b: Cache cleared.
10-16 23:59:16.087: I/Finsky(5864): [2] com.google.android.finsky.at.a.h.run(2): Loaded library for account: [pNO9ObzPejlK16Cz5STnAehdGGc]
10-16 23:59:16.087: I/Finsky(5864): [2] com.google.android.finsky.at.a.h.run(5): Finished loading 1 libraries.
10-16 23:59:16.122: W/ActivityManager(1626): Unable to start service Intent { cmp=com.google.android.gm.exchange/com.android.exchange.service.EasService } U=0: not found
10-16 23:59:16.125: W/zygote(6149): Skipping duplicate class check due to unrecognized classloader
10-16 23:59:16.147: W/Conscrypt(6126): Could not set socket write timeout:
10-16 23:59:16.147: W/Conscrypt(6126):    java.lang.reflect.Method.invoke(Native Method)
10-16 23:59:16.147: W/Conscrypt(6126):    com.google.android.gms.org.conscrypt.Platform.setSocketWriteTimeout(:com.google.android.gms@11519470:13)
10-16 23:59:16.151: W/Conscrypt(6126): Could not set socket write timeout:
10-16 23:59:16.151: W/Conscrypt(6126):    java.lang.reflect.Method.invoke(Native Method)
10-16 23:59:16.151: W/Conscrypt(6126):    com.google.android.gms.org.conscrypt.Platform.setSocketWriteTimeout(:com.google.android.gms@11519470:13)
10-16 23:59:16.182: I/Auth(6126): [BroadcastManager] Broadcasting account services changed.
10-16 23:59:16.186: I/Remoter(1477): Saved screenshot to '/data/screenshots/__pmv__-0088.jpg'
10-16 23:59:16.200: I/zygote(2268): Deoptimizing java.lang.Object com.google.common.collect.gx.a(int[], java.lang.Object[], int, int, java.lang.Object) due to JIT inline cache
10-16 23:59:16.215: I/ActivityManager(1626): Start proc 6473:com.google.android.talk/u0a63 for broadcast com.google.android.talk/com.google.android.apps.hangouts.service.broadcastreceiver.AccountRefreshReceiver
10-16 23:59:16.215: W/zygote(6473): Unexpected CPU variant for X86 using defaults: x86
10-16 23:59:16.222: I/GoogleHttpClient(6430): GMS http client unavailable, use old client
10-16 23:59:16.232: I/GoogleURLConnFactory(6149): Using platform SSLCertificateSocketFactory
10-16 23:59:16.233: E/BaseAppContext(6149): Tried to stop global GMSCore RequestQueue. This is likely unintended, so ignoring.
10-16 23:59:16.234: I/Auth(6126): [BroadcastManager] Broadcasting account change.
10-16 23:59:16.235: W/WakefulBroadcastReceiver(6126): No active wake lock id #1
10-16 23:59:16.242: I/PmtsSwAccountIntentOp(6149): Processing intent action=android.accounts.LOGIN_ACCOUNTS_CHANGED
10-16 23:59:16.245: I/HeterodyneSyncScheduler(6126): Scheduling Phenotype for a PhenotypeSyncImmediately(5, null) one off with window [1, 2] in seconds
10-16 23:59:16.255: I/PmtsSwAccountIntentOp(6149): Sw accountsLength=1
10-16 23:59:16.289: V/FingerprintManager(6149): FingerprintManagerService was null
10-16 23:59:16.289: W/FingerprintManager(6149): isFingerprintHardwareDetected(): Service not connected!
10-16 23:59:16.303: D/NetworkSecurityConfig(5864): No Network Security Config specified, using platform default
10-16 23:59:16.320: I/MicroDetectionWorker(2268): #initializeDataManager [recognitionLocale: es-AR, isForced: true, initGHRecognizer: false]
10-16 23:59:16.321: E/MicroModelsUtil(2268): No model available at /data/user/0/com.google.android.googlequicksearchbox/files/es-AR/hotword.data
10-16 23:59:16.321: E/MicroModelsUtil(2268): java.io.FileNotFoundException: /data/user/0/com.google.android.googlequicksearchbox/files/es-AR/hotword.data (No such file or directory)
10-16 23:59:16.321: E/MicroModelsUtil(2268): 	at java.io.FileInputStream.open0(Native Method)
10-16 23:59:16.321: E/MicroModelsUtil(2268): 	at java.io.FileInputStream.open(FileInputStream.java:200)
10-16 23:59:16.321: E/MicroModelsUtil(2268): 	at java.io.FileInputStream.<init>(FileInputStream.java:150)
10-16 23:59:16.321: E/MicroModelsUtil(2268): 	at com.google.common.i.z.bTH(SourceFile:4)
10-16 23:59:16.321: E/MicroModelsUtil(2268): 	at com.google.common.i.z.bTD(SourceFile:6)
10-16 23:59:16.321: E/MicroModelsUtil(2268): 	at com.google.common.i.w.af(SourceFile:20)
10-16 23:59:16.321: E/MicroModelsUtil(2268): 	at com.google.android.apps.gsa.speech.microdetection.t.b(SourceFile:41)
10-16 23:59:16.321: E/MicroModelsUtil(2268): 	at com.google.android.apps.gsa.speech.microdetection.t.b(SourceFile:6)
10-16 23:59:16.321: E/MicroModelsUtil(2268): 	at com.google.android.apps.gsa.speech.microdetection.q.run(SourceFile:14)
10-16 23:59:16.321: E/MicroModelsUtil(2268): 	at java.util.concurrent.Executors$RunnableAdapter.call(Executors.java:457)
10-16 23:59:16.321: E/MicroModelsUtil(2268): 	at java.util.concurrent.FutureTask.run(FutureTask.java:266)
10-16 23:59:16.321: E/MicroModelsUtil(2268): 	at com.google.android.apps.gsa.shared.util.concurrent.a.ax.run(SourceFile:14)
10-16 23:59:16.321: E/MicroModelsUtil(2268): 	at com.google.android.apps.gsa.shared.util.concurrent.a.bl.run(SourceFile:4)
10-16 23:59:16.321: E/MicroModelsUtil(2268): 	at com.google.android.apps.gsa.shared.util.concurrent.a.bl.run(SourceFile:4)
10-16 23:59:16.321: E/MicroModelsUtil(2268): 	at java.util.concurrent.ThreadPoolExecutor.runWorker(ThreadPoolExecutor.java:1162)
10-16 23:59:16.321: E/MicroModelsUtil(2268): 	at java.util.concurrent.ThreadPoolExecutor$Worker.run(ThreadPoolExecutor.java:636)
10-16 23:59:16.321: E/MicroModelsUtil(2268): 	at java.lang.Thread.run(Thread.java:764)
10-16 23:59:16.321: E/MicroModelsUtil(2268): 	at com.google.android.apps.gsa.shared.util.concurrent.a.ai.run(SourceFile:6)
10-16 23:59:16.344: I/NowOptInSettings(2268): onAccountChanged() : [REDACTED-54]
10-16 23:59:16.345: W/ThreadPoolDumper(2268): Queue length for executor User-Facing Blocking is now 6. Perhaps some tasks are too long, or the pool is too small.
10-16 23:59:16.358: W/Auth(6126): [GetToken] GetToken failed with status code: INVALID_SCOPE
10-16 23:59:16.358: E/NetworkOrchService(6149): Could not get auth token
10-16 23:59:16.358: E/NetworkOrchService(6149): dzf: INVALID_SCOPE
10-16 23:59:16.358: E/NetworkOrchService(6149): 	at dzj.a(:com.google.android.gms@11519470:16)
10-16 23:59:16.358: E/NetworkOrchService(6149): 	at dzi.a(:com.google.android.gms@11519470:2)
10-16 23:59:16.358: E/NetworkOrchService(6149): 	at dzi.e(:com.google.android.gms@11519470:6)
10-16 23:59:16.358: E/NetworkOrchService(6149): 	at dzi.d(:com.google.android.gms@11519470:1)
10-16 23:59:16.358: E/NetworkOrchService(6149): 	at dzi.b(:com.google.android.gms@11519470:1)
10-16 23:59:16.358: E/NetworkOrchService(6149): 	at dzg.b(:com.google.android.gms@11519470:3)
10-16 23:59:16.358: E/NetworkOrchService(6149): 	at aivd.a(:com.google.android.gms@11519470:4)
10-16 23:59:16.358: E/NetworkOrchService(6149): 	at ajak.a(:com.google.android.gms@11519470:260)
10-16 23:59:16.358: E/NetworkOrchService(6149): 	at com.google.android.gms.wallet.intentoperation.setupwizard.PaymentsSetupWizardAccountChangeIntentOperation.onHandleIntent(:com.google.android.gms@11519470:36)
10-16 23:59:16.358: E/NetworkOrchService(6149): 	at com.google.android.chimera.IntentOperation.onHandleIntent(:com.google.android.gms@11519470:2)
10-16 23:59:16.358: E/NetworkOrchService(6149): 	at bwh.run(:com.google.android.gms@11519470:10)
10-16 23:59:16.358: E/NetworkOrchService(6149): 	at bwe.run(:com.google.android.gms@11519470:14)
10-16 23:59:16.358: E/NetworkOrchService(6149): 	at java.util.concurrent.ThreadPoolExecutor.runWorker(ThreadPoolExecutor.java:1162)
10-16 23:59:16.358: E/NetworkOrchService(6149): 	at java.util.concurrent.ThreadPoolExecutor$Worker.run(ThreadPoolExecutor.java:636)
10-16 23:59:16.358: E/NetworkOrchService(6149): 	at java.lang.Thread.run(Thread.java:764)
10-16 23:59:16.359: I/PmtsSwAccountIntentOp(6149): serverResponse with type=5
10-16 23:59:16.369: I/Babel_telephony(6473): TeleModule.onApplicationCreate
10-16 23:59:16.371: I/Babel_App(6473): Startup - clean
10-16 23:59:16.384: I/Babel_SMS(6473): MmsConfig: mnc/mcc: 310/260
10-16 23:59:16.384: I/Babel_SMS(6473): MmsConfig.loadMmsSettings
10-16 23:59:16.388: I/Babel_SMS(6473): MmsConfig.loadDeviceMmsSettings from API: userAgent=, uaProfUrl=
10-16 23:59:16.389: I/Babel_SMS(6473): MmsConfig.loadFromDatabase
10-16 23:59:16.394: W/CookieHeaderHelper(2268): Auth token not ready, no auth header set.
10-16 23:59:16.410: E/SQLiteLog(6473): (1) no such table: mmsconfig
10-16 23:59:16.410: I/Babel_SMS(6473): MmsConfig: no mmsconfig table android.database.sqlite.SQLiteException: no such table: mmsconfig (code 1): , while compiling: SELECT key, value, type FROM mmsconfig WHERE numeric=?
10-16 23:59:16.410: I/Babel_SMS(6473): MmsConfig.loadFromResources
