10-13 09:39:01.375: D/dalvikvm(1858): GC_FOR_ALLOC freed 428K, 15% free 3661K/4288K, paused 3ms, total 3ms
10-13 09:39:01.385: D/dalvikvm(1858): GC_CONCURRENT freed 95K, 17% free 3600K/4288K, paused 2ms+0ms, total 6ms
10-13 09:39:01.395: D/dalvikvm(1705): GC_FOR_ALLOC freed 283K, 18% free 8175K/9864K, paused 13ms, total 13ms
10-13 09:39:01.395: I/dalvikvm-heap(1705): Grow heap (frag case) to 8.222MB for 137628-byte allocation
10-13 09:39:01.405: D/dalvikvm(1705): GC_FOR_ALLOC freed 6K, 17% free 8302K/10000K, paused 13ms, total 13ms
10-13 09:39:01.425: D/Wear_Controller(2015): Received broadcast action=android.intent.action.PACKAGE_ADDED and uri=com.google.android.apps.auth.test.support
10-13 09:39:01.425: I/ActivityManager(1705): Delay finish: com.google.android.gms/.stats.service.DropBoxEntryAddedReceiver
10-13 09:39:01.445: I/Icing(2015): IndexChimeraService.getServiceInterface callingPackage=com.google.android.gms componentName=AppsCorpus serviceId=36
10-13 09:39:01.445: I/Icing(2015): IndexChimeraService.getServiceInterface callingPackage=com.google.android.gms componentName=AppsCorpus serviceId=32
10-13 09:39:01.445: D/dalvikvm(1874): GC_FOR_ALLOC freed 1187K, 18% free 6686K/8132K, paused 3ms, total 3ms
10-13 09:39:01.445: I/Remoter(1339): Saved screenshot to '/data/screenshots/__pmv__-0077.jpg'
10-13 09:39:01.465: I/Icing(2015): Usage reports 0 indexed 0 rejected 0 imm upload false
10-13 09:39:01.465: I/Icing(2015): Usage reports 0 indexed 0 rejected 0 imm upload false
10-13 09:39:01.465: I/ActivityManager(1705): Resuming delayed broadcast
10-13 09:39:01.545: I/Icing(2015): Indexing C45B6D3A7E72D386F280413F85D056EC1830AAD9 from com.google.android.googlequicksearchbox
10-13 09:39:01.595: D/dalvikvm(2015): GC_EXPLICIT freed 3320K, 19% free 16744K/20612K, paused 1ms+2ms, total 38ms
10-13 09:39:01.605: I/Icing(2015): Indexing done C45B6D3A7E72D386F280413F85D056EC1830AAD9
10-13 09:39:01.605: I/Icing(2015): Indexing B7DEFBCF98179CD36ABD6B5AFB7EAB077224B473 from com.google.android.gms
10-13 09:39:01.605: I/Icing(2015): Indexing done B7DEFBCF98179CD36ABD6B5AFB7EAB077224B473
10-13 09:39:01.965: D/AndroidRuntime(3726): >>>>>> AndroidRuntime START com.android.internal.os.RuntimeInit <<<<<<
10-13 09:39:01.965: W/linker(3726): libdvm.so has text relocations. This is wasting memory and is a security risk. Please fix.
10-13 09:39:01.965: D/AndroidRuntime(3726): CheckJNI is OFF
10-13 09:39:01.965: D/dalvikvm(3726): Trying to load lib libjavacore.so 0x0
10-13 09:39:01.965: D/dalvikvm(3726): Added shared lib libjavacore.so 0x0
10-13 09:39:01.965: D/dalvikvm(3726): Trying to load lib libnativehelper.so 0x0
10-13 09:39:01.965: D/dalvikvm(3726): Added shared lib libnativehelper.so 0x0
10-13 09:39:01.965: D/dalvikvm(3726): No JNI_OnLoad found in libnativehelper.so 0x0, skipping init
10-13 09:39:01.975: D/dalvikvm(3726): Note: class Landroid/app/ActivityManagerNative; has 179 unimplemented (abstract) methods
10-13 09:39:02.005: E/memtrack(3726): Couldn't load memtrack module (No such file or directory)
10-13 09:39:02.005: E/android.os.Debug(3726): failed to load memtrack module: -2
10-13 09:39:02.015: D/AndroidRuntime(3726): Calling main entry com.android.commands.pm.Pm
10-13 09:39:02.015: W/ActivityManager(1705): No content provider found for permission revoke: file:///data/local/tmp/com.google.android.apps.mtaas.testloop.apk
10-13 09:39:02.015: W/ActivityManager(1705): No content provider found for permission revoke: file:///data/local/tmp/com.google.android.apps.mtaas.testloop.apk
10-13 09:39:02.015: I/PackageManager(1705): Copying native libraries to /data/app-lib/vmdl-1448396919
10-13 09:39:02.055: D/dalvikvm(1705): GC_FOR_ALLOC freed 1054K, 19% free 8128K/10000K, paused 12ms, total 12ms
10-13 09:39:02.065: I/PackageManager(1705): Running dexopt on: com.google.android.apps.mtaas.testloop
10-13 09:39:02.065: W/linker(3736): libdvm.so has text relocations. This is wasting memory and is a security risk. Please fix.
10-13 09:39:02.165: D/dalvikvm(3736): DexOpt: load 12ms, verify+opt 54ms, 1593756 bytes
10-13 09:39:02.165: I/ActivityManager(1705): Force stopping com.google.android.apps.mtaas.testloop appid=10070 user=-1: update pkg
10-13 09:39:02.195: I/InputReader(1705): Reconfiguring input devices.  changes=0x00000010
10-13 09:39:02.195: I/PackageManager(1705):   Action: "android.intent.action.SENDTO"
10-13 09:39:02.195: I/PackageManager(1705):   Category: "android.intent.category.DEFAULT"
10-13 09:39:02.195: I/PackageManager(1705):   Scheme: "sms"
10-13 09:39:02.195: D/Launcher.Model(1874): shortcutWasRestored is false for com.google.android.apps.mtaas.testloop/com.google.android.apps.mtaas.testloop.TestLoopActivity
10-13 09:39:02.195: D/Launcher.Workspace(1874): 11683562 - removeExtraEmptyScreen()
10-13 09:39:02.195: D/Launcher.Workspace(1874): 11683562 - convertFinalScreenToEmptyScreenIfNecessary()
10-13 09:39:02.195: I/PackageManager(1705): Adding preferred activity ComponentInfo{com.android.mms/com.android.mms.ui.ComposeMessageActivity} for user 0 :
10-13 09:39:02.205: I/PackageManager(1705):   Action: "android.intent.action.SENDTO"
10-13 09:39:02.205: I/PackageManager(1705):   Category: "android.intent.category.DEFAULT"
10-13 09:39:02.205: I/PackageManager(1705):   Scheme: "smsto"
10-13 09:39:02.205: I/ActivityManager(1705): Delay finish: com.google.android.partnersetup/.RlzPingBroadcastReceiver
10-13 09:39:02.205: I/PackageManager(1705): Adding preferred activity ComponentInfo{com.android.mms/com.android.mms.ui.ComposeMessageActivity} for user 0 :
10-13 09:39:02.205: I/ActivityManager(1705): Resuming delayed broadcast
10-13 09:39:02.215: I/PackageManager(1705):   Action: "android.intent.action.SENDTO"
10-13 09:39:02.215: I/PackageManager(1705):   Category: "android.intent.category.DEFAULT"
10-13 09:39:02.215: I/PackageManager(1705):   Scheme: "mms"
10-13 09:39:02.215: I/PackageManager(1705): Adding preferred activity ComponentInfo{com.android.mms/com.android.mms.ui.ComposeMessageActivity} for user 0 :
10-13 09:39:02.225: D/dalvikvm(1705): GC_EXPLICIT freed 1229K, 19% free 8183K/10000K, paused 0ms+2ms, total 37ms
10-13 09:39:02.225: D/dalvikvm(1705): WAIT_FOR_CONCURRENT_GC blocked 10ms
10-13 09:39:02.225: D/AndroidRuntime(3726): Shutting down VM
10-13 09:39:02.225: D/dalvikvm(3726): GC_CONCURRENT freed 93K, 15% free 552K/648K, paused 0ms+0ms, total 1ms
10-13 09:39:02.235: D/dalvikvm(1705): WAIT_FOR_CONCURRENT_GC blocked 13ms
10-13 09:39:02.235: D/dalvikvm(1705): WAIT_FOR_CONCURRENT_GC blocked 12ms
10-13 09:39:02.235: I/PackageManager(1705):   Action: "android.intent.action.SENDTO"
10-13 09:39:02.235: I/PackageManager(1705):   Category: "android.intent.category.DEFAULT"
10-13 09:39:02.235: I/PackageManager(1705):   Scheme: "mmsto"
10-13 09:39:02.235: I/ActivityManager(1705): Delay finish: com.google.android.partnersetup/.AppInstalledReceiver
10-13 09:39:02.235: I/PackageManager(1705): Adding preferred activity ComponentInfo{com.android.mms/com.android.mms.ui.ComposeMessageActivity} for user 0 :
10-13 09:39:02.235: I/ActivityManager(1705): Resuming delayed broadcast
10-13 09:39:02.245: I/PackageManager(1705):   Action: "android.intent.action.SENDTO"
10-13 09:39:02.245: I/PackageManager(1705):   Category: "android.intent.category.DEFAULT"
10-13 09:39:02.245: I/PackageManager(1705):   Scheme: "sms"
10-13 09:39:02.245: D/dalvikvm(1858): GC_CONCURRENT freed 449K, 15% free 3648K/4288K, paused 0ms+1ms, total 4ms
10-13 09:39:02.245: I/PackageManager(1705):   Action: "android.intent.action.SENDTO"
10-13 09:39:02.245: I/PackageManager(1705):   Category: "android.intent.category.DEFAULT"
10-13 09:39:02.245: I/PackageManager(1705):   Scheme: "smsto"
10-13 09:39:02.245: I/PackageManager(1705): Adding preferred activity ComponentInfo{com.android.mms/com.android.mms.ui.ComposeMessageActivity} for user 0 :
10-13 09:39:02.245: I/ActivityManager(1705): Delay finish: com.android.musicfx/.Compatibility$Receiver
10-13 09:39:02.245: D/BackupManagerService(1705): Received broadcast Intent { act=android.intent.action.PACKAGE_ADDED dat=package:com.google.android.apps.mtaas.testloop flg=0x4000010 (has extras) }
10-13 09:39:02.245: V/BackupManagerService(1705): addPackageParticipantsLocked: #1
10-13 09:39:02.245: I/PackageManager(1705): Adding preferred activity ComponentInfo{com.android.mms/com.android.mms.ui.ComposeMessageActivity} for user 0 :
10-13 09:39:02.245: I/ActivityManager(1705): Resuming delayed broadcast
10-13 09:39:02.255: W/ResourceType(1705): Failure getting entry for 0x7f060000 (t=5 e=0) in package 0 (error -75)
10-13 09:39:02.255: I/PackageManager(1705):   Action: "android.intent.action.SENDTO"
10-13 09:39:02.255: I/PackageManager(1705):   Category: "android.intent.category.DEFAULT"
10-13 09:39:02.255: I/PackageManager(1705):   Scheme: "mms"
10-13 09:39:02.255: I/PackageManager(1705):   Action: "android.intent.action.SENDTO"
10-13 09:39:02.255: I/PackageManager(1705):   Category: "android.intent.category.DEFAULT"
10-13 09:39:02.255: I/PackageManager(1705):   Scheme: "mmsto"
10-13 09:39:02.255: I/PackageManager(1705): Adding preferred activity ComponentInfo{com.android.mms/com.android.mms.ui.ComposeMessageActivity} for user 0 :
10-13 09:39:02.255: I/PackageManager(1705): Adding preferred activity ComponentInfo{com.android.mms/com.android.mms.ui.ComposeMessageActivity} for user 0 :
10-13 09:39:02.265: I/Icing.InternalIcingCorporaProvider(2557): Updating corpora: A: com.google.android.apps.mtaas.testloop, C: MAYBE
10-13 09:39:02.265: D/dalvikvm(1858): GC_FOR_ALLOC freed 427K, 15% free 3663K/4288K, paused 4ms, total 4ms
10-13 09:39:02.265: D/dalvikvm(1858): GC_CONCURRENT freed <1K, 15% free 3670K/4288K, paused 2ms+0ms, total 4ms
10-13 09:39:02.265: D/dalvikvm(2557): GC_CONCURRENT freed 465K, 13% free 3913K/4488K, paused 0ms+1ms, total 3ms
10-13 09:39:02.265: I/ActivityManager(1705): Delay finish: com.google.android.googlequicksearchbox/com.google.android.search.core.summons.icing.InternalIcingCorporaProvider$CorporaChangedReceiver
10-13 09:39:02.275: I/Icing(2015): IndexChimeraService.getServiceInterface callingPackage=com.google.android.googlequicksearchbox componentName=null serviceId=21
10-13 09:39:02.285: I/Icing(2015): Usage reports 0 indexed 0 rejected 0 imm upload true
10-13 09:39:02.295: D/dalvikvm(1705): GC_CONCURRENT freed 1316K, 19% free 8109K/10000K, paused 2ms+2ms, total 20ms
10-13 09:39:02.295: I/Icing.InternalIcingCorporaProvider(2557): UpdateCorporaTask done [took 33 ms] updated apps [took 33 ms] 
10-13 09:39:02.295: I/ActivityManager(1705): Resuming delayed broadcast
10-13 09:39:02.315: I/FontsPackageChangeOp(2015): Package com.google.android.apps.mtaas.testloop has no metadata
10-13 09:39:02.315: D/Wear_Controller(2015): Received broadcast action=android.intent.action.PACKAGE_ADDED and uri=com.google.android.apps.mtaas.testloop
10-13 09:39:02.325: I/Icing(2015): IndexChimeraService.getServiceInterface callingPackage=com.google.android.gms componentName=AppsCorpus serviceId=32
10-13 09:39:02.325: I/Icing(2015): IndexChimeraService.getServiceInterface callingPackage=com.google.android.gms componentName=AppsCorpus serviceId=36
10-13 09:39:02.325: I/Icing(2015): Usage reports 0 indexed 0 rejected 0 imm upload false
10-13 09:39:02.335: I/Icing(2015): Usage reports 0 indexed 0 rejected 0 imm upload false
10-13 09:39:02.475: I/Icing(2015): Indexing B7DEFBCF98179CD36ABD6B5AFB7EAB077224B473 from com.google.android.gms
10-13 09:39:02.475: I/Icing(2015): Indexing done B7DEFBCF98179CD36ABD6B5AFB7EAB077224B473
10-13 09:39:02.475: I/Remoter(1339): Saved screenshot to '/data/screenshots/__pmv__-0078.jpg'
10-13 09:39:02.855: D/AndroidRuntime(3762): >>>>>> AndroidRuntime START com.android.internal.os.RuntimeInit <<<<<<
10-13 09:39:02.855: W/linker(3762): libdvm.so has text relocations. This is wasting memory and is a security risk. Please fix.
10-13 09:39:02.855: D/AndroidRuntime(3762): CheckJNI is OFF
10-13 09:39:02.855: D/dalvikvm(3762): Trying to load lib libjavacore.so 0x0
10-13 09:39:02.855: D/dalvikvm(3762): Added shared lib libjavacore.so 0x0
10-13 09:39:02.855: D/dalvikvm(3762): Trying to load lib libnativehelper.so 0x0
10-13 09:39:02.855: D/dalvikvm(3762): Added shared lib libnativehelper.so 0x0
10-13 09:39:02.855: D/dalvikvm(3762): No JNI_OnLoad found in libnativehelper.so 0x0, skipping init
10-13 09:39:02.865: D/dalvikvm(3762): Note: class Landroid/app/ActivityManagerNative; has 179 unimplemented (abstract) methods
10-13 09:39:02.895: E/memtrack(3762): Couldn't load memtrack module (No such file or directory)
10-13 09:39:02.895: E/android.os.Debug(3762): failed to load memtrack module: -2
10-13 09:39:02.905: D/AndroidRuntime(3762): Calling main entry com.android.commands.pm.Pm
10-13 09:39:02.905: W/ActivityManager(1705): No content provider found for permission revoke: file:///data/local/tmp/android.support.test.orchestrator.apk
10-13 09:39:02.905: W/ActivityManager(1705): No content provider found for permission revoke: file:///data/local/tmp/android.support.test.orchestrator.apk
10-13 09:39:02.905: I/PackageManager(1705): Copying native libraries to /data/app-lib/vmdl857552940
10-13 09:39:02.915: I/PackageManager(1705): Running dexopt on: android.support.test.orchestrator
10-13 09:39:02.915: W/linker(3772): libdvm.so has text relocations. This is wasting memory and is a security risk. Please fix.
10-13 09:39:02.925: D/dalvikvm(3772): DexOpt: 'Ljunit/framework/Assert;' has an earlier definition; blocking out
10-13 09:39:02.925: D/dalvikvm(3772): DexOpt: 'Ljunit/framework/Test;' has an earlier definition; blocking out
10-13 09:39:02.925: D/dalvikvm(3772): DexOpt: 'Ljunit/extensions/TestDecorator;' has an earlier definition; blocking out
10-13 09:39:02.925: D/dalvikvm(3772): DexOpt: 'Ljunit/framework/AssertionFailedError;' has an earlier definition; blocking out
10-13 09:39:02.925: D/dalvikvm(3772): DexOpt: 'Ljunit/framework/ComparisonCompactor;' has an earlier definition; blocking out
10-13 09:39:02.925: D/dalvikvm(3772): DexOpt: 'Ljunit/framework/ComparisonFailure;' has an earlier definition; blocking out
10-13 09:39:02.925: D/dalvikvm(3772): DexOpt: 'Ljunit/framework/Protectable;' has an earlier definition; blocking out
10-13 09:39:02.925: D/dalvikvm(3772): DexOpt: 'Ljunit/framework/TestCase;' has an earlier definition; blocking out
10-13 09:39:02.925: D/dalvikvm(3772): DexOpt: 'Ljunit/framework/TestFailure;' has an earlier definition; blocking out
10-13 09:39:02.925: D/dalvikvm(3772): DexOpt: 'Ljunit/framework/TestListener;' has an earlier definition; blocking out
10-13 09:39:02.925: D/dalvikvm(3772): DexOpt: 'Ljunit/framework/TestResult$1;' has an earlier definition; blocking out
10-13 09:39:02.925: D/dalvikvm(3772): DexOpt: 'Ljunit/framework/TestResult;' has an earlier definition; blocking out
10-13 09:39:02.925: D/dalvikvm(3772): DexOpt: 'Ljunit/framework/TestSuite$1;' has an earlier definition; blocking out
10-13 09:39:02.925: D/dalvikvm(3772): DexOpt: 'Ljunit/framework/TestSuite;' has an earlier definition; blocking out
10-13 09:39:02.925: D/dalvikvm(3772): DexOpt: 'Lorg/kxml2/io/KXmlSerializer;' has an earlier definition; blocking out
10-13 09:39:02.935: I/dalvikvm(3772): DexOpt: not resolving ambiguous class 'Lorg/kxml2/io/KXmlSerializer;'
10-13 09:39:02.935: D/dalvikvm(3772): DexOpt: not verifying/optimizing 'Ljunit/framework/Assert;': multiple definitions
10-13 09:39:02.935: D/dalvikvm(3772): DexOpt: not verifying/optimizing 'Ljunit/framework/Test;': multiple definitions
10-13 09:39:02.935: D/dalvikvm(3772): DexOpt: not verifying/optimizing 'Ljunit/extensions/TestDecorator;': multiple definitions
10-13 09:39:02.935: D/dalvikvm(3772): DexOpt: not verifying/optimizing 'Ljunit/framework/AssertionFailedError;': multiple definitions
10-13 09:39:02.935: D/dalvikvm(3772): DexOpt: not verifying/optimizing 'Ljunit/framework/ComparisonCompactor;': multiple definitions
10-13 09:39:02.935: D/dalvikvm(3772): DexOpt: not verifying/optimizing 'Ljunit/framework/ComparisonFailure;': multiple definitions
10-13 09:39:02.935: I/dalvikvm(3772): DexOpt: not resolving ambiguous class 'Ljunit/framework/TestResult;'
10-13 09:39:02.935: I/dalvikvm(3772): DexOpt: not resolving ambiguous class 'Ljunit/framework/Test;'
10-13 09:39:02.935: D/dalvikvm(3772): DexOpt: not verifying/optimizing 'Ljunit/framework/Protectable;': multiple definitions
10-13 09:39:02.935: D/dalvikvm(3772): DexOpt: not verifying/optimizing 'Ljunit/framework/TestCase;': multiple definitions
10-13 09:39:02.935: D/dalvikvm(3772): DexOpt: not verifying/optimizing 'Ljunit/framework/TestFailure;': multiple definitions
10-13 09:39:02.935: D/dalvikvm(3772): DexOpt: not verifying/optimizing 'Ljunit/framework/TestListener;': multiple definitions
10-13 09:39:02.935: D/dalvikvm(3772): DexOpt: not verifying/optimizing 'Ljunit/framework/TestResult$1;': multiple definitions
10-13 09:39:02.935: D/dalvikvm(3772): DexOpt: not verifying/optimizing 'Ljunit/framework/TestResult;': multiple definitions
10-13 09:39:02.935: D/dalvikvm(3772): DexOpt: not verifying/optimizing 'Ljunit/framework/TestSuite$1;': multiple definitions
10-13 09:39:02.935: D/dalvikvm(3772): DexOpt: not verifying/optimizing 'Ljunit/framework/TestSuite;': multiple definitions
10-13 09:39:02.935: I/dalvikvm(3772): DexOpt: not resolving ambiguous class 'Ljunit/framework/TestCase;'
10-13 09:39:02.935: I/dalvikvm(3772): DexOpt: not resolving ambiguous class 'Ljunit/framework/TestCase;'
10-13 09:39:02.935: I/dalvikvm(3772): DexOpt: not resolving ambiguous class 'Ljunit/framework/TestSuite;'
10-13 09:39:02.935: I/dalvikvm(3772): DexOpt: not resolving ambiguous class 'Ljunit/framework/Test;'
10-13 09:39:02.935: D/dalvikvm(3772): DexOpt: not verifying/optimizing 'Lorg/kxml2/io/KXmlSerializer;': multiple definitions
10-13 09:39:02.935: D/dalvikvm(3772): DexOpt: load 2ms, verify+opt 8ms, 439380 bytes
10-13 09:39:02.935: I/ActivityManager(1705): Force stopping android.support.test.orchestrator appid=10071 user=-1: update pkg
10-13 09:39:02.965: I/InputReader(1705): Reconfiguring input devices.  changes=0x00000010
10-13 09:39:02.965: I/PackageManager(1705):   Action: "android.intent.action.SENDTO"
10-13 09:39:02.965: I/PackageManager(1705):   Category: "android.intent.category.DEFAULT"
10-13 09:39:02.965: I/PackageManager(1705):   Scheme: "sms"
10-13 09:39:02.965: I/ActivityManager(1705): Delay finish: com.google.android.partnersetup/.RlzPingBroadcastReceiver
10-13 09:39:02.965: I/PackageManager(1705): Adding preferred activity ComponentInfo{com.android.mms/com.android.mms.ui.ComposeMessageActivity} for user 0 :
10-13 09:39:02.975: I/PackageManager(1705):   Action: "android.intent.action.SENDTO"
10-13 09:39:02.975: I/PackageManager(1705):   Category: "android.intent.category.DEFAULT"
10-13 09:39:02.975: I/PackageManager(1705):   Scheme: "smsto"
10-13 09:39:02.975: I/PackageManager(1705):   Action: "android.intent.action.SENDTO"
10-13 09:39:02.975: I/PackageManager(1705):   Category: "android.intent.category.DEFAULT"
10-13 09:39:02.975: I/PackageManager(1705):   Scheme: "mms"
10-13 09:39:02.975: I/ActivityManager(1705): Resuming delayed broadcast
10-13 09:39:02.975: I/PackageManager(1705): Adding preferred activity ComponentInfo{com.android.mms/com.android.mms.ui.ComposeMessageActivity} for user 0 :
10-13 09:39:02.975: I/MetadataService(1339): Processed 0 update/creates for instance/attributes/
10-13 09:39:02.975: I/MetadataService(1339): Processed 0 update/creates for project/attributes/
10-13 09:39:02.975: I/PackageManager(1705): Adding preferred activity ComponentInfo{com.android.mms/com.android.mms.ui.ComposeMessageActivity} for user 0 :
10-13 09:39:02.995: D/dalvikvm(1705): GC_EXPLICIT freed 1220K, 19% free 8168K/10000K, paused 0ms+2ms, total 34ms
10-13 09:39:02.995: D/dalvikvm(1705): WAIT_FOR_CONCURRENT_GC blocked 16ms
10-13 09:39:02.995: D/AndroidRuntime(3762): Shutting down VM
10-13 09:39:02.995: D/dalvikvm(3762): GC_CONCURRENT freed 93K, 15% free 552K/648K, paused 0ms+0ms, total 0ms
10-13 09:39:02.995: D/dalvikvm(1705): WAIT_FOR_CONCURRENT_GC blocked 18ms
10-13 09:39:02.995: D/dalvikvm(1705): WAIT_FOR_CONCURRENT_GC blocked 16ms
10-13 09:39:02.995: I/ActivityManager(1705): Delay finish: com.google.android.partnersetup/.AppInstalledReceiver
10-13 09:39:03.005: I/PackageManager(1705):   Action: "android.intent.action.SENDTO"
10-13 09:39:03.005: I/PackageManager(1705):   Category: "android.intent.category.DEFAULT"
10-13 09:39:03.005: I/PackageManager(1705):   Scheme: "mmsto"
10-13 09:39:03.005: D/dalvikvm(1858): GC_CONCURRENT freed 442K, 15% free 3664K/4292K, paused 0ms+0ms, total 11ms
10-13 09:39:03.005: D/dalvikvm(1858): WAIT_FOR_CONCURRENT_GC blocked 3ms
10-13 09:39:03.005: I/PackageManager(1705): Adding preferred activity ComponentInfo{com.android.mms/com.android.mms.ui.ComposeMessageActivity} for user 0 :
10-13 09:39:03.005: I/ActivityManager(1705): Resuming delayed broadcast
10-13 09:39:03.005: I/ActivityManager(1705): Delay finish: com.android.musicfx/.Compatibility$Receiver
10-13 09:39:03.005: I/ActivityManager(1705): Resuming delayed broadcast
10-13 09:39:03.015: I/PackageManager(1705):   Action: "android.intent.action.SENDTO"
10-13 09:39:03.015: I/PackageManager(1705):   Category: "android.intent.category.DEFAULT"
10-13 09:39:03.015: I/PackageManager(1705):   Scheme: "sms"
10-13 09:39:03.015: I/PackageManager(1705):   Action: "android.intent.action.SENDTO"
10-13 09:39:03.015: I/PackageManager(1705):   Category: "android.intent.category.DEFAULT"
10-13 09:39:03.015: I/PackageManager(1705):   Scheme: "smsto"
10-13 09:39:03.015: I/PackageManager(1705): Adding preferred activity ComponentInfo{com.android.mms/com.android.mms.ui.ComposeMessageActivity} for user 0 :
10-13 09:39:03.015: D/BackupManagerService(1705): Received broadcast Intent { act=android.intent.action.PACKAGE_ADDED dat=package:android.support.test.orchestrator flg=0x4000010 (has extras) }
10-13 09:39:03.015: V/BackupManagerService(1705): addPackageParticipantsLocked: #1
10-13 09:39:03.015: I/ActivityManager(1705): Delay finish: com.google.android.googlequicksearchbox/com.google.android.search.core.summons.icing.InternalIcingCorporaProvider$CorporaChangedReceiver
10-13 09:39:03.015: I/PackageManager(1705): Adding preferred activity ComponentInfo{com.android.mms/com.android.mms.ui.ComposeMessageActivity} for user 0 :
10-13 09:39:03.025: I/Icing.InternalIcingCorporaProvider(2557): Updating corpora: A: android.support.test.orchestrator, C: MAYBE
10-13 09:39:03.025: I/PackageManager(1705):   Action: "android.intent.action.SENDTO"
10-13 09:39:03.025: I/PackageManager(1705):   Category: "android.intent.category.DEFAULT"
10-13 09:39:03.025: I/PackageManager(1705):   Scheme: "mms"
10-13 09:39:03.025: I/PackageManager(1705): Adding preferred activity ComponentInfo{com.android.mms/com.android.mms.ui.ComposeMessageActivity} for user 0 :
10-13 09:39:03.025: D/dalvikvm(1858): GC_FOR_ALLOC freed 412K, 15% free 3663K/4292K, paused 3ms, total 3ms
10-13 09:39:03.025: I/Icing.InternalIcingCorporaProvider(2557): UpdateCorporaTask done [took 9 ms] updated apps [took 9 ms] 
10-13 09:39:03.025: I/ActivityManager(1705): Resuming delayed broadcast
10-13 09:39:03.035: I/PackageManager(1705):   Action: "android.intent.action.SENDTO"
10-13 09:39:03.035: I/PackageManager(1705):   Category: "android.intent.category.DEFAULT"
10-13 09:39:03.035: I/PackageManager(1705):   Scheme: "mmsto"
10-13 09:39:03.035: D/dalvikvm(1858): GC_CONCURRENT freed 18K, 15% free 3676K/4292K, paused 2ms+1ms, total 5ms
10-13 09:39:03.035: W/ResourceType(1705): Failure getting entry for 0x7f060000 (t=5 e=0) in package 0 (error -75)
10-13 09:39:03.035: I/PackageManager(1705): Adding preferred activity ComponentInfo{com.android.mms/com.android.mms.ui.ComposeMessageActivity} for user 0 :
10-13 09:39:03.055: I/FontsPackageChangeOp(2015): Package android.support.test.orchestrator has no metadata
10-13 09:39:03.065: D/dalvikvm(1705): GC_CONCURRENT freed 1303K, 19% free 8159K/10000K, paused 1ms+3ms, total 27ms
10-13 09:39:03.065: D/dalvikvm(1705): WAIT_FOR_CONCURRENT_GC blocked 9ms
10-13 09:39:03.065: D/Wear_Controller(2015): Received broadcast action=android.intent.action.PACKAGE_ADDED and uri=android.support.test.orchestrator
10-13 09:39:03.065: D/dalvikvm(1705): WAIT_FOR_CONCURRENT_GC blocked 11ms
10-13 09:39:03.075: I/Icing(2015): IndexChimeraService.getServiceInterface callingPackage=com.google.android.gms componentName=AppsCorpus serviceId=36
10-13 09:39:03.075: I/Icing(2015): IndexChimeraService.getServiceInterface callingPackage=com.google.android.gms componentName=AppsCorpus serviceId=32
10-13 09:39:03.085: I/Icing(2015): Usage reports 0 indexed 0 rejected 0 imm upload false
10-13 09:39:03.095: I/Icing(2015): Usage reports 0 indexed 0 rejected 0 imm upload false
10-13 09:39:03.295: I/Icing(2015): Indexing C45B6D3A7E72D386F280413F85D056EC1830AAD9 from com.google.android.googlequicksearchbox
10-13 09:39:03.305: I/Icing(2015): Indexing done C45B6D3A7E72D386F280413F85D056EC1830AAD9
10-13 09:39:03.335: I/Icing(2015): Indexing B7DEFBCF98179CD36ABD6B5AFB7EAB077224B473 from com.google.android.gms
10-13 09:39:03.335: I/Icing(2015): Indexing done B7DEFBCF98179CD36ABD6B5AFB7EAB077224B473
10-13 09:39:03.505: I/Remoter(1339): Saved screenshot to '/data/screenshots/__pmv__-0079.jpg'
10-13 09:39:03.575: I/ActivityManager(1705): Delay finish: com.google.android.gms/.stats.service.DropBoxEntryAddedReceiver
10-13 09:39:03.585: I/ActivityManager(1705): Resuming delayed broadcast
10-13 09:39:03.685: D/AndroidRuntime(3798): >>>>>> AndroidRuntime START com.android.internal.os.RuntimeInit <<<<<<
10-13 09:39:03.685: W/linker(3798): libdvm.so has text relocations. This is wasting memory and is a security risk. Please fix.
10-13 09:39:03.685: D/AndroidRuntime(3798): CheckJNI is OFF
10-13 09:39:03.695: D/dalvikvm(3798): Trying to load lib libjavacore.so 0x0
10-13 09:39:03.695: D/dalvikvm(3798): Added shared lib libjavacore.so 0x0
10-13 09:39:03.695: D/dalvikvm(3798): Trying to load lib libnativehelper.so 0x0
10-13 09:39:03.695: D/dalvikvm(3798): Added shared lib libnativehelper.so 0x0
10-13 09:39:03.695: D/dalvikvm(3798): No JNI_OnLoad found in libnativehelper.so 0x0, skipping init
10-13 09:39:03.695: D/dalvikvm(3798): Note: class Landroid/app/ActivityManagerNative; has 179 unimplemented (abstract) methods
10-13 09:39:03.725: E/memtrack(3798): Couldn't load memtrack module (No such file or directory)
10-13 09:39:03.725: E/android.os.Debug(3798): failed to load memtrack module: -2
10-13 09:39:03.735: D/AndroidRuntime(3798): Calling main entry com.android.commands.pm.Pm
10-13 09:39:03.735: W/ActivityManager(1705): No content provider found for permission revoke: file:///data/local/tmp/android.support.test.services.apk
10-13 09:39:03.745: W/ActivityManager(1705): No content provider found for permission revoke: file:///data/local/tmp/android.support.test.services.apk
10-13 09:39:03.745: I/PackageManager(1705): Copying native libraries to /data/app-lib/vmdl-1657863835
10-13 09:39:03.765: D/dalvikvm(1705): GC_FOR_ALLOC freed 663K, 18% free 8277K/10000K, paused 12ms, total 12ms
10-13 09:39:03.815: D/dalvikvm(1705): GC_CONCURRENT freed 1007K, 15% free 8585K/10000K, paused 0ms+1ms, total 15ms
10-13 09:39:03.815: D/dalvikvm(1705): WAIT_FOR_CONCURRENT_GC blocked 13ms
10-13 09:39:03.835: D/dalvikvm(1705): GC_FOR_ALLOC freed 959K, 15% free 8584K/10096K, paused 12ms, total 12ms
10-13 09:39:03.855: D/dalvikvm(1705): GC_FOR_ALLOC freed 976K, 15% free 8591K/10096K, paused 14ms, total 14ms
10-13 09:39:03.875: D/dalvikvm(1705): GC_FOR_ALLOC freed 986K, 15% free 8599K/10096K, paused 12ms, total 12ms
10-13 09:39:03.895: I/PackageManager(1705): Running dexopt on: android.support.test.services
10-13 09:39:03.895: W/linker(3808): libdvm.so has text relocations. This is wasting memory and is a security risk. Please fix.
10-13 09:39:03.925: D/dalvikvm(3808): Note: class Landroid/app/ActivityManagerNative; has 179 unimplemented (abstract) methods
10-13 09:39:03.925: D/dalvikvm(3808): DexOpt: couldn't find field Landroid/app/Notification;.headsUpContentView
10-13 09:39:03.945: D/dalvikvm(3808): DexOpt: load 9ms, verify+opt 28ms, 1117396 bytes
10-13 09:39:03.945: I/ActivityManager(1705): Force stopping android.support.test.services appid=10072 user=-1: update pkg
10-13 09:39:03.965: D/dalvikvm(1705): GC_FOR_ALLOC freed 1171K, 15% free 8653K/10108K, paused 14ms, total 14ms
10-13 09:39:03.985: D/dalvikvm(3565): GC_CONCURRENT freed 321K, 13% free 3078K/3508K, paused 0ms+0ms, total 2ms
10-13 09:39:03.995: I/PackageManager(1705):   Action: "android.intent.action.SENDTO"
10-13 09:39:03.995: I/PackageManager(1705):   Category: "android.intent.category.DEFAULT"
10-13 09:39:03.995: I/PackageManager(1705):   Scheme: "sms"
10-13 09:39:03.995: I/PackageManager(1705):   Action: "android.intent.action.SENDTO"
10-13 09:39:03.995: I/PackageManager(1705):   Category: "android.intent.category.DEFAULT"
10-13 09:39:03.995: I/PackageManager(1705):   Scheme: "smsto"
10-13 09:39:03.995: I/ActivityManager(1705): Delay finish: com.google.android.partnersetup/.RlzPingBroadcastReceiver
10-13 09:39:03.995: I/ActivityManager(1705): Resuming delayed broadcast
10-13 09:39:03.995: I/ActivityManager(1705): Delay finish: com.google.android.partnersetup/.AppInstalledReceiver
10-13 09:39:03.995: I/PackageManager(1705): Adding preferred activity ComponentInfo{com.android.mms/com.android.mms.ui.ComposeMessageActivity} for user 0 :
10-13 09:39:03.995: I/PackageManager(1705): Adding preferred activity ComponentInfo{com.android.mms/com.android.mms.ui.ComposeMessageActivity} for user 0 :
10-13 09:39:04.005: I/ActivityManager(1705): Resuming delayed broadcast
10-13 09:39:04.015: I/InputReader(1705): Reconfiguring input devices.  changes=0x00000010
10-13 09:39:04.015: I/PackageManager(1705):   Action: "android.intent.action.SENDTO"
10-13 09:39:04.015: I/PackageManager(1705):   Category: "android.intent.category.DEFAULT"
10-13 09:39:04.015: I/PackageManager(1705):   Scheme: "mms"
10-13 09:39:04.015: I/ActivityManager(1705): Delay finish: com.android.musicfx/.Compatibility$Receiver
10-13 09:39:04.015: I/PackageManager(1705): Adding preferred activity ComponentInfo{com.android.mms/com.android.mms.ui.ComposeMessageActivity} for user 0 :
10-13 09:39:04.025: D/dalvikvm(1858): GC_CONCURRENT freed 404K, 15% free 3657K/4292K, paused 0ms+0ms, total 3ms
10-13 09:39:04.025: I/PackageManager(1705):   Action: "android.intent.action.SENDTO"
10-13 09:39:04.025: I/PackageManager(1705):   Category: "android.intent.category.DEFAULT"
10-13 09:39:04.025: I/PackageManager(1705):   Scheme: "mmsto"
10-13 09:39:04.025: I/PackageManager(1705):   Action: "android.intent.action.SENDTO"
10-13 09:39:04.025: I/PackageManager(1705):   Category: "android.intent.category.DEFAULT"
10-13 09:39:04.025: I/PackageManager(1705):   Scheme: "sms"
10-13 09:39:04.025: W/ResourceType(1705): Failure getting entry for 0x7f060000 (t=5 e=0) in package 0 (error -75)
10-13 09:39:04.025: D/BackupManagerService(1705): Received broadcast Intent { act=android.intent.action.PACKAGE_ADDED dat=package:android.support.test.services flg=0x4000010 (has extras) }
10-13 09:39:04.025: I/PackageManager(1705): Adding preferred activity ComponentInfo{com.android.mms/com.android.mms.ui.ComposeMessageActivity} for user 0 :
10-13 09:39:04.025: V/BackupManagerService(1705): addPackageParticipantsLocked: #1
10-13 09:39:04.025: I/PackageManager(1705): Adding preferred activity ComponentInfo{com.android.mms/com.android.mms.ui.ComposeMessageActivity} for user 0 :
10-13 09:39:04.035: I/PackageManager(1705):   Action: "android.intent.action.SENDTO"
10-13 09:39:04.035: I/PackageManager(1705):   Category: "android.intent.category.DEFAULT"
10-13 09:39:04.035: I/PackageManager(1705):   Scheme: "smsto"
10-13 09:39:04.035: I/PackageManager(1705): Adding preferred activity ComponentInfo{com.android.mms/com.android.mms.ui.ComposeMessageActivity} for user 0 :
10-13 09:39:04.035: D/dalvikvm(1705): GC_EXPLICIT freed 1907K, 20% free 8162K/10184K, paused 1ms+3ms, total 57ms
10-13 09:39:04.035: D/dalvikvm(1705): WAIT_FOR_CONCURRENT_GC blocked 7ms
10-13 09:39:04.035: D/AndroidRuntime(3798): Shutting down VM
10-13 09:39:04.045: D/dalvikvm(3798): GC_CONCURRENT freed 93K, 15% free 552K/648K, paused 0ms+0ms, total 1ms
10-13 09:39:04.045: D/dalvikvm(1858): GC_FOR_ALLOC freed 429K, 15% free 3659K/4292K, paused 4ms, total 4ms
10-13 09:39:04.045: I/Icing.InternalIcingCorporaProvider(2557): Updating corpora: A: android.support.test.services, C: MAYBE
10-13 09:39:04.045: I/ActivityManager(1705): Resuming delayed broadcast
10-13 09:39:04.055: D/dalvikvm(1858): GC_CONCURRENT freed <1K, 15% free 3662K/4292K, paused 2ms+0ms, total 5ms
10-13 09:39:04.055: I/PackageManager(1705):   Action: "android.intent.action.SENDTO"
10-13 09:39:04.055: I/PackageManager(1705):   Category: "android.intent.category.DEFAULT"
10-13 09:39:04.055: I/PackageManager(1705):   Scheme: "mms"
10-13 09:39:04.055: I/PackageManager(1705):   Action: "android.intent.action.SENDTO"
10-13 09:39:04.055: I/PackageManager(1705):   Category: "android.intent.category.DEFAULT"
10-13 09:39:04.055: I/PackageManager(1705):   Scheme: "mmsto"
10-13 09:39:04.055: I/ActivityManager(1705): Delay finish: com.google.android.googlequicksearchbox/com.google.android.search.core.summons.icing.InternalIcingCorporaProvider$CorporaChangedReceiver
10-13 09:39:04.055: I/PackageManager(1705): Adding preferred activity ComponentInfo{com.android.mms/com.android.mms.ui.ComposeMessageActivity} for user 0 :
10-13 09:39:04.055: I/PackageManager(1705): Adding preferred activity ComponentInfo{com.android.mms/com.android.mms.ui.ComposeMessageActivity} for user 0 :
10-13 09:39:04.065: D/dalvikvm(2557): GC_CONCURRENT freed 471K, 13% free 3910K/4492K, paused 0ms+0ms, total 4ms
10-13 09:39:04.065: I/Icing.InternalIcingCorporaProvider(2557): UpdateCorporaTask done [took 11 ms] updated apps [took 11 ms] 
10-13 09:39:04.065: I/ActivityManager(1705): Resuming delayed broadcast
10-13 09:39:04.075: I/FontsPackageChangeOp(2015): Package android.support.test.services has no metadata
10-13 09:39:04.085: D/Wear_Controller(2015): Received broadcast action=android.intent.action.PACKAGE_ADDED and uri=android.support.test.services
10-13 09:39:04.085: I/Icing(2015): IndexChimeraService.getServiceInterface callingPackage=com.google.android.gms componentName=AppsCorpus serviceId=36
10-13 09:39:04.085: I/Icing(2015): IndexChimeraService.getServiceInterface callingPackage=com.google.android.gms componentName=AppsCorpus serviceId=32
10-13 09:39:04.095: I/Icing(2015): Usage reports 0 indexed 0 rejected 0 imm upload false
10-13 09:39:04.095: I/Icing(2015): Usage reports 0 indexed 0 rejected 0 imm upload false
10-13 09:39:04.095: I/Icing(2015): Indexing B7DEFBCF98179CD36ABD6B5AFB7EAB077224B473 from com.google.android.gms
10-13 09:39:04.095: I/Icing(2015): Indexing done B7DEFBCF98179CD36ABD6B5AFB7EAB077224B473
10-13 09:39:04.105: D/dalvikvm(1874): GC_FOR_ALLOC freed 892K, 17% free 6825K/8132K, paused 3ms, total 3ms
10-13 09:39:04.535: I/Remoter(1339): Saved screenshot to '/data/screenshots/__pmv__-0080.jpg'
10-13 09:39:04.655: D/AndroidRuntime(3834): >>>>>> AndroidRuntime START com.android.internal.os.RuntimeInit <<<<<<
10-13 09:39:04.655: W/linker(3834): libdvm.so has text relocations. This is wasting memory and is a security risk. Please fix.
10-13 09:39:04.655: D/AndroidRuntime(3834): CheckJNI is OFF
10-13 09:39:04.655: D/dalvikvm(3834): Trying to load lib libjavacore.so 0x0
10-13 09:39:04.655: D/dalvikvm(3834): Added shared lib libjavacore.so 0x0
10-13 09:39:04.655: D/dalvikvm(3834): Trying to load lib libnativehelper.so 0x0
10-13 09:39:04.655: D/dalvikvm(3834): Added shared lib libnativehelper.so 0x0
10-13 09:39:04.655: D/dalvikvm(3834): No JNI_OnLoad found in libnativehelper.so 0x0, skipping init
10-13 09:39:04.665: D/dalvikvm(3834): Note: class Landroid/app/ActivityManagerNative; has 179 unimplemented (abstract) methods
10-13 09:39:04.695: E/memtrack(3834): Couldn't load memtrack module (No such file or directory)
10-13 09:39:04.695: E/android.os.Debug(3834): failed to load memtrack module: -2
10-13 09:39:04.705: D/AndroidRuntime(3834): Calling main entry com.android.commands.pm.Pm
10-13 09:39:04.705: W/ActivityManager(1705): No content provider found for permission revoke: file:///data/local/tmp/com.google.android.apps.mtaas.stubapp.apk
10-13 09:39:04.705: W/ActivityManager(1705): No content provider found for permission revoke: file:///data/local/tmp/com.google.android.apps.mtaas.stubapp.apk
10-13 09:39:04.705: I/PackageManager(1705): Copying native libraries to /data/app-lib/vmdl53699036
10-13 09:39:04.705: I/PackageParser(1705): com.google.android.apps.mtaas.stubapp: compat added android.permission.WRITE_EXTERNAL_STORAGE android.permission.READ_PHONE_STATE
10-13 09:39:04.715: I/PackageManager(1705): Running dexopt on: com.google.android.apps.mtaas.stubapp
10-13 09:39:04.715: W/linker(3844): libdvm.so has text relocations. This is wasting memory and is a security risk. Please fix.
10-13 09:39:04.725: D/dalvikvm(3844): DexOpt: load 0ms, verify+opt 0ms, 83452 bytes
10-13 09:39:04.725: I/ActivityManager(1705): Force stopping com.google.android.apps.mtaas.stubapp appid=10073 user=-1: update pkg
10-13 09:39:04.755: D/dalvikvm(1705): GC_CONCURRENT freed 1226K, 20% free 8187K/10184K, paused 2ms+2ms, total 18ms
10-13 09:39:04.765: I/InputReader(1705): Reconfiguring input devices.  changes=0x00000010
10-13 09:39:04.765: I/PackageManager(1705):   Action: "android.intent.action.SENDTO"
10-13 09:39:04.765: I/PackageManager(1705):   Category: "android.intent.category.DEFAULT"
10-13 09:39:04.765: I/PackageManager(1705):   Scheme: "sms"
10-13 09:39:04.765: I/ActivityManager(1705): Delay finish: com.google.android.partnersetup/.RlzPingBroadcastReceiver
10-13 09:39:04.765: I/PackageManager(1705): Adding preferred activity ComponentInfo{com.android.mms/com.android.mms.ui.ComposeMessageActivity} for user 0 :
10-13 09:39:04.775: D/dalvikvm(1858): GC_CONCURRENT freed 450K, 16% free 3614K/4292K, paused 0ms+0ms, total 3ms
10-13 09:39:04.775: I/PackageManager(1705):   Action: "android.intent.action.SENDTO"
10-13 09:39:04.775: I/PackageManager(1705):   Category: "android.intent.category.DEFAULT"
10-13 09:39:04.775: I/PackageManager(1705):   Scheme: "smsto"
10-13 09:39:04.775: I/PackageManager(1705): Adding preferred activity ComponentInfo{com.android.mms/com.android.mms.ui.ComposeMessageActivity} for user 0 :
10-13 09:39:04.785: I/PackageManager(1705):   Action: "android.intent.action.SENDTO"
10-13 09:39:04.785: I/PackageManager(1705):   Category: "android.intent.category.DEFAULT"
10-13 09:39:04.785: I/PackageManager(1705):   Scheme: "mms"
10-13 09:39:04.785: I/ActivityManager(1705): Resuming delayed broadcast
10-13 09:39:04.785: I/ActivityManager(1705): Delay finish: com.google.android.partnersetup/.AppInstalledReceiver
10-13 09:39:04.785: I/PackageManager(1705): Adding preferred activity ComponentInfo{com.android.mms/com.android.mms.ui.ComposeMessageActivity} for user 0 :
10-13 09:39:04.785: I/ActivityManager(1705): Resuming delayed broadcast
10-13 09:39:04.785: I/ActivityManager(1705): Delay finish: com.android.musicfx/.Compatibility$Receiver
10-13 09:39:04.795: I/PackageManager(1705):   Action: "android.intent.action.SENDTO"
10-13 09:39:04.795: I/PackageManager(1705):   Category: "android.intent.category.DEFAULT"
10-13 09:39:04.795: I/PackageManager(1705):   Scheme: "mmsto"
10-13 09:39:04.795: I/PackageManager(1705):   Action: "android.intent.action.SENDTO"
10-13 09:39:04.795: I/PackageManager(1705):   Category: "android.intent.category.DEFAULT"
10-13 09:39:04.795: I/PackageManager(1705):   Scheme: "sms"
10-13 09:39:04.795: I/PackageManager(1705): Adding preferred activity ComponentInfo{com.android.mms/com.android.mms.ui.ComposeMessageActivity} for user 0 :
10-13 09:39:04.795: I/PackageManager(1705): Adding preferred activity ComponentInfo{com.android.mms/com.android.mms.ui.ComposeMessageActivity} for user 0 :
10-13 09:39:04.795: I/ActivityManager(1705): Resuming delayed broadcast
10-13 09:39:04.805: D/dalvikvm(1858): GC_CONCURRENT freed 342K, 15% free 3655K/4292K, paused 2ms+0ms, total 5ms
10-13 09:39:04.805: I/PackageManager(1705):   Action: "android.intent.action.SENDTO"
10-13 09:39:04.805: I/PackageManager(1705):   Category: "android.intent.category.DEFAULT"
10-13 09:39:04.805: I/PackageManager(1705):   Scheme: "smsto"
10-13 09:39:04.805: I/Icing.InternalIcingCorporaProvider(2557): Updating corpora: A: com.google.android.apps.mtaas.stubapp, C: MAYBE
10-13 09:39:04.805: D/BackupManagerService(1705): Received broadcast Intent { act=android.intent.action.PACKAGE_ADDED dat=package:com.google.android.apps.mtaas.stubapp flg=0x4000010 (has extras) }
10-13 09:39:04.805: V/BackupManagerService(1705): addPackageParticipantsLocked: #1
10-13 09:39:04.805: I/ActivityManager(1705): Delay finish: com.google.android.googlequicksearchbox/com.google.android.search.core.summons.icing.InternalIcingCorporaProvider$CorporaChangedReceiver
10-13 09:39:04.805: I/PackageManager(1705): Adding preferred activity ComponentInfo{com.android.mms/com.android.mms.ui.ComposeMessageActivity} for user 0 :
10-13 09:39:04.815: W/ResourceType(1705): Failure getting entry for 0x7f060000 (t=5 e=0) in package 0 (error -75)
10-13 09:39:04.815: I/PackageManager(1705):   Action: "android.intent.action.SENDTO"
10-13 09:39:04.815: I/PackageManager(1705):   Category: "android.intent.category.DEFAULT"
10-13 09:39:04.815: I/PackageManager(1705):   Scheme: "mms"
10-13 09:39:04.815: I/PackageManager(1705): Adding preferred activity ComponentInfo{com.android.mms/com.android.mms.ui.ComposeMessageActivity} for user 0 :
10-13 09:39:04.825: D/dalvikvm(1705): GC_EXPLICIT freed 1360K, 21% free 8126K/10184K, paused 1ms+2ms, total 67ms
10-13 09:39:04.825: D/AndroidRuntime(3834): Shutting down VM
10-13 09:39:04.825: D/dalvikvm(1705): WAIT_FOR_CONCURRENT_GC blocked 16ms
10-13 09:39:04.825: D/dalvikvm(3834): GC_CONCURRENT freed 93K, 15% free 552K/648K, paused 0ms+0ms, total 1ms
10-13 09:39:04.835: I/Icing.InternalIcingCorporaProvider(2557): UpdateCorporaTask done [took 21 ms] updated apps [took 20 ms] 
10-13 09:39:04.835: I/PackageManager(1705):   Action: "android.intent.action.SENDTO"
10-13 09:39:04.835: I/PackageManager(1705):   Category: "android.intent.category.DEFAULT"
10-13 09:39:04.835: I/PackageManager(1705):   Scheme: "mmsto"
10-13 09:39:04.835: D/dalvikvm(1858): GC_FOR_ALLOC freed 408K, 15% free 3666K/4292K, paused 2ms, total 2ms
10-13 09:39:04.835: I/ActivityManager(1705): Resuming delayed broadcast
10-13 09:39:04.835: I/PackageManager(1705): Adding preferred activity ComponentInfo{com.android.mms/com.android.mms.ui.ComposeMessageActivity} for user 0 :
10-13 09:39:04.845: D/dalvikvm(1858): GC_CONCURRENT freed 86K, 17% free 3602K/4292K, paused 2ms+1ms, total 5ms
10-13 09:39:04.855: I/FontsPackageChangeOp(2015): Package com.google.android.apps.mtaas.stubapp has no metadata
10-13 09:39:04.855: D/Wear_Controller(2015): Received broadcast action=android.intent.action.PACKAGE_ADDED and uri=com.google.android.apps.mtaas.stubapp
10-13 09:39:04.865: I/Icing(2015): IndexChimeraService.getServiceInterface callingPackage=com.google.android.gms componentName=AppsCorpus serviceId=36
10-13 09:39:04.865: I/Icing(2015): IndexChimeraService.getServiceInterface callingPackage=com.google.android.gms componentName=AppsCorpus serviceId=32
10-13 09:39:04.865: I/Icing(2015): Usage reports 0 indexed 0 rejected 0 imm upload false
10-13 09:39:04.875: I/Icing(2015): Usage reports 0 indexed 0 rejected 0 imm upload false
10-13 09:39:05.075: D/AndroidRuntime(3854): >>>>>> AndroidRuntime START com.android.internal.os.RuntimeInit <<<<<<
10-13 09:39:05.075: W/linker(3854): libdvm.so has text relocations. This is wasting memory and is a security risk. Please fix.
10-13 09:39:05.085: D/AndroidRuntime(3854): CheckJNI is OFF
10-13 09:39:05.085: D/dalvikvm(3854): Trying to load lib libjavacore.so 0x0
10-13 09:39:05.085: D/dalvikvm(3854): Added shared lib libjavacore.so 0x0
10-13 09:39:05.085: D/dalvikvm(3854): Trying to load lib libnativehelper.so 0x0
10-13 09:39:05.085: D/dalvikvm(3854): Added shared lib libnativehelper.so 0x0
10-13 09:39:05.085: D/dalvikvm(3854): No JNI_OnLoad found in libnativehelper.so 0x0, skipping init
10-13 09:39:05.095: D/dalvikvm(3854): Note: class Landroid/app/ActivityManagerNative; has 179 unimplemented (abstract) methods
10-13 09:39:05.095: I/Icing(2015): Indexing B7DEFBCF98179CD36ABD6B5AFB7EAB077224B473 from com.google.android.gms
10-13 09:39:05.095: I/Icing(2015): Indexing done B7DEFBCF98179CD36ABD6B5AFB7EAB077224B473
10-13 09:39:05.115: E/memtrack(3854): Couldn't load memtrack module (No such file or directory)
10-13 09:39:05.115: E/android.os.Debug(3854): failed to load memtrack module: -2
10-13 09:39:05.135: D/AndroidRuntime(3854): Calling main entry com.android.commands.input.Input
10-13 09:39:05.135: I/Input(3854): injectKeyEvent: KeyEvent { action=ACTION_DOWN, keyCode=KEYCODE_MENU, scanCode=0, metaState=0, flags=0x0, repeatCount=0, eventTime=918300, downTime=918300, deviceId=-1, source=0x101 }
10-13 09:39:05.155: I/Input(3854): injectKeyEvent: KeyEvent { action=ACTION_UP, keyCode=KEYCODE_MENU, scanCode=0, metaState=0, flags=0x0, repeatCount=0, eventTime=918300, downTime=918300, deviceId=-1, source=0x101 }
10-13 09:39:05.155: D/AndroidRuntime(3854): Shutting down VM
10-13 09:39:05.155: D/dalvikvm(3854): GC_CONCURRENT freed 96K, 15% free 554K/652K, paused 0ms+0ms, total 1ms
10-13 09:39:05.155: D/YouTube(3408): apps.youtube.app.prefetch.g.onReceive:367 Received: android.intent.action.USER_PRESENT
10-13 09:39:05.155: I/GceGrallocRegionRegistry(1758): Unmapped gralloc-1328.11 hnd=0xb960a570 fd=64 base=0x7c717000
10-13 09:39:05.165: I/GceGrallocRegionRegistry(1758): Unmapped gralloc-1328.14 hnd=0xb952b300 fd=66 base=0x7c355000
10-13 09:39:05.165: I/GceGrallocRegionRegistry(1758): Unmapped gralloc-1328.17 hnd=0xb95404e0 fd=70 base=0x7bf93000
10-13 09:39:05.165: I/GceGrallocRegionRegistry(1328): Unmapped gralloc-1328.11 hnd=0xb90d2c60 fd=37 base=0xb0b0d000
10-13 09:39:05.165: I/GceGrallocRegionRegistry(1328): Unmapped gralloc-1328.17 hnd=0xb90495e0 fd=40 base=0xb074b000
10-13 09:39:05.165: D/dalvikvm(1905): GC_CONCURRENT freed 728K, 23% free 5440K/7000K, paused 1ms+0ms, total 7ms
10-13 09:39:05.175: D/dalvikvm(1705): GC_FOR_ALLOC freed 1034K, 20% free 8182K/10184K, paused 10ms, total 10ms
10-13 09:39:05.185: D/PhoneStatusBar(1758): disable: < expand icons alerts ticker system_info back* home* recent* clock* search >
10-13 09:39:05.185: I/Authzen(2015): [DeviceStateSyncManager] Device state fast sync is disabled
10-13 09:39:05.205: D/dalvikvm(1837): GC_FOR_ALLOC freed 1084K, 22% free 6852K/8684K, paused 13ms, total 13ms
10-13 09:39:05.225: I/CastDatabase(2015): Opening the database
10-13 09:39:05.265: D/dalvikvm(1837): GC_CONCURRENT freed 228K, 24% free 6673K/8684K, paused 0ms+1ms, total 64ms
10-13 09:39:05.425: I/SQLiteCastStore(2015): 0 CastNetworkInfo instances loaded, 0 CastDeviceInfo instances loaded, 0 paired guest mode devices loaded.
10-13 09:39:05.485: I/GceGrallocRegionRegistry(1328): Unmapped gralloc-1328.14 hnd=0xb9049ca0 fd=23 base=0xb2aad000
10-13 09:39:05.485: D/dalvikvm(2015): GC_EXPLICIT freed 2107K, 19% free 16813K/20612K, paused 10ms+25ms, total 218ms
10-13 09:39:05.505: D/dalvikvm(1905): GC_EXPLICIT freed 151K, 23% free 5423K/7000K, paused 0ms+1ms, total 6ms
10-13 09:39:05.535: I/CastSocket(2015): 19 >= 18. Adding new CastClientAuthKeyManager.
10-13 09:39:05.605: I/GceMetadataClient(2690): Received updated metadata.
10-13 09:39:05.605: I/dalvikvm(2015): Could not find method android.os.PowerManager.isInteractive, referenced from method gtq.a
10-13 09:39:05.605: W/dalvikvm(2015): VFY: unable to resolve virtual method 4659: Landroid/os/PowerManager;.isInteractive ()Z
10-13 09:39:05.605: D/dalvikvm(2015): VFY: replacing opcode 0x6e at 0x0018
10-13 09:39:05.605: I/DiscoveryManager(2015): WifiGuestModeDeviceScanner enabled.
10-13 09:39:05.655: I/MediaRouter(2015): Found default route: MediaRouter.RouteInfo{ uniqueId=android/aco:DEFAULT_ROUTE, name=Phone, description=null, iconUri=null, enabled=true, connecting=false, connectionState=0, canDisconnect=false, playbackType=0, playbackStream=3, deviceType=0, volumeHandling=1, volume=11, volumeMax=15, presentationDisplayId=-1, extras=null, settingsIntent=null, providerPackageName=android }
10-13 09:39:05.685: D/AndroidRuntime(3869): >>>>>> AndroidRuntime START com.android.internal.os.RuntimeInit <<<<<<
10-13 09:39:05.685: W/linker(3869): libdvm.so has text relocations. This is wasting memory and is a security risk. Please fix.
10-13 09:39:05.685: D/dalvikvm(1705): GC_FOR_ALLOC freed 203K, 20% free 8182K/10184K, paused 31ms, total 31ms
10-13 09:39:05.685: I/dalvikvm-heap(1705): Grow heap (frag case) to 8.282MB for 191586-byte allocation
10-13 09:39:05.685: I/Remoter(1339): Saved screenshot to '/data/screenshots/__pmv__-0081.jpg'
10-13 09:39:05.705: D/AndroidRuntime(3869): CheckJNI is OFF
10-13 09:39:05.705: D/dalvikvm(3869): Trying to load lib libjavacore.so 0x0
10-13 09:39:05.705: D/dalvikvm(3869): Added shared lib libjavacore.so 0x0
10-13 09:39:05.705: D/dalvikvm(3869): Trying to load lib libnativehelper.so 0x0
10-13 09:39:05.705: D/dalvikvm(3869): Added shared lib libnativehelper.so 0x0
10-13 09:39:05.705: D/dalvikvm(3869): No JNI_OnLoad found in libnativehelper.so 0x0, skipping init
10-13 09:39:05.705: D/dalvikvm(1705): GC_FOR_ALLOC freed <1K, 20% free 8369K/10372K, paused 19ms, total 19ms
10-13 09:39:05.735: D/dalvikvm(1705): GC_FOR_ALLOC freed 171K, 21% free 8208K/10372K, paused 9ms, total 9ms
10-13 09:39:05.735: I/dalvikvm-heap(1705): Grow heap (frag case) to 8.256MB for 138742-byte allocation
10-13 09:39:05.735: D/dalvikvm(3869): Note: class Landroid/app/ActivityManagerNative; has 179 unimplemented (abstract) methods
10-13 09:39:05.765: D/dalvikvm(1705): GC_FOR_ALLOC freed 7K, 21% free 8336K/10508K, paused 29ms, total 29ms
