10-13 09:39:05.775: I/ActivityManager(1705): Delay finish: com.google.android.gms/.stats.service.DropBoxEntryAddedReceiver
10-13 09:39:05.795: I/ActivityManager(1705): Resuming delayed broadcast
10-13 09:39:05.805: E/memtrack(3869): Couldn't load memtrack module (No such file or directory)
10-13 09:39:05.805: E/android.os.Debug(3869): failed to load memtrack module: -2
10-13 09:39:05.865: D/AndroidRuntime(3869): Calling main entry com.android.commands.pm.Pm
10-13 09:39:05.875: D/AndroidRuntime(3869): Shutting down VM
10-13 09:39:05.875: D/dalvikvm(3869): GC_CONCURRENT freed 92K, 15% free 548K/644K, paused 0ms+1ms, total 1ms
10-13 09:39:05.875: I/Icing(2015): Indexing B7DEFBCF98179CD36ABD6B5AFB7EAB077224B473 from com.google.android.gms
10-13 09:39:05.875: I/Icing(2015): Indexing done B7DEFBCF98179CD36ABD6B5AFB7EAB077224B473
10-13 09:39:06.195: D/AndroidRuntime(3887): >>>>>> AndroidRuntime START com.android.internal.os.RuntimeInit <<<<<<
10-13 09:39:06.195: W/linker(3887): libdvm.so has text relocations. This is wasting memory and is a security risk. Please fix.
10-13 09:39:06.195: D/AndroidRuntime(3887): CheckJNI is OFF
10-13 09:39:06.205: D/dalvikvm(3887): Trying to load lib libjavacore.so 0x0
10-13 09:39:06.205: D/dalvikvm(3887): Added shared lib libjavacore.so 0x0
10-13 09:39:06.205: D/dalvikvm(3887): Trying to load lib libnativehelper.so 0x0
10-13 09:39:06.205: D/dalvikvm(3887): Added shared lib libnativehelper.so 0x0
10-13 09:39:06.205: D/dalvikvm(3887): No JNI_OnLoad found in libnativehelper.so 0x0, skipping init
10-13 09:39:06.245: D/dalvikvm(3887): Note: class Landroid/app/ActivityManagerNative; has 179 unimplemented (abstract) methods
10-13 09:39:06.265: E/memtrack(3887): Couldn't load memtrack module (No such file or directory)
10-13 09:39:06.265: E/android.os.Debug(3887): failed to load memtrack module: -2
10-13 09:39:06.275: D/AndroidRuntime(3887): Calling main entry com.android.commands.am.Am
10-13 09:39:06.275: I/ActivityManager(1705): Force stopping com.google.android.apps.mtaas.tools appid=10066 user=0: start instr
10-13 09:39:06.285: I/ActivityManager(1705): Start proc com.google.android.apps.mtaas.tools for added application com.google.android.apps.mtaas.tools: pid=3897 uid=10066 gids={50066, 1028, 1015, 3003}
10-13 09:39:06.325: I/ActivityManager(1705): Config changes=2004 {1.0 310mcc260mnc es ldltr sw384dp w384dp h567dp 320dpi nrml port finger qwerty/v/v -nav/h s.6}
10-13 09:39:06.335: D/dalvikvm(1966): GC_CONCURRENT freed 371K, 12% free 3563K/4044K, paused 0ms+0ms, total 2ms
10-13 09:39:06.335: I/GceGrallocRegionRegistry(1328): Mapped gralloc-1328.18 hnd=0xb9095690 fd=41 base=0xb2aad000 format=RGBA_8888(0x1) width=768 height=1280
10-13 09:39:06.355: D/dalvikvm(1758): GC_FOR_ALLOC freed 4385K, 32% free 9887K/14388K, paused 6ms, total 12ms
10-13 09:39:06.365: D/dalvikvm(1758): GC_CONCURRENT freed 81K, 32% free 9866K/14388K, paused 5ms+0ms, total 18ms
10-13 09:39:06.415: D/ChangeLocale(3897): Instrumentation completed successfully
10-13 09:39:06.415: D/AndroidRuntime(3887): Shutting down VM
10-13 09:39:06.415: D/dalvikvm(3887): GC_CONCURRENT freed 95K, 15% free 557K/656K, paused 0ms+0ms, total 1ms
10-13 09:39:06.435: I/LatinIME:LogUtils(1824): Dictionary info: dictionary = PersonalizationPredictionDictio ; version = ? ; date = 1507901946
10-13 09:39:06.435: I/LatinIME:LogUtils(1824): Dictionary info: dictionary = personalization.es.dict ; version = ? ; date = 1507901946
10-13 09:39:06.455: D/PhoneStatusBar(1758): mSettingsPanelGravity = 55
10-13 09:39:06.645: I/ActivityManager(1705): Force stopping com.google.android.apps.mtaas.tools appid=10066 user=0: finished inst
10-13 09:39:06.645: D/Finsky(2524): [1] ClearCacheReceiver.onReceive: Received android.intent.action.LOCALE_CHANGED. Clearing cache and exiting.
10-13 09:39:06.645: D/Volley(2524): [89] DiskBasedCache.clear: Cache cleared.
10-13 09:39:06.645: I/ActivityManager(1705): Killing 3897:com.google.android.apps.mtaas.tools/u0a66 (adj 0): stop com.google.android.apps.mtaas.tools
10-13 09:39:06.655: D/Volley(2524): [93] DiskBasedCache.clear: Cache cleared.
10-13 09:39:06.655: D/AlertReceiver(2618): onReceive: a=android.intent.action.LOCALE_CHANGED Intent { act=android.intent.action.LOCALE_CHANGED flg=0x10000010 cmp=com.google.android.calendar/com.android.calendar.alerts.AlertReceiver }
10-13 09:39:06.655: I/Icing.InternalIcingCorporaProvider(2557): Updating corpora: A: FORCE_ALL, C: FORCE_ALL
10-13 09:39:06.655: D/AlertService(2618): 0 Action = android.intent.action.LOCALE_CHANGED
10-13 09:39:06.655: D/AlertService(2618): Beginning updateAlertNotification
10-13 09:39:06.655: I/AndroidRuntime(2524): VM exiting with result code 0, cleanup skipped.
10-13 09:39:06.665: V/AlarmClock(2638): AlarmInitReceiver android.intent.action.LOCALE_CHANGED
10-13 09:39:06.675: I/AlarmClock(2638): Displaying next alarm time: ''
10-13 09:39:06.675: V/AlarmClock(2638): AlarmInitReceiver finished
10-13 09:39:06.695: I/GceGrallocRegionRegistry(1874): Unmapped gralloc-1328.6 hnd=0xb9304830 fd=59 base=0x7c3d1000
10-13 09:39:06.695: I/GceGrallocRegionRegistry(1874): Unmapped gralloc-1328.7 hnd=0xb941c890 fd=51 base=0x7e5ba000
10-13 09:39:06.695: I/GceGrallocRegionRegistry(1874): Unmapped gralloc-1328.9 hnd=0xb91cd700 fd=55 base=0x7b838000
10-13 09:39:06.695: I/GceGrallocRegionRegistry(1328): Unmapped gralloc-1328.6 hnd=0xb90eedd0 fd=32 base=0xb1653000
10-13 09:39:06.705: I/GceGrallocRegionRegistry(1328): Unmapped gralloc-1328.7 hnd=0xb911e940 fd=33 base=0xb1291000
10-13 09:39:06.705: W/ResourceType(1705): Failure getting entry for 0x7f060000 (t=5 e=0) in package 0 (error -75)
10-13 09:39:06.705: W/ResourceType(1705): Failure getting entry for 0x7f060000 (t=5 e=0) in package 0 (error -75)
10-13 09:39:06.705: W/InputMethodUtils(1705): Found no subtypes in a system IME: com.android.inputmethod.pinyin
10-13 09:39:06.705: I/InputMethodManagerService(1705): Selected default: com.google.android.inputmethod.latin/com.android.inputmethod.latin.LatinIME
10-13 09:39:06.725: I/ActivityManager(1705): Process com.android.vending (pid 2524) has died.
10-13 09:39:06.725: D/AlertService(2618): No fired or scheduled alerts
10-13 09:39:06.725: W/Launcher(1874): setApplicationContext called twice! old=com.android.launcher3.LauncherApplication@94fc7b48 new=com.android.launcher3.LauncherApplication@94fc7b48
10-13 09:39:06.725: W/ActivityManager(1705): Scheduling restart of crashed service com.android.vending/com.google.android.finsky.services.DailyHygiene in 1000ms
10-13 09:39:06.725: W/InputMethodManagerService(1705): Illegal subtype state: old subtype = null, new subtype = android.view.inputmethod.InputMethodSubtype@30a6e00e
10-13 09:39:06.755: I/GceGrallocRegionRegistry(1328): Unmapped gralloc-1328.9 hnd=0xb91b4980 fd=36 base=0xb0ecf000
10-13 09:39:06.775: D/dalvikvm(1837): GC_FOR_ALLOC freed 59K, 23% free 6694K/8684K, paused 10ms, total 10ms
10-13 09:39:06.775: I/dalvikvm-heap(1837): Grow heap (frag case) to 7.166MB for 487156-byte allocation
10-13 09:39:06.795: I/Icing(2015): IndexChimeraService.getServiceInterface callingPackage=com.google.android.gms componentName=AppsCorpus serviceId=32
10-13 09:39:06.795: D/AlertService(2618): Scheduling next alarm with AlarmScheduler. sEventReminderReceived: null
10-13 09:39:06.795: I/Icing(2015): IndexChimeraService.getServiceInterface callingPackage=com.google.android.gms componentName=AppsCorpus serviceId=36
10-13 09:39:06.795: I/ContactLocale(2743): AddressBook Labels [es]: [, A, B, C, D, E, F, G, H, I, J, K, L, M, N, , O, P, Q, R, S, T, U, V, W, X, Y, Z, , , , , , , , , , , , , , , , , , , , , , , , , , , , , , , , , , , , , , , , , , , , , , , , , , , , , , , , , , , , , , , , , , , , , , , , , , , , , , , , , , , , , , , , , , , , , , , , , , , , , , , , , , , , , , , , , , , , , , , , , , , , , , , , , , , , , , , , , , , , , , , , , , , , , , , , , , , , , , , , , , , , , , , , , , , , , , , , , , , , , , #, ]
10-13 09:39:06.805: D/dalvikvm(1837): GC_FOR_ALLOC freed 0K, 22% free 7169K/9160K, paused 27ms, total 27ms
10-13 09:39:06.815: I/dalvikvm(2015): Could not find method android.app.Notification$Builder.setColor, referenced from method ahex.a
10-13 09:39:06.815: W/dalvikvm(2015): VFY: unable to resolve virtual method 27649: Landroid/app/Notification$Builder;.setColor (I)Landroid/app/Notification$Builder;
10-13 09:39:06.815: D/dalvikvm(2015): VFY: replacing opcode 0x6e at 0x006c
10-13 09:39:06.815: I/dalvikvm(2015): Could not find method android.app.Notification$Builder.addExtras, referenced from method ahex.a
10-13 09:39:06.815: W/dalvikvm(2015): VFY: unable to resolve virtual method 27644: Landroid/app/Notification$Builder;.addExtras (Landroid/os/Bundle;)Landroid/app/Notification$Builder;
10-13 09:39:06.815: D/dalvikvm(2015): VFY: replacing opcode 0x6e at 0x00a0
10-13 09:39:06.815: I/dalvikvm(2015): Could not find method android.graphics.drawable.Icon.createWithBitmap, referenced from method ahex.a
10-13 09:39:06.815: W/dalvikvm(2015): VFY: unable to resolve static method 28330: Landroid/graphics/drawable/Icon;.createWithBitmap (Landroid/graphics/Bitmap;)Landroid/graphics/drawable/Icon;
10-13 09:39:06.815: D/dalvikvm(2015): VFY: replacing opcode 0x71 at 0x0008
10-13 09:39:06.815: I/dalvikvm(2015): Could not find method android.app.Notification$Builder.addPerson, referenced from method ahex.a
10-13 09:39:06.815: W/dalvikvm(2015): VFY: unable to resolve virtual method 27645: Landroid/app/Notification$Builder;.addPerson (Ljava/lang/String;)Landroid/app/Notification$Builder;
10-13 09:39:06.815: D/dalvikvm(2015): VFY: replacing opcode 0x6e at 0x01ca
10-13 09:39:06.815: I/dalvikvm(2015): Could not find method android.app.NotificationManager.areNotificationsEnabled, referenced from method ahex.a
10-13 09:39:06.815: W/dalvikvm(2015): VFY: unable to resolve virtual method 27668: Landroid/app/NotificationManager;.areNotificationsEnabled ()Z
10-13 09:39:06.815: D/dalvikvm(2015): VFY: replacing opcode 0x6e at 0x0204
10-13 09:39:06.815: W/ChimeraUtils(2015): Non Chimera context
10-13 09:39:06.825: D/AlarmScheduler(2618): No events found starting within 1 week.
10-13 09:39:06.825: D/Launcher(1874): 11683562 - bindAddScreens()
10-13 09:39:06.825: D/Launcher(1874): 11683562 -   orderedScreenIds: 3
10-13 09:39:06.825: D/Launcher.Workspace(1874): 11683562 - insertNewWorkspaceScreen(): 3 at index: 0
10-13 09:39:06.835: D/dalvikvm(1837): GC_FOR_ALLOC freed <1K, 22% free 7177K/9160K, paused 26ms, total 26ms
10-13 09:39:06.835: D/dalvikvm(2557): GC_CONCURRENT freed 277K, 10% free 4086K/4492K, paused 2ms+1ms, total 6ms
10-13 09:39:06.835: I/dalvikvm-heap(1837): Grow heap (frag case) to 7.638MB for 487156-byte allocation
10-13 09:39:06.845: D/dalvikvm(1837): GC_FOR_ALLOC freed 47K, 22% free 7605K/9636K, paused 9ms, total 9ms
10-13 09:39:06.845: I/Remoter(1339): Saved screenshot to '/data/screenshots/__pmv__-0082.jpg'
10-13 09:39:06.865: I/ContactsProvider(2743): Locale has changed from en_US to es
10-13 09:39:06.865: I/Icing(2015): IndexChimeraService.getServiceInterface callingPackage=com.google.android.googlequicksearchbox componentName=null serviceId=21
10-13 09:39:06.865: I/ContactsDatabaseHelper(2743): Switching to locale es (ICU v51.1.0.1)
10-13 09:39:06.875: D/dalvikvm(1837): GC_FOR_ALLOC freed 1002K, 31% free 6708K/9636K, paused 17ms, total 17ms
10-13 09:39:06.875: I/Icing(2015): Query from com.google.android.gms package restrict com.google.android.gms start 0 num 100
10-13 09:39:06.875: D/AndroidRuntime(3926): >>>>>> AndroidRuntime START com.android.internal.os.RuntimeInit <<<<<<
10-13 09:39:06.875: W/linker(3926): libdvm.so has text relocations. This is wasting memory and is a security risk. Please fix.
10-13 09:39:06.875: D/AndroidRuntime(3926): CheckJNI is OFF
10-13 09:39:06.885: I/Icing(2015): Usage reports 0 indexed 0 rejected 0 imm upload false
10-13 09:39:06.885: D/dalvikvm(3926): Trying to load lib libjavacore.so 0x0
10-13 09:39:06.885: D/dalvikvm(3926): Added shared lib libjavacore.so 0x0
10-13 09:39:06.895: D/dalvikvm(3926): Trying to load lib libnativehelper.so 0x0
10-13 09:39:06.895: D/dalvikvm(3926): Added shared lib libnativehelper.so 0x0
10-13 09:39:06.895: D/dalvikvm(3926): No JNI_OnLoad found in libnativehelper.so 0x0, skipping init
10-13 09:39:06.895: D/dalvikvm(3926): Note: class Landroid/app/ActivityManagerNative; has 179 unimplemented (abstract) methods
10-13 09:39:06.895: D/Launcher.Model(1874): 11683562 - loadWorkspace()
10-13 09:39:06.895: D/Launcher.Model(1874): 11683562 -   loadedOldDb: false
10-13 09:39:06.905: D/dalvikvm(1874): GC_CONCURRENT freed 674K, 11% free 7355K/8192K, paused 1ms+1ms, total 5ms
10-13 09:39:06.915: D/Launcher.Model(1874): 11683562 - loadWorkspaceScreensDb()
10-13 09:39:06.915: D/Launcher.Model(1874): 11683562 -   screens: { 0: 3 }
10-13 09:39:06.915: D/Launcher.Model(1874): 11683562 -   sBgWorkspaceScreens: 3
10-13 09:39:06.925: I/Icing(2015): Usage reports 0 indexed 0 rejected 0 imm upload false
10-13 09:39:06.925: E/memtrack(3926): Couldn't load memtrack module (No such file or directory)
10-13 09:39:06.925: E/android.os.Debug(3926): failed to load memtrack module: -2
10-13 09:39:06.965: I/Icing(2015): Usage reports 0 indexed 0 rejected 0 imm upload true
10-13 09:39:06.975: W/ResourceType(1874): No package identifier when getting name for resource number 0x00000001
10-13 09:39:06.985: W/View(1874): requestLayout() improperly called by com.android.launcher3.BubbleTextView{951780e8 VFED..CL ......ID 376,597-564,796 #1} during layout: running second layout pass
10-13 09:39:06.985: D/dalvikvm(1837): GC_FOR_ALLOC freed 38K, 21% free 7644K/9636K, paused 29ms, total 29ms
10-13 09:39:06.985: D/AndroidRuntime(3926): Calling main entry com.android.commands.settings.SettingsCmd
10-13 09:39:06.985: I/dalvikvm-heap(1837): Grow heap (frag case) to 9.630MB for 2098212-byte allocation
10-13 09:39:06.995: D/AndroidRuntime(3926): Shutting down VM
10-13 09:39:06.995: D/dalvikvm(3926): GC_CONCURRENT freed 94K, 16% free 553K/652K, paused 0ms+0ms, total 0ms
10-13 09:39:06.995: D/dalvikvm(1837): GC_FOR_ALLOC freed <1K, 18% free 9693K/11688K, paused 10ms, total 10ms
10-13 09:39:07.005: I/ContactsDatabaseHelper(2743): Locale change completed in 137ms
10-13 09:39:07.005: I/ContactsDatabaseHelper(2743): Switching to locale es (ICU v51.1.0.1)
10-13 09:39:07.015: D/dalvikvm(1837): GC_CONCURRENT freed <1K, 18% free 9693K/11688K, paused 1ms+1ms, total 8ms
10-13 09:39:07.015: I/ContactLoggerTask(2557): canRun() : Disabled
10-13 09:39:07.015: I/Icing.InternalIcingCorporaProvider(2557): UpdateCorporaTask done [took 357 ms] updated apps [took 340 ms] updated contacts [took 17 ms]
10-13 09:39:07.025: I/ContactsDatabaseHelper(2743): Locale change completed in 18ms
10-13 09:39:07.025: I/ContactsFTS(2743): Rebuild contact search index in 4ms, 0 contacts
10-13 09:39:07.055: I/Icing(2015): IndexChimeraService.getServiceInterface callingPackage=com.google.android.gms componentName=AppsCorpus serviceId=32
10-13 09:39:07.055: I/Icing(2015): IndexChimeraService.getServiceInterface callingPackage=com.google.android.gms componentName=AppsCorpus serviceId=36
10-13 09:39:07.065: I/Icing(2015): Usage reports 0 indexed 0 rejected 0 imm upload false
10-13 09:39:07.065: I/Icing(2015): Usage reports 0 indexed 0 rejected 0 imm upload false
10-13 09:39:07.115: I/GceGrallocRegionRegistry(1328): Mapped gralloc-1328.19 hnd=0xb8fa3080 fd=23 base=0xb1653000 format=RGBA_8888(0x1) width=768 height=1280
10-13 09:39:07.115: I/GceGrallocRegionRegistry(1874): Mapped gralloc-1328.19 hnd=0xb9162950 fd=47 base=0x7cb53000 format=RGBA_8888(0x1) width=768 height=1280
10-13 09:39:07.155: I/WindowManager(1705): Screen frozen for +822ms due to Window{954ee148 u0 com.android.launcher3/com.android.launcher3.Launcher}
10-13 09:39:07.545: D/AndroidRuntime(3944): >>>>>> AndroidRuntime START com.android.internal.os.RuntimeInit <<<<<<
10-13 09:39:07.545: W/linker(3944): libdvm.so has text relocations. This is wasting memory and is a security risk. Please fix.
10-13 09:39:07.555: D/AndroidRuntime(3944): CheckJNI is OFF
10-13 09:39:07.555: D/dalvikvm(1837): GC_FOR_ALLOC freed 3993K, 35% free 7953K/12116K, paused 79ms, total 79ms
10-13 09:39:07.585: D/dalvikvm(3944): Trying to load lib libjavacore.so 0x0
10-13 09:39:07.605: D/dalvikvm(3944): Added shared lib libjavacore.so 0x0
10-13 09:39:07.605: D/dalvikvm(3944): Trying to load lib libnativehelper.so 0x0
10-13 09:39:07.605: D/dalvikvm(3944): Added shared lib libnativehelper.so 0x0
10-13 09:39:07.605: D/dalvikvm(3944): No JNI_OnLoad found in libnativehelper.so 0x0, skipping init
10-13 09:39:07.645: I/GceGrallocRegionRegistry(1328): Mapped gralloc-1328.20 hnd=0xb9271f20 fd=32 base=0xb1291000 format=RGBA_8888(0x1) width=768 height=1280
10-13 09:39:07.645: I/GceGrallocRegionRegistry(1874): Mapped gralloc-1328.20 hnd=0xb917c820 fd=51 base=0x7c3d0000 format=RGBA_8888(0x1) width=768 height=1280
10-13 09:39:07.655: I/GceGrallocRegionRegistry(1328): Unmapped gralloc-1328.18 hnd=0xb9095690 fd=41 base=0xb2aad000
10-13 09:39:07.665: D/Launcher(1874): 11683562 - bindAddScreens()
10-13 09:39:07.665: D/Launcher(1874): 11683562 -   orderedScreenIds: 3
10-13 09:39:07.665: D/Launcher.Workspace(1874): 11683562 - insertNewWorkspaceScreen(): 3 at index: 0
10-13 09:39:07.685: D/dalvikvm(3944): Note: class Landroid/app/ActivityManagerNative; has 179 unimplemented (abstract) methods
10-13 09:39:07.685: D/dalvikvm(1837): GC_CONCURRENT freed 129K, 33% free 8174K/12116K, paused 6ms+32ms, total 83ms
10-13 09:39:07.745: I/GceGrallocRegionRegistry(1328): Mapped gralloc-1328.21 hnd=0xb9095690 fd=33 base=0xb2aad000 format=RGBA_8888(0x1) width=768 height=1280
10-13 09:39:07.745: I/GceGrallocRegionRegistry(1874): Mapped gralloc-1328.21 hnd=0xb90014e0 fd=52 base=0x7be05000 format=RGBA_8888(0x1) width=768 height=1280
10-13 09:39:07.785: E/memtrack(3944): Couldn't load memtrack module (No such file or directory)
10-13 09:39:07.785: E/android.os.Debug(3944): failed to load memtrack module: -2
10-13 09:39:07.825: D/AndroidRuntime(3944): Calling main entry com.android.commands.settings.SettingsCmd
10-13 09:39:07.835: D/AndroidRuntime(3944): Shutting down VM
10-13 09:39:07.835: I/AndroidRuntime(3944): NOTE: attach of thread 'Binder_1' failed
10-13 09:39:07.835: D/dalvikvm(3944): GC_CONCURRENT freed 94K, 16% free 553K/652K, paused 0ms+0ms, total 1ms
10-13 09:39:07.865: D/dalvikvm(1837): GC_FOR_ALLOC freed 994K, 27% free 8924K/12116K, paused 18ms, total 18ms
10-13 09:39:07.915: D/dalvikvm(1837): GC_CONCURRENT freed 403K, 26% free 9029K/12116K, paused 34ms+1ms, total 45ms
10-13 09:39:07.935: I/Remoter(1339): Saved screenshot to '/data/screenshots/__pmv__-0083.jpg'
10-13 09:39:07.945: D/dalvikvm(1874): GC_FOR_ALLOC freed 542K, 11% free 7946K/8864K, paused 4ms, total 7ms
10-13 09:39:07.965: D/dalvikvm(1837): GC_FOR_ALLOC freed 1949K, 26% free 9047K/12116K, paused 36ms, total 36ms
10-13 09:39:07.975: D/dalvikvm(1874): GC_FOR_ALLOC freed 548K, 11% free 8615K/9664K, paused 4ms, total 5ms
10-13 09:39:08.015: I/Icing(2015): Indexing C45B6D3A7E72D386F280413F85D056EC1830AAD9 from com.google.android.googlequicksearchbox
10-13 09:39:08.035: D/dalvikvm(1837): GC_CONCURRENT freed 224K, 15% free 10352K/12116K, paused 8ms+15ms, total 70ms
10-13 09:39:08.125: D/dalvikvm(1837): GC_FOR_ALLOC freed 2582K, 23% free 9802K/12628K, paused 27ms, total 27ms
10-13 09:39:08.135: D/AndroidRuntime(3957): >>>>>> AndroidRuntime START com.android.internal.os.RuntimeInit <<<<<<
10-13 09:39:08.135: W/linker(3957): libdvm.so has text relocations. This is wasting memory and is a security risk. Please fix.
10-13 09:39:08.145: D/AndroidRuntime(3957): CheckJNI is OFF
10-13 09:39:08.145: D/dalvikvm(3957): Trying to load lib libjavacore.so 0x0
10-13 09:39:08.145: D/dalvikvm(3957): Added shared lib libjavacore.so 0x0
10-13 09:39:08.145: D/dalvikvm(3957): Trying to load lib libnativehelper.so 0x0
10-13 09:39:08.145: D/dalvikvm(3957): Added shared lib libnativehelper.so 0x0
10-13 09:39:08.145: D/dalvikvm(3957): No JNI_OnLoad found in libnativehelper.so 0x0, skipping init
10-13 09:39:08.165: D/dalvikvm(1837): GC_FOR_ALLOC freed 509K, 23% free 9802K/12628K, paused 31ms, total 31ms
10-13 09:39:08.165: I/dalvikvm-heap(1837): Grow heap (frag case) to 11.210MB for 1544756-byte allocation
10-13 09:39:08.175: D/dalvikvm(1837): GC_FOR_ALLOC freed 999K, 28% free 10311K/14140K, paused 11ms, total 11ms
10-13 09:39:08.175: D/dalvikvm(3957): Note: class Landroid/app/ActivityManagerNative; has 179 unimplemented (abstract) methods
10-13 09:39:08.245: E/memtrack(3957): Couldn't load memtrack module (No such file or directory)
10-13 09:39:08.245: E/android.os.Debug(3957): failed to load memtrack module: -2
10-13 09:39:08.245: I/LocaleChangeIO(1837): Requesting GmsCore restart due to change in locale assets
10-13 09:39:08.255: I/Process(1837): Sending signal. PID: 1837 SIG: 9
10-13 09:39:08.255: I/Process(2243): Sending signal. PID: 2243 SIG: 9
10-13 09:39:08.265: I/Process(2889): Sending signal. PID: 2889 SIG: 9
10-13 09:39:08.265: I/Process(2015): Sending signal. PID: 2015 SIG: 9
10-13 09:39:08.275: D/AndroidRuntime(3957): Calling main entry com.android.commands.settings.SettingsCmd
10-13 09:39:08.275: I/Process(1905): Sending signal. PID: 1905 SIG: 9
10-13 09:39:08.285: D/SettingsProvider(1705): User 0 external modification to /data/data/com.android.providers.settings/databases/settings.db; event=2
10-13 09:39:08.285: D/SettingsProvider(1705): User 0 updating our caches for /data/data/com.android.providers.settings/databases/settings.db
10-13 09:39:08.285: D/AndroidRuntime(3957): Shutting down VM
10-13 09:39:08.285: D/dalvikvm(3957): GC_CONCURRENT freed 94K, 16% free 553K/652K, paused 0ms+0ms, total 0ms
10-13 09:39:08.315: I/ActivityManager(1705): Process com.google.android.gms.ui (pid 2889) has died.
10-13 09:39:08.315: I/ActivityManager(1705): Process com.google.android.gms.persistent (pid 1837) has died.
10-13 09:39:08.315: W/ActivityManager(1705): Scheduling restart of crashed service com.google.android.gms/com.google.android.location.reporting.service.ReportingAndroidService in 1000ms
10-13 09:39:08.315: W/ActivityManager(1705): Scheduling restart of crashed service com.google.android.gms/.phenotype.service.PhenotypeService in 11000ms
10-13 09:39:08.315: W/ActivityManager(1705): Scheduling restart of crashed service com.google.android.gms/.nearby.discovery.service.DiscoveryService in 21000ms
10-13 09:39:08.315: A/ActivityManager(1705): Service ServiceRecord{9555bd50 u0 com.google.android.gms/.beacon.BleService} in process ProcessRecord{9542d328 1837:com.google.android.gms.persistent/u0a8} not same as in map: null
10-13 09:39:08.325: W/ActivityManager(1705): Scheduling restart of crashed service com.google.android.gms/com.google.android.location.geofencer.service.GeofenceProviderService in 30994ms
10-13 09:39:08.325: W/ActivityManager(1705): Scheduling restart of crashed service com.google.android.gms/.deviceconnection.service.DeviceConnectionWatcherService in 40994ms
10-13 09:39:08.325: W/ActivityManager(1705): Scheduling restart of crashed service com.google.android.gms/com.google.location.nearby.direct.service.NearbyDirectService in 50994ms
10-13 09:39:08.325: W/ActivityManager(1705): Scheduling restart of crashed service com.google.android.gms/com.google.android.location.fused.FusedLocationService in 50993ms
10-13 09:39:08.325: W/ActivityManager(1705): Scheduling restart of crashed service com.google.android.gms/com.google.android.location.network.NetworkLocationService in 60993ms
10-13 09:39:08.325: W/ActivityManager(1705): Scheduling restart of crashed service com.google.android.gms/.lockbox.service.LockboxBrokerService in 70993ms
10-13 09:39:08.325: W/ActivityManager(1705): Scheduling restart of crashed service com.google.android.gms/.pseudonymous.service.PseudonymousIdService in 80993ms
10-13 09:39:08.325: W/ActivityManager(1705): Scheduling restart of crashed service com.google.android.gms/com.google.android.location.fused.service.FusedProviderService in 90993ms
10-13 09:39:08.325: W/ActivityManager(1705): Scheduling restart of crashed service com.google.android.gms/com.google.android.location.internal.GoogleLocationManagerService in 100993ms
10-13 09:39:08.325: W/ActivityManager(1705): Scheduling restart of crashed service com.google.android.gms/com.google.android.location.internal.server.GoogleLocationService in 110993ms
10-13 09:39:08.325: W/ActivityManager(1705): Scheduling restart of crashed service com.google.android.gms/.nearby.messages.service.NearbyMessagesService in 120993ms
10-13 09:39:08.325: W/ActivityManager(1705): Scheduling restart of crashed service com.google.android.gms/.usagereporting.service.UsageReportingService in 130993ms
10-13 09:39:08.325: W/ActivityManager(1705): Scheduling restart of crashed service com.google.android.gms/.chimera.PersistentIntentOperationService in 140993ms
10-13 09:39:08.325: W/ActivityManager(1705): Scheduling restart of crashed service com.google.android.gms/com.google.android.contextmanager.service.ContextManagerService in 150993ms
10-13 09:39:08.325: W/ActivityManager(1705): Scheduling restart of crashed service com.google.android.gms/.clearcut.service.ClearcutLoggerService in 160993ms
10-13 09:39:08.325: W/ActivityManager(1705): Scheduling restart of crashed service com.google.android.gms/com.google.android.location.geocode.GeocodeService in 170993ms
10-13 09:39:08.325: W/ActivityManager(1705): Scheduling restart of crashed service com.google.android.gms/.common.stats.GmsCoreStatsService in 180993ms
10-13 09:39:08.335: E/JavaBinder(1705): !!! FAILED BINDER TRANSACTION !!!
10-13 09:39:08.335: D/dalvikvm(1705): GC_CONCURRENT freed 1466K, 23% free 8102K/10508K, paused 1ms+4ms, total 22ms
10-13 09:39:08.345: W/BroadcastQueue(1705): Exception when sending broadcast to ComponentInfo{com.google.android.gms/com.google.android.gms.stats.service.DropBoxEntryAddedReceiver}
10-13 09:39:08.345: W/BroadcastQueue(1705): android.os.TransactionTooLargeException
10-13 09:39:08.345: W/BroadcastQueue(1705): 	at android.os.BinderProxy.transact(Native Method)
10-13 09:39:08.345: W/BroadcastQueue(1705): 	at android.app.ApplicationThreadProxy.scheduleReceiver(ApplicationThreadNative.java:814)
10-13 09:39:08.345: W/BroadcastQueue(1705): 	at com.android.server.am.BroadcastQueue.processCurBroadcastLocked(BroadcastQueue.java:236)
10-13 09:39:08.345: W/BroadcastQueue(1705): 	at com.android.server.am.BroadcastQueue.processNextBroadcast(BroadcastQueue.java:879)
10-13 09:39:08.345: W/BroadcastQueue(1705): 	at com.android.server.am.BroadcastQueue$1.handleMessage(BroadcastQueue.java:141)
10-13 09:39:08.345: W/BroadcastQueue(1705): 	at android.os.Handler.dispatchMessage(Handler.java:102)
10-13 09:39:08.345: W/BroadcastQueue(1705): 	at android.os.Looper.loop(Looper.java:136)
10-13 09:39:08.345: W/BroadcastQueue(1705): 	at com.android.server.am.ActivityManagerService$AThread.run(ActivityManagerService.java:1870)
10-13 09:39:08.345: A/ActivityManager(1705): Service ServiceRecord{955a3250 u0 com.google.android.gms/.cast.firstparty.CastFirstPartyService} in process ProcessRecord{953d3a18 2015:com.google.android.gms/u0a8} not same as in map: null
10-13 09:39:08.345: W/ActivityManager(1705): Scheduling restart of crashed service com.google.android.gms/.icing.service.IndexService in 1000ms
10-13 09:39:08.345: W/ActivityManager(1705): Scheduling restart of crashed service com.google.android.gms/.chimera.GmsIntentOperationService in 70974ms
10-13 09:39:08.345: W/ActivityManager(1705): Scheduling restart of crashed service com.google.android.gms/.icing.service.IndexWorkerService in 70974ms
10-13 09:39:08.345: I/ActivityManager(1705): Start proc com.google.android.gms for broadcast com.google.android.gms/.stats.service.DropBoxEntryAddedReceiver: pid=3969 uid=10008 gids={50008, 3003, 1007, 1028, 1015, 3002, 3001, 3007, 2001, 3006}
10-13 09:39:08.355: I/ActivityManager(1705): Process com.google.process.gapps (pid 1905) has died.
10-13 09:39:08.355: W/ActivityManager(1705): Scheduling restart of crashed service com.google.android.gms/.auth.account.service.WorkAccountService in 1000ms
10-13 09:39:08.355: W/ActivityManager(1705): Scheduling restart of crashed service com.google.android.gms/.gcm.GcmService in 1000ms
10-13 09:39:08.355: W/ActivityManager(1705): Scheduling restart of crashed service com.google.android.gms/.auth.setup.devicesignals.LockScreenService in 70959ms
10-13 09:39:08.355: I/ActivityManager(1705): Process com.google.android.gms.unstable (pid 2243) has died.
10-13 09:39:08.365: W/dalvikvm(3969): VFY: unable to resolve static field 332 (PR_SET_DUMPABLE) in Landroid/system/OsConstants;
10-13 09:39:08.365: D/dalvikvm(3969): VFY: replacing opcode 0x60 at 0x0009
10-13 09:39:08.365: I/dalvikvm(3969): Could not find method android.content.Context.getSystemService, referenced from method ni.a
10-13 09:39:08.365: W/dalvikvm(3969): VFY: unable to resolve virtual method 715: Landroid/content/Context;.getSystemService (Ljava/lang/Class;)Ljava/lang/Object;
10-13 09:39:08.365: D/dalvikvm(3969): VFY: replacing opcode 0x6e at 0x0008
10-13 09:39:08.365: I/dalvikvm(3969): Could not find method android.content.Context.createDeviceProtectedStorageContext, referenced from method iyb.a
10-13 09:39:08.365: W/dalvikvm(3969): VFY: unable to resolve virtual method 689: Landroid/content/Context;.createDeviceProtectedStorageContext ()Landroid/content/Context;
10-13 09:39:08.365: D/dalvikvm(3969): VFY: replacing opcode 0x6e at 0x0029
10-13 09:39:08.365: I/dalvikvm(3969): Could not find method android.content.Context.getSystemService, referenced from method iyb.b
10-13 09:39:08.365: W/dalvikvm(3969): VFY: unable to resolve virtual method 715: Landroid/content/Context;.getSystemService (Ljava/lang/Class;)Ljava/lang/Object;
10-13 09:39:08.365: D/dalvikvm(3969): VFY: replacing opcode 0x6e at 0x000b
10-13 09:39:08.365: I/dalvikvm(3969): Could not find method android.content.Context.isDeviceProtectedStorage, referenced from method xtw.a
10-13 09:39:08.365: W/dalvikvm(3969): VFY: unable to resolve virtual method 720: Landroid/content/Context;.isDeviceProtectedStorage ()Z
10-13 09:39:08.365: D/dalvikvm(3969): VFY: replacing opcode 0x6e at 0x0009
10-13 09:39:08.365: I/dalvikvm(3969): Could not find method android.content.Context.isDeviceProtectedStorage, referenced from method xtw.c
10-13 09:39:08.365: W/dalvikvm(3969): VFY: unable to resolve virtual method 720: Landroid/content/Context;.isDeviceProtectedStorage ()Z
10-13 09:39:08.365: D/dalvikvm(3969): VFY: replacing opcode 0x6e at 0x0063
10-13 09:39:08.365: I/dalvikvm(3969): Could not find method android.os.PowerManager.isInteractive, referenced from method ivo.a
10-13 09:39:08.365: W/dalvikvm(3969): VFY: unable to resolve virtual method 1266: Landroid/os/PowerManager;.isInteractive ()Z
10-13 09:39:08.365: D/dalvikvm(3969): VFY: replacing opcode 0x6e at 0x0012
10-13 09:39:08.365: I/dalvikvm(3969): Could not find method android.content.ContextWrapper.createCredentialProtectedStorageContext, referenced from method com.google.android.chimera.ModuleContext.createCredentialProtectedStorageContext
10-13 09:39:08.365: W/dalvikvm(3969): VFY: unable to resolve virtual method 738: Landroid/content/ContextWrapper;.createCredentialProtectedStorageContext ()Landroid/content/Context;
10-13 09:39:08.365: D/dalvikvm(3969): VFY: replacing opcode 0x6f at 0x0002
10-13 09:39:08.365: I/dalvikvm(3969): Could not find method android.content.ContextWrapper.createDeviceProtectedStorageContext, referenced from method com.google.android.chimera.ModuleContext.createDeviceProtectedStorageContext
10-13 09:39:08.365: W/dalvikvm(3969): VFY: unable to resolve virtual method 739: Landroid/content/ContextWrapper;.createDeviceProtectedStorageContext ()Landroid/content/Context;
10-13 09:39:08.365: D/dalvikvm(3969): VFY: replacing opcode 0x6f at 0x0002
10-13 09:39:08.365: I/dalvikvm(3969): Could not find method android.content.Context.isCredentialProtectedStorage, referenced from method buu.a
10-13 09:39:08.365: W/dalvikvm(3969): VFY: unable to resolve virtual method 719: Landroid/content/Context;.isCredentialProtectedStorage ()Z
10-13 09:39:08.365: D/dalvikvm(3969): VFY: replacing opcode 0x6e at 0x0000
10-13 09:39:08.365: I/dalvikvm(3969): Could not find method android.os.UserManager.isUserUnlocked, referenced from method buu.a
10-13 09:39:08.365: W/dalvikvm(3969): VFY: unable to resolve virtual method 1312: Landroid/os/UserManager;.isUserUnlocked ()Z
10-13 09:39:08.365: D/dalvikvm(3969): VFY: replacing opcode 0x6e at 0x001a
10-13 09:39:08.365: I/dalvikvm(3969): Could not find method android.content.Context.isDeviceProtectedStorage, referenced from method buu.b
10-13 09:39:08.365: W/dalvikvm(3969): VFY: unable to resolve virtual method 720: Landroid/content/Context;.isDeviceProtectedStorage ()Z
10-13 09:39:08.365: D/dalvikvm(3969): VFY: replacing opcode 0x6e at 0x0000
10-13 09:39:08.365: I/dalvikvm(3969): Could not find method android.content.Context.isDeviceProtectedStorage, referenced from method buu.c
10-13 09:39:08.365: W/dalvikvm(3969): VFY: unable to resolve virtual method 720: Landroid/content/Context;.isDeviceProtectedStorage ()Z
10-13 09:39:08.365: D/dalvikvm(3969): VFY: replacing opcode 0x6e at 0x0000
10-13 09:39:08.365: I/MultiDex(3969): VM with version 1.6.0 does not have multidex support
10-13 09:39:08.365: I/MultiDex(3969): install
10-13 09:39:08.365: I/MultiDex(3969): MultiDexExtractor.load(/data/app/com.google.android.gms-1.apk, false)
10-13 09:39:08.365: I/MultiDex(3969): Blocking on lock /data/user/0/com.google.android.gms/code_cache/secondary-dexes/MultiDex.lock
10-13 09:39:08.365: I/MultiDex(3969): /data/user/0/com.google.android.gms/code_cache/secondary-dexes/MultiDex.lock locked
10-13 09:39:08.365: I/MultiDex(3969): loading existing secondary dex files
10-13 09:39:08.365: I/MultiDex(3969): load found 4 secondary dex files
10-13 09:39:08.365: I/MultiDex(3969): install done
10-13 09:39:08.375: D/dalvikvm(3969): GC_CONCURRENT freed 264K, 11% free 3151K/3524K, paused 0ms+1ms, total 4ms
10-13 09:39:08.385: I/dalvikvm(3969): Could not find method android.content.Context.isDeviceProtectedStorage, referenced from method jrg.d
10-13 09:39:08.385: W/dalvikvm(3969): VFY: unable to resolve virtual method 720: Landroid/content/Context;.isDeviceProtectedStorage ()Z
10-13 09:39:08.385: D/dalvikvm(3969): VFY: replacing opcode 0x6e at 0x0006
10-13 09:39:08.385: I/dalvikvm(3969): Could not find method android.os.UserHandle.isOwner, referenced from method jrg.h
10-13 09:39:08.385: W/dalvikvm(3969): VFY: unable to resolve virtual method 1305: Landroid/os/UserHandle;.isOwner ()Z
10-13 09:39:08.385: D/dalvikvm(3969): VFY: replacing opcode 0x6e at 0x000a
10-13 09:39:08.395: I/ActivityManager(1705): Start proc com.google.process.gapps for content provider com.google.android.gsf/.gservices.GservicesProvider: pid=3987 uid=10008 gids={50008, 3003, 1007, 1028, 1015, 3002, 3001, 3007, 2001, 3006}
10-13 09:39:08.405: I/GservicesProvider(3987): Gservices pushing to system: true; secure/global: true
10-13 09:39:08.415: D/dalvikvm(3987): GC_CONCURRENT freed 215K, 10% free 3255K/3580K, paused 0ms+2ms, total 4ms
10-13 09:39:08.425: D/dalvikvm(3987): GC_CONCURRENT freed 127K, 7% free 3577K/3816K, paused 0ms+1ms, total 3ms
10-13 09:39:08.435: W/dalvikvm(3987): VFY: unable to resolve static field 332 (PR_SET_DUMPABLE) in Landroid/system/OsConstants;
10-13 09:39:08.435: D/dalvikvm(3987): VFY: replacing opcode 0x60 at 0x0009
10-13 09:39:08.435: I/dalvikvm(3969): Could not find method android.content.pm.PackageManager.isInstantApp, referenced from method jwv.a
10-13 09:39:08.435: W/dalvikvm(3969): VFY: unable to resolve virtual method 836: Landroid/content/pm/PackageManager;.isInstantApp (Ljava/lang/String;)Z
10-13 09:39:08.435: D/dalvikvm(3969): VFY: replacing opcode 0x6e at 0x002d
10-13 09:39:08.435: I/dalvikvm(3987): Could not find method android.content.Context.getSystemService, referenced from method ni.a
10-13 09:39:08.435: W/dalvikvm(3987): VFY: unable to resolve virtual method 715: Landroid/content/Context;.getSystemService (Ljava/lang/Class;)Ljava/lang/Object;
10-13 09:39:08.435: D/dalvikvm(3987): VFY: replacing opcode 0x6e at 0x0008
10-13 09:39:08.435: I/dalvikvm(3987): Could not find method android.content.Context.createDeviceProtectedStorageContext, referenced from method iyb.a
10-13 09:39:08.435: W/dalvikvm(3987): VFY: unable to resolve virtual method 689: Landroid/content/Context;.createDeviceProtectedStorageContext ()Landroid/content/Context;
10-13 09:39:08.435: D/dalvikvm(3987): VFY: replacing opcode 0x6e at 0x0029
10-13 09:39:08.435: I/dalvikvm(3987): Could not find method android.content.Context.getSystemService, referenced from method iyb.b
10-13 09:39:08.435: W/dalvikvm(3987): VFY: unable to resolve virtual method 715: Landroid/content/Context;.getSystemService (Ljava/lang/Class;)Ljava/lang/Object;
10-13 09:39:08.435: D/dalvikvm(3987): VFY: replacing opcode 0x6e at 0x000b
10-13 09:39:08.435: I/dalvikvm(3987): Could not find method android.content.Context.isDeviceProtectedStorage, referenced from method xtw.a
10-13 09:39:08.435: W/dalvikvm(3987): VFY: unable to resolve virtual method 720: Landroid/content/Context;.isDeviceProtectedStorage ()Z
10-13 09:39:08.435: D/dalvikvm(3987): VFY: replacing opcode 0x6e at 0x0009
10-13 09:39:08.435: I/dalvikvm(3987): Could not find method android.content.Context.isDeviceProtectedStorage, referenced from method xtw.c
10-13 09:39:08.435: W/dalvikvm(3987): VFY: unable to resolve virtual method 720: Landroid/content/Context;.isDeviceProtectedStorage ()Z
10-13 09:39:08.435: D/dalvikvm(3987): VFY: replacing opcode 0x6e at 0x0063
10-13 09:39:08.435: I/dalvikvm(3987): Could not find method android.os.PowerManager.isInteractive, referenced from method ivo.a
10-13 09:39:08.435: W/dalvikvm(3987): VFY: unable to resolve virtual method 1266: Landroid/os/PowerManager;.isInteractive ()Z
10-13 09:39:08.435: D/dalvikvm(3987): VFY: replacing opcode 0x6e at 0x0012
10-13 09:39:08.435: I/dalvikvm(3969): Could not find method android.content.ContextWrapper.createCredentialProtectedStorageContext, referenced from method jjp.createCredentialProtectedStorageContext
10-13 09:39:08.435: W/dalvikvm(3969): VFY: unable to resolve virtual method 738: Landroid/content/ContextWrapper;.createCredentialProtectedStorageContext ()Landroid/content/Context;
10-13 09:39:08.435: D/dalvikvm(3969): VFY: replacing opcode 0x6f at 0x0002
10-13 09:39:08.435: I/dalvikvm(3969): Could not find method android.content.ContextWrapper.createDeviceProtectedStorageContext, referenced from method jjp.createDeviceProtectedStorageContext
10-13 09:39:08.435: W/dalvikvm(3969): VFY: unable to resolve virtual method 739: Landroid/content/ContextWrapper;.createDeviceProtectedStorageContext ()Landroid/content/Context;
10-13 09:39:08.435: D/dalvikvm(3969): VFY: replacing opcode 0x6f at 0x0002
10-13 09:39:08.435: I/dalvikvm(3987): Could not find method android.content.ContextWrapper.createCredentialProtectedStorageContext, referenced from method com.google.android.chimera.ModuleContext.createCredentialProtectedStorageContext
10-13 09:39:08.435: W/dalvikvm(3987): VFY: unable to resolve virtual method 738: Landroid/content/ContextWrapper;.createCredentialProtectedStorageContext ()Landroid/content/Context;
10-13 09:39:08.435: D/dalvikvm(3987): VFY: replacing opcode 0x6f at 0x0002
10-13 09:39:08.435: I/dalvikvm(3987): Could not find method android.content.ContextWrapper.createDeviceProtectedStorageContext, referenced from method com.google.android.chimera.ModuleContext.createDeviceProtectedStorageContext
10-13 09:39:08.435: W/dalvikvm(3987): VFY: unable to resolve virtual method 739: Landroid/content/ContextWrapper;.createDeviceProtectedStorageContext ()Landroid/content/Context;
10-13 09:39:08.435: D/dalvikvm(3987): VFY: replacing opcode 0x6f at 0x0002
10-13 09:39:08.435: I/dalvikvm(3987): Could not find method android.content.Context.isCredentialProtectedStorage, referenced from method buu.a
10-13 09:39:08.435: W/dalvikvm(3987): VFY: unable to resolve virtual method 719: Landroid/content/Context;.isCredentialProtectedStorage ()Z
10-13 09:39:08.435: D/dalvikvm(3987): VFY: replacing opcode 0x6e at 0x0000
10-13 09:39:08.435: I/dalvikvm(3987): Could not find method android.os.UserManager.isUserUnlocked, referenced from method buu.a
10-13 09:39:08.435: W/dalvikvm(3987): VFY: unable to resolve virtual method 1312: Landroid/os/UserManager;.isUserUnlocked ()Z
10-13 09:39:08.435: D/dalvikvm(3987): VFY: replacing opcode 0x6e at 0x001a
10-13 09:39:08.435: I/dalvikvm(3987): Could not find method android.content.Context.isDeviceProtectedStorage, referenced from method buu.b
10-13 09:39:08.435: W/dalvikvm(3987): VFY: unable to resolve virtual method 720: Landroid/content/Context;.isDeviceProtectedStorage ()Z
10-13 09:39:08.435: D/dalvikvm(3987): VFY: replacing opcode 0x6e at 0x0000
10-13 09:39:08.435: I/dalvikvm(3987): Could not find method android.content.Context.isDeviceProtectedStorage, referenced from method buu.c
10-13 09:39:08.435: W/dalvikvm(3987): VFY: unable to resolve virtual method 720: Landroid/content/Context;.isDeviceProtectedStorage ()Z
10-13 09:39:08.435: D/dalvikvm(3987): VFY: replacing opcode 0x6e at 0x0000
10-13 09:39:08.435: I/MultiDex(3987): VM with version 1.6.0 does not have multidex support
10-13 09:39:08.435: I/MultiDex(3987): install
10-13 09:39:08.435: D/dalvikvm(3969): DexOpt: couldn't find static field Landroid/os/Build;.SUPPORTED_ABIS
10-13 09:39:08.435: W/dalvikvm(3969): VFY: unable to resolve static field 313 (SUPPORTED_ABIS) in Landroid/os/Build;
10-13 09:39:08.435: D/dalvikvm(3969): VFY: replacing opcode 0x62 at 0x0008
10-13 09:39:08.435: I/MultiDex(3987): MultiDexExtractor.load(/data/app/com.google.android.gms-1.apk, false)
10-13 09:39:08.435: D/dalvikvm(3969): DexOpt: couldn't find static field Landroid/os/Build;.SUPPORTED_ABIS
10-13 09:39:08.435: W/dalvikvm(3969): VFY: unable to resolve static field 313 (SUPPORTED_ABIS) in Landroid/os/Build;
10-13 09:39:08.435: D/dalvikvm(3969): VFY: replacing opcode 0x62 at 0x0097
10-13 09:39:08.435: D/dalvikvm(3969): DexOpt: couldn't find field Landroid/content/pm/ApplicationInfo;.splitSourceDirs
10-13 09:39:08.435: W/dalvikvm(3969): VFY: unable to resolve instance field 243
10-13 09:39:08.435: D/dalvikvm(3969): VFY: replacing opcode 0x54 at 0x0053
10-13 09:39:08.435: D/dalvikvm(3969): Trying to load lib /data/app-lib/com.google.android.gms-1/libgmscore.so 0x94fd44c0
10-13 09:39:08.435: D/dalvikvm(3969): Added shared lib /data/app-lib/com.google.android.gms-1/libgmscore.so 0x94fd44c0
10-13 09:39:08.435: D/dalvikvm(3969): No JNI_OnLoad found in /data/app-lib/com.google.android.gms-1/libgmscore.so 0x94fd44c0, skipping init
10-13 09:39:08.435: D/dalvikvm(3969): Trying to load lib /data/app-lib/com.google.android.gms-1/libconscrypt_gmscore_jni.so 0x94fd44c0
10-13 09:39:08.435: D/dalvikvm(3969): Added shared lib /data/app-lib/com.google.android.gms-1/libconscrypt_gmscore_jni.so 0x94fd44c0
10-13 09:39:08.435: V/NativeCrypto(3969): Registering com/google/android/gms/org/conscrypt/NativeCrypto's 259 native methods...
10-13 09:39:08.445: E/dalvikvm(3969): Could not find class 'javax.net.ssl.SNIServerName', referenced from method com.google.android.gms.org.conscrypt.Platform.getSniHostnameFromParams
10-13 09:39:08.445: W/dalvikvm(3969): VFY: unable to resolve check-cast 3056 (Ljavax/net/ssl/SNIServerName;) in Lcom/google/android/gms/org/conscrypt/Platform;
10-13 09:39:08.445: D/dalvikvm(3969): VFY: replacing opcode 0x1f at 0x0025
10-13 09:39:08.445: E/dalvikvm(3969): Could not find class 'javax.net.ssl.SNIHostName', referenced from method com.google.android.gms.org.conscrypt.Platform.setParametersSniHostname
10-13 09:39:08.445: W/dalvikvm(3969): VFY: unable to resolve new-instance 3055 (Ljavax/net/ssl/SNIHostName;) in Lcom/google/android/gms/org/conscrypt/Platform;
10-13 09:39:08.445: D/dalvikvm(3969): VFY: replacing opcode 0x22 at 0x0024
10-13 09:39:08.445: E/dalvikvm(3969): Could not find class 'javax.net.ssl.SNIHostName', referenced from method com.google.android.gms.org.conscrypt.Platform.setParametersSniHostname
10-13 09:39:08.445: W/dalvikvm(3969): VFY: unable to resolve new-instance 3055 (Ljavax/net/ssl/SNIHostName;) in Lcom/google/android/gms/org/conscrypt/Platform;
10-13 09:39:08.445: D/dalvikvm(3969): VFY: replacing opcode 0x22 at 0x0024
10-13 09:39:08.445: W/dalvikvm(3969): Unable to resolve superclass of Lcom/google/android/gms/org/conscrypt/OpenSSLExtendedSessionImpl; (3046)
10-13 09:39:08.445: W/dalvikvm(3969): Link of class 'Lcom/google/android/gms/org/conscrypt/OpenSSLExtendedSessionImpl;' failed
10-13 09:39:08.445: E/dalvikvm(3969): Could not find class 'com.google.android.gms.org.conscrypt.OpenSSLExtendedSessionImpl', referenced from method com.google.android.gms.org.conscrypt.Platform.unwrapSSLSession
10-13 09:39:08.445: W/dalvikvm(3969): VFY: unable to resolve instanceof 1717 (Lcom/google/android/gms/org/conscrypt/OpenSSLExtendedSessionImpl;) in Lcom/google/android/gms/org/conscrypt/Platform;
10-13 09:39:08.445: D/dalvikvm(3969): VFY: replacing opcode 0x20 at 0x0007
10-13 09:39:08.445: W/dalvikvm(3969): Unable to resolve superclass of Lcom/google/android/gms/org/conscrypt/OpenSSLExtendedSessionImpl; (3046)
10-13 09:39:08.445: W/dalvikvm(3969): Link of class 'Lcom/google/android/gms/org/conscrypt/OpenSSLExtendedSessionImpl;' failed
10-13 09:39:08.445: E/dalvikvm(3969): Could not find class 'com.google.android.gms.org.conscrypt.OpenSSLExtendedSessionImpl', referenced from method com.google.android.gms.org.conscrypt.Platform.wrapSSLSession
10-13 09:39:08.445: W/dalvikvm(3969): VFY: unable to resolve new-instance 1717 (Lcom/google/android/gms/org/conscrypt/OpenSSLExtendedSessionImpl;) in Lcom/google/android/gms/org/conscrypt/Platform;
10-13 09:39:08.445: D/dalvikvm(3969): VFY: replacing opcode 0x22 at 0x0007
10-13 09:39:08.445: D/dalvikvm(3969): DexOpt: unable to opt direct call 0x3b63 at 0x2a in Lcom/google/android/gms/org/conscrypt/Platform;.setParametersSniHostname
10-13 09:39:08.445: D/dalvikvm(3969): DexOpt: unable to opt direct call 0x3b63 at 0x2a in Lcom/google/android/gms/org/conscrypt/Platform;.setParametersSniHostname
10-13 09:39:08.445: W/dalvikvm(3969): Unable to resolve superclass of Lcom/google/android/gms/org/conscrypt/OpenSSLExtendedSessionImpl; (3046)
10-13 09:39:08.445: W/dalvikvm(3969): Link of class 'Lcom/google/android/gms/org/conscrypt/OpenSSLExtendedSessionImpl;' failed
10-13 09:39:08.445: D/dalvikvm(3987): GC_CONCURRENT freed 302K, 11% free 3690K/4104K, paused 1ms+1ms, total 4ms
10-13 09:39:08.445: D/dalvikvm(3969): DexOpt: unable to opt direct call 0x2490 at 0x09 in Lcom/google/android/gms/org/conscrypt/Platform;.wrapSSLSession
10-13 09:39:08.445: I/MultiDex(3987): Blocking on lock /data/data/com.google.android.gms/code_cache/secondary-dexes/MultiDex.lock
10-13 09:39:08.445: I/MultiDex(3987): /data/data/com.google.android.gms/code_cache/secondary-dexes/MultiDex.lock locked
10-13 09:39:08.445: I/MultiDex(3987): loading existing secondary dex files
10-13 09:39:08.445: I/MultiDex(3987): load found 4 secondary dex files
10-13 09:39:08.445: I/MultiDex(3987): install done
10-13 09:39:08.455: D/dalvikvm(3969): GC_CONCURRENT freed 342K, 13% free 3228K/3680K, paused 1ms+1ms, total 4ms
10-13 09:39:08.455: I/dalvikvm(3987): Could not find method android.content.Context.isDeviceProtectedStorage, referenced from method jrg.d
10-13 09:39:08.455: W/dalvikvm(3987): VFY: unable to resolve virtual method 720: Landroid/content/Context;.isDeviceProtectedStorage ()Z
10-13 09:39:08.455: D/dalvikvm(3987): VFY: replacing opcode 0x6e at 0x0006
10-13 09:39:08.455: I/dalvikvm(3987): Could not find method android.os.UserHandle.isOwner, referenced from method jrg.h
10-13 09:39:08.455: W/dalvikvm(3987): VFY: unable to resolve virtual method 1305: Landroid/os/UserHandle;.isOwner ()Z
10-13 09:39:08.455: D/dalvikvm(3987): VFY: replacing opcode 0x6e at 0x000a
10-13 09:39:08.455: I/dalvikvm(3987): Could not find method android.content.pm.PackageManager.isInstantApp, referenced from method jwv.a
10-13 09:39:08.455: W/dalvikvm(3987): VFY: unable to resolve virtual method 836: Landroid/content/pm/PackageManager;.isInstantApp (Ljava/lang/String;)Z
10-13 09:39:08.455: D/dalvikvm(3987): VFY: replacing opcode 0x6e at 0x002d
10-13 09:39:08.455: I/dalvikvm(3987): Could not find method android.content.ContextWrapper.createCredentialProtectedStorageContext, referenced from method jjp.createCredentialProtectedStorageContext
10-13 09:39:08.455: W/dalvikvm(3987): VFY: unable to resolve virtual method 738: Landroid/content/ContextWrapper;.createCredentialProtectedStorageContext ()Landroid/content/Context;
10-13 09:39:08.455: D/dalvikvm(3987): VFY: replacing opcode 0x6f at 0x0002
10-13 09:39:08.455: I/dalvikvm(3987): Could not find method android.content.ContextWrapper.createDeviceProtectedStorageContext, referenced from method jjp.createDeviceProtectedStorageContext
10-13 09:39:08.455: W/dalvikvm(3987): VFY: unable to resolve virtual method 739: Landroid/content/ContextWrapper;.createDeviceProtectedStorageContext ()Landroid/content/Context;
10-13 09:39:08.455: D/dalvikvm(3987): VFY: replacing opcode 0x6f at 0x0002
10-13 09:39:08.455: D/dalvikvm(3987): DexOpt: couldn't find static field Landroid/os/Build;.SUPPORTED_ABIS
10-13 09:39:08.455: W/dalvikvm(3987): VFY: unable to resolve static field 313 (SUPPORTED_ABIS) in Landroid/os/Build;
10-13 09:39:08.455: D/dalvikvm(3987): VFY: replacing opcode 0x62 at 0x0008
10-13 09:39:08.455: D/dalvikvm(3987): DexOpt: couldn't find static field Landroid/os/Build;.SUPPORTED_ABIS
10-13 09:39:08.455: W/dalvikvm(3987): VFY: unable to resolve static field 313 (SUPPORTED_ABIS) in Landroid/os/Build;
10-13 09:39:08.455: D/dalvikvm(3987): VFY: replacing opcode 0x62 at 0x0097
10-13 09:39:08.455: D/dalvikvm(3987): DexOpt: couldn't find field Landroid/content/pm/ApplicationInfo;.splitSourceDirs
