10-13 09:39:14.695: W/dalvikvm(3969): VFY: unable to resolve check-cast 1144 (Landroid/service/persistentdata/PersistentDataBlockManager;) in Lebd;
10-13 09:39:14.695: D/dalvikvm(3969): VFY: replacing opcode 0x1f at 0x001f
10-13 09:39:14.695: W/dalvikvm(3969): VFY: unable to find class referenced in signature (Landroid/service/persistentdata/PersistentDataBlockManager;)
10-13 09:39:14.695: I/dalvikvm(3969): Could not find method android.service.persistentdata.PersistentDataBlockManager.getMaximumDataBlockSize, referenced from method ebd.a
10-13 09:39:14.695: W/dalvikvm(3969): VFY: unable to resolve virtual method 4729: Landroid/service/persistentdata/PersistentDataBlockManager;.getMaximumDataBlockSize ()J
10-13 09:39:14.695: D/dalvikvm(3969): VFY: replacing opcode 0x6e at 0x0023
10-13 09:39:14.695: I/dalvikvm(3969): Could not find method android.service.persistentdata.PersistentDataBlockManager.read, referenced from method ebd.b
10-13 09:39:14.695: W/dalvikvm(3969): VFY: unable to resolve virtual method 4730: Landroid/service/persistentdata/PersistentDataBlockManager;.read ()[B
10-13 09:39:14.695: D/dalvikvm(3969): VFY: replacing opcode 0x6e at 0x000e
10-13 09:39:14.695: I/dalvikvm(4007): Could not find method android.os.PowerManager.isDeviceIdleMode, referenced from method akfp.a
10-13 09:39:14.695: W/dalvikvm(4007): VFY: unable to resolve virtual method 28872: Landroid/os/PowerManager;.isDeviceIdleMode ()Z
10-13 09:39:14.695: D/dalvikvm(4007): VFY: replacing opcode 0x6e at 0x04b6
10-13 09:39:14.695: I/GCoreUlr(4007): Starting service, intent=Intent { act=com.google.android.location.reporting.ACTION_UPDATE_WORLD cmp=com.google.android.gms/com.google.android.location.reporting.service.DispatchingService (has extras) }, extras=Bundle[{receiverAction=com.google.android.gms.auth.GOOGLE_ACCOUNT_CHANGE, accountsAdded=[Account {name=4A2NI7OQOTX46RNLLDCZ5QQEKA-00@cloudtestlabaccounts.com, type=com.google}]}]
10-13 09:39:14.695: I/ActivityManager(1705): Delay finish: com.google.android.gm/.MailIntentReceiver
10-13 09:39:14.705: I/dalvikvm(4007): Could not find method android.bluetooth.BluetoothAdapter.isBleScanAlwaysAvailable, referenced from method akbs.e
10-13 09:39:14.705: W/dalvikvm(4007): VFY: unable to resolve virtual method 27708: Landroid/bluetooth/BluetoothAdapter;.isBleScanAlwaysAvailable ()Z
10-13 09:39:14.705: D/dalvikvm(4007): VFY: replacing opcode 0x6e at 0x0020
10-13 09:39:14.715: I/dalvikvm(3969): Could not find method android.content.Context.getNoBackupFilesDir, referenced from method seo.<init>
10-13 09:39:14.715: W/dalvikvm(3969): VFY: unable to resolve virtual method 11782: Landroid/content/Context;.getNoBackupFilesDir ()Ljava/io/File;
10-13 09:39:14.715: D/dalvikvm(3969): VFY: replacing opcode 0x6e at 0x0028
10-13 09:39:14.715: I/ActivityManager(1705): Resuming delayed broadcast
10-13 09:39:14.725: W/dalvikvm(4007): VFY: unable to find class referenced in signature (Landroid/net/Network;)
10-13 09:39:14.725: I/dalvikvm(4007): Could not find method android.net.Network.openConnection, referenced from method qur.a
10-13 09:39:14.725: W/dalvikvm(4007): VFY: unable to resolve virtual method 12402: Landroid/net/Network;.openConnection (Ljava/net/URL;)Ljava/net/URLConnection;
10-13 09:39:14.725: D/dalvikvm(4007): VFY: replacing opcode 0x6e at 0x00ab
10-13 09:39:14.725: I/GoogleURLConnFactory(4007): Using platform SSLCertificateSocketFactory
10-13 09:39:14.725: E/BaseAppContext(4007): Tried to stop global GMSCore RequestQueue. This is likely unintended, so ignoring.
10-13 09:39:14.745: D/dalvikvm(3969): GC_CONCURRENT freed 618K, 21% free 5284K/6636K, paused 6ms+3ms, total 31ms
10-13 09:39:14.745: I/GCoreUlr(4007): WorldUpdater received intent Intent { act=com.google.android.location.reporting.ACTION_UPDATE_WORLD cmp=com.google.android.gms/com.google.android.location.reporting.service.DispatchingService (has extras) } with receiverAction com.google.android.gms.auth.GOOGLE_ACCOUNT_CHANGE
10-13 09:39:14.755: D/dalvikvm(3969): WAIT_FOR_CONCURRENT_GC blocked 7ms
10-13 09:39:14.755: I/Authzen(4007): [SyncManager] Sync requested for event 100, account 4A2NI7OQOTX46RNLLDCZ5QQEKA-00@cloudtestlabaccounts.com, and components 3, with reason 7
10-13 09:39:14.755: I/Authzen(4007): [SyncManager] Triggering AuthZen registration...
10-13 09:39:14.755: I/Authzen(4007): [RegistrationManager] Fetching signing key...
10-13 09:39:14.765: I/Authzen(4007): [RegistrationManager] Signing key fetched successfully!
10-13 09:39:14.765: I/dalvikvm(4007): Could not find method android.app.KeyguardManager.isDeviceLocked, referenced from method ewp.a
10-13 09:39:14.765: W/dalvikvm(4007): VFY: unable to resolve virtual method 3092: Landroid/app/KeyguardManager;.isDeviceLocked ()Z
10-13 09:39:14.765: D/dalvikvm(4007): VFY: replacing opcode 0x6e at 0x000a
10-13 09:39:14.765: I/dalvikvm(4007): Could not find method android.app.KeyguardManager.isDeviceSecure, referenced from method ewp.b
10-13 09:39:14.765: W/dalvikvm(4007): VFY: unable to resolve virtual method 3093: Landroid/app/KeyguardManager;.isDeviceSecure ()Z
10-13 09:39:14.765: D/dalvikvm(4007): VFY: replacing opcode 0x6e at 0x0008
10-13 09:39:14.775: D/dalvikvm(4007): GC_CONCURRENT freed 801K, 14% free 6068K/6980K, paused 2ms+1ms, total 10ms
10-13 09:39:14.785: I/Authzen(4007): [RegistrationManager] Starting Enrollment...
10-13 09:39:14.795: D/dalvikvm(3987): GC_CONCURRENT freed 671K, 14% free 5500K/6344K, paused 4ms+1ms, total 10ms
10-13 09:39:14.805: I/GCoreUlr(4007): AutoEnableManager setIneligible for account#19#
10-13 09:39:14.815: W/Auth(3987): [GetToken] GetToken failed with status code: INVALID_SCOPE
10-13 09:39:14.815: W/AuthSessionAuthenticato(4007): Auth related exception is being ignored: INVALID_SCOPE
10-13 09:39:14.825: W/GLSUser(3987): [DeviceKeyStore] Cannot load key: Device key file not found.
10-13 09:39:14.825: W/GLSUser(3987): [DeviceKeyStore] Cannot load key: Device key file not found.
10-13 09:39:14.835: E/ctxmgr(4007): [BaseServerTask]Server task (FetchAclSet) got error statusCode=-1.
10-13 09:39:14.835: E/ctxmgr(4007): com.android.volley.VolleyError: Unable to obtain auth token - is the device online?
10-13 09:39:14.835: E/ctxmgr(4007): 	at chx.a(:com.google.android.gms@11519070:39)
10-13 09:39:14.835: E/ctxmgr(4007): 	at cdg.run(:com.google.android.gms@11519070:2)
10-13 09:39:14.835: E/ctxmgr(4007): 	at cde.handleMessage(:com.google.android.gms@11519070:3)
10-13 09:39:14.835: E/ctxmgr(4007): 	at jpq.run(:com.google.android.gms@11519070:6)
10-13 09:39:14.835: E/ctxmgr(4007): 	at jqa.run(:com.google.android.gms@11519070:25)
10-13 09:39:14.835: E/ctxmgr(4007): 	at java.util.concurrent.ThreadPoolExecutor.runWorker(ThreadPoolExecutor.java:1112)
10-13 09:39:14.835: E/ctxmgr(4007): 	at java.util.concurrent.ThreadPoolExecutor$Worker.run(ThreadPoolExecutor.java:587)
10-13 09:39:14.835: E/ctxmgr(4007): 	at jvj.run(:com.google.android.gms@11519070)
10-13 09:39:14.835: E/ctxmgr(4007): 	at java.lang.Thread.run(Thread.java:841)
10-13 09:39:14.835: E/ctxmgr(4007): [AccountAclCallback]Failed Acl fetch: network status=-1
10-13 09:39:14.835: W/Auth(3987): [GetToken] GetToken failed with status code: INVALID_SCOPE
10-13 09:39:14.835: E/Authzen(4007): [RegistrationManager] Failed to do enrollment for account: <ELLIDED:2138848219>
10-13 09:39:14.845: I/Authzen(4007): [exa] Syncing data for account <ELLIDED:2138848219>
10-13 09:39:14.875: I/GCoreUlr(4007): WorldUpdater:com.google.android.gms.auth.GOOGLE_ACCOUNT_CHANGE: Ensuring that reporting is stopped because of reasons: {account#19#=[InactiveReason{mIdentifier=6, mName='ReportingNotEnabled'}, InactiveReason{mIdentifier=14, mName='HistoryNotEnabled'}]}
10-13 09:39:14.875: W/dalvikvm(3969): VFY: unable to find class referenced in signature (Landroid/net/Network;)
10-13 09:39:14.885: I/GCoreUlr(4007): Unbound from all location providers
10-13 09:39:14.885: I/GCoreUlr(4007): Place inference reporting - stop
10-13 09:39:14.885: W/dalvikvm(3969): VFY: unable to find class referenced in signature (Landroid/net/Network;)
10-13 09:39:14.885: W/dalvikvm(3969): VFY: unable to find class referenced in signature (Landroid/net/Network;)
10-13 09:39:14.885: W/dalvikvm(3969): VFY: unable to find class referenced in signature (Landroid/net/Network;)
10-13 09:39:14.885: I/dalvikvm(3969): Could not find method android.os.UserManager.isManagedProfile, referenced from method hgb.a
10-13 09:39:14.885: W/dalvikvm(3969): VFY: unable to resolve virtual method 4698: Landroid/os/UserManager;.isManagedProfile ()Z
10-13 09:39:14.885: D/dalvikvm(3969): VFY: replacing opcode 0x6e at 0x0018
10-13 09:39:14.885: I/GCoreUlr(4007): Unregistering for aliased place alerts.
10-13 09:39:14.885: I/dalvikvm(4007): Could not find method android.os.PowerManager.isInteractive, referenced from method jsi.a
10-13 09:39:14.885: W/dalvikvm(4007): VFY: unable to resolve virtual method 4659: Landroid/os/PowerManager;.isInteractive ()Z
10-13 09:39:14.885: D/dalvikvm(4007): VFY: replacing opcode 0x6e at 0x0006
10-13 09:39:14.895: I/GCoreUlr(4007): DispatchingService.onDestroy()
10-13 09:39:14.895: I/GCoreUlr(4007): Stopping handler for UlrDispSvcFast
10-13 09:39:14.895: I/GCoreUlr(4007): Unbound from all location providers
10-13 09:39:14.895: I/GCoreUlr(4007): Place inference reporting - stop
10-13 09:39:14.915: W/Auth(3987): [GetToken] GetToken failed with status code: INVALID_SCOPE
10-13 09:39:14.915: E/Authzen(4007): [exa] Failed to authenticate account: <ELLIDED:2138848219>. Clearing data.
10-13 09:39:14.915: I/Authzen(4007): [fbi] Opening database auth.proximity.permit_store...
10-13 09:39:14.935: D/BluetoothManagerService(1705): Message: 20
10-13 09:39:14.935: D/BluetoothManagerService(1705): Added callback: android.bluetooth.IBluetoothManagerCallback$Stub$Proxy@9558aea0:true
10-13 09:39:14.935: D/dalvikvm(3987): GC_CONCURRENT freed 776K, 15% free 5451K/6404K, paused 1ms+1ms, total 9ms
10-13 09:39:14.935: I/dalvikvm(3987): Could not find method android.os.UserManager.isManagedProfile, referenced from method fgn.run
10-13 09:39:14.935: W/dalvikvm(3987): VFY: unable to resolve virtual method 4698: Landroid/os/UserManager;.isManagedProfile ()Z
10-13 09:39:14.935: D/dalvikvm(3987): VFY: replacing opcode 0x6e at 0x0100
10-13 09:39:14.935: I/Authzen(4007): [SyncManager] sync failed for 100
10-13 09:39:14.945: I/Authzen(4007): [SyncManager] Setting up sync 63429916ms later.
10-13 09:39:14.955: I/GCoreUlr(4007): Unregistering for aliased place alerts.
10-13 09:39:14.965: I/Authzen(3969): [PermitStore] Getting all permits...
10-13 09:39:14.965: I/Authzen(3969): [fbi] Opening database auth.proximity.permit_store...
10-13 09:39:14.965: I/ProcessCheckinRequest(3969): Get token from PseudonymousIdApi: 114=h0XooQy0XadxKinXpCkKKHgs2KTf3qsBaiybK_9D825gQF1a9a7xeRR9U1EL_6K-z5HJfTScreIUPqa0XfL4-IJ2exx7RHkhJWfMW50BPXzAP6C0fdJg12Blac66HBFR
10-13 09:39:14.975: W/Auth(3987): [GetToken] GetToken failed with status code: INVALID_SCOPE
10-13 09:39:14.985: I/System(3969): Loaded time zone names for "es" in 15ms (10ms in ICU)
10-13 09:39:14.995: I/Ads(3969): Accounts have changed: com.google.android.gms.auth.GOOGLE_ACCOUNT_CHANGE
10-13 09:39:14.995: W/dalvikvm(3969): VFY: unable to find class referenced in signature (Landroid/net/Network;)
10-13 09:39:14.995: W/dalvikvm(3969): VFY: unable to find class referenced in signature (Landroid/net/Network;)
10-13 09:39:14.995: W/Auth(3987): [GetToken] GetToken failed with status code: INVALID_SCOPE
10-13 09:39:15.005: D/dalvikvm(3969): GC_CONCURRENT freed 434K, 17% free 5525K/6636K, paused 3ms+1ms, total 10ms
10-13 09:39:15.005: W/dalvikvm(3969): VFY: unable to find class referenced in signature (Landroid/net/Network;)
10-13 09:39:15.005: E/Auth.Api.Credentials(3969): [SyncManager] Error during the sync.
10-13 09:39:15.005: E/Auth.Api.Credentials(3969): dyj: INVALID_SCOPE
10-13 09:39:15.005: E/Auth.Api.Credentials(3969): 	at dyn.a(:com.google.android.gms@11519070:16)
10-13 09:39:15.005: E/Auth.Api.Credentials(3969): 	at dym.a(:com.google.android.gms@11519070:2)
10-13 09:39:15.005: E/Auth.Api.Credentials(3969): 	at dym.e(:com.google.android.gms@11519070:6)
10-13 09:39:15.005: E/Auth.Api.Credentials(3969): 	at dym.d(:com.google.android.gms@11519070:1)
10-13 09:39:15.005: E/Auth.Api.Credentials(3969): 	at dyk.b(:com.google.android.gms@11519070:1)
10-13 09:39:15.005: E/Auth.Api.Credentials(3969): 	at jlb.b(:com.google.android.gms@11519070)
10-13 09:39:15.005: E/Auth.Api.Credentials(3969): 	at jjs.b(:com.google.android.gms@11519070:5)
10-13 09:39:15.005: E/Auth.Api.Credentials(3969): 	at jki.b(:com.google.android.gms@11519070:9)
10-13 09:39:15.005: E/Auth.Api.Credentials(3969): 	at jki.a(:com.google.android.gms@11519070:16)
10-13 09:39:15.005: E/Auth.Api.Credentials(3969): 	at jki.a(:com.google.android.gms@11519070:32)
10-13 09:39:15.005: E/Auth.Api.Credentials(3969): 	at emk.b(:com.google.android.gms@11519070:45)
10-13 09:39:15.005: E/Auth.Api.Credentials(3969): 	at eql.a(:com.google.android.gms@11519070:4)
10-13 09:39:15.005: E/Auth.Api.Credentials(3969): 	at eqj.a(:com.google.android.gms@11519070:84)
10-13 09:39:15.005: E/Auth.Api.Credentials(3969): 	at eqi.a(:com.google.android.gms@11519070:60)
10-13 09:39:15.005: E/Auth.Api.Credentials(3969): 	at jpd.onPerformSync(:com.google.android.gms@11519070:6)
10-13 09:39:15.005: E/Auth.Api.Credentials(3969): 	at android.content.AbstractThreadedSyncAdapter$SyncThread.run(AbstractThreadedSyncAdapter.java:259)
10-13 09:39:15.005: I/GCM-GMS(3969): Failed to subscribe to group.
10-13 09:39:15.005: I/GCM-GMS(3969): dyj: INVALID_SCOPE
10-13 09:39:15.005: I/GCM-GMS(3969): 	at dyn.a(:com.google.android.gms@11519070:16)
10-13 09:39:15.005: I/GCM-GMS(3969): 	at dym.a(:com.google.android.gms@11519070:2)
10-13 09:39:15.005: I/GCM-GMS(3969): 	at dym.e(:com.google.android.gms@11519070:6)
10-13 09:39:15.005: I/GCM-GMS(3969): 	at dym.d(:com.google.android.gms@11519070:1)
10-13 09:39:15.005: I/GCM-GMS(3969): 	at dym.b(:com.google.android.gms@11519070:1)
10-13 09:39:15.005: I/GCM-GMS(3969): 	at dyk.a(:com.google.android.gms@11519070:1)
10-13 09:39:15.005: I/GCM-GMS(3969): 	at pyq.a(:com.google.android.gms@11519070:23)
10-13 09:39:15.005: I/GCM-GMS(3969): 	at pyq.a(:com.google.android.gms@11519070:44)
10-13 09:39:15.005: I/GCM-GMS(3969): 	at pyq.b(:com.google.android.gms@11519070:6)
10-13 09:39:15.005: I/GCM-GMS(3969): 	at com.google.android.gms.gcm.gmsproc.GcmInGmsTaskChimeraService.a(:com.google.android.gms@11519070:8)
10-13 09:39:15.005: I/GCM-GMS(3969): 	at pwx.run(:com.google.android.gms@11519070:1)
10-13 09:39:15.005: I/GCM-GMS(3969): 	at java.util.concurrent.ThreadPoolExecutor.runWorker(ThreadPoolExecutor.java:1112)
10-13 09:39:15.005: I/GCM-GMS(3969): 	at java.util.concurrent.ThreadPoolExecutor$Worker.run(ThreadPoolExecutor.java:587)
10-13 09:39:15.005: I/GCM-GMS(3969): 	at java.lang.Thread.run(Thread.java:841)
10-13 09:39:15.015: I/GCM-GMS(3969): Groups upload failed
10-13 09:39:15.015: W/constellation(3969): [gaia_id_checker] GAIA id checker has been disabled by gservice flag.
10-13 09:39:15.015: I/Places(4007): ?: Couldn't find platform key file.
10-13 09:39:15.025: I/dalvikvm(3969): Could not find method android.net.Network.openConnection, referenced from method qur.a
10-13 09:39:15.025: W/dalvikvm(3969): VFY: unable to resolve virtual method 12402: Landroid/net/Network;.openConnection (Ljava/net/URL;)Ljava/net/URLConnection;
10-13 09:39:15.025: D/dalvikvm(3969): VFY: replacing opcode 0x6e at 0x00ab
10-13 09:39:15.045: D/dalvikvm(3969): DexOpt: couldn't find static field Landroid/os/Build$VERSION;.SECURITY_PATCH
10-13 09:39:15.045: W/dalvikvm(3969): VFY: unable to resolve static field 2121 (SECURITY_PATCH) in Landroid/os/Build$VERSION;
10-13 09:39:15.045: D/dalvikvm(3969): VFY: replacing opcode 0x62 at 0x021f
10-13 09:39:15.045: E/dalvikvm(3969): Could not find class 'android.telephony.SubscriptionManager', referenced from method hfb.a
10-13 09:39:15.045: W/dalvikvm(3969): VFY: unable to resolve check-cast 1221 (Landroid/telephony/SubscriptionManager;) in Lhfb;
10-13 09:39:15.045: D/dalvikvm(3969): VFY: replacing opcode 0x1f at 0x0179
10-13 09:39:15.045: D/dalvikvm(3969): DexOpt: couldn't find static field Landroid/os/Build;.SUPPORTED_ABIS
10-13 09:39:15.045: W/dalvikvm(3969): VFY: unable to resolve static field 2138 (SUPPORTED_ABIS) in Landroid/os/Build;
10-13 09:39:15.045: D/dalvikvm(3969): VFY: replacing opcode 0x62 at 0x0011
10-13 09:39:15.045: W/dalvikvm(3969): VFY: unable to find class referenced in signature (Landroid/telephony/SubscriptionManager;)
10-13 09:39:15.045: I/dalvikvm(3969): Could not find method android.telephony.SubscriptionManager.getActiveSubscriptionInfoList, referenced from method hfb.a
10-13 09:39:15.045: W/dalvikvm(3969): VFY: unable to resolve virtual method 6124: Landroid/telephony/SubscriptionManager;.getActiveSubscriptionInfoList ()Ljava/util/List;
10-13 09:39:15.045: D/dalvikvm(3969): VFY: replacing opcode 0x74 at 0x0000
10-13 09:39:15.045: I/dalvikvm(3969): Could not find method android.app.KeyguardManager.isDeviceSecure, referenced from method hfb.e
10-13 09:39:15.045: W/dalvikvm(3969): VFY: unable to resolve virtual method 3093: Landroid/app/KeyguardManager;.isDeviceSecure ()Z
10-13 09:39:15.045: D/dalvikvm(3969): VFY: replacing opcode 0x6e at 0x0254
10-13 09:39:15.055: I/CheckinRequestBuilder(3969): Checkin reason type: 4 attempt count: 1
10-13 09:39:15.055: D/dalvikvm(4007): GC_CONCURRENT freed 648K, 11% free 6318K/7076K, paused 2ms+1ms, total 11ms
10-13 09:39:15.065: I/GCoreUlr(4007): Uploading GCM registration ID for account#19#
10-13 09:39:15.075: W/Auth(3987): [GetToken] GetToken failed with status code: INVALID_SCOPE
10-13 09:39:15.075: E/Ads(3969): [JAMS] Failed to get OAuth token: dyj: INVALID_SCOPE
10-13 09:39:15.085: I/dalvikvm(3969): Could not find method android.security.NetworkSecurityPolicy.getInstance, referenced from method com.google.android.gms.ads.internal.util.t.a
10-13 09:39:15.085: W/dalvikvm(3969): VFY: unable to resolve static method 1329: Landroid/security/NetworkSecurityPolicy;.getInstance ()Landroid/security/NetworkSecurityPolicy;
10-13 09:39:15.085: D/dalvikvm(3969): VFY: replacing opcode 0x71 at 0x00b2
10-13 09:39:15.105: D/dalvikvm(3969): GC_CONCURRENT freed 616K, 14% free 5748K/6636K, paused 2ms+2ms, total 15ms
10-13 09:39:15.105: D/dalvikvm(3969): WAIT_FOR_CONCURRENT_GC blocked 9ms
10-13 09:39:15.105: D/dalvikvm(3969): WAIT_FOR_CONCURRENT_GC blocked 10ms
10-13 09:39:15.105: D/dalvikvm(3969): WAIT_FOR_CONCURRENT_GC blocked 10ms
10-13 09:39:15.105: D/dalvikvm(3969): WAIT_FOR_CONCURRENT_GC blocked 10ms
10-13 09:39:15.105: D/dalvikvm(3969): WAIT_FOR_CONCURRENT_GC blocked 9ms
10-13 09:39:15.105: D/dalvikvm(3969): WAIT_FOR_CONCURRENT_GC blocked 10ms
10-13 09:39:15.105: D/dalvikvm(3969): WAIT_FOR_CONCURRENT_GC blocked 9ms
10-13 09:39:15.105: I/GceRil(1327): Received request 19
10-13 09:39:15.105: I/GceRil(1327): Reporting signal strength: GW=19 CDMA=-61 EVDO=-74 LTE=29
10-13 09:39:15.105: I/dalvikvm(3969): Could not find method android.content.res.Configuration.getLocales, referenced from method jkh.<init>
10-13 09:39:15.105: W/dalvikvm(3969): VFY: unable to resolve virtual method 3675: Landroid/content/res/Configuration;.getLocales ()Landroid/os/LocaleList;
10-13 09:39:15.105: D/dalvikvm(3969): VFY: replacing opcode 0x6e at 0x0039
10-13 09:39:15.115: E/ActivityThread(3969): Failed to find provider info for com.google.android.wearable.settings
10-13 09:39:15.115: I/dalvikvm(3969): Could not find method java.util.Locale.toLanguageTag, referenced from method jkh.<init>
10-13 09:39:15.115: W/dalvikvm(3969): VFY: unable to resolve virtual method 38660: Ljava/util/Locale;.toLanguageTag ()Ljava/lang/String;
10-13 09:39:15.115: D/dalvikvm(3969): VFY: replacing opcode 0x6e at 0x0065
10-13 09:39:15.125: E/Auth.Api.Credentials(3969): [CredentialSyncAdapter] Unknown sync event.
10-13 09:39:15.125: I/dalvikvm(3969): Could not find method android.telephony.SubscriptionManager.from, referenced from method ahoz.a
10-13 09:39:15.125: W/dalvikvm(3969): VFY: unable to resolve static method 29102: Landroid/telephony/SubscriptionManager;.from (Landroid/content/Context;)Landroid/telephony/SubscriptionManager;
10-13 09:39:15.125: D/dalvikvm(3969): VFY: replacing opcode 0x71 at 0x004a
10-13 09:39:15.125: I/dalvikvm(3969): Could not find method android.content.Context.checkSelfPermission, referenced from method ahos.a
10-13 09:39:15.125: W/dalvikvm(3969): VFY: unable to resolve virtual method 27891: Landroid/content/Context;.checkSelfPermission (Ljava/lang/String;)I
10-13 09:39:15.125: D/dalvikvm(3969): VFY: replacing opcode 0x6e at 0x0007
10-13 09:39:15.135: I/dalvikvm(3969): Could not find method android.telephony.SubscriptionManager.from, referenced from method ahim.a
10-13 09:39:15.135: W/dalvikvm(3969): VFY: unable to resolve static method 29102: Landroid/telephony/SubscriptionManager;.from (Landroid/content/Context;)Landroid/telephony/SubscriptionManager;
10-13 09:39:15.135: D/dalvikvm(3969): VFY: replacing opcode 0x71 at 0x0019
10-13 09:39:15.145: I/GeofencerStateMachine(4007): removeGeofences: removeRequest=RemoveGeofencingRequest[REMOVE_BY_PENDING_INTENT pendingIntent=PendingIntent[creatorPackage=com.google.android.gms], packageName=null]
10-13 09:39:15.145: I/GeofencerStateMachine(4007): removeGeofences: removeRequest=RemoveGeofencingRequest[REMOVE_BY_PENDING_INTENT pendingIntent=PendingIntent[creatorPackage=com.google.android.gms], packageName=null]
10-13 09:39:15.165: D/dalvikvm(3987): GC_CONCURRENT freed 648K, 14% free 5541K/6404K, paused 1ms+1ms, total 9ms
10-13 09:39:15.165: W/Auth(3987): [GetToken] GetToken failed with status code: INVALID_SCOPE
10-13 09:39:15.165: I/Ads(3969): Immediate DSID task failed. Scheduling one-off
10-13 09:39:15.165: D/dalvikvm(3969): GC_CONCURRENT freed 869K, 15% free 5798K/6772K, paused 3ms+5ms, total 21ms
10-13 09:39:15.165: D/dalvikvm(3969): WAIT_FOR_CONCURRENT_GC blocked 11ms
10-13 09:39:15.165: D/dalvikvm(3969): WAIT_FOR_CONCURRENT_GC blocked 8ms
10-13 09:39:15.165: D/dalvikvm(3969): WAIT_FOR_CONCURRENT_GC blocked 8ms
10-13 09:39:15.165: D/dalvikvm(3969): WAIT_FOR_CONCURRENT_GC blocked 9ms
10-13 09:39:15.175: I/GeofencerStateMachine(4007): removeGeofences: removeRequest=RemoveGeofencingRequest[REMOVE_BY_PENDING_INTENT pendingIntent=PendingIntent[creatorPackage=com.google.android.gms], packageName=null]
10-13 09:39:15.175: I/dalvikvm(3969): Could not find method android.content.Context.isDeviceProtectedStorage, referenced from method jfp.a
10-13 09:39:15.175: W/dalvikvm(3969): VFY: unable to resolve virtual method 3442: Landroid/content/Context;.isDeviceProtectedStorage ()Z
10-13 09:39:15.175: D/dalvikvm(3969): VFY: replacing opcode 0x6e at 0x02ca
10-13 09:39:15.185: I/Places(4007): ?: Couldn't find platform key file.
10-13 09:39:15.195: I/MS_RegisterService(3969): RegisterService intent:Intent { act=com.google.android.gms.matchstick.register_intent_google_account_change cat=[targeted_intent_op_prefix:com.google.android.libraries.matchstick.net.SilentRegisterIntentOperation] cmp=com.google.android.gms/.chimera.GmsIntentOperationService } isPeriodic:false
10-13 09:39:15.195: I/GeofencerStateMachine(4007): removeGeofences: removeRequest=RemoveGeofencingRequest[REMOVE_BY_PENDING_INTENT pendingIntent=PendingIntent[creatorPackage=com.google.android.gms], packageName=null]
10-13 09:39:15.195: I/GeofencerStateMachine(4007): removeGeofences: removeRequest=RemoveGeofencingRequest[REMOVE_BY_PENDING_INTENT pendingIntent=PendingIntent[creatorPackage=com.google.android.gms], packageName=null]
10-13 09:39:15.205: I/MS_PhoneUtils(3969): Phone type: 1
10-13 09:39:15.215: I/MS_RegisterService(3969): Doing full registration.
10-13 09:39:15.215: I/GeofencerStateMachine(4007): removeGeofences: removeRequest=RemoveGeofencingRequest[REMOVE_BY_PENDING_INTENT pendingIntent=PendingIntent[creatorPackage=com.google.android.gms], packageName=null]
10-13 09:39:15.245: D/dalvikvm(1705): GC_EXPLICIT freed 955K, 20% free 9111K/11252K, paused 1ms+1ms, total 18ms
10-13 09:39:15.285: D/dalvikvm(3969): GC_CONCURRENT freed 720K, 13% free 6009K/6832K, paused 0ms+4ms, total 18ms
10-13 09:39:15.295: D/dalvikvm(3969): WAIT_FOR_CONCURRENT_GC blocked 2ms
10-13 09:39:15.315: W/Auth(3987): [GetToken] GetToken failed with status code: INVALID_SCOPE
10-13 09:39:15.315: E/GCoreUlr(4007): The Account {name=4A2NI7OQOTX46RNLLDCZ5QQEKA-00@cloudtestlabaccounts.com, type=com.google} has been under authentication error for 0 minutes
10-13 09:39:15.325: E/GCoreUlr(4007): syncNotDefinedYet() auth exception: dyj: INVALID_SCOPE
10-13 09:39:15.325: E/GCoreUlr(4007): dyj: INVALID_SCOPE
10-13 09:39:15.325: E/GCoreUlr(4007): 	at dyn.a(:com.google.android.gms@11519070:16)
10-13 09:39:15.325: E/GCoreUlr(4007): 	at dym.a(:com.google.android.gms@11519070:2)
10-13 09:39:15.325: E/GCoreUlr(4007): 	at dym.e(:com.google.android.gms@11519070:6)
10-13 09:39:15.325: E/GCoreUlr(4007): 	at dym.d(:com.google.android.gms@11519070:1)
10-13 09:39:15.325: E/GCoreUlr(4007): 	at dyk.b(:com.google.android.gms@11519070:1)
10-13 09:39:15.325: E/GCoreUlr(4007): 	at jlb.b(:com.google.android.gms@11519070)
10-13 09:39:15.325: E/GCoreUlr(4007): 	at jjs.b(:com.google.android.gms@11519070:5)
10-13 09:39:15.325: E/GCoreUlr(4007): 	at jke.b(:com.google.android.gms@11519070:1)
10-13 09:39:15.325: E/GCoreUlr(4007): 	at jke.a(:com.google.android.gms@11519070:7)
10-13 09:39:15.325: E/GCoreUlr(4007): 	at jke.a(:com.google.android.gms@11519070:6)
10-13 09:39:15.325: E/GCoreUlr(4007): 	at akdz.a(:com.google.android.gms@11519070:177)
10-13 09:39:15.325: E/GCoreUlr(4007): 	at akef.a(:com.google.android.gms@11519070:103)
10-13 09:39:15.325: E/GCoreUlr(4007): 	at akfm.b(:com.google.android.gms@11519070:34)
10-13 09:39:15.325: E/GCoreUlr(4007): 	at akfm.a(:com.google.android.gms@11519070:22)
10-13 09:39:15.325: E/GCoreUlr(4007): 	at akfl.a(:com.google.android.gms@11519070:10)
10-13 09:39:15.325: E/GCoreUlr(4007): 	at jpd.onPerformSync(:com.google.android.gms@11519070:6)
10-13 09:39:15.325: E/GCoreUlr(4007): 	at android.content.AbstractThreadedSyncAdapter$SyncThread.run(AbstractThreadedSyncAdapter.java:259)
10-13 09:39:15.345: D/SyncManager(1705): failed sync operation 4A2NI7OQOTX46RNLLDCZ5QQEKA-00@cloudtestlabaccounts.com u0 (com.google), com.google.android.location.reporting, SERVER, latestRunTime 927993, reason: AutoSync, SyncResult: stats [ numAuthExceptions: 1]
10-13 09:39:15.345: D/SyncManager(1705): not retrying sync operation because the error is a hard error: 4A2NI7OQOTX46RNLLDCZ5QQEKA-00@cloudtestlabaccounts.com u0 (com.google), com.google.android.location.reporting, SERVER, latestRunTime 928510, reason: AutoSync
10-13 09:39:15.345: D/dalvikvm(3969): GC_CONCURRENT freed 370K, 7% free 6624K/7120K, paused 1ms+5ms, total 15ms
10-13 09:39:15.355: D/dalvikvm(3969): WAIT_FOR_CONCURRENT_GC blocked 7ms
10-13 09:39:15.395: W/Conscrypt(3987): Could not set socket write timeout:
10-13 09:39:15.395: W/Conscrypt(3987):    java.lang.reflect.Method.invokeNative(Native Method)
10-13 09:39:15.395: W/Conscrypt(3987):    java.lang.reflect.Method.invoke(Method.java:515)
10-13 09:39:15.405: W/Conscrypt(3987): Could not set socket write timeout:
10-13 09:39:15.405: W/Conscrypt(3987):    java.lang.reflect.Method.invokeNative(Native Method)
10-13 09:39:15.405: W/Conscrypt(3987):    java.lang.reflect.Method.invoke(Method.java:515)
10-13 09:39:15.415: D/dalvikvm(3987): GC_CONCURRENT freed 855K, 16% free 5552K/6580K, paused 1ms+1ms, total 7ms
10-13 09:39:15.415: D/dalvikvm(3987): WAIT_FOR_CONCURRENT_GC blocked 5ms
10-13 09:39:15.415: D/dalvikvm(3987): WAIT_FOR_CONCURRENT_GC blocked 6ms
10-13 09:39:15.415: D/dalvikvm(3969): GC_CONCURRENT freed 360K, 7% free 7438K/7940K, paused 1ms+5ms, total 21ms
10-13 09:39:15.415: D/dalvikvm(3969): WAIT_FOR_CONCURRENT_GC blocked 1ms
10-13 09:39:15.455: D/dalvikvm(3969): GC_CONCURRENT freed 415K, 7% free 8374K/8952K, paused 2ms+1ms, total 12ms
10-13 09:39:15.465: W/Auth(3987): [GetToken] GetToken failed with status code: INVALID_SCOPE
10-13 09:39:15.475: E/CheckinRequestBuilder(3969): Unrecoverable authentication exception: INVALID_SCOPE
10-13 09:39:15.475: E/CheckinRequestBuilder(3969): dyj: INVALID_SCOPE
10-13 09:39:15.475: E/CheckinRequestBuilder(3969): 	at dyn.a(:com.google.android.gms@11519070:16)
10-13 09:39:15.475: E/CheckinRequestBuilder(3969): 	at dym.a(:com.google.android.gms@11519070:2)
10-13 09:39:15.475: E/CheckinRequestBuilder(3969): 	at dym.e(:com.google.android.gms@11519070:6)
10-13 09:39:15.475: E/CheckinRequestBuilder(3969): 	at dyk.f(:com.google.android.gms@11519070:3)
10-13 09:39:15.475: E/CheckinRequestBuilder(3969): 	at dyk.a(:com.google.android.gms@11519070:4)
10-13 09:39:15.475: E/CheckinRequestBuilder(3969): 	at hfb.a(:com.google.android.gms@11519070:219)
10-13 09:39:15.475: E/CheckinRequestBuilder(3969): 	at hgb.a(:com.google.android.gms@11519070:18)
10-13 09:39:15.475: E/CheckinRequestBuilder(3969): 	at hgb.a(:com.google.android.gms@11519070:182)
10-13 09:39:15.475: E/CheckinRequestBuilder(3969): 	at com.google.android.gms.checkin.CheckinChimeraService.a(:com.google.android.gms@11519070:149)
10-13 09:39:15.475: E/CheckinRequestBuilder(3969): 	at hex.run(:com.google.android.gms@11519070:2)
10-13 09:39:15.475: E/CheckinRequestBuilder(3969): 	at jqa.run(:com.google.android.gms@11519070:25)
10-13 09:39:15.475: E/CheckinRequestBuilder(3969): 	at java.util.concurrent.ThreadPoolExecutor.runWorker(ThreadPoolExecutor.java:1112)
10-13 09:39:15.475: E/CheckinRequestBuilder(3969): 	at java.util.concurrent.ThreadPoolExecutor$Worker.run(ThreadPoolExecutor.java:587)
10-13 09:39:15.475: E/CheckinRequestBuilder(3969): 	at jvj.run(:com.google.android.gms@11519070)
10-13 09:39:15.475: E/CheckinRequestBuilder(3969): 	at java.lang.Thread.run(Thread.java:841)
10-13 09:39:15.485: W/Auth(3987): [GetToken] GetToken failed with status code: INVALID_SCOPE
10-13 09:39:15.515: I/Auth(3987): [BroadcastManager] Broadcasting account services changed.
10-13 09:39:15.535: D/dalvikvm(3969): GC_CONCURRENT freed 857K, 11% free 9227K/10256K, paused 2ms+1ms, total 31ms
10-13 09:39:15.535: D/dalvikvm(3969): WAIT_FOR_CONCURRENT_GC blocked 18ms
10-13 09:39:15.545: I/WVCdm(1331): CdmEngine::OpenSession
10-13 09:39:15.545: I/WVCdm(1331): CdmEngine::QueryKeyControlInfo
10-13 09:39:15.555: I/WVCdm(1331): CdmEngine::GenerateKeyRequest
10-13 09:39:15.555: D/dalvikvm(3969): GC_FOR_ALLOC freed 385K, 14% free 9352K/10768K, paused 11ms, total 11ms
10-13 09:39:15.555: I/dalvikvm-heap(3969): Grow heap (frag case) to 10.232MB for 1045596-byte allocation
10-13 09:39:15.575: D/dalvikvm(3969): GC_FOR_ALLOC freed <1K, 13% free 10372K/11792K, paused 15ms, total 15ms
10-13 09:39:15.595: D/dalvikvm(3969): GC_FOR_ALLOC freed 2032K, 23% free 9903K/12856K, paused 10ms, total 10ms
10-13 09:39:15.605: D/dalvikvm(3969): GC_FOR_ALLOC freed 510K, 19% free 10415K/12856K, paused 14ms, total 14ms
10-13 09:39:15.605: I/dalvikvm-heap(3969): Grow heap (frag case) to 10.810MB for 562933-byte allocation
10-13 09:39:15.615: D/dalvikvm(3969): GC_FOR_ALLOC freed 1022K, 26% free 9942K/13408K, paused 11ms, total 11ms
10-13 09:39:15.645: I/Remoter(1339): Saved screenshot to '/data/screenshots/__pmv__-0090.jpg'
10-13 09:39:15.645: D/dalvikvm(3969): GC_FOR_ALLOC freed 497K, 22% free 10459K/13408K, paused 22ms, total 22ms
10-13 09:39:15.645: I/dalvikvm-heap(3969): Grow heap (frag case) to 11.314MB for 1046078-byte allocation
10-13 09:39:15.665: D/dalvikvm(3969): GC_FOR_ALLOC freed 509K, 24% free 10971K/14432K, paused 18ms, total 18ms
10-13 09:39:15.675: D/dalvikvm(4272): GC_CONCURRENT freed 380K, 13% free 3485K/3972K, paused 23ms+0ms, total 45ms
10-13 09:39:15.675: D/dalvikvm(4272): WAIT_FOR_CONCURRENT_GC blocked 18ms
10-13 09:39:15.755: D/dalvikvm(4229): GC_CONCURRENT freed 722K, 12% free 6284K/7136K, paused 2ms+1ms, total 43ms
10-13 09:39:15.815: D/WVCdm(1331): PrepareKeyRequest: nonce=3071645055
10-13 09:39:15.825: D/dalvikvm(3969): GC_CONCURRENT freed 1686K, 18% free 11940K/14432K, paused 2ms+1ms, total 26ms
10-13 09:39:15.825: D/dalvikvm(3969): WAIT_FOR_CONCURRENT_GC blocked 21ms
10-13 09:39:15.825: D/dalvikvm(3969): WAIT_FOR_CONCURRENT_GC blocked 21ms
10-13 09:39:15.825: D/dalvikvm(3969): WAIT_FOR_CONCURRENT_GC blocked 21ms
10-13 09:39:15.905: I/IcingInternalCorpora(3969): EventIndexer: starting incremental update
10-13 09:39:15.905: I/IcingInternalCorpora(3969): EventIndexer: 0 added, 0 removed, 0 changed, 0 unchanged, 0 errors.
10-13 09:39:15.905: I/IcingInternalCorpora(3969): EventIndexer: finished after 0 ms.
10-13 09:39:15.965: D/dalvikvm(3969): GC_FOR_ALLOC freed 1628K, 12% free 12940K/14676K, paused 20ms, total 20ms
10-13 09:39:16.025: D/dalvikvm(4272): GC_CONCURRENT freed 344K, 12% free 3550K/4004K, paused 0ms+0ms, total 5ms
10-13 09:39:16.055: I/WVCdm(1331): CdmEngine::CloseSession
10-13 09:39:16.095: D/dalvikvm(3969): GC_CONCURRENT freed 1460K, 10% free 14793K/16360K, paused 2ms+2ms, total 40ms
10-13 09:39:16.095: D/dalvikvm(3969): WAIT_FOR_CONCURRENT_GC blocked 32ms
10-13 09:39:16.175: D/AndroidRuntime(4548): >>>>>> AndroidRuntime START com.android.internal.os.RuntimeInit <<<<<<
10-13 09:39:16.175: W/linker(4548): libdvm.so has text relocations. This is wasting memory and is a security risk. Please fix.
10-13 09:39:16.175: D/AndroidRuntime(4548): CheckJNI is OFF
10-13 09:39:16.175: D/dalvikvm(4548): Trying to load lib libjavacore.so 0x0
10-13 09:39:16.185: D/dalvikvm(4548): Added shared lib libjavacore.so 0x0
10-13 09:39:16.185: D/dalvikvm(4548): Trying to load lib libnativehelper.so 0x0
10-13 09:39:16.185: D/dalvikvm(4548): Added shared lib libnativehelper.so 0x0
10-13 09:39:16.185: D/dalvikvm(4548): No JNI_OnLoad found in libnativehelper.so 0x0, skipping init
10-13 09:39:16.195: I/WVCdm(1331): CdmEngine::OpenSession
10-13 09:39:16.195: I/WVCdm(1331): CdmEngine::QueryKeyControlInfo
10-13 09:39:16.195: I/WVCdm(1331): CdmEngine::GenerateKeyRequest
10-13 09:39:16.245: D/dalvikvm(4272): GC_CONCURRENT freed 264K, 10% free 3738K/4112K, paused 2ms+2ms, total 15ms
10-13 09:39:16.275: D/dalvikvm(4548): Note: class Landroid/app/ActivityManagerNative; has 179 unimplemented (abstract) methods
10-13 09:39:16.315: D/WVCdm(1331): PrepareKeyRequest: nonce=877680178
10-13 09:39:16.335: D/dalvikvm(4272): GC_CONCURRENT freed 146K, 7% free 4077K/4348K, paused 30ms+0ms, total 34ms
10-13 09:39:16.355: E/memtrack(4548): Couldn't load memtrack module (No such file or directory)
10-13 09:39:16.365: E/android.os.Debug(4548): failed to load memtrack module: -2
10-13 09:39:16.405: D/AndroidRuntime(4548): Calling main entry com.android.commands.pm.Pm
10-13 09:39:16.435: I/WVCdm(1331): CdmEngine::CloseSession
10-13 09:39:16.445: D/AndroidRuntime(4548): Shutting down VM
10-13 09:39:16.455: D/dalvikvm(4548): GC_CONCURRENT freed 226K, 30% free 558K/788K, paused 0ms+0ms, total 1ms
10-13 09:39:16.475: W/Settings(4229): Setting install_non_market_apps has moved from android.provider.Settings.Secure to android.provider.Settings.Global.
10-13 09:39:16.475: D/dalvikvm(4272): GC_FOR_ALLOC freed 226K, 8% free 4298K/4664K, paused 50ms, total 50ms
10-13 09:39:16.495: D/dalvikvm(4272): GC_FOR_ALLOC freed 92K, 9% free 4394K/4792K, paused 4ms, total 4ms
10-13 09:39:16.495: I/dalvikvm-heap(4272): Grow heap (frag case) to 4.641MB for 260108-byte allocation
10-13 09:39:16.495: D/dalvikvm(4272): GC_FOR_ALLOC freed 126K, 11% free 4522K/5048K, paused 3ms, total 3ms
10-13 09:39:16.505: D/dalvikvm(4272): GC_CONCURRENT freed 298K, 12% free 4482K/5048K, paused 0ms+1ms, total 3ms
10-13 09:39:16.505: D/dalvikvm(4272): WAIT_FOR_CONCURRENT_GC blocked 2ms
10-13 09:39:16.505: I/WVCdm(1331): CdmEngine::OpenSession
10-13 09:39:16.505: I/WVCdm(1331): CdmEngine::QueryKeyControlInfo
10-13 09:39:16.505: I/WVCdm(1331): CdmEngine::GenerateKeyRequest
10-13 09:39:16.505: D/dalvikvm(4272): GC_FOR_ALLOC freed 226K, 10% free 4561K/5048K, paused 4ms, total 4ms
10-13 09:39:16.515: W/Auth(3987): [GetToken] GetToken failed with status code: INVALID_SCOPE
10-13 09:39:16.515: E/MS_NetworkUtils(3969): GoogleAuthException getting authtoken for: 4A2NI7OQOTX46RNLLDCZ5QQEKA-00@cloudtestlabaccounts.com message:
10-13 09:39:16.515: E/MS_NetworkUtils(3969): dyj: INVALID_SCOPE
10-13 09:39:16.515: E/MS_NetworkUtils(3969): 	at dyn.a(:com.google.android.gms@11519070:16)
10-13 09:39:16.515: E/MS_NetworkUtils(3969): 	at dym.a(:com.google.android.gms@11519070:2)
10-13 09:39:16.515: E/MS_NetworkUtils(3969): 	at dym.e(:com.google.android.gms@11519070:6)
10-13 09:39:16.515: E/MS_NetworkUtils(3969): 	at dym.d(:com.google.android.gms@11519070:1)
10-13 09:39:16.515: E/MS_NetworkUtils(3969): 	at dym.b(:com.google.android.gms@11519070:1)
10-13 09:39:16.515: E/MS_NetworkUtils(3969): 	at dyk.a(:com.google.android.gms@11519070:1)
10-13 09:39:16.515: E/MS_NetworkUtils(3969): 	at ahik.a(:com.google.android.gms@11519070:28)
10-13 09:39:16.515: E/MS_NetworkUtils(3969): 	at com.google.android.libraries.matchstick.net.SilentRegisterIntentOperation.a(:com.google.android.gms@11519070:214)
10-13 09:39:16.515: E/MS_NetworkUtils(3969): 	at com.google.android.libraries.matchstick.net.SilentRegisterIntentOperation.onHandleIntent(:com.google.android.gms@11519070:291)
10-13 09:39:16.515: E/MS_NetworkUtils(3969): 	at com.google.android.chimera.IntentOperation.onHandleIntent(:com.google.android.gms@11519070:2)
10-13 09:39:16.515: E/MS_NetworkUtils(3969): 	at bvr.run(:com.google.android.gms@11519070:10)
10-13 09:39:16.515: E/MS_NetworkUtils(3969): 	at bvo.run(:com.google.android.gms@11519070:14)
10-13 09:39:16.515: E/MS_NetworkUtils(3969): 	at java.util.concurrent.ThreadPoolExecutor.runWorker(ThreadPoolExecutor.java:1112)
10-13 09:39:16.515: E/MS_NetworkUtils(3969): 	at java.util.concurrent.ThreadPoolExecutor$Worker.run(ThreadPoolExecutor.java:587)
10-13 09:39:16.515: E/MS_NetworkUtils(3969): 	at java.lang.Thread.run(Thread.java:841)
10-13 09:39:16.525: D/dalvikvm(4272): GC_CONCURRENT freed 250K, 9% free 4732K/5176K, paused 1ms+0ms, total 9ms
10-13 09:39:16.545: W/GLSUser(3987): [DeviceKeyStore] Cannot load key: Device key file not found.
10-13 09:39:16.545: W/GLSUser(3987): [DeviceKeyStore] Cannot load key: Device key file not found.
10-13 09:39:16.555: D/dalvikvm(4007): DexOpt: couldn't find field Landroid/os/Message;.sendingUid
10-13 09:39:16.555: W/dalvikvm(4007): VFY: unable to resolve instance field 7039
10-13 09:39:16.555: D/dalvikvm(4007): VFY: replacing opcode 0x52 at 0x0002
10-13 09:39:16.555: I/GoogleURLConnFactory(4007): Using platform SSLCertificateSocketFactory
10-13 09:39:16.565: D/WVCdm(1331): PrepareKeyRequest: nonce=4043599135
10-13 09:39:16.565: I/dalvikvm(4007): Could not find method android.os.UserHandle.isOwner, referenced from method com.google.android.gms.phenotype.config.PhenotypeBroadcastIntentOperation.a
10-13 09:39:16.565: W/dalvikvm(4007): VFY: unable to resolve virtual method 12851: Landroid/os/UserHandle;.isOwner ()Z
10-13 09:39:16.565: D/dalvikvm(4007): VFY: replacing opcode 0x6e at 0x000a
10-13 09:39:16.585: D/dalvikvm(3987): GC_CONCURRENT freed 736K, 15% free 5618K/6580K, paused 2ms+1ms, total 10ms
10-13 09:39:16.595: I/System.out(3969): Error inflating SSL session: error:100000a0:SSL routines:OPENSSL_internal:INVALID_SSL_SESSION
10-13 09:39:16.595: W/Conscrypt(3969): Could not set socket write timeout:
10-13 09:39:16.595: W/Conscrypt(3969):    java.lang.reflect.Method.invokeNative(Native Method)
10-13 09:39:16.595: W/Conscrypt(3969):    java.lang.reflect.Method.invoke(Method.java:515)
10-13 09:39:16.615: I/WVCdm(1331): CdmEngine::CloseSession
10-13 09:39:16.635: W/Conscrypt(3969): Could not set socket write timeout:
10-13 09:39:16.635: W/Conscrypt(3969):    java.lang.reflect.Method.invokeNative(Native Method)
10-13 09:39:16.635: W/Conscrypt(3969):    java.lang.reflect.Method.invoke(Method.java:515)
10-13 09:39:16.635: D/dalvikvm(4007): GC_CONCURRENT freed 719K, 11% free 6706K/7532K, paused 2ms+1ms, total 19ms
10-13 09:39:16.635: D/dalvikvm(4007): WAIT_FOR_CONCURRENT_GC blocked 10ms
10-13 09:39:16.635: D/dalvikvm(4007): WAIT_FOR_CONCURRENT_GC blocked 9ms
10-13 09:39:16.635: D/dalvikvm(4007): WAIT_FOR_CONCURRENT_GC blocked 10ms
10-13 09:39:16.655: D/dalvikvm(4272): GC_CONCURRENT freed 160K, 6% free 5121K/5392K, paused 16ms+0ms, total 21ms
10-13 09:39:16.745: E/MS_RegisterService(3969): Exception during register request.
10-13 09:39:16.745: E/MS_RegisterService(3969): awbu: INVALID_ARGUMENT: Application credential header not valid. Please fix the client to pass a valid application credential header.
10-13 09:39:16.745: E/MS_RegisterService(3969): 	at awbq.c(:com.google.android.gms@11519070:3)
10-13 09:39:16.745: E/MS_RegisterService(3969): 	at jkh.a(:com.google.android.gms@11519070:63)
10-13 09:39:16.745: E/MS_RegisterService(3969): 	at com.google.android.libraries.matchstick.net.SilentRegisterIntentOperation.a(:com.google.android.gms@11519070:226)
10-13 09:39:16.745: E/MS_RegisterService(3969): 	at com.google.android.libraries.matchstick.net.SilentRegisterIntentOperation.onHandleIntent(:com.google.android.gms@11519070:291)
10-13 09:39:16.745: E/MS_RegisterService(3969): 	at com.google.android.chimera.IntentOperation.onHandleIntent(:com.google.android.gms@11519070:2)
10-13 09:39:16.745: E/MS_RegisterService(3969): 	at bvr.run(:com.google.android.gms@11519070:10)
10-13 09:39:16.745: E/MS_RegisterService(3969): 	at bvo.run(:com.google.android.gms@11519070:14)
10-13 09:39:16.745: E/MS_RegisterService(3969): 	at java.util.concurrent.ThreadPoolExecutor.runWorker(ThreadPoolExecutor.java:1112)
10-13 09:39:16.745: E/MS_RegisterService(3969): 	at java.util.concurrent.ThreadPoolExecutor$Worker.run(ThreadPoolExecutor.java:587)
10-13 09:39:16.745: E/MS_RegisterService(3969): 	at java.lang.Thread.run(Thread.java:841)
10-13 09:39:16.755: I/Remoter(1339): Saved screenshot to '/data/screenshots/__pmv__-0091.jpg'
10-13 09:39:16.765: I/CheckinUtil(3969): Classify the device as Phone.
10-13 09:39:16.785: D/dalvikvm(4007): GC_CONCURRENT freed 1464K, 20% free 6476K/8048K, paused 1ms+2ms, total 22ms
10-13 09:39:16.785: D/dalvikvm(4007): WAIT_FOR_CONCURRENT_GC blocked 8ms
10-13 09:39:16.785: D/dalvikvm(4007): WAIT_FOR_CONCURRENT_GC blocked 18ms
10-13 09:39:16.805: I/Auth(3987): [ReflectiveChannelBinder] Successfully bound channel!
10-13 09:39:16.815: W/Conscrypt(3987): Could not set socket write timeout:
10-13 09:39:16.815: W/Conscrypt(3987):    java.lang.reflect.Method.invokeNative(Native Method)
10-13 09:39:16.815: W/Conscrypt(3987):    java.lang.reflect.Method.invoke(Method.java:515)
10-13 09:39:16.815: W/Conscrypt(3987): Could not set socket write timeout:
10-13 09:39:16.815: W/Conscrypt(3987):    java.lang.reflect.Method.invokeNative(Native Method)
10-13 09:39:16.815: W/Conscrypt(3987):    java.lang.reflect.Method.invoke(Method.java:515)
10-13 09:39:16.815: W/System(3969): Ignoring header Cookie because its value was null.
10-13 09:39:16.815: I/ProcessCheckinRequest(3969): set cookie as: null
10-13 09:39:16.825: W/Conscrypt(3969): Could not set socket write timeout:
10-13 09:39:16.825: W/Conscrypt(3969):    java.lang.reflect.Method.invokeNative(Native Method)
10-13 09:39:16.825: W/Conscrypt(3969):    java.lang.reflect.Method.invoke(Method.java:515)
10-13 09:39:16.825: D/dalvikvm(4272): GC_FOR_ALLOC freed 476K, 10% free 5353K/5936K, paused 6ms, total 6ms
10-13 09:39:16.825: W/Conscrypt(3969): Could not set socket write timeout:
10-13 09:39:16.825: W/Conscrypt(3969):    java.lang.reflect.Method.invokeNative(Native Method)
10-13 09:39:16.825: W/Conscrypt(3969):    java.lang.reflect.Method.invoke(Method.java:515)
10-13 09:39:16.835: D/dalvikvm(4272): GC_CONCURRENT freed 9K, 10% free 5371K/5936K, paused 1ms+1ms, total 8ms
10-13 09:39:16.855: I/ProcessCheckinRequest(3969): REQUEST: b: "12345678902468"
10-13 09:39:16.855: I/ProcessCheckinRequest(3969): g: 3661257140027891324
10-13 09:39:16.855: I/ProcessCheckinRequest(3969): h: -4874556802792982532
10-13 09:39:16.855: I/ProcessCheckinRequest(3969): i: "1-c71483ea8bc8cc6c4f2c34e2ca67bd9afc92f694"
10-13 09:39:16.855: I/ProcessCheckinRequest(3969): j: "es"
10-13 09:39:16.855: I/ProcessCheckinRequest(3969): k <
10-13 09:39:16.855: I/ProcessCheckinRequest(3969):   a <
10-13 09:39:16.855: I/ProcessCheckinRequest(3969):     a: "generic/gce_x86_phone/gce_x86:4.4.4/KTU84P.KXG52/3751183:userdebug/test-keys"
10-13 09:39:16.855: I/ProcessCheckinRequest(3969):     b: "AVD_R1.0.0"
10-13 09:39:16.855: I/ProcessCheckinRequest(3969):     c: "unknown"
10-13 09:39:16.855: I/ProcessCheckinRequest(3969):     d: "gce_x86"
10-13 09:39:16.855: I/ProcessCheckinRequest(3969):     e: "generic"
10-13 09:39:16.855: I/ProcessCheckinRequest(3969):     f: "unknown"
10-13 09:39:16.855: I/ProcessCheckinRequest(3969):     g: 1487676095
10-13 09:39:16.855: I/ProcessCheckinRequest(3969):     h: 11519070
10-13 09:39:16.855: I/ProcessCheckinRequest(3969):     i: 19
10-13 09:39:16.855: I/ProcessCheckinRequest(3969):     j: "gce_x86"
10-13 09:39:16.855: I/ProcessCheckinRequest(3969):     k: "GCE x86 phone"
10-13 09:39:16.855: I/ProcessCheckinRequest(3969):     l: "unknown"
10-13 09:39:16.855: I/ProcessCheckinRequest(3969):     m: "gce_x86_phone"
10-13 09:39:16.855: I/ProcessCheckinRequest(3969):     n: false
10-13 09:39:16.855: I/ProcessCheckinRequest(3969):     o <
10-13 09:39:16.855: I/ProcessCheckinRequest(3969):       a: 2
10-13 09:39:16.855: I/ProcessCheckinRequest(3969):       b: "ms-unknown"
10-13 09:39:16.855: I/ProcessCheckinRequest(3969):     >
10-13 09:39:16.855: I/ProcessCheckinRequest(3969):     o <
10-13 09:39:16.855: I/ProcessCheckinRequest(3969):       a: 4
10-13 09:39:16.855: I/ProcessCheckinRequest(3969):       b: "gmm-unknown"
10-13 09:39:16.855: I/ProcessCheckinRequest(3969):     >
10-13 09:39:16.855: I/ProcessCheckinRequest(3969):     o <
10-13 09:39:16.855: I/ProcessCheckinRequest(3969):       a: 6
10-13 09:39:16.855: I/ProcessCheckinRequest(3969):       b: "am-unknown"
10-13 09:39:16.855: I/ProcessCheckinRequest(3969):     >
10-13 09:39:16.855: I/ProcessCheckinRequest(3969):     o <
10-13 09:39:16.855: I/ProcessCheckinRequest(3969):       a: 1
10-13 09:39:16.855: I/ProcessCheckinRequest(3969):       b: "unknown"
10-13 09:39:16.855: I/ProcessCheckinRequest(3969):     >
10-13 09:39:16.855: I/ProcessCheckinRequest(3969):     o <
10-13 09:39:16.855: I/ProcessCheckinRequest(3969):       a: 9
10-13 09:39:16.855: I/ProcessCheckinRequest(3969):       b: "ms-unknown"
10-13 09:39:16.855: I/ProcessCheckinRequest(3969):     >
10-13 09:39:16.855: I/ProcessCheckinRequest(3969):     o <
10-13 09:39:16.855: I/ProcessCheckinRequest(3969):       a: 5
10-13 09:39:16.855: I/ProcessCheckinRequest(3969):       b: "mvapp-unknown"
10-13 09:39:16.855: I/ProcessCheckinRequest(3969):     >
10-13 09:39:16.855: I/ProcessCheckinRequest(3969):   >
10-13 09:39:16.855: I/ProcessCheckinRequest(3969):   b: 1507901077919
10-13 09:39:16.855: I/ProcessCheckinRequest(3969):   e: "310260"
10-13 09:39:16.855: I/ProcessCheckinRequest(3969):   f: "310260"
10-13 09:39:16.855: I/ProcessCheckinRequest(3969):   g: "mobile:UMTS:"
10-13 09:39:16.855: I/ProcessCheckinRequest(3969):   i: 0
10-13 09:39:16.855: I/ProcessCheckinRequest(3969):   j: 2
10-13 09:39:16.855: I/ProcessCheckinRequest(3969):   k <
10-13 09:39:16.855: I/ProcessCheckinRequest(3969):     a: 4
10-13 09:39:16.855: I/ProcessCheckinRequest(3969):     b: 1
10-13 09:39:16.855: I/ProcessCheckinRequest(3969):     c: "unspecified"
10-13 09:39:16.855: I/ProcessCheckinRequest(3969):     d: ""
10-13 09:39:16.855: I/ProcessCheckinRequest(3969):     e: false
10-13 09:39:16.855: I/ProcessCheckinRequest(3969):   >
10-13 09:39:16.855: I/ProcessCheckinRequest(3969):   l <
10-13 09:39:16.855: I/ProcessCheckinRequest(3969):     a: "310260"
10-13 09:39:16.855: I/ProcessCheckinRequest(3969):     b: "Android"
10-13 09:39:16.855: I/ProcessCheckinRequest(3969):     c: "0"
10-13 09:39:16.855: I/ProcessCheckinRequest(3969):     d: 0
10-13 09:39:16.855: I/ProcessCheckinRequest(3969):     d: 1
10-13 09:39:16.855: I/ProcessCheckinRequest(3969):     d: 2
10-13 09:39:16.855: I/ProcessCheckinRequest(3969):     e: "310260123400000"
10-13 09:39:16.855: I/ProcessCheckinRequest(3969):     g: "\244\240"
10-13 09:39:16.855: I/ProcessCheckinRequest(3969):   >
10-13 09:39:16.855: I/ProcessCheckinRequest(3969): >
10-13 09:39:16.855: I/ProcessCheckinRequest(3969): l: "[4A2NI7OQOTX46RNLLDCZ5QQEKA-00@cloudtestlabaccounts.com]"
10-13 09:39:16.855: I/ProcessCheckinRequest(3969): m: "America/New_York"
10-13 09:39:16.855: I/ProcessCheckinRequest(3969): n: 7099841250262253686
10-13 09:39:16.855: I/ProcessCheckinRequest(3969): o: 3
10-13 09:39:16.855: I/ProcessCheckinRequest(3969): p: "71Q6Rn2DDZl1zPDVaaeEHItd+Yg="
10-13 09:39:16.855: I/ProcessCheckinRequest(3969): q <
10-13 09:39:16.855: I/ProcessCheckinRequest(3969):   a: 3
10-13 09:39:16.855: I/ProcessCheckinRequest(3969):   b: 2
10-13 09:39:16.855: I/ProcessCheckinRequest(3969):   c: 1
10-13 09:39:16.855: I/ProcessCheckinRequest(3969):   d: 2
10-13 09:39:16.855: I/ProcessCheckinRequest(3969):   e: true
10-13 09:39:16.855: I/ProcessCheckinRequest(3969):   f: false
10-13 09:39:16.855: I/ProcessCheckinRequest(3969):   g: 320
10-13 09:39:16.855: I/ProcessCheckinRequest(3969):   h: 768
10-13 09:39:16.855: I/ProcessCheckinRequest(3969):   i: 1184
10-13 09:39:16.855: I/ProcessCheckinRequest(3969):   j: 131072
10-13 09:39:16.855: I/ProcessCheckinRequest(3969):   k: "android.test.runner"
10-13 09:39:16.855: I/ProcessCheckinRequest(3969):   k: "com.android.future.usb.accessory"
10-13 09:39:16.855: I/ProcessCheckinRequest(3969):   k: "com.android.location.provider"
10-13 09:39:16.855: I/ProcessCheckinRequest(3969):   k: "com.android.media.remotedisplay"
10-13 09:39:16.855: I/ProcessCheckinRequest(3969):   k: "com.google.android.camera2"
10-13 09:39:16.855: I/ProcessCheckinRequest(3969):   k: "com.google.android.gms"
10-13 09:39:16.855: I/ProcessCheckinRequest(3969):   k: "com.google.android.maps"
