10-13 09:39:12.205: W/dalvikvm(4229): VFY: unable to resolve instanceof 1717 (Lcom/google/android/gms/org/conscrypt/OpenSSLExtendedSessionImpl;) in Lcom/google/android/gms/org/conscrypt/Platform;
10-13 09:39:12.205: D/dalvikvm(4229): VFY: replacing opcode 0x20 at 0x0007
10-13 09:39:12.205: W/dalvikvm(4229): Unable to resolve superclass of Lcom/google/android/gms/org/conscrypt/OpenSSLExtendedSessionImpl; (3046)
10-13 09:39:12.205: W/dalvikvm(4229): Link of class 'Lcom/google/android/gms/org/conscrypt/OpenSSLExtendedSessionImpl;' failed
10-13 09:39:12.205: E/dalvikvm(4229): Could not find class 'com.google.android.gms.org.conscrypt.OpenSSLExtendedSessionImpl', referenced from method com.google.android.gms.org.conscrypt.Platform.wrapSSLSession
10-13 09:39:12.205: W/dalvikvm(4229): VFY: unable to resolve new-instance 1717 (Lcom/google/android/gms/org/conscrypt/OpenSSLExtendedSessionImpl;) in Lcom/google/android/gms/org/conscrypt/Platform;
10-13 09:39:12.205: D/dalvikvm(4229): VFY: replacing opcode 0x22 at 0x0007
10-13 09:39:12.205: D/dalvikvm(4229): DexOpt: unable to opt direct call 0x3b63 at 0x2a in Lcom/google/android/gms/org/conscrypt/Platform;.setParametersSniHostname
10-13 09:39:12.205: D/dalvikvm(4229): DexOpt: unable to opt direct call 0x3b63 at 0x2a in Lcom/google/android/gms/org/conscrypt/Platform;.setParametersSniHostname
10-13 09:39:12.205: W/dalvikvm(4229): Unable to resolve superclass of Lcom/google/android/gms/org/conscrypt/OpenSSLExtendedSessionImpl; (3046)
10-13 09:39:12.205: W/dalvikvm(4229): Link of class 'Lcom/google/android/gms/org/conscrypt/OpenSSLExtendedSessionImpl;' failed
10-13 09:39:12.205: D/dalvikvm(4229): DexOpt: unable to opt direct call 0x2490 at 0x09 in Lcom/google/android/gms/org/conscrypt/Platform;.wrapSSLSession
10-13 09:39:12.205: D/dalvikvm(4229): GC_CONCURRENT freed 321K, 12% free 3180K/3612K, paused 1ms+0ms, total 3ms
10-13 09:39:12.215: D/dalvikvm(4229): Trying to load lib /data/app-lib/com.google.android.gms-1/libgmscore.so 0x94fca3f0
10-13 09:39:12.215: D/dalvikvm(4229): Shared lib '/data/app-lib/com.google.android.gms-1/libgmscore.so' already loaded in same CL 0x94fca3f0
10-13 09:39:12.215: D/dalvikvm(4229): Trying to load lib /data/app-lib/com.google.android.gms-1/libconscrypt_gmscore_jni.so 0x94fca3f0
10-13 09:39:12.215: D/dalvikvm(4229): Shared lib '/data/app-lib/com.google.android.gms-1/libconscrypt_gmscore_jni.so' already loaded in same CL 0x94fca3f0
10-13 09:39:12.225: D/dalvikvm(4229): GC_CONCURRENT freed 284K, 11% free 3407K/3800K, paused 1ms+1ms, total 4ms
10-13 09:39:12.225: D/dalvikvm(4229): WAIT_FOR_CONCURRENT_GC blocked 1ms
10-13 09:39:12.225: I/ProviderInstaller(4229): Installed default security provider GmsCore_OpenSSL
10-13 09:39:12.245: D/dalvikvm(4229): GC_CONCURRENT freed 98K, 6% free 3794K/4000K, paused 1ms+0ms, total 5ms
10-13 09:39:12.255: D/dalvikvm(4229): GC_CONCURRENT freed 124K, 6% free 4172K/4412K, paused 1ms+0ms, total 4ms
10-13 09:39:12.265: I/dalvikvm(4229): Could not find method android.content.ContextWrapper.createCredentialProtectedStorageContext, referenced from method ivg.createCredentialProtectedStorageContext
10-13 09:39:12.265: W/dalvikvm(4229): VFY: unable to resolve virtual method 738: Landroid/content/ContextWrapper;.createCredentialProtectedStorageContext ()Landroid/content/Context;
10-13 09:39:12.265: D/dalvikvm(4229): VFY: replacing opcode 0x6f at 0x0002
10-13 09:39:12.265: I/dalvikvm(4229): Could not find method android.content.ContextWrapper.createDeviceProtectedStorageContext, referenced from method ivg.createDeviceProtectedStorageContext
10-13 09:39:12.265: W/dalvikvm(4229): VFY: unable to resolve virtual method 739: Landroid/content/ContextWrapper;.createDeviceProtectedStorageContext ()Landroid/content/Context;
10-13 09:39:12.265: D/dalvikvm(4229): VFY: replacing opcode 0x6f at 0x0002
10-13 09:39:12.265: D/dalvikvm(4229): GC_CONCURRENT freed 214K, 8% free 4346K/4676K, paused 1ms+1ms, total 5ms
10-13 09:39:12.275: I/dalvikvm(4229): Could not find method android.content.pm.PackageManager.getPackageInstaller, referenced from method ims.a
10-13 09:39:12.275: W/dalvikvm(4229): VFY: unable to resolve virtual method 829: Landroid/content/pm/PackageManager;.getPackageInstaller ()Landroid/content/pm/PackageInstaller;
10-13 09:39:12.275: D/dalvikvm(4229): VFY: replacing opcode 0x6e at 0x001c
10-13 09:39:12.285: I/dalvikvm(4229): Could not find method android.content.Context.checkSelfPermission, referenced from method jjg.a
10-13 09:39:12.285: W/dalvikvm(4229): VFY: unable to resolve virtual method 687: Landroid/content/Context;.checkSelfPermission (Ljava/lang/String;)I
10-13 09:39:12.285: D/dalvikvm(4229): VFY: replacing opcode 0x6e at 0x0034
10-13 09:39:12.285: I/dalvikvm(4229): Failed resolving Ljjh; interface 915 'Landroid/content/pm/PackageManager$OnPermissionsChangedListener;'
10-13 09:39:12.285: W/dalvikvm(4229): Link of class 'Ljjh;' failed
10-13 09:39:12.285: E/dalvikvm(4229): Could not find class 'jjh', referenced from method jjg.a
10-13 09:39:12.285: W/dalvikvm(4229): VFY: unable to resolve new-instance 3204 (Ljjh;) in Ljjg;
10-13 09:39:12.285: D/dalvikvm(4229): VFY: replacing opcode 0x22 at 0x0000
10-13 09:39:12.285: I/dalvikvm(4229): Failed resolving Ljjh; interface 915 'Landroid/content/pm/PackageManager$OnPermissionsChangedListener;'
10-13 09:39:12.285: W/dalvikvm(4229): Link of class 'Ljjh;' failed
10-13 09:39:12.285: D/dalvikvm(4229): DexOpt: unable to opt direct call 0x3dc8 at 0x02 in Ljjg;.a
10-13 09:39:12.285: D/dalvikvm(4229): GC_CONCURRENT freed 225K, 7% free 4593K/4932K, paused 1ms+0ms, total 5ms
10-13 09:39:12.295: D/dalvikvm(4229): GC_CONCURRENT freed 136K, 6% free 4862K/5120K, paused 2ms+0ms, total 5ms
10-13 09:39:12.305: D/WVCdm(1331): Instantiating CDM.
10-13 09:39:12.305: I/WVCdm(1331): Level3 Library Nov 20 2013 18:13:01
10-13 09:39:12.305: W/WVCdm(1331): Could not load liboemcrypto.so. Falling Back to L3.  dlopen failed: library "liboemcrypto.so" not found
10-13 09:39:12.305: I/WVCdm(1331): CdmEngine::OpenSession
10-13 09:39:12.305: I/WVCdm(1331): CdmEngine::QueryKeyControlInfo
10-13 09:39:12.305: I/WVCdm(1331): CdmEngine::GenerateKeyRequest
10-13 09:39:12.335: D/dalvikvm(4229): GC_CONCURRENT freed 236K, 7% free 5239K/5588K, paused 1ms+0ms, total 12ms
10-13 09:39:12.335: D/dalvikvm(4229): WAIT_FOR_CONCURRENT_GC blocked 7ms
10-13 09:39:12.335: I/dalvikvm(4229): Could not find method android.net.Network.openConnection, referenced from method mma.a
10-13 09:39:12.335: W/dalvikvm(4229): VFY: unable to resolve virtual method 4316: Landroid/net/Network;.openConnection (Ljava/net/URL;)Ljava/net/URLConnection;
10-13 09:39:12.335: D/dalvikvm(4229): VFY: replacing opcode 0x6e at 0x000a
10-13 09:39:12.345: I/dalvikvm(4229): Could not find method android.os.PowerManager.isInteractive, referenced from method jsi.a
10-13 09:39:12.345: W/dalvikvm(4229): VFY: unable to resolve virtual method 4659: Landroid/os/PowerManager;.isInteractive ()Z
10-13 09:39:12.345: D/dalvikvm(4229): VFY: replacing opcode 0x6e at 0x0006
10-13 09:39:12.375: D/WVCdm(1331): PrepareKeyRequest: nonce=1841553346
10-13 09:39:12.405: D/dalvikvm(4229): GC_CONCURRENT freed 357K, 8% free 5535K/6008K, paused 2ms+19ms, total 28ms
10-13 09:39:12.445: I/Remoter(1339): Saved screenshot to '/data/screenshots/__pmv__-0087.jpg'
10-13 09:39:12.455: I/WVCdm(1331): CdmEngine::CloseSession
10-13 09:39:12.475: I/DynamiteModule(4229): Considering local module com.google.android.gms.googlecertificates:4 and remote module com.google.android.gms.googlecertificates:4
10-13 09:39:12.475: I/DynamiteModule(4229): Selected local version of com.google.android.gms.googlecertificates
10-13 09:39:12.485: D/dalvikvm(4229): GC_CONCURRENT freed 620K, 12% free 5646K/6380K, paused 1ms+1ms, total 7ms
10-13 09:39:12.515: D/dalvikvm(4229): GC_CONCURRENT freed 1794K, 29% free 4720K/6636K, paused 0ms+0ms, total 6ms
10-13 09:39:12.515: D/dalvikvm(4229): WAIT_FOR_CONCURRENT_GC blocked 3ms
10-13 09:39:12.525: D/dalvikvm(4229): GC_CONCURRENT freed 188K, 24% free 5104K/6636K, paused 0ms+1ms, total 5ms
10-13 09:39:12.525: D/dalvikvm(4229): WAIT_FOR_CONCURRENT_GC blocked 2ms
10-13 09:39:12.545: D/dalvikvm(4229): GC_CONCURRENT freed 202K, 16% free 5602K/6636K, paused 0ms+1ms, total 5ms
10-13 09:39:12.545: D/dalvikvm(4229): WAIT_FOR_CONCURRENT_GC blocked 2ms
10-13 09:39:12.555: D/dalvikvm(4229): GC_FOR_ALLOC freed 213K, 11% free 5915K/6636K, paused 5ms, total 5ms
10-13 09:39:12.555: D/dalvikvm(4229): Trying to load lib /data/data/com.google.android.gms/app_dg_cache/EBACE9B853C87242161C0AACF4176F1D60BCCE96/libd92CA18F1B869.so 0x9528cdc0
10-13 09:39:12.585: D/dalvikvm(4229): Added shared lib /data/data/com.google.android.gms/app_dg_cache/EBACE9B853C87242161C0AACF4176F1D60BCCE96/libd92CA18F1B869.so 0x9528cdc0
10-13 09:39:12.585: D/dalvikvm(4229): No JNI_OnLoad found in /data/data/com.google.android.gms/app_dg_cache/EBACE9B853C87242161C0AACF4176F1D60BCCE96/libd92CA18F1B869.so 0x9528cdc0, skipping init
10-13 09:39:12.735: D/dalvikvm(4229): DexOpt: --- BEGIN 'f.apk' (bootstrap=0) ---
10-13 09:39:12.735: W/linker(4253): libdvm.so has text relocations. This is wasting memory and is a security risk. Please fix.
10-13 09:39:12.745: D/dalvikvm(4253): DexOpt: load 0ms, verify+opt 1ms, 123436 bytes
10-13 09:39:12.745: D/dalvikvm(4229): DexOpt: --- END 'f.apk' (success) ---
10-13 09:39:12.745: D/dalvikvm(4229): DEX prep '/data/data/com.google.android.gms/app_fb/f.apk': unzip in 0ms, rewrite 12ms
10-13 09:39:13.095: W/Settings(4229): Setting install_non_market_apps has moved from android.provider.Settings.Secure to android.provider.Settings.Global.
10-13 09:39:13.145: W/Conscrypt(3987): Could not set socket write timeout:
10-13 09:39:13.145: W/Conscrypt(3987):    java.lang.reflect.Method.invokeNative(Native Method)
10-13 09:39:13.145: W/Conscrypt(3987):    java.lang.reflect.Method.invoke(Method.java:515)
10-13 09:39:13.145: W/Conscrypt(3987): Could not set socket write timeout:
10-13 09:39:13.145: W/Conscrypt(3987):    java.lang.reflect.Method.invokeNative(Native Method)
10-13 09:39:13.145: W/Conscrypt(3987):    java.lang.reflect.Method.invoke(Method.java:515)
10-13 09:39:13.155: D/dalvikvm(3987): GC_CONCURRENT freed 500K, 12% free 5296K/5980K, paused 1ms+1ms, total 6ms
10-13 09:39:13.215: D/dalvikvm(3987): DexOpt: couldn't find field Landroid/os/Message;.sendingUid
10-13 09:39:13.215: W/dalvikvm(3987): VFY: unable to resolve instance field 7039
10-13 09:39:13.215: D/dalvikvm(3987): VFY: replacing opcode 0x52 at 0x0002
10-13 09:39:13.225: I/WVCdm(1331): CdmEngine::OpenSession
10-13 09:39:13.225: I/WVCdm(1331): CdmEngine::QueryKeyControlInfo
10-13 09:39:13.225: D/BluetoothAdapter(4007): stopLeScan()
10-13 09:39:13.225: I/WVCdm(1331): CdmEngine::GenerateKeyRequest
10-13 09:39:13.225: D/BtGatt.GattService(2363): stopScan() - queue=1
10-13 09:39:13.225: D/BtGatt.GattService(2363): stopScan() - queue empty; stopping scan
10-13 09:39:13.225: D/BtGatt.btif(2363): btif_gattc_scan
10-13 09:39:13.225: D/BtGatt.btif(2363): btgattc_handle_event: Event 1003
10-13 09:39:13.225: D/BtGatt.GattService(2363): unregisterClient() - clientIf=5
10-13 09:39:13.225: D/BtGatt.btif(2363): btif_gattc_unregister_app
10-13 09:39:13.225: D/BtGatt.btif(2363): btgattc_handle_event: Event 1001
10-13 09:39:13.225: D/BtGatt.btif(2363): btif_gattc_upstreams_evt: Event 1
10-13 09:39:13.255: D/WVCdm(1331): PrepareKeyRequest: nonce=2733474324
10-13 09:39:13.275: D/dalvikvm(4229): GC_CONCURRENT freed 761K, 13% free 6099K/6984K, paused 1ms+4ms, total 11ms
10-13 09:39:13.275: I/WVCdm(1331): CdmEngine::CloseSession
10-13 09:39:13.285: I/AccountManagerService(1705): the accounts changed, sending broadcast of android.accounts.LOGIN_ACCOUNTS_CHANGED
10-13 09:39:13.285: I/AccountManagerService(1705): the accounts changed, sending broadcast of android.accounts.LOGIN_ACCOUNTS_CHANGED
10-13 09:39:13.295: I/ContactsProvider(2743): Accounts changed
10-13 09:39:13.295: I/Auth(3987): [BroadcastManager] Broadcasting account services changed.
10-13 09:39:13.325: D/dalvikvm(1705): GC_CONCURRENT freed 1722K, 20% free 9055K/11252K, paused 1ms+2ms, total 22ms
10-13 09:39:13.325: D/dalvikvm(1705): WAIT_FOR_CONCURRENT_GC blocked 16ms
10-13 09:39:13.325: D/dalvikvm(1705): WAIT_FOR_CONCURRENT_GC blocked 13ms
10-13 09:39:13.325: D/dalvikvm(1705): WAIT_FOR_CONCURRENT_GC blocked 9ms
10-13 09:39:13.325: I/ActivityManager(1705): Start proc com.android.vending for broadcast com.android.vending/com.google.android.finsky.receivers.AccountsChangedReceiver: pid=4272 uid=10016 gids={50016, 3003, 1028, 1015}
10-13 09:39:13.335: I/AuthService(4206): [AddAccountOperation] Succeeded.
10-13 09:39:13.335: D/dalvikvm(1705): WAIT_FOR_CONCURRENT_GC blocked 13ms
10-13 09:39:13.345: I/RlzPingService(3565): Setting next ping for 1507988353348
10-13 09:39:13.355: I/ContactsProvider(2743): Accounts changed
10-13 09:39:13.355: I/Icing(3969): updateResources: need to parse qzc{com.google.android.gms}
10-13 09:39:13.365: D/dalvikvm(2180): GC_CONCURRENT freed 356K, 14% free 3084K/3548K, paused 0ms+8ms, total 11ms
10-13 09:39:13.385: I/Icing(3969): IndexChimeraService.getServiceInterface callingPackage=com.google.android.gm componentName=null serviceId=21
10-13 09:39:13.395: D/dalvikvm(1705): GC_FOR_ALLOC freed 1221K, 20% free 9021K/11252K, paused 19ms, total 19ms
10-13 09:39:13.395: D/BluetoothAdapter(4007): startLeScan(): null
10-13 09:39:13.405: D/BtGatt.GattService(2363): registerClient() - UUID=ddb1878f-9c2b-462e-8797-319afa03a42e
10-13 09:39:13.405: D/BtGatt.btif(2363): btif_gattc_register_app
10-13 09:39:13.405: D/BtGatt.btif(2363): btgattc_handle_event: Event 1000
10-13 09:39:13.405: D/BtGatt.btif(2363): btif_gattc_upstreams_evt: Event 0
10-13 09:39:13.405: D/BtGatt.GattService(2363): onClientRegistered() - UUID=ddb1878f-9c2b-462e-8797-319afa03a42e, clientIf=5
10-13 09:39:13.405: D/BluetoothAdapter(4007): onClientRegistered() - status=0 clientIf=5
10-13 09:39:13.405: D/BtGatt.GattService(2363): startScan() - queue=0
10-13 09:39:13.405: D/BtGatt.GattService(2363): startScan() - adding client=5
10-13 09:39:13.405: D/BtGatt.btif(2363): btif_gattc_scan
10-13 09:39:13.405: D/BtGatt.btif(2363): btgattc_handle_event: Event 1002
10-13 09:39:13.405: E/GCoreUlr(4007): Create new device tag of 772499894 without device reboot
10-13 09:39:13.435: I/AuthService(4206): [AccountService] Execution time for add account with authorization code, options: Bundle[{}] is 1352 ms.
10-13 09:39:13.435: D/LoginUtil(4190): Instrumentation completed successfully
10-13 09:39:13.435: D/AndroidRuntime(4180): Shutting down VM
10-13 09:39:13.435: D/dalvikvm(4180): GC_CONCURRENT freed 95K, 15% free 558K/656K, paused 0ms+0ms, total 1ms
10-13 09:39:13.465: D/dalvikvm(3969): GC_CONCURRENT freed 650K, 26% free 4967K/6636K, paused 1ms+41ms, total 59ms
10-13 09:39:13.485: D/dalvikvm(2743): GC_FOR_ALLOC freed 359K, 12% free 3578K/4044K, paused 3ms, total 3ms
10-13 09:39:13.505: I/Remoter(1339): Saved screenshot to '/data/screenshots/__pmv__-0088.jpg'
10-13 09:39:13.515: D/dalvikvm(2743): GC_CONCURRENT freed 217K, 17% free 3392K/4044K, paused 0ms+1ms, total 3ms
10-13 09:39:13.535: I/Icing(3969): updateResources: need to parse qzc{com.google.android.gms}
10-13 09:39:13.545: D/dalvikvm(3969): GC_CONCURRENT freed 547K, 26% free 4947K/6636K, paused 2ms+1ms, total 7ms
10-13 09:39:13.665: I/ActivityManager(1705): Force stopping com.google.android.apps.mtaas.loginutil appid=10067 user=0: finished inst
10-13 09:39:13.665: I/ActivityManager(1705): Killing 4190:com.google.android.apps.mtaas.loginutil/u0a67 (adj 0): stop com.google.android.apps.mtaas.loginutil
10-13 09:39:13.705: D/dalvikvm(1705): GC_CONCURRENT freed 1477K, 21% free 9000K/11252K, paused 2ms+1ms, total 18ms
10-13 09:39:13.705: D/dalvikvm(1705): WAIT_FOR_CONCURRENT_GC blocked 4ms
10-13 09:39:13.705: D/Finsky(4272): [1] FinskyApp.onCreate: Initializing network with DFE https://android.clients.google.com/fdfe/
10-13 09:39:13.715: D/dalvikvm(4272): GC_CONCURRENT freed 235K, 10% free 3179K/3524K, paused 1ms+1ms, total 4ms
10-13 09:39:13.735: D/dalvikvm(1329): GC_EXPLICIT freed 41K, 5% free 3012K/3164K, paused 0ms+0ms, total 4ms
10-13 09:39:13.735: D/dalvikvm(3987): GC_CONCURRENT freed 779K, 16% free 5284K/6244K, paused 1ms+1ms, total 21ms
10-13 09:39:13.735: I/ActivityManager(1705): Start proc com.google.android.exchange for content provider com.google.android.exchange/com.android.exchange.provider.ExchangeDirectoryProvider: pid=4318 uid=10034 gids={50034, 3003, 1028, 1015}
10-13 09:39:13.745: D/dalvikvm(1329): GC_EXPLICIT freed <1K, 5% free 3012K/3164K, paused 0ms+0ms, total 5ms
10-13 09:39:13.745: D/dalvikvm(1329): GC_EXPLICIT freed <1K, 5% free 3012K/3164K, paused 1ms+0ms, total 5ms
10-13 09:39:13.745: I/Icing(3969): IndexChimeraService.getServiceInterface callingPackage=com.google.android.gm componentName=null serviceId=21
10-13 09:39:13.755: D/dalvikvm(3969): GC_CONCURRENT freed 493K, 25% free 4977K/6636K, paused 0ms+1ms, total 6ms
10-13 09:39:13.755: D/Finsky(4272): [1] DailyHygiene.goMakeHygieneIfDirty: Dirty, need more hygiene.
10-13 09:39:13.775: W/Settings(4272): Setting download_manager_max_bytes_over_mobile has moved from android.provider.Settings.Secure to android.provider.Settings.Global.
10-13 09:39:13.785: D/dalvikvm(4007): GC_CONCURRENT freed 803K, 14% free 5865K/6776K, paused 1ms+2ms, total 9ms
10-13 09:39:13.785: I/ActivityManager(1705): Start proc com.google.android.email for content provider com.google.android.email/com.android.email.provider.EmailProvider: pid=4341 uid=10033 gids={50033, 3003, 1028, 1015}
10-13 09:39:13.795: W/Settings(4272): Setting download_manager_recommended_max_bytes_over_mobile has moved from android.provider.Settings.Secure to android.provider.Settings.Global.
10-13 09:39:13.805: E/dalvikvm(3969): Could not find class 'android.app.usage.UsageStatsManager', referenced from method sbq.a
10-13 09:39:13.805: I/ContactDirectoryManager(2743): deleted 0 stale rows which don't have any relevant directory
10-13 09:39:13.815: W/dalvikvm(3969): VFY: unable to resolve check-cast 3307 (Landroid/app/usage/UsageStatsManager;) in Lsbq;
10-13 09:39:13.815: D/dalvikvm(3969): VFY: replacing opcode 0x1f at 0x0069
10-13 09:39:13.815: I/Icing(3969): Usage reports 0 indexed 0 rejected 0 imm upload false
10-13 09:39:13.815: I/Icing(3969): Indexing 212FC22FBA8337F8ABC8A529372FF4798C4F2EC2 from com.google.android.gm
10-13 09:39:13.825: D/dalvikvm(4272): GC_CONCURRENT freed 231K, 9% free 3351K/3676K, paused 1ms+0ms, total 5ms
10-13 09:39:13.835: D/Volley(4272): [176] DiskBasedCache.clear: Cache cleared.
10-13 09:39:13.835: D/Finsky(4272): [1] 2.run: Loaded library for account: [kQDN-dxCel_N0rHZYP1Y1D5t2ac]
10-13 09:39:13.835: D/Volley(4272): [180] DiskBasedCache.clear: Cache cleared.
10-13 09:39:13.835: D/Finsky(4272): [1] 2.run: Finished loading 1 libraries.
10-13 09:39:13.835: D/Finsky(4272): [1] UpdateWidgetsReceiver.onReceive: Updated 0 MarketWidgetProvider widgets (android.accounts.LOGIN_ACCOUNTS_CHANGED)
10-13 09:39:13.835: D/Finsky(4272): [1] UpdateWidgetsReceiver.onReceive: Updated 0 RecommendedWidgetProvider widgets (android.accounts.LOGIN_ACCOUNTS_CHANGED)
10-13 09:39:13.835: D/Finsky(4272): [1] UpdateWidgetsReceiver.onReceive: Updated 0 NowPlayingWidgetProvider widgets (android.accounts.LOGIN_ACCOUNTS_CHANGED)
10-13 09:39:13.835: I/ContactDirectoryManager(2743): Discovered 1 contact directories in 384ms
10-13 09:39:13.855: D/ActivityThread(4341): Loading provider com.google.android.email.provider;com.google.android.email.notifier: com.android.email.provider.EmailProvider
10-13 09:39:13.865: D/Finsky(4272): [1] GmsCoreHelper.cleanupNlp: result=false type=4
10-13 09:39:13.865: D/Finsky(4272): [1] RestoreTracker.stopServiceIfDone: Restore complete with 0 success and 0 failed.
10-13 09:39:13.865: D/ActivityThread(4341): Loading provider com.google.android.email.provider;com.google.android.email.notifier: com.android.email.provider.EmailProvider
10-13 09:39:13.875: D/dalvikvm(4341): GC_CONCURRENT freed 222K, 10% free 3175K/3508K, paused 6ms+1ms, total 9ms
10-13 09:39:13.875: I/ActivityManager(1705): Delay finish: com.google.android.googlequicksearchbox/com.google.android.sidekick.main.AccountsChangedReceiver
10-13 09:39:13.885: W/ActivityManager(1705): Unable to start service Intent { cmp=com.google.android.email/com.android.email.service.AttachmentDownloadService } U=0: not found
10-13 09:39:13.885: W/ActivityManager(1705): Unable to start service Intent { cmp=com.google.android.email/com.android.email.service.AttachmentDownloadService } U=0: not found
10-13 09:39:13.885: W/ActivityManager(1705): Unable to start service Intent { cmp=com.google.android.email/com.android.email.service.AttachmentDownloadService } U=0: not found
10-13 09:39:13.885: D/dalvikvm(2557): GC_CONCURRENT freed 360K, 15% free 3955K/4604K, paused 0ms+1ms, total 4ms
10-13 09:39:13.895: I/ActivityManager(1705): Resuming delayed broadcast
10-13 09:39:13.895: I/ActivityManager(1705): Delay finish: com.google.android.calendar/com.google.android.syncadapters.calendar.CalendarSyncAdapterBroadcastReceiver
10-13 09:39:13.905: I/Email(4341): Observing account changes for notifications
10-13 09:39:13.905: I/Gmail(2717): Bootstrapping db:/data/data/com.google.android.gm/databases/internal.4A2NI7OQOTX46RNLLDCZ5QQEKA-00@cloudtestlabaccounts.com.db Current version is 0
10-13 09:39:13.915: I/Gmail(2717): Bootstrapping db: /data/data/com.google.android.gm/databases/mailstore.4A2NI7OQOTX46RNLLDCZ5QQEKA-00@cloudtestlabaccounts.com.db Current version is 0
10-13 09:39:13.935: I/dalvikvm(3987): Could not find method android.accounts.AccountManager.removeAccount, referenced from method bsv.a
10-13 09:39:13.935: W/dalvikvm(3987): VFY: unable to resolve virtual method 2870: Landroid/accounts/AccountManager;.removeAccount (Landroid/accounts/Account;Landroid/app/Activity;Landroid/accounts/AccountManagerCallback;Landroid/os/Handler;)Landroid/accounts/AccountManagerFuture;
10-13 09:39:13.935: D/dalvikvm(3987): VFY: replacing opcode 0x6e at 0x0031
10-13 09:39:13.945: W/AbstractGoogleClient(2618): Application name is not set. Call Builder#setApplicationName.
10-13 09:39:13.955: I/BeaconBle(4007): Client requested scan, settings=BleSettings [scanMode=ZERO_POWER, callbackType=ALL_MATCHES, reportDelayMillis=0, 6 filters, 1 clients, callingClientName=Nearby]
10-13 09:39:13.955: D/BluetoothAdapter(4007): stopLeScan()
10-13 09:39:13.955: D/BtGatt.GattService(2363): stopScan() - queue=1
10-13 09:39:13.955: D/BtGatt.GattService(2363): stopScan() - queue empty; stopping scan
10-13 09:39:13.955: D/BtGatt.btif(2363): btif_gattc_scan
10-13 09:39:13.955: D/BtGatt.btif(2363): btgattc_handle_event: Event 1003
10-13 09:39:13.955: D/BtGatt.GattService(2363): unregisterClient() - clientIf=5
10-13 09:39:13.955: D/BtGatt.btif(2363): btif_gattc_unregister_app
10-13 09:39:13.955: D/BtGatt.btif(2363): btgattc_handle_event: Event 1001
10-13 09:39:13.955: D/BtGatt.btif(2363): btif_gattc_upstreams_evt: Event 1
10-13 09:39:13.955: I/ActivityManager(1705): Resuming delayed broadcast
10-13 09:39:13.965: I/BeaconBle(4007): Scan : No clients left, canceling alarm.
10-13 09:39:13.965: I/dalvikvm(3987): Could not find method android.accounts.AccountManager.renameAccount, referenced from method eah.b
10-13 09:39:13.965: W/dalvikvm(3987): VFY: unable to resolve virtual method 2872: Landroid/accounts/AccountManager;.renameAccount (Landroid/accounts/Account;Ljava/lang/String;Landroid/accounts/AccountManagerCallback;Landroid/os/Handler;)Landroid/accounts/AccountManagerFuture;
10-13 09:39:13.965: D/dalvikvm(3987): VFY: replacing opcode 0x6e at 0x0046
10-13 09:39:13.965: I/Auth(3987): [ReflectiveChannelBinder] Successfully bound channel!
10-13 09:39:13.975: W/dalvikvm(3987): VFY: unable to find class referenced in signature (Landroid/net/Network;)
10-13 09:39:13.975: E/dalvikvm(3987): Could not find class 'android.net.Network', referenced from method quw.a
10-13 09:39:13.975: W/dalvikvm(3987): VFY: unable to resolve check-cast 3492 (Landroid/net/Network;) in Lquw;
10-13 09:39:13.975: D/dalvikvm(3987): VFY: replacing opcode 0x1f at 0x000f
10-13 09:39:13.975: I/Gmail(2717): calculateUnknownSyncRationalesAndPurgeInBackground: exiting (labelMap not synced
10-13 09:39:13.975: I/ActivityManager(1705): Delay finish: com.google.android.email/com.android.email.service.EmailBroadcastReceiver
10-13 09:39:13.985: W/Conscrypt(3987): Could not set socket write timeout:
10-13 09:39:13.985: W/Conscrypt(3987):    java.lang.reflect.Method.invokeNative(Native Method)
10-13 09:39:13.985: W/Conscrypt(3987):    java.lang.reflect.Method.invoke(Method.java:515)
10-13 09:39:13.985: I/Email(4341): System accounts updated.
10-13 09:39:13.985: W/Conscrypt(3987): Could not set socket write timeout:
10-13 09:39:13.985: W/Conscrypt(3987):    java.lang.reflect.Method.invokeNative(Native Method)
10-13 09:39:13.985: W/Conscrypt(3987):    java.lang.reflect.Method.invoke(Method.java:515)
10-13 09:39:13.995: E/SQLiteLog(2717): (1) no such table: search_status
10-13 09:39:13.995: I/Gmail(2717): Setting up for AppDataSearch
10-13 09:39:13.995: I/Gmail(2717): calculateUnknownSyncRationalesAndPurgeInBackground: exiting (labelMap not synced
10-13 09:39:13.995: I/Gmail(2717): calculateUnknownSyncRationalesAndPurgeInBackground: exiting (labelMap not synced
10-13 09:39:14.005: I/Gmail(2717): Backfilling search sequence table
10-13 09:39:14.005: I/Gmail(2717): Backfilling search sequence table
10-13 09:39:14.015: I/Icing(3969): Indexing done 212FC22FBA8337F8ABC8A529372FF4798C4F2EC2
10-13 09:39:14.015: D/dalvikvm(2717): GC_CONCURRENT freed 268K, 10% free 3458K/3836K, paused 0ms+1ms, total 3ms
10-13 09:39:14.025: I/Icing(3969): Usage reports 0 indexed 0 rejected 0 imm upload false
10-13 09:39:14.025: W/ContextImpl(2717): Implicit intents with startService are not safe: Intent { act=com.android.mail.action.BACKUP_DATA_CHANGED } android.content.ContextWrapper.startService:494 com.android.mail.MailIntentService.broadcastBackupDataChanged:96 com.android.mail.preferences.VersionedPrefs.notifyBackupPreferenceChanged:260 
10-13 09:39:14.025: W/ContextImpl(2717): Implicit intents with startService are not safe: Intent { act=com.android.mail.action.BACKUP_DATA_CHANGED } android.content.ContextWrapper.startService:494 com.android.mail.MailIntentService.broadcastBackupDataChanged:96 com.android.mail.preferences.VersionedPrefs.notifyBackupPreferenceChanged:260 
10-13 09:39:14.025: I/ActivityManager(1705): Delaying start of: ServiceRecord{952f1aa8 u0 com.google.android.exchange/com.android.exchange.service.EmailSyncAdapterService}
10-13 09:39:14.025: W/ActivityManager(1705): Unable to start service Intent { act=com.android.mail.action.BACKUP_DATA_CHANGED } U=0: not found
10-13 09:39:14.035: I/ActivityManager(1705): Resuming delayed broadcast
10-13 09:39:14.035: I/Exchange(4318): Accounts changed - requesting FolderSync for unsynced accounts
10-13 09:39:14.035: I/ActivityManager(1705): Delay finish: com.google.android.gm/.AccountsChangedReceiver
10-13 09:39:14.045: W/ContextImpl(2717): Implicit intents with startService are not safe: Intent { act=com.android.mail.action.BACKUP_DATA_CHANGED } android.content.ContextWrapper.startService:494 com.android.mail.MailIntentService.broadcastBackupDataChanged:96 com.android.mail.preferences.VersionedPrefs.notifyBackupPreferenceChanged:260 
10-13 09:39:14.045: W/ActivityManager(1705): Unable to start service Intent { act=com.android.mail.action.BACKUP_DATA_CHANGED } U=0: not found
10-13 09:39:14.055: I/Gmail(2717): Database deleted: No account for db [internal.4A2NI7OQOTX46RNLLDCZ5QQEKA-00@cloudtestlabaccounts.com.db]
10-13 09:39:14.055: W/ActivityManager(1705): Unable to start service Intent { act=com.android.mail.action.BACKUP_DATA_CHANGED } U=0: not found
10-13 09:39:14.065: I/Gmail(2717): Database deleted: No account for db [mailstore.4A2NI7OQOTX46RNLLDCZ5QQEKA-00@cloudtestlabaccounts.com.db]
10-13 09:39:14.065: I/Gmail(2717): Restarting because we deleted an account.
10-13 09:39:14.075: I/AndroidRuntime(2717): VM exiting with result code -1, cleanup skipped.
10-13 09:39:14.075: W/Auth(3987): [GetToken] GetToken failed with status code: INVALID_SCOPE
10-13 09:39:14.075: W/Search.LoginHelper(2557): Google auth exception for scope: oauth2:https://www.googleapis.com/auth/googlenow
10-13 09:39:14.075: E/Velvet.VelvetNetworkClient(2557): Failed to get auth token
10-13 09:39:14.075: W/Sidekick_NowOptInSettingsImpl(2557): Failed to fetch default configuration
10-13 09:39:14.105: I/ActivityManager(1705): Resuming delayed broadcast
10-13 09:39:14.105: I/ActivityManager(1705): Start proc com.google.android.videos for broadcast com.google.android.videos/.accounts.AccountsChangedService$AccountsChangedReceiver: pid=4387 uid=10062 gids={50062, 3003, 1028, 1015, 3002}
10-13 09:39:14.105: I/ActivityManager(1705): Process com.google.android.gm (pid 2717) has died.
10-13 09:39:14.105: W/ActivityManager(1705): Scheduling restart of crashed service com.google.android.gm/.GmailIntentService in 1000ms
10-13 09:39:14.115: W/Settings(4229): Setting install_non_market_apps has moved from android.provider.Settings.Secure to android.provider.Settings.Global.
10-13 09:39:14.135: D/Zygote(1329): Process 2717 exited cleanly (255)
10-13 09:39:14.155: I/dalvikvm(3987): Could not find method android.content.Context.getNoBackupFilesDir, referenced from method seo.<init>
10-13 09:39:14.155: W/dalvikvm(3987): VFY: unable to resolve virtual method 11782: Landroid/content/Context;.getNoBackupFilesDir ()Ljava/io/File;
10-13 09:39:14.155: D/dalvikvm(3987): VFY: replacing opcode 0x6e at 0x0028
10-13 09:39:14.165: D/dalvikvm(3987): GC_CONCURRENT freed 552K, 14% free 5386K/6244K, paused 1ms+1ms, total 7ms
10-13 09:39:14.175: D/dalvikvm(4387): GC_CONCURRENT freed 207K, 9% free 3236K/3552K, paused 0ms+0ms, total 3ms
10-13 09:39:14.185: W/Conscrypt(3987): Could not set socket write timeout:
10-13 09:39:14.185: W/Conscrypt(3987):    java.lang.reflect.Method.invokeNative(Native Method)
10-13 09:39:14.185: W/Conscrypt(3987):    java.lang.reflect.Method.invoke(Method.java:515)
10-13 09:39:14.185: W/Conscrypt(3987): Could not set socket write timeout:
10-13 09:39:14.185: W/Conscrypt(3987):    java.lang.reflect.Method.invokeNative(Native Method)
10-13 09:39:14.185: W/Conscrypt(3987):    java.lang.reflect.Method.invoke(Method.java:515)
10-13 09:39:14.195: D/dalvikvm(4387): GC_CONCURRENT freed 252K, 10% free 3407K/3768K, paused 0ms+1ms, total 3ms
10-13 09:39:14.195: D/PlayMovies(4387): PersistentCache.cleanup:126 Cache is below limit, no need to shrink: [size=0, limit=5242880]
10-13 09:39:14.205: D/dalvikvm(4387): GC_CONCURRENT freed 507K, 16% free 3414K/4028K, paused 1ms+0ms, total 3ms
10-13 09:39:14.205: W/GLSUser(3987): [AppCertManager] IOException while requesting key: 
10-13 09:39:14.205: W/GLSUser(3987): java.io.IOException: Invalid device key response.
10-13 09:39:14.205: W/GLSUser(3987): 	at evl.a(:com.google.android.gms@11519070:11)
10-13 09:39:14.205: W/GLSUser(3987): 	at evl.a(:com.google.android.gms@11519070:63)
10-13 09:39:14.205: W/GLSUser(3987): 	at evj.a(:com.google.android.gms@11519070:8)
10-13 09:39:14.205: W/GLSUser(3987): 	at evf.a(:com.google.android.gms@11519070:1)
10-13 09:39:14.205: W/GLSUser(3987): 	at eve.a(:com.google.android.gms@11519070:10)
10-13 09:39:14.205: W/GLSUser(3987): 	at com.google.android.gms.auth.account.be.legacy.AuthCronChimeraService.b(:com.google.android.gms@11519070:7)
10-13 09:39:14.205: W/GLSUser(3987): 	at ebf.call(:com.google.android.gms@11519070:3)
10-13 09:39:14.205: W/GLSUser(3987): 	at java.util.concurrent.FutureTask.run(FutureTask.java:237)
10-13 09:39:14.205: W/GLSUser(3987): 	at jqa.run(:com.google.android.gms@11519070:25)
10-13 09:39:14.205: W/GLSUser(3987): 	at java.util.concurrent.ThreadPoolExecutor.runWorker(ThreadPoolExecutor.java:1112)
10-13 09:39:14.205: W/GLSUser(3987): 	at java.util.concurrent.ThreadPoolExecutor$Worker.run(ThreadPoolExecutor.java:587)
10-13 09:39:14.205: W/GLSUser(3987): 	at jvj.run(:com.google.android.gms@11519070)
10-13 09:39:14.205: W/GLSUser(3987): 	at java.lang.Thread.run(Thread.java:841)
10-13 09:39:14.205: D/dalvikvm(4387): WAIT_FOR_CONCURRENT_GC blocked 3ms
10-13 09:39:14.215: D/dalvikvm(4387): GC_CONCURRENT freed 448K, 16% free 3419K/4036K, paused 0ms+0ms, total 2ms
10-13 09:39:14.215: D/dalvikvm(4387): WAIT_FOR_CONCURRENT_GC blocked 1ms
10-13 09:39:14.215: D/dalvikvm(4387): GC_CONCURRENT freed 452K, 16% free 3419K/4040K, paused 1ms+1ms, total 3ms
10-13 09:39:14.215: D/dalvikvm(4387): WAIT_FOR_CONCURRENT_GC blocked 3ms
10-13 09:39:14.225: I/MediaRouter(4387): Found default route: MediaRouter.RouteInfo{ uniqueId=android/.support.v7.media.SystemMediaRouteProvider:DEFAULT_ROUTE, name=Telfono, description=null, enabled=true, connecting=false, playbackType=0, playbackStream=3, volumeHandling=1, volume=11, volumeMax=15, presentationDisplayId=-1, extras=null, providerPackageName=android }
10-13 09:39:14.225: D/PlayMovies(4387): MediaRouteManager.onRouteSelected:125 routeInfo: MediaRouter.RouteInfo{ uniqueId=android/.support.v7.media.SystemMediaRouteProvider:DEFAULT_ROUTE, name=Telfono, description=null, enabled=true, connecting=false, playbackType=0, playbackStream=3, volumeHandling=1, volume=11, volumeMax=15, presentationDisplayId=-1, extras=null, providerPackageName=android }
10-13 09:39:14.235: D/PlayMovies(4387): TransferService.onCreate:52 creating transfer service
10-13 09:39:14.235: I/ActivityManager(1705): Delay finish: com.google.android.videos/.accounts.AccountsChangedService$AccountsChangedReceiver
10-13 09:39:14.245: D/dalvikvm(4387): GC_CONCURRENT freed 250K, 13% free 3552K/4040K, paused 0ms+0ms, total 3ms
10-13 09:39:14.265: D/dalvikvm(1705): GC_FOR_ALLOC freed 707K, 20% free 9082K/11252K, paused 9ms, total 10ms
10-13 09:39:14.275: D/PlayMovies(4387): MediaRouteManager.onRouteSelected:125 routeInfo: MediaRouter.RouteInfo{ uniqueId=android/.support.v7.media.SystemMediaRouteProvider:DEFAULT_ROUTE, name=Telfono, description=null, enabled=true, connecting=false, playbackType=0, playbackStream=3, volumeHandling=1, volume=11, volumeMax=15, presentationDisplayId=-1, extras=null, providerPackageName=android }
10-13 09:39:14.275: I/Icing(3969): IndexChimeraService.getServiceInterface callingPackage=com.google.android.videos componentName=null serviceId=21
10-13 09:39:14.285: D/dalvikvm(4387): GC_CONCURRENT freed 443K, 14% free 3601K/4156K, paused 2ms+0ms, total 5ms
10-13 09:39:14.295: D/dalvikvm(4387): GC_CONCURRENT freed 426K, 15% free 3563K/4156K, paused 2ms+0ms, total 4ms
10-13 09:39:14.295: I/ActivityManager(1705): Resuming delayed broadcast
10-13 09:39:14.305: I/Icing(3969): Usage reports 0 indexed 0 rejected 0 imm upload false
10-13 09:39:14.305: I/ActivityManager(1705): Delay finish: com.google.android.youtube/com.google.android.apps.youtube.core.async.UserAuthorizer$AccountsChangedReceiver
10-13 09:39:14.305: I/ActivityManager(1705): Resuming delayed broadcast
10-13 09:39:14.305: I/ActivityManager(1705): Killing 3006:com.google.android.configupdater/u0a2 (adj 15): empty #17
10-13 09:39:14.315: I/ActivityManager(1705): Delay finish: com.google.android.gms/com.google.android.libraries.social.account.refresh.receiver.AccountsChangedReceiver
10-13 09:39:14.335: I/CalendarProvider2(2306): Sending notification intent: Intent { act=android.intent.action.PROVIDER_CHANGED dat=content://com.android.calendar }
10-13 09:39:14.335: W/ContentResolver(2306): Failed to get type for: content://com.android.calendar (Unknown URL content://com.android.calendar)
10-13 09:39:14.335: W/Conscrypt(3987): Could not set socket write timeout:
10-13 09:39:14.335: I/dalvikvm(3969): Could not find method android.content.Context.isDeviceProtectedStorage, referenced from method jgs.<init>
10-13 09:39:14.335: W/dalvikvm(3969): VFY: unable to resolve virtual method 3442: Landroid/content/Context;.isDeviceProtectedStorage ()Z
10-13 09:39:14.335: D/dalvikvm(3969): VFY: replacing opcode 0x6e at 0x0057
10-13 09:39:14.335: I/CalendarProvider2(2306): Sending notification intent: Intent { act=android.intent.action.PROVIDER_CHANGED dat=content://com.android.calendar }
10-13 09:39:14.335: W/ContentResolver(2306): Failed to get type for: content://com.android.calendar (Unknown URL content://com.android.calendar)
10-13 09:39:14.335: I/ActivityManager(1705): Resuming delayed broadcast
10-13 09:39:14.335: I/ActivityManager(1705): Killing 2498:com.android.mms/u0a14 (adj 15): empty #17
10-13 09:39:14.345: W/Conscrypt(3987):    java.lang.reflect.Method.invokeNative(Native Method)
10-13 09:39:14.345: W/Conscrypt(3987):    java.lang.reflect.Method.invoke(Method.java:515)
10-13 09:39:14.345: I/HeterodyneSyncScheduler(4007): Scheduling Phenotype for a PhenotypeSyncImmediately(5, null) one off with window [1, 2] in seconds
10-13 09:39:14.345: I/ActivityManager(1705): Delay finish: com.google.android.partnersetup/.RlzPingBroadcastReceiver
10-13 09:39:14.345: D/CountryDetector(1705): No listener is left
10-13 09:39:14.345: I/ActivityManager(1705): Resuming delayed broadcast
10-13 09:39:14.355: D/Volley(4272): [176] DiskBasedCache.clear: Cache cleared.
10-13 09:39:14.355: D/dalvikvm(3969): GC_CONCURRENT freed 559K, 25% free 5027K/6636K, paused 0ms+4ms, total 23ms
10-13 09:39:14.355: D/Volley(4272): [180] DiskBasedCache.clear: Cache cleared.
10-13 09:39:14.355: D/dalvikvm(3987): GC_CONCURRENT freed 659K, 14% free 5459K/6288K, paused 3ms+3ms, total 18ms
10-13 09:39:14.355: I/dalvikvm(3969): Could not find method android.content.Context.getSystemService, referenced from method pyo.a
10-13 09:39:14.355: W/dalvikvm(3969): VFY: unable to resolve virtual method 11789: Landroid/content/Context;.getSystemService (Ljava/lang/Class;)Ljava/lang/Object;
10-13 09:39:14.355: D/dalvikvm(3969): VFY: replacing opcode 0x6e at 0x0008
10-13 09:39:14.355: D/Finsky(4272): [1] UpdateWidgetsReceiver.onReceive: Updated 0 MarketWidgetProvider widgets (android.accounts.LOGIN_ACCOUNTS_CHANGED)
10-13 09:39:14.355: D/Finsky(4272): [1] UpdateWidgetsReceiver.onReceive: Updated 0 RecommendedWidgetProvider widgets (android.accounts.LOGIN_ACCOUNTS_CHANGED)
10-13 09:39:14.355: I/dalvikvm(3969): Could not find method android.content.Context.createDeviceProtectedStorageContext, referenced from method pwt.a
10-13 09:39:14.355: W/dalvikvm(3969): VFY: unable to resolve virtual method 11764: Landroid/content/Context;.createDeviceProtectedStorageContext ()Landroid/content/Context;
10-13 09:39:14.355: D/dalvikvm(3969): VFY: replacing opcode 0x6e at 0x000a
10-13 09:39:14.355: D/Finsky(4272): [1] UpdateWidgetsReceiver.onReceive: Updated 0 NowPlayingWidgetProvider widgets (android.accounts.LOGIN_ACCOUNTS_CHANGED)
10-13 09:39:14.365: I/PmtsSwAccountIntentOp(3969): Processing intent action=android.accounts.LOGIN_ACCOUNTS_CHANGED
10-13 09:39:14.365: I/PmtsSwAccountIntentOp(3969): Device isn't of sufficient API level
10-13 09:39:14.365: I/Auth(3987): [BroadcastManager] Broadcasting account change.
10-13 09:39:14.365: W/WakefulBroadcastReceiver(3987): No active wake lock id #1
10-13 09:39:14.365: W/Conscrypt(3987): Could not set socket write timeout:
10-13 09:39:14.365: W/Conscrypt(3987):    java.lang.reflect.Method.invokeNative(Native Method)
10-13 09:39:14.365: W/Conscrypt(3987):    java.lang.reflect.Method.invoke(Method.java:515)
10-13 09:39:14.365: I/dalvikvm(3969): Could not find method android.content.Context.getSystemService, referenced from method pyp.b
10-13 09:39:14.365: W/dalvikvm(3969): VFY: unable to resolve virtual method 11789: Landroid/content/Context;.getSystemService (Ljava/lang/Class;)Ljava/lang/Object;
10-13 09:39:14.365: D/dalvikvm(3969): VFY: replacing opcode 0x6e at 0x004f
10-13 09:39:14.365: I/Icing(3969): Indexing 3E2212CCDC99174C7456D2228AE931096D66CCC3 from com.google.android.videos
10-13 09:39:14.365: I/ActivityManager(1705): Delay finish: com.google.android.googlequicksearchbox/com.google.android.sidekick.main.AccountsChangedReceiver
10-13 09:39:14.375: I/ActivityManager(1705): Resuming delayed broadcast
10-13 09:39:14.375: I/ActivityManager(1705): Delay finish: com.google.android.calendar/com.google.android.syncadapters.calendar.CalendarSyncAdapterBroadcastReceiver
10-13 09:39:14.385: I/ActivityManager(1705): Resuming delayed broadcast
10-13 09:39:14.385: I/Email(4341): System accounts updated.
10-13 09:39:14.385: I/Icing(3969): Indexing done 3E2212CCDC99174C7456D2228AE931096D66CCC3
10-13 09:39:14.385: I/ActivityManager(1705): Delay finish: com.google.android.email/com.android.email.service.EmailBroadcastReceiver
10-13 09:39:14.385: I/ActivityManager(1705): Delaying start of: ServiceRecord{9532b108 u0 com.google.android.exchange/com.android.exchange.service.EmailSyncAdapterService}
10-13 09:39:14.395: I/Exchange(4318): Accounts changed - requesting FolderSync for unsynced accounts
10-13 09:39:14.395: I/ActivityManager(1705): Resuming delayed broadcast
10-13 09:39:14.405: I/Icing(3969): Indexing 37F79CF9A950633E82DCF25AEC50E979252403CF from com.google.android.videos
10-13 09:39:14.405: I/ActivityManager(1705): Start proc com.google.android.gm for broadcast com.google.android.gm/.AccountsChangedReceiver: pid=4447 uid=10038 gids={50038, 3003, 1028, 1015}
10-13 09:39:14.415: I/Icing(3969): Indexing done 37F79CF9A950633E82DCF25AEC50E979252403CF
10-13 09:39:14.425: D/ActivityThread(4447): Loading provider com.android.gmail.ui: com.google.android.gm.provider.GmailProvider
10-13 09:39:14.435: D/dalvikvm(4447): GC_CONCURRENT freed 208K, 10% free 3201K/3520K, paused 0ms+2ms, total 8ms
10-13 09:39:14.455: W/GAV2(4447): Thread[main,5,main]: Need to call initialize() and be in fallback mode to start dispatch.
10-13 09:39:14.465: I/ActivityManager(1705): Delay finish: com.google.android.youtube/com.google.android.apps.youtube.core.async.UserAuthorizer$AccountsChangedReceiver
10-13 09:39:14.465: I/ActivityManager(1705): Resuming delayed broadcast
10-13 09:39:14.475: I/Icing(3969): IndexChimeraService.getServiceInterface callingPackage=com.google.android.gm componentName=null serviceId=21
10-13 09:39:14.475: I/ActivityManager(1705): Delay finish: com.google.android.gms/.auth.account.be.accountstate.LoginAccountsChangedWakefulBroadcastReceiver
10-13 09:39:14.485: I/Icing(3969): Usage reports 0 indexed 0 rejected 0 imm upload false
10-13 09:39:14.485: W/WakefulBroadcastReceiver(3987): No active wake lock id #2
10-13 09:39:14.485: D/dalvikvm(4447): GC_CONCURRENT freed 323K, 12% free 3311K/3744K, paused 0ms+1ms, total 3ms
10-13 09:39:14.485: I/ActivityManager(1705): Resuming delayed broadcast
10-13 09:39:14.485: I/ActivityManager(1705): Delay finish: com.google.android.gms/com.google.android.libraries.social.account.refresh.receiver.AccountsChangedReceiver
10-13 09:39:14.485: I/ActivityManager(1705): Resuming delayed broadcast
10-13 09:39:14.485: I/ActivityManager(1705): Killing 3376:com.android.musicfx/u0a15 (adj 15): empty #17
10-13 09:39:14.495: D/Finsky(4272): [1] BaseWidgetProvider.onReceive: Received ACTION_APPWIDGET_UPDATE, updating 0 widgets.
10-13 09:39:14.495: D/Finsky(4272): [1] BaseWidgetProvider.onReceive: Received ACTION_APPWIDGET_UPDATE, updating 0 widgets.
10-13 09:39:14.495: I/PmtsSwAccountIntentOp(3969): Processing intent action=android.accounts.LOGIN_ACCOUNTS_CHANGED
10-13 09:39:14.495: I/PmtsSwAccountIntentOp(3969): Device isn't of sufficient API level
10-13 09:39:14.495: D/Finsky(4272): [1] BaseWidgetProvider.onReceive: Received ACTION_APPWIDGET_UPDATE, updating 0 widgets.
10-13 09:39:14.495: I/dalvikvm(4007): Could not find method android.os.UserManager.isManagedProfile, referenced from method acpc.d
10-13 09:39:14.495: W/dalvikvm(4007): VFY: unable to resolve virtual method 12860: Landroid/os/UserManager;.isManagedProfile ()Z
10-13 09:39:14.495: D/dalvikvm(4007): VFY: replacing opcode 0x6e at 0x000b
10-13 09:39:14.495: I/HeterodyneSyncScheduler(4007): Scheduling Phenotype for a PhenotypeSyncImmediately(5, null) one off with window [1, 2] in seconds
10-13 09:39:14.505: D/AlertReceiver(2618): onReceive: a=android.intent.action.PROVIDER_CHANGED Intent { act=android.intent.action.PROVIDER_CHANGED dat=content://com.android.calendar flg=0x10 cmp=com.google.android.calendar/com.android.calendar.alerts.AlertReceiver }
10-13 09:39:14.505: D/AlertService(2618): 0 Action = android.intent.action.PROVIDER_CHANGED
10-13 09:39:14.505: I/ActivityManager(1705): Delay finish: com.google.android.calendar/com.android.calendar.alerts.AlertReceiver
10-13 09:39:14.505: I/ActivityManager(1705): Resuming delayed broadcast
10-13 09:39:14.515: D/AlertReceiver(2618): onReceive: a=android.intent.action.PROVIDER_CHANGED Intent { act=android.intent.action.PROVIDER_CHANGED dat=content://com.android.calendar flg=0x10 cmp=com.google.android.calendar/com.android.calendar.alerts.AlertReceiver }
10-13 09:39:14.515: I/IcingInternalCorpora(3969): Received calendar change notification.
10-13 09:39:14.525: D/dalvikvm(3969): GC_CONCURRENT freed 493K, 24% free 5086K/6636K, paused 1ms+1ms, total 6ms
10-13 09:39:14.535: I/ActivityManager(1705): Delay finish: com.google.android.calendar/com.android.calendar.widget.CalendarAppWidgetService$CalendarFactory
10-13 09:39:14.555: I/Remoter(1339): Saved screenshot to '/data/screenshots/__pmv__-0089.jpg'
10-13 09:39:14.555: I/IcingInternalCorpora(3969): Received calendar change notification.
10-13 09:39:14.555: D/Finsky(4272): [1] BaseWidgetProvider.onReceive: Received ACTION_APPWIDGET_UPDATE, updating 0 widgets.
10-13 09:39:14.555: I/ActivityManager(1705): Resuming delayed broadcast
10-13 09:39:14.565: D/Finsky(4272): [1] BaseWidgetProvider.onReceive: Received ACTION_APPWIDGET_UPDATE, updating 0 widgets.
10-13 09:39:14.565: D/Finsky(4272): [1] BaseWidgetProvider.onReceive: Received ACTION_APPWIDGET_UPDATE, updating 0 widgets.
10-13 09:39:14.575: W/ConfigurationChimeraProvider(4007): Got null configs for com.google.android.gms.ads
10-13 09:39:14.575: I/ActivityManager(1705): Delay finish: com.google.android.gms/.auth.api.credentials.sync.CredentialSyncBroadcastReceiver
10-13 09:39:14.595: W/UdcContextManagerHelper(4007): Empty context buffer. Thus might mean that the context is not synced down.
10-13 09:39:14.605: W/UploadOptInStatusOp(4007): Empty context model while retrieving upload opt-in status!
10-13 09:39:14.605: E/dalvikvm(3969): Could not find class 'android.telephony.SubscriptionManager', referenced from method com.google.android.gms.checkin.CheckinChimeraService.c
10-13 09:39:14.605: W/dalvikvm(3969): VFY: unable to resolve check-cast 1221 (Landroid/telephony/SubscriptionManager;) in Lcom/google/android/gms/checkin/CheckinChimeraService;
10-13 09:39:14.605: D/dalvikvm(3969): VFY: replacing opcode 0x1f at 0x000e
10-13 09:39:14.605: I/ActivityManager(1705): Resuming delayed broadcast
10-13 09:39:14.615: I/CheckinChimeraService(3969): android.os.VintfObject class not found : android.os.VintfObject
10-13 09:39:14.615: D/dalvikvm(3969): DexOpt: couldn't find field Landroid/os/Message;.sendingUid
10-13 09:39:14.615: W/dalvikvm(3969): VFY: unable to resolve instance field 7039
10-13 09:39:14.615: D/dalvikvm(3969): VFY: replacing opcode 0x52 at 0x0002
10-13 09:39:14.615: I/ActivityManager(1705): Delay finish: com.google.android.gms/.checkin.CheckinServiceTriggerReceiver
10-13 09:39:14.615: I/ActivityManager(1705): Resuming delayed broadcast
10-13 09:39:14.625: D/dalvikvm(4007): GC_CONCURRENT freed 728K, 13% free 5997K/6840K, paused 5ms+1ms, total 11ms
10-13 09:39:14.625: I/CheckinCompat(3969): Disabling old GoogleServicesFramework version
10-13 09:39:14.635: E/ctxmgr(4007): [NetworkUtil]No active synchronizable contexts.
10-13 09:39:14.665: D/dalvikvm(3969): GC_CONCURRENT freed 550K, 22% free 5178K/6636K, paused 2ms+1ms, total 22ms
10-13 09:39:14.665: I/dalvikvm(3969): Could not find method android.os.PowerManager.isInteractive, referenced from method jsi.a
10-13 09:39:14.665: W/dalvikvm(3969): VFY: unable to resolve virtual method 4659: Landroid/os/PowerManager;.isInteractive ()Z
10-13 09:39:14.665: D/dalvikvm(3969): VFY: replacing opcode 0x6e at 0x0006
10-13 09:39:14.665: W/ConfigurationChimeraProvider(4007): Got null configs for com.google.android.gms.mdm
10-13 09:39:14.665: I/EventLogChimeraService(3969): Accumulating logs since 1507901112237
10-13 09:39:14.675: I/dalvikvm(3969): Could not find method android.app.admin.DevicePolicyManager.isProfileOwnerApp, referenced from method aata.c
10-13 09:39:14.675: W/dalvikvm(3969): VFY: unable to resolve virtual method 11551: Landroid/app/admin/DevicePolicyManager;.isProfileOwnerApp (Ljava/lang/String;)Z
10-13 09:39:14.675: D/dalvikvm(3969): VFY: replacing opcode 0x6e at 0x0015
10-13 09:39:14.685: D/dalvikvm(1705): GC_FOR_ALLOC freed 1349K, 20% free 9096K/11252K, paused 10ms, total 10ms
10-13 09:39:14.695: I/Authzen(4007): [AccountChangeProcessingIntentOperation] Received onHandleIntent() call: Intent { act=com.google.android.gms.auth.GOOGLE_ACCOUNT_CHANGE cat=[com.google.android.gms.auth.category.ACCOUNT_ADDED] flg=0x10 cmp=com.google.android.gms/.chimera.GmsIntentOperationService$PersistentInternalReceiver (has extras) }
10-13 09:39:14.695: I/Authzen(4007): [AccountChangeProcessingIntentOperation] Handling added account: <ELLIDED:-1085017779>
10-13 09:39:14.695: I/dalvikvm(3969): Could not find method android.content.Context.getSystemService, referenced from method ebe.f
10-13 09:39:14.695: W/dalvikvm(3969): VFY: unable to resolve virtual method 3438: Landroid/content/Context;.getSystemService (Ljava/lang/Class;)Ljava/lang/Object;
10-13 09:39:14.695: D/dalvikvm(3969): VFY: replacing opcode 0x6e at 0x0005
10-13 09:39:14.695: W/dalvikvm(3969): VFY: unable to find class referenced in signature (Landroid/service/persistentdata/PersistentDataBlockManager;)
10-13 09:39:14.695: E/dalvikvm(3969): Could not find class 'android.service.persistentdata.PersistentDataBlockManager', referenced from method ebd.a
