10-11 21:54:58.601: E/HeterodyneSyncer(5286): 	at ssv.run(:com.google.android.gms@11519470:1)
10-11 21:54:58.601: E/HeterodyneSyncer(5286): 	at java.util.concurrent.ThreadPoolExecutor.runWorker(ThreadPoolExecutor.java:1133)
10-11 21:54:58.601: E/HeterodyneSyncer(5286): 	at java.util.concurrent.ThreadPoolExecutor$Worker.run(ThreadPoolExecutor.java:607)
10-11 21:54:58.601: E/HeterodyneSyncer(5286): 	at java.lang.Thread.run(Thread.java:761)
10-11 21:54:58.704: W/UdcContextManagerHelper(5286): Empty context buffer. Thus might mean that the context is not synced down.
10-11 21:54:58.704: W/UploadOptInStatusOp(5286): Empty context model while retrieving upload opt-in status!
10-11 21:54:58.708: E/ctxmgr(5286): [NetworkUtil]No active synchronizable contexts.
10-11 21:54:58.879: I/CheckinResponseProcess(5270): From server: 1472 gservices [full]
10-11 21:54:58.902: W/Auth(5286): [GetToken] GetToken failed with status code: INVALID_SCOPE
10-11 21:54:58.902: W/AuthSessionAuthenticato(5286): Auth related exception is being ignored: INVALID_SCOPE
10-11 21:54:58.913: W/GLSUser(5286): [DeviceKeyStore] Cannot load key: Device key file not found.
10-11 21:54:58.913: W/GLSUser(5286): [DeviceKeyStore] Cannot load key: Device key file not found.
10-11 21:54:58.917: E/ctxmgr(5286): [BaseServerTask]Server task (FetchAclSet) got error statusCode=-1.
10-11 21:54:58.917: E/ctxmgr(5286): com.android.volley.VolleyError: Unable to obtain auth token - is the device online?
10-11 21:54:58.917: E/ctxmgr(5286): 	at ciz.a(:com.google.android.gms@11519470:39)
10-11 21:54:58.917: E/ctxmgr(5286): 	at cei.run(:com.google.android.gms@11519470:2)
10-11 21:54:58.917: E/ctxmgr(5286): 	at ceg.handleMessage(:com.google.android.gms@11519470:3)
10-11 21:54:58.917: E/ctxmgr(5286): 	at mme.run(:com.google.android.gms@11519470:6)
10-11 21:54:58.917: E/ctxmgr(5286): 	at mmo.run(:com.google.android.gms@11519470:25)
10-11 21:54:58.917: E/ctxmgr(5286): 	at java.util.concurrent.ThreadPoolExecutor.runWorker(ThreadPoolExecutor.java:1133)
10-11 21:54:58.917: E/ctxmgr(5286): 	at java.util.concurrent.ThreadPoolExecutor$Worker.run(ThreadPoolExecutor.java:607)
10-11 21:54:58.917: E/ctxmgr(5286): 	at mrv.run(:com.google.android.gms@11519470)
10-11 21:54:58.917: E/ctxmgr(5286): 	at java.lang.Thread.run(Thread.java:761)
10-11 21:54:58.919: W/InstanceID(5662): token: APA91bEfa9mLVzY3adOEiYtd7STmZfPMdp6UgeJOA9ckdI_9-D-MkWmwjsCHewnpTg5v88yvMCX-36iKi3spDgOm9DJHu83bpVsroOSKg07zT8ozhucPr8rj79feU7RUOSO3SGH_qWQLgkGlC4I7B9x44RDkqcAb8w
10-11 21:54:58.928: E/ctxmgr(5286): [AccountAclCallback]Failed Acl fetch: network status=-1
10-11 21:54:58.957: I/ActivityManager(1699): Killing 4576:com.google.android.partnersetup/u0a21 (adj 906): empty #17
10-11 21:54:59.000: I/GservicesProvider(2156): main update completed
10-11 21:54:59.006: D/ActivityManager(1699): cleanUpApplicationRecord -- 4576
10-11 21:54:59.076: I/ActivityManager(1699): Start proc 6054:com.google.android.configupdater/u0a5 for broadcast com.google.android.configupdater/.CertPin.CertPinUpdateRequestReceiver
10-11 21:54:59.077: I/Telecom(1699): PhoneAccountRegistrar: SimCallManager queried, returning: null: TSI.gSCM@AG8
10-11 21:54:59.078: I/CheckinRequestBuilder(5270): Checkin reason type: 4 attempt count: 1
10-11 21:54:59.080: I/Babel_telephony(4179): TeleModule.updateConnectionManagerRegistration, registration preference changed from false to false
10-11 21:54:59.080: W/Babel(4179): BAM#gBA: invalid account id: -1
10-11 21:54:59.080: W/Babel(4179): BAM#gBA: invalid account id: -1
10-11 21:54:59.080: I/Babel_telephony(4179): TeleModule.updateIncomingCallRegistration, preferred account for incoming calls changed from: null to null
10-11 21:54:59.081: I/Babel_ConcService(4179): Acquired partial wake lock to keep ConcurrentService alive
10-11 21:54:59.081: I/Babel_ConcService(4179): Released partial wake lock as ConcurrentService became idle
10-11 21:54:59.093: E/ActivityThread(5270): Failed to find provider info for com.google.android.wearable.settings
10-11 21:54:59.095: W/System(6054): ClassLoader referenced unknown path: /system/priv-app/ConfigUpdater/lib/x86
10-11 21:54:59.125: E/ConfigUpdater(6054): Received malformed URL while handling Gservices.CHANGED_ACTION intent_firewall: null null
10-11 21:54:59.133: E/ConfigUpdater(6054): Received malformed URL while handling Gservices.CHANGED_ACTION apn_db: null null
10-11 21:54:59.137: E/ConfigUpdater(6054): Received malformed URL while handling Gservices.CHANGED_ACTION tzdata: null null
10-11 21:54:59.157: E/ConfigUpdater(6054): Received malformed URL while handling Gservices.CHANGED_ACTION selinux: null null
10-11 21:54:59.185: W/dex2oat(6006): Before Android 4.1, method android.graphics.PorterDuffColorFilter android.support.graphics.drawable.VectorDrawableCompat.updateTintFilter(android.graphics.PorterDuffColorFilter, android.content.res.ColorStateList, android.graphics.PorterDuff$Mode) would have incorrectly overridden the package-private method in android.graphics.drawable.Drawable
10-11 21:54:59.188: E/ConfigUpdater(6054): Received malformed URL while handling Gservices.CHANGED_ACTION carrier_provisioning_urls: null null
10-11 21:54:59.189: I/ActivityManager(1699): Killing 4909:com.google.android.apps.fitness/u0a48 (adj 906): empty #17
10-11 21:54:59.219: W/Auth(5286): [GetToken] GetToken failed with status code: INVALID_SCOPE
10-11 21:54:59.234: D/ActivityManager(1699): cleanUpApplicationRecord -- 4909
10-11 21:54:59.298: E/PlayMovies(5662): AccountManagerWrapper.blockingGetAuthToken:310 Cannot get user auth
10-11 21:54:59.298: E/PlayMovies(5662): THROWABLE:
10-11 21:54:59.298: E/PlayMovies(5662): com.google.android.gms.auth.GoogleAuthException: INVALID_SCOPE
10-11 21:54:59.298: E/PlayMovies(5662): com.google.android.gms.auth.GoogleAuthException: INVALID_SCOPE
10-11 21:54:59.298: E/PlayMovies(5662): 	at com.google.android.gms.auth.GoogleAuthUtil.zza(Unknown Source)
10-11 21:54:59.298: E/PlayMovies(5662): 	at com.google.android.gms.auth.GoogleAuthUtil.zzc(Unknown Source)
10-11 21:54:59.298: E/PlayMovies(5662): 	at com.google.android.gms.auth.GoogleAuthUtil.zzb(Unknown Source)
10-11 21:54:59.298: E/PlayMovies(5662): 	at com.google.android.gms.auth.GoogleAuthUtil.getTokenWithNotification(Unknown Source)
10-11 21:54:59.298: E/PlayMovies(5662): 	at com.google.android.gms.auth.GoogleAuthUtil.getTokenWithNotification(Unknown Source)
10-11 21:54:59.298: E/PlayMovies(5662): 	at com.google.android.videos.service.accounts.AccountManagerWrapper.blockingGetAuthToken(SourceFile:294)
10-11 21:54:59.298: E/PlayMovies(5662): 	at com.google.android.videos.store.net.HttpAuthenticatingFunction.applyAuthToken(SourceFile:101)
10-11 21:54:59.298: E/PlayMovies(5662): 	at com.google.android.videos.store.net.HttpAuthenticatingFunction.applyWithRequiredAuthentication(SourceFile:58)
10-11 21:54:59.298: E/PlayMovies(5662): 	at com.google.android.videos.store.net.HttpAuthenticatingFunction.apply(SourceFile:50)
10-11 21:54:59.298: E/PlayMovies(5662): 	at com.google.android.videos.store.net.HttpAuthenticatingFunction.apply(SourceFile:16)
10-11 21:54:59.298: E/PlayMovies(5662): 	at com.google.android.agera.FunctionCompiler$ChainFunction.apply(SourceFile:198)
10-11 21:54:59.298: E/PlayMovies(5662): 	at com.google.android.videos.service.gcm.DefaultGcmRegistrationManager.registerWithServer(SourceFile:151)
10-11 21:54:59.298: E/PlayMovies(5662): 	at com.google.android.videos.service.gcm.DefaultGcmRegistrationManager.access$000(SourceFile:49)
10-11 21:54:59.298: E/PlayMovies(5662): 	at com.google.android.videos.service.gcm.DefaultGcmRegistrationManager$1.run(SourceFile:102)
10-11 21:54:59.298: E/PlayMovies(5662): 	at java.util.concurrent.ThreadPoolExecutor.runWorker(ThreadPoolExecutor.java:1133)
10-11 21:54:59.298: E/PlayMovies(5662): 	at java.util.concurrent.ThreadPoolExecutor$Worker.run(ThreadPoolExecutor.java:607)
10-11 21:54:59.298: E/PlayMovies(5662): 	at com.google.android.videos.utils.PriorityThreadFactory$1.run(SourceFile:42)
10-11 21:54:59.298: E/PlayMovies(5662): 	at java.lang.Thread.run(Thread.java:761)
10-11 21:54:59.378: E/ChimeraProxyRslvr(5270): Failed to instantiate com.google.android.gms.checkin.CheckinChimeraService$Receiver: java.lang.ClassNotFoundException: Didn't find class "com.google.android.gms.checkin.CheckinChimeraService$Receiver" on path: DexPathList[[zip file "/system/framework/com.android.location.provider.jar", zip file "/system/framework/com.android.media.remotedisplay.jar", zip file "/data/app/com.google.android.gms-2/base.apk"],nativeLibraryDirectories=[/data/app/com.google.android.gms-2/lib/x86, /system/fake-libs, /data/app/com.google.android.gms-2/base.apk!/lib/x86, /system/lib, /vendor/lib]]
10-11 21:54:59.378: E/ChimeraRcvrProxy(5270): com.google.android.gms.checkin.CheckinServiceReceiver dropping broadcast com.google.gservices.intent.action.GSERVICES_CHANGED
10-11 21:54:59.411: W/dex2oat(6006): Before Android 4.1, method int android.support.v7.widget.ListViewCompat.lookForSelectablePosition(int, boolean) would have incorrectly overridden the package-private method in android.widget.ListView
10-11 21:54:59.435: I/Remoter(1395): Saved screenshot to '/data/screenshots/__pmv__-0097.jpg'
10-11 21:54:59.504: W/Auth(5286): [GetToken] GetToken failed with status code: INVALID_SCOPE
10-11 21:54:59.505: E/CheckinRequestBuilder(5270): Unrecoverable authentication exception: INVALID_SCOPE
10-11 21:54:59.505: E/CheckinRequestBuilder(5270): dzf: INVALID_SCOPE
10-11 21:54:59.505: E/CheckinRequestBuilder(5270): 	at dzj.a(:com.google.android.gms@11519470:16)
10-11 21:54:59.505: E/CheckinRequestBuilder(5270): 	at dzi.a(:com.google.android.gms@11519470:2)
10-11 21:54:59.505: E/CheckinRequestBuilder(5270): 	at dzi.e(:com.google.android.gms@11519470:6)
10-11 21:54:59.505: E/CheckinRequestBuilder(5270): 	at dzg.f(:com.google.android.gms@11519470:3)
10-11 21:54:59.505: E/CheckinRequestBuilder(5270): 	at dzg.a(:com.google.android.gms@11519470:4)
10-11 21:54:59.505: E/CheckinRequestBuilder(5270): 	at kbi.a(:com.google.android.gms@11519470:203)
10-11 21:54:59.505: E/CheckinRequestBuilder(5270): 	at kci.a(:com.google.android.gms@11519470:17)
10-11 21:54:59.505: E/CheckinRequestBuilder(5270): 	at kci.a(:com.google.android.gms@11519470:181)
10-11 21:54:59.505: E/CheckinRequestBuilder(5270): 	at com.google.android.gms.checkin.CheckinChimeraService.a(:com.google.android.gms@11519470:148)
10-11 21:54:59.505: E/CheckinRequestBuilder(5270): 	at kbe.run(:com.google.android.gms@11519470:2)
10-11 21:54:59.505: E/CheckinRequestBuilder(5270): 	at mmo.run(:com.google.android.gms@11519470:25)
10-11 21:54:59.505: E/CheckinRequestBuilder(5270): 	at java.util.concurrent.ThreadPoolExecutor.runWorker(ThreadPoolExecutor.java:1133)
10-11 21:54:59.505: E/CheckinRequestBuilder(5270): 	at java.util.concurrent.ThreadPoolExecutor$Worker.run(ThreadPoolExecutor.java:607)
10-11 21:54:59.505: E/CheckinRequestBuilder(5270): 	at mrv.run(:com.google.android.gms@11519470)
10-11 21:54:59.505: E/CheckinRequestBuilder(5270): 	at java.lang.Thread.run(Thread.java:761)
10-11 21:54:59.522: D/NetworkSecurityConfig(5662): No Network Security Config specified, using platform default
10-11 21:54:59.529: V/EmulatedCamera_Factory(1406): getCameraInfo: id = 0
10-11 21:54:59.529: V/EmulatedCamera_Camera(1406): getCameraInfo
10-11 21:54:59.529: V/EmulatedCamera_BaseCamera(1406): getCameraInfo
10-11 21:54:59.530: I/OcrModelUpStIntentOp(5270): Updating ocr activity enabled=true (phenotypeFlag=true, lowRamDevice=false, prereqCheck=true)
10-11 21:54:59.535: I/CheckinUtil(5270): Classify the device as Phone.
10-11 21:54:59.593: W/Auth(5286): [GetToken] GetToken failed with status code: INVALID_SCOPE
10-11 21:54:59.604: E/Auth.Api.Credentials(5270): [SyncManager] Error during the sync.
10-11 21:54:59.604: E/Auth.Api.Credentials(5270): dzf: INVALID_SCOPE
10-11 21:54:59.604: E/Auth.Api.Credentials(5270): 	at dzj.a(:com.google.android.gms@11519470:16)
10-11 21:54:59.604: E/Auth.Api.Credentials(5270): 	at dzi.a(:com.google.android.gms@11519470:2)
10-11 21:54:59.604: E/Auth.Api.Credentials(5270): 	at dzi.e(:com.google.android.gms@11519470:6)
10-11 21:54:59.604: E/Auth.Api.Credentials(5270): 	at dzi.d(:com.google.android.gms@11519470:1)
10-11 21:54:59.604: E/Auth.Api.Credentials(5270): 	at dzg.b(:com.google.android.gms@11519470:1)
10-11 21:54:59.604: E/Auth.Api.Credentials(5270): 	at mhp.b(:com.google.android.gms@11519470)
10-11 21:54:59.604: E/Auth.Api.Credentials(5270): 	at mgg.b(:com.google.android.gms@11519470:5)
10-11 21:54:59.604: E/Auth.Api.Credentials(5270): 	at mgw.b(:com.google.android.gms@11519470:9)
10-11 21:54:59.604: E/Auth.Api.Credentials(5270): 	at mgw.a(:com.google.android.gms@11519470:16)
10-11 21:54:59.604: E/Auth.Api.Credentials(5270): 	at mgw.a(:com.google.android.gms@11519470:32)
10-11 21:54:59.604: E/Auth.Api.Credentials(5270): 	at enf.b(:com.google.android.gms@11519470:45)
10-11 21:54:59.604: E/Auth.Api.Credentials(5270): 	at erg.a(:com.google.android.gms@11519470:4)
10-11 21:54:59.604: E/Auth.Api.Credentials(5270): 	at ere.a(:com.google.android.gms@11519470:84)
10-11 21:54:59.604: E/Auth.Api.Credentials(5270): 	at erd.a(:com.google.android.gms@11519470:60)
10-11 21:54:59.604: E/Auth.Api.Credentials(5270): 	at mlr.onPerformSync(:com.google.android.gms@11519470:6)
10-11 21:54:59.604: E/Auth.Api.Credentials(5270): 	at android.content.AbstractThreadedSyncAdapter$SyncThread.run(AbstractThreadedSyncAdapter.java:272)
10-11 21:54:59.624: I/NetRec(5286): [418] ConfigChangedIntentOperation.onHandleIntent: Handling an overridden GServices change
10-11 21:54:59.624: I/NetRec(5286): [418] yjf.b: onConfigChanged()
10-11 21:54:59.626: W/ConfigurationChimeraProvider(5286): Got null configs for com.google.android.gms.chromesync
10-11 21:54:59.631: I/GCoreUlr(5286): Starting service, intent=Intent { act=com.google.android.location.reporting.ACTION_UPDATE_WORLD cmp=com.google.android.gms/com.google.android.location.reporting.service.DispatchingService (has extras) }, extras=Bundle[{receiverAction=com.google.gservices.intent.action.GSERVICES_CHANGED}]
10-11 21:54:59.636: I/OcrModelUpStIntentOp(5270): Downloading text recognizer
10-11 21:54:59.640: W/dex2oat(6006): Before Android 4.1, method boolean com.facebook.share.widget.ShareButtonBase.canShare() would have incorrectly overridden the package-private method in android.widget.TextView
10-11 21:54:59.708: I/ActivityManager(1699): Start proc 6103:com.google.android.partnersetup/u0a21 for broadcast com.google.android.partnersetup/.RlzPingBroadcastReceiver
10-11 21:54:59.755: E/ConfigFileUtils(5270): Failed to read config file: /data/user_de/0/com.google.android.gms/app_chimera/current_modulesets.pb (No such file or directory)
10-11 21:54:59.760: W/System(6103): ClassLoader referenced unknown path: /system/priv-app/GooglePartnerSetup/lib/x86
10-11 21:54:59.791: W/ActivityManager(1699): Unable to start service Intent { cmp=com.google.android.gms/.analytics.service.RefreshEnabledStateService } U=0: not found
10-11 21:54:59.802: I/GCoreUlr(5286): WorldUpdater received intent Intent { act=com.google.android.location.reporting.ACTION_UPDATE_WORLD cmp=com.google.android.gms/com.google.android.location.reporting.service.DispatchingService (has extras) } with receiverAction com.google.gservices.intent.action.GSERVICES_CHANGED
10-11 21:54:59.812: I/Vision(5270): Supported ABIS: [x86, armeabi-v7a, armeabi]
10-11 21:54:59.922: W/GmsModuleProvider(5270): Unknown dynamite feature flags
10-11 21:54:59.922: I/DynamiteModule(5270): Considering local module com.google.android.gms.flags:2 and remote module com.google.android.gms.flags:0
10-11 21:54:59.922: I/DynamiteModule(5270): Selected local version of com.google.android.gms.flags
10-11 21:54:59.926: I/GoogleURLConnFactory(5270): Using platform SSLCertificateSocketFactory
10-11 21:54:59.927: I/Icing(5270): Indexing 46F205FCB023A71BB8181F093A553468EBB51225 from com.google.android.gms
10-11 21:54:59.937: I/Vision(5270): Engine already satisfied by existing download for ocr
10-11 21:54:59.982: I/GeofencerStateMachine(5286): sendQueryLocationOptIn
10-11 21:54:59.983: I/GeofencerStateMachine(5286): Network location disabled.
10-11 21:54:59.993: I/GeofencerStateMachine(5286): sendQueryLocationOptIn
10-11 21:54:59.993: I/GeofencerStateMachine(5286): sendQueryLocationOptIn
10-11 21:54:59.994: I/GeofencerStateMachine(5286): sendQueryLocationOptIn
10-11 21:54:59.997: I/MobileDataHub(5270): Using regular flags by method 1
10-11 21:55:00.002: I/GeofencerStateMachine(5286): sendQueryLocationOptIn
10-11 21:55:00.011: I/Icing(5270): Indexing done 46F205FCB023A71BB8181F093A553468EBB51225
10-11 21:55:00.012: I/GeofencerStateMachine(5286): sendQueryLocationOptIn
10-11 21:55:00.022: I/GeofencerStateMachine(5286): sendQueryLocationOptIn
10-11 21:55:00.025: I/ActivityManager(1699): Killing 5053:com.google.android.deskclock/u0a73 (adj 906): empty #17
10-11 21:55:00.035: I/Icing(5270): Indexing 2B3918B6139F3A0B1619F3C0FAE39DE588A18204 from com.google.android.gms
10-11 21:55:00.044: I/Auth(5286): [ReflectiveChannelBinder] Successfully bound channel!
10-11 21:55:00.112: I/Icing(5270): Indexing done 2B3918B6139F3A0B1619F3C0FAE39DE588A18204
10-11 21:55:00.113: I/Icing(5270): Indexing 471CDC362AD1D1CB70C091C320E7083C34641E68 from com.google.android.gms
10-11 21:55:00.115: I/art(5270): Background partial concurrent mark sweep GC freed 20042(1357KB) AllocSpace objects, 14(472KB) LOS objects, 39% free, 12MB/21MB, paused 4.341ms total 113.230ms
10-11 21:55:00.117: E/ProcessCheckinRequest(5270): CheckinNowTaskTag : Checkin Succeeded: https://android.clients.google.com/checkin (request #1): 
10-11 21:55:00.125: D/ActivityManager(1699): cleanUpApplicationRecord -- 5053
10-11 21:55:00.132: E/ConfigFileUtils(5270): Failed to read config file: /data/user_de/0/com.google.android.gms/app_chimera/current_modulesets.pb (No such file or directory)
10-11 21:55:00.187: I/FontsSharedState(5270): Updating from directory version 0 to 7 from disk
10-11 21:55:00.234: I/GCoreUlr(5286): WorldUpdater:com.google.gservices.intent.action.GSERVICES_CHANGED: Ensuring that reporting is stopped because of reasons: {account#11#=[InactiveReason{mIdentifier=10, mName='AuthError'}, InactiveReason{mIdentifier=6, mName='ReportingNotEnabled'}, InactiveReason{mIdentifier=14, mName='HistoryNotEnabled'}]}
10-11 21:55:00.246: I/GCoreUlr(5286): Unbound from all location providers
10-11 21:55:00.246: I/GCoreUlr(5286): Place inference reporting - stop
10-11 21:55:00.247: I/Icing(5270): Indexing done 471CDC362AD1D1CB70C091C320E7083C34641E68
10-11 21:55:00.249: I/art(5270): Do full code cache collection, code=118KB, data=117KB
10-11 21:55:00.290: I/WearableService(5286): Wearable Services stopping
10-11 21:55:00.314: I/GCoreUlr(5286): Unregistering for aliased place alerts.
10-11 21:55:00.320: I/Icing(5270): Indexing 850945EBB5973DAEEDF9F1A0D4B756D3CC293FF9 from com.google.android.gms
10-11 21:55:00.321: I/art(5270): Starting a blocking GC JitCodeCache
10-11 21:55:00.321: I/art(5270): After code cache collection, code=96KB, data=73KB
10-11 21:55:00.325: W/ConfigurationChimeraProvider(5286): Got null configs for com.google.android.gms.security
10-11 21:55:00.329: W/Conscrypt(5286): Could not set socket write timeout:
10-11 21:55:00.329: W/Conscrypt(5286):    java.lang.reflect.Method.invoke(Native Method)
10-11 21:55:00.329: W/Conscrypt(5286):    com.google.android.gms.org.conscrypt.Platform.setSocketWriteTimeout(:com.google.android.gms@11519470:13)
10-11 21:55:00.376: I/GCoreUlr(5286): DispatchingService.onDestroy()
10-11 21:55:00.406: I/CmaSystemUpdateService(5270): StartServiceIntentOperation: Intent { act=com.google.gservices.intent.action.GSERVICES_CHANGED flg=0x10 cmp=com.google.android.gms/.chimera.GmsIntentOperationService$PersistentInternalReceiver }
10-11 21:55:00.406: I/CmaSystemUpdateService(5270): receiver: Intent { act=com.google.gservices.intent.action.GSERVICES_CHANGED flg=0x10 cmp=com.google.android.gms/.chimera.GmsIntentOperationService$PersistentInternalReceiver }
10-11 21:55:00.409: I/GCoreUlr(5286): Stopping handler for UlrDispSvcFast
10-11 21:55:00.409: I/SystemUpdate(5270): [Installation,ReceiverIntentOperation] Received intent: Intent { act=com.google.gservices.intent.action.GSERVICES_CHANGED flg=0x10 cmp=com.google.android.gms/.chimera.GmsIntentOperationService$PersistentInternalReceiver }.
10-11 21:55:00.415: I/GCoreUlr(5286): Unbound from all location providers
10-11 21:55:00.415: I/GCoreUlr(5286): Place inference reporting - stop
10-11 21:55:00.431: I/ActivityManager(1699): Waited long enough for: ServiceRecord{2627d8e u0 com.google.android.googlequicksearchbox/com.google.android.apps.gsa.tasks.VelvetBackgroundTasksIntentService}
10-11 21:55:00.444: W/ConfigurationChimeraProvider(5286): Got null configs for com.google.android.gms.update
10-11 21:55:00.449: I/GCoreUlr(5286): Unregistering for aliased place alerts.
10-11 21:55:00.455: W/ChimeraUtils(5270): Non Chimera context
10-11 21:55:00.513: I/Places(5286): ?: Couldn't find platform key file.
10-11 21:55:00.515: I/Icing(5270): Indexing done 850945EBB5973DAEEDF9F1A0D4B756D3CC293FF9
10-11 21:55:00.516: I/Icing(5270): Not indexing corpus from package com.android.chrome as it has never connected
10-11 21:55:00.516: E/Icing(5270): Aborting indexing of corpus omnibox
10-11 21:55:00.519: W/Conscrypt(5286): Could not set socket write timeout:
10-11 21:55:00.520: W/Conscrypt(5286):    java.lang.reflect.Method.invoke(Native Method)
10-11 21:55:00.520: W/Conscrypt(5286):    com.google.android.gms.org.conscrypt.Platform.setSocketWriteTimeout(:com.google.android.gms@11519470:13)
10-11 21:55:00.532: I/SystemUpdate(5270): [Execution,InstallationEventIntentOperation] Received intent with event 2.
10-11 21:55:00.536: I/CmaSystemUpdateService(5270): connectivity change: Intent { act=android.net.conn.CONNECTIVITY_CHANGE flg=0x4000010 (has extras) }
10-11 21:55:00.536: I/CmaSystemUpdateService(5270): receiver: Intent { act=android.net.conn.CONNECTIVITY_CHANGE flg=0x4000010 (has extras) }
10-11 21:55:00.543: I/SystemUpdate(5270): [Execution,InstallationIntentOperation] Received intent: Intent { act=com.google.android.gms.update.INSTALL_UPDATE cat=[targeted_intent_op_prefix:.update.execution.InstallationIntentOperation] cmp=com.google.android.gms/.chimera.GmsIntentOperationService }.
10-11 21:55:00.574: I/Icing(5270): Indexing 51C3B5AF46497F3011638FECF638F1B31437CA73 from com.google.android.gms
10-11 21:55:00.575: I/SystemUpdateTask(5270): cancelUpdate (empty URL)
10-11 21:55:00.575: I/CmaSystemUpdateService(5270): active receiver: disabled
10-11 21:55:00.577: E/ConfigFileUtils(5270): Failed to read config file: /data/user_de/0/com.google.android.gms/app_chimera/current_modulesets.pb (No such file or directory)
10-11 21:55:00.586: I/Icing(5270): Indexing done 51C3B5AF46497F3011638FECF638F1B31437CA73
10-11 21:55:00.594: W/Auth(5286): [GetToken] GetToken failed with status code: INVALID_SCOPE
10-11 21:55:00.596: E/Auth.Api.Credentials(5270): [SyncManager] Error during the sync.
10-11 21:55:00.596: E/Auth.Api.Credentials(5270): dzf: INVALID_SCOPE
10-11 21:55:00.596: E/Auth.Api.Credentials(5270): 	at dzj.a(:com.google.android.gms@11519470:16)
10-11 21:55:00.596: E/Auth.Api.Credentials(5270): 	at dzi.a(:com.google.android.gms@11519470:2)
10-11 21:55:00.596: E/Auth.Api.Credentials(5270): 	at dzi.e(:com.google.android.gms@11519470:6)
10-11 21:55:00.596: E/Auth.Api.Credentials(5270): 	at dzi.d(:com.google.android.gms@11519470:1)
10-11 21:55:00.596: E/Auth.Api.Credentials(5270): 	at dzg.b(:com.google.android.gms@11519470:1)
10-11 21:55:00.596: E/Auth.Api.Credentials(5270): 	at mhp.b(:com.google.android.gms@11519470)
10-11 21:55:00.596: E/Auth.Api.Credentials(5270): 	at mgg.b(:com.google.android.gms@11519470:5)
10-11 21:55:00.596: E/Auth.Api.Credentials(5270): 	at mgw.b(:com.google.android.gms@11519470:9)
10-11 21:55:00.596: E/Auth.Api.Credentials(5270): 	at mgw.a(:com.google.android.gms@11519470:16)
10-11 21:55:00.596: E/Auth.Api.Credentials(5270): 	at mgw.a(:com.google.android.gms@11519470:32)
10-11 21:55:00.596: E/Auth.Api.Credentials(5270): 	at enf.b(:com.google.android.gms@11519470:45)
10-11 21:55:00.596: E/Auth.Api.Credentials(5270): 	at erg.a(:com.google.android.gms@11519470:4)
10-11 21:55:00.596: E/Auth.Api.Credentials(5270): 	at ere.a(:com.google.android.gms@11519470:84)
10-11 21:55:00.596: E/Auth.Api.Credentials(5270): 	at erd.a(:com.google.android.gms@11519470:60)
10-11 21:55:00.596: E/Auth.Api.Credentials(5270): 	at mlr.onPerformSync(:com.google.android.gms@11519470:6)
10-11 21:55:00.596: E/Auth.Api.Credentials(5270): 	at android.content.AbstractThreadedSyncAdapter$SyncThread.run(AbstractThreadedSyncAdapter.java:272)
10-11 21:55:00.638: I/SystemUpdateTask(5270): cancelUpdate (empty URL)
10-11 21:55:00.638: I/CmaSystemUpdateService(5270): active receiver: disabled
10-11 21:55:00.645: I/GeofencerStateMachine(5286): removeGeofences: removeRequest=RemoveGeofencingRequest[REMOVE_BY_PENDING_INTENT pendingIntent=PendingIntent[creatorPackage=com.google.android.gms], packageName=null]
10-11 21:55:00.645: I/GeofencerStateMachine(5286): removeGeofences: removeRequest=RemoveGeofencingRequest[REMOVE_BY_PENDING_INTENT pendingIntent=PendingIntent[creatorPackage=com.google.android.gms], packageName=null]
10-11 21:55:00.648: I/Places(5286): ?: Couldn't find platform key file.
10-11 21:55:00.660: I/Icing(5270): IndexChimeraService.getServiceInterface callingPackage=com.google.android.videos componentName=null serviceId=36
10-11 21:55:00.665: I/Remoter(1395): Saved screenshot to '/data/screenshots/__pmv__-0098.jpg'
10-11 21:55:00.715: E/Auth.Api.Credentials(5270): [CredentialSyncAdapter] Unknown sync event.
10-11 21:55:00.719: I/GeofencerStateMachine(5286): removeGeofences: removeRequest=RemoveGeofencingRequest[REMOVE_BY_PENDING_INTENT pendingIntent=PendingIntent[creatorPackage=com.google.android.gms], packageName=null]
10-11 21:55:00.727: I/GeofencerStateMachine(5286): removeGeofences: removeRequest=RemoveGeofencingRequest[REMOVE_BY_PENDING_INTENT pendingIntent=PendingIntent[creatorPackage=com.google.android.gms], packageName=null]
10-11 21:55:00.730: I/GeofencerStateMachine(5286): removeGeofences: removeRequest=RemoveGeofencingRequest[REMOVE_BY_PENDING_INTENT pendingIntent=PendingIntent[creatorPackage=com.google.android.gms], packageName=null]
10-11 21:55:00.732: I/GeofencerStateMachine(5286): removeGeofences: removeRequest=RemoveGeofencingRequest[REMOVE_BY_PENDING_INTENT pendingIntent=PendingIntent[creatorPackage=com.google.android.gms], packageName=null]
10-11 21:55:00.763: I/Icing(5270): App usage reports: 1
10-11 21:55:00.766: I/Icing(5270): Usage reports 1 indexed 0 rejected 0 imm upload false
10-11 21:55:00.767: I/Icing(5270): Indexing done 241B09F6E3C69FD9792618117EAD9E8F2E42DB55
10-11 21:55:00.800: W/dex2oat(6006): Before Android 4.1, method void rx.internal.operators.OnSubscribeGroupJoin$ResultManager.init() would have incorrectly overridden the package-private method in java.util.HashMap
10-11 21:55:00.800: I/Icing(5270): Usage reports 0 indexed 0 rejected 0 imm upload false
10-11 21:55:00.824: W/Auth(5286): [GetToken] GetToken failed with status code: INVALID_SCOPE
10-11 21:55:01.032: W/Auth(5286): [GetToken] GetToken failed with status code: INVALID_SCOPE
10-11 21:55:01.036: E/HeterodyneSyncer(5286): Failed to get auth token: INVALID_SCOPE
10-11 21:55:01.036: E/HeterodyneSyncer(5286): dzf: INVALID_SCOPE
10-11 21:55:01.036: E/HeterodyneSyncer(5286): 	at dzj.a(:com.google.android.gms@11519470:16)
10-11 21:55:01.036: E/HeterodyneSyncer(5286): 	at dzi.a(:com.google.android.gms@11519470:2)
10-11 21:55:01.036: E/HeterodyneSyncer(5286): 	at dzi.e(:com.google.android.gms@11519470:6)
10-11 21:55:01.036: E/HeterodyneSyncer(5286): 	at dzg.f(:com.google.android.gms@11519470:3)
10-11 21:55:01.036: E/HeterodyneSyncer(5286): 	at dzg.a(:com.google.android.gms@11519470:4)
10-11 21:55:01.036: E/HeterodyneSyncer(5286): 	at dzg.a(:com.google.android.gms@11519470:7)
10-11 21:55:01.036: E/HeterodyneSyncer(5286): 	at aazh.a(:com.google.android.gms@11519470:30)
10-11 21:55:01.036: E/HeterodyneSyncer(5286): 	at aazj.a(:com.google.android.gms@11519470:27)
10-11 21:55:01.036: E/HeterodyneSyncer(5286): 	at aazj.a(:com.google.android.gms@11519470:158)
10-11 21:55:01.036: E/HeterodyneSyncer(5286): 	at aazj.a(:com.google.android.gms@11519470:284)
10-11 21:55:01.036: E/HeterodyneSyncer(5286): 	at com.google.android.gms.phenotype.sync.HeterodyneSyncTaskChimeraService.a(:com.google.android.gms@11519470:40)
10-11 21:55:01.036: E/HeterodyneSyncer(5286): 	at com.google.android.gms.phenotype.sync.HeterodyneSyncTaskChimeraService.a(:com.google.android.gms@11519470:19)
10-11 21:55:01.036: E/HeterodyneSyncer(5286): 	at ssv.run(:com.google.android.gms@11519470:1)
10-11 21:55:01.036: E/HeterodyneSyncer(5286): 	at java.util.concurrent.ThreadPoolExecutor.runWorker(ThreadPoolExecutor.java:1133)
10-11 21:55:01.036: E/HeterodyneSyncer(5286): 	at java.util.concurrent.ThreadPoolExecutor$Worker.run(ThreadPoolExecutor.java:607)
10-11 21:55:01.036: E/HeterodyneSyncer(5286): 	at java.lang.Thread.run(Thread.java:761)
10-11 21:55:01.106: W/HeterodyneSyncer(5286): Server returned 401... invalidating auth token
10-11 21:55:01.126: I/NetRec(5286): [464] ConfigChangedIntentOperation.onHandleIntent: Handling a Phenotype update
10-11 21:55:01.127: I/NetRec(5286): [464] yjf.b: onConfigChanged()
10-11 21:55:01.168: I/ActivityManager(1699): Start proc 6152:com.google.android.dialer/u0a16 for broadcast com.google.android.dialer/com.google.android.apps.dialer.phenotype.UpdateBroadcastReceiver
10-11 21:55:01.197: I/NetRec(5286): [465] ConfigChangedIntentOperation.onHandleIntent: Handling a Phenotype update
10-11 21:55:01.197: I/NetRec(5286): [465] yjf.b: onConfigChanged()
10-11 21:55:01.207: W/System(6152): ClassLoader referenced unknown path: /system/framework/com.google.android.dialer.support.jar
10-11 21:55:01.209: W/System(6152): ClassLoader referenced unknown path: /system/priv-app/GoogleDialer/lib/x86
10-11 21:55:01.229: I/NetRec(5286): [464] ConfigChangedIntentOperation.onHandleIntent: Handling a Phenotype update
10-11 21:55:01.232: I/NetRec(5286): [464] yjf.b: onConfigChanged()
10-11 21:55:01.328: I/NetRec(5286): [467] ConfigChangedIntentOperation.onHandleIntent: Handling a Phenotype update
10-11 21:55:01.333: I/NetRec(5286): [467] yjf.b: onConfigChanged()
10-11 21:55:01.343: I/ActivityManager(1699): Start proc 6173:com.google.android.gms.feedback/u0a14 for service com.google.android.gms/.feedback.FeedbackService
10-11 21:55:01.351: I/Dialer(6152): ShortcutsJobScheduler.scheduleAllJobs
10-11 21:55:01.369: I/Dialer(6152): ShortcutsJobScheduler, enabling shortcuts
10-11 21:55:01.369: I/Dialer(6152): PeriodicJobService.schedulePeriodicJob
10-11 21:55:01.370: I/Dialer(6152): PeriodicJobService, job already scheduled.
10-11 21:55:01.417: I/LoadedApk(6173): No resource references to update in package FFFFFFFFFFFFFFFFFFFFFF
10-11 21:55:01.434: I/ActivityManager(1699): Start proc 6199:com.google.android.apps.gcs/u0a13 for broadcast com.google.android.apps.gcs/com.google.android.flib.phenotype.receivers.PhenotypeExperimentsChangedReceiver
10-11 21:55:01.454: W/System(6199): ClassLoader referenced unknown path: /system/priv-app/GCS/lib/x86
10-11 21:55:01.461: V/NativeCrypto(6173): Registering com/google/android/gms/org/conscrypt/NativeCrypto's 259 native methods...
10-11 21:55:01.479: D/NetworkSecurityConfig(6173): No Network Security Config specified, using platform default
10-11 21:55:01.480: I/ProviderInstaller(6173): Installed default security provider GmsCore_OpenSSL
10-11 21:55:01.579: I/HeterodyneSyncScheduler(5286): Scheduling adaptive one off task with window [14400, 604800] in seconds
10-11 21:55:01.625: I/NetRec(5286): [464] ConfigChangedIntentOperation.onHandleIntent: Handling a Phenotype update
10-11 21:55:01.625: I/NetRec(5286): [464] yjf.b: onConfigChanged()
10-11 21:55:01.648: I/Icing(5270): Indexing DCEAA18E558319C85E9C6151DAEE8B9BF255171A from com.google.android.videos
10-11 21:55:01.749: I/NetRec(5286): [464] ConfigChangedIntentOperation.onHandleIntent: Handling a Phenotype update
10-11 21:55:01.749: I/NetRec(5286): [464] yjf.b: onConfigChanged()
10-11 21:55:01.759: W/InstanceID/Rpc(6199): Found 10014
10-11 21:55:01.765: I/GAv4(6199): Google Analytics 8.4.87 is starting up. To enable debug logging on a device run:
10-11 21:55:01.765: I/GAv4(6199):   adb shell setprop log.tag.GAv4 DEBUG
10-11 21:55:01.765: I/GAv4(6199):   adb logcat -s GAv4
10-11 21:55:01.806: W/GAv4(6199): AnalyticsReceiver is not registered or is disabled. Register the receiver for reliable dispatching on non-Google Play devices. See http://goo.gl/8Rd3yj for instructions.
10-11 21:55:01.806: I/Remoter(1395): Saved screenshot to '/data/screenshots/__pmv__-0099.jpg'
10-11 21:55:01.809: W/GAv4(6199): CampaignTrackingReceiver is not registered, not exported or is disabled. Installation campaign tracking is not possible. See http://goo.gl/8Rd3yj for instructions.
10-11 21:55:01.817: W/dex2oat(6006): Verification of boolean com.google.android.gms.internal.zzatj.zza(com.google.android.gms.internal.zzauw$zze, boolean) took 155.068ms
10-11 21:55:01.838: I/NetRec(5286): [467] ConfigChangedIntentOperation.onHandleIntent: Handling a Phenotype update
10-11 21:55:01.838: I/NetRec(5286): [467] yjf.b: onConfigChanged()
10-11 21:55:01.840: W/GAv4(6199): AnalyticsService not registered in the app manifest. Hits might not be delivered reliably. See http://goo.gl/8Rd3yj for instructions.
10-11 21:55:01.846: I/DynamiteModule(6173): Considering local module com.google.android.gms.googlecertificates:4 and remote module com.google.android.gms.googlecertificates:4
10-11 21:55:01.846: I/DynamiteModule(6173): Selected local version of com.google.android.gms.googlecertificates
10-11 21:55:01.881: I/ActivityManager(1699): Killing 5540:com.google.android.apps.auth.test.support/u0a85 (adj 906): empty #17
10-11 21:55:01.899: I/Icing(5270): Indexing done DCEAA18E558319C85E9C6151DAEE8B9BF255171A
10-11 21:55:01.953: I/Icing(5270): Indexing 1B7594F4EE77AE382612EE5F93BE44937B96AFA2 from com.google.android.videos
10-11 21:55:01.955: D/ActivityManager(1699): cleanUpApplicationRecord -- 5540
10-11 21:55:01.987: I/Icing(5270): Indexing done 1B7594F4EE77AE382612EE5F93BE44937B96AFA2
10-11 21:55:02.002: E/IntentOperationSvc(5270): Failed to instantiate Chimera operation impl com.google.android.gms.people.service.SettingsChangedBroadcastIntentOperation, dropping operation
10-11 21:55:02.002: E/IntentOperationSvc(5270): java.lang.reflect.InvocationTargetException
10-11 21:55:02.002: E/IntentOperationSvc(5270): 	at java.lang.reflect.Constructor.newInstance0(Native Method)
10-11 21:55:02.002: E/IntentOperationSvc(5270): 	at java.lang.reflect.Constructor.newInstance(Constructor.java:430)
10-11 21:55:02.002: E/IntentOperationSvc(5270): 	at bwj.a(:com.google.android.gms@11519470:8)
10-11 21:55:02.002: E/IntentOperationSvc(5270): 	at bwk.run(:com.google.android.gms@11519470:69)
10-11 21:55:02.002: E/IntentOperationSvc(5270): 	at java.util.concurrent.ThreadPoolExecutor.runWorker(ThreadPoolExecutor.java:1133)
10-11 21:55:02.002: E/IntentOperationSvc(5270): 	at java.util.concurrent.ThreadPoolExecutor$Worker.run(ThreadPoolExecutor.java:607)
10-11 21:55:02.002: E/IntentOperationSvc(5270): 	at java.lang.Thread.run(Thread.java:761)
10-11 21:55:02.002: E/IntentOperationSvc(5270): Caused by: java.lang.NullPointerException: Attempt to invoke virtual method 'android.content.SharedPreferences android.content.Context.getSharedPreferences(java.lang.String, int)' on a null object reference
10-11 21:55:02.002: E/IntentOperationSvc(5270): 	at android.content.ContextWrapper.getSharedPreferences(ContextWrapper.java:164)
10-11 21:55:02.002: E/IntentOperationSvc(5270): 	at zbv.a(:com.google.android.gms@11519470:6)
10-11 21:55:02.002: E/IntentOperationSvc(5270): 	at com.google.android.gms.people.service.SettingsChangedBroadcastIntentOperation.<init>(:com.google.android.gms@11519470:2)
10-11 21:55:02.002: E/IntentOperationSvc(5270): 	... 7 more
10-11 21:55:02.002: W/OcrModelUpStIntentOp(5270): Invalid action: com.google.android.gms.phenotype.COMMITTED
10-11 21:55:02.020: I/PTCommittedOperation(5286): Receive new configuration for com.google.android.gms.devicedoctor
10-11 21:55:02.025: I/PTCommittedOperation(5286): Running Fixer Framework for com.google.android.gms.devicedoctor
10-11 21:55:02.042: W/OcrModelUpStIntentOp(5270): Invalid action: com.google.android.gms.phenotype.COMMITTED
10-11 21:55:02.042: E/IntentOperationSvc(5270): Failed to instantiate Chimera operation impl com.google.android.gms.people.service.SettingsChangedBroadcastIntentOperation, dropping operation
10-11 21:55:02.042: E/IntentOperationSvc(5270): java.lang.reflect.InvocationTargetException
10-11 21:55:02.042: E/IntentOperationSvc(5270): 	at java.lang.reflect.Constructor.newInstance0(Native Method)
10-11 21:55:02.042: E/IntentOperationSvc(5270): 	at java.lang.reflect.Constructor.newInstance(Constructor.java:430)
10-11 21:55:02.042: E/IntentOperationSvc(5270): 	at bwj.a(:com.google.android.gms@11519470:8)
10-11 21:55:02.042: E/IntentOperationSvc(5270): 	at bwk.run(:com.google.android.gms@11519470:69)
10-11 21:55:02.042: E/IntentOperationSvc(5270): 	at java.util.concurrent.ThreadPoolExecutor.runWorker(ThreadPoolExecutor.java:1133)
10-11 21:55:02.042: E/IntentOperationSvc(5270): 	at java.util.concurrent.ThreadPoolExecutor$Worker.run(ThreadPoolExecutor.java:607)
10-11 21:55:02.042: E/IntentOperationSvc(5270): 	at java.lang.Thread.run(Thread.java:761)
10-11 21:55:02.042: E/IntentOperationSvc(5270): Caused by: java.lang.NullPointerException: Attempt to invoke virtual method 'android.content.SharedPreferences android.content.Context.getSharedPreferences(java.lang.String, int)' on a null object reference
10-11 21:55:02.042: E/IntentOperationSvc(5270): 	at android.content.ContextWrapper.getSharedPreferences(ContextWrapper.java:164)
10-11 21:55:02.042: E/IntentOperationSvc(5270): 	at zbv.a(:com.google.android.gms@11519470:6)
10-11 21:55:02.042: E/IntentOperationSvc(5270): 	at com.google.android.gms.people.service.SettingsChangedBroadcastIntentOperation.<init>(:com.google.android.gms@11519470:2)
10-11 21:55:02.042: E/IntentOperationSvc(5270): 	... 7 more
10-11 21:55:02.044: I/PTCommittedOperation(5286): Receive new configuration for com.google.android.gms.people
10-11 21:55:02.074: I/NetRec(5286): [468] ConfigChangedIntentOperation.onHandleIntent: Handling a Phenotype update
10-11 21:55:02.074: I/NetRec(5286): [468] yjf.b: onConfigChanged()
10-11 21:55:02.088: I/PhenotypeUpdate(1773): onReceive()
10-11 21:55:02.176: I/art(5286): Do full code cache collection, code=250KB, data=225KB
10-11 21:55:02.177: I/art(5286): Starting a blocking GC JitCodeCache
10-11 21:55:02.177: I/art(5286): After code cache collection, code=238KB, data=187KB
10-11 21:55:02.185: I/NetRec(5286): [468] ConfigChangedIntentOperation.onHandleIntent: Handling a Phenotype update
10-11 21:55:02.186: I/NetRec(5286): [468] yjf.b: onConfigChanged()
10-11 21:55:02.218: E/IntentOperationSvc(5270): Failed to instantiate Chimera operation impl com.google.android.gms.people.service.SettingsChangedBroadcastIntentOperation, dropping operation
10-11 21:55:02.218: E/IntentOperationSvc(5270): java.lang.reflect.InvocationTargetException
10-11 21:55:02.218: E/IntentOperationSvc(5270): 	at java.lang.reflect.Constructor.newInstance0(Native Method)
10-11 21:55:02.218: E/IntentOperationSvc(5270): 	at java.lang.reflect.Constructor.newInstance(Constructor.java:430)
10-11 21:55:02.218: E/IntentOperationSvc(5270): 	at bwj.a(:com.google.android.gms@11519470:8)
10-11 21:55:02.218: E/IntentOperationSvc(5270): 	at bwk.run(:com.google.android.gms@11519470:69)
10-11 21:55:02.218: E/IntentOperationSvc(5270): 	at java.util.concurrent.ThreadPoolExecutor.runWorker(ThreadPoolExecutor.java:1133)
10-11 21:55:02.218: E/IntentOperationSvc(5270): 	at java.util.concurrent.ThreadPoolExecutor$Worker.run(ThreadPoolExecutor.java:607)
10-11 21:55:02.218: E/IntentOperationSvc(5270): 	at java.lang.Thread.run(Thread.java:761)
10-11 21:55:02.218: E/IntentOperationSvc(5270): Caused by: java.lang.NullPointerException: Attempt to invoke virtual method 'android.content.SharedPreferences android.content.Context.getSharedPreferences(java.lang.String, int)' on a null object reference
10-11 21:55:02.218: E/IntentOperationSvc(5270): 	at android.content.ContextWrapper.getSharedPreferences(ContextWrapper.java:164)
10-11 21:55:02.218: E/IntentOperationSvc(5270): 	at zbv.a(:com.google.android.gms@11519470:6)
10-11 21:55:02.218: E/IntentOperationSvc(5270): 	at com.google.android.gms.people.service.SettingsChangedBroadcastIntentOperation.<init>(:com.google.android.gms@11519470:2)
10-11 21:55:02.218: E/IntentOperationSvc(5270): 	... 7 more
10-11 21:55:02.218: W/OcrModelUpStIntentOp(5270): Invalid action: com.google.android.gms.phenotype.COMMITTED
10-11 21:55:02.222: I/PTCommittedOperation(5286): Receive new configuration for com.google.android.gms.icing
10-11 21:55:02.223: E/IntentOperationSvc(5270): Failed to instantiate Chimera operation impl com.google.android.gms.people.service.SettingsChangedBroadcastIntentOperation, dropping operation
10-11 21:55:02.223: E/IntentOperationSvc(5270): java.lang.reflect.InvocationTargetException
10-11 21:55:02.223: E/IntentOperationSvc(5270): 	at java.lang.reflect.Constructor.newInstance0(Native Method)
10-11 21:55:02.223: E/IntentOperationSvc(5270): 	at java.lang.reflect.Constructor.newInstance(Constructor.java:430)
10-11 21:55:02.223: E/IntentOperationSvc(5270): 	at bwj.a(:com.google.android.gms@11519470:8)
10-11 21:55:02.223: E/IntentOperationSvc(5270): 	at bwk.run(:com.google.android.gms@11519470:69)
10-11 21:55:02.223: E/IntentOperationSvc(5270): 	at java.util.concurrent.ThreadPoolExecutor.runWorker(ThreadPoolExecutor.java:1133)
10-11 21:55:02.223: E/IntentOperationSvc(5270): 	at java.util.concurrent.ThreadPoolExecutor$Worker.run(ThreadPoolExecutor.java:607)
10-11 21:55:02.223: E/IntentOperationSvc(5270): 	at java.lang.Thread.run(Thread.java:761)
10-11 21:55:02.223: E/IntentOperationSvc(5270): Caused by: java.lang.NullPointerException: Attempt to invoke virtual method 'android.content.SharedPreferences android.content.Context.getSharedPreferences(java.lang.String, int)' on a null object reference
10-11 21:55:02.223: E/IntentOperationSvc(5270): 	at android.content.ContextWrapper.getSharedPreferences(ContextWrapper.java:164)
10-11 21:55:02.223: E/IntentOperationSvc(5270): 	at zbv.a(:com.google.android.gms@11519470:6)
10-11 21:55:02.223: E/IntentOperationSvc(5270): 	at com.google.android.gms.people.service.SettingsChangedBroadcastIntentOperation.<init>(:com.google.android.gms@11519470:2)
10-11 21:55:02.223: E/IntentOperationSvc(5270): 	... 7 more
10-11 21:55:02.233: I/PTCommittedOperation(5286): Receive new configuration for com.google.android.gms.magictether
10-11 21:55:02.243: E/IntentOperationSvc(5270): Failed to instantiate Chimera operation impl com.google.android.gms.people.service.SettingsChangedBroadcastIntentOperation, dropping operation
10-11 21:55:02.243: E/IntentOperationSvc(5270): java.lang.reflect.InvocationTargetException
10-11 21:55:02.243: E/IntentOperationSvc(5270): 	at java.lang.reflect.Constructor.newInstance0(Native Method)
10-11 21:55:02.243: E/IntentOperationSvc(5270): 	at java.lang.reflect.Constructor.newInstance(Constructor.java:430)
10-11 21:55:02.243: E/IntentOperationSvc(5270): 	at bwj.a(:com.google.android.gms@11519470:8)
10-11 21:55:02.243: E/IntentOperationSvc(5270): 	at bwk.run(:com.google.android.gms@11519470:69)
10-11 21:55:02.243: E/IntentOperationSvc(5270): 	at java.util.concurrent.ThreadPoolExecutor.runWorker(ThreadPoolExecutor.java:1133)
10-11 21:55:02.243: E/IntentOperationSvc(5270): 	at java.util.concurrent.ThreadPoolExecutor$Worker.run(ThreadPoolExecutor.java:607)
10-11 21:55:02.243: E/IntentOperationSvc(5270): 	at java.lang.Thread.run(Thread.java:761)
10-11 21:55:02.243: E/IntentOperationSvc(5270): Caused by: java.lang.NullPointerException: Attempt to invoke virtual method 'android.content.SharedPreferences android.content.Context.getSharedPreferences(java.lang.String, int)' on a null object reference
10-11 21:55:02.243: E/IntentOperationSvc(5270): 	at android.content.ContextWrapper.getSharedPreferences(ContextWrapper.java:164)
10-11 21:55:02.243: E/IntentOperationSvc(5270): 	at zbv.a(:com.google.android.gms@11519470:6)
10-11 21:55:02.243: E/IntentOperationSvc(5270): 	at com.google.android.gms.people.service.SettingsChangedBroadcastIntentOperation.<init>(:com.google.android.gms@11519470:2)
10-11 21:55:02.243: E/IntentOperationSvc(5270): 	... 7 more
10-11 21:55:02.247: W/OcrModelUpStIntentOp(5270): Invalid action: com.google.android.gms.phenotype.COMMITTED
10-11 21:55:02.251: W/OcrModelUpStIntentOp(5270): Invalid action: com.google.android.gms.phenotype.COMMITTED
10-11 21:55:02.259: E/IntentOperationSvc(5270): Failed to instantiate Chimera operation impl com.google.android.gms.people.service.SettingsChangedBroadcastIntentOperation, dropping operation
10-11 21:55:02.259: E/IntentOperationSvc(5270): java.lang.reflect.InvocationTargetException
10-11 21:55:02.259: E/IntentOperationSvc(5270): 	at java.lang.reflect.Constructor.newInstance0(Native Method)
10-11 21:55:02.259: E/IntentOperationSvc(5270): 	at java.lang.reflect.Constructor.newInstance(Constructor.java:430)
10-11 21:55:02.259: E/IntentOperationSvc(5270): 	at bwj.a(:com.google.android.gms@11519470:8)
10-11 21:55:02.259: E/IntentOperationSvc(5270): 	at bwk.run(:com.google.android.gms@11519470:69)
10-11 21:55:02.259: E/IntentOperationSvc(5270): 	at java.util.concurrent.ThreadPoolExecutor.runWorker(ThreadPoolExecutor.java:1133)
10-11 21:55:02.259: E/IntentOperationSvc(5270): 	at java.util.concurrent.ThreadPoolExecutor$Worker.run(ThreadPoolExecutor.java:607)
10-11 21:55:02.259: E/IntentOperationSvc(5270): 	at java.lang.Thread.run(Thread.java:761)
10-11 21:55:02.259: E/IntentOperationSvc(5270): Caused by: java.lang.NullPointerException: Attempt to invoke virtual method 'android.content.SharedPreferences android.content.Context.getSharedPreferences(java.lang.String, int)' on a null object reference
10-11 21:55:02.259: E/IntentOperationSvc(5270): 	at android.content.ContextWrapper.getSharedPreferences(ContextWrapper.java:164)
10-11 21:55:02.259: E/IntentOperationSvc(5270): 	at zbv.a(:com.google.android.gms@11519470:6)
10-11 21:55:02.259: E/IntentOperationSvc(5270): 	at com.google.android.gms.people.service.SettingsChangedBroadcastIntentOperation.<init>(:com.google.android.gms@11519470:2)
10-11 21:55:02.259: E/IntentOperationSvc(5270): 	... 7 more
10-11 21:55:02.259: W/OcrModelUpStIntentOp(5270): Invalid action: com.google.android.gms.phenotype.COMMITTED
10-11 21:55:02.259: E/IntentOperationSvc(5270): Failed to instantiate Chimera operation impl com.google.android.gms.people.service.SettingsChangedBroadcastIntentOperation, dropping operation
10-11 21:55:02.259: E/IntentOperationSvc(5270): java.lang.reflect.InvocationTargetException
10-11 21:55:02.259: E/IntentOperationSvc(5270): 	at java.lang.reflect.Constructor.newInstance0(Native Method)
10-11 21:55:02.259: E/IntentOperationSvc(5270): 	at java.lang.reflect.Constructor.newInstance(Constructor.java:430)
10-11 21:55:02.259: E/IntentOperationSvc(5270): 	at bwj.a(:com.google.android.gms@11519470:8)
10-11 21:55:02.259: E/IntentOperationSvc(5270): 	at bwk.run(:com.google.android.gms@11519470:69)
10-11 21:55:02.259: E/IntentOperationSvc(5270): 	at java.util.concurrent.ThreadPoolExecutor.runWorker(ThreadPoolExecutor.java:1133)
10-11 21:55:02.259: E/IntentOperationSvc(5270): 	at java.util.concurrent.ThreadPoolExecutor$Worker.run(ThreadPoolExecutor.java:607)
10-11 21:55:02.259: E/IntentOperationSvc(5270): 	at java.lang.Thread.run(Thread.java:761)
10-11 21:55:02.259: E/IntentOperationSvc(5270): Caused by: java.lang.NullPointerException: Attempt to invoke virtual method 'android.content.SharedPreferences android.content.Context.getSharedPreferences(java.lang.String, int)' on a null object reference
10-11 21:55:02.259: E/IntentOperationSvc(5270): 	at android.content.ContextWrapper.getSharedPreferences(ContextWrapper.java:164)
10-11 21:55:02.259: E/IntentOperationSvc(5270): 	at zbv.a(:com.google.android.gms@11519470:6)
10-11 21:55:02.259: E/IntentOperationSvc(5270): 	at com.google.android.gms.people.service.SettingsChangedBroadcastIntentOperation.<init>(:com.google.android.gms@11519470:2)
10-11 21:55:02.259: E/IntentOperationSvc(5270): 	... 7 more
10-11 21:55:02.261: W/OcrModelUpStIntentOp(5270): Invalid action: com.google.android.gms.phenotype.COMMITTED
10-11 21:55:02.267: W/OcrModelUpStIntentOp(5270): Invalid action: com.google.android.gms.phenotype.COMMITTED
10-11 21:55:02.268: E/IntentOperationSvc(5270): Failed to instantiate Chimera operation impl com.google.android.gms.people.service.SettingsChangedBroadcastIntentOperation, dropping operation
10-11 21:55:02.268: E/IntentOperationSvc(5270): java.lang.reflect.InvocationTargetException
10-11 21:55:02.268: E/IntentOperationSvc(5270): 	at java.lang.reflect.Constructor.newInstance0(Native Method)
10-11 21:55:02.268: E/IntentOperationSvc(5270): 	at java.lang.reflect.Constructor.newInstance(Constructor.java:430)
10-11 21:55:02.268: E/IntentOperationSvc(5270): 	at bwj.a(:com.google.android.gms@11519470:8)
10-11 21:55:02.268: E/IntentOperationSvc(5270): 	at bwk.run(:com.google.android.gms@11519470:69)
10-11 21:55:02.268: E/IntentOperationSvc(5270): 	at java.util.concurrent.ThreadPoolExecutor.runWorker(ThreadPoolExecutor.java:1133)
10-11 21:55:02.268: E/IntentOperationSvc(5270): 	at java.util.concurrent.ThreadPoolExecutor$Worker.run(ThreadPoolExecutor.java:607)
10-11 21:55:02.268: E/IntentOperationSvc(5270): 	at java.lang.Thread.run(Thread.java:761)
