10-11 21:54:51.051: W/System.err(5270): 	at android.net.SSLCertificateSocketFactory.verifyHostname(SSLCertificateSocketFactory.java:198)
10-11 21:54:51.051: W/System.err(5270): 	at android.net.SSLCertificateSocketFactory.createSocket(SSLCertificateSocketFactory.java:443)
10-11 21:54:51.051: W/System.err(5270): 	at com.android.okhttp.Connection.connectTls(Connection.java:224)
10-11 21:54:51.052: W/System.err(5270): 	at com.android.okhttp.Connection.connectSocket(Connection.java:199)
10-11 21:54:51.052: W/System.err(5270): 	at com.android.okhttp.Connection.connect(Connection.java:172)
10-11 21:54:51.052: W/System.err(5270): 	at com.android.okhttp.Connection.connectAndSetOwner(Connection.java:367)
10-11 21:54:51.052: W/System.err(5270): 	at com.android.okhttp.OkHttpClient$1.connectAndSetOwner(OkHttpClient.java:130)
10-11 21:54:51.052: W/System.err(5270): 	at com.android.okhttp.internal.http.HttpEngine.connect(HttpEngine.java:329)
10-11 21:54:51.052: W/System.err(5270): 	at com.android.okhttp.internal.http.HttpEngine.sendRequest(HttpEngine.java:246)
10-11 21:54:51.052: W/System.err(5270): 	at com.android.okhttp.internal.huc.HttpURLConnectionImpl.execute(HttpURLConnectionImpl.java:457)
10-11 21:54:51.052: W/System.err(5270): 	at com.android.okhttp.internal.huc.HttpURLConnectionImpl.connect(HttpURLConnectionImpl.java:126)
10-11 21:54:51.052: W/System.err(5270): 	at com.android.okhttp.internal.huc.DelegatingHttpsURLConnection.connect(DelegatingHttpsURLConnection.java:89)
10-11 21:54:51.052: W/System.err(5270): 	at com.android.okhttp.internal.huc.HttpsURLConnectionImpl.connect(HttpsURLConnectionImpl.java)
10-11 21:54:51.052: W/System.err(5270): 	at tqc.a(:com.google.android.gms@11519470:50)
10-11 21:54:51.052: W/System.err(5270): 	at tqc.a(:com.google.android.gms@11519470:76)
10-11 21:54:51.052: W/System.err(5270): 	at tqc.execute(:com.google.android.gms@11519470:8)
10-11 21:54:51.052: W/System.err(5270): 	at tqc.execute(:com.google.android.gms@11519470:7)
10-11 21:54:51.052: W/System.err(5270): 	at com.android.volley.toolbox.HttpClientStack.performRequest(:com.google.android.gms@11519470:16)
10-11 21:54:51.052: W/System.err(5270): 	at mgy.performRequest(:com.google.android.gms@11519470:1)
10-11 21:54:51.052: W/System.err(5270): 	at com.android.volley.toolbox.BasicNetwork.performRequest(:com.google.android.gms@11519470:7)
10-11 21:54:51.052: W/System.err(5270): 	at mgz.performRequest(:com.google.android.gms@11519470:4)
10-11 21:54:51.052: W/System.err(5270): 	at com.android.volley.NetworkDispatcher.run(:com.google.android.gms@11519470:12)
10-11 21:54:51.052: W/System.err(5270): Caused by: java.lang.AssertionError: Unexpected type ID: 3
10-11 21:54:51.052: W/System.err(5270): 	... 27 more
10-11 21:54:51.166: I/ActivityManager(1699): Start proc 5719:com.google.android.play.games.ui/u0a71 for service com.google.android.play.games/com.google.android.gms.games.service.PlayGamesBridgeService
10-11 21:54:51.171: I/Finsky(5467): [1] com.google.android.finsky.services.DailyHygiene.a(22301): Beginning daily hygiene, foreground = false
10-11 21:54:51.171: I/Finsky(5467): [1] com.google.android.finsky.services.DailyHygiene.a(363): Probe [pNO9ObzPejlK16Cz5STnAehdGGc] for daily hygiene pass
10-11 21:54:51.173: W/System(5719): ClassLoader referenced unknown path: /system/app/PlayGames/lib/x86
10-11 21:54:51.174: I/Remoter(1395): Saved screenshot to '/data/screenshots/__pmv__-0090.jpg'
10-11 21:54:51.190: W/Auth(5286): [GetToken] GetToken failed with status code: INVALID_SCOPE
10-11 21:54:51.190: I/CheckinChimeraService(5270): android.os.VintfObject class not found : android.os.VintfObject
10-11 21:54:51.191: E/HttpOperation(4179): [contacts/getselfinfo] Unexpected exception
10-11 21:54:51.191: E/HttpOperation(4179): java.io.IOException: Cannot obtain authentication token
10-11 21:54:51.191: E/HttpOperation(4179): 	at jvl.a(SourceFile:87)
10-11 21:54:51.191: E/HttpOperation(4179): 	at jup.o(SourceFile:543)
10-11 21:54:51.191: E/HttpOperation(4179): 	at juk.a(SourceFile:1402)
10-11 21:54:51.191: E/HttpOperation(4179): 	at jon.a(SourceFile:336)
10-11 21:54:51.191: E/HttpOperation(4179): 	at jon.call(SourceFile:333)
10-11 21:54:51.191: E/HttpOperation(4179): 	at java.util.concurrent.FutureTask.run(FutureTask.java:237)
10-11 21:54:51.191: E/HttpOperation(4179): 	at java.util.concurrent.ThreadPoolExecutor.runWorker(ThreadPoolExecutor.java:1133)
10-11 21:54:51.191: E/HttpOperation(4179): 	at java.util.concurrent.ThreadPoolExecutor$Worker.run(ThreadPoolExecutor.java:607)
10-11 21:54:51.191: E/HttpOperation(4179): 	at java.lang.Thread.run(Thread.java:761)
10-11 21:54:51.191: E/HttpOperation(4179): Caused by: android.accounts.AuthenticatorException: Cannot get Oauth2 token from GMS
10-11 21:54:51.191: E/HttpOperation(4179): 	at hyd.a(SourceFile:25)
10-11 21:54:51.191: E/HttpOperation(4179): 	at jvi.a(SourceFile:3070)
10-11 21:54:51.191: E/HttpOperation(4179): 	at jvi.a(SourceFile:1107)
10-11 21:54:51.191: E/HttpOperation(4179): 	at jvl.a(SourceFile:83)
10-11 21:54:51.191: E/HttpOperation(4179): 	... 8 more
10-11 21:54:51.191: E/HttpOperation(4179): Caused by: gdb: INVALID_SCOPE
10-11 21:54:51.191: E/HttpOperation(4179): 	at gde.b(Unknown Source)
10-11 21:54:51.191: E/HttpOperation(4179): 	at gde.a(Unknown Source)
10-11 21:54:51.191: E/HttpOperation(4179): 	at gdd.a(Unknown Source)
10-11 21:54:51.191: E/HttpOperation(4179): 	at gdd.b(Unknown Source)
10-11 21:54:51.191: E/HttpOperation(4179): 	at gdc.c(Unknown Source)
10-11 21:54:51.191: E/HttpOperation(4179): 	at gdc.a(Unknown Source)
10-11 21:54:51.191: E/HttpOperation(4179): 	at hyd.a(SourceFile:22)
10-11 21:54:51.191: E/HttpOperation(4179): 	... 11 more
10-11 21:54:51.191: W/Babel_GetSelfInfo(4179): Failed to get self info. ErrorCode: 0
10-11 21:54:51.191: W/Babel_GetSelfInfo(4179): java.io.IOException: Cannot obtain authentication token
10-11 21:54:51.191: W/Babel_GetSelfInfo(4179): 	at jvl.a(SourceFile:87)
10-11 21:54:51.191: W/Babel_GetSelfInfo(4179): 	at jup.o(SourceFile:543)
10-11 21:54:51.191: W/Babel_GetSelfInfo(4179): 	at juk.a(SourceFile:1402)
10-11 21:54:51.191: W/Babel_GetSelfInfo(4179): 	at jon.a(SourceFile:336)
10-11 21:54:51.191: W/Babel_GetSelfInfo(4179): 	at jon.call(SourceFile:333)
10-11 21:54:51.191: W/Babel_GetSelfInfo(4179): 	at java.util.concurrent.FutureTask.run(FutureTask.java:237)
10-11 21:54:51.191: W/Babel_GetSelfInfo(4179): 	at java.util.concurrent.ThreadPoolExecutor.runWorker(ThreadPoolExecutor.java:1133)
10-11 21:54:51.191: W/Babel_GetSelfInfo(4179): 	at java.util.concurrent.ThreadPoolExecutor$Worker.run(ThreadPoolExecutor.java:607)
10-11 21:54:51.191: W/Babel_GetSelfInfo(4179): 	at java.lang.Thread.run(Thread.java:761)
10-11 21:54:51.191: W/Babel_GetSelfInfo(4179): Caused by: android.accounts.AuthenticatorException: Cannot get Oauth2 token from GMS
10-11 21:54:51.191: W/Babel_GetSelfInfo(4179): 	at hyd.a(SourceFile:25)
10-11 21:54:51.191: W/Babel_GetSelfInfo(4179): 	at jvi.a(SourceFile:3070)
10-11 21:54:51.191: W/Babel_GetSelfInfo(4179): 	at jvi.a(SourceFile:1107)
10-11 21:54:51.191: W/Babel_GetSelfInfo(4179): 	at jvl.a(SourceFile:83)
10-11 21:54:51.191: W/Babel_GetSelfInfo(4179): 	... 8 more
10-11 21:54:51.191: W/Babel_GetSelfInfo(4179): Caused by: gdb: INVALID_SCOPE
10-11 21:54:51.191: W/Babel_GetSelfInfo(4179): 	at gde.b(Unknown Source)
10-11 21:54:51.191: W/Babel_GetSelfInfo(4179): 	at gde.a(Unknown Source)
10-11 21:54:51.191: W/Babel_GetSelfInfo(4179): 	at gdd.a(Unknown Source)
10-11 21:54:51.191: W/Babel_GetSelfInfo(4179): 	at gdd.b(Unknown Source)
10-11 21:54:51.191: W/Babel_GetSelfInfo(4179): 	at gdc.c(Unknown Source)
10-11 21:54:51.191: W/Babel_GetSelfInfo(4179): 	at gdc.a(Unknown Source)
10-11 21:54:51.191: W/Babel_GetSelfInfo(4179): 	at hyd.a(SourceFile:22)
10-11 21:54:51.191: W/Babel_GetSelfInfo(4179): 	... 11 more
10-11 21:54:51.191: E/LoginManager(4179): Account update failed
10-11 21:54:51.191: E/LoginManager(4179): java.io.IOException: Rpc failed
10-11 21:54:51.191: E/LoginManager(4179): 	at joj.a(SourceFile:583)
10-11 21:54:51.191: E/LoginManager(4179): 	at jon.a(SourceFile:2054)
10-11 21:54:51.191: E/LoginManager(4179): 	at jon.call(SourceFile:333)
10-11 21:54:51.191: E/LoginManager(4179): 	at java.util.concurrent.FutureTask.run(FutureTask.java:237)
10-11 21:54:51.191: E/LoginManager(4179): 	at java.util.concurrent.ThreadPoolExecutor.runWorker(ThreadPoolExecutor.java:1133)
10-11 21:54:51.191: E/LoginManager(4179): 	at java.util.concurrent.ThreadPoolExecutor$Worker.run(ThreadPoolExecutor.java:607)
10-11 21:54:51.191: E/LoginManager(4179): 	at java.lang.Thread.run(Thread.java:761)
10-11 21:54:51.191: E/LoginManager(4179): Caused by: java.io.IOException: Cannot obtain authentication token
10-11 21:54:51.191: E/LoginManager(4179): 	at jvl.a(SourceFile:87)
10-11 21:54:51.191: E/LoginManager(4179): 	at jup.o(SourceFile:543)
10-11 21:54:51.191: E/LoginManager(4179): 	at juk.a(SourceFile:1402)
10-11 21:54:51.191: E/LoginManager(4179): 	at jon.a(SourceFile:336)
10-11 21:54:51.191: E/LoginManager(4179): 	... 5 more
10-11 21:54:51.191: E/LoginManager(4179): Caused by: android.accounts.AuthenticatorException: Cannot get Oauth2 token from GMS
10-11 21:54:51.191: E/LoginManager(4179): 	at hyd.a(SourceFile:25)
10-11 21:54:51.191: E/LoginManager(4179): 	at jvi.a(SourceFile:3070)
10-11 21:54:51.191: E/LoginManager(4179): 	at jvi.a(SourceFile:1107)
10-11 21:54:51.191: E/LoginManager(4179): 	at jvl.a(SourceFile:83)
10-11 21:54:51.191: E/LoginManager(4179): 	... 8 more
10-11 21:54:51.191: E/LoginManager(4179): Caused by: gdb: INVALID_SCOPE
10-11 21:54:51.191: E/LoginManager(4179): 	at gde.b(Unknown Source)
10-11 21:54:51.191: E/LoginManager(4179): 	at gde.a(Unknown Source)
10-11 21:54:51.191: E/LoginManager(4179): 	at gdd.a(Unknown Source)
10-11 21:54:51.191: E/LoginManager(4179): 	at gdd.b(Unknown Source)
10-11 21:54:51.191: E/LoginManager(4179): 	at gdc.c(Unknown Source)
10-11 21:54:51.191: E/LoginManager(4179): 	at gdc.a(Unknown Source)
10-11 21:54:51.191: E/LoginManager(4179): 	at hyd.a(SourceFile:22)
10-11 21:54:51.191: E/LoginManager(4179): 	... 11 more
10-11 21:54:51.192: I/Babel(4179): BAM created 0
10-11 21:54:51.399: I/GamesSyncAdapter(5270): Sync duration for 2e50bb3: 608
10-11 21:54:51.402: E/PopupManager(5270): No content view usable to display popups. Popups will not be displayed in response to this client's calls. Use setViewForPopups() to set your content view.
10-11 21:54:51.403: W/GamesServiceBroker(5270): Client connected with SDK 8487000, Services 11519470, and Games 37240876
10-11 21:54:51.420: I/Babel(4179): Account update: 0 logged off
10-11 21:54:51.442: I/Babel(4179): Valid account: true Logged in: falsetrue
10-11 21:54:51.443: I/Babel(4179): deleted: false for 0
10-11 21:54:51.443: I/Babel(4179): BAM#account updated: 0
10-11 21:54:51.443: I/Babel(4179): BAM, cleanup: 0
10-11 21:54:51.501: I/Babel_StickerModule(4179): Account change update: 0
10-11 21:54:51.501: W/Babel_StickerModule(4179): Null account update.
10-11 21:54:51.502: I/Babel_ConcService(4179): Released partial wake lock as ConcurrentService became idle
10-11 21:54:51.563: I/qtaguid(5467): Untagging socket 52 failed errno=-22
10-11 21:54:51.563: W/NetworkManagementSocketTagger(5467): untagSocket(52) failed with errno -22
10-11 21:54:51.565: I/WearableService(5286): Wearable Services stopping
10-11 21:54:51.567: I/Finsky(5467): [1] com.google.android.finsky.utils.cx.a_(1198): Server requests device config token
10-11 21:54:51.574: I/Finsky(5467): [1] com.google.android.finsky.utils.cj.a(42): Start requesting GCM Reg Id
10-11 21:54:51.574: D/GCMRegistrar(5467): resetting backoff for com.android.vending
10-11 21:54:51.576: V/GCMRegistrar(5467): Registering app com.android.vending of senders 932144863878
10-11 21:54:51.581: W/GCM(5286): Register request missing messenger
10-11 21:54:51.588: W/Conscrypt(5286): Could not set socket write timeout:
10-11 21:54:51.589: W/Conscrypt(5286):    java.lang.reflect.Method.invoke(Native Method)
10-11 21:54:51.589: W/Conscrypt(5286):    com.google.android.gms.org.conscrypt.Platform.setSocketWriteTimeout(:com.google.android.gms@11519470:13)
10-11 21:54:51.609: W/Conscrypt(5286): Could not set socket write timeout:
10-11 21:54:51.609: W/Conscrypt(5286):    java.lang.reflect.Method.invoke(Native Method)
10-11 21:54:51.609: W/Conscrypt(5286):    com.google.android.gms.org.conscrypt.Platform.setSocketWriteTimeout(:com.google.android.gms@11519470:13)
10-11 21:54:51.666: D/Babel(4179): onCreate: Shutdown runnable posted in onCreate with a delay of 5000 ms.
10-11 21:54:51.759: D/Babel(4179): Idle: Shutdown runnable posted in release with a delay of 5000 ms.
10-11 21:54:51.920: D/AndroidRuntime(5752): >>>>>> START com.android.internal.os.RuntimeInit uid 0 <<<<<<
10-11 21:54:51.922: D/AndroidRuntime(5752): CheckJNI is OFF
10-11 21:54:51.984: D/ICU(5752): No timezone override file found: /data/misc/zoneinfo/current/icu/icu_tzdata.dat
10-11 21:54:51.984: D/ICU(5752): [ 10-11 21:54:51.992  5752: 5752 W/         ]
10-11 21:54:51.984: D/ICU(5752): Failed to bind-mount /system/lib/x86/cpuinfo as /proc/cpuinfo: No such file or directory
10-11 21:54:51.996: E/memtrack(5752): Couldn't load memtrack module (No such file or directory)
10-11 21:54:51.996: E/android.os.Debug(5752): failed to load memtrack module: -2
10-11 21:54:51.997: I/Radio-JNI(5752): register_android_hardware_Radio DONE
10-11 21:54:52.001: D/AndroidRuntime(5752): Calling main entry com.android.commands.pm.Pm
10-11 21:54:52.004: I/art(5752): System.exit called, status: 0
10-11 21:54:52.004: I/AndroidRuntime(5752): VM exiting with result code 0.
10-11 21:54:52.023: I/GceRil(1415): Received request 19
10-11 21:54:52.023: I/GceRil(1415): Reporting signal strength: GW=4 CDMA=-71 EVDO=-90 LTE=11
10-11 21:54:52.023: I/GceRil(1415): Received request 19
10-11 21:54:52.023: I/GceRil(1415): Reporting signal strength: GW=5 CDMA=-72 EVDO=-91 LTE=11
10-11 21:54:52.024: D/HeadsetPhoneState(1768): sendDeviceStateChanged. mService=1 mSignal=4 mRoam=0 mBatteryCharge=4
10-11 21:54:52.244: I/Remoter(1395): Saved screenshot to '/data/screenshots/__pmv__-0091.jpg'
10-11 21:54:52.307: V/Avrcp(1768): Active sessions changed, 0 sessions
10-11 21:54:52.313: V/MediaRouter(5662): Adding route: RouteInfo{ name=Teléfono, description=null, status=null, category=RouteCategory{ name=null types=ROUTE_TYPE_LIVE_AUDIO ROUTE_TYPE_LIVE_VIDEO  groupable=false }, supportedTypes=ROUTE_TYPE_LIVE_AUDIO ROUTE_TYPE_LIVE_VIDEO , presentationDisplay=null }
10-11 21:54:52.314: V/MediaRouter(5662): Updating audio routes: AudioRoutesInfo{ type=SPEAKER }
10-11 21:54:52.315: V/MediaRouter(5662): Selecting route: RouteInfo{ name=Teléfono, description=null, status=null, category=RouteCategory{ name=null types=ROUTE_TYPE_LIVE_AUDIO ROUTE_TYPE_LIVE_VIDEO  groupable=false }, supportedTypes=ROUTE_TYPE_LIVE_AUDIO ROUTE_TYPE_LIVE_VIDEO , presentationDisplay=null }
10-11 21:54:52.318: I/MediaRouter(5662): Found default route: MediaRouter.RouteInfo{ uniqueId=android/.support.v7.media.SystemMediaRouteProvider:DEFAULT_ROUTE, name=Teléfono, description=null, iconUri=null, enabled=true, connecting=false, connectionState=0, canDisconnect=false, playbackType=0, playbackStream=3, deviceType=0, volumeHandling=1, volume=11, volumeMax=15, presentationDisplayId=-1, extras=null, settingsIntent=null, providerPackageName=android }
10-11 21:54:52.401: I/qtaguid(5467): Untagging socket 52 failed errno=-22
10-11 21:54:52.401: W/NetworkManagementSocketTagger(5467): untagSocket(52) failed with errno -22
10-11 21:54:52.401: I/Finsky(5467): [1] com.google.android.finsky.utils.bb.a_(1261): Received device config token CisaKQoTMzcxOTY1MDQ3NjE4NDU3NzgyNhISChAxNTA3NzczMjkyMzA2NzQz
10-11 21:54:52.510: I/qtaguid(5467): Untagging socket 52 failed errno=-22
10-11 21:54:52.510: W/NetworkManagementSocketTagger(5467): untagSocket(52) failed with errno -22
10-11 21:54:52.511: I/Finsky(5467): [335] com.google.android.finsky.utils.bq.a(177): Enabling bucket experiment: factor=1.000, zeroDelta=0ms, forceNetwork=true
10-11 21:54:52.511: I/Finsky(5467): [335] com.google.android.finsky.h.b.a(5810): Process stable target turned on mid-process: 12602748
10-11 21:54:52.512: I/Finsky(5467): [1] com.google.android.finsky.utils.ki.a(126): Refreshing user settings: account=[pNO9ObzPejlK16Cz5STnAehdGGc]
10-11 21:54:52.631: I/Finsky(5467): [1] com.google.android.finsky.selfupdate.c.a(148): Starting DFE self-update from local version [80694300] to server version [80834200]
10-11 21:54:52.635: I/qtaguid(5467): Untagging socket 52 failed errno=-22
10-11 21:54:52.635: W/NetworkManagementSocketTagger(5467): untagSocket(52) failed with errno -22
10-11 21:54:52.647: I/ActivityManager(1699): Start proc 5772:com.google.android.gms:car/u0a14 for service com.google.android.gms/.car.CarService
10-11 21:54:52.716: I/qtaguid(5467): Untagging socket 52 failed errno=-22
10-11 21:54:52.716: W/NetworkManagementSocketTagger(5467): untagSocket(52) failed with errno -22
10-11 21:54:52.722: I/LoadedApk(5772): No resource references to update in package FFFFFFFFFFFFFFFFFFFFFF
10-11 21:54:52.734: V/NativeCrypto(5772): Registering com/google/android/gms/org/conscrypt/NativeCrypto's 259 native methods...
10-11 21:54:52.742: D/NetworkSecurityConfig(5772): No Network Security Config specified, using platform default
10-11 21:54:52.744: I/ProviderInstaller(5772): Installed default security provider GmsCore_OpenSSL
10-11 21:54:52.749: I/qtaguid(5467): Untagging socket 59 failed errno=-22
10-11 21:54:52.749: W/NetworkManagementSocketTagger(5467): untagSocket(59) failed with errno -22
10-11 21:54:52.769: I/Finsky(5467): [1] com.google.android.finsky.download.e.a(264): Duplicate state set for 'com.android.vending' (0). Already in that state
10-11 21:54:52.769: I/Finsky(5467): [1] com.google.android.finsky.download.x.e(145): Download com.android.vending added to DownloadQueue
10-11 21:54:52.772: I/Finsky(5467): [1] com.google.android.finsky.download.e.a(266): com.android.vending from 0 to 1.
10-11 21:54:52.772: I/Finsky(5467): [ 10-11 21:54:52.774  1408: 1408 I/         ]
10-11 21:54:52.772: I/Finsky(5467): free_cache(0) avail 3857534976
10-11 21:54:52.787: I/Finsky(5467): [1] com.google.android.finsky.download.ai.run(5566): Download com.android.vending starting
10-11 21:54:52.904: I/Finsky(5467): [338] com.google.android.finsky.download.ae.a(1579): Enqueued com.android.vending as content://downloads/my_downloads/15
10-11 21:54:52.905: I/Finsky(5467): [1] com.google.android.finsky.download.e.a(266): com.android.vending from 1 to 2.
10-11 21:54:52.905: I/Finsky(5467): [1] com.google.android.finsky.download.x.a(644): com.android.vending: onStart
10-11 21:54:52.908: I/Finsky(5467): [1] com.google.android.finsky.download.x.b(413): com.android.vending: onProgress 0/-1 Status: 190.
10-11 21:54:52.917: D/DownloadManager(4208): [15] Starting
10-11 21:54:52.923: I/Finsky(5467): [1] com.google.android.finsky.download.x.b(413): com.android.vending: onProgress 0/-1 Status: 192.
10-11 21:54:52.935: D/NetworkSecurityConfig(4208): No Network Security Config specified, using platform default
10-11 21:54:52.991: I/DynamiteModule(5772): Considering local module com.google.android.gms.googlecertificates:4 and remote module com.google.android.gms.googlecertificates:4
10-11 21:54:52.991: I/DynamiteModule(5772): Selected local version of com.google.android.gms.googlecertificates
10-11 21:54:53.083: W/ActivityManager(1699): Unable to start service Intent { act=local_action cmp=com.google.android.gms/.car.InCallService2 } U=0: not found
10-11 21:54:53.086: E/CAR.TEL.Service(5772): Failed to bind to InCallService
10-11 21:54:53.089: I/Finsky(5467): [1] com.google.android.finsky.services.DailyHygiene.d(738): Logging device features
10-11 21:54:53.097: I/Finsky(5467): [1] com.google.android.finsky.selfupdate.SelfUpdateCheckerScheduler.a(59): Cancelling accelerated self-Update check
10-11 21:54:53.098: W/InstanceID/Rpc(5467): Found 10014
10-11 21:54:53.102: W/ActivityManager(1699): Unbind failed: could not find connection for android.os.BinderProxy@abf79d3
10-11 21:54:53.106: I/WearableService(5286): Wearable Services not starting - Wear is not available on this device.
10-11 21:54:53.108: D/WearableService(5286): onGetService - Wear is not available on this device.
10-11 21:54:53.110: E/Finsky(5467): [1] com.google.android.finsky.wear.bo.a(838): onConnectionFailed: ConnectionResult{statusCode=API_UNAVAILABLE, resolution=null, message=null}
10-11 21:54:53.110: I/Finsky(5467): [1] com.google.android.finsky.wear.WearSupportService.a(6396): Dropping command=hygiene due to Gms not connected
10-11 21:54:53.114: I/ActivityManager(1699): Killing 4444:com.android.defcontainer/u0a8 (adj 906): empty #17
10-11 21:54:53.162: D/ActivityManager(1699): cleanUpApplicationRecord -- 4444
10-11 21:54:53.533: I/Remoter(1395): Saved screenshot to '/data/screenshots/__pmv__-0092.jpg'
10-11 21:54:53.556: W/InstanceID/Rpc(5662): Found 10014
10-11 21:54:53.567: I/PlayMovies(5662): AccountsChangedTaskService.scheduleCleanup:93 Scheduled task AccountsChangedTaskService
10-11 21:54:53.574: V/MediaRouter(5662): Selecting route: RouteInfo{ name=Teléfono, description=null, status=null, category=RouteCategory{ name=null types=ROUTE_TYPE_LIVE_AUDIO ROUTE_TYPE_LIVE_VIDEO  groupable=false }, supportedTypes=ROUTE_TYPE_LIVE_AUDIO ROUTE_TYPE_LIVE_VIDEO , presentationDisplay=null }
10-11 21:54:53.580: D/Volley(5467): [342] g.b: Cache cleared.
10-11 21:54:53.581: I/Finsky(5467): [1] com.google.android.finsky.receivers.UpdateWidgetsReceiver.onReceive(39): Updated 0 MarketWidgetProvider widgets (android.accounts.LOGIN_ACCOUNTS_CHANGED)
10-11 21:54:53.582: I/Finsky(5467): [1] com.google.android.finsky.receivers.UpdateWidgetsReceiver.onReceive(39): Updated 0 RecommendedWidgetProvider widgets (android.accounts.LOGIN_ACCOUNTS_CHANGED)
10-11 21:54:53.582: I/Finsky(5467): [1] com.google.android.finsky.receivers.UpdateWidgetsReceiver.onReceive(39): Updated 0 NowPlayingWidgetProvider widgets (android.accounts.LOGIN_ACCOUNTS_CHANGED)
10-11 21:54:53.582: D/Volley(5467): [333] g.b: Cache cleared.
10-11 21:54:53.590: I/Finsky(5467): [327] com.google.android.finsky.utils.ja.a(269): Apps signed by first-party test keys will be allowed
10-11 21:54:53.591: I/Finsky(5467): [327] com.google.android.finsky.services.e.a(60): Received content filters request from com.google.android.videos
10-11 21:54:53.641: I/GmailIS(5085): Receive LOGIN_ACCOUNTS_CHANGED intent: Intent { act=android.accounts.LOGIN_ACCOUNTS_CHANGED flg=0x4000010 cmp=com.google.android.gm/.GmailIntentService }
10-11 21:54:53.645: I/BroadcastQueue(1699): Delay finish: com.google.android.gm/com.android.email.service.EmailBroadcastReceiver
10-11 21:54:53.648: D/PlayMovies(5662): PersistentCache.cleanup:104 Cache is below limit, no need to shrink: [size=0, limit=5242880]
10-11 21:54:53.655: I/Gmail(5085): System accounts updated.
10-11 21:54:53.656: D/PlayMovies(5662): TransferService.onCreate:59 creating transfer service
10-11 21:54:53.657: I/BroadcastQueue(1699): Resuming delayed broadcast
10-11 21:54:53.658: I/Exchange(5085): Accounts changed - requesting FolderSync for unsynced accounts
10-11 21:54:53.659: I/Exchange(5085): EasService.onCreate
10-11 21:54:53.661: W/ActivityManager(1699): Unable to start service Intent { cmp=com.google.android.gm.exchange/com.android.exchange.service.EasService } U=0: not found
10-11 21:54:53.663: I/Exchange(5085): EasService.onCreate stoppedOldService=false
10-11 21:54:53.663: I/NotifActionUtils(5085): resendNotifications account: null, folder: null
10-11 21:54:53.668: I/Exchange(5085): needResyncCalendar: false, hasCalendarPermission: true, needResyncContacts: false, hasContactsPermission: true
10-11 21:54:53.668: I/Exchange(5085): RestartPingTask
10-11 21:54:53.669: I/Gmail(5085): getAccountsCursor
10-11 21:54:53.669: E/ActivityThread(5085): Service com.android.email.service.EmailBroadcastProcessorService has leaked ServiceConnection blt@f914f18 that was originally bound here
10-11 21:54:53.669: E/ActivityThread(5085): android.app.ServiceConnectionLeaked: Service com.android.email.service.EmailBroadcastProcessorService has leaked ServiceConnection blt@f914f18 that was originally bound here
10-11 21:54:53.669: E/ActivityThread(5085): 	at android.app.LoadedApk$ServiceDispatcher.<init>(LoadedApk.java:1336)
10-11 21:54:53.669: E/ActivityThread(5085): 	at android.app.LoadedApk.getServiceDispatcher(LoadedApk.java:1231)
10-11 21:54:53.669: E/ActivityThread(5085): 	at android.app.ContextImpl.bindServiceCommon(ContextImpl.java:1450)
10-11 21:54:53.669: E/ActivityThread(5085): 	at android.app.ContextImpl.bindService(ContextImpl.java:1422)
10-11 21:54:53.669: E/ActivityThread(5085): 	at android.content.ContextWrapper.bindService(ContextWrapper.java:636)
10-11 21:54:53.669: E/ActivityThread(5085): 	at blr.a(SourceFile:243)
10-11 21:54:53.669: E/ActivityThread(5085): 	at blr.d(SourceFile:286)
10-11 21:54:53.669: E/ActivityThread(5085): 	at bft.c(SourceFile:179)
10-11 21:54:53.669: E/ActivityThread(5085): 	at bdk.a(SourceFile:202)
10-11 21:54:53.669: E/ActivityThread(5085): 	at bdk.a(SourceFile:146)
10-11 21:54:53.669: E/ActivityThread(5085): 	at com.android.email.service.EmailBroadcastProcessorService.c(SourceFile:348)
10-11 21:54:53.669: E/ActivityThread(5085): 	at com.android.email.service.EmailBroadcastProcessorService.onHandleIntent(SourceFile:3457)
10-11 21:54:53.669: E/ActivityThread(5085): 	at android.app.IntentService$ServiceHandler.handleMessage(IntentService.java:68)
10-11 21:54:53.669: E/ActivityThread(5085): 	at android.os.Handler.dispatchMessage(Handler.java:102)
10-11 21:54:53.669: E/ActivityThread(5085): 	at android.os.Looper.loop(Looper.java:154)
10-11 21:54:53.669: E/ActivityThread(5085): 	at android.os.HandlerThread.run(HandlerThread.java:61)
10-11 21:54:53.669: I/NotifUtils(5085): resendNotifications cancelExisting: false, account: null, folder: null
10-11 21:54:53.669: E/bkv(5085): RuntimeException when trying to unbind from service
10-11 21:54:53.669: E/bkv(5085): java.lang.IllegalArgumentException: Service not registered: blt@f914f18
10-11 21:54:53.669: E/bkv(5085): 	at android.app.LoadedApk.forgetServiceDispatcher(LoadedApk.java:1289)
10-11 21:54:53.669: E/bkv(5085): 	at android.app.ContextImpl.unbindService(ContextImpl.java:1483)
10-11 21:54:53.669: E/bkv(5085): 	at android.content.ContextWrapper.unbindService(ContextWrapper.java:648)
10-11 21:54:53.669: E/bkv(5085): 	at blu.a(SourceFile:186)
10-11 21:54:53.669: E/bkv(5085): 	at blu.doInBackground(SourceFile:173)
10-11 21:54:53.669: E/bkv(5085): 	at android.os.AsyncTask$2.call(AsyncTask.java:305)
10-11 21:54:53.669: E/bkv(5085): 	at java.util.concurrent.FutureTask.run(FutureTask.java:237)
10-11 21:54:53.669: E/bkv(5085): 	at android.os.Handler.handleCallback(Handler.java:751)
10-11 21:54:53.669: E/bkv(5085): 	at android.os.Handler.dispatchMessage(Handler.java:95)
10-11 21:54:53.669: E/bkv(5085): 	at android.os.Looper.loop(Looper.java:154)
10-11 21:54:53.669: E/bkv(5085): 	at android.os.HandlerThread.run(HandlerThread.java:61)
10-11 21:54:53.670: I/Exchange(5085): RestartPingsTask did not start any pings.
10-11 21:54:53.674: I/Exchange(5085): onDestroy
10-11 21:54:53.683: I/qtaguid(5467): Untagging socket 59 failed errno=-22
10-11 21:54:53.683: W/NetworkManagementSocketTagger(5467): untagSocket(59) failed with errno -22
10-11 21:54:53.693: I/PmtsSwAccountIntentOp(5270): Processing intent action=android.accounts.LOGIN_ACCOUNTS_CHANGED
10-11 21:54:53.693: I/PmtsSwAccountIntentOp(5270): Account added has already been processed
10-11 21:54:53.699: I/Auth(5286): [GoogleAccountHistoryStore] creating database.
10-11 21:54:53.701: W/WakefulBroadcastReceiver(5286): No active wake lock id #2
10-11 21:54:53.710: I/HeterodyneSyncScheduler(5286): Scheduling Phenotype for a PhenotypeSyncImmediately(5, null) one off with window [1, 2] in seconds
10-11 21:54:53.714: D/AndroidRuntime(5822): >>>>>> START com.android.internal.os.RuntimeInit uid 0 <<<<<<
10-11 21:54:53.716: D/AndroidRuntime(5822): CheckJNI is OFF
10-11 21:54:53.725: I/Babel_ConcService(4179): Acquired partial wake lock to keep ConcurrentService alive
10-11 21:54:53.734: I/Babel_ConcService(4179): Released partial wake lock as ConcurrentService became idle
10-11 21:54:53.737: I/EventLoggerStores(5116): recordEvent APP_EVENT_TOKEN_FETCH_INITIATED ClientEvent[]
10-11 21:54:53.748: I/PlayMovies(5662): AccountsChangedTaskService.scheduleCleanup:93 Scheduled task AccountsChangedTaskService
10-11 21:54:53.768: I/VideoCapabilities(5662): Unsupported profile 4 for video/mp4v-es
10-11 21:54:53.775: I/PlayMovies(5662): GservicesConfig.preferModularDrm:1134 force_prefer_modular_drm
10-11 21:54:53.775: I/PlayMovies(5662): GservicesConfig.supportsAdaptivePlayback:1176 decoderInfo.adaptive true
10-11 21:54:53.776: I/PlayMovies(5662): GservicesConfig.useDashForStreaming:1109 true
10-11 21:54:53.783: I/Finsky(5467): [1] com.google.android.finsky.widget.a.onReceive(139): Received ACTION_APPWIDGET_UPDATE, updating 0 widgets.
10-11 21:54:53.784: I/IcingInternalCorpora(5270): Received calendar change notification.
10-11 21:54:53.789: I/art(5270): Do partial code cache collection, code=30KB, data=27KB
10-11 21:54:53.789: I/Finsky(5467): [1] com.google.android.finsky.widget.a.onReceive(139): Received ACTION_APPWIDGET_UPDATE, updating 0 widgets.
10-11 21:54:53.789: I/art(5270): After code cache collection, code=30KB, data=27KB
10-11 21:54:53.789: I/art(5270): Increasing code cache capacity to 128KB
10-11 21:54:53.836: I/Finsky(5467): [1] com.google.android.finsky.widget.a.onReceive(139): Received ACTION_APPWIDGET_UPDATE, updating 0 widgets.
10-11 21:54:53.836: D/ICU(5822): No timezone override file found: /data/misc/zoneinfo/current/icu/icu_tzdata.dat
10-11 21:54:53.838: W/Auth(5286): [GetToken] GetToken failed with status code: INVALID_SCOPE
10-11 21:54:53.839: W/Search.LoginHelper(5116): Google auth exception for scope: oauth2:https://www.googleapis.com/auth/googlenow
10-11 21:54:53.839: W/Search.LoginHelper(5116): com.google.android.gms.auth.a: INVALID_SCOPE
10-11 21:54:53.839: W/Search.LoginHelper(5116): 	at com.google.android.gms.auth.d.f(Unknown Source)
10-11 21:54:53.839: W/Search.LoginHelper(5116): 	at com.google.android.gms.auth.c.a(Unknown Source)
10-11 21:54:53.839: W/Search.LoginHelper(5116): 	at com.google.android.gms.auth.c.b(Unknown Source)
10-11 21:54:53.839: W/Search.LoginHelper(5116): 	at com.google.android.gms.auth.b.a(Unknown Source)
10-11 21:54:53.839: W/Search.LoginHelper(5116): 	at com.google.android.gms.auth.b.a(Unknown Source)
10-11 21:54:53.839: W/Search.LoginHelper(5116): 	at com.google.android.apps.gsa.search.core.k.c.o.b(SourceFile:5)
10-11 21:54:53.839: W/Search.LoginHelper(5116): 	at com.google.android.apps.gsa.search.core.k.c.k.b(SourceFile:2)
10-11 21:54:53.839: W/Search.LoginHelper(5116): 	at com.google.android.apps.gsa.search.core.k.c.h.a(SourceFile:7)
10-11 21:54:53.839: W/Search.LoginHelper(5116): 	at com.google.android.apps.gsa.search.core.k.c.h.b(SourceFile:1)
10-11 21:54:53.839: W/Search.LoginHelper(5116): 	at com.google.android.apps.gsa.search.core.k.c.q.a(SourceFile:26)
10-11 21:54:53.839: W/Search.LoginHelper(5116): 	at com.google.android.apps.gsa.search.core.k.c.z.call(SourceFile:4)
10-11 21:54:53.839: W/Search.LoginHelper(5116): 	at java.util.concurrent.FutureTask.run(FutureTask.java:237)
10-11 21:54:53.839: W/Search.LoginHelper(5116): 	at java.util.concurrent.Executors$RunnableAdapter.call(Executors.java:428)
10-11 21:54:53.839: W/Search.LoginHelper(5116): 	at java.util.concurrent.FutureTask.run(FutureTask.java:237)
10-11 21:54:53.839: W/Search.LoginHelper(5116): 	at com.google.android.apps.gsa.shared.util.c.a.ag.run(Unknown Source)
10-11 21:54:53.839: W/Search.LoginHelper(5116): 	at com.google.android.apps.gsa.shared.util.c.a.bo.run(SourceFile:1)
10-11 21:54:53.839: W/Search.LoginHelper(5116): 	at com.google.android.apps.gsa.shared.util.c.a.bo.run(SourceFile:1)
10-11 21:54:53.839: W/Search.LoginHelper(5116): 	at java.util.concurrent.ThreadPoolExecutor.runWorker(ThreadPoolExecutor.java:1133)
10-11 21:54:53.839: W/Search.LoginHelper(5116): 	at java.util.concurrent.ThreadPoolExecutor$Worker.run(ThreadPoolExecutor.java:607)
10-11 21:54:53.839: W/Search.LoginHelper(5116): 	at java.lang.Thread.run(Thread.java:761)
10-11 21:54:53.839: W/Search.LoginHelper(5116): 	at com.google.android.apps.gsa.shared.util.c.a.ak.run(SourceFile:3)
10-11 21:54:53.839: I/EventLoggerStores(5116): recordEvent APP_EVENT_TOKEN_FETCHED ClientEvent[]
10-11 21:54:53.839: I/EventLoggerStores(5116): recordEvent APP_EVENT_TOKEN_FETCH_INITIATED ClientEvent[]
10-11 21:54:53.839: I/EventLoggerStores(5116): [ 10-11 21:54:53.848  5822: 5822 W/         ]
10-11 21:54:53.839: I/EventLoggerStores(5116): Failed to bind-mount /system/lib/x86/cpuinfo as /proc/cpuinfo: No such file or directory
10-11 21:54:53.854: E/memtrack(5822): Couldn't load memtrack module (No such file or directory)
10-11 21:54:53.854: E/android.os.Debug(5822): failed to load memtrack module: -2
10-11 21:54:53.855: I/Radio-JNI(5822): register_android_hardware_Radio DONE
10-11 21:54:53.861: D/AndroidRuntime(5822): Calling main entry com.android.commands.pm.Pm
10-11 21:54:53.868: W/ConfigurationChimeraProvider(5286): Got null configs for com.google.android.gms.ads
10-11 21:54:53.868: W/ConfigurationChimeraProvider(5286): [ 10-11 21:54:53.870  1408: 1408 I/         ]
10-11 21:54:53.868: W/ConfigurationChimeraProvider(5286): free_cache(22150026) avail 3838398464
10-11 21:54:53.873: W/ChimeraUtils(5270): Non Chimera context
10-11 21:54:53.890: W/Auth(5286): [GetToken] GetToken failed with status code: INVALID_SCOPE
10-11 21:54:53.890: W/Search.LoginHelper(5116): Google auth exception for scope: oauth2:https://www.googleapis.com/auth/googlenow
10-11 21:54:53.890: W/Search.LoginHelper(5116): com.google.android.gms.auth.a: INVALID_SCOPE
10-11 21:54:53.890: W/Search.LoginHelper(5116): 	at com.google.android.gms.auth.d.f(Unknown Source)
10-11 21:54:53.890: W/Search.LoginHelper(5116): 	at com.google.android.gms.auth.c.a(Unknown Source)
10-11 21:54:53.890: W/Search.LoginHelper(5116): 	at com.google.android.gms.auth.c.b(Unknown Source)
10-11 21:54:53.890: W/Search.LoginHelper(5116): 	at com.google.android.gms.auth.b.a(Unknown Source)
10-11 21:54:53.890: W/Search.LoginHelper(5116): 	at com.google.android.gms.auth.b.a(Unknown Source)
10-11 21:54:53.890: W/Search.LoginHelper(5116): 	at com.google.android.apps.gsa.search.core.k.c.o.b(SourceFile:5)
10-11 21:54:53.890: W/Search.LoginHelper(5116): 	at com.google.android.apps.gsa.search.core.k.c.k.b(SourceFile:2)
10-11 21:54:53.890: W/Search.LoginHelper(5116): 	at com.google.android.apps.gsa.search.core.k.c.h.a(SourceFile:7)
10-11 21:54:53.890: W/Search.LoginHelper(5116): 	at com.google.android.apps.gsa.search.core.k.c.h.b(SourceFile:1)
10-11 21:54:53.890: W/Search.LoginHelper(5116): 	at com.google.android.apps.gsa.search.core.k.c.q.a(SourceFile:26)
10-11 21:54:53.890: W/Search.LoginHelper(5116): 	at com.google.android.apps.gsa.search.core.k.c.z.call(SourceFile:4)
10-11 21:54:53.890: W/Search.LoginHelper(5116): 	at java.util.concurrent.FutureTask.run(FutureTask.java:237)
10-11 21:54:53.890: W/Search.LoginHelper(5116): 	at java.util.concurrent.Executors$RunnableAdapter.call(Executors.java:428)
10-11 21:54:53.890: W/Search.LoginHelper(5116): 	at java.util.concurrent.FutureTask.run(FutureTask.java:237)
10-11 21:54:53.890: W/Search.LoginHelper(5116): 	at com.google.android.apps.gsa.shared.util.c.a.ag.run(Unknown Source)
10-11 21:54:53.890: W/Search.LoginHelper(5116): 	at com.google.android.apps.gsa.shared.util.c.a.bo.run(SourceFile:1)
10-11 21:54:53.890: W/Search.LoginHelper(5116): 	at com.google.android.apps.gsa.shared.util.c.a.bo.run(SourceFile:1)
10-11 21:54:53.890: W/Search.LoginHelper(5116): 	at java.util.concurrent.ThreadPoolExecutor.runWorker(ThreadPoolExecutor.java:1133)
10-11 21:54:53.890: W/Search.LoginHelper(5116): 	at java.util.concurrent.ThreadPoolExecutor$Worker.run(ThreadPoolExecutor.java:607)
10-11 21:54:53.890: W/Search.LoginHelper(5116): 	at java.lang.Thread.run(Thread.java:761)
10-11 21:54:53.890: W/Search.LoginHelper(5116): 	at com.google.android.apps.gsa.shared.util.c.a.ak.run(SourceFile:3)
10-11 21:54:53.890: I/EventLoggerStores(5116): recordEvent APP_EVENT_TOKEN_FETCHED ClientEvent[]
10-11 21:54:53.914: I/Icing(5270): Storage manager: low false usage 1.71MB avail 3.55GB capacity 3.89GB
10-11 21:54:53.935: I/CheckinCompat(5270): Disabling old GoogleServicesFramework version
10-11 21:54:53.968: W/ConfigurationChimeraProvider(5286): Got null configs for com.google.android.gms.mdm
10-11 21:54:54.079: I/EventLogChimeraService(5270): Accumulating logs since 1507773279902
10-11 21:54:54.090: W/Icing(5270): city name for address is empty or is not existed. 
10-11 21:54:54.090: W/Icing(5270): street name for address is empty or is not existed. 
10-11 21:54:54.090: W/Icing(5270): transportation_script_path is empty
10-11 21:54:54.106: W/Icing(5270): Words file  does not exist!
10-11 21:54:54.106: W/Icing(5270): WordsMap was not properly initialized
10-11 21:54:54.111: I/ActivityManager(1699): Start proc 5879:com.google.android.talk:matchstick/u0a59 for broadcast com.google.android.talk/com.google.android.libraries.matchstick.net.MatchstickInProcessReceiver
10-11 21:54:54.115: I/Authzen(5286): [AccountChangeProcessingIntentOperation] Received onHandleIntent() call: Intent { act=com.google.android.gms.auth.GOOGLE_ACCOUNT_CHANGE cat=[com.google.android.gms.auth.category.ACCOUNT_ADDED] flg=0x10 cmp=com.google.android.gms/.chimera.GmsIntentOperationService$PersistentInternalReceiver (has extras) }
10-11 21:54:54.115: I/Authzen(5286): [AccountChangeProcessingIntentOperation] Handling added account: <ELLIDED:-2054587611>
10-11 21:54:54.118: I/Auth(5270): [FRP,FrpUpdateIntentOperation] Frp is not supported for this device / user
10-11 21:54:54.130: E/SyncManager(1699): Job params not found for 108544
10-11 21:54:54.131: I/GCoreUlr(5286): Starting service, intent=Intent { act=com.google.android.location.reporting.ACTION_UPDATE_WORLD cmp=com.google.android.gms/com.google.android.location.reporting.service.DispatchingService (has extras) }, extras=Bundle[{receiverAction=com.google.android.gms.auth.GOOGLE_ACCOUNT_CHANGE, accountsAdded=[Account {name=VS2WQVCOVYYT3Y3JQZUPAOQ2II-00@cloudtestlabaccounts.com, type=com.google}]}]
10-11 21:54:54.168: I/Authzen(5286): [SyncManager] Sync requested for event 100, account VS2WQVCOVYYT3Y3JQZUPAOQ2II-00@cloudtestlabaccounts.com, and components 3, with reason 7
10-11 21:54:54.168: I/Authzen(5286): [SyncManager] Triggering AuthZen registration...
10-11 21:54:54.178: W/System(5879): ClassLoader referenced unknown path: /system/app/Hangouts/lib/x86
10-11 21:54:54.234: I/Authzen(5286): [RegistrationManager] Fetching signing key...
10-11 21:54:54.244: I/Authzen(5286): [KeyService] Creating new signing Keys for handle: device_key
10-11 21:54:54.246: I/Authzen(5286): [SqliteKeyStorage] Adding new credential
10-11 21:54:54.251: I/Authzen(5286): [RegistrationManager] Signing key fetched successfully!
10-11 21:54:54.258: I/Authzen(5286): [RegistrationManager] Starting Enrollment...
10-11 21:54:54.274: D/SyncManager(1699): failed sync operation JobId: 107273, VS2WQVCOVYYT3Y3JQZUPAOQ2II-00@cloudtestlabaccounts.com u0 (com.google), com.google.android.gms.auth.api.credentials, USER, EXPEDITED, reason: 10014, SyncResult: syncAlreadyInProgress: true stats []
10-11 21:54:54.334: E/Icing(5270): Array storage bad crc 10117671 vs 3273260694
10-11 21:54:54.334: E/Icing(5270): File /data/data/com.google.android.gms/files/AppDataSearch/main/cur/ds.docids failed to init (elt_size 4 num_elts 31 array_crc 3273260694)
10-11 21:54:54.334: E/Icing(5270): Array storage bad crc 2745759218 vs 2309388768
10-11 21:54:54.334: E/Icing(5270): File /data/data/com.google.android.gms/files/AppDataSearch/main/cur/ds.perdocdata failed to init (elt_size 26 num_elts 31 array_crc 2309388768)
10-11 21:54:54.334: E/Icing(5270): Array storage bad crc 2043766515 vs 0
10-11 21:54:54.334: E/Icing(5270): File /data/data/com.google.android.gms/files/AppDataSearch/main/cur/ds.cscoring failed to init (elt_size 37 num_elts 14 array_crc 0)
10-11 21:54:54.334: E/Icing(5270): Array storage bad crc 1222980748 vs 913317721
10-11 21:54:54.334: E/Icing(5270): Trie mmap suffix failed
10-11 21:54:54.349: W/Auth(5286): [GetToken] GetToken failed with status code: INVALID_SCOPE
10-11 21:54:54.350: E/Authzen(5286): [RegistrationManager] Failed to do enrollment for account: <ELLIDED:48565171>
10-11 21:54:54.352: E/Auth.Api.Credentials(5270): [CredentialSyncAdapter] Unknown sync event.
10-11 21:54:54.363: E/GCoreUlr(5286): Create new device tag of 403083695 without device reboot
10-11 21:54:54.366: I/Authzen(5286): [exw] Syncing data for account <ELLIDED:48565171>
10-11 21:54:54.376: D/SyncManager(1699): handleSyncHandlerMessage: dropping since the sync is no longer active: startTime 14031227, mTimeoutStartTime 14031227, mHistoryRowId 2, syncOperation JobId: 108544, VS2WQVCOVYYT3Y3JQZUPAOQ2II-00@cloudtestlabaccounts.com u0 (com.google), com.google.android.gms.auth.api.credentials, SERVER, reason: AutoSync
10-11 21:54:54.377: W/Icing(5270): Docstore bad crc 0xcf810152 vs 0x61206e14
10-11 21:54:54.450: W/Auth(5286): [GetToken] GetToken failed with status code: INVALID_SCOPE
10-11 21:54:54.450: E/Authzen(5286): [exw] Failed to authenticate account: <ELLIDED:48565171>. Clearing data.
10-11 21:54:54.459: I/Authzen(5286): [fcc] Opening database auth.proximity.permit_store...
10-11 21:54:54.460: I/Authzen(5286): [SyncManager] sync failed for 100
10-11 21:54:54.461: I/Authzen(5286): [SyncManager] Setting up sync 48719777ms later.
10-11 21:54:54.462: I/GCoreUlr(5286): WorldUpdater received intent Intent { act=com.google.android.location.reporting.ACTION_UPDATE_WORLD cmp=com.google.android.gms/com.google.android.location.reporting.service.DispatchingService (has extras) } with receiverAction com.google.android.gms.auth.GOOGLE_ACCOUNT_CHANGE
10-11 21:54:54.479: E/Icing(5270): Array storage bad crc 2366219033 vs 0
10-11 21:54:54.479: E/Icing(5270): Trie mmap node failed
10-11 21:54:54.508: V/GCMBroadcastReceiver(5467): onReceive: com.google.android.c2dm.intent.REGISTRATION
10-11 21:54:54.508: V/GCMBroadcastReceiver(5467): GCM IntentService class: com.android.vending.GCMIntentService
10-11 21:54:54.508: V/GCMBaseIntentService(5467): Acquiring wakelock
10-11 21:54:54.511: V/GCMBaseIntentService(5467): Intent service name: GCMIntentService-932144863878-1
10-11 21:54:54.524: E/GCMRegistrar(5467): internal error: retry receiver class not set yet
10-11 21:54:54.524: V/GCMRegistrar(5467): Registering receiver
10-11 21:54:54.526: D/GCMBaseIntentService(5467): handleRegistration: registrationId = APA91bHFenrR8lPomKEXiNTWoJbTgPV5YbSKt1tS-jhDWKW7eg7vTA3OFLeFJErPgfLW8SqL_GKiDyAxGOMnmuRUdT4G-KZh3HpOVTxemY3TUs_u1mgKOB2Z1IINZatUmmj_JOl2b-0V, error = null, unregistered = null
10-11 21:54:54.526: D/GCMRegistrar(5467): resetting backoff for com.android.vending
10-11 21:54:54.527: V/GCMRegistrar(5467): Saving regId on app version 80694300
10-11 21:54:54.528: V/GCMBaseIntentService(5467): Releasing wakelock
10-11 21:54:54.530: I/Finsky(5467): [1] com.google.android.finsky.utils.cj.a(66): Uploading GcmRegistration Id because not registered yet
10-11 21:54:54.531: I/art(1699): Background sticky concurrent mark sweep GC freed 62655(2MB) AllocSpace objects, 28(2MB) LOS objects, 20% free, 17MB/22MB, paused 5.572ms total 54.801ms
10-11 21:54:54.532: I/MS_RegisterService(5879): RegisterService intent:Intent { act=register_intent_action flg=0x10 cmp=com.google.android.talk/com.google.android.libraries.matchstick.net.SilentRegisterService } isPeriodic:false
10-11 21:54:54.562: I/Finsky(5467): [1] com.google.android.vending.verifier.VerifyInstalledPackagesReceiver.onReceive(42): Verify installed apps requested
10-11 21:54:54.566: I/Finsky(5467): [352] com.google.android.vending.verifier.ac.a(103): Verifying installed packages
10-11 21:54:54.576: I/Finsky(5467): [1] com.google.android.finsky.widget.a.onReceive(139): Received ACTION_APPWIDGET_UPDATE, updating 0 widgets.
10-11 21:54:54.577: I/Finsky(5467): [1] com.google.android.finsky.widget.a.onReceive(139): Received ACTION_APPWIDGET_UPDATE, updating 0 widgets.
10-11 21:54:54.578: I/Finsky(5467): [1] com.google.android.finsky.widget.a.onReceive(139): Received ACTION_APPWIDGET_UPDATE, updating 0 widgets.
10-11 21:54:54.583: I/Finsky(5467): [1] com.google.android.finsky.services.DailyHygiene.a(22301): Beginning daily hygiene, foreground = false
10-11 21:54:54.583: I/Finsky(5467): [1] com.google.android.finsky.services.DailyHygiene.a(363): Probe [pNO9ObzPejlK16Cz5STnAehdGGc] for daily hygiene pass
10-11 21:54:54.588: D/ApplicationLoaders(5879): ignored Vulkan layer search path /data/app/com.google.android.gms-2/lib/x86:/system/fake-libs:/data/app/com.google.android.gms-2/base.apk!/lib/x86 for namespace 0xa9361090
10-11 21:54:54.600: I/Finsky(5467): [1] com.google.android.finsky.utils.cj.a(66): Uploading GcmRegistration Id because not registered yet
10-11 21:54:54.650: I/Finsky(5467): [363] com.google.android.finsky.receivers.FlushLogsReceiver$FlushLogsService.onHandleIntent(163): Flushing event logs for [pNO9ObzPejlK16Cz5STnAehdGGc]
10-11 21:54:54.650: I/PlayCommon(5467): [357] com.google.android.play.a.l.e(787): Preparing logs for uploading
10-11 21:54:54.651: I/PlayCommon(5467): [347] com.google.android.play.a.l.e(787): Preparing logs for uploading
10-11 21:54:54.657: W/PlayCommon(5467): [347] com.google.android.play.a.l.a(1128): No account for auth token provided
10-11 21:54:54.657: I/PlayCommon(5467): [347] com.google.android.play.a.l.a(927): Connecting to server: https://play.googleapis.com/play/log?format=raw&proto_v2=true
10-11 21:54:54.675: I/PlayCommon(5467): [357] com.google.android.play.a.l.a(927): Connecting to server: https://play.googleapis.com/play/log?format=raw&proto_v2=true
10-11 21:54:54.676: I/GCoreUlr(5286): AutoEnableManager setIneligible for account#11#
10-11 21:54:54.714: V/NativeCrypto(5879): Registering com/google/android/gms/org/conscrypt/NativeCrypto's 259 native methods...
10-11 21:54:54.732: W/art(5286): Long monitor contention with owner netscheduler-queue-handler (5414) at void sww.a(sxe, int)(:com.google.android.gms@11519470:66) waiters=0 in void sww.a(swg, boolean) for 159ms
10-11 21:54:54.746: D/NetworkSecurityConfig(5879): No Network Security Config specified, using platform default
10-11 21:54:54.747: I/ProviderInstaller(5879): Installed default security provider GmsCore_OpenSSL
10-11 21:54:54.749: I/MS_RegisterService(5879): Not registered and not enabled. Doing nothing.
10-11 21:54:54.754: I/MS_RegisterService(5879): RegisterService intent:Intent { act=register_intent_action flg=0x10 cmp=com.google.android.talk/com.google.android.libraries.matchstick.net.SilentRegisterService } isPeriodic:false
10-11 21:54:54.760: W/JobInfo(1699): Specified flex for 108184 is +57m36s0ms. Clamped to +1h12m0s0ms
10-11 21:54:54.773: I/qtaguid(5467): Untagging socket 52 failed errno=-22
10-11 21:54:54.773: W/NetworkManagementSocketTagger(5467): untagSocket(52) failed with errno -22
10-11 21:54:54.775: I/MS_RegisterService(5879): Not registered and not enabled. Doing nothing.
10-11 21:54:54.777: I/Remoter(1395): Saved screenshot to '/data/screenshots/__pmv__-0093.jpg'
10-11 21:54:54.792: I/Authzen(5270): [PermitStore] Getting all permits...
10-11 21:54:54.793: I/Authzen(5270): [fcc] Opening database auth.proximity.permit_store...
10-11 21:54:54.802: I/DynamiteModule(5270): Considering local module com.google.android.gms.googlecertificates:4 and remote module com.google.android.gms.googlecertificates:4
10-11 21:54:54.802: I/DynamiteModule(5270): Selected local version of com.google.android.gms.googlecertificates
10-11 21:54:54.802: I/Finsky(5467): [1] com.google.android.vending.verifier.ac.b(136): Done verifying installed packages
10-11 21:54:54.822: I/GCoreUlr(5286): WorldUpdater:com.google.android.gms.auth.GOOGLE_ACCOUNT_CHANGE: Ensuring that reporting is stopped because of reasons: {account#11#=[InactiveReason{mIdentifier=6, mName='ReportingNotEnabled'}, InactiveReason{mIdentifier=14, mName='HistoryNotEnabled'}]}
10-11 21:54:54.827: W/UdcContextManagerHelper(5286): Empty context buffer. Thus might mean that the context is not synced down.
10-11 21:54:54.827: W/UploadOptInStatusOp(5286): Empty context model while retrieving upload opt-in status!
10-11 21:54:54.879: I/qtaguid(5467): Untagging socket 59 failed errno=-22
10-11 21:54:54.879: W/NetworkManagementSocketTagger(5467): untagSocket(59) failed with errno -22
10-11 21:54:54.901: I/GCoreUlr(5286): Unbound from all location providers
10-11 21:54:54.901: I/GCoreUlr(5286): Place inference reporting - stop
10-11 21:54:54.914: I/GCoreUlr(5286): Unregistering for aliased place alerts.
10-11 21:54:54.942: I/qtaguid(5467): Untagging socket 59 failed errno=-22
10-11 21:54:54.942: W/NetworkManagementSocketTagger(5467): untagSocket(59) failed with errno -22
10-11 21:54:54.943: I/Finsky(5467): [1] com.google.android.finsky.selfupdate.c.a(125): Skipping DFE self-update check as there is an update already queued.
10-11 21:54:54.945: D/DownloadManager(4208): [15] Finished with status SUCCESS
10-11 21:54:54.962: I/ProcessCheckinRequest(5270): Get token from PseudonymousIdApi: 114=vfy81km6mbt2YcIphUpOq_ixxrRrfvkK9riAe6lLvOksgfJ8uVyljUR31_enhKhRRF5YywBZpxcZBX0_qB_3eWhDiu0v6-VgbcjdfqvrG5iTFLLtQXcfXAweZbGZQ69p
10-11 21:54:54.983: I/PlayCommon(5467): [347] com.google.android.play.a.l.a(1002): Successfully uploaded logs.
10-11 21:54:54.984: I/PlayCommon(5467): [347] com.google.android.play.a.l.e(787): Preparing logs for uploading
10-11 21:54:54.984: I/PlayCommon(5467): [347] com.google.android.play.a.l.e(789): No file ready to send
