10-11 21:54:22.684: I/Remoter(1395): Saved screenshot to '/data/screenshots/__pmv__-0067.jpg'
10-11 21:54:23.726: I/Remoter(1395): Saved screenshot to '/data/screenshots/__pmv__-0068.jpg'
10-11 21:54:24.299: D/AndroidRuntime(4434): >>>>>> START com.android.internal.os.RuntimeInit uid 0 <<<<<<
10-11 21:54:24.301: D/AndroidRuntime(4434): CheckJNI is OFF
10-11 21:54:24.325: D/ICU(4434): No timezone override file found: /data/misc/zoneinfo/current/icu/icu_tzdata.dat
10-11 21:54:24.325: D/ICU(4434): [ 10-11 21:54:24.377  4434: 4434 W/         ]
10-11 21:54:24.325: D/ICU(4434): Failed to bind-mount /system/lib/x86/cpuinfo as /proc/cpuinfo: No such file or directory
10-11 21:54:24.382: E/memtrack(4434): Couldn't load memtrack module (No such file or directory)
10-11 21:54:24.382: E/android.os.Debug(4434): failed to load memtrack module: -2
10-11 21:54:24.382: I/Radio-JNI(4434): register_android_hardware_Radio DONE
10-11 21:54:24.408: D/AndroidRuntime(4434): Calling main entry com.android.commands.pm.Pm
10-11 21:54:24.408: D/AndroidRuntime(4434): [ 10-11 21:54:24.412  1408: 1408 I/         ]
10-11 21:54:24.408: D/AndroidRuntime(4434): free_cache(641016) avail 3899379712
10-11 21:54:24.450: I/main(1404): type=1400 audit(0.0:76): avc: denied { getattr } for path="/sys/kernel/debug/tracing/trace_marker" dev="tracefs" ino=1049 scontext=u:r:zygote:s0 tcontext=u:object_r:debugfs_tracing:s0 tclass=file permissive=1
10-11 21:54:24.483: I/ActivityManager(1699): Start proc 4444:com.android.defcontainer/u0a8 for service com.android.defcontainer/.DefaultContainerService
10-11 21:54:24.480: I/main(4444): type=1400 audit(0.0:77): avc: denied { write } for name="trace_marker" dev="tracefs" ino=1049 scontext=u:r:zygote:s0 tcontext=u:object_r:debugfs_tracing:s0 tclass=file permissive=1
10-11 21:54:24.522: I/ActivityManager(1699): Start proc 4459:com.android.vending/u0a24 for broadcast com.android.vending/com.google.android.vending.verifier.PackageVerificationReceiver
10-11 21:54:24.480: I/main(4444): type=1400 audit(0.0:78): avc: denied { open } for path="/sys/kernel/debug/tracing/trace_marker" dev="tracefs" ino=1049 scontext=u:r:zygote:s0 tcontext=u:object_r:debugfs_tracing:s0 tclass=file permissive=1
10-11 21:54:24.529: W/System(4459): ClassLoader referenced unknown path: /system/priv-app/Phonesky/lib/x86
10-11 21:54:24.540: W/Finsky(4459): [1] com.google.android.finsky.FinskyApp.i(1556): No account configured on this device.
10-11 21:54:24.541: W/Finsky(4459): [1] com.google.android.finsky.FinskyApp.i(1556): No account configured on this device.
10-11 21:54:24.542: W/Finsky(4459): [1] com.google.android.finsky.FinskyApp.i(1556): No account configured on this device.
10-11 21:54:24.542: W/Finsky(4459): [1] com.google.android.finsky.FinskyApp.i(1556): No account configured on this device.
10-11 21:54:24.542: W/Finsky(4459): [1] com.google.android.finsky.FinskyApp.i(1556): No account configured on this device.
10-11 21:54:24.542: W/Finsky(4459): [1] com.google.android.finsky.FinskyApp.i(1556): No account configured on this device.
10-11 21:54:24.543: W/Finsky(4459): [1] com.google.android.finsky.FinskyApp.i(1556): No account configured on this device.
10-11 21:54:24.549: W/Finsky(4459): [1] com.google.android.finsky.FinskyApp.i(1556): No account configured on this device.
10-11 21:54:24.549: W/Finsky(4459): [1] com.google.android.finsky.FinskyApp.i(1556): No account configured on this device.
10-11 21:54:24.550: W/Finsky(4459): [1] com.google.android.finsky.FinskyApp.i(1556): No account configured on this device.
10-11 21:54:24.554: W/Finsky(4459): [1] com.google.android.finsky.FinskyApp.i(1556): No account configured on this device.
10-11 21:54:24.555: W/Finsky(4459): [1] com.google.android.finsky.FinskyApp.i(1556): No account configured on this device.
10-11 21:54:24.556: W/Finsky(4459): [1] com.google.android.finsky.FinskyApp.i(1556): No account configured on this device.
10-11 21:54:24.557: W/Finsky(4459): [1] com.google.android.finsky.FinskyApp.i(1556): No account configured on this device.
10-11 21:54:24.557: W/Finsky(4459): [1] com.google.android.finsky.FinskyApp.i(1556): No account configured on this device.
10-11 21:54:24.557: W/Finsky(4459): [1] com.google.android.finsky.FinskyApp.i(1556): No account configured on this device.
10-11 21:54:24.558: W/Finsky(4459): [1] com.google.android.finsky.FinskyApp.i(1556): No account configured on this device.
10-11 21:54:24.559: W/Finsky(4459): [1] com.google.android.finsky.FinskyApp.i(1556): No account configured on this device.
10-11 21:54:24.562: W/Finsky(4459): [1] com.google.android.finsky.FinskyApp.i(1556): No account configured on this device.
10-11 21:54:24.563: W/Finsky(4459): [1] com.google.android.finsky.FinskyApp.i(1556): No account configured on this device.
10-11 21:54:24.563: W/Finsky(4459): [1] com.google.android.finsky.FinskyApp.i(1556): No account configured on this device.
10-11 21:54:24.563: W/Finsky(4459): [1] com.google.android.finsky.FinskyApp.i(1556): No account configured on this device.
10-11 21:54:24.564: W/Finsky(4459): [1] com.google.android.finsky.FinskyApp.i(1556): No account configured on this device.
10-11 21:54:24.564: W/Finsky(4459): [1] com.google.android.finsky.FinskyApp.i(1556): No account configured on this device.
10-11 21:54:24.564: I/Finsky(4459): [1] com.google.android.finsky.services.DailyHygiene.a(220): No need to run daily hygiene.
10-11 21:54:24.566: W/Settings(4459): Setting download_manager_max_bytes_over_mobile has moved from android.provider.Settings.Secure to android.provider.Settings.Global.
10-11 21:54:24.566: W/Settings(4459): Setting download_manager_recommended_max_bytes_over_mobile has moved from android.provider.Settings.Secure to android.provider.Settings.Global.
10-11 21:54:24.569: W/Finsky(4459): [1] com.google.android.finsky.FinskyApp.i(1556): No account configured on this device.
10-11 21:54:24.570: W/Finsky(4459): [1] com.google.android.finsky.FinskyApp.i(1556): No account configured on this device.
10-11 21:54:24.571: W/Finsky(4459): [1] com.google.android.finsky.FinskyApp.i(1556): No account configured on this device.
10-11 21:54:24.571: W/Finsky(4459): [1] com.google.android.finsky.FinskyApp.i(1556): No account configured on this device.
10-11 21:54:24.573: W/Finsky(4459): [1] com.google.android.finsky.FinskyApp.i(1556): No account configured on this device.
10-11 21:54:24.573: W/Finsky(4459): [1] com.google.android.finsky.FinskyApp.i(1556): No account configured on this device.
10-11 21:54:24.573: W/Finsky(4459): [1] com.google.android.finsky.FinskyApp.i(1556): No account configured on this device.
10-11 21:54:24.574: W/Finsky(4459): [1] com.google.android.finsky.FinskyApp.i(1556): No account configured on this device.
10-11 21:54:24.574: W/Finsky(4459): [1] com.google.android.finsky.FinskyApp.i(1556): No account configured on this device.
10-11 21:54:24.574: W/Finsky(4459): [1] com.google.android.finsky.FinskyApp.b(1227): No account configured on this device.
10-11 21:54:24.575: W/Finsky(4459): [1] com.google.android.finsky.FinskyApp.i(1556): No account configured on this device.
10-11 21:54:24.575: W/Finsky(4459): [1] com.google.android.finsky.FinskyApp.i(1556): No account configured on this device.
10-11 21:54:24.576: W/Finsky(4459): [1] com.google.android.finsky.FinskyApp.i(1556): No account configured on this device.
10-11 21:54:24.576: W/Finsky(4459): [1] com.google.android.finsky.FinskyApp.i(1556): No account configured on this device.
10-11 21:54:24.578: I/Finsky(4459): [1] com.google.android.vending.verifier.PackageVerificationReceiver.onReceive(2107): Skipping verification. Disabled by user setting
10-11 21:54:24.581: W/Finsky(4459): [283] com.google.android.finsky.FinskyApp.i(1556): No account configured on this device.
10-11 21:54:24.582: I/PackageManager.DexOptimizer(1699): Running dexopt (dex2oat) on: /data/app/vmdl1604127986.tmp/base.apk pkg=com.google.android.apps.mtaas.tools isa=x86 vmSafeMode=false debuggable=false target-filter=interpret-only oatDir = /data/app/vmdl1604127986.tmp/oat sharedLibraries=null
10-11 21:54:24.584: W/Finsky(4459): [1] com.google.android.finsky.FinskyApp.i(1556): No account configured on this device.
10-11 21:54:24.584: W/Finsky(4459): [1] com.google.android.finsky.FinskyApp.i(1556): No account configured on this device.
10-11 21:54:24.595: I/Finsky(4459): [1] com.google.android.finsky.c.l.a(253): result=false type=4
10-11 21:54:24.595: I/WearableService(2135): Wearable Services not starting - Wear is not available on this device.
10-11 21:54:24.595: W/Finsky(4459): [1] com.google.android.finsky.FinskyApp.i(1556): No account configured on this device.
10-11 21:54:24.596: W/dex2oat(4498): Mismatch between dex2oat instruction set features (ISA: X86 Feature string: smp,ssse3,sse4.1,sse4.2,-avx,-avx2,lock_add,popcnt) and those of dex2oat executable (ISA: X86 Feature string: smp,ssse3,sse4.1,sse4.2,-avx,-avx2,-lock_add,popcnt) for the command line:
10-11 21:54:24.596: W/dex2oat(4498): /system/bin/dex2oat --zip-fd=6 --zip-location=base.apk --oat-fd=7 --oat-location=/data/app/vmdl1604127986.tmp/oat/x86/base.odex --instruction-set=x86 --instruction-set-variant=silvermont --instruction-set-features=default --runtime-arg -Xms64m --runtime-arg -Xmx512m --compiler-filter=interpret-only --swap-fd=8
10-11 21:54:24.596: I/dex2oat(4498): /system/bin/dex2oat --compiler-filter=interpret-only
10-11 21:54:24.596: W/Finsky(4459): [1] com.google.android.finsky.FinskyApp.i(1556): No account configured on this device.
10-11 21:54:24.596: E/cutils-trace(4498): Error opening trace file: Permission denied (13)
10-11 21:54:24.601: W/Finsky(4459): [283] com.google.android.finsky.FinskyApp.i(1556): No account configured on this device.
10-11 21:54:24.604: W/Finsky(4459): [1] com.google.android.finsky.FinskyApp.i(1556): No account configured on this device.
10-11 21:54:24.612: W/Finsky(4459): [1] com.google.android.finsky.FinskyApp.i(1556): No account configured on this device.
10-11 21:54:24.612: I/Finsky(4459): [1] com.google.android.finsky.services.bd.a(853): Restore complete with 0 success and 0 failed.
10-11 21:54:24.613: D/WearableService(2135): onGetService - Wear is not available on this device.
10-11 21:54:24.614: E/Finsky(4459): [1] com.google.android.finsky.wear.bo.a(838): onConnectionFailed: ConnectionResult{statusCode=API_UNAVAILABLE, resolution=null, message=null}
10-11 21:54:24.614: I/Finsky(4459): [1] com.google.android.finsky.wear.WearSupportService.a(6396): Dropping command=send_installed_apps due to Gms not connected
10-11 21:54:24.734: I/dex2oat(4498): dex2oat took 138.460ms (threads: 2) arena alloc=3KB (3368B) java alloc=934KB (957184B) native alloc=2MB (2615192B) free=1542KB (1579112B)
10-11 21:54:24.754: W/PackageManager(1699): Not granting permission android.permission.SET_ANIMATION_SCALE to package com.google.android.apps.mtaas.tools (protectionLevel=50 flags=0x3808be44)
10-11 21:54:24.754: W/PackageManager(1699): Not granting permission android.permission.CHANGE_CONFIGURATION to package com.google.android.apps.mtaas.tools (protectionLevel=50 flags=0x3808be44)
10-11 21:54:24.766: D/installd(1408): Detected label change from u:object_r:system_data_file:s0 to u:object_r:app_data_file:s0:c512,c768 at /data/data/com.google.android.apps.mtaas.tools; running recursive restorecon
10-11 21:54:24.766: D/installd(1408): Detected label change from u:object_r:system_data_file:s0 to u:object_r:app_data_file:s0:c512,c768 at /data/user_de/0/com.google.android.apps.mtaas.tools; running recursive restorecon
10-11 21:54:24.767: V/BackupManagerService(1699): restoreAtInstall pkg=com.google.android.apps.mtaas.tools token=1 restoreSet=0
10-11 21:54:24.767: V/BackupManagerService(1699): Finishing install immediately
10-11 21:54:24.768: I/art(1699): Starting a blocking GC Explicit
10-11 21:54:24.777: I/Remoter(1395): Saved screenshot to '/data/screenshots/__pmv__-0069.jpg'
10-11 21:54:24.788: I/art(1699): Explicit concurrent mark sweep GC freed 43196(2MB) AllocSpace objects, 11(268KB) LOS objects, 33% free, 14MB/21MB, paused 216us total 19.868ms
10-11 21:54:24.788: I/art(1699): [ 10-11 21:54:24.789  1408: 1408 E/         ]
10-11 21:54:24.788: I/art(1699): Couldn't opendir /data/app/vmdl1604127986.tmp: No such file or directory
10-11 21:54:24.789: D/PackageInstaller(1699): Ignoring abandon after commit relinquished control
10-11 21:54:24.790: I/art(4434): System.exit called, status: 0
10-11 21:54:24.790: I/AndroidRuntime(4434): VM exiting with result code 0.
10-11 21:54:24.795: I/InputReader(1699): Reconfiguring input devices.  changes=0x00000010
10-11 21:54:24.795: D/BluetoothMapAppObserver(1768): onReceive
10-11 21:54:24.795: D/BluetoothMapAppObserver(1768): The installed package is: com.google.android.apps.mtaas.tools
10-11 21:54:24.796: D/BluetoothMapAppObserver(1768): Found 0 application(s) with intent android.bluetooth.action.BLUETOOTH_MAP_PROVIDER
10-11 21:54:24.796: D/CarrierSvcBindHelper(1877): No carrier app for: 0
10-11 21:54:24.796: D/BluetoothMapAppObserver(1768): Found 0 application(s) with intent android.bluetooth.action.BLUETOOTH_MAP_IM_PROVIDER
10-11 21:54:24.796: D/CarrierConfigLoader(1877): mHandler: 9 phoneId: 0
10-11 21:54:24.801: I/ActivityManager(1699): Start proc 4506:com.android.musicfx/u0a23 for broadcast com.android.musicfx/.Compatibility$Receiver
10-11 21:54:24.814: W/System(4506): ClassLoader referenced unknown path: /system/priv-app/MusicFX/lib/x86
10-11 21:54:24.823: W/Searchables(1699): No global search activity found
10-11 21:54:24.841: I/ActivityManager(1699): Start proc 4521:android.process.acore/u0a1 for broadcast com.android.providers.contacts/.PackageIntentReceiver
10-11 21:54:24.843: I/ActivityManager(1699): Killing 2340:com.android.providers.calendar/u0a2 (adj 906): empty for 13858s
10-11 21:54:24.845: W/System(4521): ClassLoader referenced unknown path: /system/priv-app/ContactsProvider/lib/x86
10-11 21:54:24.852: D/ActivityManager(1699): cleanUpApplicationRecord -- 2340
10-11 21:54:24.854: I/ContactsPerf(4521): VoicemailContentProvider.onCreate start
10-11 21:54:24.855: I/ContactsPerf(4521): VoicemailContentProvider.onCreate finish
10-11 21:54:24.855: W/System(4521): ClassLoader referenced unknown path: /system/priv-app/BlockedNumberProvider/lib/x86
10-11 21:54:24.856: D/ApplicationLoaders(4521): ignored Vulkan layer search path /system/priv-app/BlockedNumberProvider/lib/x86:/system/lib:/vendor/lib for namespace 0xa9361090
10-11 21:54:24.858: W/System(4521): ClassLoader referenced unknown path: /system/app/UserDictionaryProvider/lib/x86
10-11 21:54:24.860: D/ApplicationLoaders(4521): ignored Vulkan layer search path /system/app/UserDictionaryProvider/lib/x86:/system/lib:/vendor/lib for namespace 0xa93610d0
10-11 21:54:24.867: I/Finsky(4459): [1] com.google.android.finsky.utils.PermissionPolicies$PermissionPolicyService.onStartCommand(117): post-install permissions check for com.google.android.apps.mtaas.tools
10-11 21:54:24.868: W/Finsky(4459): [1] com.google.android.finsky.FinskyApp.i(1556): No account configured on this device.
10-11 21:54:24.876: I/ContactLocale(4521): AddressBook Labels [[en_US]]: […, A, B, C, D, E, F, G, H, I, J, K, L, M, N, O, P, Q, R, S, T, U, V, W, X, Y, Z, Α, Β, Γ, Δ, Ε, Ζ, Η, Θ, Ι, Κ, Λ, Μ, Ν, Ξ, Ο, Π, Ρ, Σ, Τ, Υ, Φ, Χ, Ψ, Ω, …, А, Б, В, Г, Д, Ђ, Е, Є, Ж, З, И, І, Й, Ј, К, Л, Љ, М, Н, Њ, О, П, Р, С, Т, Ћ, У, Ф, Х, Ц, Ч, Џ, Ш, Щ, Ю, Я, …, א, ב, ג, ד, ה, ו, ז, ח, ט, י, כ, ל, מ, נ, ס, ע, פ, צ, ק, ר, ש, ת, …, ا, ب, ت, ث, ج, ح, خ, د, ذ, ر, ز, س, ش, ص, ض, ط, ظ, ع, غ, ف, ق, ك, ل, م, ن, ه, و, ي, …, ก, ข, ฃ, ค, ฅ, ฆ, ง, จ, ฉ, ช, ซ, ฌ, ญ, ฎ, ฏ, ฐ, ฑ, ฒ, ณ, ด, ต, ถ, ท, ธ, น, บ, ป, ผ, ฝ, พ, ฟ, ภ, ม, ย, ร, ฤ, ล, ฦ, ว, ศ, ษ, ส, ห, ฬ, อ, ฮ, …, ㄱ, ㄴ, ㄷ, ㄹ, ㅁ, ㅂ, ㅅ, ㅇ, ㅈ, ㅊ, ㅋ, ㅌ, ㅍ, ㅎ, …, あ, か, さ, た, な, は, ま, や, ら, わ, #, …]
10-11 21:54:24.877: I/ActivityManager(1699): Start proc 4543:com.google.android.apps.plus/u0a72 for broadcast com.google.android.apps.plus/.service.PackagesMediaMonitor
10-11 21:54:24.878: I/Finsky(4459): [1] com.google.android.finsky.utils.bn.run(1302): Package state data is missing for com.google.android.apps.mtaas.tools
10-11 21:54:24.879: W/Finsky(4459): [1] com.google.android.finsky.FinskyApp.i(1556): No account configured on this device.
10-11 21:54:24.880: D/WearableService(2135): onGetService - Wear is not available on this device.
10-11 21:54:24.880: E/Finsky(4459): [1] com.google.android.finsky.wear.bo.a(838): onConnectionFailed: ConnectionResult{statusCode=API_UNAVAILABLE, resolution=null, message=null}
10-11 21:54:24.880: I/Finsky(4459): [1] com.google.android.finsky.wear.WearSupportService.a(6396): Dropping command=send_installed_apps due to Gms not connected
10-11 21:54:24.881: I/ActivityManager(1699): Killing 3853:com.google.android.gms.ui/u0a14 (adj 906): empty for 13731s
10-11 21:54:24.885: W/System(4543): ClassLoader referenced unknown path: /system/app/PlusOne/lib/x86
10-11 21:54:24.892: D/ActivityManager(1699): cleanUpApplicationRecord -- 3853
10-11 21:54:24.897: E/DatabaseUtils(4208): Writing exception to parcel
10-11 21:54:24.897: E/DatabaseUtils(4208): java.lang.SecurityException: Permission Denial: reading com.android.providers.media.MediaProvider uri content://media/external/fs_id from pid=4543, uid=10072 requires android.permission.READ_EXTERNAL_STORAGE, or grantUriPermission()
10-11 21:54:24.897: E/DatabaseUtils(4208): 	at android.content.ContentProvider.enforceReadPermissionInner(ContentProvider.java:608)
10-11 21:54:24.897: E/DatabaseUtils(4208): 	at android.content.ContentProvider$Transport.enforceReadPermission(ContentProvider.java:483)
10-11 21:54:24.897: E/DatabaseUtils(4208): 	at android.content.ContentProvider$Transport.query(ContentProvider.java:212)
10-11 21:54:24.897: E/DatabaseUtils(4208): 	at android.content.ContentProviderNative.onTransact(ContentProviderNative.java:112)
10-11 21:54:24.897: E/DatabaseUtils(4208): 	at android.os.Binder.execTransact(Binder.java:565)
10-11 21:54:24.906: W/ActivityManager(1699): Permission Denial: opening provider com.android.providers.contacts.ContactsProvider2 from ProcessRecord{dc21a2a 4543:com.google.android.apps.plus/u0a72} (pid=4543, uid=10072) requires android.permission.READ_CONTACTS or android.permission.WRITE_CONTACTS
10-11 21:54:24.907: W/ActivityManager(1699): Permission Denial: opening provider com.android.providers.contacts.ContactsProvider2 from ProcessRecord{dc21a2a 4543:com.google.android.apps.plus/u0a72} (pid=4543, uid=10072) requires android.permission.READ_CONTACTS or android.permission.WRITE_CONTACTS
10-11 21:54:24.914: W/ActivityManager(1699): Permission Denial: opening provider com.android.providers.contacts.ContactsProvider2 from ProcessRecord{dc21a2a 4543:com.google.android.apps.plus/u0a72} (pid=4543, uid=10072) requires android.permission.READ_CONTACTS or android.permission.WRITE_CONTACTS
10-11 21:54:24.916: E/GooglePlusContactsSync(4543): Failed to clear out contacts
10-11 21:54:24.916: E/GooglePlusContactsSync(4543): java.lang.SecurityException: Permission Denial: opening provider com.android.providers.contacts.ContactsProvider2 from ProcessRecord{dc21a2a 4543:com.google.android.apps.plus/u0a72} (pid=4543, uid=10072) requires android.permission.READ_CONTACTS or android.permission.WRITE_CONTACTS
10-11 21:54:24.916: E/GooglePlusContactsSync(4543): 	at android.os.Parcel.readException(Parcel.java:1684)
10-11 21:54:24.916: E/GooglePlusContactsSync(4543): 	at android.os.Parcel.readException(Parcel.java:1637)
10-11 21:54:24.916: E/GooglePlusContactsSync(4543): 	at android.app.ActivityManagerProxy.getContentProvider(ActivityManagerNative.java:4199)
10-11 21:54:24.916: E/GooglePlusContactsSync(4543): 	at android.app.ActivityThread.acquireProvider(ActivityThread.java:5476)
10-11 21:54:24.916: E/GooglePlusContactsSync(4543): 	at android.app.ContextImpl$ApplicationContentResolver.acquireUnstableProvider(ContextImpl.java:2239)
10-11 21:54:24.916: E/GooglePlusContactsSync(4543): 	at android.content.ContentResolver.acquireUnstableProvider(ContentResolver.java:1517)
10-11 21:54:24.916: E/GooglePlusContactsSync(4543): 	at android.content.ContentResolver.query(ContentResolver.java:516)
10-11 21:54:24.916: E/GooglePlusContactsSync(4543): 	at android.content.ContentResolver.query(ContentResolver.java:474)
10-11 21:54:24.916: E/GooglePlusContactsSync(4543): 	at dcl.a(PG:447)
10-11 21:54:24.916: E/GooglePlusContactsSync(4543): 	at dcl.b(PG:1396)
10-11 21:54:24.916: E/GooglePlusContactsSync(4543): 	at dcm.run(PG:333)
10-11 21:54:24.916: E/GooglePlusContactsSync(4543): 	at java.lang.Thread.run(Thread.java:761)
10-11 21:54:24.993: I/ActivityManager(1699): Start proc 4576:com.google.android.partnersetup/u0a21 for broadcast com.google.android.partnersetup/.RlzPingBroadcastReceiver
10-11 21:54:24.996: W/ConfigurationChimeraProvider(2135): Got null configs for com.google.android.gms.appinvite
10-11 21:54:25.000: W/System(4576): ClassLoader referenced unknown path: /system/priv-app/GooglePartnerSetup/lib/x86
10-11 21:54:25.003: I/FontsPackageChangeOp(2352): Package com.google.android.apps.mtaas.tools has no metadata
10-11 21:54:25.012: D/Wear_Controller(2352): Received broadcast action=android.intent.action.PACKAGE_ADDED and uri=com.google.android.apps.mtaas.tools
10-11 21:54:25.022: W/ConfigurationChimeraProvider(2135): Got null configs for com.google.android.gms.chromesync
10-11 21:54:25.034: I/Icing(2352): IndexChimeraService.getServiceInterface callingPackage=com.google.android.gms componentName=AppsCorpus serviceId=32
10-11 21:54:25.034: I/Icing(2352): IndexChimeraService.getServiceInterface callingPackage=com.google.android.gms componentName=AppsCorpus serviceId=36
10-11 21:54:25.060: I/Icing(2352): App usage reports: 1
10-11 21:54:25.061: I/Icing(2352): Usage reports 3 indexed 2 rejected 0 imm upload false
10-11 21:54:25.065: I/Icing(2352): Usage reports 0 indexed 0 rejected 0 imm upload false
10-11 21:54:25.505: D/AndroidRuntime(4620): >>>>>> START com.android.internal.os.RuntimeInit uid 0 <<<<<<
10-11 21:54:25.506: D/AndroidRuntime(4620): CheckJNI is OFF
10-11 21:54:25.530: D/ICU(4620): No timezone override file found: /data/misc/zoneinfo/current/icu/icu_tzdata.dat
10-11 21:54:25.530: D/ICU(4620): [ 10-11 21:54:25.534  4620: 4620 W/         ]
10-11 21:54:25.530: D/ICU(4620): Failed to bind-mount /system/lib/x86/cpuinfo as /proc/cpuinfo: No such file or directory
10-11 21:54:25.539: E/memtrack(4620): Couldn't load memtrack module (No such file or directory)
10-11 21:54:25.539: E/android.os.Debug(4620): failed to load memtrack module: -2
10-11 21:54:25.539: I/Radio-JNI(4620): register_android_hardware_Radio DONE
10-11 21:54:25.543: D/AndroidRuntime(4620): Calling main entry com.android.commands.pm.Pm
10-11 21:54:25.543: D/AndroidRuntime(4620): [ 10-11 21:54:25.546  1408: 1408 I/         ]
10-11 21:54:25.543: D/AndroidRuntime(4620): free_cache(486724) avail 3896344576
10-11 21:54:25.559: I/Finsky(4459): [1] com.google.android.vending.verifier.PackageVerificationReceiver.onReceive(2107): Skipping verification. Disabled by user setting
10-11 21:54:25.560: I/PackageParser(1699): com.google.android.apps.mtaas.loginutil: compat added android.permission.WRITE_EXTERNAL_STORAGE android.permission.READ_PHONE_STATE
10-11 21:54:25.561: I/PackageManager.DexOptimizer(1699): Running dexopt (dex2oat) on: /data/app/vmdl857269209.tmp/base.apk pkg=com.google.android.apps.mtaas.loginutil isa=x86 vmSafeMode=false debuggable=false target-filter=interpret-only oatDir = /data/app/vmdl857269209.tmp/oat sharedLibraries=null
10-11 21:54:25.570: W/dex2oat(4631): Mismatch between dex2oat instruction set features (ISA: X86 Feature string: smp,ssse3,sse4.1,sse4.2,-avx,-avx2,lock_add,popcnt) and those of dex2oat executable (ISA: X86 Feature string: smp,ssse3,sse4.1,sse4.2,-avx,-avx2,-lock_add,popcnt) for the command line:
10-11 21:54:25.570: W/dex2oat(4631): /system/bin/dex2oat --zip-fd=6 --zip-location=base.apk --oat-fd=7 --oat-location=/data/app/vmdl857269209.tmp/oat/x86/base.odex --instruction-set=x86 --instruction-set-variant=silvermont --instruction-set-features=default --runtime-arg -Xms64m --runtime-arg -Xmx512m --compiler-filter=interpret-only --swap-fd=8
10-11 21:54:25.570: I/dex2oat(4631): /system/bin/dex2oat --compiler-filter=interpret-only
10-11 21:54:25.570: E/cutils-trace(4631): Error opening trace file: Permission denied (13)
10-11 21:54:25.686: I/dex2oat(4631): dex2oat took 116.724ms (threads: 2) arena alloc=7KB (7776B) java alloc=492KB (504352B) native alloc=2MB (2533512B) free=1621KB (1660792B)
10-11 21:54:25.710: D/installd(1408): Detected label change from u:object_r:system_data_file:s0 to u:object_r:app_data_file:s0:c512,c768 at /data/data/com.google.android.apps.mtaas.loginutil; running recursive restorecon
10-11 21:54:25.711: D/installd(1408): Detected label change from u:object_r:system_data_file:s0 to u:object_r:app_data_file:s0:c512,c768 at /data/user_de/0/com.google.android.apps.mtaas.loginutil; running recursive restorecon
10-11 21:54:25.711: V/BackupManagerService(1699): restoreAtInstall pkg=com.google.android.apps.mtaas.loginutil token=2 restoreSet=0
10-11 21:54:25.711: V/BackupManagerService(1699): Finishing install immediately
10-11 21:54:25.712: I/art(1699): Starting a blocking GC Explicit
10-11 21:54:25.732: I/art(1699): Explicit concurrent mark sweep GC freed 61736(3MB) AllocSpace objects, 13(308KB) LOS objects, 33% free, 14MB/21MB, paused 222us total 20.454ms
10-11 21:54:25.732: I/art(1699): [ 10-11 21:54:25.735  1408: 1408 E/         ]
10-11 21:54:25.732: I/art(1699): Couldn't opendir /data/app/vmdl857269209.tmp: No such file or directory
10-11 21:54:25.737: D/BluetoothMapAppObserver(1768): onReceive
10-11 21:54:25.737: D/BluetoothMapAppObserver(1768): The installed package is: com.google.android.apps.mtaas.loginutil
10-11 21:54:25.737: D/BluetoothMapAppObserver(1768): Found 0 application(s) with intent android.bluetooth.action.BLUETOOTH_MAP_PROVIDER
10-11 21:54:25.738: I/InputReader(1699): Reconfiguring input devices.  changes=0x00000010
10-11 21:54:25.738: D/BluetoothMapAppObserver(1768): Found 0 application(s) with intent android.bluetooth.action.BLUETOOTH_MAP_IM_PROVIDER
10-11 21:54:25.738: D/CarrierSvcBindHelper(1877): No carrier app for: 0
10-11 21:54:25.738: D/CarrierConfigLoader(1877): mHandler: 9 phoneId: 0
10-11 21:54:25.748: I/art(4620): System.exit called, status: 0
10-11 21:54:25.748: I/AndroidRuntime(4620): VM exiting with result code 0.
10-11 21:54:25.751: I/Finsky(4459): [1] com.google.android.finsky.utils.PermissionPolicies$PermissionPolicyService.onStartCommand(117): post-install permissions check for com.google.android.apps.mtaas.loginutil
10-11 21:54:25.751: W/Finsky(4459): [1] com.google.android.finsky.FinskyApp.i(1556): No account configured on this device.
10-11 21:54:25.752: I/Finsky(4459): [1] com.google.android.finsky.utils.bn.run(1302): Package state data is missing for com.google.android.apps.mtaas.loginutil
10-11 21:54:25.752: W/Finsky(4459): [1] com.google.android.finsky.FinskyApp.i(1556): No account configured on this device.
10-11 21:54:25.753: D/WearableService(2135): onGetService - Wear is not available on this device.
10-11 21:54:25.753: E/Finsky(4459): [1] com.google.android.finsky.wear.bo.a(838): onConnectionFailed: ConnectionResult{statusCode=API_UNAVAILABLE, resolution=null, message=null}
10-11 21:54:25.754: I/Finsky(4459): [1] com.google.android.finsky.wear.WearSupportService.a(6396): Dropping command=send_installed_apps due to Gms not connected
10-11 21:54:25.770: I/FontsPackageChangeOp(2352): Package com.google.android.apps.mtaas.loginutil has no metadata
10-11 21:54:25.774: D/Wear_Controller(2352): Received broadcast action=android.intent.action.PACKAGE_ADDED and uri=com.google.android.apps.mtaas.loginutil
10-11 21:54:25.787: W/Searchables(1699): No global search activity found
10-11 21:54:25.791: I/Icing(2352): IndexChimeraService.getServiceInterface callingPackage=com.google.android.gms componentName=AppsCorpus serviceId=32
10-11 21:54:25.794: I/Icing(2352): IndexChimeraService.getServiceInterface callingPackage=com.google.android.gms componentName=AppsCorpus serviceId=36
10-11 21:54:25.799: I/Icing(2352): Usage reports 0 indexed 0 rejected 0 imm upload false
10-11 21:54:25.803: I/Icing(2352): Usage reports 0 indexed 0 rejected 0 imm upload false
10-11 21:54:25.827: I/Remoter(1395): Saved screenshot to '/data/screenshots/__pmv__-0070.jpg'
10-11 21:54:26.067: I/Icing(2352): Indexing 241B09F6E3C69FD9792618117EAD9E8F2E42DB55 from com.google.android.gms
10-11 21:54:26.078: I/Icing(2352): Indexing done 241B09F6E3C69FD9792618117EAD9E8F2E42DB55
10-11 21:54:26.622: D/AndroidRuntime(4661): >>>>>> START com.android.internal.os.RuntimeInit uid 0 <<<<<<
10-11 21:54:26.624: D/AndroidRuntime(4661): CheckJNI is OFF
10-11 21:54:26.650: D/ICU(4661): No timezone override file found: /data/misc/zoneinfo/current/icu/icu_tzdata.dat
10-11 21:54:26.650: D/ICU(4661): [ 10-11 21:54:26.653  4661: 4661 W/         ]
10-11 21:54:26.650: D/ICU(4661): Failed to bind-mount /system/lib/x86/cpuinfo as /proc/cpuinfo: No such file or directory
10-11 21:54:26.657: E/memtrack(4661): Couldn't load memtrack module (No such file or directory)
10-11 21:54:26.657: E/android.os.Debug(4661): failed to load memtrack module: -2
10-11 21:54:26.658: I/Radio-JNI(4661): register_android_hardware_Radio DONE
10-11 21:54:26.662: D/AndroidRuntime(4661): Calling main entry com.android.commands.pm.Pm
10-11 21:54:26.662: D/AndroidRuntime(4661): [ 10-11 21:54:26.665  1408: 1408 I/         ]
10-11 21:54:26.662: D/AndroidRuntime(4661): free_cache(641334) avail 3893448704
10-11 21:54:26.680: I/Finsky(4459): [1] com.google.android.vending.verifier.PackageVerificationReceiver.onReceive(2107): Skipping verification. Disabled by user setting
10-11 21:54:26.682: I/PackageManager.DexOptimizer(1699): Running dexopt (dex2oat) on: /data/app/vmdl1398265882.tmp/base.apk pkg=com.google.android.apps.mtaas.backdrop isa=x86 vmSafeMode=false debuggable=false target-filter=interpret-only oatDir = /data/app/vmdl1398265882.tmp/oat sharedLibraries=null
10-11 21:54:26.690: W/dex2oat(4672): Mismatch between dex2oat instruction set features (ISA: X86 Feature string: smp,ssse3,sse4.1,sse4.2,-avx,-avx2,lock_add,popcnt) and those of dex2oat executable (ISA: X86 Feature string: smp,ssse3,sse4.1,sse4.2,-avx,-avx2,-lock_add,popcnt) for the command line:
10-11 21:54:26.690: W/dex2oat(4672): /system/bin/dex2oat --zip-fd=6 --zip-location=base.apk --oat-fd=7 --oat-location=/data/app/vmdl1398265882.tmp/oat/x86/base.odex --instruction-set=x86 --instruction-set-variant=silvermont --instruction-set-features=default --runtime-arg -Xms64m --runtime-arg -Xmx512m --compiler-filter=interpret-only --swap-fd=8
10-11 21:54:26.691: I/dex2oat(4672): /system/bin/dex2oat --compiler-filter=interpret-only
10-11 21:54:26.691: E/cutils-trace(4672): Error opening trace file: Permission denied (13)
10-11 21:54:26.806: I/Icing(2352): Indexing 241B09F6E3C69FD9792618117EAD9E8F2E42DB55 from com.google.android.gms
10-11 21:54:26.807: I/Icing(2352): Indexing done 241B09F6E3C69FD9792618117EAD9E8F2E42DB55
10-11 21:54:26.836: I/dex2oat(4672): dex2oat took 145.279ms (threads: 2) arena alloc=1592B (1592B) java alloc=769KB (787944B) native alloc=2MB (2139328B) free=1494KB (1530688B)
10-11 21:54:26.881: D/installd(1408): Detected label change from u:object_r:system_data_file:s0 to u:object_r:app_data_file:s0:c512,c768 at /data/data/com.google.android.apps.mtaas.backdrop; running recursive restorecon
10-11 21:54:26.881: D/installd(1408): Detected label change from u:object_r:system_data_file:s0 to u:object_r:app_data_file:s0:c512,c768 at /data/user_de/0/com.google.android.apps.mtaas.backdrop; running recursive restorecon
10-11 21:54:26.882: V/BackupManagerService(1699): restoreAtInstall pkg=com.google.android.apps.mtaas.backdrop token=3 restoreSet=0
10-11 21:54:26.882: V/BackupManagerService(1699): Finishing install immediately
10-11 21:54:26.884: I/art(1699): Starting a blocking GC Explicit
10-11 21:54:26.890: I/Remoter(1395): Saved screenshot to '/data/screenshots/__pmv__-0071.jpg'
10-11 21:54:26.907: I/art(1699): Explicit concurrent mark sweep GC freed 58933(3MB) AllocSpace objects, 13(308KB) LOS objects, 33% free, 14MB/21MB, paused 222us total 23.397ms
10-11 21:54:26.907: I/art(1699): [ 10-11 21:54:26.907  1408: 1408 E/         ]
10-11 21:54:26.907: I/art(1699): Couldn't opendir /data/app/vmdl1398265882.tmp: No such file or directory
10-11 21:54:26.909: D/BluetoothMapAppObserver(1768): onReceive
10-11 21:54:26.909: D/BluetoothMapAppObserver(1768): The installed package is: com.google.android.apps.mtaas.backdrop
10-11 21:54:26.910: D/BluetoothMapAppObserver(1768): Found 0 application(s) with intent android.bluetooth.action.BLUETOOTH_MAP_PROVIDER
10-11 21:54:26.911: D/BluetoothMapAppObserver(1768): Found 0 application(s) with intent android.bluetooth.action.BLUETOOTH_MAP_IM_PROVIDER
10-11 21:54:26.913: I/InputReader(1699): Reconfiguring input devices.  changes=0x00000010
10-11 21:54:26.917: D/CarrierSvcBindHelper(1877): No carrier app for: 0
10-11 21:54:26.919: D/CarrierConfigLoader(1877): mHandler: 9 phoneId: 0
10-11 21:54:26.924: I/art(4661): System.exit called, status: 0
10-11 21:54:26.924: I/AndroidRuntime(4661): VM exiting with result code 0.
10-11 21:54:26.928: I/Finsky(4459): [1] com.google.android.finsky.utils.PermissionPolicies$PermissionPolicyService.onStartCommand(117): post-install permissions check for com.google.android.apps.mtaas.backdrop
10-11 21:54:26.929: W/Finsky(4459): [1] com.google.android.finsky.FinskyApp.i(1556): No account configured on this device.
10-11 21:54:26.931: I/Finsky(4459): [1] com.google.android.finsky.utils.bn.run(1302): Package state data is missing for com.google.android.apps.mtaas.backdrop
10-11 21:54:26.931: W/Finsky(4459): [1] com.google.android.finsky.FinskyApp.i(1556): No account configured on this device.
10-11 21:54:26.931: D/WearableService(2135): onGetService - Wear is not available on this device.
10-11 21:54:26.932: E/Finsky(4459): [1] com.google.android.finsky.wear.bo.a(838): onConnectionFailed: ConnectionResult{statusCode=API_UNAVAILABLE, resolution=null, message=null}
10-11 21:54:26.932: I/Finsky(4459): [1] com.google.android.finsky.wear.WearSupportService.a(6396): Dropping command=send_installed_apps due to Gms not connected
10-11 21:54:26.949: I/FontsPackageChangeOp(2352): Package com.google.android.apps.mtaas.backdrop has no metadata
10-11 21:54:26.957: D/Wear_Controller(2352): Received broadcast action=android.intent.action.PACKAGE_ADDED and uri=com.google.android.apps.mtaas.backdrop
10-11 21:54:26.967: I/Icing(2352): IndexChimeraService.getServiceInterface callingPackage=com.google.android.gms componentName=AppsCorpus serviceId=32
10-11 21:54:26.971: I/Icing(2352): IndexChimeraService.getServiceInterface callingPackage=com.google.android.gms componentName=AppsCorpus serviceId=36
10-11 21:54:26.979: I/Icing(2352): Usage reports 0 indexed 0 rejected 0 imm upload false
10-11 21:54:26.983: W/Searchables(1699): No global search activity found
10-11 21:54:26.988: I/Icing(2352): Usage reports 0 indexed 0 rejected 0 imm upload false
10-11 21:54:27.684: D/AndroidRuntime(4702): >>>>>> START com.android.internal.os.RuntimeInit uid 0 <<<<<<
10-11 21:54:27.685: D/AndroidRuntime(4702): CheckJNI is OFF
10-11 21:54:27.710: D/ICU(4702): No timezone override file found: /data/misc/zoneinfo/current/icu/icu_tzdata.dat
10-11 21:54:27.710: D/ICU(4702): [ 10-11 21:54:27.714  4702: 4702 W/         ]
10-11 21:54:27.710: D/ICU(4702): Failed to bind-mount /system/lib/x86/cpuinfo as /proc/cpuinfo: No such file or directory
10-11 21:54:27.718: E/memtrack(4702): Couldn't load memtrack module (No such file or directory)
10-11 21:54:27.718: E/android.os.Debug(4702): failed to load memtrack module: -2
10-11 21:54:27.719: I/Radio-JNI(4702): register_android_hardware_Radio DONE
10-11 21:54:27.723: D/AndroidRuntime(4702): Calling main entry com.android.commands.pm.Pm
10-11 21:54:27.723: D/AndroidRuntime(4702): [ 10-11 21:54:27.726  1408: 1408 I/         ]
10-11 21:54:27.723: D/AndroidRuntime(4702): free_cache(806642) avail 3890225152
10-11 21:54:27.741: I/Finsky(4459): [1] com.google.android.vending.verifier.PackageVerificationReceiver.onReceive(2107): Skipping verification. Disabled by user setting
10-11 21:54:27.743: I/PackageParser(1699): com.google.android.apps.auth.test.support: compat added android.permission.WRITE_EXTERNAL_STORAGE android.permission.READ_PHONE_STATE
10-11 21:54:27.744: I/PackageManager.DexOptimizer(1699): Running dexopt (dex2oat) on: /data/app/vmdl1847731982.tmp/base.apk pkg=com.google.android.apps.auth.test.support isa=x86 vmSafeMode=false debuggable=false target-filter=interpret-only oatDir = /data/app/vmdl1847731982.tmp/oat sharedLibraries=null
10-11 21:54:27.753: W/dex2oat(4713): Mismatch between dex2oat instruction set features (ISA: X86 Feature string: smp,ssse3,sse4.1,sse4.2,-avx,-avx2,lock_add,popcnt) and those of dex2oat executable (ISA: X86 Feature string: smp,ssse3,sse4.1,sse4.2,-avx,-avx2,-lock_add,popcnt) for the command line:
10-11 21:54:27.753: W/dex2oat(4713): /system/bin/dex2oat --zip-fd=6 --zip-location=base.apk --oat-fd=7 --oat-location=/data/app/vmdl1847731982.tmp/oat/x86/base.odex --instruction-set=x86 --instruction-set-variant=silvermont --instruction-set-features=default --runtime-arg -Xms64m --runtime-arg -Xmx512m --compiler-filter=interpret-only --swap-fd=8
10-11 21:54:27.753: I/dex2oat(4713): /system/bin/dex2oat --compiler-filter=interpret-only
10-11 21:54:27.753: E/cutils-trace(4713): Error opening trace file: Permission denied (13)
10-11 21:54:27.808: I/dex2oat(4713): dex2oat took 55.417ms (threads: 2) arena alloc=7KB (8008B) java alloc=301KB (309144B) native alloc=950KB (972912B) free=1609KB (1648528B)
10-11 21:54:27.822: W/PackageManager(1699): Unknown permission android.permission.MANAGE_ACCOUNT in package com.google.android.apps.auth.test.support
10-11 21:54:27.822: W/PackageManager(1699): Not granting permission com.google.android.providers.gsf.permission.WRITE_GSERVICES to package com.google.android.apps.auth.test.support (protectionLevel=18 flags=0x18008444)
10-11 21:54:27.834: D/installd(1408): Detected label change from u:object_r:system_data_file:s0 to u:object_r:app_data_file:s0:c512,c768 at /data/data/com.google.android.apps.auth.test.support; running recursive restorecon
10-11 21:54:27.835: D/installd(1408): Detected label change from u:object_r:system_data_file:s0 to u:object_r:app_data_file:s0:c512,c768 at /data/user_de/0/com.google.android.apps.auth.test.support; running recursive restorecon
10-11 21:54:27.835: V/BackupManagerService(1699): restoreAtInstall pkg=com.google.android.apps.auth.test.support token=4 restoreSet=0
10-11 21:54:27.835: V/BackupManagerService(1699): Finishing install immediately
10-11 21:54:27.836: I/art(1699): Starting a blocking GC Explicit
10-11 21:54:27.858: I/art(1699): Explicit concurrent mark sweep GC freed 58070(3MB) AllocSpace objects, 13(308KB) LOS objects, 33% free, 14MB/21MB, paused 222us total 21.094ms
10-11 21:54:27.858: I/art(1699): [ 10-11 21:54:27.859  1408: 1408 E/         ]
10-11 21:54:27.858: I/art(1699): Couldn't opendir /data/app/vmdl1847731982.tmp: No such file or directory
10-11 21:54:27.860: D/PackageInstaller(1699): Ignoring abandon after commit relinquished control
10-11 21:54:27.861: I/art(4702): System.exit called, status: 0
10-11 21:54:27.861: I/AndroidRuntime(4702): VM exiting with result code 0.
10-11 21:54:27.864: D/CarrierSvcBindHelper(1877): No carrier app for: 0
10-11 21:54:27.864: I/InputReader(1699): Reconfiguring input devices.  changes=0x00000010
10-11 21:54:27.864: D/BluetoothMapAppObserver(1768): onReceive
10-11 21:54:27.864: D/BluetoothMapAppObserver(1768): The installed package is: com.google.android.apps.auth.test.support
10-11 21:54:27.866: D/CarrierConfigLoader(1877): mHandler: 9 phoneId: 0
10-11 21:54:27.869: D/BluetoothMapAppObserver(1768): Found 0 application(s) with intent android.bluetooth.action.BLUETOOTH_MAP_PROVIDER
10-11 21:54:27.869: D/BluetoothMapAppObserver(1768): Found 0 application(s) with intent android.bluetooth.action.BLUETOOTH_MAP_IM_PROVIDER
10-11 21:54:27.877: I/Finsky(4459): [1] com.google.android.finsky.utils.PermissionPolicies$PermissionPolicyService.onStartCommand(117): post-install permissions check for com.google.android.apps.auth.test.support
10-11 21:54:27.877: W/Finsky(4459): [1] com.google.android.finsky.FinskyApp.i(1556): No account configured on this device.
10-11 21:54:27.879: I/Finsky(4459): [1] com.google.android.finsky.utils.bn.run(1302): Package state data is missing for com.google.android.apps.auth.test.support
10-11 21:54:27.880: D/WearableService(2135): onGetService - Wear is not available on this device.
10-11 21:54:27.881: W/Finsky(4459): [1] com.google.android.finsky.FinskyApp.i(1556): No account configured on this device.
10-11 21:54:27.882: E/Finsky(4459): [1] com.google.android.finsky.wear.bo.a(838): onConnectionFailed: ConnectionResult{statusCode=API_UNAVAILABLE, resolution=null, message=null}
10-11 21:54:27.883: I/Finsky(4459): [1] com.google.android.finsky.wear.WearSupportService.a(6396): Dropping command=send_installed_apps due to Gms not connected
10-11 21:54:27.905: D/Wear_Controller(2352): Received broadcast action=android.intent.action.PACKAGE_ADDED and uri=com.google.android.apps.auth.test.support
10-11 21:54:27.933: I/Icing(2352): IndexChimeraService.getServiceInterface callingPackage=com.google.android.gms componentName=AppsCorpus serviceId=32
10-11 21:54:27.933: I/Icing(2352): IndexChimeraService.getServiceInterface callingPackage=com.google.android.gms componentName=AppsCorpus serviceId=36
10-11 21:54:27.947: W/Searchables(1699): No global search activity found
10-11 21:54:27.952: I/Icing(2352): Usage reports 0 indexed 0 rejected 0 imm upload false
10-11 21:54:27.965: I/Icing(2352): Usage reports 0 indexed 0 rejected 0 imm upload false
10-11 21:54:27.969: I/Remoter(1395): Saved screenshot to '/data/screenshots/__pmv__-0072.jpg'
10-11 21:54:27.989: I/Icing(2352): Indexing 241B09F6E3C69FD9792618117EAD9E8F2E42DB55 from com.google.android.gms
10-11 21:54:27.996: I/Icing(2352): Indexing done 241B09F6E3C69FD9792618117EAD9E8F2E42DB55
10-11 21:54:28.543: D/AndroidRuntime(4743): >>>>>> START com.android.internal.os.RuntimeInit uid 0 <<<<<<
10-11 21:54:28.544: D/AndroidRuntime(4743): CheckJNI is OFF
10-11 21:54:28.569: D/ICU(4743): No timezone override file found: /data/misc/zoneinfo/current/icu/icu_tzdata.dat
10-11 21:54:28.569: D/ICU(4743): [ 10-11 21:54:28.573  4743: 4743 W/         ]
10-11 21:54:28.569: D/ICU(4743): Failed to bind-mount /system/lib/x86/cpuinfo as /proc/cpuinfo: No such file or directory
10-11 21:54:28.578: E/memtrack(4743): Couldn't load memtrack module (No such file or directory)
10-11 21:54:28.578: E/android.os.Debug(4743): failed to load memtrack module: -2
10-11 21:54:28.578: I/Radio-JNI(4743): register_android_hardware_Radio DONE
10-11 21:54:28.583: D/AndroidRuntime(4743): Calling main entry com.android.commands.pm.Pm
10-11 21:54:28.583: D/AndroidRuntime(4743): [ 10-11 21:54:28.586  1408: 1408 I/         ]
10-11 21:54:28.583: D/AndroidRuntime(4743): free_cache(670846) avail 3888062464
10-11 21:54:28.603: I/Finsky(4459): [1] com.google.android.vending.verifier.PackageVerificationReceiver.onReceive(2107): Skipping verification. Disabled by user setting
10-11 21:54:28.606: I/PackageManager.DexOptimizer(1699): Running dexopt (dex2oat) on: /data/app/vmdl569552272.tmp/base.apk pkg=com.google.android.apps.mtaas.testloop isa=x86 vmSafeMode=false debuggable=false target-filter=interpret-only oatDir = /data/app/vmdl569552272.tmp/oat sharedLibraries=null
10-11 21:54:28.616: W/dex2oat(4754): Mismatch between dex2oat instruction set features (ISA: X86 Feature string: smp,ssse3,sse4.1,sse4.2,-avx,-avx2,lock_add,popcnt) and those of dex2oat executable (ISA: X86 Feature string: smp,ssse3,sse4.1,sse4.2,-avx,-avx2,-lock_add,popcnt) for the command line:
10-11 21:54:28.616: W/dex2oat(4754): /system/bin/dex2oat --zip-fd=6 --zip-location=base.apk --oat-fd=7 --oat-location=/data/app/vmdl569552272.tmp/oat/x86/base.odex --instruction-set=x86 --instruction-set-variant=silvermont --instruction-set-features=default --runtime-arg -Xms64m --runtime-arg -Xmx512m --compiler-filter=interpret-only --swap-fd=8
10-11 21:54:28.616: I/dex2oat(4754): /system/bin/dex2oat --compiler-filter=interpret-only
10-11 21:54:28.616: E/cutils-trace(4754): Error opening trace file: Permission denied (13)
10-11 21:54:28.769: I/dex2oat(4754): dex2oat took 152.984ms (threads: 2) arena alloc=1592B (1592B) java alloc=866KB (887712B) native alloc=2MB (2392272B) free=1759KB (1802032B)
10-11 21:54:28.796: D/installd(1408): Detected label change from u:object_r:system_data_file:s0 to u:object_r:app_data_file:s0:c512,c768 at /data/data/com.google.android.apps.mtaas.testloop; running recursive restorecon
10-11 21:54:28.797: D/installd(1408): Detected label change from u:object_r:system_data_file:s0 to u:object_r:app_data_file:s0:c512,c768 at /data/user_de/0/com.google.android.apps.mtaas.testloop; running recursive restorecon
10-11 21:54:28.797: V/BackupManagerService(1699): restoreAtInstall pkg=com.google.android.apps.mtaas.testloop token=5 restoreSet=0
10-11 21:54:28.797: V/BackupManagerService(1699): Finishing install immediately
10-11 21:54:28.799: I/GnssLocationProvider(1699): WakeLock acquired by sendMessage(3, 0, com.android.server.location.GnssLocationProvider$GpsRequest@427702c)
10-11 21:54:28.799: I/GnssLocationProvider(1699): WakeLock released by handleMessage(3, 0, com.android.server.location.GnssLocationProvider$GpsRequest@427702c)
10-11 21:54:28.799: D/VoldConnector(1699): SND -> {8 volume remount_uid 10086 read}
10-11 21:54:28.799: D/vold(1324): Remounting 10086 as mode read
10-11 21:54:28.801: D/VoldConnector(1699): RCV <- {200 8 Command succeeded}
10-11 21:54:28.801: I/GnssLocationProvider(1699): WakeLock acquired by sendMessage(3, 0, com.android.server.location.GnssLocationProvider$GpsRequest@7005af5)
10-11 21:54:28.801: I/GnssLocationProvider(1699): WakeLock released by handleMessage(3, 0, com.android.server.location.GnssLocationProvider$GpsRequest@7005af5)
10-11 21:54:28.802: D/VoldConnector(1699): SND -> {9 volume remount_uid 10086 write}
10-11 21:54:28.802: D/vold(1324): Remounting 10086 as mode write
10-11 21:54:28.802: D/VoldConnector(1699): RCV <- {200 9 Command succeeded}
10-11 21:54:28.805: I/art(1699): Starting a blocking GC Explicit
10-11 21:54:28.826: I/art(1699): Explicit concurrent mark sweep GC freed 60511(3MB) AllocSpace objects, 14(328KB) LOS objects, 33% free, 14MB/21MB, paused 233us total 21.047ms
10-11 21:54:28.826: I/art(1699): [ 10-11 21:54:28.826  1408: 1408 E/         ]
10-11 21:54:28.826: I/art(1699): Couldn't opendir /data/app/vmdl569552272.tmp: No such file or directory
10-11 21:54:28.829: D/PackageInstaller(1699): Ignoring abandon after commit relinquished control
10-11 21:54:28.829: D/BluetoothMapAppObserver(1768): onReceive
10-11 21:54:28.829: D/BluetoothMapAppObserver(1768): The installed package is: com.google.android.apps.mtaas.testloop
10-11 21:54:28.830: D/BluetoothMapAppObserver(1768): Found 0 application(s) with intent android.bluetooth.action.BLUETOOTH_MAP_PROVIDER
10-11 21:54:28.831: D/BluetoothMapAppObserver(1768): Found 0 application(s) with intent android.bluetooth.action.BLUETOOTH_MAP_IM_PROVIDER
10-11 21:54:28.831: D/CarrierSvcBindHelper(1877): No carrier app for: 0
10-11 21:54:28.831: D/CarrierConfigLoader(1877): mHandler: 9 phoneId: 0
10-11 21:54:28.832: I/InputReader(1699): Reconfiguring input devices.  changes=0x00000010
10-11 21:54:28.840: I/art(4743): System.exit called, status: 0
10-11 21:54:28.840: I/AndroidRuntime(4743): VM exiting with result code 0.
10-11 21:54:28.844: I/Finsky(4459): [1] com.google.android.finsky.utils.PermissionPolicies$PermissionPolicyService.onStartCommand(117): post-install permissions check for com.google.android.apps.mtaas.testloop
10-11 21:54:28.844: W/Finsky(4459): [1] com.google.android.finsky.FinskyApp.i(1556): No account configured on this device.
10-11 21:54:28.845: I/Finsky(4459): [1] com.google.android.finsky.utils.bn.run(1302): Package state data is missing for com.google.android.apps.mtaas.testloop
10-11 21:54:28.845: W/Finsky(4459): [1] com.google.android.finsky.FinskyApp.i(1556): No account configured on this device.
10-11 21:54:28.845: D/WearableService(2135): onGetService - Wear is not available on this device.
10-11 21:54:28.854: E/Finsky(4459): [1] com.google.android.finsky.wear.bo.a(838): onConnectionFailed: ConnectionResult{statusCode=API_UNAVAILABLE, resolution=null, message=null}
10-11 21:54:28.854: I/Finsky(4459): [1] com.google.android.finsky.wear.WearSupportService.a(6396): Dropping command=send_installed_apps due to Gms not connected
10-11 21:54:28.864: I/FontsPackageChangeOp(2352): Package com.google.android.apps.mtaas.testloop has no metadata
10-11 21:54:28.869: D/Wear_Controller(2352): Received broadcast action=android.intent.action.PACKAGE_ADDED and uri=com.google.android.apps.mtaas.testloop
10-11 21:54:28.884: I/Icing(2352): IndexChimeraService.getServiceInterface callingPackage=com.google.android.gms componentName=AppsCorpus serviceId=32
10-11 21:54:28.887: I/Icing(2352): IndexChimeraService.getServiceInterface callingPackage=com.google.android.gms componentName=AppsCorpus serviceId=36
10-11 21:54:28.898: I/Icing(2352): Usage reports 0 indexed 0 rejected 0 imm upload false
10-11 21:54:28.900: W/Searchables(1699): No global search activity found
10-11 21:54:28.903: I/Icing(2352): Usage reports 0 indexed 0 rejected 0 imm upload false
10-11 21:54:28.968: I/Icing(2352): Indexing 241B09F6E3C69FD9792618117EAD9E8F2E42DB55 from com.google.android.gms
10-11 21:54:28.990: I/Icing(2352): Indexing done 241B09F6E3C69FD9792618117EAD9E8F2E42DB55
10-11 21:54:29.018: I/Remoter(1395): Saved screenshot to '/data/screenshots/__pmv__-0073.jpg'
