10-11 21:54:54.996: I/PlayCommon(5467): [357] com.google.android.play.a.l.a(1002): Successfully uploaded logs.
10-11 21:54:55.001: I/CheckinRequestBuilder(5270): Checkin reason type: 4 attempt count: 1
10-11 21:54:55.003: I/GCoreUlr(5286): DispatchingService.onDestroy()
10-11 21:54:55.008: I/PlayCommon(5467): [357] com.google.android.play.a.l.e(787): Preparing logs for uploading
10-11 21:54:55.008: I/PlayCommon(5467): [357] com.google.android.play.a.l.e(789): No file ready to send
10-11 21:54:55.022: I/Finsky(5467): [1] com.google.android.finsky.download.DownloadBroadcastReceiver.a(46): Intent received at DownloadBroadcastReceiver
10-11 21:54:55.022: I/GCoreUlr(5286): Stopping handler for UlrDispSvcFast
10-11 21:54:55.066: I/GCoreUlr(5286): Unbound from all location providers
10-11 21:54:55.066: I/GCoreUlr(5286): Place inference reporting - stop
10-11 21:54:55.080: W/art(5467): Suspending all threads took: 18.919ms
10-11 21:54:55.085: I/GCoreUlr(5286): Unregistering for aliased place alerts.
10-11 21:54:55.104: I/Finsky(5467): [1] com.google.android.finsky.download.x.b(413): com.android.vending: onProgress 17661732/17661732 Status: 200.
10-11 21:54:55.156: E/ActivityThread(5270): Failed to find provider info for com.google.android.wearable.settings
10-11 21:54:55.157: I/qtaguid(5467): Untagging socket 52 failed errno=-22
10-11 21:54:55.157: W/NetworkManagementSocketTagger(5467): untagSocket(52) failed with errno -22
10-11 21:54:55.229: I/Finsky(5467): [1] com.google.android.finsky.services.DailyHygiene.d(738): Logging device features
10-11 21:54:55.231: I/GCoreUlr(5286): Uploading GCM registration ID for account#11#
10-11 21:54:55.232: I/Ads(5270): Accounts have changed: com.google.android.gms.auth.GOOGLE_ACCOUNT_CHANGE
10-11 21:54:55.233: I/qtaguid(5467): Untagging socket 59 failed errno=-22
10-11 21:54:55.233: W/NetworkManagementSocketTagger(5467): untagSocket(59) failed with errno -22
10-11 21:54:55.235: I/Finsky(5467): [1] com.google.android.finsky.selfupdate.SelfUpdateCheckerScheduler.a(59): Cancelling accelerated self-Update check
10-11 21:54:55.246: I/Finsky(5467): [1] com.google.android.finsky.download.e.a(266): com.android.vending from 2 to 3.
10-11 21:54:55.249: I/Finsky(5467): [1] com.google.android.vending.verifier.VerifyInstalledPackagesReceiver.onReceive(42): Verify installed apps requested
10-11 21:54:55.251: I/Places(5286): ?: Couldn't find platform key file.
10-11 21:54:55.252: W/constellation(5270): [gaia_id_checker] GAIA id checker has been disabled by gservice flag.
10-11 21:54:55.257: E/ctxmgr(5286): [NetworkUtil]No active synchronizable contexts.
10-11 21:54:55.258: I/Finsky(5467): [1] com.google.android.finsky.download.x.b(612): com.android.vending: onComplete
10-11 21:54:55.258: I/Finsky(5467): [1] com.google.android.finsky.download.x.i(343): Download com.android.vending removed from DownloadQueue
10-11 21:54:55.258: I/Finsky(5467): [ 10-11 21:54:55.258  1408: 1408 I/         ]
10-11 21:54:55.258: I/Finsky(5467): free_cache(0) avail 3815915520
10-11 21:54:55.264: D/WearableService(5286): onGetService - Wear is not available on this device.
10-11 21:54:55.265: I/Finsky(5467): [1] com.google.android.finsky.selfupdate.a.b.a(4220): Self-update ready to be installed, waiting for market to close.
10-11 21:54:55.265: I/Finsky(5467): [351] com.google.android.vending.verifier.ac.a(103): Verifying installed packages
10-11 21:54:55.265: E/Finsky(5467): [1] com.google.android.finsky.wear.bo.a(838): onConnectionFailed: ConnectionResult{statusCode=API_UNAVAILABLE, resolution=null, message=null}
10-11 21:54:55.265: I/Finsky(5467): [1] com.google.android.finsky.wear.WearSupportService.a(6396): Dropping command=hygiene due to Gms not connected
10-11 21:54:55.343: I/ActivityManager(1699): Start proc 5933:com.google.android.gms.ui/u0a14 for service com.google.android.gms/.chimera.UiIntentOperationService
10-11 21:54:55.380: W/Auth(5286): [GetToken] GetToken failed with status code: INVALID_SCOPE
10-11 21:54:55.380: I/Ads(5270): Immediate DSID task failed. Scheduling one-off
10-11 21:54:55.426: I/IcingInternalCorpora(5270): EventIndexer: starting incremental update
10-11 21:54:55.427: I/IcingInternalCorpora(5270): EventIndexer: 0 added, 0 removed, 0 changed, 0 unchanged, 0 errors.
10-11 21:54:55.431: I/Finsky(5467): [1] com.google.android.vending.verifier.ac.b(136): Done verifying installed packages
10-11 21:54:55.432: I/ActivityManager(1699): Killing 4506:com.android.musicfx/u0a23 (adj 906): empty #17
10-11 21:54:55.456: W/art(5270): Suspending all threads took: 9.660ms
10-11 21:54:55.503: I/MS_RegisterService(5270): RegisterService intent:Intent { act=com.google.android.gms.matchstick.register_intent_google_account_change cat=[targeted_intent_op_prefix:com.google.android.libraries.matchstick.net.SilentRegisterIntentOperation] cmp=com.google.android.gms/.chimera.GmsIntentOperationService } isPeriodic:false
10-11 21:54:55.508: I/LoadedApk(5933): No resource references to update in package FFFFFFFFFFFFFFFFFFFFFF
10-11 21:54:55.511: I/IcingInternalCorpora(5270): EventIndexer: finished after 84 ms.
10-11 21:54:55.517: I/MS_PhoneUtils(5270): Phone type: 1
10-11 21:54:55.527: I/GeofencerStateMachine(5286): removeGeofences: removeRequest=RemoveGeofencingRequest[REMOVE_BY_PENDING_INTENT pendingIntent=PendingIntent[creatorPackage=com.google.android.gms], packageName=null]
10-11 21:54:55.531: I/art(5270): Background partial concurrent mark sweep GC freed 31205(2MB) AllocSpace objects, 24(488KB) LOS objects, 39% free, 10MB/17MB, paused 48.679ms total 159.546ms
10-11 21:54:55.534: I/MS_RegisterService(5270): Doing full registration.
10-11 21:54:55.538: I/GeofencerStateMachine(5286): removeGeofences: removeRequest=RemoveGeofencingRequest[REMOVE_BY_PENDING_INTENT pendingIntent=PendingIntent[creatorPackage=com.google.android.gms], packageName=null]
10-11 21:54:55.542: I/Places(5286): ?: Couldn't find platform key file.
10-11 21:54:55.552: D/ActivityManager(1699): cleanUpApplicationRecord -- 4506
10-11 21:54:55.563: I/Finsky(5467): [366] com.google.android.finsky.receivers.FlushLogsReceiver$FlushLogsService.onHandleIntent(163): Flushing event logs for [pNO9ObzPejlK16Cz5STnAehdGGc]
10-11 21:54:55.569: I/PlayCommon(5467): [347] com.google.android.play.a.l.e(787): Preparing logs for uploading
10-11 21:54:55.569: I/PlayCommon(5467): [347] com.google.android.play.a.l.e(789): No file ready to send
10-11 21:54:55.570: I/PlayCommon(5467): [357] com.google.android.play.a.l.e(787): Preparing logs for uploading
10-11 21:54:55.595: V/NativeCrypto(5933): Registering com/google/android/gms/org/conscrypt/NativeCrypto's 259 native methods...
10-11 21:54:55.597: I/Icing(5270): updateResources: need to parse tut{com.google.android.gm}
10-11 21:54:55.606: D/NetworkSecurityConfig(5933): No Network Security Config specified, using platform default
10-11 21:54:55.612: I/ProviderInstaller(5933): Installed default security provider GmsCore_OpenSSL
10-11 21:54:55.649: I/MagicTether(5286): [HostValidator] InvalidHost. MobileData: true, Tethering: true, whitelist: false, ble: true
10-11 21:54:55.743: W/Auth(5286): [GetToken] GetToken failed with status code: INVALID_SCOPE
10-11 21:54:55.743: E/GCoreUlr(5286): The Account {name=VS2WQVCOVYYT3Y3JQZUPAOQ2II-00@cloudtestlabaccounts.com, type=com.google} has been under authentication error for 0 minutes
10-11 21:54:55.755: E/GCoreUlr(5286): syncNotDefinedYet() auth exception: dzf: INVALID_SCOPE
10-11 21:54:55.762: I/GeofencerStateMachine(5286): removeGeofences: removeRequest=RemoveGeofencingRequest[REMOVE_BY_PENDING_INTENT pendingIntent=PendingIntent[creatorPackage=com.google.android.gms], packageName=null]
10-11 21:54:55.774: E/GCoreUlr(5286): dzf: INVALID_SCOPE
10-11 21:54:55.774: E/GCoreUlr(5286): 	at dzj.a(:com.google.android.gms@11519470:16)
10-11 21:54:55.774: E/GCoreUlr(5286): 	at dzi.a(:com.google.android.gms@11519470:2)
10-11 21:54:55.774: E/GCoreUlr(5286): 	at dzi.e(:com.google.android.gms@11519470:6)
10-11 21:54:55.774: E/GCoreUlr(5286): 	at dzi.d(:com.google.android.gms@11519470:1)
10-11 21:54:55.774: E/GCoreUlr(5286): 	at dzg.b(:com.google.android.gms@11519470:1)
10-11 21:54:55.774: E/GCoreUlr(5286): 	at mhp.b(:com.google.android.gms@11519470)
10-11 21:54:55.774: E/GCoreUlr(5286): 	at mgg.b(:com.google.android.gms@11519470:5)
10-11 21:54:55.774: E/GCoreUlr(5286): 	at mgs.b(:com.google.android.gms@11519470:1)
10-11 21:54:55.774: E/GCoreUlr(5286): 	at mgs.a(:com.google.android.gms@11519470:7)
10-11 21:54:55.774: E/GCoreUlr(5286): 	at mgs.a(:com.google.android.gms@11519470:6)
10-11 21:54:55.774: E/GCoreUlr(5286): 	at anyl.a(:com.google.android.gms@11519470:177)
10-11 21:54:55.774: E/GCoreUlr(5286): 	at anyr.a(:com.google.android.gms@11519470:103)
10-11 21:54:55.774: E/GCoreUlr(5286): 	at anzy.b(:com.google.android.gms@11519470:34)
10-11 21:54:55.774: E/GCoreUlr(5286): 	at anzy.a(:com.google.android.gms@11519470:22)
10-11 21:54:55.774: E/GCoreUlr(5286): 	at anzx.a(:com.google.android.gms@11519470:10)
10-11 21:54:55.774: E/GCoreUlr(5286): 	at mlr.onPerformSync(:com.google.android.gms@11519470:6)
10-11 21:54:55.774: E/GCoreUlr(5286): 	at android.content.AbstractThreadedSyncAdapter$SyncThread.run(AbstractThreadedSyncAdapter.java:272)
10-11 21:54:55.774: W/Auth(5286): [GetToken] GetToken failed with status code: INVALID_SCOPE
10-11 21:54:55.775: W/AuthSessionAuthenticato(5286): Auth related exception is being ignored: INVALID_SCOPE
10-11 21:54:55.778: W/ChimeraUtils(5286): Non Chimera context
10-11 21:54:55.812: D/SyncManager(1699): failed sync operation JobId: 101004, VS2WQVCOVYYT3Y3JQZUPAOQ2II-00@cloudtestlabaccounts.com u0 (com.google), com.google.android.location.reporting, SERVER, reason: AutoSync, SyncResult: stats [ numAuthExceptions: 1]
10-11 21:54:55.812: D/SyncManager(1699): not retrying sync operation because the error is a hard error: JobId: 101004, VS2WQVCOVYYT3Y3JQZUPAOQ2II-00@cloudtestlabaccounts.com u0 (com.google), com.google.android.location.reporting, SERVER, reason: AutoSync
10-11 21:54:55.815: I/art(5286): Do partial code cache collection, code=103KB, data=93KB
10-11 21:54:55.831: W/art(5933): Suspending all threads took: 7.872ms
10-11 21:54:55.834: I/PlayCommon(5467): [357] com.google.android.play.a.l.a(927): Connecting to server: https://play.googleapis.com/play/log?format=raw&proto_v2=true
10-11 21:54:55.835: I/GeofencerStateMachine(5286): removeGeofences: removeRequest=RemoveGeofencingRequest[REMOVE_BY_PENDING_INTENT pendingIntent=PendingIntent[creatorPackage=com.google.android.gms], packageName=null]
10-11 21:54:55.836: I/GeofencerStateMachine(5286): removeGeofences: removeRequest=RemoveGeofencingRequest[REMOVE_BY_PENDING_INTENT pendingIntent=PendingIntent[creatorPackage=com.google.android.gms], packageName=null]
10-11 21:54:55.845: I/GeofencerStateMachine(5286): removeGeofences: removeRequest=RemoveGeofencingRequest[REMOVE_BY_PENDING_INTENT pendingIntent=PendingIntent[creatorPackage=com.google.android.gms], packageName=null]
10-11 21:54:55.849: I/art(5286): After code cache collection, code=102KB, data=93KB
10-11 21:54:55.849: I/art(5286): Increasing code cache capacity to 512KB
10-11 21:54:55.862: I/PlayCommon(5467): [357] com.google.android.play.a.l.a(1002): Successfully uploaded logs.
10-11 21:54:55.925: W/GLSUser(5286): [DeviceKeyStore] Cannot load key: Device key file not found.
10-11 21:54:55.928: I/PlayCommon(5467): [357] com.google.android.play.a.l.e(787): Preparing logs for uploading
10-11 21:54:55.928: I/PlayCommon(5467): [357] com.google.android.play.a.l.e(789): No file ready to send
10-11 21:54:55.965: W/art(5286): Long monitor contention with owner netscheduler-queue-handler (5414) at void sww.a(sxe, int)(:com.google.android.gms@11519470:66) waiters=0 in int sww.e(swg) for 143ms
10-11 21:54:55.974: I/MagicTether(5933): [HostValidator] InvalidHost. MobileData: true, Tethering: true, whitelist: false, ble: true
10-11 21:54:56.029: I/art(5564): Do partial code cache collection, code=30KB, data=23KB
10-11 21:54:56.029: I/art(5564): After code cache collection, code=30KB, data=23KB
10-11 21:54:56.029: I/art(5564): Increasing code cache capacity to 128KB
10-11 21:54:56.039: I/PlayMovies(5662): AccountsChangedTaskService.onRunTask:47 Got task AccountsChangedTaskService
10-11 21:54:56.054: I/Remoter(1395): Saved screenshot to '/data/screenshots/__pmv__-0094.jpg'
10-11 21:54:56.172: I/WVCdm(1411): CdmEngine::OpenSession
10-11 21:54:56.172: I/WVCdm(1411): Level3 Library 4464 Sep 10 2016 21:49:53
10-11 21:54:56.174: W/Auth(5286): [GetToken] GetToken failed with status code: INVALID_SCOPE
10-11 21:54:56.181: E/CheckinRequestBuilder(5270): Unrecoverable authentication exception: INVALID_SCOPE
10-11 21:54:56.181: E/CheckinRequestBuilder(5270): dzf: INVALID_SCOPE
10-11 21:54:56.181: E/CheckinRequestBuilder(5270): 	at dzj.a(:com.google.android.gms@11519470:16)
10-11 21:54:56.181: E/CheckinRequestBuilder(5270): 	at dzi.a(:com.google.android.gms@11519470:2)
10-11 21:54:56.181: E/CheckinRequestBuilder(5270): 	at dzi.e(:com.google.android.gms@11519470:6)
10-11 21:54:56.181: E/CheckinRequestBuilder(5270): 	at dzg.f(:com.google.android.gms@11519470:3)
10-11 21:54:56.181: E/CheckinRequestBuilder(5270): 	at dzg.a(:com.google.android.gms@11519470:4)
10-11 21:54:56.181: E/CheckinRequestBuilder(5270): 	at kbi.a(:com.google.android.gms@11519470:203)
10-11 21:54:56.181: E/CheckinRequestBuilder(5270): 	at kci.a(:com.google.android.gms@11519470:17)
10-11 21:54:56.181: E/CheckinRequestBuilder(5270): 	at kci.a(:com.google.android.gms@11519470:181)
10-11 21:54:56.181: E/CheckinRequestBuilder(5270): 	at com.google.android.gms.checkin.CheckinChimeraService.a(:com.google.android.gms@11519470:148)
10-11 21:54:56.181: E/CheckinRequestBuilder(5270): 	at kbe.run(:com.google.android.gms@11519470:2)
10-11 21:54:56.181: E/CheckinRequestBuilder(5270): 	at mmo.run(:com.google.android.gms@11519470:25)
10-11 21:54:56.181: E/CheckinRequestBuilder(5270): 	at java.util.concurrent.ThreadPoolExecutor.runWorker(ThreadPoolExecutor.java:1133)
10-11 21:54:56.181: E/CheckinRequestBuilder(5270): 	at java.util.concurrent.ThreadPoolExecutor$Worker.run(ThreadPoolExecutor.java:607)
10-11 21:54:56.181: E/CheckinRequestBuilder(5270): 	at mrv.run(:com.google.android.gms@11519470)
10-11 21:54:56.181: E/CheckinRequestBuilder(5270): 	at java.lang.Thread.run(Thread.java:761)
10-11 21:54:56.190: W/WVCdm(1411): Could not load liboemcrypto.so. Falling back to L3.  dlopen failed: library "liboemcrypto.so" not found
10-11 21:54:56.224: I/WVCdm(1411): CdmEngine::QueryKeyControlInfo
10-11 21:54:56.240: I/WVCdm(1411): CdmEngine::GenerateKeyRequest
10-11 21:54:56.240: D/WVCdm(1411): PrepareKeyRequest: nonce=229681556
10-11 21:54:56.249: I/Icing(5270): updateResources: need to parse tut{com.google.android.gms}
10-11 21:54:56.567: W/Auth(5286): [GetToken] GetToken failed with status code: INVALID_SCOPE
10-11 21:54:56.568: I/GCM-GMS(5270): Failed to subscribe to group.
10-11 21:54:56.568: I/GCM-GMS(5270): dzf: INVALID_SCOPE
10-11 21:54:56.568: I/GCM-GMS(5270): 	at dzj.a(:com.google.android.gms@11519470:16)
10-11 21:54:56.568: I/GCM-GMS(5270): 	at dzi.a(:com.google.android.gms@11519470:2)
10-11 21:54:56.568: I/GCM-GMS(5270): 	at dzi.e(:com.google.android.gms@11519470:6)
10-11 21:54:56.568: I/GCM-GMS(5270): 	at dzi.d(:com.google.android.gms@11519470:1)
10-11 21:54:56.568: I/GCM-GMS(5270): 	at dzi.b(:com.google.android.gms@11519470:1)
10-11 21:54:56.568: I/GCM-GMS(5270): 	at dzg.a(:com.google.android.gms@11519470:1)
10-11 21:54:56.568: I/GCM-GMS(5270): 	at sul.a(:com.google.android.gms@11519470:23)
10-11 21:54:56.568: I/GCM-GMS(5270): 	at sul.a(:com.google.android.gms@11519470:44)
10-11 21:54:56.568: I/GCM-GMS(5270): 	at sul.b(:com.google.android.gms@11519470:6)
10-11 21:54:56.568: I/GCM-GMS(5270): 	at com.google.android.gms.gcm.gmsproc.GcmInGmsTaskChimeraService.a(:com.google.android.gms@11519470:8)
10-11 21:54:56.568: I/GCM-GMS(5270): 	at ssv.run(:com.google.android.gms@11519470:1)
10-11 21:54:56.568: I/GCM-GMS(5270): 	at java.util.concurrent.ThreadPoolExecutor.runWorker(ThreadPoolExecutor.java:1133)
10-11 21:54:56.568: I/GCM-GMS(5270): 	at java.util.concurrent.ThreadPoolExecutor$Worker.run(ThreadPoolExecutor.java:607)
10-11 21:54:56.568: I/GCM-GMS(5270): 	at java.lang.Thread.run(Thread.java:761)
10-11 21:54:56.575: I/GCM-GMS(5270): Groups upload failed
10-11 21:54:56.605: I/art(5270): Do partial code cache collection, code=61KB, data=62KB
10-11 21:54:56.605: I/art(5270): After code cache collection, code=61KB, data=62KB
10-11 21:54:56.605: I/art(5270): Increasing code cache capacity to 256KB
10-11 21:54:56.608: I/ActivityManager(1699): Start proc 5985:com.android.defcontainer/u0a8 for service com.android.defcontainer/.DefaultContainerService
10-11 21:54:56.590: I/main(1404): type=1400 audit(0.0:93): avc: denied { getattr } for path="/sys/kernel/debug/tracing/trace_marker" dev="tracefs" ino=1049 scontext=u:r:zygote:s0 tcontext=u:object_r:debugfs_tracing:s0 tclass=file permissive=1
10-11 21:54:56.762: D/Babel(4179): RefCountedService(com.google.android.apps.hangouts.requestwriter.RequestWriter) onDestroy (count=0, startId=1 stopped=true)
10-11 21:54:56.600: I/main(5985): type=1400 audit(0.0:94): avc: denied { write } for name="trace_marker" dev="tracefs" ino=1049 scontext=u:r:zygote:s0 tcontext=u:object_r:debugfs_tracing:s0 tclass=file permissive=1
10-11 21:54:56.839: I/Finsky(5467): [1] com.google.android.vending.verifier.PackageVerificationReceiver.onReceive(2107): Skipping verification. Disabled by user setting
10-11 21:54:56.845: W/PackageParser(1699): Ignoring duplicate uses-permissions/uses-permissions-sdk-m: android.permission.WRITE_EXTERNAL_STORAGE in package: com.habitrpg.android.habitica at: Binary XML file line #20
10-11 21:54:56.845: W/PackageParser(1699): Unknown element under <manifest>: meta-data at /data/app/vmdl1969508795.tmp/base.apk Binary XML file line #22
10-11 21:54:56.890: I/WVCdm(1411): CdmEngine::OpenSession
10-11 21:54:56.892: I/WVCdm(1411): CdmEngine::QueryKeyControlInfo
10-11 21:54:56.893: I/WVCdm(1411): CdmEngine::GenerateKeyRequest
10-11 21:54:56.893: D/WVCdm(1411): PrepareKeyRequest: nonce=1312805342
10-11 21:54:56.956: W/Auth(5286): [GetToken] GetToken failed with status code: INVALID_SCOPE
10-11 21:54:56.960: E/MS_NetworkUtils(5270): GoogleAuthException getting authtoken for: VS2WQVCOVYYT3Y3JQZUPAOQ2II-00@cloudtestlabaccounts.com message:
10-11 21:54:56.960: E/MS_NetworkUtils(5270): dzf: INVALID_SCOPE
10-11 21:54:56.960: E/MS_NetworkUtils(5270): 	at dzj.a(:com.google.android.gms@11519470:16)
10-11 21:54:56.960: E/MS_NetworkUtils(5270): 	at dzi.a(:com.google.android.gms@11519470:2)
10-11 21:54:56.960: E/MS_NetworkUtils(5270): 	at dzi.e(:com.google.android.gms@11519470:6)
10-11 21:54:56.960: E/MS_NetworkUtils(5270): 	at dzi.d(:com.google.android.gms@11519470:1)
10-11 21:54:56.960: E/MS_NetworkUtils(5270): 	at dzi.b(:com.google.android.gms@11519470:1)
10-11 21:54:56.960: E/MS_NetworkUtils(5270): 	at dzg.a(:com.google.android.gms@11519470:1)
10-11 21:54:56.960: E/MS_NetworkUtils(5270): 	at albh.a(:com.google.android.gms@11519470:28)
10-11 21:54:56.960: E/MS_NetworkUtils(5270): 	at com.google.android.libraries.matchstick.net.SilentRegisterIntentOperation.a(:com.google.android.gms@11519470:214)
10-11 21:54:56.960: E/MS_NetworkUtils(5270): 	at com.google.android.libraries.matchstick.net.SilentRegisterIntentOperation.onHandleIntent(:com.google.android.gms@11519470:291)
10-11 21:54:56.960: E/MS_NetworkUtils(5270): 	at com.google.android.chimera.IntentOperation.onHandleIntent(:com.google.android.gms@11519470:2)
10-11 21:54:56.960: E/MS_NetworkUtils(5270): 	at bwh.run(:com.google.android.gms@11519470:10)
10-11 21:54:56.960: E/MS_NetworkUtils(5270): 	at bwe.run(:com.google.android.gms@11519470:14)
10-11 21:54:56.960: E/MS_NetworkUtils(5270): 	at java.util.concurrent.ThreadPoolExecutor.runWorker(ThreadPoolExecutor.java:1133)
10-11 21:54:56.960: E/MS_NetworkUtils(5270): 	at java.util.concurrent.ThreadPoolExecutor$Worker.run(ThreadPoolExecutor.java:607)
10-11 21:54:56.960: E/MS_NetworkUtils(5270): 	at java.lang.Thread.run(Thread.java:761)
10-11 21:54:57.005: I/PackageManager.DexOptimizer(1699): Running dexopt (dex2oat) on: /data/app/vmdl1969508795.tmp/base.apk pkg=com.habitrpg.android.habitica isa=x86 vmSafeMode=false debuggable=false target-filter=interpret-only oatDir = /data/app/vmdl1969508795.tmp/oat sharedLibraries=null
10-11 21:54:57.055: I/WVCdm(1411): CdmEngine::CloseSession
10-11 21:54:57.062: I/WVCdm(1411): CdmEngine::OpenSession
10-11 21:54:57.064: I/WVCdm(1411): CdmEngine::QueryKeyControlInfo
10-11 21:54:57.064: I/WVCdm(1411): CdmEngine::CloseSession
10-11 21:54:57.068: I/WVCdm(1411): CdmEngine::GenerateKeyRequest
10-11 21:54:57.069: D/WVCdm(1411): PrepareKeyRequest: nonce=1371279906
10-11 21:54:56.600: I/main(5985): type=1400 audit(0.0:95): avc: denied { open } for path="/sys/kernel/debug/tracing/trace_marker" dev="tracefs" ino=1049 scontext=u:r:zygote:s0 tcontext=u:object_r:debugfs_tracing:s0 tclass=file permissive=1
10-11 21:54:57.214: W/dex2oat(6006): Mismatch between dex2oat instruction set features (ISA: X86 Feature string: smp,ssse3,sse4.1,sse4.2,-avx,-avx2,lock_add,popcnt) and those of dex2oat executable (ISA: X86 Feature string: smp,ssse3,sse4.1,sse4.2,-avx,-avx2,-lock_add,popcnt) for the command line:
10-11 21:54:57.214: W/dex2oat(6006): /system/bin/dex2oat --zip-fd=6 --zip-location=base.apk --oat-fd=7 --oat-location=/data/app/vmdl1969508795.tmp/oat/x86/base.odex --instruction-set=x86 --instruction-set-variant=silvermont --instruction-set-features=default --runtime-arg -Xms64m --runtime-arg -Xmx512m --compiler-filter=interpret-only --swap-fd=8
10-11 21:54:57.215: I/dex2oat(6006): /system/bin/dex2oat --compiler-filter=interpret-only
10-11 21:54:57.215: E/cutils-trace(6006): Error opening trace file: Permission denied (13)
10-11 21:54:57.217: I/Remoter(1395): Saved screenshot to '/data/screenshots/__pmv__-0095.jpg'
10-11 21:54:57.060: I/Binder:5564_1(5564): type=1400 audit(0.0:96): avc: denied { read } for name="/" dev="tmpfs" ino=6448 scontext=u:r:priv_app:s0:c512,c768 tcontext=u:object_r:device:s0 tclass=dir permissive=1
10-11 21:54:57.060: I/Binder:5564_1(5564): type=1400 audit(0.0:97): avc: denied { open } for path="/dev" dev="tmpfs" ino=6448 scontext=u:r:priv_app:s0:c512,c768 tcontext=u:object_r:device:s0 tclass=dir permissive=1
10-11 21:54:57.499: I/Icing(5270): Internal init done: storage state 0
10-11 21:54:57.603: I/Icing(5270): 11 corpora need re-polling
10-11 21:54:57.653: I/Icing(5270): Post-init done
10-11 21:54:57.655: I/Icing(5270): Not indexing corpus from package com.google.android.gm as it has never connected
10-11 21:54:57.655: E/Icing(5270): Aborting indexing of corpus messages/com.google/VS2WQVCOVYYT3Y3JQZUPAOQ2II-00%40cloudtestlabaccounts.com
10-11 21:54:57.655: I/Icing(5270): Indexing 5FCAEE6439BC0A89825D09234A1B8940FCEE4892 from com.google.android.gms
10-11 21:54:57.660: I/WVCdm(1411): CdmEngine::CloseSession
10-11 21:54:57.686: I/GoogleURLConnFactory(5286): Using platform SSLCertificateSocketFactory
10-11 21:54:57.706: I/Icing(5270): Indexing done 5FCAEE6439BC0A89825D09234A1B8940FCEE4892
10-11 21:54:57.707: I/Icing(5270): Not indexing corpus from package com.google.android.videos as it has never connected
10-11 21:54:57.707: E/Icing(5270): Aborting indexing of corpus movies
10-11 21:54:57.707: I/Icing(5270): Not indexing corpus from package com.google.android.videos as it has never connected
10-11 21:54:57.707: E/Icing(5270): Aborting indexing of corpus shows
10-11 21:54:57.719: I/Icing(5270): Indexing 241B09F6E3C69FD9792618117EAD9E8F2E42DB55 from com.google.android.gms
10-11 21:54:57.823: W/Conscrypt(5286): Could not set socket write timeout:
10-11 21:54:57.823: W/Conscrypt(5286):    java.lang.reflect.Method.invoke(Native Method)
10-11 21:54:57.823: W/Conscrypt(5286):    com.google.android.gms.org.conscrypt.Platform.setSocketWriteTimeout(:com.google.android.gms@11519470:13)
10-11 21:54:57.844: W/Conscrypt(5286): Could not set socket write timeout:
10-11 21:54:57.844: W/Conscrypt(5286):    java.lang.reflect.Method.invoke(Native Method)
10-11 21:54:57.844: W/Conscrypt(5286):    com.google.android.gms.org.conscrypt.Platform.setSocketWriteTimeout(:com.google.android.gms@11519470:13)
10-11 21:54:57.883: W/GLSUser(5286): [AppCertManager] IOException while requesting key: 
10-11 21:54:57.883: W/GLSUser(5286): java.io.IOException: Invalid device key response.
10-11 21:54:57.883: W/GLSUser(5286): 	at ewg.a(:com.google.android.gms@11519470:11)
10-11 21:54:57.883: W/GLSUser(5286): 	at ewg.a(:com.google.android.gms@11519470:63)
10-11 21:54:57.883: W/GLSUser(5286): 	at ewg.a(:com.google.android.gms@11519470:20)
10-11 21:54:57.883: W/GLSUser(5286): 	at ewe.a(:com.google.android.gms@11519470:4)
10-11 21:54:57.883: W/GLSUser(5286): 	at ewb.a(:com.google.android.gms@11519470:2)
10-11 21:54:57.883: W/GLSUser(5286): 	at evz.a(:com.google.android.gms@11519470:10)
10-11 21:54:57.883: W/GLSUser(5286): 	at evz.a(:com.google.android.gms@11519470:24)
10-11 21:54:57.883: W/GLSUser(5286): 	at mgg.d(:com.google.android.gms@11519470:3)
10-11 21:54:57.883: W/GLSUser(5286): 	at ciz.a(:com.google.android.gms@11519470:31)
10-11 21:54:57.883: W/GLSUser(5286): 	at cei.run(:com.google.android.gms@11519470:2)
10-11 21:54:57.883: W/GLSUser(5286): 	at ceg.handleMessage(:com.google.android.gms@11519470:3)
10-11 21:54:57.883: W/GLSUser(5286): 	at mme.run(:com.google.android.gms@11519470:6)
10-11 21:54:57.883: W/GLSUser(5286): 	at mmo.run(:com.google.android.gms@11519470:25)
10-11 21:54:57.883: W/GLSUser(5286): 	at java.util.concurrent.ThreadPoolExecutor.runWorker(ThreadPoolExecutor.java:1133)
10-11 21:54:57.883: W/GLSUser(5286): 	at java.util.concurrent.ThreadPoolExecutor$Worker.run(ThreadPoolExecutor.java:607)
10-11 21:54:57.883: W/GLSUser(5286): 	at mrv.run(:com.google.android.gms@11519470)
10-11 21:54:57.883: W/GLSUser(5286): 	at java.lang.Thread.run(Thread.java:761)
10-11 21:54:57.883: W/GLSUser(5286): [DeviceKeyStore] Cannot load key: Device key file not found.
10-11 21:54:57.890: W/art(5286): Long monitor contention with owner CMEventHandler (5320) at void java.lang.Object.wait!(long, int)(Object.java:-2) waiters=0 in java.lang.String ewg.a(java.lang.String) for 907ms
10-11 21:54:57.890: E/ctxmgr(5286): [BaseServerTask]Server task (FetchAclSet) got error statusCode=-1.
10-11 21:54:57.890: E/ctxmgr(5286): com.android.volley.VolleyError: Unable to obtain auth token - is the device online?
10-11 21:54:57.890: E/ctxmgr(5286): 	at ciz.a(:com.google.android.gms@11519470:39)
10-11 21:54:57.890: E/ctxmgr(5286): 	at cei.run(:com.google.android.gms@11519470:2)
10-11 21:54:57.890: E/ctxmgr(5286): 	at ceg.handleMessage(:com.google.android.gms@11519470:3)
10-11 21:54:57.890: E/ctxmgr(5286): 	at mme.run(:com.google.android.gms@11519470:6)
10-11 21:54:57.890: E/ctxmgr(5286): 	at mmo.run(:com.google.android.gms@11519470:25)
10-11 21:54:57.890: E/ctxmgr(5286): 	at java.util.concurrent.ThreadPoolExecutor.runWorker(ThreadPoolExecutor.java:1133)
10-11 21:54:57.890: E/ctxmgr(5286): 	at java.util.concurrent.ThreadPoolExecutor$Worker.run(ThreadPoolExecutor.java:607)
10-11 21:54:57.890: E/ctxmgr(5286): 	at mrv.run(:com.google.android.gms@11519470)
10-11 21:54:57.890: E/ctxmgr(5286): 	at java.lang.Thread.run(Thread.java:761)
10-11 21:54:57.890: W/GLSUser(5286): [DeviceKeyStore] Cannot load key: Device key file not found.
10-11 21:54:57.890: W/GLSUser(5286): [DeviceKeyStore] Cannot load key: Device key file not found.
10-11 21:54:57.904: W/ctxmgr(5286): [WorkManager]Long workInfo: pkg=com.google.android.gms, lbl=NetworkManager#getAcl, start=2017-10-11 21:54:55.007-0400, stop=2017-10-11 21:54:57.896-0400, durtn=2889ms
10-11 21:54:57.948: E/ctxmgr(5286): [AccountAclCallback]Failed Acl fetch: network status=-1
10-11 21:54:57.948: W/UdcContextManagerHelper(5286): Empty context buffer. Thus might mean that the context is not synced down.
10-11 21:54:57.949: W/UploadOptInStatusOp(5286): Empty context model while retrieving upload opt-in status!
10-11 21:54:58.013: I/System.out(5270): Error inflating SSL session: error:100000a0:SSL routines:OPENSSL_internal:INVALID_SSL_SESSION
10-11 21:54:58.014: W/Conscrypt(5270): Could not set socket write timeout:
10-11 21:54:58.014: W/Conscrypt(5270):    java.lang.reflect.Method.invoke(Native Method)
10-11 21:54:58.014: W/Conscrypt(5270):    com.google.android.gms.org.conscrypt.Platform.setSocketWriteTimeout(:com.google.android.gms@11519470:13)
10-11 21:54:58.034: W/UdcContextManagerHelper(5286): Empty context buffer. Thus might mean that the context is not synced down.
10-11 21:54:58.040: W/UploadOptInStatusOp(5286): Empty context model while retrieving upload opt-in status!
10-11 21:54:58.043: E/ctxmgr(5286): [NetworkUtil]No active synchronizable contexts.
10-11 21:54:58.067: I/CheckinUtil(5270): Classify the device as Phone.
10-11 21:54:58.092: W/Conscrypt(5270): Could not set socket write timeout:
10-11 21:54:58.093: W/Conscrypt(5270):    java.lang.reflect.Method.invoke(Native Method)
10-11 21:54:58.093: W/Conscrypt(5270):    com.google.android.gms.org.conscrypt.Platform.setSocketWriteTimeout(:com.google.android.gms@11519470:13)
10-11 21:54:58.105: I/CAR.SERVICE(5772): Skip, no clients bound.
10-11 21:54:58.206: W/Auth(5286): [GetToken] GetToken failed with status code: INVALID_SCOPE
10-11 21:54:58.207: W/AuthSessionAuthenticato(5286): Auth related exception is being ignored: INVALID_SCOPE
10-11 21:54:58.211: W/Auth(5286): [GetToken] GetToken failed with status code: INVALID_SCOPE
10-11 21:54:58.216: E/Ads(5270): [JAMS] Failed to get OAuth token: dzf: INVALID_SCOPE
10-11 21:54:58.220: I/Icing(5270): IndexChimeraService.getServiceInterface callingPackage=com.google.android.videos componentName=null serviceId=36
10-11 21:54:58.232: W/GLSUser(5286): [DeviceKeyStore] Cannot load key: Device key file not found.
10-11 21:54:58.233: W/GLSUser(5286): [DeviceKeyStore] Cannot load key: Device key file not found.
10-11 21:54:58.235: E/ctxmgr(5286): [BaseServerTask]Server task (FetchAclSet) got error statusCode=-1.
10-11 21:54:58.235: E/ctxmgr(5286): com.android.volley.VolleyError: Unable to obtain auth token - is the device online?
10-11 21:54:58.235: E/ctxmgr(5286): 	at ciz.a(:com.google.android.gms@11519470:39)
10-11 21:54:58.235: E/ctxmgr(5286): 	at cei.run(:com.google.android.gms@11519470:2)
10-11 21:54:58.235: E/ctxmgr(5286): 	at ceg.handleMessage(:com.google.android.gms@11519470:3)
10-11 21:54:58.235: E/ctxmgr(5286): 	at mme.run(:com.google.android.gms@11519470:6)
10-11 21:54:58.235: E/ctxmgr(5286): 	at mmo.run(:com.google.android.gms@11519470:25)
10-11 21:54:58.235: E/ctxmgr(5286): 	at java.util.concurrent.ThreadPoolExecutor.runWorker(ThreadPoolExecutor.java:1133)
10-11 21:54:58.235: E/ctxmgr(5286): 	at java.util.concurrent.ThreadPoolExecutor$Worker.run(ThreadPoolExecutor.java:607)
10-11 21:54:58.235: E/ctxmgr(5286): 	at mrv.run(:com.google.android.gms@11519470)
10-11 21:54:58.235: E/ctxmgr(5286): 	at java.lang.Thread.run(Thread.java:761)
10-11 21:54:58.262: W/UdcContextManagerHelper(5286): Empty context buffer. Thus might mean that the context is not synced down.
10-11 21:54:58.270: W/System(5270): Ignoring header Cookie because its value was null.
10-11 21:54:58.270: I/ProcessCheckinRequest(5270): set cookie as: null
10-11 21:54:58.272: E/ctxmgr(5286): [AccountAclCallback]Failed Acl fetch: network status=-1
10-11 21:54:58.275: W/Conscrypt(5270): Could not set socket write timeout:
10-11 21:54:58.275: W/Conscrypt(5270):    java.lang.reflect.Method.invoke(Native Method)
10-11 21:54:58.275: W/Conscrypt(5270):    com.google.android.gms.org.conscrypt.Platform.setSocketWriteTimeout(:com.google.android.gms@11519470:13)
10-11 21:54:58.282: W/Conscrypt(5270): Could not set socket write timeout:
10-11 21:54:58.282: W/Conscrypt(5270):    java.lang.reflect.Method.invoke(Native Method)
10-11 21:54:58.282: W/Conscrypt(5270):    com.google.android.gms.org.conscrypt.Platform.setSocketWriteTimeout(:com.google.android.gms@11519470:13)
10-11 21:54:58.284: W/UploadOptInStatusOp(5286): Empty context model while retrieving upload opt-in status!
10-11 21:54:58.331: I/Remoter(1395): Saved screenshot to '/data/screenshots/__pmv__-0096.jpg'
10-11 21:54:58.394: E/MS_RegisterService(5270): Exception during register request.
10-11 21:54:58.394: E/MS_RegisterService(5270): bafm: INVALID_ARGUMENT: Application credential header not valid. Please fix the client to pass a valid application credential header.
10-11 21:54:58.394: E/MS_RegisterService(5270): 	at bafi.c(:com.google.android.gms@11519470:3)
10-11 21:54:58.394: E/MS_RegisterService(5270): 	at mgv.a(:com.google.android.gms@11519470:66)
10-11 21:54:58.394: E/MS_RegisterService(5270): 	at com.google.android.libraries.matchstick.net.SilentRegisterIntentOperation.a(:com.google.android.gms@11519470:226)
10-11 21:54:58.394: E/MS_RegisterService(5270): 	at com.google.android.libraries.matchstick.net.SilentRegisterIntentOperation.onHandleIntent(:com.google.android.gms@11519470:291)
10-11 21:54:58.394: E/MS_RegisterService(5270): 	at com.google.android.chimera.IntentOperation.onHandleIntent(:com.google.android.gms@11519470:2)
10-11 21:54:58.394: E/MS_RegisterService(5270): 	at bwh.run(:com.google.android.gms@11519470:10)
10-11 21:54:58.394: E/MS_RegisterService(5270): 	at bwe.run(:com.google.android.gms@11519470:14)
10-11 21:54:58.394: E/MS_RegisterService(5270): 	at java.util.concurrent.ThreadPoolExecutor.runWorker(ThreadPoolExecutor.java:1133)
10-11 21:54:58.394: E/MS_RegisterService(5270): 	at java.util.concurrent.ThreadPoolExecutor$Worker.run(ThreadPoolExecutor.java:607)
10-11 21:54:58.394: E/MS_RegisterService(5270): 	at java.lang.Thread.run(Thread.java:761)
10-11 21:54:58.399: I/ProcessCheckinRequest(5270): REQUEST: c: "020000000000"
10-11 21:54:58.399: I/ProcessCheckinRequest(5270): d: "wifi"
10-11 21:54:58.399: I/ProcessCheckinRequest(5270): g: 3719650476184577826
10-11 21:54:58.399: I/ProcessCheckinRequest(5270): h: 451322181306790630
10-11 21:54:58.399: I/ProcessCheckinRequest(5270): i: "1-5a61f41200ac4ce0807f1180bc2f9a69162b950a"
10-11 21:54:58.399: I/ProcessCheckinRequest(5270): j: "es"
10-11 21:54:58.399: I/ProcessCheckinRequest(5270): k <
10-11 21:54:58.399: I/ProcessCheckinRequest(5270):   a <
10-11 21:54:58.399: I/ProcessCheckinRequest(5270):     a: "generic/gce_x86_phone/gce_x86:7.1.1/NMF26V.NZG52/3751176:userdebug/test-keys"
10-11 21:54:58.399: I/ProcessCheckinRequest(5270):     c: "unknown"
10-11 21:54:58.399: I/ProcessCheckinRequest(5270):     d: "gce_x86"
10-11 21:54:58.399: I/ProcessCheckinRequest(5270):     e: "generic"
10-11 21:54:58.399: I/ProcessCheckinRequest(5270):     f: "unknown"
10-11 21:54:58.399: I/ProcessCheckinRequest(5270):     g: 1487675698
10-11 21:54:58.399: I/ProcessCheckinRequest(5270):     h: 11519470
10-11 21:54:58.399: I/ProcessCheckinRequest(5270):     i: 25
10-11 21:54:58.399: I/ProcessCheckinRequest(5270):     j: "gce_x86"
10-11 21:54:58.399: I/ProcessCheckinRequest(5270):     k: "GCE x86 phone"
10-11 21:54:58.399: I/ProcessCheckinRequest(5270):     l: "unknown"
10-11 21:54:58.399: I/ProcessCheckinRequest(5270):     m: "gce_x86_phone"
10-11 21:54:58.399: I/ProcessCheckinRequest(5270):     n: false
10-11 21:54:58.399: I/ProcessCheckinRequest(5270):     o <
10-11 21:54:58.399: I/ProcessCheckinRequest(5270):       a: 2
10-11 21:54:58.399: I/ProcessCheckinRequest(5270):       b: "ms-unknown"
10-11 21:54:58.399: I/ProcessCheckinRequest(5270):     >
10-11 21:54:58.399: I/ProcessCheckinRequest(5270):     o <
10-11 21:54:58.399: I/ProcessCheckinRequest(5270):       a: 1
10-11 21:54:58.399: I/ProcessCheckinRequest(5270):       b: "unknown"
10-11 21:54:58.399: I/ProcessCheckinRequest(5270):     >
10-11 21:54:58.399: I/ProcessCheckinRequest(5270):     o <
10-11 21:54:58.399: I/ProcessCheckinRequest(5270):       a: 4
10-11 21:54:58.399: I/ProcessCheckinRequest(5270):       b: "gmm-unknown"
10-11 21:54:58.399: I/ProcessCheckinRequest(5270):     >
10-11 21:54:58.399: I/ProcessCheckinRequest(5270):     o <
10-11 21:54:58.399: I/ProcessCheckinRequest(5270):       a: 5
10-11 21:54:58.399: I/ProcessCheckinRequest(5270):       b: "mvapp-unknown"
10-11 21:54:58.399: I/ProcessCheckinRequest(5270):     >
10-11 21:54:58.399: I/ProcessCheckinRequest(5270):     o <
10-11 21:54:58.399: I/ProcessCheckinRequest(5270):       a: 6
10-11 21:54:58.399: I/ProcessCheckinRequest(5270):       b: "am-unknown"
10-11 21:54:58.399: I/ProcessCheckinRequest(5270):     >
10-11 21:54:58.399: I/ProcessCheckinRequest(5270):     o <
10-11 21:54:58.399: I/ProcessCheckinRequest(5270):       a: 9
10-11 21:54:58.399: I/ProcessCheckinRequest(5270):       b: "ms-unknown"
10-11 21:54:58.399: I/ProcessCheckinRequest(5270):     >
10-11 21:54:58.399: I/ProcessCheckinRequest(5270):     q: "2017-01-05"
10-11 21:54:58.399: I/ProcessCheckinRequest(5270):   >
10-11 21:54:58.399: I/ProcessCheckinRequest(5270):   b: 1507759360106
10-11 21:54:58.399: I/ProcessCheckinRequest(5270):   e: "310260"
10-11 21:54:58.399: I/ProcessCheckinRequest(5270):   f: "310260"
10-11 21:54:58.399: I/ProcessCheckinRequest(5270):   g: "MOBILE:LTE:"
10-11 21:54:58.399: I/ProcessCheckinRequest(5270):   h: true
10-11 21:54:58.399: I/ProcessCheckinRequest(5270):   i: 0
10-11 21:54:58.399: I/ProcessCheckinRequest(5270):   j: 2
10-11 21:54:58.399: I/ProcessCheckinRequest(5270):   k <
10-11 21:54:58.399: I/ProcessCheckinRequest(5270):     a: 4
10-11 21:54:58.399: I/ProcessCheckinRequest(5270):     b: 1
10-11 21:54:58.399: I/ProcessCheckinRequest(5270):     c: "unspecified"
10-11 21:54:58.399: I/ProcessCheckinRequest(5270):     d: ""
10-11 21:54:58.399: I/ProcessCheckinRequest(5270):     e: false
10-11 21:54:58.399: I/ProcessCheckinRequest(5270):   >
10-11 21:54:58.399: I/ProcessCheckinRequest(5270):   l <
10-11 21:54:58.399: I/ProcessCheckinRequest(5270):     a: "310260"
10-11 21:54:58.399: I/ProcessCheckinRequest(5270):     b: "Android"
10-11 21:54:58.399: I/ProcessCheckinRequest(5270):     c: "0"
10-11 21:54:58.399: I/ProcessCheckinRequest(5270):     d: 0
10-11 21:54:58.399: I/ProcessCheckinRequest(5270):     d: 1
10-11 21:54:58.399: I/ProcessCheckinRequest(5270):     d: 2
10-11 21:54:58.399: I/ProcessCheckinRequest(5270):     e: "310260123400000"
10-11 21:54:58.399: I/ProcessCheckinRequest(5270):     g: "\244\240"
10-11 21:54:58.399: I/ProcessCheckinRequest(5270):   >
10-11 21:54:58.399: I/ProcessCheckinRequest(5270): >
10-11 21:54:58.399: I/ProcessCheckinRequest(5270): l: "[VS2WQVCOVYYT3Y3JQZUPAOQ2II-00@cloudtestlabaccounts.com]"
10-11 21:54:58.399: I/ProcessCheckinRequest(5270): m: "America/New_York"
10-11 21:54:58.399: I/ProcessCheckinRequest(5270): n: 2244396717048110102
10-11 21:54:58.399: I/ProcessCheckinRequest(5270): o: 3
10-11 21:54:58.399: I/ProcessCheckinRequest(5270): p: "71Q6Rn2DDZl1zPDVaaeEHItd+Yg="
10-11 21:54:58.399: I/ProcessCheckinRequest(5270): q <
10-11 21:54:58.399: I/ProcessCheckinRequest(5270):   a: 3
10-11 21:54:58.399: I/ProcessCheckinRequest(5270):   b: 2
10-11 21:54:58.399: I/ProcessCheckinRequest(5270):   c: 1
10-11 21:54:58.399: I/ProcessCheckinRequest(5270):   d: 2
10-11 21:54:58.399: I/ProcessCheckinRequest(5270):   e: true
10-11 21:54:58.399: I/ProcessCheckinRequest(5270):   f: false
10-11 21:54:58.399: I/ProcessCheckinRequest(5270):   g: 560
10-11 21:54:58.399: I/ProcessCheckinRequest(5270):   h: 1440
10-11 21:54:58.399: I/ProcessCheckinRequest(5270):   i: 2392
10-11 21:54:58.399: I/ProcessCheckinRequest(5270):   j: 131072
10-11 21:54:58.399: I/ProcessCheckinRequest(5270):   k: "android.ext.services"
10-11 21:54:58.399: I/ProcessCheckinRequest(5270):   k: "android.ext.shared"
10-11 21:54:58.399: I/ProcessCheckinRequest(5270):   k: "android.test.runner"
10-11 21:54:58.399: I/ProcessCheckinRequest(5270):   k: "com.android.future.usb.accessory"
10-11 21:54:58.399: I/ProcessCheckinRequest(5270):   k: "com.android.location.provider"
10-11 21:54:58.399: I/ProcessCheckinRequest(5270):   k: "com.android.media.remotedisplay"
10-11 21:54:58.399: I/ProcessCheckinRequest(5270):   k: "com.android.mediadrm.signer"
10-11 21:54:58.399: I/ProcessCheckinRequest(5270):   k: "com.google.android.camera2"
10-11 21:54:58.399: I/ProcessCheckinRequest(5270):   k: "com.google.android.dialer.support"
10-11 21:54:58.399: I/ProcessCheckinRequest(5270):   k: "com.google.android.gms"
10-11 21:54:58.399: I/ProcessCheckinRequest(5270):   k: "com.google.android.maps"
10-11 21:54:58.399: I/ProcessCheckinRequest(5270):   k: "com.google.android.media.effects"
10-11 21:54:58.399: I/ProcessCheckinRequest(5270):   k: "javax.obex"
10-11 21:54:58.399: I/ProcessCheckinRequest(5270):   k: "org.apache.http.legacy"
10-11 21:54:58.399: I/ProcessCheckinRequest(5270):   l: "android.hardware.audio.low_latency"
10-11 21:54:58.399: I/ProcessCheckinRequest(5270):   l: "android.hardware.audio.output"
10-11 21:54:58.399: I/ProcessCheckinRequest(5270):   l: "android.hardware.bluetooth"
10-11 21:54:58.399: I/ProcessCheckinRequest(5270):   l: "android.hardware.bluetooth_le"
10-11 21:54:58.399: I/ProcessCheckinRequest(5270):   l: "android.hardware.camera"
10-11 21:54:58.399: I/ProcessCheckinRequest(5270):   l: "android.hardware.camera.any"
10-11 21:54:58.399: I/ProcessCheckinRequest(5270):   l: "android.hardware.camera.autofocus"
10-11 21:54:58.399: I/ProcessCheckinRequest(5270):   l: "android.hardware.camera.flash"
10-11 21:54:58.399: I/ProcessCheckinRequest(5270):   l: "android.hardware.camera.front"
10-11 21:54:58.399: I/ProcessCheckinRequest(5270):   l: "android.hardware.ethernet"
10-11 21:54:58.399: I/ProcessCheckinRequest(5270):   l: "android.hardware.faketouch"
10-11 21:54:58.399: I/ProcessCheckinRequest(5270):   l: "android.hardware.location"
10-11 21:54:58.399: I/ProcessCheckinRequest(5270):   l: "android.hardware.location.gps"
10-11 21:54:58.399: I/ProcessCheckinRequest(5270):   l: "android.hardware.location.network"
10-11 21:54:58.399: I/ProcessCheckinRequest(5270):   l: "android.hardware.microphone"
10-11 21:54:58.399: I/ProcessCheckinRequest(5270):   l: "android.hardware.screen.landscape"
10-11 21:54:58.399: I/ProcessCheckinRequest(5270):   l: "android.hardware.screen.portrait"
10-11 21:54:58.399: I/ProcessCheckinRequest(5270):   l: "android.hardware.sensor.accelerometer"
10-11 21:54:58.399: I/ProcessCheckinRequest(5270):   l: "android.hardware.sensor.barometer"
10-11 21:54:58.399: I/ProcessCheckinRequest(5270):   l: "android.hardware.sensor.compass"
10-11 21:54:58.399: I/ProcessCheckinRequest(5270):   l: "android.hardware.sensor.light"
10-11 21:54:58.399: I/ProcessCheckinRequest(5270):   l: "android.hardware.sensor.proximity"
10-11 21:54:58.399: I/ProcessCheckinRequest(5270):   l: "android.hardware.telephony"
10-11 21:54:58.399: I/ProcessCheckinRequest(5270):   l: "android.hardware.telephony.gsm"
10-11 21:54:58.399: I/ProcessCheckinRequest(5270):   l: "android.hardware.touchscreen"
10-11 21:54:58.399: I/ProcessCheckinRequest(5270):   l: "android.hardware.usb.accessory"
10-11 21:54:58.399: I/ProcessCheckinRequest(5270):   l: "android.hardware.wifi"
10-11 21:54:58.399: I/ProcessCheckinRequest(5270):   l: "android.software.app_widgets"
10-11 21:54:58.399: I/ProcessCheckinRequest(5270):   l: "android.software.backup"
10-11 21:54:58.399: I/ProcessCheckinRequest(5270):   l: "android.software.connectionservice"
10-11 21:54:58.399: I/ProcessCheckinRequest(5270):   l: "android.software.device_admin"
10-11 21:54:58.399: I/ProcessCheckinRequest(5270):   l: "android.software.home_screen"
10-11 21:54:58.399: I/ProcessCheckinRequest(5270):   l: "android.software.input_methods"
10-11 21:54:58.399: I/ProcessCheckinRequest(5270):   l: "android.software.live_wallpaper"
10-11 21:54:58.399: I/ProcessCheckinRequest(5270):   l: "android.software.managed_users"
10-11 21:54:58.399: I/ProcessCheckinRequest(5270):   l: "android.software.print"
10-11 21:54:58.399: I/ProcessCheckinRequest(5270):   l: "android.software.voice_recognizers"
10-11 21:54:58.399: I/ProcessCheckinRequest(5270):   l: "android.software.webview"
10-11 21:54:58.399: I/ProcessCheckinRequest(5270):   l: "com.google.android.feature.EXCHANGE_6_2"
10-11 21:54:58.399: I/ProcessCheckinRequest(5270):   l: "com.google.android.feature.GOOGLE_BUILD"
10-11 21:54:58.399: I/ProcessCheckinRequest(5270):   l: "com.google.android.feature.GOOGLE_EXPERIENCE"
10-11 21:54:58.399: I/ProcessCheckinRequest(5270):   m <
10-11 21:54:58.399: I/ProcessCheckinRequest(5270):     a: "android.hardware.audio.low_latency"
10-11 21:54:58.399: I/ProcessCheckinRequest(5270):     b: 0
10-11 21:54:58.399: I/ProcessCheckinRequest(5270):   >
10-11 21:54:58.399: I/ProcessCheckinRequest(5270):   m <
10-11 21:54:58.399: I/ProcessCheckinRequest(5270):     a: "android.hardware.audio.output"
10-11 21:54:58.399: I/ProcessCheckinRequest(5270):     b: 0
10-11 21:54:58.399: I/ProcessCheckinRequest(5270):   >
10-11 21:54:58.399: I/ProcessCheckinRequest(5270):   m <
10-11 21:54:58.399: I/ProcessCheckinRequest(5270):     a: "android.hardware.bluetooth"
10-11 21:54:58.399: I/ProcessCheckinRequest(5270):     b: 0
10-11 21:54:58.399: I/ProcessCheckinRequest(5270):   >
10-11 21:54:58.399: I/ProcessCheckinRequest(5270):   m <
10-11 21:54:58.399: I/ProcessCheckinRequest(5270):     a: "android.hardware.bluetooth_le"
10-11 21:54:58.399: I/ProcessCheckinRequest(5270):     b: 0
10-11 21:54:58.399: I/ProcessCheckinRequest(5270):   >
10-11 21:54:58.399: I/ProcessCheckinRequest(5270):   m <
10-11 21:54:58.399: I/ProcessCheckinRequest(5270):     a: "android.hardware.camera"
10-11 21:54:58.399: I/ProcessCheckinRequest(5270):     b: 0
10-11 21:54:58.399: I/ProcessCheckinRequest(5270):   >
10-11 21:54:58.399: I/ProcessCheckinRequest(5270):   m <
10-11 21:54:58.399: I/ProcessCheckinRequest(5270):     a: "android.hardware.camera.any"
10-11 21:54:58.399: I/ProcessCheckinRequest(5270):     b: 0
10-11 21:54:58.399: I/ProcessCheckinRequest(5270):   >
10-11 21:54:58.399: I/ProcessCheckinRequest(5270):   m <
10-11 21:54:58.399: I/ProcessCheckinRequest(5270):     a: "android.hardware.camera.autofocus"
10-11 21:54:58.399: I/ProcessCheckinRequest(5270):     b: 0
10-11 21:54:58.399: I/ProcessCheckinRequest(5270):   >
10-11 21:54:58.399: I/ProcessCheckinRequest(5270):   m <
10-11 21:54:58.399: I/ProcessCheckinRequest(5270):     a: "android.hardware.camera.flash"
10-11 21:54:58.399: I/ProcessCheckinRequest(5270):     b: 0
10-11 21:54:58.399: I/ProcessCheckinRequest(5270):   >
10-11 21:54:58.399: I/ProcessCheckinRequest(5270):   m <
10-11 21:54:58.399: I/ProcessCheckinRequest(5270):     a: "android.hardware.camera.front"
10-11 21:54:58.399: I/ProcessCheckinRequest(5270):     b: 0
10-11 21:54:58.399: I/ProcessCheckinRequest(5270):   >
10-11 21:54:58.399: I/ProcessCheckinRequest(5270):   m <
10-11 21:54:58.399: I/ProcessCheckinRequest(5270):     a: "android.hardware.ethernet"
10-11 21:54:58.399: I/ProcessCheckinRequest(5270):     b: 0
10-11 21:54:58.399: I/ProcessCheckinRequest(5270):   >
10-11 21:54:58.399: I/ProcessCheckinRequest(5270):   m <
10-11 21:54:58.399: I/ProcessCheckinRequest(5270):     a: "android.hardware.faketouch"
10-11 21:54:58.399: I/ProcessCheckinRequest(5270):     b: 0
10-11 21:54:58.399: I/ProcessCheckinRequest(5270):   >
10-11 21:54:58.399: I/ProcessCheckinRequest(5270):   m <
10-11 21:54:58.399: I/ProcessCheckinRequest(5270):     a: "android.hardware.location"
10-11 21:54:58.399: I/ProcessCheckinRequest(5270):     b: 0
10-11 21:54:58.399: I/ProcessCheckinRequest(5270):   >
10-11 21:54:58.399: I/ProcessCheckinRequest(5270):   m <
10-11 21:54:58.399: I/ProcessCheckinRequest(5270):     a: "android.hardware.location.gps"
10-11 21:54:58.399: I/ProcessCheckinRequest(5270):     b: 0
10-11 21:54:58.399: I/ProcessCheckinRequest(5270):   >
10-11 21:54:58.399: I/ProcessCheckinRequest(5270):   m <
10-11 21:54:58.399: I/ProcessCheckinRequest(5270):     a: "android.h
10-11 21:54:58.459: W/art(5270): Before Android 4.1, method double java.util.concurrent.ThreadLocalRandom.internalNextDouble(double, double) would have incorrectly overridden the package-private method in java.util.Random
10-11 21:54:58.459: W/art(5270): Before Android 4.1, method int java.util.concurrent.ThreadLocalRandom.internalNextInt(int, int) would have incorrectly overridden the package-private method in java.util.Random
10-11 21:54:58.459: W/art(5270): Before Android 4.1, method long java.util.concurrent.ThreadLocalRandom.internalNextLong(long, long) would have incorrectly overridden the package-private method in java.util.Random
10-11 21:54:58.600: W/Auth(5286): [GetToken] GetToken failed with status code: INVALID_SCOPE
10-11 21:54:58.601: E/HeterodyneSyncer(5286): Failed to get auth token: INVALID_SCOPE
10-11 21:54:58.601: E/HeterodyneSyncer(5286): dzf: INVALID_SCOPE
10-11 21:54:58.601: E/HeterodyneSyncer(5286): 	at dzj.a(:com.google.android.gms@11519470:16)
10-11 21:54:58.601: E/HeterodyneSyncer(5286): 	at dzi.a(:com.google.android.gms@11519470:2)
10-11 21:54:58.601: E/HeterodyneSyncer(5286): 	at dzi.e(:com.google.android.gms@11519470:6)
10-11 21:54:58.601: E/HeterodyneSyncer(5286): 	at dzg.f(:com.google.android.gms@11519470:3)
10-11 21:54:58.601: E/HeterodyneSyncer(5286): 	at dzg.a(:com.google.android.gms@11519470:4)
10-11 21:54:58.601: E/HeterodyneSyncer(5286): 	at dzg.a(:com.google.android.gms@11519470:7)
10-11 21:54:58.601: E/HeterodyneSyncer(5286): 	at aazh.a(:com.google.android.gms@11519470:30)
10-11 21:54:58.601: E/HeterodyneSyncer(5286): 	at aazj.a(:com.google.android.gms@11519470:26)
10-11 21:54:58.601: E/HeterodyneSyncer(5286): 	at aazj.a(:com.google.android.gms@11519470:158)
10-11 21:54:58.601: E/HeterodyneSyncer(5286): 	at aazj.a(:com.google.android.gms@11519470:282)
10-11 21:54:58.601: E/HeterodyneSyncer(5286): 	at com.google.android.gms.phenotype.sync.HeterodyneSyncTaskChimeraService.a(:com.google.android.gms@11519470:40)
10-11 21:54:58.601: E/HeterodyneSyncer(5286): 	at com.google.android.gms.phenotype.sync.HeterodyneSyncTaskChimeraService.a(:com.google.android.gms@11519470:19)
