10-13 06:24:39.437: D/MobileDataStateTracker(1071): mms: mms setting isAvailable to true
10-13 06:24:39.437: D/MobileDataStateTracker(1071): mms: Received state=DISCONNECTED, old=DISCONNECTED, reason=radioTurnedOff
10-13 06:24:39.437: D/MobileDataStateTracker(1071): cbs: Broadcast received: android.intent.action.ANY_DATA_STATE apnType=cbs
10-13 06:24:39.447: D/MessagingNotification(7402): toLockscreenWithUnreadMsgCnt - count = 0
10-13 06:24:39.447: I/[SystemUI]StatusBar.NetworkController(1363): onSignalStrengthsChanged signalStrength=SignalStrength: 99 0 -120 -160 -120 -1 -1 99 2147483647 2147483647 2147483647 2147483647 2147483647 gsm|lte 0 level=0
10-13 06:24:39.447: I/[LGHome]LGPlusHomeDBManager(1652): [LGPlusHomeDBManager.java:308:onReceive()]onReceive intent=Intent { act=android.intent.action.LOCALE_CHANGED flg=0x10000010 }
10-13 06:24:39.447: I/[LGHome]LGPlusHomeDBManager(1652): [LGPlusHomeDBManager.java:374:packageUpdate()]PackageUpdatedTask: 2
10-13 06:24:39.447: D/MobileDataStateTracker(1071): cbs: cbs setting isAvailable to true
10-13 06:24:39.447: I/[SystemUI]LGPhoneStatusBarPolicy(1363): onReceive = android.intent.action.SIG_STR
10-13 06:24:39.447: D/MobileDataStateTracker(1071): cbs: Received state=DISCONNECTED, old=DISCONNECTED, reason=radioTurnedOff
10-13 06:24:39.457: D/QuietModeReceiverEx(2832): [00] Action NAME : android.intent.action.LOCALE_CHANGED
10-13 06:24:39.457: D/QuietModeReceiverEx(2832): [01] APP_NAME : null
10-13 06:24:39.457: I/QuietModeReceiverEx(2832): [02] Current time : 06:24 AM
10-13 06:24:39.457: I/QuietModeReceiverEx(2832): [03] Start time : -1        End time : -1
10-13 06:24:39.457: I/QuietModeReceiverEx(2832): [04] Start String : 196912311559 | End Stirng : 196912311559 | Current String : 201710130624
10-13 06:24:39.457: I/QuietModeReceiverEx(2832): ------------------------------------------------------------------------------------
10-13 06:24:39.457: V/PhoneApp(1566): Action intent recieved:android.intent.action.SERVICE_STATE
10-13 06:24:39.457: D/NotificationMgr(1566): updateNetworkSelection()...state = 3 new network 
10-13 06:24:39.467: D/VibratePatternInfoReceiverEx(2832): CONFIGURATION_CHANGED
10-13 06:24:39.477: D/QuickCoverActivity(7402): lockscreensettings ret = true
10-13 06:24:39.497: I/Choreographer(1652): Skipped 31 frames!  The application may be doing too much work on its main thread.
10-13 06:24:39.497: I/[SystemUI]StatusBar.NetworkController(1363): onSignalStrengthsChanged signalStrength=SignalStrength: 99 0 -120 -160 -120 -1 -1 99 2147483647 2147483647 2147483647 2147483647 2147483647 gsm|lte 0 level=0
10-13 06:24:39.497: D/VibratePatternInfo(2832): Shardpreference empty case
10-13 06:24:39.497: I/[SystemUI]LGPhoneStatusBarPolicy(1363): onReceive = android.intent.action.SIG_STR
10-13 06:24:39.497: I/[SystemUI]StatusBar.NetworkController(1363): onSignalStrengthsChanged signalStrength=SignalStrength: 99 0 -120 -160 -120 -1 -1 99 2147483647 2147483647 2147483647 2147483647 2147483647 gsm|lte 0 level=0
10-13 06:24:39.507: I/[SystemUI]LGPhoneStatusBarPolicy(1363): onReceive = android.intent.action.SIG_STR
10-13 06:24:39.507: V/PhoneApp(1566): Action intent recieved:android.intent.action.ANY_DATA_STATE
10-13 06:24:39.507: I/SettingConfigUtils(1566): isCroatiaTele_SIM 
10-13 06:24:39.507: I/SettingConfigUtils(1566): isCroatiaTele_SIM false
10-13 06:24:39.507: I/SettingConfigUtils(1566): isPolandP4P_SIM 
10-13 06:24:39.507: I/SettingConfigUtils(1566): isPolandP4P_SIM false
10-13 06:24:39.507: I/SettingConfigUtils(1566): isH3G_SIM 
10-13 06:24:39.507: I/SettingConfigUtils(1566): isH3G_SIM false
10-13 06:24:39.507: I/SettingConfigUtils(1566): isCroatiaTele_SIM 
10-13 06:24:39.507: I/SettingConfigUtils(1566): isCroatiaTele_SIM false
10-13 06:24:39.507: V/PhoneApp(1566): Action intent recieved:android.intent.action.ANY_DATA_STATE
10-13 06:24:39.507: I/SettingConfigUtils(1566): isCroatiaTele_SIM 
10-13 06:24:39.507: I/SettingConfigUtils(1566): isCroatiaTele_SIM false
10-13 06:24:39.507: I/SettingConfigUtils(1566): isPolandP4P_SIM 
10-13 06:24:39.507: I/SettingConfigUtils(1566): isPolandP4P_SIM false
10-13 06:24:39.507: I/SettingConfigUtils(1566): isH3G_SIM 
10-13 06:24:39.507: I/SettingConfigUtils(1566): isH3G_SIM false
10-13 06:24:39.507: I/SettingConfigUtils(1566): isCroatiaTele_SIM 
10-13 06:24:39.507: I/SettingConfigUtils(1566): isCroatiaTele_SIM false
10-13 06:24:39.507: V/PhoneApp(1566): Action intent recieved:android.intent.action.ANY_DATA_STATE
10-13 06:24:39.507: I/SettingConfigUtils(1566): isCroatiaTele_SIM 
10-13 06:24:39.507: I/SettingConfigUtils(1566): isCroatiaTele_SIM false
10-13 06:24:39.507: I/SettingConfigUtils(1566): isPolandP4P_SIM 
10-13 06:24:39.507: I/SettingConfigUtils(1566): isPolandP4P_SIM false
10-13 06:24:39.507: I/SettingConfigUtils(1566): isH3G_SIM 
10-13 06:24:39.507: I/SettingConfigUtils(1566): isH3G_SIM false
10-13 06:24:39.507: I/SettingConfigUtils(1566): isCroatiaTele_SIM 
10-13 06:24:39.507: I/SettingConfigUtils(1566): isCroatiaTele_SIM false
10-13 06:24:39.507: I/ActivityManager(1071): Start proc com.android.vending for broadcast com.android.vending/com.google.android.finsky.receivers.ClearCacheReceiver: pid=11337 uid=10045 gids={50045, 3003, 1028, 1015}
10-13 06:24:39.517: V/PhoneApp(1566): Action intent recieved:android.intent.action.ANY_DATA_STATE
10-13 06:24:39.517: I/SettingConfigUtils(1566): isCroatiaTele_SIM 
10-13 06:24:39.517: I/SettingConfigUtils(1566): isCroatiaTele_SIM false
10-13 06:24:39.517: I/SettingConfigUtils(1566): isPolandP4P_SIM 
10-13 06:24:39.517: I/SettingConfigUtils(1566): isPolandP4P_SIM false
10-13 06:24:39.517: I/SettingConfigUtils(1566): isH3G_SIM 
10-13 06:24:39.517: I/SettingConfigUtils(1566): isH3G_SIM false
10-13 06:24:39.517: I/SettingConfigUtils(1566): isCroatiaTele_SIM 
10-13 06:24:39.517: I/SettingConfigUtils(1566): isCroatiaTele_SIM false
10-13 06:24:39.517: V/PhoneApp(1566): Action intent recieved:android.intent.action.ANY_DATA_STATE
10-13 06:24:39.517: I/SettingConfigUtils(1566): isCroatiaTele_SIM 
10-13 06:24:39.517: I/SettingConfigUtils(1566): isCroatiaTele_SIM false
10-13 06:24:39.517: I/SettingConfigUtils(1566): isPolandP4P_SIM 
10-13 06:24:39.517: I/SettingConfigUtils(1566): isPolandP4P_SIM false
10-13 06:24:39.517: I/SettingConfigUtils(1566): isH3G_SIM 
10-13 06:24:39.517: I/SettingConfigUtils(1566): isH3G_SIM false
10-13 06:24:39.517: I/SettingConfigUtils(1566): isCroatiaTele_SIM 
10-13 06:24:39.517: I/SettingConfigUtils(1566): isCroatiaTele_SIM false
10-13 06:24:39.517: V/PhoneApp(1566): Action intent recieved:android.intent.action.ANY_DATA_STATE
10-13 06:24:39.517: I/SettingConfigUtils(1566): isCroatiaTele_SIM 
10-13 06:24:39.517: I/SettingConfigUtils(1566): isCroatiaTele_SIM false
10-13 06:24:39.517: I/SettingConfigUtils(1566): isPolandP4P_SIM 
10-13 06:24:39.517: I/SettingConfigUtils(1566): isPolandP4P_SIM false
10-13 06:24:39.517: I/SettingConfigUtils(1566): isH3G_SIM 
10-13 06:24:39.517: I/SettingConfigUtils(1566): isH3G_SIM false
10-13 06:24:39.517: I/SettingConfigUtils(1566): isCroatiaTele_SIM 
10-13 06:24:39.517: I/SettingConfigUtils(1566): isCroatiaTele_SIM false
10-13 06:24:39.517: V/PhoneApp(1566): Action intent recieved:android.intent.action.ANY_DATA_STATE
10-13 06:24:39.517: I/SettingConfigUtils(1566): isCroatiaTele_SIM 
10-13 06:24:39.517: I/SettingConfigUtils(1566): isCroatiaTele_SIM false
10-13 06:24:39.517: I/SettingConfigUtils(1566): isPolandP4P_SIM 
10-13 06:24:39.517: I/SettingConfigUtils(1566): isPolandP4P_SIM false
10-13 06:24:39.517: I/SettingConfigUtils(1566): isH3G_SIM 
10-13 06:24:39.517: I/SettingConfigUtils(1566): isH3G_SIM false
10-13 06:24:39.517: I/SettingConfigUtils(1566): isCroatiaTele_SIM 
10-13 06:24:39.517: I/SettingConfigUtils(1566): isCroatiaTele_SIM false
10-13 06:24:39.517: V/PhoneApp(1566): Action intent recieved:android.intent.action.ANY_DATA_STATE
10-13 06:24:39.517: I/SettingConfigUtils(1566): isCroatiaTele_SIM 
10-13 06:24:39.517: I/SettingConfigUtils(1566): isCroatiaTele_SIM false
10-13 06:24:39.517: I/SettingConfigUtils(1566): isPolandP4P_SIM 
10-13 06:24:39.517: I/SettingConfigUtils(1566): isPolandP4P_SIM false
10-13 06:24:39.517: I/SettingConfigUtils(1566): isH3G_SIM 
10-13 06:24:39.517: I/SettingConfigUtils(1566): isH3G_SIM false
10-13 06:24:39.517: I/SettingConfigUtils(1566): isCroatiaTele_SIM 
10-13 06:24:39.517: I/SettingConfigUtils(1566): isCroatiaTele_SIM false
10-13 06:24:39.517: V/PhoneApp(1566): Action intent recieved:android.intent.action.ANY_DATA_STATE
10-13 06:24:39.517: I/SettingConfigUtils(1566): isCroatiaTele_SIM 
10-13 06:24:39.517: I/SettingConfigUtils(1566): isCroatiaTele_SIM false
10-13 06:24:39.517: I/SettingConfigUtils(1566): isPolandP4P_SIM 
10-13 06:24:39.517: I/SettingConfigUtils(1566): isPolandP4P_SIM false
10-13 06:24:39.517: I/SettingConfigUtils(1566): isH3G_SIM 
10-13 06:24:39.517: I/SettingConfigUtils(1566): isH3G_SIM false
10-13 06:24:39.517: I/SettingConfigUtils(1566): isCroatiaTele_SIM 
10-13 06:24:39.517: I/SettingConfigUtils(1566): isCroatiaTele_SIM false
10-13 06:24:39.527: V/PhoneApp(1566): Action intent recieved:android.intent.action.ANY_DATA_STATE
10-13 06:24:39.527: I/SettingConfigUtils(1566): isCroatiaTele_SIM 
10-13 06:24:39.527: I/SettingConfigUtils(1566): isCroatiaTele_SIM false
10-13 06:24:39.527: I/SettingConfigUtils(1566): isPolandP4P_SIM 
10-13 06:24:39.527: I/SettingConfigUtils(1566): isPolandP4P_SIM false
10-13 06:24:39.527: I/SettingConfigUtils(1566): isH3G_SIM 
10-13 06:24:39.527: I/SettingConfigUtils(1566): isH3G_SIM false
10-13 06:24:39.527: I/SettingConfigUtils(1566): isCroatiaTele_SIM 
10-13 06:24:39.527: I/SettingConfigUtils(1566): isCroatiaTele_SIM false
10-13 06:24:39.527: V/PhoneApp(1566): Action intent recieved:android.intent.action.ANY_DATA_STATE
10-13 06:24:39.527: I/SettingConfigUtils(1566): isCroatiaTele_SIM 
10-13 06:24:39.527: I/SettingConfigUtils(1566): isCroatiaTele_SIM false
10-13 06:24:39.527: I/SettingConfigUtils(1566): isPolandP4P_SIM 
10-13 06:24:39.527: I/SettingConfigUtils(1566): isPolandP4P_SIM false
10-13 06:24:39.527: I/SettingConfigUtils(1566): isH3G_SIM 
10-13 06:24:39.527: I/SettingConfigUtils(1566): isH3G_SIM false
10-13 06:24:39.527: I/SettingConfigUtils(1566): isCroatiaTele_SIM 
10-13 06:24:39.527: I/SettingConfigUtils(1566): isCroatiaTele_SIM false
10-13 06:24:39.527: V/PhoneApp(1566): Action intent recieved:android.intent.action.ANY_DATA_STATE
10-13 06:24:39.527: I/SettingConfigUtils(1566): isCroatiaTele_SIM 
10-13 06:24:39.527: I/SettingConfigUtils(1566): isCroatiaTele_SIM false
10-13 06:24:39.527: I/SettingConfigUtils(1566): isPolandP4P_SIM 
10-13 06:24:39.527: I/SettingConfigUtils(1566): isPolandP4P_SIM false
10-13 06:24:39.527: I/SettingConfigUtils(1566): isH3G_SIM 
10-13 06:24:39.527: I/SettingConfigUtils(1566): isH3G_SIM false
10-13 06:24:39.527: I/SettingConfigUtils(1566): isCroatiaTele_SIM 
10-13 06:24:39.527: I/SettingConfigUtils(1566): isCroatiaTele_SIM false
10-13 06:24:39.527: V/PhoneApp(1566): Action intent recieved:android.intent.action.ANY_DATA_STATE
10-13 06:24:39.527: I/SettingConfigUtils(1566): isCroatiaTele_SIM 
10-13 06:24:39.527: I/SettingConfigUtils(1566): isCroatiaTele_SIM false
10-13 06:24:39.527: I/SettingConfigUtils(1566): isPolandP4P_SIM 
10-13 06:24:39.527: I/SettingConfigUtils(1566): isPolandP4P_SIM false
10-13 06:24:39.527: I/SettingConfigUtils(1566): isH3G_SIM 
10-13 06:24:39.527: I/SettingConfigUtils(1566): isH3G_SIM false
10-13 06:24:39.527: I/SettingConfigUtils(1566): isCroatiaTele_SIM 
10-13 06:24:39.527: I/SettingConfigUtils(1566): isCroatiaTele_SIM false
10-13 06:24:39.527: V/PhoneApp(1566): Action intent recieved:android.intent.action.ANY_DATA_STATE
10-13 06:24:39.527: I/SettingConfigUtils(1566): isCroatiaTele_SIM 
10-13 06:24:39.527: I/SettingConfigUtils(1566): isCroatiaTele_SIM false
10-13 06:24:39.527: I/SettingConfigUtils(1566): isPolandP4P_SIM 
10-13 06:24:39.527: I/SettingConfigUtils(1566): isPolandP4P_SIM false
10-13 06:24:39.527: I/SettingConfigUtils(1566): isH3G_SIM 
10-13 06:24:39.527: I/SettingConfigUtils(1566): isH3G_SIM false
10-13 06:24:39.527: I/SettingConfigUtils(1566): isCroatiaTele_SIM 
10-13 06:24:39.527: V/SplitWindowPolicyService(1387): requestUpdateStackInfo
10-13 06:24:39.527: I/SettingConfigUtils(1566): isCroatiaTele_SIM false
10-13 06:24:39.527: D/ActivityManager(1071): resumeTopActivityLocked: Top activity resumed ActivityRecord{43428e40 u0 com.lge.launcher2/.Launcher t1}
10-13 06:24:39.537: V/PhoneApp(1566): Action intent recieved:android.intent.action.ANY_DATA_STATE
10-13 06:24:39.537: I/SettingConfigUtils(1566): isCroatiaTele_SIM 
10-13 06:24:39.537: I/SettingConfigUtils(1566): isCroatiaTele_SIM false
10-13 06:24:39.537: I/SettingConfigUtils(1566): isPolandP4P_SIM 
10-13 06:24:39.537: I/SettingConfigUtils(1566): isPolandP4P_SIM false
10-13 06:24:39.537: I/SettingConfigUtils(1566): isH3G_SIM 
10-13 06:24:39.537: I/SettingConfigUtils(1566): isH3G_SIM false
10-13 06:24:39.537: I/SettingConfigUtils(1566): isCroatiaTele_SIM 
10-13 06:24:39.537: I/SettingConfigUtils(1566): isCroatiaTele_SIM false
10-13 06:24:39.537: V/PhoneApp(1566): Action intent recieved:android.intent.action.ANY_DATA_STATE
10-13 06:24:39.537: I/SettingConfigUtils(1566): isCroatiaTele_SIM 
10-13 06:24:39.537: I/SettingConfigUtils(1566): isCroatiaTele_SIM false
10-13 06:24:39.537: I/SettingConfigUtils(1566): isPolandP4P_SIM 
10-13 06:24:39.537: I/SettingConfigUtils(1566): isPolandP4P_SIM false
10-13 06:24:39.537: I/SettingConfigUtils(1566): isH3G_SIM 
10-13 06:24:39.537: I/SettingConfigUtils(1566): isH3G_SIM false
10-13 06:24:39.537: I/SettingConfigUtils(1566): isCroatiaTele_SIM 
10-13 06:24:39.537: I/SettingConfigUtils(1566): isCroatiaTele_SIM false
10-13 06:24:39.537: V/PhoneApp(1566): Action intent recieved:android.intent.action.ANY_DATA_STATE
10-13 06:24:39.537: I/SettingConfigUtils(1566): isCroatiaTele_SIM 
10-13 06:24:39.537: I/SettingConfigUtils(1566): isCroatiaTele_SIM false
10-13 06:24:39.537: I/SettingConfigUtils(1566): isPolandP4P_SIM 
10-13 06:24:39.537: I/SettingConfigUtils(1566): isPolandP4P_SIM false
10-13 06:24:39.537: I/SettingConfigUtils(1566): isH3G_SIM 
10-13 06:24:39.537: I/SettingConfigUtils(1566): isH3G_SIM false
10-13 06:24:39.537: I/SettingConfigUtils(1566): isCroatiaTele_SIM 
10-13 06:24:39.537: I/SettingConfigUtils(1566): isCroatiaTele_SIM false
10-13 06:24:39.537: V/PhoneApp(1566): Action intent recieved:android.intent.action.ANY_DATA_STATE
10-13 06:24:39.537: I/SettingConfigUtils(1566): isCroatiaTele_SIM 
10-13 06:24:39.537: I/SettingConfigUtils(1566): isCroatiaTele_SIM false
10-13 06:24:39.537: I/SettingConfigUtils(1566): isPolandP4P_SIM 
10-13 06:24:39.537: I/SettingConfigUtils(1566): isPolandP4P_SIM false
10-13 06:24:39.537: I/SettingConfigUtils(1566): isH3G_SIM 
10-13 06:24:39.537: I/SettingConfigUtils(1566): isH3G_SIM false
10-13 06:24:39.537: I/SettingConfigUtils(1566): isCroatiaTele_SIM 
10-13 06:24:39.537: I/SettingConfigUtils(1566): isCroatiaTele_SIM false
10-13 06:24:39.537: V/PhoneApp(1566): Action intent recieved:android.intent.action.ANY_DATA_STATE
10-13 06:24:39.537: I/SettingConfigUtils(1566): isCroatiaTele_SIM 
10-13 06:24:39.537: I/SettingConfigUtils(1566): isCroatiaTele_SIM false
10-13 06:24:39.537: I/SettingConfigUtils(1566): isPolandP4P_SIM 
10-13 06:24:39.537: I/SettingConfigUtils(1566): isPolandP4P_SIM false
10-13 06:24:39.537: I/SettingConfigUtils(1566): isH3G_SIM 
10-13 06:24:39.537: I/SettingConfigUtils(1566): isH3G_SIM false
10-13 06:24:39.537: I/SettingConfigUtils(1566): isCroatiaTele_SIM 
10-13 06:24:39.537: I/SettingConfigUtils(1566): isCroatiaTele_SIM false
10-13 06:24:39.537: D/PhoneInterfaceManager(1566): [PhoneIntfMgr] sigLevel = 0
10-13 06:24:39.537: D/PhoneInterfaceManager(1566): [PhoneIntfMgr] sigLevel = 0
10-13 06:24:39.547: D/PhoneInterfaceManager(1566): [PhoneIntfMgr] sigLevel = 0
10-13 06:24:39.547: D/HyLog(11337): I : /data/font/config/sfconfig.dat, No such file or directory (2)
10-13 06:24:39.547: D/HyLog(11337): I : /data/font/config/dfactpre.dat, No such file or directory (2)
10-13 06:24:39.547: D/HyLog(11337): I : /data/font/config/sfconfig.dat, No such file or directory (2)
10-13 06:24:39.547: V/TelephonyAutoProfiling(1566): [getValue] PROFILE key : HOME_NETWORK, value : null, subId : 0
10-13 06:24:39.547: V/TelephonyAutoProfiling(1566): [getValue] PROFILE key : HOME_NETWORK, value : null, subId : 0
10-13 06:24:39.547: I/GsmSST(1566): [Bell. test code] autoprofile operator: false, roaming: false
10-13 06:24:39.557: W/BaseRuntimeLoader(11250): don't searchcom.lge.telephony.msim.QcomMSimTelephonyManagerAdaptor class
10-13 06:24:39.557: W/BaseRuntimeLoader(11250): don't searchcom.lge.telephony.msim.MtkMSimTelephonyManagerAdaptor class
10-13 06:24:39.557: W/BaseRuntimeLoader(11250): don't searchcom.lge.telephony.msim.QcomMSimTelephonyManagerAdaptor class
10-13 06:24:39.557: W/BaseRuntimeLoader(11250): don't searchcom.lge.telephony.msim.MtkMSimTelephonyManagerAdaptor class
10-13 06:24:39.577: D/AlertService(8869): Scheduling next alarm with AlarmScheduler. sEventReminderReceived: null
10-13 06:24:39.617: D/dalvikvm(1652): GC_CONCURRENT freed 8169K, 56% free 37073K/82956K, paused 1ms+4ms, total 25ms
10-13 06:24:39.647: I/ContactsProvider(1984): Locale has changed from en_US to es
10-13 06:24:39.667: D/dalvikvm(1071): GC_EXPLICIT freed 2430K, 27% free 38617K/52300K, paused 4ms+9ms, total 125ms
10-13 06:24:39.667: D/KeyguardModel(1363): mIsEmergencyOnly = false currentServiceState = 1
10-13 06:24:39.667: I/[SystemUI]StatusBar.NetworkController(1363): onServiceStateChanged voiceState=1 dataState=1
10-13 06:24:39.677: D/WeatherApplication(11262): removeAccount
10-13 06:24:39.677: D/WeatherApplication(11262): Account.length = 0
10-13 06:24:39.677: E/WeatherApplication(11262): OPERATOR:GLOBAL
10-13 06:24:39.687: I/NfcP2pLinkManager(1597): LLCP deactivated.
10-13 06:24:39.687: I/NfcP2pLinkManager(1597): Duplicate onLlcpDectivated()
10-13 06:24:39.687: I/MessagingNotification(7402): repeat count :0
10-13 06:24:39.697: W/Sidekick_LocationOracleImpl(1838): Best location was null
10-13 06:24:39.697: D/dalvikvm(1652): GC_FOR_ALLOC freed 55K, 56% free 37087K/82956K, paused 34ms, total 34ms
10-13 06:24:39.697: I/dalvikvm-heap(1652): Grow heap (frag case) to 48.466MB for 8294416-byte allocation
10-13 06:24:39.707: D/KeyguardUpdateMonitor(1363): received broadcast android.provider.Telephony.SPN_STRINGS_UPDATED
10-13 06:24:39.717: I/[SystemUI]LGPhoneStatusBarPolicy(1363): onReceive = android.intent.action.SERVICE_STATE
10-13 06:24:39.717: D/KeyguardModel(1363): mReceiver, received action: lge.intent.action.UNREAD_MESSAGES, sendingUserId:0
10-13 06:24:39.727: D/KeyguardModel(1363): putNotificationIntoList Number: 0 Id: 1 UserId: 0
10-13 06:24:39.727: V/PhoneApp(1566): Action intent recieved:android.intent.action.SERVICE_STATE
10-13 06:24:39.727: D/NotificationMgr(1566): updateNetworkSelection()...state = 1 new network 
10-13 06:24:39.747: D/WifiStateMachine(1071): handleMessage: E msg.what=131155
10-13 06:24:39.747: D/WifiStateMachine(1071): processMsg: ConnectedState
10-13 06:24:39.747: D/WifiStateMachine(1071): processMsg: L2ConnectedState
10-13 06:24:39.747: D/WifiNative-wlan0(1071): doString: SIGNAL_POLL
10-13 06:24:39.747: D/wpa_supplicant(2644): RX ctrl_iface - hexdump(len=11): 53 49 47 4e 41 4c 5f 50 4f 4c 4c
10-13 06:24:39.747: D/wpa_supplicant(2644): wlan0: Control interface command 'SIGNAL_POLL'
10-13 06:24:39.757: D/dalvikvm(1652): GC_CONCURRENT freed 1K, 46% free 45185K/82956K, paused 2ms+6ms, total 52ms
10-13 06:24:39.767: D/wpa_supplicant(2644): nl80211: survey data missing!
10-13 06:24:39.767: D/WifiStateMachine(1071): handleMessage: X
10-13 06:24:39.767: D/WallpaperManager(1652): bm   width=1080, height=1920
10-13 06:24:39.767: D/WallpaperManager(1652): generateBitmap()
10-13 06:24:39.777: I/dalvikvm(11303): Total arena pages for JIT: 11
10-13 06:24:39.777: I/dalvikvm(11303): Total arena pages for JIT: 12
10-13 06:24:39.777: I/dalvikvm(11303): Total arena pages for JIT: 13
10-13 06:24:39.777: I/dalvikvm(11303): Total arena pages for JIT: 14
10-13 06:24:39.777: I/dalvikvm(11303): Total arena pages for JIT: 15
10-13 06:24:39.777: I/dalvikvm(11303): Total arena pages for JIT: 16
10-13 06:24:39.777: I/dalvikvm(11303): Total arena pages for JIT: 17
10-13 06:24:39.787: I/dalvikvm(11303): Total arena pages for JIT: 18
10-13 06:24:39.787: I/dalvikvm(11303): Total arena pages for JIT: 19
10-13 06:24:39.787: I/dalvikvm(11303): Total arena pages for JIT: 20
10-13 06:24:39.787: I/dalvikvm(11303): Total arena pages for JIT: 21
10-13 06:24:39.787: I/dalvikvm(11303): Total arena pages for JIT: 22
10-13 06:24:39.787: I/dalvikvm(11303): Total arena pages for JIT: 23
10-13 06:24:39.787: I/dalvikvm(11303): Total arena pages for JIT: 24
10-13 06:24:39.787: I/dalvikvm(11303): Total arena pages for JIT: 25
10-13 06:24:39.787: I/dalvikvm(11303): Total arena pages for JIT: 26
10-13 06:24:39.787: I/dalvikvm(11303): Total arena pages for JIT: 27
10-13 06:24:39.787: I/dalvikvm(11303): Total arena pages for JIT: 28
10-13 06:24:39.787: I/dalvikvm(11303): Total arena pages for JIT: 29
10-13 06:24:39.787: I/dalvikvm(11303): Total arena pages for JIT: 30
10-13 06:24:39.787: I/dalvikvm(11303): Total arena pages for JIT: 31
10-13 06:24:39.787: I/dalvikvm(11303): Total arena pages for JIT: 32
10-13 06:24:39.787: I/dalvikvm(11303): Total arena pages for JIT: 33
10-13 06:24:39.787: I/dalvikvm(11303): Total arena pages for JIT: 34
10-13 06:24:39.787: I/dalvikvm(11303): Total arena pages for JIT: 35
10-13 06:24:39.787: I/dalvikvm(11303): Total arena pages for JIT: 36
10-13 06:24:39.787: I/dalvikvm(11303): Total arena pages for JIT: 37
10-13 06:24:39.787: I/dalvikvm(11303): Total arena pages for JIT: 38
10-13 06:24:39.787: I/dalvikvm(11303): Total arena pages for JIT: 39
10-13 06:24:39.787: I/dalvikvm(11303): Total arena pages for JIT: 40
10-13 06:24:39.787: I/dalvikvm(11303): Total arena pages for JIT: 41
10-13 06:24:39.787: I/dalvikvm(11303): Total arena pages for JIT: 42
10-13 06:24:39.787: I/dalvikvm(11303): Total arena pages for JIT: 43
10-13 06:24:39.787: I/dalvikvm(11303): Total arena pages for JIT: 44
10-13 06:24:39.787: I/dalvikvm(11303): Total arena pages for JIT: 45
10-13 06:24:39.787: D/dalvikvm(1652): GC_FOR_ALLOC freed 1K, 46% free 45191K/82956K, paused 16ms, total 17ms
10-13 06:24:39.787: D/Finsky(11337): [1] FinskyApp.onCreate: Initializing network with DFE https://android.clients.google.com/fdfe/
10-13 06:24:39.797: I/dalvikvm-heap(1652): Grow heap (frag case) to 76.596MB for 29491216-byte allocation
10-13 06:24:39.827: I/dalvikvm(11303): Total arena pages for JIT: 46
10-13 06:24:39.827: I/dalvikvm(11303): Total arena pages for JIT: 47
10-13 06:24:39.827: I/dalvikvm(11303): Total arena pages for JIT: 48
10-13 06:24:39.827: I/dalvikvm(11303): Total arena pages for JIT: 49
10-13 06:24:39.827: I/dalvikvm(11303): Total arena pages for JIT: 50
10-13 06:24:39.827: I/dalvikvm(11303): Total arena pages for JIT: 51
10-13 06:24:39.827: I/dalvikvm(11303): Total arena pages for JIT: 52
10-13 06:24:39.827: I/dalvikvm(11303): Total arena pages for JIT: 53
10-13 06:24:39.827: I/dalvikvm(11303): Total arena pages for JIT: 54
10-13 06:24:39.827: I/dalvikvm(11303): Total arena pages for JIT: 55
10-13 06:24:39.827: I/dalvikvm(11303): Total arena pages for JIT: 56
10-13 06:24:39.827: I/dalvikvm(11303): Total arena pages for JIT: 57
10-13 06:24:39.837: I/dalvikvm(11303): Total arena pages for JIT: 58
10-13 06:24:39.837: I/dalvikvm(11303): Total arena pages for JIT: 59
10-13 06:24:39.837: I/dalvikvm(11303): Total arena pages for JIT: 60
10-13 06:24:39.837: I/dalvikvm(11303): Total arena pages for JIT: 61
10-13 06:24:39.837: I/dalvikvm(11303): Total arena pages for JIT: 62
10-13 06:24:39.837: I/dalvikvm(11303): Total arena pages for JIT: 63
10-13 06:24:39.837: I/dalvikvm(11303): Total arena pages for JIT: 64
10-13 06:24:39.847: I/dalvikvm(11303): Total arena pages for JIT: 65
10-13 06:24:39.847: I/dalvikvm(11303): Total arena pages for JIT: 66
10-13 06:24:39.847: I/dalvikvm(11303): Total arena pages for JIT: 67
10-13 06:24:39.847: I/dalvikvm(11303): Total arena pages for JIT: 68
10-13 06:24:39.847: I/dalvikvm(11303): Total arena pages for JIT: 69
10-13 06:24:39.847: E/[SMS_LW](7402): getMaxEfSms(), maxSms-1
10-13 06:24:39.847: I/dalvikvm(11303): Total arena pages for JIT: 70
10-13 06:24:39.847: I/dalvikvm(11303): Total arena pages for JIT: 71
10-13 06:24:39.847: I/dalvikvm(11303): Total arena pages for JIT: 72
10-13 06:24:39.847: I/dalvikvm(11303): Total arena pages for JIT: 73
10-13 06:24:39.857: D/dalvikvm(1652): GC_CONCURRENT freed <1K, 11% free 73991K/82956K, paused 2ms+2ms, total 57ms
10-13 06:24:39.857: I/dalvikvm(11303): Total arena pages for JIT: 74
10-13 06:24:39.857: I/dalvikvm(11303): Total arena pages for JIT: 75
10-13 06:24:39.857: I/dalvikvm(11303): Total arena pages for JIT: 76
10-13 06:24:39.857: I/dalvikvm(11303): Total arena pages for JIT: 77
10-13 06:24:39.857: I/dalvikvm(11303): Total arena pages for JIT: 78
10-13 06:24:39.857: D/WallpaperManager(1652): bm2   width=2880, height=2560
10-13 06:24:39.867: I/dalvikvm(11303): Total arena pages for JIT: 79
10-13 06:24:39.867: I/dalvikvm(11303): Total arena pages for JIT: 80
10-13 06:24:39.867: I/dalvikvm(11303): Total arena pages for JIT: 81
10-13 06:24:39.867: I/dalvikvm(11303): Total arena pages for JIT: 82
10-13 06:24:39.867: I/dalvikvm(11303): Total arena pages for JIT: 83
10-13 06:24:39.867: I/dalvikvm(11303): Total arena pages for JIT: 84
10-13 06:24:39.867: I/dalvikvm(11303): Total arena pages for JIT: 85
10-13 06:24:39.867: I/dalvikvm(11303): Total arena pages for JIT: 86
10-13 06:24:39.867: I/dalvikvm(11303): Total arena pages for JIT: 87
10-13 06:24:39.867: I/dalvikvm(11303): Total arena pages for JIT: 88
10-13 06:24:39.867: I/dalvikvm(11303): Total arena pages for JIT: 89
10-13 06:24:39.867: I/dalvikvm(11303): Total arena pages for JIT: 90
10-13 06:24:39.867: I/dalvikvm(11303): Total arena pages for JIT: 91
10-13 06:24:39.867: I/dalvikvm(11303): Total arena pages for JIT: 92
10-13 06:24:39.867: I/dalvikvm(11303): Total arena pages for JIT: 93
10-13 06:24:39.867: I/dalvikvm(11303): Total arena pages for JIT: 94
10-13 06:24:39.867: D/SmsWrapper(7402): [LGE] getMaxEFSMS for single sim: -1
10-13 06:24:39.877: D/MessagingNotification(7402): simMsgCount = 0
10-13 06:24:39.877: D/MessagingNotification(7402): simMaxLimitCount = -1
10-13 06:24:39.877: I/[LGHome]EVENT(1652): [Launcher.java:5642:onWindowFocusChanged()]onWindowFocusChanged() hasFocus true
10-13 06:24:39.877: W/ContextImpl(3152): Calling a method in the system process without a qualified user: android.app.ContextImpl.sendBroadcast:1267 android.content.ContextWrapper.sendBroadcast:365 com.lge.springcleaning.service.AppCleanupService.handleMessage:773 android.os.Handler.dispatchMessage:98 android.os.Looper.loop:136 
10-13 06:24:39.877: I/InputMethodManagerService(1071): IME STATUS OFF
10-13 06:24:39.887: D/Finsky(11337): [1] DailyHygiene.goMakeHygieneIfDirty: Dirty, need more hygiene.
10-13 06:24:39.887: D/AppCleanupService(3152): com.lge.springcleaning.action.SPRING_CLEANING_NOTI
10-13 06:24:39.897: W/Settings(11337): Setting download_manager_max_bytes_over_mobile has moved from android.provider.Settings.Secure to android.provider.Settings.Global.
10-13 06:24:39.897: W/Settings(11337): Setting download_manager_recommended_max_bytes_over_mobile has moved from android.provider.Settings.Secure to android.provider.Settings.Global.
10-13 06:24:39.907: I/ContactsDatabaseHelper(1984): Switching to locale es (ICU v51.1.0.1)
10-13 06:24:39.927: I/ActivityManager(1071): Timeline: Activity_windows_visible id: ActivityRecord{43428e40 u0 com.lge.launcher2/.Launcher t1} time:388422
10-13 06:24:39.927: V/WindowStateAnimator(1071): performShowLocked: mDrawState=HAS_DRAWN in WindowStateAnimator{441dbcf8 com.lge.launcher2/com.lge.launcher2.Launcher}
10-13 06:24:39.927: I/WindowManager(1071): Screen frozen for +1s380ms due to Window{43fcb9f8 u0 com.lge.launcher2/com.lge.launcher2.Launcher}
10-13 06:24:39.947: D/xt9input_data(1486): data::readLdb(ldbId=0x10A)... done
10-13 06:24:39.947: D/AndroidRuntime(11367): >>>>>> AndroidRuntime START com.android.internal.os.RuntimeInit <<<<<<
10-13 06:24:39.947: D/AndroidRuntime(11367): CheckJNI is OFF
10-13 06:24:39.957: I/ActivityManager(1652): Timeline: Activity_idle id: android.os.BinderProxy@43242648 time:388452
10-13 06:24:39.967: D/dalvikvm(11367): Trying to load lib libjavacore.so 0x0
10-13 06:24:39.967: D/dalvikvm(11367): Added shared lib libjavacore.so 0x0
10-13 06:24:39.967: D/dalvikvm(11367): Trying to load lib libnativehelper.so 0x0
10-13 06:24:39.967: D/dalvikvm(11367): Added shared lib libnativehelper.so 0x0
10-13 06:24:39.967: D/dalvikvm(11367): No JNI_OnLoad found in libnativehelper.so 0x0, skipping init
10-13 06:24:39.977: W/Finsky(11337): [1] FinskyApp.getCurrentAccount: No account configured on this device.
10-13 06:24:39.977: W/Finsky(11337): [1] FinskyApp.getDfeApi: No account configured on this device.
10-13 06:24:39.987: D/Finsky(11337): [1] ClearCacheReceiver.onReceive: Received android.intent.action.LOCALE_CHANGED. Clearing cache and exiting.
10-13 06:24:39.987: D/Volley(11337): [586] DiskBasedCache.clear: Cache cleared.
10-13 06:24:39.997: E/Utils(3152): getFolderSize() dir /storage/emulated/0/Download is not exists or not a directory.
10-13 06:24:39.997: D/dalvikvm(11367): Note: class Landroid/app/ActivityManagerNative; has 184 unimplemented (abstract) methods
10-13 06:24:40.007: D/AppUsageDbAdapter(3152): deletePreData:2017-04-13
10-13 06:24:40.017: D/WeatherAncestor(11262): 2 : onReceive, action: com.lge.sizechangable.weather.action.setweathercast, Time(hour:min:sec) 6:24:40
10-13 06:24:40.017: D/AppUsageDbAdapter(3152): initPreloadedAppToTheDB() : row count = 0
10-13 06:24:40.027: D/AppCleanupService(3152): showSpringCleaningNotifications(): from CheckDownloadFolderTask
10-13 06:24:40.027: D/AppCleanupService(3152): showSpringCleaningNotifications(): mDownloadFolderSize=0, mIdleAppsSize=-1, mTempFilesSize=-1
10-13 06:24:40.037: I/Icing.InternalIcingCorporaProvider(1838): Updating corpora: A: FORCE_ALL, C: FORCE_ALL
10-13 06:24:40.037: I/ActivityManager(1071): Start proc com.google.android.talk for broadcast com.google.android.talk/com.google.android.apps.babel.service.LocaleChangeReceiver: pid=11401 uid=10072 gids={50072, 3003, 1028, 1015, 3002}
10-13 06:24:40.067: I/ActivityManager(1071): Start proc com.android.defcontainer for service com.android.defcontainer/.DefaultContainerService: pid=11411 uid=10004 gids={50004, 1028, 1015, 1023, 2001, 1035}
10-13 06:24:40.087: D/AlarmScheduler(8869): No events found starting within 1 week.
10-13 06:24:40.087: D/Volley(11337): [590] DiskBasedCache.clear: Cache cleared.
10-13 06:24:40.097: I/AndroidRuntime(11337): VM exiting with result code 0, cleanup skipped.
10-13 06:24:40.097: D/AbsDBObserver(1637): onChange: false,content://com.android.contacts
10-13 06:24:40.097: I/LOG_TAG(7402): sendMessageToComposeMessageActivy + null
10-13 06:24:40.097: D/HyLog(11401): I : /data/font/config/sfconfig.dat, No such file or directory (2)
10-13 06:24:40.097: D/HyLog(11401): I : /data/font/config/dfactpre.dat, No such file or directory (2)
10-13 06:24:40.097: D/HyLog(11401): I : /data/font/config/sfconfig.dat, No such file or directory (2)
10-13 06:24:40.127: E/memtrack(11367): Couldn't load memtrack module (No such file or directory)
10-13 06:24:40.127: E/android.os.Debug(11367): failed to load memtrack module: -2
10-13 06:24:40.157: D/AppUsageDbAdapter(3152): initPreloadedAppToTheDB(): packages.size() = 184
10-13 06:24:40.157: D/AppUsageDbAdapter(3152): initPreloadedAppToTheDB(): packageName = com.lge.shutdownmonitor
10-13 06:24:40.157: D/AppUsageDbAdapter(3152): initPreloadedAppToTheDB(): system app
10-13 06:24:40.157: D/AppUsageDbAdapter(3152): initPreloadedAppToTheDB(): packageName = com.google.android.apps.auth.test.support
10-13 06:24:40.167: W/Settings(3378): Setting airplane_mode_on has moved from android.provider.Settings.System to android.provider.Settings.Global, returning read-only value.
10-13 06:24:40.177: D/Weather.Utils(11262): 2 : the weather widgets(using time tick) are gone.
10-13 06:24:40.177: D/Weather.Utils(11262): 2 : All the weather widget is gone.
10-13 06:24:40.187: D/AppUsageDbAdapter(3152): initPreloadedAppToTheDB(): have no launchable
10-13 06:24:40.187: D/AppUsageDbAdapter(3152): initPreloadedAppToTheDB(): packageName = com.qualcomm.timeservice
10-13 06:24:40.187: D/AndroidRuntime(11367): Calling main entry com.android.commands.settings.SettingsCmd
10-13 06:24:40.187: D/AppUsageDbAdapter(3152): initPreloadedAppToTheDB(): system app
10-13 06:24:40.187: D/AppUsageDbAdapter(3152): initPreloadedAppToTheDB(): packageName = com.qualcomm.atfwd
10-13 06:24:40.187: D/AppUsageDbAdapter(3152): initPreloadedAppToTheDB(): system app
10-13 06:24:40.187: D/AppUsageDbAdapter(3152): initPreloadedAppToTheDB(): packageName = com.lge.keepscreenon
10-13 06:24:40.187: D/AppUsageDbAdapter(3152): initPreloadedAppToTheDB(): system app
10-13 06:24:40.187: D/AppUsageDbAdapter(3152): initPreloadedAppToTheDB(): packageName = com.android.defcontainer
10-13 06:24:40.187: D/AppUsageDbAdapter(3152): initPreloadedAppToTheDB(): system app
10-13 06:24:40.187: D/AppUsageDbAdapter(3152): initPreloadedAppToTheDB(): packageName = com.lge.camera
10-13 06:24:40.187: D/AppUsageDbAdapter(3152): initPreloadedAppToTheDB(): system app
10-13 06:24:40.187: D/AppUsageDbAdapter(3152): initPreloadedAppToTheDB(): packageName = com.lge.systemui.theme.white
10-13 06:24:40.187: D/AppUsageDbAdapter(3152): initPreloadedAppToTheDB(): system app
10-13 06:24:40.187: D/AppUsageDbAdapter(3152): initPreloadedAppToTheDB(): packageName = com.android.providers.partnerbookmarks
10-13 06:24:40.187: D/AppUsageDbAdapter(3152): initPreloadedAppToTheDB(): system app
10-13 06:24:40.187: D/AppUsageDbAdapter(3152): initPreloadedAppToTheDB(): packageName = com.android.settingsaccessibility
10-13 06:24:40.187: D/AppUsageDbAdapter(3152): initPreloadedAppToTheDB(): system app
10-13 06:24:40.187: D/AppUsageDbAdapter(3152): initPreloadedAppToTheDB(): packageName = com.android.contacts
10-13 06:24:40.187: D/AppUsageDbAdapter(3152): initPreloadedAppToTheDB(): system app
10-13 06:24:40.187: D/AppUsageDbAdapter(3152): initPreloadedAppToTheDB(): packageName = com.lge.smartshare
10-13 06:24:40.187: D/AppUsageDbAdapter(3152): initPreloadedAppToTheDB(): system app
10-13 06:24:40.187: D/AppUsageDbAdapter(3152): initPreloadedAppToTheDB(): packageName = com.lge.eulaprovider
10-13 06:24:40.187: D/AppUsageDbAdapter(3152): initPreloadedAppToTheDB(): system app
10-13 06:24:40.187: D/AppUsageDbAdapter(3152): initPreloadedAppToTheDB(): packageName = com.android.tradefed.utils.wifi
10-13 06:24:40.197: D/UpdateThreadPoolManager(11262): 2 : This is isUpdating : false
10-13 06:24:40.197: D/AppUsageDbAdapter(3152): initPreloadedAppToTheDB(): have no launchable
10-13 06:24:40.197: D/AppUsageDbAdapter(3152): initPreloadedAppToTheDB(): packageName = com.android.phone
10-13 06:24:40.197: D/AppUsageDbAdapter(3152): initPreloadedAppToTheDB(): system app
10-13 06:24:40.197: D/AppUsageDbAdapter(3152): initPreloadedAppToTheDB(): packageName = com.lge.doyouknow
10-13 06:24:40.197: D/AppUsageDbAdapter(3152): initPreloadedAppToTheDB(): system app
10-13 06:24:40.197: D/AppUsageDbAdapter(3152): initPreloadedAppToTheDB(): packageName = com.lge.sizechangable.musicwidget.widget
10-13 06:24:40.197: D/AppUsageDbAdapter(3152): initPreloadedAppToTheDB(): system app
10-13 06:24:40.197: D/AppUsageDbAdapter(3152): initPreloadedAppToTheDB(): packageName = com.lge.lginstallservies
10-13 06:24:40.197: D/AppUsageDbAdapter(3152): initPreloadedAppToTheDB(): system app
10-13 06:24:40.197: D/AppUsageDbAdapter(3152): initPreloadedAppToTheDB(): packageName = com.lge.launcher2
10-13 06:24:40.197: D/HyLog(11411): I : /data/font/config/sfconfig.dat, No such file or directory (2)
10-13 06:24:40.197: D/HyLog(11411): I : /data/font/config/dfactpre.dat, No such file or directory (2)
10-13 06:24:40.197: D/HyLog(11411): I : /data/font/config/sfconfig.dat, No such file or directory (2)
10-13 06:24:40.197: D/AppUsageDbAdapter(3152): initPreloadedAppToTheDB(): system app
10-13 06:24:40.197: D/AppUsageDbAdapter(3152): initPreloadedAppToTheDB(): packageName = com.android.htmlviewer
10-13 06:24:40.197: D/AppUsageDbAdapter(3152): initPreloadedAppToTheDB(): system app
10-13 06:24:40.197: D/AppUsageDbAdapter(3152): initPreloadedAppToTheDB(): packageName = com.android.cellbroadcastreceiver
10-13 06:24:40.197: D/AppUsageDbAdapter(3152): initPreloadedAppToTheDB(): system app
10-13 06:24:40.197: D/AppUsageDbAdapter(3152): initPreloadedAppToTheDB(): packageName = com.google.android.gsf.login
10-13 06:24:40.197: D/AppUsageDbAdapter(3152): initPreloadedAppToTheDB(): system app
10-13 06:24:40.197: D/AppUsageDbAdapter(3152): initPreloadedAppToTheDB(): packageName = com.lge.lockscreensettings
10-13 06:24:40.197: D/AppUsageDbAdapter(3152): initPreloadedAppToTheDB(): system app
10-13 06:24:40.197: D/AppUsageDbAdapter(3152): initPreloadedAppToTheDB(): packageName = com.lge.settings.easy
10-13 06:24:40.197: D/AppUsageDbAdapter(3152): initPreloadedAppToTheDB(): system app
10-13 06:24:40.197: D/AppUsageDbAdapter(3152): initPreloadedAppToTheDB(): packageName = com.android.bluetooth
10-13 06:24:40.197: D/AppUsageDbAdapter(3152): initPreloadedAppToTheDB(): system app
10-13 06:24:40.197: D/AppUsageDbAdapter(3152): initPreloadedAppToTheDB(): packageName = com.android.providers.calendar
10-13 06:24:40.197: I/ActivityManager(1071): Killing 8842:com.android.providers.calendar/u0a15 (adj 15): empty #17
10-13 06:24:40.207: D/AppUsageDbAdapter(3152): initPreloadedAppToTheDB(): system app
10-13 06:24:40.207: D/AppUsageDbAdapter(3152): initPreloadedAppToTheDB(): packageName = com.lge.updatecenter
10-13 06:24:40.207: D/AppUsageDbAdapter(3152): initPreloadedAppToTheDB(): system app
10-13 06:24:40.207: D/AppUsageDbAdapter(3152): initPreloadedAppToTheDB(): packageName = com.lge.ia.task.informant
10-13 06:24:40.207: D/AppUsageDbAdapter(3152): initPreloadedAppToTheDB(): system app
10-13 06:24:40.207: D/AppUsageDbAdapter(3152): initPreloadedAppToTheDB(): packageName = com.lge.mlt
10-13 06:24:40.207: D/AppUsageDbAdapter(3152): initPreloadedAppToTheDB(): system app
10-13 06:24:40.207: D/AppUsageDbAdapter(3152): initPreloadedAppToTheDB(): packageName = com.lge.ime
10-13 06:24:40.207: D/AppUsageDbAdapter(3152): initPreloadedAppToTheDB(): system app
10-13 06:24:40.207: D/AppUsageDbAdapter(3152): initPreloadedAppToTheDB(): packageName = com.lge.springcleaning
10-13 06:24:40.207: D/AppUsageDbAdapter(3152): initPreloadedAppToTheDB(): system app
10-13 06:24:40.207: D/AppUsageDbAdapter(3152): initPreloadedAppToTheDB(): packageName = com.android.calendar
10-13 06:24:40.207: D/AppUsageDbAdapter(3152): initPreloadedAppToTheDB(): system app
10-13 06:24:40.207: D/AppUsageDbAdapter(3152): initPreloadedAppToTheDB(): packageName = com.lge.filemanager
10-13 06:24:40.207: D/AppUsageDbAdapter(3152): initPreloadedAppToTheDB(): system app
10-13 06:24:40.207: D/AppUsageDbAdapter(3152): initPreloadedAppToTheDB(): packageName = com.android.browser
10-13 06:24:40.207: D/AppUsageDbAdapter(3152): initPreloadedAppToTheDB(): system app
10-13 06:24:40.207: D/AppUsageDbAdapter(3152): initPreloadedAppToTheDB(): packageName = com.lge.sui.widget
10-13 06:24:40.207: D/AppUsageDbAdapter(3152): initPreloadedAppToTheDB(): system app
10-13 06:24:40.207: D/AppUsageDbAdapter(3152): initPreloadedAppToTheDB(): packageName = com.lge.smartsharepush
10-13 06:24:40.207: D/AppUsageDbAdapter(3152): initPreloadedAppToTheDB(): system app
10-13 06:24:40.207: D/AppUsageDbAdapter(3152): initPreloadedAppToTheDB(): packageName = com.lge.gnss.airtest
10-13 06:24:40.207: D/AppUsageDbAdapter(3152): initPreloadedAppToTheDB(): system app
10-13 06:24:40.207: D/AppUsageDbAdapter(3152): initPreloadedAppToTheDB(): packageName = com.android.onetimeinitializer
10-13 06:24:40.207: D/AppUsageDbAdapter(3152): initPreloadedAppToTheDB(): system app
10-13 06:24:40.207: D/AppUsageDbAdapter(3152): initPreloadedAppToTheDB(): packageName = com.android.documentsui
10-13 06:24:40.207: D/AppUsageDbAdapter(3152): initPreloadedAppToTheDB(): system app
10-13 06:24:40.207: D/AppUsageDbAdapter(3152): initPreloadedAppToTheDB(): packageName = com.lge.sizechangable.weather.platform
10-13 06:24:40.207: D/AppUsageDbAdapter(3152): initPreloadedAppToTheDB(): system app
10-13 06:24:40.207: D/AppUsageDbAdapter(3152): initPreloadedAppToTheDB(): packageName = com.android.sharedstoragebackup
10-13 06:24:40.207: D/AppUsageDbAdapter(3152): initPreloadedAppToTheDB(): system app
10-13 06:24:40.207: D/AppUsageDbAdapter(3152): initPreloadedAppToTheDB(): packageName = com.android.vpndialogs
10-13 06:24:40.207: D/AppUsageDbAdapter(3152): initPreloadedAppToTheDB(): system app
10-13 06:24:40.207: D/AppUsageDbAdapter(3152): initPreloadedAppToTheDB(): packageName = com.android.mms
10-13 06:24:40.207: D/AppUsageDbAdapter(3152): initPreloadedAppToTheDB(): system app
10-13 06:24:40.207: D/AppUsageDbAdapter(3152): initPreloadedAppToTheDB(): packageName = com.lge.videoplayer
10-13 06:24:40.207: D/AppUsageDbAdapter(3152): initPreloadedAppToTheDB(): system app
10-13 06:24:40.207: D/AppUsageDbAdapter(3152): initPreloadedAppToTheDB(): packageName = com.android.providers.media
10-13 06:24:40.207: D/AppUsageDbAdapter(3152): initPreloadedAppToTheDB(): system app
10-13 06:24:40.207: D/AppUsageDbAdapter(3152): initPreloadedAppToTheDB(): packageName = com.google.android.marvin.talkback
10-13 06:24:40.207: D/AppUsageDbAdapter(3152): initPreloadedAppToTheDB(): system app
10-13 06:24:40.207: D/AppUsageDbAdapter(3152): initPreloadedAppToTheDB(): packageName = com.android.certinstaller
10-13 06:24:40.207: D/AppUsageDbAdapter(3152): initPreloadedAppToTheDB(): system app
10-13 06:24:40.207: D/AppUsageDbAdapter(3152): initPreloadedAppToTheDB(): packageName = com.lge.easyhome
10-13 06:24:40.207: D/AppUsageDbAdapter(3152): initPreloadedAppToTheDB(): system app
10-13 06:24:40.207: D/AppUsageDbAdapter(3152): initPreloadedAppToTheDB(): packageName = com.lge.cloudhub
10-13 06:24:40.207: D/AppUsageDbAdapter(3152): initPreloadedAppToTheDB(): system app
10-13 06:24:40.207: D/AppUsageDbAdapter(3152): initPreloadedAppToTheDB(): packageName = com.google.android.gms
10-13 06:24:40.207: D/AppUsageDbAdapter(3152): initPreloadedAppToTheDB(): system app
10-13 06:24:40.207: D/AppUsageDbAdapter(3152): initPreloadedAppToTheDB(): packageName = com.lge.hiddenpersomenu
10-13 06:24:40.207: D/AppUsageDbAdapter(3152): initPreloadedAppToTheDB(): system app
10-13 06:24:40.207: D/AppUsageDbAdapter(3152): initPreloadedAppToTheDB(): packageName = com.lge.app.floating.res
10-13 06:24:40.207: D/AppUsageDbAdapter(3152): initPreloadedAppToTheDB(): system app
10-13 06:24:40.207: D/AppUsageDbAdapter(3152): initPreloadedAppToTheDB(): packageName = com.google.android.setupwizard
10-13 06:24:40.207: D/AppUsageDbAdapter(3152): initPreloadedAppToTheDB(): system app
10-13 06:24:40.207: D/AppUsageDbAdapter(3152): initPreloadedAppToTheDB(): packageName = com.google.android.apps.mtaas.loginutil
10-13 06:24:40.207: I/[LGHome]Launcher.Model(1652): [LauncherModel.java:2240:run()] LauncherModel bind current page shortcut
10-13 06:24:40.207: I/[LGHome]Launcher.Model(1652): [LauncherModel.java:1473:loadAndBindWorkspace()]loadAndBindWorkspace=746ms
10-13 06:24:40.207: I/ActivityManager(1071): Process com.android.vending (pid 11337) has died.
10-13 06:24:40.227: D/dalvikvm(1486): GC_CONCURRENT freed 3879K, 15% free 30558K/35584K, paused 2ms+11ms, total 54ms
10-13 06:24:40.227: D/Weather_cast(11262): 2 : Update is Canceled by com.lge.sizechangable.weather.action.alarm
10-13 06:24:40.227: V/SplitWindowPolicyService(1387): requestUpdateStackInfo
10-13 06:24:40.237: D/WeatherAncestor(11262): 2 : onReceive has processed, action: com.lge.sizechangable.weather.action.setweathercast, Time(hour:min:sec) 6:24:40
10-13 06:24:40.237: D/AppUsageDbAdapter(3152): initPreloadedAppToTheDB(): have no launchable
10-13 06:24:40.237: D/AppUsageDbAdapter(3152): initPreloadedAppToTheDB(): packageName = com.lge.smartshare.provider
10-13 06:24:40.237: D/AppUsageDbAdapter(3152): initPreloadedAppToTheDB(): system app
10-13 06:24:40.237: D/AppUsageDbAdapter(3152): initPreloadedAppToTheDB(): packageName = com.lge.homeselector
10-13 06:24:40.237: D/AppUsageDbAdapter(3152): initPreloadedAppToTheDB(): system app
10-13 06:24:40.237: D/AppUsageDbAdapter(3152): initPreloadedAppToTheDB(): packageName = com.lge.concierge
10-13 06:24:40.237: D/AppUsageDbAdapter(3152): initPreloadedAppToTheDB(): system app
10-13 06:24:40.237: D/AppUsageDbAdapter(3152): initPreloadedAppToTheDB(): packageName = com.android.settings
10-13 06:24:40.237: D/AppUsageDbAdapter(3152): initPreloadedAppToTheDB(): system app
10-13 06:24:40.237: D/AppUsageDbAdapter(3152): initPreloadedAppToTheDB(): packageName = org.simalliance.openmobileapi.service
10-13 06:24:40.237: D/AppUsageDbAdapter(3152): initPreloadedAppToTheDB(): system app
10-13 06:24:40.237: D/AppUsageDbAdapter(3152): initPreloadedAppToTheDB(): packageName = com.lge.defaultaccount
10-13 06:24:40.237: D/AppUsageDbAdapter(3152): initPreloadedAppToTheDB(): system app
10-13 06:24:40.237: D/AppUsageDbAdapter(3152): initPreloadedAppToTheDB(): packageName = com.lge.pcsyncui
10-13 06:24:40.237: D/AppUsageDbAdapter(3152): initPreloadedAppToTheDB(): system app
10-13 06:24:40.237: D/AppUsageDbAdapter(3152): initPreloadedAppToTheDB(): packageName = com.lge.systemui.theme.blackgradation
10-13 06:24:40.237: D/AppUsageDbAdapter(3152): initPreloadedAppToTheDB(): system app
10-13 06:24:40.237: D/AppUsageDbAdapter(3152): initPreloadedAppToTheDB(): packageName = com.lge.clock
10-13 06:24:40.237: D/AppUsageDbAdapter(3152): initPreloadedAppToTheDB(): system app
10-13 06:24:40.237: D/AppUsageDbAdapter(3152): initPreloadedAppToTheDB(): packageName = com.google.android.street
10-13 06:24:40.237: D/AppUsageDbAdapter(3152): initPreloadedAppToTheDB(): system app
10-13 06:24:40.237: D/AppUsageDbAdapter(3152): initPreloadedAppToTheDB(): packageName = com.lge.systemservice
10-13 06:24:40.237: D/AppUsageDbAdapter(3152): initPreloadedAppToTheDB(): system app
10-13 06:24:40.237: D/AppUsageDbAdapter(3152): initPreloadedAppToTheDB(): packageName = com.lge.lgfota.permission
10-13 06:24:40.237: D/AppUsageDbAdapter(3152): initPreloadedAppToTheDB(): system app
10-13 06:24:40.237: D/AppUsageDbAdapter(3152): initPreloadedAppToTheDB(): packageName = com.google.android.googlequicksearchbox
10-13 06:24:40.237: D/AppUsageDbAdapter(3152): initPreloadedAppToTheDB(): system app
10-13 06:24:40.237: D/AppUsageDbAdapter(3152): initPreloadedAppToTheDB(): packageName = com.android.gallery3d
10-13 06:24:40.237: D/AppUsageDbAdapter(3152): initPreloadedAppToTheDB(): system app
10-13 06:24:40.237: D/AppUsageDbAdapter(3152): initPreloadedAppToTheDB(): packageName = com.google.android.music
10-13 06:24:40.237: D/AppUsageDbAdapter(3152): initPreloadedAppToTheDB(): system app
10-13 06:24:40.237: D/AppUsageDbAdapter(3152): initPreloadedAppToTheDB(): packageName = com.qualcomm.interfacepermissions
10-13 06:24:40.237: D/AppUsageDbAdapter(3152): initPreloadedAppToTheDB(): system app
10-13 06:24:40.237: D/AppUsageDbAdapter(3152): initPreloadedAppToTheDB(): packageName = com.android.wallpaper.livepicker
10-13 06:24:40.237: D/AppUsageDbAdapter(3152): initPreloadedAppToTheDB(): system app
10-13 06:24:40.237: D/AppUsageDbAdapter(3152): initPreloadedAppToTheDB(): packageName = com.android.packageinstaller
10-13 06:24:40.237: D/AppUsageDbAdapter(3152): initPreloadedAppToTheDB(): system app
10-13 06:24:40.237: D/AppUsageDbAdapter(3152): initPreloadedAppToTheDB(): packageName = com.lge.sizechangable.weather
10-13 06:24:40.237: D/AppUsageDbAdapter(3152): initPreloadedAppToTheDB(): system app
10-13 06:24:40.237: D/AppUsageDbAdapter(3152): initPreloadedAppToTheDB(): packageName = com.lge.lgdmsgcm
10-13 06:24:40.237: D/AppUsageDbAdapter(3152): initPreloadedAppToTheDB(): system app
10-13 06:24:40.237: D/AppUsageDbAdapter(3152): initPreloadedAppToTheDB(): packageName = com.google.android.backuptransport
10-13 06:24:40.237: D/AppUsageDbAdapter(3152): initPreloadedAppToTheDB(): system app
10-13 06:24:40.237: D/AppUsageDbAdapter(3152): initPreloadedAppToTheDB(): packageName = com.android.LGSetupWizard
10-13 06:24:40.237: D/AppUsageDbAdapter(3152): initPreloadedAppToTheDB(): system app
10-13 06:24:40.237: D/AppUsageDbAdapter(3152): initPreloadedAppToTheDB(): packageName = com.android.providers.telephony
10-13 06:24:40.237: D/AppUsageDbAdapter(3152): initPreloadedAppToTheDB(): system app
10-13 06:24:40.237: D/AppUsageDbAdapter(3152): initPreloadedAppToTheDB(): packageName = com.google.android.tts
10-13 06:24:40.237: D/AppUsageDbAdapter(3152): initPreloadedAppToTheDB(): system app
10-13 06:24:40.237: D/AppUsageDbAdapter(3152): initPreloadedAppToTheDB(): packageName = com.lge.livewallpaper.multiphoto
10-13 06:24:40.237: D/AppUsageDbAdapter(3152): initPreloadedAppToTheDB(): system app
10-13 06:24:40.237: D/AppUsageDbAdapter(3152): initPreloadedAppToTheDB(): packageName = com.lge.mrg.boardcontent
10-13 06:24:40.237: D/AppUsageDbAdapter(3152): initPreloadedAppToTheDB(): system app
10-13 06:24:40.237: D/AppUsageDbAdapter(3152): initPreloadedAppToTheDB(): packageName = com.lge.wfds.service
10-13 06:24:40.237: D/AppUsageDbAdapter(3152): initPreloadedAppToTheDB(): system app
10-13 06:24:40.237: D/AppUsageDbAdapter(3152): initPreloadedAppToTheDB(): packageName = com.lge.music
10-13 06:24:40.237: D/AppUsageDbAdapter(3152): initPreloadedAppToTheDB(): system app
10-13 06:24:40.237: D/AppUsageDbAdapter(3152): initPreloadedAppToTheDB(): packageName = com.google.android.apps.maps
10-13 06:24:40.237: D/AppUsageDbAdapter(3152): initPreloadedAppToTheDB(): system app
10-13 06:24:40.237: D/AppUsageDbAdapter(3152): initPreloadedAppToTheDB(): packageName = com.lge
