10-13 06:24:45.407: I/SettingConfigUtils(1566): isCroatiaTele_SIM 
10-13 06:24:45.407: I/SettingConfigUtils(1566): isCroatiaTele_SIM false
10-13 06:24:45.407: D/KeyguardUpdateMonitor(1363): handleSimStateChange: intentValue = NOT_READY state resolved to NOT_READYsubscription: 0
10-13 06:24:45.407: V/KeyguardUpdateMonitor(1363): dispatching state: NOT_READYsubscription: 0
10-13 06:24:45.407: D/KeyguardViewMediator(1363): [multi sim] onSimStateChanged( simState: NOT_READY, subscription: 0)
10-13 06:24:45.407: V/PhoneApp(1566): Action intent recieved:android.intent.action.ANY_DATA_STATE
10-13 06:24:45.407: I/SettingConfigUtils(1566): isCroatiaTele_SIM 
10-13 06:24:45.407: I/SettingConfigUtils(1566): isCroatiaTele_SIM false
10-13 06:24:45.407: I/SettingConfigUtils(1566): isPolandP4P_SIM 
10-13 06:24:45.407: I/SettingConfigUtils(1566): isPolandP4P_SIM false
10-13 06:24:45.407: I/SettingConfigUtils(1566): isH3G_SIM 
10-13 06:24:45.407: I/SettingConfigUtils(1566): isH3G_SIM false
10-13 06:24:45.407: I/SettingConfigUtils(1566): isCroatiaTele_SIM 
10-13 06:24:45.407: I/SettingConfigUtils(1566): isCroatiaTele_SIM false
10-13 06:24:45.407: V/MmsSystemEventReceiver(7402): Intent received: Intent { act=android.intent.action.ANY_DATA_STATE flg=0x10 cmp=com.android.mms/.transaction.MmsSystemEventReceiver (has extras) }
10-13 06:24:45.407: D/TelephonyAutoProfiling(1566): [updateProfile] ACTION_SIM_STATE_CHANGED - simState : NOT_READY, subId : 0
10-13 06:24:45.407: D/TelephonyAutoProfiling(1566): [updateProfile] new SIM_STATE, continue process
10-13 06:24:45.417: D/TelephonyAutoProfiling(1566): [updateProfile] loadProfile
10-13 06:24:45.417: D/LgeSimInfo(1566): TelephonyManager : android.telephony.TelephonyManager@418e2808 getIMSI: null getGroupIdLevel1: null
10-13 06:24:45.417: D/LgeSimInfo(1566): [getSimInfo] numeric is invalid, numeric : , subId : 0
10-13 06:24:45.417: V/LgeSimInfo(1566): [getSimInfo] *** SIM Info, MCC : null, MNC : null, subId : 0, IMSI :null
10-13 06:24:45.417: D/TelephonyAutoProfiling(1566): [loadProfileFromPreferences] *** start profile loading from preferences - defaultProfile : true
10-13 06:24:45.417: D/TelephonyAutoProfiling(1566): [loadProfileFromPreferences] *** profile loading from preferences complete - defaultProfile : true, subId : 0 - {ShortCodeCall=08}
10-13 06:24:45.417: V/PhoneApp(1566): Action intent recieved:android.intent.action.SIM_STATE_CHANGED
10-13 06:24:45.417: D/PhoneApp(1566): sim state is INTENT_VALUE_ICC_LOADED
10-13 06:24:45.417: V/MmsSystemEventReceiver(7402): ANY_DATA_STATE event received: DISCONNECTED
10-13 06:24:45.417: D/Utils(3152): total cache=12288, package:com.lge.mrg.service
10-13 06:24:45.427: V/MmsSystemEventReceiver(7402): Intent received: Intent { act=android.intent.action.ANY_DATA_STATE flg=0x10 cmp=com.android.mms/.transaction.MmsSystemEventReceiver (has extras) }
10-13 06:24:45.427: V/MmsSystemEventReceiver(7402): ANY_DATA_STATE event received: DISCONNECTED
10-13 06:24:45.437: V/MmsSystemEventReceiver(7402): Intent received: Intent { act=android.intent.action.ANY_DATA_STATE flg=0x10 cmp=com.android.mms/.transaction.MmsSystemEventReceiver (has extras) }
10-13 06:24:45.437: V/MmsSystemEventReceiver(7402): ANY_DATA_STATE event received: DISCONNECTED
10-13 06:24:45.447: D/WVCdm(318): Instantiating CDM.
10-13 06:24:45.447: I/WVCdm(318): Level3 Library Nov 20 2013 18:09:31
10-13 06:24:45.447: V/MmsSystemEventReceiver(7402): Intent received: Intent { act=android.intent.action.ANY_DATA_STATE flg=0x10 cmp=com.android.mms/.transaction.MmsSystemEventReceiver (has extras) }
10-13 06:24:45.447: V/MmsSystemEventReceiver(7402): ANY_DATA_STATE event received: DISCONNECTED
10-13 06:24:45.447: D/DrmWidevineDash(318): calling OEMCrypto_Initialize, g_qsee_apps_version = 7
10-13 06:24:45.447: D/DrmWidevineDash(318): Service_Initialize: widevine DASH app is already open!
10-13 06:24:45.447: D/DrmWidevineDash(318): OEMCrypto_Initialize sion_buffer g_wv_fhandle->ion_sbuffer  0x0xb1955000
10-13 06:24:45.447: E/DrmWidevineDash(318): sion_buffer g_wv_fhandle->ion_sbuffer  0x0xb1955000
10-13 06:24:45.447: D/DrmWidevineDash(318): OEMCrypto_Initialize exit returns 0
10-13 06:24:45.447: D/DrmWidevineDash(318): calling OEMCrypto_APIVersion...
10-13 06:24:45.447: D/DrmWidevineDash(318): OEMCrypto_APIVersion = 8
10-13 06:24:45.447: D/DrmWidevineDash(318): calling OEMCrypto_IsKeyboxValid...
10-13 06:24:45.457: V/MmsSystemEventReceiver(7402): Intent received: Intent { act=android.intent.action.ANY_DATA_STATE flg=0x10 cmp=com.android.mms/.transaction.MmsSystemEventReceiver (has extras) }
10-13 06:24:45.457: V/MmsSystemEventReceiver(7402): ANY_DATA_STATE event received: DISCONNECTED
10-13 06:24:45.457: D/DrmWidevineDash(318): OEMCrypto_IsKeyboxValid returns 0
10-13 06:24:45.457: D/WVCdm(318): OEMCrypto_Initialize Level 1 success. I will use level 1.
10-13 06:24:45.457: V/MmsSystemEventReceiver(7402): Intent received: Intent { act=android.intent.action.ANY_DATA_STATE flg=0x10 cmp=com.android.mms/.transaction.MmsSystemEventReceiver (has extras) }
10-13 06:24:45.457: V/MmsSystemEventReceiver(7402): ANY_DATA_STATE event received: DISCONNECTED
10-13 06:24:45.467: I/GAV2(11443): Thread[GAThread,5,main]: No campaign data found.
10-13 06:24:45.467: I/WVCdm(318): CdmEngine::OpenSession
10-13 06:24:45.467: D/DrmWidevineDash(318): calling OEMCrypto_OpenSession...
10-13 06:24:45.467: D/DrmWidevineDash(318): OEMCrypto_OpenSession SID = 1
10-13 06:24:45.467: D/DrmWidevineDash(318): OEMCrypto_OpenSession returns 0
10-13 06:24:45.467: V/MmsSystemEventReceiver(7402): Intent received: Intent { act=android.intent.action.ANY_DATA_STATE flg=0x10 cmp=com.android.mms/.transaction.MmsSystemEventReceiver (has extras) }
10-13 06:24:45.467: I/WVCdm(318): CdmEngine::QueryKeyControlInfo
10-13 06:24:45.467: I/WVCdm(318): CdmEngine::GenerateKeyRequest
10-13 06:24:45.467: D/DrmWidevineDash(318): calling OEMCrypto_LoadDeviceRSAKey. SID = 1
10-13 06:24:45.467: V/MmsSystemEventReceiver(7402): ANY_DATA_STATE event received: DISCONNECTED
10-13 06:24:45.467: V/MmsSystemEventReceiver(7402): Intent received: Intent { act=android.intent.action.ANY_DATA_STATE flg=0x10 cmp=com.android.mms/.transaction.MmsSystemEventReceiver (has extras) }
10-13 06:24:45.467: V/MmsSystemEventReceiver(7402): ANY_DATA_STATE event received: DISCONNECTED
10-13 06:24:45.477: V/MmsSystemEventReceiver(7402): Intent received: Intent { act=android.intent.action.ANY_DATA_STATE flg=0x10 cmp=com.android.mms/.transaction.MmsSystemEventReceiver (has extras) }
10-13 06:24:45.477: V/MmsSystemEventReceiver(7402): ANY_DATA_STATE event received: DISCONNECTED
10-13 06:24:45.477: D/DrmWidevineDash(318): OEMCrypto_LoadDeviceRSAKey returns 0
10-13 06:24:45.477: D/DrmWidevineDash(318): calling OEMCrypto_GetDeviceID...
10-13 06:24:45.477: V/MmsSystemEventReceiver(7402): Intent received: Intent { act=android.intent.action.ANY_DATA_STATE flg=0x10 cmp=com.android.mms/.transaction.MmsSystemEventReceiver (has extras) }
10-13 06:24:45.477: V/MmsSystemEventReceiver(7402): ANY_DATA_STATE event received: DISCONNECTED
10-13 06:24:45.487: V/MmsSystemEventReceiver(7402): Intent received: Intent { act=android.intent.action.ANY_DATA_STATE flg=0x10 cmp=com.android.mms/.transaction.MmsSystemEventReceiver (has extras) }
10-13 06:24:45.487: V/MmsSystemEventReceiver(7402): ANY_DATA_STATE event received: DISCONNECTED
10-13 06:24:45.487: D/PostponalbeReceiver(3378): WSAndroidSystemIntentReceiver is processing the broadcast action 'android.intent.action.SIM_STATE_CHANGED'.
10-13 06:24:45.487: D/AppUp4:SingleBinary(7462): /system/etc/app-enabled-conf.json is selected!!
10-13 06:24:45.487: D/AppUp4(7462):  Starting isFingerChanged 
10-13 06:24:45.487: D/DrmWidevineDash(318): OEMCrypto_GetDeviceID returns 0
10-13 06:24:45.487: W/ContextImpl(3378): Calling a method in the system process without a qualified user: android.app.ContextImpl.startService:1623 android.content.ContextWrapper.startService:494 com.wavesecure.core.r.run:-1 java.util.concurrent.Executors$RunnableAdapter.call:422 java.util.concurrent.FutureTask.run:237 
10-13 06:24:45.497: D/DrmWidevineDash(318): calling OEMCrypto_GenerateNonce. SID = 1
10-13 06:24:45.507: D/DrmWidevineDash(318): OEMCrypto_GenerateNonce returns 0
10-13 06:24:45.507: D/WVCdm(318): PrepareKeyRequest: nonce=1354438471
10-13 06:24:45.507: D/DrmWidevineDash(318): calling OEMCrypto_GenerateRSASignature. SID = 1
10-13 06:24:45.507: D/DrmWidevineDash(318): OEMCrypto_GenerateRSASignature needs buffer size = 256
10-13 06:24:45.507: D/DrmWidevineDash(318): OEMCrypto_GenerateRSASignature returns 7
10-13 06:24:45.507: D/DrmWidevineDash(318): calling OEMCrypto_GenerateRSASignature. SID = 1
10-13 06:24:45.507: D/AppUp4(7462):  The value of isFingerChanged lge/g3_global_com/g3:4.4.2/KVT49L.A1401987978/1401987978:user/release-keys
10-13 06:24:45.507: D/AppUp4:SingleBinary(7462): Device : g3
10-13 06:24:45.507: D/AppUp4:SingleBinary(7462): SIM state : NOT_READY
10-13 06:24:45.517: D/AppUp4:NTCodeSingleBinary(7462): Starting isFingerChanged 
10-13 06:24:45.517: I/dalvikvm(11691): Could not find method android.net.Network.openConnection, referenced from method mma.a
10-13 06:24:45.517: W/dalvikvm(11691): VFY: unable to resolve virtual method 4316: Landroid/net/Network;.openConnection (Ljava/net/URL;)Ljava/net/URLConnection;
10-13 06:24:45.517: D/dalvikvm(11691): VFY: replacing opcode 0x6e at 0x000a
10-13 06:24:45.527: I/System(1071): Loaded time zone names for "es" in 59ms (53ms in ICU)
10-13 06:24:45.527: D/ConnectivityServiceHSM(1071): Actual State: DefaultConnectivityState, Current State: DefaultConnectivityState.processMessage what=104
10-13 06:24:45.527: D/ConnectivityServiceHSM(1071): Actual State: DefaultConnectivityState, Current State: DefaultConnectivityState.processMessage what=5006
10-13 06:24:45.537: D/ConnectivityServiceHSM(1071): Actual State: DefaultConnectivityState, Current State: DefaultConnectivityState.processMessage what=104
10-13 06:24:45.537: D/ConnectivityServiceHSM(1071): Actual State: DefaultConnectivityState, Current State: DefaultConnectivityState.processMessage what=5006
10-13 06:24:45.537: D/ConnectivityServiceHSM(1071): Actual State: DefaultConnectivityState, Current State: DefaultConnectivityState.processMessage what=104
10-13 06:24:45.537: I/dalvikvm(11691): Could not find method android.os.PowerManager.isInteractive, referenced from method jsi.a
10-13 06:24:45.537: W/dalvikvm(11691): VFY: unable to resolve virtual method 4659: Landroid/os/PowerManager;.isInteractive ()Z
10-13 06:24:45.537: D/dalvikvm(11691): VFY: replacing opcode 0x6e at 0x0006
10-13 06:24:45.537: D/ConnectivityServiceHSM(1071): Actual State: DefaultConnectivityState, Current State: DefaultConnectivityState.processMessage what=5006
10-13 06:24:45.537: W/Settings(3378): Setting airplane_mode_on has moved from android.provider.Settings.System to android.provider.Settings.Global, returning read-only value.
10-13 06:24:45.547: D/libc(311): _dns_getaddrinfo: iptype =1
10-13 06:24:45.547: D/libc(311): _dns_getaddrinfo: query_ipv4=1, query_ipv6=0
10-13 06:24:45.557: D/AppUp4:NTCodeSingleBinary(7462): The value of isFingerChanged lge/g3_global_com/g3:4.4.2/KVT49L.A1401987978/1401987978:user/release-keys
10-13 06:24:45.557: D/AppUp4:SingleBinary(7462): Device : g3
10-13 06:24:45.557: D/AppUp4:SingleBinary(7462): Config file is not exist - nothing
10-13 06:24:45.567: D/CellBroadcastReceiver(7487): onReceive Intent { act=android.intent.action.SIM_STATE_CHANGED flg=0x20000010 cmp=com.android.cellbroadcastreceiver/.CellBroadcastReceiver (has extras) }
10-13 06:24:45.567: D/MultiSimWrapper(7487): [MessageUtils] isMultiSimEnabled=false
10-13 06:24:45.567: D/MultiSimWrapper(7487): [MessageUtils] isMultiSimEnabled=false
10-13 06:24:45.567: D/MultiSimWrapper(7487): [MessageUtils] isMultiSimEnabled=false
10-13 06:24:45.567: D/CellBroadcastReceiver(7487): [ACTION_SIM_STATE_CHANGED]SIM stateExtra:NOT_READY
10-13 06:24:45.567: D/CellBroadcastReceiver(7487): [INTENT_VALUE_ICC_ABSENT] SIM card absent. Just make setting menu be DISABLED.
10-13 06:24:45.567: D/MultiSimWrapper(7487): [MessageUtils] isMultiSimEnabled=false
10-13 06:24:45.627: D/DrmWidevineDash(318): OEMCrypto_GenerateRSASignature returns 0
10-13 06:24:45.627: I/WVCdm(318): CdmEngine::CloseSession
10-13 06:24:45.627: D/DrmWidevineDash(318): calling OEMCrypto_CloseSession. SID = 1
10-13 06:24:45.627: D/DrmWidevineDash(318): OEMCrypto_CloseSession returns 0
10-13 06:24:45.637: V/MmsSystemEventReceiver(7402): Intent received: Intent { act=android.intent.action.SIM_STATE_CHANGED flg=0x20000010 cmp=com.android.mms/.transaction.MmsSystemEventReceiver (has extras) }
10-13 06:24:45.637: V/WiFiOffLoadBroadcast(2832): WiFiOffLoadBroadcast: android.intent.action.SIM_STATE_CHANGED
10-13 06:24:45.637: V/WiFiOffLoadBroadcast(2832): WiFiOffLoadBroadcast: simstate: NOT_READY
10-13 06:24:45.637: E/dalvikvm(11748): Could not find class 'android.app.usage.UsageStatsManager', referenced from method ckk.j
10-13 06:24:45.637: W/dalvikvm(11748): VFY: unable to resolve check-cast 835 (Landroid/app/usage/UsageStatsManager;) in Lckk;
10-13 06:24:45.637: D/dalvikvm(11748): VFY: replacing opcode 0x1f at 0x0020
10-13 06:24:45.637: D/UsbSettingsReceiver(2832): [AUTORUN] onReceive() : action = android.intent.action.SIM_STATE_CHANGED
10-13 06:24:45.637: D/UsbSettingsReceiver(2832): [AUTORUN] sys.usb.config = ptp_only,adb
10-13 06:24:45.637: D/UsbSettingsReceiver(2832): [AUTORUN] sys.usb.state = ptp_only,adb
10-13 06:24:45.637: D/UsbSettingsReceiver(2832): [AUTORUN] persist.sys.usb.config = ptp_only,adb
10-13 06:24:45.637: D/dalvikvm(11748): DexOpt: unable to opt direct call 0x0c8b at 0x30 in Lckk;.j
10-13 06:24:45.637: D/UsbSettingsReceiver(2832): [AUTORUN] onReceive() : app userid = 0, current userid = 0
10-13 06:24:45.637: I/Config(2832): getOperator() : GLOBAL
10-13 06:24:45.647: D/UsbSettingsReceiver(2832): android.intent.action.SIM_STATE_CHANGED
10-13 06:24:45.647: D/UsbSettingsReceiver(2832): Target OperatorGLOBAL
10-13 06:24:45.647: D/UsbSettingsReceiver(2832): Target CountryCOM
10-13 06:24:45.647: D/UsbSettingsReceiver(2832): stateExtraNOT_READY
10-13 06:24:45.647: D/UsbSettingsReceiver(2832): INTENT_VALUE_ICC_IMSIIMSI
10-13 06:24:45.647: I/dalvikvm(11748): Could not find method android.os.PowerManager.isInteractive, referenced from method ckm.a
10-13 06:24:45.647: W/dalvikvm(11748): VFY: unable to resolve virtual method 4659: Landroid/os/PowerManager;.isInteractive ()Z
10-13 06:24:45.647: D/dalvikvm(11748): VFY: replacing opcode 0x6e at 0x0010
10-13 06:24:45.647: D/SettingBootReceiver(2832): onReceive
10-13 06:24:45.647: D/SettingBootReceiver(2832): [Extra] : NOT_READY == 'LOADED' ??
10-13 06:24:45.657: D/DualIMSIApnProfileReceiver(2832): isSupportDualIMSIOperator : false
10-13 06:24:45.657: I/DualIMSIApnProfileReceiver(2832): intentName == android.intent.action.SIM_STATE_CHANGED
10-13 06:24:45.657: I/DualIMSIApnProfileReceiver(2832): IMSI not available :: return 
10-13 06:24:45.657: D/SettingsProviderInitializer(1071): [Extra] : NOT_READY == 'LOADED' ??
10-13 06:24:45.657: V/LogService(11543): FactorySIMReceiver.operatorNumeric : 
10-13 06:24:45.657: V/LogService(11543): FactorySIMReceiver.factory.enable : 0
10-13 06:24:45.657: V/LogService(11543): FactorySIMReceiver.factory.enable : 
10-13 06:24:45.667: I/BookmarksProviderReceiver(11559): SIM_STATE_CHANGED event stateExtra :NOT_READY
10-13 06:24:45.677: E/Icing(11768): Array storage bad crc 3593030824 vs 860832581
10-13 06:24:45.677: E/Icing(11768): File /data/data/com.google.android.gms/files/AppDataSearch/main/cur/ds.docids failed to init (elt_size 4 num_elts 171 array_crc 860832581)
10-13 06:24:45.677: E/Icing(11768): Array storage bad crc 298306720 vs 3570937967
10-13 06:24:45.677: E/Icing(11768): File /data/data/com.google.android.gms/files/AppDataSearch/main/cur/ds.perdocdata failed to init (elt_size 26 num_elts 171 array_crc 3570937967)
10-13 06:24:45.677: E/Icing(11768): Array storage bad crc 3369302662 vs 0
10-13 06:24:45.677: E/Icing(11768): File /data/data/com.google.android.gms/files/AppDataSearch/main/cur/ds.cscoring failed to init (elt_size 37 num_elts 21 array_crc 0)
10-13 06:24:45.677: E/Icing(11768): Array storage bad crc 1407808083 vs 4227056808
10-13 06:24:45.677: E/Icing(11768): Trie mmap node failed
10-13 06:24:45.697: W/Icing(11768): Docstore bad crc 0xe1b42efa vs 0xe27e82e2
10-13 06:24:45.717: D/Utils(3152): total cache=12288, package:com.google.android.syncadapters.contacts
10-13 06:24:45.717: I/System(11559): Loaded time zone names for "es" in 51ms (39ms in ICU)
10-13 06:24:45.727: D/SIMObserver(11587): action:android.intent.action.SIM_STATE_CHANGED
10-13 06:24:45.727: D/SIMObserver(11587): state : NOT_READY
10-13 06:24:45.727: D/EULA::SimManager(11587): SimManager getInstance.
10-13 06:24:45.727: I/EULA::SimManager(11587): LGMSimTelephonyManager will be used!
10-13 06:24:45.727: I/EULA::SimManager(11587): sSimInstance : com.lge.telephony.msim.LGMSimTelephonyManager@4324ff10
10-13 06:24:45.727: I/EULA::SimManager(11587): sIsMultiSimEnabled : false
10-13 06:24:45.727: I/EULA::SimManager(11587): sSIMCount : 1
10-13 06:24:45.727: D/SIMObserver(11587): simState : 0
10-13 06:24:45.757: E/Icing(11768): Array storage bad crc 1581873994 vs 0
10-13 06:24:45.757: E/Icing(11768): Trie mmap node failed
10-13 06:24:45.767: D/WifiStateMachine(1071): handleMessage: E msg.what=131155
10-13 06:24:45.767: D/WifiStateMachine(1071): processMsg: ConnectedState
10-13 06:24:45.767: D/WifiStateMachine(1071): processMsg: L2ConnectedState
10-13 06:24:45.767: D/WifiNative-wlan0(1071): doString: SIGNAL_POLL
10-13 06:24:45.767: D/wpa_supplicant(2644): RX ctrl_iface - hexdump(len=11): 53 49 47 4e 41 4c 5f 50 4f 4c 4c
10-13 06:24:45.767: D/wpa_supplicant(2644): wlan0: Control interface command 'SIGNAL_POLL'
10-13 06:24:45.777: D/wpa_supplicant(2644): nl80211: survey data missing!
10-13 06:24:45.777: D/WifiStateMachine(1071): handleMessage: X
10-13 06:24:45.777: D/Utils(3152): total cache=12288, package:com.lge.eula
10-13 06:24:45.777: I/DynamiteModule(11768): Considering local module com.google.android.gms.googlecertificates:4 and remote module com.google.android.gms.googlecertificates:4
10-13 06:24:45.777: I/DynamiteModule(11768): Selected local version of com.google.android.gms.googlecertificates
10-13 06:24:45.777: E/Utils(3152): getFolderSize() dir /storage/emulated/0/Android/data/.cliptray is not exists or not a directory.
10-13 06:24:45.787: D/AppCleanupService(3152): showSpringCleaningNotifications(): from CheckTempFilesTask
10-13 06:24:45.787: D/AppCleanupService(3152): showSpringCleaningNotifications(): mDownloadFolderSize=0, mIdleAppsSize=0, mTempFilesSize=856064
10-13 06:24:45.797: D/dalvikvm(11748): GC_EXPLICIT freed 3263K, 18% free 29213K/35580K, paused 4ms+5ms, total 79ms
10-13 06:24:45.817: I/DynamiteModule(11691): Considering local module com.google.android.gms.googlecertificates:4 and remote module com.google.android.gms.googlecertificates:4
10-13 06:24:45.817: I/DynamiteModule(11691): Selected local version of com.google.android.gms.googlecertificates
10-13 06:24:45.897: I/dalvikvm(11748): Could not find method android.os.PowerManager.isPowerSaveMode, referenced from method akir.c
10-13 06:24:45.897: W/dalvikvm(11748): VFY: unable to resolve virtual method 28875: Landroid/os/PowerManager;.isPowerSaveMode ()Z
10-13 06:24:45.897: D/dalvikvm(11748): VFY: replacing opcode 0x6e at 0x000a
10-13 06:24:45.897: D/LocationProviderProxy(1071): applying state to connected service
10-13 06:24:45.947: W/Icing(11768): Failed to connect to Lockbox API
10-13 06:24:45.947: W/Icing(11768): getSignedInAccountName: Falling back to default value
10-13 06:24:45.957: W/ConfigurationChimeraProvider(11748): Got null configs for com.google.android.gms.nearby
10-13 06:24:45.987: D/dalvikvm(11691): GC_CONCURRENT freed 6870K, 25% free 28891K/38480K, paused 2ms+2ms, total 31ms
10-13 06:24:45.987: D/dalvikvm(11691): WAIT_FOR_CONCURRENT_GC blocked 22ms
10-13 06:24:45.997: D/dalvikvm(11731): GC_EXPLICIT freed 706K, 18% free 29324K/35580K, paused 3ms+3ms, total 47ms
10-13 06:24:46.027: D/ConnectivityServiceHSM(1071): Actual State: DefaultConnectivityState, Current State: DefaultConnectivityState.processMessage what=105
10-13 06:24:46.027: D/ConnectivityServiceHSM(1071): Actual State: DefaultConnectivityState, Current State: DefaultConnectivityState.processMessage what=5007
10-13 06:24:46.027: D/QcConnectivityService(1071): handleInetConditionHoldEnd: net=1, condition=100, published condition=100
10-13 06:24:46.057: D/BubblePopupHelper(1363): isShowingBubblePopup : false
10-13 06:24:46.057: D/BubblePopupHelper(1363): isShowingBubblePopup : false
10-13 06:24:46.087: D/LocationProviderProxy(1071): applying state to connected service
10-13 06:24:46.107: D/dalvikvm(11768): GC_EXPLICIT freed 3571K, 15% free 30512K/35580K, paused 4ms+13ms, total 79ms
10-13 06:24:46.107: I/dalvikvm(11748): Could not find method android.app.Notification$Builder.setGroup, referenced from method upb.a
10-13 06:24:46.107: W/dalvikvm(11748): VFY: unable to resolve virtual method 11484: Landroid/app/Notification$Builder;.setGroup (Ljava/lang/String;)Landroid/app/Notification$Builder;
10-13 06:24:46.107: D/dalvikvm(11748): VFY: replacing opcode 0x6e at 0x00ae
10-13 06:24:46.107: I/dalvikvm(11748): Could not find method android.app.Notification$Builder.setGroupSummary, referenced from method upb.a
10-13 06:24:46.107: W/dalvikvm(11748): VFY: unable to resolve virtual method 11485: Landroid/app/Notification$Builder;.setGroupSummary (Z)Landroid/app/Notification$Builder;
10-13 06:24:46.107: D/dalvikvm(11748): VFY: replacing opcode 0x6e at 0x00bb
10-13 06:24:46.107: I/dalvikvm(11748): Could not find method android.app.Notification$Builder.setLocalOnly, referenced from method upb.a
10-13 06:24:46.107: W/dalvikvm(11748): VFY: unable to resolve virtual method 11487: Landroid/app/Notification$Builder;.setLocalOnly (Z)Landroid/app/Notification$Builder;
10-13 06:24:46.107: D/dalvikvm(11748): VFY: replacing opcode 0x6e at 0x00ed
10-13 06:24:46.117: I/dalvikvm(11748): Could not find method android.app.Notification$Builder.addExtras, referenced from method upb.a
10-13 06:24:46.117: W/dalvikvm(11748): VFY: unable to resolve virtual method 11473: Landroid/app/Notification$Builder;.addExtras (Landroid/os/Bundle;)Landroid/app/Notification$Builder;
10-13 06:24:46.117: D/dalvikvm(11748): VFY: replacing opcode 0x6e at 0x0181
10-13 06:24:46.117: E/dalvikvm(11748): Could not find class 'android.media.AudioAttributes', referenced from method upm.a
10-13 06:24:46.117: W/dalvikvm(11748): VFY: unable to resolve const-class 3477 (Landroid/media/AudioAttributes;) in Lupm;
10-13 06:24:46.117: D/dalvikvm(11748): VFY: replacing opcode 0x1c at 0x0057
10-13 06:24:46.117: D/dalvikvm(11748): DexOpt: couldn't find static field Landroid/app/Notification;.AUDIO_ATTRIBUTES_DEFAULT
10-13 06:24:46.117: I/dalvikvm(11748): DexOpt: unable to optimize static field ref 0x1a93 at 0x90 in Lupm;.a
10-13 06:24:46.117: D/dalvikvm(11691): Trying to load lib /data/data/com.google.android.gms/app_dg_cache/D12564FA84855276CB7D261D56DA6950A06175F8/libdB29C7C3F2932.so 0x439de2e8
10-13 06:24:46.117: D/dalvikvm(11691): Added shared lib /data/data/com.google.android.gms/app_dg_cache/D12564FA84855276CB7D261D56DA6950A06175F8/libdB29C7C3F2932.so 0x439de2e8
10-13 06:24:46.117: D/dalvikvm(11691): No JNI_OnLoad found in /data/data/com.google.android.gms/app_dg_cache/D12564FA84855276CB7D261D56DA6950A06175F8/libdB29C7C3F2932.so 0x439de2e8, skipping init
10-13 06:24:46.117: W/NearbyDiscovery(11748): android.app.NotificationChannel class is not found
10-13 06:24:46.127: E/dalvikvm(11748): Could not find class 'android.app.ActivityManager$TaskDescription', referenced from method ukm.a
10-13 06:24:46.127: W/dalvikvm(11748): VFY: unable to resolve new-instance 3259 (Landroid/app/ActivityManager$TaskDescription;) in Lukm;
10-13 06:24:46.127: D/dalvikvm(11748): VFY: replacing opcode 0x22 at 0x0006
10-13 06:24:46.127: D/dalvikvm(11748): DexOpt: unable to opt direct call 0x2c7c at 0x20 in Lukm;.a
10-13 06:24:46.147: D/dalvikvm(11748): Trying to load lib /data/app-lib/com.google.android.gms-1/libleveldbjni.so 0x43257488
10-13 06:24:46.147: D/dalvikvm(11748): Added shared lib /data/app-lib/com.google.android.gms-1/libleveldbjni.so 0x43257488
10-13 06:24:46.177: I/dalvikvm(11768): Total arena pages for JIT: 11
10-13 06:24:46.177: I/dalvikvm(11768): Total arena pages for JIT: 12
10-13 06:24:46.177: I/dalvikvm(11768): Total arena pages for JIT: 13
10-13 06:24:46.177: I/dalvikvm(11768): Total arena pages for JIT: 14
10-13 06:24:46.197: W/GCoreFlp(11748): No location to return for getLastLocation()
10-13 06:24:46.227: I/Icing(11768): updateResources: need to parse qzb{com.google.android.gms}
10-13 06:24:46.247: I/ContextImpl(11691): getDeclaredConstructor
10-13 06:24:46.287: W/dalvikvm(11748): VFY: unable to find class referenced in signature (Landroid/bluetooth/le/BluetoothLeAdvertiser;)
10-13 06:24:46.287: E/dalvikvm(11748): Could not find class 'android.bluetooth.le.AdvertiseSettings$Builder', referenced from method artl.a
10-13 06:24:46.287: W/dalvikvm(11748): VFY: unable to resolve new-instance 6159 (Landroid/bluetooth/le/AdvertiseSettings$Builder;) in Lartl;
10-13 06:24:46.287: D/dalvikvm(11748): VFY: replacing opcode 0x22 at 0x0016
10-13 06:24:46.287: D/dalvikvm(11748): DexOpt: unable to opt direct call 0x6c98 at 0x18 in Lartl;.a
10-13 06:24:46.287: D/dalvikvm(11748): DexOpt: unable to opt direct call 0x6c93 at 0x2e in Lartl;.a
10-13 06:24:46.287: W/dalvikvm(11748): Unable to resolve superclass of Lartk; (6156)
10-13 06:24:46.287: W/dalvikvm(11748): Link of class 'Lartk;' failed
10-13 06:24:46.287: D/dalvikvm(11748): DexOpt: unable to opt direct call 0xac2d at 0x4d in Lartl;.a
10-13 06:24:46.287: W/dalvikvm(11748): VFY: unable to find class referenced in signature (Landroid/bluetooth/le/BluetoothLeScanner;)
10-13 06:24:46.287: E/dalvikvm(11748): Could not find class 'android.bluetooth.le.ScanSettings$Builder', referenced from method arta.c
10-13 06:24:46.297: W/dalvikvm(11748): VFY: unable to resolve new-instance 6168 (Landroid/bluetooth/le/ScanSettings$Builder;) in Larta;
10-13 06:24:46.297: D/dalvikvm(11748): VFY: replacing opcode 0x22 at 0x00fb
10-13 06:24:46.297: D/dalvikvm(11748): DexOpt: unable to opt direct call 0x6cb1 at 0xfd in Larta;.c
10-13 06:24:46.317: I/GeofencerStateMachine(11748): removeGeofences: removeRequest=RemoveGeofencingRequest[REMOVE_BY_PENDING_INTENT pendingIntent=PendingIntent[creatorPackage=com.google.android.gms], packageName=null]
10-13 06:24:46.327: I/dalvikvm(11748): Could not find method android.bluetooth.BluetoothAdapter.getBluetoothLeScanner, referenced from method gkp.b
10-13 06:24:46.327: W/dalvikvm(11748): VFY: unable to resolve virtual method 3228: Landroid/bluetooth/BluetoothAdapter;.getBluetoothLeScanner ()Landroid/bluetooth/le/BluetoothLeScanner;
10-13 06:24:46.327: D/dalvikvm(11748): VFY: replacing opcode 0x6e at 0x0020
10-13 06:24:46.337: D/dalvikvm(11691): DexOpt: --- BEGIN 'f.apk' (bootstrap=0) ---
10-13 06:24:46.347: I/dalvikvm(11748): Could not find method android.bluetooth.BluetoothAdapter.disableBLE, referenced from method gkz.c
10-13 06:24:46.347: W/dalvikvm(11748): VFY: unable to resolve virtual method 3223: Landroid/bluetooth/BluetoothAdapter;.disableBLE ()Z
10-13 06:24:46.347: D/dalvikvm(11748): VFY: replacing opcode 0x6e at 0x0015
10-13 06:24:46.347: I/dalvikvm(11748): Could not find method android.bluetooth.BluetoothAdapter.enableBLE, referenced from method gkz.d
10-13 06:24:46.347: W/dalvikvm(11748): VFY: unable to resolve virtual method 3225: Landroid/bluetooth/BluetoothAdapter;.enableBLE ()Z
10-13 06:24:46.347: D/dalvikvm(11748): VFY: replacing opcode 0x6e at 0x0015
10-13 06:24:46.347: I/dalvikvm(11748): Could not find method android.bluetooth.BluetoothAdapter.disableBLE, referenced from method gkz.d
10-13 06:24:46.347: W/dalvikvm(11748): VFY: unable to resolve virtual method 3223: Landroid/bluetooth/BluetoothAdapter;.disableBLE ()Z
10-13 06:24:46.347: D/dalvikvm(11748): VFY: replacing opcode 0x6e at 0x002a
10-13 06:24:46.347: I/dalvikvm(11748): Could not find method android.bluetooth.BluetoothAdapter.enableBLE, referenced from method gkz.e
10-13 06:24:46.347: W/dalvikvm(11748): VFY: unable to resolve virtual method 3225: Landroid/bluetooth/BluetoothAdapter;.enableBLE ()Z
10-13 06:24:46.347: D/dalvikvm(11748): VFY: replacing opcode 0x6e at 0x000d
10-13 06:24:46.347: I/dalvikvm(11748): Could not find method android.bluetooth.BluetoothAdapter.isBleScanAlwaysAvailable, referenced from method gkz.f
10-13 06:24:46.347: W/dalvikvm(11748): VFY: unable to resolve virtual method 3234: Landroid/bluetooth/BluetoothAdapter;.isBleScanAlwaysAvailable ()Z
10-13 06:24:46.347: D/dalvikvm(11748): VFY: replacing opcode 0x6e at 0x001a
10-13 06:24:46.347: I/dalvikvm(11748): Could not find method android.bluetooth.BluetoothAdapter.enableBLE, referenced from method gli.a
10-13 06:24:46.347: W/dalvikvm(11748): VFY: unable to resolve virtual method 3225: Landroid/bluetooth/BluetoothAdapter;.enableBLE ()Z
10-13 06:24:46.347: D/dalvikvm(11748): VFY: replacing opcode 0x6e at 0x004e
10-13 06:24:46.357: I/BeaconBle(11748): BLE 'KK+' software access layer enabled
10-13 06:24:46.357: I/dalvikvm(11748): Could not find method android.accounts.AccountManager.getPreviousName, referenced from method akhy.a
10-13 06:24:46.357: W/dalvikvm(11748): VFY: unable to resolve virtual method 27491: Landroid/accounts/AccountManager;.getPreviousName (Landroid/accounts/Account;)Ljava/lang/String;
10-13 06:24:46.357: D/dalvikvm(11748): VFY: replacing opcode 0x6e at 0x0008
10-13 06:24:46.367: I/dalvikvm(11748): Could not find method android.bluetooth.BluetoothAdapter.isOffloadedFilteringSupported, referenced from method gjc.a
10-13 06:24:46.367: W/dalvikvm(11748): VFY: unable to resolve virtual method 3237: Landroid/bluetooth/BluetoothAdapter;.isOffloadedFilteringSupported ()Z
10-13 06:24:46.367: D/dalvikvm(11748): VFY: replacing opcode 0x6e at 0x0009
10-13 06:24:46.377: W/Nearby(11748): Bind call too late - someone already tried to get: interface aruy
10-13 06:24:46.387: I/dalvikvm(11748): Could not find method android.bluetooth.BluetoothAdapter.isBleScanAlwaysAvailable, referenced from method jte.b
10-13 06:24:46.387: W/dalvikvm(11748): VFY: unable to resolve virtual method 3234: Landroid/bluetooth/BluetoothAdapter;.isBleScanAlwaysAvailable ()Z
10-13 06:24:46.387: D/dalvikvm(11748): VFY: replacing opcode 0x6e at 0x000e
10-13 06:24:46.407: D/dalvikvm(11943): DexOpt: load 3ms, verify+opt 4ms, 128132 bytes
10-13 06:24:46.417: D/dalvikvm(11691): DexOpt: --- END 'f.apk' (success) ---
10-13 06:24:46.417: D/dalvikvm(11691): DEX prep '/data/data/com.google.android.gms/app_fb/f.apk': unzip in 0ms, rewrite 74ms
10-13 06:24:46.427: I/Adreno-EGL(11691): <qeglDrvAPI_eglInitialize:410>: EGL 1.4 QUALCOMM build: AU_LINUX_ANDROID_LNX.LA.3.5.1_RB1.04.04.02.048.041_msm8974_LNX.LA.3.5.1_RB1_CL3304448_release_AU (CL3304448)
10-13 06:24:46.427: I/Adreno-EGL(11691): OpenGL ES Shader Compiler Version: E031.24.00.14
10-13 06:24:46.427: I/Adreno-EGL(11691): Build Date: 04/18/14 Fri
10-13 06:24:46.427: I/Adreno-EGL(11691): Local Branch: 
10-13 06:24:46.427: I/Adreno-EGL(11691): Remote Branch: quic/LNX.LA.3.5.1_RB1.1
10-13 06:24:46.427: I/Adreno-EGL(11691): Local Patches: NONE
10-13 06:24:46.427: I/Adreno-EGL(11691): Reconstruct Branch: AU_LINUX_ANDROID_LNX.LA.3.5.1_RB1.04.04.02.048.041 +  NOTHING
10-13 06:24:46.437: W/BaseRuntimeLoader(11748): don't searchcom.lge.telephony.msim.QcomMSimTelephonyManagerAdaptor class
10-13 06:24:46.437: W/BaseRuntimeLoader(11748): don't searchcom.lge.telephony.msim.MtkMSimTelephonyManagerAdaptor class
10-13 06:24:46.447: W/BaseRuntimeLoader(11748): don't searchcom.lge.telephony.msim.QcomMSimTelephonyManagerAdaptor class
10-13 06:24:46.447: W/BaseRuntimeLoader(11748): don't searchcom.lge.telephony.msim.MtkMSimTelephonyManagerAdaptor class
10-13 06:24:46.487: I/Adreno-EGL(11691): <qeglDrvAPI_eglInitialize:410>: EGL 1.4 QUALCOMM build: AU_LINUX_ANDROID_LNX.LA.3.5.1_RB1.04.04.02.048.041_msm8974_LNX.LA.3.5.1_RB1_CL3304448_release_AU (CL3304448)
10-13 06:24:46.487: I/Adreno-EGL(11691): OpenGL ES Shader Compiler Version: E031.24.00.14
10-13 06:24:46.487: I/Adreno-EGL(11691): Build Date: 04/18/14 Fri
10-13 06:24:46.487: I/Adreno-EGL(11691): Local Branch: 
10-13 06:24:46.487: I/Adreno-EGL(11691): Remote Branch: quic/LNX.LA.3.5.1_RB1.1
10-13 06:24:46.487: I/Adreno-EGL(11691): Local Patches: NONE
10-13 06:24:46.487: I/Adreno-EGL(11691): Reconstruct Branch: AU_LINUX_ANDROID_LNX.LA.3.5.1_RB1.04.04.02.048.041 +  NOTHING
10-13 06:24:46.487: D/dalvikvm(11748): GC_EXPLICIT freed 2064K, 16% free 29904K/35580K, paused 3ms+8ms, total 55ms
10-13 06:24:46.497: D/LocationManagerService(1071): request 4361eae0 passive Request[POWER_NONE passive fastest=0] from com.google.android.gms(10006)
10-13 06:24:46.497: D/LocationManagerService(1071): provider request: passive ProviderRequest[ON interval=0]
10-13 06:24:46.497: I/dalvikvm(11748): Could not find method android.content.Context.createDeviceProtectedStorageContext, referenced from method hrn.b
10-13 06:24:46.497: W/dalvikvm(11748): VFY: unable to resolve virtual method 3414: Landroid/content/Context;.createDeviceProtectedStorageContext ()Landroid/content/Context;
10-13 06:24:46.507: W/Settings(11748): Setting airplane_mode_on has moved from android.provider.Settings.System to android.provider.Settings.Global, returning read-only value.
10-13 06:24:46.507: D/dalvikvm(11748): VFY: replacing opcode 0x6e at 0x0007
10-13 06:24:46.507: I/dalvikvm(11748): Could not find method android.content.Context.isDeviceProtectedStorage, referenced from method hrn.b
10-13 06:24:46.507: W/dalvikvm(11748): VFY: unable to resolve virtual method 3442: Landroid/content/Context;.isDeviceProtectedStorage ()Z
10-13 06:24:46.517: D/dalvikvm(11748): VFY: replacing opcode 0x6e at 0x003e
10-13 06:24:46.547: I/dalvikvm(11748): Could not find method java.util.Locale.toLanguageTag, referenced from method arrc.a
10-13 06:24:46.547: W/dalvikvm(11748): VFY: unable to resolve virtual method 57299: Ljava/util/Locale;.toLanguageTag ()Ljava/lang/String;
10-13 06:24:46.547: D/dalvikvm(11748): VFY: replacing opcode 0x6e at 0x0010
10-13 06:24:46.547: I/dalvikvm(11748): Could not find method android.os.LocaleList.getDefault, referenced from method arrc.a
10-13 06:24:46.547: W/dalvikvm(11748): VFY: unable to resolve static method 28781: Landroid/os/LocaleList;.getDefault ()Landroid/os/LocaleList;
10-13 06:24:46.547: D/dalvikvm(11748): VFY: replacing opcode 0x71 at 0x0006
10-13 06:24:46.567: D/LocationManagerService(1071): getAllProviders()=[passive, gps, network]
10-13 06:24:46.567: W/Settings(11691): Setting install_non_market_apps has moved from android.provider.Settings.Secure to android.provider.Settings.Global.
10-13 06:24:46.607: I/dalvikvm(11731): Total arena pages for JIT: 11
10-13 06:24:46.607: I/dalvikvm(11731): Total arena pages for JIT: 12
10-13 06:24:46.607: I/dalvikvm(11731): Total arena pages for JIT: 13
10-13 06:24:46.607: I/dalvikvm(11731): Total arena pages for JIT: 14
10-13 06:24:46.647: D/dalvikvm(11731): GC_EXPLICIT freed 209K, 18% free 29349K/35580K, paused 2ms+3ms, total 30ms
10-13 06:24:46.677: D/libc(311): _dns_getaddrinfo: iptype =1
10-13 06:24:46.677: D/libc(311): _dns_getaddrinfo: query_ipv4=1, query_ipv6=0
10-13 06:24:46.687: I/Icing(11768): Internal init done: storage state 0
10-13 06:24:46.697: W/Conscrypt(11731): Could not set socket write timeout:
10-13 06:24:46.697: W/Conscrypt(11731):    java.lang.reflect.Method.invokeNative(Native Method)
10-13 06:24:46.697: W/Conscrypt(11731):    java.lang.reflect.Method.invoke(Method.java:515)
10-13 06:24:46.707: D/dalvikvm(1071): GC_EXPLICIT freed 817K, 27% free 38449K/52300K, paused 3ms+7ms, total 107ms
10-13 06:24:46.727: W/ctxmgr(11748): [AclManager]null policy map (0) 10002, clientInfo=(accnt=account#-517948760#, com.google.android.gms(10006):com.google.android.gms.udc, vrsn=11509000, 1, 3pPkg = null ,  3pMdlId = null ,  pid = 11748)
10-13 06:24:46.747: W/UdcContextManagerHelper(11748): Failure reading udc context: 7503
10-13 06:24:46.747: W/UdcContextManagerHelper(11748): Empty context buffer. Thus might mean that the context is not synced down.
10-13 06:24:46.757: W/UploadOptInStatusOp(11748): Empty context model while retrieving upload opt-in status!
10-13 06:24:46.757: E/dalvikvm(11748): Could not find class 'android.app.usage.UsageStatsManager', referenced from method uxe.a
10-13 06:24:46.757: W/dalvikvm(11748): VFY: unable to resolve check-cast 3307 (Landroid/app/usage/UsageStatsManager;) in Luxe;
10-13 06:24:46.757: D/dalvikvm(11748): VFY: replacing opcode 0x1f at 0x0018
10-13 06:24:46.767: W/Conscrypt(11731): Could not set socket write timeout:
10-13 06:24:46.767: W/Conscrypt(11731):    java.lang.reflect.Method.invokeNative(Native Method)
10-13 06:24:46.767: W/Conscrypt(11731):    java.lang.reflect.Method.invoke(Method.java:515)
10-13 06:24:46.787: I/ThermalEngine(335): TM Id 'battery_monitor' Sensor 'xo_batt' - alarm raised 3 at 49.0 degC
10-13 06:24:46.787: I/ThermalEngine(335): ACTION: BATTERY - Setting battery charging mitigation to 512
10-13 06:24:46.817: I/Icing(11768): 16 corpora need re-polling
10-13 06:24:46.867: D/BluetoothAdapter(11748): 1131043168: getState() :  mService = null. Returning STATE_OFF
10-13 06:24:46.867: I/BeaconBle(11748): Scan : No clients left, canceling alarm.
10-13 06:24:46.867: I/BeaconBle(11748): Scan canceled successfully.
10-13 06:24:46.887: I/Icing(11768): Post-init done
10-13 06:24:46.897: I/Icing(11768): Indexing 26C4A60B43EDA49AC1EC484AADE684F0153376DE from com.google.android.gms
10-13 06:24:46.907: D/BluetoothAdapter(11748): 1131043168: getState() :  mService = null. Returning STATE_OFF
10-13 06:24:46.927: I/Icing(11768): Indexing done 26C4A60B43EDA49AC1EC484AADE684F0153376DE
10-13 06:24:46.927: I/Icing(11768): Indexing 0C4B671AD4D6CD1D7A36B489E8EE0CF95B2FDFB1 from com.google.android.gms
10-13 06:24:46.947: I/Icing(11768): Indexing done 0C4B671AD4D6CD1D7A36B489E8EE0CF95B2FDFB1
10-13 06:24:46.947: I/Icing(11768): Indexing C95665879C0B9C65795181964BC12319C66ED5D5 from com.google.android.googlequicksearchbox
10-13 06:24:46.977: W/Settings(11748): Setting airplane_mode_on has moved from android.provider.Settings.System to android.provider.Settings.Global, returning read-only value.
10-13 06:24:46.997: I/AccountManagerService(1071): the accounts changed, sending broadcast of android.accounts.LOGIN_ACCOUNTS_CHANGED
10-13 06:24:46.997: I/AccountManagerService(1071): the accounts changed, sending broadcast of android.accounts.LOGIN_ACCOUNTS_CHANGED
10-13 06:24:47.017: I/ContactLED(6357): emotionalLedType = 2
10-13 06:24:47.017: I/ContactLED(6357): emotionalLedType = 2
10-13 06:24:47.017: I/ContactsProvider(1984): Accounts changed
10-13 06:24:47.017: I/ContactLED(6357): emotionalLedType = 2
10-13 06:24:47.017: D/AccountTypeManager(6357): Registering 1 extension packages
10-13 06:24:47.027: E/ExternalAccountType(6357): Unsupported attribute readOnly
10-13 06:24:47.037: D/AccountTypeManager(6357): Registering extension package account type=com.google, dataSet=plus, packageName=com.google.android.apps.plus
10-13 06:24:47.037: I/SIMContacts(6357): SimPhonebookManager|[0]SIM loading status : false
10-13 06:24:47.037: I/AccountTypeManager(6357): Loaded meta-data for 4 account types, 1 accounts in 25ms(wall) 9ms(cpu)
10-13 06:24:47.037: I/ContactLED(6357): emotionalLedType = 2
10-13 06:24:47.037: D/BluetoothAdapter(11748): 1131043168: getState() :  mService = null. Returning STATE_OFF
10-13 06:24:47.037: I/ContactLED(6357): emotionalLedType = 2
10-13 06:24:47.047: I/ContactLED(6357): emotionalLedType = 2
10-13 06:24:47.047: D/AccountTypeManager(6357): Registering 1 extension packages
10-13 06:24:47.047: I/Auth(11731): [BroadcastManager] Broadcasting account services changed.
10-13 06:24:47.047: I/Icing(11768): Indexing done C95665879C0B9C65795181964BC12319C66ED5D5
10-13 06:24:47.057: E/ExternalAccountType(6357): Unsupported attribute readOnly
10-13 06:24:47.057: I/Icing(11768): Indexing FE2D4D4E40A1ED4D036F9576742918D55D51CCFE from com.google.android.gms
10-13 06:24:47.057: D/AccountTypeManager(6357): Registering extension package account type=com.google, dataSet=plus, packageName=com.google.android.apps.plus
10-13 06:24:47.067: I/AuthService(11840): [AddAccountOperation] Succeeded.
10-13 06:24:47.077: I/SIMContacts(6357): SimPhonebookManager|[0]SIM loading status : false
10-13 06:24:47.077: I/AccountTypeManager(6357): Loaded meta-data for 4 account types, 1 accounts in 43ms(wall) 8ms(cpu)
10-13 06:24:47.087: I/ContactLED(6357): emotionalLedType = 2
10-13 06:24:47.087: I/ContactLED(6357): emotionalLedType = 2
10-13 06:24:47.087: W/NearbyMessages(11748): LocationProvider returns null
10-13 06:24:47.087: I/Icing(11768): Indexing done FE2D4D4E40A1ED4D036F9576742918D55D51CCFE
10-13 06:24:47.087: I/ContactsProvider(1984): Accounts changed
10-13 06:24:47.087: I/ContactLED(6357): emotionalLedType = 2
10-13 06:24:47.087: D/AccountTypeManager(6357): Registering 1 extension packages
10-13 06:24:47.097: I/Icing(11768): Indexing 2483D8AAF49CFC8318A94BBE33192C6EB3F45678 from com.google.android.music
10-13 06:24:47.097: E/Icing(11768): Cursor call threw an exception: Permission Denial: opening provider com.google.android.music.icing.IcingContentProvider from ProcessRecord{44017308 11768:com.google.android.gms/u0a6} (pid=11768, uid=10006) that is not exported from uid 10095
10-13 06:24:47.097: I/Icing(11768): Indexing done 2483D8AAF49CFC8318A94BBE33192C6EB3F45678
10-13 06:24:47.097: E/Icing(11768): Aborting indexing of corpus MUSIC_AlbumArtistId
10-13 06:24:47.097: E/ExternalAccountType(6357): Unsupported attribute readOnly
10-13 06:24:47.097: I/Icing(11768): Indexing 4941FCA2FD9947AFF5CDD289F5C7211F5E6B7C75 from com.google.android.music
10-13 06:24:47.097: E/GCoreUlr(11748): Create new device tag of 640181012 without device reboot
10-13 06:24:47.097: E/Icing(11768): Cursor call threw an exception: Permission Denial: opening provider com.google.android.music.icing.IcingContentProvider from ProcessRecord{44017308 11768:com.google.android.gms/u0a6} (pid=11768, uid=10006) that is not exported from uid 10095
10-13 06:24:47.097: D/AccountTypeManager(6357): Registering extension package account type=com.google, dataSet=plus, packageName=com.google.android.apps.plus
10-13 06:24:47.097: I/Icing(11768): Indexing done 4941FCA2FD9947AFF5CDD289F5C7211F5E6B7C75
10-13 06:24:47.097: E/Icing(11768): Aborting indexing of corpus LISTS_Id
10-13 06:24:47.097: W/ActivityManager(1071): Permission Denial: opening provider com.google.android.music.icing.IcingContentProvider from ProcessRecord{44017308 11768:com.google.android.gms/u0a6} (pid=11768, uid=10006) that is not exported from uid 10095
10-13 06:24:47.097: W/ActivityManager(1071): Permission Denial: opening provider com.google.android.music.icing.IcingContentProvider from ProcessRecord{44017308 11768:com.google.android.gms/u0a6} (pid=11768, uid=10006) that is not exported from uid 10095
10-13 06:24:47.107: I/SIMContacts(6357): SimPhonebookManager|[0]SIM loading status : false
10-13 06:24:47.107: I/AccountTypeManager(6357): Loaded meta-data for 4 account types, 1 accounts in 23ms(wall) 9ms(cpu)
10-13 06:24:47.107: I/Icing(11768): Indexing 535D890F2EE7BB72EB710A18397A1FB0B3E1A39B from com.google.android.gms
10-13 06:24:47.107: I/ContactLED(6357): emotionalLedType = 2
10-13 06:24:47.107: I/ContactLED(6357): emotionalLedType = 2
10-13 06:24:47.107: I/ContactLED(6357): emotionalLedType = 2
10-13 06:24:47.107: D/AccountTypeManager(6357): Registering 1 extension packages
10-13 06:24:47.107: I/Icing(11768): Indexing done 535D890F2EE7BB72EB710A18397A1FB0B3E1A39B
10-13 06:24:47.117: E/ExternalAccountType(6357): Unsupported attribute readOnly
10-13 06:24:47.117: I/Icing(11768): Indexing BBD2FAAFEB55F2229367DF3834FF136CEACC745D from com.google.android.music
10-13 06:24:47.117: E/Icing(11768): Cursor call threw an exception: Permission Denial: opening provider com.google.android.music.icing.IcingContentProvider from ProcessRecord{44017308 11768:com.google.android.gms/u0a6} (pid=11768, uid=10006) that is not exported from uid 10095
10-13 06:24:47.117: I/Icing(11768): Indexing done BBD2FAAFEB55F2229367DF3834FF136CEACC745D
10-13 06:24:47.117: E/Icing(11768): Aborting indexing of corpus MUSIC_AlbumId
10-13 06:24:47.117: D/AccountTypeManager(6357): Registering extension package account type=com.google, dataSet=plus, packageName=com.google.android.apps.plus
10-13 06:24:47.117: I/Icing(11768): Indexing 827998541811F94E02E1EC68A44ADDCEFD6ACAB1 from com.google.android.googlequicksearchbox
10-13 06:24:47.117: W/ActivityManager(1071): Permission Denial: opening provider com.google.android.music.icing.IcingContentProvider from ProcessRecord{44017308 11768:com.google.android.gms/u0a6} (pid=11768, uid=10006) that is not exported from uid 10095
10-13 06:24:47.157: I/SIMContacts(6357): SimPhonebookManager|[0]SIM loading status : false
10-13 06:24:47.157: I/AccountTypeManager(6357): Loaded meta-data for 4 account types, 1 accounts in 59ms(wall) 8ms(cpu)
10-13 06:24:47.167: I/ContactLED(6357): emotionalLedType = 2
10-13 06:24:47.167: I/ContactLED(6357): emotionalLedType = 2
10-13 06:24:47.167: I/ContactLED(6357): emotionalLedType = 2
10-13 06:24:47.167: D/AccountTypeManager(6357): Registering 1 extension packages
10-13 06:24:47.167: E/ExternalAccountType(6357): Unsupported attribute readOnly
10-13 06:24:47.177: D/AccountTypeManager(6357): Registering extension package account type=com.google, dataSet=plus, packageName=com.google.android.apps.plus
10-13 06:24:47.177: D/WifiService(1071): acquireWifiLockLocked: WifiLock{NlpWifiLock type=2 binder=android.os.BinderProxy@43250928}, 11748, uid=10006, packageName=com.google.uid.shared:10006
10-13 06:24:47.187: I/Icing(11768): Indexing done 827998541811F94E02E1EC68A44ADDCEFD6ACAB1
10-13 06:24:47.187: D/WifiStateMachine(1071): handleMessage: E msg.what=131143
10-13 06:24:47.187: D/WifiStateMachine(1071): processMsg: ConnectedState
10-13 06:24:47.187: D/WifiStateMachine(1071): processMsg: L2ConnectedState
10-13 06:24:47.187: D/WifiNative-wlan0(1071): doBoolean: SCAN TYPE=ONLY
10-13 06:24:47.187: D/wpa_supplicant(2644): RX ctrl_iface - hexdump(len=14): 53 43 41 4e 20 54 59 50 45 3d 4f 4e 4c 59
10-13 06:24:47.187: D/wpa_supplicant(2644): wlan0: Control interface command 'SCAN TYPE=ONLY'
10-13 06:24:47.187: D/wpa_supplicant(2644): wlan0: Setting scan request: 0 sec 0 usec
10-13 06:24:47.187: D/wpa_supplicant(2644): Scan SSID - hexdump(len=15): 77 6c 2d 66 74 6c 2d 6d 74 31 32 2d 31 2d 35
10-13 06:24:47.187: D/wpa_supplicant(2644): wlan0: Starting AP scan for wildcard SSID
10-13 06:24:47.187: D/wpa_supplicant(2644): wlan0: nl80211: scan request
10-13 06:24:47.187: D/wpa_supplicant(2644): nl80211: Scan SSID - hexdump(len=15): 77 6c 2d 66 74 6c 2d 6d 74 31 32 2d 31 2d 35
10-13 06:24:47.187: D/wpa_supplicant(2644): nl80211: Scan SSID - hexdump(len=0): [NULL]
10-13 06:24:47.187: D/wpa_supplicant(2644): nl80211: Scan extra IEs - hexdump(len=16): 7f 04 00 00 00 80 6b 01 0f dd 05 50 6f 9a 10 00
10-13 06:24:47.187: D/wpa_supplicant(2644): Scan requested (ret=0) - scan timeout 30 seconds
10-13 06:24:47.187: D/wpa_supplicant(2644): nl80211: Event message available
10-13 06:24:47.187: D/wpa_supplicant(2644): nl80211: Drv Event 33 (NL80211_CMD_TRIGGER_SCAN) received for wlan0
10-13 06:24:47.187: D/wpa_supplicant(2644): wlan0: nl80211: Scan trigger
10-13 06:24:47.187: I/Icing(11768): Indexing AF55B5484A2BDE9FD01E2329E358A0ACB87BDF24 from com.google.android.googlequicksearchbox
10-13 06:24:47.187: D/WifiService(1071): startScan pid=11748, uid=10006, packageName=com.google.uid.shared:10006
10-13 06:24:47.197: D/WifiNative-wlan0(1071):    returned true
10-13 06:24:47.197: D/WifiStateMachine(1071): handleMessage: X
10-13 06:24:47.197: I/SIMContacts(6357): SimPhonebookManager|[0]SIM loading status : false
10-13 06:24:47.197: I/AccountTypeManager(6357): Loaded meta-data for 4 account types, 1 accounts in 35ms(wall) 9ms(cpu)
10-13 06:24:47.197: I/ContactLED(6357): emotionalLedType = 2
10-13 06:24:47.197: I/ContactLED(6357): emotionalLedType = 2
10-13 06:24:47.197: I/ContactLED(6357): emotionalLedType = 2
10-13 06:24:47.197: D/AccountTypeManager(6357): Registering 1 extension packages
10-13 06:24:47.207: E/ExternalAccountType(6357): Unsupported attribute readOnly
10-13 06:24:47.217: D/AccountTypeManager(6357): Registering extension package account type=com.google, dataSet=plus, packageName=com.google.android.apps.plus
10-13 06:24:47.227: I/SIMContacts(6357): SimPhonebookManager|[0]SIM loading status : false
10-13 06:24:47.227: I/AccountTypeManager(6357): Loaded meta-data for 4 account types, 1 accounts in 31ms(wall) 8ms(cpu)
10-13 06:24:47.257: D/WifiService(1071): acquireWifiLockLocked: WifiLock{NlpWifiLock type=2 binder=android.os.BinderProxy@441c27a8}, 11748, uid=10006, packageName=com.google.uid.shared:10006
10-13 06:24:47.257: D/WifiService(1071): acquireWifiLockLocked: WifiLock{NlpWifiLock type=2 binder=android.os.BinderProxy@43a42208}, 11748, uid=10006, packageName=com.google.uid.shared:10006
10-13 06:24:47.267: D/WifiStateMachine(1071): handleMessage: E msg.what=131143
10-13 06:24:47.267: D/WifiStateMachine(1071): processMsg: ConnectedState
10-13 06:24:47.267: D/WifiStateMachine(1071): processMsg: L2ConnectedState
10-13 06:24:47.267: D/WifiNative-wlan0(1071): doBoolean: SCAN TYPE=ONLY
10-13 06:24:47.267: D/wpa_supplicant(2644): RX ctrl_iface - hexdump(len=14): 53 43 41 4e 20 54 59 50 45 3d 4f 4e 4c 59
10-13 06:24:47.267: D/wpa_supplicant(2644): wlan0: Control interface command 'SCAN TYPE=ONLY'
10-13 06:24:47.267: D/wpa_supplicant(2644): Ongoing scan action - reject new request
10-13 06:24:47.267: D/WifiNative-wlan0(1071):    returned false
