10-13 06:24:44.677: D/WifiService(1071): New client listening to asynchronous messages
10-13 06:24:44.687: I/NetworkScheduler(11731): Using standalone scheduling engine
10-13 06:24:44.687: I/dalvikvm(11731): Could not find method android.os.PowerManager.isPowerSaveMode, referenced from method qba.a
10-13 06:24:44.687: W/dalvikvm(11731): VFY: unable to resolve virtual method 12810: Landroid/os/PowerManager;.isPowerSaveMode ()Z
10-13 06:24:44.687: D/dalvikvm(11731): VFY: replacing opcode 0x6e at 0x0082
10-13 06:24:44.687: I/dalvikvm(11731): Could not find method android.os.PowerManager.isDeviceIdleMode, referenced from method qba.a
10-13 06:24:44.687: W/dalvikvm(11731): VFY: unable to resolve virtual method 12807: Landroid/os/PowerManager;.isDeviceIdleMode ()Z
10-13 06:24:44.687: D/dalvikvm(11731): VFY: replacing opcode 0x6e at 0x0097
10-13 06:24:44.687: I/dalvikvm(11731): Could not find method android.os.PowerManager.isIgnoringBatteryOptimizations, referenced from method qba.a
10-13 06:24:44.687: W/dalvikvm(11731): VFY: unable to resolve virtual method 12808: Landroid/os/PowerManager;.isIgnoringBatteryOptimizations (Ljava/lang/String;)Z
10-13 06:24:44.687: D/dalvikvm(11731): VFY: replacing opcode 0x6e at 0x00f0
10-13 06:24:44.697: D/AndroidRuntime(11782): Calling main entry com.android.commands.am.Am
10-13 06:24:44.707: D/Utils(3152): total cache=32768, package:com.google.android.apps.magazines
10-13 06:24:44.707: D/CacheManager(3152): getAllCacheSize(): package :com.google.android.apps.magazines cache=32768
10-13 06:24:44.717: I/dalvikvm(11731): Could not find method android.content.pm.PackageManager.getPackageInstaller, referenced from method ims.a
10-13 06:24:44.717: W/dalvikvm(11731): VFY: unable to resolve virtual method 829: Landroid/content/pm/PackageManager;.getPackageInstaller ()Landroid/content/pm/PackageInstaller;
10-13 06:24:44.717: D/dalvikvm(11731): VFY: replacing opcode 0x6e at 0x001c
10-13 06:24:44.717: V/SplitWindowPolicyService(1387): requestUpdateStackInfo
10-13 06:24:44.717: I/ActivityManager(1071): Force stopping com.google.android.apps.mtaas.loginutil appid=10120 user=0: start instr
10-13 06:24:44.717: D/ActivityManager(1071): resumeTopActivityLocked: Top activity resumed ActivityRecord{43628e40 u0 com.google.android.apps.mtaas.backdrop/.BackdropActivity t2}
10-13 06:24:44.727: I/ActivityManager(1071): Start proc com.google.android.apps.mtaas.loginutil for added application com.google.android.apps.mtaas.loginutil: pid=11815 uid=10120 gids={50120, 3003, 1028, 1015}
10-13 06:24:44.737: I/dalvikvm(11731): Could not find method android.app.AlarmManager.cancel, referenced from method jng.a
10-13 06:24:44.737: W/dalvikvm(11731): VFY: unable to resolve virtual method 2995: Landroid/app/AlarmManager;.cancel (Landroid/app/AlarmManager$OnAlarmListener;)V
10-13 06:24:44.737: D/dalvikvm(11731): VFY: replacing opcode 0x6e at 0x0002
10-13 06:24:44.737: D/dalvikvm(11768): Trying to load lib /data/app-lib/com.google.android.gms-1/libAppDataSearch.so 0x4325a750
10-13 06:24:44.737: I/dalvikvm(11731): Could not find method android.app.AlarmManager.set, referenced from method jng.a
10-13 06:24:44.737: W/dalvikvm(11731): VFY: unable to resolve virtual method 2997: Landroid/app/AlarmManager;.set (IJJJLandroid/app/AlarmManager$OnAlarmListener;Landroid/os/Handler;Landroid/os/WorkSource;)V
10-13 06:24:44.737: D/dalvikvm(11731): VFY: replacing opcode 0x74 at 0x0018
10-13 06:24:44.737: I/dalvikvm(11731): Could not find method android.app.AlarmManager.setExactAndAllowWhileIdle, referenced from method jng.a
10-13 06:24:44.737: W/dalvikvm(11731): VFY: unable to resolve virtual method 3001: Landroid/app/AlarmManager;.setExactAndAllowWhileIdle (IJLandroid/app/PendingIntent;)V
10-13 06:24:44.737: D/dalvikvm(11731): VFY: replacing opcode 0x6e at 0x0011
10-13 06:24:44.737: I/dalvikvm(11731): Could not find method android.app.AlarmManager.setAndAllowWhileIdle, referenced from method jng.a
10-13 06:24:44.737: W/dalvikvm(11731): VFY: unable to resolve virtual method 3000: Landroid/app/AlarmManager;.setAndAllowWhileIdle (IJLandroid/app/PendingIntent;)V
10-13 06:24:44.737: D/dalvikvm(11731): VFY: replacing opcode 0x6e at 0x0010
10-13 06:24:44.737: I/dalvikvm(11748): Failed resolving Lajnj; interface 6117 'Landroid/app/AlarmManager$OnAlarmListener;'
10-13 06:24:44.737: W/dalvikvm(11748): Link of class 'Lajnj;' failed
10-13 06:24:44.737: E/dalvikvm(11748): Could not find class 'ajnj', referenced from method ajni.<init>
10-13 06:24:44.737: W/dalvikvm(11748): VFY: unable to resolve new-instance 3626 (Lajnj;) in Lajni;
10-13 06:24:44.737: D/dalvikvm(11748): VFY: replacing opcode 0x22 at 0x0082
10-13 06:24:44.747: I/dalvikvm(11748): Failed resolving Lajnj; interface 6117 'Landroid/app/AlarmManager$OnAlarmListener;'
10-13 06:24:44.747: W/dalvikvm(11748): Link of class 'Lajnj;' failed
10-13 06:24:44.747: D/dalvikvm(11748): DexOpt: unable to opt direct call 0x3f82 at 0x84 in Lajni;.<init>
10-13 06:24:44.747: I/dalvikvm(11748): Could not find method android.app.AlarmManager.cancel, referenced from method jng.a
10-13 06:24:44.747: W/dalvikvm(11748): VFY: unable to resolve virtual method 2995: Landroid/app/AlarmManager;.cancel (Landroid/app/AlarmManager$OnAlarmListener;)V
10-13 06:24:44.747: D/dalvikvm(11748): VFY: replacing opcode 0x6e at 0x0002
10-13 06:24:44.747: I/dalvikvm(11731): Could not find method android.net.ConnectivityManager.reportNetworkConnectivity, referenced from method pxz.c
10-13 06:24:44.747: W/dalvikvm(11731): VFY: unable to resolve virtual method 12394: Landroid/net/ConnectivityManager;.reportNetworkConnectivity (Landroid/net/Network;Z)V
10-13 06:24:44.747: D/dalvikvm(11731): VFY: replacing opcode 0x6e at 0x000a
10-13 06:24:44.747: I/dalvikvm(11748): Could not find method android.app.AlarmManager.set, referenced from method jng.a
10-13 06:24:44.747: W/dalvikvm(11748): VFY: unable to resolve virtual method 2997: Landroid/app/AlarmManager;.set (IJJJLandroid/app/AlarmManager$OnAlarmListener;Landroid/os/Handler;Landroid/os/WorkSource;)V
10-13 06:24:44.747: D/dalvikvm(11748): VFY: replacing opcode 0x74 at 0x0018
10-13 06:24:44.757: I/dalvikvm(11748): Could not find method android.app.AlarmManager.setExactAndAllowWhileIdle, referenced from method jng.a
10-13 06:24:44.757: W/dalvikvm(11748): VFY: unable to resolve virtual method 3001: Landroid/app/AlarmManager;.setExactAndAllowWhileIdle (IJLandroid/app/PendingIntent;)V
10-13 06:24:44.757: D/dalvikvm(11748): VFY: replacing opcode 0x6e at 0x0011
10-13 06:24:44.757: D/HyLog(11815): I : /data/font/config/sfconfig.dat, No such file or directory (2)
10-13 06:24:44.757: D/HyLog(11815): I : /data/font/config/dfactpre.dat, No such file or directory (2)
10-13 06:24:44.757: D/HyLog(11815): I : /data/font/config/sfconfig.dat, No such file or directory (2)
10-13 06:24:44.757: E/dalvikvm(11731): Could not find class 'android.app.usage.UsageStatsManager', referenced from method qav.a
10-13 06:24:44.757: W/dalvikvm(11731): VFY: unable to resolve const-class 3307 (Landroid/app/usage/UsageStatsManager;) in Lqav;
10-13 06:24:44.757: D/dalvikvm(11731): VFY: replacing opcode 0x1c at 0x0076
10-13 06:24:44.757: I/dalvikvm(11748): Could not find method android.app.AlarmManager.setAndAllowWhileIdle, referenced from method jng.a
10-13 06:24:44.757: W/dalvikvm(11748): VFY: unable to resolve virtual method 3000: Landroid/app/AlarmManager;.setAndAllowWhileIdle (IJLandroid/app/PendingIntent;)V
10-13 06:24:44.757: D/dalvikvm(11748): VFY: replacing opcode 0x6e at 0x0010
10-13 06:24:44.767: D/WifiService(1071): New client listening to asynchronous messages
10-13 06:24:44.787: D/Utils(3152): total cache=12288, package:com.google.android.youtube
10-13 06:24:44.787: I/dalvikvm(11748): Total arena pages for JIT: 11
10-13 06:24:44.787: I/dalvikvm(11748): Total arena pages for JIT: 12
10-13 06:24:44.787: I/dalvikvm(11748): Total arena pages for JIT: 13
10-13 06:24:44.787: I/dalvikvm(11748): Total arena pages for JIT: 14
10-13 06:24:44.807: D/dalvikvm(11768): Added shared lib /data/app-lib/com.google.android.gms-1/libAppDataSearch.so 0x4325a750
10-13 06:24:44.807: I/dalvikvm(11731): Could not find method android.os.PowerManager.isDeviceIdleMode, referenced from method pyj.onReceive
10-13 06:24:44.807: W/dalvikvm(11731): VFY: unable to resolve virtual method 12807: Landroid/os/PowerManager;.isDeviceIdleMode ()Z
10-13 06:24:44.807: D/dalvikvm(11731): VFY: replacing opcode 0x6e at 0x0038
10-13 06:24:44.817: I/ContextImpl(11768): getDeclaredConstructor
10-13 06:24:44.817: I/dalvikvm(11731): Could not find method android.os.PowerManager.isDeviceIdleMode, referenced from method pva.b
10-13 06:24:44.817: W/dalvikvm(11731): VFY: unable to resolve virtual method 12807: Landroid/os/PowerManager;.isDeviceIdleMode ()Z
10-13 06:24:44.817: D/dalvikvm(11731): VFY: replacing opcode 0x6e at 0x0008
10-13 06:24:44.817: I/dalvikvm(11748): Failed resolving Ljub; interface 915 'Landroid/content/pm/PackageManager$OnPermissionsChangedListener;'
10-13 06:24:44.817: W/dalvikvm(11748): Link of class 'Ljub;' failed
10-13 06:24:44.817: E/dalvikvm(11748): Could not find class 'jub', referenced from method jtz.a
10-13 06:24:44.817: W/dalvikvm(11748): VFY: unable to resolve new-instance 10032 (Ljub;) in Ljtz;
10-13 06:24:44.817: D/dalvikvm(11748): VFY: replacing opcode 0x22 at 0x0014
10-13 06:24:44.827: I/dalvikvm(11748): Failed resolving Ljub; interface 915 'Landroid/content/pm/PackageManager$OnPermissionsChangedListener;'
10-13 06:24:44.827: W/dalvikvm(11748): Link of class 'Ljub;' failed
10-13 06:24:44.827: D/dalvikvm(11748): DexOpt: unable to opt direct call 0xa0ee at 0x1a in Ljtz;.a
10-13 06:24:44.837: D/libc(311): _dns_getaddrinfo: iptype =1
10-13 06:24:44.837: D/libc(311): _dns_getaddrinfo: query_ipv4=1, query_ipv6=0
10-13 06:24:44.857: I/dalvikvm(11768): Could not find method android.content.Context.checkSelfPermission, referenced from method jjg.a
10-13 06:24:44.857: W/dalvikvm(11768): VFY: unable to resolve virtual method 687: Landroid/content/Context;.checkSelfPermission (Ljava/lang/String;)I
10-13 06:24:44.857: D/dalvikvm(11768): VFY: replacing opcode 0x6e at 0x0034
10-13 06:24:44.867: I/dalvikvm(11768): Failed resolving Ljjh; interface 915 'Landroid/content/pm/PackageManager$OnPermissionsChangedListener;'
10-13 06:24:44.867: W/dalvikvm(11768): Link of class 'Ljjh;' failed
10-13 06:24:44.867: E/dalvikvm(11768): Could not find class 'jjh', referenced from method jjg.a
10-13 06:24:44.867: W/dalvikvm(11768): VFY: unable to resolve new-instance 3204 (Ljjh;) in Ljjg;
10-13 06:24:44.867: D/dalvikvm(11768): VFY: replacing opcode 0x22 at 0x0000
10-13 06:24:44.867: I/dalvikvm(11768): Failed resolving Ljjh; interface 915 'Landroid/content/pm/PackageManager$OnPermissionsChangedListener;'
10-13 06:24:44.867: W/dalvikvm(11768): Link of class 'Ljjh;' failed
10-13 06:24:44.867: D/dalvikvm(11768): DexOpt: unable to opt direct call 0x3dc8 at 0x02 in Ljjg;.a
10-13 06:24:44.867: D/LoginUtil(11815): Connected to Internet
10-13 06:24:44.867: D/LoginUtil(11815): Adding Account {name=4A2NI7OQOTX46RNLLDCZ5QQEKA-01@cloudtestlabaccounts.com, type=com.google}
10-13 06:24:44.887: I/dalvikvm(11768): Could not find method android.app.AlarmManager.cancel, referenced from method jng.a
10-13 06:24:44.887: W/dalvikvm(11768): VFY: unable to resolve virtual method 2995: Landroid/app/AlarmManager;.cancel (Landroid/app/AlarmManager$OnAlarmListener;)V
10-13 06:24:44.897: D/dalvikvm(11768): VFY: replacing opcode 0x6e at 0x0002
10-13 06:24:44.897: D/libc(311): _dns_getaddrinfo: iptype =1
10-13 06:24:44.897: D/libc(311): _dns_getaddrinfo: query_ipv4=1, query_ipv6=0
10-13 06:24:44.897: I/ContextImpl(11748): getDeclaredConstructor
10-13 06:24:44.897: I/ActivityManager(1071): Start proc com.google.android.apps.auth.test.support for service com.google.android.apps.auth.test.support/.services.AccountService: pid=11840 uid=10123 gids={50123, 3003, 1028, 1015}
10-13 06:24:44.917: D/Utils(3152): total cache=12288, package:com.lge.bnr
10-13 06:24:44.917: D/dalvikvm(316): GC_EXPLICIT freed 44K, 24% free 27053K/35580K, paused 1ms+2ms, total 22ms
10-13 06:24:44.927: D/HyLog(11840): I : /data/font/config/sfconfig.dat, No such file or directory (2)
10-13 06:24:44.927: D/HyLog(11840): I : /data/font/config/dfactpre.dat, No such file or directory (2)
10-13 06:24:44.927: D/HyLog(11840): I : /data/font/config/sfconfig.dat, No such file or directory (2)
10-13 06:24:44.927: I/GAv4-SVC(11768): Google Analytics 11.5.09 is starting up.
10-13 06:24:44.937: D/dalvikvm(316): GC_EXPLICIT freed <1K, 24% free 27053K/35580K, paused 1ms+2ms, total 19ms
10-13 06:24:44.937: I/dalvikvm(11748): Could not find method android.os.PowerManager.isDeviceIdleMode, referenced from method akig.a
10-13 06:24:44.937: W/dalvikvm(11748): VFY: unable to resolve virtual method 28873: Landroid/os/PowerManager;.isDeviceIdleMode ()Z
10-13 06:24:44.937: D/dalvikvm(11748): VFY: replacing opcode 0x6e at 0x0008
10-13 06:24:44.947: I/dalvikvm(11731): Could not find method android.os.PowerManager.isInteractive, referenced from method jsi.a
10-13 06:24:44.947: W/dalvikvm(11731): VFY: unable to resolve virtual method 4659: Landroid/os/PowerManager;.isInteractive ()Z
10-13 06:24:44.947: D/dalvikvm(11731): VFY: replacing opcode 0x6e at 0x0006
10-13 06:24:44.957: D/dalvikvm(316): GC_EXPLICIT freed <1K, 24% free 27053K/35580K, paused 1ms+2ms, total 18ms
10-13 06:24:44.957: E/dalvikvm(11768): Could not find class 'android.app.job.JobScheduler', referenced from method dcf.c
10-13 06:24:44.957: W/dalvikvm(11768): VFY: unable to resolve check-cast 831 (Landroid/app/job/JobScheduler;) in Ldcf;
10-13 06:24:44.957: D/dalvikvm(11768): VFY: replacing opcode 0x1f at 0x001c
10-13 06:24:44.967: W/AuthService(11840): [TestArgsHelper] Error when calling AndroidTestUtil.getTestArgs(). Note that this behavior might be expected.
10-13 06:24:44.967: I/dalvikvm(11768): Could not find method android.app.AlarmManager.set, referenced from method jng.a
10-13 06:24:44.967: W/dalvikvm(11768): VFY: unable to resolve virtual method 2997: Landroid/app/AlarmManager;.set (IJJJLandroid/app/AlarmManager$OnAlarmListener;Landroid/os/Handler;Landroid/os/WorkSource;)V
10-13 06:24:44.967: D/dalvikvm(11768): VFY: replacing opcode 0x74 at 0x0018
10-13 06:24:44.967: I/dalvikvm(11768): Could not find method android.app.AlarmManager.setExactAndAllowWhileIdle, referenced from method jng.a
10-13 06:24:44.967: W/dalvikvm(11768): VFY: unable to resolve virtual method 3001: Landroid/app/AlarmManager;.setExactAndAllowWhileIdle (IJLandroid/app/PendingIntent;)V
10-13 06:24:44.967: D/dalvikvm(11768): VFY: replacing opcode 0x6e at 0x0011
10-13 06:24:44.967: E/ActivityThread(11840): Failed to find provider info for com.google.android.apps.common.testing.services.storage.testargs
10-13 06:24:44.977: E/dalvikvm(11768): Could not find class 'android.telephony.SubscriptionManager', referenced from method com.google.android.gms.checkin.CheckinChimeraService.c
10-13 06:24:44.977: W/dalvikvm(11768): VFY: unable to resolve check-cast 1221 (Landroid/telephony/SubscriptionManager;) in Lcom/google/android/gms/checkin/CheckinChimeraService;
10-13 06:24:44.977: D/dalvikvm(11768): VFY: replacing opcode 0x1f at 0x000e
10-13 06:24:44.997: I/dalvikvm(11768): Could not find method android.app.AlarmManager.setAndAllowWhileIdle, referenced from method jng.a
10-13 06:24:44.997: W/dalvikvm(11768): VFY: unable to resolve virtual method 3000: Landroid/app/AlarmManager;.setAndAllowWhileIdle (IJLandroid/app/PendingIntent;)V
10-13 06:24:44.997: D/dalvikvm(11768): VFY: replacing opcode 0x6e at 0x0010
10-13 06:24:44.997: I/CheckinChimeraService(11768): android.os.VintfObject class not found : android.os.VintfObject
10-13 06:24:44.997: D/dalvikvm(11768): DexOpt: couldn't find field Landroid/os/Message;.sendingUid
10-13 06:24:44.997: W/dalvikvm(11768): VFY: unable to resolve instance field 7040
10-13 06:24:44.997: D/dalvikvm(11768): VFY: replacing opcode 0x52 at 0x0002
10-13 06:24:45.007: I/Icing(11768): Storage manager: low false usage 1.75MB avail 10.80GB capacity 11.25GB
10-13 06:24:45.007: D/Utils(3152): total cache=12288, package:com.google.android.gsf
10-13 06:24:45.007: I/dalvikvm(11840): Could not find method android.content.pm.PackageManager.getPackageInstaller, referenced from method db.a
10-13 06:24:45.007: W/dalvikvm(11840): VFY: unable to resolve virtual method 181: Landroid/content/pm/PackageManager;.getPackageInstaller ()Landroid/content/pm/PackageInstaller;
10-13 06:24:45.007: D/dalvikvm(11840): VFY: replacing opcode 0x6e at 0x000b
10-13 06:24:45.007: I/AuthService(11840): [AddAccountOperation] Call GmsCore API.
10-13 06:24:45.017: D/Utils(3152): total cache=28672, package:com.android.keyguard
10-13 06:24:45.017: D/CacheManager(3152): getAllCacheSize(): package :com.android.keyguard cache=28672
10-13 06:24:45.027: I/dalvikvm(11731): Could not find method android.accounts.AccountManager.notifyAccountAuthenticated, referenced from method fkq.a
10-13 06:24:45.027: W/dalvikvm(11731): VFY: unable to resolve virtual method 2867: Landroid/accounts/AccountManager;.notifyAccountAuthenticated (Landroid/accounts/Account;)Z
10-13 06:24:45.027: D/dalvikvm(11731): VFY: replacing opcode 0x6e at 0x009d
10-13 06:24:45.027: I/CheckinCompat(11768): Disabling old GoogleServicesFramework version
10-13 06:24:45.027: D/Utils(3152): total cache=12288, package:com.lge.lteconfig
10-13 06:24:45.057: I/dalvikvm(11731): Could not find method android.accounts.AccountManager.removeAccountExplicitly, referenced from method ebp.a
10-13 06:24:45.057: W/dalvikvm(11731): VFY: unable to resolve virtual method 2871: Landroid/accounts/AccountManager;.removeAccountExplicitly (Landroid/accounts/Account;)Z
10-13 06:24:45.057: D/dalvikvm(11731): VFY: replacing opcode 0x6e at 0x0023
10-13 06:24:45.067: I/dalvikvm(11731): Could not find method java.util.Locale.toLanguageTag, referenced from method ebp.c
10-13 06:24:45.067: W/dalvikvm(11731): VFY: unable to resolve virtual method 38660: Ljava/util/Locale;.toLanguageTag ()Ljava/lang/String;
10-13 06:24:45.067: D/dalvikvm(11731): VFY: replacing opcode 0x6e at 0x0014
10-13 06:24:45.087: D/dalvikvm(11731): GC_EXPLICIT freed 2367K, 19% free 28972K/35580K, paused 3ms+5ms, total 51ms
10-13 06:24:45.097: I/dalvikvm(11731): Could not find method android.accounts.AccountManager.removeAccountExplicitly, referenced from method edl.a
10-13 06:24:45.097: W/dalvikvm(11731): VFY: unable to resolve virtual method 2871: Landroid/accounts/AccountManager;.removeAccountExplicitly (Landroid/accounts/Account;)Z
10-13 06:24:45.097: D/dalvikvm(11731): VFY: replacing opcode 0x6e at 0x000c
10-13 06:24:45.097: E/QMI_FW(11105): [LGE_VSS_QCCI][AP]Daemon:qcci_qmi_lge_vss_init: qmi_client_get_service_list returned -2 num_services 0
10-13 06:24:45.097: E/QMI_FW(11105): [LGE_VSS_QCCI][AP]Daemon:qcci_qmi_lge_vss_init:retry count exceeds limit QMI init failed continuing without server
10-13 06:24:45.107: W/dalvikvm(11731): VFY: unable to find class referenced in signature (Landroid/app/NotificationChannel;)
10-13 06:24:45.107: I/dalvikvm(11731): Could not find method android.app.NotificationManager.createNotificationChannel, referenced from method jiq.a
10-13 06:24:45.107: W/dalvikvm(11731): VFY: unable to resolve virtual method 3121: Landroid/app/NotificationManager;.createNotificationChannel (Landroid/app/NotificationChannel;)V
10-13 06:24:45.107: D/dalvikvm(11731): VFY: replacing opcode 0x6e at 0x0008
10-13 06:24:45.117: I/dalvikvm(11731): Could not find method android.app.Notification.getChannelId, referenced from method jiq.a
10-13 06:24:45.117: W/dalvikvm(11731): VFY: unable to resolve virtual method 3115: Landroid/app/Notification;.getChannelId ()Ljava/lang/String;
10-13 06:24:45.117: D/dalvikvm(11731): VFY: replacing opcode 0x6e at 0x001d
10-13 06:24:45.117: D/dalvikvm(11731): DexOpt: unable to opt direct call 0x0c2d at 0x38 in Ljiq;.a
10-13 06:24:45.117: W/ChimeraUtils(11731): Non Chimera context
10-13 06:24:45.127: I/dalvikvm(11731): Could not find method android.app.admin.DevicePolicyManager.isProfileOwnerApp, referenced from method ffa.b
10-13 06:24:45.127: W/dalvikvm(11731): VFY: unable to resolve virtual method 3202: Landroid/app/admin/DevicePolicyManager;.isProfileOwnerApp (Ljava/lang/String;)Z
10-13 06:24:45.127: D/dalvikvm(11731): VFY: replacing opcode 0x6e at 0x0011
10-13 06:24:45.127: I/dalvikvm(11731): Could not find method android.app.admin.DevicePolicyManager.getProfileOwner, referenced from method ffa.a
10-13 06:24:45.127: W/dalvikvm(11731): VFY: unable to resolve virtual method 3200: Landroid/app/admin/DevicePolicyManager;.getProfileOwner ()Landroid/content/ComponentName;
10-13 06:24:45.127: D/dalvikvm(11731): VFY: replacing opcode 0x6e at 0x0012
10-13 06:24:45.167: I/Auth(11731): [ReflectiveChannelBinder] Successfully bound channel!
10-13 06:24:45.177: I/GoogleURLConnFactory(11731): Using platform SSLCertificateSocketFactory
10-13 06:24:45.187: E/BaseAppContext(11731): Tried to stop global GMSCore RequestQueue. This is likely unintended, so ignoring.
10-13 06:24:45.197: D/Utils(3152): total cache=12288, package:com.android.chrome
10-13 06:24:45.207: I/DynamiteModule(11731): Considering local module com.google.android.gms.googlecertificates:4 and remote module com.google.android.gms.googlecertificates:4
10-13 06:24:45.207: I/DynamiteModule(11731): Selected local version of com.google.android.gms.googlecertificates
10-13 06:24:45.217: E/QcrilMsgTunnelSocket(1736): Hit EOS reading message length
10-13 06:24:45.217: I/QcrilMsgTunnelSocket(1736): Disconnected from 'qmux_radio/rild_oem0' socket
10-13 06:24:45.217: E/QcrilMsgTunnelSocket(1736): IOException - java.io.IOException: Connection refused Reason: Connection refused
10-13 06:24:45.237: W/Settings(1566): Setting airplane_mode_on has moved from android.provider.Settings.System to android.provider.Settings.Global, returning read-only value.
10-13 06:24:45.247: W/Settings(1566): Setting airplane_mode_on has moved from android.provider.Settings.System to android.provider.Settings.Global, returning read-only value.
10-13 06:24:45.247: W/Settings(1566): Setting airplane_mode_on has moved from android.provider.Settings.System to android.provider.Settings.Global, returning read-only value.
10-13 06:24:45.247: D/KeyguardModel(1363): mIsEmergencyOnly = false currentServiceState = 1
10-13 06:24:45.247: I/[SystemUI]StatusBar.NetworkController(1363): onServiceStateChanged voiceState=1 dataState=1
10-13 06:24:45.247: D/BubblePopupHelper(1363): isShowingBubblePopup : false
10-13 06:24:45.247: W/Settings(1566): Setting airplane_mode_on has moved from android.provider.Settings.System to android.provider.Settings.Global, returning read-only value.
10-13 06:24:45.247: D/MobileDataStateTracker(1071): rcs: Broadcast received: android.intent.action.ANY_DATA_STATE apnType=rcs
10-13 06:24:45.247: D/MobileDataStateTracker(1071): rcs: rcs setting isAvailable to true
10-13 06:24:45.247: D/MobileDataStateTracker(1071): rcs: Received state=DISCONNECTED, old=DISCONNECTED, reason=radioTurnedOff
10-13 06:24:45.247: D/MobileDataStateTracker(1071): fota: Broadcast received: android.intent.action.ANY_DATA_STATE apnType=fota
10-13 06:24:45.247: D/MobileDataStateTracker(1071): fota: fota setting isAvailable to true
10-13 06:24:45.247: D/MobileDataStateTracker(1071): fota: Received state=DISCONNECTED, old=DISCONNECTED, reason=radioTurnedOff
10-13 06:24:45.247: D/MobileDataStateTracker(1071): dun: Broadcast received: android.intent.action.ANY_DATA_STATE apnType=dun
10-13 06:24:45.257: D/BubblePopupHelper(1363): isShowingBubblePopup : false
10-13 06:24:45.257: D/dalvikvm(1071): GC_EXPLICIT freed 1393K, 27% free 38324K/52300K, paused 6ms+17ms, total 157ms
10-13 06:24:45.257: W/Icing(11768): city name for address is empty or is not existed. 
10-13 06:24:45.257: W/Icing(11768): street name for address is empty or is not existed. 
10-13 06:24:45.257: W/Icing(11768): transportation_script_path is empty
10-13 06:24:45.257: D/MobileDataStateTracker(1071): dun: dun setting isAvailable to true
10-13 06:24:45.257: D/MobileDataStateTracker(1071): dun: Received state=DISCONNECTED, old=DISCONNECTED, reason=radioTurnedOff
10-13 06:24:45.257: D/MobileDataStateTracker(1071): emergency: Broadcast received: android.intent.action.ANY_DATA_STATE apnType=emergency
10-13 06:24:45.267: W/Icing(11768): Words file  does not exist!
10-13 06:24:45.267: W/Icing(11768): WordsMap was not properly initialized
10-13 06:24:45.267: I/dalvikvm(11768): Could not find method android.os.UserHandle.isOwner, referenced from method qzc.a
10-13 06:24:45.267: W/dalvikvm(11768): VFY: unable to resolve virtual method 12850: Landroid/os/UserHandle;.isOwner ()Z
10-13 06:24:45.267: D/dalvikvm(11768): VFY: replacing opcode 0x6e at 0x0030
10-13 06:24:45.267: W/Settings(1566): Setting airplane_mode_on has moved from android.provider.Settings.System to android.provider.Settings.Global, returning read-only value.
10-13 06:24:45.277: W/Settings(1566): Setting airplane_mode_on has moved from android.provider.Settings.System to android.provider.Settings.Global, returning read-only value.
10-13 06:24:45.277: D/LocationManagerService(1071): request 43d6b378 passive Request[POWER_NONE passive fastest=0] from com.google.android.gms(10006)
10-13 06:24:45.277: D/LocationManagerService(1071): provider request: passive ProviderRequest[ON interval=0]
10-13 06:24:45.277: I/[SystemUI]LGPhoneStatusBarPolicy(1363): onReceive = android.intent.action.SERVICE_STATE
10-13 06:24:45.277: D/MobileDataStateTracker(1071): emergency: emergency setting isAvailable to true
10-13 06:24:45.277: D/MobileDataStateTracker(1071): emergency: Received state=DISCONNECTED, old=DISCONNECTED, reason=radioTurnedOff
10-13 06:24:45.277: D/MobileDataStateTracker(1071): supl: Broadcast received: android.intent.action.ANY_DATA_STATE apnType=supl
10-13 06:24:45.287: W/Settings(1566): Setting airplane_mode_on has moved from android.provider.Settings.System to android.provider.Settings.Global, returning read-only value.
10-13 06:24:45.287: V/MmsSystemEventReceiver(7402): Intent received: Intent { act=android.intent.action.ANY_DATA_STATE flg=0x10 cmp=com.android.mms/.transaction.MmsSystemEventReceiver (has extras) }
10-13 06:24:45.287: D/MobileDataStateTracker(1071): supl: supl setting isAvailable to true
10-13 06:24:45.287: D/MobileDataStateTracker(1071): supl: Received state=DISCONNECTED, old=DISCONNECTED, reason=radioTurnedOff
10-13 06:24:45.287: D/MobileDataStateTracker(1071): hipri: Broadcast received: android.intent.action.ANY_DATA_STATE apnType=hipri
10-13 06:24:45.297: W/Settings(1566): Setting airplane_mode_on has moved from android.provider.Settings.System to android.provider.Settings.Global, returning read-only value.
10-13 06:24:45.297: V/MmsSystemEventReceiver(7402): ANY_DATA_STATE event received: DISCONNECTED
10-13 06:24:45.297: W/Settings(1566): Setting airplane_mode_on has moved from android.provider.Settings.System to android.provider.Settings.Global, returning read-only value.
10-13 06:24:45.297: D/MobileDataStateTracker(1071): hipri: hipri setting isAvailable to true
10-13 06:24:45.297: D/MobileDataStateTracker(1071): hipri: Received state=DISCONNECTED, old=DISCONNECTED, reason=radioTurnedOff
10-13 06:24:45.297: D/MobileDataStateTracker(1071): ims: Broadcast received: android.intent.action.ANY_DATA_STATE apnType=ims
10-13 06:24:45.297: D/MobileDataStateTracker(1071): ims: ims setting isAvailable to true
10-13 06:24:45.297: D/MobileDataStateTracker(1071): ims: Received state=DISCONNECTED, old=DISCONNECTED, reason=radioTurnedOff
10-13 06:24:45.297: D/MobileDataStateTracker(1071): default: Broadcast received: android.intent.action.ANY_DATA_STATE apnType=default
10-13 06:24:45.307: E/QMI_FW(11881): [LGE_VSS_QCCI][AP] qcci_qmi_lge_vss_init-entered~~
10-13 06:24:45.307: E/QMI_FW(11881): [LGE_VSS_QCCI][AP]Daemon:qcci_qmi_lge_vss_init: qmi_client_get_service_list returned -2 num_services 0
10-13 06:24:45.307: E/Diag_Lib(11881): qmi_init:  Not initialized, calling process init sequence
10-13 06:24:45.307: E/Diag_Lib(11881): Setting internal use port to rmnet0
10-13 06:24:45.307: W/Settings(1566): Setting airplane_mode_on has moved from android.provider.Settings.System to android.provider.Settings.Global, returning read-only value.
10-13 06:24:45.307: V/SmsReceiverService(7402): onStart: #1 mResultCode: -1 = Activity.RESULT_OK
10-13 06:24:45.307: I/dalvikvm(11748): Could not find method android.content.res.Configuration.getLocales, referenced from method jkh.<init>
10-13 06:24:45.307: W/dalvikvm(11748): VFY: unable to resolve virtual method 3675: Landroid/content/res/Configuration;.getLocales ()Landroid/os/LocaleList;
10-13 06:24:45.307: D/dalvikvm(11748): VFY: replacing opcode 0x6e at 0x0039
10-13 06:24:45.307: I/dalvikvm(11748): Could not find method java.util.Locale.toLanguageTag, referenced from method jkh.<init>
10-13 06:24:45.307: W/dalvikvm(11748): VFY: unable to resolve virtual method 38660: Ljava/util/Locale;.toLanguageTag ()Ljava/lang/String;
10-13 06:24:45.307: D/dalvikvm(11748): VFY: replacing opcode 0x6e at 0x0065
10-13 06:24:45.307: V/MmsSystemEventReceiver(7402): Intent received: Intent { act=android.intent.action.ANY_DATA_STATE flg=0x10 cmp=com.android.mms/.transaction.MmsSystemEventReceiver (has extras) }
10-13 06:24:45.307: V/MmsSystemEventReceiver(7402): ANY_DATA_STATE event received: DISCONNECTED
10-13 06:24:45.307: W/Settings(1566): Setting airplane_mode_on has moved from android.provider.Settings.System to android.provider.Settings.Global, returning read-only value.
10-13 06:24:45.307: D/MobileDataStateTracker(1071): default: default setting isAvailable to true
10-13 06:24:45.307: D/MobileDataStateTracker(1071): default: Received state=DISCONNECTED, old=DISCONNECTED, reason=radioTurnedOff
10-13 06:24:45.307: D/MobileDataStateTracker(1071): mms: Broadcast received: android.intent.action.ANY_DATA_STATE apnType=mms
10-13 06:24:45.317: V/MmsSystemEventReceiver(7402): Intent received: Intent { act=android.intent.action.ANY_DATA_STATE flg=0x10 cmp=com.android.mms/.transaction.MmsSystemEventReceiver (has extras) }
10-13 06:24:45.317: V/MmsSystemEventReceiver(7402): ANY_DATA_STATE event received: DISCONNECTED
10-13 06:24:45.317: W/Settings(1566): Setting airplane_mode_on has moved from android.provider.Settings.System to android.provider.Settings.Global, returning read-only value.
10-13 06:24:45.317: D/MobileDataStateTracker(1071): mms: mms setting isAvailable to true
10-13 06:24:45.317: D/MobileDataStateTracker(1071): mms: Received state=DISCONNECTED, old=DISCONNECTED, reason=radioTurnedOff
10-13 06:24:45.317: D/MobileDataStateTracker(1071): cbs: Broadcast received: android.intent.action.ANY_DATA_STATE apnType=cbs
10-13 06:24:45.317: D/MobileDataStateTracker(1071): cbs: cbs setting isAvailable to true
10-13 06:24:45.317: D/MobileDataStateTracker(1071): cbs: Received state=DISCONNECTED, old=DISCONNECTED, reason=radioTurnedOff
10-13 06:24:45.317: D/MobileDataStateTracker(1071): rcs: Broadcast received: android.intent.action.ANY_DATA_STATE apnType=rcs
10-13 06:24:45.327: D/MobileDataStateTracker(1071): rcs: rcs setting isAvailable to true
10-13 06:24:45.327: D/MobileDataStateTracker(1071): rcs: Received state=DISCONNECTED, old=DISCONNECTED, reason=radioTurnedOff
10-13 06:24:45.337: W/Settings(1566): Setting airplane_mode_on has moved from android.provider.Settings.System to android.provider.Settings.Global, returning read-only value.
10-13 06:24:45.337: W/Settings(1566): Setting airplane_mode_on has moved from android.provider.Settings.System to android.provider.Settings.Global, returning read-only value.
10-13 06:24:45.337: D/MobileDataStateTracker(1071): fota: Broadcast received: android.intent.action.ANY_DATA_STATE apnType=fota
10-13 06:24:45.337: D/MobileDataStateTracker(1071): fota: fota setting isAvailable to true
10-13 06:24:45.337: D/MobileDataStateTracker(1071): fota: Received state=DISCONNECTED, old=DISCONNECTED, reason=radioTurnedOff
10-13 06:24:45.337: D/MobileDataStateTracker(1071): dun: Broadcast received: android.intent.action.ANY_DATA_STATE apnType=dun
10-13 06:24:45.347: V/MmsSystemEventReceiver(7402): Intent received: Intent { act=android.intent.action.ANY_DATA_STATE flg=0x10 cmp=com.android.mms/.transaction.MmsSystemEventReceiver (has extras) }
10-13 06:24:45.347: V/MmsSystemEventReceiver(7402): ANY_DATA_STATE event received: DISCONNECTED
10-13 06:24:45.347: D/MobileDataStateTracker(1071): dun: dun setting isAvailable to true
10-13 06:24:45.347: D/MobileDataStateTracker(1071): dun: Received state=DISCONNECTED, old=DISCONNECTED, reason=radioTurnedOff
10-13 06:24:45.357: W/Settings(1566): Setting airplane_mode_on has moved from android.provider.Settings.System to android.provider.Settings.Global, returning read-only value.
10-13 06:24:45.357: V/MmsSystemEventReceiver(7402): Intent received: Intent { act=android.intent.action.ANY_DATA_STATE flg=0x10 cmp=com.android.mms/.transaction.MmsSystemEventReceiver (has extras) }
10-13 06:24:45.357: V/MmsSystemEventReceiver(7402): ANY_DATA_STATE event received: DISCONNECTED
10-13 06:24:45.357: W/Settings(1566): Setting airplane_mode_on has moved from android.provider.Settings.System to android.provider.Settings.Global, returning read-only value.
10-13 06:24:45.357: D/SmsReceiverService(7402): [LGE] ACTION_SERVICE_STATE_CHANGED received
10-13 06:24:45.357: W/Settings(1566): Setting airplane_mode_on has moved from android.provider.Settings.System to android.provider.Settings.Global, returning read-only value.
10-13 06:24:45.357: D/MobileDataStateTracker(1071): emergency: Broadcast received: android.intent.action.ANY_DATA_STATE apnType=emergency
10-13 06:24:45.357: D/MobileDataStateTracker(1071): emergency: emergency setting isAvailable to true
10-13 06:24:45.357: D/MobileDataStateTracker(1071): emergency: Received state=DISCONNECTED, old=DISCONNECTED, reason=radioTurnedOff
10-13 06:24:45.357: D/MobileDataStateTracker(1071): supl: Broadcast received: android.intent.action.ANY_DATA_STATE apnType=supl
10-13 06:24:45.367: I/Auth(11731): [ReflectiveChannelBinder] Successfully bound channel!
10-13 06:24:45.367: W/Settings(1566): Setting airplane_mode_on has moved from android.provider.Settings.System to android.provider.Settings.Global, returning read-only value.
10-13 06:24:45.367: D/MobileDataStateTracker(1071): supl: supl setting isAvailable to true
10-13 06:24:45.367: D/MobileDataStateTracker(1071): supl: Received state=DISCONNECTED, old=DISCONNECTED, reason=radioTurnedOff
10-13 06:24:45.367: D/MobileDataStateTracker(1071): hipri: Broadcast received: android.intent.action.ANY_DATA_STATE apnType=hipri
10-13 06:24:45.367: D/MobileDataStateTracker(1071): hipri: hipri setting isAvailable to true
10-13 06:24:45.377: W/Settings(1566): Setting airplane_mode_on has moved from android.provider.Settings.System to android.provider.Settings.Global, returning read-only value.
10-13 06:24:45.377: D/MobileDataStateTracker(1071): hipri: Received state=DISCONNECTED, old=DISCONNECTED, reason=radioTurnedOff
10-13 06:24:45.377: D/MobileDataStateTracker(1071): ims: Broadcast received: android.intent.action.ANY_DATA_STATE apnType=ims
10-13 06:24:45.377: D/MobileDataStateTracker(1071): ims: ims setting isAvailable to true
10-13 06:24:45.377: D/MobileDataStateTracker(1071): ims: Received state=DISCONNECTED, old=DISCONNECTED, reason=radioTurnedOff
10-13 06:24:45.377: D/MobileDataStateTracker(1071): mms: Broadcast received: android.intent.action.ANY_DATA_STATE apnType=mms
10-13 06:24:45.377: D/MobileDataStateTracker(1071): mms: mms setting isAvailable to true
10-13 06:24:45.377: D/MobileDataStateTracker(1071): mms: Received state=DISCONNECTED, old=DISCONNECTED, reason=radioTurnedOff
10-13 06:24:45.377: D/MobileDataStateTracker(1071): cbs: Broadcast received: android.intent.action.ANY_DATA_STATE apnType=cbs
10-13 06:24:45.387: D/BluetoothManagerService(1071): Message: 20
10-13 06:24:45.387: D/BluetoothManagerService(1071): Added callback: android.bluetooth.IBluetoothManagerCallback$Stub$Proxy@43d6e6d0:true
10-13 06:24:45.387: I/KeyguardViewMediator(1363): mBroadCastReceiver() intent.action : ACTION_SIM_STATE_CHANGED
10-13 06:24:45.387: I/KeyguardViewMediator(1363): mBroadCastReceiver() stateExtra : NOT_READY
10-13 06:24:45.387: D/WifiServiceExtension(1071): Enter updateSimState(), State = NOT_READY
10-13 06:24:45.387: D/KeyguardUpdateMonitor(1363): setUsimStateLoaded() getSimloaded : false
10-13 06:24:45.387: D/KeyguardUpdateMonitor(1363): received broadcast android.intent.action.SIM_STATE_CHANGED
10-13 06:24:45.387: V/KeyguardUpdateMonitor(1363): action android.intent.action.SIM_STATE_CHANGED stateNOT_READY
10-13 06:24:45.387: D/KeyguardUpdateMonitor(1363): ACTION_SIM_STATE_CHANGED intent received on sub = 0
10-13 06:24:45.387: V/PhoneApp(1566): Action intent recieved:android.intent.action.SERVICE_STATE
10-13 06:24:45.387: D/NotificationMgr(1566): updateNetworkSelection()...state = 1 new network 
10-13 06:24:45.387: V/MmsSystemEventReceiver(7402): Intent received: Intent { act=android.intent.action.ANY_DATA_STATE flg=0x10 cmp=com.android.mms/.transaction.MmsSystemEventReceiver (has extras) }
10-13 06:24:45.387: V/MmsSystemEventReceiver(7402): ANY_DATA_STATE event received: DISCONNECTED
10-13 06:24:45.387: I/LgeGpsLocationProvider(1071): Intent - android.intent.action.SIM_STATE_CHANGED
10-13 06:24:45.387: E/LgeGpsLocationProvider(1071): TelephonyIntents.ACTION_SIM_STATE_CHANGED
10-13 06:24:45.387: D/MobileDataStateTracker(1071): cbs: cbs setting isAvailable to true
10-13 06:24:45.387: D/MobileDataStateTracker(1071): cbs: Received state=DISCONNECTED, old=DISCONNECTED, reason=radioTurnedOff
10-13 06:24:45.397: D/LgeGpsLocationProvider(1071): lgeUpdateSimState : state=NOT_READY
10-13 06:24:45.397: D/LgeGpsLocationProvider(1071): ICC records Load is not complete
10-13 06:24:45.397: D/BubblePopupHelper(1363): isShowingBubblePopup : false
10-13 06:24:45.397: D/BubblePopupHelper(1363): isShowingBubblePopup : false
10-13 06:24:45.397: I/[SystemUI]PhoneStatusBarPolicy(1363): onReceive = android.intent.action.SIM_STATE_CHANGED
10-13 06:24:45.397: V/PhoneApp(1566): Action intent recieved:android.intent.action.ANY_DATA_STATE
10-13 06:24:45.397: I/SettingConfigUtils(1566): isCroatiaTele_SIM 
10-13 06:24:45.397: I/SettingConfigUtils(1566): isCroatiaTele_SIM false
10-13 06:24:45.397: I/SettingConfigUtils(1566): isPolandP4P_SIM 
10-13 06:24:45.397: I/SettingConfigUtils(1566): isPolandP4P_SIM false
10-13 06:24:45.397: I/SettingConfigUtils(1566): isH3G_SIM 
10-13 06:24:45.397: I/SettingConfigUtils(1566): isH3G_SIM false
10-13 06:24:45.397: I/SettingConfigUtils(1566): isCroatiaTele_SIM 
10-13 06:24:45.397: I/SettingConfigUtils(1566): isCroatiaTele_SIM false
10-13 06:24:45.397: V/PhoneApp(1566): Action intent recieved:android.intent.action.ANY_DATA_STATE
10-13 06:24:45.397: I/SettingConfigUtils(1566): isCroatiaTele_SIM 
10-13 06:24:45.397: I/SettingConfigUtils(1566): isCroatiaTele_SIM false
10-13 06:24:45.397: I/SettingConfigUtils(1566): isPolandP4P_SIM 
10-13 06:24:45.397: I/SettingConfigUtils(1566): isPolandP4P_SIM false
10-13 06:24:45.397: I/SettingConfigUtils(1566): isH3G_SIM 
10-13 06:24:45.397: I/SettingConfigUtils(1566): isH3G_SIM false
10-13 06:24:45.397: I/SettingConfigUtils(1566): isCroatiaTele_SIM 
10-13 06:24:45.397: I/SettingConfigUtils(1566): isCroatiaTele_SIM false
10-13 06:24:45.397: V/PhoneApp(1566): Action intent recieved:android.intent.action.ANY_DATA_STATE
10-13 06:24:45.397: I/SettingConfigUtils(1566): isCroatiaTele_SIM 
10-13 06:24:45.397: I/SettingConfigUtils(1566): isCroatiaTele_SIM false
10-13 06:24:45.397: I/SettingConfigUtils(1566): isPolandP4P_SIM 
10-13 06:24:45.397: I/SettingConfigUtils(1566): isPolandP4P_SIM false
10-13 06:24:45.397: I/SettingConfigUtils(1566): isH3G_SIM 
10-13 06:24:45.397: I/SettingConfigUtils(1566): isH3G_SIM false
10-13 06:24:45.397: I/SettingConfigUtils(1566): isCroatiaTele_SIM 
10-13 06:24:45.397: I/SettingConfigUtils(1566): isCroatiaTele_SIM false
10-13 06:24:45.397: V/PhoneApp(1566): Action intent recieved:android.intent.action.ANY_DATA_STATE
10-13 06:24:45.397: I/SettingConfigUtils(1566): isCroatiaTele_SIM 
10-13 06:24:45.397: I/SettingConfigUtils(1566): isCroatiaTele_SIM false
10-13 06:24:45.397: I/SettingConfigUtils(1566): isPolandP4P_SIM 
10-13 06:24:45.397: I/SettingConfigUtils(1566): isPolandP4P_SIM false
10-13 06:24:45.397: I/SettingConfigUtils(1566): isH3G_SIM 
10-13 06:24:45.397: I/SettingConfigUtils(1566): isH3G_SIM false
10-13 06:24:45.397: I/SettingConfigUtils(1566): isCroatiaTele_SIM 
10-13 06:24:45.397: I/SettingConfigUtils(1566): isCroatiaTele_SIM false
10-13 06:24:45.397: V/PhoneApp(1566): Action intent recieved:android.intent.action.ANY_DATA_STATE
10-13 06:24:45.397: I/SettingConfigUtils(1566): isCroatiaTele_SIM 
10-13 06:24:45.397: I/SettingConfigUtils(1566): isCroatiaTele_SIM false
10-13 06:24:45.397: I/SettingConfigUtils(1566): isPolandP4P_SIM 
10-13 06:24:45.397: I/SettingConfigUtils(1566): isPolandP4P_SIM false
10-13 06:24:45.397: I/SettingConfigUtils(1566): isH3G_SIM 
10-13 06:24:45.397: I/SettingConfigUtils(1566): isH3G_SIM false
10-13 06:24:45.397: I/SettingConfigUtils(1566): isCroatiaTele_SIM 
10-13 06:24:45.397: I/SettingConfigUtils(1566): isCroatiaTele_SIM false
10-13 06:24:45.397: V/PhoneApp(1566): Action intent recieved:android.intent.action.ANY_DATA_STATE
10-13 06:24:45.397: I/SettingConfigUtils(1566): isCroatiaTele_SIM 
10-13 06:24:45.397: I/SettingConfigUtils(1566): isCroatiaTele_SIM false
10-13 06:24:45.397: I/SettingConfigUtils(1566): isPolandP4P_SIM 
10-13 06:24:45.397: I/SettingConfigUtils(1566): isPolandP4P_SIM false
10-13 06:24:45.397: I/SettingConfigUtils(1566): isH3G_SIM 
10-13 06:24:45.397: I/SettingConfigUtils(1566): isH3G_SIM false
10-13 06:24:45.397: I/SettingConfigUtils(1566): isCroatiaTele_SIM 
10-13 06:24:45.397: I/SettingConfigUtils(1566): isCroatiaTele_SIM false
10-13 06:24:45.397: V/PhoneApp(1566): Action intent recieved:android.intent.action.ANY_DATA_STATE
10-13 06:24:45.397: I/SettingConfigUtils(1566): isCroatiaTele_SIM 
10-13 06:24:45.397: I/SettingConfigUtils(1566): isCroatiaTele_SIM false
10-13 06:24:45.397: I/SettingConfigUtils(1566): isPolandP4P_SIM 
10-13 06:24:45.397: I/SettingConfigUtils(1566): isPolandP4P_SIM false
10-13 06:24:45.397: I/SettingConfigUtils(1566): isH3G_SIM 
10-13 06:24:45.397: I/SettingConfigUtils(1566): isH3G_SIM false
10-13 06:24:45.397: I/SettingConfigUtils(1566): isCroatiaTele_SIM 
10-13 06:24:45.397: I/SettingConfigUtils(1566): isCroatiaTele_SIM false
10-13 06:24:45.397: V/PhoneApp(1566): Action intent recieved:android.intent.action.ANY_DATA_STATE
10-13 06:24:45.397: I/SettingConfigUtils(1566): isCroatiaTele_SIM 
10-13 06:24:45.397: I/SettingConfigUtils(1566): isCroatiaTele_SIM false
10-13 06:24:45.397: I/SettingConfigUtils(1566): isPolandP4P_SIM 
10-13 06:24:45.397: I/SettingConfigUtils(1566): isPolandP4P_SIM false
10-13 06:24:45.397: I/SettingConfigUtils(1566): isH3G_SIM 
10-13 06:24:45.397: I/SettingConfigUtils(1566): isH3G_SIM false
10-13 06:24:45.407: I/SettingConfigUtils(1566): isCroatiaTele_SIM 
10-13 06:24:45.407: I/SettingConfigUtils(1566): isCroatiaTele_SIM false
10-13 06:24:45.407: V/PhoneApp(1566): Action intent recieved:android.intent.action.ANY_DATA_STATE
10-13 06:24:45.407: I/SettingConfigUtils(1566): isCroatiaTele_SIM 
10-13 06:24:45.407: I/SettingConfigUtils(1566): isCroatiaTele_SIM false
10-13 06:24:45.407: I/SettingConfigUtils(1566): isPolandP4P_SIM 
10-13 06:24:45.407: I/SettingConfigUtils(1566): isPolandP4P_SIM false
10-13 06:24:45.407: I/SettingConfigUtils(1566): isH3G_SIM 
10-13 06:24:45.407: I/SettingConfigUtils(1566): isH3G_SIM false
10-13 06:24:45.407: I/SettingConfigUtils(1566): isCroatiaTele_SIM 
10-13 06:24:45.407: I/SettingConfigUtils(1566): isCroatiaTele_SIM false
10-13 06:24:45.407: V/PhoneApp(1566): Action intent recieved:android.intent.action.ANY_DATA_STATE
10-13 06:24:45.407: I/SettingConfigUtils(1566): isCroatiaTele_SIM 
10-13 06:24:45.407: I/SettingConfigUtils(1566): isCroatiaTele_SIM false
10-13 06:24:45.407: I/SettingConfigUtils(1566): isPolandP4P_SIM 
10-13 06:24:45.407: I/SettingConfigUtils(1566): isPolandP4P_SIM false
10-13 06:24:45.407: I/SettingConfigUtils(1566): isH3G_SIM 
10-13 06:24:45.407: I/SettingConfigUtils(1566): isH3G_SIM false
10-13 06:24:45.407: I/SettingConfigUtils(1566): isCroatiaTele_SIM 
10-13 06:24:45.407: I/SettingConfigUtils(1566): isCroatiaTele_SIM false
10-13 06:24:45.407: V/PhoneApp(1566): Action intent recieved:android.intent.action.ANY_DATA_STATE
10-13 06:24:45.407: I/SettingConfigUtils(1566): isCroatiaTele_SIM 
10-13 06:24:45.407: I/SettingConfigUtils(1566): isCroatiaTele_SIM false
10-13 06:24:45.407: I/SettingConfigUtils(1566): isPolandP4P_SIM 
10-13 06:24:45.407: I/SettingConfigUtils(1566): isPolandP4P_SIM false
10-13 06:24:45.407: I/SettingConfigUtils(1566): isH3G_SIM 
10-13 06:24:45.407: I/SettingConfigUtils(1566): isH3G_SIM false
10-13 06:24:45.407: I/SettingConfigUtils(1566): isCroatiaTele_SIM 
10-13 06:24:45.407: I/SettingConfigUtils(1566): isCroatiaTele_SIM false
10-13 06:24:45.407: V/PhoneApp(1566): Action intent recieved:android.intent.action.ANY_DATA_STATE
10-13 06:24:45.407: I/SettingConfigUtils(1566): isCroatiaTele_SIM 
10-13 06:24:45.407: I/SettingConfigUtils(1566): isCroatiaTele_SIM false
10-13 06:24:45.407: I/SettingConfigUtils(1566): isPolandP4P_SIM 
10-13 06:24:45.407: I/SettingConfigUtils(1566): isPolandP4P_SIM false
10-13 06:24:45.407: I/SettingConfigUtils(1566): isH3G_SIM 
10-13 06:24:45.407: I/SettingConfigUtils(1566): isH3G_SIM false
10-13 06:24:45.407: I/SettingConfigUtils(1566): isCroatiaTele_SIM 
10-13 06:24:45.407: I/SettingConfigUtils(1566): isCroatiaTele_SIM false
10-13 06:24:45.407: V/MmsSystemEventReceiver(7402): Intent received: Intent { act=android.intent.action.ANY_DATA_STATE flg=0x10 cmp=com.android.mms/.transaction.MmsSystemEventReceiver (has extras) }
10-13 06:24:45.407: V/MmsSystemEventReceiver(7402): ANY_DATA_STATE event received: DISCONNECTED
10-13 06:24:45.407: V/MmsSystemEventReceiver(7402): Intent received: Intent { act=android.intent.action.ANY_DATA_STATE flg=0x10 cmp=com.android.mms/.transaction.MmsSystemEventReceiver (has extras) }
10-13 06:24:45.407: V/PhoneApp(1566): Action intent recieved:android.intent.action.ANY_DATA_STATE
10-13 06:24:45.407: I/SettingConfigUtils(1566): isCroatiaTele_SIM 
10-13 06:24:45.407: I/SettingConfigUtils(1566): isCroatiaTele_SIM false
10-13 06:24:45.407: I/SettingConfigUtils(1566): isPolandP4P_SIM 
10-13 06:24:45.407: I/SettingConfigUtils(1566): isPolandP4P_SIM false
10-13 06:24:45.407: I/SettingConfigUtils(1566): isH3G_SIM 
10-13 06:24:45.407: I/SettingConfigUtils(1566): isH3G_SIM false
10-13 06:24:45.407: V/MmsSystemEventReceiver(7402): ANY_DATA_STATE event received: DISCONNECTED
10-13 06:24:45.407: I/SettingConfigUtils(1566): isCroatiaTele_SIM 
10-13 06:24:45.407: I/SettingConfigUtils(1566): isCroatiaTele_SIM false
10-13 06:24:45.407: V/PhoneApp(1566): Action intent recieved:android.intent.action.ANY_DATA_STATE
10-13 06:24:45.407: I/SettingConfigUtils(1566): isCroatiaTele_SIM 
10-13 06:24:45.407: I/SettingConfigUtils(1566): isCroatiaTele_SIM false
10-13 06:24:45.407: I/SettingConfigUtils(1566): isPolandP4P_SIM 
10-13 06:24:45.407: I/SettingConfigUtils(1566): isPolandP4P_SIM false
10-13 06:24:45.407: I/SettingConfigUtils(1566): isH3G_SIM 
10-13 06:24:45.407: I/SettingConfigUtils(1566): isH3G_SIM false
10-13 06:24:45.407: I/SettingConfigUtils(1566): isCroatiaTele_SIM 
10-13 06:24:45.407: I/SettingConfigUtils(1566): isCroatiaTele_SIM false
10-13 06:24:45.407: V/PhoneApp(1566): Action intent recieved:android.intent.action.ANY_DATA_STATE
10-13 06:24:45.407: I/SettingConfigUtils(1566): isCroatiaTele_SIM 
10-13 06:24:45.407: I/SettingConfigUtils(1566): isCroatiaTele_SIM false
10-13 06:24:45.407: I/SettingConfigUtils(1566): isPolandP4P_SIM 
10-13 06:24:45.407: I/SettingConfigUtils(1566): isPolandP4P_SIM false
10-13 06:24:45.407: I/SettingConfigUtils(1566): isH3G_SIM 
10-13 06:24:45.407: I/SettingConfigUtils(1566): isH3G_SIM false
10-13 06:24:45.407: I/SettingConfigUtils(1566): isCroatiaTele_SIM 
10-13 06:24:45.407: I/SettingConfigUtils(1566): isCroatiaTele_SIM false
10-13 06:24:45.407: V/PhoneApp(1566): Action intent recieved:android.intent.action.ANY_DATA_STATE
10-13 06:24:45.407: I/SettingConfigUtils(1566): isCroatiaTele_SIM 
10-13 06:24:45.407: I/SettingConfigUtils(1566): isCroatiaTele_SIM false
10-13 06:24:45.407: I/SettingConfigUtils(1566): isPolandP4P_SIM 
10-13 06:24:45.407: I/SettingConfigUtils(1566): isPolandP4P_SIM false
10-13 06:24:45.407: I/SettingConfigUtils(1566): isH3G_SIM 
10-13 06:24:45.407: I/SettingConfigUtils(1566): isH3G_SIM false
10-13 06:24:45.407: I/SettingConfigUtils(1566): isCroatiaTele_SIM 
10-13 06:24:45.407: I/SettingConfigUtils(1566): isCroatiaTele_SIM false
10-13 06:24:45.407: V/PhoneApp(1566): Action intent recieved:android.intent.action.ANY_DATA_STATE
10-13 06:24:45.407: I/SettingConfigUtils(1566): isCroatiaTele_SIM 
10-13 06:24:45.407: I/SettingConfigUtils(1566): isCroatiaTele_SIM false
10-13 06:24:45.407: I/SettingConfigUtils(1566): isPolandP4P_SIM 
10-13 06:24:45.407: I/SettingConfigUtils(1566): isPolandP4P_SIM false
10-13 06:24:45.407: I/SettingConfigUtils(1566): isH3G_SIM 
10-13 06:24:45.407: I/SettingConfigUtils(1566): isH3G_SIM false
10-13 06:24:45.407: I/SettingConfigUtils(1566): isCroatiaTele_SIM 
10-13 06:24:45.407: I/SettingConfigUtils(1566): isCroatiaTele_SIM false
10-13 06:24:45.407: V/PhoneApp(1566): Action intent recieved:android.intent.action.ANY_DATA_STATE
10-13 06:24:45.407: I/SettingConfigUtils(1566): isCroatiaTele_SIM 
10-13 06:24:45.407: I/SettingConfigUtils(1566): isCroatiaTele_SIM false
10-13 06:24:45.407: I/SettingConfigUtils(1566): isPolandP4P_SIM 
10-13 06:24:45.407: I/SettingConfigUtils(1566): isPolandP4P_SIM false
10-13 06:24:45.407: I/SettingConfigUtils(1566): isH3G_SIM 
10-13 06:24:45.407: I/SettingConfigUtils(1566): isH3G_SIM false
