10-13 06:24:47.267: D/WifiStateMachine(1071): handleMessage: X
10-13 06:24:47.267: I/ContactLED(6357): emotionalLedType = 2
10-13 06:24:47.267: D/WifiService(1071): startScan pid=11748, uid=10006, packageName=com.google.uid.shared:10006
10-13 06:24:47.277: I/ContactLED(6357): emotionalLedType = 2
10-13 06:24:47.277: I/ContactLED(6357): emotionalLedType = 2
10-13 06:24:47.277: D/AccountTypeManager(6357): Registering 1 extension packages
10-13 06:24:47.277: I/ActivityManager(1071): Start proc com.google.android.music:main for broadcast com.google.android.music/.AccountsBroadcastReceiver: pid=11968 uid=10095 gids={50095, 3003, 1028, 1015}
10-13 06:24:47.287: E/ExternalAccountType(6357): Unsupported attribute readOnly
10-13 06:24:47.287: D/libc(311): _dns_getaddrinfo: iptype =1
10-13 06:24:47.287: D/libc(311): _dns_getaddrinfo: query_ipv4=1, query_ipv6=0
10-13 06:24:47.307: E/QMI_FW(11881): [LGE_VSS_QCCI][AP]Daemon:qcci_qmi_lge_vss_init: qmi_client_get_service_list returned -2 num_services 0
10-13 06:24:47.307: D/WifiStateMachine(1071): handleMessage: E msg.what=131143
10-13 06:24:47.307: D/WifiStateMachine(1071): processMsg: ConnectedState
10-13 06:24:47.307: D/WifiStateMachine(1071): processMsg: L2ConnectedState
10-13 06:24:47.307: D/WifiNative-wlan0(1071): doBoolean: SCAN TYPE=ONLY
10-13 06:24:47.307: D/wpa_supplicant(2644): RX ctrl_iface - hexdump(len=14): 53 43 41 4e 20 54 59 50 45 3d 4f 4e 4c 59
10-13 06:24:47.307: D/wpa_supplicant(2644): wlan0: Control interface command 'SCAN TYPE=ONLY'
10-13 06:24:47.307: D/wpa_supplicant(2644): Ongoing scan action - reject new request
10-13 06:24:47.307: D/WifiNative-wlan0(1071):    returned false
10-13 06:24:47.307: D/WifiStateMachine(1071): handleMessage: X
10-13 06:24:47.307: D/WifiService(1071): startScan pid=11748, uid=10006, packageName=com.google.uid.shared:10006
10-13 06:24:47.307: I/Icing(11768): Indexing done AF55B5484A2BDE9FD01E2329E358A0ACB87BDF24
10-13 06:24:47.317: D/AccountTypeManager(6357): Registering extension package account type=com.google, dataSet=plus, packageName=com.google.android.apps.plus
10-13 06:24:47.317: D/HyLog(11968): I : /data/font/config/sfconfig.dat, No such file or directory (2)
10-13 06:24:47.317: D/HyLog(11968): I : /data/font/config/dfactpre.dat, No such file or directory (2)
10-13 06:24:47.317: D/HyLog(11968): I : /data/font/config/sfconfig.dat, No such file or directory (2)
10-13 06:24:47.317: I/Icing(11768): Indexing D82966A541CEC4D782505EFB74A15A9A013CA339 from com.google.android.gms
10-13 06:24:47.317: I/dalvikvm(11731): Could not find method android.accounts.AccountManager.removeAccount, referenced from method bsv.a
10-13 06:24:47.317: W/dalvikvm(11731): VFY: unable to resolve virtual method 2870: Landroid/accounts/AccountManager;.removeAccount (Landroid/accounts/Account;Landroid/app/Activity;Landroid/accounts/AccountManagerCallback;Landroid/os/Handler;)Landroid/accounts/AccountManagerFuture;
10-13 06:24:47.317: D/dalvikvm(11731): VFY: replacing opcode 0x6e at 0x0031
10-13 06:24:47.337: I/Icing(11768): Indexing done D82966A541CEC4D782505EFB74A15A9A013CA339
10-13 06:24:47.337: I/Icing(11768): Indexing 77ED61210170483550F7E28250DC19520BAAF472 from com.google.android.googlequicksearchbox
10-13 06:24:47.377: I/SIMContacts(6357): SimPhonebookManager|[0]SIM loading status : false
10-13 06:24:47.377: I/AccountTypeManager(6357): Loaded meta-data for 4 account types, 1 accounts in 110ms(wall) 9ms(cpu)
10-13 06:24:47.377: I/ContactLED(6357): emotionalLedType = 2
10-13 06:24:47.377: I/ContactLED(6357): emotionalLedType = 2
10-13 06:24:47.377: I/ContactLED(6357): emotionalLedType = 2
10-13 06:24:47.377: D/AccountTypeManager(6357): Registering 1 extension packages
10-13 06:24:47.377: D/ExchangeProvider(3907): query start - 1st line (at ExchangeProvider.java query 299)
10-13 06:24:47.377: I/dalvikvm(11731): Could not find method android.accounts.AccountManager.renameAccount, referenced from method eah.b
10-13 06:24:47.377: W/dalvikvm(11731): VFY: unable to resolve virtual method 2872: Landroid/accounts/AccountManager;.renameAccount (Landroid/accounts/Account;Ljava/lang/String;Landroid/accounts/AccountManagerCallback;Landroid/os/Handler;)Landroid/accounts/AccountManagerFuture;
10-13 06:24:47.377: D/dalvikvm(11731): VFY: replacing opcode 0x6e at 0x0046
10-13 06:24:47.387: E/ExternalAccountType(6357): Unsupported attribute readOnly
10-13 06:24:47.387: I/ExchangeProvider(3907): ---query() mdm=true, match=0 (at ExchangeProvider.java query 306)
10-13 06:24:47.387: D/ExchangeProvider(3907): Query start!! match : 0 (at ExchangeProvider.java query 352)
10-13 06:24:47.397: I/ContactDirectoryManager(1984): deleted 0 stale rows which don't have any relevant directory
10-13 06:24:47.397: W/dalvikvm(11731): VFY: unable to find class referenced in signature (Landroid/net/Network;)
10-13 06:24:47.397: D/AccountTypeManager(6357): Registering extension package account type=com.google, dataSet=plus, packageName=com.google.android.apps.plus
10-13 06:24:47.397: E/dalvikvm(11731): Could not find class 'android.net.Network', referenced from method quv.a
10-13 06:24:47.397: W/dalvikvm(11731): VFY: unable to resolve check-cast 3492 (Landroid/net/Network;) in Lquv;
10-13 06:24:47.397: D/dalvikvm(11731): VFY: replacing opcode 0x1f at 0x000f
10-13 06:24:47.407: I/ContactDirectoryManager(1984): Discovered 1 contact directories in 201ms
10-13 06:24:47.407: I/MusicStore(11968): Database version: 85
10-13 06:24:47.417: D/AbsDBObserver(1637): onChange: false,content://com.android.contacts
10-13 06:24:47.417: I/LOG_TAG(7402): sendMessageToComposeMessageActivy + null
10-13 06:24:47.427: W/ContextImpl(11968): Implicit intents with startService are not safe: Intent { act=com.google.android.music.PREFERENCE_SERVICE } android.content.ContextWrapper.bindService:517 com.google.android.music.utils.SafeServiceConnection$ServiceConnectionImp.bindService:98 com.google.android.music.utils.SafeServiceConnection.bindService:259 
10-13 06:24:47.427: I/SIMContacts(6357): SimPhonebookManager|[0]SIM loading status : false
10-13 06:24:47.427: I/AccountTypeManager(6357): Loaded meta-data for 4 account types, 1 accounts in 59ms(wall) 8ms(cpu)
10-13 06:24:47.437: I/ContactLED(6357): emotionalLedType = 2
10-13 06:24:47.437: I/ContactLED(6357): emotionalLedType = 2
10-13 06:24:47.437: I/ContactLED(6357): emotionalLedType = 2
10-13 06:24:47.437: D/AccountTypeManager(6357): Registering 1 extension packages
10-13 06:24:47.447: W/BaseRuntimeLoader(11968): don't searchcom.lge.telephony.msim.QcomMSimTelephonyManagerAdaptor class
10-13 06:24:47.447: W/BaseRuntimeLoader(11968): don't searchcom.lge.telephony.msim.MtkMSimTelephonyManagerAdaptor class
10-13 06:24:47.447: E/ExternalAccountType(6357): Unsupported attribute readOnly
10-13 06:24:47.457: W/BaseRuntimeLoader(11968): don't searchcom.lge.telephony.msim.QcomMSimTelephonyManagerAdaptor class
10-13 06:24:47.457: W/BaseRuntimeLoader(11968): don't searchcom.lge.telephony.msim.MtkMSimTelephonyManagerAdaptor class
10-13 06:24:47.457: D/AccountTypeManager(6357): Registering extension package account type=com.google, dataSet=plus, packageName=com.google.android.apps.plus
10-13 06:24:47.457: W/ContextImpl(11968): Implicit intents with startService are not safe: Intent { act=com.google.android.music.NETWORK_MONITOR_SERVICE } android.content.ContextWrapper.bindService:517 com.google.android.music.utils.SafeServiceConnection$ServiceConnectionImp.bindService:98 com.google.android.music.utils.SafeServiceConnection.bindService:259 
10-13 06:24:47.487: W/Auth(11731): [GetToken] GetToken failed with status code: INVALID_SCOPE
10-13 06:24:47.497: I/SIMContacts(6357): SimPhonebookManager|[0]SIM loading status : false
10-13 06:24:47.497: I/AccountTypeManager(6357): Loaded meta-data for 4 account types, 1 accounts in 61ms(wall) 9ms(cpu)
10-13 06:24:47.497: W/Search.LoginHelper(1838): Google auth exception for scope: oauth2:https://www.googleapis.com/auth/googlenow
10-13 06:24:47.497: E/Velvet.VelvetNetworkClient(1838): Failed to get auth token
10-13 06:24:47.497: W/Sidekick_NowOptInSettingsImpl(1838): Failed to fetch default configuration
10-13 06:24:47.497: I/ContactLED(6357): emotionalLedType = 2
10-13 06:24:47.497: I/ContactLED(6357): emotionalLedType = 2
10-13 06:24:47.497: I/ContactLED(6357): emotionalLedType = 2
10-13 06:24:47.497: D/AccountTypeManager(6357): Registering 1 extension packages
10-13 06:24:47.507: E/ExternalAccountType(6357): Unsupported attribute readOnly
10-13 06:24:47.517: D/AccountTypeManager(6357): Registering extension package account type=com.google, dataSet=plus, packageName=com.google.android.apps.plus
10-13 06:24:47.527: I/ContextImpl(11968): getDeclaredConstructor
10-13 06:24:47.537: I/dalvikvm(11768): Failed resolving Lbjw; interface 476 'Landroid/content/pm/PackageManager$OnPermissionsChangedListener;'
10-13 06:24:47.537: W/dalvikvm(11768): Link of class 'Lbjw;' failed
10-13 06:24:47.537: I/dalvikvm(11768): Failed resolving Lbjw; interface 476 'Landroid/content/pm/PackageManager$OnPermissionsChangedListener;'
10-13 06:24:47.537: W/dalvikvm(11768): Link of class 'Lbjw;' failed
10-13 06:24:47.537: E/dalvikvm(11768): Could not find class 'bjw', referenced from method com.google.android.gms.chimera.GmsModuleInitializer.initializeModuleV0
10-13 06:24:47.537: W/dalvikvm(11768): VFY: unable to resolve new-instance 1554 (Lbjw;) in Lcom/google/android/gms/chimera/GmsModuleInitializer;
10-13 06:24:47.537: D/dalvikvm(11768): VFY: replacing opcode 0x22 at 0x003d
10-13 06:24:47.537: I/dalvikvm(11768): Failed resolving Lbjw; interface 476 'Landroid/content/pm/PackageManager$OnPermissionsChangedListener;'
10-13 06:24:47.537: W/dalvikvm(11768): Link of class 'Lbjw;' failed
10-13 06:24:47.537: I/dalvikvm(11768): Failed resolving Lbjw; interface 476 'Landroid/content/pm/PackageManager$OnPermissionsChangedListener;'
10-13 06:24:47.537: W/dalvikvm(11768): Link of class 'Lbjw;' failed
10-13 06:24:47.537: D/dalvikvm(11768): DexOpt: unable to opt direct call 0x23a6 at 0x3f in Lcom/google/android/gms/chimera/GmsModuleInitializer;.initializeModuleV0
10-13 06:24:47.547: E/cutils(304): Failed to mkdirat(/storage/external_SD/Android): Read-only file system
10-13 06:24:47.547: W/ContextImpl(11968): Failed to ensure directory: /storage/external_SD/Android/data/com.google.android.music/files
10-13 06:24:47.547: I/SIMContacts(6357): SimPhonebookManager|[0]SIM loading status : false
10-13 06:24:47.547: I/AccountTypeManager(6357): Loaded meta-data for 4 account types, 1 accounts in 53ms(wall) 8ms(cpu)
10-13 06:24:47.547: E/VoldCmdListener(304): [LGE][VOLD][CommandListener.cpp][VolumeCmd::runCommand()] argv[1]:mkdirs, argv[2]:/storage/external_SD/Android/data/com.google.android.music/files/, argv[3]:(null), argc:3
10-13 06:24:47.547: W/Vold(304): Returning OperationFailed - no handler for errno 30
10-13 06:24:47.547: I/ContactLED(6357): emotionalLedType = 2
10-13 06:24:47.557: I/ContactLED(6357): emotionalLedType = 2
10-13 06:24:47.557: I/ContactLED(6357): emotionalLedType = 2
10-13 06:24:47.557: D/AccountTypeManager(6357): Registering 1 extension packages
10-13 06:24:47.567: E/ExternalAccountType(6357): Unsupported attribute readOnly
10-13 06:24:47.567: D/AccountTypeManager(6357): Registering extension package account type=com.google, dataSet=plus, packageName=com.google.android.apps.plus
10-13 06:24:47.577: W/Settings(3378): Setting airplane_mode_on has moved from android.provider.Settings.System to android.provider.Settings.Global, returning read-only value.
10-13 06:24:47.587: E/cutils(304): Failed to mkdirat(/storage/external_SD/Android): Read-only file system
10-13 06:24:47.587: W/ContextImpl(11968): Failed to ensure directory: /storage/external_SD/Android/data/com.google.android.music/files
10-13 06:24:47.587: E/cutils(304): Failed to mkdirat(/storage/external_SD/Android): Read-only file system
10-13 06:24:47.587: E/VoldCmdListener(304): [LGE][VOLD][CommandListener.cpp][VolumeCmd::runCommand()] argv[1]:mkdirs, argv[2]:/storage/external_SD/Android/data/com.google.android.music/files/, argv[3]:(null), argc:3
10-13 06:24:47.587: W/Vold(304): Returning OperationFailed - no handler for errno 30
10-13 06:24:47.587: E/VoldCmdListener(304): [LGE][VOLD][CommandListener.cpp][VolumeCmd::runCommand()] argv[1]:mkdirs, argv[2]:/storage/external_SD/Android/data/com.google.android.music/files/, argv[3]:(null), argc:3
10-13 06:24:47.587: W/Vold(304): Returning OperationFailed - no handler for errno 30
10-13 06:24:47.597: W/ContextImpl(11968): Failed to ensure directory: /storage/external_SD/Android/data/com.google.android.music/files
10-13 06:24:47.637: D/dalvikvm(11731): GC_EXPLICIT freed 1428K, 18% free 29470K/35580K, paused 2ms+4ms, total 36ms
10-13 06:24:47.657: I/MediaRouter(11968): Found default route: MediaRouter.RouteInfo{ uniqueId=android/.support.v7.media.SystemMediaRouteProvider:DEFAULT_ROUTE, name=Teléfono, description=null, enabled=true, connecting=false, playbackType=0, playbackStream=3, volumeHandling=1, volume=0, volumeMax=15, presentationDisplayId=-1, extras=null, providerPackageName=android }
10-13 06:24:47.667: D/WifiService(1071): releaseWifiLockLocked: WifiLock{NlpWifiLock type=2 binder=android.os.BinderProxy@441c27a8}, 11748, uid=10006, packageName=com.google.uid.shared:10006
10-13 06:24:47.687: D/dalvikvm(1071): GC_CONCURRENT freed 3913K, 27% free 38632K/52300K, paused 4ms+7ms, total 115ms
10-13 06:24:47.687: D/dalvikvm(1071): WAIT_FOR_CONCURRENT_GC blocked 92ms
10-13 06:24:47.687: D/dalvikvm(1071): WAIT_FOR_CONCURRENT_GC blocked 16ms
10-13 06:24:47.707: I/ActivityManager(1071): Start proc com.google.android.music:ui for service com.google.android.music/.tutorial.SignupStatus$SignupCheckService: pid=12009 uid=10095 gids={50095, 3003, 1028, 1015}
10-13 06:24:47.707: I/SIMContacts(6357): SimPhonebookManager|[0]SIM loading status : false
10-13 06:24:47.717: I/AccountTypeManager(6357): Loaded meta-data for 4 account types, 1 accounts in 166ms(wall) 9ms(cpu)
10-13 06:24:47.717: I/ContactLED(6357): emotionalLedType = 2
10-13 06:24:47.717: I/ContactLED(6357): emotionalLedType = 2
10-13 06:24:47.717: I/ContactLED(6357): emotionalLedType = 2
10-13 06:24:47.717: D/AccountTypeManager(6357): Registering 1 extension packages
10-13 06:24:47.717: D/WifiService(1071): releaseWifiLockLocked: WifiLock{NlpWifiLock type=2 binder=android.os.BinderProxy@43a42208}, 11748, uid=10006, packageName=com.google.uid.shared:10006
10-13 06:24:47.727: D/HideNav(1071): check accounts types.. com.lge.sync
10-13 06:24:47.727: D/HideNav(1071): check accounts types.. com.google
10-13 06:24:47.727: D/HideNav(1071): google accounts status changed.. google loged in? true
10-13 06:24:47.727: D/HideNav(1071): check accounts types.. com.lge.sync
10-13 06:24:47.727: D/HideNav(1071): check accounts types.. com.google
10-13 06:24:47.727: D/HideNav(1071): google accounts status changed.. google loged in? true
10-13 06:24:47.727: E/ExternalAccountType(6357): Unsupported attribute readOnly
10-13 06:24:47.737: D/AccountTypeManager(6357): Registering extension package account type=com.google, dataSet=plus, packageName=com.google.android.apps.plus
10-13 06:24:47.747: D/HyLog(12009): I : /data/font/config/sfconfig.dat, No such file or directory (2)
10-13 06:24:47.747: D/HyLog(12009): I : /data/font/config/dfactpre.dat, No such file or directory (2)
10-13 06:24:47.747: D/HyLog(12009): I : /data/font/config/sfconfig.dat, No such file or directory (2)
10-13 06:24:47.757: I/Icing(11768): IndexChimeraService.getServiceInterface callingPackage=com.google.android.music componentName=null serviceId=21
10-13 06:24:47.757: I/ActivityManager(1071): Start proc com.android.browser for broadcast com.android.browser/.AccountsChangedReceiver: pid=12031 uid=10013 gids={50013, 3003, 1028, 1015, 1023}
10-13 06:24:47.767: I/SIMContacts(6357): SimPhonebookManager|[0]SIM loading status : false
10-13 06:24:47.767: I/AccountTypeManager(6357): Loaded meta-data for 4 account types, 1 accounts in 51ms(wall) 9ms(cpu)
10-13 06:24:47.777: I/ContactLED(6357): emotionalLedType = 2
10-13 06:24:47.777: I/ContactLED(6357): emotionalLedType = 2
10-13 06:24:47.777: I/ContactLED(6357): emotionalLedType = 2
10-13 06:24:47.777: D/AccountTypeManager(6357): Registering 1 extension packages
10-13 06:24:47.787: E/ExternalAccountType(6357): Unsupported attribute readOnly
10-13 06:24:47.787: D/AccountTypeManager(6357): Registering extension package account type=com.google, dataSet=plus, packageName=com.google.android.apps.plus
10-13 06:24:47.797: D/HyLog(12031): I : /data/font/config/sfconfig.dat, No such file or directory (2)
10-13 06:24:47.797: D/HyLog(12031): I : /data/font/config/dfactpre.dat, No such file or directory (2)
10-13 06:24:47.797: D/HyLog(12031): I : /data/font/config/sfconfig.dat, No such file or directory (2)
10-13 06:24:47.797: I/SIMContacts(6357): SimPhonebookManager|[0]SIM loading status : false
10-13 06:24:47.797: I/AccountTypeManager(6357): Loaded meta-data for 4 account types, 1 accounts in 34ms(wall) 9ms(cpu)
10-13 06:24:47.807: I/ContactLED(6357): emotionalLedType = 2
10-13 06:24:47.807: I/ContactLED(6357): emotionalLedType = 2
10-13 06:24:47.807: I/ContactLED(6357): emotionalLedType = 2
10-13 06:24:47.807: I/CastUtils(11968): Removing provider: MediaRouter.RouteProviderInfo{ packageName=com.google.android.gms }
10-13 06:24:47.807: D/AccountTypeManager(6357): Registering 1 extension packages
10-13 06:24:47.827: I/AuthService(11840): [AccountService] Execution time for add account with authorization code, options: Bundle[{}] is 2853 ms.
10-13 06:24:47.827: I/RlzPingService(11477): Setting next ping for 1507987487807
10-13 06:24:47.827: E/ExternalAccountType(6357): Unsupported attribute readOnly
10-13 06:24:47.837: D/LoginUtil(11815): Instrumentation completed successfully
10-13 06:24:47.837: I/ContextImpl(12009): getDeclaredConstructor
10-13 06:24:47.837: D/AndroidRuntime(11782): Shutting down VM
10-13 06:24:47.847: D/AccountTypeManager(6357): Registering extension package account type=com.google, dataSet=plus, packageName=com.google.android.apps.plus
10-13 06:24:47.847: I/SIMContacts(6357): SimPhonebookManager|[0]SIM loading status : false
10-13 06:24:47.847: D/dalvikvm(11782): GC_CONCURRENT freed 99K, 15% free 603K/704K, paused 0ms+0ms, total 2ms
10-13 06:24:47.847: I/AccountTypeManager(6357): Loaded meta-data for 4 account types, 1 accounts in 46ms(wall) 9ms(cpu)
10-13 06:24:47.847: I/ContactLED(6357): emotionalLedType = 2
10-13 06:24:47.847: I/ContactLED(6357): emotionalLedType = 2
10-13 06:24:47.847: I/ContactLED(6357): emotionalLedType = 2
10-13 06:24:47.847: D/AccountTypeManager(6357): Registering 1 extension packages
10-13 06:24:47.857: E/ExternalAccountType(6357): Unsupported attribute readOnly
10-13 06:24:47.857: D/AccountTypeManager(6357): Registering extension package account type=com.google, dataSet=plus, packageName=com.google.android.apps.plus
10-13 06:24:47.857: I/SIMContacts(6357): SimPhonebookManager|[0]SIM loading status : false
10-13 06:24:47.857: I/AccountTypeManager(6357): Loaded meta-data for 4 account types, 1 accounts in 17ms(wall) 8ms(cpu)
10-13 06:24:47.867: I/ContactLED(6357): emotionalLedType = 2
10-13 06:24:47.867: I/ContactLED(6357): emotionalLedType = 2
10-13 06:24:47.867: I/ContactLED(6357): emotionalLedType = 2
10-13 06:24:47.867: D/AccountTypeManager(6357): Registering 1 extension packages
10-13 06:24:47.867: E/cutils(304): Failed to mkdirat(/storage/external_SD/Android): Read-only file system
10-13 06:24:47.867: E/ExternalAccountType(6357): Unsupported attribute readOnly
10-13 06:24:47.867: E/VoldCmdListener(304): [LGE][VOLD][CommandListener.cpp][VolumeCmd::runCommand()] argv[1]:mkdirs, argv[2]:/storage/external_SD/Android/data/com.android.browser/files/, argv[3]:(null), argc:3
10-13 06:24:47.867: W/Vold(304): Returning OperationFailed - no handler for errno 30
10-13 06:24:47.877: W/ContextImpl(12031): Failed to ensure directory: /storage/external_SD/Android/data/com.android.browser/files
10-13 06:24:47.877: D/AccountTypeManager(6357): Registering extension package account type=com.google, dataSet=plus, packageName=com.google.android.apps.plus
10-13 06:24:47.877: I/SIMContacts(6357): SimPhonebookManager|[0]SIM loading status : false
10-13 06:24:47.877: I/AccountTypeManager(6357): Loaded meta-data for 4 account types, 1 accounts in 15ms(wall) 8ms(cpu)
10-13 06:24:47.877: I/ContactLED(6357): emotionalLedType = 2
10-13 06:24:47.877: I/ContactLED(6357): emotionalLedType = 2
10-13 06:24:47.877: I/ContactLED(6357): emotionalLedType = 2
10-13 06:24:47.877: D/AccountTypeManager(6357): Registering 1 extension packages
10-13 06:24:47.887: E/ExternalAccountType(6357): Unsupported attribute readOnly
10-13 06:24:47.887: D/AccountTypeManager(6357): Registering extension package account type=com.google, dataSet=plus, packageName=com.google.android.apps.plus
10-13 06:24:47.887: I/SIMContacts(6357): SimPhonebookManager|[0]SIM loading status : false
10-13 06:24:47.887: I/AccountTypeManager(6357): Loaded meta-data for 4 account types, 1 accounts in 15ms(wall) 8ms(cpu)
10-13 06:24:47.897: I/ContactLED(6357): emotionalLedType = 2
10-13 06:24:47.897: I/ContactLED(6357): emotionalLedType = 2
10-13 06:24:47.897: I/ContactLED(6357): emotionalLedType = 2
10-13 06:24:47.897: D/AccountTypeManager(6357): Registering 1 extension packages
10-13 06:24:47.897: E/ExternalAccountType(6357): Unsupported attribute readOnly
10-13 06:24:47.907: D/AccountTypeManager(6357): Registering extension package account type=com.google, dataSet=plus, packageName=com.google.android.apps.plus
10-13 06:24:47.907: I/SIMContacts(6357): SimPhonebookManager|[0]SIM loading status : false
10-13 06:24:47.907: I/AccountTypeManager(6357): Loaded meta-data for 4 account types, 1 accounts in 14ms(wall) 9ms(cpu)
10-13 06:24:47.907: I/ContactLED(6357): emotionalLedType = 2
10-13 06:24:47.907: I/ContactLED(6357): emotionalLedType = 2
10-13 06:24:47.907: I/ContactLED(6357): emotionalLedType = 2
10-13 06:24:47.907: D/AccountTypeManager(6357): Registering 1 extension packages
10-13 06:24:47.917: E/ExternalAccountType(6357): Unsupported attribute readOnly
10-13 06:24:47.917: D/AccountTypeManager(6357): Registering extension package account type=com.google, dataSet=plus, packageName=com.google.android.apps.plus
10-13 06:24:47.917: I/SIMContacts(6357): SimPhonebookManager|[0]SIM loading status : false
10-13 06:24:47.917: I/AccountTypeManager(6357): Loaded meta-data for 4 account types, 1 accounts in 16ms(wall) 8ms(cpu)
10-13 06:24:47.927: I/ContactLED(6357): emotionalLedType = 2
10-13 06:24:47.927: I/ContactLED(6357): emotionalLedType = 2
10-13 06:24:47.937: I/ContactLED(6357): emotionalLedType = 2
10-13 06:24:47.937: D/AccountTypeManager(6357): Registering 1 extension packages
10-13 06:24:47.957: E/ExternalAccountType(6357): Unsupported attribute readOnly
10-13 06:24:47.967: D/AccountTypeManager(6357): Registering extension package account type=com.google, dataSet=plus, packageName=com.google.android.apps.plus
10-13 06:24:47.967: I/SIMContacts(6357): SimPhonebookManager|[0]SIM loading status : false
10-13 06:24:47.967: I/AccountTypeManager(6357): Loaded meta-data for 4 account types, 1 accounts in 49ms(wall) 26ms(cpu)
10-13 06:24:47.977: I/ContactLED(6357): emotionalLedType = 2
10-13 06:24:47.977: I/ContactLED(6357): emotionalLedType = 2
10-13 06:24:47.987: I/ContactLED(6357): emotionalLedType = 2
10-13 06:24:47.987: D/AccountTypeManager(6357): Registering 1 extension packages
10-13 06:24:48.027: D/dalvikvm(6357): GC_CONCURRENT freed 7626K, 23% free 27607K/35580K, paused 8ms+4ms, total 94ms
10-13 06:24:48.027: D/dalvikvm(6357): WAIT_FOR_CONCURRENT_GC blocked 30ms
10-13 06:24:48.027: E/ExternalAccountType(6357): Unsupported attribute readOnly
10-13 06:24:48.037: D/AccountTypeManager(6357): Registering extension package account type=com.google, dataSet=plus, packageName=com.google.android.apps.plus
10-13 06:24:48.037: I/SIMContacts(6357): SimPhonebookManager|[0]SIM loading status : false
10-13 06:24:48.037: I/AccountTypeManager(6357): Loaded meta-data for 4 account types, 1 accounts in 65ms(wall) 20ms(cpu)
10-13 06:24:48.037: I/ContactLED(6357): emotionalLedType = 2
10-13 06:24:48.037: I/ContactLED(6357): emotionalLedType = 2
10-13 06:24:48.037: I/ContactLED(6357): emotionalLedType = 2
10-13 06:24:48.037: D/AccountTypeManager(6357): Registering 1 extension packages
10-13 06:24:48.057: E/ExternalAccountType(6357): Unsupported attribute readOnly
10-13 06:24:48.057: D/AccountTypeManager(6357): Registering extension package account type=com.google, dataSet=plus, packageName=com.google.android.apps.plus
10-13 06:24:48.057: I/SIMContacts(6357): SimPhonebookManager|[0]SIM loading status : false
10-13 06:24:48.057: I/AccountTypeManager(6357): Loaded meta-data for 4 account types, 1 accounts in 23ms(wall) 12ms(cpu)
10-13 06:24:48.057: I/ContactLED(6357): emotionalLedType = 2
10-13 06:24:48.057: I/ActivityManager(1071): Force stopping com.google.android.apps.mtaas.loginutil appid=10120 user=0: finished inst
10-13 06:24:48.057: I/ActivityManager(1071): Killing 11815:com.google.android.apps.mtaas.loginutil/u0a120 (adj 0): stop com.google.android.apps.mtaas.loginutil
10-13 06:24:48.067: V/SplitWindowPolicyService(1387): requestUpdateStackInfo
10-13 06:24:48.067: V/browser(12031): Browser.onCreate: this=com.android.browser.Browser@432474f0
10-13 06:24:48.067: D/ActivityManager(1071): resumeTopActivityLocked: Top activity resumed ActivityRecord{43628e40 u0 com.google.android.apps.mtaas.backdrop/.BackdropActivity t2}
10-13 06:24:48.067: I/ActivityManager(1071): Killing 11401:com.google.android.talk/u0a72 (adj 15): empty #17
10-13 06:24:48.077: I/ActivityManager(1071): Killing 11443:com.google.android.apps.magazines/u0a93 (adj 15): empty #17
10-13 06:24:48.077: W/ContextImpl(12009): Implicit intents with startService are not safe: Intent { act=com.google.android.music.PREFERENCE_SERVICE } android.content.ContextWrapper.bindService:517 com.google.android.music.utils.SafeServiceConnection$ServiceConnectionImp.bindService:98 com.google.android.music.utils.SafeServiceConnection.bindService:259 
10-13 06:24:48.077: I/Choreographer(1363): Skipped 35 frames!  The application may be doing too much work on its main thread.
10-13 06:24:48.087: I/qtaguid(11574): Failed write_ctrl(u 70) res=-1 errno=22
10-13 06:24:48.087: I/qtaguid(11574): Untagging socket 70 failed errno=-22
10-13 06:24:48.087: W/NetworkManagementSocketTagger(11574): untagSocket(70) failed with errno -22
10-13 06:24:48.087: E/Volley(11574): [637] a.a: Unexpected response code 503 for https://www.googleapis.com/youtubei/v1/notification_registration/set_registration?key=AIzaSyA8eiZmM1FaDVjRy-df2KTyQ_vz_yYM39w
10-13 06:24:48.097: I/ContactLED(6357): emotionalLedType = 2
10-13 06:24:48.097: I/ContactLED(6357): emotionalLedType = 2
10-13 06:24:48.097: D/AccountTypeManager(6357): Registering 1 extension packages
10-13 06:24:48.097: W/YouTube(11574): apps.youtube.app.notification.d.b:118 Could not register for notifications with InnerTube: 
10-13 06:24:48.097: W/YouTube(11574): com.google.android.apps.youtube.datalib.innertube.InnerTubeServiceException: java.util.concurrent.ExecutionException: com.android.volley.ServerError
10-13 06:24:48.097: W/YouTube(11574): 	at com.google.android.apps.youtube.datalib.innertube.z.a(SourceFile:105)
10-13 06:24:48.097: W/YouTube(11574): 	at com.google.android.apps.youtube.app.notification.d.b(SourceFile:115)
10-13 06:24:48.097: W/YouTube(11574): 	at com.google.android.apps.youtube.app.notification.d.a(SourceFile:28)
10-13 06:24:48.097: W/YouTube(11574): 	at com.google.android.apps.youtube.app.notification.e.run(SourceFile:59)
10-13 06:24:48.097: W/YouTube(11574): 	at java.util.concurrent.ThreadPoolExecutor.runWorker(ThreadPoolExecutor.java:1112)
10-13 06:24:48.097: W/YouTube(11574): 	at java.util.concurrent.ThreadPoolExecutor$Worker.run(ThreadPoolExecutor.java:587)
10-13 06:24:48.097: W/YouTube(11574): 	at com.google.android.apps.youtube.core.utils.x.run(SourceFile:40)
10-13 06:24:48.097: W/YouTube(11574): 	at java.lang.Thread.run(Thread.java:841)
10-13 06:24:48.097: W/YouTube(11574): Caused by: java.util.concurrent.ExecutionException: com.android.volley.ServerError
10-13 06:24:48.097: W/YouTube(11574): 	at com.android.volley.toolbox.v.a(SourceFile:117)
10-13 06:24:48.097: W/YouTube(11574): 	at com.android.volley.toolbox.v.get(SourceFile:88)
10-13 06:24:48.097: W/YouTube(11574): 	at com.google.android.apps.youtube.datalib.a.k.get(SourceFile:69)
10-13 06:24:48.097: W/YouTube(11574): 	at com.google.android.apps.youtube.datalib.innertube.z.a(SourceFile:101)
10-13 06:24:48.097: W/YouTube(11574): 	... 7 more
10-13 06:24:48.097: W/YouTube(11574): Caused by: com.android.volley.ServerError
10-13 06:24:48.097: W/YouTube(11574): 	at com.android.volley.toolbox.a.a(SourceFile:145)
10-13 06:24:48.097: W/YouTube(11574): 	at com.google.android.apps.youtube.datalib.a.h.a(SourceFile:49)
10-13 06:24:48.097: W/YouTube(11574): 	at com.android.volley.i.run(SourceFile:105)
10-13 06:24:48.097: I/YouTube(11574): apps.youtube.common.f.d.a:72 Sleeping thread for 4723ms
10-13 06:24:48.107: V/SplitWindowPolicyService(1387): requestUpdateStackInfo
10-13 06:24:48.107: V/WebViewChromium(12031): Binding Chromium to the main looper Looper (main, tid 1) {4323d2e0}
10-13 06:24:48.107: I/chromium(12031): [INFO:library_loader_hooks.cc(112)] Chromium logging enabled: level = 0, default verbosity = 0
10-13 06:24:48.107: I/BrowserProcessMain(12031): Initializing chromium process, renderers=0
10-13 06:24:48.107: E/ExternalAccountType(6357): Unsupported attribute readOnly
10-13 06:24:48.107: V/SplitWindowPolicyService(1387): requestUpdateStackInfo
10-13 06:24:48.107: D/ActivityManager(1071): resumeTopActivityLocked: Top activity resumed ActivityRecord{43628e40 u0 com.google.android.apps.mtaas.backdrop/.BackdropActivity t2}
10-13 06:24:48.107: D/ActivityManager(1071): resumeTopActivityLocked: Top activity resumed ActivityRecord{43628e40 u0 com.google.android.apps.mtaas.backdrop/.BackdropActivity t2}
10-13 06:24:48.117: D/AccountTypeManager(6357): Registering extension package account type=com.google, dataSet=plus, packageName=com.google.android.apps.plus
10-13 06:24:48.117: I/SIMContacts(6357): SimPhonebookManager|[0]SIM loading status : false
10-13 06:24:48.117: W/BaseRuntimeLoader(12031): don't searchcom.lge.telephony.msim.QcomMSimTelephonyManagerAdaptor class
10-13 06:24:48.117: I/AccountTypeManager(6357): Loaded meta-data for 4 account types, 1 accounts in 62ms(wall) 9ms(cpu)
10-13 06:24:48.117: W/BaseRuntimeLoader(12031): don't searchcom.lge.telephony.msim.MtkMSimTelephonyManagerAdaptor class
10-13 06:24:48.117: W/BaseRuntimeLoader(12031): don't searchcom.lge.telephony.msim.QcomMSimTelephonyManagerAdaptor class
10-13 06:24:48.117: W/BaseRuntimeLoader(12031): don't searchcom.lge.telephony.msim.MtkMSimTelephonyManagerAdaptor class
10-13 06:24:48.117: D/SimInfo(12031): FlexData mcc/mnc is null 
10-13 06:24:48.127: I/ContactLED(6357): emotionalLedType = 2
10-13 06:24:48.127: I/ContactLED(6357): emotionalLedType = 2
10-13 06:24:48.127: W/BaseRuntimeLoader(12009): don't searchcom.lge.telephony.msim.QcomMSimTelephonyManagerAdaptor class
10-13 06:24:48.127: I/ContactLED(6357): emotionalLedType = 2
10-13 06:24:48.127: W/BaseRuntimeLoader(12009): don't searchcom.lge.telephony.msim.MtkMSimTelephonyManagerAdaptor class
10-13 06:24:48.127: D/AccountTypeManager(6357): Registering 1 extension packages
10-13 06:24:48.127: W/BaseRuntimeLoader(12009): don't searchcom.lge.telephony.msim.QcomMSimTelephonyManagerAdaptor class
10-13 06:24:48.127: W/BaseRuntimeLoader(12009): don't searchcom.lge.telephony.msim.MtkMSimTelephonyManagerAdaptor class
10-13 06:24:48.137: D/BRS_AUTOPROP(12031): getOperatorConfig bookmarkOption : DEFAULT
10-13 06:24:48.137: I/BRS_AUTOPROP(12031): Profile name :profiles/Browser_DEFAULT_COM_GLOBAL.xml
10-13 06:24:48.137: I/AUTOPROP(12031): getMatchedProfile profileName:profiles/Browser_DEFAULT_COM_GLOBAL.xml
10-13 06:24:48.137: W/System.err(12031): java.io.FileNotFoundException: profiles/Browser_DEFAULT_COM_GLOBAL.xml
10-13 06:24:48.137: W/System.err(12031): 	at android.content.res.AssetManager.openAsset(Native Method)
10-13 06:24:48.137: W/System.err(12031): 	at android.content.res.AssetManager.open(AssetManager.java:323)
10-13 06:24:48.137: W/System.err(12031): 	at android.content.res.AssetManager.open(AssetManager.java:297)
10-13 06:24:48.137: W/System.err(12031): 	at com.lge.browser.parser.ProfileParser.getMatchedProfile(ProfileParser.java:555)
10-13 06:24:48.137: W/System.err(12031): 	at com.lge.browser.parser.BrowserProfileParser.getBrowserProfileInstance(BrowserProfileParser.java:178)
10-13 06:24:48.137: W/System.err(12031): 	at com.lge.browser.parser.BrowserProfileParser.getHomepage(BrowserProfileParser.java:219)
10-13 06:24:48.137: W/System.err(12031): 	at com.android.browser.BrowserSettings.getCurHomepage(BrowserSettings.java:1770)
10-13 06:24:48.137: W/System.err(12031): 	at com.android.browser.BrowserSettings$1.run(BrowserSettings.java:402)
10-13 06:24:48.137: W/System.err(12031): 	at java.util.concurrent.ThreadPoolExecutor.runWorker(ThreadPoolExecutor.java:1112)
10-13 06:24:48.137: W/System.err(12031): 	at java.util.concurrent.ThreadPoolExecutor$Worker.run(ThreadPoolExecutor.java:587)
10-13 06:24:48.137: W/System.err(12031): 	at java.lang.Thread.run(Thread.java:841)
10-13 06:24:48.137: I/AUTOPROP(12031): getMatchedProfile matchedProfile:null
10-13 06:24:48.137: E/ExternalAccountType(6357): Unsupported attribute readOnly
10-13 06:24:48.137: E/cutils(304): Failed to mkdirat(/storage/external_SD/Android): Read-only file system
10-13 06:24:48.137: W/ContextImpl(12009): Failed to ensure directory: /storage/external_SD/Android/data/com.google.android.music/files
10-13 06:24:48.137: E/VoldCmdListener(304): [LGE][VOLD][CommandListener.cpp][VolumeCmd::runCommand()] argv[1]:mkdirs, argv[2]:/storage/external_SD/Android/data/com.google.android.music/files/, argv[3]:(null), argc:3
10-13 06:24:48.137: W/Vold(304): Returning OperationFailed - no handler for errno 30
10-13 06:24:48.147: I/Adreno-EGL(12031): <qeglDrvAPI_eglInitialize:410>: EGL 1.4 QUALCOMM build: AU_LINUX_ANDROID_LNX.LA.3.5.1_RB1.04.04.02.048.041_msm8974_LNX.LA.3.5.1_RB1_CL3304448_release_AU (CL3304448)
10-13 06:24:48.147: I/Adreno-EGL(12031): OpenGL ES Shader Compiler Version: E031.24.00.14
10-13 06:24:48.147: I/Adreno-EGL(12031): Build Date: 04/18/14 Fri
10-13 06:24:48.147: I/Adreno-EGL(12031): Local Branch: 
10-13 06:24:48.147: I/Adreno-EGL(12031): Remote Branch: quic/LNX.LA.3.5.1_RB1.1
10-13 06:24:48.147: I/Adreno-EGL(12031): Local Patches: NONE
10-13 06:24:48.147: I/Adreno-EGL(12031): Reconstruct Branch: AU_LINUX_ANDROID_LNX.LA.3.5.1_RB1.04.04.02.048.041 +  NOTHING
10-13 06:24:48.147: D/AccountTypeManager(6357): Registering extension package account type=com.google, dataSet=plus, packageName=com.google.android.apps.plus
10-13 06:24:48.147: I/SIMContacts(6357): SimPhonebookManager|[0]SIM loading status : false
10-13 06:24:48.147: I/AccountTypeManager(6357): Loaded meta-data for 4 account types, 1 accounts in 29ms(wall) 9ms(cpu)
10-13 06:24:48.147: W/chromium(12031): [WARNING:proxy_service.cc(888)] PAC support disabled because there is no system implementation
10-13 06:24:48.147: I/ContactLED(6357): emotionalLedType = 2
10-13 06:24:48.157: I/ContactLED(6357): emotionalLedType = 2
10-13 06:24:48.157: I/ContactLED(6357): emotionalLedType = 2
10-13 06:24:48.157: D/AccountTypeManager(6357): Registering 1 extension packages
10-13 06:24:48.167: E/ExternalAccountType(6357): Unsupported attribute readOnly
10-13 06:24:48.167: D/AccountTypeManager(6357): Registering extension package account type=com.google, dataSet=plus, packageName=com.google.android.apps.plus
10-13 06:24:48.187: I/Icing(11768): Indexing 3C19A47BD412D9EFFF23E8912D35E85BB713581B from com.google.android.gms
10-13 06:24:48.187: I/SIMContacts(6357): SimPhonebookManager|[0]SIM loading status : false
10-13 06:24:48.187: I/AccountTypeManager(6357): Loaded meta-data for 4 account types, 1 accounts in 41ms(wall) 9ms(cpu)
10-13 06:24:48.197: I/ContactLED(6357): emotionalLedType = 2
10-13 06:24:48.197: I/ActivityManager(1071): Start proc com.android.calendar for broadcast com.android.calendar/.alerts.AlertReceiver: pid=12072 uid=10014 gids={50014, 3003, 1028, 1015}
10-13 06:24:48.207: I/ContactLED(6357): emotionalLedType = 2
10-13 06:24:48.207: I/ContactLED(6357): emotionalLedType = 2
10-13 06:24:48.207: D/AccountTypeManager(6357): Registering 1 extension packages
10-13 06:24:48.207: E/cutils(304): Failed to mkdirat(/storage/external_SD/Android): Read-only file system
10-13 06:24:48.207: E/ExternalAccountType(6357): Unsupported attribute readOnly
10-13 06:24:48.207: W/ContextImpl(12009): Failed to ensure directory: /storage/external_SD/Android/data/com.google.android.music/files
10-13 06:24:48.207: E/cutils(304): Failed to mkdirat(/storage/external_SD/Android): Read-only file system
10-13 06:24:48.207: E/VoldCmdListener(304): [LGE][VOLD][CommandListener.cpp][VolumeCmd::runCommand()] argv[1]:mkdirs, argv[2]:/storage/external_SD/Android/data/com.google.android.music/files/, argv[3]:(null), argc:3
10-13 06:24:48.207: W/Vold(304): Returning OperationFailed - no handler for errno 30
10-13 06:24:48.207: E/VoldCmdListener(304): [LGE][VOLD][CommandListener.cpp][VolumeCmd::runCommand()] argv[1]:mkdirs, argv[2]:/storage/external_SD/Android/data/com.google.android.music/files/, argv[3]:(null), argc:3
10-13 06:24:48.207: W/Vold(304): Returning OperationFailed - no handler for errno 30
10-13 06:24:48.217: W/ContextImpl(12009): Failed to ensure directory: /storage/external_SD/Android/data/com.google.android.music/files
10-13 06:24:48.217: D/HyLog(12072): I : /data/font/config/sfconfig.dat, No such file or directory (2)
10-13 06:24:48.217: D/HyLog(12072): I : /data/font/config/dfactpre.dat, No such file or directory (2)
10-13 06:24:48.217: D/HyLog(12072): I : /data/font/config/sfconfig.dat, No such file or directory (2)
10-13 06:24:48.227: D/AccountTypeManager(6357): Registering extension package account type=com.google, dataSet=plus, packageName=com.google.android.apps.plus
10-13 06:24:48.227: W/ContextImpl(12009): Implicit intents with startService are not safe: Intent { act=com.google.android.music.NETWORK_MONITOR_SERVICE } android.content.ContextWrapper.bindService:517 com.google.android.music.utils.SafeServiceConnection$ServiceConnectionImp.bindService:98 com.google.android.music.utils.SafeServiceConnection.bindService:259 
10-13 06:24:48.237: W/ContextImpl(12009): Implicit intents with startService are not safe: Intent { act=com.google.android.music.STORE_SERVICE } android.content.ContextWrapper.bindService:517 com.google.android.music.utils.SafeServiceConnection$ServiceConnectionImp.bindService:98 com.google.android.music.utils.SafeServiceConnection.bindService:259 
10-13 06:24:48.237: I/SIMContacts(6357): SimPhonebookManager|[0]SIM loading status : false
10-13 06:24:48.237: I/AccountTypeManager(6357): Loaded meta-data for 4 account types, 1 accounts in 49ms(wall) 9ms(cpu)
10-13 06:24:48.237: I/[SystemUI]PhoneStatusBarPolicy(1363): onReceive = android.intent.action.SYNC_STATE_CHANGED
10-13 06:24:48.247: W/ContextImpl(11968): Implicit intents with startService are not safe: Intent { act=com.google.android.music.NETWORK_MONITOR_SERVICE } android.content.ContextWrapper.bindService:517 com.google.android.music.utils.SafeServiceConnection$ServiceConnectionImp.bindService:98 com.google.android.music.utils.SafeServiceConnection.bindService:259 
10-13 06:24:48.257: I/[SystemUI]PhoneStatusBarPolicy(1363): onReceive = android.intent.action.SYNC_STATE_CHANGED
10-13 06:24:48.257: I/ContactLED(6357): emotionalLedType = 2
10-13 06:24:48.257: I/ContactLED(6357): emotionalLedType = 2
10-13 06:24:48.257: I/ContactLED(6357): emotionalLedType = 2
10-13 06:24:48.257: D/Config(12072): [init]
10-13 06:24:48.257: D/AccountTypeManager(6357): Registering 1 extension packages
10-13 06:24:48.257: I/Config(12072): LGCalendar ver.4.20.9
10-13 06:24:48.257: I/Config(12072): start check model
10-13 06:24:48.257: I/Config(12072): start check native_ca
10-13 06:24:48.257: I/Config(12072): Operator(GLOBAL) is not registered.
10-13 06:24:48.257: I/Config(12072): Config Operator=OPEN, Country=COM
10-13 06:24:48.267: D/Config(12072): [setDefaultValuesToPref]
10-13 06:24:48.267: D/Config(12072): [parseProfiles]
10-13 06:24:48.267: E/ExternalAccountType(6357): Unsupported attribute readOnly
10-13 06:24:48.267: D/ProfilesParser(12072): [debug_displayParseInfos] profile.country = null
10-13 06:24:48.267: D/ProfilesParser(12072): [debug_displayParseInfos] profile.operator = null
10-13 06:24:48.267: D/Config(12072): [updateProfiletoCountryInfo]
10-13 06:24:48.267: D/AccountTypeManager(6357): Registering extension package account type=com.google, dataSet=plus, packageName=com.google.android.apps.plus
10-13 06:24:48.277: I/SIMContacts(6357): SimPhonebookManager|[0]SIM loading status : false
10-13 06:24:48.277: I/AccountTypeManager(6357): Loaded meta-data for 4 account types, 1 accounts in 37ms(wall) 8ms(cpu)
10-13 06:24:48.277: I/MediaRouter(12009): Found default route: MediaRouter.RouteInfo{ uniqueId=android/.support.v7.media.SystemMediaRouteProvider:DEFAULT_ROUTE, name=Teléfono, description=null, enabled=true, connecting=false, playbackType=0, playbackStream=3, volumeHandling=1, volume=0, volumeMax=15, presentationDisplayId=-1, extras=null, providerPackageName=android }
10-13 06:24:48.277: V/MediaPlayer[Native](11968): constructor
10-13 06:24:48.277: I/ContactLED(6357): emotionalLedType = 2
10-13 06:24:48.287: I/ContactLED(6357): emotionalLedType = 2
10-13 06:24:48.287: V/AudioFlinger(318): registerClient() client 0xb7221a68, pid 11968
10-13 06:24:48.287: V/AudioFlinger(318): sendIoConfigEvent() num events 1 event 0, param 0
10-13 06:24:48.287: V/AudioFlinger(318): sendIoConfigEvent() num events 1 event 0, param 0
10-13 06:24:48.287: V/AudioFlinger(318): thread 0xb22c3008 type 0 TID 743 waking up
10-13 06:24:48.287: V/AudioFlinger(318): thread 0xb2157008 type 0 TID 1192 waking up
10-13 06:24:48.287: V/AudioFlinger(318): acquireWakeLock_l() AudioOut_2 status 0
10-13 06:24:48.287: V/AudioFlinger(318): processConfigEvents() remaining events 1
10-13 06:24:48.287: V/AudioFlinger(318): acquireWakeLock_l() AudioOut_3 status 0
10-13 06:24:48.287: V/AudioFlinger(318): processConfigEvents() remaining events 1
10-13 06:24:48.287: V/AudioFlinger(318): PlaybackThread::audioConfigChanged_l, thread 0xb22c3008, event 0, param 0
10-13 06:24:48.287: V/AudioSystem(318): ioConfigChanged() event 0, ioHandle 2
10-13 06:24:48.287: V/AudioSystem(318): ioConfigChanged() opening already existing output! 2
10-13 06:24:48.287: V/AudioSystem(1071): ioConfigChanged() event 0, ioHandle 2
10-13 06:24:48.287: V/AudioSystem(1071): ioConfigChanged() opening already existing output! 2
10-13 06:24:48.287: V/AudioSystem(1363): ioConfigChanged() event 0, ioHandle 2
10-13 06:24:48.287: V/AudioSystem(1363): ioConfigChanged() opening already existing output! 2
10-13 06:24:48.287: V/AudioSystem(11968): ioConfigChanged() event 0, ioHandle 2
10-13 06:24:48.287: V/AudioFlinger(318): PlaybackThread::audioConfigChanged_l, thread 0xb2157008, event 0, param 0
10-13 06:24:48.287: V/AudioSystem(318): ioConfigChanged() event 0, ioHandle 3
10-13 06:24:48.287: V/AudioSystem(318): ioConfigChanged() opening already existing output! 3
10-13 06:24:48.287: V/AudioFlinger(318): acquireWakeLock_l() AudioOut_2 status 0
10-13 06:24:48.287: V/AudioSystem(1566): ioConfigChanged() event 0, ioHandle 2
10-13 06:24:48.287: V/AudioSystem(1566): ioConfigChanged() opening already existing output! 2
10-13 06:24:48.287: V/AudioSystem(7402): ioConfigChanged() event 0, ioHandle 2
10-13 06:24:48.287: V/AudioSystem(7402): ioConfigChanged() opening already existing output! 2
10-13 06:24:48.287: V/AudioSystem(1071): ioConfigChanged() event 0, ioHandle 3
10-13 06:24:48.287: V/AudioSystem(1071): ioConfigChanged() opening already existing output! 3
10-13 06:24:48.287: V/AudioSystem(1566): ioConfigChanged() event 0, ioHandle 3
10-13 06:24:48.287: V/AudioSystem(1566): ioConfigChanged() opening already existing output! 3
10-13 06:24:48.287: V/AudioFlinger(318): acquireWakeLock_l() AudioOut_3 status 0
10-13 06:24:48.287: V/AudioSystem(7402): ioConfigChanged() event 0, ioHandle 3
10-13 06:24:48.287: V/AudioSystem(7402): ioConfigChanged() opening already existing output! 3
10-13 06:24:48.287: V/AudioSystem(1363): ioConfigChanged() event 0, ioHandle 3
10-13 06:24:48.287: V/AudioSystem(1363): ioConfigChanged() opening already existing output! 3
10-13 06:24:48.287: V/AudioSystem(11968): ioConfigChanged() new output samplingRate 48000, format 1 channel mask 0x3 frameCount 960 latency 80
10-13 06:24:48.287: V/AudioSystem(11968): ioConfigChanged() event 0, ioHandle 3
10-13 06:24:48.287: V/AudioSystem(11968): ioConfigChanged() new output samplingRate 48000, format 1 channel mask 0x3 frameCount 960 latency 50
10-13 06:24:48.297: V/AudioFlinger(318): acquiring 15 from 11968
10-13 06:24:48.297: V/AudioFlinger(318):  added new entry for 15
10-13 06:24:48.297: D/MediaPlayer[Native](11968): calling notify_player_state: 1
10-13 06:24:48.297: V/MediaPlayer[Native](11968): setListener
10-13 06:24:48.297: E/ExtMediaPlayer-JNI(11968): QCMediaPlayer could not be located....
10-13 06:24:48.297: E/MediaPlayer-JNI(11968): QCMediaPlayer mediaplayer NOT present
10-13 06:24:48.297: I/ContactLED(6357): emotionalLedType = 2
10-13 06:24:48.297: D/AccountTypeManager(6357): Registering 1 extension packages
10-13 06:24:48.297: E/ExternalAccountType(6357): Unsupported attribute readOnly
10-13 06:24:48.297: W/ContextImpl(12009): Implicit intents with startService are not safe: Intent { act=com.google.android.music.NETWORK_MONITOR_SERVICE } android.content.ContextWrapper.bindService:517 com.google.android.music.utils.SafeServiceConnection$ServiceConnectionImp.bindService:98 com.google.android.music.utils.SafeServiceConnection.bindService:259 
10-13 06:24:48.297: D/SystemUtils(11968): getSystemProperty: lpa.decode=null
10-13 06:24:48.307: D/AccountTypeManager(6357): Registering extension package account type=com.google, dataSet=plus, packageName=com.google.android.apps.plus
10-13 06:24:48.307: I/SIMContacts(6357): SimPhonebookManager|[0]SIM loading status : false
10-13 06:24:48.307: I/AccountTypeManager(6357): Loaded meta-data for 4 account types, 1 accounts in 29ms(wall) 8ms(cpu)
10-13 06:24:48.307: I/ContactLED(6357): emotionalLedType = 2
10-13 06:24:48.307: I/ContactLED(6357): emotionalLedType = 2
10-13 06:24:48.307: I/ContactLED(6357): emotionalLedType = 2
10-13 06:24:48.307: D/AccountTypeManager(6357): Registering 1 extension packages
10-13 06:24:48.317: I/ConfigStore(11968): Config Database version: 1
10-13 06:24:48.317: E/ExternalAccountType(6357): Unsupported attribute readOnly
10-13 06:24:48.327: D/CacheService(11968): onCreate
10-13 06:24:48.337: W/ContextImpl(12009): Implicit intents with startService are not safe: Intent { act=com.google.android.finsky.services.IMarketCatalogService.BIND } android.content.ContextWrapper.bindService:517 com.google.android.music.utils.SafeServiceConnection$ServiceConnectionImp.bindService:98 com.google.android.music.utils.SafeServiceConnection.bindService:259 
10-13 06:24:48.337: D/AccountTypeManager(6357): Registering extension package account type=com.google, dataSet=plus, packageName=com.google.android.apps.plus
10-13 06:24:48.337: I/SIMContacts(6357): SimPhonebookManager|[0]SIM loading status : false
10-13 06:24:48.337: I/AccountTypeManager(6357): Loaded meta-data for 4 account types, 1 accounts in 35ms(wall) 8ms(cpu)
10-13 06:24:48.347: I/ContactLED(6357): emotionalLedType = 2
10-13 06:24:48.347: I/ContactLED(6357): emotionalLedType = 2
10-13 06:24:48.347: I/ContactLED(6357): emotionalLedType = 2
10-13 06:24:48.347: D/AccountTypeManager(6357): Registering 1 extension packages
10-13 06:24:48.347: E/ExternalAccountType(6357): Unsupported attribute readOnly
10-13 06:24:48.347: I/ActivityManager(1071): Start proc com.android.vending for service com.android.vending/com.google.android.finsky.services.MarketCatalogService: pid=12101 uid=10045 gids={50045, 3003, 1028, 1015}
10-13 06:24:48.357: D/AccountTypeManager(6357): Registering extension package account type=com.google, dataSet=plus, packageName=com.google.android.apps.plus
10-13 06:24:48.357: I/SIMContacts(6357): SimPhonebookManager|[0]SIM loading status : false
10-13 06:24:48.357: I/AccountTypeManager(6357): Loaded meta-data for 4 account types, 1 accounts in 16ms(wall) 8ms(cpu)
10-13 06:24:48.357: I/ContactLED(6357): emotionalLedType = 2
10-13 06:24:48.357: I/ContactLED(6357): emotionalLedType = 2
10-13 06:24:48.357: D/CacheService(11968): onBind
10-13 06:24:48.357: I/ContactLED(6357): emotionalLedType = 2
10-13 06:24:48.357: D/AccountTypeManager(6357): Registering 1 extension packages
10-13 06:24:48.367: D/HyLog(12101): I : /data/font/config/sfconfig.dat, No such file or directory (2)
10-13 06:24:48.367: D/HyLog(12101): I : /data/font/config/dfactpre.dat, No such file or directory (2)
10-13 06:24:48.367: D/HyLog(12101): I : /data/font/config/sfconfig.dat, No such file or directory (2)
10-13 06:24:48.367: I/CastUtils(12009): Removing provider: MediaRouter.RouteProviderInfo{ packageName=com.google.android.gms }
10-13 06:24:48.367: E/ExternalAccountType(6357): Unsupported attribute readOnly
10-13 06:24:48.367: W/ContextImpl(11968): Implicit intents with startService are not safe: Intent { act=com.google.android.music.NETWORK_MONITOR_SERVICE } android.content.ContextWrapper.bindService:517 com.google.android.music.utils.SafeServiceConnection$ServiceConnectionImp.bindService:98 com.google.android.music.utils.SafeServiceConnection.bindService:259 
10-13 06:24:48.377: D/AccountTypeManager(6357): Registering extension package account type=com.google, dataSet=plus, packageName=com.google.android.apps.plus
