10-11 21:54:43.421: W/Search.LoginHelper(4735): 	at com.google.android.apps.gsa.search.core.google.c.n.b(LoginHelper.java:829)
10-11 21:54:43.421: W/Search.LoginHelper(4735): 	at com.google.android.apps.gsa.search.core.google.c.n$5.Pe(LoginHelper.java:715)
10-11 21:54:43.421: W/Search.LoginHelper(4735): 	at com.google.android.apps.gsa.search.core.google.c.n$5.call(LoginHelper.java:712)
10-11 21:54:43.421: W/Search.LoginHelper(4735): 	at java.util.concurrent.FutureTask.run(FutureTask.java:237)
10-11 21:54:43.421: W/Search.LoginHelper(4735): 	at java.util.concurrent.Executors$RunnableAdapter.call(Executors.java:423)
10-11 21:54:43.421: W/Search.LoginHelper(4735): 	at java.util.concurrent.FutureTask.run(FutureTask.java:237)
10-11 21:54:43.421: W/Search.LoginHelper(4735): 	at java.util.concurrent.ThreadPoolExecutor.runWorker(ThreadPoolExecutor.java:1113)
10-11 21:54:43.421: W/Search.LoginHelper(4735): 	at java.util.concurrent.ThreadPoolExecutor$Worker.run(ThreadPoolExecutor.java:588)
10-11 21:54:43.421: W/Search.LoginHelper(4735): 	at java.lang.Thread.run(Thread.java:818)
10-11 21:54:43.421: W/Search.LoginHelper(4735): 	at com.google.android.apps.gsa.shared.util.concurrent.a.q$1.run(GsaThreadFactory.java:99)
10-11 21:54:43.421: E/VelvetNetworkClient(4735): Failed to get auth token
10-11 21:54:43.421: D/Finsky(5659): [1] DownloadImpl.setState: Duplicate state set for 'com.android.vending' (0). Already in that state
10-11 21:54:43.422: D/Finsky(5659): [1] DownloadQueueImpl.add: Download com.android.vending added to DownloadQueue
10-11 21:54:43.426: D/Finsky(5659): [1] DownloadImpl.setState: com.android.vending from 0 to 1.
10-11 21:54:43.429: I/installd(1346): free_cache(0) avail 3802144768
10-11 21:54:43.438: D/Finsky(5659): [1] StartNextDownloadRunnable.run: Download com.android.vending starting
10-11 21:54:43.450: W/ActivityManager(1720): Unable to start service Intent { act=local_action cmp=com.google.android.gms/.car.InCallService2 } U=0: not found
10-11 21:54:43.450: E/CAR.TEL.Service(5988): Failed to bind to InCallService
10-11 21:54:43.451: V/Finsky(5659): [1] GearheadStateMonitor.access$100: mIsProjecting:false
10-11 21:54:43.451: W/ActivityManager(1720): Unbind failed: could not find connection for android.os.BinderProxy@dc7dcd6
10-11 21:54:43.452: D/Finsky(5659): [384] DownloadQueueImpl$7.run: Enqueued com.android.vending as content://downloads/my_downloads/21
10-11 21:54:43.453: D/Finsky(5659): [1] DownloadImpl.setState: com.android.vending from 1 to 2.
10-11 21:54:43.453: D/Finsky(5659): [1] DownloadQueueImpl.onStart: com.android.vending: onStart
10-11 21:54:43.455: D/Finsky(5659): [1] DownloadQueueImpl.notifyProgress: com.android.vending: onProgress 0/-1 Status: 190.
10-11 21:54:43.475: D/Finsky(5659): [1] DownloadQueueImpl.notifyProgress: com.android.vending: onProgress 0/-1 Status: 192.
10-11 21:54:43.476: D/DownloadManager(5724): [21] Starting
10-11 21:54:43.478: W/ActivityThread(5724): ClassLoader.loadClass: The class loader returned by Thread.getContextClassLoader() may fail for processes that host multiple applications. You should explicitly specify a context class loader. For example: Thread.setContextClassLoader(getClass().getClassLoader());
10-11 21:54:43.515: I/qtaguid(5659): Failed write_ctrl(u 30) res=-1 errno=22
10-11 21:54:43.515: I/qtaguid(5659): Untagging socket 30 failed errno=-22
10-11 21:54:43.515: W/NetworkManagementSocketTagger(5659): untagSocket(30) failed with errno -22
10-11 21:54:43.533: D/PlayMovies(5884): TransferService.onCreate:60 creating transfer service
10-11 21:54:43.571: I/HeterodyneSyncScheduler(5384): Scheduling Phenotype for a PhenotypeSyncImmediately(5, null) one off with window [1, 2] in seconds
10-11 21:54:43.573: I/PmtsSwAccountIntentOp(5400): Processing intent action=android.accounts.LOGIN_ACCOUNTS_CHANGED
10-11 21:54:43.573: I/PmtsSwAccountIntentOp(5400): Device isn't of sufficient API level
10-11 21:54:43.590: D/Finsky(5659): [1] BaseWidgetProvider.onReceive: Received ACTION_APPWIDGET_UPDATE, updating 0 widgets.
10-11 21:54:43.591: D/Finsky(5659): [1] BaseWidgetProvider.onReceive: Received ACTION_APPWIDGET_UPDATE, updating 0 widgets.
10-11 21:54:43.592: D/Finsky(5659): [1] BaseWidgetProvider.onReceive: Received ACTION_APPWIDGET_UPDATE, updating 0 widgets.
10-11 21:54:43.610: W/WakefulBroadcastReceiver(5384): No active wake lock id #2
10-11 21:54:43.633: E/LanguagePackUpdateController(4735): Download ID not found in active set :20
10-11 21:54:43.657: I/BroadcastQueue(1720): Delay finish: com.google.android.gm/.widget.GmailWidgetProvider
10-11 21:54:43.664: I/IcingInternalCorpora(5400): Received calendar change notification.
10-11 21:54:43.665: I/BroadcastQueue(1720): Resuming delayed broadcast
10-11 21:54:43.675: D/Finsky(5659): [1] DailyHygiene.onStartCommand: Beginning daily hygiene
10-11 21:54:43.686: V/GCMBroadcastReceiver(5659): onReceive: com.google.android.c2dm.intent.REGISTRATION
10-11 21:54:43.686: V/GCMBroadcastReceiver(5659): GCM IntentService class: com.android.vending.GCMIntentService
10-11 21:54:43.715: V/GCMBaseIntentService(5659): Acquiring wakelock
10-11 21:54:43.716: V/GCMBaseIntentService(5659): Intent service name: GCMIntentService-932144863878-1
10-11 21:54:43.731: W/Auth(5384): [GetToken] GetToken failed with status code: INVALID_SCOPE
10-11 21:54:43.734: W/Search.LoginHelper(4735): Google auth exception for scope: oauth2:https://www.googleapis.com/auth/googlenow
10-11 21:54:43.734: W/Search.LoginHelper(4735): com.google.android.gms.auth.a: INVALID_SCOPE
10-11 21:54:43.734: W/Search.LoginHelper(4735): 	at com.google.android.gms.auth.b.a(Unknown Source)
10-11 21:54:43.734: W/Search.LoginHelper(4735): 	at com.google.android.gms.auth.b.b(Unknown Source)
10-11 21:54:43.734: W/Search.LoginHelper(4735): 	at com.google.android.gms.auth.b.a(Unknown Source)
10-11 21:54:43.734: W/Search.LoginHelper(4735): 	at com.google.android.apps.gsa.search.core.google.c.m.a(GoogleAuthAdapterImpl.java:29)
10-11 21:54:43.734: W/Search.LoginHelper(4735): 	at com.google.android.apps.gsa.search.core.google.c.k.a(FallingBackGoogleAuthAdapter.java:93)
10-11 21:54:43.734: W/Search.LoginHelper(4735): 	at com.google.android.apps.gsa.search.core.google.c.g.a(CachingGoogleAuthAdapter.java:72)
10-11 21:54:43.734: W/Search.LoginHelper(4735): 	at com.google.android.apps.gsa.search.core.google.c.n.b(LoginHelper.java:829)
10-11 21:54:43.734: W/Search.LoginHelper(4735): 	at com.google.android.apps.gsa.search.core.google.c.n$5.Pe(LoginHelper.java:715)
10-11 21:54:43.734: W/Search.LoginHelper(4735): 	at com.google.android.apps.gsa.search.core.google.c.n$5.call(LoginHelper.java:712)
10-11 21:54:43.734: W/Search.LoginHelper(4735): 	at java.util.concurrent.FutureTask.run(FutureTask.java:237)
10-11 21:54:43.734: W/Search.LoginHelper(4735): 	at java.util.concurrent.Executors$RunnableAdapter.call(Executors.java:423)
10-11 21:54:43.734: W/Search.LoginHelper(4735): 	at java.util.concurrent.FutureTask.run(FutureTask.java:237)
10-11 21:54:43.734: W/Search.LoginHelper(4735): 	at java.util.concurrent.ThreadPoolExecutor.runWorker(ThreadPoolExecutor.java:1113)
10-11 21:54:43.734: W/Search.LoginHelper(4735): 	at java.util.concurrent.ThreadPoolExecutor$Worker.run(ThreadPoolExecutor.java:588)
10-11 21:54:43.734: W/Search.LoginHelper(4735): 	at java.lang.Thread.run(Thread.java:818)
10-11 21:54:43.734: W/Search.LoginHelper(4735): 	at com.google.android.apps.gsa.shared.util.concurrent.a.q$1.run(GsaThreadFactory.java:99)
10-11 21:54:43.734: E/VelvetNetworkClient(4735): Failed to get auth token
10-11 21:54:43.753: E/GCMRegistrar(5659): internal error: retry receiver class not set yet
10-11 21:54:43.753: V/GCMRegistrar(5659): Registering receiver
10-11 21:54:43.767: W/ConfigurationChimeraProvider(5384): Got null configs for com.google.android.gms.ads
10-11 21:54:43.769: D/GCMBaseIntentService(5659): handleRegistration: registrationId = APA91bE8ormY-2GGPL4FgB7dFZ5cwkdX1tjMU8ATQCC4CGNUylsylaf0TzzX5TIA186_jQaeBSaoFC35OKE_4iW0wfq4EjuInxItBJLESpTHl6eGNRmUpVhI_RIu00euwWj06ltV0ZPA, error = null, unregistered = null
10-11 21:54:43.769: D/GCMRegistrar(5659): resetting backoff for com.android.vending
10-11 21:54:43.770: W/UdcContextManagerHelper(5384): Empty context buffer. Thus might mean that the context is not synced down.
10-11 21:54:43.770: W/UploadOptInStatusOp(5384): Empty context model while retrieving upload opt-in status!
10-11 21:54:43.772: V/GCMRegistrar(5659): Saving regId on app version 80420700
10-11 21:54:43.775: V/GCMBaseIntentService(5659): Releasing wakelock
10-11 21:54:43.776: D/Finsky(5659): [1] GcmRegistrationIdHelper.uploadIfNotRegistered: Uploading GcmRegistration Id because not registered yet
10-11 21:54:43.777: I/qtaguid(5659): Failed write_ctrl(u 30) res=-1 errno=22
10-11 21:54:43.777: I/qtaguid(5659): Untagging socket 30 failed errno=-22
10-11 21:54:43.777: W/NetworkManagementSocketTagger(5659): untagSocket(30) failed with errno -22
10-11 21:54:43.778: E/ctxmgr(5384): [NetworkUtil]No active synchronizable contexts.
10-11 21:54:43.778: V/DownloadManager(5724): Deleting /data/data/com.android.providers.downloads/cache/hotword.data via provider delete
10-11 21:54:43.778: D/Finsky(5659): [1] SelfUpdateScheduler.checkForSelfUpdate: Skipping DFE self-update check as there is an update already queued.
10-11 21:54:43.830: I/CheckinCompat(5400): Disabling old GoogleServicesFramework version
10-11 21:54:43.839: W/ConfigurationChimeraProvider(5384): Got null configs for com.google.android.gms.mdm
10-11 21:54:43.850: W/linker(4735): /data/app/com.google.android.gms-1/lib/x86/libconscrypt_gmscore_jni.so: unused DT entry: type 0x1d arg 0x91
10-11 21:54:43.854: V/NativeCrypto(4735): Registering com/google/android/gms/org/conscrypt/NativeCrypto's 259 native methods...
10-11 21:54:43.872: I/art(4735): Rejecting re-init on previously-failed class java.lang.Class<com.google.android.gms.org.conscrypt.OpenSSLExtendedSessionImpl>
10-11 21:54:43.872: I/art(4735): Rejecting re-init on previously-failed class java.lang.Class<com.google.android.gms.org.conscrypt.OpenSSLExtendedSessionImpl>
10-11 21:54:43.872: I/art(4735): Rejecting re-init on previously-failed class java.lang.Class<com.google.android.gms.org.conscrypt.OpenSSLExtendedSessionImpl>
10-11 21:54:43.884: I/ProviderInstaller(4735): Installed default security provider GmsCore_OpenSSL
10-11 21:54:43.892: E/BlobDownloadManager(4735): Download ID not found in active set: 20
10-11 21:54:43.927: D/Finsky(5659): [1] BaseWidgetProvider.onReceive: Received ACTION_APPWIDGET_UPDATE, updating 0 widgets.
10-11 21:54:43.928: D/Finsky(5659): [1] BaseWidgetProvider.onReceive: Received ACTION_APPWIDGET_UPDATE, updating 0 widgets.
10-11 21:54:43.929: I/Authzen(5384): [AccountChangeProcessingIntentOperation] Received onHandleIntent() call: Intent { act=com.google.android.gms.auth.GOOGLE_ACCOUNT_CHANGE cat=[com.google.android.gms.auth.category.ACCOUNT_ADDED] flg=0x10 cmp=com.google.android.gms/.chimera.GmsIntentOperationService$PersistentInternalReceiver (has extras) }
10-11 21:54:43.929: I/Authzen(5384): [AccountChangeProcessingIntentOperation] Handling added account: <ELLIDED:-2054587611>
10-11 21:54:43.937: I/Auth(5400): [FRP,FrpUpdateIntentOperation] Frp is not supported for this device / user
10-11 21:54:43.950: I/EventLogChimeraService(5400): Accumulating logs since 1507772379344
10-11 21:54:43.955: I/GCoreUlr(5384): Starting service, intent=Intent { act=com.google.android.location.reporting.ACTION_UPDATE_WORLD cmp=com.google.android.gms/com.google.android.location.reporting.service.DispatchingService (has extras) }, extras=Bundle[{receiverAction=com.google.android.gms.auth.GOOGLE_ACCOUNT_CHANGE, accountsAdded=[Account {name=VS2WQVCOVYYT3Y3JQZUPAOQ2II-00@cloudtestlabaccounts.com, type=com.google}]}]
10-11 21:54:43.960: D/Finsky(5659): [1] BaseWidgetProvider.onReceive: Received ACTION_APPWIDGET_UPDATE, updating 0 widgets.
10-11 21:54:43.985: I/Authzen(5384): [SyncManager] Sync requested for event 100, account VS2WQVCOVYYT3Y3JQZUPAOQ2II-00@cloudtestlabaccounts.com, and components 3, with reason 7
10-11 21:54:43.985: I/Authzen(5384): [SyncManager] Triggering AuthZen registration...
10-11 21:54:43.992: I/Authzen(5384): [RegistrationManager] Fetching signing key...
10-11 21:54:44.002: I/Authzen(5384): [KeyService] Creating new signing Keys for handle: device_key
10-11 21:54:44.004: I/Authzen(5384): [SqliteKeyStorage] Adding new credential
10-11 21:54:44.015: W/Auth(5384): [GetToken] GetToken failed with status code: INVALID_SCOPE
10-11 21:54:44.022: I/Authzen(5384): [RegistrationManager] Signing key fetched successfully!
10-11 21:54:44.022: W/AuthSessionAuthenticato(5384): Auth related exception is being ignored: INVALID_SCOPE
10-11 21:54:44.028: W/GLSUser(5384): [DeviceKeyStore] Cannot load key: Device key file not found.
10-11 21:54:44.028: W/GLSUser(5384): [DeviceKeyStore] Cannot load key: Device key file not found.
10-11 21:54:44.038: I/Authzen(5384): [RegistrationManager] Starting Enrollment...
10-11 21:54:44.041: E/ctxmgr(5384): [BaseServerTask]Server task (FetchAclSet) got error statusCode=-1.
10-11 21:54:44.041: E/ctxmgr(5384): com.android.volley.VolleyError: Unable to obtain auth token - is the device online?
10-11 21:54:44.041: E/ctxmgr(5384): 	at ciz.a(:com.google.android.gms@11519470:39)
10-11 21:54:44.041: E/ctxmgr(5384): 	at cei.run(:com.google.android.gms@11519470:2)
10-11 21:54:44.041: E/ctxmgr(5384): 	at ceg.handleMessage(:com.google.android.gms@11519470:3)
10-11 21:54:44.041: E/ctxmgr(5384): 	at mme.run(:com.google.android.gms@11519470:6)
10-11 21:54:44.041: E/ctxmgr(5384): 	at mmo.run(:com.google.android.gms@11519470:25)
10-11 21:54:44.041: E/ctxmgr(5384): 	at java.util.concurrent.ThreadPoolExecutor.runWorker(ThreadPoolExecutor.java:1113)
10-11 21:54:44.041: E/ctxmgr(5384): 	at java.util.concurrent.ThreadPoolExecutor$Worker.run(ThreadPoolExecutor.java:588)
10-11 21:54:44.041: E/ctxmgr(5384): 	at mrv.run(:com.google.android.gms@11519470)
10-11 21:54:44.041: E/ctxmgr(5384): 	at java.lang.Thread.run(Thread.java:818)
10-11 21:54:44.055: W/UdcContextManagerHelper(5384): Empty context buffer. Thus might mean that the context is not synced down.
10-11 21:54:44.055: W/UploadOptInStatusOp(5384): Empty context model while retrieving upload opt-in status!
10-11 21:54:44.061: E/ctxmgr(5384): [AccountAclCallback]Failed Acl fetch: network status=-1
10-11 21:54:44.079: I/GCoreUlr(5384): WorldUpdater received intent Intent { act=com.google.android.location.reporting.ACTION_UPDATE_WORLD cmp=com.google.android.gms/com.google.android.location.reporting.service.DispatchingService (has extras) } with receiverAction com.google.android.gms.auth.GOOGLE_ACCOUNT_CHANGE
10-11 21:54:44.086: D/AndroidRuntime(6052): >>>>>> START com.android.internal.os.RuntimeInit uid 0 <<<<<<
10-11 21:54:44.087: D/AndroidRuntime(6052): CheckJNI is OFF
10-11 21:54:44.096: W/UdcContextManagerHelper(5384): Empty context buffer. Thus might mean that the context is not synced down.
10-11 21:54:44.098: W/UploadOptInStatusOp(5384): Empty context model while retrieving upload opt-in status!
10-11 21:54:44.101: W/Auth(5384): [GetToken] GetToken failed with status code: INVALID_SCOPE
10-11 21:54:44.102: E/Authzen(5384): [RegistrationManager] Failed to do enrollment for account: <ELLIDED:48565171>
10-11 21:54:44.113: E/ctxmgr(5384): [NetworkUtil]No active synchronizable contexts.
10-11 21:54:44.137: I/Authzen(5384): [exw] Syncing data for account <ELLIDED:48565171>
10-11 21:54:44.159: D/ICU(6052): No timezone override file found: /data/misc/zoneinfo/current/icu/icu_tzdata.dat
10-11 21:54:44.165: I/Auth(5384): [ReflectiveChannelBinder] Successfully bound channel!
10-11 21:54:44.171: I/GCoreUlr(5384): AutoEnableManager setIneligible for account#11#
10-11 21:54:44.171: I/GCoreUlr(5384): [ 10-11 21:54:44.173  6052: 6052 W/         ]
10-11 21:54:44.171: I/GCoreUlr(5384): Failed to bind-mount /system/lib/x86/cpuinfo as /proc/cpuinfo: No such file or directory
10-11 21:54:44.184: E/memtrack(6052): Couldn't load memtrack module (No such file or directory)
10-11 21:54:44.184: E/android.os.Debug(6052): failed to load memtrack module: -2
10-11 21:54:44.185: I/Radio-JNI(6052): register_android_hardware_Radio DONE
10-11 21:54:44.186: W/Conscrypt(5384): Could not set socket write timeout:
10-11 21:54:44.187: W/Conscrypt(5384):    java.lang.reflect.Method.invoke(Native Method)
10-11 21:54:44.187: W/Conscrypt(5384):    com.google.android.gms.org.conscrypt.Platform.setSocketWriteTimeout(:com.google.android.gms@11519470:13)
10-11 21:54:44.227: I/GCoreUlr(5384): WorldUpdater:com.google.android.gms.auth.GOOGLE_ACCOUNT_CHANGE: Ensuring that reporting is stopped because of reasons: {account#11#=[InactiveReason{mIdentifier=6, mName='ReportingNotEnabled'}, InactiveReason{mIdentifier=14, mName='HistoryNotEnabled'}]}
10-11 21:54:44.230: D/AndroidRuntime(6052): Calling main entry com.android.commands.pm.Pm
10-11 21:54:44.238: W/Conscrypt(5384): Could not set socket write timeout:
10-11 21:54:44.238: W/Conscrypt(5384):    java.lang.reflect.Method.invoke(Native Method)
10-11 21:54:44.238: W/Conscrypt(5384):    com.google.android.gms.org.conscrypt.Platform.setSocketWriteTimeout(:com.google.android.gms@11519470:13)
10-11 21:54:44.258: I/GCoreUlr(5384): Unbound from all location providers
10-11 21:54:44.258: I/GCoreUlr(5384): Place inference reporting - stop
10-11 21:54:44.264: I/art(6052): System.exit called, status: 0
10-11 21:54:44.264: I/AndroidRuntime(6052): VM exiting with result code 0.
10-11 21:54:44.265: I/GCoreUlr(5384): Unregistering for aliased place alerts.
10-11 21:54:44.268: W/Conscrypt(5384): Could not set socket write timeout:
10-11 21:54:44.268: W/Conscrypt(5384):    java.lang.reflect.Method.invoke(Native Method)
10-11 21:54:44.268: W/Conscrypt(5384):    com.google.android.gms.org.conscrypt.Platform.setSocketWriteTimeout(:com.google.android.gms@11519470:13)
10-11 21:54:44.290: I/GCoreUlr(5384): DispatchingService.onDestroy()
10-11 21:54:44.292: I/GCoreUlr(5384): Stopping handler for UlrDispSvcFast
10-11 21:54:44.293: I/GCoreUlr(5384): Unbound from all location providers
10-11 21:54:44.294: I/GCoreUlr(5384): Place inference reporting - stop
10-11 21:54:44.295: W/com.google.a.a.b.d.a(5830): Application name is not set. Call Builder#setApplicationName.
10-11 21:54:44.303: I/GCoreUlr(5384): Unregistering for aliased place alerts.
10-11 21:54:44.313: W/Conscrypt(5384): Could not set socket write timeout:
10-11 21:54:44.314: W/Conscrypt(5384):    java.lang.reflect.Method.invoke(Native Method)
10-11 21:54:44.314: W/Conscrypt(5384):    com.google.android.gms.org.conscrypt.Platform.setSocketWriteTimeout(:com.google.android.gms@11519470:13)
10-11 21:54:44.316: W/Conscrypt(5384): Could not set socket write timeout:
10-11 21:54:44.316: W/Conscrypt(5384):    java.lang.reflect.Method.invoke(Native Method)
10-11 21:54:44.316: W/Conscrypt(5384):    com.google.android.gms.org.conscrypt.Platform.setSocketWriteTimeout(:com.google.android.gms@11519470:13)
10-11 21:54:44.317: W/Auth(5384): [GetToken] GetToken failed with status code: INVALID_SCOPE
10-11 21:54:44.317: E/Authzen(5384): [exw] Failed to authenticate account: <ELLIDED:48565171>. Clearing data.
10-11 21:54:44.319: I/Authzen(5384): [fcc] Opening database auth.proximity.permit_store...
10-11 21:54:44.320: I/Authzen(5384): [SyncManager] sync failed for 100
10-11 21:54:44.325: W/Conscrypt(5384): Could not set socket write timeout:
10-11 21:54:44.325: W/Conscrypt(5384):    java.lang.reflect.Method.invoke(Native Method)
10-11 21:54:44.325: W/Conscrypt(5384):    com.google.android.gms.org.conscrypt.Platform.setSocketWriteTimeout(:com.google.android.gms@11519470:13)
10-11 21:54:44.337: I/Authzen(5384): [SyncManager] Setting up sync 89689358ms later.
10-11 21:54:44.372: D/BluetoothManagerService(1720): Added callback: android.bluetooth.IBluetoothManagerCallback$Stub$Proxy@985d115:true
10-11 21:54:44.412: I/Authzen(5400): [PermitStore] Getting all permits...
10-11 21:54:44.413: I/Authzen(5400): [fcc] Opening database auth.proximity.permit_store...
10-11 21:54:44.414: I/Places(5384): ?: Couldn't find platform key file.
10-11 21:54:44.415: W/Auth(5384): [GetToken] GetToken failed with status code: INVALID_SCOPE
10-11 21:54:44.415: W/AuthSessionAuthenticato(5384): Auth related exception is being ignored: INVALID_SCOPE
10-11 21:54:44.424: I/GCoreUlr(5384): Uploading GCM registration ID for account#11#
10-11 21:54:44.427: W/GLSUser(5384): [DeviceKeyStore] Cannot load key: Device key file not found.
10-11 21:54:44.427: W/GLSUser(5384): [DeviceKeyStore] Cannot load key: Device key file not found.
10-11 21:54:44.435: I/Remoter(1331): Saved screenshot to '/data/screenshots/__pmv__-0085.jpg'
10-11 21:54:44.436: E/ctxmgr(5384): [BaseServerTask]Server task (FetchAclSet) got error statusCode=-1.
10-11 21:54:44.436: E/ctxmgr(5384): com.android.volley.VolleyError: Unable to obtain auth token - is the device online?
10-11 21:54:44.436: E/ctxmgr(5384): 	at ciz.a(:com.google.android.gms@11519470:39)
10-11 21:54:44.436: E/ctxmgr(5384): 	at cei.run(:com.google.android.gms@11519470:2)
10-11 21:54:44.436: E/ctxmgr(5384): 	at ceg.handleMessage(:com.google.android.gms@11519470:3)
10-11 21:54:44.436: E/ctxmgr(5384): 	at mme.run(:com.google.android.gms@11519470:6)
10-11 21:54:44.436: E/ctxmgr(5384): 	at mmo.run(:com.google.android.gms@11519470:25)
10-11 21:54:44.436: E/ctxmgr(5384): 	at java.util.concurrent.ThreadPoolExecutor.runWorker(ThreadPoolExecutor.java:1113)
10-11 21:54:44.436: E/ctxmgr(5384): 	at java.util.concurrent.ThreadPoolExecutor$Worker.run(ThreadPoolExecutor.java:588)
10-11 21:54:44.436: E/ctxmgr(5384): 	at mrv.run(:com.google.android.gms@11519470)
10-11 21:54:44.436: E/ctxmgr(5384): 	at java.lang.Thread.run(Thread.java:818)
10-11 21:54:44.447: E/ctxmgr(5384): [AccountAclCallback]Failed Acl fetch: network status=-1
10-11 21:54:44.455: W/UdcContextManagerHelper(5384): Empty context buffer. Thus might mean that the context is not synced down.
10-11 21:54:44.455: W/UploadOptInStatusOp(5384): Empty context model while retrieving upload opt-in status!
10-11 21:54:44.480: I/ProcessCheckinRequest(5400): Get token from PseudonymousIdApi: 114=mKtqP0eYTA3kCiPl-o0dhP0tyVLBMTpZOZFmHZpPJmQyGHajb1xYHvqwzT0yisHjT7BJN1rBPYW9T8ULRR5nv0R8pqE_HRbovwy6K83J9zXa_6uKyHU0WUACCrtble-C
10-11 21:54:44.484: I/GeofencerStateMachine(5384): removeGeofences: removeRequest=RemoveGeofencingRequest[REMOVE_BY_PENDING_INTENT pendingIntent=PendingIntent[creatorPackage=com.google.android.gms], packageName=null]
10-11 21:54:44.485: I/GeofencerStateMachine(5384): removeGeofences: removeRequest=RemoveGeofencingRequest[REMOVE_BY_PENDING_INTENT pendingIntent=PendingIntent[creatorPackage=com.google.android.gms], packageName=null]
10-11 21:54:44.488: I/GeofencerStateMachine(5384): removeGeofences: removeRequest=RemoveGeofencingRequest[REMOVE_BY_PENDING_INTENT pendingIntent=PendingIntent[creatorPackage=com.google.android.gms], packageName=null]
10-11 21:54:44.489: I/Places(5384): ?: Couldn't find platform key file.
10-11 21:54:44.492: W/Auth(5384): [GetToken] GetToken failed with status code: INVALID_SCOPE
10-11 21:54:44.497: I/CheckinRequestBuilder(5400): Checkin reason type: 4 attempt count: 1
10-11 21:54:44.497: I/GCM-GMS(5400): Failed to subscribe to group.
10-11 21:54:44.497: I/GCM-GMS(5400): dzf: INVALID_SCOPE
10-11 21:54:44.497: I/GCM-GMS(5400): 	at dzj.a(:com.google.android.gms@11519470:16)
10-11 21:54:44.497: I/GCM-GMS(5400): 	at dzi.a(:com.google.android.gms@11519470:2)
10-11 21:54:44.497: I/GCM-GMS(5400): 	at dzi.e(:com.google.android.gms@11519470:6)
10-11 21:54:44.497: I/GCM-GMS(5400): 	at dzi.d(:com.google.android.gms@11519470:1)
10-11 21:54:44.497: I/GCM-GMS(5400): 	at dzi.b(:com.google.android.gms@11519470:1)
10-11 21:54:44.497: I/GCM-GMS(5400): 	at dzg.a(:com.google.android.gms@11519470:1)
10-11 21:54:44.497: I/GCM-GMS(5400): 	at sul.a(:com.google.android.gms@11519470:23)
10-11 21:54:44.497: I/GCM-GMS(5400): 	at sul.a(:com.google.android.gms@11519470:44)
10-11 21:54:44.497: I/GCM-GMS(5400): 	at sul.b(:com.google.android.gms@11519470:6)
10-11 21:54:44.497: I/GCM-GMS(5400): 	at com.google.android.gms.gcm.gmsproc.GcmInGmsTaskChimeraService.a(:com.google.android.gms@11519470:8)
10-11 21:54:44.497: I/GCM-GMS(5400): 	at ssv.run(:com.google.android.gms@11519470:1)
10-11 21:54:44.497: I/GCM-GMS(5400): 	at java.util.concurrent.ThreadPoolExecutor.runWorker(ThreadPoolExecutor.java:1113)
10-11 21:54:44.497: I/GCM-GMS(5400): 	at java.util.concurrent.ThreadPoolExecutor$Worker.run(ThreadPoolExecutor.java:588)
10-11 21:54:44.497: I/GCM-GMS(5400): 	at java.lang.Thread.run(Thread.java:818)
10-11 21:54:44.512: I/GeofencerStateMachine(5384): removeGeofences: removeRequest=RemoveGeofencingRequest[REMOVE_BY_PENDING_INTENT pendingIntent=PendingIntent[creatorPackage=com.google.android.gms], packageName=null]
10-11 21:54:44.515: I/GeofencerStateMachine(5384): removeGeofences: removeRequest=RemoveGeofencingRequest[REMOVE_BY_PENDING_INTENT pendingIntent=PendingIntent[creatorPackage=com.google.android.gms], packageName=null]
10-11 21:54:44.518: I/GeofencerStateMachine(5384): removeGeofences: removeRequest=RemoveGeofencingRequest[REMOVE_BY_PENDING_INTENT pendingIntent=PendingIntent[creatorPackage=com.google.android.gms], packageName=null]
10-11 21:54:44.537: D/WifiService(1720): New client listening to asynchronous messages
10-11 21:54:44.539: E/ActivityThread(5400): Failed to find provider info for com.google.android.wearable.settings
10-11 21:54:44.552: W/GcmTaskChimeraService(5400): com.google.android.gms groups_upload: Task already running, won't start another
10-11 21:54:44.557: I/sshd(6135): type=1400 audit(0.0:184): avc: denied { read open } for path="/system/bin/sh" dev="sda3" ino=499 scontext=u:r:gcelogwrapper:s0 tcontext=u:object_r:shell_exec:s0 tclass=file permissive=1
10-11 21:54:44.611: E/libEGL(4735): validate_display:255 error 3008 (EGL_BAD_DISPLAY)
10-11 21:54:44.587: I/sshd(6135): type=1400 audit(0.0:185): avc: denied { execute_no_trans } for path="/system/bin/sh" dev="sda3" ino=499 scontext=u:r:gcelogwrapper:s0 tcontext=u:object_r:shell_exec:s0 tclass=file permissive=1
10-11 21:54:44.626: W/Auth(5384): [GetToken] GetToken failed with status code: INVALID_SCOPE
10-11 21:54:44.629: E/Auth.Api.Credentials(5400): [SyncManager] Error during the sync.
10-11 21:54:44.629: E/Auth.Api.Credentials(5400): dzf: INVALID_SCOPE
10-11 21:54:44.629: E/Auth.Api.Credentials(5400): 	at dzj.a(:com.google.android.gms@11519470:16)
10-11 21:54:44.629: E/Auth.Api.Credentials(5400): 	at dzi.a(:com.google.android.gms@11519470:2)
10-11 21:54:44.629: E/Auth.Api.Credentials(5400): 	at dzi.e(:com.google.android.gms@11519470:6)
10-11 21:54:44.629: E/Auth.Api.Credentials(5400): 	at dzi.d(:com.google.android.gms@11519470:1)
10-11 21:54:44.629: E/Auth.Api.Credentials(5400): 	at dzg.b(:com.google.android.gms@11519470:1)
10-11 21:54:44.629: E/Auth.Api.Credentials(5400): 	at mhp.b(:com.google.android.gms@11519470)
10-11 21:54:44.629: E/Auth.Api.Credentials(5400): 	at mgg.b(:com.google.android.gms@11519470:5)
10-11 21:54:44.629: E/Auth.Api.Credentials(5400): 	at mgw.b(:com.google.android.gms@11519470:9)
10-11 21:54:44.629: E/Auth.Api.Credentials(5400): 	at mgw.a(:com.google.android.gms@11519470:16)
10-11 21:54:44.629: E/Auth.Api.Credentials(5400): 	at mgw.a(:com.google.android.gms@11519470:32)
10-11 21:54:44.629: E/Auth.Api.Credentials(5400): 	at enf.b(:com.google.android.gms@11519470:45)
10-11 21:54:44.629: E/Auth.Api.Credentials(5400): 	at erg.a(:com.google.android.gms@11519470:4)
10-11 21:54:44.629: E/Auth.Api.Credentials(5400): 	at ere.a(:com.google.android.gms@11519470:84)
10-11 21:54:44.629: E/Auth.Api.Credentials(5400): 	at erd.a(:com.google.android.gms@11519470:60)
10-11 21:54:44.629: E/Auth.Api.Credentials(5400): 	at mlr.onPerformSync(:com.google.android.gms@11519470:6)
10-11 21:54:44.629: E/Auth.Api.Credentials(5400): 	at android.content.AbstractThreadedSyncAdapter$SyncThread.run(AbstractThreadedSyncAdapter.java:272)
10-11 21:54:44.644: I/VideoCapabilities(4735): Unsupported profile 4 for video/mp4v-es
10-11 21:54:44.674: W/Auth(5384): [GetToken] GetToken failed with status code: INVALID_SCOPE
10-11 21:54:44.674: E/GCoreUlr(5384): The Account {name=VS2WQVCOVYYT3Y3JQZUPAOQ2II-00@cloudtestlabaccounts.com, type=com.google} has been under authentication error for 0 minutes
10-11 21:54:44.692: E/GCoreUlr(5384): syncNotDefinedYet() auth exception: dzf: INVALID_SCOPE
10-11 21:54:44.707: E/GCoreUlr(5384): dzf: INVALID_SCOPE
10-11 21:54:44.707: E/GCoreUlr(5384): 	at dzj.a(:com.google.android.gms@11519470:16)
10-11 21:54:44.707: E/GCoreUlr(5384): 	at dzi.a(:com.google.android.gms@11519470:2)
10-11 21:54:44.707: E/GCoreUlr(5384): 	at dzi.e(:com.google.android.gms@11519470:6)
10-11 21:54:44.707: E/GCoreUlr(5384): 	at dzi.d(:com.google.android.gms@11519470:1)
10-11 21:54:44.707: E/GCoreUlr(5384): 	at dzg.b(:com.google.android.gms@11519470:1)
10-11 21:54:44.707: E/GCoreUlr(5384): 	at mhp.b(:com.google.android.gms@11519470)
10-11 21:54:44.707: E/GCoreUlr(5384): 	at mgg.b(:com.google.android.gms@11519470:5)
10-11 21:54:44.707: E/GCoreUlr(5384): 	at mgs.b(:com.google.android.gms@11519470:1)
10-11 21:54:44.707: E/GCoreUlr(5384): 	at mgs.a(:com.google.android.gms@11519470:7)
10-11 21:54:44.707: E/GCoreUlr(5384): 	at mgs.a(:com.google.android.gms@11519470:6)
10-11 21:54:44.707: E/GCoreUlr(5384): 	at anyl.a(:com.google.android.gms@11519470:177)
10-11 21:54:44.707: E/GCoreUlr(5384): 	at anyr.a(:com.google.android.gms@11519470:103)
10-11 21:54:44.707: E/GCoreUlr(5384): 	at anzy.b(:com.google.android.gms@11519470:34)
10-11 21:54:44.707: E/GCoreUlr(5384): 	at anzy.a(:com.google.android.gms@11519470:22)
10-11 21:54:44.707: E/GCoreUlr(5384): 	at anzx.a(:com.google.android.gms@11519470:10)
10-11 21:54:44.707: E/GCoreUlr(5384): 	at mlr.onPerformSync(:com.google.android.gms@11519470:6)
10-11 21:54:44.707: E/GCoreUlr(5384): 	at android.content.AbstractThreadedSyncAdapter$SyncThread.run(AbstractThreadedSyncAdapter.java:272)
10-11 21:54:44.816: W/UdcContextManagerHelper(5384): Empty context buffer. Thus might mean that the context is not synced down.
10-11 21:54:44.816: W/UploadOptInStatusOp(5384): Empty context model while retrieving upload opt-in status!
10-11 21:54:44.821: E/ctxmgr(5384): [NetworkUtil]No active synchronizable contexts.
10-11 21:54:44.876: D/SyncManager(1720): failed sync operation VS2WQVCOVYYT3Y3JQZUPAOQ2II-00@cloudtestlabaccounts.com u0 (com.google), com.google.android.location.reporting, SERVER, currentRunTime 11797427, reason: AutoSync, SyncResult: stats [ numAuthExceptions: 1]
10-11 21:54:44.879: D/SyncManager(1720): not retrying sync operation because the error is a hard error: VS2WQVCOVYYT3Y3JQZUPAOQ2II-00@cloudtestlabaccounts.com u0 (com.google), com.google.android.location.reporting, SERVER, currentRunTime 11829962, reason: AutoSync
10-11 21:54:44.906: W/Auth(5384): [GetToken] GetToken failed with status code: INVALID_SCOPE
10-11 21:54:44.907: E/Ads(5400): [JAMS] Failed to get OAuth token: dzf: INVALID_SCOPE
10-11 21:54:44.930: I/IcingInternalCorpora(5400): EventIndexer: starting incremental update
10-11 21:54:44.930: I/IcingInternalCorpora(5400): EventIndexer: 0 added, 0 removed, 0 changed, 0 unchanged, 0 errors.
10-11 21:54:44.930: I/IcingInternalCorpora(5400): EventIndexer: finished after 0 ms.
10-11 21:54:44.955: E/Auth.Api.Credentials(5400): [CredentialSyncAdapter] Unknown sync event.
10-11 21:54:44.991: W/Auth(5384): [GetToken] GetToken failed with status code: INVALID_SCOPE
10-11 21:54:44.991: W/AuthSessionAuthenticato(5384): Auth related exception is being ignored: INVALID_SCOPE
10-11 21:54:44.996: W/GLSUser(5384): [DeviceKeyStore] Cannot load key: Device key file not found.
10-11 21:54:44.996: W/GLSUser(5384): [DeviceKeyStore] Cannot load key: Device key file not found.
10-11 21:54:45.006: E/ctxmgr(5384): [BaseServerTask]Server task (FetchAclSet) got error statusCode=-1.
10-11 21:54:45.006: E/ctxmgr(5384): com.android.volley.VolleyError: Unable to obtain auth token - is the device online?
10-11 21:54:45.006: E/ctxmgr(5384): 	at ciz.a(:com.google.android.gms@11519470:39)
10-11 21:54:45.006: E/ctxmgr(5384): 	at cei.run(:com.google.android.gms@11519470:2)
10-11 21:54:45.006: E/ctxmgr(5384): 	at ceg.handleMessage(:com.google.android.gms@11519470:3)
10-11 21:54:45.006: E/ctxmgr(5384): 	at mme.run(:com.google.android.gms@11519470:6)
10-11 21:54:45.006: E/ctxmgr(5384): 	at mmo.run(:com.google.android.gms@11519470:25)
10-11 21:54:45.006: E/ctxmgr(5384): 	at java.util.concurrent.ThreadPoolExecutor.runWorker(ThreadPoolExecutor.java:1113)
10-11 21:54:45.006: E/ctxmgr(5384): 	at java.util.concurrent.ThreadPoolExecutor$Worker.run(ThreadPoolExecutor.java:588)
10-11 21:54:45.006: E/ctxmgr(5384): 	at mrv.run(:com.google.android.gms@11519470)
10-11 21:54:45.006: E/ctxmgr(5384): 	at java.lang.Thread.run(Thread.java:818)
10-11 21:54:45.006: E/ctxmgr(5384): [AccountAclCallback]Failed Acl fetch: network status=-1
10-11 21:54:45.013: W/art(5659): Suspending all threads took: 37.746ms
10-11 21:54:45.070: W/cr_BindingManager(4735): Cannot call determinedVisibility() - never saw a connection for the pid: 4735
10-11 21:54:45.092: W/Auth(5384): [GetToken] GetToken failed with status code: INVALID_SCOPE
10-11 21:54:45.095: E/CheckinRequestBuilder(5400): Unrecoverable authentication exception: INVALID_SCOPE
10-11 21:54:45.095: E/CheckinRequestBuilder(5400): dzf: INVALID_SCOPE
10-11 21:54:45.095: E/CheckinRequestBuilder(5400): 	at dzj.a(:com.google.android.gms@11519470:16)
10-11 21:54:45.095: E/CheckinRequestBuilder(5400): 	at dzi.a(:com.google.android.gms@11519470:2)
10-11 21:54:45.095: E/CheckinRequestBuilder(5400): 	at dzi.e(:com.google.android.gms@11519470:6)
10-11 21:54:45.095: E/CheckinRequestBuilder(5400): 	at dzg.f(:com.google.android.gms@11519470:3)
10-11 21:54:45.095: E/CheckinRequestBuilder(5400): 	at dzg.a(:com.google.android.gms@11519470:4)
10-11 21:54:45.095: E/CheckinRequestBuilder(5400): 	at kbi.a(:com.google.android.gms@11519470:203)
10-11 21:54:45.095: E/CheckinRequestBuilder(5400): 	at kci.a(:com.google.android.gms@11519470:17)
10-11 21:54:45.095: E/CheckinRequestBuilder(5400): 	at kci.a(:com.google.android.gms@11519470:181)
10-11 21:54:45.095: E/CheckinRequestBuilder(5400): 	at com.google.android.gms.checkin.CheckinChimeraService.a(:com.google.android.gms@11519470:148)
10-11 21:54:45.095: E/CheckinRequestBuilder(5400): 	at kbe.run(:com.google.android.gms@11519470:2)
10-11 21:54:45.095: E/CheckinRequestBuilder(5400): 	at mmo.run(:com.google.android.gms@11519470:25)
10-11 21:54:45.095: E/CheckinRequestBuilder(5400): 	at java.util.concurrent.ThreadPoolExecutor.runWorker(ThreadPoolExecutor.java:1113)
10-11 21:54:45.095: E/CheckinRequestBuilder(5400): 	at java.util.concurrent.ThreadPoolExecutor$Worker.run(ThreadPoolExecutor.java:588)
10-11 21:54:45.095: E/CheckinRequestBuilder(5400): 	at mrv.run(:com.google.android.gms@11519470)
10-11 21:54:45.095: E/CheckinRequestBuilder(5400): 	at java.lang.Thread.run(Thread.java:818)
10-11 21:54:45.357: W/art(5400): Long monitor contention event with owner method=boolean android.os.BinderProxy.transactNative(int, android.os.Parcel, android.os.Parcel, int) from Binder.java:4294967294 waiters=0 for 202ms
10-11 21:54:45.357: W/art(5400): Long monitor contention event with owner method=boolean android.os.BinderProxy.transactNative(int, android.os.Parcel, android.os.Parcel, int) from Binder.java:4294967294 waiters=2 for 162ms
10-11 21:54:45.360: W/art(5400): Long monitor contention event with owner method=boolean android.os.BinderProxy.transactNative(int, android.os.Parcel, android.os.Parcel, int) from Binder.java:4294967294 waiters=5 for 152ms
10-11 21:54:45.420: I/WVCdm(1345): CdmEngine::OpenSession
10-11 21:54:45.420: I/WVCdm(1345): Level3 Library Jun 15 2015 14:09:10
10-11 21:54:45.421: W/WVCdm(1345): Could not read /data/mediadrm/IDM1013/ay64.dat2: No such file or directory
10-11 21:54:45.421: W/WVCdm(1345): Could not load liboemcrypto.so. Falling back to L3.  dlopen failed: library "liboemcrypto.so" not found
10-11 21:54:45.422: I/WVCdm(1345): CdmEngine::QueryKeyControlInfo
10-11 21:54:45.436: I/qtaguid(5659): Failed write_ctrl(u 30) res=-1 errno=22
10-11 21:54:45.436: I/qtaguid(5659): Untagging socket 30 failed errno=-22
10-11 21:54:45.436: W/NetworkManagementSocketTagger(5659): untagSocket(30) failed with errno -22
10-11 21:54:45.465: W/WVCdm(1345): BufferReader::Read<T> : Failure during parse: Not enough bytes (4)
10-11 21:54:45.465: W/WVCdm(1345): CdmEngine::ExtractWidevinePssh: Unable to read atom size.
10-11 21:54:45.465: I/WVCdm(1345): CdmEngine::GenerateKeyRequest
10-11 21:54:45.465: D/WVCdm(1345): PrepareKeyRequest: nonce=1810772667
10-11 21:54:45.546: D/Finsky(5659): [1] WearSupportService.startHygiene: disabled
10-11 21:54:45.547: D/Finsky(5659): [1] DailyHygiene.access$600: Logging device features
10-11 21:54:45.557: D/Finsky(5659): [1] VerifyInstalledPackagesReceiver.onReceive: Skipping verification because verify apps is not enabled
10-11 21:54:45.559: W/cr_ScreenOrientation(4735): Removing an inexistent observer!
10-11 21:54:45.563: D/ConnectivityService(1720): releasing NetworkRequest NetworkRequest [ id=5, legacyType=-1, [ Capabilities: INTERNET&NOT_RESTRICTED&TRUSTED] ]
10-11 21:54:45.702: D/Finsky(5659): [406] FlushLogsService.onHandleIntent: Flushing event logs for [pNO9ObzPejlK16Cz5STnAehdGGc]
10-11 21:54:45.712: I/Remoter(1331): Saved screenshot to '/data/screenshots/__pmv__-0086.jpg'
10-11 21:54:46.045: I/ActivityManager(1720): Killing 4651:com.android.defcontainer/u0a6 (adj 15): empty #17
10-11 21:54:46.117: I/ActivityManager(1720): Killing 4361:com.google.android.deskclock/u0a67 (adj 15): empty #18
10-11 21:54:46.162: W/art(5400): Long monitor contention event with owner method=long com.google.android.gms.org.conscrypt.NativeCrypto.RSA_generate_key_ex(int, byte[]) from :com.google.android.gms@11519470:4294967294 waiters=0 for 1.616s
10-11 21:54:46.162: I/Ads(5400): Accounts have changed: com.google.android.gms.auth.GOOGLE_ACCOUNT_CHANGE
10-11 21:54:46.178: D/AndroidRuntime(6172): >>>>>> START com.android.internal.os.RuntimeInit uid 0 <<<<<<
10-11 21:54:46.179: D/AndroidRuntime(6172): CheckJNI is OFF
10-11 21:54:46.210: W/art(1720): Long monitor contention event with owner method=void com.android.server.am.ActivityManagerService.serviceDoneExecuting(android.os.IBinder, int, int, int) from ActivityManagerService.java:16053 waiters=1 for 144ms
10-11 21:54:46.210: D/ActivityManager(1720): cleanUpApplicationRecord -- 4651
10-11 21:54:46.211: D/ActivityManager(1720): cleanUpApplicationRecord -- 4361
10-11 21:54:46.213: I/GCM-GMS(5400): Groups upload failed
10-11 21:54:46.213: E/NetworkScheduler.ATC(5384): Received callback from client for task that is already complete. ComponentInfo{com.google.android.gms/com.google.android.gms.gcm.gmsproc.GcmInGmsTaskService} groups_upload
10-11 21:54:46.217: W/constellation(5400): [gaia_id_checker] GAIA id checker has been disabled by gservice flag.
10-11 21:54:46.221: I/art(1720): Background partial concurrent mark sweep GC freed 23360(1809KB) AllocSpace objects, 10(308KB) LOS objects, 33% free, 23MB/34MB, paused 9.963ms total 57.729ms
10-11 21:54:46.245: I/ActivityManager(1720): Start proc 6192:com.google.android.gms.ui/u0a10 for service com.google.android.gms/.chimera.UiIntentOperationService
10-11 21:54:46.262: D/ICU(6172): No timezone override file found: /data/misc/zoneinfo/current/icu/icu_tzdata.dat
10-11 21:54:46.262: D/ICU(6172): [ 10-11 21:54:46.271  6172: 6172 W/         ]
10-11 21:54:46.262: D/ICU(6172): Failed to bind-mount /system/lib/x86/cpuinfo as /proc/cpuinfo: No such file or directory
10-11 21:54:46.280: E/memtrack(6172): Couldn't load memtrack module (No such file or directory)
10-11 21:54:46.280: E/android.os.Debug(6172): failed to load memtrack module: -2
10-11 21:54:46.281: I/Radio-JNI(6172): register_android_hardware_Radio DONE
10-11 21:54:46.295: W/Auth(5384): [GetToken] GetToken failed with status code: INVALID_SCOPE
10-11 21:54:46.295: I/Ads(5400): Immediate DSID task failed. Scheduling one-off
10-11 21:54:46.295: D/AndroidRuntime(6172): Calling main entry com.android.commands.pm.Pm
10-11 21:54:46.296: W/UdcContextManagerHelper(5384): Empty context buffer. Thus might mean that the context is not synced down.
10-11 21:54:46.296: W/UploadOptInStatusOp(5384): Empty context model while retrieving upload opt-in status!
10-11 21:54:46.311: I/ActivityManager(1720): Start proc 6206:com.android.defcontainer/u0a6 for service com.android.defcontainer/.DefaultContainerService
10-11 21:54:46.311: E/ctxmgr(5384): [NetworkUtil]No active synchronizable contexts.
10-11 21:54:46.314: I/MS_RegisterService(5400): RegisterService intent:Intent { act=com.google.android.gms.matchstick.register_intent_google_account_change cat=[targeted_intent_op_prefix:com.google.android.libraries.matchstick.net.SilentRegisterIntentOperation] cmp=com.google.android.gms/.chimera.GmsIntentOperationService } isPeriodic:false
10-11 21:54:46.317: I/MagicTether(5384): [HostValidator] InvalidHost. MobileData: true, Tethering: false, whitelist: false, ble: true
10-11 21:54:46.324: W/ChimeraUtils(5384): Non Chimera context
10-11 21:54:46.325: I/MS_PhoneUtils(5400): Phone type: 1
10-11 21:54:46.339: I/MS_RegisterService(5400): Doing full registration.
10-11 21:54:46.419: I/LoadedApk(6192): No resource references to update in package FFFFFFFFFFFFFFFFFFFFFF
10-11 21:54:46.458: D/DefContainer(6206): Copying /data/local/tmp/app3208996463960177548.apk to base.apk
10-11 21:54:46.466: W/linker(6192): /data/app/com.google.android.gms-1/lib/x86/libconscrypt_gmscore_jni.so: unused DT entry: type 0x1d arg 0x91
10-11 21:54:46.470: V/NativeCrypto(6192): Registering com/google/android/gms/org/conscrypt/NativeCrypto's 259 native methods...
10-11 21:54:46.474: W/Auth(5384): [GetToken] GetToken failed with status code: INVALID_SCOPE
10-11 21:54:46.474: W/AuthSessionAuthenticato(5384): Auth related exception is being ignored: INVALID_SCOPE
10-11 21:54:46.476: W/GLSUser(5384): [DeviceKeyStore] Cannot load key: Device key file not found.
10-11 21:54:46.476: W/GLSUser(5384): [DeviceKeyStore] Cannot load key: Device key file not found.
10-11 21:54:46.477: E/ctxmgr(5384): [BaseServerTask]Server task (FetchAclSet) got error statusCode=-1.
10-11 21:54:46.477: E/ctxmgr(5384): com.android.volley.VolleyError: Unable to obtain auth token - is the device online?
10-11 21:54:46.477: E/ctxmgr(5384): 	at ciz.a(:com.google.android.gms@11519470:39)
10-11 21:54:46.477: E/ctxmgr(5384): 	at cei.run(:com.google.android.gms@11519470:2)
10-11 21:54:46.477: E/ctxmgr(5384): 	at ceg.handleMessage(:com.google.android.gms@11519470:3)
10-11 21:54:46.477: E/ctxmgr(5384): 	at mme.run(:com.google.android.gms@11519470:6)
10-11 21:54:46.477: E/ctxmgr(5384): 	at mmo.run(:com.google.android.gms@11519470:25)
10-11 21:54:46.477: E/ctxmgr(5384): 	at java.util.concurrent.ThreadPoolExecutor.runWorker(ThreadPoolExecutor.java:1113)
10-11 21:54:46.477: E/ctxmgr(5384): 	at java.util.concurrent.ThreadPoolExecutor$Worker.run(ThreadPoolExecutor.java:588)
10-11 21:54:46.477: E/ctxmgr(5384): 	at mrv.run(:com.google.android.gms@11519470)
10-11 21:54:46.477: E/ctxmgr(5384): 	at java.lang.Thread.run(Thread.java:818)
10-11 21:54:46.478: E/ctxmgr(5384): [AccountAclCallback]Failed Acl fetch: network status=-1
10-11 21:54:46.496: I/art(6192): Rejecting re-init on previously-failed class java.lang.Class<com.google.android.gms.org.conscrypt.OpenSSLExtendedSessionImpl>
10-11 21:54:46.496: I/art(6192): Rejecting re-init on previously-failed class java.lang.Class<com.google.android.gms.org.conscrypt.OpenSSLExtendedSessionImpl>
10-11 21:54:46.497: I/art(6192): Rejecting re-init on previously-failed class java.lang.Class<com.google.android.gms.org.conscrypt.OpenSSLExtendedSessionImpl>
10-11 21:54:46.545: I/ActivityManager(1720): Killing 5532:com.google.android.apps.auth.test.support/u0a79 (adj 15): empty #17
10-11 21:54:46.611: I/ProviderInstaller(6192): Installed default security provider GmsCore_OpenSSL
10-11 21:54:46.616: D/ActivityManager(1720): cleanUpApplicationRecord -- 5532
10-11 21:54:46.620: I/WVCdm(1345): CdmEngine::OpenSession
10-11 21:54:46.622: I/WVCdm(1345): CdmEngine::QueryKeyControlInfo
10-11 21:54:46.622: I/WVCdm(1345): CdmEngine::CloseSession
10-11 21:54:46.640: W/WVCdm(1345): BufferReader::Read<T> : Failure during parse: Not enough bytes (4)
10-11 21:54:46.640: W/WVCdm(1345): CdmEngine::ExtractWidevinePssh: Unable to read atom size.
10-11 21:54:46.640: I/WVCdm(1345): CdmEngine::GenerateKeyRequest
10-11 21:54:46.640: D/WVCdm(1345): PrepareKeyRequest: nonce=1405480242
10-11 21:54:46.735: I/qtaguid(5659): Failed write_ctrl(u 30) res=-1 errno=22
10-11 21:54:46.735: I/qtaguid(5659): Untagging socket 30 failed errno=-22
10-11 21:54:46.735: W/NetworkManagementSocketTagger(5659): untagSocket(30) failed with errno -22
10-11 21:54:46.780: D/Finsky(5659): [1] WearSupportService.startHygiene: disabled
10-11 21:54:46.780: D/Finsky(5659): [1] DailyHygiene.access$600: Logging device features
10-11 21:54:46.783: I/GoogleURLConnFactory(5384): Using platform SSLCertificateSocketFactory
10-11 21:54:46.840: D/Finsky(5659): [1] VerifyInstalledPackagesReceiver.onReceive: Skipping verification because verify apps is not enabled
10-11 21:54:46.844: I/MagicTether(6192): [HostValidator] InvalidHost. MobileData: true, Tethering: false, whitelist: false, ble: true
10-11 21:54:46.856: D/Finsky(5659): [409] FlushLogsService.onHandleIntent: Flushing event logs for [pNO9ObzPejlK16Cz5STnAehdGGc]
10-11 21:54:46.874: I/WVCdm(1345): CdmEngine::CloseSession
10-11 21:54:46.956: I/Remoter(1331): Saved screenshot to '/data/screenshots/__pmv__-0087.jpg'
10-11 21:54:47.000: I/art(5400): Background partial concurrent mark sweep GC freed 75771(4MB) AllocSpace objects, 6(2MB) LOS objects, 33% free, 31MB/47MB, paused 731us total 102.664ms
10-11 21:54:47.038: I/WVCdm(1345): CdmEngine::OpenSession
10-11 21:54:47.038: I/WVCdm(1345): Level3 Library Jun 15 2015 14:09:10
10-11 21:54:47.038: W/WVCdm(1345): Could not read /data/mediadrm/IDM1013/ay64.dat2: No such file or directory
10-11 21:54:47.038: W/WVCdm(1345): Could not load liboemcrypto.so. Falling back to L3.  dlopen failed: library "liboemcrypto.so" not found
10-11 21:54:47.043: I/WVCdm(1345): CdmEngine::QueryKeyControlInfo
10-11 21:54:47.082: W/WVCdm(1345): BufferReader::Read<T> : Failure during parse: Not enough bytes (4)
10-11 21:54:47.082: W/WVCdm(1345): CdmEngine::ExtractWidevinePssh: Unable to read atom size.
10-11 21:54:47.082: I/WVCdm(1345): CdmEngine::GenerateKeyRequest
10-11 21:54:47.082: D/WVCdm(1345): PrepareKeyRequest: nonce=1757312864
10-11 21:54:47.128: W/PackageParser(1720): Ignoring duplicate uses-permissions/uses-permissions-sdk-m: android.permission.WRITE_EXTERNAL_STORAGE in package: com.habitrpg.android.habitica at: Binary XML file line #20
10-11 21:54:47.128: W/PackageParser(1720): Unknown element under <manifest>: meta-data at /data/app/vmdl482387634.tmp/base.apk Binary XML file line #22
10-11 21:54:47.216: W/Auth(5384): [GetToken] GetToken failed with status code: INVALID_SCOPE
10-11 21:54:47.216: E/HeterodyneSyncer(5384): Failed to get auth token: INVALID_SCOPE
10-11 21:54:47.216: E/HeterodyneSyncer(5384): dzf: INVALID_SCOPE
10-11 21:54:47.216: E/HeterodyneSyncer(5384): 	at dzj.a(:com.google.android.gms@11519470:16)
10-11 21:54:47.216: E/HeterodyneSyncer(5384): 	at dzi.a(:com.google.android.gms@11519470:2)
10-11 21:54:47.216: E/HeterodyneSyncer(5384): 	at dzi.e(:com.google.android.gms@11519470:6)
10-11 21:54:47.216: E/HeterodyneSyncer(5384): 	at dzg.f(:com.google.android.gms@11519470:3)
10-11 21:54:47.216: E/HeterodyneSyncer(5384): 	at dzg.a(:com.google.android.gms@11519470:4)
10-11 21:54:47.216: E/HeterodyneSyncer(5384): 	at dzg.a(:com.google.android.gms@11519470:7)
10-11 21:54:47.216: E/HeterodyneSyncer(5384): 	at aazh.a(:com.google.android.gms@11519470:30)
10-11 21:54:47.216: E/HeterodyneSyncer(5384): 	at aazj.a(:com.google.android.gms@11519470:26)
10-11 21:54:47.216: E/HeterodyneSyncer(5384): 	at aazj.a(:com.google.android.gms@11519470:158)
10-11 21:54:47.216: E/HeterodyneSyncer(5384): 	at aazj.a(:com.google.android.gms@11519470:282)
10-11 21:54:47.216: E/HeterodyneSyncer(5384): 	at com.google.android.gms.phenotype.sync.HeterodyneSyncTaskChimeraService.a(:com.google.android.gms@11519470:40)
10-11 21:54:47.216: E/HeterodyneSyncer(5384): 	at com.google.android.gms.phenotype.sync.HeterodyneSyncTaskChimeraService.a(:com.google.android.gms@11519470:19)
10-11 21:54:47.216: E/HeterodyneSyncer(5384): 	at ssv.run(:com.google.android.gms@11519470:1)
10-11 21:54:47.216: E/HeterodyneSyncer(5384): 	at java.util.concurrent.ThreadPoolExecutor.runWorker(ThreadPoolExecutor.java:1113)
10-11 21:54:47.216: E/HeterodyneSyncer(5384): 	at java.util.concurrent.ThreadPoolExecutor$Worker.run(ThreadPoolExecutor.java:588)
10-11 21:54:47.216: E/HeterodyneSyncer(5384): 	at java.lang.Thread.run(Thread.java:818)
10-11 21:54:47.337: W/Auth(5384): [GetToken] GetToken failed with status code: INVALID_SCOPE
10-11 21:54:47.338: E/MS_NetworkUtils(5400): GoogleAuthException getting authtoken for: VS2WQVCOVYYT3Y3JQZUPAOQ2II-00@cloudtestlabaccounts.com message:
10-11 21:54:47.338: E/MS_NetworkUtils(5400): dzf: INVALID_SCOPE
10-11 21:54:47.338: E/MS_NetworkUtils(5400): 	at dzj.a(:com.google.android.gms@11519470:16)
10-11 21:54:47.338: E/MS_NetworkUtils(5400): 	at dzi.a(:com.google.android.gms@11519470:2)
10-11 21:54:47.338: E/MS_NetworkUtils(5400): 	at dzi.e(:com.google.android.gms@11519470:6)
10-11 21:54:47.338: E/MS_NetworkUtils(5400): 	at dzi.d(:com.google.android.gms@11519470:1)
10-11 21:54:47.338: E/MS_NetworkUtils(5400): 	at dzi.b(:com.google.android.gms@11519470:1)
10-11 21:54:47.338: E/MS_NetworkUtils(5400): 	at dzg.a(:com.google.android.gms@11519470:1)
10-11 21:54:47.338: E/MS_NetworkUtils(5400): 	at albh.a(:com.google.android.gms@11519470:28)
