10-11 21:54:40.734: D/StrictMode(5830): 	at com.google.android.apps.gmm.shared.i.h.a(PG:251)
10-11 21:54:40.734: D/StrictMode(5830): 	at com.google.android.apps.gmm.map.m.q.a(PG:8693)
10-11 21:54:40.734: D/StrictMode(5830): 	at com.google.android.apps.gmm.shared.f.a.a(PG:48)
10-11 21:54:40.734: D/StrictMode(5830): 	at com.google.android.apps.gmm.map.m.e.a(PG:1531)
10-11 21:54:40.734: D/StrictMode(5830): 	at com.google.android.apps.gmm.base.app.a.a(PG:244)
10-11 21:54:40.734: D/StrictMode(5830): 	at com.google.android.apps.gmm.base.app.a.a(PG:2265)
10-11 21:54:40.734: D/StrictMode(5830): 	at com.google.android.apps.gmm.base.app.GoogleMapsApplication.a(PG:206)
10-11 21:54:40.734: D/StrictMode(5830): 	at com.google.android.apps.gmm.base.app.GoogleMapsApplication.onCreate(PG:174)
10-11 21:54:40.734: D/StrictMode(5830): 	at android.app.Instrumentation.callApplicationOnCreate(Instrumentation.java:1013)
10-11 21:54:40.734: D/StrictMode(5830): 	at android.app.ActivityThread.handleBindApplication(ActivityThread.java:4707)
10-11 21:54:40.734: D/StrictMode(5830): 	at android.app.ActivityThread.-wrap1(ActivityThread.java)
10-11 21:54:40.734: D/StrictMode(5830): 	at android.app.ActivityThread$H.handleMessage(ActivityThread.java:1405)
10-11 21:54:40.734: D/StrictMode(5830): 	at android.os.Handler.dispatchMessage(Handler.java:102)
10-11 21:54:40.734: D/StrictMode(5830): 	at android.os.Looper.loop(Looper.java:148)
10-11 21:54:40.734: D/StrictMode(5830): 	at android.app.ActivityThread.main(ActivityThread.java:5417)
10-11 21:54:40.734: D/StrictMode(5830): 	at java.lang.reflect.Method.invoke(Native Method)
10-11 21:54:40.734: D/StrictMode(5830): 	at com.android.internal.os.ZygoteInit$MethodAndArgsCaller.run(ZygoteInit.java:726)
10-11 21:54:40.734: D/StrictMode(5830): 	at com.android.internal.os.ZygoteInit.main(ZygoteInit.java:616)
10-11 21:54:40.734: D/StrictMode(5830): StrictMode policy violation; ~duration=38 ms: android.os.StrictMode$StrictModeDiskReadViolation: policy=65567 violation=2
10-11 21:54:40.734: D/StrictMode(5830): 	at android.os.StrictMode$AndroidBlockGuardPolicy.onReadFromDisk(StrictMode.java:1263)
10-11 21:54:40.734: D/StrictMode(5830): 	at libcore.io.BlockGuardOs.read(BlockGuardOs.java:229)
10-11 21:54:40.734: D/StrictMode(5830): 	at libcore.io.IoBridge.read(IoBridge.java:468)
10-11 21:54:40.734: D/StrictMode(5830): 	at java.io.FileInputStream.read(FileInputStream.java:177)
10-11 21:54:40.734: D/StrictMode(5830): 	at java.io.BufferedInputStream.read(BufferedInputStream.java:290)
10-11 21:54:40.734: D/StrictMode(5830): 	at java.io.DataInputStream.read(DataInputStream.java:63)
10-11 21:54:40.734: D/StrictMode(5830): 	at com.google.r.k.d(PG:1187)
10-11 21:54:40.734: D/StrictMode(5830): 	at com.google.r.k.c(PG:18147)
10-11 21:54:40.734: D/StrictMode(5830): 	at com.google.r.k.d(PG:583)
10-11 21:54:40.734: D/StrictMode(5830): 	at com.google.w.a.a.do.<init>(PG:40)
10-11 21:54:40.734: D/StrictMode(5830): 	at com.google.w.a.a.do.a(PG:405)
10-11 21:54:40.734: D/StrictMode(5830): 	at com.google.r.v.a(PG:1161)
10-11 21:54:40.734: D/StrictMode(5830): 	at com.google.r.y.a(PG:2188)
10-11 21:54:40.734: D/StrictMode(5830): 	at com.google.r.e.b(PG:170)
10-11 21:54:40.734: D/StrictMode(5830): 	at com.google.r.e.b(PG:15188)
10-11 21:54:40.734: D/StrictMode(5830): 	at com.google.android.apps.gmm.shared.i.h.a(PG:251)
10-11 21:54:40.734: D/StrictMode(5830): 	at com.google.android.apps.gmm.map.m.q.a(PG:8693)
10-11 21:54:40.734: D/StrictMode(5830): 	at com.google.android.apps.gmm.shared.f.a.a(PG:48)
10-11 21:54:40.734: D/StrictMode(5830): 	at com.google.android.apps.gmm.map.m.e.a(PG:1531)
10-11 21:54:40.734: D/StrictMode(5830): 	at com.google.android.apps.gmm.base.app.a.a(PG:244)
10-11 21:54:40.734: D/StrictMode(5830): 	at com.google.android.apps.gmm.base.app.a.a(PG:2265)
10-11 21:54:40.734: D/StrictMode(5830): 	at com.google.android.apps.gmm.base.app.GoogleMapsApplication.a(PG:206)
10-11 21:54:40.734: D/StrictMode(5830): 	at com.google.android.apps.gmm.base.app.GoogleMapsApplication.onCreate(PG:174)
10-11 21:54:40.734: D/StrictMode(5830): 	at android.app.Instrumentation.callApplicationOnCreate(Instrumentation.java:1013)
10-11 21:54:40.734: D/StrictMode(5830): 	at android.app.ActivityThread.handleBindApplication(ActivityThread.java:4707)
10-11 21:54:40.734: D/StrictMode(5830): 	at android.app.ActivityThread.-wrap1(ActivityThread.java)
10-11 21:54:40.734: D/StrictMode(5830): 	at android.app.ActivityThread$H.handleMessage(ActivityThread.java:1405)
10-11 21:54:40.734: D/StrictMode(5830): 	at android.os.Handler.dispatchMessage(Handler.java:102)
10-11 21:54:40.734: D/StrictMode(5830): 	at android.os.Looper.loop(Looper.java:148)
10-11 21:54:40.734: D/StrictMode(5830): 	at android.app.ActivityThread.main(ActivityThread.java:5417)
10-11 21:54:40.734: D/StrictMode(5830): 	at java.lang.reflect.Method.invoke(Native Method)
10-11 21:54:40.734: D/StrictMode(5830): 	at com.android.internal.os.ZygoteInit$MethodAndArgsCaller.run(ZygoteInit.java:726)
10-11 21:54:40.734: D/StrictMode(5830): 	at com.android.internal.os.ZygoteInit.main(ZygoteInit.java:616)
10-11 21:54:40.734: D/StrictMode(5830): StrictMode policy violation; ~duration=35 ms: android.os.StrictMode$StrictModeDiskReadViolation: policy=65567 violation=2
10-11 21:54:40.734: D/StrictMode(5830): 	at android.os.StrictMode$AndroidBlockGuardPolicy.onReadFromDisk(StrictMode.java:1263)
10-11 21:54:40.734: D/StrictMode(5830): 	at libcore.io.BlockGuardOs.access(BlockGuardOs.java:67)
10-11 21:54:40.734: D/StrictMode(5830): 	at java.io.File.doAccess(File.java:281)
10-11 21:54:40.734: D/StrictMode(5830): 	at java.io.File.exists(File.java:361)
10-11 21:54:40.734: D/StrictMode(5830): 	at android.app.ContextImpl.createFilesDirLocked(ContextImpl.java:418)
10-11 21:54:40.734: D/StrictMode(5830): 	at android.app.ContextImpl.getFilesDir(ContextImpl.java:441)
10-11 21:54:40.734: D/StrictMode(5830): 	at android.app.ContextImpl.getFileStreamPath(ContextImpl.java:549)
10-11 21:54:40.734: D/StrictMode(5830): 	at android.content.ContextWrapper.getFileStreamPath(ContextWrapper.java:193)
10-11 21:54:40.734: D/StrictMode(5830): 	at com.google.android.apps.gmm.map.m.q.a(PG:8701)
10-11 21:54:40.734: D/StrictMode(5830): 	at com.google.android.apps.gmm.shared.f.a.a(PG:48)
10-11 21:54:40.734: D/StrictMode(5830): 	at com.google.android.apps.gmm.map.m.e.a(PG:1531)
10-11 21:54:40.734: D/StrictMode(5830): 	at com.google.android.apps.gmm.base.app.a.a(PG:244)
10-11 21:54:40.734: D/StrictMode(5830): 	at com.google.android.apps.gmm.base.app.a.a(PG:2265)
10-11 21:54:40.734: D/StrictMode(5830): 	at com.google.android.apps.gmm.base.app.GoogleMapsApplication.a(PG:206)
10-11 21:54:40.734: D/StrictMode(5830): 	at com.google.android.apps.gmm.base.app.GoogleMapsApplication.onCreate(PG:174)
10-11 21:54:40.734: D/StrictMode(5830): 	at android.app.Instrumentation.callApplicationOnCreate(Instrumentation.java:1013)
10-11 21:54:40.734: D/StrictMode(5830): 	at android.app.ActivityThread.handleBindApplication(ActivityThread.java:4707)
10-11 21:54:40.734: D/StrictMode(5830): 	at android.app.ActivityThread.-wrap1(ActivityThread.java)
10-11 21:54:40.734: D/StrictMode(5830): 	at android.app.ActivityThread$H.handleMessage(ActivityThread.java:1405)
10-11 21:54:40.734: D/StrictMode(5830): 	at android.os.Handler.dispatchMessage(Handler.java:102)
10-11 21:54:40.734: D/StrictMode(5830): 	at android.os.Looper.loop(Looper.java:148)
10-11 21:54:40.734: D/StrictMode(5830): 	at android.app.ActivityThread.main(ActivityThread.java:5417)
10-11 21:54:40.734: D/StrictMode(5830): 	at java.lang.reflect.Method.invoke(Native Method)
10-11 21:54:40.734: D/StrictMode(5830): 	at com.android.internal.os.ZygoteInit$MethodAndArgsCaller.run(ZygoteInit.java:726)
10-11 21:54:40.734: D/StrictMode(5830): 	at com.android.internal.os.ZygoteInit.main(ZygoteInit.java:616)
10-11 21:54:40.734: D/StrictMode(5830): StrictMode policy violation; ~duration=35 ms: android.os.StrictMode$StrictModeDiskReadViolation: policy=65567 violation=2
10-11 21:54:40.734: D/StrictMode(5830): 	at android.os.StrictMode$AndroidBlockGuardPolicy.onReadFromDisk(StrictMode.java:1263)
10-11 21:54:40.734: D/StrictMode(5830): 	at libcore.io.BlockGuardOs.access(BlockGuardOs.java:67)
10-11 21:54:40.734: D/StrictMode(5830): 	at java.io.File.doAccess(File.java:281)
10-11 21:54:40.734: D/StrictMode(5830): 	at java.io.File.exists(File.java:361)
10-11 21:54:40.734: D/StrictMode(5830): 	at com.google.android.apps.gmm.map.m.q.a(PG:8703)
10-11 21:54:40.734: D/StrictMode(5830): 	at com.google.android.apps.gmm.shared.f.a.a(PG:48)
10-11 21:54:40.734: D/StrictMode(5830): 	at com.google.android.apps.gmm.map.m.e.a(PG:1531)
10-11 21:54:40.734: D/StrictMode(5830): 	at com.google.android.apps.gmm.base.app.a.a(PG:244)
10-11 21:54:40.734: D/StrictMode(5830): 	at com.google.android.apps.gmm.base.app.a.a(PG:2265)
10-11 21:54:40.734: D/StrictMode(5830): 	at com.google.android.apps.gmm.base.app.GoogleMapsApplication.a(PG:206)
10-11 21:54:40.734: D/StrictMode(5830): 	at com.google.android.apps.gmm.base.app.GoogleMapsApplication.onCreate(PG:174)
10-11 21:54:40.734: D/StrictMode(5830): 	at android.app.Instrumentation.callApplicationOnCreate(Instrumentation.java:1013)
10-11 21:54:40.734: D/StrictMode(5830): 	at android.app.ActivityThread.handleBindApplication(ActivityThread.java:4707)
10-11 21:54:40.734: D/StrictMode(5830): 	at android.app.ActivityThread.-wrap1(ActivityThread.java)
10-11 21:54:40.734: D/StrictMode(5830): 	at android.app.ActivityThread$H.handleMessage(ActivityThread.java:1405)
10-11 21:54:40.734: D/StrictMode(5830): 	at android.os.Handler.dispatchMessage(Handler.java:102)
10-11 21:54:40.734: D/StrictMode(5830): 	at android.os.Looper.loop(Looper.java:148)
10-11 21:54:40.734: D/StrictMode(5830): 	at android.app.ActivityThread.main(ActivityThread.java:5417)
10-11 21:54:40.734: D/StrictMode(5830): 	at java.lang.reflect.Method.invoke(Native Method)
10-11 21:54:40.734: D/StrictMode(5830): 	at com.android.internal.os.ZygoteInit$MethodAndArgsCaller.run(ZygoteInit.java:726)
10-11 21:54:40.734: D/StrictMode(5830): 	at com.android.internal.os.ZygoteInit.main(ZygoteInit.java:616)
10-11 21:54:40.740: W/Auth(5384): [GetToken] GetToken failed with status code: INVALID_SCOPE
10-11 21:54:40.741: W/AuthSessionAuthenticato(5384): Auth related exception is being ignored: INVALID_SCOPE
10-11 21:54:40.744: I/CalendarProvider2(5198): Sending notification intent: Intent { act=android.intent.action.PROVIDER_CHANGED dat=content://com.android.calendar flg=0x20000000 }
10-11 21:54:40.744: W/ContentResolver(5198): Failed to get type for: content://com.android.calendar (Unknown URL content://com.android.calendar)
10-11 21:54:40.745: I/ActivityManager(1720): Killing 5108:com.google.android.apps.fitness/u0a40 (adj 15): empty #17
10-11 21:54:40.750: W/Search.OAuthCookieFetch(4735): Failed to retrieve OAuth token and / or GAIA ID
10-11 21:54:40.751: W/ErrorReporter(4735): reportError [type: 477, code: 1441793]: null
10-11 21:54:40.751: W/RefreshDomainCookieTask(4735): OAuth cookie refresh failed. Falling back to WebView.
10-11 21:54:40.752: W/ActivityThread(5830): ClassLoader.loadClass: The class loader returned by Thread.getContextClassLoader() may fail for processes that host multiple applications. You should explicitly specify a context class loader. For example: Thread.setContextClassLoader(getClass().getClassLoader());
10-11 21:54:40.785: W/Auth(5384): [GetToken] GetToken failed with status code: INVALID_SCOPE
10-11 21:54:40.786: W/Search.LoginHelper(4735): Google auth exception for scope: oauth2:https://www.googleapis.com/auth/googlenow
10-11 21:54:40.786: W/Search.LoginHelper(4735): com.google.android.gms.auth.a: INVALID_SCOPE
10-11 21:54:40.786: W/Search.LoginHelper(4735): 	at com.google.android.gms.auth.b.a(Unknown Source)
10-11 21:54:40.786: W/Search.LoginHelper(4735): 	at com.google.android.gms.auth.b.b(Unknown Source)
10-11 21:54:40.786: W/Search.LoginHelper(4735): 	at com.google.android.gms.auth.b.a(Unknown Source)
10-11 21:54:40.786: W/Search.LoginHelper(4735): 	at com.google.android.apps.gsa.search.core.google.c.m.a(GoogleAuthAdapterImpl.java:29)
10-11 21:54:40.786: W/Search.LoginHelper(4735): 	at com.google.android.apps.gsa.search.core.google.c.k.a(FallingBackGoogleAuthAdapter.java:93)
10-11 21:54:40.786: W/Search.LoginHelper(4735): 	at com.google.android.apps.gsa.search.core.google.c.g.a(CachingGoogleAuthAdapter.java:72)
10-11 21:54:40.786: W/Search.LoginHelper(4735): 	at com.google.android.apps.gsa.search.core.google.c.n.b(LoginHelper.java:829)
10-11 21:54:40.786: W/Search.LoginHelper(4735): 	at com.google.android.apps.gsa.search.core.google.c.n$5.Pe(LoginHelper.java:715)
10-11 21:54:40.786: W/Search.LoginHelper(4735): 	at com.google.android.apps.gsa.search.core.google.c.n$5.call(LoginHelper.java:712)
10-11 21:54:40.786: W/Search.LoginHelper(4735): 	at java.util.concurrent.FutureTask.run(FutureTask.java:237)
10-11 21:54:40.786: W/Search.LoginHelper(4735): 	at java.util.concurrent.Executors$RunnableAdapter.call(Executors.java:423)
10-11 21:54:40.786: W/Search.LoginHelper(4735): 	at java.util.concurrent.FutureTask.run(FutureTask.java:237)
10-11 21:54:40.786: W/Search.LoginHelper(4735): 	at java.util.concurrent.ThreadPoolExecutor.runWorker(ThreadPoolExecutor.java:1113)
10-11 21:54:40.786: W/Search.LoginHelper(4735): 	at java.util.concurrent.ThreadPoolExecutor$Worker.run(ThreadPoolExecutor.java:588)
10-11 21:54:40.786: W/Search.LoginHelper(4735): 	at java.lang.Thread.run(Thread.java:818)
10-11 21:54:40.786: W/Search.LoginHelper(4735): 	at com.google.android.apps.gsa.shared.util.concurrent.a.q$1.run(GsaThreadFactory.java:99)
10-11 21:54:40.788: D/ActivityManager(1720): cleanUpApplicationRecord -- 5108
10-11 21:54:40.791: W/GLSUser(5384): [DeviceKeyStore] Cannot load key: Device key file not found.
10-11 21:54:40.796: I/WVCdm(1345): CdmEngine::OpenSession
10-11 21:54:40.796: I/WVCdm(1345): Level3 Library Jun 15 2015 14:09:10
10-11 21:54:40.797: W/WVCdm(1345): Could not read /data/mediadrm/IDM1013/ay64.dat2: No such file or directory
10-11 21:54:40.797: W/WVCdm(1345): Could not load liboemcrypto.so. Falling back to L3.  dlopen failed: library "liboemcrypto.so" not found
10-11 21:54:40.798: I/WVCdm(1345): CdmEngine::QueryKeyControlInfo
10-11 21:54:40.798: W/WVCdm(1345): BufferReader::Read<T> : Failure during parse: Not enough bytes (4)
10-11 21:54:40.798: W/WVCdm(1345): CdmEngine::ExtractWidevinePssh: Unable to read atom size.
10-11 21:54:40.798: I/WVCdm(1345): CdmEngine::GenerateKeyRequest
10-11 21:54:40.798: D/WVCdm(1345): PrepareKeyRequest: nonce=1117409129
10-11 21:54:40.817: W/Auth(5384): [GetToken] GetToken failed with status code: INVALID_SCOPE
10-11 21:54:40.818: W/Search.LoginHelper(4735): Google auth exception for scope: oauth2:https://www.googleapis.com/auth/googlenow
10-11 21:54:40.818: W/Search.LoginHelper(4735): com.google.android.gms.auth.a: INVALID_SCOPE
10-11 21:54:40.818: W/Search.LoginHelper(4735): 	at com.google.android.gms.auth.b.a(Unknown Source)
10-11 21:54:40.818: W/Search.LoginHelper(4735): 	at com.google.android.gms.auth.b.b(Unknown Source)
10-11 21:54:40.818: W/Search.LoginHelper(4735): 	at com.google.android.gms.auth.b.a(Unknown Source)
10-11 21:54:40.818: W/Search.LoginHelper(4735): 	at com.google.android.apps.gsa.search.core.google.c.m.a(GoogleAuthAdapterImpl.java:29)
10-11 21:54:40.818: W/Search.LoginHelper(4735): 	at com.google.android.apps.gsa.search.core.google.c.k.a(FallingBackGoogleAuthAdapter.java:93)
10-11 21:54:40.818: W/Search.LoginHelper(4735): 	at com.google.android.apps.gsa.search.core.google.c.g.a(CachingGoogleAuthAdapter.java:72)
10-11 21:54:40.818: W/Search.LoginHelper(4735): 	at com.google.android.apps.gsa.search.core.google.c.n.b(LoginHelper.java:829)
10-11 21:54:40.818: W/Search.LoginHelper(4735): 	at com.google.android.apps.gsa.search.core.google.c.n$5.Pe(LoginHelper.java:715)
10-11 21:54:40.818: W/Search.LoginHelper(4735): 	at com.google.android.apps.gsa.search.core.google.c.n$5.call(LoginHelper.java:712)
10-11 21:54:40.818: W/Search.LoginHelper(4735): 	at java.util.concurrent.FutureTask.run(FutureTask.java:237)
10-11 21:54:40.818: W/Search.LoginHelper(4735): 	at java.util.concurrent.Executors$RunnableAdapter.call(Executors.java:423)
10-11 21:54:40.818: W/Search.LoginHelper(4735): 	at java.util.concurrent.FutureTask.run(FutureTask.java:237)
10-11 21:54:40.818: W/Search.LoginHelper(4735): 	at java.util.concurrent.ThreadPoolExecutor.runWorker(ThreadPoolExecutor.java:1113)
10-11 21:54:40.818: W/Search.LoginHelper(4735): 	at java.util.concurrent.ThreadPoolExecutor$Worker.run(ThreadPoolExecutor.java:588)
10-11 21:54:40.818: W/Search.LoginHelper(4735): 	at java.lang.Thread.run(Thread.java:818)
10-11 21:54:40.818: W/Search.LoginHelper(4735): 	at com.google.android.apps.gsa.shared.util.concurrent.a.q$1.run(GsaThreadFactory.java:99)
10-11 21:54:40.818: E/VelvetNetworkClient(4735): Failed to get auth token
10-11 21:54:40.818: W/NowOptInSettings(4735): Failed to fetch default configuration
10-11 21:54:40.888: V/WebViewChromiumFactoryProvider(4735): Binding Chromium to main looper Looper (main, tid 1) {3e728b0}
10-11 21:54:40.888: I/cr_LibraryLoader(4735): Expected native library version number "53.0.2785.124", actual native library version number "53.0.2785.124"
10-11 21:54:40.912: W/Auth(5384): [GetToken] GetToken failed with status code: INVALID_SCOPE
10-11 21:54:40.912: W/Search.LoginHelper(4735): Google auth exception for scope: oauth2:https://www.googleapis.com/auth/googlenow
10-11 21:54:40.912: W/Search.LoginHelper(4735): com.google.android.gms.auth.a: INVALID_SCOPE
10-11 21:54:40.912: W/Search.LoginHelper(4735): 	at com.google.android.gms.auth.b.a(Unknown Source)
10-11 21:54:40.912: W/Search.LoginHelper(4735): 	at com.google.android.gms.auth.b.b(Unknown Source)
10-11 21:54:40.912: W/Search.LoginHelper(4735): 	at com.google.android.gms.auth.b.a(Unknown Source)
10-11 21:54:40.912: W/Search.LoginHelper(4735): 	at com.google.android.apps.gsa.search.core.google.c.m.a(GoogleAuthAdapterImpl.java:29)
10-11 21:54:40.912: W/Search.LoginHelper(4735): 	at com.google.android.apps.gsa.search.core.google.c.k.a(FallingBackGoogleAuthAdapter.java:93)
10-11 21:54:40.912: W/Search.LoginHelper(4735): 	at com.google.android.apps.gsa.search.core.google.c.g.a(CachingGoogleAuthAdapter.java:72)
10-11 21:54:40.912: W/Search.LoginHelper(4735): 	at com.google.android.apps.gsa.search.core.google.c.n.b(LoginHelper.java:829)
10-11 21:54:40.912: W/Search.LoginHelper(4735): 	at com.google.android.apps.gsa.search.core.google.c.n$5.Pe(LoginHelper.java:715)
10-11 21:54:40.912: W/Search.LoginHelper(4735): 	at com.google.android.apps.gsa.search.core.google.c.n$5.call(LoginHelper.java:712)
10-11 21:54:40.912: W/Search.LoginHelper(4735): 	at java.util.concurrent.FutureTask.run(FutureTask.java:237)
10-11 21:54:40.912: W/Search.LoginHelper(4735): 	at java.util.concurrent.Executors$RunnableAdapter.call(Executors.java:423)
10-11 21:54:40.912: W/Search.LoginHelper(4735): 	at java.util.concurrent.FutureTask.run(FutureTask.java:237)
10-11 21:54:40.912: W/Search.LoginHelper(4735): 	at java.util.concurrent.ThreadPoolExecutor.runWorker(ThreadPoolExecutor.java:1113)
10-11 21:54:40.912: W/Search.LoginHelper(4735): 	at java.util.concurrent.ThreadPoolExecutor$Worker.run(ThreadPoolExecutor.java:588)
10-11 21:54:40.912: W/Search.LoginHelper(4735): 	at java.lang.Thread.run(Thread.java:818)
10-11 21:54:40.912: W/Search.LoginHelper(4735): 	at com.google.android.apps.gsa.shared.util.concurrent.a.q$1.run(GsaThreadFactory.java:99)
10-11 21:54:40.912: E/VelvetNetworkClient(4735): Failed to get auth token
10-11 21:54:40.996: I/WVCdm(1345): CdmEngine::CloseSession
10-11 21:54:41.022: I/Exchange(5326): Accounts changed - requesting FolderSync for unsynced accounts
10-11 21:54:41.066: I/GmailIS(5277): Receive LOGIN_ACCOUNTS_CHANGED intent: Intent { act=android.accounts.LOGIN_ACCOUNTS_CHANGED flg=0x4000010 cmp=com.google.android.gm/.GmailIntentService }
10-11 21:54:41.077: I/ActivityManager(1720): Start proc 5884:com.google.android.videos/u0a71 for broadcast com.google.android.videos/.accounts.AccountsChangedService$AccountsChangedReceiver
10-11 21:54:41.079: I/Gmail(5277): System accounts updated.
10-11 21:54:41.083: I/Exchange(5326): EasService.onCreate
10-11 21:54:41.084: I/Gmail(5277): getAccountsCursor
10-11 21:54:41.096: I/Exchange(5326): RestartPingTask
10-11 21:54:41.097: I/Remoter(1331): Saved screenshot to '/data/screenshots/__pmv__-0082.jpg'
10-11 21:54:41.101: I/Exchange(5326): RestartPingsTask did not start any pings.
10-11 21:54:41.101: I/Exchange(5326): PSS stopIfIdle
10-11 21:54:41.101: I/Exchange(5326): PSS has no active accounts; stopping service.
10-11 21:54:41.101: I/Exchange(5326): onDestroy
10-11 21:54:41.161: D/Finsky(5659): [1] DailyHygiene.onStartCommand: Beginning daily hygiene
10-11 21:54:41.162: I/NotifActionUtils(5277): resendNotifications account: null, folder: null
10-11 21:54:41.171: I/NotifUtils(5277): resendNotifications cancelExisting: false, account: null, folder: null
10-11 21:54:41.175: I/Auth(5384): [ReflectiveChannelBinder] Successfully bound channel!
10-11 21:54:41.188: W/System(5884): ClassLoader referenced unknown path: /system/app/Videos/lib/x86
10-11 21:54:41.190: W/Conscrypt(5384): Could not set socket write timeout:
10-11 21:54:41.190: W/Conscrypt(5384):    java.lang.reflect.Method.invoke(Native Method)
10-11 21:54:41.190: W/Conscrypt(5384):    com.google.android.gms.org.conscrypt.Platform.setSocketWriteTimeout(:com.google.android.gms@11519470:13)
10-11 21:54:41.194: W/Conscrypt(5384): Could not set socket write timeout:
10-11 21:54:41.194: W/Conscrypt(5384):    java.lang.reflect.Method.invoke(Native Method)
10-11 21:54:41.194: W/Conscrypt(5384):    com.google.android.gms.org.conscrypt.Platform.setSocketWriteTimeout(:com.google.android.gms@11519470:13)
10-11 21:54:41.223: I/chromium(4735): [INFO:library_loader_hooks.cc(151)] Chromium logging enabled: level = 0, default verbosity = 0
10-11 21:54:41.271: W/Conscrypt(5384): Could not set socket write timeout:
10-11 21:54:41.272: W/Conscrypt(5384):    java.lang.reflect.Method.invoke(Native Method)
10-11 21:54:41.272: W/Conscrypt(5384):    com.google.android.gms.org.conscrypt.Platform.setSocketWriteTimeout(:com.google.android.gms@11519470:13)
10-11 21:54:41.274: W/Conscrypt(5384): Could not set socket write timeout:
10-11 21:54:41.274: W/Conscrypt(5384):    java.lang.reflect.Method.invoke(Native Method)
10-11 21:54:41.274: W/Conscrypt(5384):    com.google.android.gms.org.conscrypt.Platform.setSocketWriteTimeout(:com.google.android.gms@11519470:13)
10-11 21:54:41.289: I/Auth(5384): [BroadcastManager] Broadcasting account services changed.
10-11 21:54:41.295: I/CheckinChimeraService(5400): android.os.VintfObject class not found : android.os.VintfObject
10-11 21:54:41.365: W/Auth(5384): [GetToken] GetToken failed with status code: INVALID_SCOPE
10-11 21:54:41.423: E/HttpOperation(3955): [contacts/getselfinfo] Unexpected exception
10-11 21:54:41.423: E/HttpOperation(3955): java.io.IOException: Cannot obtain authentication token
10-11 21:54:41.423: E/HttpOperation(3955): 	at gqg.a(SourceFile:82)
10-11 21:54:41.423: E/HttpOperation(3955): 	at gpr.o(SourceFile:406)
10-11 21:54:41.423: E/HttpOperation(3955): 	at gpm.a(SourceFile:1379)
10-11 21:54:41.423: E/HttpOperation(3955): 	at gkm.call(SourceFile:1299)
10-11 21:54:41.423: E/HttpOperation(3955): 	at java.util.concurrent.FutureTask.run(FutureTask.java:237)
10-11 21:54:41.423: E/HttpOperation(3955): 	at java.util.concurrent.ThreadPoolExecutor.runWorker(ThreadPoolExecutor.java:1113)
10-11 21:54:41.423: E/HttpOperation(3955): 	at java.util.concurrent.ThreadPoolExecutor$Worker.run(ThreadPoolExecutor.java:588)
10-11 21:54:41.423: E/HttpOperation(3955): 	at java.lang.Thread.run(Thread.java:818)
10-11 21:54:41.423: E/HttpOperation(3955): Caused by: android.accounts.AuthenticatorException: Cannot get Oauth2 token from GMS
10-11 21:54:41.423: E/HttpOperation(3955): 	at fkx.a(SourceFile:27)
10-11 21:54:41.423: E/HttpOperation(3955): 	at gqe.a(SourceFile:3086)
10-11 21:54:41.423: E/HttpOperation(3955): 	at gqe.a(SourceFile:1125)
10-11 21:54:41.423: E/HttpOperation(3955): 	at gqg.a(SourceFile:77)
10-11 21:54:41.423: E/HttpOperation(3955): 	... 7 more
10-11 21:54:41.423: E/HttpOperation(3955): Caused by: efo: INVALID_SCOPE
10-11 21:54:41.423: E/HttpOperation(3955): 	at efp.a(Unknown Source)
10-11 21:54:41.423: E/HttpOperation(3955): 	at efp.a(Unknown Source)
10-11 21:54:41.423: E/HttpOperation(3955): 	at efp.b(Unknown Source)
10-11 21:54:41.423: E/HttpOperation(3955): 	at efp.b(Unknown Source)
10-11 21:54:41.423: E/HttpOperation(3955): 	at fkx.a(SourceFile:24)
10-11 21:54:41.423: E/HttpOperation(3955): 	... 10 more
10-11 21:54:41.486: E/LoginManager(3955): Account update failed
10-11 21:54:41.486: E/LoginManager(3955): java.io.IOException: Rpc failed
10-11 21:54:41.486: E/LoginManager(3955): 	at gki.a(SourceFile:3529)
10-11 21:54:41.486: E/LoginManager(3955): 	at gkm.call(SourceFile:1300)
10-11 21:54:41.486: E/LoginManager(3955): 	at java.util.concurrent.FutureTask.run(FutureTask.java:237)
10-11 21:54:41.486: E/LoginManager(3955): 	at java.util.concurrent.ThreadPoolExecutor.runWorker(ThreadPoolExecutor.java:1113)
10-11 21:54:41.486: E/LoginManager(3955): 	at java.util.concurrent.ThreadPoolExecutor$Worker.run(ThreadPoolExecutor.java:588)
10-11 21:54:41.486: E/LoginManager(3955): 	at java.lang.Thread.run(Thread.java:818)
10-11 21:54:41.486: E/LoginManager(3955): Caused by: java.io.IOException: Cannot obtain authentication token
10-11 21:54:41.486: E/LoginManager(3955): 	at gqg.a(SourceFile:82)
10-11 21:54:41.486: E/LoginManager(3955): 	at gpr.o(SourceFile:406)
10-11 21:54:41.486: E/LoginManager(3955): 	at gpm.a(SourceFile:1379)
10-11 21:54:41.486: E/LoginManager(3955): 	at gkm.call(SourceFile:1299)
10-11 21:54:41.486: E/LoginManager(3955): 	... 4 more
10-11 21:54:41.486: E/LoginManager(3955): Caused by: android.accounts.AuthenticatorException: Cannot get Oauth2 token from GMS
10-11 21:54:41.486: E/LoginManager(3955): 	at fkx.a(SourceFile:27)
10-11 21:54:41.486: E/LoginManager(3955): 	at gqe.a(SourceFile:3086)
10-11 21:54:41.486: E/LoginManager(3955): 	at gqe.a(SourceFile:1125)
10-11 21:54:41.486: E/LoginManager(3955): 	at gqg.a(SourceFile:77)
10-11 21:54:41.486: E/LoginManager(3955): 	... 7 more
10-11 21:54:41.486: E/LoginManager(3955): Caused by: efo: INVALID_SCOPE
10-11 21:54:41.486: E/LoginManager(3955): 	at efp.a(Unknown Source)
10-11 21:54:41.486: E/LoginManager(3955): 	at efp.a(Unknown Source)
10-11 21:54:41.486: E/LoginManager(3955): 	at efp.b(Unknown Source)
10-11 21:54:41.486: E/LoginManager(3955): 	at efp.b(Unknown Source)
10-11 21:54:41.486: E/LoginManager(3955): 	at fkx.a(SourceFile:24)
10-11 21:54:41.486: E/LoginManager(3955): 	... 10 more
10-11 21:54:41.487: I/Babel(3955): BAM created 0
10-11 21:54:41.493: W/Conscrypt(5384): Could not set socket write timeout:
10-11 21:54:41.494: W/Conscrypt(5384):    java.lang.reflect.Method.invoke(Native Method)
10-11 21:54:41.494: W/Conscrypt(5384):    com.google.android.gms.org.conscrypt.Platform.setSocketWriteTimeout(:com.google.android.gms@11519470:13)
10-11 21:54:41.496: W/Conscrypt(5384): Could not set socket write timeout:
10-11 21:54:41.496: W/Conscrypt(5384):    java.lang.reflect.Method.invoke(Native Method)
10-11 21:54:41.496: W/Conscrypt(5384):    com.google.android.gms.org.conscrypt.Platform.setSocketWriteTimeout(:com.google.android.gms@11519470:13)
10-11 21:54:41.506: W/GLSUser(5384): [AppCertManager] IOException while requesting key: 
10-11 21:54:41.506: W/GLSUser(5384): java.io.IOException: Invalid device key response.
10-11 21:54:41.506: W/GLSUser(5384): 	at ewg.a(:com.google.android.gms@11519470:11)
10-11 21:54:41.506: W/GLSUser(5384): 	at ewg.a(:com.google.android.gms@11519470:63)
10-11 21:54:41.506: W/GLSUser(5384): 	at ewg.a(:com.google.android.gms@11519470:20)
10-11 21:54:41.506: W/GLSUser(5384): 	at ewe.a(:com.google.android.gms@11519470:4)
10-11 21:54:41.506: W/GLSUser(5384): 	at ewb.a(:com.google.android.gms@11519470:2)
10-11 21:54:41.506: W/GLSUser(5384): 	at evz.a(:com.google.android.gms@11519470:10)
10-11 21:54:41.506: W/GLSUser(5384): 	at evz.a(:com.google.android.gms@11519470:24)
10-11 21:54:41.506: W/GLSUser(5384): 	at mgg.d(:com.google.android.gms@11519470:3)
10-11 21:54:41.506: W/GLSUser(5384): 	at ciz.a(:com.google.android.gms@11519470:31)
10-11 21:54:41.506: W/GLSUser(5384): 	at cei.run(:com.google.android.gms@11519470:2)
10-11 21:54:41.506: W/GLSUser(5384): 	at ceg.handleMessage(:com.google.android.gms@11519470:3)
10-11 21:54:41.506: W/GLSUser(5384): 	at mme.run(:com.google.android.gms@11519470:6)
10-11 21:54:41.506: W/GLSUser(5384): 	at mmo.run(:com.google.android.gms@11519470:25)
10-11 21:54:41.506: W/GLSUser(5384): 	at java.util.concurrent.ThreadPoolExecutor.runWorker(ThreadPoolExecutor.java:1113)
10-11 21:54:41.506: W/GLSUser(5384): 	at java.util.concurrent.ThreadPoolExecutor$Worker.run(ThreadPoolExecutor.java:588)
10-11 21:54:41.506: W/GLSUser(5384): 	at mrv.run(:com.google.android.gms@11519470)
10-11 21:54:41.506: W/GLSUser(5384): 	at java.lang.Thread.run(Thread.java:818)
10-11 21:54:41.507: W/GLSUser(5384): [DeviceKeyStore] Cannot load key: Device key file not found.
10-11 21:54:41.511: I/Babel(3955): BAM#account updated: 0
10-11 21:54:41.511: I/Babel(3955): BAM, cleanup: 0
10-11 21:54:41.514: E/ctxmgr(5384): [BaseServerTask]Server task (FetchAclSet) got error statusCode=-1.
10-11 21:54:41.514: E/ctxmgr(5384): com.android.volley.VolleyError: Unable to obtain auth token - is the device online?
10-11 21:54:41.514: E/ctxmgr(5384): 	at ciz.a(:com.google.android.gms@11519470:39)
10-11 21:54:41.514: E/ctxmgr(5384): 	at cei.run(:com.google.android.gms@11519470:2)
10-11 21:54:41.514: E/ctxmgr(5384): 	at ceg.handleMessage(:com.google.android.gms@11519470:3)
10-11 21:54:41.514: E/ctxmgr(5384): 	at mme.run(:com.google.android.gms@11519470:6)
10-11 21:54:41.514: E/ctxmgr(5384): 	at mmo.run(:com.google.android.gms@11519470:25)
10-11 21:54:41.514: E/ctxmgr(5384): 	at java.util.concurrent.ThreadPoolExecutor.runWorker(ThreadPoolExecutor.java:1113)
10-11 21:54:41.514: E/ctxmgr(5384): 	at java.util.concurrent.ThreadPoolExecutor$Worker.run(ThreadPoolExecutor.java:588)
10-11 21:54:41.514: E/ctxmgr(5384): 	at mrv.run(:com.google.android.gms@11519470)
10-11 21:54:41.514: E/ctxmgr(5384): 	at java.lang.Thread.run(Thread.java:818)
10-11 21:54:41.515: W/ctxmgr(5384): [WorkManager]Long workInfo: pkg=com.google.android.gms, lbl=NetworkManager#getAcl, start=2017-10-11 21:54:40.508-0400, stop=2017-10-11 21:54:41.514-0400, durtn=1006ms
10-11 21:54:41.517: E/ctxmgr(5384): [AccountAclCallback]Failed Acl fetch: network status=-1
10-11 21:54:41.522: D/BluetoothAdapter(5384): STATE_ON
10-11 21:54:41.522: D/BluetoothLeScanner(5384): could not find callback wrapper
10-11 21:54:41.523: I/BeaconBle(5384): Client requested scan, settings=BleSettings [scanMode=ZERO_POWER, callbackType=ALL_MATCHES, reportDelayMillis=0, 6 filters, 1 clients, callingClientName=Nearby]
10-11 21:54:41.526: I/BeaconBle(5384): Stopping scan on delegate scanner. BT state: 12
10-11 21:54:41.526: D/BluetoothAdapter(5384): STATE_ON
10-11 21:54:41.526: D/BtGatt.GattService(2437): stopScan() - queue size =1
10-11 21:54:41.526: D/BtGatt.ScanManager(2437): stop scan
10-11 21:54:41.526: D/BtGatt.ScanManager(2437): configureRegularScanParams() - queue=0
10-11 21:54:41.526: D/BtGatt.ScanManager(2437): configureRegularScanParams() - ScanSetting Scan mode=-2147483648 mLastConfiguredScanSetting=2
10-11 21:54:41.526: D/BtGatt.ScanManager(2437): configureRegularScanParams() - queue emtpy, scan stopped
10-11 21:54:41.529: D/BtGatt.GattService(2437): unregisterClient() - clientIf=5
10-11 21:54:41.529: I/BeaconBle(5384): Resetting - new scanner available: true
10-11 21:54:41.529: I/BeaconBle(5384): ZERO_POWER is disabled.
10-11 21:54:41.529: I/BeaconBle(5384): 'L' hardware scan: scan stopped, no powered clients
10-11 21:54:41.540: I/cr_BrowserStartup(4735): Initializing chromium process, singleProcess=true
10-11 21:54:41.587: I/Babel(3955): Account update: 0 logged off
10-11 21:54:41.587: I/Babel(3955): deleted: false for 0
10-11 21:54:41.587: I/Babel_StickerModule(3955): Account change update: 0
10-11 21:54:41.587: W/Babel_StickerModule(3955): Null account update.
10-11 21:54:41.587: I/Babel(3955): Account not valid for babel. Skip device registration.
10-11 21:54:41.656: D/Finsky(5659): [1] GetTocHelper$3.onResponse: Server requests device config token
10-11 21:54:42.005: D/Finsky(5659): [1] GcmRegistrationIdHelper.getRegistrationId: Start requesting GCM Reg Id
10-11 21:54:42.005: D/GCMRegistrar(5659): resetting backoff for com.android.vending
10-11 21:54:42.007: V/GCMRegistrar(5659): Registering app com.android.vending of senders 932144863878
10-11 21:54:42.013: W/GCM(5384): Register request missing messenger
10-11 21:54:42.016: W/Conscrypt(5384): Could not set socket write timeout:
10-11 21:54:42.016: W/Conscrypt(5384):    java.lang.reflect.Method.invoke(Native Method)
10-11 21:54:42.016: W/Conscrypt(5384):    com.google.android.gms.org.conscrypt.Platform.setSocketWriteTimeout(:com.google.android.gms@11519470:13)
10-11 21:54:42.017: W/Conscrypt(5384): Could not set socket write timeout:
10-11 21:54:42.017: W/Conscrypt(5384):    java.lang.reflect.Method.invoke(Native Method)
10-11 21:54:42.017: W/Conscrypt(5384):    com.google.android.gms.org.conscrypt.Platform.setSocketWriteTimeout(:com.google.android.gms@11519470:13)
10-11 21:54:42.150: I/Remoter(1331): Saved screenshot to '/data/screenshots/__pmv__-0083.jpg'
10-11 21:54:42.534: W/System(5400): ClassLoader referenced unknown path: /system/app/PlayGames/lib/x86
10-11 21:54:42.538: I/Auth(5384): [BroadcastManager] Broadcasting account change.
10-11 21:54:42.538: W/WakefulBroadcastReceiver(5384): No active wake lock id #1
10-11 21:54:42.568: W/PlayMovies(5884): SyncCallback.getResponse:78 SyncCallback from main thread might cause ANR
10-11 21:54:42.607: D/BluetoothManagerService(1720): Added callback: android.bluetooth.IBluetoothManagerCallback$Stub$Proxy@9b65be8:true
10-11 21:54:42.670: W/ActivityManager(1720): Unable to start service Intent { cmp=com.google.android.apps.gcs/.service.a } U=0: not found
10-11 21:54:42.674: D/Volley(5659): [380] DiskBasedCache.clear: Cache cleared.
10-11 21:54:42.674: D/Volley(5659): [387] DiskBasedCache.clear: Cache cleared.
10-11 21:54:42.676: D/Finsky(5659): [1] UpdateWidgetsReceiver.onReceive: Updated 0 MarketWidgetProvider widgets (android.accounts.LOGIN_ACCOUNTS_CHANGED)
10-11 21:54:42.676: D/Finsky(5659): [1] UpdateWidgetsReceiver.onReceive: Updated 0 RecommendedWidgetProvider widgets (android.accounts.LOGIN_ACCOUNTS_CHANGED)
10-11 21:54:42.707: D/Finsky(5659): [1] UpdateWidgetsReceiver.onReceive: Updated 0 NowPlayingWidgetProvider widgets (android.accounts.LOGIN_ACCOUNTS_CHANGED)
10-11 21:54:42.707: I/PmtsSwAccountIntentOp(5400): Processing intent action=android.accounts.LOGIN_ACCOUNTS_CHANGED
10-11 21:54:42.708: I/PmtsSwAccountIntentOp(5400): Device isn't of sufficient API level
10-11 21:54:42.715: I/HeterodyneSyncScheduler(5384): Scheduling Phenotype for a PhenotypeSyncImmediately(5, null) one off with window [1, 2] in seconds
10-11 21:54:42.743: I/GoogleURLConnFactory(5400): Using platform SSLCertificateSocketFactory
10-11 21:54:42.744: E/BaseAppContext(5400): Tried to stop global GMSCore RequestQueue. This is likely unintended, so ignoring.
10-11 21:54:42.815: I/qtaguid(5659): Failed write_ctrl(u 30) res=-1 errno=22
10-11 21:54:42.815: I/qtaguid(5659): Untagging socket 30 failed errno=-22
10-11 21:54:42.815: W/NetworkManagementSocketTagger(5659): untagSocket(30) failed with errno -22
10-11 21:54:42.817: D/Finsky(5659): [1] DeviceConfigurationHelper$1.onResponse: Received device config token CisaKQoTNDAyNzYwOTcwNjE0NDkyMDQyORISChAxNTA3NzczMjgyNzYxNzg1
10-11 21:54:42.911: I/GamesDatabaseHelper(5400): Bootstrapping database version: 1403
10-11 21:54:42.956: W/SyncManager(1720): Ignoring setPeriodicSyncTime request for a sync that does not exist. Authority: VS2WQVCOVYYT3Y3JQZUPAOQ2II-00@cloudtestlabaccounts.com/com.google.android.gms.games:u0
10-11 21:54:42.968: I/qtaguid(5659): Failed write_ctrl(u 30) res=-1 errno=22
10-11 21:54:42.968: I/qtaguid(5659): Untagging socket 30 failed errno=-22
10-11 21:54:42.968: W/NetworkManagementSocketTagger(5659): untagSocket(30) failed with errno -22
10-11 21:54:42.971: V/AccountUtils(5400): 0 accounts found with uca feature
10-11 21:54:42.971: I/GamesSyncAdapter(5400): Starting sync for 2e50bb3
10-11 21:54:42.973: V/AccountUtils(5400): 0 accounts found with uca feature
10-11 21:54:42.973: I/GamesSyncAdapter(5400): Starting sync for 2e50bb3
10-11 21:54:42.973: I/GamesSyncAdapter(5400): Sync duration for 2e50bb3: 3
10-11 21:54:42.977: W/GamesSyncAdapter(5400): User is not G+ enabled. Aborting sync
10-11 21:54:42.979: I/GamesSyncAdapter(5400): Sync duration for 2e50bb3: 6
10-11 21:54:42.982: W/InstanceID/Rpc(5400): Found 10010
10-11 21:54:42.986: D/Finsky(5659): [381] FinskyExperiments.setTargets: Process stable target turned on mid-process: 12602374
10-11 21:54:42.986: D/Finsky(5659): [381] ExperimentsChangeHandler.triggerRunOnApplicationClose: Application close deferrer set because of stale process stable experiments
10-11 21:54:42.994: D/ConnectivityService(1720): listenForNetwork for Listen from uid/pid:10026/4735 for NetworkRequest [ id=5, legacyType=-1, [ Capabilities: INTERNET&NOT_RESTRICTED&TRUSTED] ]
10-11 21:54:42.987: I/Binder_1(1339): type=1400 audit(0.0:181): avc: denied { ioctl } for path="socket:[53201]" dev="sockfs" ino=53201 ioctlcmd=7704 scontext=u:r:surfaceflinger:s0 tcontext=u:r:surfaceflinger:s0 tclass=unix_stream_socket permissive=1
10-11 21:54:42.987: I/Binder_1(1339): type=1400 audit(0.0:182): avc: denied { ioctl } for path="socket:[53201]" dev="sockfs" ino=53201 ioctlcmd=7704 scontext=u:r:surfaceflinger:s0 tcontext=u:r:surfaceflinger:s0 tclass=unix_stream_socket permissive=1
10-11 21:54:43.053: W/PlayMovies(5884): SyncCallback.getResponse:78 SyncCallback from main thread might cause ANR
10-11 21:54:43.058: I/qtaguid(5659): Failed write_ctrl(u 30) res=-1 errno=22
10-11 21:54:43.058: I/qtaguid(5659): Untagging socket 30 failed errno=-22
10-11 21:54:43.058: W/NetworkManagementSocketTagger(5659): untagSocket(30) failed with errno -22
10-11 21:54:43.058: D/Finsky(5659): [1] SelfUpdateScheduler.checkForSelfUpdate: Starting DFE self-update from local version [80420700] to server version [80834200]
10-11 21:54:43.092: I/ActivityManager(1720): Start proc 5988:com.google.android.gms:car/u0a10 for service com.google.android.gms/.car.CarService
10-11 21:54:43.105: D/PlayMovies(5884): PersistentCache.cleanup:94 Cache is below limit, no need to shrink: [size=0, limit=5242880]
10-11 21:54:43.057: I/main(5988): type=1400 audit(0.0:183): avc: denied { search } for name="/" dev="tracefs" ino=1 scontext=u:r:zygote:s0 tcontext=u:object_r:unlabeled:s0 tclass=dir permissive=1
10-11 21:54:43.130: D/Finsky(5659): [374] SignatureUtils.faultInOtherSignatures: Apps signed by first-party test keys will be allowed
10-11 21:54:43.130: D/Finsky(5659): [374] ContentFiltersService$1.getContentFiltersAndIntent: Received content filters request from com.google.android.videos
10-11 21:54:43.140: I/VideoCapabilities(5884): Unsupported profile 4 for video/mp4v-es
10-11 21:54:43.142: W/MediaCodecUtil(5884): MediaCodecList API didn't list secure decoder for: video/avc. Assuming: OMX.google.h264.decoder.secure
10-11 21:54:43.143: I/WVCdm(1345): CdmEngine::QueryStatus
10-11 21:54:43.143: I/WVCdm(1345): Level3 Library Jun 15 2015 14:09:10
10-11 21:54:43.144: W/WVCdm(1345): Could not read /data/mediadrm/IDM1013/ay64.dat2: No such file or directory
10-11 21:54:43.144: W/WVCdm(1345): Could not load liboemcrypto.so. Falling back to L3.  dlopen failed: library "liboemcrypto.so" not found
10-11 21:54:43.160: W/ActivityManager(1720): Unable to start service Intent { act=com.google.android.gms.playlog.service.START pkg=com.google.android.gms } U=0: not found
10-11 21:54:43.160: W/ActivityManager(1720): Unbind failed: could not find connection for android.os.BinderProxy@b8bcf97
10-11 21:54:43.160: E/GmsClient(5400): unable to connect to service: com.google.android.gms.playlog.service.START
10-11 21:54:43.162: W/OneTimePlayLogger(5400): logger connection failed
10-11 21:54:43.164: W/ActivityManager(1720): Unable to start service Intent { act=com.google.android.gms.playlog.service.START pkg=com.google.android.gms } U=0: not found
10-11 21:54:43.164: W/ActivityManager(1720): Unbind failed: could not find connection for android.os.BinderProxy@9919584
10-11 21:54:43.164: E/GmsClient(5400): unable to connect to service: com.google.android.gms.playlog.service.START
10-11 21:54:43.165: W/OneTimePlayLogger(5400): logger connection failed
10-11 21:54:43.178: W/cr_AwContents(4735): onDetachedFromWindow called when already detached. Ignoring
10-11 21:54:43.185: W/Auth(5384): [GetToken] GetToken failed with status code: INVALID_SCOPE
10-11 21:54:43.186: E/PlayMovies(5884): AccountManagerWrapper.blockingGetAuthToken:253 Cannot get user auth
10-11 21:54:43.186: E/PlayMovies(5884): THROWABLE:
10-11 21:54:43.186: E/PlayMovies(5884): com.google.android.gms.auth.GoogleAuthException: INVALID_SCOPE
10-11 21:54:43.186: E/PlayMovies(5884): com.google.android.gms.auth.GoogleAuthException: INVALID_SCOPE
10-11 21:54:43.186: E/PlayMovies(5884): 	at com.google.android.gms.auth.GoogleAuthUtil.zza(Unknown Source)
10-11 21:54:43.186: E/PlayMovies(5884): 	at com.google.android.gms.auth.GoogleAuthUtil.zzc(Unknown Source)
10-11 21:54:43.186: E/PlayMovies(5884): 	at com.google.android.gms.auth.GoogleAuthUtil.zzb(Unknown Source)
10-11 21:54:43.186: E/PlayMovies(5884): 	at com.google.android.gms.auth.GoogleAuthUtil.getTokenWithNotification(Unknown Source)
10-11 21:54:43.186: E/PlayMovies(5884): 	at com.google.android.gms.auth.GoogleAuthUtil.getTokenWithNotification(Unknown Source)
10-11 21:54:43.186: E/PlayMovies(5884): 	at com.google.android.videos.accounts.AccountManagerWrapper.blockingGetAuthToken(SourceFile:237)
10-11 21:54:43.186: E/PlayMovies(5884): 	at com.google.android.videos.async.AuthenticatingRequester.getAuthToken(SourceFile:62)
10-11 21:54:43.186: E/PlayMovies(5884): 	at com.google.android.videos.async.AuthenticatingRequester.request(SourceFile:39)
10-11 21:54:43.186: E/PlayMovies(5884): 	at com.google.android.videos.async.AuthenticatingRequester.request(SourceFile:26)
10-11 21:54:43.186: E/PlayMovies(5884): 	at com.google.android.videos.gcm.DefaultGcmRegistrationManager.registerWithServer(SourceFile:151)
10-11 21:54:43.186: E/PlayMovies(5884): 	at com.google.android.videos.gcm.DefaultGcmRegistrationManager.access$000(SourceFile:48)
10-11 21:54:43.186: E/PlayMovies(5884): 	at com.google.android.videos.gcm.DefaultGcmRegistrationManager$1.run(SourceFile:101)
10-11 21:54:43.186: E/PlayMovies(5884): 	at java.util.concurrent.ThreadPoolExecutor.runWorker(ThreadPoolExecutor.java:1113)
10-11 21:54:43.186: E/PlayMovies(5884): 	at java.util.concurrent.ThreadPoolExecutor$Worker.run(ThreadPoolExecutor.java:588)
10-11 21:54:43.186: E/PlayMovies(5884): 	at com.google.android.videos.utils.PriorityThreadFactory$1.run(SourceFile:42)
10-11 21:54:43.186: E/PlayMovies(5884): 	at java.lang.Thread.run(Thread.java:818)
10-11 21:54:43.216: I/Remoter(1331): Saved screenshot to '/data/screenshots/__pmv__-0084.jpg'
10-11 21:54:43.229: I/LoadedApk(5988): No resource references to update in package FFFFFFFFFFFFFFFFFFFFFF
10-11 21:54:43.244: W/linker(5988): /data/app/com.google.android.gms-1/lib/x86/libconscrypt_gmscore_jni.so: unused DT entry: type 0x1d arg 0x91
10-11 21:54:43.247: V/NativeCrypto(5988): Registering com/google/android/gms/org/conscrypt/NativeCrypto's 259 native methods...
10-11 21:54:43.249: I/cr_Ime(4735): ImeThread is not enabled.
10-11 21:54:43.251: I/RefreshDomainCookieTask(4735): refreshing cookies
10-11 21:54:43.254: I/art(5988): Rejecting re-init on previously-failed class java.lang.Class<com.google.android.gms.org.conscrypt.OpenSSLExtendedSessionImpl>
10-11 21:54:43.254: I/art(5988): Rejecting re-init on previously-failed class java.lang.Class<com.google.android.gms.org.conscrypt.OpenSSLExtendedSessionImpl>
10-11 21:54:43.255: I/art(5988): Rejecting re-init on previously-failed class java.lang.Class<com.google.android.gms.org.conscrypt.OpenSSLExtendedSessionImpl>
10-11 21:54:43.256: D/ConnectivityService(1720): listenForNetwork for Listen from uid/pid:10026/4735 for NetworkRequest [ id=6, legacyType=-1, [ Capabilities: INTERNET&NOT_RESTRICTED&TRUSTED] ]
10-11 21:54:43.263: I/ProviderInstaller(5988): Installed default security provider GmsCore_OpenSSL
10-11 21:54:43.279: I/BroadcastQueue(1720): Delay finish: com.google.android.apps.plus/com.google.android.libraries.social.account.refresh.receiver.AccountsChangedReceiver
10-11 21:54:43.283: I/BroadcastQueue(1720): Resuming delayed broadcast
10-11 21:54:43.284: I/Exchange(5326): Accounts changed - requesting FolderSync for unsynced accounts
10-11 21:54:43.286: I/qtaguid(5659): Failed write_ctrl(u 30) res=-1 errno=22
10-11 21:54:43.286: I/qtaguid(5659): Untagging socket 30 failed errno=-22
10-11 21:54:43.286: W/NetworkManagementSocketTagger(5659): untagSocket(30) failed with errno -22
10-11 21:54:43.314: I/GmailIS(5277): Receive LOGIN_ACCOUNTS_CHANGED intent: Intent { act=android.accounts.LOGIN_ACCOUNTS_CHANGED flg=0x4000010 cmp=com.google.android.gm/.GmailIntentService }
10-11 21:54:43.317: I/Gmail(5277): System accounts updated.
10-11 21:54:43.329: I/Gmail(5277): getAccountsCursor
10-11 21:54:43.339: I/Exchange(5326): EasService.onCreate
10-11 21:54:43.344: W/Auth(5384): [GetToken] GetToken failed with status code: INVALID_SCOPE
10-11 21:54:43.345: W/Search.LoginHelper(4735): Google auth exception for scope: oauth2:https://www.googleapis.com/auth/googlenow
10-11 21:54:43.345: W/Search.LoginHelper(4735): com.google.android.gms.auth.a: INVALID_SCOPE
10-11 21:54:43.345: W/Search.LoginHelper(4735): 	at com.google.android.gms.auth.b.a(Unknown Source)
10-11 21:54:43.345: W/Search.LoginHelper(4735): 	at com.google.android.gms.auth.b.b(Unknown Source)
10-11 21:54:43.345: W/Search.LoginHelper(4735): 	at com.google.android.gms.auth.b.a(Unknown Source)
10-11 21:54:43.345: W/Search.LoginHelper(4735): 	at com.google.android.apps.gsa.search.core.google.c.m.a(GoogleAuthAdapterImpl.java:29)
10-11 21:54:43.345: W/Search.LoginHelper(4735): 	at com.google.android.apps.gsa.search.core.google.c.k.a(FallingBackGoogleAuthAdapter.java:93)
10-11 21:54:43.345: W/Search.LoginHelper(4735): 	at com.google.android.apps.gsa.search.core.google.c.g.a(CachingGoogleAuthAdapter.java:72)
10-11 21:54:43.345: W/Search.LoginHelper(4735): 	at com.google.android.apps.gsa.search.core.google.c.n.b(LoginHelper.java:829)
10-11 21:54:43.345: W/Search.LoginHelper(4735): 	at com.google.android.apps.gsa.search.core.google.c.n$5.Pe(LoginHelper.java:715)
10-11 21:54:43.345: W/Search.LoginHelper(4735): 	at com.google.android.apps.gsa.search.core.google.c.n$5.call(LoginHelper.java:712)
10-11 21:54:43.345: W/Search.LoginHelper(4735): 	at java.util.concurrent.FutureTask.run(FutureTask.java:237)
10-11 21:54:43.345: W/Search.LoginHelper(4735): 	at java.util.concurrent.Executors$RunnableAdapter.call(Executors.java:423)
10-11 21:54:43.345: W/Search.LoginHelper(4735): 	at java.util.concurrent.FutureTask.run(FutureTask.java:237)
10-11 21:54:43.345: W/Search.LoginHelper(4735): 	at java.util.concurrent.ThreadPoolExecutor.runWorker(ThreadPoolExecutor.java:1113)
10-11 21:54:43.345: W/Search.LoginHelper(4735): 	at java.util.concurrent.ThreadPoolExecutor$Worker.run(ThreadPoolExecutor.java:588)
10-11 21:54:43.345: W/Search.LoginHelper(4735): 	at java.lang.Thread.run(Thread.java:818)
10-11 21:54:43.345: W/Search.LoginHelper(4735): 	at com.google.android.apps.gsa.shared.util.concurrent.a.q$1.run(GsaThreadFactory.java:99)
10-11 21:54:43.345: E/VelvetNetworkClient(4735): Failed to get auth token
10-11 21:54:43.346: I/NotifActionUtils(5277): resendNotifications account: null, folder: null
10-11 21:54:43.354: I/Exchange(5326): RestartPingTask
10-11 21:54:43.356: I/NotifUtils(5277): resendNotifications cancelExisting: false, account: null, folder: null
10-11 21:54:43.368: I/Exchange(5326): RestartPingsTask did not start any pings.
10-11 21:54:43.368: I/Exchange(5326): PSS stopIfIdle
10-11 21:54:43.368: I/Exchange(5326): PSS has no active accounts; stopping service.
10-11 21:54:43.368: I/Exchange(5326): onDestroy
10-11 21:54:43.409: I/DynamiteModule(5988): Considering local module com.google.android.gms.googlecertificates:4 and remote module com.google.android.gms.googlecertificates:4
10-11 21:54:43.409: I/DynamiteModule(5988): Selected local version of com.google.android.gms.googlecertificates
10-11 21:54:43.420: W/Auth(5384): [GetToken] GetToken failed with status code: INVALID_SCOPE
10-11 21:54:43.421: W/Search.LoginHelper(4735): Google auth exception for scope: oauth2:https://www.googleapis.com/auth/googlenow
10-11 21:54:43.421: W/Search.LoginHelper(4735): com.google.android.gms.auth.a: INVALID_SCOPE
10-11 21:54:43.421: W/Search.LoginHelper(4735): 	at com.google.android.gms.auth.b.a(Unknown Source)
10-11 21:54:43.421: W/Search.LoginHelper(4735): 	at com.google.android.gms.auth.b.b(Unknown Source)
10-11 21:54:43.421: W/Search.LoginHelper(4735): 	at com.google.android.gms.auth.b.a(Unknown Source)
10-11 21:54:43.421: W/Search.LoginHelper(4735): 	at com.google.android.apps.gsa.search.core.google.c.m.a(GoogleAuthAdapterImpl.java:29)
10-11 21:54:43.421: W/Search.LoginHelper(4735): 	at com.google.android.apps.gsa.search.core.google.c.k.a(FallingBackGoogleAuthAdapter.java:93)
10-11 21:54:43.421: W/Search.LoginHelper(4735): 	at com.google.android.apps.gsa.search.core.google.c.g.a(CachingGoogleAuthAdapter.java:72)
