10-11 21:54:18.594: I/Remoter(1331): Saved screenshot to '/data/screenshots/__pmv__-0063.jpg'
10-11 21:54:19.127: I/sshd(4630): type=1400 audit(0.0:122): avc: denied { read open } for path="/system/bin/sh" dev="sda3" ino=499 scontext=u:r:gcelogwrapper:s0 tcontext=u:object_r:shell_exec:s0 tclass=file permissive=1
10-11 21:54:19.127: I/sshd(4630): type=1400 audit(0.0:123): avc: denied { execute_no_trans } for path="/system/bin/sh" dev="sda3" ino=499 scontext=u:r:gcelogwrapper:s0 tcontext=u:object_r:shell_exec:s0 tclass=file permissive=1
10-11 21:54:19.177: I/scp(4630): type=1400 audit(0.0:124): avc: denied { write } for name="tmp" dev="loop6" ino=65538 scontext=u:r:gcelogwrapper:s0 tcontext=u:object_r:shell_data_file:s0 tclass=dir permissive=1
10-11 21:54:19.177: I/scp(4630): type=1400 audit(0.0:125): avc: denied { add_name } for name="com.google.android.apps.mtaas.tools.apk" scontext=u:r:gcelogwrapper:s0 tcontext=u:object_r:shell_data_file:s0 tclass=dir permissive=1
10-11 21:54:19.177: I/scp(4630): type=1400 audit(0.0:126): avc: denied { create } for name="com.google.android.apps.mtaas.tools.apk" scontext=u:r:gcelogwrapper:s0 tcontext=u:object_r:shell_data_file:s0 tclass=file permissive=1
10-11 21:54:19.177: I/scp(4630): type=1400 audit(0.0:127): avc: denied { write open } for path="/data/local/tmp/com.google.android.apps.mtaas.tools.apk" dev="loop6" ino=65539 scontext=u:r:gcelogwrapper:s0 tcontext=u:object_r:shell_data_file:s0 tclass=file permissive=1
10-11 21:54:19.177: I/scp(4630): type=1400 audit(0.0:128): avc: denied { getattr } for path="/data/local/tmp/com.google.android.apps.mtaas.tools.apk" dev="loop6" ino=65539 scontext=u:r:gcelogwrapper:s0 tcontext=u:object_r:shell_data_file:s0 tclass=file permissive=1
10-11 21:54:19.695: I/Remoter(1331): Saved screenshot to '/data/screenshots/__pmv__-0064.jpg'
10-11 21:54:19.799: D/AndroidRuntime(4643): >>>>>> START com.android.internal.os.RuntimeInit uid 0 <<<<<<
10-11 21:54:19.800: D/AndroidRuntime(4643): CheckJNI is OFF
10-11 21:54:19.812: D/ICU(4643): No timezone override file found: /data/misc/zoneinfo/current/icu/icu_tzdata.dat
10-11 21:54:19.812: D/ICU(4643): [ 10-11 21:54:19.815  4643: 4643 W/         ]
10-11 21:54:19.812: D/ICU(4643): Failed to bind-mount /system/lib/x86/cpuinfo as /proc/cpuinfo: No such file or directory
10-11 21:54:19.821: E/memtrack(4643): Couldn't load memtrack module (No such file or directory)
10-11 21:54:19.821: E/android.os.Debug(4643): failed to load memtrack module: -2
10-11 21:54:19.822: I/Radio-JNI(4643): register_android_hardware_Radio DONE
10-11 21:54:19.828: D/AndroidRuntime(4643): Calling main entry com.android.commands.pm.Pm
10-11 21:54:19.840: I/ActivityManager(1720): Start proc 4651:com.android.defcontainer/u0a6 for service com.android.defcontainer/.DefaultContainerService
10-11 21:54:19.907: D/DefContainer(4651): Copying /data/local/tmp/com.google.android.apps.mtaas.tools.apk to base.apk
10-11 21:54:19.933: I/SELinux(1346): SELinux: Loaded file_contexts contexts from /file_contexts.
10-11 21:54:19.933: I/PackageManager.DexOptimizer(1720): Running dexopt (dex2oat) on: /data/app/vmdl866465501.tmp/base.apk pkg=com.google.android.apps.mtaas.tools isa=x86 vmSafeMode=false debuggable=false oatDir = /data/app/vmdl866465501.tmp/oat bootComplete=true
10-11 21:54:19.941: I/dex2oat(4666): Starting dex2oat.
10-11 21:54:19.941: E/cutils-trace(4666): Error opening trace file: Permission denied (13)
10-11 21:54:20.403: I/dex2oat(4666): dex2oat took 462.341ms (threads: 2) arena alloc=410KB java alloc=1410KB native alloc=6MB free=1599KB
10-11 21:54:20.418: W/PackageManager(1720): Not granting permission android.permission.SET_ANIMATION_SCALE to package com.google.android.apps.mtaas.tools (protectionLevel=50 flags=0x3808be44)
10-11 21:54:20.418: W/PackageManager(1720): Not granting permission android.permission.CHANGE_CONFIGURATION to package com.google.android.apps.mtaas.tools (protectionLevel=50 flags=0x3808be44)
10-11 21:54:20.427: V/BackupManagerService(1720): restoreAtInstall pkg=com.google.android.apps.mtaas.tools token=1 restoreSet=0
10-11 21:54:20.427: V/BackupManagerService(1720): Finishing install immediately
10-11 21:54:20.429: W/Settings(1720): Setting install_non_market_apps has moved from android.provider.Settings.Global to android.provider.Settings.Secure, returning read-only value.
10-11 21:54:20.429: I/art(1720): Starting a blocking GC Explicit
10-11 21:54:20.444: I/art(1720): Explicit concurrent mark sweep GC freed 36417(2MB) AllocSpace objects, 7(140KB) LOS objects, 33% free, 22MB/33MB, paused 238us total 14.313ms
10-11 21:54:20.445: D/BluetoothMapAppObserver(2437): onReceive
10-11 21:54:20.445: D/BluetoothMapAppObserver(2437): The installed package is: com.google.android.apps.mtaas.tools
10-11 21:54:20.446: D/CarrierServiceBindHelper(2062): Receive action: android.intent.action.PACKAGE_ADDED
10-11 21:54:20.446: D/BluetoothMapAppObserver(2437): Found 0 application(s) with intent android.bluetooth.action.BLUETOOTH_MAP_PROVIDER
10-11 21:54:20.446: D/CarrierServiceBindHelper(2062): mHandler: 3
10-11 21:54:20.446: D/CarrierConfigLoader(2062): mHandler: 9 phoneId: 0
10-11 21:54:20.447: D/BluetoothMapAppObserver(2437): Found 0 application(s) with intent android.bluetooth.action.BLUETOOTH_MAP_IM_PROVIDER
10-11 21:54:20.448: I/art(4643): System.exit called, status: 0
10-11 21:54:20.448: I/AndroidRuntime(4643): VM exiting with result code 0.
10-11 21:54:20.453: I/InputReader(1720): Reconfiguring input devices.  changes=0x00000010
10-11 21:54:20.475: I/ActivityManager(1720): Start proc 4671:com.google.android.partnersetup/u0a16 for broadcast com.google.android.partnersetup/.RlzPingBroadcastReceiver
10-11 21:54:20.437: I/main(1348): type=1400 audit(0.0:129): avc: denied { getattr } for path="/sys/kernel/debug/tracing/trace_marker" dev="tracefs" ino=22 scontext=u:r:zygote:s0 tcontext=u:object_r:unlabeled:s0 tclass=file permissive=1
10-11 21:54:20.437: I/main(4671): type=1400 audit(0.0:130): avc: denied { search } for name="/" dev="tracefs" ino=1 scontext=u:r:zygote:s0 tcontext=u:object_r:unlabeled:s0 tclass=dir permissive=1
10-11 21:54:20.437: I/main(4671): type=1400 audit(0.0:131): avc: denied { write } for name="trace_marker" dev="tracefs" ino=22 scontext=u:r:zygote:s0 tcontext=u:object_r:unlabeled:s0 tclass=file permissive=1
10-11 21:54:20.437: I/main(4671): type=1400 audit(0.0:132): avc: denied { open } for path="/sys/kernel/debug/tracing/trace_marker" dev="tracefs" ino=22 scontext=u:r:zygote:s0 tcontext=u:object_r:unlabeled:s0 tclass=file permissive=1
10-11 21:54:20.582: W/System(4671): ClassLoader referenced unknown path: /system/priv-app/GooglePartnerSetup/lib/x86
10-11 21:54:20.597: I/ActivityManager(1720): Start proc 4690:com.android.vending/u0a20 for broadcast com.android.vending/com.google.android.finsky.receivers.PackageMonitorReceiver$RegisteredReceiver
10-11 21:54:20.598: I/ActivityManager(1720): Killing 4338:com.google.android.gms.ui/u0a10 (adj 15): empty for 11515s
10-11 21:54:20.649: D/ActivityManager(1720): cleanUpApplicationRecord -- 4338
10-11 21:54:20.673: W/System(4690): ClassLoader referenced unknown path: /system/priv-app/Phonesky/lib/x86
10-11 21:54:20.680: W/Finsky(4690): [1] FinskyApp.getCurrentAccount: No account configured on this device.
10-11 21:54:20.686: D/Finsky(4690): [1] FinskyApp.onCreate: Initializing network with DFE https://android.clients.google.com/fdfe/
10-11 21:54:20.688: W/Finsky(4690): [1] FinskyApp.getCurrentAccount: No account configured on this device.
10-11 21:54:20.694: W/Finsky(4690): [1] FinskyApp.getCurrentAccount: No account configured on this device.
10-11 21:54:20.694: W/Finsky(4690): [1] FinskyApp.getCurrentAccount: No account configured on this device.
10-11 21:54:20.716: W/Finsky(4690): [1] FinskyApp.getCurrentAccount: No account configured on this device.
10-11 21:54:20.716: W/Finsky(4690): [1] FinskyApp.getCurrentAccount: No account configured on this device.
10-11 21:54:20.717: W/Finsky(4690): [1] FinskyApp.getCurrentAccount: No account configured on this device.
10-11 21:54:20.717: W/Finsky(4690): [1] FinskyApp.getCurrentAccount: No account configured on this device.
10-11 21:54:20.717: D/Finsky(4690): [1] DailyHygiene.goMakeHygieneIfDirty: No need to run daily hygiene.
10-11 21:54:20.719: W/Settings(4690): Setting download_manager_max_bytes_over_mobile has moved from android.provider.Settings.Secure to android.provider.Settings.Global.
10-11 21:54:20.720: W/Settings(4690): Setting download_manager_recommended_max_bytes_over_mobile has moved from android.provider.Settings.Secure to android.provider.Settings.Global.
10-11 21:54:20.723: W/Finsky(4690): [1] FinskyApp.getCurrentAccount: No account configured on this device.
10-11 21:54:20.724: W/Finsky(4690): [1] FinskyApp.getCurrentAccount: No account configured on this device.
10-11 21:54:20.724: W/Finsky(4690): [1] FinskyApp.getDfeApi: No account configured on this device.
10-11 21:54:20.734: I/ActivityManager(1720): Start proc 4729:android.process.media/u0a7 for content provider com.android.providers.downloads/.DownloadProvider
10-11 21:54:20.735: W/Finsky(4690): [1] FinskyApp.getCurrentAccount: No account configured on this device.
10-11 21:54:20.740: D/Ads(4690): Skipping gmscore version check
10-11 21:54:20.746: I/ActivityManager(1720): Start proc 4735:com.google.android.googlequicksearchbox:search/u0a26 for broadcast com.google.android.googlequicksearchbox/com.google.android.search.core.icingsync.IcingCorporaChangedReceiver
10-11 21:54:20.747: D/Finsky(4690): [1] ExternalReferrer.access$200: Package state data is missing for com.google.android.apps.mtaas.tools
10-11 21:54:20.748: W/Finsky(4690): [1] FinskyApp.getCurrentAccount: No account configured on this device.
10-11 21:54:20.749: W/Finsky(4690): [1] FinskyApp.getCurrentAccount: No account configured on this device.
10-11 21:54:20.760: I/Remoter(1331): Saved screenshot to '/data/screenshots/__pmv__-0065.jpg'
10-11 21:54:20.787: I/sshd(4743): type=1400 audit(0.0:133): avc: denied { read open } for path="/system/bin/sh" dev="sda3" ino=499 scontext=u:r:gcelogwrapper:s0 tcontext=u:object_r:shell_exec:s0 tclass=file permissive=1
10-11 21:54:20.787: I/sshd(4743): type=1400 audit(0.0:134): avc: denied { execute_no_trans } for path="/system/bin/sh" dev="sda3" ino=499 scontext=u:r:gcelogwrapper:s0 tcontext=u:object_r:shell_exec:s0 tclass=file permissive=1
10-11 21:54:20.847: W/System(4729): ClassLoader referenced unknown path: /system/priv-app/DownloadProvider/lib/x86
10-11 21:54:20.852: W/System(4729): ClassLoader referenced unknown path: /system/priv-app/MediaProvider/lib/x86
10-11 21:54:20.873: I/ActivityManager(1720): Start proc 4765:com.google.android.apps.plus/u0a66 for broadcast com.google.android.apps.plus/.service.PackagesMediaMonitor
10-11 21:54:20.877: D/Finsky(4690): [1] GmsCoreHelper.cleanupNlp: result=false type=4
10-11 21:54:20.886: D/Finsky(4690): [1] RestoreTracker.stopServiceIfDone: Restore complete with 0 success and 0 failed.
10-11 21:54:20.898: I/UpdateIcingCorporaServi(4735): Updating corpora: APPS=com.google.android.apps.mtaas.tools, CONTACTS=MAYBE
10-11 21:54:20.920: I/Icing(2431): IndexChimeraService.getServiceInterface callingPackage=com.google.android.googlequicksearchbox componentName=null serviceId=36
10-11 21:54:20.928: I/Icing(2431): Usage reports 0 indexed 0 rejected 0 imm upload true
10-11 21:54:20.932: I/UpdateIcingCorporaServi(4735): UpdateCorporaTask done [took 34 ms] updated apps [took 34 ms] 
10-11 21:54:20.963: W/System(4765): ClassLoader referenced unknown path: /system/app/PlusOne/lib/x86
10-11 21:54:20.984: E/DatabaseUtils(4729): Writing exception to parcel
10-11 21:54:20.984: E/DatabaseUtils(4729): java.lang.SecurityException: Permission Denial: reading com.android.providers.media.MediaProvider uri content://media/external/fs_id from pid=4765, uid=10066 requires android.permission.READ_EXTERNAL_STORAGE, or grantUriPermission()
10-11 21:54:20.984: E/DatabaseUtils(4729): 	at android.content.ContentProvider.enforceReadPermissionInner(ContentProvider.java:605)
10-11 21:54:20.984: E/DatabaseUtils(4729): 	at android.content.ContentProvider$Transport.enforceReadPermission(ContentProvider.java:480)
10-11 21:54:20.984: E/DatabaseUtils(4729): 	at android.content.ContentProvider$Transport.query(ContentProvider.java:211)
10-11 21:54:20.984: E/DatabaseUtils(4729): 	at android.content.ContentProviderNative.onTransact(ContentProviderNative.java:112)
10-11 21:54:20.984: E/DatabaseUtils(4729): 	at android.os.Binder.execTransact(Binder.java:453)
10-11 21:54:20.992: W/ActivityManager(1720): Permission Denial: opening provider com.android.providers.contacts.ContactsProvider2 from ProcessRecord{dfaee6d 4765:com.google.android.apps.plus/u0a66} (pid=4765, uid=10066) requires android.permission.READ_CONTACTS or android.permission.WRITE_CONTACTS
10-11 21:54:21.067: W/ActivityManager(1720): Permission Denial: opening provider com.android.providers.contacts.ContactsProvider2 from ProcessRecord{dfaee6d 4765:com.google.android.apps.plus/u0a66} (pid=4765, uid=10066) requires android.permission.READ_CONTACTS or android.permission.WRITE_CONTACTS
10-11 21:54:21.071: W/ActivityManager(1720): Permission Denial: opening provider com.android.providers.contacts.ContactsProvider2 from ProcessRecord{dfaee6d 4765:com.google.android.apps.plus/u0a66} (pid=4765, uid=10066) requires android.permission.READ_CONTACTS or android.permission.WRITE_CONTACTS
10-11 21:54:21.071: E/GooglePlusContactsSync(4765): Failed to clear out contacts
10-11 21:54:21.071: E/GooglePlusContactsSync(4765): java.lang.SecurityException: Permission Denial: opening provider com.android.providers.contacts.ContactsProvider2 from ProcessRecord{dfaee6d 4765:com.google.android.apps.plus/u0a66} (pid=4765, uid=10066) requires android.permission.READ_CONTACTS or android.permission.WRITE_CONTACTS
10-11 21:54:21.071: E/GooglePlusContactsSync(4765): 	at android.os.Parcel.readException(Parcel.java:1620)
10-11 21:54:21.071: E/GooglePlusContactsSync(4765): 	at android.os.Parcel.readException(Parcel.java:1573)
10-11 21:54:21.071: E/GooglePlusContactsSync(4765): 	at android.app.ActivityManagerProxy.getContentProvider(ActivityManagerNative.java:3551)
10-11 21:54:21.071: E/GooglePlusContactsSync(4765): 	at android.app.ActivityThread.acquireProvider(ActivityThread.java:4778)
10-11 21:54:21.071: E/GooglePlusContactsSync(4765): 	at android.app.ContextImpl$ApplicationContentResolver.acquireUnstableProvider(ContextImpl.java:2018)
10-11 21:54:21.071: E/GooglePlusContactsSync(4765): 	at android.content.ContentResolver.acquireUnstableProvider(ContentResolver.java:1468)
10-11 21:54:21.071: E/GooglePlusContactsSync(4765): 	at android.content.ContentResolver.query(ContentResolver.java:475)
10-11 21:54:21.071: E/GooglePlusContactsSync(4765): 	at android.content.ContentResolver.query(ContentResolver.java:434)
10-11 21:54:21.071: E/GooglePlusContactsSync(4765): 	at dcl.a(PG:447)
10-11 21:54:21.071: E/GooglePlusContactsSync(4765): 	at dcl.b(PG:1396)
10-11 21:54:21.071: E/GooglePlusContactsSync(4765): 	at dcm.run(PG:333)
10-11 21:54:21.071: E/GooglePlusContactsSync(4765): 	at java.lang.Thread.run(Thread.java:818)
10-11 21:54:21.100: W/ConfigurationChimeraProvider(2299): Got null configs for com.google.android.gms.appinvite
10-11 21:54:21.110: I/FontsPackageChangeOp(2431): Package com.google.android.apps.mtaas.tools has no metadata
10-11 21:54:21.114: D/Wear_Controller(2431): Received broadcast action=android.intent.action.PACKAGE_ADDED and uri=com.google.android.apps.mtaas.tools
10-11 21:54:21.126: I/Icing(2431): IndexChimeraService.getServiceInterface callingPackage=com.google.android.gms componentName=AppsCorpus serviceId=32
10-11 21:54:21.126: I/Icing(2431): IndexChimeraService.getServiceInterface callingPackage=com.google.android.gms componentName=AppsCorpus serviceId=36
10-11 21:54:21.129: I/Icing(2431): Usage reports 0 indexed 0 rejected 0 imm upload false
10-11 21:54:21.136: I/Icing(2431): Usage reports 0 indexed 0 rejected 0 imm upload false
10-11 21:54:21.217: D/AndroidRuntime(4806): >>>>>> START com.android.internal.os.RuntimeInit uid 0 <<<<<<
10-11 21:54:21.218: D/AndroidRuntime(4806): CheckJNI is OFF
10-11 21:54:21.230: D/ICU(4806): No timezone override file found: /data/misc/zoneinfo/current/icu/icu_tzdata.dat
10-11 21:54:21.230: D/ICU(4806): [ 10-11 21:54:21.234  4806: 4806 W/         ]
10-11 21:54:21.230: D/ICU(4806): Failed to bind-mount /system/lib/x86/cpuinfo as /proc/cpuinfo: No such file or directory
10-11 21:54:21.240: E/memtrack(4806): Couldn't load memtrack module (No such file or directory)
10-11 21:54:21.240: E/android.os.Debug(4806): failed to load memtrack module: -2
10-11 21:54:21.241: I/Radio-JNI(4806): register_android_hardware_Radio DONE
10-11 21:54:21.247: D/AndroidRuntime(4806): Calling main entry com.android.commands.pm.Pm
10-11 21:54:21.250: D/DefContainer(4651): Copying /data/local/tmp/com.google.android.apps.mtaas.loginutil.apk to base.apk
10-11 21:54:21.252: I/PackageParser(1720): com.google.android.apps.mtaas.loginutil: compat added android.permission.WRITE_EXTERNAL_STORAGE android.permission.READ_PHONE_STATE
10-11 21:54:21.268: I/PackageManager.DexOptimizer(1720): Running dexopt (dex2oat) on: /data/app/vmdl932586130.tmp/base.apk pkg=com.google.android.apps.mtaas.loginutil isa=x86 vmSafeMode=false debuggable=false oatDir = /data/app/vmdl932586130.tmp/oat bootComplete=true
10-11 21:54:21.274: I/dex2oat(4845): Starting dex2oat.
10-11 21:54:21.274: E/cutils-trace(4845): Error opening trace file: Permission denied (13)
10-11 21:54:21.757: I/remoter(1331): type=1400 audit(0.0:135): avc: denied { write } for name="screenshots" dev="loop6" ino=172033 scontext=u:r:gcelogwrapper:s0 tcontext=u:object_r:system_data_file:s0 tclass=dir permissive=1
10-11 21:54:21.757: I/remoter(1331): type=1400 audit(0.0:136): avc: denied { add_name } for name="__pmv__-0066.jpg" scontext=u:r:gcelogwrapper:s0 tcontext=u:object_r:system_data_file:s0 tclass=dir permissive=1
10-11 21:54:21.857: I/Remoter(1331): Saved screenshot to '/data/screenshots/__pmv__-0066.jpg'
10-11 21:54:21.757: I/remoter(1331): type=1400 audit(0.0:137): avc: denied { create } for name="__pmv__-0066.jpg" scontext=u:r:gcelogwrapper:s0 tcontext=u:object_r:system_data_file:s0 tclass=file permissive=1
10-11 21:54:21.757: I/remoter(1331): type=1400 audit(0.0:138): avc: denied { write open } for path="/data/screenshots/__pmv__-0066.jpg" dev="loop6" ino=172099 scontext=u:r:gcelogwrapper:s0 tcontext=u:object_r:system_data_file:s0 tclass=file permissive=1
10-11 21:54:21.827: I/remoter(1331): type=1400 audit(0.0:139): avc: denied { setattr } for name="__pmv__-0066.jpg" dev="loop6" ino=172099 scontext=u:r:gcelogwrapper:s0 tcontext=u:object_r:system_data_file:s0 tclass=file permissive=1
10-11 21:54:21.933: I/Icing(2431): Indexing 9BB2D4B2293E15A7B9F84E2EEB8C08D9C4A0A3F5 from com.google.android.googlequicksearchbox
10-11 21:54:22.027: I/Icing(2431): Indexing done 9BB2D4B2293E15A7B9F84E2EEB8C08D9C4A0A3F5
10-11 21:54:22.105: I/dex2oat(4845): dex2oat took 831.103ms (threads: 2) arena alloc=2MB java alloc=795KB native alloc=8MB free=2029KB
10-11 21:54:22.128: V/BackupManagerService(1720): restoreAtInstall pkg=com.google.android.apps.mtaas.loginutil token=2 restoreSet=0
10-11 21:54:22.128: V/BackupManagerService(1720): Finishing install immediately
10-11 21:54:22.131: W/Settings(1720): Setting install_non_market_apps has moved from android.provider.Settings.Global to android.provider.Settings.Secure, returning read-only value.
10-11 21:54:22.131: I/art(1720): Starting a blocking GC Explicit
10-11 21:54:22.139: I/Icing(2431): Indexing 204CE89B405466DFDE20CC795393B566DAAC1583 from com.google.android.gms
10-11 21:54:22.150: I/art(1720): Explicit concurrent mark sweep GC freed 41478(2MB) AllocSpace objects, 7(140KB) LOS objects, 33% free, 22MB/34MB, paused 321us total 18.862ms
10-11 21:54:22.153: D/BluetoothMapAppObserver(2437): onReceive
10-11 21:54:22.153: D/BluetoothMapAppObserver(2437): The installed package is: com.google.android.apps.mtaas.loginutil
10-11 21:54:22.154: D/CarrierServiceBindHelper(2062): Receive action: android.intent.action.PACKAGE_ADDED
10-11 21:54:22.154: D/BluetoothMapAppObserver(2437): Found 0 application(s) with intent android.bluetooth.action.BLUETOOTH_MAP_PROVIDER
10-11 21:54:22.154: D/BluetoothMapAppObserver(2437): Found 0 application(s) with intent android.bluetooth.action.BLUETOOTH_MAP_IM_PROVIDER
10-11 21:54:22.155: D/CarrierServiceBindHelper(2062): mHandler: 3
10-11 21:54:22.155: D/CarrierConfigLoader(2062): mHandler: 9 phoneId: 0
10-11 21:54:22.156: I/art(4806): System.exit called, status: 0
10-11 21:54:22.156: I/AndroidRuntime(4806): VM exiting with result code 0.
10-11 21:54:22.162: I/InputReader(1720): Reconfiguring input devices.  changes=0x00000010
10-11 21:54:22.167: D/Finsky(4690): [1] ExternalReferrer.access$200: Package state data is missing for com.google.android.apps.mtaas.loginutil
10-11 21:54:22.169: I/Icing(2431): Indexing done 204CE89B405466DFDE20CC795393B566DAAC1583
10-11 21:54:22.171: I/UpdateIcingCorporaServi(4735): Updating corpora: APPS=com.google.android.apps.mtaas.loginutil, CONTACTS=MAYBE
10-11 21:54:22.179: I/UpdateIcingCorporaServi(4735): UpdateCorporaTask done [took 8 ms] updated apps [took 8 ms] 
10-11 21:54:22.202: I/FontsPackageChangeOp(2431): Package com.google.android.apps.mtaas.loginutil has no metadata
10-11 21:54:22.205: D/Wear_Controller(2431): Received broadcast action=android.intent.action.PACKAGE_ADDED and uri=com.google.android.apps.mtaas.loginutil
10-11 21:54:22.209: I/Icing(2431): IndexChimeraService.getServiceInterface callingPackage=com.google.android.gms componentName=AppsCorpus serviceId=32
10-11 21:54:22.210: I/Icing(2431): IndexChimeraService.getServiceInterface callingPackage=com.google.android.gms componentName=AppsCorpus serviceId=36
10-11 21:54:22.215: I/Icing(2431): Usage reports 0 indexed 0 rejected 0 imm upload false
10-11 21:54:22.217: I/Icing(2431): Usage reports 0 indexed 0 rejected 0 imm upload false
10-11 21:54:22.477: I/sshd(4868): type=1400 audit(0.0:140): avc: denied { setuid } for capability=7 scontext=u:r:gcelogwrapper:s0 tcontext=u:r:gcelogwrapper:s0 tclass=capability permissive=1
10-11 21:54:22.908: D/AndroidRuntime(4876): >>>>>> START com.android.internal.os.RuntimeInit uid 0 <<<<<<
10-11 21:54:22.909: D/AndroidRuntime(4876): CheckJNI is OFF
10-11 21:54:22.925: D/ICU(4876): No timezone override file found: /data/misc/zoneinfo/current/icu/icu_tzdata.dat
10-11 21:54:22.877: I/gce_init_sshd(1718): type=1400 audit(0.0:141): avc: denied { net_raw } for capability=13 scontext=u:r:gcelogwrapper:s0 tcontext=u:r:gcelogwrapper:s0 tclass=capability permissive=1
10-11 21:54:22.877: I/gce_init_sshd(1718): [ 10-11 21:54:22.930  4876: 4876 W/         ]
10-11 21:54:22.877: I/gce_init_sshd(1718): Failed to bind-mount /system/lib/x86/cpuinfo as /proc/cpuinfo: No such file or directory
10-11 21:54:22.939: E/memtrack(4876): Couldn't load memtrack module (No such file or directory)
10-11 21:54:22.939: E/android.os.Debug(4876): failed to load memtrack module: -2
10-11 21:54:22.939: I/Radio-JNI(4876): register_android_hardware_Radio DONE
10-11 21:54:22.949: D/AndroidRuntime(4876): Calling main entry com.android.commands.pm.Pm
10-11 21:54:22.952: D/DefContainer(4651): Copying /data/local/tmp/com.google.android.apps.mtaas.backdrop.apk to base.apk
10-11 21:54:22.968: I/Remoter(1331): Saved screenshot to '/data/screenshots/__pmv__-0067.jpg'
10-11 21:54:22.983: I/PackageManager.DexOptimizer(1720): Running dexopt (dex2oat) on: /data/app/vmdl527847875.tmp/base.apk pkg=com.google.android.apps.mtaas.backdrop isa=x86 vmSafeMode=false debuggable=false oatDir = /data/app/vmdl527847875.tmp/oat bootComplete=true
10-11 21:54:22.991: I/dex2oat(4884): Starting dex2oat.
10-11 21:54:22.991: E/cutils-trace(4884): Error opening trace file: Permission denied (13)
10-11 21:54:23.216: I/Icing(2431): Indexing 204CE89B405466DFDE20CC795393B566DAAC1583 from com.google.android.gms
10-11 21:54:23.217: I/Icing(2431): Indexing done 204CE89B405466DFDE20CC795393B566DAAC1583
10-11 21:54:23.616: I/dex2oat(4884): dex2oat took 625.578ms (threads: 2) arena alloc=935KB java alloc=1221KB native alloc=6MB free=1782KB
10-11 21:54:23.639: V/BackupManagerService(1720): restoreAtInstall pkg=com.google.android.apps.mtaas.backdrop token=3 restoreSet=0
10-11 21:54:23.639: V/BackupManagerService(1720): Finishing install immediately
10-11 21:54:23.641: W/Settings(1720): Setting install_non_market_apps has moved from android.provider.Settings.Global to android.provider.Settings.Secure, returning read-only value.
10-11 21:54:23.641: I/art(1720): Starting a blocking GC Explicit
10-11 21:54:23.656: I/art(1720): Explicit concurrent mark sweep GC freed 40260(2MB) AllocSpace objects, 7(140KB) LOS objects, 33% free, 22MB/34MB, paused 250us total 14.742ms
10-11 21:54:23.662: D/CarrierServiceBindHelper(2062): Receive action: android.intent.action.PACKAGE_ADDED
10-11 21:54:23.663: I/art(4876): System.exit called, status: 0
10-11 21:54:23.663: I/AndroidRuntime(4876): VM exiting with result code 0.
10-11 21:54:23.663: D/CarrierServiceBindHelper(2062): mHandler: 3
10-11 21:54:23.663: D/CarrierConfigLoader(2062): mHandler: 9 phoneId: 0
10-11 21:54:23.664: D/BluetoothMapAppObserver(2437): onReceive
10-11 21:54:23.664: D/BluetoothMapAppObserver(2437): The installed package is: com.google.android.apps.mtaas.backdrop
10-11 21:54:23.666: D/BluetoothMapAppObserver(2437): Found 0 application(s) with intent android.bluetooth.action.BLUETOOTH_MAP_PROVIDER
10-11 21:54:23.667: D/BluetoothMapAppObserver(2437): Found 0 application(s) with intent android.bluetooth.action.BLUETOOTH_MAP_IM_PROVIDER
10-11 21:54:23.669: I/InputReader(1720): Reconfiguring input devices.  changes=0x00000010
10-11 21:54:23.675: D/Finsky(4690): [1] ExternalReferrer.access$200: Package state data is missing for com.google.android.apps.mtaas.backdrop
10-11 21:54:23.686: I/UpdateIcingCorporaServi(4735): Updating corpora: APPS=com.google.android.apps.mtaas.backdrop, CONTACTS=MAYBE
10-11 21:54:23.704: I/Icing(2431): IndexChimeraService.getServiceInterface callingPackage=com.google.android.googlequicksearchbox componentName=null serviceId=36
10-11 21:54:23.714: I/FontsPackageChangeOp(2431): Package com.google.android.apps.mtaas.backdrop has no metadata
10-11 21:54:23.715: D/Wear_Controller(2431): Received broadcast action=android.intent.action.PACKAGE_ADDED and uri=com.google.android.apps.mtaas.backdrop
10-11 21:54:23.726: I/Icing(2431): Usage reports 0 indexed 0 rejected 0 imm upload true
10-11 21:54:23.728: I/Icing(2431): IndexChimeraService.getServiceInterface callingPackage=com.google.android.gms componentName=AppsCorpus serviceId=36
10-11 21:54:23.728: I/Icing(2431): IndexChimeraService.getServiceInterface callingPackage=com.google.android.gms componentName=AppsCorpus serviceId=32
10-11 21:54:23.733: I/UpdateIcingCorporaServi(4735): UpdateCorporaTask done [took 47 ms] updated apps [took 47 ms] 
10-11 21:54:23.735: I/Icing(2431): Usage reports 0 indexed 0 rejected 0 imm upload false
10-11 21:54:23.737: I/Icing(2431): Usage reports 0 indexed 0 rejected 0 imm upload false
10-11 21:54:24.025: I/Remoter(1331): Saved screenshot to '/data/screenshots/__pmv__-0068.jpg'
10-11 21:54:24.369: D/AndroidRuntime(4915): >>>>>> START com.android.internal.os.RuntimeInit uid 0 <<<<<<
10-11 21:54:24.370: D/AndroidRuntime(4915): CheckJNI is OFF
10-11 21:54:24.381: D/ICU(4915): No timezone override file found: /data/misc/zoneinfo/current/icu/icu_tzdata.dat
10-11 21:54:24.381: D/ICU(4915): [ 10-11 21:54:24.385  4915: 4915 W/         ]
10-11 21:54:24.381: D/ICU(4915): Failed to bind-mount /system/lib/x86/cpuinfo as /proc/cpuinfo: No such file or directory
10-11 21:54:24.391: E/memtrack(4915): Couldn't load memtrack module (No such file or directory)
10-11 21:54:24.391: E/android.os.Debug(4915): failed to load memtrack module: -2
10-11 21:54:24.391: I/Radio-JNI(4915): register_android_hardware_Radio DONE
10-11 21:54:24.398: D/AndroidRuntime(4915): Calling main entry com.android.commands.pm.Pm
10-11 21:54:24.401: D/DefContainer(4651): Copying /data/local/tmp/com.google.android.apps.auth.test.support.apk to base.apk
10-11 21:54:24.405: I/PackageParser(1720): com.google.android.apps.auth.test.support: compat added android.permission.WRITE_EXTERNAL_STORAGE android.permission.READ_PHONE_STATE
10-11 21:54:24.422: I/PackageManager.DexOptimizer(1720): Running dexopt (dex2oat) on: /data/app/vmdl758819096.tmp/base.apk pkg=com.google.android.apps.auth.test.support isa=x86 vmSafeMode=false debuggable=false oatDir = /data/app/vmdl758819096.tmp/oat bootComplete=true
10-11 21:54:24.429: I/dex2oat(4923): Starting dex2oat.
10-11 21:54:24.429: E/cutils-trace(4923): Error opening trace file: Permission denied (13)
10-11 21:54:24.701: I/dex2oat(4923): dex2oat took 271.824ms (threads: 2) arena alloc=1085KB java alloc=478KB native alloc=2MB free=1686KB
10-11 21:54:24.714: W/PackageManager(1720): Unknown permission android.permission.MANAGE_ACCOUNT in package com.google.android.apps.auth.test.support
10-11 21:54:24.714: W/PackageManager(1720): Not granting permission com.google.android.providers.gsf.permission.WRITE_GSERVICES to package com.google.android.apps.auth.test.support (protectionLevel=18 flags=0x18008444)
10-11 21:54:24.723: V/BackupManagerService(1720): restoreAtInstall pkg=com.google.android.apps.auth.test.support token=4 restoreSet=0
10-11 21:54:24.723: V/BackupManagerService(1720): Finishing install immediately
10-11 21:54:24.726: W/Settings(1720): Setting install_non_market_apps has moved from android.provider.Settings.Global to android.provider.Settings.Secure, returning read-only value.
10-11 21:54:24.726: I/art(1720): Starting a blocking GC Explicit
10-11 21:54:24.733: I/Icing(2431): Indexing 9BB2D4B2293E15A7B9F84E2EEB8C08D9C4A0A3F5 from com.google.android.googlequicksearchbox
10-11 21:54:24.746: I/art(1720): Explicit concurrent mark sweep GC freed 47416(3MB) AllocSpace objects, 17(300KB) LOS objects, 33% free, 22MB/34MB, paused 412us total 19.887ms
10-11 21:54:24.748: D/CarrierServiceBindHelper(2062): Receive action: android.intent.action.PACKAGE_ADDED
10-11 21:54:24.748: D/BluetoothMapAppObserver(2437): onReceive
10-11 21:54:24.748: D/BluetoothMapAppObserver(2437): The installed package is: com.google.android.apps.auth.test.support
10-11 21:54:24.749: D/BluetoothMapAppObserver(2437): Found 0 application(s) with intent android.bluetooth.action.BLUETOOTH_MAP_PROVIDER
10-11 21:54:24.750: I/InputReader(1720): Reconfiguring input devices.  changes=0x00000010
10-11 21:54:24.750: D/BluetoothMapAppObserver(2437): Found 0 application(s) with intent android.bluetooth.action.BLUETOOTH_MAP_IM_PROVIDER
10-11 21:54:24.751: D/CarrierServiceBindHelper(2062): mHandler: 3
10-11 21:54:24.751: D/CarrierConfigLoader(2062): mHandler: 9 phoneId: 0
10-11 21:54:24.753: I/art(4915): System.exit called, status: 0
10-11 21:54:24.753: I/AndroidRuntime(4915): VM exiting with result code 0.
10-11 21:54:24.761: D/Finsky(4690): [1] ExternalReferrer.access$200: Package state data is missing for com.google.android.apps.auth.test.support
10-11 21:54:24.767: I/UpdateIcingCorporaServi(4735): Updating corpora: APPS=com.google.android.apps.auth.test.support, CONTACTS=MAYBE
10-11 21:54:24.777: I/Icing(2431): Indexing done 9BB2D4B2293E15A7B9F84E2EEB8C08D9C4A0A3F5
10-11 21:54:24.779: I/Icing(2431): Indexing 204CE89B405466DFDE20CC795393B566DAAC1583 from com.google.android.gms
10-11 21:54:24.795: I/UpdateIcingCorporaServi(4735): UpdateCorporaTask done [took 29 ms] updated apps [took 29 ms] 
10-11 21:54:24.804: D/Wear_Controller(2431): Received broadcast action=android.intent.action.PACKAGE_ADDED and uri=com.google.android.apps.auth.test.support
10-11 21:54:24.815: I/Icing(2431): IndexChimeraService.getServiceInterface callingPackage=com.google.android.gms componentName=AppsCorpus serviceId=36
10-11 21:54:24.816: I/Icing(2431): IndexChimeraService.getServiceInterface callingPackage=com.google.android.gms componentName=AppsCorpus serviceId=32
10-11 21:54:24.819: I/Icing(2431): Indexing done 204CE89B405466DFDE20CC795393B566DAAC1583
10-11 21:54:24.821: I/Icing(2431): Usage reports 0 indexed 0 rejected 0 imm upload false
10-11 21:54:24.822: I/Icing(2431): Usage reports 0 indexed 0 rejected 0 imm upload false
10-11 21:54:25.084: I/Remoter(1331): Saved screenshot to '/data/screenshots/__pmv__-0069.jpg'
10-11 21:54:25.396: D/AndroidRuntime(4954): >>>>>> START com.android.internal.os.RuntimeInit uid 0 <<<<<<
10-11 21:54:25.397: D/AndroidRuntime(4954): CheckJNI is OFF
10-11 21:54:25.409: D/ICU(4954): No timezone override file found: /data/misc/zoneinfo/current/icu/icu_tzdata.dat
10-11 21:54:25.409: D/ICU(4954): [ 10-11 21:54:25.413  4954: 4954 W/         ]
10-11 21:54:25.409: D/ICU(4954): Failed to bind-mount /system/lib/x86/cpuinfo as /proc/cpuinfo: No such file or directory
10-11 21:54:25.419: E/memtrack(4954): Couldn't load memtrack module (No such file or directory)
10-11 21:54:25.419: E/android.os.Debug(4954): failed to load memtrack module: -2
10-11 21:54:25.420: I/Radio-JNI(4954): register_android_hardware_Radio DONE
10-11 21:54:25.426: D/AndroidRuntime(4954): Calling main entry com.android.commands.pm.Pm
10-11 21:54:25.429: D/DefContainer(4651): Copying /data/local/tmp/com.google.android.apps.mtaas.testloop.apk to base.apk
10-11 21:54:25.457: I/PackageManager.DexOptimizer(1720): Running dexopt (dex2oat) on: /data/app/vmdl1008373202.tmp/base.apk pkg=com.google.android.apps.mtaas.testloop isa=x86 vmSafeMode=false debuggable=false oatDir = /data/app/vmdl1008373202.tmp/oat bootComplete=true
10-11 21:54:25.464: I/dex2oat(4962): Starting dex2oat.
10-11 21:54:25.464: E/cutils-trace(4962): Error opening trace file: Permission denied (13)
10-11 21:54:25.826: I/Icing(2431): Indexing 204CE89B405466DFDE20CC795393B566DAAC1583 from com.google.android.gms
10-11 21:54:25.826: I/Icing(2431): Indexing done 204CE89B405466DFDE20CC795393B566DAAC1583
10-11 21:54:26.180: I/Remoter(1331): Saved screenshot to '/data/screenshots/__pmv__-0070.jpg'
10-11 21:54:26.352: I/dex2oat(4962): dex2oat took 887.551ms (threads: 2) arena alloc=811KB java alloc=1403KB native alloc=7MB free=1741KB
10-11 21:54:26.374: V/BackupManagerService(1720): restoreAtInstall pkg=com.google.android.apps.mtaas.testloop token=5 restoreSet=0
10-11 21:54:26.374: V/BackupManagerService(1720): Finishing install immediately
10-11 21:54:26.375: D/VoldConnector(1720): SND -> {8 volume remount_uid 10080 read}
10-11 21:54:26.375: D/vold(1319): Remounting 10080 as mode read
10-11 21:54:26.376: D/VoldConnector(1720): RCV <- {200 8 Command succeeded}
10-11 21:54:26.376: D/VoldConnector(1720): SND -> {9 volume remount_uid 10080 write}
10-11 21:54:26.376: D/vold(1319): Remounting 10080 as mode write
10-11 21:54:26.377: D/VoldConnector(1720): RCV <- {200 9 Command succeeded}
10-11 21:54:26.382: W/Settings(1720): Setting install_non_market_apps has moved from android.provider.Settings.Global to android.provider.Settings.Secure, returning read-only value.
10-11 21:54:26.382: I/art(1720): Starting a blocking GC Explicit
10-11 21:54:26.397: I/art(1720): Explicit concurrent mark sweep GC freed 44118(2MB) AllocSpace objects, 7(140KB) LOS objects, 33% free, 22MB/34MB, paused 230us total 15.401ms
10-11 21:54:26.403: D/CarrierServiceBindHelper(2062): Receive action: android.intent.action.PACKAGE_ADDED
10-11 21:54:26.403: D/BluetoothMapAppObserver(2437): onReceive
10-11 21:54:26.403: D/BluetoothMapAppObserver(2437): The installed package is: com.google.android.apps.mtaas.testloop
10-11 21:54:26.403: I/art(4954): System.exit called, status: 0
10-11 21:54:26.403: I/AndroidRuntime(4954): VM exiting with result code 0.
10-11 21:54:26.408: D/BluetoothMapAppObserver(2437): Found 0 application(s) with intent android.bluetooth.action.BLUETOOTH_MAP_PROVIDER
10-11 21:54:26.408: D/BluetoothMapAppObserver(2437): Found 0 application(s) with intent android.bluetooth.action.BLUETOOTH_MAP_IM_PROVIDER
10-11 21:54:26.408: D/CarrierServiceBindHelper(2062): mHandler: 3
10-11 21:54:26.408: D/CarrierConfigLoader(2062): mHandler: 9 phoneId: 0
10-11 21:54:26.413: D/Finsky(4690): [1] ExternalReferrer.access$200: Package state data is missing for com.google.android.apps.mtaas.testloop
10-11 21:54:26.423: I/UpdateIcingCorporaServi(4735): Updating corpora: APPS=com.google.android.apps.mtaas.testloop, CONTACTS=MAYBE
10-11 21:54:26.424: I/InputReader(1720): Reconfiguring input devices.  changes=0x00000010
10-11 21:54:26.441: I/Icing(2431): IndexChimeraService.getServiceInterface callingPackage=com.google.android.googlequicksearchbox componentName=null serviceId=36
10-11 21:54:26.456: I/FontsPackageChangeOp(2431): Package com.google.android.apps.mtaas.testloop has no metadata
10-11 21:54:26.458: D/Wear_Controller(2431): Received broadcast action=android.intent.action.PACKAGE_ADDED and uri=com.google.android.apps.mtaas.testloop
10-11 21:54:26.468: I/Icing(2431): Usage reports 0 indexed 0 rejected 0 imm upload true
10-11 21:54:26.468: I/Icing(2431): IndexChimeraService.getServiceInterface callingPackage=com.google.android.gms componentName=AppsCorpus serviceId=36
10-11 21:54:26.469: I/Icing(2431): IndexChimeraService.getServiceInterface callingPackage=com.google.android.gms componentName=AppsCorpus serviceId=32
10-11 21:54:26.470: I/UpdateIcingCorporaServi(4735): UpdateCorporaTask done [took 47 ms] updated apps [took 47 ms] 
10-11 21:54:26.472: I/Icing(2431): Usage reports 0 indexed 0 rejected 0 imm upload false
10-11 21:54:26.474: I/Icing(2431): Usage reports 0 indexed 0 rejected 0 imm upload false
10-11 21:54:26.717: I/scp(4986): type=1400 audit(0.0:142): avc: denied { write } for name="tmp" dev="loop6" ino=65538 scontext=u:r:gcelogwrapper:s0 tcontext=u:object_r:shell_data_file:s0 tclass=dir permissive=1
10-11 21:54:26.717: I/scp(4986): type=1400 audit(0.0:143): avc: denied { add_name } for name="android.support.test.orchestrator.apk" scontext=u:r:gcelogwrapper:s0 tcontext=u:object_r:shell_data_file:s0 tclass=dir permissive=1
10-11 21:54:27.027: D/AndroidRuntime(4994): >>>>>> START com.android.internal.os.RuntimeInit uid 0 <<<<<<
10-11 21:54:27.028: D/AndroidRuntime(4994): CheckJNI is OFF
10-11 21:54:27.039: D/ICU(4994): No timezone override file found: /data/misc/zoneinfo/current/icu/icu_tzdata.dat
10-11 21:54:27.039: D/ICU(4994): [ 10-11 21:54:27.043  4994: 4994 W/         ]
10-11 21:54:27.039: D/ICU(4994): Failed to bind-mount /system/lib/x86/cpuinfo as /proc/cpuinfo: No such file or directory
10-11 21:54:27.049: E/memtrack(4994): Couldn't load memtrack module (No such file or directory)
10-11 21:54:27.049: E/android.os.Debug(4994): failed to load memtrack module: -2
10-11 21:54:27.050: I/Radio-JNI(4994): register_android_hardware_Radio DONE
10-11 21:54:27.056: D/AndroidRuntime(4994): Calling main entry com.android.commands.pm.Pm
10-11 21:54:27.059: D/DefContainer(4651): Copying /data/local/tmp/android.support.test.orchestrator.apk to base.apk
10-11 21:54:27.068: I/PackageManager.DexOptimizer(1720): Running dexopt (dex2oat) on: /data/app/vmdl174260091.tmp/base.apk pkg=android.support.test.orchestrator isa=x86 vmSafeMode=false debuggable=false oatDir = /data/app/vmdl174260091.tmp/oat bootComplete=true
10-11 21:54:27.075: I/dex2oat(5002): Starting dex2oat.
10-11 21:54:27.075: E/cutils-trace(5002): Error opening trace file: Permission denied (13)
10-11 21:54:27.175: I/dex2oat(5002): dex2oat took 100.209ms (threads: 2) arena alloc=310KB java alloc=227KB native alloc=1799KB free=1528KB
10-11 21:54:27.212: V/BackupManagerService(1720): restoreAtInstall pkg=android.support.test.orchestrator token=6 restoreSet=0
10-11 21:54:27.212: V/BackupManagerService(1720): Finishing install immediately
10-11 21:54:27.213: D/VoldConnector(1720): SND -> {10 volume remount_uid 10081 read}
10-11 21:54:27.213: D/vold(1319): Remounting 10081 as mode read
10-11 21:54:27.214: D/VoldConnector(1720): RCV <- {200 10 Command succeeded}
10-11 21:54:27.215: D/VoldConnector(1720): SND -> {11 volume remount_uid 10081 write}
10-11 21:54:27.215: D/vold(1319): Remounting 10081 as mode write
10-11 21:54:27.216: D/VoldConnector(1720): RCV <- {200 11 Command succeeded}
10-11 21:54:27.220: W/Settings(1720): Setting install_non_market_apps has moved from android.provider.Settings.Global to android.provider.Settings.Secure, returning read-only value.
10-11 21:54:27.220: I/art(1720): Starting a blocking GC Explicit
10-11 21:54:27.246: I/art(1720): Explicit concurrent mark sweep GC freed 37600(2MB) AllocSpace objects, 7(140KB) LOS objects, 33% free, 22MB/34MB, paused 342us total 21.618ms
10-11 21:54:27.247: I/art(4994): System.exit called, status: 0
10-11 21:54:27.247: I/AndroidRuntime(4994): VM exiting with result code 0.
10-11 21:54:27.255: D/BluetoothMapAppObserver(2437): onReceive
10-11 21:54:27.255: D/BluetoothMapAppObserver(2437): The installed package is: android.support.test.orchestrator
10-11 21:54:27.256: D/BluetoothMapAppObserver(2437): Found 0 application(s) with intent android.bluetooth.action.BLUETOOTH_MAP_PROVIDER
10-11 21:54:27.256: D/BluetoothMapAppObserver(2437): Found 0 application(s) with intent android.bluetooth.action.BLUETOOTH_MAP_IM_PROVIDER
10-11 21:54:27.257: I/InputReader(1720): Reconfiguring input devices.  changes=0x00000010
10-11 21:54:27.258: D/CarrierServiceBindHelper(2062): Receive action: android.intent.action.PACKAGE_ADDED
10-11 21:54:27.258: D/CarrierServiceBindHelper(2062): mHandler: 3
10-11 21:54:27.258: D/CarrierConfigLoader(2062): mHandler: 9 phoneId: 0
10-11 21:54:27.280: D/Finsky(4690): [1] ExternalReferrer.access$200: Package state data is missing for android.support.test.orchestrator
10-11 21:54:27.285: I/Remoter(1331): Saved screenshot to '/data/screenshots/__pmv__-0071.jpg'
10-11 21:54:27.286: I/UpdateIcingCorporaServi(4735): Updating corpora: APPS=android.support.test.orchestrator, CONTACTS=MAYBE
10-11 21:54:27.292: I/UpdateIcingCorporaServi(4735): UpdateCorporaTask done [took 6 ms] updated apps [took 6 ms] 
10-11 21:54:27.305: I/FontsPackageChangeOp(2431): Package android.support.test.orchestrator has no metadata
10-11 21:54:27.309: D/Wear_Controller(2431): Received broadcast action=android.intent.action.PACKAGE_ADDED and uri=android.support.test.orchestrator
10-11 21:54:27.312: I/Icing(2431): IndexChimeraService.getServiceInterface callingPackage=com.google.android.gms componentName=AppsCorpus serviceId=32
10-11 21:54:27.312: I/Icing(2431): IndexChimeraService.getServiceInterface callingPackage=com.google.android.gms componentName=AppsCorpus serviceId=36
10-11 21:54:27.318: I/Icing(2431): Usage reports 0 indexed 0 rejected 0 imm upload false
10-11 21:54:27.320: I/Icing(2431): Usage reports 0 indexed 0 rejected 0 imm upload false
10-11 21:54:27.471: I/Icing(2431): Indexing 9BB2D4B2293E15A7B9F84E2EEB8C08D9C4A0A3F5 from com.google.android.googlequicksearchbox
10-11 21:54:27.481: I/Icing(2431): Indexing done 9BB2D4B2293E15A7B9F84E2EEB8C08D9C4A0A3F5
10-11 21:54:27.482: I/Icing(2431): Indexing 204CE89B405466DFDE20CC795393B566DAAC1583 from com.google.android.gms
10-11 21:54:27.487: I/Icing(2431): Indexing done 204CE89B405466DFDE20CC795393B566DAAC1583
10-11 21:54:27.617: I/scp(5025): type=1400 audit(0.0:144): avc: denied { create } for name="android.support.test.services.apk" scontext=u:r:gcelogwrapper:s0 tcontext=u:object_r:shell_data_file:s0 tclass=file permissive=1
10-11 21:54:27.657: I/scp(5025): type=1400 audit(0.0:145): avc: denied { write open } for path="/data/local/tmp/android.support.test.services.apk" dev="loop6" ino=65545 scontext=u:r:gcelogwrapper:s0 tcontext=u:object_r:shell_data_file:s0 tclass=file permissive=1
10-11 21:54:27.657: I/scp(5025): type=1400 audit(0.0:146): avc: denied { getattr } for path="/data/local/tmp/android.support.test.services.apk" dev="loop6" ino=65545 scontext=u:r:gcelogwrapper:s0 tcontext=u:object_r:shell_data_file:s0 tclass=file permissive=1
10-11 21:54:28.064: D/AndroidRuntime(5033): >>>>>> START com.android.internal.os.RuntimeInit uid 0 <<<<<<
10-11 21:54:28.066: D/AndroidRuntime(5033): CheckJNI is OFF
10-11 21:54:28.077: D/ICU(5033): No timezone override file found: /data/misc/zoneinfo/current/icu/icu_tzdata.dat
10-11 21:54:28.077: D/ICU(5033): [ 10-11 21:54:28.082  5033: 5033 W/         ]
10-11 21:54:28.077: D/ICU(5033): Failed to bind-mount /system/lib/x86/cpuinfo as /proc/cpuinfo: No such file or directory
10-11 21:54:28.088: E/memtrack(5033): Couldn't load memtrack module (No such file or directory)
10-11 21:54:28.088: E/android.os.Debug(5033): failed to load memtrack module: -2
10-11 21:54:28.088: I/Radio-JNI(5033): register_android_hardware_Radio DONE
10-11 21:54:28.094: D/AndroidRuntime(5033): Calling main entry com.android.commands.pm.Pm
10-11 21:54:28.098: D/DefContainer(4651): Copying /data/local/tmp/android.support.test.services.apk to base.apk
10-11 21:54:28.144: I/PackageManager.DexOptimizer(1720): Running dexopt (dex2oat) on: /data/app/vmdl748113211.tmp/base.apk pkg=android.support.test.services isa=x86 vmSafeMode=false debuggable=false oatDir = /data/app/vmdl748113211.tmp/oat bootComplete=true
10-11 21:54:28.151: I/dex2oat(5041): Starting dex2oat.
10-11 21:54:28.151: E/cutils-trace(5041): Error opening trace file: Permission denied (13)
10-11 21:54:28.167: W/dex2oat(5041): Before Android 4.1, method android.graphics.PorterDuffColorFilter android.support.graphics.drawable.VectorDrawableCompat.updateTintFilter(android.graphics.PorterDuffColorFilter, android.content.res.ColorStateList, android.graphics.PorterDuff$Mode) would have incorrectly overridden the package-private method in android.graphics.drawable.Drawable
10-11 21:54:28.339: I/Icing(2431): Indexing 204CE89B405466DFDE20CC795393B566DAAC1583 from com.google.android.gms
10-11 21:54:28.339: I/Icing(2431): Indexing done 204CE89B405466DFDE20CC795393B566DAAC1583
10-11 21:54:28.362: I/Remoter(1331): Saved screenshot to '/data/screenshots/__pmv__-0072.jpg'
10-11 21:54:28.502: I/dex2oat(5041): dex2oat took 351.203ms (threads: 2) arena alloc=1700KB java alloc=943KB native alloc=4MB free=1523KB
10-11 21:54:28.524: V/BackupManagerService(1720): restoreAtInstall pkg=android.support.test.services token=7 restoreSet=0
10-11 21:54:28.524: V/BackupManagerService(1720): Finishing install immediately
10-11 21:54:28.527: W/Settings(1720): Setting install_non_market_apps has moved from android.provider.Settings.Global to android.provider.Settings.Secure, returning read-only value.
10-11 21:54:28.527: I/art(1720): Starting a blocking GC Explicit
10-11 21:54:28.543: I/art(1720): Explicit concurrent mark sweep GC freed 81605(4MB) AllocSpace objects, 25(868KB) LOS objects, 33% free, 22MB/34MB, paused 230us total 16.404ms
10-11 21:54:28.547: D/CarrierServiceBindHelper(2062): Receive action: android.intent.action.PACKAGE_ADDED
10-11 21:54:28.547: D/BluetoothMapAppObserver(2437): onReceive
10-11 21:54:28.547: D/BluetoothMapAppObserver(2437): The installed package is: android.support.test.services
10-11 21:54:28.547: I/art(5033): System.exit called, status: 0
10-11 21:54:28.547: I/AndroidRuntime(5033): VM exiting with result code 0.
10-11 21:54:28.550: I/InputReader(1720): Reconfiguring input devices.  changes=0x00000010
10-11 21:54:28.550: D/BluetoothMapAppObserver(2437): Found 0 application(s) with intent android.bluetooth.action.BLUETOOTH_MAP_PROVIDER
10-11 21:54:28.550: D/BluetoothMapAppObserver(2437): Found 0 application(s) with intent android.bluetooth.action.BLUETOOTH_MAP_IM_PROVIDER
10-11 21:54:28.551: D/CarrierServiceBindHelper(2062): mHandler: 3
10-11 21:54:28.551: D/CarrierConfigLoader(2062): mHandler: 9 phoneId: 0
10-11 21:54:28.569: D/Finsky(4690): [1] ExternalReferrer.access$200: Package state data is missing for android.support.test.services
10-11 21:54:28.612: I/UpdateIcingCorporaServi(4735): Updating corpora: APPS=android.support.test.services, CONTACTS=MAYBE
10-11 21:54:28.629: I/UpdateIcingCorporaServi(4735): UpdateCorporaTask done [took 16 ms] updated apps [took 16 ms] 
10-11 21:54:28.666: I/FontsPackageChangeOp(2431): Package android.support.test.services has no metadata
10-11 21:54:28.669: D/Wear_Controller(2431): Received broadcast action=android.intent.action.PACKAGE_ADDED and uri=android.support.test.services
10-11 21:54:28.695: I/Icing(2431): IndexChimeraService.getServiceInterface callingPackage=com.google.android.gms componentName=AppsCorpus serviceId=32
10-11 21:54:28.695: I/Icing(2431): IndexChimeraService.getServiceInterface callingPackage=com.google.android.gms componentName=AppsCorpus serviceId=36
10-11 21:54:28.705: I/Icing(2431): Usage reports 0 indexed 0 rejected 0 imm upload false
10-11 21:54:28.707: I/Icing(2431): Usage reports 0 indexed 0 rejected 0 imm upload false
10-11 21:54:29.176: D/AndroidRuntime(5072): >>>>>> START com.android.internal.os.RuntimeInit uid 0 <<<<<<
10-11 21:54:29.177: D/AndroidRuntime(5072): CheckJNI is OFF
10-11 21:54:29.189: D/ICU(5072): No timezone override file found: /data/misc/zoneinfo/current/icu/icu_tzdata.dat
10-11 21:54:29.189: D/ICU(5072): [ 10-11 21:54:29.193  5072: 5072 W/         ]
10-11 21:54:29.189: D/ICU(5072): Failed to bind-mount /system/lib/x86/cpuinfo as /proc/cpuinfo: No such file or directory
10-11 21:54:29.199: E/memtrack(5072): Couldn't load memtrack module (No such file or directory)
10-11 21:54:29.199: E/android.os.Debug(5072): failed to load memtrack module: -2
10-11 21:54:29.199: I/Radio-JNI(5072): register_android_hardware_Radio DONE
10-11 21:54:29.205: D/AndroidRuntime(5072): Calling main entry com.android.commands.pm.Pm
10-11 21:54:29.208: D/DefContainer(4651): Copying /data/local/tmp/com.google.android.apps.mtaas.stubapp.apk to base.apk
10-11 21:54:29.210: I/PackageParser(1720): com.google.android.apps.mtaas.stubapp: compat added android.permission.WRITE_EXTERNAL_STORAGE android.permission.READ_PHONE_STATE
