10-11 21:54:47.338: E/MS_NetworkUtils(5400): 	at com.google.android.libraries.matchstick.net.SilentRegisterIntentOperation.a(:com.google.android.gms@11519470:214)
10-11 21:54:47.338: E/MS_NetworkUtils(5400): 	at com.google.android.libraries.matchstick.net.SilentRegisterIntentOperation.onHandleIntent(:com.google.android.gms@11519470:291)
10-11 21:54:47.338: E/MS_NetworkUtils(5400): 	at com.google.android.chimera.IntentOperation.onHandleIntent(:com.google.android.gms@11519470:2)
10-11 21:54:47.338: E/MS_NetworkUtils(5400): 	at bwh.run(:com.google.android.gms@11519470:10)
10-11 21:54:47.338: E/MS_NetworkUtils(5400): 	at bwe.run(:com.google.android.gms@11519470:14)
10-11 21:54:47.338: E/MS_NetworkUtils(5400): 	at java.util.concurrent.ThreadPoolExecutor.runWorker(ThreadPoolExecutor.java:1113)
10-11 21:54:47.338: E/MS_NetworkUtils(5400): 	at java.util.concurrent.ThreadPoolExecutor$Worker.run(ThreadPoolExecutor.java:588)
10-11 21:54:47.338: E/MS_NetworkUtils(5400): 	at java.lang.Thread.run(Thread.java:818)
10-11 21:54:47.355: W/GLSUser(5384): [DeviceKeyStore] Cannot load key: Device key file not found.
10-11 21:54:47.355: W/GLSUser(5384): [DeviceKeyStore] Cannot load key: Device key file not found.
10-11 21:54:47.406: I/System.out(5400): Error inflating SSL session: error:100000a0:SSL routines:OPENSSL_internal:INVALID_SSL_SESSION
10-11 21:54:47.407: W/Conscrypt(5400): Could not set socket write timeout:
10-11 21:54:47.407: W/Conscrypt(5400):    java.lang.reflect.Method.invoke(Native Method)
10-11 21:54:47.407: W/Conscrypt(5400):    com.google.android.gms.org.conscrypt.Platform.setSocketWriteTimeout(:com.google.android.gms@11519470:13)
10-11 21:54:47.448: D/DownloadManager(5724): [21] Finished with status SUCCESS
10-11 21:54:47.451: D/Finsky(5659): [1] DownloadBroadcastReceiver.onReceive: Intent received at DownloadBroadcastReceiver
10-11 21:54:47.455: D/Finsky(5659): [1] DownloadImpl.setState: com.android.vending from 2 to 3.
10-11 21:54:47.455: D/Finsky(5659): [1] DownloadQueueImpl.onComplete: com.android.vending: onComplete
10-11 21:54:47.455: D/Finsky(5659): [1] DownloadQueueImpl.remove: Download com.android.vending removed from DownloadQueue
10-11 21:54:47.455: D/Finsky(5659): [1] SelfUpdateScheduler.onComplete: Self-update ready to be installed, waiting for market to close.
10-11 21:54:47.457: I/ActivityManager(1720): Killing 5615:com.google.android.apps.gcs/u0a9 (adj 15): empty #17
10-11 21:54:47.501: W/Conscrypt(5400): Could not set socket write timeout:
10-11 21:54:47.501: W/Conscrypt(5400):    java.lang.reflect.Method.invoke(Native Method)
10-11 21:54:47.501: W/Conscrypt(5400):    com.google.android.gms.org.conscrypt.Platform.setSocketWriteTimeout(:com.google.android.gms@11519470:13)
10-11 21:54:47.541: D/ActivityManager(1720): cleanUpApplicationRecord -- 5615
10-11 21:54:47.576: I/WVCdm(1345): CdmEngine::CloseSession
10-11 21:54:47.579: E/MS_RegisterService(5400): Exception during register request.
10-11 21:54:47.579: E/MS_RegisterService(5400): bafm: INVALID_ARGUMENT: Application credential header not valid. Please fix the client to pass a valid application credential header.
10-11 21:54:47.579: E/MS_RegisterService(5400): 	at bafi.c(:com.google.android.gms@11519470:3)
10-11 21:54:47.579: E/MS_RegisterService(5400): 	at mgv.a(:com.google.android.gms@11519470:66)
10-11 21:54:47.579: E/MS_RegisterService(5400): 	at com.google.android.libraries.matchstick.net.SilentRegisterIntentOperation.a(:com.google.android.gms@11519470:226)
10-11 21:54:47.579: E/MS_RegisterService(5400): 	at com.google.android.libraries.matchstick.net.SilentRegisterIntentOperation.onHandleIntent(:com.google.android.gms@11519470:291)
10-11 21:54:47.579: E/MS_RegisterService(5400): 	at com.google.android.chimera.IntentOperation.onHandleIntent(:com.google.android.gms@11519470:2)
10-11 21:54:47.579: E/MS_RegisterService(5400): 	at bwh.run(:com.google.android.gms@11519470:10)
10-11 21:54:47.579: E/MS_RegisterService(5400): 	at bwe.run(:com.google.android.gms@11519470:14)
10-11 21:54:47.579: E/MS_RegisterService(5400): 	at java.util.concurrent.ThreadPoolExecutor.runWorker(ThreadPoolExecutor.java:1113)
10-11 21:54:47.579: E/MS_RegisterService(5400): 	at java.util.concurrent.ThreadPoolExecutor$Worker.run(ThreadPoolExecutor.java:588)
10-11 21:54:47.579: E/MS_RegisterService(5400): 	at java.lang.Thread.run(Thread.java:818)
10-11 21:54:47.771: I/CheckinUtil(5400): Classify the device as Phone.
10-11 21:54:47.788: W/System(5400): Ignoring header Cookie because its value was null.
10-11 21:54:47.788: I/ProcessCheckinRequest(5400): set cookie as: null
10-11 21:54:47.797: W/Conscrypt(5400): Could not set socket write timeout:
10-11 21:54:47.798: W/Conscrypt(5400):    java.lang.reflect.Method.invoke(Native Method)
10-11 21:54:47.798: W/Conscrypt(5400):    com.google.android.gms.org.conscrypt.Platform.setSocketWriteTimeout(:com.google.android.gms@11519470:13)
10-11 21:54:47.799: W/Conscrypt(5400): Could not set socket write timeout:
10-11 21:54:47.799: W/Conscrypt(5400):    java.lang.reflect.Method.invoke(Native Method)
10-11 21:54:47.799: W/Conscrypt(5400):    com.google.android.gms.org.conscrypt.Platform.setSocketWriteTimeout(:com.google.android.gms@11519470:13)
10-11 21:54:47.814: I/ProcessCheckinRequest(5400): REQUEST: b: "12345678902468"
10-11 21:54:47.814: I/ProcessCheckinRequest(5400): c: "020000000000"
10-11 21:54:47.814: I/ProcessCheckinRequest(5400): d: "wifi"
10-11 21:54:47.814: I/ProcessCheckinRequest(5400): g: 4027609706144920429
10-11 21:54:47.814: I/ProcessCheckinRequest(5400): h: 2938676646712947721
10-11 21:54:47.814: I/ProcessCheckinRequest(5400): i: "1-151b8a8b3eead07ddc0a76e3d1ab338cec794396"
10-11 21:54:47.814: I/ProcessCheckinRequest(5400): j: "es"
10-11 21:54:47.814: I/ProcessCheckinRequest(5400): k <
10-11 21:54:47.814: I/ProcessCheckinRequest(5400):   a <
10-11 21:54:47.814: I/ProcessCheckinRequest(5400):     a: "generic/gce_x86_phone/gce_x86:6.0.1/MOB31Q.MZG52/3751182:userdebug/test-keys"
10-11 21:54:47.814: I/ProcessCheckinRequest(5400):     b: "AVD_R1.0.0"
10-11 21:54:47.814: I/ProcessCheckinRequest(5400):     c: "unknown"
10-11 21:54:47.814: I/ProcessCheckinRequest(5400):     d: "gce_x86"
10-11 21:54:47.814: I/ProcessCheckinRequest(5400):     e: "generic"
10-11 21:54:47.814: I/ProcessCheckinRequest(5400):     f: "unknown"
10-11 21:54:47.814: I/ProcessCheckinRequest(5400):     g: 1487676091
10-11 21:54:47.814: I/ProcessCheckinRequest(5400):     h: 11519470
10-11 21:54:47.814: I/ProcessCheckinRequest(5400):     i: 23
10-11 21:54:47.814: I/ProcessCheckinRequest(5400):     j: "gce_x86"
10-11 21:54:47.814: I/ProcessCheckinRequest(5400):     k: "GCE x86 phone"
10-11 21:54:47.814: I/ProcessCheckinRequest(5400):     l: "unknown"
10-11 21:54:47.814: I/ProcessCheckinRequest(5400):     m: "gce_x86_phone"
10-11 21:54:47.814: I/ProcessCheckinRequest(5400):     n: false
10-11 21:54:47.814: I/ProcessCheckinRequest(5400):     o <
10-11 21:54:47.814: I/ProcessCheckinRequest(5400):       a: 2
10-11 21:54:47.814: I/ProcessCheckinRequest(5400):       b: "ms-unknown"
10-11 21:54:47.814: I/ProcessCheckinRequest(5400):     >
10-11 21:54:47.814: I/ProcessCheckinRequest(5400):     o <
10-11 21:54:47.814: I/ProcessCheckinRequest(5400):       a: 1
10-11 21:54:47.814: I/ProcessCheckinRequest(5400):       b: "unknown"
10-11 21:54:47.814: I/ProcessCheckinRequest(5400):     >
10-11 21:54:47.814: I/ProcessCheckinRequest(5400):     o <
10-11 21:54:47.814: I/ProcessCheckinRequest(5400):       a: 4
10-11 21:54:47.814: I/ProcessCheckinRequest(5400):       b: "gmm-unknown"
10-11 21:54:47.814: I/ProcessCheckinRequest(5400):     >
10-11 21:54:47.814: I/ProcessCheckinRequest(5400):     o <
10-11 21:54:47.814: I/ProcessCheckinRequest(5400):       a: 5
10-11 21:54:47.814: I/ProcessCheckinRequest(5400):       b: "mvapp-unknown"
10-11 21:54:47.814: I/ProcessCheckinRequest(5400):     >
10-11 21:54:47.814: I/ProcessCheckinRequest(5400):     o <
10-11 21:54:47.814: I/ProcessCheckinRequest(5400):       a: 6
10-11 21:54:47.814: I/ProcessCheckinRequest(5400):       b: "am-unknown"
10-11 21:54:47.814: I/ProcessCheckinRequest(5400):     >
10-11 21:54:47.814: I/ProcessCheckinRequest(5400):     o <
10-11 21:54:47.814: I/ProcessCheckinRequest(5400):       a: 9
10-11 21:54:47.814: I/ProcessCheckinRequest(5400):       b: "ms-unknown"
10-11 21:54:47.814: I/ProcessCheckinRequest(5400):     >
10-11 21:54:47.814: I/ProcessCheckinRequest(5400):     q: "2016-12-05"
10-11 21:54:47.814: I/ProcessCheckinRequest(5400):   >
10-11 21:54:47.814: I/ProcessCheckinRequest(5400):   b: 1507761563782
10-11 21:54:47.814: I/ProcessCheckinRequest(5400):   e: "310260"
10-11 21:54:47.814: I/ProcessCheckinRequest(5400):   f: "310260"
10-11 21:54:47.814: I/ProcessCheckinRequest(5400):   g: "MOBILE:LTE:"
10-11 21:54:47.814: I/ProcessCheckinRequest(5400):   h: true
10-11 21:54:47.814: I/ProcessCheckinRequest(5400):   i: 0
10-11 21:54:47.814: I/ProcessCheckinRequest(5400):   j: 2
10-11 21:54:47.814: I/ProcessCheckinRequest(5400):   k <
10-11 21:54:47.814: I/ProcessCheckinRequest(5400):     a: 4
10-11 21:54:47.814: I/ProcessCheckinRequest(5400):     b: 1
10-11 21:54:47.814: I/ProcessCheckinRequest(5400):     c: "unspecified"
10-11 21:54:47.814: I/ProcessCheckinRequest(5400):     d: ""
10-11 21:54:47.814: I/ProcessCheckinRequest(5400):     e: false
10-11 21:54:47.814: I/ProcessCheckinRequest(5400):   >
10-11 21:54:47.814: I/ProcessCheckinRequest(5400):   l <
10-11 21:54:47.814: I/ProcessCheckinRequest(5400):     a: "310260"
10-11 21:54:47.814: I/ProcessCheckinRequest(5400):     b: "Android Virtual Operator"
10-11 21:54:47.814: I/ProcessCheckinRequest(5400):     c: "0"
10-11 21:54:47.814: I/ProcessCheckinRequest(5400):     d: 0
10-11 21:54:47.814: I/ProcessCheckinRequest(5400):     d: 1
10-11 21:54:47.814: I/ProcessCheckinRequest(5400):     d: 2
10-11 21:54:47.814: I/ProcessCheckinRequest(5400):     e: "310260123400000"
10-11 21:54:47.814: I/ProcessCheckinRequest(5400):     g: "\244\240"
10-11 21:54:47.814: I/ProcessCheckinRequest(5400):   >
10-11 21:54:47.814: I/ProcessCheckinRequest(5400): >
10-11 21:54:47.814: I/ProcessCheckinRequest(5400): l: "[VS2WQVCOVYYT3Y3JQZUPAOQ2II-00@cloudtestlabaccounts.com]"
10-11 21:54:47.814: I/ProcessCheckinRequest(5400): m: "America/New_York"
10-11 21:54:47.814: I/ProcessCheckinRequest(5400): n: 3010746529745930223
10-11 21:54:47.814: I/ProcessCheckinRequest(5400): o: 3
10-11 21:54:47.814: I/ProcessCheckinRequest(5400): p: "71Q6Rn2DDZl1zPDVaaeEHItd+Yg="
10-11 21:54:47.814: I/ProcessCheckinRequest(5400): q <
10-11 21:54:47.814: I/ProcessCheckinRequest(5400):   a: 3
10-11 21:54:47.814: I/ProcessCheckinRequest(5400):   b: 2
10-11 21:54:47.814: I/ProcessCheckinRequest(5400):   c: 1
10-11 21:54:47.814: I/ProcessCheckinRequest(5400):   d: 2
10-11 21:54:47.814: I/ProcessCheckinRequest(5400):   e: true
10-11 21:54:47.814: I/ProcessCheckinRequest(5400):   f: false
10-11 21:54:47.814: I/ProcessCheckinRequest(5400):   g: 480
10-11 21:54:47.814: I/ProcessCheckinRequest(5400):   h: 1080
10-11 21:54:47.814: I/ProcessCheckinRequest(5400):   i: 1776
10-11 21:54:47.814: I/ProcessCheckinRequest(5400):   j: 131072
10-11 21:54:47.814: I/ProcessCheckinRequest(5400):   k: "android.test.runner"
10-11 21:54:47.814: I/ProcessCheckinRequest(5400):   k: "com.android.future.usb.accessory"
10-11 21:54:47.814: I/ProcessCheckinRequest(5400):   k: "com.android.location.provider"
10-11 21:54:47.814: I/ProcessCheckinRequest(5400):   k: "com.android.media.remotedisplay"
10-11 21:54:47.814: I/ProcessCheckinRequest(5400):   k: "com.android.mediadrm.signer"
10-11 21:54:47.814: I/ProcessCheckinRequest(5400):   k: "com.google.android.camera2"
10-11 21:54:47.814: I/ProcessCheckinRequest(5400):   k: "com.google.android.dialer.support"
10-11 21:54:47.814: I/ProcessCheckinRequest(5400):   k: "com.google.android.gms"
10-11 21:54:47.814: I/ProcessCheckinRequest(5400):   k: "com.google.android.maps"
10-11 21:54:47.814: I/ProcessCheckinRequest(5400):   k: "com.google.android.media.effects"
10-11 21:54:47.814: I/ProcessCheckinRequest(5400):   k: "javax.obex"
10-11 21:54:47.814: I/ProcessCheckinRequest(5400):   k: "org.apache.http.legacy"
10-11 21:54:47.814: I/ProcessCheckinRequest(5400):   l: "android.hardware.audio.output"
10-11 21:54:47.814: I/ProcessCheckinRequest(5400):   l: "android.hardware.bluetooth"
10-11 21:54:47.814: I/ProcessCheckinRequest(5400):   l: "android.hardware.bluetooth_le"
10-11 21:54:47.814: I/ProcessCheckinRequest(5400):   l: "android.hardware.camera"
10-11 21:54:47.814: I/ProcessCheckinRequest(5400):   l: "android.hardware.camera.any"
10-11 21:54:47.814: I/ProcessCheckinRequest(5400):   l: "android.hardware.camera.autofocus"
10-11 21:54:47.814: I/ProcessCheckinRequest(5400):   l: "android.hardware.camera.flash"
10-11 21:54:47.814: I/ProcessCheckinRequest(5400):   l: "android.hardware.camera.front"
10-11 21:54:47.814: I/ProcessCheckinRequest(5400):   l: "android.hardware.ethernet"
10-11 21:54:47.814: I/ProcessCheckinRequest(5400):   l: "android.hardware.faketouch"
10-11 21:54:47.814: I/ProcessCheckinRequest(5400):   l: "android.hardware.location"
10-11 21:54:47.814: I/ProcessCheckinRequest(5400):   l: "android.hardware.location.gps"
10-11 21:54:47.814: I/ProcessCheckinRequest(5400):   l: "android.hardware.location.network"
10-11 21:54:47.814: I/ProcessCheckinRequest(5400):   l: "android.hardware.microphone"
10-11 21:54:47.814: I/ProcessCheckinRequest(5400):   l: "android.hardware.screen.landscape"
10-11 21:54:47.814: I/ProcessCheckinRequest(5400):   l: "android.hardware.screen.portrait"
10-11 21:54:47.814: I/ProcessCheckinRequest(5400):   l: "android.hardware.sensor.accelerometer"
10-11 21:54:47.814: I/ProcessCheckinRequest(5400):   l: "android.hardware.sensor.barometer"
10-11 21:54:47.814: I/ProcessCheckinRequest(5400):   l: "android.hardware.sensor.compass"
10-11 21:54:47.814: I/ProcessCheckinRequest(5400):   l: "android.hardware.sensor.light"
10-11 21:54:47.814: I/ProcessCheckinRequest(5400):   l: "android.hardware.sensor.proximity"
10-11 21:54:47.814: I/ProcessCheckinRequest(5400):   l: "android.hardware.telephony"
10-11 21:54:47.814: I/ProcessCheckinRequest(5400):   l: "android.hardware.telephony.gsm"
10-11 21:54:47.814: I/ProcessCheckinRequest(5400):   l: "android.hardware.touchscreen"
10-11 21:54:47.814: I/ProcessCheckinRequest(5400):   l: "android.hardware.usb.accessory"
10-11 21:54:47.814: I/ProcessCheckinRequest(5400):   l: "android.hardware.wifi"
10-11 21:54:47.814: I/ProcessCheckinRequest(5400):   l: "android.software.app_widgets"
10-11 21:54:47.814: I/ProcessCheckinRequest(5400):   l: "android.software.backup"
10-11 21:54:47.814: I/ProcessCheckinRequest(5400):   l: "android.software.connectionservice"
10-11 21:54:47.814: I/ProcessCheckinRequest(5400):   l: "android.software.device_admin"
10-11 21:54:47.814: I/ProcessCheckinRequest(5400):   l: "android.software.home_screen"
10-11 21:54:47.814: I/ProcessCheckinRequest(5400):   l: "android.software.input_methods"
10-11 21:54:47.814: I/ProcessCheckinRequest(5400):   l: "android.software.live_wallpaper"
10-11 21:54:47.814: I/ProcessCheckinRequest(5400):   l: "android.software.managed_users"
10-11 21:54:47.814: I/ProcessCheckinRequest(5400):   l: "android.software.print"
10-11 21:54:47.814: I/ProcessCheckinRequest(5400):   l: "android.software.voice_recognizers"
10-11 21:54:47.814: I/ProcessCheckinRequest(5400):   l: "android.software.webview"
10-11 21:54:47.814: I/ProcessCheckinRequest(5400):   l: "com.google.android.feature.EXCHANGE_6_2"
10-11 21:54:47.814: I/ProcessCheckinRequest(5400):   l: "com.google.android.feature.GOOGLE_BUILD"
10-11 21:54:47.814: I/ProcessCheckinRequest(5400):   l: "com.google.android.feature.GOOGLE_EXPERIENCE"
10-11 21:54:47.814: I/ProcessCheckinRequest(5400):   m <
10-11 21:54:47.814: I/ProcessCheckinRequest(5400):     a: "android.hardware.audio.output"
10-11 21:54:47.814: I/ProcessCheckinRequest(5400):     b: 0
10-11 21:54:47.814: I/ProcessCheckinRequest(5400):   >
10-11 21:54:47.814: I/ProcessCheckinRequest(5400):   m <
10-11 21:54:47.814: I/ProcessCheckinRequest(5400):     a: "android.hardware.bluetooth"
10-11 21:54:47.814: I/ProcessCheckinRequest(5400):     b: 0
10-11 21:54:47.814: I/ProcessCheckinRequest(5400):   >
10-11 21:54:47.814: I/ProcessCheckinRequest(5400):   m <
10-11 21:54:47.814: I/ProcessCheckinRequest(5400):     a: "android.hardware.bluetooth_le"
10-11 21:54:47.814: I/ProcessCheckinRequest(5400):     b: 0
10-11 21:54:47.814: I/ProcessCheckinRequest(5400):   >
10-11 21:54:47.814: I/ProcessCheckinRequest(5400):   m <
10-11 21:54:47.814: I/ProcessCheckinRequest(5400):     a: "android.hardware.camera"
10-11 21:54:47.814: I/ProcessCheckinRequest(5400):     b: 0
10-11 21:54:47.814: I/ProcessCheckinRequest(5400):   >
10-11 21:54:47.814: I/ProcessCheckinRequest(5400):   m <
10-11 21:54:47.814: I/ProcessCheckinRequest(5400):     a: "android.hardware.camera.any"
10-11 21:54:47.814: I/ProcessCheckinRequest(5400):     b: 0
10-11 21:54:47.814: I/ProcessCheckinRequest(5400):   >
10-11 21:54:47.814: I/ProcessCheckinRequest(5400):   m <
10-11 21:54:47.814: I/ProcessCheckinRequest(5400):     a: "android.hardware.camera.autofocus"
10-11 21:54:47.814: I/ProcessCheckinRequest(5400):     b: 0
10-11 21:54:47.814: I/ProcessCheckinRequest(5400):   >
10-11 21:54:47.814: I/ProcessCheckinRequest(5400):   m <
10-11 21:54:47.814: I/ProcessCheckinRequest(5400):     a: "android.hardware.camera.flash"
10-11 21:54:47.814: I/ProcessCheckinRequest(5400):     b: 0
10-11 21:54:47.814: I/ProcessCheckinRequest(5400):   >
10-11 21:54:47.814: I/ProcessCheckinRequest(5400):   m <
10-11 21:54:47.814: I/ProcessCheckinRequest(5400):     a: "android.hardware.camera.front"
10-11 21:54:47.814: I/ProcessCheckinRequest(5400):     b: 0
10-11 21:54:47.814: I/ProcessCheckinRequest(5400):   >
10-11 21:54:47.814: I/ProcessCheckinRequest(5400):   m <
10-11 21:54:47.814: I/ProcessCheckinRequest(5400):     a: "android.hardware.ethernet"
10-11 21:54:47.814: I/ProcessCheckinRequest(5400):     b: 0
10-11 21:54:47.814: I/ProcessCheckinRequest(5400):   >
10-11 21:54:47.814: I/ProcessCheckinRequest(5400):   m <
10-11 21:54:47.814: I/ProcessCheckinRequest(5400):     a: "android.hardware.faketouch"
10-11 21:54:47.814: I/ProcessCheckinRequest(5400):     b: 0
10-11 21:54:47.814: I/ProcessCheckinRequest(5400):   >
10-11 21:54:47.814: I/ProcessCheckinRequest(5400):   m <
10-11 21:54:47.814: I/ProcessCheckinRequest(5400):     a: "android.hardware.location"
10-11 21:54:47.814: I/ProcessCheckinRequest(5400):     b: 0
10-11 21:54:47.814: I/ProcessCheckinRequest(5400):   >
10-11 21:54:47.814: I/ProcessCheckinRequest(5400):   m <
10-11 21:54:47.814: I/ProcessCheckinRequest(5400):     a: "android.hardware.location.gps"
10-11 21:54:47.814: I/ProcessCheckinRequest(5400):     b: 0
10-11 21:54:47.814: I/ProcessCheckinRequest(5400):   >
10-11 21:54:47.814: I/ProcessCheckinRequest(5400):   m <
10-11 21:54:47.814: I/ProcessCheckinRequest(5400):     a: "android.hardware.location.network"
10-11 21:54:47.814: I/ProcessCheckinRequest(5400):     b: 0
10-11 21:54:47.814: I/ProcessCheckinRequest(5400):   >
10-11 21:54:47.814: I/ProcessCheckinRequest(5400):   m <
10-11 21:54:47.814: I/ProcessCheckinRequest(5400):     a: "android.hardware.microphone"
10-11 21:54:47.814: I/ProcessCheckinRequest(5400):     b: 0
10-11 21:54:47.814: I/ProcessCheckinRequest(5400):   >
10-11 21:54:47.814: I/ProcessCheckinRequest(5400):   m <
10-11 21:54:47.814: I/ProcessCheckinRequest(5400):     a: "
10-11 21:54:47.824: W/Auth(5384): [GetToken] GetToken failed with status code: INVALID_SCOPE
10-11 21:54:47.824: E/HeterodyneSyncer(5384): Failed to get auth token: INVALID_SCOPE
10-11 21:54:47.824: E/HeterodyneSyncer(5384): dzf: INVALID_SCOPE
10-11 21:54:47.824: E/HeterodyneSyncer(5384): 	at dzj.a(:com.google.android.gms@11519470:16)
10-11 21:54:47.824: E/HeterodyneSyncer(5384): 	at dzi.a(:com.google.android.gms@11519470:2)
10-11 21:54:47.824: E/HeterodyneSyncer(5384): 	at dzi.e(:com.google.android.gms@11519470:6)
10-11 21:54:47.824: E/HeterodyneSyncer(5384): 	at dzg.f(:com.google.android.gms@11519470:3)
10-11 21:54:47.824: E/HeterodyneSyncer(5384): 	at dzg.a(:com.google.android.gms@11519470:4)
10-11 21:54:47.824: E/HeterodyneSyncer(5384): 	at dzg.a(:com.google.android.gms@11519470:7)
10-11 21:54:47.824: E/HeterodyneSyncer(5384): 	at aazh.a(:com.google.android.gms@11519470:30)
10-11 21:54:47.824: E/HeterodyneSyncer(5384): 	at aazj.a(:com.google.android.gms@11519470:27)
10-11 21:54:47.824: E/HeterodyneSyncer(5384): 	at aazj.a(:com.google.android.gms@11519470:158)
10-11 21:54:47.824: E/HeterodyneSyncer(5384): 	at aazj.a(:com.google.android.gms@11519470:284)
10-11 21:54:47.824: E/HeterodyneSyncer(5384): 	at com.google.android.gms.phenotype.sync.HeterodyneSyncTaskChimeraService.a(:com.google.android.gms@11519470:40)
10-11 21:54:47.824: E/HeterodyneSyncer(5384): 	at com.google.android.gms.phenotype.sync.HeterodyneSyncTaskChimeraService.a(:com.google.android.gms@11519470:19)
10-11 21:54:47.824: E/HeterodyneSyncer(5384): 	at ssv.run(:com.google.android.gms@11519470:1)
10-11 21:54:47.824: E/HeterodyneSyncer(5384): 	at java.util.concurrent.ThreadPoolExecutor.runWorker(ThreadPoolExecutor.java:1113)
10-11 21:54:47.824: E/HeterodyneSyncer(5384): 	at java.util.concurrent.ThreadPoolExecutor$Worker.run(ThreadPoolExecutor.java:588)
10-11 21:54:47.824: E/HeterodyneSyncer(5384): 	at java.lang.Thread.run(Thread.java:818)
10-11 21:54:47.839: W/HeterodyneSyncer(5384): Server returned 401... invalidating auth token
10-11 21:54:47.847: I/NetRec(5384): [376] ConfigChangedIntentOperation.onHandleIntent: Handling a Phenotype update
10-11 21:54:47.847: I/NetRec(5384): [376] yjf.b: onConfigChanged()
10-11 21:54:47.855: I/NetRec(5384): [376] yjf.b: Cancelling all NetRec GCM tasks
10-11 21:54:47.857: I/NetRec(5384): [476] ClearDatabaseService.onHandleIntent: Clearing score cache
10-11 21:54:47.928: I/CheckinResponseProcess(5400): From server: 1 gservices updates and 1 deletes
10-11 21:54:47.947: I/NetRec(5384): [376] ConfigChangedIntentOperation.onHandleIntent: Handling a Phenotype update
10-11 21:54:47.947: I/NetRec(5384): [376] yjf.b: onConfigChanged()
10-11 21:54:47.956: I/NetRec(5384): [376] yjf.b: Cancelling all NetRec GCM tasks
10-11 21:54:47.969: W/OcrModelUpStIntentOp(5400): Invalid action: com.google.android.gms.phenotype.COMMITTED
10-11 21:54:47.972: I/NetRec(5384): [466] ClearDatabaseService.onHandleIntent: Clearing score cache
10-11 21:54:47.973: E/IntentOperationSvc(5400): Failed to instantiate Chimera operation impl com.google.android.gms.people.service.SettingsChangedBroadcastIntentOperation, dropping operation
10-11 21:54:47.973: E/IntentOperationSvc(5400): java.lang.reflect.InvocationTargetException
10-11 21:54:47.973: E/IntentOperationSvc(5400): 	at java.lang.reflect.Constructor.newInstance(Native Method)
10-11 21:54:47.973: E/IntentOperationSvc(5400): 	at bwj.a(:com.google.android.gms@11519470:8)
10-11 21:54:47.973: E/IntentOperationSvc(5400): 	at bwk.run(:com.google.android.gms@11519470:69)
10-11 21:54:47.973: E/IntentOperationSvc(5400): 	at java.util.concurrent.ThreadPoolExecutor.runWorker(ThreadPoolExecutor.java:1113)
10-11 21:54:47.973: E/IntentOperationSvc(5400): 	at java.util.concurrent.ThreadPoolExecutor$Worker.run(ThreadPoolExecutor.java:588)
10-11 21:54:47.973: E/IntentOperationSvc(5400): 	at java.lang.Thread.run(Thread.java:818)
10-11 21:54:47.973: E/IntentOperationSvc(5400): Caused by: java.lang.NullPointerException: Attempt to invoke virtual method 'android.content.SharedPreferences android.content.Context.getSharedPreferences(java.lang.String, int)' on a null object reference
10-11 21:54:47.973: E/IntentOperationSvc(5400): 	at android.content.ContextWrapper.getSharedPreferences(ContextWrapper.java:171)
10-11 21:54:47.973: E/IntentOperationSvc(5400): 	at zbv.a(:com.google.android.gms@11519470:6)
10-11 21:54:47.973: E/IntentOperationSvc(5400): 	at com.google.android.gms.people.service.SettingsChangedBroadcastIntentOperation.<init>(:com.google.android.gms@11519470:2)
10-11 21:54:47.973: E/IntentOperationSvc(5400): 	... 6 more
10-11 21:54:47.973: I/MobileDataHub(5400): Using regular flags by method 1
10-11 21:54:47.991: I/PTCommittedOperation(5384): Receive new configuration for com.google.android.gms.devicedoctor
10-11 21:54:47.996: I/PTCommittedOperation(5384): Running Fixer Framework for com.google.android.gms.devicedoctor
10-11 21:54:47.999: W/OcrModelUpStIntentOp(5400): Invalid action: com.google.android.gms.phenotype.COMMITTED
10-11 21:54:47.999: E/IntentOperationSvc(5400): Failed to instantiate Chimera operation impl com.google.android.gms.people.service.SettingsChangedBroadcastIntentOperation, dropping operation
10-11 21:54:47.999: E/IntentOperationSvc(5400): java.lang.reflect.InvocationTargetException
10-11 21:54:47.999: E/IntentOperationSvc(5400): 	at java.lang.reflect.Constructor.newInstance(Native Method)
10-11 21:54:47.999: E/IntentOperationSvc(5400): 	at bwj.a(:com.google.android.gms@11519470:8)
10-11 21:54:47.999: E/IntentOperationSvc(5400): 	at bwk.run(:com.google.android.gms@11519470:69)
10-11 21:54:47.999: E/IntentOperationSvc(5400): 	at java.util.concurrent.ThreadPoolExecutor.runWorker(ThreadPoolExecutor.java:1113)
10-11 21:54:47.999: E/IntentOperationSvc(5400): 	at java.util.concurrent.ThreadPoolExecutor$Worker.run(ThreadPoolExecutor.java:588)
10-11 21:54:47.999: E/IntentOperationSvc(5400): 	at java.lang.Thread.run(Thread.java:818)
10-11 21:54:47.999: E/IntentOperationSvc(5400): Caused by: java.lang.NullPointerException: Attempt to invoke virtual method 'android.content.SharedPreferences android.content.Context.getSharedPreferences(java.lang.String, int)' on a null object reference
10-11 21:54:47.999: E/IntentOperationSvc(5400): 	at android.content.ContextWrapper.getSharedPreferences(ContextWrapper.java:171)
10-11 21:54:47.999: E/IntentOperationSvc(5400): 	at zbv.a(:com.google.android.gms@11519470:6)
10-11 21:54:47.999: E/IntentOperationSvc(5400): 	at com.google.android.gms.people.service.SettingsChangedBroadcastIntentOperation.<init>(:com.google.android.gms@11519470:2)
10-11 21:54:47.999: E/IntentOperationSvc(5400): 	... 6 more
10-11 21:54:48.002: I/PTCommittedOperation(5384): Receive new configuration for com.google.android.gms.people
10-11 21:54:48.056: I/NetRec(5384): [465] ConfigChangedIntentOperation.onHandleIntent: Handling a Phenotype update
10-11 21:54:48.056: I/NetRec(5384): [465] yjf.b: onConfigChanged()
10-11 21:54:48.062: W/OcrModelUpStIntentOp(5400): Invalid action: com.google.android.gms.phenotype.COMMITTED
10-11 21:54:48.063: E/IntentOperationSvc(5400): Failed to instantiate Chimera operation impl com.google.android.gms.people.service.SettingsChangedBroadcastIntentOperation, dropping operation
10-11 21:54:48.063: E/IntentOperationSvc(5400): java.lang.reflect.InvocationTargetException
10-11 21:54:48.063: E/IntentOperationSvc(5400): 	at java.lang.reflect.Constructor.newInstance(Native Method)
10-11 21:54:48.063: E/IntentOperationSvc(5400): 	at bwj.a(:com.google.android.gms@11519470:8)
10-11 21:54:48.063: E/IntentOperationSvc(5400): 	at bwk.run(:com.google.android.gms@11519470:69)
10-11 21:54:48.063: E/IntentOperationSvc(5400): 	at java.util.concurrent.ThreadPoolExecutor.runWorker(ThreadPoolExecutor.java:1113)
10-11 21:54:48.063: E/IntentOperationSvc(5400): 	at java.util.concurrent.ThreadPoolExecutor$Worker.run(ThreadPoolExecutor.java:588)
10-11 21:54:48.063: E/IntentOperationSvc(5400): 	at java.lang.Thread.run(Thread.java:818)
10-11 21:54:48.063: E/IntentOperationSvc(5400): Caused by: java.lang.NullPointerException: Attempt to invoke virtual method 'android.content.SharedPreferences android.content.Context.getSharedPreferences(java.lang.String, int)' on a null object reference
10-11 21:54:48.063: E/IntentOperationSvc(5400): 	at android.content.ContextWrapper.getSharedPreferences(ContextWrapper.java:171)
10-11 21:54:48.063: E/IntentOperationSvc(5400): 	at zbv.a(:com.google.android.gms@11519470:6)
10-11 21:54:48.063: E/IntentOperationSvc(5400): 	at com.google.android.gms.people.service.SettingsChangedBroadcastIntentOperation.<init>(:com.google.android.gms@11519470:2)
10-11 21:54:48.063: E/IntentOperationSvc(5400): 	... 6 more
10-11 21:54:48.064: I/PTCommittedOperation(5384): Receive new configuration for com.google.android.gms.icing
10-11 21:54:48.113: I/NetRec(5384): [465] yjf.b: Cancelling all NetRec GCM tasks
10-11 21:54:48.113: I/NetRec(5384): [466] ClearDatabaseService.onHandleIntent: Clearing score cache
10-11 21:54:48.127: I/NetRec(5384): [465] ConfigChangedIntentOperation.onHandleIntent: Handling a Phenotype update
10-11 21:54:48.127: I/NetRec(5384): [465] yjf.b: onConfigChanged()
10-11 21:54:48.129: I/NetRec(5384): [465] yjf.b: Cancelling all NetRec GCM tasks
10-11 21:54:48.132: I/Remoter(1331): Saved screenshot to '/data/screenshots/__pmv__-0088.jpg'
10-11 21:54:48.138: I/NetRec(5384): [465] ClearDatabaseService.onHandleIntent: Clearing score cache
10-11 21:54:48.186: I/GservicesProvider(2351): main difference update completed
10-11 21:54:48.197: I/ActivityManager(1720): Start proc 6281:com.google.android.configupdater/u0a4 for broadcast com.google.android.configupdater/.CertPin.CertPinUpdateRequestReceiver
10-11 21:54:48.215: I/Telecom(1720): PhoneAccountRegistrar: SimCallManager queried, returning: null
10-11 21:54:48.216: I/Babel_telephony(3955): TeleModule.updateConnectionManagerRegistration, registration preference changed from false to false
10-11 21:54:48.216: W/Babel(3955): BAM#gBA: invalid account id: -1
10-11 21:54:48.216: W/Babel(3955): BAM#gBA: invalid account id: -1
10-11 21:54:48.216: I/Babel_telephony(3955): TeleModule.updateIncomingCallRegistration, preferred account for incoming calls changed from: null to null
10-11 21:54:48.217: I/ProcessCheckinRequest(5400): updateCheckinIdTokenFileFromResponse, Reading existing AID
10-11 21:54:48.218: I/CheckinRequestBuilder(5400): Checkin reason type: 4 attempt count: 1
10-11 21:54:48.225: E/ActivityThread(5400): Failed to find provider info for com.google.android.wearable.settings
10-11 21:54:48.251: I/NetRec(5384): [466] ConfigChangedIntentOperation.onHandleIntent: Handling a Phenotype update
10-11 21:54:48.252: I/NetRec(5384): [466] yjf.b: onConfigChanged()
10-11 21:54:48.256: I/NetRec(5384): [466] yjf.b: Cancelling all NetRec GCM tasks
10-11 21:54:48.306: I/HeterodyneSyncScheduler(5384): Scheduling adaptive one off task with window [14400, 604800] in seconds
10-11 21:54:48.322: W/ConfigurationChimeraProvider(5384): Got null configs for com.google.android.gms.nearby
10-11 21:54:48.332: I/NetRec(5384): [466] ClearDatabaseService.onHandleIntent: Clearing score cache
10-11 21:54:48.336: W/System(6281): ClassLoader referenced unknown path: /system/priv-app/ConfigUpdater/lib/x86
10-11 21:54:48.358: E/ConfigUpdater(6281): Received malformed URL while handling Gservices.CHANGED_ACTION intent_firewall: null null
10-11 21:54:48.368: E/ConfigUpdater(6281): Received malformed URL while handling Gservices.CHANGED_ACTION apn_db: null null
10-11 21:54:48.369: E/ConfigUpdater(6281): Received malformed URL while handling Gservices.CHANGED_ACTION tzdata: null null
10-11 21:54:48.372: E/ConfigUpdater(6281): Received malformed URL while handling Gservices.CHANGED_ACTION selinux: null null
10-11 21:54:48.386: E/ConfigUpdater(6281): Received malformed URL while handling Gservices.CHANGED_ACTION carrier_provisioning_urls: null null
10-11 21:54:48.398: I/ActivityManager(1720): Start proc 6311:com.google.android.apps.gcs/u0a9 for broadcast com.google.android.apps.gcs/.receiver.GservicesChangedReceiver
10-11 21:54:48.398: I/ActivityManager(1720): Killing 4671:com.google.android.partnersetup/u0a16 (adj 15): empty #17
10-11 21:54:48.460: D/ActivityManager(1720): cleanUpApplicationRecord -- 4671
10-11 21:54:48.461: I/CAR.SERVICE(5988): Skip, no clients bound.
10-11 21:54:48.476: I/NetRec(5384): [466] ConfigChangedIntentOperation.onHandleIntent: Handling a Phenotype update
10-11 21:54:48.476: I/NetRec(5384): [466] yjf.b: onConfigChanged()
10-11 21:54:48.496: I/NetRec(5384): [466] yjf.b: Cancelling all NetRec GCM tasks
10-11 21:54:48.506: I/NetRec(5384): [475] ClearDatabaseService.onHandleIntent: Clearing score cache
10-11 21:54:48.540: I/NetRec(5384): [466] ConfigChangedIntentOperation.onHandleIntent: Handling a Phenotype update
10-11 21:54:48.540: I/NetRec(5384): [466] yjf.b: onConfigChanged()
10-11 21:54:48.544: W/System(6311): ClassLoader referenced unknown path: /system/priv-app/GCS/lib/x86
10-11 21:54:48.546: I/NetRec(5384): [476] ClearDatabaseService.onHandleIntent: Clearing score cache
10-11 21:54:48.547: I/NetRec(5384): [466] yjf.b: Cancelling all NetRec GCM tasks
10-11 21:54:48.556: W/UdcContextManagerHelper(5384): Empty context buffer. Thus might mean that the context is not synced down.
10-11 21:54:48.556: W/UploadOptInStatusOp(5384): Empty context model while retrieving upload opt-in status!
10-11 21:54:48.564: W/ClientExperimentManager(6311): [1] d.a: com.google.android.apps.gcs does not have permission com.google.android.apps.gcs.WRITE_EXPERIMENTS; disabling overrides
10-11 21:54:48.572: I/Auth(5384): [ReflectiveChannelBinder] Successfully bound channel!
10-11 21:54:48.574: W/InstanceID/Rpc(6311): Found 10010
10-11 21:54:48.587: I/ActivityManager(1720): Start proc 6337:com.google.android.partnersetup/u0a16 for broadcast com.google.android.partnersetup/.GservicesChangedReceiver
10-11 21:54:48.588: I/ActivityManager(1720): Killing 5768:com.android.chrome/u0a36 (adj 15): empty #17
10-11 21:54:48.629: D/ActivityManager(1720): cleanUpApplicationRecord -- 5768
10-11 21:54:48.631: I/NetRec(5384): [466] ConfigChangedIntentOperation.onHandleIntent: Handling a Phenotype update
10-11 21:54:48.631: I/NetRec(5384): [466] yjf.b: onConfigChanged()
10-11 21:54:48.636: I/NetRec(5384): [466] yjf.b: Cancelling all NetRec GCM tasks
10-11 21:54:48.636: I/NetRec(5384): [475] ClearDatabaseService.onHandleIntent: Clearing score cache
10-11 21:54:48.649: W/ConfigurationChimeraProvider(5384): Got null configs for com.google.android.gms.ads
10-11 21:54:48.655: E/ctxmgr(5384): [NetworkUtil]No active synchronizable contexts.
10-11 21:54:48.662: I/NetRec(5384): [466] ConfigChangedIntentOperation.onHandleIntent: Handling a Phenotype update
10-11 21:54:48.662: I/NetRec(5384): [466] yjf.b: onConfigChanged()
10-11 21:54:48.669: I/NetRec(5384): [466] yjf.b: Cancelling all NetRec GCM tasks
10-11 21:54:48.670: I/NetRec(5384): [476] ClearDatabaseService.onHandleIntent: Clearing score cache
10-11 21:54:48.682: W/System(6337): ClassLoader referenced unknown path: /system/priv-app/GooglePartnerSetup/lib/x86
10-11 21:54:48.703: W/Conscrypt(5384): Could not set socket write timeout:
10-11 21:54:48.703: W/Conscrypt(5384):    java.lang.reflect.Method.invoke(Native Method)
10-11 21:54:48.704: W/Conscrypt(5384):    com.google.android.gms.org.conscrypt.Platform.setSocketWriteTimeout(:com.google.android.gms@11519470:13)
10-11 21:54:48.705: I/NetRec(5384): [466] ConfigChangedIntentOperation.onHandleIntent: Handling a Phenotype update
10-11 21:54:48.706: I/NetRec(5384): [466] yjf.b: onConfigChanged()
10-11 21:54:48.709: I/NetRec(5384): [475] ClearDatabaseService.onHandleIntent: Clearing score cache
10-11 21:54:48.715: I/NetRec(5384): [466] yjf.b: Cancelling all NetRec GCM tasks
10-11 21:54:48.724: I/ActivityManager(1720): Killing 5664:com.google.process.gapps/u0a43 (adj 15): empty #17
10-11 21:54:48.729: W/Conscrypt(5384): Could not set socket write timeout:
10-11 21:54:48.729: W/Conscrypt(5384):    java.lang.reflect.Method.invoke(Native Method)
10-11 21:54:48.729: W/Conscrypt(5384):    com.google.android.gms.org.conscrypt.Platform.setSocketWriteTimeout(:com.google.android.gms@11519470:13)
10-11 21:54:48.740: W/Conscrypt(5384): Could not set socket write timeout:
10-11 21:54:48.741: W/Conscrypt(5384):    java.lang.reflect.Method.invoke(Native Method)
10-11 21:54:48.741: W/Conscrypt(5384):    com.google.android.gms.org.conscrypt.Platform.setSocketWriteTimeout(:com.google.android.gms@11519470:13)
10-11 21:54:48.742: W/Conscrypt(5384): Could not set socket write timeout:
10-11 21:54:48.742: W/Conscrypt(5384):    java.lang.reflect.Method.invoke(Native Method)
10-11 21:54:48.742: W/Conscrypt(5384):    com.google.android.gms.org.conscrypt.Platform.setSocketWriteTimeout(:com.google.android.gms@11519470:13)
10-11 21:54:48.748: W/Conscrypt(5384): Could not set socket write timeout:
10-11 21:54:48.748: W/Conscrypt(5384):    java.lang.reflect.Method.invoke(Native Method)
10-11 21:54:48.748: W/Conscrypt(5384):    com.google.android.gms.org.conscrypt.Platform.setSocketWriteTimeout(:com.google.android.gms@11519470:13)
10-11 21:54:48.749: W/Conscrypt(5384): Could not set socket write timeout:
10-11 21:54:48.750: W/Conscrypt(5384):    java.lang.reflect.Method.invoke(Native Method)
10-11 21:54:48.751: W/Conscrypt(5384):    com.google.android.gms.org.conscrypt.Platform.setSocketWriteTimeout(:com.google.android.gms@11519470:13)
10-11 21:54:48.791: D/ActivityManager(1720): cleanUpApplicationRecord -- 5664
10-11 21:54:48.795: I/NetRec(5384): [475] ConfigChangedIntentOperation.onHandleIntent: Handling a Phenotype update
10-11 21:54:48.795: I/NetRec(5384): [475] yjf.b: onConfigChanged()
10-11 21:54:48.796: I/GservicesUpdateTask(4735): Updating Gservices keys
10-11 21:54:48.809: I/NetRec(5384): [475] yjf.b: Cancelling all NetRec GCM tasks
10-11 21:54:48.814: I/NetRec(5384): [475] ClearDatabaseService.onHandleIntent: Clearing score cache
10-11 21:54:48.836: I/GeofencerStateMachine(5384): sendQueryLocationOptIn
10-11 21:54:48.837: I/GeofencerStateMachine(5384): sendQueryLocationOptIn
10-11 21:54:48.837: I/GeofencerStateMachine(5384): Network location disabled.
10-11 21:54:48.837: I/GeofencerStateMachine(5384): sendQueryLocationOptIn
10-11 21:54:48.846: E/ChimeraProxyRslvr(5400): Failed to instantiate com.google.android.gms.checkin.CheckinChimeraService$Receiver: java.lang.ClassNotFoundException: Didn't find class "com.google.android.gms.checkin.CheckinChimeraService$Receiver" on path: DexPathList[[zip file "/system/framework/com.android.location.provider.jar", zip file "/system/framework/com.android.media.remotedisplay.jar", zip file "/data/app/com.google.android.gms-1/base.apk"],nativeLibraryDirectories=[/data/app/com.google.android.gms-1/lib/x86, /data/app/com.google.android.gms-1/base.apk!/lib/x86, /vendor/lib, /system/lib]]
10-11 21:54:48.846: E/ChimeraRcvrProxy(5400): com.google.android.gms.checkin.CheckinServiceReceiver dropping broadcast com.google.gservices.intent.action.GSERVICES_CHANGED
10-11 21:54:48.848: I/GeofencerStateMachine(5384): sendQueryLocationOptIn
10-11 21:54:48.849: I/GeofencerStateMachine(5384): sendQueryLocationOptIn
10-11 21:54:48.856: I/NetRec(5384): [476] ConfigChangedIntentOperation.onHandleIntent: Handling a Phenotype update
10-11 21:54:48.856: I/NetRec(5384): [476] yjf.b: onConfigChanged()
10-11 21:54:48.869: I/ActivityManager(1720): Killing 3955:com.google.android.talk/u0a50 (adj 15): empty #17
10-11 21:54:48.874: W/Auth(5384): [GetToken] GetToken failed with status code: INVALID_SCOPE
10-11 21:54:48.874: W/Auth(5384): [GetToken] GetToken failed with status code: INVALID_SCOPE
10-11 21:54:48.875: W/Auth(5384): [GetToken] GetToken failed with status code: INVALID_SCOPE
10-11 21:54:48.937: I/NetRec(5384): [476] yjf.b: Cancelling all NetRec GCM tasks
10-11 21:54:48.937: I/art(5400): Background partial concurrent mark sweep GC freed 48790(3MB) AllocSpace objects, 33(1988KB) LOS objects, 34% free, 30MB/46MB, paused 608us total 108.548ms
10-11 21:54:48.938: D/ActivityManager(1720): cleanUpApplicationRecord -- 3955
10-11 21:54:48.947: W/AuthSessionAuthenticato(5384): Auth related exception is being ignored: INVALID_SCOPE
10-11 21:54:48.948: E/CheckinRequestBuilder(5400): Unrecoverable authentication exception: INVALID_SCOPE
10-11 21:54:48.948: E/CheckinRequestBuilder(5400): dzf: INVALID_SCOPE
10-11 21:54:48.948: E/CheckinRequestBuilder(5400): 	at dzj.a(:com.google.android.gms@11519470:16)
10-11 21:54:48.948: E/CheckinRequestBuilder(5400): 	at dzi.a(:com.google.android.gms@11519470:2)
10-11 21:54:48.948: E/CheckinRequestBuilder(5400): 	at dzi.e(:com.google.android.gms@11519470:6)
10-11 21:54:48.948: E/CheckinRequestBuilder(5400): 	at dzg.f(:com.google.android.gms@11519470:3)
10-11 21:54:48.948: E/CheckinRequestBuilder(5400): 	at dzg.a(:com.google.android.gms@11519470:4)
10-11 21:54:48.948: E/CheckinRequestBuilder(5400): 	at kbi.a(:com.google.android.gms@11519470:203)
10-11 21:54:48.948: E/CheckinRequestBuilder(5400): 	at kci.a(:com.google.android.gms@11519470:17)
10-11 21:54:48.948: E/CheckinRequestBuilder(5400): 	at kci.a(:com.google.android.gms@11519470:181)
10-11 21:54:48.948: E/CheckinRequestBuilder(5400): 	at com.google.android.gms.checkin.CheckinChimeraService.a(:com.google.android.gms@11519470:148)
10-11 21:54:48.948: E/CheckinRequestBuilder(5400): 	at kbe.run(:com.google.android.gms@11519470:2)
10-11 21:54:48.948: E/CheckinRequestBuilder(5400): 	at mmo.run(:com.google.android.gms@11519470:25)
10-11 21:54:48.948: E/CheckinRequestBuilder(5400): 	at java.util.concurrent.ThreadPoolExecutor.runWorker(ThreadPoolExecutor.java:1113)
10-11 21:54:48.948: E/CheckinRequestBuilder(5400): 	at java.util.concurrent.ThreadPoolExecutor$Worker.run(ThreadPoolExecutor.java:588)
10-11 21:54:48.948: E/CheckinRequestBuilder(5400): 	at mrv.run(:com.google.android.gms@11519470)
10-11 21:54:48.948: E/CheckinRequestBuilder(5400): 	at java.lang.Thread.run(Thread.java:818)
10-11 21:54:48.987: I/CheckinUtil(5400): Classify the device as Phone.
10-11 21:54:48.997: I/NetRec(5384): [476] ConfigChangedIntentOperation.onHandleIntent: Handling a Phenotype update
10-11 21:54:48.997: I/NetRec(5384): [476] yjf.b: onConfigChanged()
10-11 21:54:49.008: I/NetRec(5384): [476] yjf.b: Cancelling all NetRec GCM tasks
10-11 21:54:49.010: I/NetRec(5384): [475] ConfigChangedIntentOperation.onHandleIntent: Handling a Phenotype update
10-11 21:54:49.010: I/NetRec(5384): [475] yjf.b: onConfigChanged()
10-11 21:54:49.012: I/NetRec(5384): [475] yjf.b: Cancelling all NetRec GCM tasks
10-11 21:54:49.027: V/EmulatedCamera_Factory(1345): getCameraInfo: id = 0
10-11 21:54:49.027: V/EmulatedCamera_Camera(1345): getCameraInfo
10-11 21:54:49.027: V/EmulatedCamera_BaseCamera(1345): getCameraInfo
10-11 21:54:49.028: I/OcrModelUpStIntentOp(5400): Updating ocr activity enabled=true (phenotypeFlag=true, lowRamDevice=false, prereqCheck=true)
10-11 21:54:49.028: I/NetRec(5384): [475] ConfigChangedIntentOperation.onHandleIntent: Handling a Phenotype update
10-11 21:54:49.028: I/NetRec(5384): [475] yjf.b: onConfigChanged()
10-11 21:54:49.033: I/NetRec(5384): [475] yjf.b: Cancelling all NetRec GCM tasks
10-11 21:54:49.070: I/GeofencerStateMachine(5384): sendQueryLocationOptIn
10-11 21:54:49.071: I/GeofencerStateMachine(5384): sendQueryLocationOptIn
10-11 21:54:49.071: I/NetRec(5384): [466] ClearDatabaseService.onHandleIntent: Clearing score cache
10-11 21:54:49.078: I/Auth(5384): [ReflectiveChannelBinder] Successfully bound channel!
10-11 21:54:49.085: I/NetRec(5384): [466] ClearDatabaseService.onHandleIntent: Clearing score cache
10-11 21:54:49.085: I/NetRec(5384): [466] ClearDatabaseService.onHandleIntent: Clearing score cache
10-11 21:54:49.086: I/NetRec(5384): [466] ClearDatabaseService.onHandleIntent: Clearing score cache
10-11 21:54:49.089: I/NetRec(5384): [466] ConfigChangedIntentOperation.onHandleIntent: Handling an overridden GServices change
10-11 21:54:49.089: I/NetRec(5384): [466] yjf.b: onConfigChanged()
10-11 21:54:49.090: I/NetRec(5384): [466] yjf.b: Cancelling all NetRec GCM tasks
10-11 21:54:49.094: I/GCoreUlr(5384): Starting service, intent=Intent { act=com.google.android.location.reporting.ACTION_UPDATE_WORLD cmp=com.google.android.gms/com.google.android.location.reporting.service.DispatchingService (has extras) }, extras=Bundle[{receiverAction=com.google.gservices.intent.action.GSERVICES_CHANGED}]
10-11 21:54:49.096: I/NetRec(5384): [466] ClearDatabaseService.onHandleIntent: Clearing score cache
10-11 21:54:49.107: I/PTCommittedOperation(5384): Receive new configuration for com.google.android.gms.people.ui
10-11 21:54:49.108: W/GLSUser(5384): [DeviceKeyStore] Cannot load key: Device key file not found.
10-11 21:54:49.118: W/GLSUser(5384): [DeviceKeyStore] Cannot load key: Device key file not found.
10-11 21:54:49.118: E/ctxmgr(5384): [BaseServerTask]Server task (FetchAclSet) got error statusCode=-1.
10-11 21:54:49.118: E/ctxmgr(5384): com.android.volley.VolleyError: Unable to obtain auth token - is the device online?
10-11 21:54:49.118: E/ctxmgr(5384): 	at ciz.a(:com.google.android.gms@11519470:39)
10-11 21:54:49.118: E/ctxmgr(5384): 	at cei.run(:com.google.android.gms@11519470:2)
10-11 21:54:49.118: E/ctxmgr(5384): 	at ceg.handleMessage(:com.google.android.gms@11519470:3)
10-11 21:54:49.118: E/ctxmgr(5384): 	at mme.run(:com.google.android.gms@11519470:6)
10-11 21:54:49.118: E/ctxmgr(5384): 	at mmo.run(:com.google.android.gms@11519470:25)
10-11 21:54:49.118: E/ctxmgr(5384): 	at java.util.concurrent.ThreadPoolExecutor.runWorker(ThreadPoolExecutor.java:1113)
10-11 21:54:49.118: E/ctxmgr(5384): 	at java.util.concurrent.ThreadPoolExecutor$Worker.run(ThreadPoolExecutor.java:588)
10-11 21:54:49.118: E/ctxmgr(5384): 	at mrv.run(:com.google.android.gms@11519470)
10-11 21:54:49.118: E/ctxmgr(5384): 	at java.lang.Thread.run(Thread.java:818)
10-11 21:54:49.142: E/ProcessCheckinRequest(5400): CheckinNowTaskTag : Checkin Succeeded: https://android.clients.google.com/checkin (request #1): 
10-11 21:54:49.148: E/IntentOperationSvc(5400): Failed to instantiate Chimera operation impl com.google.android.gms.people.service.SettingsChangedBroadcastIntentOperation, dropping operation
10-11 21:54:49.148: E/IntentOperationSvc(5400): java.lang.reflect.InvocationTargetException
10-11 21:54:49.148: E/IntentOperationSvc(5400): 	at java.lang.reflect.Constructor.newInstance(Native Method)
10-11 21:54:49.148: E/IntentOperationSvc(5400): 	at bwj.a(:com.google.android.gms@11519470:8)
10-11 21:54:49.148: E/IntentOperationSvc(5400): 	at bwk.run(:com.google.android.gms@11519470:69)
10-11 21:54:49.148: E/IntentOperationSvc(5400): 	at java.util.concurrent.ThreadPoolExecutor.runWorker(ThreadPoolExecutor.java:1113)
10-11 21:54:49.148: E/IntentOperationSvc(5400): 	at java.util.concurrent.ThreadPoolExecutor$Worker.run(ThreadPoolExecutor.java:588)
10-11 21:54:49.148: E/IntentOperationSvc(5400): 	at java.lang.Thread.run(Thread.java:818)
10-11 21:54:49.148: E/IntentOperationSvc(5400): Caused by: java.lang.NullPointerException: Attempt to invoke virtual method 'android.content.SharedPreferences android.content.Context.getSharedPreferences(java.lang.String, int)' on a null object reference
10-11 21:54:49.148: E/IntentOperationSvc(5400): 	at android.content.ContextWrapper.getSharedPreferences(ContextWrapper.java:171)
10-11 21:54:49.148: E/IntentOperationSvc(5400): 	at zbv.a(:com.google.android.gms@11519470:6)
10-11 21:54:49.148: E/IntentOperationSvc(5400): 	at com.google.android.gms.people.service.SettingsChangedBroadcastIntentOperation.<init>(:com.google.android.gms@11519470:2)
10-11 21:54:49.148: E/IntentOperationSvc(5400): 	... 6 more
10-11 21:54:49.153: E/ConfigFileUtils(5400): Failed to read config file: /data/data/com.google.android.gms/app_chimera/current_modulesets.pb: open failed: ENOENT (No such file or directory)
10-11 21:54:49.155: W/ConfigurationChimeraProvider(5384): Got null configs for com.google.android.gms.chromesync
10-11 21:54:49.158: I/NetRec(5384): [475] ConfigChangedIntentOperation.onHandleIntent: Handling a Phenotype update
10-11 21:54:49.158: I/NetRec(5384): [475] yjf.b: onConfigChanged()
10-11 21:54:49.170: W/ActivityManager(1720): Unable to start service Intent { cmp=com.google.android.gms/.analytics.service.RefreshEnabledStateService } U=0: not found
10-11 21:54:49.180: I/OcrModelUpStIntentOp(5400): Downloading text recognizer
10-11 21:54:49.181: W/OcrModelUpStIntentOp(5400): Invalid action: com.google.android.gms.phenotype.COMMITTED
10-11 21:54:49.189: E/IntentOperationSvc(5400): Failed to instantiate Chimera operation impl com.google.android.gms.people.service.SettingsChangedBroadcastIntentOperation, dropping operation
10-11 21:54:49.189: E/IntentOperationSvc(5400): java.lang.reflect.InvocationTargetException
10-11 21:54:49.189: E/IntentOperationSvc(5400): 	at java.lang.reflect.Constructor.newInstance(Native Method)
10-11 21:54:49.189: E/IntentOperationSvc(5400): 	at bwj.a(:com.google.android.gms@11519470:8)
10-11 21:54:49.189: E/IntentOperationSvc(5400): 	at bwk.run(:com.google.android.gms@11519470:69)
10-11 21:54:49.189: E/IntentOperationSvc(5400): 	at java.util.concurrent.ThreadPoolExecutor.runWorker(ThreadPoolExecutor.java:1113)
10-11 21:54:49.189: E/IntentOperationSvc(5400): 	at java.util.concurrent.ThreadPoolExecutor$Worker.run(ThreadPoolExecutor.java:588)
10-11 21:54:49.189: E/IntentOperationSvc(5400): 	at java.lang.Thread.run(Thread.java:818)
10-11 21:54:49.189: E/IntentOperationSvc(5400): Caused by: java.lang.NullPointerException: Attempt to invoke virtual method 'android.content.SharedPreferences android.content.Context.getSharedPreferences(java.lang.String, int)' on a null object reference
10-11 21:54:49.189: E/IntentOperationSvc(5400): 	at android.content.ContextWrapper.getSharedPreferences(ContextWrapper.java:171)
10-11 21:54:49.189: E/IntentOperationSvc(5400): 	at zbv.a(:com.google.android.gms@11519470:6)
10-11 21:54:49.189: E/IntentOperationSvc(5400): 	at com.google.android.gms.people.service.SettingsChangedBroadcastIntentOperation.<init>(:com.google.android.gms@11519470:2)
10-11 21:54:49.189: E/IntentOperationSvc(5400): 	... 6 more
10-11 21:54:49.198: I/PTCommittedOperation(5384): Receive new configuration for com.google.android.gms.magictether
10-11 21:54:49.202: E/IntentOperationSvc(5400): Failed to instantiate Chimera operation impl com.google.android.gms.people.service.SettingsChangedBroadcastIntentOperation, dropping operation
