10-16 23:59:29.656: E/IntentOperationSvc(6103): Caused by: java.lang.NullPointerException: Attempt to invoke virtual method 'android.content.SharedPreferences android.content.Context.getSharedPreferences(java.lang.String, int)' on a null object reference
10-16 23:59:29.656: E/IntentOperationSvc(6103): 	at android.content.ContextWrapper.getSharedPreferences(ContextWrapper.java:167)
10-16 23:59:29.656: E/IntentOperationSvc(6103): 	at zbv.a(:com.google.android.gms@11519470:6)
10-16 23:59:29.656: E/IntentOperationSvc(6103): 	at com.google.android.gms.people.service.SettingsChangedBroadcastIntentOperation.<init>(:com.google.android.gms@11519470:2)
10-16 23:59:29.656: E/IntentOperationSvc(6103): 	... 7 more
10-16 23:59:29.658: I/PTCommittedOperation(6082): Receive new configuration for com.google.android.gms.magictether
10-16 23:59:29.676: I/NetRec(6082): [594] ConfigChangedIntentOperation.onHandleIntent: Handling a Phenotype update
10-16 23:59:29.676: I/NetRec(6082): [594] yjf.b: onConfigChanged()
10-16 23:59:29.681: E/IntentOperationSvc(6103): Failed to instantiate Chimera operation impl com.google.android.gms.people.service.SettingsChangedBroadcastIntentOperation, dropping operation
10-16 23:59:29.681: E/IntentOperationSvc(6103): java.lang.reflect.InvocationTargetException
10-16 23:59:29.681: E/IntentOperationSvc(6103): 	at java.lang.reflect.Constructor.newInstance0(Native Method)
10-16 23:59:29.681: E/IntentOperationSvc(6103): 	at java.lang.reflect.Constructor.newInstance(Constructor.java:334)
10-16 23:59:29.681: E/IntentOperationSvc(6103): 	at bwj.a(:com.google.android.gms@11519470:8)
10-16 23:59:29.681: E/IntentOperationSvc(6103): 	at bwk.run(:com.google.android.gms@11519470:69)
10-16 23:59:29.681: E/IntentOperationSvc(6103): 	at java.util.concurrent.ThreadPoolExecutor.runWorker(ThreadPoolExecutor.java:1162)
10-16 23:59:29.681: E/IntentOperationSvc(6103): 	at java.util.concurrent.ThreadPoolExecutor$Worker.run(ThreadPoolExecutor.java:636)
10-16 23:59:29.681: E/IntentOperationSvc(6103): 	at java.lang.Thread.run(Thread.java:764)
10-16 23:59:29.681: E/IntentOperationSvc(6103): Caused by: java.lang.NullPointerException: Attempt to invoke virtual method 'android.content.SharedPreferences android.content.Context.getSharedPreferences(java.lang.String, int)' on a null object reference
10-16 23:59:29.681: E/IntentOperationSvc(6103): 	at android.content.ContextWrapper.getSharedPreferences(ContextWrapper.java:167)
10-16 23:59:29.681: E/IntentOperationSvc(6103): 	at zbv.a(:com.google.android.gms@11519470:6)
10-16 23:59:29.681: E/IntentOperationSvc(6103): 	at com.google.android.gms.people.service.SettingsChangedBroadcastIntentOperation.<init>(:com.google.android.gms@11519470:2)
10-16 23:59:29.681: E/IntentOperationSvc(6103): 	... 7 more
10-16 23:59:29.681: W/OcrModelUpStIntentOp(6103): Invalid action: com.google.android.gms.phenotype.COMMITTED
10-16 23:59:29.694: I/PTCommittedOperation(6082): Receive new configuration for com.google.android.gms.matchstick
10-16 23:59:29.722: I/MagicTether(6082): [HostValidator] InvalidHost. MobileData: true, Tethering: true, whitelist: false, ble: true
10-16 23:59:29.729: I/MagicTether(6625): [HostValidator] InvalidHost. MobileData: true, Tethering: true, whitelist: false, ble: true
10-16 23:59:29.749: I/NetRec(6082): [594] ConfigChangedIntentOperation.onHandleIntent: Handling a Phenotype update
10-16 23:59:29.749: I/NetRec(6082): [594] yjf.b: onConfigChanged()
10-16 23:59:29.751: E/IntentOperationSvc(6103): Failed to instantiate Chimera operation impl com.google.android.gms.people.service.SettingsChangedBroadcastIntentOperation, dropping operation
10-16 23:59:29.751: E/IntentOperationSvc(6103): java.lang.reflect.InvocationTargetException
10-16 23:59:29.751: E/IntentOperationSvc(6103): 	at java.lang.reflect.Constructor.newInstance0(Native Method)
10-16 23:59:29.751: E/IntentOperationSvc(6103): 	at java.lang.reflect.Constructor.newInstance(Constructor.java:334)
10-16 23:59:29.751: E/IntentOperationSvc(6103): 	at bwj.a(:com.google.android.gms@11519470:8)
10-16 23:59:29.751: E/IntentOperationSvc(6103): 	at bwk.run(:com.google.android.gms@11519470:69)
10-16 23:59:29.751: E/IntentOperationSvc(6103): 	at java.util.concurrent.ThreadPoolExecutor.runWorker(ThreadPoolExecutor.java:1162)
10-16 23:59:29.751: E/IntentOperationSvc(6103): 	at java.util.concurrent.ThreadPoolExecutor$Worker.run(ThreadPoolExecutor.java:636)
10-16 23:59:29.751: E/IntentOperationSvc(6103): 	at java.lang.Thread.run(Thread.java:764)
10-16 23:59:29.751: E/IntentOperationSvc(6103): Caused by: java.lang.NullPointerException: Attempt to invoke virtual method 'android.content.SharedPreferences android.content.Context.getSharedPreferences(java.lang.String, int)' on a null object reference
10-16 23:59:29.751: E/IntentOperationSvc(6103): 	at android.content.ContextWrapper.getSharedPreferences(ContextWrapper.java:167)
10-16 23:59:29.751: E/IntentOperationSvc(6103): 	at zbv.a(:com.google.android.gms@11519470:6)
10-16 23:59:29.751: E/IntentOperationSvc(6103): 	at com.google.android.gms.people.service.SettingsChangedBroadcastIntentOperation.<init>(:com.google.android.gms@11519470:2)
10-16 23:59:29.751: E/IntentOperationSvc(6103): 	... 7 more
10-16 23:59:29.751: W/OcrModelUpStIntentOp(6103): Invalid action: com.google.android.gms.phenotype.COMMITTED
10-16 23:59:29.752: I/PTCommittedOperation(6082): Receive new configuration for com.google.android.gms.audit
10-16 23:59:29.782: I/NetRec(6082): [563] ConfigChangedIntentOperation.onHandleIntent: Handling a Phenotype update
10-16 23:59:29.782: I/NetRec(6082): [563] yjf.b: onConfigChanged()
10-16 23:59:29.784: W/OcrModelUpStIntentOp(6103): Invalid action: com.google.android.gms.phenotype.COMMITTED
10-16 23:59:29.784: E/IntentOperationSvc(6103): Failed to instantiate Chimera operation impl com.google.android.gms.people.service.SettingsChangedBroadcastIntentOperation, dropping operation
10-16 23:59:29.784: E/IntentOperationSvc(6103): java.lang.reflect.InvocationTargetException
10-16 23:59:29.784: E/IntentOperationSvc(6103): 	at java.lang.reflect.Constructor.newInstance0(Native Method)
10-16 23:59:29.784: E/IntentOperationSvc(6103): 	at java.lang.reflect.Constructor.newInstance(Constructor.java:334)
10-16 23:59:29.784: E/IntentOperationSvc(6103): 	at bwj.a(:com.google.android.gms@11519470:8)
10-16 23:59:29.784: E/IntentOperationSvc(6103): 	at bwk.run(:com.google.android.gms@11519470:69)
10-16 23:59:29.784: E/IntentOperationSvc(6103): 	at java.util.concurrent.ThreadPoolExecutor.runWorker(ThreadPoolExecutor.java:1162)
10-16 23:59:29.784: E/IntentOperationSvc(6103): 	at java.util.concurrent.ThreadPoolExecutor$Worker.run(ThreadPoolExecutor.java:636)
10-16 23:59:29.784: E/IntentOperationSvc(6103): 	at java.lang.Thread.run(Thread.java:764)
10-16 23:59:29.784: E/IntentOperationSvc(6103): Caused by: java.lang.NullPointerException: Attempt to invoke virtual method 'android.content.SharedPreferences android.content.Context.getSharedPreferences(java.lang.String, int)' on a null object reference
10-16 23:59:29.784: E/IntentOperationSvc(6103): 	at android.content.ContextWrapper.getSharedPreferences(ContextWrapper.java:167)
10-16 23:59:29.784: E/IntentOperationSvc(6103): 	at zbv.a(:com.google.android.gms@11519470:6)
10-16 23:59:29.784: E/IntentOperationSvc(6103): 	at com.google.android.gms.people.service.SettingsChangedBroadcastIntentOperation.<init>(:com.google.android.gms@11519470:2)
10-16 23:59:29.784: E/IntentOperationSvc(6103): 	... 7 more
10-16 23:59:29.788: I/PTCommittedOperation(6082): Receive new configuration for com.google.android.gms.auth.api.credentials
10-16 23:59:29.793: W/UdcContextManagerHelper(6082): Empty context buffer. Thus might mean that the context is not synced down.
10-16 23:59:29.793: W/UploadOptInStatusOp(6082): Empty context model while retrieving upload opt-in status!
10-16 23:59:29.804: I/CheckinCompat(6103): No service .checkin.CheckinService to disable
10-16 23:59:29.804: I/CheckinCompat(6103): No service .update.SystemUpdateActivity to disable
10-16 23:59:29.805: I/CheckinCompat(6103): No service .update.SystemUpdateService$SecretCodeReceiver to disable
10-16 23:59:29.805: I/CheckinCompat(6103): No service .update.SystemUpdateService$Receiver to disable
10-16 23:59:29.826: E/ctxmgr(6082): [NetworkUtil]No active synchronizable contexts.
10-16 23:59:29.842: I/NetRec(6082): [563] ConfigChangedIntentOperation.onHandleIntent: Handling a Phenotype update
10-16 23:59:29.842: I/NetRec(6082): [563] yjf.b: onConfigChanged()
10-16 23:59:29.844: E/IntentOperationSvc(6103): Failed to instantiate Chimera operation impl com.google.android.gms.people.service.SettingsChangedBroadcastIntentOperation, dropping operation
10-16 23:59:29.844: E/IntentOperationSvc(6103): java.lang.reflect.InvocationTargetException
10-16 23:59:29.844: E/IntentOperationSvc(6103): 	at java.lang.reflect.Constructor.newInstance0(Native Method)
10-16 23:59:29.844: E/IntentOperationSvc(6103): 	at java.lang.reflect.Constructor.newInstance(Constructor.java:334)
10-16 23:59:29.844: E/IntentOperationSvc(6103): 	at bwj.a(:com.google.android.gms@11519470:8)
10-16 23:59:29.844: E/IntentOperationSvc(6103): 	at bwk.run(:com.google.android.gms@11519470:69)
10-16 23:59:29.844: E/IntentOperationSvc(6103): 	at java.util.concurrent.ThreadPoolExecutor.runWorker(ThreadPoolExecutor.java:1162)
10-16 23:59:29.844: E/IntentOperationSvc(6103): 	at java.util.concurrent.ThreadPoolExecutor$Worker.run(ThreadPoolExecutor.java:636)
10-16 23:59:29.844: E/IntentOperationSvc(6103): 	at java.lang.Thread.run(Thread.java:764)
10-16 23:59:29.844: E/IntentOperationSvc(6103): Caused by: java.lang.NullPointerException: Attempt to invoke virtual method 'android.content.SharedPreferences android.content.Context.getSharedPreferences(java.lang.String, int)' on a null object reference
10-16 23:59:29.844: E/IntentOperationSvc(6103): 	at android.content.ContextWrapper.getSharedPreferences(ContextWrapper.java:167)
10-16 23:59:29.844: E/IntentOperationSvc(6103): 	at zbv.a(:com.google.android.gms@11519470:6)
10-16 23:59:29.844: E/IntentOperationSvc(6103): 	at com.google.android.gms.people.service.SettingsChangedBroadcastIntentOperation.<init>(:com.google.android.gms@11519470:2)
10-16 23:59:29.844: E/IntentOperationSvc(6103): 	... 7 more
10-16 23:59:29.844: W/OcrModelUpStIntentOp(6103): Invalid action: com.google.android.gms.phenotype.COMMITTED
10-16 23:59:29.847: I/PTCommittedOperation(6082): Receive new configuration for com.google.android.gms.gcm
10-16 23:59:29.894: I/NetRec(6082): [520] ConfigChangedIntentOperation.onHandleIntent: Handling a Phenotype update
10-16 23:59:29.894: I/NetRec(6082): [520] yjf.b: onConfigChanged()
10-16 23:59:29.894: E/IntentOperationSvc(6103): Failed to instantiate Chimera operation impl com.google.android.gms.people.service.SettingsChangedBroadcastIntentOperation, dropping operation
10-16 23:59:29.894: E/IntentOperationSvc(6103): java.lang.reflect.InvocationTargetException
10-16 23:59:29.894: E/IntentOperationSvc(6103): 	at java.lang.reflect.Constructor.newInstance0(Native Method)
10-16 23:59:29.894: E/IntentOperationSvc(6103): 	at java.lang.reflect.Constructor.newInstance(Constructor.java:334)
10-16 23:59:29.894: E/IntentOperationSvc(6103): 	at bwj.a(:com.google.android.gms@11519470:8)
10-16 23:59:29.894: E/IntentOperationSvc(6103): 	at bwk.run(:com.google.android.gms@11519470:69)
10-16 23:59:29.894: E/IntentOperationSvc(6103): 	at java.util.concurrent.ThreadPoolExecutor.runWorker(ThreadPoolExecutor.java:1162)
10-16 23:59:29.894: E/IntentOperationSvc(6103): 	at java.util.concurrent.ThreadPoolExecutor$Worker.run(ThreadPoolExecutor.java:636)
10-16 23:59:29.894: E/IntentOperationSvc(6103): 	at java.lang.Thread.run(Thread.java:764)
10-16 23:59:29.894: E/IntentOperationSvc(6103): Caused by: java.lang.NullPointerException: Attempt to invoke virtual method 'android.content.SharedPreferences android.content.Context.getSharedPreferences(java.lang.String, int)' on a null object reference
10-16 23:59:29.894: E/IntentOperationSvc(6103): 	at android.content.ContextWrapper.getSharedPreferences(ContextWrapper.java:167)
10-16 23:59:29.894: E/IntentOperationSvc(6103): 	at zbv.a(:com.google.android.gms@11519470:6)
10-16 23:59:29.894: E/IntentOperationSvc(6103): 	at com.google.android.gms.people.service.SettingsChangedBroadcastIntentOperation.<init>(:com.google.android.gms@11519470:2)
10-16 23:59:29.894: E/IntentOperationSvc(6103): 	... 7 more
10-16 23:59:29.894: W/OcrModelUpStIntentOp(6103): Invalid action: com.google.android.gms.phenotype.COMMITTED
10-16 23:59:29.897: I/PTCommittedOperation(6082): Receive new configuration for com.google.android.gms.devicedoctor
10-16 23:59:29.897: I/PTCommittedOperation(6082): Running Fixer Framework for com.google.android.gms.devicedoctor
10-16 23:59:29.903: I/NetRec(6082): [581] ConfigChangedIntentOperation.onHandleIntent: Handling a Phenotype update
10-16 23:59:29.903: I/NetRec(6082): [581] yjf.b: onConfigChanged()
10-16 23:59:29.936: W/OkHttpClient(6082): A connection to https://www.googleapis.com/ was leaked. Did you forget to close a response body?
10-16 23:59:29.938: W/Auth(6082): [GetToken] GetToken failed with status code: INVALID_SCOPE
10-16 23:59:29.939: W/AuthSessionAuthenticato(6082): Auth related exception is being ignored: INVALID_SCOPE
10-16 23:59:29.948: W/GLSUser(6082): [DeviceKeyStore] Cannot load key: Device key file not found.
10-16 23:59:29.966: I/DrmHal(1509): makeDrmFactories: using default drm instance
10-16 23:59:29.968: I/WVCdm(1509): CdmEngine::OpenSession
10-16 23:59:29.968: I/WVCdm(1509): Level3 Library 4464 May  2 2017 11:53:46
10-16 23:59:29.969: W/WVCdm(1509): Could not load liboemcrypto.so. Falling back to L3.  dlopen failed: library "liboemcrypto.so" not found
10-16 23:59:29.976: I/WVCdm(1509): CdmEngine::QueryOemCryptoSessionId
10-16 23:59:29.976: I/WVCdm(1509): CdmEngine::GenerateKeyRequest
10-16 23:59:29.977: W/WVCdm(1509): OEMCrypto_GetCurrentSRMVersion fails with 25
10-16 23:59:29.977: D/WVCdm(1509): PrepareKeyRequest: nonce=3887707653
10-16 23:59:30.267: I/WVCdm(1509): CdmEngine::CloseSession
10-16 23:59:30.392: I/Remoter(1478): Saved screenshot to '/data/screenshots/__pmv__-0104.jpg'
10-16 23:59:30.398: I/PhenotypeExpCommitSvc(6954): [474] PhenotypeExperimentCommitService.a: Successfully committed experiments for user [pNO9ObzPejlK16Cz5STnAehdGGc]
10-16 23:59:30.404: I/Stn.AppLifecycle(6954): [2] b.a: onConfigChanged()
10-16 23:59:30.505: W/SystemServiceRegistry(5990): No service published for: persistent_data_block
10-16 23:59:30.712: E/LockboxBrokerService(6082): Could not query UDC's getDeviceDataUploadOptInStatus; 15 null
10-16 23:59:31.107: W/GLSUser(6082): [AppCertManager] IOException while requesting key: 
10-16 23:59:31.107: W/GLSUser(6082): java.io.IOException: Invalid device key response.
10-16 23:59:31.107: W/GLSUser(6082): 	at ewg.a(:com.google.android.gms@11519470:11)
10-16 23:59:31.107: W/GLSUser(6082): 	at ewg.a(:com.google.android.gms@11519470:63)
10-16 23:59:31.107: W/GLSUser(6082): 	at ewg.a(:com.google.android.gms@11519470:20)
10-16 23:59:31.107: W/GLSUser(6082): 	at ewe.a(:com.google.android.gms@11519470:4)
10-16 23:59:31.107: W/GLSUser(6082): 	at ewb.a(:com.google.android.gms@11519470:2)
10-16 23:59:31.107: W/GLSUser(6082): 	at evz.a(:com.google.android.gms@11519470:10)
10-16 23:59:31.107: W/GLSUser(6082): 	at evz.a(:com.google.android.gms@11519470:24)
10-16 23:59:31.107: W/GLSUser(6082): 	at mgg.d(:com.google.android.gms@11519470:3)
10-16 23:59:31.107: W/GLSUser(6082): 	at ciz.a(:com.google.android.gms@11519470:31)
10-16 23:59:31.107: W/GLSUser(6082): 	at cei.run(:com.google.android.gms@11519470:2)
10-16 23:59:31.107: W/GLSUser(6082): 	at ceg.handleMessage(:com.google.android.gms@11519470:3)
10-16 23:59:31.107: W/GLSUser(6082): 	at mme.run(:com.google.android.gms@11519470:6)
10-16 23:59:31.107: W/GLSUser(6082): 	at mmo.run(:com.google.android.gms@11519470:25)
10-16 23:59:31.107: W/GLSUser(6082): 	at java.util.concurrent.ThreadPoolExecutor.runWorker(ThreadPoolExecutor.java:1162)
10-16 23:59:31.107: W/GLSUser(6082): 	at java.util.concurrent.ThreadPoolExecutor$Worker.run(ThreadPoolExecutor.java:636)
10-16 23:59:31.107: W/GLSUser(6082): 	at mrv.run(Unknown Source:7)
10-16 23:59:31.107: W/GLSUser(6082): 	at java.lang.Thread.run(Thread.java:764)
10-16 23:59:31.107: W/GLSUser(6082): [DeviceKeyStore] Cannot load key: Device key file not found.
10-16 23:59:31.112: E/ctxmgr(6082): [BaseServerTask]Server task (FetchAclSet) got error statusCode=-1.
10-16 23:59:31.112: E/ctxmgr(6082): com.android.volley.VolleyError: Unable to obtain auth token - is the device online?
10-16 23:59:31.112: E/ctxmgr(6082): 	at ciz.a(:com.google.android.gms@11519470:39)
10-16 23:59:31.112: E/ctxmgr(6082): 	at cei.run(:com.google.android.gms@11519470:2)
10-16 23:59:31.112: E/ctxmgr(6082): 	at ceg.handleMessage(:com.google.android.gms@11519470:3)
10-16 23:59:31.112: E/ctxmgr(6082): 	at mme.run(:com.google.android.gms@11519470:6)
10-16 23:59:31.112: E/ctxmgr(6082): 	at mmo.run(:com.google.android.gms@11519470:25)
10-16 23:59:31.112: E/ctxmgr(6082): 	at java.util.concurrent.ThreadPoolExecutor.runWorker(ThreadPoolExecutor.java:1162)
10-16 23:59:31.112: E/ctxmgr(6082): 	at java.util.concurrent.ThreadPoolExecutor$Worker.run(ThreadPoolExecutor.java:636)
10-16 23:59:31.112: E/ctxmgr(6082): 	at mrv.run(Unknown Source:7)
10-16 23:59:31.112: E/ctxmgr(6082): 	at java.lang.Thread.run(Thread.java:764)
10-16 23:59:31.125: W/ctxmgr(6082): [WorkManager]Long workInfo: pkg=com.google.android.gms, lbl=NetworkManager#getAcl, start=2017-10-16 23:59:29.825+0000, stop=2017-10-16 23:59:31.125+0000, durtn=1300ms
10-16 23:59:31.138: W/UdcContextManagerHelper(6082): Empty context buffer. Thus might mean that the context is not synced down.
10-16 23:59:31.138: W/UploadOptInStatusOp(6082): Empty context model while retrieving upload opt-in status!
10-16 23:59:31.143: E/ctxmgr(6082): [AccountAclCallback]Failed Acl fetch: network status=-1
10-16 23:59:31.427: I/Remoter(1478): Saved screenshot to '/data/screenshots/__pmv__-0105.jpg'
10-16 23:59:31.942: I/dex2oat(6927): dex2oat took 4.662s (2.983s cpu) (threads: 2) arena alloc=599KB (613632B) java alloc=7MB (7831640B) native alloc=15MB (16737432B) free=4MB (4889448B)
10-16 23:59:31.968: W/PackageManager(1626): Privileged permission android.permission.BIND_APPWIDGET for package com.android.launcher3 - not in privapp-permissions whitelist
10-16 23:59:31.969: W/PackageManager(1626): Privileged permission android.permission.DISPATCH_PROVISIONING_MESSAGE for package com.google.android.gms - not in privapp-permissions whitelist
10-16 23:59:31.987: V/BackupManagerService(1626): restoreAtInstall pkg=com.habitrpg.android.habitica token=9 restoreSet=0
10-16 23:59:31.987: V/BackupManagerService(1626): Finishing install immediately
10-16 23:59:31.990: D/VoldConnector(1626): SND -> {12 volume remount_uid 10092 default}
10-16 23:59:31.990: I/GnssLocationProvider(1626): WakeLock acquired by sendMessage(SET_REQUEST, 0, com.android.server.location.GnssLocationProvider$GpsRequest@3f0acae)
10-16 23:59:31.990: I/GnssLocationProvider(1626): WakeLock acquired by sendMessage(SET_REQUEST, 0, com.android.server.location.GnssLocationProvider$GpsRequest@eaaba4f)
10-16 23:59:31.990: D/vold(1410): Remounting 10092 as mode default
10-16 23:59:31.994: I/ActivityManager(1626): Killing 5643:com.google.android.apps.walletnfcrel/u0a80 (adj 906): empty #17
10-16 23:59:31.999: I/GnssLocationProvider(1626): WakeLock released by handleMessage(SET_REQUEST, 0, com.android.server.location.GnssLocationProvider$GpsRequest@3f0acae)
10-16 23:59:31.999: I/GnssLocationProvider(1626): WakeLock released by handleMessage(SET_REQUEST, 0, com.android.server.location.GnssLocationProvider$GpsRequest@eaaba4f)
10-16 23:59:31.999: D/VoldConnector(1626): RCV <- {200 12 Command succeeded}
10-16 23:59:32.000: D/VoldConnector(1626): SND -> {13 volume remount_uid 10092 write}
10-16 23:59:32.001: I/GnssLocationProvider(1626): WakeLock acquired by sendMessage(SET_REQUEST, 0, com.android.server.location.GnssLocationProvider$GpsRequest@ff406e5)
10-16 23:59:32.001: I/GnssLocationProvider(1626): WakeLock released by handleMessage(SET_REQUEST, 0, com.android.server.location.GnssLocationProvider$GpsRequest@ff406e5)
10-16 23:59:32.001: D/vold(1410): Remounting 10092 as mode write
10-16 23:59:32.003: D/VoldConnector(1626): RCV <- {200 13 Command succeeded}
10-16 23:59:32.003: D/VoldConnector(1626): [ 10-16 23:59:32.004  1507: 1551 E/         ]
10-16 23:59:32.003: D/VoldConnector(1626): Couldn't opendir /data/app/vmdl1017469854.tmp: No such file or directory
10-16 23:59:32.004: E/installd(1507): Failed to delete /data/app/vmdl1017469854.tmp: No such file or directory
10-16 23:59:32.006: I/Pm(6828): Package com.habitrpg.android.habitica installed in 6637 ms
10-16 23:59:32.006: D/PackageInstaller(1626): Ignoring abandon after commit relinquished control
10-16 23:59:32.009: W/BroadcastQueue(1626): Background execution not allowed: receiving Intent { act=android.intent.action.PACKAGE_ADDED dat=package:com.habitrpg.android.habitica flg=0x4000010 (has extras) } to com.android.musicfx/.Compatibility$Receiver
10-16 23:59:32.016: I/InputReader(1626): Reconfiguring input devices.  changes=0x00000010
10-16 23:59:32.017: D/Avrcp(1726): AvrcpServiceBroadcastReceiver-> Action: android.intent.action.PACKAGE_ADDED
10-16 23:59:32.017: D/Avrcp(1726): AvrcpServiceBroadcastReceiver-> packageName: com.habitrpg.android.habitica
10-16 23:59:32.017: D/Avrcp(1726): packageName: com.habitrpg.android.habitica removed: false
10-16 23:59:32.017: D/Avrcp(1726): isBrowsableListUpdated: false
10-16 23:59:32.017: D/BluetoothMapAppObserver(1726): onReceive
10-16 23:59:32.017: D/BluetoothMapAppObserver(1726): The installed package is: com.habitrpg.android.habitica
10-16 23:59:32.017: D/BluetoothMapAppObserver(1726): Found 0 application(s) with intent android.bluetooth.action.BLUETOOTH_MAP_PROVIDER
10-16 23:59:32.018: D/BluetoothMapAppObserver(1726): Found 0 application(s) with intent android.bluetooth.action.BLUETOOTH_MAP_IM_PROVIDER
10-16 23:59:32.018: I/app_process(6828): System.exit called, status: 0
10-16 23:59:32.018: I/AndroidRuntime(6828): VM exiting with result code 0.
10-16 23:59:32.040: I/Finsky(5832): [2] com.google.android.finsky.utils.PermissionPolicies$PermissionPolicyService.onStartCommand(18): post-install permissions check for com.habitrpg.android.habitica
10-16 23:59:32.040: D/CarrierSvcBindHelper(1824): No carrier app for: 0
10-16 23:59:32.041: D/ImsResolver(1824): maybeAddedImsService, packageName: com.habitrpg.android.habitica
10-16 23:59:32.041: D/CarrierConfigLoader(1824): mHandler: 9 phoneId: 0
10-16 23:59:32.045: I/Finsky(5832): [2] com.google.android.finsky.externalreferrer.d.run(9): Package state data is missing for com.habitrpg.android.habitica
10-16 23:59:32.046: I/Telecom(1626): DefaultDialerCache: Refreshing default dialer for user 0: now com.google.android.dialer: DDC.oR@AH0
10-16 23:59:32.060: I/WearableService(6082): Wearable Services not starting - Wear is not available on this device.
10-16 23:59:32.077: D/WearableService(6082): onGetService - Wear is not available on this device.
10-16 23:59:32.079: E/Finsky(5832): [2] com.google.android.finsky.wear.bl.a(3): onConnectionFailed: ConnectionResult{statusCode=API_UNAVAILABLE, resolution=null, message=null}
10-16 23:59:32.079: W/Finsky(5832): [2] com.google.android.finsky.wear.aj.run(9): Dropping command=auto_install due to Gms not connected
10-16 23:59:32.080: W/Finsky(5832): [2] com.google.android.finsky.wear.aj.run(9): Dropping command=send_installed_apps due to Gms not connected
10-16 23:59:32.090: W/ConfigurationChimeraProvider(6082): Got null configs for com.google.android.gms.appinvite
10-16 23:59:32.097: I/zygote(6082): Deoptimizing void bwh.run() due to JIT same target
10-16 23:59:32.132: W/ConfigurationChimeraProvider(6082): Got null configs for com.google.android.gms.chromesync
10-16 23:59:32.134: I/ChromeSync(6103): [Persistence,AffiliationManager] Fetching affiliations from the server.
10-16 23:59:32.145: I/FA-SVC(6103): App measurement is starting up, version: 11519
10-16 23:59:32.153: D/Wear_Controller(6103): Received broadcast action=android.intent.action.PACKAGE_ADDED and uri=com.habitrpg.android.habitica
10-16 23:59:32.174: I/Icing(6103): IndexChimeraService.getServiceInterface callingPackage=com.google.android.gms componentName=AppsCorpus serviceId=36
10-16 23:59:32.175: I/Icing(6103): IndexChimeraService.getServiceInterface callingPackage=com.google.android.gms componentName=AppsCorpus serviceId=32
10-16 23:59:32.203: I/zygote(6103): Do full code cache collection, code=251KB, data=172KB
10-16 23:59:32.229: I/zygote(6103): After code cache collection, code=216KB, data=121KB
10-16 23:59:32.247: I/ActivityManager(1626): Killing 6440:com.google.android.talk/u0a63 (adj 906): empty #17
10-16 23:59:32.247: I/ActivityManager(1626): Killing 6401:com.google.process.gapps/u0a52 (adj 906): empty #18
10-16 23:59:32.273: I/zygote(1626): Background concurrent copying GC freed 113645(5MB) AllocSpace objects, 17(1016KB) LOS objects, 42% free, 12MB/21MB, paused 188us total 269.088ms
10-16 23:59:32.311: I/Icing(6103): Usage reports 0 indexed 0 rejected 0 imm upload false
10-16 23:59:32.346: I/zygote(6103): Background concurrent copying GC freed 46114(3MB) AllocSpace objects, 20(520KB) LOS objects, 49% free, 10MB/20MB, paused 329us total 195.764ms
10-16 23:59:32.351: I/Icing(6103): Usage reports 0 indexed 0 rejected 0 imm upload false
10-16 23:59:32.379: E/memtrack(1626): Couldn't load memtrack module
10-16 23:59:32.379: W/android.os.Debug(1626): failed to get memory consumption info: -1
10-16 23:59:32.459: I/Remoter(1478): Saved screenshot to '/data/screenshots/__pmv__-0106.jpg'
10-16 23:59:32.937: D/HeadsetPhoneState(1726): sendDeviceStateChanged. mService=1 mSignal=4 mRoam=0 mBatteryCharge=4
10-16 23:59:33.157: W/UdcContextManagerHelper(6082): Empty context buffer. Thus might mean that the context is not synced down.
10-16 23:59:33.158: W/UploadOptInStatusOp(6082): Empty context model while retrieving upload opt-in status!
10-16 23:59:33.161: E/ctxmgr(6082): [NetworkUtil]No active synchronizable contexts.
10-16 23:59:33.226: W/Auth(6082): [GetToken] GetToken failed with status code: INVALID_SCOPE
10-16 23:59:33.226: W/AuthSessionAuthenticato(6082): Auth related exception is being ignored: INVALID_SCOPE
10-16 23:59:33.229: W/GLSUser(6082): [DeviceKeyStore] Cannot load key: Device key file not found.
10-16 23:59:33.229: W/GLSUser(6082): [DeviceKeyStore] Cannot load key: Device key file not found.
10-16 23:59:33.229: E/ctxmgr(6082): [BaseServerTask]Server task (FetchAclSet) got error statusCode=-1.
10-16 23:59:33.229: E/ctxmgr(6082): com.android.volley.VolleyError: Unable to obtain auth token - is the device online?
10-16 23:59:33.229: E/ctxmgr(6082): 	at ciz.a(:com.google.android.gms@11519470:39)
10-16 23:59:33.229: E/ctxmgr(6082): 	at cei.run(:com.google.android.gms@11519470:2)
10-16 23:59:33.229: E/ctxmgr(6082): 	at ceg.handleMessage(:com.google.android.gms@11519470:3)
10-16 23:59:33.229: E/ctxmgr(6082): 	at mme.run(:com.google.android.gms@11519470:6)
10-16 23:59:33.229: E/ctxmgr(6082): 	at mmo.run(:com.google.android.gms@11519470:25)
10-16 23:59:33.229: E/ctxmgr(6082): 	at java.util.concurrent.ThreadPoolExecutor.runWorker(ThreadPoolExecutor.java:1162)
10-16 23:59:33.229: E/ctxmgr(6082): 	at java.util.concurrent.ThreadPoolExecutor$Worker.run(ThreadPoolExecutor.java:636)
10-16 23:59:33.229: E/ctxmgr(6082): 	at mrv.run(Unknown Source:7)
10-16 23:59:33.229: E/ctxmgr(6082): 	at java.lang.Thread.run(Thread.java:764)
10-16 23:59:33.230: E/ctxmgr(6082): [AccountAclCallback]Failed Acl fetch: network status=-1
10-16 23:59:33.363: I/Icing(6103): Indexing 5DEFCCBD0E23F290BDC5D7F74C20C8155D1E3057 from com.google.android.gms
10-16 23:59:33.384: I/Icing(6103): Indexing done 5DEFCCBD0E23F290BDC5D7F74C20C8155D1E3057
10-16 23:59:33.496: I/Remoter(1478): Saved screenshot to '/data/screenshots/__pmv__-0107.jpg'
10-16 23:59:33.708: D/AndroidRuntime(7094): >>>>>> START com.android.internal.os.RuntimeInit uid 0 <<<<<<
10-16 23:59:33.710: D/AndroidRuntime(7094): CheckJNI is OFF
10-16 23:59:33.710: E/cutils-trace(7094): Error opening trace file: No such file or directory (2)
10-16 23:59:33.771: W/app_process(7094): Unexpected CPU variant for X86 using defaults: x86
10-16 23:59:33.772: W/nativebridge(7094): Failed to bind-mount /system/lib/x86/cpuinfo as /proc/cpuinfo: No such file or directory
10-16 23:59:33.790: I/Radio-JNI(7094): register_android_hardware_Radio DONE
10-16 23:59:33.795: D/AndroidRuntime(7094): Calling main entry com.android.commands.pm.Pm
10-16 23:59:33.797: I/app_process(7094): System.exit called, status: 1
10-16 23:59:33.797: I/AndroidRuntime(7094): VM exiting with result code 1.
10-16 23:59:34.197: D/AndroidRuntime(7110): >>>>>> START com.android.internal.os.RuntimeInit uid 0 <<<<<<
10-16 23:59:34.199: D/AndroidRuntime(7110): CheckJNI is OFF
10-16 23:59:34.199: E/cutils-trace(7110): Error opening trace file: No such file or directory (2)
10-16 23:59:34.246: W/app_process(7110): Unexpected CPU variant for X86 using defaults: x86
10-16 23:59:34.248: W/nativebridge(7110): Failed to bind-mount /system/lib/x86/cpuinfo as /proc/cpuinfo: No such file or directory
10-16 23:59:34.252: I/MetadataService(1478): Processed 0 update/creates for instance/attributes/
10-16 23:59:34.252: I/MetadataService(1478): Processed 0 update/creates for project/attributes/
10-16 23:59:34.252: I/MetadataService(1478): Processed 0 update/creates for testing/attributes/
10-16 23:59:34.262: I/Radio-JNI(7110): register_android_hardware_Radio DONE
10-16 23:59:34.266: D/AndroidRuntime(7110): Calling main entry com.android.commands.am.Am
10-16 23:59:34.268: I/ActivityManager(1626): Force stopping com.google.android.apps.mtaas.tools appid=10084 user=0: start instr
10-16 23:59:34.274: W/zygote(7119): Unexpected CPU variant for X86 using defaults: x86
10-16 23:59:34.278: I/ActivityManager(1626): Start proc 7119:com.google.android.apps.mtaas.tools/u0a84 for added application com.google.android.apps.mtaas.tools
10-16 23:59:34.279: E/memtrack(1626): Couldn't load memtrack module
10-16 23:59:34.279: W/android.os.Debug(1626): failed to get memory consumption info: -1
10-16 23:59:34.298: D/ApplicationPackageManager(7119): Shame on you for calling the hidden API getPackageSizeInfoAsUser(). Shame!
10-16 23:59:34.298: E/DumpPackageStats(7119): Instrumentation completed with failure: Failed to get PackageStats for com.habitrpg.android.habitica
10-16 23:59:34.299: I/ActivityManager(1626): Force stopping com.google.android.apps.mtaas.tools appid=10084 user=0: finished inst
10-16 23:59:34.299: I/ActivityManager(1626): Killing 7119:com.google.android.apps.mtaas.tools/u0a84 (adj 0): stop com.google.android.apps.mtaas.tools
10-16 23:59:34.303: W/Binder(1626): Outgoing transactions from this process must be FLAG_ONEWAY
10-16 23:59:34.303: W/Binder(1626): java.lang.Throwable
10-16 23:59:34.303: W/Binder(1626): 	at android.os.BinderProxy.transact(Binder.java:736)
10-16 23:59:34.303: W/Binder(1626): 	at android.app.IInstrumentationWatcher$Stub$Proxy.instrumentationFinished(IInstrumentationWatcher.java:160)
10-16 23:59:34.303: W/Binder(1626): 	at com.android.server.am.InstrumentationReporter$MyThread.run(InstrumentationReporter.java:86)
10-16 23:59:34.304: D/AndroidRuntime(7110): Shutting down VM
10-16 23:59:34.386: W/zygote(7137): Unexpected CPU variant for X86 using defaults: x86
10-16 23:59:34.387: I/ActivityManager(1626): Failure reporting to instrumentation watcher: comp=ComponentInfo{com.google.android.apps.mtaas.tools/com.google.android.apps.mtaas.tools.instrumentations.DumpPackageStats} results=Bundle[mParcelledData.dataSize=156]
10-16 23:59:34.390: I/ActivityManager(1626): Start proc 7137:com.google.android.configupdater/u0a4 for service com.google.android.configupdater/.MainJobService
10-16 23:59:34.442: I/ConfigUpdater(7137): Update started
10-16 23:59:34.465: I/ActivityManager(1626): Killing 5842:com.google.android.youtube/u0a83 (adj 906): empty #17
10-16 23:59:34.477: D/ConnectivityService(1626): ConnectivityService NetworkRequestInfo binderDied(NetworkRequest [ LISTEN id=10, [ Capabilities: INTERNET&NOT_RESTRICTED&TRUSTED] ], android.os.BinderProxy@260275c)
10-16 23:59:34.478: I/CastMediaRouteProvider(6103): in onDiscoveryRequestChanged: request=null
10-16 23:59:34.485: D/DownloadManager(2231): [38] Starting
10-16 23:59:34.491: I/DiscoveryManager(6103): Filter criteria(null) scannerFlags(0)
10-16 23:59:34.491: I/Publisher(6103): onUpdateFilterCriteria null
10-16 23:59:34.491: W/MdnsClient_Cast(6103): Multicast lock held. Releasing. Subtypes:"233637DE"
10-16 23:59:34.492: W/MdnsClient_Cast(6103): Multicast lock held. Releasing. Subtypes:"233637DE"
10-16 23:59:34.493: I/DeviceScanner(6103): [MDNS] notifyDevicesOffline: []
10-16 23:59:34.494: D/NetworkSecurityConfig(2231): No Network Security Config specified, using platform default
10-16 23:59:34.530: I/Remoter(1478): Saved screenshot to '/data/screenshots/__pmv__-0108.jpg'
10-16 23:59:34.618: D/DownloadManager(2231): [38] Finished with status SUCCESS
10-16 23:59:34.622: E/memtrack(1626): Couldn't load memtrack module
10-16 23:59:34.622: W/android.os.Debug(1626): failed to get memory consumption info: -1
10-16 23:59:34.650: D/DownloadManager(2231): [39] Starting
10-16 23:59:34.653: D/NetworkSecurityConfig(2231): No Network Security Config specified, using platform default
10-16 23:59:34.716: D/DownloadManager(2231): [39] Finished with status SUCCESS
10-16 23:59:34.751: I/ConfigUpdater(7137): Update downloaded, starting installation
10-16 23:59:34.768: I/ConfigUpdater(7137): doneInstall
10-16 23:59:34.770: V/DownloadManager(2231): Deleting /data/data/com.android.providers.downloads/cache/es.image.metadata via provider delete
10-16 23:59:34.771: V/DownloadManager(2231): Deleting /data/data/com.android.providers.downloads/cache/es.image via provider delete
10-16 23:59:34.776: W/Binder(1626): Outgoing transactions from this process must be FLAG_ONEWAY
10-16 23:59:34.776: W/Binder(1626): java.lang.Throwable
10-16 23:59:34.776: W/Binder(1626): 	at android.os.BinderProxy.transact(Binder.java:736)
10-16 23:59:34.776: W/Binder(1626): 	at android.content.ContentProviderProxy.openTypedAssetFile(ContentProviderNative.java:696)
10-16 23:59:34.776: W/Binder(1626): 	at android.content.ContentResolver.openTypedAssetFileDescriptor(ContentResolver.java:1410)
10-16 23:59:34.776: W/Binder(1626): 	at android.content.ContentResolver.openAssetFileDescriptor(ContentResolver.java:1247)
10-16 23:59:34.776: W/Binder(1626): 	at android.content.ContentResolver.openInputStream(ContentResolver.java:967)
10-16 23:59:34.776: W/Binder(1626): 	at com.android.server.updates.ConfigUpdateInstallReceiver.getAltContent(ConfigUpdateInstallReceiver.java:135)
10-16 23:59:34.776: W/Binder(1626): 	at com.android.server.updates.ConfigUpdateInstallReceiver.-wrap1(Unknown Source:0)
10-16 23:59:34.776: W/Binder(1626): 	at com.android.server.updates.ConfigUpdateInstallReceiver$1.run(ConfigUpdateInstallReceiver.java:65)
10-16 23:59:34.786: I/ConfigUpdateInstallReceiver(1626): Found new update, installing...
10-16 23:59:34.788: I/ConfigUpdateInstallReceiver(1626): Installation successful
10-16 23:59:35.590: I/Remoter(1478): Saved screenshot to '/data/screenshots/__pmv__-0109.jpg'
10-16 23:59:35.891: I/Finsky(5832): [2] com.google.android.finsky.verifier.impl.PackageVerificationReceiver.onReceive(12): Verification requested, id = 9
10-16 23:59:35.892: I/Finsky(5832): [408] com.google.android.finsky.verifier.impl.av.a(44): Skipping verification because own installation
10-16 23:59:35.893: I/Finsky(5832): [408] com.google.android.finsky.verifier.impl.av.a(60): Skipping anti malware verification due to pre-check failure
10-16 23:59:35.895: I/Finsky(5832): [2] com.google.android.finsky.verifier.impl.bq.c(93): Verifying id=9, result=1
10-16 23:59:35.896: I/Finsky(5832): [2] com.google.android.finsky.verifier.impl.bq.c(104): Verification complete: id=9, package_name=com.android.vending
10-16 23:59:35.898: D/AndroidRuntime(7186): >>>>>> START com.android.internal.os.RuntimeInit uid 0 <<<<<<
10-16 23:59:35.900: D/AndroidRuntime(7186): CheckJNI is OFF
10-16 23:59:35.900: E/cutils-trace(7186): Error opening trace file: No such file or directory (2)
10-16 23:59:35.913: I/PackageManager.DexOptimizer(1626): Running dexopt (dexoptNeeded=1) on: /data/app/vmdl945294944.tmp/base.apk pkg=com.android.vending isa=x86 dexoptFlags=boot_complete,public target-filter=quicken oatDir=/data/app/vmdl945294944.tmp/oat sharedLibraries=null
10-16 23:59:35.930: W/dex2oat(7188): Unexpected CPU variant for X86 using defaults: x86
10-16 23:59:35.930: W/dex2oat(7188): Mismatch between dex2oat instruction set features (ISA: X86 Feature string: -ssse3,-sse4.1,-sse4.2,-avx,-avx2,-popcnt) and those of dex2oat executable (ISA: X86 Feature string: ssse3,-sse4.1,-sse4.2,-avx,-avx2,-popcnt) for the command line:
10-16 23:59:35.930: W/dex2oat(7188): /system/bin/dex2oat --zip-fd=6 --zip-location=base.apk --input-vdex-fd=-1 --output-vdex-fd=8 --oat-fd=7 --oat-location=/data/app/vmdl945294944.tmp/oat/x86/base.odex --instruction-set=x86 --instruction-set-variant=x86 --instruction-set-features=default --runtime-arg -Xms64m --runtime-arg -Xmx512m --compiler-filter=quicken --swap-fd=9 --classpath-dir=/data/app/vmdl945294944.tmp
10-16 23:59:35.930: I/dex2oat(7188): /system/bin/dex2oat --input-vdex-fd=-1 --output-vdex-fd=8 --compiler-filter=quicken --classpath-dir=/data/app/vmdl945294944.tmp
10-16 23:59:35.931: E/cutils-trace(7188): Error opening trace file: No such file or directory (2)
10-16 23:59:35.963: W/app_process(7186): Unexpected CPU variant for X86 using defaults: x86
10-16 23:59:35.964: W/nativebridge(7186): Failed to bind-mount /system/lib/x86/cpuinfo as /proc/cpuinfo: No such file or directory
10-16 23:59:35.982: I/Radio-JNI(7186): register_android_hardware_Radio DONE
10-16 23:59:35.987: D/AndroidRuntime(7186): Calling main entry com.android.commands.am.Am
10-16 23:59:35.989: I/ActivityManager(1626): Force stopping com.google.android.apps.mtaas.tools appid=10084 user=0: start instr
10-16 23:59:35.998: W/zygote(7198): Unexpected CPU variant for X86 using defaults: x86
10-16 23:59:36.001: I/ActivityManager(1626): Start proc 7198:com.google.android.apps.mtaas.tools/u0a84 for added application com.google.android.apps.mtaas.tools
10-16 23:59:36.021: D/DumpStaticPerfEnv(7198): Instrumentation completed successfully
10-16 23:59:36.021: I/ActivityManager(1626): Force stopping com.google.android.apps.mtaas.tools appid=10084 user=0: finished inst
10-16 23:59:36.021: I/ActivityManager(1626): Killing 7198:com.google.android.apps.mtaas.tools/u0a84 (adj 0): stop com.google.android.apps.mtaas.tools
10-16 23:59:36.021: W/Binder(1626): Outgoing transactions from this process must be FLAG_ONEWAY
10-16 23:59:36.021: W/Binder(1626): java.lang.Throwable
10-16 23:59:36.021: W/Binder(1626): 	at android.os.BinderProxy.transact(Binder.java:736)
10-16 23:59:36.021: W/Binder(1626): 	at android.app.IInstrumentationWatcher$Stub$Proxy.instrumentationFinished(IInstrumentationWatcher.java:160)
10-16 23:59:36.021: W/Binder(1626): 	at com.android.server.am.InstrumentationReporter$MyThread.run(InstrumentationReporter.java:86)
10-16 23:59:36.022: D/AndroidRuntime(7186): Shutting down VM
10-16 23:59:36.622: I/Remoter(1478): Saved screenshot to '/data/screenshots/__pmv__-0110.jpg'
10-16 23:59:37.079: I/WearableService(6082): Wearable Services stopping
10-16 23:59:37.131: W/UdcContextManagerHelper(6082): Empty context buffer. Thus might mean that the context is not synced down.
10-16 23:59:37.131: W/UploadOptInStatusOp(6082): Empty context model while retrieving upload opt-in status!
10-16 23:59:37.134: E/ctxmgr(6082): [NetworkUtil]No active synchronizable contexts.
10-16 23:59:37.212: W/Auth(6082): [GetToken] GetToken failed with status code: INVALID_SCOPE
10-16 23:59:37.212: W/AuthSessionAuthenticato(6082): Auth related exception is being ignored: INVALID_SCOPE
10-16 23:59:37.216: W/GLSUser(6082): [DeviceKeyStore] Cannot load key: Device key file not found.
10-16 23:59:37.216: W/GLSUser(6082): [DeviceKeyStore] Cannot load key: Device key file not found.
10-16 23:59:37.217: E/ctxmgr(6082): [BaseServerTask]Server task (FetchAclSet) got error statusCode=-1.
10-16 23:59:37.217: E/ctxmgr(6082): com.android.volley.VolleyError: Unable to obtain auth token - is the device online?
10-16 23:59:37.217: E/ctxmgr(6082): 	at ciz.a(:com.google.android.gms@11519470:39)
10-16 23:59:37.217: E/ctxmgr(6082): 	at cei.run(:com.google.android.gms@11519470:2)
10-16 23:59:37.217: E/ctxmgr(6082): 	at ceg.handleMessage(:com.google.android.gms@11519470:3)
10-16 23:59:37.217: E/ctxmgr(6082): 	at mme.run(:com.google.android.gms@11519470:6)
10-16 23:59:37.217: E/ctxmgr(6082): 	at mmo.run(:com.google.android.gms@11519470:25)
10-16 23:59:37.217: E/ctxmgr(6082): 	at java.util.concurrent.ThreadPoolExecutor.runWorker(ThreadPoolExecutor.java:1162)
10-16 23:59:37.217: E/ctxmgr(6082): 	at java.util.concurrent.ThreadPoolExecutor$Worker.run(ThreadPoolExecutor.java:636)
10-16 23:59:37.217: E/ctxmgr(6082): 	at mrv.run(Unknown Source:7)
10-16 23:59:37.217: E/ctxmgr(6082): 	at java.lang.Thread.run(Thread.java:764)
10-16 23:59:37.218: E/ctxmgr(6082): [AccountAclCallback]Failed Acl fetch: network status=-1
10-16 23:59:37.275: W/SystemServiceRegistry(6082): No service published for: persistent_data_block
10-16 23:59:37.289: I/Finsky(5832): [383] com.google.android.finsky.contentfilter.impl.q.a(8): Received content filters request from sharedUserId=com.google.uid.shared:10014
10-16 23:59:37.330: W/Auth(6082): [GetToken] GetToken failed with status code: INVALID_SCOPE
10-16 23:59:37.330: W/GLSActivity(6082): dzf: INVALID_SCOPE
10-16 23:59:37.330: W/GLSActivity(6082): 	at dzj.a(:com.google.android.gms@11519470:16)
10-16 23:59:37.330: W/GLSActivity(6082): 	at dzi.a(:com.google.android.gms@11519470:2)
10-16 23:59:37.330: W/GLSActivity(6082): 	at dzi.e(:com.google.android.gms@11519470:6)
10-16 23:59:37.330: W/GLSActivity(6082): 	at dzh.a(:com.google.android.gms@11519470:1)
10-16 23:59:37.330: W/GLSActivity(6082): 	at eax.getAuthToken(:com.google.android.gms@11519470:7)
10-16 23:59:37.330: W/GLSActivity(6082): 	at android.accounts.AbstractAccountAuthenticator$Transport.getAuthToken(AbstractAccountAuthenticator.java:244)
10-16 23:59:37.330: W/GLSActivity(6082): 	at android.accounts.IAccountAuthenticator$Stub.onTransact(IAccountAuthenticator.java:113)
10-16 23:59:37.330: W/GLSActivity(6082): 	at android.os.Binder.transact(Binder.java:604)
10-16 23:59:37.330: W/GLSActivity(6082): 	at buy.onTransact(:com.google.android.gms@11519470:3)
10-16 23:59:37.330: W/GLSActivity(6082): 	at android.os.Binder.execTransact(Binder.java:674)
10-16 23:59:37.331: E/InstantApps(6082): getTokenWithNotification failed
10-16 23:59:37.331: E/InstantApps(6082): android.accounts.AuthenticatorException: INVALID_SCOPE
10-16 23:59:37.331: E/InstantApps(6082): 	at android.accounts.AccountManager.convertErrorToException(AccountManager.java:2502)
10-16 23:59:37.331: E/InstantApps(6082): 	at android.accounts.AccountManager.-wrap0(Unknown Source:0)
10-16 23:59:37.331: E/InstantApps(6082): 	at android.accounts.AccountManager$AmsTask$Response.onError(AccountManager.java:2345)
10-16 23:59:37.331: E/InstantApps(6082): 	at android.accounts.IAccountManagerResponse$Stub.onTransact(IAccountManagerResponse.java:69)
10-16 23:59:37.331: E/InstantApps(6082): 	at android.os.Binder.execTransact(Binder.java:674)
10-16 23:59:37.332: E/InstantApps(6082): RouterBackendClient: updateUserPrefs failed
10-16 23:59:37.332: E/InstantApps(6082): vbh: getTokenWithNotification failed
10-16 23:59:37.332: E/InstantApps(6082): 	at vbg.a(:com.google.android.gms@11519470:7)
10-16 23:59:37.332: E/InstantApps(6082): 	at vay.b(:com.google.android.gms@11519470:13)
10-16 23:59:37.332: E/InstantApps(6082): 	at vay.a(Unknown Source:0)
10-16 23:59:37.332: E/InstantApps(6082): 	at vbj.call(:com.google.android.gms@11519470:2)
10-16 23:59:37.332: E/InstantApps(6082): 	at java.util.concurrent.FutureTask.run(FutureTask.java:266)
10-16 23:59:37.332: E/InstantApps(6082): 	at mmo.run(:com.google.android.gms@11519470:25)
10-16 23:59:37.332: E/InstantApps(6082): 	at java.util.concurrent.ThreadPoolExecutor.runWorker(ThreadPoolExecutor.java:1162)
10-16 23:59:37.332: E/InstantApps(6082): 	at java.util.concurrent.ThreadPoolExecutor$Worker.run(ThreadPoolExecutor.java:636)
10-16 23:59:37.332: E/InstantApps(6082): 	at mrv.run(Unknown Source:7)
10-16 23:59:37.332: E/InstantApps(6082): 	at java.lang.Thread.run(Thread.java:764)
10-16 23:59:37.332: E/InstantApps(6082): Caused by: android.accounts.AuthenticatorException: INVALID_SCOPE
10-16 23:59:37.332: E/InstantApps(6082): 	at android.accounts.AccountManager.convertErrorToException(AccountManager.java:2502)
10-16 23:59:37.332: E/InstantApps(6082): 	at android.accounts.AccountManager.-wrap0(Unknown Source:0)
10-16 23:59:37.332: E/InstantApps(6082): 	at android.accounts.AccountManager$AmsTask$Response.onError(AccountManager.java:2345)
10-16 23:59:37.332: E/InstantApps(6082): 	at android.accounts.IAccountManagerResponse$Stub.onTransact(IAccountManagerResponse.java:69)
10-16 23:59:37.332: E/InstantApps(6082): 	at android.os.Binder.execTransact(Binder.java:674)
10-16 23:59:37.337: E/InstantApps(6082): UserPrefsUpdater: Failed updateUserPrefs: status=0
10-16 23:59:37.392: W/Auth(6082): [GetToken] GetToken failed with status code: INVALID_SCOPE
10-16 23:59:37.392: W/GLSActivity(6082): dzf: INVALID_SCOPE
10-16 23:59:37.392: W/GLSActivity(6082): 	at dzj.a(:com.google.android.gms@11519470:16)
10-16 23:59:37.392: W/GLSActivity(6082): 	at dzi.a(:com.google.android.gms@11519470:2)
10-16 23:59:37.392: W/GLSActivity(6082): 	at dzi.e(:com.google.android.gms@11519470:6)
10-16 23:59:37.392: W/GLSActivity(6082): 	at dzh.a(:com.google.android.gms@11519470:1)
10-16 23:59:37.392: W/GLSActivity(6082): 	at eax.getAuthToken(:com.google.android.gms@11519470:7)
10-16 23:59:37.392: W/GLSActivity(6082): 	at android.accounts.AbstractAccountAuthenticator$Transport.getAuthToken(AbstractAccountAuthenticator.java:244)
10-16 23:59:37.392: W/GLSActivity(6082): 	at android.accounts.IAccountAuthenticator$Stub.onTransact(IAccountAuthenticator.java:113)
10-16 23:59:37.392: W/GLSActivity(6082): 	at android.os.Binder.transact(Binder.java:604)
10-16 23:59:37.392: W/GLSActivity(6082): 	at buy.onTransact(:com.google.android.gms@11519470:3)
10-16 23:59:37.392: W/GLSActivity(6082): 	at android.os.Binder.execTransact(Binder.java:674)
10-16 23:59:37.394: E/InstantApps(6082): getTokenWithNotification failed
10-16 23:59:37.394: E/InstantApps(6082): android.accounts.AuthenticatorException: INVALID_SCOPE
10-16 23:59:37.394: E/InstantApps(6082): 	at android.accounts.AccountManager.convertErrorToException(AccountManager.java:2502)
10-16 23:59:37.394: E/InstantApps(6082): 	at android.accounts.AccountManager.-wrap0(Unknown Source:0)
10-16 23:59:37.394: E/InstantApps(6082): 	at android.accounts.AccountManager$AmsTask$Response.onError(AccountManager.java:2345)
10-16 23:59:37.394: E/InstantApps(6082): 	at android.accounts.IAccountManagerResponse$Stub.onTransact(IAccountManagerResponse.java:69)
10-16 23:59:37.394: E/InstantApps(6082): 	at android.os.Binder.execTransact(Binder.java:674)
10-16 23:59:37.395: E/InstantApps(6082): DomainFilterImpl: Error while reading domain filter from WHAPI
10-16 23:59:37.395: E/InstantApps(6082): java.util.concurrent.ExecutionException: bafm: UNAUTHENTICATED
10-16 23:59:37.395: E/InstantApps(6082): 	at java.util.concurrent.FutureTask.report(FutureTask.java:123)
10-16 23:59:37.395: E/InstantApps(6082): 	at java.util.concurrent.FutureTask.get(FutureTask.java:193)
10-16 23:59:37.395: E/InstantApps(6082): 	at vbi.get(:com.google.android.gms@11519470:2)
10-16 23:59:37.395: E/InstantApps(6082): 	at vfo.a(:com.google.android.gms@11519470:7)
10-16 23:59:37.395: E/InstantApps(6082): 	at vfo.a(:com.google.android.gms@11519470:54)
10-16 23:59:37.395: E/InstantApps(6082): 	at vfo.a(:com.google.android.gms@11519470:120)
10-16 23:59:37.395: E/InstantApps(6082): 	at vfl.a(:com.google.android.gms@11519470:1)
10-16 23:59:37.395: E/InstantApps(6082): 	at com.google.android.gms.instantapps.routing.DomainFilterUpdateChimeraService.a(:com.google.android.gms@11519470:10)
10-16 23:59:37.395: E/InstantApps(6082): 	at ssv.run(:com.google.android.gms@11519470:1)
10-16 23:59:37.395: E/InstantApps(6082): 	at java.util.concurrent.ThreadPoolExecutor.runWorker(ThreadPoolExecutor.java:1162)
10-16 23:59:37.395: E/InstantApps(6082): 	at java.util.concurrent.ThreadPoolExecutor$Worker.run(ThreadPoolExecutor.java:636)
10-16 23:59:37.395: E/InstantApps(6082): 	at java.lang.Thread.run(Thread.java:764)
10-16 23:59:37.395: E/InstantApps(6082): Caused by: bafm: UNAUTHENTICATED
10-16 23:59:37.395: E/InstantApps(6082): 	at vaw.b(:com.google.android.gms@11519470:31)
10-16 23:59:37.395: E/InstantApps(6082): 	at vaw.a(Unknown Source:0)
10-16 23:59:37.395: E/InstantApps(6082): 	at vbj.call(:com.google.android.gms@11519470:2)
10-16 23:59:37.395: E/InstantApps(6082): 	at java.util.concurrent.FutureTask.run(FutureTask.java:266)
10-16 23:59:37.395: E/InstantApps(6082): 	at mmo.run(:com.google.android.gms@11519470:25)
10-16 23:59:37.395: E/InstantApps(6082): 	at java.util.concurrent.ThreadPoolExecutor.runWorker(ThreadPoolExecutor.java:1162)
10-16 23:59:37.395: E/InstantApps(6082): 	at java.util.concurrent.ThreadPoolExecutor$Worker.run(ThreadPoolExecutor.java:636)
10-16 23:59:37.395: E/InstantApps(6082): 	at mrv.run(Unknown Source:7)
10-16 23:59:37.395: E/InstantApps(6082): 	... 1 more
10-16 23:59:37.395: W/InstantApps(6082): DomainFilterUpdateChimeraService: Retry later
10-16 23:59:37.662: I/Remoter(1478): Saved screenshot to '/data/screenshots/__pmv__-0111.jpg'
