10-16 23:59:07.542: W/ActivityManager(1626): Scheduling restart of crashed service com.google.android.gms/com.google.android.location.network.NetworkLocationService in 20816ms
10-16 23:59:07.542: W/ActivityManager(1626): Scheduling restart of crashed service com.google.android.gms/.common.stats.GmsCoreStatsService in 30816ms
10-16 23:59:07.542: W/ActivityManager(1626): Scheduling restart of crashed service com.google.android.gms/.backup.BackupTransportService in 40816ms
10-16 23:59:07.542: W/ActivityManager(1626): Scheduling restart of crashed service com.google.android.gms/.wearable.service.WearableService in 50816ms
10-16 23:59:07.542: W/ActivityManager(1626): Scheduling restart of crashed service com.google.android.gms/.nearby.messages.service.NearbyMessagesService in 60816ms
10-16 23:59:07.542: W/ActivityManager(1626): Scheduling restart of crashed service com.google.android.gms/com.google.android.location.internal.GoogleLocationManagerService in 70816ms
10-16 23:59:07.542: W/ActivityManager(1626): Scheduling restart of crashed service com.google.android.gms/com.google.android.contextmanager.service.ContextManagerService in 80816ms
10-16 23:59:07.542: W/ActivityManager(1626): Scheduling restart of crashed service com.google.android.gms/.auth.account.be.legacy.GoogleAccountDataService in 90816ms
10-16 23:59:07.542: W/ActivityManager(1626): Scheduling restart of crashed service com.google.android.gms/.chimera.PersistentIntentOperationService in 100816ms
10-16 23:59:07.542: W/ActivityManager(1626): Scheduling restart of crashed service com.google.android.gms/com.google.location.nearby.direct.service.NearbyDirectService in 110816ms
10-16 23:59:07.543: W/ActivityManager(1626): Scheduling restart of crashed service com.google.android.gms/.gcm.GcmService in 110816ms
10-16 23:59:07.543: W/ActivityManager(1626): Scheduling restart of crashed service com.google.android.gms/.phenotype.service.PhenotypeService in 120816ms
10-16 23:59:07.543: W/ActivityManager(1626): Scheduling restart of crashed service com.google.android.gms/.trustagent.speech.service.VoiceUnlockService in 130816ms
10-16 23:59:07.543: W/ActivityManager(1626): Scheduling restart of crashed service com.google.android.gms/com.google.android.location.internal.server.HardwareArProviderService in 140816ms
10-16 23:59:07.543: W/ActivityManager(1626): Scheduling restart of crashed service com.google.android.gms/.tapandpay.service.TapAndPayService in 150816ms
10-16 23:59:07.543: W/ActivityManager(1626): Scheduling restart of crashed service com.google.android.gms/.chimera.PersistentBoundBrokerService in 160816ms
10-16 23:59:07.543: W/ActivityManager(1626): Scheduling restart of crashed service com.google.android.gms/com.google.android.location.geofencer.service.GeofenceProviderService in 170816ms
10-16 23:59:07.543: W/ActivityManager(1626): Scheduling restart of crashed service com.google.android.gms/.auth.setup.devicesignals.LockScreenService in 180816ms
10-16 23:59:07.543: W/ActivityManager(1626): Scheduling restart of crashed service com.google.android.gms/.deviceconnection.service.DeviceConnectionWatcherService in 190816ms
10-16 23:59:07.543: W/ActivityManager(1626): Scheduling restart of crashed service com.google.android.gms/com.google.android.location.geocode.GeocodeService in 200816ms
10-16 23:59:07.543: W/ActivityManager(1626): Scheduling restart of crashed service com.google.android.gms/.pseudonymous.service.PseudonymousIdService in 210816ms
10-16 23:59:07.543: W/ActivityManager(1626): Scheduling restart of crashed service com.google.android.gms/.clearcut.service.ClearcutLoggerService in 220816ms
10-16 23:59:07.543: W/ActivityManager(1626): Scheduling restart of crashed service com.google.android.gms/.lockbox.service.LockboxBrokerService in 230816ms
10-16 23:59:07.543: W/ActivityManager(1626): Scheduling restart of crashed service com.google.android.gms/.backup.component.D2dTransportService in 240815ms
10-16 23:59:07.551: D/ConnectivityService(1626): ConnectivityService NetworkRequestInfo binderDied(NetworkRequest [ LISTEN id=9, [ Capabilities: INTERNET&NOT_RESTRICTED&TRUSTED&NOT_VPN] ], android.os.BinderProxy@5fccb61)
10-16 23:59:07.551: E/WifiMulticastLockManager(1626): Multicaster binderDied
10-16 23:59:07.562: E/ConnectivityService(1626): RemoteException caught trying to send a callback msg for NetworkRequest [ LISTEN id=9, [ Capabilities: INTERNET&NOT_RESTRICTED&TRUSTED&NOT_VPN] ]
10-16 23:59:07.564: E/AuthService(5959): [ExponentialBackoffExecutor] Error when executing callable.
10-16 23:59:07.564: E/AuthService(5959): au: android.os.DeadObjectException
10-16 23:59:07.564: E/AuthService(5959): 	at ao.a(Unknown Source:0)
10-16 23:59:07.564: E/AuthService(5959): 	at o.call(PG:3000)
10-16 23:59:07.564: E/AuthService(5959): 	at r.a(PG:43)
10-16 23:59:07.564: E/AuthService(5959): 	at m.a(PG:3156)
10-16 23:59:07.564: E/AuthService(5959): 	at m.call(PG:31)
10-16 23:59:07.564: E/AuthService(5959): 	at q.a(PG:91)
10-16 23:59:07.564: E/AuthService(5959): 	at mq.a(PG:16214)
10-16 23:59:07.564: E/AuthService(5959): 	at mq.a(PG:16188)
10-16 23:59:07.564: E/AuthService(5959): 	at mq.onTransact(PG:118)
10-16 23:59:07.564: E/AuthService(5959): 	at android.os.Binder.execTransact(Binder.java:674)
10-16 23:59:07.564: E/AuthService(5959): Caused by: android.os.DeadObjectException
10-16 23:59:07.564: E/AuthService(5959): 	at android.os.BinderProxy.transactNative(Native Method)
10-16 23:59:07.564: E/AuthService(5959): 	at android.os.BinderProxy.transact(Binder.java:748)
10-16 23:59:07.564: E/AuthService(5959): 	at cl.a(Unknown Source:28)
10-16 23:59:07.564: E/AuthService(5959): 	at aq.a(Unknown Source:1000)
10-16 23:59:07.564: E/AuthService(5959): 	... 10 more
10-16 23:59:07.564: I/AuthService(5959): [AccountService] Execution time for add account with authorization code, options: Bundle[{}] is 720 ms.
10-16 23:59:07.565: D/LoginUtil(5937): Failed to add Account {name=VS2WQVCOVYYT3Y3JQZUPAOQ2II-00@cloudtestlabaccounts.com, type=com.google}, retrying ...
10-16 23:59:07.568: I/ActivityManager(1626): Process com.google.android.gms (pid 2310) has died: fore SVC 
10-16 23:59:07.568: W/ActivityManager(1626): Scheduling restart of crashed service com.google.android.gms/.icing.service.IndexWorkerService in 250790ms
10-16 23:59:07.568: W/ActivityManager(1626): Scheduling restart of crashed service com.google.android.gms/.icing.service.IndexService in 260790ms
10-16 23:59:07.568: W/ActivityManager(1626): Scheduling restart of crashed service com.google.android.gms/.gass.GassService in 270790ms
10-16 23:59:07.568: W/ActivityManager(1626): Scheduling restart of crashed service com.google.android.gms/.chimera.GmsIntentOperationService in 280790ms
10-16 23:59:07.568: W/ActivityManager(1626): Scheduling restart of crashed service com.google.android.gms/.cast.media.CastMediaRouteProviderService in 280790ms
10-16 23:59:07.568: W/ActivityManager(1626): Scheduling restart of crashed service com.google.android.gms/.ads.identifier.service.AdvertisingIdService in 290790ms
10-16 23:59:07.569: W/PhenotypeWorker(2265): Calling registerSync api failed.
10-16 23:59:07.571: I/ActivityManager(1626): Killing 4707:com.google.android.talk/u0a63 (adj 906): empty #17
10-16 23:59:07.593: I/zygote(5990): Do partial code cache collection, code=60KB, data=38KB
10-16 23:59:07.593: I/zygote(5990): After code cache collection, code=55KB, data=37KB
10-16 23:59:07.593: I/zygote(5990): Increasing code cache capacity to 256KB
10-16 23:59:07.706: W/zygote(6082): Unexpected CPU variant for X86 using defaults: x86
10-16 23:59:07.711: I/ActivityManager(1626): Start proc 6082:com.google.android.gms.persistent/u0a14 for service com.google.android.gms/.clearcut.service.ClearcutLoggerService
10-16 23:59:07.731: I/ActivityThread(5990): Removing dead content provider:android.content.ContentProviderProxy@e30a8c9
10-16 23:59:07.731: I/ActivityManager(1626): Killing 4963:com.android.defcontainer/u0a8 (adj 906): empty #17
10-16 23:59:07.743: I/LoadedApk(6082): No resource references to update in package FFFFFFFFFFFFFFFFFFFFFF
10-16 23:59:07.754: V/NativeCrypto(6082): Registering com/google/android/gms/org/conscrypt/NativeCrypto's 259 native methods...
10-16 23:59:07.762: D/NetworkSecurityConfig(6082): No Network Security Config specified, using platform default
10-16 23:59:07.763: I/ProviderInstaller(6082): Installed default security provider GmsCore_OpenSSL
10-16 23:59:07.808: W/zygote(6103): Unexpected CPU variant for X86 using defaults: x86
10-16 23:59:07.812: I/ActivityManager(1626): Start proc 6103:com.google.android.gms/u0a14 for content provider com.google.android.gms/.chimera.container.GmsModuleProvider
10-16 23:59:07.839: I/LoadedApk(6103): No resource references to update in package FFFFFFFFFFFFFFFFFFFFFF
10-16 23:59:07.865: V/NativeCrypto(6103): Registering com/google/android/gms/org/conscrypt/NativeCrypto's 259 native methods...
10-16 23:59:07.879: D/NetworkSecurityConfig(6103): No Network Security Config specified, using platform default
10-16 23:59:07.881: I/ProviderInstaller(6103): Installed default security provider GmsCore_OpenSSL
10-16 23:59:07.897: I/DynamiteModule(6082): Considering local module com.google.android.gms.googlecertificates:4 and remote module com.google.android.gms.googlecertificates:4
10-16 23:59:07.897: I/DynamiteModule(6082): Selected local version of com.google.android.gms.googlecertificates
10-16 23:59:07.965: W/ChimeraUtils(6103): Non Chimera context
10-16 23:59:07.965: W/ChimeraUtils(6103): Non Chimera context
10-16 23:59:08.001: D/ContextHubService(1626): Added callback, total callbacks 1
10-16 23:59:08.003: D/ContextHubService(1626): System supports 0 hubs
10-16 23:59:08.016: I/Icing(6103): Storage manager: low false usage 17.06MB avail 3.56GB capacity 3.89GB
10-16 23:59:08.034: I/GCoreNlp(6082): shouldConfirmNlp, NLP off. Ensuring opt-in disabled
10-16 23:59:08.047: W/Binder(1626): Outgoing transactions from this process must be FLAG_ONEWAY
10-16 23:59:08.047: W/Binder(1626): java.lang.Throwable
10-16 23:59:08.047: W/Binder(1626): 	at android.os.BinderProxy.transact(Binder.java:736)
10-16 23:59:08.047: W/Binder(1626): 	at com.android.internal.location.ILocationProvider$Stub$Proxy.getProperties(ILocationProvider.java:232)
10-16 23:59:08.047: W/Binder(1626): 	at com.android.server.location.LocationProviderProxy$1.run(LocationProviderProxy.java:119)
10-16 23:59:08.047: W/Binder(1626): 	at android.os.Handler.handleCallback(Handler.java:769)
10-16 23:59:08.047: W/Binder(1626): 	at android.os.Handler.dispatchMessage(Handler.java:98)
10-16 23:59:08.047: W/Binder(1626): 	at android.os.Looper.loop(Looper.java:164)
10-16 23:59:08.047: W/Binder(1626): 	at android.os.HandlerThread.run(HandlerThread.java:65)
10-16 23:59:08.062: W/zygote(5842): Long monitor contention with owner initCrit3-1 (5874) at void java.lang.Object.wait(long, int)(Object.java:-2) waiters=0 in java.lang.String npi.c() for 665ms
10-16 23:59:08.069: I/CastDatabase(6103): Opening the database
10-16 23:59:08.083: W/Binder(1626): Outgoing transactions from this process must be FLAG_ONEWAY
10-16 23:59:08.083: W/Binder(1626): java.lang.Throwable
10-16 23:59:08.083: W/Binder(1626): 	at android.os.BinderProxy.transact(Binder.java:736)
10-16 23:59:08.083: W/Binder(1626): 	at com.android.internal.backup.IBackupTransport$Stub$Proxy.name(IBackupTransport.java:369)
10-16 23:59:08.083: W/Binder(1626): 	at com.android.server.backup.TransportManager$TransportConnection.onServiceConnected(TransportManager.java:339)
10-16 23:59:08.083: W/Binder(1626): 	at android.app.LoadedApk$ServiceDispatcher.doConnected(LoadedApk.java:1611)
10-16 23:59:08.083: W/Binder(1626): 	at android.app.LoadedApk$ServiceDispatcher$RunConnection.run(LoadedApk.java:1640)
10-16 23:59:08.083: W/Binder(1626): 	at android.os.Handler.handleCallback(Handler.java:769)
10-16 23:59:08.083: W/Binder(1626): 	at android.os.Handler.dispatchMessage(Handler.java:98)
10-16 23:59:08.083: W/Binder(1626): 	at android.os.Looper.loop(Looper.java:164)
10-16 23:59:08.083: W/Binder(1626): 	at com.android.server.SystemServer.run(SystemServer.java:419)
10-16 23:59:08.083: W/Binder(1626): 	at com.android.server.SystemServer.main(SystemServer.java:258)
10-16 23:59:08.083: W/Binder(1626): 	at java.lang.reflect.Method.invoke(Native Method)
10-16 23:59:08.083: W/Binder(1626): 	at com.android.internal.os.Zygote$MethodAndArgsCaller.run(Zygote.java:240)
10-16 23:59:08.083: W/Binder(1626): 	at com.android.internal.os.ZygoteInit.main(ZygoteInit.java:767)
10-16 23:59:08.085: D/BackupTransportManager(1626): Bound to transport: com.google.android.gms/.backup.BackupTransportService
10-16 23:59:08.088: I/SQLiteCastStore(6103): 0 CastNetworkInfo instances loaded, 0 CastDeviceInfo instances loaded, 0 paired guest mode devices loaded.
10-16 23:59:08.094: W/Icing(6103): city name for address is empty or is not existed. 
10-16 23:59:08.094: W/Icing(6103): street name for address is empty or is not existed. 
10-16 23:59:08.094: W/Icing(6103): transportation_script_path is empty
10-16 23:59:08.100: I/WearableService(6082): Wearable Services not starting - Wear is not available on this device.
10-16 23:59:08.144: W/Icing(6103): Words file  does not exist!
10-16 23:59:08.144: W/Icing(6103): WordsMap was not properly initialized
10-16 23:59:08.168: I/Remoter(1478): Saved screenshot to '/data/screenshots/__pmv__-0083.jpg'
10-16 23:59:08.177: E/HalDeviceManager(1626): getAllChipInfo: called but mWifi is null!?
10-16 23:59:08.177: E/HalDeviceManager(1626): getSupportedIfaceTypesInternal: no chip info found
10-16 23:59:08.180: W/ConfigurationChimeraProvider(6082): Got null configs for com.google.android.gms.nearby
10-16 23:59:08.197: I/CastSocket(6103): 26 >= 18. Adding new CastClientAuthKeyManager.
10-16 23:59:08.203: I/DiscoveryManager(6103): WifiGuestModeDeviceScanner enabled.
10-16 23:59:08.209: E/Icing(6103): Array storage bad crc 329787821 vs 218664093
10-16 23:59:08.209: E/Icing(6103): File /data/data/com.google.android.gms/files/AppDataSearch/main/cur/ds.docids failed to init (elt_size 4 num_elts 100030 array_crc 218664093)
10-16 23:59:08.222: I/CastMediaRouteProvider(6103): in onDiscoveryRequestChanged: request=DiscoveryRequest{ selector=MediaRouteSelector{ controlCategories=[com.google.android.gms.cast.CATEGORY_CAST/233637DE] }, activeScan=false, isValid=true }
10-16 23:59:08.226: I/DiscoveryManager(6103): Filter criteria(233637DE) scannerFlags(2)
10-16 23:59:08.226: I/Publisher(6103): onUpdateFilterCriteria [233637DE]
10-16 23:59:08.227: I/CastMediaRouteProvider(6103): onDevicesPublished with 0 devices
10-16 23:59:08.227: I/CastMediaRouteProvider(6103): Published 0 routes
10-16 23:59:08.237: E/Icing(6103): Array storage bad crc 337437171 vs 3105753855
10-16 23:59:08.237: E/Icing(6103): File /data/data/com.google.android.gms/files/AppDataSearch/main/cur/ds.perdocdata failed to init (elt_size 26 num_elts 100030 array_crc 3105753855)
10-16 23:59:08.244: E/Icing(6103): Array storage bad crc 132833961 vs 0
10-16 23:59:08.244: E/Icing(6103): File /data/data/com.google.android.gms/files/AppDataSearch/main/cur/ds.cscoring failed to init (elt_size 37 num_elts 13 array_crc 0)
10-16 23:59:08.248: E/Icing(6103): Array storage bad crc 2042487626 vs 3675747201
10-16 23:59:08.248: E/Icing(6103): Trie mmap suffix failed
10-16 23:59:08.252: W/Icing(6103): Docstore bad crc 0xd3a8efb6 vs 0xff94133a
10-16 23:59:08.265: I/zygote(6082): Do partial code cache collection, code=30KB, data=21KB
10-16 23:59:08.266: I/DeviceScanner(6103): [MDNS] startScan: scannerFlags: 2 criteria=233637DE
10-16 23:59:08.270: I/zygote(6103): Do partial code cache collection, code=30KB, data=28KB
10-16 23:59:08.273: I/zygote(6082): After code cache collection, code=30KB, data=21KB
10-16 23:59:08.273: I/zygote(6082): Increasing code cache capacity to 128KB
10-16 23:59:08.277: I/zygote(6103): After code cache collection, code=30KB, data=28KB
10-16 23:59:08.277: I/zygote(6103): Increasing code cache capacity to 128KB
10-16 23:59:08.283: W/MdnsClient_Cast(6103): #acquireLock. Multicast lock not held. Acquiring. Subtypes:"233637DE"
10-16 23:59:08.291: W/MdnsClient_Cast(6103): #acquireLock. Multicast lock not held. Acquiring. Subtypes:"233637DE"
10-16 23:59:08.293: I/DeviceScanner(6103): [GuestMode] startScan: scannerFlags: 2 criteria=233637DE
10-16 23:59:08.305: I/CastMediaRouteProvider(6103): onDevicesPublished with 0 devices
10-16 23:59:08.305: I/CastMediaRouteProvider(6103): Published 0 routes
10-16 23:59:08.306: I/DeviceScanner(6103): [MDNS] startScan: scannerFlags: 2 criteria=233637DE
10-16 23:59:08.306: I/DeviceScanner(6103): [MDNS] onScanSettingsUpdated: filterCriteriaAdded: NONE
10-16 23:59:08.306: I/DeviceScanner(6103): [MDNS] onScanSettingsUpdated: filterCriteriaRemoved: NONE
10-16 23:59:08.306: I/DeviceScanner(6103): [MDNS] onScanSettingsUpdated: Did scan settings changed? false
10-16 23:59:08.306: W/MdnsClient_Cast(6103): Multicast lock held. Releasing. Subtypes:"233637DE"
10-16 23:59:08.312: W/MdnsClient_Cast(6103): #acquireLock. Multicast lock not held. Acquiring. Subtypes:"233637DE"
10-16 23:59:08.314: W/MdnsClient_Cast(6103): Multicast lock held. Releasing. Subtypes:"233637DE"
10-16 23:59:08.316: W/MdnsClient_Cast(6103): #acquireLock. Multicast lock not held. Acquiring. Subtypes:"233637DE"
10-16 23:59:08.317: I/DeviceScanner(6103): [GuestMode] startScan: scannerFlags: 2 criteria=233637DE
10-16 23:59:08.354: W/Settings(6082): Setting airplane_mode_on has moved from android.provider.Settings.System to android.provider.Settings.Global, returning read-only value.
10-16 23:59:08.363: I/zygote(1626): Background concurrent copying GC freed 14927(1116KB) AllocSpace objects, 1(76KB) LOS objects, 42% free, 9MB/16MB, paused 178us total 109.753ms
10-16 23:59:08.369: I/ActivityManager(1626): Start proc 6184:com.google.android.gms.feedback/u0a14 for service com.google.android.gms/.feedback.FeedbackService
10-16 23:59:08.371: W/zygote(6184): Unexpected CPU variant for X86 using defaults: x86
10-16 23:59:08.416: I/LoadedApk(6184): No resource references to update in package FFFFFFFFFFFFFFFFFFFFFF
10-16 23:59:08.431: V/NativeCrypto(6184): Registering com/google/android/gms/org/conscrypt/NativeCrypto's 259 native methods...
10-16 23:59:08.442: D/NetworkSecurityConfig(6184): No Network Security Config specified, using platform default
10-16 23:59:08.444: I/ProviderInstaller(6184): Installed default security provider GmsCore_OpenSSL
10-16 23:59:08.453: I/LocaleChangeIO(6082): Requesting GmsCore restart due to change in locale assets
10-16 23:59:08.471: I/NetworkScheduler(6082): Using standalone scheduling engine
10-16 23:59:08.639: I/InstantApps(6082): HashPrefixFilterImpl: Registered O hash prefix filter.
10-16 23:59:08.641: D/PackageManager(1626): Connected to instant app resolver
10-16 23:59:08.647: I/NetRec(6082): [2] NetworkRecommendationService.onCreate: Creating service.
10-16 23:59:08.661: I/zygote(6082): Deoptimizing java.lang.Object aavn.c() due to JIT inline cache
10-16 23:59:08.671: W/ResourceType(6082): No package identifier when getting value for resource number 0x00000000
10-16 23:59:08.671: W/ChimeraUtils(6082): Module com.google.android.gms.netrec missing resource netrec_module_display_name(0)
10-16 23:59:08.685: I/NetRec(6082): [2] yip.onChange: Starting service.
10-16 23:59:08.686: I/NetRec(6082): [2] yle.a: Now the active scorer.
10-16 23:59:08.692: W/GeofencerStateMachine(6082): Received SM_HARDWARE_GEOFENCE_CHANGED_CMD in NotInitializedState
10-16 23:59:08.727: W/Binder(1626): Outgoing transactions from this process must be FLAG_ONEWAY
10-16 23:59:08.727: W/Binder(1626): java.lang.Throwable
10-16 23:59:08.727: W/Binder(1626): 	at android.os.BinderProxy.transact(Binder.java:736)
10-16 23:59:08.727: W/Binder(1626): 	at com.android.internal.backup.IBackupTransport$Stub$Proxy.name(IBackupTransport.java:369)
10-16 23:59:08.727: W/Binder(1626): 	at com.android.server.backup.TransportManager$TransportConnection.onServiceConnected(TransportManager.java:339)
10-16 23:59:08.727: W/Binder(1626): 	at android.app.LoadedApk$ServiceDispatcher.doConnected(LoadedApk.java:1611)
10-16 23:59:08.727: W/Binder(1626): 	at android.app.LoadedApk$ServiceDispatcher$RunConnection.run(LoadedApk.java:1640)
10-16 23:59:08.727: W/Binder(1626): 	at android.os.Handler.handleCallback(Handler.java:769)
10-16 23:59:08.727: W/Binder(1626): 	at android.os.Handler.dispatchMessage(Handler.java:98)
10-16 23:59:08.727: W/Binder(1626): 	at android.os.Looper.loop(Looper.java:164)
10-16 23:59:08.727: W/Binder(1626): 	at com.android.server.SystemServer.run(SystemServer.java:419)
10-16 23:59:08.727: W/Binder(1626): 	at com.android.server.SystemServer.main(SystemServer.java:258)
10-16 23:59:08.727: W/Binder(1626): 	at java.lang.reflect.Method.invoke(Native Method)
10-16 23:59:08.727: W/Binder(1626): 	at com.android.internal.os.Zygote$MethodAndArgsCaller.run(Zygote.java:240)
10-16 23:59:08.727: W/Binder(1626): 	at com.android.internal.os.ZygoteInit.main(ZygoteInit.java:767)
10-16 23:59:08.727: D/BackupTransportManager(1626): Bound to transport: com.google.android.gms/.backup.component.D2dTransportService
10-16 23:59:08.741: I/Backup(6082): [GmsBackupAccountManager] Backup account not found in gmscore.
10-16 23:59:08.750: I/zygote(6082): Do partial code cache collection, code=59KB, data=45KB
10-16 23:59:08.750: I/zygote(6082): After code cache collection, code=56KB, data=44KB
10-16 23:59:08.750: I/zygote(6082): Increasing code cache capacity to 256KB
10-16 23:59:08.768: I/GeofencerStateMachine(6082): Network location disabled.
10-16 23:59:08.840: W/ChimeraUtils(6082): Module com.google.android.gms.backup has empty metadata display_name_string_id
10-16 23:59:08.895: I/BeaconBle(6082): Using BLE 'L' hardware layer
10-16 23:59:08.899: W/Nearby(6082): Bind call too late - someone already tried to get: interface avxf
10-16 23:59:08.910: I/zygote(6082): Deoptimizing boolean bxm.a(android.content.Context, bxo) due to JIT inline cache
10-16 23:59:08.959: I/GeofencerStateMachine(6082): removeGeofences: removeRequest=RemoveGeofencingRequest[REMOVE_BY_PENDING_INTENT pendingIntent=PendingIntent[creatorPackage=com.google.android.gms], packageName=null]
10-16 23:59:08.966: W/Settings(6082): Setting airplane_mode_on has moved from android.provider.Settings.System to android.provider.Settings.Global, returning read-only value.
10-16 23:59:08.969: W/Settings(6082): Setting airplane_mode_on has moved from android.provider.Settings.System to android.provider.Settings.Global, returning read-only value.
10-16 23:59:09.012: D/BluetoothAdapter(6082): isLeEnabled(): ON
10-16 23:59:09.012: D/BluetoothLeScanner(6082): could not find callback wrapper
10-16 23:59:09.014: I/BeaconBle(6082): Client requested scan, settings=BleSettings [scanMode=LOW_LATENCY, callbackType=ALL_MATCHES, reportDelayMillis=0, 6 filters, 1 clients, callingClientName=Nearby]
10-16 23:59:09.023: I/BeaconBle(6082): 'L' hardware scan: 6 filters, scanMode=2, reportdelay=0, callback type=1, #clients=1
10-16 23:59:09.024: I/BeaconBle(6082): Starting scan on OS scanner. BT state: 12
10-16 23:59:09.024: D/BluetoothAdapter(6082): isLeEnabled(): ON
10-16 23:59:09.025: D/BtGatt.GattService(1726): registerScanner() - UUID=ae8194a6-f7c2-45ca-8d0d-dc46abe46dab
10-16 23:59:09.026: D/BtGatt.GattService(1726): onScannerRegistered() - UUID=ae8194a6-f7c2-45ca-8d0d-dc46abe46dab, scannerId=5, status=0
10-16 23:59:09.026: D/BluetoothLeScanner(6082): onScannerRegistered() - status=0 scannerId=5 mScannerId=0
10-16 23:59:09.026: D/BtGatt.GattService(1726): start scan with filters
10-16 23:59:09.027: D/BtGatt.ScanManager(1726): handling starting scan
10-16 23:59:09.028: D/BtGatt.ScanManager(1726): configureRegularScanParams() - queue=1
10-16 23:59:09.029: I/dual_mode_controller(1481): Command opcode: 0x200B, OGF: 0x0008, OCF: 0x000B
10-16 23:59:09.029: I/dual_mode_controller(1481): Controller performing command: LE SetScanParameters
10-16 23:59:09.029: D/BtGatt.ScanManager(1726): configureRegularScanParams() - ScanSetting Scan mode=2 mLastConfiguredScanSetting=-2147483648
10-16 23:59:09.029: I/dual_mode_controller(1481): Command opcode: 0x200C, OGF: 0x0008, OCF: 0x000C
10-16 23:59:09.029: I/dual_mode_controller(1481): Controller performing command: LE SetScanEnable
10-16 23:59:09.029: D/BtGatt.ScanManager(1726): configureRegularScanParams - scanInterval = 8000configureRegularScanParams - scanWindow = 8000
10-16 23:59:09.030: D/BtGatt.GattService(1726): onScanParamSetupCompleted : 0
10-16 23:59:09.030: I/dual_mode_controller(1481): Command opcode: 0x200C, OGF: 0x0008, OCF: 0x000C
10-16 23:59:09.030: I/dual_mode_controller(1481): Controller performing command: LE SetScanEnable
10-16 23:59:09.031: I/dual_mode_controller(1481): Command opcode: 0x200B, OGF: 0x0008, OCF: 0x000B
10-16 23:59:09.031: I/dual_mode_controller(1481): Controller performing command: LE SetScanParameters
10-16 23:59:09.031: I/dual_mode_controller(1481): Command opcode: 0x200B, OGF: 0x0008, OCF: 0x000B
10-16 23:59:09.031: I/dual_mode_controller(1481): Controller performing command: LE SetScanParameters
10-16 23:59:09.031: I/dual_mode_controller(1481): Command opcode: 0x200C, OGF: 0x0008, OCF: 0x000C
10-16 23:59:09.031: I/dual_mode_controller(1481): Controller performing command: LE SetScanEnable
10-16 23:59:09.038: I/BeaconBle(6082): Nearby requested to stop scan
10-16 23:59:09.041: I/BeaconBle(6082): Stopping scan on delegate scanner. BT state: 12
10-16 23:59:09.041: D/BluetoothAdapter(6082): isLeEnabled(): ON
10-16 23:59:09.041: D/BtGatt.GattService(1726): stopScan() - queue size =1
10-16 23:59:09.041: D/BtGatt.ScanManager(1726): stop scan
10-16 23:59:09.042: D/BtGatt.GattService(1726): unregisterScanner() - scannerId=5
10-16 23:59:09.042: D/BtGatt.ScanManager(1726): configureRegularScanParams() - queue=0
10-16 23:59:09.042: D/BtGatt.ScanManager(1726): configureRegularScanParams() - ScanSetting Scan mode=-2147483648 mLastConfiguredScanSetting=2
10-16 23:59:09.042: D/BtGatt.ScanManager(1726): configureRegularScanParams() - queue emtpy, scan stopped
10-16 23:59:09.042: I/dual_mode_controller(1481): Command opcode: 0x200C, OGF: 0x0008, OCF: 0x000C
10-16 23:59:09.042: I/dual_mode_controller(1481): Controller performing command: LE SetScanEnable
10-16 23:59:09.043: I/dual_mode_controller(1481): Command opcode: 0x200B, OGF: 0x0008, OCF: 0x000B
10-16 23:59:09.043: I/dual_mode_controller(1481): Controller performing command: LE SetScanParameters
10-16 23:59:09.045: I/BeaconBle(6082): Resetting - new scanner available: true
10-16 23:59:09.045: I/BeaconBle(6082): 'L' hardware scan: scan stopped, no clients
10-16 23:59:09.045: I/BeaconBle(6082): Scan canceled successfully.
10-16 23:59:09.048: D/BluetoothAdapter(6082): isLeEnabled(): ON
10-16 23:59:09.048: D/BluetoothLeScanner(6082): could not find callback wrapper
10-16 23:59:09.072: D/BluetoothAdapter(6082): isLeEnabled(): ON
10-16 23:59:09.072: D/BluetoothLeScanner(6082): could not find callback wrapper
10-16 23:59:09.073: I/BeaconBle(6082): Client requested scan, settings=BleSettings [scanMode=LOW_LATENCY, callbackType=ALL_MATCHES, reportDelayMillis=0, 6 filters, 1 clients, callingClientName=Nearby]
10-16 23:59:09.080: I/BeaconBle(6082): updateOsScan() called too quickly, retry in 300 ms
10-16 23:59:09.082: W/NearbyMessages(6082): LocationProvider returns null
10-16 23:59:09.198: I/Remoter(1478): Saved screenshot to '/data/screenshots/__pmv__-0084.jpg'
10-16 23:59:09.401: I/BeaconBle(6082): 'L' hardware scan: 6 filters, scanMode=2, reportdelay=0, callback type=1, #clients=1
10-16 23:59:09.402: I/BeaconBle(6082): Starting scan on OS scanner. BT state: 12
10-16 23:59:09.402: D/BluetoothAdapter(6082): isLeEnabled(): ON
10-16 23:59:09.404: D/BtGatt.GattService(1726): registerScanner() - UUID=3cd6ebe6-2ec9-44d7-b507-a3efd08bced4
10-16 23:59:09.404: D/BtGatt.GattService(1726): onScannerRegistered() - UUID=3cd6ebe6-2ec9-44d7-b507-a3efd08bced4, scannerId=5, status=0
10-16 23:59:09.404: D/BluetoothLeScanner(6082): onScannerRegistered() - status=0 scannerId=5 mScannerId=0
10-16 23:59:09.405: D/BtGatt.GattService(1726): start scan with filters
10-16 23:59:09.406: D/BtGatt.ScanManager(1726): handling starting scan
10-16 23:59:09.407: D/BtGatt.ScanManager(1726): configureRegularScanParams() - queue=1
10-16 23:59:09.407: D/BtGatt.ScanManager(1726): configureRegularScanParams() - ScanSetting Scan mode=2 mLastConfiguredScanSetting=-2147483648
10-16 23:59:09.408: D/BtGatt.ScanManager(1726): configureRegularScanParams - scanInterval = 8000configureRegularScanParams - scanWindow = 8000
10-16 23:59:09.408: I/dual_mode_controller(1481): Command opcode: 0x200B, OGF: 0x0008, OCF: 0x000B
10-16 23:59:09.408: I/dual_mode_controller(1481): Controller performing command: LE SetScanParameters
10-16 23:59:09.408: D/BtGatt.GattService(1726): onScanParamSetupCompleted : 0
10-16 23:59:09.409: I/dual_mode_controller(1481): Command opcode: 0x200C, OGF: 0x0008, OCF: 0x000C
10-16 23:59:09.409: I/dual_mode_controller(1481): Controller performing command: LE SetScanEnable
10-16 23:59:09.409: I/dual_mode_controller(1481): Command opcode: 0x200C, OGF: 0x0008, OCF: 0x000C
10-16 23:59:09.409: I/dual_mode_controller(1481): Controller performing command: LE SetScanEnable
10-16 23:59:09.410: I/dual_mode_controller(1481): Command opcode: 0x200B, OGF: 0x0008, OCF: 0x000B
10-16 23:59:09.410: I/dual_mode_controller(1481): Controller performing command: LE SetScanParameters
10-16 23:59:09.411: I/dual_mode_controller(1481): Command opcode: 0x200B, OGF: 0x0008, OCF: 0x000B
10-16 23:59:09.411: I/dual_mode_controller(1481): Controller performing command: LE SetScanParameters
10-16 23:59:09.411: I/dual_mode_controller(1481): Command opcode: 0x200C, OGF: 0x0008, OCF: 0x000C
10-16 23:59:09.411: I/dual_mode_controller(1481): Controller performing command: LE SetScanEnable
10-16 23:59:09.489: E/Icing(6103): Array storage bad crc 3272699620 vs 3353417933
10-16 23:59:09.490: E/Icing(6103): Trie mmap node failed
10-16 23:59:09.494: I/DynamiteModule(6103): Considering local module com.google.android.gms.googlecertificates:4 and remote module com.google.android.gms.googlecertificates:4
10-16 23:59:09.494: I/DynamiteModule(6103): Selected local version of com.google.android.gms.googlecertificates
10-16 23:59:09.526: W/Finsky(5832): [2] com.google.android.finsky.application.FinskyAppImpl.at(1142): No account configured on this device.
10-16 23:59:09.536: I/Icing(6103): updateResources: need to parse tut{com.google.android.gms}
10-16 23:59:09.599: I/Icing(6103): Internal init done: storage state 0
10-16 23:59:09.613: I/Icing(6103): 15 corpora need re-polling
10-16 23:59:09.646: I/Icing(6103): Post-init done
10-16 23:59:09.646: I/Icing(6103): Indexing 53CF711B25BD95B8A1326A149DD006201A729B64 from com.google.android.gms
10-16 23:59:09.652: I/Icing(6103): Indexing done 53CF711B25BD95B8A1326A149DD006201A729B64
10-16 23:59:09.652: I/Icing(6103): Indexing 5DEFCCBD0E23F290BDC5D7F74C20C8155D1E3057 from com.google.android.gms
10-16 23:59:09.668: I/zygote(6103): Do partial code cache collection, code=58KB, data=48KB
10-16 23:59:09.668: I/zygote(6103): After code cache collection, code=58KB, data=48KB
10-16 23:59:09.668: I/zygote(6103): Increasing code cache capacity to 256KB
10-16 23:59:09.927: V/RcsService(5585): Device info: unknown GCE x86 phone gce_x86  //  generic gce_x86_phone
10-16 23:59:09.927: V/RcsService(5585): Running Android 8.0.0, API level 26, REL 4165914
10-16 23:59:09.928: D/RcsService(5585): onBind in state STARTED, intent action = com.google.android.ims.rcsservice.signup.ISignup
10-16 23:59:09.928: D/RcsService(5585): Received broadcast of intent rcs.intent.action.disableRcs
10-16 23:59:09.928: D/RcsService(5585): Disabling RCS connectivity setting
10-16 23:59:09.930: I/ActivityManager(1626): Killing 5425:com.android.carrierdefaultapp/u0a42 (adj 906): empty #17
10-16 23:59:09.932: D/RcsService(5585): Never provisioned and provisioning is not allowed, skipped config update request
10-16 23:59:09.943: E/NetworkScheduler(6082): Dropping task as app's play services SDK version does not support Android O. Either update the SDK or lower your app's target SDK version
10-16 23:59:10.010: E/dual_mode_controller(1481): LE scan
10-16 23:59:10.014: I/zygote(6082): Do full code cache collection, code=121KB, data=91KB
10-16 23:59:10.020: I/zygote(6082): After code cache collection, code=87KB, data=55KB
10-16 23:59:10.110: I/Icing(6103): Indexing 0A8A50034300A49C702F5C2730E20C04CF77CB2F from com.google.android.gms
10-16 23:59:10.112: I/Icing(6103): Indexing done 0A8A50034300A49C702F5C2730E20C04CF77CB2F
10-16 23:59:10.112: I/Icing(6103): Indexing 83B72CA0F6B22359354CBD1002BDE05E61DB4448 from com.google.android.gms
10-16 23:59:10.114: I/Icing(6103): Indexing done 83B72CA0F6B22359354CBD1002BDE05E61DB4448
10-16 23:59:10.114: I/Icing(6103): Indexing FD4FC90ACBF5732C95DE78B97CF3F435E7DC177E from com.google.android.googlequicksearchbox
10-16 23:59:10.118: I/Icing(6103): Indexing done FD4FC90ACBF5732C95DE78B97CF3F435E7DC177E
10-16 23:59:10.118: I/Icing(6103): Not indexing corpus from package com.google.android.videos as it has never connected
10-16 23:59:10.118: E/Icing(6103): Aborting indexing of corpus shows
10-16 23:59:10.119: I/Icing(6103): Indexing 0DF471941A48D8522367A9FC07E32BD133A4212A from com.google.android.gms
10-16 23:59:10.120: I/Icing(6103): Indexing done 0DF471941A48D8522367A9FC07E32BD133A4212A
10-16 23:59:10.121: I/Icing(6103): Indexing D64FFFF5D89E3CE9AE96504ADD1435F661AF865F from com.google.android.apps.messaging
10-16 23:59:10.127: W/Icing(6103): Content incarnation mismatch: Expected [3a26a1eba0488ae2] found [b2fa0b6eeb7353c7]
10-16 23:59:10.127: I/Icing(6103): Indexing done D64FFFF5D89E3CE9AE96504ADD1435F661AF865F
10-16 23:59:10.127: E/Icing(6103): Aborting indexing of corpus participantsCorpus
10-16 23:59:10.128: I/Icing(6103): Indexing 37701961596564C80855529C7FD9BA82610D36FB from com.google.android.apps.messaging
10-16 23:59:10.133: W/Icing(6103): Content incarnation mismatch: Expected [48bd911d0dd2c24e] found [a577669bbfe209ec]
10-16 23:59:10.133: I/Icing(6103): Indexing done 37701961596564C80855529C7FD9BA82610D36FB
10-16 23:59:10.133: E/Icing(6103): Aborting indexing of corpus messagesCorpus
10-16 23:59:10.134: I/Icing(6103): Indexing BA913DA48A4BF86AAD524DCAC5E6788807A0947C from com.google.android.gms
10-16 23:59:10.137: I/Icing(6103): Indexing done BA913DA48A4BF86AAD524DCAC5E6788807A0947C
10-16 23:59:10.137: I/Icing(6103): Indexing 87EC54BE8C0456042D5CA1537ACDC3560C7843A2 from com.google.android.gms
10-16 23:59:10.143: I/Icing(6103): Indexing done 87EC54BE8C0456042D5CA1537ACDC3560C7843A2
10-16 23:59:10.143: I/Icing(6103): Not indexing corpus from package com.android.chrome as it has never connected
10-16 23:59:10.143: E/Icing(6103): Aborting indexing of corpus omnibox
10-16 23:59:10.144: I/Icing(6103): Not indexing corpus from package com.google.android.videos as it has never connected
10-16 23:59:10.144: E/Icing(6103): Aborting indexing of corpus movies
10-16 23:59:10.145: I/Icing(6103): Indexing D53F544658D876BEF8E2EE8EEDDC1B9095FFF314 from com.google.android.apps.messaging
10-16 23:59:10.150: W/Icing(6103): Content incarnation mismatch: Expected [c0483da90d444134] found [7320ba8fe412630e]
10-16 23:59:10.150: I/Icing(6103): Indexing done D53F544658D876BEF8E2EE8EEDDC1B9095FFF314
10-16 23:59:10.150: E/Icing(6103): Aborting indexing of corpus partsCorpus
10-16 23:59:10.154: I/Icing(6103): Indexing done 5DEFCCBD0E23F290BDC5D7F74C20C8155D1E3057
10-16 23:59:10.155: I/Icing(6103): Removing corpus key D64FFFF5D89E3CE9AE96504ADD1435F661AF865F for package com.google.android.apps.messaging
10-16 23:59:10.159: I/Icing(6103): Flash index sort hb 35 prefix-hits 156 -> 153 at 0.503ms
10-16 23:59:10.230: I/Remoter(1478): Saved screenshot to '/data/screenshots/__pmv__-0085.jpg'
10-16 23:59:10.420: I/GAv4-SVC(6103): Google Analytics 11.5.19 is starting up.
10-16 23:59:10.512: V/MediaPlayer(5722): resetDrmState:  mDrmInfo=null mDrmProvisioningThread=null mPrepareDrmInProgress=false mActiveDrmScheme=false
10-16 23:59:10.512: V/MediaPlayer(5722): cleanDrmObj: mDrmObj=null mDrmSessionId=null
10-16 23:59:10.513: D/NuPlayerDriver(1512): reset(0xf4229770) at state 4
10-16 23:59:10.513: D/NuPlayerDriver(1512): notifyListener_l(0xf4229770), (8, 0, 0, -1), loop setting(1, 0)
10-16 23:59:10.513: D/NuPlayerDriver(1512): notifyResetComplete(0xf4229770)
10-16 23:59:10.514: D/MediaAnalyticsService(1511): MediaAnalyticsService::newSummarizerSet
10-16 23:59:10.872: I/Icing(6103): Removing corpus key 37701961596564C80855529C7FD9BA82610D36FB for package com.google.android.apps.messaging
10-16 23:59:11.010: E/dual_mode_controller(1481): LE scan
10-16 23:59:11.260: I/Remoter(1478): Saved screenshot to '/data/screenshots/__pmv__-0086.jpg'
10-16 23:59:11.306: I/Publisher(6103): Triggered Adaptive Discovery
10-16 23:59:11.307: I/Publisher(6103): Exiting Adaptive Discovery. Current BSSID is NULL.
10-16 23:59:11.553: I/Icing(6103): Removing corpus key D53F544658D876BEF8E2EE8EEDDC1B9095FFF314 for package com.google.android.apps.messaging
10-16 23:59:11.668: I/WearableService(6082): Wearable Services stopping
10-16 23:59:12.010: E/dual_mode_controller(1481): LE scan
10-16 23:59:12.013: D/BluetoothAdapter(6082): isLeEnabled(): ON
10-16 23:59:12.013: D/BluetoothLeScanner(6082): could not find callback wrapper
10-16 23:59:12.014: I/BeaconBle(6082): Client requested scan, settings=BleSettings [scanMode=ZERO_POWER, callbackType=ALL_MATCHES, reportDelayMillis=0, 6 filters, 1 clients, callingClientName=Nearby]
10-16 23:59:12.018: I/BeaconBle(6082): Stopping scan on delegate scanner. BT state: 12
10-16 23:59:12.018: D/BluetoothAdapter(6082): isLeEnabled(): ON
10-16 23:59:12.018: D/BtGatt.GattService(1726): stopScan() - queue size =1
10-16 23:59:12.019: D/BtGatt.ScanManager(1726): stop scan
10-16 23:59:12.019: D/BtGatt.ScanManager(1726): configureRegularScanParams() - queue=0
10-16 23:59:12.019: D/BtGatt.ScanManager(1726): configureRegularScanParams() - ScanSetting Scan mode=-2147483648 mLastConfiguredScanSetting=2
10-16 23:59:12.019: I/dual_mode_controller(1481): Command opcode: 0x200C, OGF: 0x0008, OCF: 0x000C
10-16 23:59:12.019: I/dual_mode_controller(1481): Controller performing command: LE SetScanEnable
10-16 23:59:12.019: D/BtGatt.ScanManager(1726): configureRegularScanParams() - queue emtpy, scan stopped
10-16 23:59:12.019: I/dual_mode_controller(1481): Command opcode: 0x200C, OGF: 0x0008, OCF: 0x000C
10-16 23:59:12.019: I/dual_mode_controller(1481): Controller performing command: LE SetScanEnable
10-16 23:59:12.020: I/dual_mode_controller(1481): Command opcode: 0x200B, OGF: 0x0008, OCF: 0x000B
10-16 23:59:12.020: I/dual_mode_controller(1481): Controller performing command: LE SetScanParameters
10-16 23:59:12.021: D/BtGatt.GattService(1726): unregisterScanner() - scannerId=5
10-16 23:59:12.021: I/BeaconBle(6082): Resetting - new scanner available: true
10-16 23:59:12.021: I/BeaconBle(6082): ZERO_POWER is disabled.
10-16 23:59:12.022: I/BeaconBle(6082): 'L' hardware scan: scan stopped, no powered clients
10-16 23:59:12.205: I/Icing(6103): Indexing D64FFFF5D89E3CE9AE96504ADD1435F661AF865F from com.google.android.apps.messaging
10-16 23:59:12.211: I/Icing(6103): Indexing done D64FFFF5D89E3CE9AE96504ADD1435F661AF865F
10-16 23:59:12.212: I/Icing(6103): Indexing 37701961596564C80855529C7FD9BA82610D36FB from com.google.android.apps.messaging
10-16 23:59:12.217: I/Icing(6103): Indexing done 37701961596564C80855529C7FD9BA82610D36FB
10-16 23:59:12.221: I/Icing(6103): Indexing D53F544658D876BEF8E2EE8EEDDC1B9095FFF314 from com.google.android.apps.messaging
10-16 23:59:12.226: I/Icing(6103): Indexing done D53F544658D876BEF8E2EE8EEDDC1B9095FFF314
10-16 23:59:12.286: I/Remoter(1478): Saved screenshot to '/data/screenshots/__pmv__-0087.jpg'
10-16 23:59:12.367: I/zygote(6103): Deoptimizing java.lang.Object aavn.a() due to JIT inline cache
10-16 23:59:12.368: I/DynamiteModule(6184): Considering local module com.google.android.gms.googlecertificates:4 and remote module com.google.android.gms.googlecertificates:4
10-16 23:59:12.368: I/DynamiteModule(6184): Selected local version of com.google.android.gms.googlecertificates
10-16 23:59:12.560: W/zygote(6296): Unexpected CPU variant for X86 using defaults: x86
10-16 23:59:12.562: I/ActivityManager(1626): Start proc 6296:com.google.android.contacts/u0a19 for service com.google.android.contacts/com.android.contacts.ContactsJobService
10-16 23:59:12.584: I/zygote(6082): Deoptimizing java.lang.Object aavn.c() due to JIT inline cache
10-16 23:59:12.588: I/GoogleContactsApp(6296): GoogleContactsApplication.onCreate
10-16 23:59:12.589: W/zygote(6296): Class com.google.android.gms.analytics.a failed lock verification and will run slower.
10-16 23:59:12.589: W/zygote(6296): Common causes for lock verification issues are non-optimized dex code
10-16 23:59:12.589: W/zygote(6296): and incorrect proguard optimizations.
10-16 23:59:12.591: W/zygote(6296): Class com.google.android.gms.analytics.internal.b failed lock verification and will run slower.
10-16 23:59:12.592: W/zygote(6296): Class com.google.android.gms.analytics.internal.g failed lock verification and will run slower.
10-16 23:59:12.593: I/GAv4(6296): Google Analytics 10.0.84 is starting up. To enable debug logging on a device run:
10-16 23:59:12.593: I/GAv4(6296):   adb shell setprop log.tag.GAv4 DEBUG
10-16 23:59:12.593: I/GAv4(6296):   adb logcat -s GAv4
10-16 23:59:12.597: W/Binder(1626): Outgoing transactions from this process must be FLAG_ONEWAY
10-16 23:59:12.597: W/Binder(1626): java.lang.Throwable
10-16 23:59:12.597: W/Binder(1626): 	at android.os.BinderProxy.transact(Binder.java:736)
10-16 23:59:12.597: W/Binder(1626): 	at android.content.ContentProviderProxy.getType(ContentProviderNative.java:451)
10-16 23:59:12.597: W/Binder(1626): 	at com.android.server.am.ActivityManagerService.getProviderMimeType(ActivityManagerService.java:12074)
10-16 23:59:12.597: W/Binder(1626): 	at android.app.IActivityManager$Stub.onTransact(IActivityManager.java:1799)
10-16 23:59:12.597: W/Binder(1626): 	at com.android.server.am.ActivityManagerService.onTransact(ActivityManagerService.java:2921)
10-16 23:59:12.597: W/Binder(1626): 	at android.os.Binder.execTransact(Binder.java:674)
10-16 23:59:12.602: W/zygote(6296): Class com.google.android.gms.analytics.internal.F failed lock verification and will run slower.
10-16 23:59:12.603: W/zygote(6296): Class com.google.android.gms.analytics.k failed lock verification and will run slower.
10-16 23:59:12.605: W/GAv4(6296): AnalyticsReceiver is not registered or is disabled. Register the receiver for reliable dispatching on non-Google Play devices. See http://goo.gl/8Rd3yj for instructions.
10-16 23:59:12.606: W/GAv4(6296): CampaignTrackingReceiver is not registered, not exported or is disabled. Installation campaign tracking is not possible. See http://goo.gl/8Rd3yj for instructions.
10-16 23:59:12.607: W/GAv4(6296): AnalyticsService not registered in the app manifest. Hits might not be delivered reliably. See http://goo.gl/8Rd3yj for instructions.
10-16 23:59:12.607: W/zygote(6296): Class android.support.v4.a.b failed lock verification and will run slower.
10-16 23:59:12.612: W/zygote(6296): Class com.google.android.gms.internal.Q failed lock verification and will run slower.
10-16 23:59:12.613: W/zygote(6296): Class com.google.android.gms.common.m failed lock verification and will run slower.
10-16 23:59:12.843: D/HeadsetPhoneState(1726): sendDeviceStateChanged. mService=1 mSignal=5 mRoam=0 mBatteryCharge=4
10-16 23:59:13.200: E/memtrack(1626): Couldn't load memtrack module
10-16 23:59:13.200: W/android.os.Debug(1626): failed to get memory consumption info: -1
10-16 23:59:13.250: I/PlayMovies(5786): RefreshLicenseTaskService.onRunTask:96 On run task refresh_license_forced
10-16 23:59:13.256: I/zygote(6082): Deoptimizing void sww.a(sxe, int) due to JIT inline cache
10-16 23:59:13.264: E/GnsSdk(5643): [GnsTaskScheduledService] Handler not found for tag: scheduled_sync_reg_status
10-16 23:59:13.308: I/Remoter(1478): Saved screenshot to '/data/screenshots/__pmv__-0088.jpg'
10-16 23:59:14.333: I/Remoter(1478): Saved screenshot to '/data/screenshots/__pmv__-0089.jpg'
10-16 23:59:15.359: I/Remoter(1478): Saved screenshot to '/data/screenshots/__pmv__-0090.jpg'
10-16 23:59:15.819: I/InputReader(1626): Reconfiguring input devices.  changes=0x00000010
10-16 23:59:15.825: D/Avrcp(1726): AvrcpServiceBroadcastReceiver-> Action: android.intent.action.PACKAGE_CHANGED
10-16 23:59:15.825: D/Avrcp(1726): AvrcpServiceBroadcastReceiver-> packageName: com.google.android.googlequicksearchbox
10-16 23:59:15.825: D/Avrcp(1726): packageName: com.google.android.googlequicksearchbox removed: false
10-16 23:59:15.826: D/Avrcp(1726): isBrowsableListUpdated: false
10-16 23:59:15.833: D/CarrierSvcBindHelper(1824): No carrier app for: 0
10-16 23:59:15.833: D/ImsResolver(1824): maybeAddedImsService, packageName: com.google.android.googlequicksearchbox
10-16 23:59:15.837: I/Telecom(1626): DefaultDialerCache: Refreshing default dialer for user 0: now com.google.android.dialer: DDC.oR@AHw
10-16 23:59:15.851: I/ActivityManager(1626): Start proc 6332:com.android.printspooler/u0a77 for service com.android.printspooler/.model.PrintSpoolerService
10-16 23:59:15.853: W/zygote(6332): Unexpected CPU variant for X86 using defaults: x86
10-16 23:59:16.384: I/Remoter(1478): Saved screenshot to '/data/screenshots/__pmv__-0091.jpg'
10-16 23:59:17.408: I/Remoter(1478): Saved screenshot to '/data/screenshots/__pmv__-0092.jpg'
10-16 23:59:17.567: E/ActivityThread(5959): Failed to find provider info for com.google.android.apps.common.testing.services.storage.testargs
10-16 23:59:17.567: W/AuthService(5959): [TestArgsHelper] Error when calling AndroidTestUtil.getTestArgs(). Note that this behavior might be expected.
10-16 23:59:17.569: I/AuthService(5959): [AddAccountOperation] Call GmsCore API.
10-16 23:59:17.572: W/ChimeraUtils(6082): Non Chimera context
10-16 23:59:17.572: W/ChimeraUtils(6082): Non Chimera context
10-16 23:59:17.582: I/Auth(6082): [ReflectiveChannelBinder] Successfully bound channel!
10-16 23:59:17.584: I/GoogleURLConnFactory(6082): Using platform SSLCertificateSocketFactory
10-16 23:59:17.585: E/BaseAppContext(6082): Tried to stop global GMSCore RequestQueue. This is likely unintended, so ignoring.
10-16 23:59:17.595: I/Auth(6082): [ReflectiveChannelBinder] Successfully bound channel!
10-16 23:59:17.615: I/DrmHal(1509): makeDrmFactories: using default drm instance
10-16 23:59:17.617: D/WVCdm(1509): Instantiating CDM.
10-16 23:59:17.617: I/WVCdm(1509): CdmEngine::OpenSession
10-16 23:59:17.618: I/WVCdm(1509): Level3 Library 4464 May  2 2017 11:53:46
10-16 23:59:17.619: W/WVCdm(1509): Could not load liboemcrypto.so. Falling back to L3.  dlopen failed: library "liboemcrypto.so" not found
10-16 23:59:17.619: W/WVCdm(1509): DeviceFiles::RetrieveUsageTableInfo: not initialized
10-16 23:59:17.622: I/WVCdm(1509): CdmEngine::QueryOemCryptoSessionId
10-16 23:59:17.623: I/WVCdm(1509): CdmEngine::GenerateKeyRequest
10-16 23:59:17.623: W/WVCdm(1509): OEMCrypto_GetCurrentSRMVersion fails with 25
10-16 23:59:17.623: D/WVCdm(1509): PrepareKeyRequest: nonce=1777469772
10-16 23:59:17.691: I/zygote(6103): Deoptimizing java.lang.Object aavn.d() due to JIT inline cache
10-16 23:59:17.693: I/DynamiteModule(5990): Considering local module com.google.android.gms.googlecertificates:4 and remote module com.google.android.gms.googlecertificates:4
10-16 23:59:17.693: I/DynamiteModule(5990): Selected local version of com.google.android.gms.googlecertificates
10-16 23:59:17.706: I/WVCdm(1509): CdmEngine::CloseSession
10-16 23:59:17.719: W/zygote(5990): Skipping duplicate class check due to unrecognized classloader
10-16 23:59:17.823: W/SystemServiceRegistry(5990): No service published for: persistent_data_block
10-16 23:59:17.853: W/dex2oat(6368): Unexpected CPU variant for X86 using defaults: x86
10-16 23:59:17.853: W/dex2oat(6368): Mismatch between dex2oat instruction set features (ISA: X86 Feature string: -ssse3,-sse4.1,-sse4.2,-avx,-avx2,-popcnt) and those of dex2oat executable (ISA: X86 Feature string: ssse3,-sse4.1,-sse4.2,-avx,-avx2,-popcnt) for the command line:
10-16 23:59:17.853: W/dex2oat(6368): /system/bin/dex2oat --runtime-arg -classpath --runtime-arg & --instruction-set=x86 --instruction-set-features=ssse3,-sse4.1,-sse4.2,-avx,-avx2,-popcnt --runtime-arg -Xrelocate --boot-image=/system/framework/boot.art --runtime-arg -Xms64m --runtime-arg -Xmx512m --instruction-set-variant=x86 --instruction-set-features=default --dex-file=/data/data/com.google.android.gms/app_fb/f.apk --output-vdex-fd=49 --oat-fd=50 --oat-location=/data/data/com.google.android.gms/app_fb/oat/x86/f.odex
10-16 23:59:17.853: I/dex2oat(6368): /system/bin/dex2oat --dex-file=/data/data/com.google.android.gms/app_fb/f.apk --output-vdex-fd=49 --oat-fd=50 --oat-location=/data/data/com.google.android.gms/app_fb/oat/x86/f.odex
10-16 23:59:17.853: E/cutils-trace(6368): Error opening trace file: No such file or directory (2)
10-16 23:59:17.886: I/dex2oat(6368): dex2oat took 32.662ms (39.766ms cpu) (threads: 2) arena alloc=52KB (53968B) java alloc=32KB (33344B) native alloc=1240KB (1270280B) free=1831KB (1875448B)
10-16 23:59:17.889: W/zygote(5990): Skipping duplicate class check due to unrecognized classloader
10-16 23:59:18.218: W/Conscrypt(6082): Could not set socket write timeout:
10-16 23:59:18.218: W/Conscrypt(6082):    java.lang.reflect.Method.invoke(Native Method)
10-16 23:59:18.218: W/Conscrypt(6082):    com.google.android.gms.org.conscrypt.Platform.setSocketWriteTimeout(:com.google.android.gms@11519470:13)
10-16 23:59:18.231: W/Conscrypt(6082): Could not set socket write timeout:
10-16 23:59:18.231: W/Conscrypt(6082):    java.lang.reflect.Method.invoke(Native Method)
