10-16 23:59:23.856: I/ProcessCheckinRequest(6103):     r: "<compatibility-matrix version=\u00221.0\u0022 type=\u0022framework\u0022>\u000a    <hal format=\u0022hidl\u0022 optional=\u0022false\u0022>\u000a        <name>android.hardware.audio</name>\u000a        <version>2.0</version>\u000a    </hal>\u000a    <hal format=\u0022hi[...]"
10-16 23:59:23.856: I/ProcessCheckinRequest(6103):   >
10-16 23:59:23.856: I/ProcessCheckinRequest(6103):   b: 1508190849371
10-16 23:59:23.856: I/ProcessCheckinRequest(6103):   e: "310260"
10-16 23:59:23.856: I/ProcessCheckinRequest(6103):   f: "310260"
10-16 23:59:23.856: I/ProcessCheckinRequest(6103):   g: "MOBILE:LTE:"
10-16 23:59:23.856: I/ProcessCheckinRequest(6103):   h: true
10-16 23:59:23.856: I/ProcessCheckinRequest(6103):   i: 0
10-16 23:59:23.856: I/ProcessCheckinRequest(6103):   j: 2
10-16 23:59:23.856: I/ProcessCheckinRequest(6103):   k <
10-16 23:59:23.856: I/ProcessCheckinRequest(6103):     a: 4
10-16 23:59:23.856: I/ProcessCheckinRequest(6103):     b: 1
10-16 23:59:23.856: I/ProcessCheckinRequest(6103):     c: "unspecified"
10-16 23:59:23.856: I/ProcessCheckinRequest(6103):     d: ""
10-16 23:59:23.856: I/ProcessCheckinRequest(6103):     e: false
10-16 23:59:23.856: I/ProcessCheckinRequest(6103):   >
10-16 23:59:23.856: I/ProcessCheckinRequest(6103):   l <
10-16 23:59:23.856: I/ProcessCheckinRequest(6103):     a: "310260"
10-16 23:59:23.856: I/ProcessCheckinRequest(6103):     b: "Android"
10-16 23:59:23.856: I/ProcessCheckinRequest(6103):     c: "0"
10-16 23:59:23.856: I/ProcessCheckinRequest(6103):     d: 0
10-16 23:59:23.856: I/ProcessCheckinRequest(6103):     d: 1
10-16 23:59:23.856: I/ProcessCheckinRequest(6103):     d: 2
10-16 23:59:23.856: I/ProcessCheckinRequest(6103):     e: "310260123400000"
10-16 23:59:23.856: I/ProcessCheckinRequest(6103):     g: "\244\240"
10-16 23:59:23.856: I/ProcessCheckinRequest(6103):   >
10-16 23:59:23.856: I/ProcessCheckinRequest(6103): >
10-16 23:59:23.856: I/ProcessCheckinRequest(6103): l: "[VS2WQVCOVYYT3Y3JQZUPAOQ2II-00@cloudtestlabaccounts.com]"
10-16 23:59:23.856: I/ProcessCheckinRequest(6103): m: "GMT"
10-16 23:59:23.856: I/ProcessCheckinRequest(6103): n: 2477073540186908695
10-16 23:59:23.856: I/ProcessCheckinRequest(6103): o: 3
10-16 23:59:23.856: I/ProcessCheckinRequest(6103): p: "71Q6Rn2DDZl1zPDVaaeEHItd+Yg="
10-16 23:59:23.856: I/ProcessCheckinRequest(6103): q <
10-16 23:59:23.856: I/ProcessCheckinRequest(6103):   a: 3
10-16 23:59:23.856: I/ProcessCheckinRequest(6103):   b: 2
10-16 23:59:23.856: I/ProcessCheckinRequest(6103):   c: 1
10-16 23:59:23.856: I/ProcessCheckinRequest(6103):   d: 2
10-16 23:59:23.856: I/ProcessCheckinRequest(6103):   e: true
10-16 23:59:23.856: I/ProcessCheckinRequest(6103):   f: false
10-16 23:59:23.856: I/ProcessCheckinRequest(6103):   g: 420
10-16 23:59:23.856: I/ProcessCheckinRequest(6103):   h: 1080
10-16 23:59:23.856: I/ProcessCheckinRequest(6103):   i: 1794
10-16 23:59:23.856: I/ProcessCheckinRequest(6103):   j: 131072
10-16 23:59:23.856: I/ProcessCheckinRequest(6103):   k: "android.ext.services"
10-16 23:59:23.856: I/ProcessCheckinRequest(6103):   k: "android.ext.shared"
10-16 23:59:23.856: I/ProcessCheckinRequest(6103):   k: "android.test.runner"
10-16 23:59:23.856: I/ProcessCheckinRequest(6103):   k: "com.android.future.usb.accessory"
10-16 23:59:23.856: I/ProcessCheckinRequest(6103):   k: "com.android.location.provider"
10-16 23:59:23.856: I/ProcessCheckinRequest(6103):   k: "com.android.media.remotedisplay"
10-16 23:59:23.856: I/ProcessCheckinRequest(6103):   k: "com.android.mediadrm.signer"
10-16 23:59:23.856: I/ProcessCheckinRequest(6103):   k: "com.google.android.camera2"
10-16 23:59:23.856: I/ProcessCheckinRequest(6103):   k: "com.google.android.dialer.support"
10-16 23:59:23.856: I/ProcessCheckinRequest(6103):   k: "com.google.android.gms"
10-16 23:59:23.856: I/ProcessCheckinRequest(6103):   k: "com.google.android.maps"
10-16 23:59:23.856: I/ProcessCheckinRequest(6103):   k: "com.google.android.media.effects"
10-16 23:59:23.856: I/ProcessCheckinRequest(6103):   k: "javax.obex"
10-16 23:59:23.856: I/ProcessCheckinRequest(6103):   k: "org.apache.http.legacy"
10-16 23:59:23.856: I/ProcessCheckinRequest(6103):   l: "android.hardware.audio.low_latency"
10-16 23:59:23.856: I/ProcessCheckinRequest(6103):   l: "android.hardware.audio.output"
10-16 23:59:23.856: I/ProcessCheckinRequest(6103):   l: "android.hardware.bluetooth"
10-16 23:59:23.856: I/ProcessCheckinRequest(6103):   l: "android.hardware.bluetooth_le"
10-16 23:59:23.856: I/ProcessCheckinRequest(6103):   l: "android.hardware.camera"
10-16 23:59:23.856: I/ProcessCheckinRequest(6103):   l: "android.hardware.camera.any"
10-16 23:59:23.856: I/ProcessCheckinRequest(6103):   l: "android.hardware.camera.autofocus"
10-16 23:59:23.856: I/ProcessCheckinRequest(6103):   l: "android.hardware.camera.flash"
10-16 23:59:23.856: I/ProcessCheckinRequest(6103):   l: "android.hardware.camera.front"
10-16 23:59:23.856: I/ProcessCheckinRequest(6103):   l: "android.hardware.ethernet"
10-16 23:59:23.856: I/ProcessCheckinRequest(6103):   l: "android.hardware.faketouch"
10-16 23:59:23.856: I/ProcessCheckinRequest(6103):   l: "android.hardware.location"
10-16 23:59:23.856: I/ProcessCheckinRequest(6103):   l: "android.hardware.location.gps"
10-16 23:59:23.856: I/ProcessCheckinRequest(6103):   l: "android.hardware.location.network"
10-16 23:59:23.856: I/ProcessCheckinRequest(6103):   l: "android.hardware.microphone"
10-16 23:59:23.856: I/ProcessCheckinRequest(6103):   l: "android.hardware.screen.landscape"
10-16 23:59:23.856: I/ProcessCheckinRequest(6103):   l: "android.hardware.screen.portrait"
10-16 23:59:23.856: I/ProcessCheckinRequest(6103):   l: "android.hardware.sensor.accelerometer"
10-16 23:59:23.856: I/ProcessCheckinRequest(6103):   l: "android.hardware.sensor.barometer"
10-16 23:59:23.856: I/ProcessCheckinRequest(6103):   l: "android.hardware.sensor.compass"
10-16 23:59:23.856: I/ProcessCheckinRequest(6103):   l: "android.hardware.sensor.light"
10-16 23:59:23.856: I/ProcessCheckinRequest(6103):   l: "android.hardware.sensor.proximity"
10-16 23:59:23.856: I/ProcessCheckinRequest(6103):   l: "android.hardware.telephony"
10-16 23:59:23.856: I/ProcessCheckinRequest(6103):   l: "android.hardware.telephony.gsm"
10-16 23:59:23.856: I/ProcessCheckinRequest(6103):   l: "android.hardware.touchscreen"
10-16 23:59:23.856: I/ProcessCheckinRequest(6103):   l: "android.hardware.usb.accessory"
10-16 23:59:23.856: I/ProcessCheckinRequest(6103):   l: "android.hardware.wifi"
10-16 23:59:23.856: I/ProcessCheckinRequest(6103):   l: "android.software.activities_on_secondary_displays"
10-16 23:59:23.856: I/ProcessCheckinRequest(6103):   l: "android.software.app_widgets"
10-16 23:59:23.856: I/ProcessCheckinRequest(6103):   l: "android.software.autofill"
10-16 23:59:23.856: I/ProcessCheckinRequest(6103):   l: "android.software.backup"
10-16 23:59:23.856: I/ProcessCheckinRequest(6103):   l: "android.software.companion_device_setup"
10-16 23:59:23.856: I/ProcessCheckinRequest(6103):   l: "android.software.connectionservice"
10-16 23:59:23.856: I/ProcessCheckinRequest(6103):   l: "android.software.cts"
10-16 23:59:23.856: I/ProcessCheckinRequest(6103):   l: "android.software.device_admin"
10-16 23:59:23.856: I/ProcessCheckinRequest(6103):   l: "android.software.home_screen"
10-16 23:59:23.856: I/ProcessCheckinRequest(6103):   l: "android.software.input_methods"
10-16 23:59:23.856: I/ProcessCheckinRequest(6103):   l: "android.software.live_wallpaper"
10-16 23:59:23.856: I/ProcessCheckinRequest(6103):   l: "android.softwa
10-16 23:59:23.951: W/Auth(6082): [GetToken] GetToken failed with status code: INVALID_SCOPE
10-16 23:59:23.951: W/AuthSessionAuthenticato(6082): Auth related exception is being ignored: INVALID_SCOPE
10-16 23:59:23.952: W/GLSUser(6082): [DeviceKeyStore] Cannot load key: Device key file not found.
10-16 23:59:23.953: W/GLSUser(6082): [DeviceKeyStore] Cannot load key: Device key file not found.
10-16 23:59:23.955: E/ctxmgr(6082): [BaseServerTask]Server task (FetchAclSet) got error statusCode=-1.
10-16 23:59:23.955: E/ctxmgr(6082): com.android.volley.VolleyError: Unable to obtain auth token - is the device online?
10-16 23:59:23.955: E/ctxmgr(6082): 	at ciz.a(:com.google.android.gms@11519470:39)
10-16 23:59:23.955: E/ctxmgr(6082): 	at cei.run(:com.google.android.gms@11519470:2)
10-16 23:59:23.955: E/ctxmgr(6082): 	at ceg.handleMessage(:com.google.android.gms@11519470:3)
10-16 23:59:23.955: E/ctxmgr(6082): 	at mme.run(:com.google.android.gms@11519470:6)
10-16 23:59:23.955: E/ctxmgr(6082): 	at mmo.run(:com.google.android.gms@11519470:25)
10-16 23:59:23.955: E/ctxmgr(6082): 	at java.util.concurrent.ThreadPoolExecutor.runWorker(ThreadPoolExecutor.java:1162)
10-16 23:59:23.955: E/ctxmgr(6082): 	at java.util.concurrent.ThreadPoolExecutor$Worker.run(ThreadPoolExecutor.java:636)
10-16 23:59:23.955: E/ctxmgr(6082): 	at mrv.run(Unknown Source:7)
10-16 23:59:23.955: E/ctxmgr(6082): 	at java.lang.Thread.run(Thread.java:764)
10-16 23:59:23.956: E/ctxmgr(6082): [AccountAclCallback]Failed Acl fetch: network status=-1
10-16 23:59:24.018: I/zygote(6082): Deoptimizing java.lang.Object aavn.c() due to JIT inline cache
10-16 23:59:24.022: I/Remoter(1478): Saved screenshot to '/data/screenshots/__pmv__-0098.jpg'
10-16 23:59:24.108: I/CheckinResponseProcess(6103): From server: 1495 gservices [full]
10-16 23:59:24.293: W/Auth(6082): [GetToken] GetToken failed with status code: INVALID_SCOPE
10-16 23:59:24.296: E/HeterodyneSyncer(6082): Failed to get auth token: INVALID_SCOPE
10-16 23:59:24.296: E/HeterodyneSyncer(6082): dzf: INVALID_SCOPE
10-16 23:59:24.296: E/HeterodyneSyncer(6082): 	at dzj.a(:com.google.android.gms@11519470:16)
10-16 23:59:24.296: E/HeterodyneSyncer(6082): 	at dzi.a(:com.google.android.gms@11519470:2)
10-16 23:59:24.296: E/HeterodyneSyncer(6082): 	at dzi.e(:com.google.android.gms@11519470:6)
10-16 23:59:24.296: E/HeterodyneSyncer(6082): 	at dzg.f(:com.google.android.gms@11519470:3)
10-16 23:59:24.296: E/HeterodyneSyncer(6082): 	at dzg.a(:com.google.android.gms@11519470:4)
10-16 23:59:24.296: E/HeterodyneSyncer(6082): 	at dzg.a(:com.google.android.gms@11519470:7)
10-16 23:59:24.296: E/HeterodyneSyncer(6082): 	at aazh.a(:com.google.android.gms@11519470:30)
10-16 23:59:24.296: E/HeterodyneSyncer(6082): 	at aazj.a(:com.google.android.gms@11519470:26)
10-16 23:59:24.296: E/HeterodyneSyncer(6082): 	at aazj.a(:com.google.android.gms@11519470:158)
10-16 23:59:24.296: E/HeterodyneSyncer(6082): 	at aazj.a(:com.google.android.gms@11519470:282)
10-16 23:59:24.296: E/HeterodyneSyncer(6082): 	at com.google.android.gms.phenotype.sync.HeterodyneSyncTaskChimeraService.a(:com.google.android.gms@11519470:40)
10-16 23:59:24.296: E/HeterodyneSyncer(6082): 	at com.google.android.gms.phenotype.sync.HeterodyneSyncTaskChimeraService.a(:com.google.android.gms@11519470:19)
10-16 23:59:24.296: E/HeterodyneSyncer(6082): 	at ssv.run(:com.google.android.gms@11519470:1)
10-16 23:59:24.296: E/HeterodyneSyncer(6082): 	at java.util.concurrent.ThreadPoolExecutor.runWorker(ThreadPoolExecutor.java:1162)
10-16 23:59:24.296: E/HeterodyneSyncer(6082): 	at java.util.concurrent.ThreadPoolExecutor$Worker.run(ThreadPoolExecutor.java:636)
10-16 23:59:24.296: E/HeterodyneSyncer(6082): 	at java.lang.Thread.run(Thread.java:764)
10-16 23:59:24.392: I/GservicesProvider(2201): main update completed
10-16 23:59:24.399: I/BugleRcs(5561): updating RCS availability
10-16 23:59:24.505: I/CheckinRequestBuilder(6103): Checkin reason type: 4 attempt count: 1
10-16 23:59:24.521: W/com.google.android.gms(6103): Cannot open /vendor/compatibility_matrix.xml
10-16 23:59:24.521: W/com.google.android.gms(6103): tryAddSchemaCannot get device compatibility matrix
10-16 23:59:24.523: V/Bugle(5561): Executing sticker action: com.google.android.apps.messaging.shared.datamodel.d.ah
10-16 23:59:24.534: I/Bugle(5561): ApnsOta: OTA version -1
10-16 23:59:24.561: E/ActivityThread(6103): Failed to find provider info for com.google.android.wearable.settings
10-16 23:59:24.610: I/zygote(6103): Deoptimizing java.lang.Object aavn.a() due to JIT inline cache
10-16 23:59:24.617: I/zygote(2201): Background concurrent copying GC freed 2709(183KB) AllocSpace objects, 0(0B) LOS objects, 64% free, 841KB/2MB, paused 28.215ms total 42.082ms
10-16 23:59:24.619: D/DownloadManager(2231): [37] Finished with status SUCCESS
10-16 23:59:24.630: V/BugleRcs(5561): RcsAvailability updated but unchanged: RCS is disabled for this carrier by Google
10-16 23:59:24.634: I/Icing(6103): Indexing E781C5C9AC0EC6C8E77FB8F2067C967E97647832 from com.google.android.videos
10-16 23:59:24.650: D/CarrierServices(5585): log_saver already enabled
10-16 23:59:24.651: I/Finsky(5832): [2] com.google.android.finsky.download.b.f.b(127): com.android.vending: onProgress 17661732/17661732 Status: 200.
10-16 23:59:24.702: E/ChimeraProxyRslvr(6103): Failed to instantiate com.google.android.gms.checkin.CheckinChimeraService$Receiver: java.lang.ClassNotFoundException: Didn't find class "com.google.android.gms.checkin.CheckinChimeraService$Receiver" on path: DexPathList[[zip file "/system/framework/com.android.location.provider.jar", zip file "/system/framework/com.android.media.remotedisplay.jar", zip file "/data/app/com.google.android.gms--K97AanDlBC4MQ-EeJuRGQ==/base.apk"],nativeLibraryDirectories=[/data/app/com.google.android.gms--K97AanDlBC4MQ-EeJuRGQ==/lib/x86, /system/fake-libs, /data/app/com.google.android.gms--K97AanDlBC4MQ-EeJuRGQ==/base.apk!/lib/x86, /system/lib, /system/vendor/lib]]
10-16 23:59:24.702: E/ChimeraRcvrProxy(6103): com.google.android.gms.checkin.CheckinServiceReceiver dropping broadcast com.google.gservices.intent.action.GSERVICES_CHANGED
10-16 23:59:24.719: I/Icing(6103): Indexing done E781C5C9AC0EC6C8E77FB8F2067C967E97647832
10-16 23:59:24.723: I/Icing(6103): Indexing DEEA8CF4D90C85BE7E9EF70A82E4FE2E169706C9 from com.google.android.videos
10-16 23:59:24.782: I/Icing(6103): Indexing done DEEA8CF4D90C85BE7E9EF70A82E4FE2E169706C9
10-16 23:59:24.833: V/EmulatedCamera_Factory(1505): getCameraInfo: id = 0
10-16 23:59:24.833: V/EmulatedCamera_Camera(1505): getCameraInfo
10-16 23:59:24.833: V/EmulatedCamera_BaseCamera(1505): getCameraInfo
10-16 23:59:24.834: I/OcrModelUpStIntentOp(6103): Updating ocr activity enabled=true (phenotypeFlag=true, lowRamDevice=false, prereqCheck=true)
10-16 23:59:24.907: I/NetRec(6082): [519] ConfigChangedIntentOperation.onHandleIntent: Handling an overridden GServices change
10-16 23:59:24.907: I/NetRec(6082): [519] yjf.b: onConfigChanged()
10-16 23:59:24.910: W/ConfigurationChimeraProvider(6082): Got null configs for com.google.android.gms.chromesync
10-16 23:59:24.926: E/ConfigFileUtils(6103): Failed to read config file: /data/user_de/0/com.google.android.gms/app_chimera/current_modulesets.pb (No such file or directory)
10-16 23:59:24.931: I/zygote(6082): Deoptimizing java.lang.Object aavn.a() due to JIT inline cache
10-16 23:59:24.946: I/ActivityManager(1626): Start proc 6840:com.google.android.partnersetup/u0a21 for broadcast com.google.android.partnersetup/.RlzPingBroadcastReceiver
10-16 23:59:24.951: W/zygote(6840): Unexpected CPU variant for X86 using defaults: x86
10-16 23:59:24.953: I/GCoreUlr(6082): Starting service, intent=Intent { act=com.google.android.location.reporting.ACTION_UPDATE_WORLD cmp=com.google.android.gms/com.google.android.location.reporting.service.DispatchingService (has extras) }, extras=Bundle[{receiverAction=com.google.gservices.intent.action.GSERVICES_CHANGED}]
10-16 23:59:24.982: I/zygote(6082): Deoptimizing java.lang.Object aavn.d() due to JIT inline cache
10-16 23:59:25.050: W/ActivityManager(1626): Unable to start service Intent { cmp=com.google.android.gms/.analytics.service.RefreshEnabledStateService } U=0: not found
10-16 23:59:25.085: I/Remoter(1478): Saved screenshot to '/data/screenshots/__pmv__-0099.jpg'
10-16 23:59:25.138: I/GeofencerStateMachine(6082): sendQueryLocationOptIn
10-16 23:59:25.139: I/GeofencerStateMachine(6082): Network location disabled.
10-16 23:59:25.163: D/AndroidRuntime(6828): >>>>>> START com.android.internal.os.RuntimeInit uid 0 <<<<<<
10-16 23:59:25.165: D/AndroidRuntime(6828): CheckJNI is OFF
10-16 23:59:25.165: E/cutils-trace(6828): Error opening trace file: No such file or directory (2)
10-16 23:59:25.175: W/ConfigurationChimeraProvider(6082): Got null configs for com.google.android.gms.chromesync
10-16 23:59:25.201: I/GeofencerStateMachine(6082): sendQueryLocationOptIn
10-16 23:59:25.203: I/chatty(6082): uid=10014(u0_a14) com.google.android.gms.persistent identical 1 line
10-16 23:59:25.204: I/GeofencerStateMachine(6082): sendQueryLocationOptIn
10-16 23:59:25.220: W/GmsModuleProvider(6103): Unknown dynamite feature flags
10-16 23:59:25.223: I/GeofencerStateMachine(6082): sendQueryLocationOptIn
10-16 23:59:25.236: E/SyncManager(1626): Job params not found for 106722
10-16 23:59:25.247: I/DynamiteModule(6103): Considering local module com.google.android.gms.flags:2 and remote module com.google.android.gms.flags:0
10-16 23:59:25.247: I/DynamiteModule(6103): Selected local version of com.google.android.gms.flags
10-16 23:59:25.279: I/Finsky(5832): [2] com.google.android.finsky.download.manager.DownloadBroadcastReceiver.a(11): Intent received at DownloadBroadcastReceiver
10-16 23:59:25.309: W/app_process(6828): Unexpected CPU variant for X86 using defaults: x86
10-16 23:59:25.314: W/nativebridge(6828): Failed to bind-mount /system/lib/x86/cpuinfo as /proc/cpuinfo: No such file or directory
10-16 23:59:25.316: I/GoogleURLConnFactory(6103): Using platform SSLCertificateSocketFactory
10-16 23:59:25.336: I/Radio-JNI(6828): register_android_hardware_Radio DONE
10-16 23:59:25.336: I/zygote(6082): Background concurrent copying GC freed 76492(3MB) AllocSpace objects, 9(304KB) LOS objects, 49% free, 6MB/12MB, paused 9.698ms total 452.316ms
10-16 23:59:25.345: I/Finsky(5832): [2] com.google.android.finsky.download.c.a(52): com.android.vending from 2 to 3.
10-16 23:59:25.345: I/Finsky(5832): [2] com.google.android.finsky.download.b.f.b(159): com.android.vending: onComplete
10-16 23:59:25.345: I/Finsky(5832): [2] com.google.android.finsky.download.b.f.i(100): Download com.android.vending removed from DownloadQueue
10-16 23:59:25.349: D/AndroidRuntime(6828): Calling main entry com.android.commands.pm.Pm
10-16 23:59:25.352: I/DynamicModuleDownloader(5832): Phonesky signed with test certificate and the calling app is signed only with this certificate too. Dynamite downloader request is accepted.
10-16 23:59:25.356: I/Finsky(5832): [2] com.google.android.finsky.selfupdate.a.g.onPostExecute(6): Self-update ready to be installed, waiting for market to close.
10-16 23:59:25.394: I/MobileDataHub(6103): Using regular flags by method 1
10-16 23:59:25.394: I/DynamicModuleDownloader(5832): Loaded Zapp Downloader from phonesky.
10-16 23:59:25.398: I/zygote(6082): Do full code cache collection, code=250KB, data=183KB
10-16 23:59:25.406: I/zygote(1626): Background concurrent copying GC freed 27546(1736KB) AllocSpace objects, 14(572KB) LOS objects, 42% free, 10MB/19MB, paused 174us total 268.282ms
10-16 23:59:25.407: I/OcrModelUpStIntentOp(6103): Downloading text recognizer
10-16 23:59:25.410: I/GCoreUlr(6082): WorldUpdater received intent Intent { act=com.google.android.location.reporting.ACTION_UPDATE_WORLD cmp=com.google.android.gms/com.google.android.location.reporting.service.DispatchingService (has extras) } with receiverAction com.google.gservices.intent.action.GSERVICES_CHANGED
10-16 23:59:25.415: W/Auth(6082): [GetToken] GetToken failed with status code: INVALID_SCOPE
10-16 23:59:25.417: W/Auth(6082): [GetToken] GetToken failed with status code: INVALID_SCOPE
10-16 23:59:25.434: I/Vision(6103): Supported ABIS: [x86, armeabi-v7a, armeabi]
10-16 23:59:25.443: E/Auth.Api.Credentials(6103): [SyncManager] Error during the sync.
10-16 23:59:25.443: E/Auth.Api.Credentials(6103): dzf: INVALID_SCOPE
10-16 23:59:25.443: E/Auth.Api.Credentials(6103): 	at dzj.a(:com.google.android.gms@11519470:16)
10-16 23:59:25.443: E/Auth.Api.Credentials(6103): 	at dzi.a(:com.google.android.gms@11519470:2)
10-16 23:59:25.443: E/Auth.Api.Credentials(6103): 	at dzi.e(:com.google.android.gms@11519470:6)
10-16 23:59:25.443: E/Auth.Api.Credentials(6103): 	at dzi.d(:com.google.android.gms@11519470:1)
10-16 23:59:25.443: E/Auth.Api.Credentials(6103): 	at dzg.b(:com.google.android.gms@11519470:1)
10-16 23:59:25.443: E/Auth.Api.Credentials(6103): 	at mhp.b(Unknown Source:6)
10-16 23:59:25.443: E/Auth.Api.Credentials(6103): 	at mgg.b(:com.google.android.gms@11519470:5)
10-16 23:59:25.443: E/Auth.Api.Credentials(6103): 	at mgw.b(:com.google.android.gms@11519470:9)
10-16 23:59:25.443: E/Auth.Api.Credentials(6103): 	at mgw.a(:com.google.android.gms@11519470:16)
10-16 23:59:25.443: E/Auth.Api.Credentials(6103): 	at mgw.a(:com.google.android.gms@11519470:32)
10-16 23:59:25.443: E/Auth.Api.Credentials(6103): 	at enf.b(:com.google.android.gms@11519470:45)
10-16 23:59:25.443: E/Auth.Api.Credentials(6103): 	at erg.a(:com.google.android.gms@11519470:4)
10-16 23:59:25.443: E/Auth.Api.Credentials(6103): 	at ere.a(:com.google.android.gms@11519470:84)
10-16 23:59:25.443: E/Auth.Api.Credentials(6103): 	at erd.a(:com.google.android.gms@11519470:60)
10-16 23:59:25.443: E/Auth.Api.Credentials(6103): 	at mlr.onPerformSync(:com.google.android.gms@11519470:6)
10-16 23:59:25.443: E/Auth.Api.Credentials(6103): 	at android.content.AbstractThreadedSyncAdapter$SyncThread.run(AbstractThreadedSyncAdapter.java:272)
10-16 23:59:25.449: E/CheckinRequestBuilder(6103): Unrecoverable authentication exception: INVALID_SCOPE
10-16 23:59:25.449: E/CheckinRequestBuilder(6103): dzf: INVALID_SCOPE
10-16 23:59:25.449: E/CheckinRequestBuilder(6103): 	at dzj.a(:com.google.android.gms@11519470:16)
10-16 23:59:25.449: E/CheckinRequestBuilder(6103): 	at dzi.a(:com.google.android.gms@11519470:2)
10-16 23:59:25.449: E/CheckinRequestBuilder(6103): 	at dzi.e(:com.google.android.gms@11519470:6)
10-16 23:59:25.449: E/CheckinRequestBuilder(6103): 	at dzg.f(:com.google.android.gms@11519470:3)
10-16 23:59:25.449: E/CheckinRequestBuilder(6103): 	at dzg.a(:com.google.android.gms@11519470:4)
10-16 23:59:25.449: E/CheckinRequestBuilder(6103): 	at kbi.a(:com.google.android.gms@11519470:203)
10-16 23:59:25.449: E/CheckinRequestBuilder(6103): 	at kci.a(:com.google.android.gms@11519470:17)
10-16 23:59:25.449: E/CheckinRequestBuilder(6103): 	at kci.a(:com.google.android.gms@11519470:181)
10-16 23:59:25.449: E/CheckinRequestBuilder(6103): 	at com.google.android.gms.checkin.CheckinChimeraService.a(:com.google.android.gms@11519470:148)
10-16 23:59:25.449: E/CheckinRequestBuilder(6103): 	at kbe.run(:com.google.android.gms@11519470:2)
10-16 23:59:25.449: E/CheckinRequestBuilder(6103): 	at mmo.run(:com.google.android.gms@11519470:25)
10-16 23:59:25.449: E/CheckinRequestBuilder(6103): 	at java.util.concurrent.ThreadPoolExecutor.runWorker(ThreadPoolExecutor.java:1162)
10-16 23:59:25.449: E/CheckinRequestBuilder(6103): 	at java.util.concurrent.ThreadPoolExecutor$Worker.run(ThreadPoolExecutor.java:636)
10-16 23:59:25.449: E/CheckinRequestBuilder(6103): 	at mrv.run(Unknown Source:7)
10-16 23:59:25.449: E/CheckinRequestBuilder(6103): 	at java.lang.Thread.run(Thread.java:764)
10-16 23:59:25.458: I/FontsSharedState(6103): Updating from directory version 0 to 7 from disk
10-16 23:59:25.460: I/zygote(6103): Background concurrent copying GC freed 12480(1112KB) AllocSpace objects, 10(200KB) LOS objects, 49% free, 8MB/17MB, paused 12.789ms total 393.687ms
10-16 23:59:25.480: I/zygote(6082): After code cache collection, code=238KB, data=149KB
10-16 23:59:25.485: E/ConfigFileUtils(6103): Failed to read config file: /data/user_de/0/com.google.android.gms/app_chimera/current_modulesets.pb (No such file or directory)
10-16 23:59:25.495: W/ConfigurationChimeraProvider(6082): Got null configs for com.google.android.gms.security
10-16 23:59:25.535: I/CmaSystemUpdateService(6103): StartServiceIntentOperation: Intent { act=com.google.gservices.intent.action.GSERVICES_CHANGED flg=0x1000010 cmp=com.google.android.gms/.chimera.GmsIntentOperationService$PersistentInternalReceiver }
10-16 23:59:25.535: I/CmaSystemUpdateService(6103): receiver: Intent { act=com.google.gservices.intent.action.GSERVICES_CHANGED flg=0x1000010 cmp=com.google.android.gms/.chimera.GmsIntentOperationService$PersistentInternalReceiver }
10-16 23:59:25.540: I/SystemUpdate(6103): [Installation,ReceiverIntentOperation] Received intent: Intent { act=com.google.gservices.intent.action.GSERVICES_CHANGED flg=0x1000010 cmp=com.google.android.gms/.chimera.GmsIntentOperationService$PersistentInternalReceiver }.
10-16 23:59:25.565: I/Vision(6103): Engine already satisfied by existing download for ocr
10-16 23:59:25.572: W/ConfigurationChimeraProvider(6082): Got null configs for com.google.android.gms.update
10-16 23:59:25.573: I/CheckinUtil(6103): Classify the device as Phone.
10-16 23:59:25.585: W/ChimeraUtils(6103): Non Chimera context
10-16 23:59:25.585: W/ChimeraUtils(6103): Non Chimera context
10-16 23:59:25.591: I/SystemUpdate(6103): [Execution,InstallationEventIntentOperation] Received intent with event 2.
10-16 23:59:25.621: I/CmaSystemUpdateService(6103): connectivity change: Intent { act=android.net.conn.CONNECTIVITY_CHANGE flg=0x4000010 (has extras) }
10-16 23:59:25.621: I/CmaSystemUpdateService(6103): receiver: Intent { act=android.net.conn.CONNECTIVITY_CHANGE flg=0x4000010 (has extras) }
10-16 23:59:25.628: I/SystemUpdate(6103): [Execution,InstallationIntentOperation] Received intent: Intent { act=com.google.android.gms.update.INSTALL_UPDATE cat=[targeted_intent_op_prefix:.update.execution.InstallationIntentOperation] cmp=com.google.android.gms/.chimera.GmsIntentOperationService }.
10-16 23:59:25.642: I/SystemUpdateTask(6103): cancelUpdate (empty URL)
10-16 23:59:25.642: I/CmaSystemUpdateService(6103): active receiver: disabled
10-16 23:59:25.648: W/UdcContextManagerHelper(6082): Empty context buffer. Thus might mean that the context is not synced down.
10-16 23:59:25.648: W/UploadOptInStatusOp(6082): Empty context model while retrieving upload opt-in status!
10-16 23:59:25.674: W/ResourceType(6103): No package identifier when getting value for resource number 0x00000000
10-16 23:59:25.674: W/ChimeraUtils(6103): Module com.google.android.gms.ota.base missing resource ota_module_display_name(0)
10-16 23:59:25.704: E/ctxmgr(6082): [NetworkUtil]No active synchronizable contexts.
10-16 23:59:25.707: W/zygote(6082): Long monitor contention with owner lowpool[3] (6201) at void sww.a(swg, boolean)(:com.google.android.gms@11519470:3) waiters=0 in void sww.c() for 121ms
10-16 23:59:25.755: E/ConfigFileUtils(6103): Failed to read config file: /data/user_de/0/com.google.android.gms/app_chimera/current_modulesets.pb (No such file or directory)
10-16 23:59:25.819: I/SystemUpdateTask(6103): cancelUpdate (empty URL)
10-16 23:59:25.819: I/CmaSystemUpdateService(6103): active receiver: disabled
10-16 23:59:25.834: I/GCoreUlr(6082): WorldUpdater:com.google.gservices.intent.action.GSERVICES_CHANGED: Ensuring that reporting is stopped because of reasons: {account#11#=[InactiveReason{mIdentifier=4, mName='GoogleLocationDisabled'}, InactiveReason{mIdentifier=10, mName='AuthError'}, InactiveReason{mIdentifier=6, mName='ReportingNotEnabled'}, InactiveReason{mIdentifier=14, mName='HistoryNotEnabled'}]}
10-16 23:59:25.843: I/GCoreUlr(6082): Unbound from all location providers
10-16 23:59:25.843: I/GCoreUlr(6082): Place inference reporting - stop
10-16 23:59:25.846: I/GCoreUlr(6082): Unregistering for aliased place alerts.
10-16 23:59:25.854: W/ResourceType(6103): No package identifier when getting value for resource number 0x00000000
10-16 23:59:25.855: W/ChimeraUtils(6103): Module com.google.android.gms.ota.base missing resource ota_module_display_name(0)
10-16 23:59:25.860: I/Places(6082): ?: Couldn't find platform key file.
10-16 23:59:25.885: W/Auth(6082): [GetToken] GetToken failed with status code: INVALID_SCOPE
10-16 23:59:25.888: E/ChromeSync(6103): [Sync,SyncAdapter] Failed to sync.
10-16 23:59:25.888: E/ChromeSync(6103): dzf: INVALID_SCOPE
10-16 23:59:25.888: E/ChromeSync(6103): 	at dzj.a(:com.google.android.gms@11519470:16)
10-16 23:59:25.888: E/ChromeSync(6103): 	at dzi.a(:com.google.android.gms@11519470:2)
10-16 23:59:25.888: E/ChromeSync(6103): 	at dzi.e(:com.google.android.gms@11519470:6)
10-16 23:59:25.888: E/ChromeSync(6103): 	at dzi.d(:com.google.android.gms@11519470:1)
10-16 23:59:25.888: E/ChromeSync(6103): 	at dzg.b(:com.google.android.gms@11519470:1)
10-16 23:59:25.888: E/ChromeSync(6103): 	at mhp.b(Unknown Source:6)
10-16 23:59:25.888: E/ChromeSync(6103): 	at mgg.b(:com.google.android.gms@11519470:5)
10-16 23:59:25.888: E/ChromeSync(6103): 	at mgv.a(:com.google.android.gms@11519470:49)
10-16 23:59:25.888: E/ChromeSync(6103): 	at kmb.b(:com.google.android.gms@11519470:10)
10-16 23:59:25.888: E/ChromeSync(6103): 	at kml.c(:com.google.android.gms@11519470:2)
10-16 23:59:25.888: E/ChromeSync(6103): 	at kmp.b(:com.google.android.gms@11519470:57)
10-16 23:59:25.888: E/ChromeSync(6103): 	at kmn.a(:com.google.android.gms@11519470:20)
10-16 23:59:25.888: E/ChromeSync(6103): 	at mlr.onPerformSync(:com.google.android.gms@11519470:6)
10-16 23:59:25.888: E/ChromeSync(6103): 	at android.content.AbstractThreadedSyncAdapter$SyncThread.run(AbstractThreadedSyncAdapter.java:272)
10-16 23:59:25.904: E/ProcessCheckinRequest(6103): CheckinNowTaskTag : Checkin Succeeded: https://android.clients.google.com/checkin (request #1): 
10-16 23:59:25.986: I/GCoreUlr(6082): DispatchingService.onDestroy()
10-16 23:59:25.988: I/GCoreUlr(6082): Stopping handler for UlrDispSvcFast
10-16 23:59:25.990: I/GCoreUlr(6082): Unbound from all location providers
10-16 23:59:25.990: I/GCoreUlr(6082): Place inference reporting - stop
10-16 23:59:25.994: I/GCoreUlr(6082): Unregistering for aliased place alerts.
10-16 23:59:25.996: I/GeofencerStateMachine(6082): removeGeofences: removeRequest=RemoveGeofencingRequest[REMOVE_BY_PENDING_INTENT pendingIntent=PendingIntent[creatorPackage=com.google.android.gms], packageName=null]
10-16 23:59:26.003: I/chatty(6082): uid=10014(u0_a14) com.google.android.gms.persistent identical 1 line
10-16 23:59:26.058: I/GeofencerStateMachine(6082): removeGeofences: removeRequest=RemoveGeofencingRequest[REMOVE_BY_PENDING_INTENT pendingIntent=PendingIntent[creatorPackage=com.google.android.gms], packageName=null]
10-16 23:59:26.067: I/Places(6082): ?: Couldn't find platform key file.
10-16 23:59:26.079: W/Auth(6082): [GetToken] GetToken failed with status code: INVALID_SCOPE
10-16 23:59:26.079: W/AuthSessionAuthenticato(6082): Auth related exception is being ignored: INVALID_SCOPE
10-16 23:59:26.094: I/GCoreUlr(6082): DispatchingService ignoring Intent { act=com.google.android.location.reporting.CHANGE_ON_LOCATION_DISABLE_FOR_GOOGLE_APP } because ULR inactive
10-16 23:59:26.139: I/DrmHal(1509): makeDrmFactories: using default drm instance
10-16 23:59:26.141: I/WVCdm(1509): CdmEngine::OpenSession
10-16 23:59:26.141: I/WVCdm(1509): Level3 Library 4464 May  2 2017 11:53:46
10-16 23:59:26.142: W/WVCdm(1509): Could not load liboemcrypto.so. Falling back to L3.  dlopen failed: library "liboemcrypto.so" not found
10-16 23:59:26.143: I/WVCdm(1509): CdmEngine::QueryOemCryptoSessionId
10-16 23:59:26.165: I/Remoter(1478): Saved screenshot to '/data/screenshots/__pmv__-0100.jpg'
10-16 23:59:26.167: I/WVCdm(1509): CdmEngine::GenerateKeyRequest
10-16 23:59:26.167: W/WVCdm(1509): OEMCrypto_GetCurrentSRMVersion fails with 25
10-16 23:59:26.167: D/WVCdm(1509): PrepareKeyRequest: nonce=2936665819
10-16 23:59:26.199: I/zygote(1626): Background concurrent copying GC freed 73911(3MB) AllocSpace objects, 47(2MB) LOS objects, 42% free, 14MB/25MB, paused 814us total 239.427ms
10-16 23:59:26.208: I/GeofencerStateMachine(6082): removeGeofences: removeRequest=RemoveGeofencingRequest[REMOVE_BY_PENDING_INTENT pendingIntent=PendingIntent[creatorPackage=com.google.android.gms], packageName=null]
10-16 23:59:26.209: I/chatty(6082): uid=10014(u0_a14) com.google.android.gms.persistent identical 1 line
10-16 23:59:26.214: I/GeofencerStateMachine(6082): removeGeofences: removeRequest=RemoveGeofencingRequest[REMOVE_BY_PENDING_INTENT pendingIntent=PendingIntent[creatorPackage=com.google.android.gms], packageName=null]
10-16 23:59:26.215: W/GLSUser(6082): [DeviceKeyStore] Cannot load key: Device key file not found.
10-16 23:59:26.236: I/zygote(6082): Background concurrent copying GC freed 156863(6MB) AllocSpace objects, 9(384KB) LOS objects, 50% free, 6MB/12MB, paused 6.202ms total 333.923ms
10-16 23:59:26.243: W/GLSUser(6082): [DeviceKeyStore] Cannot load key: Device key file not found.
10-16 23:59:26.245: E/ctxmgr(6082): [BaseServerTask]Server task (FetchAclSet) got error statusCode=-1.
10-16 23:59:26.245: E/ctxmgr(6082): com.android.volley.VolleyError: Unable to obtain auth token - is the device online?
10-16 23:59:26.245: E/ctxmgr(6082): 	at ciz.a(:com.google.android.gms@11519470:39)
10-16 23:59:26.245: E/ctxmgr(6082): 	at cei.run(:com.google.android.gms@11519470:2)
10-16 23:59:26.245: E/ctxmgr(6082): 	at ceg.handleMessage(:com.google.android.gms@11519470:3)
10-16 23:59:26.245: E/ctxmgr(6082): 	at mme.run(:com.google.android.gms@11519470:6)
10-16 23:59:26.245: E/ctxmgr(6082): 	at mmo.run(:com.google.android.gms@11519470:25)
10-16 23:59:26.245: E/ctxmgr(6082): 	at java.util.concurrent.ThreadPoolExecutor.runWorker(ThreadPoolExecutor.java:1162)
10-16 23:59:26.245: E/ctxmgr(6082): 	at java.util.concurrent.ThreadPoolExecutor$Worker.run(ThreadPoolExecutor.java:636)
10-16 23:59:26.245: E/ctxmgr(6082): 	at mrv.run(Unknown Source:7)
10-16 23:59:26.245: E/ctxmgr(6082): 	at java.lang.Thread.run(Thread.java:764)
10-16 23:59:26.258: E/ctxmgr(6082): [AccountAclCallback]Failed Acl fetch: network status=-1
10-16 23:59:26.267: E/ctxmgr(6082): [NetworkUtil]No active synchronizable contexts.
10-16 23:59:26.269: W/UdcContextManagerHelper(6082): Empty context buffer. Thus might mean that the context is not synced down.
10-16 23:59:26.269: W/UploadOptInStatusOp(6082): Empty context model while retrieving upload opt-in status!
10-16 23:59:26.347: W/SystemServiceRegistry(5990): No service published for: persistent_data_block
10-16 23:59:26.368: W/Auth(6082): [GetToken] GetToken failed with status code: INVALID_SCOPE
10-16 23:59:26.368: W/AuthSessionAuthenticato(6082): Auth related exception is being ignored: INVALID_SCOPE
10-16 23:59:26.369: W/GLSUser(6082): [DeviceKeyStore] Cannot load key: Device key file not found.
10-16 23:59:26.369: W/GLSUser(6082): [DeviceKeyStore] Cannot load key: Device key file not found.
10-16 23:59:26.375: E/ctxmgr(6082): [BaseServerTask]Server task (FetchAclSet) got error statusCode=-1.
10-16 23:59:26.375: E/ctxmgr(6082): com.android.volley.VolleyError: Unable to obtain auth token - is the device online?
10-16 23:59:26.375: E/ctxmgr(6082): 	at ciz.a(:com.google.android.gms@11519470:39)
10-16 23:59:26.375: E/ctxmgr(6082): 	at cei.run(:com.google.android.gms@11519470:2)
10-16 23:59:26.375: E/ctxmgr(6082): 	at ceg.handleMessage(:com.google.android.gms@11519470:3)
10-16 23:59:26.375: E/ctxmgr(6082): 	at mme.run(:com.google.android.gms@11519470:6)
10-16 23:59:26.375: E/ctxmgr(6082): 	at mmo.run(:com.google.android.gms@11519470:25)
10-16 23:59:26.375: E/ctxmgr(6082): 	at java.util.concurrent.ThreadPoolExecutor.runWorker(ThreadPoolExecutor.java:1162)
10-16 23:59:26.375: E/ctxmgr(6082): 	at java.util.concurrent.ThreadPoolExecutor$Worker.run(ThreadPoolExecutor.java:636)
10-16 23:59:26.375: E/ctxmgr(6082): 	at mrv.run(Unknown Source:7)
10-16 23:59:26.375: E/ctxmgr(6082): 	at java.lang.Thread.run(Thread.java:764)
10-16 23:59:26.383: E/ctxmgr(6082): [AccountAclCallback]Failed Acl fetch: network status=-1
10-16 23:59:26.862: I/WVCdm(1509): CdmEngine::CloseSession
10-16 23:59:27.122: I/ActivityManager(1626): Start proc 6910:com.android.defcontainer/u0a8 for service com.android.defcontainer/.DefaultContainerService
10-16 23:59:27.124: W/zygote(6910): Unexpected CPU variant for X86 using defaults: x86
10-16 23:59:27.164: I/Finsky(5832): [2] com.google.android.finsky.verifier.impl.PackageVerificationReceiver.onReceive(12): Verification requested, id = 8
10-16 23:59:27.187: I/Finsky(5832): [408] com.google.android.finsky.verifier.impl.av.a(52): Skipping verification. Disabled by user setting
10-16 23:59:27.187: I/Finsky(5832): [408] com.google.android.finsky.verifier.impl.av.a(60): Skipping anti malware verification due to pre-check failure
10-16 23:59:27.192: I/Finsky(5832): [2] com.google.android.finsky.verifier.impl.bq.c(93): Verifying id=8, result=1
10-16 23:59:27.193: I/Finsky(5832): [2] com.google.android.finsky.verifier.impl.bq.c(104): Verification complete: id=8, package_name=com.habitrpg.android.habitica
10-16 23:59:27.201: W/PackageParser(1626): Ignoring duplicate uses-permissions/uses-permissions-sdk-m: android.permission.WRITE_EXTERNAL_STORAGE in package: com.habitrpg.android.habitica at: Binary XML file line #20
10-16 23:59:27.201: W/PackageParser(1626): Unknown element under <manifest>: meta-data at /data/app/vmdl1017469854.tmp/base.apk Binary XML file line #22
10-16 23:59:27.232: I/Remoter(1478): Saved screenshot to '/data/screenshots/__pmv__-0101.jpg'
10-16 23:59:27.238: I/PackageManager.DexOptimizer(1626): Running dexopt (dexoptNeeded=1) on: /data/app/vmdl1017469854.tmp/base.apk pkg=com.habitrpg.android.habitica isa=x86 dexoptFlags=boot_complete,public target-filter=quicken oatDir=/data/app/vmdl1017469854.tmp/oat sharedLibraries=null
10-16 23:59:27.282: W/dex2oat(6927): Unexpected CPU variant for X86 using defaults: x86
10-16 23:59:27.282: W/dex2oat(6927): Mismatch between dex2oat instruction set features (ISA: X86 Feature string: -ssse3,-sse4.1,-sse4.2,-avx,-avx2,-popcnt) and those of dex2oat executable (ISA: X86 Feature string: ssse3,-sse4.1,-sse4.2,-avx,-avx2,-popcnt) for the command line:
10-16 23:59:27.282: W/dex2oat(6927): /system/bin/dex2oat --zip-fd=6 --zip-location=base.apk --input-vdex-fd=-1 --output-vdex-fd=8 --oat-fd=7 --oat-location=/data/app/vmdl1017469854.tmp/oat/x86/base.odex --instruction-set=x86 --instruction-set-variant=x86 --instruction-set-features=default --runtime-arg -Xms64m --runtime-arg -Xmx512m --compiler-filter=quicken --swap-fd=9 --classpath-dir=/data/app/vmdl1017469854.tmp
10-16 23:59:27.283: I/dex2oat(6927): /system/bin/dex2oat --input-vdex-fd=-1 --output-vdex-fd=8 --compiler-filter=quicken --classpath-dir=/data/app/vmdl1017469854.tmp
10-16 23:59:27.283: E/cutils-trace(6927): Error opening trace file: No such file or directory (2)
10-16 23:59:27.604: I/zygote(6082): Do partial code cache collection, code=249KB, data=168KB
10-16 23:59:27.605: I/zygote(6082): After code cache collection, code=249KB, data=168KB
10-16 23:59:27.605: I/zygote(6082): Increasing code cache capacity to 1024KB
10-16 23:59:27.727: E/memtrack(1626): Couldn't load memtrack module
10-16 23:59:27.727: W/android.os.Debug(1626): failed to get memory consumption info: -1
10-16 23:59:27.875: I/zygote(6082): Deoptimizing java.lang.Object aavn.c() due to JIT inline cache
10-16 23:59:27.957: W/Auth(6082): [GetToken] GetToken failed with status code: INVALID_SCOPE
10-16 23:59:27.957: E/HeterodyneSyncer(6082): Failed to get auth token: INVALID_SCOPE
10-16 23:59:27.957: E/HeterodyneSyncer(6082): dzf: INVALID_SCOPE
10-16 23:59:27.957: E/HeterodyneSyncer(6082): 	at dzj.a(:com.google.android.gms@11519470:16)
10-16 23:59:27.957: E/HeterodyneSyncer(6082): 	at dzi.a(:com.google.android.gms@11519470:2)
10-16 23:59:27.957: E/HeterodyneSyncer(6082): 	at dzi.e(:com.google.android.gms@11519470:6)
10-16 23:59:27.957: E/HeterodyneSyncer(6082): 	at dzg.f(:com.google.android.gms@11519470:3)
10-16 23:59:27.957: E/HeterodyneSyncer(6082): 	at dzg.a(:com.google.android.gms@11519470:4)
10-16 23:59:27.957: E/HeterodyneSyncer(6082): 	at dzg.a(:com.google.android.gms@11519470:7)
10-16 23:59:27.957: E/HeterodyneSyncer(6082): 	at aazh.a(:com.google.android.gms@11519470:30)
10-16 23:59:27.957: E/HeterodyneSyncer(6082): 	at aazj.a(:com.google.android.gms@11519470:27)
10-16 23:59:27.957: E/HeterodyneSyncer(6082): 	at aazj.a(:com.google.android.gms@11519470:158)
10-16 23:59:27.957: E/HeterodyneSyncer(6082): 	at aazj.a(:com.google.android.gms@11519470:284)
10-16 23:59:27.957: E/HeterodyneSyncer(6082): 	at com.google.android.gms.phenotype.sync.HeterodyneSyncTaskChimeraService.a(:com.google.android.gms@11519470:40)
10-16 23:59:27.957: E/HeterodyneSyncer(6082): 	at com.google.android.gms.phenotype.sync.HeterodyneSyncTaskChimeraService.a(:com.google.android.gms@11519470:19)
10-16 23:59:27.957: E/HeterodyneSyncer(6082): 	at ssv.run(:com.google.android.gms@11519470:1)
10-16 23:59:27.957: E/HeterodyneSyncer(6082): 	at java.util.concurrent.ThreadPoolExecutor.runWorker(ThreadPoolExecutor.java:1162)
10-16 23:59:27.957: E/HeterodyneSyncer(6082): 	at java.util.concurrent.ThreadPoolExecutor$Worker.run(ThreadPoolExecutor.java:636)
10-16 23:59:27.957: E/HeterodyneSyncer(6082): 	at java.lang.Thread.run(Thread.java:764)
10-16 23:59:27.971: W/HeterodyneSyncer(6082): Server returned 401... invalidating auth token
10-16 23:59:27.995: I/NetRec(6082): [564] ConfigChangedIntentOperation.onHandleIntent: Handling a Phenotype update
10-16 23:59:27.996: I/NetRec(6082): [564] yjf.b: onConfigChanged()
10-16 23:59:28.016: W/Auth(6082): [GetToken] GetToken failed with status code: INVALID_SCOPE
10-16 23:59:28.024: E/PlayMovies(5786): AccountManagerWrapper.blockingGetAuthToken:464 Cannot get user auth
10-16 23:59:28.024: E/PlayMovies(5786): THROWABLE:
10-16 23:59:28.024: E/PlayMovies(5786): com.google.android.gms.auth.GoogleAuthException: INVALID_SCOPE
10-16 23:59:28.024: E/PlayMovies(5786): com.google.android.gms.auth.GoogleAuthException: INVALID_SCOPE
10-16 23:59:28.024: E/PlayMovies(5786): 	at com.google.android.gms.auth.GoogleAuthUtilLight$1.zzaF(Unknown Source:126)
10-16 23:59:28.024: E/PlayMovies(5786): 	at com.google.android.gms.auth.GoogleAuthUtilLight$1.exec(Unknown Source:0)
10-16 23:59:28.024: E/PlayMovies(5786): 	at com.google.android.gms.auth.GoogleAuthUtilLight.zza(Unknown Source:22)
10-16 23:59:28.024: E/PlayMovies(5786): 	at com.google.android.gms.auth.GoogleAuthUtilLight.getTokenWithDetails(Unknown Source:71)
10-16 23:59:28.024: E/PlayMovies(5786): 	at com.google.android.gms.auth.GoogleAuthUtil.getTokenWithDetails(Unknown Source:0)
10-16 23:59:28.024: E/PlayMovies(5786): 	at com.google.android.gms.auth.GoogleAuthUtil.zzb(Unknown Source:7)
10-16 23:59:28.024: E/PlayMovies(5786): 	at com.google.android.gms.auth.GoogleAuthUtil.zza(Unknown Source:14)
10-16 23:59:28.024: E/PlayMovies(5786): 	at com.google.android.gms.auth.GoogleAuthUtil.getTokenWithNotification(Unknown Source:0)
10-16 23:59:28.024: E/PlayMovies(5786): 	at com.google.android.gms.auth.GoogleAuthUtil.getTokenWithNotification(Unknown Source:8)
10-16 23:59:28.024: E/PlayMovies(5786): 	at com.google.android.videos.service.accounts.AccountManagerWrapper.blockingGetAuthToken(SourceFile:448)
10-16 23:59:28.024: E/PlayMovies(5786): 	at com.google.android.videos.service.accounts.AccountManagerWrapper.blockingGetAuthToken(SourceFile:429)
10-16 23:59:28.024: E/PlayMovies(5786): 	at com.google.android.videos.service.accounts.AccountManagerWrapper.blockingGetAuthToken(SourceFile:420)
10-16 23:59:28.024: E/PlayMovies(5786): 	at com.google.android.videos.store.net.HttpAuthenticatingFunction.applyAuthToken(SourceFile:112)
10-16 23:59:28.024: E/PlayMovies(5786): 	at com.google.android.videos.store.net.HttpAuthenticatingFunction.applyWithRequiredAuthentication(SourceFile:67)
10-16 23:59:28.024: E/PlayMovies(5786): 	at com.google.android.videos.store.net.HttpAuthenticatingFunction.applyWithRequiredAuthentication(SourceFile:57)
10-16 23:59:28.024: E/PlayMovies(5786): 	at com.google.android.videos.store.net.HttpAuthenticatingFunction.apply(SourceFile:50)
10-16 23:59:28.024: E/PlayMovies(5786): 	at com.google.android.videos.store.net.HttpAuthenticatingFunction.apply(SourceFile:16)
10-16 23:59:28.024: E/PlayMovies(5786): 	at com.google.android.agera.FunctionCompiler$ChainFunction.apply(SourceFile:223)
10-16 23:59:28.024: E/PlayMovies(5786): 	at com.google.android.videos.service.gcm.DefaultGcmRegistrationManager.registerWithServer(SourceFile:150)
10-16 23:59:28.024: E/PlayMovies(5786): 	at com.google.android.videos.service.gcm.DefaultGcmRegistrationManager.access$000(SourceFile:48)
10-16 23:59:28.024: E/PlayMovies(5786): 	at com.google.android.videos.service.gcm.DefaultGcmRegistrationManager$1.run(SourceFile:101)
10-16 23:59:28.024: E/PlayMovies(5786): 	at java.util.concurrent.ThreadPoolExecutor.runWorker(ThreadPoolExecutor.java:1162)
10-16 23:59:28.024: E/PlayMovies(5786): 	at java.util.concurrent.ThreadPoolExecutor$Worker.run(ThreadPoolExecutor.java:636)
10-16 23:59:28.024: E/PlayMovies(5786): 	at com.google.android.videos.utils.PriorityThreadFactory$1.run(SourceFile:38)
10-16 23:59:28.024: E/PlayMovies(5786): 	at java.lang.Thread.run(Thread.java:764)
10-16 23:59:28.032: I/BuglePhenotypeBroadcastReceiver(5561): onReceive
10-16 23:59:28.034: V/Bugle(5561): Committing bugle phenotype.
10-16 23:59:28.070: I/ActivityManager(1626): Start proc 6935:com.android.vending:instant_app_installer/u0a26 for broadcast com.android.vending/com.google.android.finsky.instantapps.PhenotypeUpdateReceiver
10-16 23:59:28.074: W/zygote(6935): Unexpected CPU variant for X86 using defaults: x86
10-16 23:59:28.167: W/zygote(6954): Unexpected CPU variant for X86 using defaults: x86
10-16 23:59:28.172: I/ActivityManager(1626): Start proc 6954:com.google.android.apps.gcs/u0a15 for broadcast com.google.android.apps.gcs/com.google.android.flib.phenotype.receivers.PhenotypeExperimentsChangedReceiver
10-16 23:59:28.177: D/PhenotypeUpdateService(6935): onCreate called
10-16 23:59:28.200: D/PhenotypeUpdateService(6935): Updating Phenotype configs
10-16 23:59:28.229: I/Stn.AppLifecycle(6954): [2] b.a: onConfigChanged()
10-16 23:59:28.261: I/GAv4(6954): Google Analytics 10.9.00 is starting up. To enable debug logging on a device run:
10-16 23:59:28.261: I/GAv4(6954):   adb shell setprop log.tag.GAv4 DEBUG
10-16 23:59:28.261: I/GAv4(6954):   adb logcat -s GAv4
10-16 23:59:28.287: W/zygote(6296): Class com.google.android.gms.gcm.g failed lock verification and will run slower.
10-16 23:59:28.288: I/Remoter(1478): Saved screenshot to '/data/screenshots/__pmv__-0102.jpg'
10-16 23:59:28.289: W/InstanceID/Rpc(6296): Found 10014
10-16 23:59:28.291: W/GAv4(6954): AnalyticsReceiver is not registered or is disabled. Register the receiver for reliable dispatching on non-Google Play devices. See http://goo.gl/8Rd3yj for instructions.
10-16 23:59:28.292: I/ActivityManager(1626): Killing 5381:com.google.android.apps.fitness/u0a55 (adj 906): empty #17
10-16 23:59:28.313: W/GAv4(6954): CampaignTrackingReceiver is not registered, not exported or is disabled. Installation campaign tracking is not possible. See http://goo.gl/8Rd3yj for instructions.
10-16 23:59:28.316: D/Primes(6954): Package metric disabled.
10-16 23:59:28.316: D/Primes(6954): Battery metric disabled
10-16 23:59:28.316: D/Primes(6954): MagicEye logging metric disabled
10-16 23:59:28.335: W/GAv4(6954): AnalyticsService not registered in the app manifest. Hits might not be delivered reliably. See http://goo.gl/8Rd3yj for instructions.
10-16 23:59:28.375: D/NetworkSecurityConfig(5786): No Network Security Config specified, using platform default
10-16 23:59:28.406: I/ActivityManager(1626): Start proc 6997:com.google.android.dialer/u0a18 for broadcast com.google.android.dialer/com.google.android.apps.dialer.phenotype.UpdateBroadcastReceiver
10-16 23:59:28.415: W/zygote(6997): Unexpected CPU variant for X86 using defaults: x86
10-16 23:59:28.441: W/System(6997): ClassLoader referenced unknown path: /system/framework/com.google.android.dialer.support.jar
10-16 23:59:28.470: I/ActivityManager(1626): Killing 5500:com.google.android.apps.maps/u0a68 (adj 906): empty #17
10-16 23:59:28.478: I/Dialer(6997): GoogleDialerApplication.onCreate - enter
10-16 23:59:28.493: I/CAR.SERVICE(6729): Skip, no clients bound.
10-16 23:59:28.494: I/ActivityManager(1626): Killing 5722:com.google.android.deskclock/u0a73 (adj 906): empty #17
10-16 23:59:28.500: I/Dialer(6997): NonUiTaskBuilder.newThread - creating parallel thread
10-16 23:59:28.500: I/Dialer(6997): CallLogFramework.registerContentObservers - enter
10-16 23:59:28.519: I/Dialer(6997): NonUiTaskBuilder.newThread - creating serial thread
10-16 23:59:28.532: I/Dialer(6997): NonUiTaskBuilder.newThread - creating parallel thread
10-16 23:59:28.533: I/Dialer(6997): ShortcutsJobScheduler.scheduleAllJobs - enter
10-16 23:59:28.538: I/WearableService(6082): Wearable Services stopping
10-16 23:59:28.543: I/Dialer(6997): ShortcutsJobScheduler.scheduleAllJobs - enabling shortcuts
10-16 23:59:28.543: I/Dialer(6997): PeriodicJobService.schedulePeriodicJob - enter
10-16 23:59:28.544: I/Dialer(6997): PeriodicJobService.schedulePeriodicJob - job already scheduled.
10-16 23:59:28.545: I/Dialer(6997): GoogleDialerApplication.onCreate - register new client
10-16 23:59:28.551: I/Dialer(6997): GoogleDialerApplication.onCreate - registered new client
10-16 23:59:28.567: I/Dialer(6997): UpdateBroadcastReceiver.getAccountName - accountName: Redacted-54-chars
10-16 23:59:28.587: I/NetRec(6082): [520] ConfigChangedIntentOperation.onHandleIntent: Handling a Phenotype update
10-16 23:59:28.587: I/NetRec(6082): [520] yjf.b: onConfigChanged()
10-16 23:59:28.605: W/ekg(6997): copyMemory is missing from platform - proto runtime falling back to safer methods.
10-16 23:59:28.606: I/PhenotypeFlagCommitter(6935): Experiment Configs successfully retrieved for com.google.android.instantapps
10-16 23:59:28.613: I/ActivityManager(1626): Killing 5959:com.google.android.apps.auth.test.support/u0a87 (adj 906): empty #17
