10-16 23:58:56.820: I/zygote(1626): Background concurrent copying GC freed 40627(2MB) AllocSpace objects, 12(240KB) LOS objects, 42% free, 10MB/18MB, paused 147us total 115.357ms
10-16 23:58:56.839: I/Icing(2310): Usage reports 0 indexed 0 rejected 0 imm upload false
10-16 23:58:56.850: I/Icing(2310): Usage reports 0 indexed 0 rejected 0 imm upload false
10-16 23:58:56.856: I/Icing(2310): Indexing done 5DEFCCBD0E23F290BDC5D7F74C20C8155D1E3057
10-16 23:58:56.950: I/Remoter(1478): Saved screenshot to '/data/screenshots/__pmv__-0073.jpg'
10-16 23:58:57.366: D/AndroidRuntime(5244): >>>>>> START com.android.internal.os.RuntimeInit uid 0 <<<<<<
10-16 23:58:57.368: D/AndroidRuntime(5244): CheckJNI is OFF
10-16 23:58:57.368: E/cutils-trace(5244): Error opening trace file: No such file or directory (2)
10-16 23:58:57.391: I/WearableService(2164): Wearable Services stopping
10-16 23:58:57.412: W/app_process(5244): Unexpected CPU variant for X86 using defaults: x86
10-16 23:58:57.413: W/nativebridge(5244): Failed to bind-mount /system/lib/x86/cpuinfo as /proc/cpuinfo: No such file or directory
10-16 23:58:57.426: I/Radio-JNI(5244): register_android_hardware_Radio DONE
10-16 23:58:57.429: D/AndroidRuntime(5244): Calling main entry com.android.commands.pm.Pm
10-16 23:58:57.453: I/Finsky(4980): [2] com.google.android.finsky.verifier.impl.PackageVerificationReceiver.onReceive(12): Verification requested, id = 5
10-16 23:58:57.454: W/Finsky(4980): [2] com.google.android.finsky.application.FinskyAppImpl.at(1142): No account configured on this device.
10-16 23:58:57.455: I/Finsky(4980): [337] com.google.android.finsky.verifier.impl.av.a(52): Skipping verification. Disabled by user setting
10-16 23:58:57.455: I/Finsky(4980): [337] com.google.android.finsky.verifier.impl.av.a(60): Skipping anti malware verification due to pre-check failure
10-16 23:58:57.455: I/Finsky(4980): [2] com.google.android.finsky.verifier.impl.bq.c(93): Verifying id=5, result=1
10-16 23:58:57.456: I/Finsky(4980): [2] com.google.android.finsky.verifier.impl.bq.c(104): Verification complete: id=5, package_name=android.support.test.orchestrator
10-16 23:58:57.459: I/PackageManager.DexOptimizer(1626): Running dexopt (dexoptNeeded=1) on: /data/app/vmdl2122936536.tmp/base.apk pkg=android.support.test.orchestrator isa=x86 dexoptFlags=boot_complete,public target-filter=quicken oatDir=/data/app/vmdl2122936536.tmp/oat sharedLibraries=/system/framework/android.test.runner.jar
10-16 23:58:57.469: W/dex2oat(5256): Unexpected CPU variant for X86 using defaults: x86
10-16 23:58:57.469: W/dex2oat(5256): Mismatch between dex2oat instruction set features (ISA: X86 Feature string: -ssse3,-sse4.1,-sse4.2,-avx,-avx2,-popcnt) and those of dex2oat executable (ISA: X86 Feature string: ssse3,-sse4.1,-sse4.2,-avx,-avx2,-popcnt) for the command line:
10-16 23:58:57.469: W/dex2oat(5256): /system/bin/dex2oat --zip-fd=6 --zip-location=base.apk --input-vdex-fd=-1 --output-vdex-fd=8 --oat-fd=7 --oat-location=/data/app/vmdl2122936536.tmp/oat/x86/base.odex --instruction-set=x86 --instruction-set-variant=x86 --instruction-set-features=default --runtime-arg -Xms64m --runtime-arg -Xmx512m --compiler-filter=quicken --swap-fd=9 --runtime-arg -classpath --runtime-arg /system/framework/android.test.runner.jar --classpath-dir=/data/app/vmdl2122936536.tmp
10-16 23:58:57.469: I/dex2oat(5256): /system/bin/dex2oat --input-vdex-fd=-1 --output-vdex-fd=8 --compiler-filter=quicken --classpath-dir=/data/app/vmdl2122936536.tmp
10-16 23:58:57.469: E/cutils-trace(5256): Error opening trace file: No such file or directory (2)
10-16 23:58:57.519: I/dex2oat(5256): dex2oat took 50.918ms (56.586ms cpu) (threads: 2) arena alloc=3KB (3832B) java alloc=114KB (117408B) native alloc=1151KB (1179264B) free=1408KB (1442176B)
10-16 23:58:57.544: V/BackupManagerService(1626): restoreAtInstall pkg=android.support.test.orchestrator token=6 restoreSet=0
10-16 23:58:57.544: V/BackupManagerService(1626): Finishing install immediately
10-16 23:58:57.546: D/VoldConnector(1626): SND -> {10 volume remount_uid 10089 read}
10-16 23:58:57.546: I/GnssLocationProvider(1626): WakeLock acquired by sendMessage(SET_REQUEST, 0, com.android.server.location.GnssLocationProvider$GpsRequest@ebca6cb)
10-16 23:58:57.546: I/GnssLocationProvider(1626): WakeLock released by handleMessage(SET_REQUEST, 0, com.android.server.location.GnssLocationProvider$GpsRequest@ebca6cb)
10-16 23:58:57.546: D/vold(1410): Remounting 10089 as mode read
10-16 23:58:57.547: D/VoldConnector(1626): RCV <- {200 10 Command succeeded}
10-16 23:58:57.548: D/VoldConnector(1626): SND -> {11 volume remount_uid 10089 write}
10-16 23:58:57.548: I/GnssLocationProvider(1626): WakeLock acquired by sendMessage(SET_REQUEST, 0, com.android.server.location.GnssLocationProvider$GpsRequest@e089dc1)
10-16 23:58:57.548: I/GnssLocationProvider(1626): WakeLock released by handleMessage(SET_REQUEST, 0, com.android.server.location.GnssLocationProvider$GpsRequest@e089dc1)
10-16 23:58:57.548: D/vold(1410): Remounting 10089 as mode write
10-16 23:58:57.549: D/VoldConnector(1626): RCV <- {200 11 Command succeeded}
10-16 23:58:57.549: D/VoldConnector(1626): [ 10-16 23:58:57.554  1507: 1507 E/         ]
10-16 23:58:57.549: D/VoldConnector(1626): Couldn't opendir /data/app/vmdl2122936536.tmp: No such file or directory
10-16 23:58:57.554: E/installd(1507): Failed to delete /data/app/vmdl2122936536.tmp: No such file or directory
10-16 23:58:57.555: I/Pm(5244): Package android.support.test.orchestrator installed in 125 ms
10-16 23:58:57.555: D/PackageInstaller(1626): Ignoring abandon after commit relinquished control
10-16 23:58:57.557: I/app_process(5244): System.exit called, status: 0
10-16 23:58:57.557: I/AndroidRuntime(5244): VM exiting with result code 0.
10-16 23:58:57.562: W/BroadcastQueue(1626): Background execution not allowed: receiving Intent { act=android.intent.action.PACKAGE_ADDED dat=package:android.support.test.orchestrator flg=0x4000010 (has extras) } to com.android.musicfx/.Compatibility$Receiver
10-16 23:58:57.567: I/InputReader(1626): Reconfiguring input devices.  changes=0x00000010
10-16 23:58:57.567: D/Avrcp(1726): AvrcpServiceBroadcastReceiver-> Action: android.intent.action.PACKAGE_ADDED
10-16 23:58:57.567: D/Avrcp(1726): AvrcpServiceBroadcastReceiver-> packageName: android.support.test.orchestrator
10-16 23:58:57.567: D/Avrcp(1726): packageName: android.support.test.orchestrator removed: false
10-16 23:58:57.568: D/Avrcp(1726): isBrowsableListUpdated: false
10-16 23:58:57.568: D/BluetoothMapAppObserver(1726): onReceive
10-16 23:58:57.568: D/BluetoothMapAppObserver(1726): The installed package is: android.support.test.orchestrator
10-16 23:58:57.568: W/Finsky(4980): [2] com.google.android.finsky.application.FinskyAppImpl.at(1142): No account configured on this device.
10-16 23:58:57.569: D/BluetoothMapAppObserver(1726): Found 0 application(s) with intent android.bluetooth.action.BLUETOOTH_MAP_PROVIDER
10-16 23:58:57.569: D/BluetoothMapAppObserver(1726): Found 0 application(s) with intent android.bluetooth.action.BLUETOOTH_MAP_IM_PROVIDER
10-16 23:58:57.576: D/CarrierSvcBindHelper(1824): No carrier app for: 0
10-16 23:58:57.576: D/ImsResolver(1824): maybeAddedImsService, packageName: android.support.test.orchestrator
10-16 23:58:57.576: D/CarrierConfigLoader(1824): mHandler: 9 phoneId: 0
10-16 23:58:57.581: I/Telecom(1626): DefaultDialerCache: Refreshing default dialer for user 0: now com.google.android.dialer: DDC.oR@AHk
10-16 23:58:57.587: W/Finsky(4980): [2] com.google.android.finsky.application.FinskyAppImpl.at(1142): No account configured on this device.
10-16 23:58:57.588: W/Finsky(4980): [2] com.google.android.finsky.application.FinskyAppImpl.at(1142): No account configured on this device.
10-16 23:58:57.593: I/Finsky(4980): [2] com.google.android.finsky.utils.PermissionPolicies$PermissionPolicyService.onStartCommand(18): post-install permissions check for android.support.test.orchestrator
10-16 23:58:57.593: W/Finsky(4980): [2] com.google.android.finsky.application.FinskyAppImpl.at(1142): No account configured on this device.
10-16 23:58:57.594: I/Finsky(4980): [2] com.google.android.finsky.externalreferrer.d.run(9): Package state data is missing for android.support.test.orchestrator
10-16 23:58:57.596: W/Finsky(4980): [2] com.google.android.finsky.application.FinskyAppImpl.at(1142): No account configured on this device.
10-16 23:58:57.608: I/WearableService(2164): Wearable Services not starting - Wear is not available on this device.
10-16 23:58:57.610: D/WearableService(2164): onGetService - Wear is not available on this device.
10-16 23:58:57.611: E/Finsky(4980): [2] com.google.android.finsky.wear.bl.a(3): onConnectionFailed: ConnectionResult{statusCode=API_UNAVAILABLE, resolution=null, message=null}
10-16 23:58:57.611: W/Finsky(4980): [2] com.google.android.finsky.wear.aj.run(9): Dropping command=auto_install due to Gms not connected
10-16 23:58:57.613: W/Finsky(4980): [2] com.google.android.finsky.wear.aj.run(9): Dropping command=send_installed_apps due to Gms not connected
10-16 23:58:57.619: I/FontsPackageChangeOp(2310): Package android.support.test.orchestrator has no metadata
10-16 23:58:57.622: D/Wear_Controller(2310): Received broadcast action=android.intent.action.PACKAGE_ADDED and uri=android.support.test.orchestrator
10-16 23:58:57.627: I/ChromeSync(2310): [Persistence,AffiliationManager] Fetching affiliations from the server.
10-16 23:58:57.638: I/Icing(2310): IndexChimeraService.getServiceInterface callingPackage=com.google.android.gms componentName=AppsCorpus serviceId=32
10-16 23:58:57.640: I/Icing(2310): IndexChimeraService.getServiceInterface callingPackage=com.google.android.gms componentName=AppsCorpus serviceId=36
10-16 23:58:57.648: I/Icing(2310): Usage reports 0 indexed 0 rejected 0 imm upload false
10-16 23:58:57.664: I/WearableService(2164): Wearable Services stopping
10-16 23:58:57.665: I/Icing(2310): Usage reports 0 indexed 0 rejected 0 imm upload false
10-16 23:58:57.671: I/zygote(1626): Background concurrent copying GC freed 38857(2MB) AllocSpace objects, 12(240KB) LOS objects, 42% free, 10MB/18MB, paused 120us total 120.153ms
10-16 23:58:57.703: I/zygote(2310): Deoptimizing java.lang.String kke.a(android.content.Context, java.lang.String) due to class hierarchy analysis
10-16 23:58:57.852: I/Icing(2310): Indexing 5DEFCCBD0E23F290BDC5D7F74C20C8155D1E3057 from com.google.android.gms
10-16 23:58:57.854: I/Icing(2310): Indexing done 5DEFCCBD0E23F290BDC5D7F74C20C8155D1E3057
10-16 23:58:57.975: I/Remoter(1478): Saved screenshot to '/data/screenshots/__pmv__-0074.jpg'
10-16 23:58:58.238: D/AndroidRuntime(5282): >>>>>> START com.android.internal.os.RuntimeInit uid 0 <<<<<<
10-16 23:58:58.240: D/AndroidRuntime(5282): CheckJNI is OFF
10-16 23:58:58.240: E/cutils-trace(5282): Error opening trace file: No such file or directory (2)
10-16 23:58:58.283: W/app_process(5282): Unexpected CPU variant for X86 using defaults: x86
10-16 23:58:58.284: W/nativebridge(5282): Failed to bind-mount /system/lib/x86/cpuinfo as /proc/cpuinfo: No such file or directory
10-16 23:58:58.297: I/Radio-JNI(5282): register_android_hardware_Radio DONE
10-16 23:58:58.301: D/AndroidRuntime(5282): Calling main entry com.android.commands.pm.Pm
10-16 23:58:58.332: I/Finsky(4980): [2] com.google.android.finsky.verifier.impl.PackageVerificationReceiver.onReceive(12): Verification requested, id = 6
10-16 23:58:58.333: W/Finsky(4980): [2] com.google.android.finsky.application.FinskyAppImpl.at(1142): No account configured on this device.
10-16 23:58:58.334: I/Finsky(4980): [336] com.google.android.finsky.verifier.impl.av.a(52): Skipping verification. Disabled by user setting
10-16 23:58:58.334: I/Finsky(4980): [336] com.google.android.finsky.verifier.impl.av.a(60): Skipping anti malware verification due to pre-check failure
10-16 23:58:58.339: I/Finsky(4980): [2] com.google.android.finsky.verifier.impl.bq.c(93): Verifying id=6, result=1
10-16 23:58:58.340: I/Finsky(4980): [2] com.google.android.finsky.verifier.impl.bq.c(104): Verification complete: id=6, package_name=android.support.test.services
10-16 23:58:58.343: I/PackageManager.DexOptimizer(1626): Running dexopt (dexoptNeeded=1) on: /data/app/vmdl223645832.tmp/base.apk pkg=android.support.test.services isa=x86 dexoptFlags=boot_complete,public target-filter=quicken oatDir=/data/app/vmdl223645832.tmp/oat sharedLibraries=null
10-16 23:58:58.353: W/dex2oat(5294): Unexpected CPU variant for X86 using defaults: x86
10-16 23:58:58.354: W/dex2oat(5294): Mismatch between dex2oat instruction set features (ISA: X86 Feature string: -ssse3,-sse4.1,-sse4.2,-avx,-avx2,-popcnt) and those of dex2oat executable (ISA: X86 Feature string: ssse3,-sse4.1,-sse4.2,-avx,-avx2,-popcnt) for the command line:
10-16 23:58:58.354: W/dex2oat(5294): /system/bin/dex2oat --zip-fd=6 --zip-location=base.apk --input-vdex-fd=-1 --output-vdex-fd=8 --oat-fd=7 --oat-location=/data/app/vmdl223645832.tmp/oat/x86/base.odex --instruction-set=x86 --instruction-set-variant=x86 --instruction-set-features=default --runtime-arg -Xms64m --runtime-arg -Xmx512m --compiler-filter=quicken --swap-fd=9 --classpath-dir=/data/app/vmdl223645832.tmp
10-16 23:58:58.354: I/dex2oat(5294): /system/bin/dex2oat --input-vdex-fd=-1 --output-vdex-fd=8 --compiler-filter=quicken --classpath-dir=/data/app/vmdl223645832.tmp
10-16 23:58:58.354: E/cutils-trace(5294): Error opening trace file: No such file or directory (2)
10-16 23:58:58.456: I/dex2oat(5294): dex2oat took 103.158ms (153.535ms cpu) (threads: 2) arena alloc=2320B (2320B) java alloc=592KB (606592B) native alloc=1600KB (1639112B) free=1471KB (1506616B)
10-16 23:58:58.484: V/BackupManagerService(1626): restoreAtInstall pkg=android.support.test.services token=7 restoreSet=0
10-16 23:58:58.484: V/BackupManagerService(1626): Finishing install immediately
10-16 23:58:58.484: V/BackupManagerService(1626): [ 10-16 23:58:58.486  1507: 1668 E/         ]
10-16 23:58:58.484: V/BackupManagerService(1626): Couldn't opendir /data/app/vmdl223645832.tmp: No such file or directory
10-16 23:58:58.486: E/installd(1507): Failed to delete /data/app/vmdl223645832.tmp: No such file or directory
10-16 23:58:58.486: I/Pm(5282): Package android.support.test.services installed in 185 ms
10-16 23:58:58.487: D/PackageInstaller(1626): Ignoring abandon after commit relinquished control
10-16 23:58:58.490: D/Avrcp(1726): AvrcpServiceBroadcastReceiver-> Action: android.intent.action.PACKAGE_ADDED
10-16 23:58:58.490: D/Avrcp(1726): AvrcpServiceBroadcastReceiver-> packageName: android.support.test.services
10-16 23:58:58.490: D/Avrcp(1726): packageName: android.support.test.services removed: false
10-16 23:58:58.490: I/app_process(5282): System.exit called, status: 0
10-16 23:58:58.490: I/AndroidRuntime(5282): VM exiting with result code 0.
10-16 23:58:58.494: I/InputReader(1626): Reconfiguring input devices.  changes=0x00000010
10-16 23:58:58.494: D/Avrcp(1726): isBrowsableListUpdated: false
10-16 23:58:58.496: D/BluetoothMapAppObserver(1726): onReceive
10-16 23:58:58.496: D/BluetoothMapAppObserver(1726): The installed package is: android.support.test.services
10-16 23:58:58.496: W/BroadcastQueue(1626): Background execution not allowed: receiving Intent { act=android.intent.action.PACKAGE_ADDED dat=package:android.support.test.services flg=0x4000010 (has extras) } to com.android.musicfx/.Compatibility$Receiver
10-16 23:58:58.497: D/BluetoothMapAppObserver(1726): Found 0 application(s) with intent android.bluetooth.action.BLUETOOTH_MAP_PROVIDER
10-16 23:58:58.497: D/BluetoothMapAppObserver(1726): Found 0 application(s) with intent android.bluetooth.action.BLUETOOTH_MAP_IM_PROVIDER
10-16 23:58:58.501: I/Telecom(1626): DefaultDialerCache: Refreshing default dialer for user 0: now com.google.android.dialer: DDC.oR@AHo
10-16 23:58:58.502: W/Finsky(4980): [2] com.google.android.finsky.application.FinskyAppImpl.at(1142): No account configured on this device.
10-16 23:58:58.504: I/chatty(4980): uid=10026(u0_a26) com.android.vending identical 1 line
10-16 23:58:58.505: W/Finsky(4980): [2] com.google.android.finsky.application.FinskyAppImpl.at(1142): No account configured on this device.
10-16 23:58:58.521: I/Finsky(4980): [2] com.google.android.finsky.utils.PermissionPolicies$PermissionPolicyService.onStartCommand(18): post-install permissions check for android.support.test.services
10-16 23:58:58.522: D/CarrierSvcBindHelper(1824): No carrier app for: 0
10-16 23:58:58.522: D/ImsResolver(1824): maybeAddedImsService, packageName: android.support.test.services
10-16 23:58:58.523: W/Finsky(4980): [2] com.google.android.finsky.application.FinskyAppImpl.at(1142): No account configured on this device.
10-16 23:58:58.523: D/CarrierConfigLoader(1824): mHandler: 9 phoneId: 0
10-16 23:58:58.526: I/WearableService(2164): Wearable Services not starting - Wear is not available on this device.
10-16 23:58:58.526: I/Finsky(4980): [2] com.google.android.finsky.externalreferrer.d.run(9): Package state data is missing for android.support.test.services
10-16 23:58:58.527: W/Finsky(4980): [2] com.google.android.finsky.application.FinskyAppImpl.at(1142): No account configured on this device.
10-16 23:58:58.529: D/WearableService(2164): onGetService - Wear is not available on this device.
10-16 23:58:58.530: E/Finsky(4980): [2] com.google.android.finsky.wear.bl.a(3): onConnectionFailed: ConnectionResult{statusCode=API_UNAVAILABLE, resolution=null, message=null}
10-16 23:58:58.530: W/Finsky(4980): [2] com.google.android.finsky.wear.aj.run(9): Dropping command=auto_install due to Gms not connected
10-16 23:58:58.537: W/Finsky(4980): [2] com.google.android.finsky.wear.aj.run(9): Dropping command=send_installed_apps due to Gms not connected
10-16 23:58:58.542: I/FontsPackageChangeOp(2310): Package android.support.test.services has no metadata
10-16 23:58:58.544: D/Wear_Controller(2310): Received broadcast action=android.intent.action.PACKAGE_ADDED and uri=android.support.test.services
10-16 23:58:58.552: I/ChromeSync(2310): [Persistence,AffiliationManager] Fetching affiliations from the server.
10-16 23:58:58.586: I/Icing(2310): IndexChimeraService.getServiceInterface callingPackage=com.google.android.gms componentName=AppsCorpus serviceId=32
10-16 23:58:58.591: I/Icing(2310): IndexChimeraService.getServiceInterface callingPackage=com.google.android.gms componentName=AppsCorpus serviceId=36
10-16 23:58:58.596: I/zygote(1626): Background concurrent copying GC freed 40593(2MB) AllocSpace objects, 12(240KB) LOS objects, 42% free, 10MB/18MB, paused 207us total 108.980ms
10-16 23:58:58.603: I/Icing(2310): Usage reports 0 indexed 0 rejected 0 imm upload false
10-16 23:58:58.608: I/Icing(2310): Usage reports 0 indexed 0 rejected 0 imm upload false
10-16 23:58:58.647: I/WearableService(2164): Wearable Services stopping
10-16 23:58:58.674: I/Icing(2310): Indexing 5DEFCCBD0E23F290BDC5D7F74C20C8155D1E3057 from com.google.android.gms
10-16 23:58:58.675: I/Icing(2310): Indexing done 5DEFCCBD0E23F290BDC5D7F74C20C8155D1E3057
10-16 23:58:59.007: I/Remoter(1478): Saved screenshot to '/data/screenshots/__pmv__-0075.jpg'
10-16 23:58:59.182: D/AndroidRuntime(5319): >>>>>> START com.android.internal.os.RuntimeInit uid 0 <<<<<<
10-16 23:58:59.185: D/AndroidRuntime(5319): CheckJNI is OFF
10-16 23:58:59.185: E/cutils-trace(5319): Error opening trace file: No such file or directory (2)
10-16 23:58:59.230: W/app_process(5319): Unexpected CPU variant for X86 using defaults: x86
10-16 23:58:59.232: W/nativebridge(5319): Failed to bind-mount /system/lib/x86/cpuinfo as /proc/cpuinfo: No such file or directory
10-16 23:58:59.245: I/Radio-JNI(5319): register_android_hardware_Radio DONE
10-16 23:58:59.249: D/AndroidRuntime(5319): Calling main entry com.android.commands.pm.Pm
10-16 23:58:59.274: I/Finsky(4980): [2] com.google.android.finsky.verifier.impl.PackageVerificationReceiver.onReceive(12): Verification requested, id = 7
10-16 23:58:59.276: W/Finsky(4980): [2] com.google.android.finsky.application.FinskyAppImpl.at(1142): No account configured on this device.
10-16 23:58:59.276: I/Finsky(4980): [337] com.google.android.finsky.verifier.impl.av.a(52): Skipping verification. Disabled by user setting
10-16 23:58:59.277: I/Finsky(4980): [337] com.google.android.finsky.verifier.impl.av.a(60): Skipping anti malware verification due to pre-check failure
10-16 23:58:59.279: I/Finsky(4980): [2] com.google.android.finsky.verifier.impl.bq.c(93): Verifying id=7, result=1
10-16 23:58:59.280: I/Finsky(4980): [2] com.google.android.finsky.verifier.impl.bq.c(104): Verification complete: id=7, package_name=com.google.android.apps.mtaas.stubapp
10-16 23:58:59.281: I/PackageParser(1626): com.google.android.apps.mtaas.stubapp: compat added android.permission.WRITE_EXTERNAL_STORAGE android.permission.READ_PHONE_STATE
10-16 23:58:59.283: I/PackageManager.DexOptimizer(1626): Running dexopt (dexoptNeeded=1) on: /data/app/vmdl2027169301.tmp/base.apk pkg=com.google.android.apps.mtaas.stubapp isa=x86 dexoptFlags=boot_complete,public target-filter=quicken oatDir=/data/app/vmdl2027169301.tmp/oat sharedLibraries=null
10-16 23:58:59.293: W/dex2oat(5332): Unexpected CPU variant for X86 using defaults: x86
10-16 23:58:59.293: W/dex2oat(5332): Mismatch between dex2oat instruction set features (ISA: X86 Feature string: -ssse3,-sse4.1,-sse4.2,-avx,-avx2,-popcnt) and those of dex2oat executable (ISA: X86 Feature string: ssse3,-sse4.1,-sse4.2,-avx,-avx2,-popcnt) for the command line:
10-16 23:58:59.293: W/dex2oat(5332): /system/bin/dex2oat --zip-fd=6 --zip-location=base.apk --input-vdex-fd=-1 --output-vdex-fd=8 --oat-fd=7 --oat-location=/data/app/vmdl2027169301.tmp/oat/x86/base.odex --instruction-set=x86 --instruction-set-variant=x86 --instruction-set-features=default --runtime-arg -Xms64m --runtime-arg -Xmx512m --compiler-filter=quicken --swap-fd=9 --classpath-dir=/data/app/vmdl2027169301.tmp
10-16 23:58:59.293: I/dex2oat(5332): /system/bin/dex2oat --input-vdex-fd=-1 --output-vdex-fd=8 --compiler-filter=quicken --classpath-dir=/data/app/vmdl2027169301.tmp
10-16 23:58:59.293: E/cutils-trace(5332): Error opening trace file: No such file or directory (2)
10-16 23:58:59.317: I/dex2oat(5332): dex2oat took 24.137ms (22.241ms cpu) (threads: 2) arena alloc=792B (792B) java alloc=16KB (16400B) native alloc=974KB (998352B) free=1073KB (1098800B)
10-16 23:58:59.345: V/BackupManagerService(1626): restoreAtInstall pkg=com.google.android.apps.mtaas.stubapp token=8 restoreSet=0
10-16 23:58:59.345: V/BackupManagerService(1626): Finishing install immediately
10-16 23:58:59.345: V/BackupManagerService(1626): [ 10-16 23:58:59.353  1507: 1551 E/         ]
10-16 23:58:59.345: V/BackupManagerService(1626): Couldn't opendir /data/app/vmdl2027169301.tmp: No such file or directory
10-16 23:58:59.353: E/installd(1507): Failed to delete /data/app/vmdl2027169301.tmp: No such file or directory
10-16 23:58:59.354: I/Pm(5319): Package com.google.android.apps.mtaas.stubapp installed in 104 ms
10-16 23:58:59.355: D/PackageInstaller(1626): Ignoring abandon after commit relinquished control
10-16 23:58:59.356: I/app_process(5319): System.exit called, status: 0
10-16 23:58:59.356: I/AndroidRuntime(5319): VM exiting with result code 0.
10-16 23:58:59.364: W/BroadcastQueue(1626): Background execution not allowed: receiving Intent { act=android.intent.action.PACKAGE_ADDED dat=package:com.google.android.apps.mtaas.stubapp flg=0x4000010 (has extras) } to com.android.musicfx/.Compatibility$Receiver
10-16 23:58:59.366: W/Finsky(4980): [2] com.google.android.finsky.application.FinskyAppImpl.at(1142): No account configured on this device.
10-16 23:58:59.367: I/InputReader(1626): Reconfiguring input devices.  changes=0x00000010
10-16 23:58:59.367: D/Avrcp(1726): AvrcpServiceBroadcastReceiver-> Action: android.intent.action.PACKAGE_ADDED
10-16 23:58:59.367: D/Avrcp(1726): AvrcpServiceBroadcastReceiver-> packageName: com.google.android.apps.mtaas.stubapp
10-16 23:58:59.367: D/Avrcp(1726): packageName: com.google.android.apps.mtaas.stubapp removed: false
10-16 23:58:59.368: D/Avrcp(1726): isBrowsableListUpdated: false
10-16 23:58:59.368: D/BluetoothMapAppObserver(1726): onReceive
10-16 23:58:59.368: D/BluetoothMapAppObserver(1726): The installed package is: com.google.android.apps.mtaas.stubapp
10-16 23:58:59.368: D/BluetoothMapAppObserver(1726): Found 0 application(s) with intent android.bluetooth.action.BLUETOOTH_MAP_PROVIDER
10-16 23:58:59.375: D/BluetoothMapAppObserver(1726): Found 0 application(s) with intent android.bluetooth.action.BLUETOOTH_MAP_IM_PROVIDER
10-16 23:58:59.379: I/Telecom(1626): DefaultDialerCache: Refreshing default dialer for user 0: now com.google.android.dialer: DDC.oR@AHs
10-16 23:58:59.383: W/Finsky(4980): [2] com.google.android.finsky.application.FinskyAppImpl.at(1142): No account configured on this device.
10-16 23:58:59.383: W/Finsky(4980): [2] com.google.android.finsky.application.FinskyAppImpl.at(1142): No account configured on this device.
10-16 23:58:59.389: I/Finsky(4980): [2] com.google.android.finsky.utils.PermissionPolicies$PermissionPolicyService.onStartCommand(18): post-install permissions check for com.google.android.apps.mtaas.stubapp
10-16 23:58:59.390: W/Finsky(4980): [2] com.google.android.finsky.application.FinskyAppImpl.at(1142): No account configured on this device.
10-16 23:58:59.391: I/Finsky(4980): [2] com.google.android.finsky.externalreferrer.d.run(9): Package state data is missing for com.google.android.apps.mtaas.stubapp
10-16 23:58:59.392: D/CarrierSvcBindHelper(1824): No carrier app for: 0
10-16 23:58:59.393: D/ImsResolver(1824): maybeAddedImsService, packageName: com.google.android.apps.mtaas.stubapp
10-16 23:58:59.393: W/Finsky(4980): [2] com.google.android.finsky.application.FinskyAppImpl.at(1142): No account configured on this device.
10-16 23:58:59.393: I/WearableService(2164): Wearable Services not starting - Wear is not available on this device.
10-16 23:58:59.394: D/CarrierConfigLoader(1824): mHandler: 9 phoneId: 0
10-16 23:58:59.396: D/WearableService(2164): onGetService - Wear is not available on this device.
10-16 23:58:59.398: E/Finsky(4980): [2] com.google.android.finsky.wear.bl.a(3): onConnectionFailed: ConnectionResult{statusCode=API_UNAVAILABLE, resolution=null, message=null}
10-16 23:58:59.398: W/Finsky(4980): [2] com.google.android.finsky.wear.aj.run(9): Dropping command=auto_install due to Gms not connected
10-16 23:58:59.400: W/Finsky(4980): [2] com.google.android.finsky.wear.aj.run(9): Dropping command=send_installed_apps due to Gms not connected
10-16 23:58:59.407: I/FontsPackageChangeOp(2310): Package com.google.android.apps.mtaas.stubapp has no metadata
10-16 23:58:59.411: D/Wear_Controller(2310): Received broadcast action=android.intent.action.PACKAGE_ADDED and uri=com.google.android.apps.mtaas.stubapp
10-16 23:58:59.415: I/ChromeSync(2310): [Persistence,AffiliationManager] Fetching affiliations from the server.
10-16 23:58:59.441: I/Icing(2310): IndexChimeraService.getServiceInterface callingPackage=com.google.android.gms componentName=AppsCorpus serviceId=32
10-16 23:58:59.443: I/Icing(2310): IndexChimeraService.getServiceInterface callingPackage=com.google.android.gms componentName=AppsCorpus serviceId=36
10-16 23:58:59.469: I/Icing(2310): Usage reports 0 indexed 0 rejected 0 imm upload false
10-16 23:58:59.495: I/Icing(2310): Usage reports 0 indexed 0 rejected 0 imm upload false
10-16 23:58:59.612: I/Icing(2310): Indexing 5DEFCCBD0E23F290BDC5D7F74C20C8155D1E3057 from com.google.android.gms
10-16 23:58:59.613: I/Icing(2310): Indexing done 5DEFCCBD0E23F290BDC5D7F74C20C8155D1E3057
10-16 23:58:59.709: D/AndroidRuntime(5341): >>>>>> START com.android.internal.os.RuntimeInit uid 0 <<<<<<
10-16 23:58:59.711: D/AndroidRuntime(5341): CheckJNI is OFF
10-16 23:58:59.711: E/cutils-trace(5341): Error opening trace file: No such file or directory (2)
10-16 23:58:59.757: W/app_process(5341): Unexpected CPU variant for X86 using defaults: x86
10-16 23:58:59.765: W/nativebridge(5341): Failed to bind-mount /system/lib/x86/cpuinfo as /proc/cpuinfo: No such file or directory
10-16 23:58:59.780: I/Radio-JNI(5341): register_android_hardware_Radio DONE
10-16 23:58:59.784: D/AndroidRuntime(5341): Calling main entry com.android.commands.input.Input
10-16 23:58:59.784: I/Input(5341): injectKeyEvent: KeyEvent { action=ACTION_DOWN, keyCode=KEYCODE_MENU, scanCode=0, metaState=0, flags=0x0, repeatCount=0, eventTime=7563007, downTime=7563007, deviceId=-1, source=0x101 }
10-16 23:58:59.786: I/Input(5341): injectKeyEvent: KeyEvent { action=ACTION_UP, keyCode=KEYCODE_MENU, scanCode=0, metaState=0, flags=0x0, repeatCount=0, eventTime=7563007, downTime=7563007, deviceId=-1, source=0x101 }
10-16 23:58:59.793: I/WearableService(2164): Wearable Services stopping
10-16 23:58:59.805: D/AndroidRuntime(5341): Shutting down VM
10-16 23:59:00.114: I/Remoter(1478): Saved screenshot to '/data/screenshots/__pmv__-0076.jpg'
10-16 23:59:00.155: V/WindowManager(1626): setAppStartingWindow: token=Token{6aab395 ActivityRecord{d57474c u0 com.android.launcher3/.Launcher t2}} pkg=com.android.launcher3 transferFrom=null newTask=false taskSwitch=true processRunning=true allowTaskSnapshot=true
10-16 23:59:00.160: I/VrManagerService(1626): VR mode is allowed
10-16 23:59:00.167: E/memtrack(1626): Couldn't load memtrack module
10-16 23:59:00.167: W/android.os.Debug(1626): failed to get memory consumption info: -1
10-16 23:59:00.167: E/memtrack(1626): Couldn't load memtrack module
10-16 23:59:00.167: W/android.os.Debug(1626): failed to get memory consumption info: -1
10-16 23:59:00.167: E/memtrack(1626): Couldn't load memtrack module
10-16 23:59:00.167: W/android.os.Debug(1626): failed to get memory consumption info: -1
10-16 23:59:00.168: E/memtrack(1626): Couldn't load memtrack module
10-16 23:59:00.168: W/android.os.Debug(1626): failed to get memory consumption info: -1
10-16 23:59:00.168: E/memtrack(1626): Couldn't load memtrack module
10-16 23:59:00.168: W/android.os.Debug(1626): failed to get memory consumption info: -1
10-16 23:59:00.169: E/memtrack(1626): Couldn't load memtrack module
10-16 23:59:00.169: W/android.os.Debug(1626): failed to get memory consumption info: -1
10-16 23:59:00.169: E/memtrack(1626): Couldn't load memtrack module
10-16 23:59:00.169: W/android.os.Debug(1626): failed to get memory consumption info: -1
10-16 23:59:00.169: E/memtrack(1626): Couldn't load memtrack module
10-16 23:59:00.169: W/android.os.Debug(1626): failed to get memory consumption info: -1
10-16 23:59:00.169: E/memtrack(1626): Couldn't load memtrack module
10-16 23:59:00.169: W/android.os.Debug(1626): failed to get memory consumption info: -1
10-16 23:59:00.170: E/memtrack(1626): Couldn't load memtrack module
10-16 23:59:00.170: W/android.os.Debug(1626): failed to get memory consumption info: -1
10-16 23:59:00.170: E/memtrack(1626): Couldn't load memtrack module
10-16 23:59:00.170: W/android.os.Debug(1626): failed to get memory consumption info: -1
10-16 23:59:00.170: D/StatusBar(1775): disable<e i a s b H R c s q >
10-16 23:59:00.171: E/memtrack(1626): Couldn't load memtrack module
10-16 23:59:00.171: W/android.os.Debug(1626): failed to get memory consumption info: -1
10-16 23:59:00.173: E/memtrack(1626): Couldn't load memtrack module
10-16 23:59:00.173: W/android.os.Debug(1626): failed to get memory consumption info: -1
10-16 23:59:00.173: E/memtrack(1626): Couldn't load memtrack module
10-16 23:59:00.173: W/android.os.Debug(1626): failed to get memory consumption info: -1
10-16 23:59:00.175: E/memtrack(1626): Couldn't load memtrack module
10-16 23:59:00.175: W/android.os.Debug(1626): failed to get memory consumption info: -1
10-16 23:59:00.176: E/memtrack(1626): Couldn't load memtrack module
10-16 23:59:00.176: W/android.os.Debug(1626): failed to get memory consumption info: -1
10-16 23:59:00.177: E/memtrack(1626): Couldn't load memtrack module
10-16 23:59:00.177: W/android.os.Debug(1626): failed to get memory consumption info: -1
10-16 23:59:00.178: E/memtrack(1626): Couldn't load memtrack module
10-16 23:59:00.178: W/android.os.Debug(1626): failed to get memory consumption info: -1
10-16 23:59:00.179: E/memtrack(1626): Couldn't load memtrack module
10-16 23:59:00.179: W/android.os.Debug(1626): failed to get memory consumption info: -1
10-16 23:59:00.180: E/memtrack(1626): Couldn't load memtrack module
10-16 23:59:00.180: W/android.os.Debug(1626): failed to get memory consumption info: -1
10-16 23:59:00.180: E/memtrack(1626): Couldn't load memtrack module
10-16 23:59:00.180: W/android.os.Debug(1626): failed to get memory consumption info: -1
10-16 23:59:00.181: E/memtrack(1626): Couldn't load memtrack module
10-16 23:59:00.181: W/android.os.Debug(1626): failed to get memory consumption info: -1
10-16 23:59:00.204: I/GceGrallocRegionRegistry(1484): Mapped gralloc-1484.20 hnd=0xf6823380 fd=5 base=0xf5c89000 format=RGBA_8888(0x1) width=1080 height=1920
10-16 23:59:00.204: I/GceGrallocRegionRegistry(1484): Unmapped gralloc-1484.20 hnd=0xf6823380 fd=5 base=0xf5c89000
10-16 23:59:00.204: I/GceGrallocRegionRegistry(1487): Mapped gralloc-1484.20 hnd=0xf198d640 fd=41 base=0xe8489000 format=RGBA_8888(0x1) width=1080 height=1920
10-16 23:59:00.204: I/GceGrallocRegionRegistry(1484): Mapped gralloc-1484.21 hnd=0xf68233c0 fd=5 base=0xf5c89000 format=RGBA_8888(0x1) width=1080 height=1920
10-16 23:59:00.204: I/GceGrallocRegionRegistry(1484): Unmapped gralloc-1484.21 hnd=0xf68233c0 fd=5 base=0xf5c89000
10-16 23:59:00.204: I/GceGrallocRegionRegistry(1487): Mapped gralloc-1484.21 hnd=0xf198d7c0 fd=42 base=0xe7369000 format=RGBA_8888(0x1) width=1080 height=1920
10-16 23:59:00.209: I/GceGrallocRegionRegistry(1484): Mapped gralloc-1484.22 hnd=0xf6823380 fd=5 base=0xf5c89000 format=RGBA_8888(0x1) width=1080 height=1920
10-16 23:59:00.209: I/GceGrallocRegionRegistry(1484): Unmapped gralloc-1484.22 hnd=0xf6823380 fd=5 base=0xf5c89000
10-16 23:59:00.209: I/GceGrallocRegionRegistry(1487): Mapped gralloc-1484.22 hnd=0xf198d800 fd=43 base=0xe6a72000 format=RGBA_8888(0x1) width=1080 height=1920
10-16 23:59:00.214: I/vndksupport(2395): sphal namespace is not configured for this process. Loading /system/lib/hw/gralloc.gce_x86.so from the current namespace instead.
10-16 23:59:00.215: E/memtrack(1626): Couldn't load memtrack module
10-16 23:59:00.215: W/android.os.Debug(1626): failed to get memory consumption info: -1
10-16 23:59:00.229: E/memtrack(1626): Couldn't load memtrack module
10-16 23:59:00.229: W/android.os.Debug(1626): failed to get memory consumption info: -1
10-16 23:59:00.230: E/memtrack(1626): Couldn't load memtrack module
10-16 23:59:00.230: W/android.os.Debug(1626): failed to get memory consumption info: -1
10-16 23:59:00.233: E/memtrack(1626): Couldn't load memtrack module
10-16 23:59:00.233: W/android.os.Debug(1626): failed to get memory consumption info: -1
10-16 23:59:00.234: E/memtrack(1626): Couldn't load memtrack module
10-16 23:59:00.234: W/android.os.Debug(1626): failed to get memory consumption info: -1
10-16 23:59:00.253: E/memtrack(1626): Couldn't load memtrack module
10-16 23:59:00.253: W/android.os.Debug(1626): failed to get memory consumption info: -1
10-16 23:59:00.254: E/memtrack(1626): Couldn't load memtrack module
10-16 23:59:00.254: W/android.os.Debug(1626): failed to get memory consumption info: -1
10-16 23:59:00.265: E/memtrack(1626): Couldn't load memtrack module
10-16 23:59:00.265: W/android.os.Debug(1626): failed to get memory consumption info: -1
10-16 23:59:00.271: E/memtrack(1626): Couldn't load memtrack module
10-16 23:59:00.271: W/android.os.Debug(1626): failed to get memory consumption info: -1
10-16 23:59:00.318: E/memtrack(1626): Couldn't load memtrack module
10-16 23:59:00.318: W/android.os.Debug(1626): failed to get memory consumption info: -1
10-16 23:59:00.337: E/memtrack(1626): Couldn't load memtrack module
10-16 23:59:00.337: W/android.os.Debug(1626): failed to get memory consumption info: -1
10-16 23:59:00.338: E/memtrack(1626): Couldn't load memtrack module
10-16 23:59:00.338: W/android.os.Debug(1626): failed to get memory consumption info: -1
10-16 23:59:00.387: E/memtrack(1626): Couldn't load memtrack module
10-16 23:59:00.387: W/android.os.Debug(1626): failed to get memory consumption info: -1
10-16 23:59:00.420: E/memtrack(1626): Couldn't load memtrack module
10-16 23:59:00.420: W/android.os.Debug(1626): failed to get memory consumption info: -1
10-16 23:59:00.422: E/memtrack(1626): Couldn't load memtrack module
10-16 23:59:00.422: W/android.os.Debug(1626): failed to get memory consumption info: -1
10-16 23:59:00.423: E/memtrack(1626): Couldn't load memtrack module
10-16 23:59:00.423: W/android.os.Debug(1626): failed to get memory consumption info: -1
10-16 23:59:00.423: E/memtrack(1626): Couldn't load memtrack module
10-16 23:59:00.423: W/android.os.Debug(1626): failed to get memory consumption info: -1
10-16 23:59:00.428: E/memtrack(1626): Couldn't load memtrack module
10-16 23:59:00.428: W/android.os.Debug(1626): failed to get memory consumption info: -1
10-16 23:59:00.431: E/memtrack(1626): Couldn't load memtrack module
10-16 23:59:00.431: W/android.os.Debug(1626): failed to get memory consumption info: -1
10-16 23:59:00.434: E/memtrack(1626): Couldn't load memtrack module
10-16 23:59:00.434: W/android.os.Debug(1626): failed to get memory consumption info: -1
10-16 23:59:00.435: E/memtrack(1626): Couldn't load memtrack module
10-16 23:59:00.435: W/android.os.Debug(1626): failed to get memory consumption info: -1
10-16 23:59:00.436: E/memtrack(1626): Couldn't load memtrack module
10-16 23:59:00.436: W/android.os.Debug(1626): failed to get memory consumption info: -1
10-16 23:59:00.438: I/zygote(2395): Do partial code cache collection, code=25KB, data=25KB
10-16 23:59:00.438: I/zygote(2395): After code cache collection, code=22KB, data=24KB
10-16 23:59:00.438: I/zygote(2395): Increasing code cache capacity to 128KB
10-16 23:59:00.484: I/zygote(2395): Background concurrent copying GC freed 14405(1035KB) AllocSpace objects, 21(1884KB) LOS objects, 49% free, 2MB/5MB, paused 4.816ms total 195.633ms
10-16 23:59:00.496: D/RenderScript HIDL Adaptation(2395): IRenderScriptDevice::getService()
10-16 23:59:00.498: E/memtrack(1626): Couldn't load memtrack module
10-16 23:59:00.498: W/android.os.Debug(1626): failed to get memory consumption info: -1
10-16 23:59:00.500: W//system/bin/hwservicemanager(1408): getTransportFromManifest: Cannot find entry android.hardware.renderscript@1.0::IDevice in either framework or device manifest, using default transport.
10-16 23:59:00.501: E/memtrack(1626): Couldn't load memtrack module
10-16 23:59:00.501: W/android.os.Debug(1626): failed to get memory consumption info: -1
10-16 23:59:00.503: E/memtrack(1626): Couldn't load memtrack module
10-16 23:59:00.503: W/android.os.Debug(1626): failed to get memory consumption info: -1
10-16 23:59:00.503: W/android.hardware.renderscript@1.0::Device(2395): getService: found null hwbinder interface
10-16 23:59:00.503: D/RenderScript HIDL Adaptation(2395): IRenderScriptDevice::getService() returned 0x0
10-16 23:59:00.503: D/RenderScript HIDL Adaptation(2395): Using Fallback Path.
10-16 23:59:00.508: E/memtrack(1626): Couldn't load memtrack module
10-16 23:59:00.508: W/android.os.Debug(1626): failed to get memory consumption info: -1
10-16 23:59:00.510: E/memtrack(1626): Couldn't load memtrack module
10-16 23:59:00.510: W/android.os.Debug(1626): failed to get memory consumption info: -1
10-16 23:59:00.511: E/memtrack(1626): Couldn't load memtrack module
10-16 23:59:00.511: W/android.os.Debug(1626): failed to get memory consumption info: -1
10-16 23:59:00.514: E/memtrack(1626): Couldn't load memtrack module
10-16 23:59:00.514: W/android.os.Debug(1626): failed to get memory consumption info: -1
10-16 23:59:00.515: E/memtrack(1626): Couldn't load memtrack module
10-16 23:59:00.516: W/android.os.Debug(1626): failed to get memory consumption info: -1
10-16 23:59:00.517: E/memtrack(1626): Couldn't load memtrack module
10-16 23:59:00.517: W/android.os.Debug(1626): failed to get memory consumption info: -1
10-16 23:59:00.517: E/memtrack(1626): Couldn't load memtrack module
10-16 23:59:00.518: W/android.os.Debug(1626): failed to get memory consumption info: -1
10-16 23:59:00.518: E/memtrack(1626): Couldn't load memtrack module
10-16 23:59:00.518: W/android.os.Debug(1626): failed to get memory consumption info: -1
10-16 23:59:00.519: E/memtrack(1626): Couldn't load memtrack module
10-16 23:59:00.519: W/android.os.Debug(1626): failed to get memory consumption info: -1
10-16 23:59:00.520: E/memtrack(1626): Couldn't load memtrack module
10-16 23:59:00.520: W/android.os.Debug(1626): failed to get memory consumption info: -1
10-16 23:59:00.520: E/memtrack(1626): Couldn't load memtrack module
10-16 23:59:00.520: W/android.os.Debug(1626): failed to get memory consumption info: -1
10-16 23:59:00.521: E/memtrack(1626): Couldn't load memtrack module
10-16 23:59:00.521: W/android.os.Debug(1626): failed to get memory consumption info: -1
10-16 23:59:00.532: E/memtrack(1626): Couldn't load memtrack module
10-16 23:59:00.532: W/android.os.Debug(1626): failed to get memory consumption info: -1
10-16 23:59:00.533: E/memtrack(1626): Couldn't load memtrack module
10-16 23:59:00.533: W/android.os.Debug(1626): failed to get memory consumption info: -1
10-16 23:59:00.534: E/memtrack(1626): Couldn't load memtrack module
10-16 23:59:00.534: W/android.os.Debug(1626): failed to get memory consumption info: -1
10-16 23:59:00.535: E/memtrack(1626): Couldn't load memtrack module
10-16 23:59:00.535: W/android.os.Debug(1626): failed to get memory consumption info: -1
10-16 23:59:00.535: E/memtrack(1626): Couldn't load memtrack module
10-16 23:59:00.535: W/android.os.Debug(1626): failed to get memory consumption info: -1
10-16 23:59:00.537: I/Icing(2310): Indexing 5DEFCCBD0E23F290BDC5D7F74C20C8155D1E3057 from com.google.android.gms
10-16 23:59:00.552: I/Icing(2310): Indexing done 5DEFCCBD0E23F290BDC5D7F74C20C8155D1E3057
10-16 23:59:00.553: E/memtrack(1626): Couldn't load memtrack module
10-16 23:59:00.553: W/android.os.Debug(1626): failed to get memory consumption info: -1
10-16 23:59:00.570: E/memtrack(1626): Couldn't load memtrack module
10-16 23:59:00.570: W/android.os.Debug(1626): failed to get memory consumption info: -1
10-16 23:59:00.611: E/memtrack(1626): Couldn't load memtrack module
10-16 23:59:00.611: W/android.os.Debug(1626): failed to get memory consumption info: -1
10-16 23:59:00.628: E/memtrack(1626): Couldn't load memtrack module
10-16 23:59:00.628: W/android.os.Debug(1626): failed to get memory consumption info: -1
10-16 23:59:00.645: E/memtrack(1626): Couldn't load memtrack module
10-16 23:59:00.645: W/android.os.Debug(1626): failed to get memory consumption info: -1
10-16 23:59:00.659: E/memtrack(1626): Couldn't load memtrack module
10-16 23:59:00.659: W/android.os.Debug(1626): failed to get memory consumption info: -1
10-16 23:59:00.674: E/memtrack(1626): Couldn't load memtrack module
10-16 23:59:00.674: W/android.os.Debug(1626): failed to get memory consumption info: -1
10-16 23:59:00.688: E/memtrack(1626): Couldn't load memtrack module
10-16 23:59:00.688: W/android.os.Debug(1626): failed to get memory consumption info: -1
10-16 23:59:00.704: E/memtrack(1626): Couldn't load memtrack module
10-16 23:59:00.704: W/android.os.Debug(1626): failed to get memory consumption info: -1
10-16 23:59:00.717: E/memtrack(1626): Couldn't load memtrack module
10-16 23:59:00.717: W/android.os.Debug(1626): failed to get memory consumption info: -1
10-16 23:59:00.729: E/memtrack(1626): Couldn't load memtrack module
10-16 23:59:00.729: W/android.os.Debug(1626): failed to get memory consumption info: -1
10-16 23:59:00.742: E/memtrack(1626): Couldn't load memtrack module
10-16 23:59:00.742: W/android.os.Debug(1626): failed to get memory consumption info: -1
10-16 23:59:00.757: E/memtrack(1626): Couldn't load memtrack module
10-16 23:59:00.757: W/android.os.Debug(1626): failed to get memory consumption info: -1
10-16 23:59:00.771: E/memtrack(1626): Couldn't load memtrack module
10-16 23:59:00.771: W/android.os.Debug(1626): failed to get memory consumption info: -1
10-16 23:59:00.777: D/RenderScript(2395): Successfully queried cache dir: /data/user_de/0/com.android.launcher3/code_cache
10-16 23:59:00.777: D/RenderScript(2395): Setting cache dir: /data/user_de/0/com.android.launcher3/code_cache
10-16 23:59:00.815: D/AndroidRuntime(5356): >>>>>> START com.android.internal.os.RuntimeInit uid 0 <<<<<<
10-16 23:59:00.818: D/AndroidRuntime(5356): CheckJNI is OFF
10-16 23:59:00.818: E/cutils-trace(5356): Error opening trace file: No such file or directory (2)
10-16 23:59:00.886: W/app_process(5356): Unexpected CPU variant for X86 using defaults: x86
10-16 23:59:00.891: E/memtrack(1626): Couldn't load memtrack module
10-16 23:59:00.891: W/android.os.Debug(1626): failed to get memory consumption info: -1
10-16 23:59:00.916: W/nativebridge(5356): Failed to bind-mount /system/lib/x86/cpuinfo as /proc/cpuinfo: No such file or directory
10-16 23:59:00.935: I/Radio-JNI(5356): register_android_hardware_Radio DONE
10-16 23:59:00.940: D/AndroidRuntime(5356): Calling main entry com.android.commands.pm.Pm
10-16 23:59:00.947: I/app_process(5356): System.exit called, status: 0
10-16 23:59:00.947: I/AndroidRuntime(5356): VM exiting with result code 0.
10-16 23:59:01.166: I/Remoter(1478): Saved screenshot to '/data/screenshots/__pmv__-0077.jpg'
10-16 23:59:01.219: I/GceGrallocRegionRegistry(1487): Unmapped gralloc-1484.22 hnd=0xf198d800 fd=43 base=0xe6a72000
10-16 23:59:01.219: I/GceGrallocRegionRegistry(1484): Mapped gralloc-1484.23 hnd=0xf68233c0 fd=5 base=0xf5c89000 format=RGBA_8888(0x1) width=1080 height=1920
10-16 23:59:01.219: I/GceGrallocRegionRegistry(1484): Unmapped gralloc-1484.23 hnd=0xf68233c0 fd=5 base=0xf5c89000
10-16 23:59:01.219: I/GceGrallocRegionRegistry(1487): Mapped gralloc-1484.23 hnd=0xf198d800 fd=43 base=0xe6a72000 format=RGBA_8888(0x1) width=1080 height=1920
10-16 23:59:01.221: I/vndksupport(2395): sphal namespace is not configured for this process. Loading /system/lib/hw/gralloc.gce_x86.so from the current namespace instead.
10-16 23:59:01.222: I/GceGrallocRegionRegistry(2395): Mapped gralloc-1484.23 hnd=0xcd2a4cc0 fd=52 base=0xcaa06000 format=RGBA_8888(0x1) width=1080 height=1920
10-16 23:59:01.240: I/Choreographer(2395): Skipped 57 frames!  The application may be doing too much work on its main thread.
10-16 23:59:01.242: I/ActivityManager(1626): Displayed com.android.launcher3/.Launcher: +2h5m6s770ms (total +2h5m9s872ms)
10-16 23:59:01.243: D/StatusBar(1775): disable<e i a s b H R c s q >
10-16 23:59:01.244: I/chatty(1775): uid=10034(u0_a34) com.android.systemui identical 1 line
10-16 23:59:01.254: D/StatusBar(1775): disable<e i a s b H R c s q >
10-16 23:59:01.257: I/zygote(1775): Deoptimizing void com.android.systemui.qs.tileimpl.QSTileImpl$H.handleMessage(android.os.Message) due to JIT inline cache
10-16 23:59:01.257: I/zygote(1775): Deoptimizing void com.android.systemui.qs.tileimpl.QSTileImpl.handleStateChanged() due to JIT inline cache
10-16 23:59:01.265: W/AudioTrack(1775): AUDIO_OUTPUT_FLAG_FAST denied by client; transfer 4, track 44100 Hz, output 48000 Hz
10-16 23:59:01.267: I/GceGrallocRegionRegistry(1484): Mapped gralloc-1484.24 hnd=0xf6823380 fd=5 base=0xf63f9000 format=RGBA_8888(0x1) width=1080 height=126
10-16 23:59:01.267: I/GceGrallocRegionRegistry(1484): Unmapped gralloc-1484.24 hnd=0xf6823380 fd=5 base=0xf63f9000
10-16 23:59:01.267: I/GceGrallocRegionRegistry(1487): Mapped gralloc-1484.24 hnd=0xf198d8c0 fd=44 base=0xe69e8000 format=RGBA_8888(0x1) width=1080 height=126
10-16 23:59:01.269: I/GceGrallocRegionRegistry(1484): Mapped gralloc-1484.25 hnd=0xf68233c0 fd=5 base=0xf63f9000 format=RGBA_8888(0x1) width=1080 height=126
10-16 23:59:01.269: I/GceGrallocRegionRegistry(1484): Unmapped gralloc-1484.25 hnd=0xf68233c0 fd=5 base=0xf63f9000
10-16 23:59:01.269: I/GceGrallocRegionRegistry(1487): Mapped gralloc-1484.25 hnd=0xf198d6c0 fd=45 base=0xe695e000 format=RGBA_8888(0x1) width=1080 height=126
10-16 23:59:01.269: I/GceGrallocRegionRegistry(1484): Mapped gralloc-1484.26 hnd=0xf6823380 fd=5 base=0xf63f9000 format=RGBA_8888(0x1) width=1080 height=126
10-16 23:59:01.269: I/GceGrallocRegionRegistry(1484): Unmapped gralloc-1484.26 hnd=0xf6823380 fd=5 base=0xf63f9000
10-16 23:59:01.269: I/GceGrallocRegionRegistry(1487): Mapped gralloc-1484.26 hnd=0xf198d880 fd=46 base=0xe68d4000 format=RGBA_8888(0x1) width=1080 height=126
10-16 23:59:01.269: I/vndksupport(1775): sphal namespace is not configured for this process. Loading /system/lib/hw/gralloc.gce_x86.so from the current namespace instead.
10-16 23:59:01.270: I/GceGrallocRegionRegistry(1487): Unmapped gralloc-1484.21 hnd=0xf198d7c0 fd=42 base=0xe7369000
10-16 23:59:01.270: I/GceGrallocRegionRegistry(1484): Mapped gralloc-1484.27 hnd=0xf68233c0 fd=5 base=0xf5c89000 format=RGBA_8888(0x1) width=1080 height=1920
10-16 23:59:01.270: I/GceGrallocRegionRegistry(1484): Unmapped gralloc-1484.27 hnd=0xf68233c0 fd=5 base=0xf5c89000
10-16 23:59:01.270: I/GceGrallocRegionRegistry(1487): Mapped gralloc-1484.27 hnd=0xf198d7c0 fd=42 base=0xe7369000 format=RGBA_8888(0x1) width=1080 height=1920
10-16 23:59:01.270: I/GceGrallocRegionRegistry(2395): Mapped gralloc-1484.27 hnd=0xcff7de00 fd=53 base=0xca20c000 format=RGBA_8888(0x1) width=1080 height=1920
10-16 23:59:01.283: I/zygote(1775): Deoptimizing void com.android.systemui.statusbar.stack.ExpandableViewState.applyToView(android.view.View) due to JIT inline cache
10-16 23:59:01.288: I/GceGrallocRegionRegistry(1487): Unmapped gralloc-1484.3 hnd=0xf198d300 fd=36 base=0xea71e000
10-16 23:59:01.358: D/AudioFlinger(1504): mixer(0xebba69c0) throttle end: throttle time(10)
