10-13 09:34:14.911: I/PackageManager(1706):   Action: "android.intent.action.SENDTO"
10-13 09:34:14.911: I/PackageManager(1706):   Category: "android.intent.category.DEFAULT"
10-13 09:34:14.911: I/PackageManager(1706):   Scheme: "mmsto"
10-13 09:34:14.911: I/PackageManager(1706): Adding preferred activity ComponentInfo{com.android.mms/com.android.mms.ui.ComposeMessageActivity} for user 0 :
10-13 09:34:14.921: D/dalvikvm(1886): GC_CONCURRENT freed 1380K, 16% free 8220K/9736K, paused 0ms+0ms, total 5ms
10-13 09:34:14.931: D/dalvikvm(1706): GC_FOR_ALLOC freed 1383K, 17% free 8435K/10096K, paused 15ms, total 15ms
10-13 09:34:14.931: I/dalvikvm-heap(1706): Grow heap (frag case) to 8.429MB for 144986-byte allocation
10-13 09:34:14.941: D/dalvikvm(1706): GC_FOR_ALLOC freed 4K, 17% free 8572K/10240K, paused 8ms, total 8ms
10-13 09:34:14.951: I/Icing(1920): IndexChimeraService.getServiceInterface callingPackage=com.google.android.gms componentName=AppsCorpus serviceId=36
10-13 09:34:14.951: I/Icing(1920): IndexChimeraService.getServiceInterface callingPackage=com.google.android.gms componentName=AppsCorpus serviceId=32
10-13 09:34:14.951: D/Wear_Controller(1920): Received broadcast action=android.intent.action.PACKAGE_ADDED and uri=com.google.android.apps.auth.test.support
10-13 09:34:14.951: I/Icing(1920): Indexing C45B6D3A7E72D386F280413F85D056EC1830AAD9 from com.google.android.googlequicksearchbox
10-13 09:34:14.951: I/ActivityManager(1706): Delay finish: com.google.android.gms/.stats.service.DropBoxEntryAddedReceiver
10-13 09:34:15.001: I/ActivityManager(1706): Resuming delayed broadcast
10-13 09:34:15.001: D/dalvikvm(1920): GC_EXPLICIT freed 2834K, 20% free 16894K/20900K, paused 1ms+1ms, total 42ms
10-13 09:34:15.041: I/Icing(1920): Usage reports 0 indexed 0 rejected 0 imm upload false
10-13 09:34:15.061: I/Icing(1920): Usage reports 0 indexed 0 rejected 0 imm upload false
10-13 09:34:15.071: I/Icing(1920): Indexing done C45B6D3A7E72D386F280413F85D056EC1830AAD9
10-13 09:34:15.071: I/Icing(1920): Indexing B7DEFBCF98179CD36ABD6B5AFB7EAB077224B473 from com.google.android.gms
10-13 09:34:15.071: I/Icing(1920): Indexing done B7DEFBCF98179CD36ABD6B5AFB7EAB077224B473
10-13 09:34:15.581: D/AndroidRuntime(4378): >>>>>> AndroidRuntime START com.android.internal.os.RuntimeInit <<<<<<
10-13 09:34:15.581: W/linker(4378): libdvm.so has text relocations. This is wasting memory and is a security risk. Please fix.
10-13 09:34:15.591: D/AndroidRuntime(4378): CheckJNI is OFF
10-13 09:34:15.591: D/dalvikvm(4378): Trying to load lib libjavacore.so 0x0
10-13 09:34:15.591: D/dalvikvm(4378): Added shared lib libjavacore.so 0x0
10-13 09:34:15.591: D/dalvikvm(4378): Trying to load lib libnativehelper.so 0x0
10-13 09:34:15.591: D/dalvikvm(4378): Added shared lib libnativehelper.so 0x0
10-13 09:34:15.591: D/dalvikvm(4378): No JNI_OnLoad found in libnativehelper.so 0x0, skipping init
10-13 09:34:15.591: D/dalvikvm(4378): Note: class Landroid/app/ActivityManagerNative; has 179 unimplemented (abstract) methods
10-13 09:34:15.621: E/memtrack(4378): Couldn't load memtrack module (No such file or directory)
10-13 09:34:15.621: E/android.os.Debug(4378): failed to load memtrack module: -2
10-13 09:34:15.631: D/AndroidRuntime(4378): Calling main entry com.android.commands.pm.Pm
10-13 09:34:15.631: W/ActivityManager(1706): No content provider found for permission revoke: file:///data/local/tmp/com.google.android.apps.mtaas.testloop.apk
10-13 09:34:15.631: W/ActivityManager(1706): No content provider found for permission revoke: file:///data/local/tmp/com.google.android.apps.mtaas.testloop.apk
10-13 09:34:15.631: I/PackageManager(1706): Copying native libraries to /data/app-lib/vmdl554861370
10-13 09:34:15.661: D/dalvikvm(1706): GC_FOR_ALLOC freed 1069K, 19% free 8348K/10240K, paused 8ms, total 8ms
10-13 09:34:15.671: I/PackageManager(1706): Running dexopt on: com.google.android.apps.mtaas.testloop
10-13 09:34:15.671: W/linker(4388): libdvm.so has text relocations. This is wasting memory and is a security risk. Please fix.
10-13 09:34:15.781: D/dalvikvm(4388): DexOpt: load 9ms, verify+opt 74ms, 1593756 bytes
10-13 09:34:15.801: I/ActivityManager(1706): Force stopping com.google.android.apps.mtaas.testloop appid=10070 user=-1: update pkg
10-13 09:34:15.831: I/InputReader(1706): Reconfiguring input devices.  changes=0x00000010
10-13 09:34:15.841: D/Launcher.Model(1886): shortcutWasRestored is false for com.google.android.apps.mtaas.testloop/com.google.android.apps.mtaas.testloop.TestLoopActivity
10-13 09:34:15.841: D/Launcher.Workspace(1886): 11683562 - removeExtraEmptyScreen()
10-13 09:34:15.841: D/Launcher.Workspace(1886): 11683562 - convertFinalScreenToEmptyScreenIfNecessary()
10-13 09:34:15.841: I/PackageManager(1706):   Action: "android.intent.action.SENDTO"
10-13 09:34:15.841: I/PackageManager(1706):   Category: "android.intent.category.DEFAULT"
10-13 09:34:15.841: I/PackageManager(1706):   Scheme: "sms"
10-13 09:34:15.841: I/ActivityManager(1706): Delay finish: com.google.android.partnersetup/.RlzPingBroadcastReceiver
10-13 09:34:15.841: I/PackageManager(1706): Adding preferred activity ComponentInfo{com.android.mms/com.android.mms.ui.ComposeMessageActivity} for user 0 :
10-13 09:34:15.851: I/PackageManager(1706):   Action: "android.intent.action.SENDTO"
10-13 09:34:15.851: I/PackageManager(1706):   Category: "android.intent.category.DEFAULT"
10-13 09:34:15.851: I/PackageManager(1706):   Scheme: "smsto"
10-13 09:34:15.851: I/PackageManager(1706): Adding preferred activity ComponentInfo{com.android.mms/com.android.mms.ui.ComposeMessageActivity} for user 0 :
10-13 09:34:15.861: D/dalvikvm(1879): GC_FOR_ALLOC freed 375K, 15% free 3629K/4236K, paused 3ms, total 3ms
10-13 09:34:15.861: I/PackageManager(1706):   Action: "android.intent.action.SENDTO"
10-13 09:34:15.861: I/PackageManager(1706):   Category: "android.intent.category.DEFAULT"
10-13 09:34:15.861: I/PackageManager(1706):   Scheme: "mms"
10-13 09:34:15.861: I/ActivityManager(1706): Resuming delayed broadcast
10-13 09:34:15.861: I/ActivityManager(1706): Delay finish: com.google.android.partnersetup/.AppInstalledReceiver
10-13 09:34:15.861: I/PackageManager(1706): Adding preferred activity ComponentInfo{com.android.mms/com.android.mms.ui.ComposeMessageActivity} for user 0 :
10-13 09:34:15.871: D/dalvikvm(4179): GC_CONCURRENT freed 340K, 12% free 3078K/3480K, paused 1ms+1ms, total 3ms
10-13 09:34:15.871: I/ActivityManager(1706): Resuming delayed broadcast
10-13 09:34:15.881: I/PackageManager(1706):   Action: "android.intent.action.SENDTO"
10-13 09:34:15.881: I/PackageManager(1706):   Category: "android.intent.category.DEFAULT"
10-13 09:34:15.881: I/PackageManager(1706):   Scheme: "mmsto"
10-13 09:34:15.881: I/ActivityManager(1706): Delay finish: com.android.musicfx/.Compatibility$Receiver
10-13 09:34:15.881: D/BackupManagerService(1706): Received broadcast Intent { act=android.intent.action.PACKAGE_ADDED dat=package:com.google.android.apps.mtaas.testloop flg=0x4000010 (has extras) }
10-13 09:34:15.881: I/PackageManager(1706): Adding preferred activity ComponentInfo{com.android.mms/com.android.mms.ui.ComposeMessageActivity} for user 0 :
10-13 09:34:15.881: D/dalvikvm(1706): GC_CONCURRENT freed 1226K, 18% free 8460K/10240K, paused 2ms+2ms, total 19ms
10-13 09:34:15.881: D/dalvikvm(1706): WAIT_FOR_CONCURRENT_GC blocked 6ms
10-13 09:34:15.881: D/dalvikvm(1706): WAIT_FOR_CONCURRENT_GC blocked 11ms
10-13 09:34:15.901: I/PackageManager(1706):   Action: "android.intent.action.SENDTO"
10-13 09:34:15.901: I/PackageManager(1706):   Category: "android.intent.category.DEFAULT"
10-13 09:34:15.901: I/PackageManager(1706):   Scheme: "sms"
10-13 09:34:15.901: V/BackupManagerService(1706): addPackageParticipantsLocked: #1
10-13 09:34:15.901: I/PackageManager(1706): Adding preferred activity ComponentInfo{com.android.mms/com.android.mms.ui.ComposeMessageActivity} for user 0 :
10-13 09:34:15.911: D/dalvikvm(1879): GC_FOR_ALLOC freed 332K, 14% free 3662K/4236K, paused 3ms, total 3ms
10-13 09:34:15.911: I/PackageManager(1706):   Action: "android.intent.action.SENDTO"
10-13 09:34:15.911: I/PackageManager(1706):   Category: "android.intent.category.DEFAULT"
10-13 09:34:15.911: I/PackageManager(1706):   Scheme: "smsto"
10-13 09:34:15.911: I/PackageManager(1706):   Action: "android.intent.action.SENDTO"
10-13 09:34:15.911: I/PackageManager(1706):   Category: "android.intent.category.DEFAULT"
10-13 09:34:15.911: I/PackageManager(1706):   Scheme: "mms"
10-13 09:34:15.911: I/PackageManager(1706): Adding preferred activity ComponentInfo{com.android.mms/com.android.mms.ui.ComposeMessageActivity} for user 0 :
10-13 09:34:15.911: I/PackageManager(1706): Adding preferred activity ComponentInfo{com.android.mms/com.android.mms.ui.ComposeMessageActivity} for user 0 :
10-13 09:34:15.921: D/dalvikvm(1879): GC_FOR_ALLOC freed 290K, 14% free 3668K/4236K, paused 3ms, total 4ms
10-13 09:34:15.921: I/Icing.InternalIcingCorporaProvider(4198): Updating corpora: A: com.google.android.apps.mtaas.testloop, C: MAYBE
10-13 09:34:15.921: I/ActivityManager(1706): Resuming delayed broadcast
10-13 09:34:15.921: I/ActivityManager(1706): Delay finish: com.google.android.googlequicksearchbox/com.google.android.search.core.summons.icing.InternalIcingCorporaProvider$CorporaChangedReceiver
10-13 09:34:15.931: D/dalvikvm(1706): GC_EXPLICIT freed 257K, 14% free 8890K/10240K, paused 1ms+28ms, total 40ms
10-13 09:34:15.931: D/dalvikvm(1706): WAIT_FOR_CONCURRENT_GC blocked 48ms
10-13 09:34:15.931: D/AndroidRuntime(4378): Shutting down VM
10-13 09:34:15.931: D/dalvikvm(4378): GC_CONCURRENT freed 93K, 15% free 552K/648K, paused 0ms+0ms, total 1ms
10-13 09:34:15.931: I/PackageManager(1706):   Action: "android.intent.action.SENDTO"
10-13 09:34:15.931: I/PackageManager(1706):   Category: "android.intent.category.DEFAULT"
10-13 09:34:15.931: I/PackageManager(1706):   Scheme: "mmsto"
10-13 09:34:15.931: I/PackageManager(1706): Adding preferred activity ComponentInfo{com.android.mms/com.android.mms.ui.ComposeMessageActivity} for user 0 :
10-13 09:34:15.941: W/ResourceType(1706): Failure getting entry for 0x7f060000 (t=5 e=0) in package 0 (error -75)
10-13 09:34:15.941: I/Remoter(1325): Saved screenshot to '/data/screenshots/__pmv__-0067.jpg'
10-13 09:34:15.951: D/dalvikvm(4198): GC_CONCURRENT freed 483K, 14% free 3418K/3956K, paused 1ms+0ms, total 4ms
10-13 09:34:15.951: I/Icing(1920): IndexChimeraService.getServiceInterface callingPackage=com.google.android.googlequicksearchbox componentName=null serviceId=21
10-13 09:34:15.951: I/Icing(1920): Usage reports 0 indexed 0 rejected 0 imm upload true
10-13 09:34:15.951: I/Icing.InternalIcingCorporaProvider(4198): UpdateCorporaTask done [took 28 ms] updated apps [took 28 ms] 
10-13 09:34:15.951: I/ActivityManager(1706): Resuming delayed broadcast
10-13 09:34:15.961: I/FontsPackageChangeOp(1920): Package com.google.android.apps.mtaas.testloop has no metadata
10-13 09:34:15.971: D/Wear_Controller(1920): Received broadcast action=android.intent.action.PACKAGE_ADDED and uri=com.google.android.apps.mtaas.testloop
10-13 09:34:15.981: I/Icing(1920): IndexChimeraService.getServiceInterface callingPackage=com.google.android.gms componentName=AppsCorpus serviceId=32
10-13 09:34:15.981: I/Icing(1920): IndexChimeraService.getServiceInterface callingPackage=com.google.android.gms componentName=AppsCorpus serviceId=36
10-13 09:34:15.981: I/Icing(1920): Usage reports 0 indexed 0 rejected 0 imm upload false
10-13 09:34:15.981: I/Icing(1920): Usage reports 0 indexed 0 rejected 0 imm upload false
10-13 09:34:16.071: I/Icing(1920): Indexing B7DEFBCF98179CD36ABD6B5AFB7EAB077224B473 from com.google.android.gms
10-13 09:34:16.091: I/Icing(1920): Indexing done B7DEFBCF98179CD36ABD6B5AFB7EAB077224B473
10-13 09:34:16.551: D/AndroidRuntime(4413): >>>>>> AndroidRuntime START com.android.internal.os.RuntimeInit <<<<<<
10-13 09:34:16.551: W/linker(4413): libdvm.so has text relocations. This is wasting memory and is a security risk. Please fix.
10-13 09:34:16.551: D/AndroidRuntime(4413): CheckJNI is OFF
10-13 09:34:16.561: D/dalvikvm(4413): Trying to load lib libjavacore.so 0x0
10-13 09:34:16.561: D/dalvikvm(4413): Added shared lib libjavacore.so 0x0
10-13 09:34:16.561: D/dalvikvm(4413): Trying to load lib libnativehelper.so 0x0
10-13 09:34:16.561: D/dalvikvm(4413): Added shared lib libnativehelper.so 0x0
10-13 09:34:16.561: D/dalvikvm(4413): No JNI_OnLoad found in libnativehelper.so 0x0, skipping init
10-13 09:34:16.561: D/dalvikvm(4413): Note: class Landroid/app/ActivityManagerNative; has 179 unimplemented (abstract) methods
10-13 09:34:16.591: E/memtrack(4413): Couldn't load memtrack module (No such file or directory)
10-13 09:34:16.591: E/android.os.Debug(4413): failed to load memtrack module: -2
10-13 09:34:16.601: D/AndroidRuntime(4413): Calling main entry com.android.commands.pm.Pm
10-13 09:34:16.601: W/ActivityManager(1706): No content provider found for permission revoke: file:///data/local/tmp/android.support.test.orchestrator.apk
10-13 09:34:16.601: W/ActivityManager(1706): No content provider found for permission revoke: file:///data/local/tmp/android.support.test.orchestrator.apk
10-13 09:34:16.601: I/PackageManager(1706): Copying native libraries to /data/app-lib/vmdl-976324876
10-13 09:34:16.611: I/PackageManager(1706): Running dexopt on: android.support.test.orchestrator
10-13 09:34:16.611: W/linker(4423): libdvm.so has text relocations. This is wasting memory and is a security risk. Please fix.
10-13 09:34:16.621: D/dalvikvm(4423): DexOpt: 'Ljunit/framework/Assert;' has an earlier definition; blocking out
10-13 09:34:16.621: D/dalvikvm(4423): DexOpt: 'Ljunit/framework/Test;' has an earlier definition; blocking out
10-13 09:34:16.621: D/dalvikvm(4423): DexOpt: 'Ljunit/extensions/TestDecorator;' has an earlier definition; blocking out
10-13 09:34:16.621: D/dalvikvm(4423): DexOpt: 'Ljunit/framework/AssertionFailedError;' has an earlier definition; blocking out
10-13 09:34:16.621: D/dalvikvm(4423): DexOpt: 'Ljunit/framework/ComparisonCompactor;' has an earlier definition; blocking out
10-13 09:34:16.621: D/dalvikvm(4423): DexOpt: 'Ljunit/framework/ComparisonFailure;' has an earlier definition; blocking out
10-13 09:34:16.621: D/dalvikvm(4423): DexOpt: 'Ljunit/framework/Protectable;' has an earlier definition; blocking out
10-13 09:34:16.621: D/dalvikvm(4423): DexOpt: 'Ljunit/framework/TestCase;' has an earlier definition; blocking out
10-13 09:34:16.621: D/dalvikvm(4423): DexOpt: 'Ljunit/framework/TestFailure;' has an earlier definition; blocking out
10-13 09:34:16.621: D/dalvikvm(4423): DexOpt: 'Ljunit/framework/TestListener;' has an earlier definition; blocking out
10-13 09:34:16.621: D/dalvikvm(4423): DexOpt: 'Ljunit/framework/TestResult$1;' has an earlier definition; blocking out
10-13 09:34:16.621: D/dalvikvm(4423): DexOpt: 'Ljunit/framework/TestResult;' has an earlier definition; blocking out
10-13 09:34:16.621: D/dalvikvm(4423): DexOpt: 'Ljunit/framework/TestSuite$1;' has an earlier definition; blocking out
10-13 09:34:16.621: D/dalvikvm(4423): DexOpt: 'Ljunit/framework/TestSuite;' has an earlier definition; blocking out
10-13 09:34:16.621: D/dalvikvm(4423): DexOpt: 'Lorg/kxml2/io/KXmlSerializer;' has an earlier definition; blocking out
10-13 09:34:16.631: I/dalvikvm(4423): DexOpt: not resolving ambiguous class 'Lorg/kxml2/io/KXmlSerializer;'
10-13 09:34:16.631: D/dalvikvm(4423): DexOpt: not verifying/optimizing 'Ljunit/framework/Assert;': multiple definitions
10-13 09:34:16.631: D/dalvikvm(4423): DexOpt: not verifying/optimizing 'Ljunit/framework/Test;': multiple definitions
10-13 09:34:16.631: D/dalvikvm(4423): DexOpt: not verifying/optimizing 'Ljunit/extensions/TestDecorator;': multiple definitions
10-13 09:34:16.631: D/dalvikvm(4423): DexOpt: not verifying/optimizing 'Ljunit/framework/AssertionFailedError;': multiple definitions
10-13 09:34:16.631: D/dalvikvm(4423): DexOpt: not verifying/optimizing 'Ljunit/framework/ComparisonCompactor;': multiple definitions
10-13 09:34:16.631: D/dalvikvm(4423): DexOpt: not verifying/optimizing 'Ljunit/framework/ComparisonFailure;': multiple definitions
10-13 09:34:16.631: I/dalvikvm(4423): DexOpt: not resolving ambiguous class 'Ljunit/framework/TestResult;'
10-13 09:34:16.631: I/dalvikvm(4423): DexOpt: not resolving ambiguous class 'Ljunit/framework/Test;'
10-13 09:34:16.631: D/dalvikvm(4423): DexOpt: not verifying/optimizing 'Ljunit/framework/Protectable;': multiple definitions
10-13 09:34:16.631: D/dalvikvm(4423): DexOpt: not verifying/optimizing 'Ljunit/framework/TestCase;': multiple definitions
10-13 09:34:16.631: D/dalvikvm(4423): DexOpt: not verifying/optimizing 'Ljunit/framework/TestFailure;': multiple definitions
10-13 09:34:16.631: D/dalvikvm(4423): DexOpt: not verifying/optimizing 'Ljunit/framework/TestListener;': multiple definitions
10-13 09:34:16.631: D/dalvikvm(4423): DexOpt: not verifying/optimizing 'Ljunit/framework/TestResult$1;': multiple definitions
10-13 09:34:16.631: D/dalvikvm(4423): DexOpt: not verifying/optimizing 'Ljunit/framework/TestResult;': multiple definitions
10-13 09:34:16.631: D/dalvikvm(4423): DexOpt: not verifying/optimizing 'Ljunit/framework/TestSuite$1;': multiple definitions
10-13 09:34:16.631: D/dalvikvm(4423): DexOpt: not verifying/optimizing 'Ljunit/framework/TestSuite;': multiple definitions
10-13 09:34:16.631: I/dalvikvm(4423): DexOpt: not resolving ambiguous class 'Ljunit/framework/TestCase;'
10-13 09:34:16.631: I/dalvikvm(4423): DexOpt: not resolving ambiguous class 'Ljunit/framework/TestCase;'
10-13 09:34:16.631: I/dalvikvm(4423): DexOpt: not resolving ambiguous class 'Ljunit/framework/TestSuite;'
10-13 09:34:16.631: I/dalvikvm(4423): DexOpt: not resolving ambiguous class 'Ljunit/framework/Test;'
10-13 09:34:16.631: D/dalvikvm(4423): DexOpt: not verifying/optimizing 'Lorg/kxml2/io/KXmlSerializer;': multiple definitions
10-13 09:34:16.631: D/dalvikvm(4423): DexOpt: load 2ms, verify+opt 8ms, 439380 bytes
10-13 09:34:16.641: I/ActivityManager(1706): Force stopping android.support.test.orchestrator appid=10071 user=-1: update pkg
10-13 09:34:16.651: I/InputReader(1706): Reconfiguring input devices.  changes=0x00000010
10-13 09:34:16.651: I/PackageManager(1706):   Action: "android.intent.action.SENDTO"
10-13 09:34:16.651: I/PackageManager(1706):   Category: "android.intent.category.DEFAULT"
10-13 09:34:16.651: I/PackageManager(1706):   Scheme: "sms"
10-13 09:34:16.651: I/PackageManager(1706): Adding preferred activity ComponentInfo{com.android.mms/com.android.mms.ui.ComposeMessageActivity} for user 0 :
10-13 09:34:16.661: I/PackageManager(1706):   Action: "android.intent.action.SENDTO"
10-13 09:34:16.661: I/PackageManager(1706):   Category: "android.intent.category.DEFAULT"
10-13 09:34:16.661: I/PackageManager(1706):   Scheme: "smsto"
10-13 09:34:16.661: I/ActivityManager(1706): Delay finish: com.google.android.partnersetup/.RlzPingBroadcastReceiver
10-13 09:34:16.661: I/PackageManager(1706): Adding preferred activity ComponentInfo{com.android.mms/com.android.mms.ui.ComposeMessageActivity} for user 0 :
10-13 09:34:16.671: D/dalvikvm(1706): GC_CONCURRENT freed 1877K, 19% free 8479K/10424K, paused 1ms+1ms, total 15ms
10-13 09:34:16.671: D/dalvikvm(1706): WAIT_FOR_CONCURRENT_GC blocked 9ms
10-13 09:34:16.671: D/dalvikvm(1706): WAIT_FOR_CONCURRENT_GC blocked 10ms
10-13 09:34:16.671: D/dalvikvm(1706): WAIT_FOR_CONCURRENT_GC blocked 14ms
10-13 09:34:16.681: W/ResourceType(1706): Failure getting entry for 0x7f060000 (t=5 e=0) in package 0 (error -75)
10-13 09:34:16.681: D/dalvikvm(1706): GC_EXPLICIT freed 162K, 20% free 8352K/10424K, paused 1ms+1ms, total 10ms
10-13 09:34:16.681: D/dalvikvm(1706): WAIT_FOR_CONCURRENT_GC blocked 21ms
10-13 09:34:16.681: D/AndroidRuntime(4413): Shutting down VM
10-13 09:34:16.691: D/dalvikvm(4413): GC_CONCURRENT freed 93K, 15% free 552K/648K, paused 0ms+0ms, total 0ms
10-13 09:34:16.691: D/dalvikvm(1879): GC_FOR_ALLOC freed 358K, 15% free 3638K/4236K, paused 3ms, total 4ms
10-13 09:34:16.691: I/PackageManager(1706):   Action: "android.intent.action.SENDTO"
10-13 09:34:16.691: I/PackageManager(1706):   Category: "android.intent.category.DEFAULT"
10-13 09:34:16.691: I/PackageManager(1706):   Scheme: "mms"
10-13 09:34:16.691: D/BackupManagerService(1706): Received broadcast Intent { act=android.intent.action.PACKAGE_ADDED dat=package:android.support.test.orchestrator flg=0x4000010 (has extras) }
10-13 09:34:16.691: V/BackupManagerService(1706): addPackageParticipantsLocked: #1
10-13 09:34:16.691: I/ActivityManager(1706): Resuming delayed broadcast
10-13 09:34:16.691: I/ActivityManager(1706): Delay finish: com.google.android.partnersetup/.AppInstalledReceiver
10-13 09:34:16.691: I/PackageManager(1706): Adding preferred activity ComponentInfo{com.android.mms/com.android.mms.ui.ComposeMessageActivity} for user 0 :
10-13 09:34:16.691: I/ActivityManager(1706): Resuming delayed broadcast
10-13 09:34:16.701: I/PackageManager(1706):   Action: "android.intent.action.SENDTO"
10-13 09:34:16.701: I/PackageManager(1706):   Category: "android.intent.category.DEFAULT"
10-13 09:34:16.701: I/PackageManager(1706):   Scheme: "mmsto"
10-13 09:34:16.701: I/PackageManager(1706):   Action: "android.intent.action.SENDTO"
10-13 09:34:16.701: I/PackageManager(1706):   Category: "android.intent.category.DEFAULT"
10-13 09:34:16.701: I/PackageManager(1706):   Scheme: "sms"
10-13 09:34:16.701: I/PackageManager(1706): Adding preferred activity ComponentInfo{com.android.mms/com.android.mms.ui.ComposeMessageActivity} for user 0 :
10-13 09:34:16.701: I/ActivityManager(1706): Delay finish: com.android.musicfx/.Compatibility$Receiver
10-13 09:34:16.701: I/ActivityManager(1706): Resuming delayed broadcast
10-13 09:34:16.701: I/PackageManager(1706): Adding preferred activity ComponentInfo{com.android.mms/com.android.mms.ui.ComposeMessageActivity} for user 0 :
10-13 09:34:16.711: D/dalvikvm(1879): GC_FOR_ALLOC freed 335K, 14% free 3663K/4236K, paused 2ms, total 2ms
10-13 09:34:16.711: I/PackageManager(1706):   Action: "android.intent.action.SENDTO"
10-13 09:34:16.711: I/PackageManager(1706):   Category: "android.intent.category.DEFAULT"
10-13 09:34:16.711: I/PackageManager(1706):   Scheme: "smsto"
10-13 09:34:16.711: I/PackageManager(1706):   Action: "android.intent.action.SENDTO"
10-13 09:34:16.711: I/PackageManager(1706):   Category: "android.intent.category.DEFAULT"
10-13 09:34:16.711: I/PackageManager(1706):   Scheme: "mms"
10-13 09:34:16.711: I/Icing.InternalIcingCorporaProvider(4198): Updating corpora: A: android.support.test.orchestrator, C: MAYBE
10-13 09:34:16.711: I/PackageManager(1706): Adding preferred activity ComponentInfo{com.android.mms/com.android.mms.ui.ComposeMessageActivity} for user 0 :
10-13 09:34:16.711: I/PackageManager(1706): Adding preferred activity ComponentInfo{com.android.mms/com.android.mms.ui.ComposeMessageActivity} for user 0 :
10-13 09:34:16.711: I/ActivityManager(1706): Delay finish: com.google.android.googlequicksearchbox/com.google.android.search.core.summons.icing.InternalIcingCorporaProvider$CorporaChangedReceiver
10-13 09:34:16.721: D/dalvikvm(1879): GC_FOR_ALLOC freed 299K, 14% free 3663K/4236K, paused 4ms, total 4ms
10-13 09:34:16.721: I/PackageManager(1706):   Action: "android.intent.action.SENDTO"
10-13 09:34:16.721: I/PackageManager(1706):   Category: "android.intent.category.DEFAULT"
10-13 09:34:16.721: I/PackageManager(1706):   Scheme: "mmsto"
10-13 09:34:16.721: I/Icing.InternalIcingCorporaProvider(4198): UpdateCorporaTask done [took 10 ms] updated apps [took 10 ms] 
10-13 09:34:16.721: I/PackageManager(1706): Adding preferred activity ComponentInfo{com.android.mms/com.android.mms.ui.ComposeMessageActivity} for user 0 :
10-13 09:34:16.721: I/ActivityManager(1706): Resuming delayed broadcast
10-13 09:34:16.741: D/dalvikvm(1706): GC_CONCURRENT freed 1271K, 20% free 8421K/10424K, paused 2ms+1ms, total 13ms
10-13 09:34:16.741: D/dalvikvm(1706): WAIT_FOR_CONCURRENT_GC blocked 5ms
10-13 09:34:16.741: D/dalvikvm(1706): WAIT_FOR_CONCURRENT_GC blocked 6ms
10-13 09:34:16.741: D/dalvikvm(1706): WAIT_FOR_CONCURRENT_GC blocked 6ms
10-13 09:34:16.751: I/FontsPackageChangeOp(1920): Package android.support.test.orchestrator has no metadata
10-13 09:34:16.751: D/Wear_Controller(1920): Received broadcast action=android.intent.action.PACKAGE_ADDED and uri=android.support.test.orchestrator
10-13 09:34:16.751: I/Icing(1920): IndexChimeraService.getServiceInterface callingPackage=com.google.android.gms componentName=AppsCorpus serviceId=36
10-13 09:34:16.751: I/Icing(1920): IndexChimeraService.getServiceInterface callingPackage=com.google.android.gms componentName=AppsCorpus serviceId=32
10-13 09:34:16.761: I/Icing(1920): Usage reports 0 indexed 0 rejected 0 imm upload false
10-13 09:34:16.761: I/Icing(1920): Usage reports 0 indexed 0 rejected 0 imm upload false
10-13 09:34:16.921: I/ActivityManager(1706): Delay finish: com.google.android.gms/.stats.service.DropBoxEntryAddedReceiver
10-13 09:34:16.981: I/Icing(1920): Indexing C45B6D3A7E72D386F280413F85D056EC1830AAD9 from com.google.android.googlequicksearchbox
10-13 09:34:16.991: D/dalvikvm(1861): GC_CONCURRENT freed 1133K, 18% free 6827K/8276K, paused 5ms+1ms, total 14ms
10-13 09:34:17.011: I/ActivityManager(1706): Resuming delayed broadcast
10-13 09:34:17.131: I/Icing(1920): Indexing done C45B6D3A7E72D386F280413F85D056EC1830AAD9
10-13 09:34:17.131: I/Icing(1920): Indexing B7DEFBCF98179CD36ABD6B5AFB7EAB077224B473 from com.google.android.gms
10-13 09:34:17.131: I/Icing(1920): Indexing done B7DEFBCF98179CD36ABD6B5AFB7EAB077224B473
10-13 09:34:17.261: I/Remoter(1325): Saved screenshot to '/data/screenshots/__pmv__-0068.jpg'
10-13 09:34:17.391: D/AndroidRuntime(4449): >>>>>> AndroidRuntime START com.android.internal.os.RuntimeInit <<<<<<
10-13 09:34:17.391: W/linker(4449): libdvm.so has text relocations. This is wasting memory and is a security risk. Please fix.
10-13 09:34:17.391: D/AndroidRuntime(4449): CheckJNI is OFF
10-13 09:34:17.401: D/dalvikvm(4449): Trying to load lib libjavacore.so 0x0
10-13 09:34:17.401: D/dalvikvm(4449): Added shared lib libjavacore.so 0x0
10-13 09:34:17.401: D/dalvikvm(4449): Trying to load lib libnativehelper.so 0x0
10-13 09:34:17.401: D/dalvikvm(4449): Added shared lib libnativehelper.so 0x0
10-13 09:34:17.401: D/dalvikvm(4449): No JNI_OnLoad found in libnativehelper.so 0x0, skipping init
10-13 09:34:17.401: D/dalvikvm(4449): Note: class Landroid/app/ActivityManagerNative; has 179 unimplemented (abstract) methods
10-13 09:34:17.431: E/memtrack(4449): Couldn't load memtrack module (No such file or directory)
10-13 09:34:17.431: E/android.os.Debug(4449): failed to load memtrack module: -2
10-13 09:34:17.441: D/AndroidRuntime(4449): Calling main entry com.android.commands.pm.Pm
10-13 09:34:17.441: W/ActivityManager(1706): No content provider found for permission revoke: file:///data/local/tmp/android.support.test.services.apk
10-13 09:34:17.441: W/ActivityManager(1706): No content provider found for permission revoke: file:///data/local/tmp/android.support.test.services.apk
10-13 09:34:17.441: I/PackageManager(1706): Copying native libraries to /data/app-lib/vmdl-1047965635
10-13 09:34:17.461: D/dalvikvm(1706): GC_FOR_ALLOC freed 740K, 19% free 8468K/10424K, paused 9ms, total 10ms
10-13 09:34:17.481: E/dalvikvm(1706): JIT code cache full
10-13 09:34:17.501: D/dalvikvm(1706): JIT code cache reset delayed (523196 bytes 1/1)
10-13 09:34:17.501: D/dalvikvm(1706): GC_CONCURRENT freed 1051K, 16% free 8777K/10424K, paused 2ms+1ms, total 11ms
10-13 09:34:17.501: D/dalvikvm(1706): WAIT_FOR_CONCURRENT_GC blocked 8ms
10-13 09:34:17.521: D/dalvikvm(1706): JIT code cache reset delayed (523196 bytes 1/2)
10-13 09:34:17.521: D/dalvikvm(1706): GC_FOR_ALLOC freed 930K, 16% free 8778K/10424K, paused 7ms, total 7ms
10-13 09:34:17.531: D/dalvikvm(1706): JIT code cache reset delayed (523196 bytes 1/3)
10-13 09:34:17.531: D/dalvikvm(1706): GC_FOR_ALLOC freed 936K, 16% free 8784K/10424K, paused 7ms, total 7ms
10-13 09:34:17.541: D/dalvikvm(1706): JIT code cache reset delayed (523196 bytes 1/4)
10-13 09:34:17.541: D/dalvikvm(1706): GC_FOR_ALLOC freed 934K, 16% free 8790K/10424K, paused 6ms, total 6ms
10-13 09:34:17.561: D/dalvikvm(1706): JIT code cache reset delayed (523196 bytes 1/5)
10-13 09:34:17.561: D/dalvikvm(1706): GC_FOR_ALLOC freed 978K, 16% free 8805K/10424K, paused 6ms, total 6ms
10-13 09:34:17.571: I/PackageManager(1706): Running dexopt on: android.support.test.services
10-13 09:34:17.571: W/linker(4459): libdvm.so has text relocations. This is wasting memory and is a security risk. Please fix.
10-13 09:34:17.591: D/dalvikvm(4459): Note: class Landroid/app/ActivityManagerNative; has 179 unimplemented (abstract) methods
10-13 09:34:17.591: D/dalvikvm(4459): DexOpt: couldn't find field Landroid/app/Notification;.headsUpContentView
10-13 09:34:17.611: D/dalvikvm(4459): DexOpt: load 8ms, verify+opt 25ms, 1117396 bytes
10-13 09:34:17.621: I/ActivityManager(1706): Force stopping android.support.test.services appid=10072 user=-1: update pkg
10-13 09:34:17.641: I/ActivityManager(1706): Delay finish: com.google.android.partnersetup/.RlzPingBroadcastReceiver
10-13 09:34:17.641: I/PackageManager(1706):   Action: "android.intent.action.SENDTO"
10-13 09:34:17.641: I/PackageManager(1706):   Category: "android.intent.category.DEFAULT"
10-13 09:34:17.641: I/PackageManager(1706):   Scheme: "sms"
10-13 09:34:17.641: I/PackageManager(1706): Adding preferred activity ComponentInfo{com.android.mms/com.android.mms.ui.ComposeMessageActivity} for user 0 :
10-13 09:34:17.651: I/InputReader(1706): Reconfiguring input devices.  changes=0x00000010
10-13 09:34:17.651: W/ResourceType(1706): Failure getting entry for 0x7f060000 (t=5 e=0) in package 0 (error -75)
10-13 09:34:17.661: I/ActivityManager(1706): Resuming delayed broadcast
10-13 09:34:17.661: I/ActivityManager(1706): Delay finish: com.google.android.partnersetup/.AppInstalledReceiver
10-13 09:34:17.661: I/PackageManager(1706):   Action: "android.intent.action.SENDTO"
10-13 09:34:17.661: I/PackageManager(1706):   Category: "android.intent.category.DEFAULT"
10-13 09:34:17.661: I/PackageManager(1706):   Scheme: "smsto"
10-13 09:34:17.661: I/PackageManager(1706): Adding preferred activity ComponentInfo{com.android.mms/com.android.mms.ui.ComposeMessageActivity} for user 0 :
10-13 09:34:17.671: D/dalvikvm(1879): GC_FOR_ALLOC freed 355K, 14% free 3651K/4236K, paused 3ms, total 4ms
10-13 09:34:17.671: I/PackageManager(1706):   Action: "android.intent.action.SENDTO"
10-13 09:34:17.671: I/PackageManager(1706):   Category: "android.intent.category.DEFAULT"
10-13 09:34:17.671: I/PackageManager(1706):   Scheme: "mms"
10-13 09:34:17.671: I/PackageManager(1706):   Action: "android.intent.action.SENDTO"
10-13 09:34:17.671: I/PackageManager(1706):   Category: "android.intent.category.DEFAULT"
10-13 09:34:17.671: I/PackageManager(1706):   Scheme: "mmsto"
10-13 09:34:17.671: I/PackageManager(1706): Adding preferred activity ComponentInfo{com.android.mms/com.android.mms.ui.ComposeMessageActivity} for user 0 :
10-13 09:34:17.671: D/BackupManagerService(1706): Received broadcast Intent { act=android.intent.action.PACKAGE_ADDED dat=package:android.support.test.services flg=0x4000010 (has extras) }
10-13 09:34:17.671: V/BackupManagerService(1706): addPackageParticipantsLocked: #1
10-13 09:34:17.671: I/ActivityManager(1706): Resuming delayed broadcast
10-13 09:34:17.671: I/ActivityManager(1706): Delay finish: com.android.musicfx/.Compatibility$Receiver
10-13 09:34:17.671: I/PackageManager(1706): Adding preferred activity ComponentInfo{com.android.mms/com.android.mms.ui.ComposeMessageActivity} for user 0 :
10-13 09:34:17.681: D/dalvikvm(1706): JIT code cache reset in 0 ms (523196 bytes 2/5)
10-13 09:34:17.681: D/dalvikvm(1706): GC_EXPLICIT freed 1338K, 15% free 8910K/10424K, paused 1ms+2ms, total 40ms
10-13 09:34:17.681: D/AndroidRuntime(4449): Shutting down VM
10-13 09:34:17.681: D/dalvikvm(1706): WAIT_FOR_CONCURRENT_GC blocked 6ms
10-13 09:34:17.681: D/dalvikvm(4449): GC_CONCURRENT freed 93K, 15% free 552K/648K, paused 0ms+0ms, total 0ms
10-13 09:34:17.681: I/PackageManager(1706):   Action: "android.intent.action.SENDTO"
10-13 09:34:17.681: I/PackageManager(1706):   Category: "android.intent.category.DEFAULT"
10-13 09:34:17.681: I/PackageManager(1706):   Scheme: "sms"
10-13 09:34:17.681: I/PackageManager(1706): Adding preferred activity ComponentInfo{com.android.mms/com.android.mms.ui.ComposeMessageActivity} for user 0 :
10-13 09:34:17.681: I/ActivityManager(1706): Resuming delayed broadcast
10-13 09:34:17.691: D/dalvikvm(1879): GC_FOR_ALLOC freed 335K, 14% free 3663K/4236K, paused 3ms, total 3ms
10-13 09:34:17.701: I/PackageManager(1706):   Action: "android.intent.action.SENDTO"
10-13 09:34:17.701: I/PackageManager(1706):   Category: "android.intent.category.DEFAULT"
10-13 09:34:17.701: I/PackageManager(1706):   Scheme: "smsto"
10-13 09:34:17.701: I/PackageManager(1706): Adding preferred activity ComponentInfo{com.android.mms/com.android.mms.ui.ComposeMessageActivity} for user 0 :
10-13 09:34:17.701: I/PackageManager(1706):   Action: "android.intent.action.SENDTO"
10-13 09:34:17.701: I/PackageManager(1706):   Category: "android.intent.category.DEFAULT"
10-13 09:34:17.701: I/PackageManager(1706):   Scheme: "mms"
10-13 09:34:17.701: I/PackageManager(1706): Adding preferred activity ComponentInfo{com.android.mms/com.android.mms.ui.ComposeMessageActivity} for user 0 :
10-13 09:34:17.711: I/PackageManager(1706):   Action: "android.intent.action.SENDTO"
10-13 09:34:17.711: I/PackageManager(1706):   Category: "android.intent.category.DEFAULT"
10-13 09:34:17.711: I/PackageManager(1706):   Scheme: "mmsto"
10-13 09:34:17.711: I/Icing.InternalIcingCorporaProvider(4198): Updating corpora: A: android.support.test.services, C: MAYBE
10-13 09:34:17.711: I/ActivityManager(1706): Delay finish: com.google.android.googlequicksearchbox/com.google.android.search.core.summons.icing.InternalIcingCorporaProvider$CorporaChangedReceiver
10-13 09:34:17.711: I/PackageManager(1706): Adding preferred activity ComponentInfo{com.android.mms/com.android.mms.ui.ComposeMessageActivity} for user 0 :
10-13 09:34:17.721: D/dalvikvm(1879): GC_FOR_ALLOC freed 322K, 14% free 3660K/4236K, paused 3ms, total 4ms
10-13 09:34:17.721: D/dalvikvm(4198): GC_CONCURRENT freed 449K, 14% free 3418K/3956K, paused 0ms+1ms, total 3ms
10-13 09:34:17.721: I/Icing.InternalIcingCorporaProvider(4198): UpdateCorporaTask done [took 9 ms] updated apps [took 9 ms] 
10-13 09:34:17.721: I/ActivityManager(1706): Resuming delayed broadcast
10-13 09:34:17.731: I/FontsPackageChangeOp(1920): Package android.support.test.services has no metadata
10-13 09:34:17.741: D/Wear_Controller(1920): Received broadcast action=android.intent.action.PACKAGE_ADDED and uri=android.support.test.services
10-13 09:34:17.751: I/Icing(1920): IndexChimeraService.getServiceInterface callingPackage=com.google.android.gms componentName=AppsCorpus serviceId=32
10-13 09:34:17.751: I/Icing(1920): IndexChimeraService.getServiceInterface callingPackage=com.google.android.gms componentName=AppsCorpus serviceId=36
10-13 09:34:17.751: I/Icing(1920): Usage reports 0 indexed 0 rejected 0 imm upload false
10-13 09:34:17.751: I/Icing(1920): Usage reports 0 indexed 0 rejected 0 imm upload false
10-13 09:34:17.771: I/Icing(1920): Indexing B7DEFBCF98179CD36ABD6B5AFB7EAB077224B473 from com.google.android.gms
10-13 09:34:17.771: I/Icing(1920): Indexing done B7DEFBCF98179CD36ABD6B5AFB7EAB077224B473
10-13 09:34:18.311: D/AndroidRuntime(4485): >>>>>> AndroidRuntime START com.android.internal.os.RuntimeInit <<<<<<
10-13 09:34:18.311: W/linker(4485): libdvm.so has text relocations. This is wasting memory and is a security risk. Please fix.
10-13 09:34:18.311: D/AndroidRuntime(4485): CheckJNI is OFF
10-13 09:34:18.321: D/dalvikvm(4485): Trying to load lib libjavacore.so 0x0
10-13 09:34:18.321: D/dalvikvm(4485): Added shared lib libjavacore.so 0x0
10-13 09:34:18.321: D/dalvikvm(4485): Trying to load lib libnativehelper.so 0x0
10-13 09:34:18.321: D/dalvikvm(4485): Added shared lib libnativehelper.so 0x0
10-13 09:34:18.321: D/dalvikvm(4485): No JNI_OnLoad found in libnativehelper.so 0x0, skipping init
10-13 09:34:18.321: D/dalvikvm(4485): Note: class Landroid/app/ActivityManagerNative; has 179 unimplemented (abstract) methods
10-13 09:34:18.361: E/memtrack(4485): Couldn't load memtrack module (No such file or directory)
10-13 09:34:18.361: E/android.os.Debug(4485): failed to load memtrack module: -2
10-13 09:34:18.381: D/AndroidRuntime(4485): Calling main entry com.android.commands.pm.Pm
10-13 09:34:18.381: W/ActivityManager(1706): No content provider found for permission revoke: file:///data/local/tmp/com.google.android.apps.mtaas.stubapp.apk
10-13 09:34:18.381: W/ActivityManager(1706): No content provider found for permission revoke: file:///data/local/tmp/com.google.android.apps.mtaas.stubapp.apk
10-13 09:34:18.381: I/PackageManager(1706): Copying native libraries to /data/app-lib/vmdl1800255235
10-13 09:34:18.381: I/PackageParser(1706): com.google.android.apps.mtaas.stubapp: compat added android.permission.WRITE_EXTERNAL_STORAGE android.permission.READ_PHONE_STATE
10-13 09:34:18.391: I/PackageManager(1706): Running dexopt on: com.google.android.apps.mtaas.stubapp
10-13 09:34:18.391: W/linker(4495): libdvm.so has text relocations. This is wasting memory and is a security risk. Please fix.
10-13 09:34:18.401: D/dalvikvm(4495): DexOpt: load 0ms, verify+opt 0ms, 83452 bytes
10-13 09:34:18.401: I/ActivityManager(1706): Force stopping com.google.android.apps.mtaas.stubapp appid=10073 user=-1: update pkg
10-13 09:34:18.421: D/dalvikvm(1706): GC_CONCURRENT freed 1926K, 20% free 8358K/10424K, paused 1ms+2ms, total 13ms
10-13 09:34:18.471: I/Remoter(1325): Saved screenshot to '/data/screenshots/__pmv__-0069.jpg'
10-13 09:34:18.481: I/ActivityManager(1706): Delay finish: com.google.android.partnersetup/.RlzPingBroadcastReceiver
10-13 09:34:18.481: I/PackageManager(1706):   Action: "android.intent.action.SENDTO"
10-13 09:34:18.481: I/PackageManager(1706):   Category: "android.intent.category.DEFAULT"
10-13 09:34:18.481: I/PackageManager(1706):   Scheme: "sms"
10-13 09:34:18.481: I/InputReader(1706): Reconfiguring input devices.  changes=0x00000010
10-13 09:34:18.481: I/ActivityManager(1706): Resuming delayed broadcast
10-13 09:34:18.481: I/PackageManager(1706): Adding preferred activity ComponentInfo{com.android.mms/com.android.mms.ui.ComposeMessageActivity} for user 0 :
10-13 09:34:18.481: I/ActivityManager(1706): Delay finish: com.google.android.partnersetup/.AppInstalledReceiver
10-13 09:34:18.481: I/ActivityManager(1706): Resuming delayed broadcast
10-13 09:34:18.491: I/PackageManager(1706):   Action: "android.intent.action.SENDTO"
10-13 09:34:18.491: I/PackageManager(1706):   Category: "android.intent.category.DEFAULT"
10-13 09:34:18.491: I/PackageManager(1706):   Scheme: "smsto"
10-13 09:34:18.491: I/PackageManager(1706): Adding preferred activity ComponentInfo{com.android.mms/com.android.mms.ui.ComposeMessageActivity} for user 0 :
10-13 09:34:18.501: D/dalvikvm(1879): GC_FOR_ALLOC freed 316K, 14% free 3655K/4236K, paused 3ms, total 3ms
10-13 09:34:18.501: I/PackageManager(1706):   Action: "android.intent.action.SENDTO"
10-13 09:34:18.501: I/PackageManager(1706):   Category: "android.intent.category.DEFAULT"
10-13 09:34:18.501: I/PackageManager(1706):   Scheme: "mms"
10-13 09:34:18.501: I/ActivityManager(1706): Delay finish: com.android.musicfx/.Compatibility$Receiver
10-13 09:34:18.501: I/PackageManager(1706): Adding preferred activity ComponentInfo{com.android.mms/com.android.mms.ui.ComposeMessageActivity} for user 0 :
10-13 09:34:18.511: I/PackageManager(1706):   Action: "android.intent.action.SENDTO"
10-13 09:34:18.511: I/PackageManager(1706):   Category: "android.intent.category.DEFAULT"
10-13 09:34:18.511: I/PackageManager(1706):   Scheme: "mmsto"
10-13 09:34:18.511: I/PackageManager(1706): Adding preferred activity ComponentInfo{com.android.mms/com.android.mms.ui.ComposeMessageActivity} for user 0 :
10-13 09:34:18.521: I/PackageManager(1706):   Action: "android.intent.action.SENDTO"
10-13 09:34:18.521: I/PackageManager(1706):   Category: "android.intent.category.DEFAULT"
10-13 09:34:18.521: I/PackageManager(1706):   Scheme: "sms"
10-13 09:34:18.521: I/ActivityManager(1706): Resuming delayed broadcast
10-13 09:34:18.521: I/PackageManager(1706): Adding preferred activity ComponentInfo{com.android.mms/com.android.mms.ui.ComposeMessageActivity} for user 0 :
10-13 09:34:18.531: W/ResourceType(1706): Failure getting entry for 0x7f060000 (t=5 e=0) in package 0 (error -75)
10-13 09:34:18.541: D/dalvikvm(1706): GC_EXPLICIT freed 1261K, 20% free 8437K/10424K, paused 8ms+2ms, total 54ms
10-13 09:34:18.541: D/dalvikvm(1706): WAIT_FOR_CONCURRENT_GC blocked 9ms
10-13 09:34:18.541: D/dalvikvm(1706): WAIT_FOR_CONCURRENT_GC blocked 9ms
10-13 09:34:18.541: D/AndroidRuntime(4485): Shutting down VM
10-13 09:34:18.541: D/dalvikvm(4485): GC_CONCURRENT freed 93K, 15% free 552K/648K, paused 0ms+0ms, total 0ms
10-13 09:34:18.541: D/dalvikvm(1879): GC_FOR_ALLOC freed 330K, 14% free 3665K/4236K, paused 2ms, total 4ms
10-13 09:34:18.541: D/BackupManagerService(1706): Received broadcast Intent { act=android.intent.action.PACKAGE_ADDED dat=package:com.google.android.apps.mtaas.stubapp flg=0x4000010 (has extras) }
10-13 09:34:18.541: V/BackupManagerService(1706): addPackageParticipantsLocked: #1
10-13 09:34:18.541: I/ActivityManager(1706): Delay finish: com.google.android.googlequicksearchbox/com.google.android.search.core.summons.icing.InternalIcingCorporaProvider$CorporaChangedReceiver
10-13 09:34:18.551: I/Icing.InternalIcingCorporaProvider(4198): Updating corpora: A: com.google.android.apps.mtaas.stubapp, C: MAYBE
10-13 09:34:18.551: I/PackageManager(1706):   Action: "android.intent.action.SENDTO"
10-13 09:34:18.551: I/PackageManager(1706):   Category: "android.intent.category.DEFAULT"
10-13 09:34:18.551: I/PackageManager(1706):   Scheme: "smsto"
10-13 09:34:18.551: I/PackageManager(1706):   Action: "android.intent.action.SENDTO"
10-13 09:34:18.551: I/PackageManager(1706):   Category: "android.intent.category.DEFAULT"
10-13 09:34:18.551: I/PackageManager(1706):   Scheme: "mms"
10-13 09:34:18.551: I/PackageManager(1706): Adding preferred activity ComponentInfo{com.android.mms/com.android.mms.ui.ComposeMessageActivity} for user 0 :
10-13 09:34:18.551: I/PackageManager(1706): Adding preferred activity ComponentInfo{com.android.mms/com.android.mms.ui.ComposeMessageActivity} for user 0 :
10-13 09:34:18.561: I/PackageManager(1706):   Action: "android.intent.action.SENDTO"
10-13 09:34:18.561: I/PackageManager(1706):   Category: "android.intent.category.DEFAULT"
10-13 09:34:18.561: I/PackageManager(1706):   Scheme: "mmsto"
10-13 09:34:18.561: I/Icing.InternalIcingCorporaProvider(4198): UpdateCorporaTask done [took 13 ms] updated apps [took 13 ms] 
10-13 09:34:18.561: D/dalvikvm(1879): GC_FOR_ALLOC freed 327K, 14% free 3663K/4236K, paused 2ms, total 4ms
10-13 09:34:18.561: I/PackageManager(1706): Adding preferred activity ComponentInfo{com.android.mms/com.android.mms.ui.ComposeMessageActivity} for user 0 :
10-13 09:34:18.561: I/ActivityManager(1706): Resuming delayed broadcast
10-13 09:34:18.571: D/dalvikvm(1706): GC_FOR_ALLOC freed 830K, 21% free 8320K/10424K, paused 9ms, total 9ms
10-13 09:34:18.571: I/dalvikvm-heap(1706): Grow heap (frag case) to 8.229MB for 52818-byte allocation
10-13 09:34:18.581: D/dalvikvm(1706): GC_FOR_ALLOC freed 5K, 21% free 8366K/10476K, paused 8ms, total 8ms
10-13 09:34:18.591: I/FontsPackageChangeOp(1920): Package com.google.android.apps.mtaas.stubapp has no metadata
10-13 09:34:18.591: D/Wear_Controller(1920): Received broadcast action=android.intent.action.PACKAGE_ADDED and uri=com.google.android.apps.mtaas.stubapp
10-13 09:34:18.601: I/Icing(1920): IndexChimeraService.getServiceInterface callingPackage=com.google.android.gms componentName=AppsCorpus serviceId=32
10-13 09:34:18.601: I/Icing(1920): IndexChimeraService.getServiceInterface callingPackage=com.google.android.gms componentName=AppsCorpus serviceId=36
10-13 09:34:18.631: I/Icing(1920): Usage reports 0 indexed 0 rejected 0 imm upload false
10-13 09:34:18.631: I/Icing(1920): Usage reports 0 indexed 0 rejected 0 imm upload false
10-13 09:34:18.791: I/Icing(1920): Indexing B7DEFBCF98179CD36ABD6B5AFB7EAB077224B473 from com.google.android.gms
10-13 09:34:18.791: I/Icing(1920): Indexing done B7DEFBCF98179CD36ABD6B5AFB7EAB077224B473
10-13 09:34:18.871: D/AndroidRuntime(4506): >>>>>> AndroidRuntime START com.android.internal.os.RuntimeInit <<<<<<
10-13 09:34:18.871: W/linker(4506): libdvm.so has text relocations. This is wasting memory and is a security risk. Please fix.
10-13 09:34:18.881: D/AndroidRuntime(4506): CheckJNI is OFF
10-13 09:34:18.881: D/dalvikvm(4506): Trying to load lib libjavacore.so 0x0
10-13 09:34:18.881: D/dalvikvm(4506): Added shared lib libjavacore.so 0x0
10-13 09:34:18.881: D/dalvikvm(4506): Trying to load lib libnativehelper.so 0x0
10-13 09:34:18.881: D/dalvikvm(4506): Added shared lib libnativehelper.so 0x0
10-13 09:34:18.881: D/dalvikvm(4506): No JNI_OnLoad found in libnativehelper.so 0x0, skipping init
10-13 09:34:18.891: D/dalvikvm(4506): Note: class Landroid/app/ActivityManagerNative; has 179 unimplemented (abstract) methods
10-13 09:34:18.931: E/memtrack(4506): Couldn't load memtrack module (No such file or directory)
10-13 09:34:18.931: E/android.os.Debug(4506): failed to load memtrack module: -2
10-13 09:34:18.961: D/AndroidRuntime(4506): Calling main entry com.android.commands.input.Input
10-13 09:34:18.961: I/Input(4506): injectKeyEvent: KeyEvent { action=ACTION_DOWN, keyCode=KEYCODE_MENU, scanCode=0, metaState=0, flags=0x0, repeatCount=0, eventTime=68136335, downTime=68136335, deviceId=-1, source=0x101 }
10-13 09:34:18.981: I/Input(4506): injectKeyEvent: KeyEvent { action=ACTION_UP, keyCode=KEYCODE_MENU, scanCode=0, metaState=0, flags=0x0, repeatCount=0, eventTime=68136335, downTime=68136335, deviceId=-1, source=0x101 }
10-13 09:34:18.991: D/dalvikvm(1706): GC_FOR_ALLOC freed 296K, 21% free 8344K/10476K, paused 12ms, total 12ms
10-13 09:34:19.011: D/dalvikvm(1706): GC_FOR_ALLOC freed 111K, 21% free 8333K/10476K, paused 14ms, total 14ms
10-13 09:34:19.011: I/dalvikvm-heap(1706): Grow heap (frag case) to 8.305MB for 118834-byte allocation
10-13 09:34:19.011: D/dalvikvm(1706): GC_FOR_ALLOC freed <1K, 21% free 8449K/10596K, paused 8ms, total 8ms
10-13 09:34:19.021: D/AndroidRuntime(4506): Shutting down VM
10-13 09:34:19.021: D/dalvikvm(4506): GC_CONCURRENT freed 96K, 15% free 554K/652K, paused 0ms+0ms, total 0ms
10-13 09:34:19.021: D/YouTube(2927): apps.youtube.app.prefetch.g.onReceive:367 Received: android.intent.action.USER_PRESENT
10-13 09:34:19.031: I/GceGrallocRegionRegistry(1760): Unmapped gralloc-1332.15 hnd=0xb8b37280 fd=67 base=0x79ee5000
10-13 09:34:19.031: I/GceGrallocRegionRegistry(1760): Unmapped gralloc-1332.18 hnd=0xb8c9c480 fd=68 base=0x78f43000
10-13 09:34:19.031: I/GceGrallocRegionRegistry(1760): Unmapped gralloc-1332.19 hnd=0xb8dc5c60 fd=69 base=0x77fa1000
10-13 09:34:19.031: I/GceGrallocRegionRegistry(1332): Unmapped gralloc-1332.15 hnd=0xb9119020 fd=39 base=0xa78da000
10-13 09:34:19.041: I/GceGrallocRegionRegistry(1332): Unmapped gralloc-1332.19 hnd=0xb903e150 fd=24 base=0xa49f5000
10-13 09:34:19.041: D/dalvikvm(1706): GC_FOR_ALLOC freed 345K, 21% free 8391K/10596K, paused 10ms, total 10ms
10-13 09:34:19.041: I/dalvikvm-heap(1706): Grow heap (frag case) to 8.418MB for 178248-byte allocation
10-13 09:34:19.051: D/dalvikvm(1706): GC_FOR_ALLOC freed 15K, 21% free 8550K/10772K, paused 8ms, total 8ms
10-13 09:34:19.051: D/PhoneStatusBar(1760): disable: < expand icons alerts ticker system_info back* home* recent* clock* search >
10-13 09:34:19.051: I/Authzen(1920): [DeviceStateSyncManager] Device state fast sync is disabled
10-13 09:34:19.061: I/CastDatabase(1920): Opening the database
10-13 09:34:19.071: I/SQLiteCastStore(1920): 0 CastNetworkInfo instances loaded, 0 CastDeviceInfo instances loaded, 0 paired guest mode devices loaded.
10-13 09:34:19.071: I/DiscoveryManager(1920): WifiGuestModeDeviceScanner enabled.
10-13 09:34:19.111: D/dalvikvm(1706): GC_FOR_ALLOC freed 141K, 22% free 8441K/10772K, paused 23ms, total 23ms
10-13 09:34:19.141: I/dalvikvm-heap(1706): Grow heap (frag case) to 8.434MB for 143996-byte allocation
10-13 09:34:19.191: D/dalvikvm(1706): GC_FOR_ALLOC freed 8K, 22% free 8573K/10916K, paused 55ms, total 55ms
10-13 09:34:19.231: D/dalvikvm(1706): GC_FOR_ALLOC freed 550K, 24% free 8321K/10916K, paused 35ms, total 35ms
10-13 09:34:19.241: I/ActivityManager(1706): Delay finish: com.google.android.gms/.stats.service.DropBoxEntryAddedReceiver
10-13 09:34:19.261: I/ActivityManager(1706): Resuming delayed broadcast
10-13 09:34:19.431: D/AndroidRuntime(4526): >>>>>> AndroidRuntime START com.android.internal.os.RuntimeInit <<<<<<
10-13 09:34:19.431: W/linker(4526): libdvm.so has text relocations. This is wasting memory and is a security risk. Please fix.
10-13 09:34:19.441: D/AndroidRuntime(4526): CheckJNI is OFF
10-13 09:34:19.451: D/dalvikvm(4526): Trying to load lib libjavacore.so 0x0
10-13 09:34:19.451: D/dalvikvm(4526): Added shared lib libjavacore.so 0x0
10-13 09:34:19.451: D/dalvikvm(4526): Trying to load lib libnativehelper.so 0x0
10-13 09:34:19.451: D/dalvikvm(4526): Added shared lib libnativehelper.so 0x0
10-13 09:34:19.451: D/dalvikvm(4526): No JNI_OnLoad found in libnativehelper.so 0x0, skipping init
10-13 09:34:19.461: D/dalvikvm(4526): Note: class Landroid/app/ActivityManagerNative; has 179 unimplemented (abstract) methods
10-13 09:34:19.631: I/Icing(1920): Indexing B7DEFBCF98179CD36ABD6B5AFB7EAB077224B473 from com.google.android.gms
