10-13 09:34:26.621: I/dalvikvm(4681): Could not find method android.content.pm.PackageManager.getPackageInstaller, referenced from method ims.a
10-13 09:34:26.621: W/dalvikvm(4681): VFY: unable to resolve virtual method 829: Landroid/content/pm/PackageManager;.getPackageInstaller ()Landroid/content/pm/PackageInstaller;
10-13 09:34:26.621: D/dalvikvm(4681): VFY: replacing opcode 0x6e at 0x001c
10-13 09:34:26.661: D/dalvikvm(1706): GC_FOR_ALLOC freed 91K, 18% free 9543K/11636K, paused 43ms, total 43ms
10-13 09:34:26.671: I/dalvikvm(4710): Could not find method android.content.Context.createDeviceProtectedStorageContext, referenced from method pwt.a
10-13 09:34:26.671: W/dalvikvm(4710): VFY: unable to resolve virtual method 11764: Landroid/content/Context;.createDeviceProtectedStorageContext ()Landroid/content/Context;
10-13 09:34:26.671: D/dalvikvm(4710): VFY: replacing opcode 0x6e at 0x000a
10-13 09:34:26.671: I/dalvikvm(4710): Could not find method android.content.Context.getSystemService, referenced from method pyo.a
10-13 09:34:26.671: W/dalvikvm(4710): VFY: unable to resolve virtual method 11789: Landroid/content/Context;.getSystemService (Ljava/lang/Class;)Ljava/lang/Object;
10-13 09:34:26.671: D/dalvikvm(4710): VFY: replacing opcode 0x6e at 0x0008
10-13 09:34:26.681: D/dalvikvm(4710): GC_CONCURRENT freed 361K, 9% free 4519K/4940K, paused 1ms+1ms, total 5ms
10-13 09:34:26.701: W/dalvikvm(4710): VFY: unable to find class referenced in signature (Landroid/net/Network;)
10-13 09:34:26.701: I/dalvikvm(4710): Could not find method android.net.Network.openConnection, referenced from method qur.a
10-13 09:34:26.701: W/dalvikvm(4710): VFY: unable to resolve virtual method 12402: Landroid/net/Network;.openConnection (Ljava/net/URL;)Ljava/net/URLConnection;
10-13 09:34:26.701: D/dalvikvm(4710): VFY: replacing opcode 0x6e at 0x00ab
10-13 09:34:26.701: D/dalvikvm(4730): GC_CONCURRENT freed 387K, 10% free 4382K/4840K, paused 1ms+1ms, total 6ms
10-13 09:34:26.711: I/LocaleChangeIO(4730): Requesting GmsCore restart due to change in locale assets
10-13 09:34:26.711: E/dalvikvm(4710): Could not find class 'android.app.job.JobScheduler', referenced from method pzq.a
10-13 09:34:26.711: W/dalvikvm(4710): VFY: unable to resolve check-cast 3303 (Landroid/app/job/JobScheduler;) in Lpzq;
10-13 09:34:26.711: D/dalvikvm(4710): VFY: replacing opcode 0x1f at 0x009e
10-13 09:34:26.721: I/dalvikvm(4730): Could not find method android.os.PowerManager.isPowerSaveMode, referenced from method akis.c
10-13 09:34:26.721: W/dalvikvm(4730): VFY: unable to resolve virtual method 28874: Landroid/os/PowerManager;.isPowerSaveMode ()Z
10-13 09:34:26.721: D/dalvikvm(4730): VFY: replacing opcode 0x6e at 0x000a
10-13 09:34:26.721: I/GCoreNlp(4730): shouldConfirmNlp, NLP off. Ensuring opt-in disabled
10-13 09:34:26.731: D/dalvikvm(4681): GC_CONCURRENT freed 159K, 5% free 4940K/5156K, paused 67ms+2ms, total 76ms
10-13 09:34:26.731: D/dalvikvm(4681): Trying to load lib /data/app-lib/com.google.android.gms-1/libAppDataSearch.so 0x950774e8
10-13 09:34:26.731: I/NetworkScheduler(4710): Using standalone scheduling engine
10-13 09:34:26.731: D/dalvikvm(4681): WAIT_FOR_CONCURRENT_GC blocked 6ms
10-13 09:34:26.741: D/dalvikvm(4710): GC_CONCURRENT freed 361K, 9% free 4561K/4980K, paused 2ms+7ms, total 13ms
10-13 09:34:26.751: I/dalvikvm(4710): Could not find method android.os.PowerManager.isPowerSaveMode, referenced from method qbb.a
10-13 09:34:26.751: W/dalvikvm(4710): VFY: unable to resolve virtual method 12811: Landroid/os/PowerManager;.isPowerSaveMode ()Z
10-13 09:34:26.751: D/dalvikvm(4710): VFY: replacing opcode 0x6e at 0x0082
10-13 09:34:26.751: I/dalvikvm(4710): Could not find method android.os.PowerManager.isDeviceIdleMode, referenced from method qbb.a
10-13 09:34:26.751: W/dalvikvm(4710): VFY: unable to resolve virtual method 12808: Landroid/os/PowerManager;.isDeviceIdleMode ()Z
10-13 09:34:26.751: D/dalvikvm(4710): VFY: replacing opcode 0x6e at 0x0097
10-13 09:34:26.751: I/dalvikvm(4710): Could not find method android.os.PowerManager.isIgnoringBatteryOptimizations, referenced from method qbb.a
10-13 09:34:26.751: W/dalvikvm(4710): VFY: unable to resolve virtual method 12809: Landroid/os/PowerManager;.isIgnoringBatteryOptimizations (Ljava/lang/String;)Z
10-13 09:34:26.751: D/dalvikvm(4710): VFY: replacing opcode 0x6e at 0x00f0
10-13 09:34:26.761: D/dalvikvm(4710): GC_CONCURRENT freed 347K, 9% free 4608K/5016K, paused 2ms+0ms, total 5ms
10-13 09:34:26.771: I/dalvikvm(4710): Could not find method android.content.pm.PackageManager.getPackageInstaller, referenced from method ims.a
10-13 09:34:26.771: W/dalvikvm(4710): VFY: unable to resolve virtual method 829: Landroid/content/pm/PackageManager;.getPackageInstaller ()Landroid/content/pm/PackageInstaller;
10-13 09:34:26.771: D/dalvikvm(4710): VFY: replacing opcode 0x6e at 0x001c
10-13 09:34:26.781: D/dalvikvm(4681): GC_CONCURRENT freed 184K, 5% free 5320K/5564K, paused 7ms+1ms, total 12ms
10-13 09:34:26.791: D/dalvikvm(4681): Added shared lib /data/app-lib/com.google.android.gms-1/libAppDataSearch.so 0x950774e8
10-13 09:34:26.791: I/dalvikvm(4710): Could not find method android.app.AlarmManager.cancel, referenced from method jng.a
10-13 09:34:26.791: W/dalvikvm(4710): VFY: unable to resolve virtual method 2995: Landroid/app/AlarmManager;.cancel (Landroid/app/AlarmManager$OnAlarmListener;)V
10-13 09:34:26.791: D/dalvikvm(4710): VFY: replacing opcode 0x6e at 0x0002
10-13 09:34:26.791: I/dalvikvm(4710): Could not find method android.app.AlarmManager.set, referenced from method jng.a
10-13 09:34:26.791: W/dalvikvm(4710): VFY: unable to resolve virtual method 2997: Landroid/app/AlarmManager;.set (IJJJLandroid/app/AlarmManager$OnAlarmListener;Landroid/os/Handler;Landroid/os/WorkSource;)V
10-13 09:34:26.791: D/dalvikvm(4710): VFY: replacing opcode 0x74 at 0x0018
10-13 09:34:26.791: I/dalvikvm(4710): Could not find method android.app.AlarmManager.setExactAndAllowWhileIdle, referenced from method jng.a
10-13 09:34:26.791: W/dalvikvm(4710): VFY: unable to resolve virtual method 3001: Landroid/app/AlarmManager;.setExactAndAllowWhileIdle (IJLandroid/app/PendingIntent;)V
10-13 09:34:26.791: D/dalvikvm(4710): VFY: replacing opcode 0x6e at 0x0011
10-13 09:34:26.791: I/dalvikvm(4710): Could not find method android.app.AlarmManager.setAndAllowWhileIdle, referenced from method jng.a
10-13 09:34:26.791: W/dalvikvm(4710): VFY: unable to resolve virtual method 3000: Landroid/app/AlarmManager;.setAndAllowWhileIdle (IJLandroid/app/PendingIntent;)V
10-13 09:34:26.791: D/dalvikvm(4710): VFY: replacing opcode 0x6e at 0x0010
10-13 09:34:26.791: D/dalvikvm(4730): GC_CONCURRENT freed 355K, 9% free 4532K/4948K, paused 0ms+3ms, total 6ms
10-13 09:34:26.811: I/dalvikvm(4710): Could not find method android.net.ConnectivityManager.reportNetworkConnectivity, referenced from method pxz.c
10-13 09:34:26.811: W/dalvikvm(4710): VFY: unable to resolve virtual method 12395: Landroid/net/ConnectivityManager;.reportNetworkConnectivity (Landroid/net/Network;Z)V
10-13 09:34:26.811: D/dalvikvm(4710): VFY: replacing opcode 0x6e at 0x000a
10-13 09:34:26.821: I/Icing(4681): Storage manager: low false usage 1.71MB avail 3.66GB capacity 3.89GB
10-13 09:34:26.871: E/dalvikvm(4710): Could not find class 'android.app.usage.UsageStatsManager', referenced from method qaw.a
10-13 09:34:26.871: W/dalvikvm(4710): VFY: unable to resolve const-class 3307 (Landroid/app/usage/UsageStatsManager;) in Lqaw;
10-13 09:34:26.871: D/dalvikvm(4710): VFY: replacing opcode 0x1c at 0x0076
10-13 09:34:26.891: I/dalvikvm(4730): Could not find method android.content.res.Configuration.getLocales, referenced from method jkh.<init>
10-13 09:34:26.891: W/dalvikvm(4730): VFY: unable to resolve virtual method 3675: Landroid/content/res/Configuration;.getLocales ()Landroid/os/LocaleList;
10-13 09:34:26.891: D/dalvikvm(4730): VFY: replacing opcode 0x6e at 0x0039
10-13 09:34:26.891: I/dalvikvm(4730): Could not find method java.util.Locale.toLanguageTag, referenced from method jkh.<init>
10-13 09:34:26.891: W/dalvikvm(4730): VFY: unable to resolve virtual method 38660: Ljava/util/Locale;.toLanguageTag ()Ljava/lang/String;
10-13 09:34:26.891: D/dalvikvm(4730): VFY: replacing opcode 0x6e at 0x0065
10-13 09:34:26.901: D/dalvikvm(4710): GC_CONCURRENT freed 399K, 9% free 4692K/5148K, paused 1ms+25ms, total 31ms
10-13 09:34:26.901: I/dalvikvm(4710): Could not find method android.os.PowerManager.isDeviceIdleMode, referenced from method pyj.onReceive
10-13 09:34:26.901: W/dalvikvm(4710): VFY: unable to resolve virtual method 12808: Landroid/os/PowerManager;.isDeviceIdleMode ()Z
10-13 09:34:26.901: D/dalvikvm(4710): VFY: replacing opcode 0x6e at 0x0038
10-13 09:34:26.911: D/dalvikvm(4681): GC_CONCURRENT freed 324K, 7% free 5754K/6144K, paused 17ms+24ms, total 107ms
10-13 09:34:26.911: D/dalvikvm(4681): WAIT_FOR_CONCURRENT_GC blocked 46ms
10-13 09:34:26.911: D/dalvikvm(4681): WAIT_FOR_CONCURRENT_GC blocked 67ms
10-13 09:34:26.921: I/dalvikvm(4710): Could not find method android.os.PowerManager.isDeviceIdleMode, referenced from method pva.b
10-13 09:34:26.921: W/dalvikvm(4710): VFY: unable to resolve virtual method 12808: Landroid/os/PowerManager;.isDeviceIdleMode ()Z
10-13 09:34:26.921: D/dalvikvm(4710): VFY: replacing opcode 0x6e at 0x0008
10-13 09:34:26.941: D/dalvikvm(4730): GC_CONCURRENT freed 413K, 10% free 4534K/4996K, paused 0ms+13ms, total 21ms
10-13 09:34:26.951: I/dalvikvm(4730): Could not find method android.content.Context.checkSelfPermission, referenced from method jjg.a
10-13 09:34:26.951: W/dalvikvm(4730): VFY: unable to resolve virtual method 687: Landroid/content/Context;.checkSelfPermission (Ljava/lang/String;)I
10-13 09:34:26.951: D/dalvikvm(4730): VFY: replacing opcode 0x6e at 0x0034
10-13 09:34:26.961: I/dalvikvm(4730): Failed resolving Ljjh; interface 915 'Landroid/content/pm/PackageManager$OnPermissionsChangedListener;'
10-13 09:34:26.961: W/dalvikvm(4730): Link of class 'Ljjh;' failed
10-13 09:34:26.961: E/dalvikvm(4730): Could not find class 'jjh', referenced from method jjg.a
10-13 09:34:26.961: W/dalvikvm(4730): VFY: unable to resolve new-instance 3204 (Ljjh;) in Ljjg;
10-13 09:34:26.961: D/dalvikvm(4730): VFY: replacing opcode 0x22 at 0x0000
10-13 09:34:26.961: I/dalvikvm(4730): Failed resolving Ljjh; interface 915 'Landroid/content/pm/PackageManager$OnPermissionsChangedListener;'
10-13 09:34:26.961: W/dalvikvm(4730): Link of class 'Ljjh;' failed
10-13 09:34:26.961: D/dalvikvm(4730): DexOpt: unable to opt direct call 0x3dc8 at 0x02 in Ljjg;.a
10-13 09:34:26.961: I/dalvikvm(4681): Could not find method android.content.Context.checkSelfPermission, referenced from method jjg.a
10-13 09:34:26.961: W/dalvikvm(4681): VFY: unable to resolve virtual method 687: Landroid/content/Context;.checkSelfPermission (Ljava/lang/String;)I
10-13 09:34:26.961: D/dalvikvm(4681): VFY: replacing opcode 0x6e at 0x0034
10-13 09:34:26.961: I/dalvikvm(4681): Failed resolving Ljjh; interface 915 'Landroid/content/pm/PackageManager$OnPermissionsChangedListener;'
10-13 09:34:26.961: W/dalvikvm(4681): Link of class 'Ljjh;' failed
10-13 09:34:26.961: E/dalvikvm(4681): Could not find class 'jjh', referenced from method jjg.a
10-13 09:34:26.961: W/dalvikvm(4681): VFY: unable to resolve new-instance 3204 (Ljjh;) in Ljjg;
10-13 09:34:26.961: D/dalvikvm(4681): VFY: replacing opcode 0x22 at 0x0000
10-13 09:34:26.961: I/dalvikvm(4681): Failed resolving Ljjh; interface 915 'Landroid/content/pm/PackageManager$OnPermissionsChangedListener;'
10-13 09:34:26.961: W/dalvikvm(4681): Link of class 'Ljjh;' failed
10-13 09:34:26.961: D/dalvikvm(4681): DexOpt: unable to opt direct call 0x3dc8 at 0x02 in Ljjg;.a
10-13 09:34:26.981: D/dalvikvm(4730): GC_CONCURRENT freed 309K, 8% free 4612K/4996K, paused 1ms+0ms, total 6ms
10-13 09:34:26.991: I/dalvikvm(4681): Could not find method android.os.UserHandle.isOwner, referenced from method acjy.a
10-13 09:34:26.991: W/dalvikvm(4681): VFY: unable to resolve virtual method 12851: Landroid/os/UserHandle;.isOwner ()Z
10-13 09:34:26.991: D/dalvikvm(4681): VFY: replacing opcode 0x6e at 0x000a
10-13 09:34:26.991: I/dalvikvm(4681): Could not find method android.os.UserManager.getUserProfiles, referenced from method acij.a
10-13 09:34:26.991: W/dalvikvm(4681): VFY: unable to resolve virtual method 12857: Landroid/os/UserManager;.getUserProfiles ()Ljava/util/List;
10-13 09:34:26.991: D/dalvikvm(4681): VFY: replacing opcode 0x6e at 0x0041
10-13 09:34:26.991: I/dalvikvm(4681): Could not find method android.app.AlarmManager.cancel, referenced from method jng.a
10-13 09:34:26.991: W/dalvikvm(4681): VFY: unable to resolve virtual method 2995: Landroid/app/AlarmManager;.cancel (Landroid/app/AlarmManager$OnAlarmListener;)V
10-13 09:34:26.991: D/dalvikvm(4681): VFY: replacing opcode 0x6e at 0x0002
10-13 09:34:27.001: D/dalvikvm(4730): GC_CONCURRENT freed 442K, 10% free 4674K/5176K, paused 2ms+1ms, total 6ms
10-13 09:34:27.001: I/dalvikvm(4681): Could not find method android.app.AlarmManager.set, referenced from method jng.a
10-13 09:34:27.001: W/dalvikvm(4681): VFY: unable to resolve virtual method 2997: Landroid/app/AlarmManager;.set (IJJJLandroid/app/AlarmManager$OnAlarmListener;Landroid/os/Handler;Landroid/os/WorkSource;)V
10-13 09:34:27.001: D/dalvikvm(4681): VFY: replacing opcode 0x74 at 0x0018
10-13 09:34:27.001: I/dalvikvm(4681): Could not find method android.app.AlarmManager.setExactAndAllowWhileIdle, referenced from method jng.a
10-13 09:34:27.001: W/dalvikvm(4681): VFY: unable to resolve virtual method 3001: Landroid/app/AlarmManager;.setExactAndAllowWhileIdle (IJLandroid/app/PendingIntent;)V
10-13 09:34:27.001: D/dalvikvm(4681): VFY: replacing opcode 0x6e at 0x0011
10-13 09:34:27.001: I/dalvikvm(4681): Could not find method android.app.AlarmManager.setAndAllowWhileIdle, referenced from method jng.a
10-13 09:34:27.001: W/dalvikvm(4681): VFY: unable to resolve virtual method 3000: Landroid/app/AlarmManager;.setAndAllowWhileIdle (IJLandroid/app/PendingIntent;)V
10-13 09:34:27.001: D/dalvikvm(4681): VFY: replacing opcode 0x6e at 0x0010
10-13 09:34:27.011: I/dalvikvm(4730): Could not find method android.app.AlarmManager.cancel, referenced from method jng.a
10-13 09:34:27.011: W/dalvikvm(4730): VFY: unable to resolve virtual method 2995: Landroid/app/AlarmManager;.cancel (Landroid/app/AlarmManager$OnAlarmListener;)V
10-13 09:34:27.011: D/dalvikvm(4730): VFY: replacing opcode 0x6e at 0x0002
10-13 09:34:27.011: I/dalvikvm(4730): Could not find method android.app.AlarmManager.set, referenced from method jng.a
10-13 09:34:27.011: W/dalvikvm(4730): VFY: unable to resolve virtual method 2997: Landroid/app/AlarmManager;.set (IJJJLandroid/app/AlarmManager$OnAlarmListener;Landroid/os/Handler;Landroid/os/WorkSource;)V
10-13 09:34:27.011: D/dalvikvm(4730): VFY: replacing opcode 0x74 at 0x0018
10-13 09:34:27.011: I/dalvikvm(4730): Could not find method android.app.AlarmManager.setExactAndAllowWhileIdle, referenced from method jng.a
10-13 09:34:27.011: W/dalvikvm(4730): VFY: unable to resolve virtual method 3001: Landroid/app/AlarmManager;.setExactAndAllowWhileIdle (IJLandroid/app/PendingIntent;)V
10-13 09:34:27.011: D/dalvikvm(4730): VFY: replacing opcode 0x6e at 0x0011
10-13 09:34:27.011: I/dalvikvm(4730): Could not find method android.app.AlarmManager.setAndAllowWhileIdle, referenced from method jng.a
10-13 09:34:27.011: W/dalvikvm(4730): VFY: unable to resolve virtual method 3000: Landroid/app/AlarmManager;.setAndAllowWhileIdle (IJLandroid/app/PendingIntent;)V
10-13 09:34:27.011: D/dalvikvm(4730): VFY: replacing opcode 0x6e at 0x0010
10-13 09:34:27.021: I/dalvikvm(4710): Could not find method android.os.PowerManager.isInteractive, referenced from method jsi.a
10-13 09:34:27.021: W/dalvikvm(4710): VFY: unable to resolve virtual method 4659: Landroid/os/PowerManager;.isInteractive ()Z
10-13 09:34:27.021: D/dalvikvm(4710): VFY: replacing opcode 0x6e at 0x0006
10-13 09:34:27.081: D/dalvikvm(4710): GC_CONCURRENT freed 423K, 10% free 4709K/5188K, paused 48ms+0ms, total 53ms
10-13 09:34:27.101: I/dalvikvm(4730): Failed resolving Ljub; interface 915 'Landroid/content/pm/PackageManager$OnPermissionsChangedListener;'
10-13 09:34:27.101: W/dalvikvm(4730): Link of class 'Ljub;' failed
10-13 09:34:27.101: E/dalvikvm(4730): Could not find class 'jub', referenced from method jtz.a
10-13 09:34:27.101: W/dalvikvm(4730): VFY: unable to resolve new-instance 10032 (Ljub;) in Ljtz;
10-13 09:34:27.101: D/dalvikvm(4730): VFY: replacing opcode 0x22 at 0x0014
10-13 09:34:27.101: I/dalvikvm(4730): Failed resolving Ljub; interface 915 'Landroid/content/pm/PackageManager$OnPermissionsChangedListener;'
10-13 09:34:27.101: W/dalvikvm(4730): Link of class 'Ljub;' failed
10-13 09:34:27.101: D/dalvikvm(4730): DexOpt: unable to opt direct call 0xa0ee at 0x1a in Ljtz;.a
10-13 09:34:27.111: E/dalvikvm(4730): Could not find class 'android.app.usage.UsageStatsManager', referenced from method ckk.j
10-13 09:34:27.111: W/dalvikvm(4730): VFY: unable to resolve check-cast 835 (Landroid/app/usage/UsageStatsManager;) in Lckk;
10-13 09:34:27.111: D/dalvikvm(4730): VFY: replacing opcode 0x1f at 0x0020
10-13 09:34:27.111: D/dalvikvm(4730): DexOpt: unable to opt direct call 0x0c8b at 0x30 in Lckk;.j
10-13 09:34:27.121: I/dalvikvm(4730): Could not find method android.os.PowerManager.isInteractive, referenced from method ckm.a
10-13 09:34:27.121: W/dalvikvm(4730): VFY: unable to resolve virtual method 4659: Landroid/os/PowerManager;.isInteractive ()Z
10-13 09:34:27.121: D/dalvikvm(4730): VFY: replacing opcode 0x6e at 0x0010
10-13 09:34:27.131: D/dalvikvm(4710): GC_CONCURRENT freed 445K, 10% free 4812K/5300K, paused 2ms+7ms, total 16ms
10-13 09:34:27.161: D/dalvikvm(4730): GC_CONCURRENT freed 358K, 9% free 4784K/5204K, paused 2ms+1ms, total 25ms
10-13 09:34:27.161: D/AlertService(4573): Beginning updateAlertNotification
10-13 09:34:27.181: D/dalvikvm(1886): GC_FOR_ALLOC freed 951K, 12% free 8816K/9924K, paused 4ms, total 4ms
10-13 09:34:27.181: D/AlertService(4573): No fired or scheduled alerts
10-13 09:34:27.191: D/AlertService(4573): Scheduling next alarm with AlarmScheduler. sEventReminderReceived: null
10-13 09:34:27.191: D/AlarmScheduler(4573): No events found starting within 1 week.
10-13 09:34:27.201: D/dalvikvm(1886): GC_CONCURRENT freed 29K, 11% free 8902K/9924K, paused 0ms+0ms, total 6ms
10-13 09:34:27.201: D/dalvikvm(4681): GC_CONCURRENT freed 656K, 11% free 5895K/6608K, paused 2ms+2ms, total 8ms
10-13 09:34:27.221: W/Icing(4681): city name for address is empty or is not existed. 
10-13 09:34:27.221: W/Icing(4681): street name for address is empty or is not existed. 
10-13 09:34:27.221: W/Icing(4681): transportation_script_path is empty
10-13 09:34:27.271: W/Icing(4681): Words file  does not exist!
10-13 09:34:27.281: I/dalvikvm(4730): Failed resolving Lajbn; interface 6341 'Landroid/net/wifi/WifiScanner$ScanListener;'
10-13 09:34:27.281: W/dalvikvm(4730): Link of class 'Lajbn;' failed
10-13 09:34:27.281: E/dalvikvm(4730): Could not find class 'ajbn', referenced from method ajpj.<init>
10-13 09:34:27.281: W/dalvikvm(4730): VFY: unable to resolve new-instance 3317 (Lajbn;) in Lajpj;
10-13 09:34:27.281: D/dalvikvm(4730): VFY: replacing opcode 0x22 at 0x0056
10-13 09:34:27.291: I/dalvikvm(4730): Failed resolving Lajbn; interface 6341 'Landroid/net/wifi/WifiScanner$ScanListener;'
10-13 09:34:27.291: W/dalvikvm(4730): Link of class 'Lajbn;' failed
10-13 09:34:27.291: D/dalvikvm(4730): DexOpt: unable to opt direct call 0x39b0 at 0x58 in Lajpj;.<init>
10-13 09:34:27.291: W/Icing(4681): WordsMap was not properly initialized
10-13 09:34:27.291: I/dalvikvm(4681): Could not find method android.os.UserHandle.isOwner, referenced from method qzd.a
10-13 09:34:27.291: W/dalvikvm(4681): VFY: unable to resolve virtual method 12851: Landroid/os/UserHandle;.isOwner ()Z
10-13 09:34:27.291: D/dalvikvm(4681): VFY: replacing opcode 0x6e at 0x0030
10-13 09:34:27.301: I/System(1706): Loaded time zone names for "es" in 79ms (72ms in ICU)
10-13 09:34:27.301: I/GCM(4710): Ack for not saved message 2
10-13 09:34:27.301: I/GCM(4710): Ack for not saved message 3
10-13 09:34:27.301: I/GCM(4710): Ack for not saved message 4
10-13 09:34:27.311: I/dalvikvm(4730): Failed resolving Lajnk; interface 6116 'Landroid/app/AlarmManager$OnAlarmListener;'
10-13 09:34:27.311: W/dalvikvm(4730): Link of class 'Lajnk;' failed
10-13 09:34:27.311: E/dalvikvm(4730): Could not find class 'ajnk', referenced from method ajnj.<init>
10-13 09:34:27.311: W/dalvikvm(4730): VFY: unable to resolve new-instance 3626 (Lajnk;) in Lajnj;
10-13 09:34:27.311: D/dalvikvm(4730): VFY: replacing opcode 0x22 at 0x0082
10-13 09:34:27.311: I/dalvikvm(4730): Failed resolving Lajnk; interface 6116 'Landroid/app/AlarmManager$OnAlarmListener;'
10-13 09:34:27.311: W/dalvikvm(4730): Link of class 'Lajnk;' failed
10-13 09:34:27.311: D/dalvikvm(4730): DexOpt: unable to opt direct call 0x3f82 at 0x84 in Lajnj;.<init>
10-13 09:34:27.321: D/dalvikvm(4730): GC_CONCURRENT freed 432K, 10% free 4822K/5312K, paused 2ms+1ms, total 6ms
10-13 09:34:27.351: I/dalvikvm(4730): Could not find method android.os.PowerManager.isDeviceIdleMode, referenced from method akih.a
10-13 09:34:27.351: W/dalvikvm(4730): VFY: unable to resolve virtual method 28872: Landroid/os/PowerManager;.isDeviceIdleMode ()Z
10-13 09:34:27.351: D/dalvikvm(4730): VFY: replacing opcode 0x6e at 0x0008
10-13 09:34:27.461: D/AndroidRuntime(4816): >>>>>> AndroidRuntime START com.android.internal.os.RuntimeInit <<<<<<
10-13 09:34:27.461: W/linker(4816): libdvm.so has text relocations. This is wasting memory and is a security risk. Please fix.
10-13 09:34:27.461: D/AndroidRuntime(4816): CheckJNI is OFF
10-13 09:34:27.471: D/dalvikvm(4816): Trying to load lib libjavacore.so 0x0
10-13 09:34:27.471: D/dalvikvm(4816): Added shared lib libjavacore.so 0x0
10-13 09:34:27.471: D/dalvikvm(4816): Trying to load lib libnativehelper.so 0x0
10-13 09:34:27.471: D/dalvikvm(4816): Added shared lib libnativehelper.so 0x0
10-13 09:34:27.471: D/dalvikvm(4816): No JNI_OnLoad found in libnativehelper.so 0x0, skipping init
10-13 09:34:27.471: I/GceGrallocRegionRegistry(1332): Mapped gralloc-1332.27 hnd=0xb91ed220 fd=22 base=0xaf894000 format=RGBA_8888(0x1) width=1600 height=2464
10-13 09:34:27.471: I/GceGrallocRegionRegistry(4694): Mapped gralloc-1332.27 hnd=0xb899af60 fd=44 base=0x7b14c000 format=RGBA_8888(0x1) width=1600 height=2464
10-13 09:34:27.481: D/dalvikvm(4816): Note: class Landroid/app/ActivityManagerNative; has 179 unimplemented (abstract) methods
10-13 09:34:27.511: W/ConfigurationChimeraProvider(4730): Got null configs for com.google.android.gms.nearby
10-13 09:34:27.631: E/memtrack(4816): Couldn't load memtrack module (No such file or directory)
10-13 09:34:27.631: E/android.os.Debug(4816): failed to load memtrack module: -2
10-13 09:34:27.631: D/dalvikvm(1706): GC_EXPLICIT freed 1118K, 18% free 9585K/11636K, paused 0ms+1ms, total 66ms
10-13 09:34:27.651: I/DynamiteModule(4681): Considering local module com.google.android.gms.googlecertificates:4 and remote module com.google.android.gms.googlecertificates:4
10-13 09:34:27.651: I/DynamiteModule(4681): Selected local version of com.google.android.gms.googlecertificates
10-13 09:34:27.661: D/dalvikvm(1886): GC_FOR_ALLOC freed 1105K, 18% free 9030K/10904K, paused 118ms, total 118ms
10-13 09:34:27.671: D/AndroidRuntime(4816): Calling main entry com.android.commands.am.Am
10-13 09:34:27.681: I/ActivityManager(1706): Force stopping com.google.android.apps.mtaas.loginutil appid=10067 user=0: start instr
10-13 09:34:27.691: I/ActivityManager(1706): Displayed com.google.android.apps.mtaas.backdrop/.BackdropActivity: +2s987ms
10-13 09:34:27.691: I/ActivityManager(1706): Start proc com.google.android.apps.mtaas.loginutil for added application com.google.android.apps.mtaas.loginutil: pid=4827 uid=10067 gids={50067, 3003, 1028, 1015}
10-13 09:34:27.731: W/Icing(4681): Failed to connect to Lockbox API
10-13 09:34:27.731: W/Icing(4681): getSignedInAccountName: Falling back to default value
10-13 09:34:27.801: D/ConnectivityService(1706): handleInetConditionHoldEnd: net=0, condition=100, published condition=100
10-13 09:34:27.811: D/dalvikvm(1886): GC_FOR_ALLOC freed 258K, 16% free 9378K/11088K, paused 3ms, total 3ms
10-13 09:34:27.871: D/dalvikvm(4827): GC_CONCURRENT freed 170K, 7% free 3227K/3452K, paused 0ms+0ms, total 27ms
10-13 09:34:27.871: D/dalvikvm(4730): GC_CONCURRENT freed 320K, 7% free 5037K/5412K, paused 1ms+141ms, total 184ms
10-13 09:34:27.901: D/LoginUtil(4827): Connected to Internet
10-13 09:34:27.901: D/LoginUtil(4827): Adding Account {name=4A2NI7OQOTX46RNLLDCZ5QQEKA-00@cloudtestlabaccounts.com, type=com.google}
10-13 09:34:27.911: D/dalvikvm(1886): GC_FOR_ALLOC freed 422K, 15% free 9834K/11548K, paused 3ms, total 3ms
10-13 09:34:27.911: I/ActivityManager(1706): Start proc com.google.android.apps.auth.test.support for service com.google.android.apps.auth.test.support/.services.AccountService: pid=4852 uid=10069 gids={50069, 3003, 1028, 1015}
10-13 09:34:28.021: I/Remoter(1325): Saved screenshot to '/data/screenshots/__pmv__-0074.jpg'
10-13 09:34:28.041: D/dalvikvm(4681): GC_CONCURRENT freed 1967K, 30% free 4787K/6808K, paused 0ms+0ms, total 6ms
10-13 09:34:28.041: I/GceGrallocRegionRegistry(1332): Mapped gralloc-1332.28 hnd=0xb91bd130 fd=23 base=0xa8912000 format=RGBA_8888(0x1) width=1600 height=2464
10-13 09:34:28.041: I/GceGrallocRegionRegistry(4694): Mapped gralloc-1332.28 hnd=0xb8ad8120 fd=46 base=0x7a1c0000 format=RGBA_8888(0x1) width=1600 height=2464
10-13 09:34:28.051: W/AuthService(4852): [TestArgsHelper] Error when calling AndroidTestUtil.getTestArgs(). Note that this behavior might be expected.
10-13 09:34:28.051: E/ActivityThread(4852): Failed to find provider info for com.google.android.apps.common.testing.services.storage.testargs
10-13 09:34:28.131: I/dalvikvm(4852): Could not find method android.content.pm.PackageManager.getPackageInstaller, referenced from method db.a
10-13 09:34:28.131: W/dalvikvm(4852): VFY: unable to resolve virtual method 181: Landroid/content/pm/PackageManager;.getPackageInstaller ()Landroid/content/pm/PackageInstaller;
10-13 09:34:28.131: D/dalvikvm(4852): VFY: replacing opcode 0x6e at 0x000b
10-13 09:34:28.131: I/AuthService(4852): [AddAccountOperation] Call GmsCore API.
10-13 09:34:28.171: I/dalvikvm(4730): Could not find method android.app.Notification$Builder.setGroup, referenced from method upc.a
10-13 09:34:28.171: W/dalvikvm(4730): VFY: unable to resolve virtual method 11485: Landroid/app/Notification$Builder;.setGroup (Ljava/lang/String;)Landroid/app/Notification$Builder;
10-13 09:34:28.171: D/dalvikvm(4730): VFY: replacing opcode 0x6e at 0x00ae
10-13 09:34:28.171: I/dalvikvm(4730): Could not find method android.app.Notification$Builder.setGroupSummary, referenced from method upc.a
10-13 09:34:28.171: W/dalvikvm(4730): VFY: unable to resolve virtual method 11486: Landroid/app/Notification$Builder;.setGroupSummary (Z)Landroid/app/Notification$Builder;
10-13 09:34:28.171: D/dalvikvm(4730): VFY: replacing opcode 0x6e at 0x00bb
10-13 09:34:28.171: I/dalvikvm(4730): Could not find method android.app.Notification$Builder.setLocalOnly, referenced from method upc.a
10-13 09:34:28.171: W/dalvikvm(4730): VFY: unable to resolve virtual method 11488: Landroid/app/Notification$Builder;.setLocalOnly (Z)Landroid/app/Notification$Builder;
10-13 09:34:28.171: D/dalvikvm(4730): VFY: replacing opcode 0x6e at 0x00ed
10-13 09:34:28.171: I/dalvikvm(4730): Could not find method android.app.Notification$Builder.addExtras, referenced from method upc.a
10-13 09:34:28.171: W/dalvikvm(4730): VFY: unable to resolve virtual method 11474: Landroid/app/Notification$Builder;.addExtras (Landroid/os/Bundle;)Landroid/app/Notification$Builder;
10-13 09:34:28.171: D/dalvikvm(4730): VFY: replacing opcode 0x6e at 0x0181
10-13 09:34:28.171: E/dalvikvm(4730): Could not find class 'android.media.AudioAttributes', referenced from method upn.a
10-13 09:34:28.171: W/dalvikvm(4730): VFY: unable to resolve const-class 3477 (Landroid/media/AudioAttributes;) in Lupn;
10-13 09:34:28.171: D/dalvikvm(4730): VFY: replacing opcode 0x1c at 0x0057
10-13 09:34:28.201: I/dalvikvm(4710): Could not find method android.accounts.AccountManager.notifyAccountAuthenticated, referenced from method fkq.a
10-13 09:34:28.201: W/dalvikvm(4710): VFY: unable to resolve virtual method 2867: Landroid/accounts/AccountManager;.notifyAccountAuthenticated (Landroid/accounts/Account;)Z
10-13 09:34:28.201: D/dalvikvm(4710): VFY: replacing opcode 0x6e at 0x009d
10-13 09:34:28.211: I/dalvikvm(4710): Could not find method android.accounts.AccountManager.removeAccountExplicitly, referenced from method ebp.a
10-13 09:34:28.211: W/dalvikvm(4710): VFY: unable to resolve virtual method 2871: Landroid/accounts/AccountManager;.removeAccountExplicitly (Landroid/accounts/Account;)Z
10-13 09:34:28.211: D/dalvikvm(4710): VFY: replacing opcode 0x6e at 0x0023
10-13 09:34:28.211: I/dalvikvm(4710): Could not find method java.util.Locale.toLanguageTag, referenced from method ebp.c
10-13 09:34:28.211: W/dalvikvm(4710): VFY: unable to resolve virtual method 38660: Ljava/util/Locale;.toLanguageTag ()Ljava/lang/String;
10-13 09:34:28.211: D/dalvikvm(4710): VFY: replacing opcode 0x6e at 0x0014
10-13 09:34:28.251: W/NearbyDiscovery(4730): android.app.NotificationChannel class is not found
10-13 09:34:28.251: E/dalvikvm(4730): Could not find class 'android.app.ActivityManager$TaskDescription', referenced from method ukn.a
10-13 09:34:28.251: W/dalvikvm(4730): VFY: unable to resolve new-instance 3259 (Landroid/app/ActivityManager$TaskDescription;) in Lukn;
10-13 09:34:28.251: D/dalvikvm(4730): VFY: replacing opcode 0x22 at 0x0006
10-13 09:34:28.251: D/dalvikvm(4730): DexOpt: unable to opt direct call 0x2c7d at 0x20 in Lukn;.a
10-13 09:34:28.261: D/dalvikvm(4730): Trying to load lib /data/app-lib/com.google.android.gms-1/libleveldbjni.so 0x95075d18
10-13 09:34:28.261: I/dalvikvm(4710): Could not find method android.accounts.AccountManager.removeAccountExplicitly, referenced from method edl.a
10-13 09:34:28.261: W/dalvikvm(4710): VFY: unable to resolve virtual method 2871: Landroid/accounts/AccountManager;.removeAccountExplicitly (Landroid/accounts/Account;)Z
10-13 09:34:28.261: D/dalvikvm(4710): VFY: replacing opcode 0x6e at 0x000c
10-13 09:34:28.271: W/dalvikvm(4710): VFY: unable to find class referenced in signature (Landroid/app/NotificationChannel;)
10-13 09:34:28.271: I/dalvikvm(4710): Could not find method android.app.NotificationManager.createNotificationChannel, referenced from method jiq.a
10-13 09:34:28.271: W/dalvikvm(4710): VFY: unable to resolve virtual method 3121: Landroid/app/NotificationManager;.createNotificationChannel (Landroid/app/NotificationChannel;)V
10-13 09:34:28.271: D/dalvikvm(4710): VFY: replacing opcode 0x6e at 0x0008
10-13 09:34:28.271: I/dalvikvm(4710): Could not find method android.app.Notification.getChannelId, referenced from method jiq.a
10-13 09:34:28.271: W/dalvikvm(4710): VFY: unable to resolve virtual method 3115: Landroid/app/Notification;.getChannelId ()Ljava/lang/String;
10-13 09:34:28.271: D/dalvikvm(4710): VFY: replacing opcode 0x6e at 0x001d
10-13 09:34:28.271: D/dalvikvm(4710): DexOpt: unable to opt direct call 0x0c2d at 0x38 in Ljiq;.a
10-13 09:34:28.281: W/ChimeraUtils(4710): Non Chimera context
10-13 09:34:28.311: D/dalvikvm(4730): GC_CONCURRENT freed 433K, 9% free 5167K/5652K, paused 16ms+19ms, total 40ms
10-13 09:34:28.311: I/dalvikvm(4710): Could not find method android.app.admin.DevicePolicyManager.isProfileOwnerApp, referenced from method ffa.b
10-13 09:34:28.311: W/dalvikvm(4710): VFY: unable to resolve virtual method 3202: Landroid/app/admin/DevicePolicyManager;.isProfileOwnerApp (Ljava/lang/String;)Z
10-13 09:34:28.311: D/dalvikvm(4710): VFY: replacing opcode 0x6e at 0x0011
10-13 09:34:28.311: I/dalvikvm(4710): Could not find method android.app.admin.DevicePolicyManager.getProfileOwner, referenced from method ffa.a
10-13 09:34:28.311: W/dalvikvm(4710): VFY: unable to resolve virtual method 3200: Landroid/app/admin/DevicePolicyManager;.getProfileOwner ()Landroid/content/ComponentName;
10-13 09:34:28.311: D/dalvikvm(4710): VFY: replacing opcode 0x6e at 0x0012
10-13 09:34:28.311: D/BluetoothManagerService(1706): Message: 20
10-13 09:34:28.311: D/BluetoothManagerService(1706): Added callback: android.bluetooth.IBluetoothManagerCallback$Stub$Proxy@9567cbd0:true
10-13 09:34:28.321: D/dalvikvm(4730): Added shared lib /data/app-lib/com.google.android.gms-1/libleveldbjni.so 0x95075d18
10-13 09:34:28.361: D/dalvikvm(4710): GC_CONCURRENT freed 367K, 8% free 5025K/5444K, paused 1ms+1ms, total 8ms
10-13 09:34:28.371: I/Auth(4710): [ReflectiveChannelBinder] Successfully bound channel!
10-13 09:34:28.431: I/GoogleURLConnFactory(4710): Using platform SSLCertificateSocketFactory
10-13 09:34:28.441: E/BaseAppContext(4710): Tried to stop global GMSCore RequestQueue. This is likely unintended, so ignoring.
10-13 09:34:28.511: D/dalvikvm(1706): GC_CONCURRENT freed 1513K, 17% free 9720K/11636K, paused 0ms+51ms, total 82ms
10-13 09:34:28.521: D/dalvikvm(1706): WAIT_FOR_CONCURRENT_GC blocked 75ms
10-13 09:34:28.521: D/dalvikvm(1706): WAIT_FOR_CONCURRENT_GC blocked 72ms
10-13 09:34:28.531: I/DynamiteModule(4710): Considering local module com.google.android.gms.googlecertificates:4 and remote module com.google.android.gms.googlecertificates:4
10-13 09:34:28.531: I/DynamiteModule(4710): Selected local version of com.google.android.gms.googlecertificates
10-13 09:34:28.541: I/GceGrallocRegionRegistry(1706): Unmapped gralloc-1332.24 hnd=0xb8b54c90 fd=169 base=0x79154000
10-13 09:34:28.541: I/GceGrallocRegionRegistry(1332): Unmapped gralloc-1332.24 hnd=0xb8fcbe70 fd=24 base=0xac9b0000
10-13 09:34:28.541: I/GceGrallocRegionRegistry(1706): Unmapped gralloc-1332.26 hnd=0xb8a430c0 fd=168 base=0x78248000
10-13 09:34:28.571: I/Auth(4710): [ReflectiveChannelBinder] Successfully bound channel!
10-13 09:34:28.571: D/dalvikvm(4710): GC_CONCURRENT freed 447K, 9% free 5243K/5748K, paused 0ms+1ms, total 16ms
10-13 09:34:28.571: I/GeofencerStateMachine(4730): Network location disabled.
10-13 09:34:28.571: I/Choreographer(4694): Skipped 56 frames!  The application may be doing too much work on its main thread.
10-13 09:34:28.571: I/GceGrallocRegionRegistry(1332): Mapped gralloc-1332.29 hnd=0xb9085c80 fd=24 base=0xac9b0000 format=RGBA_8888(0x1) width=1600 height=2464
10-13 09:34:28.571: I/GceGrallocRegionRegistry(4694): Mapped gralloc-1332.29 hnd=0xb8c4d220 fd=47 base=0x792b4000 format=RGBA_8888(0x1) width=1600 height=2464
10-13 09:34:28.611: D/dalvikvm(1886): GC_FOR_ALLOC freed 508K, 15% free 10379K/12100K, paused 151ms, total 151ms
10-13 09:34:28.611: I/GceGrallocRegionRegistry(1332): Unmapped gralloc-1332.26 hnd=0xb90b31f0 fd=39 base=0xa5a2d000
10-13 09:34:28.651: I/ActivityManager(1706): Start proc com.google.android.gms.unstable for service com.google.android.gms/.droidguard.DroidGuardService: pid=4884 uid=10008 gids={50008, 3003, 1007, 1028, 1015, 3002, 3001, 3007, 2001, 3006}
10-13 09:34:28.691: D/dalvikvm(4730): GC_CONCURRENT freed 347K, 7% free 5450K/5824K, paused 2ms+1ms, total 24ms
10-13 09:34:28.721: W/dalvikvm(4884): VFY: unable to resolve static field 332 (PR_SET_DUMPABLE) in Landroid/system/OsConstants;
10-13 09:34:28.721: D/dalvikvm(4884): VFY: replacing opcode 0x60 at 0x0009
10-13 09:34:28.721: I/dalvikvm(4884): Could not find method android.content.Context.getSystemService, referenced from method ni.a
10-13 09:34:28.721: W/dalvikvm(4884): VFY: unable to resolve virtual method 715: Landroid/content/Context;.getSystemService (Ljava/lang/Class;)Ljava/lang/Object;
10-13 09:34:28.721: D/dalvikvm(4884): VFY: replacing opcode 0x6e at 0x0008
10-13 09:34:28.721: I/dalvikvm(4884): Could not find method android.content.Context.createDeviceProtectedStorageContext, referenced from method iyb.a
10-13 09:34:28.721: W/dalvikvm(4884): VFY: unable to resolve virtual method 689: Landroid/content/Context;.createDeviceProtectedStorageContext ()Landroid/content/Context;
10-13 09:34:28.721: D/dalvikvm(4884): VFY: replacing opcode 0x6e at 0x0029
10-13 09:34:28.721: I/dalvikvm(4884): Could not find method android.content.Context.getSystemService, referenced from method iyb.b
10-13 09:34:28.721: W/dalvikvm(4884): VFY: unable to resolve virtual method 715: Landroid/content/Context;.getSystemService (Ljava/lang/Class;)Ljava/lang/Object;
10-13 09:34:28.721: D/dalvikvm(4884): VFY: replacing opcode 0x6e at 0x000b
10-13 09:34:28.721: I/dalvikvm(4884): Could not find method android.content.Context.isDeviceProtectedStorage, referenced from method xtw.a
10-13 09:34:28.721: W/dalvikvm(4884): VFY: unable to resolve virtual method 720: Landroid/content/Context;.isDeviceProtectedStorage ()Z
10-13 09:34:28.721: D/dalvikvm(4884): VFY: replacing opcode 0x6e at 0x0009
10-13 09:34:28.721: I/dalvikvm(4884): Could not find method android.content.Context.isDeviceProtectedStorage, referenced from method xtw.c
10-13 09:34:28.721: W/dalvikvm(4884): VFY: unable to resolve virtual method 720: Landroid/content/Context;.isDeviceProtectedStorage ()Z
10-13 09:34:28.721: D/dalvikvm(4884): VFY: replacing opcode 0x6e at 0x0063
10-13 09:34:28.721: I/dalvikvm(4884): Could not find method android.os.PowerManager.isInteractive, referenced from method ivo.a
10-13 09:34:28.721: W/dalvikvm(4884): VFY: unable to resolve virtual method 1266: Landroid/os/PowerManager;.isInteractive ()Z
10-13 09:34:28.721: D/dalvikvm(4884): VFY: replacing opcode 0x6e at 0x0012
10-13 09:34:28.721: I/dalvikvm(4884): Could not find method android.content.ContextWrapper.createCredentialProtectedStorageContext, referenced from method com.google.android.chimera.ModuleContext.createCredentialProtectedStorageContext
10-13 09:34:28.721: W/dalvikvm(4884): VFY: unable to resolve virtual method 738: Landroid/content/ContextWrapper;.createCredentialProtectedStorageContext ()Landroid/content/Context;
10-13 09:34:28.721: D/dalvikvm(4884): VFY: replacing opcode 0x6f at 0x0002
10-13 09:34:28.721: I/dalvikvm(4884): Could not find method android.content.ContextWrapper.createDeviceProtectedStorageContext, referenced from method com.google.android.chimera.ModuleContext.createDeviceProtectedStorageContext
10-13 09:34:28.721: W/dalvikvm(4884): VFY: unable to resolve virtual method 739: Landroid/content/ContextWrapper;.createDeviceProtectedStorageContext ()Landroid/content/Context;
10-13 09:34:28.721: D/dalvikvm(4884): VFY: replacing opcode 0x6f at 0x0002
10-13 09:34:28.721: I/dalvikvm(4884): Could not find method android.content.Context.isCredentialProtectedStorage, referenced from method buu.a
10-13 09:34:28.721: W/dalvikvm(4884): VFY: unable to resolve virtual method 719: Landroid/content/Context;.isCredentialProtectedStorage ()Z
10-13 09:34:28.721: D/dalvikvm(4884): VFY: replacing opcode 0x6e at 0x0000
10-13 09:34:28.721: I/dalvikvm(4884): Could not find method android.os.UserManager.isUserUnlocked, referenced from method buu.a
10-13 09:34:28.721: W/dalvikvm(4884): VFY: unable to resolve virtual method 1312: Landroid/os/UserManager;.isUserUnlocked ()Z
10-13 09:34:28.721: D/dalvikvm(4884): VFY: replacing opcode 0x6e at 0x001a
10-13 09:34:28.721: I/dalvikvm(4884): Could not find method android.content.Context.isDeviceProtectedStorage, referenced from method buu.b
10-13 09:34:28.721: W/dalvikvm(4884): VFY: unable to resolve virtual method 720: Landroid/content/Context;.isDeviceProtectedStorage ()Z
10-13 09:34:28.721: D/dalvikvm(4884): VFY: replacing opcode 0x6e at 0x0000
10-13 09:34:28.721: I/dalvikvm(4884): Could not find method android.content.Context.isDeviceProtectedStorage, referenced from method buu.c
10-13 09:34:28.721: W/dalvikvm(4884): VFY: unable to resolve virtual method 720: Landroid/content/Context;.isDeviceProtectedStorage ()Z
10-13 09:34:28.721: D/dalvikvm(4884): VFY: replacing opcode 0x6e at 0x0000
10-13 09:34:28.741: I/MultiDex(4884): VM with version 1.6.0 does not have multidex support
10-13 09:34:28.741: I/MultiDex(4884): install
10-13 09:34:28.741: I/MultiDex(4884): MultiDexExtractor.load(/data/app/com.google.android.gms-1.apk, false)
10-13 09:34:28.741: I/MultiDex(4884): Blocking on lock /data/data/com.google.android.gms/code_cache/secondary-dexes/MultiDex.lock
10-13 09:34:28.741: I/MultiDex(4884): /data/data/com.google.android.gms/code_cache/secondary-dexes/MultiDex.lock locked
10-13 09:34:28.751: I/MultiDex(4884): loading existing secondary dex files
10-13 09:34:28.751: I/MultiDex(4884): load found 4 secondary dex files
10-13 09:34:28.751: I/MultiDex(4884): install done
10-13 09:34:28.761: I/dalvikvm(4884): Could not find method android.content.Context.isDeviceProtectedStorage, referenced from method jrg.d
10-13 09:34:28.761: W/dalvikvm(4884): VFY: unable to resolve virtual method 720: Landroid/content/Context;.isDeviceProtectedStorage ()Z
10-13 09:34:28.761: D/dalvikvm(4884): VFY: replacing opcode 0x6e at 0x0006
10-13 09:34:28.761: I/dalvikvm(4884): Could not find method android.os.UserHandle.isOwner, referenced from method jrg.h
10-13 09:34:28.761: W/dalvikvm(4884): VFY: unable to resolve virtual method 1305: Landroid/os/UserHandle;.isOwner ()Z
10-13 09:34:28.761: D/dalvikvm(4884): VFY: replacing opcode 0x6e at 0x000a
10-13 09:34:28.791: I/dalvikvm(4884): Could not find method android.content.pm.PackageManager.isInstantApp, referenced from method jwv.a
10-13 09:34:28.791: W/dalvikvm(4884): VFY: unable to resolve virtual method 836: Landroid/content/pm/PackageManager;.isInstantApp (Ljava/lang/String;)Z
10-13 09:34:28.791: D/dalvikvm(4884): VFY: replacing opcode 0x6e at 0x002d
10-13 09:34:28.811: D/dalvikvm(4884): GC_CONCURRENT freed 270K, 10% free 3127K/3460K, paused 7ms+1ms, total 10ms
10-13 09:34:28.811: I/dalvikvm(4884): Could not find method android.content.ContextWrapper.createCredentialProtectedStorageContext, referenced from method jjp.createCredentialProtectedStorageContext
10-13 09:34:28.811: W/dalvikvm(4884): VFY: unable to resolve virtual method 738: Landroid/content/ContextWrapper;.createCredentialProtectedStorageContext ()Landroid/content/Context;
10-13 09:34:28.811: D/dalvikvm(4884): VFY: replacing opcode 0x6f at 0x0002
10-13 09:34:28.811: I/dalvikvm(4884): Could not find method android.content.ContextWrapper.createDeviceProtectedStorageContext, referenced from method jjp.createDeviceProtectedStorageContext
10-13 09:34:28.811: W/dalvikvm(4884): VFY: unable to resolve virtual method 739: Landroid/content/ContextWrapper;.createDeviceProtectedStorageContext ()Landroid/content/Context;
10-13 09:34:28.811: D/dalvikvm(4884): VFY: replacing opcode 0x6f at 0x0002
10-13 09:34:28.821: D/dalvikvm(4884): DexOpt: couldn't find static field Landroid/os/Build;.SUPPORTED_ABIS
10-13 09:34:28.821: W/dalvikvm(4884): VFY: unable to resolve static field 313 (SUPPORTED_ABIS) in Landroid/os/Build;
10-13 09:34:28.821: D/dalvikvm(4884): VFY: replacing opcode 0x62 at 0x0008
10-13 09:34:28.821: D/dalvikvm(4884): DexOpt: couldn't find static field Landroid/os/Build;.SUPPORTED_ABIS
10-13 09:34:28.821: W/dalvikvm(4884): VFY: unable to resolve static field 313 (SUPPORTED_ABIS) in Landroid/os/Build;
10-13 09:34:28.821: D/dalvikvm(4884): VFY: replacing opcode 0x62 at 0x0097
10-13 09:34:28.821: D/dalvikvm(4884): DexOpt: couldn't find field Landroid/content/pm/ApplicationInfo;.splitSourceDirs
10-13 09:34:28.821: W/dalvikvm(4884): VFY: unable to resolve instance field 243
10-13 09:34:28.821: D/dalvikvm(4884): VFY: replacing opcode 0x54 at 0x0053
10-13 09:34:28.821: D/dalvikvm(4884): Trying to load lib /data/app-lib/com.google.android.gms-1/libgmscore.so 0x95063870
10-13 09:34:28.821: D/dalvikvm(4884): Added shared lib /data/app-lib/com.google.android.gms-1/libgmscore.so 0x95063870
10-13 09:34:28.821: D/dalvikvm(4884): No JNI_OnLoad found in /data/app-lib/com.google.android.gms-1/libgmscore.so 0x95063870, skipping init
10-13 09:34:28.821: D/dalvikvm(4884): Trying to load lib /data/app-lib/com.google.android.gms-1/libconscrypt_gmscore_jni.so 0x95063870
10-13 09:34:28.821: D/dalvikvm(4884): Added shared lib /data/app-lib/com.google.android.gms-1/libconscrypt_gmscore_jni.so 0x95063870
10-13 09:34:28.821: V/NativeCrypto(4884): Registering com/google/android/gms/org/conscrypt/NativeCrypto's 259 native methods...
10-13 09:34:28.821: E/dalvikvm(4884): Could not find class 'javax.net.ssl.SNIServerName', referenced from method com.google.android.gms.org.conscrypt.Platform.getSniHostnameFromParams
10-13 09:34:28.821: W/dalvikvm(4884): VFY: unable to resolve check-cast 3056 (Ljavax/net/ssl/SNIServerName;) in Lcom/google/android/gms/org/conscrypt/Platform;
10-13 09:34:28.821: D/dalvikvm(4884): VFY: replacing opcode 0x1f at 0x0025
10-13 09:34:28.821: E/dalvikvm(4884): Could not find class 'javax.net.ssl.SNIHostName', referenced from method com.google.android.gms.org.conscrypt.Platform.setParametersSniHostname
10-13 09:34:28.821: W/dalvikvm(4884): VFY: unable to resolve new-instance 3055 (Ljavax/net/ssl/SNIHostName;) in Lcom/google/android/gms/org/conscrypt/Platform;
10-13 09:34:28.821: D/dalvikvm(4884): VFY: replacing opcode 0x22 at 0x0024
10-13 09:34:28.821: E/dalvikvm(4884): Could not find class 'javax.net.ssl.SNIHostName', referenced from method com.google.android.gms.org.conscrypt.Platform.setParametersSniHostname
10-13 09:34:28.821: W/dalvikvm(4884): VFY: unable to resolve new-instance 3055 (Ljavax/net/ssl/SNIHostName;) in Lcom/google/android/gms/org/conscrypt/Platform;
10-13 09:34:28.821: D/dalvikvm(4884): VFY: replacing opcode 0x22 at 0x0024
10-13 09:34:28.821: W/dalvikvm(4884): Unable to resolve superclass of Lcom/google/android/gms/org/conscrypt/OpenSSLExtendedSessionImpl; (3046)
10-13 09:34:28.821: W/dalvikvm(4884): Link of class 'Lcom/google/android/gms/org/conscrypt/OpenSSLExtendedSessionImpl;' failed
10-13 09:34:28.821: E/dalvikvm(4884): Could not find class 'com.google.android.gms.org.conscrypt.OpenSSLExtendedSessionImpl', referenced from method com.google.android.gms.org.conscrypt.Platform.unwrapSSLSession
10-13 09:34:28.821: W/dalvikvm(4884): VFY: unable to resolve instanceof 1717 (Lcom/google/android/gms/org/conscrypt/OpenSSLExtendedSessionImpl;) in Lcom/google/android/gms/org/conscrypt/Platform;
10-13 09:34:28.821: D/dalvikvm(4884): VFY: replacing opcode 0x20 at 0x0007
10-13 09:34:28.821: W/dalvikvm(4884): Unable to resolve superclass of Lcom/google/android/gms/org/conscrypt/OpenSSLExtendedSessionImpl; (3046)
10-13 09:34:28.821: W/dalvikvm(4884): Link of class 'Lcom/google/android/gms/org/conscrypt/OpenSSLExtendedSessionImpl;' failed
10-13 09:34:28.821: E/dalvikvm(4884): Could not find class 'com.google.android.gms.org.conscrypt.OpenSSLExtendedSessionImpl', referenced from method com.google.android.gms.org.conscrypt.Platform.wrapSSLSession
10-13 09:34:28.821: W/dalvikvm(4884): VFY: unable to resolve new-instance 1717 (Lcom/google/android/gms/org/conscrypt/OpenSSLExtendedSessionImpl;) in Lcom/google/android/gms/org/conscrypt/Platform;
10-13 09:34:28.821: D/dalvikvm(4884): VFY: replacing opcode 0x22 at 0x0007
10-13 09:34:28.821: D/dalvikvm(4884): DexOpt: unable to opt direct call 0x3b63 at 0x2a in Lcom/google/android/gms/org/conscrypt/Platform;.setParametersSniHostname
10-13 09:34:28.821: D/dalvikvm(4884): DexOpt: unable to opt direct call 0x3b63 at 0x2a in Lcom/google/android/gms/org/conscrypt/Platform;.setParametersSniHostname
10-13 09:34:28.821: W/dalvikvm(4884): Unable to resolve superclass of Lcom/google/android/gms/org/conscrypt/OpenSSLExtendedSessionImpl; (3046)
10-13 09:34:28.821: W/dalvikvm(4884): Link of class 'Lcom/google/android/gms/org/conscrypt/OpenSSLExtendedSessionImpl;' failed
10-13 09:34:28.821: D/dalvikvm(4884): DexOpt: unable to opt direct call 0x2490 at 0x09 in Lcom/google/android/gms/org/conscrypt/Platform;.wrapSSLSession
10-13 09:34:28.831: W/dalvikvm(4730): VFY: unable to find class referenced in signature (Landroid/bluetooth/le/BluetoothLeAdvertiser;)
10-13 09:34:28.831: E/dalvikvm(4730): Could not find class 'android.bluetooth.le.AdvertiseSettings$Builder', referenced from method artm.a
10-13 09:34:28.831: W/dalvikvm(4730): VFY: unable to resolve new-instance 6158 (Landroid/bluetooth/le/AdvertiseSettings$Builder;) in Lartm;
10-13 09:34:28.831: D/dalvikvm(4730): VFY: replacing opcode 0x22 at 0x0016
10-13 09:34:28.831: D/dalvikvm(4730): DexOpt: unable to opt direct call 0x6c97 at 0x18 in Lartm;.a
10-13 09:34:28.831: D/dalvikvm(4730): DexOpt: unable to opt direct call 0x6c92 at 0x2e in Lartm;.a
10-13 09:34:28.831: W/dalvikvm(4730): Unable to resolve superclass of Lartl; (6155)
10-13 09:34:28.831: W/dalvikvm(4730): Link of class 'Lartl;' failed
10-13 09:34:28.831: D/dalvikvm(4730): DexOpt: unable to opt direct call 0xac30 at 0x4d in Lartm;.a
10-13 09:34:28.831: D/dalvikvm(4884): GC_CONCURRENT freed 360K, 12% free 3208K/3620K, paused 0ms+4ms, total 7ms
10-13 09:34:28.841: W/dalvikvm(4730): VFY: unable to find class referenced in signature (Landroid/bluetooth/le/BluetoothLeScanner;)
10-13 09:34:28.841: E/dalvikvm(4730): Could not find class 'android.bluetooth.le.ScanSettings$Builder', referenced from method artb.c
10-13 09:34:28.841: W/dalvikvm(4730): VFY: unable to resolve new-instance 6167 (Landroid/bluetooth/le/ScanSettings$Builder;) in Lartb;
10-13 09:34:28.841: D/dalvikvm(4730): VFY: replacing opcode 0x22 at 0x00fb
10-13 09:34:28.841: D/dalvikvm(4730): DexOpt: unable to opt direct call 0x6cb0 at 0xfd in Lartb;.c
10-13 09:34:28.861: I/dalvikvm(4730): Could not find method android.accounts.AccountManager.getPreviousName, referenced from method akhz.a
10-13 09:34:28.861: W/dalvikvm(4730): VFY: unable to resolve virtual method 27490: Landroid/accounts/AccountManager;.getPreviousName (Landroid/accounts/Account;)Ljava/lang/String;
10-13 09:34:28.861: D/dalvikvm(4730): VFY: replacing opcode 0x6e at 0x0008
