10-13 09:34:37.391: E/IntentOperationSvc(4681): 	at com.google.android.gms.people.service.SettingsChangedBroadcastIntentOperation.<init>(:com.google.android.gms@11519070:2)
10-13 09:34:37.391: E/IntentOperationSvc(4681): 	... 7 more
10-13 09:34:37.391: W/OcrModelUpStIntentOp(4681): Invalid action: com.google.android.gms.phenotype.COMMITTED
10-13 09:34:37.391: I/PTCommittedOperation(4730): Receive new configuration for com.google.android.gms.telephonyspam
10-13 09:34:37.411: W/NetRec(4730): [249] ConfigChangedIntentOperation.onHandleIntent: Device does not support scoring, exiting
10-13 09:34:37.421: E/IntentOperationSvc(4681): Failed to instantiate Chimera operation impl com.google.android.gms.people.service.SettingsChangedBroadcastIntentOperation, dropping operation
10-13 09:34:37.421: E/IntentOperationSvc(4681): java.lang.reflect.InvocationTargetException
10-13 09:34:37.421: E/IntentOperationSvc(4681): 	at java.lang.reflect.Constructor.constructNative(Native Method)
10-13 09:34:37.421: E/IntentOperationSvc(4681): 	at java.lang.reflect.Constructor.newInstance(Constructor.java:423)
10-13 09:34:37.421: E/IntentOperationSvc(4681): 	at bvt.a(:com.google.android.gms@11519070:8)
10-13 09:34:37.421: E/IntentOperationSvc(4681): 	at bvu.run(:com.google.android.gms@11519070:69)
10-13 09:34:37.421: E/IntentOperationSvc(4681): 	at java.util.concurrent.ThreadPoolExecutor.runWorker(ThreadPoolExecutor.java:1112)
10-13 09:34:37.421: E/IntentOperationSvc(4681): 	at java.util.concurrent.ThreadPoolExecutor$Worker.run(ThreadPoolExecutor.java:587)
10-13 09:34:37.421: E/IntentOperationSvc(4681): 	at java.lang.Thread.run(Thread.java:841)
10-13 09:34:37.421: E/IntentOperationSvc(4681): Caused by: java.lang.NullPointerException
10-13 09:34:37.421: E/IntentOperationSvc(4681): 	at android.content.ContextWrapper.getSharedPreferences(ContextWrapper.java:173)
10-13 09:34:37.421: E/IntentOperationSvc(4681): 	at wae.a(:com.google.android.gms@11519070:6)
10-13 09:34:37.421: E/IntentOperationSvc(4681): 	at com.google.android.gms.people.service.SettingsChangedBroadcastIntentOperation.<init>(:com.google.android.gms@11519070:2)
10-13 09:34:37.421: E/IntentOperationSvc(4681): 	... 7 more
10-13 09:34:37.421: W/OcrModelUpStIntentOp(4681): Invalid action: com.google.android.gms.phenotype.COMMITTED
10-13 09:34:37.421: I/PTCommittedOperation(4730): Receive new configuration for com.google.android.gms.auth.api.credentials
10-13 09:34:37.431: W/ActivityManager(1706): No content provider found for permission revoke: file:///data/local/tmp/app1271318868191969885.apk
10-13 09:34:37.431: I/PackageManager(1706): Copying native libraries to /data/app-lib/vmdl-266328326
10-13 09:34:37.441: E/MS_RegisterService(4681): Exception during register request.
10-13 09:34:37.441: E/MS_RegisterService(4681): awbu: INVALID_ARGUMENT: Application credential header not valid. Please fix the client to pass a valid application credential header.
10-13 09:34:37.441: E/MS_RegisterService(4681): 	at awbq.c(:com.google.android.gms@11519070:3)
10-13 09:34:37.441: E/MS_RegisterService(4681): 	at jkh.a(:com.google.android.gms@11519070:63)
10-13 09:34:37.441: E/MS_RegisterService(4681): 	at com.google.android.libraries.matchstick.net.SilentRegisterIntentOperation.a(:com.google.android.gms@11519070:226)
10-13 09:34:37.441: E/MS_RegisterService(4681): 	at com.google.android.libraries.matchstick.net.SilentRegisterIntentOperation.onHandleIntent(:com.google.android.gms@11519070:291)
10-13 09:34:37.441: E/MS_RegisterService(4681): 	at com.google.android.chimera.IntentOperation.onHandleIntent(:com.google.android.gms@11519070:2)
10-13 09:34:37.441: E/MS_RegisterService(4681): 	at bvr.run(:com.google.android.gms@11519070:10)
10-13 09:34:37.441: E/MS_RegisterService(4681): 	at bvo.run(:com.google.android.gms@11519070:14)
10-13 09:34:37.441: E/MS_RegisterService(4681): 	at java.util.concurrent.ThreadPoolExecutor.runWorker(ThreadPoolExecutor.java:1112)
10-13 09:34:37.441: E/MS_RegisterService(4681): 	at java.util.concurrent.ThreadPoolExecutor$Worker.run(ThreadPoolExecutor.java:587)
10-13 09:34:37.441: E/MS_RegisterService(4681): 	at java.lang.Thread.run(Thread.java:841)
10-13 09:34:37.461: D/Volley(4972): [1] Request.finish: 4037 ms: [ ] https://android.clients.google.com/fdfe/replicateLibrary 0xe8d195d1 NORMAL 3
10-13 09:34:37.461: W/NetRec(4730): [249] ConfigChangedIntentOperation.onHandleIntent: Device does not support scoring, exiting
10-13 09:34:37.461: W/NetRec(4730): [249] ConfigChangedIntentOperation.onHandleIntent: Device does not support scoring, exiting
10-13 09:34:37.461: W/OcrModelUpStIntentOp(4681): Invalid action: com.google.android.gms.phenotype.COMMITTED
10-13 09:34:37.461: E/IntentOperationSvc(4681): Failed to instantiate Chimera operation impl com.google.android.gms.people.service.SettingsChangedBroadcastIntentOperation, dropping operation
10-13 09:34:37.461: E/IntentOperationSvc(4681): java.lang.reflect.InvocationTargetException
10-13 09:34:37.461: E/IntentOperationSvc(4681): 	at java.lang.reflect.Constructor.constructNative(Native Method)
10-13 09:34:37.461: E/IntentOperationSvc(4681): 	at java.lang.reflect.Constructor.newInstance(Constructor.java:423)
10-13 09:34:37.461: E/IntentOperationSvc(4681): 	at bvt.a(:com.google.android.gms@11519070:8)
10-13 09:34:37.461: E/IntentOperationSvc(4681): 	at bvu.run(:com.google.android.gms@11519070:69)
10-13 09:34:37.461: E/IntentOperationSvc(4681): 	at java.util.concurrent.ThreadPoolExecutor.runWorker(ThreadPoolExecutor.java:1112)
10-13 09:34:37.461: E/IntentOperationSvc(4681): 	at java.util.concurrent.ThreadPoolExecutor$Worker.run(ThreadPoolExecutor.java:587)
10-13 09:34:37.461: E/IntentOperationSvc(4681): 	at java.lang.Thread.run(Thread.java:841)
10-13 09:34:37.461: E/IntentOperationSvc(4681): Caused by: java.lang.NullPointerException
10-13 09:34:37.461: E/IntentOperationSvc(4681): 	at android.content.ContextWrapper.getSharedPreferences(ContextWrapper.java:173)
10-13 09:34:37.461: E/IntentOperationSvc(4681): 	at wae.a(:com.google.android.gms@11519070:6)
10-13 09:34:37.461: E/IntentOperationSvc(4681): 	at com.google.android.gms.people.service.SettingsChangedBroadcastIntentOperation.<init>(:com.google.android.gms@11519070:2)
10-13 09:34:37.461: E/IntentOperationSvc(4681): 	... 7 more
10-13 09:34:37.471: I/PTCommittedOperation(4730): Receive new configuration for com.google.android.gms.octarine
10-13 09:34:37.481: D/Finsky(4972): [1] 3.onMutationsApplied: App library has changed, requesting content sync.
10-13 09:34:37.481: D/Finsky(4972): [1] CheckWifiAndAutoUpdate.cancelCheck: Cancelling auto-update wifi check.
10-13 09:34:37.541: W/NetRec(4730): [249] ConfigChangedIntentOperation.onHandleIntent: Device does not support scoring, exiting
10-13 09:34:37.541: E/IntentOperationSvc(4681): Failed to instantiate Chimera operation impl com.google.android.gms.people.service.SettingsChangedBroadcastIntentOperation, dropping operation
10-13 09:34:37.541: E/IntentOperationSvc(4681): java.lang.reflect.InvocationTargetException
10-13 09:34:37.541: E/IntentOperationSvc(4681): 	at java.lang.reflect.Constructor.constructNative(Native Method)
10-13 09:34:37.541: E/IntentOperationSvc(4681): 	at java.lang.reflect.Constructor.newInstance(Constructor.java:423)
10-13 09:34:37.541: E/IntentOperationSvc(4681): 	at bvt.a(:com.google.android.gms@11519070:8)
10-13 09:34:37.541: E/IntentOperationSvc(4681): 	at bvu.run(:com.google.android.gms@11519070:69)
10-13 09:34:37.541: E/IntentOperationSvc(4681): 	at java.util.concurrent.ThreadPoolExecutor.runWorker(ThreadPoolExecutor.java:1112)
10-13 09:34:37.541: E/IntentOperationSvc(4681): 	at java.util.concurrent.ThreadPoolExecutor$Worker.run(ThreadPoolExecutor.java:587)
10-13 09:34:37.541: E/IntentOperationSvc(4681): 	at java.lang.Thread.run(Thread.java:841)
10-13 09:34:37.541: E/IntentOperationSvc(4681): Caused by: java.lang.NullPointerException
10-13 09:34:37.541: E/IntentOperationSvc(4681): 	at android.content.ContextWrapper.getSharedPreferences(ContextWrapper.java:173)
10-13 09:34:37.541: E/IntentOperationSvc(4681): 	at wae.a(:com.google.android.gms@11519070:6)
10-13 09:34:37.541: E/IntentOperationSvc(4681): 	at com.google.android.gms.people.service.SettingsChangedBroadcastIntentOperation.<init>(:com.google.android.gms@11519070:2)
10-13 09:34:37.541: E/IntentOperationSvc(4681): 	... 7 more
10-13 09:34:37.541: W/OcrModelUpStIntentOp(4681): Invalid action: com.google.android.gms.phenotype.COMMITTED
10-13 09:34:37.541: W/PackageParser(1706): Unknown element under <manifest>: meta-data at /data/app/vmdl-266328326.tmp Binary XML file line #60
10-13 09:34:37.551: I/GAV2(5219): Thread[GAThread,5,main]: No campaign data found.
10-13 09:34:37.551: I/PTCommittedOperation(4730): Receive new configuration for com.google.android.gms.matchstick
10-13 09:34:37.571: D/dalvikvm(4972): GC_CONCURRENT freed 404K, 9% free 5818K/6384K, paused 1ms+1ms, total 6ms
10-13 09:34:37.591: W/NetRec(4730): [249] ConfigChangedIntentOperation.onHandleIntent: Device does not support scoring, exiting
10-13 09:34:37.601: E/IntentOperationSvc(4681): Failed to instantiate Chimera operation impl com.google.android.gms.people.service.SettingsChangedBroadcastIntentOperation, dropping operation
10-13 09:34:37.601: E/IntentOperationSvc(4681): java.lang.reflect.InvocationTargetException
10-13 09:34:37.601: E/IntentOperationSvc(4681): 	at java.lang.reflect.Constructor.constructNative(Native Method)
10-13 09:34:37.601: E/IntentOperationSvc(4681): 	at java.lang.reflect.Constructor.newInstance(Constructor.java:423)
10-13 09:34:37.601: E/IntentOperationSvc(4681): 	at bvt.a(:com.google.android.gms@11519070:8)
10-13 09:34:37.601: E/IntentOperationSvc(4681): 	at bvu.run(:com.google.android.gms@11519070:69)
10-13 09:34:37.601: E/IntentOperationSvc(4681): 	at java.util.concurrent.ThreadPoolExecutor.runWorker(ThreadPoolExecutor.java:1112)
10-13 09:34:37.601: E/IntentOperationSvc(4681): 	at java.util.concurrent.ThreadPoolExecutor$Worker.run(ThreadPoolExecutor.java:587)
10-13 09:34:37.601: E/IntentOperationSvc(4681): 	at java.lang.Thread.run(Thread.java:841)
10-13 09:34:37.601: E/IntentOperationSvc(4681): Caused by: java.lang.NullPointerException
10-13 09:34:37.601: E/IntentOperationSvc(4681): 	at android.content.ContextWrapper.getSharedPreferences(ContextWrapper.java:173)
10-13 09:34:37.601: E/IntentOperationSvc(4681): 	at wae.a(:com.google.android.gms@11519070:6)
10-13 09:34:37.601: E/IntentOperationSvc(4681): 	at com.google.android.gms.people.service.SettingsChangedBroadcastIntentOperation.<init>(:com.google.android.gms@11519070:2)
10-13 09:34:37.601: E/IntentOperationSvc(4681): 	... 7 more
10-13 09:34:37.601: W/OcrModelUpStIntentOp(4681): Invalid action: com.google.android.gms.phenotype.COMMITTED
10-13 09:34:37.601: I/PTCommittedOperation(4730): Receive new configuration for com.google.android.gms.ulr
10-13 09:34:37.601: I/GCoreUlr(4730): Starting service, intent=Intent { act=com.google.android.location.reporting.ACTION_UPDATE_WORLD cmp=com.google.android.gms/com.google.android.location.reporting.service.DispatchingService (has extras) }, extras=Bundle[{receiverAction=com.google.gservices.intent.action.GSERVICES_CHANGED}]
10-13 09:34:37.611: I/ProcessCheckinRequest(4681): REQUEST: b: "12345678902468"
10-13 09:34:37.611: I/ProcessCheckinRequest(4681): g: 3661257140027891324
10-13 09:34:37.611: I/ProcessCheckinRequest(4681): h: -4874556802792982532
10-13 09:34:37.611: I/ProcessCheckinRequest(4681): i: "1-24f435fe6722a216f8477f108677c65c0f5f0f85"
10-13 09:34:37.611: I/ProcessCheckinRequest(4681): j: "es"
10-13 09:34:37.611: I/ProcessCheckinRequest(4681): k <
10-13 09:34:37.611: I/ProcessCheckinRequest(4681):   a <
10-13 09:34:37.611: I/ProcessCheckinRequest(4681):     a: "generic/gce_x86_phone/gce_x86:4.4.4/KTU84P.KXG52/3751183:userdebug/test-keys"
10-13 09:34:37.611: I/ProcessCheckinRequest(4681):     b: "AVD_R1.0.0"
10-13 09:34:37.611: I/ProcessCheckinRequest(4681):     c: "unknown"
10-13 09:34:37.611: I/ProcessCheckinRequest(4681):     d: "gce_x86"
10-13 09:34:37.611: I/ProcessCheckinRequest(4681):     e: "generic"
10-13 09:34:37.611: I/ProcessCheckinRequest(4681):     f: "unknown"
10-13 09:34:37.611: I/ProcessCheckinRequest(4681):     g: 1487676095
10-13 09:34:37.611: I/ProcessCheckinRequest(4681):     h: 11519070
10-13 09:34:37.611: I/ProcessCheckinRequest(4681):     i: 19
10-13 09:34:37.611: I/ProcessCheckinRequest(4681):     j: "gce_x86"
10-13 09:34:37.611: I/ProcessCheckinRequest(4681):     k: "GCE x86 phone"
10-13 09:34:37.611: I/ProcessCheckinRequest(4681):     l: "unknown"
10-13 09:34:37.611: I/ProcessCheckinRequest(4681):     m: "gce_x86_phone"
10-13 09:34:37.611: I/ProcessCheckinRequest(4681):     n: false
10-13 09:34:37.611: I/ProcessCheckinRequest(4681):     o <
10-13 09:34:37.611: I/ProcessCheckinRequest(4681):       a: 2
10-13 09:34:37.611: I/ProcessCheckinRequest(4681):       b: "tablet-unknown"
10-13 09:34:37.611: I/ProcessCheckinRequest(4681):     >
10-13 09:34:37.611: I/ProcessCheckinRequest(4681):     o <
10-13 09:34:37.611: I/ProcessCheckinRequest(4681):       a: 4
10-13 09:34:37.611: I/ProcessCheckinRequest(4681):       b: "gmm-unknown"
10-13 09:34:37.611: I/ProcessCheckinRequest(4681):     >
10-13 09:34:37.611: I/ProcessCheckinRequest(4681):     o <
10-13 09:34:37.611: I/ProcessCheckinRequest(4681):       a: 6
10-13 09:34:37.611: I/ProcessCheckinRequest(4681):       b: "am-unknown"
10-13 09:34:37.611: I/ProcessCheckinRequest(4681):     >
10-13 09:34:37.611: I/ProcessCheckinRequest(4681):     o <
10-13 09:34:37.611: I/ProcessCheckinRequest(4681):       a: 1
10-13 09:34:37.611: I/ProcessCheckinRequest(4681):       b: "unknown"
10-13 09:34:37.611: I/ProcessCheckinRequest(4681):     >
10-13 09:34:37.611: I/ProcessCheckinRequest(4681):     o <
10-13 09:34:37.611: I/ProcessCheckinRequest(4681):       a: 9
10-13 09:34:37.611: I/ProcessCheckinRequest(4681):       b: "tablet-unknown"
10-13 09:34:37.611: I/ProcessCheckinRequest(4681):     >
10-13 09:34:37.611: I/ProcessCheckinRequest(4681):     o <
10-13 09:34:37.611: I/ProcessCheckinRequest(4681):       a: 5
10-13 09:34:37.611: I/ProcessCheckinRequest(4681):       b: "mvapp-unknown"
10-13 09:34:37.611: I/ProcessCheckinRequest(4681):     >
10-13 09:34:37.611: I/ProcessCheckinRequest(4681):   >
10-13 09:34:37.611: I/ProcessCheckinRequest(4681):   b: 1507833585708
10-13 09:34:37.611: I/ProcessCheckinRequest(4681):   e: "310260"
10-13 09:34:37.611: I/ProcessCheckinRequest(4681):   f: "310260"
10-13 09:34:37.611: I/ProcessCheckinRequest(4681):   g: "mobile:UMTS:"
10-13 09:34:37.611: I/ProcessCheckinRequest(4681):   i: 0
10-13 09:34:37.611: I/ProcessCheckinRequest(4681):   j: 1
10-13 09:34:37.611: I/ProcessCheckinRequest(4681):   k <
10-13 09:34:37.611: I/ProcessCheckinRequest(4681):     a: 4
10-13 09:34:37.611: I/ProcessCheckinRequest(4681):     b: 1
10-13 09:34:37.611: I/ProcessCheckinRequest(4681):     c: "unspecified"
10-13 09:34:37.611: I/ProcessCheckinRequest(4681):     d: ""
10-13 09:34:37.611: I/ProcessCheckinRequest(4681):     e: false
10-13 09:34:37.611: I/ProcessCheckinRequest(4681):   >
10-13 09:34:37.611: I/ProcessCheckinRequest(4681):   l <
10-13 09:34:37.611: I/ProcessCheckinRequest(4681):     a: "310260"
10-13 09:34:37.611: I/ProcessCheckinRequest(4681):     b: "Android"
10-13 09:34:37.611: I/ProcessCheckinRequest(4681):     c: "0"
10-13 09:34:37.611: I/ProcessCheckinRequest(4681):     d: 0
10-13 09:34:37.611: I/ProcessCheckinRequest(4681):     d: 1
10-13 09:34:37.611: I/ProcessCheckinRequest(4681):     d: 2
10-13 09:34:37.611: I/ProcessCheckinRequest(4681):     e: "310260123400000"
10-13 09:34:37.611: I/ProcessCheckinRequest(4681):     g: "\244\240"
10-13 09:34:37.611: I/ProcessCheckinRequest(4681):   >
10-13 09:34:37.611: I/ProcessCheckinRequest(4681): >
10-13 09:34:37.611: I/ProcessCheckinRequest(4681): l: "[4A2NI7OQOTX46RNLLDCZ5QQEKA-00@cloudtestlabaccounts.com]"
10-13 09:34:37.611: I/ProcessCheckinRequest(4681): m: "America/New_York"
10-13 09:34:37.611: I/ProcessCheckinRequest(4681): n: 7099841250262253686
10-13 09:34:37.611: I/ProcessCheckinRequest(4681): o: 3
10-13 09:34:37.611: I/ProcessCheckinRequest(4681): p: "71Q6Rn2DDZl1zPDVaaeEHItd+Yg="
10-13 09:34:37.611: I/ProcessCheckinRequest(4681): q <
10-13 09:34:37.611: I/ProcessCheckinRequest(4681):   a: 3
10-13 09:34:37.611: I/ProcessCheckinRequest(4681):   b: 2
10-13 09:34:37.611: I/ProcessCheckinRequest(4681):   c: 1
10-13 09:34:37.611: I/ProcessCheckinRequest(4681):   d: 4
10-13 09:34:37.611: I/ProcessCheckinRequest(4681):   e: true
10-13 09:34:37.611: I/ProcessCheckinRequest(4681):   f: false
10-13 09:34:37.611: I/ProcessCheckinRequest(4681):   g: 320
10-13 09:34:37.611: I/ProcessCheckinRequest(4681):   h: 1600
10-13 09:34:37.611: I/ProcessCheckinRequest(4681):   i: 2464
10-13 09:34:37.611: I/ProcessCheckinRequest(4681):   j: 131072
10-13 09:34:37.611: I/ProcessCheckinRequest(4681):   k: "android.test.runner"
10-13 09:34:37.611: I/ProcessCheckinRequest(4681):   k: "com.android.future.usb.accessory"
10-13 09:34:37.611: I/ProcessCheckinRequest(4681):   k: "com.android.location.provider"
10-13 09:34:37.611: I/ProcessCheckinRequest(4681):   k: "com.android.media.remotedisplay"
10-13 09:34:37.611: I/ProcessCheckinRequest(4681):   k: "com.google.android.camera2"
10-13 09:34:37.611: I/ProcessCheckinRequest(4681):   k: "com.google.android.gms"
10-13 09:34:37.611: I/ProcessCheckinRequest(4681):   k: "com.google.android.maps"
10-13 09:34:37.611: I/ProcessCheckinRequest(4681):   k: "com.google.android.media.effects"
10-13 09:34:37.611: I/ProcessCheckinRequest(4681):   k: "javax.obex"
10-13 09:34:37.611: I/ProcessCheckinRequest(4681):   l: "android.hardware.bluetooth"
10-13 09:34:37.611: I/ProcessCheckinRequest(4681):   l: "android.hardware.bluetooth_le"
10-13 09:34:37.611: I/ProcessCheckinRequest(4681):   l: "android.hardware.camera"
10-13 09:34:37.611: I/ProcessCheckinRequest(4681):   l: "android.hardware.camera.any"
10-13 09:34:37.611: I/ProcessCheckinRequest(4681):   l: "android.hardware.camera.autofocus"
10-13 09:34:37.611: I/ProcessCheckinRequest(4681):   l: "android.hardware.camera.flash"
10-13 09:34:37.611: I/ProcessCheckinRequest(4681):   l: "android.hardware.camera.front"
10-13 09:34:37.611: I/ProcessCheckinRequest(4681):   l: "android.hardware.faketouch"
10-13 09:34:37.611: I/ProcessCheckinRequest(4681):   l: "android.hardware.location"
10-13 09:34:37.611: I/ProcessCheckinRequest(4681):   l: "android.hardware.location.gps"
10-13 09:34:37.611: I/ProcessCheckinRequest(4681):   l: "android.hardware.location.network"
10-13 09:34:37.611: I/ProcessCheckinRequest(4681):   l: "android.hardware.microphone"
10-13 09:34:37.611: I/ProcessCheckinRequest(4681):   l: "android.hardware.screen.landscape"
10-13 09:34:37.611: I/ProcessCheckinRequest(4681):   l: "android.hardware.screen.portrait"
10-13 09:34:37.611: I/ProcessCheckinRequest(4681):   l: "android.hardware.sensor.accelerometer"
10-13 09:34:37.611: I/ProcessCheckinRequest(4681):   l: "android.hardware.sensor.barometer"
10-13 09:34:37.611: I/ProcessCheckinRequest(4681):   l: "android.hardware.sensor.compass"
10-13 09:34:37.611: I/ProcessCheckinRequest(4681):   l: "android.hardware.sensor.light"
10-13 09:34:37.611: I/ProcessCheckinRequest(4681):   l: "android.hardware.sensor.proximity"
10-13 09:34:37.611: I/ProcessCheckinRequest(4681):   l: "android.hardware.telephony"
10-13 09:34:37.611: I/ProcessCheckinRequest(4681):   l: "android.hardware.telephony.gsm"
10-13 09:34:37.611: I/ProcessCheckinRequest(4681):   l: "android.hardware.touchscreen"
10-13 09:34:37.611: I/ProcessCheckinRequest(4681):   l: "android.hardware.usb.accessory"
10-13 09:34:37.611: I/ProcessCheckinRequest(4681):   l: "android.hardware.wifi"
10-13 09:34:37.611: I/ProcessCheckinRequest(4681):   l: "android.software.app_widgets"
10-13 09:34:37.611: I/ProcessCheckinRequest(4681):   l: "android.software.device_admin"
10-13 09:34:37.611: I/ProcessCheckinRequest(4681):   l: "android.software.home_screen"
10-13 09:34:37.611: I/ProcessCheckinRequest(4681):   l: "android.software.input_methods"
10-13 09:34:37.611: I/ProcessCheckinRequest(4681):   l: "android.software.live_wallpaper"
10-13 09:34:37.611: I/ProcessCheckinRequest(4681):   l: "com.google.android.feature.EXCHANGE_6_2"
10-13 09:34:37.611: I/ProcessCheckinRequest(4681):   l: "com.google.android.feature.GOOGLE_BUILD"
10-13 09:34:37.611: I/ProcessCheckinRequest(4681):   l: "com.google.android.feature.GOOGLE_EXPERIENCE"
10-13 09:34:37.611: I/ProcessCheckinRequest(4681):   m <
10-13 09:34:37.611: I/ProcessCheckinRequest(4681):     a: "android.hardware.bluetooth"
10-13 09:34:37.611: I/ProcessCheckinRequest(4681):     b: 0
10-13 09:34:37.611: I/ProcessCheckinRequest(4681):   >
10-13 09:34:37.611: I/ProcessCheckinRequest(4681):   m <
10-13 09:34:37.611: I/ProcessCheckinRequest(4681):     a: "android.hardware.bluetooth_le"
10-13 09:34:37.611: I/ProcessCheckinRequest(4681):     b: 0
10-13 09:34:37.611: I/ProcessCheckinRequest(4681):   >
10-13 09:34:37.611: I/ProcessCheckinRequest(4681):   m <
10-13 09:34:37.611: I/ProcessCheckinRequest(4681):     a: "android.hardware.camera"
10-13 09:34:37.611: I/ProcessCheckinRequest(4681):     b: 0
10-13 09:34:37.611: I/ProcessCheckinRequest(4681):   >
10-13 09:34:37.611: I/ProcessCheckinRequest(4681):   m <
10-13 09:34:37.611: I/ProcessCheckinRequest(4681):     a: "android.hardware.camera.any"
10-13 09:34:37.611: I/ProcessCheckinRequest(4681):     b: 0
10-13 09:34:37.611: I/ProcessCheckinRequest(4681):   >
10-13 09:34:37.611: I/ProcessCheckinRequest(4681):   m <
10-13 09:34:37.611: I/ProcessCheckinRequest(4681):     a: "android.hardware.camera.autofocus"
10-13 09:34:37.611: I/ProcessCheckinRequest(4681):     b: 0
10-13 09:34:37.611: I/ProcessCheckinRequest(4681):   >
10-13 09:34:37.611: I/ProcessCheckinRequest(4681):   m <
10-13 09:34:37.611: I/ProcessCheckinRequest(4681):     a: "android.hardware.camera.flash"
10-13 09:34:37.611: I/ProcessCheckinRequest(4681):     b: 0
10-13 09:34:37.611: I/ProcessCheckinRequest(4681):   >
10-13 09:34:37.611: I/ProcessCheckinRequest(4681):   m <
10-13 09:34:37.611: I/ProcessCheckinRequest(4681):     a: "android.hardware.camera.front"
10-13 09:34:37.611: I/ProcessCheckinRequest(4681):     b: 0
10-13 09:34:37.611: I/ProcessCheckinRequest(4681):   >
10-13 09:34:37.611: I/ProcessCheckinRequest(4681):   m <
10-13 09:34:37.611: I/ProcessCheckinRequest(4681):     a: "android.hardware.faketouch"
10-13 09:34:37.611: I/ProcessCheckinRequest(4681):     b: 0
10-13 09:34:37.611: I/ProcessCheckinRequest(4681):   >
10-13 09:34:37.611: I/ProcessCheckinRequest(4681):   m <
10-13 09:34:37.611: I/ProcessCheckinRequest(4681):     a: "android.hardware.location"
10-13 09:34:37.611: I/ProcessCheckinRequest(4681):     b: 0
10-13 09:34:37.611: I/ProcessCheckinRequest(4681):   >
10-13 09:34:37.611: I/ProcessCheckinRequest(4681):   m <
10-13 09:34:37.611: I/ProcessCheckinRequest(4681):     a: "android.hardware.location.gps"
10-13 09:34:37.611: I/ProcessCheckinRequest(4681):     b: 0
10-13 09:34:37.611: I/ProcessCheckinRequest(4681):   >
10-13 09:34:37.611: I/ProcessCheckinRequest(4681):   m <
10-13 09:34:37.611: I/ProcessCheckinRequest(4681):     a: "android.hardware.location.network"
10-13 09:34:37.611: I/ProcessCheckinRequest(4681):     b: 0
10-13 09:34:37.611: I/ProcessCheckinRequest(4681):   >
10-13 09:34:37.611: I/ProcessCheckinRequest(4681):   m <
10-13 09:34:37.611: I/ProcessCheckinRequest(4681):     a: "android.hardware.microphone"
10-13 09:34:37.611: I/ProcessCheckinRequest(4681):     b: 0
10-13 09:34:37.611: I/ProcessCheckinRequest(4681):   >
10-13 09:34:37.611: I/ProcessCheckinRequest(4681):   m <
10-13 09:34:37.611: I/ProcessCheckinRequest(4681):     a: "android.hardware.screen.landscape"
10-13 09:34:37.611: I/ProcessCheckinRequest(4681):     b: 0
10-13 09:34:37.611: I/ProcessCheckinRequest(4681):   >
10-13 09:34:37.611: I/ProcessCheckinRequest(4681):   m <
10-13 09:34:37.611: I/ProcessCheckinRequest(4681):     a: "android.hardware.screen.portrait"
10-13 09:34:37.611: I/ProcessCheckinRequest(4681):     b: 0
10-13 09:34:37.611: I/ProcessCheckinRequest(4681):   >
10-13 09:34:37.611: I/ProcessCheckinRequest(4681):   m <
10-13 09:34:37.611: I/ProcessCheckinRequest(4681):     a: "android.hardware.sensor.accelerometer"
10-13 09:34:37.611: I/ProcessCheckinRequest(4681):     b: 0
10-13 09:34:37.611: I/ProcessCheckinRequest(4681):   >
10-13 09:34:37.611: I/ProcessCheckinRequest(4681):   m <
10-13 09:34:37.611: I/ProcessCheckinRequest(4681):     a: "android.hardware.sensor.barometer"
10-13 09:34:37.611: I/ProcessCheckinRequest(4681):     b: 0
10-13 09:34:37.611: I/ProcessCheckinRequest(4681):   >
10-13 09:34:37.611: I/ProcessCheckinRequest(4681):   m <
10-13 09:34:37.611: I/ProcessCheckinRequest(4681):     a: "android.hardware.sensor.compass"
10-13 09:34:37.611: I/ProcessCheckinRequest(4681):     b: 0
10-13 09:34:37.611: I/ProcessCheckinRequest(4681):   >
10-13 09:34:37.611: I/ProcessCheckinRequest(4681):   m <
10-13 09:34:37.611: I/ProcessCheckinRequest(4681):     a: "android.hardware.sensor.light"
10-13 09:34:37.611: I/ProcessCheckinRequest(4681):     b: 0
10-13 09:34:37.611: I/ProcessCheckinRequest(4681):   >
10-13 09:34:37.611: I/ProcessCheckinRequest(4681):   m <
10-13 09:34:37.611: I/ProcessCheckinRequest(4681):     a: "android.hardware.sensor.proximity"
10-13 09:34:37.611: I/ProcessCheckinRequest(4681):     b: 0
10-13 09:34:37.611: I/ProcessCheckinRequest(4681):   >
10-13 09:34:37.611: I/ProcessCheckinRequest(4681):   m <
10-13 09:34:37.611: I/ProcessCheckinRequest(4681):     a: "android.hardware.telephony"
10-13 09:34:37.611: I/ProcessCheckinRequest(4681):     b: 0
10-13 09:34:37.611: I/ProcessCheckinRequest(4681):   >
10-13 09:34:37.611: I/ProcessCheckinRequest(4681):   m <
10-13 09:34:37.611: I/ProcessCheckinRequest(4681):     a: "android.hardware.telephony.gsm"
10-13 09:34:37.611: I/ProcessCheckinRequest(4681):     b: 0
10-13 09:34:37.611: I/ProcessCheckinRequest(4681):   >
10-13 09:34:37.611: I/ProcessCheckinRequest(4681):   m <
10-13 09:34:37.611: I/ProcessCheckinRequest(4681):     a: "android.hardware.touchs
10-13 09:34:37.611: D/dalvikvm(4730): GC_CONCURRENT freed 1175K, 18% free 6630K/8060K, paused 1ms+2ms, total 10ms
10-13 09:34:37.621: I/GCoreUlr(4730): WorldUpdater received intent Intent { act=com.google.android.location.reporting.ACTION_UPDATE_WORLD cmp=com.google.android.gms/com.google.android.location.reporting.service.DispatchingService (has extras) } with receiverAction com.google.gservices.intent.action.GSERVICES_CHANGED
10-13 09:34:37.651: D/dalvikvm(1706): GC_CONCURRENT freed 1554K, 15% free 9951K/11572K, paused 1ms+1ms, total 25ms
10-13 09:34:37.651: D/dalvikvm(1706): WAIT_FOR_CONCURRENT_GC blocked 9ms
10-13 09:34:37.651: D/dalvikvm(1706): WAIT_FOR_CONCURRENT_GC blocked 7ms
10-13 09:34:37.651: D/dalvikvm(1706): WAIT_FOR_CONCURRENT_GC blocked 5ms
10-13 09:34:37.651: W/NetRec(4730): [286] ConfigChangedIntentOperation.onHandleIntent: Device does not support scoring, exiting
10-13 09:34:37.651: E/IntentOperationSvc(4681): Failed to instantiate Chimera operation impl com.google.android.gms.people.service.SettingsChangedBroadcastIntentOperation, dropping operation
10-13 09:34:37.651: E/IntentOperationSvc(4681): java.lang.reflect.InvocationTargetException
10-13 09:34:37.651: E/IntentOperationSvc(4681): 	at java.lang.reflect.Constructor.constructNative(Native Method)
10-13 09:34:37.651: E/IntentOperationSvc(4681): 	at java.lang.reflect.Constructor.newInstance(Constructor.java:423)
10-13 09:34:37.651: E/IntentOperationSvc(4681): 	at bvt.a(:com.google.android.gms@11519070:8)
10-13 09:34:37.651: E/IntentOperationSvc(4681): 	at bvu.run(:com.google.android.gms@11519070:69)
10-13 09:34:37.651: E/IntentOperationSvc(4681): 	at java.util.concurrent.ThreadPoolExecutor.runWorker(ThreadPoolExecutor.java:1112)
10-13 09:34:37.651: E/IntentOperationSvc(4681): 	at java.util.concurrent.ThreadPoolExecutor$Worker.run(ThreadPoolExecutor.java:587)
10-13 09:34:37.651: E/IntentOperationSvc(4681): 	at java.lang.Thread.run(Thread.java:841)
10-13 09:34:37.651: E/IntentOperationSvc(4681): Caused by: java.lang.NullPointerException
10-13 09:34:37.651: E/IntentOperationSvc(4681): 	at android.content.ContextWrapper.getSharedPreferences(ContextWrapper.java:173)
10-13 09:34:37.651: E/IntentOperationSvc(4681): 	at wae.a(:com.google.android.gms@11519070:6)
10-13 09:34:37.651: E/IntentOperationSvc(4681): 	at com.google.android.gms.people.service.SettingsChangedBroadcastIntentOperation.<init>(:com.google.android.gms@11519070:2)
10-13 09:34:37.651: E/IntentOperationSvc(4681): 	... 7 more
10-13 09:34:37.651: W/OcrModelUpStIntentOp(4681): Invalid action: com.google.android.gms.phenotype.COMMITTED
10-13 09:34:37.661: I/PTCommittedOperation(4730): Receive new configuration for com.google.android.gms.romanesco
10-13 09:34:37.681: I/GCoreUlr(4730): WorldUpdater:com.google.gservices.intent.action.GSERVICES_CHANGED: Ensuring that reporting is stopped because of reasons: {account#19#=[InactiveReason{mIdentifier=10, mName='AuthError'}, InactiveReason{mIdentifier=6, mName='ReportingNotEnabled'}, InactiveReason{mIdentifier=14, mName='HistoryNotEnabled'}]}
10-13 09:34:37.681: I/GCoreUlr(4730): Unbound from all location providers
10-13 09:34:37.681: I/GCoreUlr(4730): Place inference reporting - stop
10-13 09:34:37.681: I/GCoreUlr(4730): Unregistering for aliased place alerts.
10-13 09:34:37.691: I/GCoreUlr(4730): DispatchingService.onDestroy()
10-13 09:34:37.691: I/GCoreUlr(4730): Stopping handler for UlrDispSvcFast
10-13 09:34:37.691: I/GCoreUlr(4730): Unbound from all location providers
10-13 09:34:37.691: I/GCoreUlr(4730): Place inference reporting - stop
10-13 09:34:37.691: I/GCoreUlr(4730): Unregistering for aliased place alerts.
10-13 09:34:37.691: D/AlertService(4573): Beginning updateAlertNotification
10-13 09:34:37.691: D/AlertService(4573): No fired or scheduled alerts
10-13 09:34:37.691: D/AlertService(4573): Scheduling next alarm with AlarmScheduler. sEventReminderReceived: null
10-13 09:34:37.701: D/AlarmScheduler(4573): No events found starting within 1 week.
10-13 09:34:37.701: I/CheckinResponseProcess(4681): From server: 1 gservices updates and 1 deletes
10-13 09:34:37.741: I/qtaguid(4972): Failed write_ctrl(u 51) res=-1 errno=22
10-13 09:34:37.741: I/Places(4730): ?: Couldn't find platform key file.
10-13 09:34:37.751: D/dalvikvm(4710): GC_CONCURRENT freed 681K, 14% free 5682K/6564K, paused 2ms+1ms, total 45ms
10-13 09:34:37.761: I/qtaguid(4972): Untagging socket 51 failed errno=-22
10-13 09:34:37.761: W/NetworkManagementSocketTagger(4972): untagSocket(51) failed with errno -22
10-13 09:34:37.781: D/Finsky(4972): [1] MultiWayUpdateController.captureVariesByAccount: Change varies-by-account for com.google.android.gms to true
10-13 09:34:37.781: D/Finsky(4972): [1] MultiWayUpdateController.captureAutoAcquireTags: Change auto-acquire tags for com.google.android.gms from  to d_AAAAAAADF8w=
10-13 09:34:37.791: D/dalvikvm(1706): GC_FOR_ALLOC freed 555K, 14% free 10152K/11700K, paused 38ms, total 40ms
10-13 09:34:37.791: W/NetRec(4730): [249] ConfigChangedIntentOperation.onHandleIntent: Device does not support scoring, exiting
10-13 09:34:37.811: D/dalvikvm(1706): GC_FOR_ALLOC freed 148K, 15% free 10274K/11956K, paused 16ms, total 16ms
10-13 09:34:37.811: D/Finsky(4972): [1] DailyHygiene.flushEventLogs: Flushing event logs for [kQDN-dxCel_N0rHZYP1Y1D5t2ac]
10-13 09:34:37.811: D/Finsky(4972): [1] DailyHygiene.reschedule: Scheduling first run in 35.7 hours
10-13 09:34:37.821: D/dalvikvm(1706): GC_FOR_ALLOC freed 384K, 15% free 10298K/12084K, paused 10ms, total 11ms
10-13 09:34:37.831: D/dalvikvm(4730): GC_CONCURRENT freed 1144K, 18% free 6635K/8060K, paused 9ms+2ms, total 19ms
10-13 09:34:37.841: D/dalvikvm(1706): GC_FOR_ALLOC freed 137K, 14% free 10444K/12084K, paused 13ms, total 13ms
10-13 09:34:37.841: E/IntentOperationSvc(4681): Failed to instantiate Chimera operation impl com.google.android.gms.people.service.SettingsChangedBroadcastIntentOperation, dropping operation
10-13 09:34:37.841: E/IntentOperationSvc(4681): java.lang.reflect.InvocationTargetException
10-13 09:34:37.841: E/IntentOperationSvc(4681): 	at java.lang.reflect.Constructor.constructNative(Native Method)
10-13 09:34:37.841: E/IntentOperationSvc(4681): 	at java.lang.reflect.Constructor.newInstance(Constructor.java:423)
10-13 09:34:37.841: E/IntentOperationSvc(4681): 	at bvt.a(:com.google.android.gms@11519070:8)
10-13 09:34:37.841: E/IntentOperationSvc(4681): 	at bvu.run(:com.google.android.gms@11519070:69)
10-13 09:34:37.841: E/IntentOperationSvc(4681): 	at java.util.concurrent.ThreadPoolExecutor.runWorker(ThreadPoolExecutor.java:1112)
10-13 09:34:37.841: E/IntentOperationSvc(4681): 	at java.util.concurrent.ThreadPoolExecutor$Worker.run(ThreadPoolExecutor.java:587)
10-13 09:34:37.841: E/IntentOperationSvc(4681): 	at java.lang.Thread.run(Thread.java:841)
10-13 09:34:37.841: E/IntentOperationSvc(4681): Caused by: java.lang.NullPointerException
10-13 09:34:37.841: E/IntentOperationSvc(4681): 	at android.content.ContextWrapper.getSharedPreferences(ContextWrapper.java:173)
10-13 09:34:37.841: E/IntentOperationSvc(4681): 	at wae.a(:com.google.android.gms@11519070:6)
10-13 09:34:37.841: E/IntentOperationSvc(4681): 	at com.google.android.gms.people.service.SettingsChangedBroadcastIntentOperation.<init>(:com.google.android.gms@11519070:2)
10-13 09:34:37.841: E/IntentOperationSvc(4681): 	... 7 more
10-13 09:34:37.841: W/OcrModelUpStIntentOp(4681): Invalid action: com.google.android.gms.phenotype.COMMITTED
10-13 09:34:37.851: I/PTCommittedOperation(4730): Receive new configuration for com.google.android.gms.devicedoctor
10-13 09:34:37.851: I/PTCommittedOperation(4730): Running Fixer Framework for com.google.android.gms.devicedoctor
10-13 09:34:37.851: I/Places(4730): ?: Couldn't find platform key file.
10-13 09:34:37.851: I/GeofencerStateMachine(4730): removeGeofences: removeRequest=RemoveGeofencingRequest[REMOVE_BY_PENDING_INTENT pendingIntent=PendingIntent[creatorPackage=com.google.android.gms], packageName=null]
10-13 09:34:37.851: I/GeofencerStateMachine(4730): removeGeofences: removeRequest=RemoveGeofencingRequest[REMOVE_BY_PENDING_INTENT pendingIntent=PendingIntent[creatorPackage=com.google.android.gms], packageName=null]
10-13 09:34:37.861: W/NetRec(4730): [249] ConfigChangedIntentOperation.onHandleIntent: Device does not support scoring, exiting
10-13 09:34:37.861: W/NetRec(4730): [249] ConfigChangedIntentOperation.onHandleIntent: Device does not support scoring, exiting
10-13 09:34:37.861: I/CertBlacklister(1706): Certificate blacklist changed, updating...
10-13 09:34:37.861: I/CertBlacklister(1706): Certificate blacklist updated
10-13 09:34:37.871: I/GeofencerStateMachine(4730): removeGeofences: removeRequest=RemoveGeofencingRequest[REMOVE_BY_PENDING_INTENT pendingIntent=PendingIntent[creatorPackage=com.google.android.gms], packageName=null]
10-13 09:34:37.871: E/IntentOperationSvc(4681): Failed to instantiate Chimera operation impl com.google.android.gms.people.service.SettingsChangedBroadcastIntentOperation, dropping operation
10-13 09:34:37.871: E/IntentOperationSvc(4681): java.lang.reflect.InvocationTargetException
10-13 09:34:37.871: E/IntentOperationSvc(4681): 	at java.lang.reflect.Constructor.constructNative(Native Method)
10-13 09:34:37.871: E/IntentOperationSvc(4681): 	at java.lang.reflect.Constructor.newInstance(Constructor.java:423)
10-13 09:34:37.871: E/IntentOperationSvc(4681): 	at bvt.a(:com.google.android.gms@11519070:8)
10-13 09:34:37.871: E/IntentOperationSvc(4681): 	at bvu.run(:com.google.android.gms@11519070:69)
10-13 09:34:37.871: E/IntentOperationSvc(4681): 	at java.util.concurrent.ThreadPoolExecutor.runWorker(ThreadPoolExecutor.java:1112)
10-13 09:34:37.871: E/IntentOperationSvc(4681): 	at java.util.concurrent.ThreadPoolExecutor$Worker.run(ThreadPoolExecutor.java:587)
10-13 09:34:37.871: E/IntentOperationSvc(4681): 	at java.lang.Thread.run(Thread.java:841)
10-13 09:34:37.871: E/IntentOperationSvc(4681): Caused by: java.lang.NullPointerException
10-13 09:34:37.871: E/IntentOperationSvc(4681): 	at android.content.ContextWrapper.getSharedPreferences(ContextWrapper.java:173)
10-13 09:34:37.871: E/IntentOperationSvc(4681): 	at wae.a(:com.google.android.gms@11519070:6)
10-13 09:34:37.871: E/IntentOperationSvc(4681): 	at com.google.android.gms.people.service.SettingsChangedBroadcastIntentOperation.<init>(:com.google.android.gms@11519070:2)
10-13 09:34:37.871: E/IntentOperationSvc(4681): 	... 7 more
10-13 09:34:37.871: W/OcrModelUpStIntentOp(4681): Invalid action: com.google.android.gms.phenotype.COMMITTED
10-13 09:34:37.871: I/GeofencerStateMachine(4730): removeGeofences: removeRequest=RemoveGeofencingRequest[REMOVE_BY_PENDING_INTENT pendingIntent=PendingIntent[creatorPackage=com.google.android.gms], packageName=null]
10-13 09:34:37.881: I/GservicesProvider(4710): main difference update completed
10-13 09:34:37.881: I/GeofencerStateMachine(4730): removeGeofences: removeRequest=RemoveGeofencingRequest[REMOVE_BY_PENDING_INTENT pendingIntent=PendingIntent[creatorPackage=com.google.android.gms], packageName=null]
10-13 09:34:37.951: D/dalvikvm(1706): GC_FOR_ALLOC freed 513K, 15% free 10500K/12212K, paused 65ms, total 66ms
10-13 09:34:37.951: I/ActivityManager(1706): Start proc com.google.android.configupdater for broadcast com.google.android.configupdater/.CertPin.CertPinUpdateRequestReceiver: pid=5432 uid=10002 gids={50002, 3003, 2001}
10-13 09:34:37.971: I/PTCommittedOperation(4730): Receive new configuration for com.google.android.gms.herrevad
10-13 09:34:37.991: I/ProcessCheckinRequest(4681): updateCheckinIdTokenFileFromResponse, Reading existing AID
10-13 09:34:37.991: I/CheckinRequestBuilder(4681): Checkin reason type: 4 attempt count: 1
10-13 09:34:37.991: I/GeofencerStateMachine(4730): removeGeofences: removeRequest=RemoveGeofencingRequest[REMOVE_BY_PENDING_INTENT pendingIntent=PendingIntent[creatorPackage=com.google.android.gms], packageName=null]
10-13 09:34:37.991: E/ActivityThread(4681): Failed to find provider info for com.google.android.wearable.settings
10-13 09:34:38.001: W/ContextImpl(5432): Implicit intents with startService are not safe: Intent { act=com.google.android.configupdater.CertPin.START (has extras) } android.content.ContextWrapper.startService:494 android.content.ContextWrapper.startService:494 com.google.android.configupdater.UpdateRequestReceiver.startUpdate:219 
10-13 09:34:38.001: W/ConfigurationChimeraProvider(4730): Got null configs for com.google.android.gms.nearby
10-13 09:34:38.011: D/dalvikvm(4596): GC_CONCURRENT freed 211K, 8% free 3219K/3484K, paused 1ms+1ms, total 5ms
10-13 09:34:38.011: I/UpdateFetcherService(5432): Update started
10-13 09:34:38.021: W/NetRec(4730): [249] ConfigChangedIntentOperation.onHandleIntent: Device does not support scoring, exiting
10-13 09:34:38.031: D/dalvikvm(5432): GC_CONCURRENT freed 347K, 12% free 3068K/3476K, paused 1ms+0ms, total 3ms
10-13 09:34:38.031: E/UpdateRequestReceiver(5432): Received malformed URL while handling Gservices.CHANGED_ACTION
10-13 09:34:38.051: W/ContextImpl(5432): Implicit intents with startService are not safe: Intent { act=com.google.android.configupdater.SmsShortCodes.START (has extras) } android.content.ContextWrapper.startService:494 android.content.ContextWrapper.startService:494 com.google.android.configupdater.UpdateRequestReceiver.startUpdate:219 
10-13 09:34:38.051: I/ActivityManager(1706): Delay finish: com.google.android.configupdater/.SmsShortCodes.SmsShortCodesUpdateRequestReceiver
10-13 09:34:38.051: I/ActivityManager(1706): Resuming delayed broadcast
10-13 09:34:38.071: E/UpdateRequestReceiver(5432): Received malformed URL while handling Gservices.CHANGED_ACTION
10-13 09:34:38.071: I/UpdateFetcherService(5432): Update started
10-13 09:34:38.081: D/dalvikvm(4730): GC_CONCURRENT freed 1194K, 19% free 6560K/8060K, paused 1ms+2ms, total 14ms
10-13 09:34:38.081: E/UpdateRequestReceiver(5432): Received malformed URL while handling Gservices.CHANGED_ACTION
10-13 09:34:38.091: W/NetRec(4730): [249] ConfigChangedIntentOperation.onHandleIntent: Device does not support scoring, exiting
10-13 09:34:38.091: E/UpdateRequestReceiver(5432): Received malformed URL while handling Gservices.CHANGED_ACTION
10-13 09:34:38.111: I/ActivityManager(1706): Delay finish: com.google.android.partnersetup/.GservicesChangedReceiver
10-13 09:34:38.141: I/DownloadManager(5073): Download 29 starting
10-13 09:34:38.151: D/dalvikvm(4179): GC_CONCURRENT freed 361K, 12% free 3121K/3536K, paused 0ms+0ms, total 2ms
10-13 09:34:38.151: W/NetRec(4730): [249] ConfigChangedIntentOperation.onHandleIntent: Device does not support scoring, exiting
10-13 09:34:38.161: I/GeofencerStateMachine(4730): sendQueryLocationOptIn
10-13 09:34:38.161: I/GeofencerStateMachine(4730): Network location disabled.
10-13 09:34:38.161: I/GeofencerStateMachine(4730): sendQueryLocationOptIn
10-13 09:34:38.161: W/ActivityThread(5073): ClassLoader.loadClass: The class loader returned by Thread.getContextClassLoader() may fail for processes that host multiple applications. You should explicitly specify a context class loader. For example: Thread.setContextClassLoader(getClass().getClassLoader());
10-13 09:34:38.171: I/GeofencerStateMachine(4730): sendQueryLocationOptIn
10-13 09:34:38.171: I/ActivityManager(1706): Resuming delayed broadcast
10-13 09:34:38.171: I/GeofencerStateMachine(4730): sendQueryLocationOptIn
10-13 09:34:38.181: I/Remoter(1325): Saved screenshot to '/data/screenshots/__pmv__-0081.jpg'
10-13 09:34:38.181: I/GeofencerStateMachine(4730): sendQueryLocationOptIn
10-13 09:34:38.191: I/GeofencerStateMachine(4730): sendQueryLocationOptIn
10-13 09:34:38.191: I/GeofencerStateMachine(4730): sendQueryLocationOptIn
10-13 09:34:38.191: W/NetRec(4730): [249] ConfigChangedIntentOperation.onHandleIntent: Device does not support scoring, exiting
10-13 09:34:38.201: D/dalvikvm(5073): GC_CONCURRENT freed 226K, 9% free 3379K/3696K, paused 1ms+1ms, total 4ms
10-13 09:34:38.201: W/Auth(4710): [GetToken] GetToken failed with status code: INVALID_SCOPE
10-13 09:34:38.211: E/CheckinRequestBuilder(4681): Unrecoverable authentication exception: INVALID_SCOPE
10-13 09:34:38.211: E/CheckinRequestBuilder(4681): dyj: INVALID_SCOPE
10-13 09:34:38.211: E/CheckinRequestBuilder(4681): 	at dyn.a(:com.google.android.gms@11519070:16)
10-13 09:34:38.211: E/CheckinRequestBuilder(4681): 	at dym.a(:com.google.android.gms@11519070:2)
10-13 09:34:38.211: E/CheckinRequestBuilder(4681): 	at dym.e(:com.google.android.gms@11519070:6)
10-13 09:34:38.211: E/CheckinRequestBuilder(4681): 	at dyk.f(:com.google.android.gms@11519070:3)
10-13 09:34:38.211: E/CheckinRequestBuilder(4681): 	at dyk.a(:com.google.android.gms@11519070:4)
10-13 09:34:38.211: E/CheckinRequestBuilder(4681): 	at hfb.a(:com.google.android.gms@11519070:219)
10-13 09:34:38.211: E/CheckinRequestBuilder(4681): 	at hgb.a(:com.google.android.gms@11519070:18)
10-13 09:34:38.211: E/CheckinRequestBuilder(4681): 	at hgb.a(:com.google.android.gms@11519070:182)
10-13 09:34:38.211: E/CheckinRequestBuilder(4681): 	at com.google.android.gms.checkin.CheckinChimeraService.a(:com.google.android.gms@11519070:149)
10-13 09:34:38.211: E/CheckinRequestBuilder(4681): 	at hex.run(:com.google.android.gms@11519070:2)
10-13 09:34:38.211: E/CheckinRequestBuilder(4681): 	at jqa.run(:com.google.android.gms@11519070:25)
10-13 09:34:38.211: E/CheckinRequestBuilder(4681): 	at java.util.concurrent.ThreadPoolExecutor.runWorker(ThreadPoolExecutor.java:1112)
10-13 09:34:38.211: E/CheckinRequestBuilder(4681): 	at java.util.concurrent.ThreadPoolExecutor$Worker.run(ThreadPoolExecutor.java:587)
10-13 09:34:38.211: E/CheckinRequestBuilder(4681): 	at jvj.run(:com.google.android.gms@11519070)
10-13 09:34:38.211: E/CheckinRequestBuilder(4681): 	at java.lang.Thread.run(Thread.java:841)
10-13 09:34:38.221: D/dalvikvm(4710): GC_CONCURRENT freed 925K, 16% free 5599K/6648K, paused 1ms+1ms, total 7ms
10-13 09:34:38.221: I/DownloadManager(5073): Download 30 starting
10-13 09:34:38.221: W/NetRec(4730): [249] ConfigChangedIntentOperation.onHandleIntent: Device does not support scoring, exiting
10-13 09:34:38.231: I/Search.GservicesUpdateTask(4198): Updating Gservices keys
10-13 09:34:38.241: E/ChimeraProxyRslvr(4681): Failed to instantiate com.google.android.gms.checkin.CheckinChimeraService$Receiver: java.lang.ClassNotFoundException: Didn't find class "com.google.android.gms.checkin.CheckinChimeraService$Receiver" on path: DexPathList[[zip file "/system/framework/com.android.media.remotedisplay.jar", zip file "/system/framework/com.android.location.provider.jar", zip file "/data/app/com.google.android.gms-1.apk", zip file "/data/data/com.google.android.gms/code_cache/secondary-dexes/com.google.android.gms-1.apk.classes2.zip", zip file "/data/data/com.google.android.gms/code_cache/secondary-dexes/com.google.android.gms-1.apk.classes3.zip", zip file "/data/data/com.google.android.gms/code_cache/secondary-dexes/com.google.android.gms-1.apk.classes4.zip", zip file "/data/data/com.google.android.gms/code_cache/secondary-dexes/com.google.android.gms-1.apk.classes5.zip"],nativeLibraryDirectories=[/data/app-lib/com.google.android.gms-1, /data/app-lib/com.google.android.gms-1, /data/app-lib/com.google.android.gms-1, /data/app-lib/com.google.android.gms-1, /data/app-lib/com.google.android.gms-1, /vendor/lib, /system/lib]]
10-13 09:34:38.241: E/ChimeraRcvrProxy(4681): com.google.android.gms.checkin.CheckinServiceReceiver dropping broadcast com.google.gservices.intent.action.GSERVICES_CHANGED
10-13 09:34:38.251: W/NetRec(4730): [249] ConfigChangedIntentOperation.onHandleIntent: Device does not support scoring, exiting
10-13 09:34:38.311: W/NetRec(4730): [287] ConfigChangedIntentOperation.onHandleIntent: Device does not support scoring, exiting
10-13 09:34:38.341: I/DownloadManager(5073): Ignoring Content-Length since Transfer-Encoding is also defined
10-13 09:34:38.351: D/dalvikvm(4730): GC_CONCURRENT freed 1094K, 19% free 6595K/8060K, paused 2ms+15ms, total 65ms
10-13 09:34:38.361: D/dalvikvm(4681): GC_CONCURRENT freed 3439K, 20% free 14581K/18136K, paused 1ms+2ms, total 101ms
10-13 09:34:38.361: D/dalvikvm(4681): WAIT_FOR_CONCURRENT_GC blocked 77ms
10-13 09:34:38.361: D/dalvikvm(4681): WAIT_FOR_CONCURRENT_GC blocked 78ms
10-13 09:34:38.361: D/dalvikvm(4681): WAIT_FOR_CONCURRENT_GC blocked 52ms
10-13 09:34:38.361: D/dalvikvm(4681): WAIT_FOR_CONCURRENT_GC blocked 77ms
10-13 09:34:38.371: I/Auth(4710): [ReflectiveChannelBinder] Successfully bound channel!
10-13 09:34:38.381: W/NetRec(4730): [250] ConfigChangedIntentOperation.onHandleIntent: Device does not support scoring, exiting
10-13 09:34:38.381: I/GCoreUlr(4730): Starting service, intent=Intent { act=com.google.android.location.reporting.ACTION_UPDATE_WORLD cmp=com.google.android.gms/com.google.android.location.reporting.service.DispatchingService (has extras) }, extras=Bundle[{receiverAction=com.google.gservices.intent.action.GSERVICES_CHANGED}]
10-13 09:34:38.381: W/ConfigurationChimeraProvider(4730): Got null configs for com.google.android.gms.chromesync
10-13 09:34:38.391: I/dalvikvm(4681): Could not find method android.system.Os.symlink, referenced from method buy.a
10-13 09:34:38.391: W/dalvikvm(4681): VFY: unable to resolve static method 1334: Landroid/system/Os;.symlink (Ljava/lang/String;Ljava/lang/String;)V
10-13 09:34:38.391: D/dalvikvm(4681): VFY: replacing opcode 0x71 at 0x002c
10-13 09:34:38.401: E/IntentOperationSvc(4681): Failed to instantiate Chimera operation impl com.google.android.gms.people.service.SettingsChangedBroadcastIntentOperation, dropping operation
10-13 09:34:38.401: E/IntentOperationSvc(4681): java.lang.reflect.InvocationTargetException
10-13 09:34:38.401: E/IntentOperationSvc(4681): 	at java.lang.reflect.Constructor.constructNative(Native Method)
10-13 09:34:38.401: E/IntentOperationSvc(4681): 	at java.lang.reflect.Constructor.newInstance(Constructor.java:423)
10-13 09:34:38.401: E/IntentOperationSvc(4681): 	at bvt.a(:com.google.android.gms@11519070:8)
10-13 09:34:38.401: E/IntentOperationSvc(4681): 	at bvu.run(:com.google.android.gms@11519070:69)
10-13 09:34:38.401: E/IntentOperationSvc(4681): 	at java.util.concurrent.ThreadPoolExecutor.runWorker(ThreadPoolExecutor.java:1112)
10-13 09:34:38.401: E/IntentOperationSvc(4681): 	at java.util.concurrent.ThreadPoolExecutor$Worker.run(ThreadPoolExecutor.java:587)
10-13 09:34:38.401: E/IntentOperationSvc(4681): 	at java.lang.Thread.run(Thread.java:841)
10-13 09:34:38.401: E/IntentOperationSvc(4681): Caused by: java.lang.NullPointerException
10-13 09:34:38.401: E/IntentOperationSvc(4681): 	at android.content.ContextWrapper.getSharedPreferences(ContextWrapper.java:173)
10-13 09:34:38.401: E/IntentOperationSvc(4681): 	at wae.a(:com.google.android.gms@11519070:6)
10-13 09:34:38.401: E/IntentOperationSvc(4681): 	at com.google.android.gms.people.service.SettingsChangedBroadcastIntentOperation.<init>(:com.google.android.gms@11519070:2)
10-13 09:34:38.401: E/IntentOperationSvc(4681): 	... 7 more
10-13 09:34:38.411: W/Conscrypt(4710): Could not set socket write timeout:
10-13 09:34:38.411: W/Conscrypt(4710):    java.lang.reflect.Method.invokeNative(Native Method)
10-13 09:34:38.411: W/Conscrypt(4710):    java.lang.reflect.Method.invoke(Method.java:515)
10-13 09:34:38.411: W/Conscrypt(4710): Could not set socket write timeout:
10-13 09:34:38.411: W/Conscrypt(4710):    java.lang.reflect.Method.invokeNative(Native Method)
10-13 09:34:38.411: W/Conscrypt(4710):    java.lang.reflect.Method.invoke(Method.java:515)
10-13 09:34:38.421: W/NetRec(4730): [287] ConfigChangedIntentOperation.onHandleIntent: Device does not support scoring, exiting
10-13 09:34:38.421: E/ConfigFileUtils(4681): Failed to read config file: /data/data/com.google.android.gms/app_chimera/current_modulesets.pb: open failed: ENOENT (No such file or directory)
