10-13 09:34:28.881: D/dalvikvm(4884): Trying to load lib /data/app-lib/com.google.android.gms-1/libgmscore.so 0x95063870
10-13 09:34:28.881: D/dalvikvm(4884): Shared lib '/data/app-lib/com.google.android.gms-1/libgmscore.so' already loaded in same CL 0x95063870
10-13 09:34:28.881: D/dalvikvm(4884): Trying to load lib /data/app-lib/com.google.android.gms-1/libconscrypt_gmscore_jni.so 0x95063870
10-13 09:34:28.881: D/dalvikvm(4884): Shared lib '/data/app-lib/com.google.android.gms-1/libconscrypt_gmscore_jni.so' already loaded in same CL 0x95063870
10-13 09:34:28.901: I/dalvikvm(4730): Could not find method android.bluetooth.BluetoothAdapter.isBleScanAlwaysAvailable, referenced from method jte.b
10-13 09:34:28.901: W/dalvikvm(4730): VFY: unable to resolve virtual method 3234: Landroid/bluetooth/BluetoothAdapter;.isBleScanAlwaysAvailable ()Z
10-13 09:34:28.901: D/dalvikvm(4730): VFY: replacing opcode 0x6e at 0x000e
10-13 09:34:28.921: D/dalvikvm(4884): GC_CONCURRENT freed 207K, 8% free 3441K/3740K, paused 32ms+0ms, total 36ms
10-13 09:34:28.931: I/dalvikvm(4730): Could not find method android.bluetooth.BluetoothAdapter.getBluetoothLeScanner, referenced from method gkp.b
10-13 09:34:28.931: W/dalvikvm(4730): VFY: unable to resolve virtual method 3228: Landroid/bluetooth/BluetoothAdapter;.getBluetoothLeScanner ()Landroid/bluetooth/le/BluetoothLeScanner;
10-13 09:34:28.931: D/dalvikvm(4730): VFY: replacing opcode 0x6e at 0x0020
10-13 09:34:28.941: D/dalvikvm(4730): GC_CONCURRENT freed 778K, 14% free 5491K/6320K, paused 1ms+1ms, total 31ms
10-13 09:34:28.941: D/dalvikvm(4730): WAIT_FOR_CONCURRENT_GC blocked 7ms
10-13 09:34:28.941: D/dalvikvm(4730): WAIT_FOR_CONCURRENT_GC blocked 9ms
10-13 09:34:28.941: D/dalvikvm(4730): WAIT_FOR_CONCURRENT_GC blocked 9ms
10-13 09:34:28.951: D/dalvikvm(4730): WAIT_FOR_CONCURRENT_GC blocked 10ms
10-13 09:34:28.971: I/ProviderInstaller(4884): Installed default security provider GmsCore_OpenSSL
10-13 09:34:29.001: I/dalvikvm(4730): Could not find method android.bluetooth.BluetoothAdapter.disableBLE, referenced from method gkz.c
10-13 09:34:29.001: W/dalvikvm(4730): VFY: unable to resolve virtual method 3223: Landroid/bluetooth/BluetoothAdapter;.disableBLE ()Z
10-13 09:34:29.001: D/dalvikvm(4730): VFY: replacing opcode 0x6e at 0x0015
10-13 09:34:29.001: I/dalvikvm(4730): Could not find method android.bluetooth.BluetoothAdapter.enableBLE, referenced from method gkz.d
10-13 09:34:29.001: W/dalvikvm(4730): VFY: unable to resolve virtual method 3225: Landroid/bluetooth/BluetoothAdapter;.enableBLE ()Z
10-13 09:34:29.001: D/dalvikvm(4730): VFY: replacing opcode 0x6e at 0x0015
10-13 09:34:29.001: I/dalvikvm(4730): Could not find method android.bluetooth.BluetoothAdapter.disableBLE, referenced from method gkz.d
10-13 09:34:29.001: W/dalvikvm(4730): VFY: unable to resolve virtual method 3223: Landroid/bluetooth/BluetoothAdapter;.disableBLE ()Z
10-13 09:34:29.001: D/dalvikvm(4730): VFY: replacing opcode 0x6e at 0x002a
10-13 09:34:29.001: I/dalvikvm(4730): Could not find method android.bluetooth.BluetoothAdapter.enableBLE, referenced from method gkz.e
10-13 09:34:29.001: W/dalvikvm(4730): VFY: unable to resolve virtual method 3225: Landroid/bluetooth/BluetoothAdapter;.enableBLE ()Z
10-13 09:34:29.001: D/dalvikvm(4730): VFY: replacing opcode 0x6e at 0x000d
10-13 09:34:29.001: I/dalvikvm(4730): Could not find method android.bluetooth.BluetoothAdapter.isBleScanAlwaysAvailable, referenced from method gkz.f
10-13 09:34:29.001: W/dalvikvm(4730): VFY: unable to resolve virtual method 3234: Landroid/bluetooth/BluetoothAdapter;.isBleScanAlwaysAvailable ()Z
10-13 09:34:29.001: D/dalvikvm(4730): VFY: replacing opcode 0x6e at 0x001a
10-13 09:34:29.001: I/dalvikvm(4730): Could not find method android.bluetooth.BluetoothAdapter.enableBLE, referenced from method gli.a
10-13 09:34:29.001: W/dalvikvm(4730): VFY: unable to resolve virtual method 3225: Landroid/bluetooth/BluetoothAdapter;.enableBLE ()Z
10-13 09:34:29.001: D/dalvikvm(4730): VFY: replacing opcode 0x6e at 0x004e
10-13 09:34:29.011: I/BeaconBle(4730): BLE 'KK+' software access layer enabled
10-13 09:34:29.031: I/dalvikvm(4730): Could not find method android.bluetooth.BluetoothAdapter.isOffloadedFilteringSupported, referenced from method gjc.a
10-13 09:34:29.031: W/dalvikvm(4730): VFY: unable to resolve virtual method 3237: Landroid/bluetooth/BluetoothAdapter;.isOffloadedFilteringSupported ()Z
10-13 09:34:29.031: D/dalvikvm(4730): VFY: replacing opcode 0x6e at 0x0009
10-13 09:34:29.031: W/Nearby(4730): Bind call too late - someone already tried to get: interface aruz
10-13 09:34:29.031: I/Icing(4681): updateResources: need to parse qzc{com.google.android.gms}
10-13 09:34:29.121: I/GeofencerStateMachine(4730): removeGeofences: removeRequest=RemoveGeofencingRequest[REMOVE_BY_PENDING_INTENT pendingIntent=PendingIntent[creatorPackage=com.google.android.gms], packageName=null]
10-13 09:34:29.251: D/dalvikvm(4730): GC_CONCURRENT freed 663K, 12% free 5567K/6320K, paused 32ms+114ms, total 175ms
10-13 09:34:29.261: I/dalvikvm(4730): Could not find method android.content.Context.createDeviceProtectedStorageContext, referenced from method hrn.b
10-13 09:34:29.261: W/dalvikvm(4730): VFY: unable to resolve virtual method 3414: Landroid/content/Context;.createDeviceProtectedStorageContext ()Landroid/content/Context;
10-13 09:34:29.261: D/dalvikvm(4730): VFY: replacing opcode 0x6e at 0x0007
10-13 09:34:29.261: I/dalvikvm(4730): Could not find method android.content.Context.isDeviceProtectedStorage, referenced from method hrn.b
10-13 09:34:29.261: W/dalvikvm(4730): VFY: unable to resolve virtual method 3442: Landroid/content/Context;.isDeviceProtectedStorage ()Z
10-13 09:34:29.261: D/dalvikvm(4730): VFY: replacing opcode 0x6e at 0x003e
10-13 09:34:29.281: D/dalvikvm(4681): GC_CONCURRENT freed 473K, 29% free 4861K/6808K, paused 0ms+1ms, total 52ms
10-13 09:34:29.291: D/dalvikvm(4884): GC_CONCURRENT freed 120K, 5% free 3802K/3976K, paused 0ms+2ms, total 5ms
10-13 09:34:29.311: D/dalvikvm(4884): GC_CONCURRENT freed 103K, 4% free 4165K/4328K, paused 1ms+0ms, total 4ms
10-13 09:34:29.321: I/dalvikvm(4884): Could not find method android.content.ContextWrapper.createCredentialProtectedStorageContext, referenced from method ivg.createCredentialProtectedStorageContext
10-13 09:34:29.321: W/dalvikvm(4884): VFY: unable to resolve virtual method 738: Landroid/content/ContextWrapper;.createCredentialProtectedStorageContext ()Landroid/content/Context;
10-13 09:34:29.321: D/dalvikvm(4884): VFY: replacing opcode 0x6f at 0x0002
10-13 09:34:29.321: I/dalvikvm(4884): Could not find method android.content.ContextWrapper.createDeviceProtectedStorageContext, referenced from method ivg.createDeviceProtectedStorageContext
10-13 09:34:29.321: W/dalvikvm(4884): VFY: unable to resolve virtual method 739: Landroid/content/ContextWrapper;.createDeviceProtectedStorageContext ()Landroid/content/Context;
10-13 09:34:29.321: D/dalvikvm(4884): VFY: replacing opcode 0x6f at 0x0002
10-13 09:34:29.351: D/dalvikvm(4884): GC_CONCURRENT freed 239K, 7% free 4318K/4616K, paused 3ms+12ms, total 18ms
10-13 09:34:29.421: D/dalvikvm(4884): GC_CONCURRENT freed 159K, 5% free 4660K/4880K, paused 48ms+0ms, total 53ms
10-13 09:34:29.421: D/dalvikvm(4884): WAIT_FOR_CONCURRENT_GC blocked 1ms
10-13 09:34:29.431: D/dalvikvm(4884): WAIT_FOR_CONCURRENT_GC blocked 9ms
10-13 09:34:29.431: I/dalvikvm(4884): Could not find method android.content.pm.PackageManager.getPackageInstaller, referenced from method ims.a
10-13 09:34:29.431: W/dalvikvm(4884): VFY: unable to resolve virtual method 829: Landroid/content/pm/PackageManager;.getPackageInstaller ()Landroid/content/pm/PackageInstaller;
10-13 09:34:29.431: D/dalvikvm(4884): VFY: replacing opcode 0x6e at 0x001c
10-13 09:34:29.451: D/dalvikvm(4730): GC_CONCURRENT freed 543K, 10% free 5752K/6348K, paused 16ms+1ms, total 23ms
10-13 09:34:29.461: D/dalvikvm(4884): GC_CONCURRENT freed 176K, 5% free 5023K/5264K, paused 2ms+0ms, total 10ms
10-13 09:34:29.461: D/dalvikvm(4884): WAIT_FOR_CONCURRENT_GC blocked 4ms
10-13 09:34:29.461: D/dalvikvm(4884): WAIT_FOR_CONCURRENT_GC blocked 4ms
10-13 09:34:29.471: I/dalvikvm(4884): Could not find method android.content.Context.checkSelfPermission, referenced from method jjg.a
10-13 09:34:29.471: W/dalvikvm(4884): VFY: unable to resolve virtual method 687: Landroid/content/Context;.checkSelfPermission (Ljava/lang/String;)I
10-13 09:34:29.471: D/dalvikvm(4884): VFY: replacing opcode 0x6e at 0x0034
10-13 09:34:29.471: I/dalvikvm(4884): Failed resolving Ljjh; interface 915 'Landroid/content/pm/PackageManager$OnPermissionsChangedListener;'
10-13 09:34:29.471: W/dalvikvm(4884): Link of class 'Ljjh;' failed
10-13 09:34:29.471: E/dalvikvm(4884): Could not find class 'jjh', referenced from method jjg.a
10-13 09:34:29.471: W/dalvikvm(4884): VFY: unable to resolve new-instance 3204 (Ljjh;) in Ljjg;
10-13 09:34:29.471: D/dalvikvm(4884): VFY: replacing opcode 0x22 at 0x0000
10-13 09:34:29.471: I/dalvikvm(4884): Failed resolving Ljjh; interface 915 'Landroid/content/pm/PackageManager$OnPermissionsChangedListener;'
10-13 09:34:29.471: W/dalvikvm(4884): Link of class 'Ljjh;' failed
10-13 09:34:29.471: D/dalvikvm(4884): DexOpt: unable to opt direct call 0x3dc8 at 0x02 in Ljjg;.a
10-13 09:34:29.481: I/dalvikvm(4730): Could not find method java.util.Locale.toLanguageTag, referenced from method arrd.a
10-13 09:34:29.481: W/dalvikvm(4730): VFY: unable to resolve virtual method 57302: Ljava/util/Locale;.toLanguageTag ()Ljava/lang/String;
10-13 09:34:29.481: D/dalvikvm(4730): VFY: replacing opcode 0x6e at 0x0010
10-13 09:34:29.481: I/dalvikvm(4730): Could not find method android.os.LocaleList.getDefault, referenced from method arrd.a
10-13 09:34:29.481: W/dalvikvm(4730): VFY: unable to resolve static method 28780: Landroid/os/LocaleList;.getDefault ()Landroid/os/LocaleList;
10-13 09:34:29.481: D/dalvikvm(4730): VFY: replacing opcode 0x71 at 0x0006
10-13 09:34:29.511: D/dalvikvm(4884): GC_FOR_ALLOC freed 239K, 6% free 5433K/5748K, paused 13ms, total 13ms
10-13 09:34:29.531: D/dalvikvm(4884): GC_CONCURRENT freed 119K, 6% free 5456K/5776K, paused 1ms+2ms, total 25ms
10-13 09:34:29.541: D/WVCdm(1335): Instantiating CDM.
10-13 09:34:29.541: I/WVCdm(1335): Level3 Library Nov 20 2013 18:13:01
10-13 09:34:29.541: D/dalvikvm(4681): GC_CONCURRENT freed 532K, 29% free 4846K/6808K, paused 0ms+1ms, total 8ms
10-13 09:34:29.551: W/WVCdm(1335): Could not load liboemcrypto.so. Falling Back to L3.  dlopen failed: library "liboemcrypto.so" not found
10-13 09:34:29.561: I/WVCdm(1335): CdmEngine::OpenSession
10-13 09:34:29.561: I/WVCdm(1335): CdmEngine::QueryKeyControlInfo
10-13 09:34:29.561: I/WVCdm(1335): CdmEngine::GenerateKeyRequest
10-13 09:34:29.641: I/dalvikvm(4884): Could not find method android.net.Network.openConnection, referenced from method mma.a
10-13 09:34:29.641: W/dalvikvm(4884): VFY: unable to resolve virtual method 4316: Landroid/net/Network;.openConnection (Ljava/net/URL;)Ljava/net/URLConnection;
10-13 09:34:29.641: D/dalvikvm(4884): VFY: replacing opcode 0x6e at 0x000a
10-13 09:34:29.651: D/dalvikvm(4710): GC_EXPLICIT freed 177K, 10% free 5229K/5748K, paused 0ms+0ms, total 7ms
10-13 09:34:29.651: I/Remoter(1325): Saved screenshot to '/data/screenshots/__pmv__-0075.jpg'
10-13 09:34:29.661: I/dalvikvm(4884): Could not find method android.os.PowerManager.isInteractive, referenced from method jsi.a
10-13 09:34:29.661: W/dalvikvm(4884): VFY: unable to resolve virtual method 4659: Landroid/os/PowerManager;.isInteractive ()Z
10-13 09:34:29.661: D/dalvikvm(4884): VFY: replacing opcode 0x6e at 0x0006
10-13 09:34:29.721: D/dalvikvm(4730): GC_EXPLICIT freed 810K, 14% free 5723K/6588K, paused 0ms+3ms, total 13ms
10-13 09:34:29.731: D/WVCdm(1335): PrepareKeyRequest: nonce=583029724
10-13 09:34:29.761: D/dalvikvm(4884): GC_CONCURRENT freed 550K, 10% free 5709K/6316K, paused 1ms+15ms, total 22ms
10-13 09:34:29.761: D/dalvikvm(4681): GC_CONCURRENT freed 516K, 29% free 4868K/6808K, paused 2ms+3ms, total 16ms
10-13 09:34:29.761: D/dalvikvm(4884): WAIT_FOR_CONCURRENT_GC blocked 4ms
10-13 09:34:29.761: E/dalvikvm(4730): Could not find class 'android.app.usage.UsageStatsManager', referenced from method uxf.a
10-13 09:34:29.761: W/dalvikvm(4730): VFY: unable to resolve check-cast 3307 (Landroid/app/usage/UsageStatsManager;) in Luxf;
10-13 09:34:29.761: D/dalvikvm(4730): VFY: replacing opcode 0x1f at 0x0018
10-13 09:34:29.841: W/Settings(4730): Setting airplane_mode_on has moved from android.provider.Settings.System to android.provider.Settings.Global, returning read-only value.
10-13 09:34:29.861: I/DynamiteModule(4884): Considering local module com.google.android.gms.googlecertificates:4 and remote module com.google.android.gms.googlecertificates:4
10-13 09:34:29.861: I/DynamiteModule(4884): Selected local version of com.google.android.gms.googlecertificates
10-13 09:34:29.861: W/Settings(4730): Setting airplane_mode_on has moved from android.provider.Settings.System to android.provider.Settings.Global, returning read-only value.
10-13 09:34:29.871: I/WVCdm(1335): CdmEngine::CloseSession
10-13 09:34:29.881: D/dalvikvm(4884): GC_CONCURRENT freed 2015K, 32% free 4470K/6548K, paused 2ms+1ms, total 7ms
10-13 09:34:29.921: D/dalvikvm(4730): GC_EXPLICIT freed 411K, 13% free 5738K/6588K, paused 1ms+1ms, total 10ms
10-13 09:34:29.921: D/dalvikvm(4884): GC_CONCURRENT freed 143K, 29% free 4711K/6548K, paused 1ms+1ms, total 5ms
10-13 09:34:29.941: I/BeaconBle(4730): Client requested scan, settings=BleSettings [scanMode=LOW_LATENCY, callbackType=ALL_MATCHES, reportDelayMillis=0, 6 filters, 1 clients, callingClientName=Nearby]
10-13 09:34:29.941: D/BluetoothAdapter(4730): startLeScan(): null
10-13 09:34:29.951: D/BtGatt.GattService(2561): registerClient() - UUID=2a5b6d82-e6fd-4e7a-8fc4-aeb10dba0ec9
10-13 09:34:29.951: D/BtGatt.btif(2561): btif_gattc_register_app
10-13 09:34:29.951: D/BtGatt.btif(2561): btgattc_handle_event: Event 1000
10-13 09:34:29.951: D/BtGatt.btif(2561): btif_gattc_upstreams_evt: Event 0
10-13 09:34:29.951: D/BtGatt.GattService(2561): onClientRegistered() - UUID=2a5b6d82-e6fd-4e7a-8fc4-aeb10dba0ec9, clientIf=5
10-13 09:34:29.951: D/BluetoothAdapter(4730): onClientRegistered() - status=0 clientIf=5
10-13 09:34:29.951: D/BtGatt.GattService(2561): startScan() - queue=0
10-13 09:34:29.951: D/BtGatt.GattService(2561): startScan() - adding client=5
10-13 09:34:29.951: D/BtGatt.btif(2561): btif_gattc_scan
10-13 09:34:29.951: D/BtGatt.btif(2561): btgattc_handle_event: Event 1002
10-13 09:34:29.961: I/GceRil(1331): Received request 75
10-13 09:34:29.961: I/GceRil(1331): Requesting GSM neighboring cell ids
10-13 09:34:29.981: D/dalvikvm(4884): GC_CONCURRENT freed 134K, 23% free 5042K/6548K, paused 2ms+1ms, total 24ms
10-13 09:34:30.011: D/dalvikvm(4681): GC_EXPLICIT freed 506K, 30% free 4775K/6808K, paused 19ms+20ms, total 55ms
10-13 09:34:30.041: D/dalvikvm(4884): GC_CONCURRENT freed 160K, 18% free 5433K/6548K, paused 1ms+0ms, total 7ms
10-13 09:34:30.051: I/Icing(4681): Internal init done: storage state 0
10-13 09:34:30.061: I/BeaconBle(4730): Nearby requested to stop scan
10-13 09:34:30.061: I/BeaconBle(4730): Scan : No clients left, canceling alarm.
10-13 09:34:30.061: I/BeaconBle(4730): Scan canceled successfully.
10-13 09:34:30.071: D/dalvikvm(4884): Trying to load lib /data/data/com.google.android.gms/app_dg_cache/EBACE9B853C87242161C0AACF4176F1D60BCCE96/libd92CA18F1B869.so 0x953b1a78
10-13 09:34:30.111: D/BluetoothAdapter(4730): stopLeScan()
10-13 09:34:30.111: D/BtGatt.GattService(2561): stopScan() - queue=1
10-13 09:34:30.111: D/BtGatt.GattService(2561): stopScan() - queue empty; stopping scan
10-13 09:34:30.111: D/BtGatt.btif(2561): btif_gattc_scan
10-13 09:34:30.111: D/BtGatt.btif(2561): btgattc_handle_event: Event 1003
10-13 09:34:30.111: D/dalvikvm(4884): GC_CONCURRENT freed 301K, 10% free 5908K/6548K, paused 2ms+31ms, total 42ms
10-13 09:34:30.111: D/BtGatt.GattService(2561): unregisterClient() - clientIf=5
10-13 09:34:30.111: D/BtGatt.btif(2561): btif_gattc_unregister_app
10-13 09:34:30.111: D/BtGatt.btif(2561): btgattc_handle_event: Event 1001
10-13 09:34:30.111: D/BtGatt.btif(2561): btif_gattc_upstreams_evt: Event 1
10-13 09:34:30.111: D/dalvikvm(4884): Added shared lib /data/data/com.google.android.gms/app_dg_cache/EBACE9B853C87242161C0AACF4176F1D60BCCE96/libd92CA18F1B869.so 0x953b1a78
10-13 09:34:30.111: D/dalvikvm(4884): No JNI_OnLoad found in /data/data/com.google.android.gms/app_dg_cache/EBACE9B853C87242161C0AACF4176F1D60BCCE96/libd92CA18F1B869.so 0x953b1a78, skipping init
10-13 09:34:30.111: I/BeaconBle(4730): Scan : No clients left, canceling alarm.
10-13 09:34:30.121: D/dalvikvm(4730): GC_EXPLICIT freed 704K, 13% free 5837K/6656K, paused 2ms+1ms, total 8ms
10-13 09:34:30.211: I/BeaconBle(4730): Client requested scan, settings=BleSettings [scanMode=LOW_LATENCY, callbackType=ALL_MATCHES, reportDelayMillis=0, 6 filters, 1 clients, callingClientName=Nearby]
10-13 09:34:30.211: D/BluetoothAdapter(4730): startLeScan(): null
10-13 09:34:30.211: D/BtGatt.GattService(2561): registerClient() - UUID=ff826caf-96be-441a-b03b-d3bb018903fc
10-13 09:34:30.211: D/BtGatt.btif(2561): btif_gattc_register_app
10-13 09:34:30.211: D/BtGatt.btif(2561): btgattc_handle_event: Event 1000
10-13 09:34:30.211: D/BtGatt.btif(2561): btif_gattc_upstreams_evt: Event 0
10-13 09:34:30.211: D/BtGatt.GattService(2561): onClientRegistered() - UUID=ff826caf-96be-441a-b03b-d3bb018903fc, clientIf=5
10-13 09:34:30.211: D/BluetoothAdapter(4730): onClientRegistered() - status=0 clientIf=5
10-13 09:34:30.211: D/BtGatt.GattService(2561): startScan() - queue=0
10-13 09:34:30.211: D/BtGatt.GattService(2561): startScan() - adding client=5
10-13 09:34:30.211: D/BtGatt.btif(2561): btif_gattc_scan
10-13 09:34:30.211: D/BtGatt.btif(2561): btgattc_handle_event: Event 1002
10-13 09:34:30.221: I/Icing(4681): Post-init done
10-13 09:34:30.221: W/Settings(4884): Setting install_non_market_apps has moved from android.provider.Settings.Secure to android.provider.Settings.Global.
10-13 09:34:30.231: W/NearbyMessages(4730): LocationProvider returns null
10-13 09:34:30.311: D/dalvikvm(4884): DexOpt: --- BEGIN 'f.apk' (bootstrap=0) ---
10-13 09:34:30.321: W/linker(4948): libdvm.so has text relocations. This is wasting memory and is a security risk. Please fix.
10-13 09:34:30.321: D/dalvikvm(4948): DexOpt: load 0ms, verify+opt 1ms, 123436 bytes
10-13 09:34:30.321: D/dalvikvm(4884): DexOpt: --- END 'f.apk' (success) ---
10-13 09:34:30.321: D/dalvikvm(4884): DEX prep '/data/data/com.google.android.gms/app_fb/f.apk': unzip in 0ms, rewrite 10ms
10-13 09:34:30.831: I/Remoter(1325): Saved screenshot to '/data/screenshots/__pmv__-0076.jpg'
10-13 09:34:30.901: W/Conscrypt(4710): Could not set socket write timeout:
10-13 09:34:30.901: W/Conscrypt(4710):    java.lang.reflect.Method.invokeNative(Native Method)
10-13 09:34:30.901: W/Conscrypt(4710):    java.lang.reflect.Method.invoke(Method.java:515)
10-13 09:34:30.901: W/Conscrypt(4710): Could not set socket write timeout:
10-13 09:34:30.901: W/Conscrypt(4710):    java.lang.reflect.Method.invokeNative(Native Method)
10-13 09:34:30.901: W/Conscrypt(4710):    java.lang.reflect.Method.invoke(Method.java:515)
10-13 09:34:30.911: D/dalvikvm(4710): GC_CONCURRENT freed 612K, 13% free 5307K/6036K, paused 1ms+1ms, total 5ms
10-13 09:34:30.971: D/dalvikvm(4681): DexOpt: couldn't find field Landroid/os/Message;.sendingUid
10-13 09:34:30.971: W/dalvikvm(4681): VFY: unable to resolve instance field 7039
10-13 09:34:30.971: D/dalvikvm(4681): VFY: replacing opcode 0x52 at 0x0002
10-13 09:34:30.981: D/dalvikvm(4681): GC_CONCURRENT freed 475K, 30% free 4827K/6808K, paused 1ms+0ms, total 6ms
10-13 09:34:30.991: D/dalvikvm(4681): GC_EXPLICIT freed 48K, 30% free 4779K/6808K, paused 1ms+0ms, total 8ms
10-13 09:34:31.031: I/EventLogChimeraService(4681): Aggregate from 1507899672288 (log), 1507899672288 (data)
10-13 09:34:31.081: I/AccountManagerService(1706): the accounts changed, sending broadcast of android.accounts.LOGIN_ACCOUNTS_CHANGED
10-13 09:34:31.081: I/AccountManagerService(1706): the accounts changed, sending broadcast of android.accounts.LOGIN_ACCOUNTS_CHANGED
10-13 09:34:31.101: I/ContactsProvider(2912): Accounts changed
10-13 09:34:31.101: I/Auth(4710): [BroadcastManager] Broadcasting account services changed.
10-13 09:34:31.121: I/RlzPingService(4179): Setting next ping for 1507988071107
10-13 09:34:31.121: D/dalvikvm(1706): GC_CONCURRENT freed 1844K, 18% free 9558K/11636K, paused 0ms+3ms, total 19ms
10-13 09:34:31.121: D/dalvikvm(1706): WAIT_FOR_CONCURRENT_GC blocked 13ms
10-13 09:34:31.121: D/dalvikvm(1706): WAIT_FOR_CONCURRENT_GC blocked 13ms
10-13 09:34:31.121: D/dalvikvm(1706): WAIT_FOR_CONCURRENT_GC blocked 9ms
10-13 09:34:31.121: D/dalvikvm(1706): WAIT_FOR_CONCURRENT_GC blocked 9ms
10-13 09:34:31.121: D/dalvikvm(1706): WAIT_FOR_CONCURRENT_GC blocked 8ms
10-13 09:34:31.121: D/dalvikvm(1706): WAIT_FOR_CONCURRENT_GC blocked 3ms
10-13 09:34:31.121: D/dalvikvm(1706): WAIT_FOR_CONCURRENT_GC blocked 3ms
10-13 09:34:31.121: D/dalvikvm(1706): WAIT_FOR_CONCURRENT_GC blocked 3ms
10-13 09:34:31.121: I/AuthService(4852): [AddAccountOperation] Succeeded.
10-13 09:34:31.121: D/dalvikvm(1706): WAIT_FOR_CONCURRENT_GC blocked 19ms
10-13 09:34:31.131: D/dalvikvm(4198): GC_CONCURRENT freed 401K, 12% free 3591K/4052K, paused 1ms+1ms, total 10ms
10-13 09:34:31.141: D/dalvikvm(4710): GC_CONCURRENT freed 703K, 14% free 5276K/6104K, paused 1ms+1ms, total 9ms
10-13 09:34:31.141: I/Icing(4681): updateResources: need to parse qzc{com.google.android.gms}
10-13 09:34:31.141: I/ContactsProvider(2912): Accounts changed
10-13 09:34:31.141: I/ActivityManager(1706): Start proc com.android.vending for broadcast com.android.vending/com.google.android.finsky.receivers.AccountsChangedReceiver: pid=4972 uid=10016 gids={50016, 3003, 1028, 1015}
10-13 09:34:31.151: D/dalvikvm(2416): GC_CONCURRENT freed 343K, 12% free 3109K/3504K, paused 0ms+4ms, total 6ms
10-13 09:34:31.151: E/GCoreUlr(4730): Create new device tag of 1043808045 without device reboot
10-13 09:34:31.181: D/dalvikvm(2912): GC_CONCURRENT freed 384K, 12% free 3511K/3948K, paused 1ms+1ms, total 4ms
10-13 09:34:31.181: D/dalvikvm(4681): GC_CONCURRENT freed 404K, 28% free 4951K/6808K, paused 0ms+7ms, total 19ms
10-13 09:34:31.231: D/dalvikvm(1706): GC_FOR_ALLOC freed 1246K, 19% free 9533K/11636K, paused 55ms, total 55ms
10-13 09:34:31.261: D/Finsky(4972): [1] FinskyApp.onCreate: Initializing network with DFE https://android.clients.google.com/fdfe/
10-13 09:34:31.261: D/dalvikvm(4972): GC_CONCURRENT freed 214K, 8% free 3184K/3452K, paused 1ms+1ms, total 3ms
10-13 09:34:31.291: D/dalvikvm(1706): GC_FOR_ALLOC freed 976K, 18% free 9557K/11636K, paused 11ms, total 11ms
10-13 09:34:31.291: I/ActivityManager(1706): Start proc com.google.android.exchange for content provider com.google.android.exchange/com.android.exchange.provider.ExchangeDirectoryProvider: pid=4996 uid=10034 gids={50034, 3003, 1028, 1015}
10-13 09:34:31.301: D/Finsky(4972): [1] DailyHygiene.goMakeHygieneIfDirty: Dirty, need more hygiene.
10-13 09:34:31.311: W/AbstractGoogleClient(4573): Application name is not set. Call Builder#setApplicationName.
10-13 09:34:31.311: I/ActivityManager(1706): Start proc com.google.android.gallery3d for service com.google.android.gallery3d/com.google.android.picasasync.PicasaSyncService: pid=5024 uid=10036 gids={50036, 3003, 1028, 1015}
10-13 09:34:31.331: W/Settings(4972): Setting download_manager_max_bytes_over_mobile has moved from android.provider.Settings.Secure to android.provider.Settings.Global.
10-13 09:34:31.331: I/ActivityManager(1706): Start proc com.google.android.email for content provider com.google.android.email/com.android.email.provider.EmailProvider: pid=5038 uid=10033 gids={50033, 3003, 1028, 1015}
10-13 09:34:31.341: I/AuthService(4852): [AccountService] Execution time for add account with authorization code, options: Bundle[{}] is 3254 ms.
10-13 09:34:31.341: I/Icing(4681): updateResources: need to parse qzc{com.google.android.gms}
10-13 09:34:31.351: W/Settings(4972): Setting download_manager_recommended_max_bytes_over_mobile has moved from android.provider.Settings.Secure to android.provider.Settings.Global.
10-13 09:34:31.351: D/LoginUtil(4827): Instrumentation completed successfully
10-13 09:34:31.351: D/AndroidRuntime(4816): Shutting down VM
10-13 09:34:31.351: D/dalvikvm(4816): GC_CONCURRENT freed 95K, 15% free 558K/656K, paused 0ms+0ms, total 1ms
10-13 09:34:31.351: I/ActivityManager(1706): Start proc com.google.android.gm for service com.google.android.gm/.provider.MailSyncAdapterService: pid=5051 uid=10038 gids={50038, 3003, 1028, 1015}
10-13 09:34:31.361: D/dalvikvm(4972): GC_CONCURRENT freed 245K, 9% free 3342K/3640K, paused 1ms+0ms, total 3ms
10-13 09:34:31.381: D/dalvikvm(4681): GC_CONCURRENT freed 635K, 28% free 4932K/6808K, paused 3ms+1ms, total 10ms
10-13 09:34:31.581: I/ActivityManager(1706): Force stopping com.google.android.apps.mtaas.loginutil appid=10067 user=0: finished inst
10-13 09:34:31.581: I/ActivityManager(1706): Killing 4827:com.google.android.apps.mtaas.loginutil/u0a67 (adj 0): stop com.google.android.apps.mtaas.loginutil
10-13 09:34:31.591: I/ActivityManager(1706): Start proc android.process.media for content provider com.android.providers.downloads/.DownloadProvider: pid=5073 uid=10006 gids={50006, 1028, 1015, 1023, 1024, 2001, 3003, 3007}
10-13 09:34:31.591: D/ActivityThread(5038): Loading provider com.google.android.email.provider;com.google.android.email.notifier: com.android.email.provider.EmailProvider
10-13 09:34:31.591: D/ActivityThread(5038): Loading provider com.google.android.email.provider;com.google.android.email.notifier: com.android.email.provider.EmailProvider
10-13 09:34:31.621: D/Volley(4972): [191] DiskBasedCache.clear: Cache cleared.
10-13 09:34:31.621: D/Finsky(4972): [1] 2.run: Loaded library for account: [kQDN-dxCel_N0rHZYP1Y1D5t2ac]
10-13 09:34:31.621: D/Finsky(4972): [1] 2.run: Finished loading 1 libraries.
10-13 09:34:31.621: D/Volley(4972): [195] DiskBasedCache.clear: Cache cleared.
10-13 09:34:31.631: I/ContactDirectoryManager(2912): deleted 0 stale rows which don't have any relevant directory
10-13 09:34:31.631: D/Finsky(4972): [1] UpdateWidgetsReceiver.onReceive: Updated 0 MarketWidgetProvider widgets (android.accounts.LOGIN_ACCOUNTS_CHANGED)
10-13 09:34:31.651: D/Finsky(4972): [1] UpdateWidgetsReceiver.onReceive: Updated 0 RecommendedWidgetProvider widgets (android.accounts.LOGIN_ACCOUNTS_CHANGED)
10-13 09:34:31.651: D/Finsky(4972): [1] UpdateWidgetsReceiver.onReceive: Updated 0 NowPlayingWidgetProvider widgets (android.accounts.LOGIN_ACCOUNTS_CHANGED)
10-13 09:34:31.661: D/dalvikvm(5038): GC_CONCURRENT freed 245K, 9% free 3172K/3472K, paused 3ms+0ms, total 5ms
10-13 09:34:31.671: I/ContactDirectoryManager(2912): Discovered 1 contact directories in 512ms
10-13 09:34:31.681: I/dalvikvm(4710): Could not find method android.accounts.AccountManager.removeAccount, referenced from method bsv.a
10-13 09:34:31.681: W/dalvikvm(4710): VFY: unable to resolve virtual method 2870: Landroid/accounts/AccountManager;.removeAccount (Landroid/accounts/Account;Landroid/app/Activity;Landroid/accounts/AccountManagerCallback;Landroid/os/Handler;)Landroid/accounts/AccountManagerFuture;
10-13 09:34:31.681: D/dalvikvm(4710): VFY: replacing opcode 0x6e at 0x0031
10-13 09:34:31.681: D/ActivityThread(5051): Loading provider com.android.gmail.ui: com.google.android.gm.provider.GmailProvider
10-13 09:34:31.691: D/dalvikvm(5051): GC_CONCURRENT freed 203K, 8% free 3195K/3452K, paused 1ms+0ms, total 4ms
10-13 09:34:31.691: D/dalvikvm(5024): GC_CONCURRENT freed 280K, 10% free 3152K/3488K, paused 1ms+6ms, total 11ms
10-13 09:34:31.701: W/GAV2(4198): Thread[main,5,main]: Need to call initialize() and be in fallback mode to start dispatch.
10-13 09:34:31.701: W/ActivityManager(1706): Unable to start service Intent { cmp=com.google.android.email/com.android.email.service.AttachmentDownloadService } U=0: not found
10-13 09:34:31.711: D/dalvikvm(1706): GC_CONCURRENT freed 1651K, 19% free 9477K/11636K, paused 1ms+0ms, total 11ms
10-13 09:34:31.721: I/Velvet.VelvetFactory(4198): refreshing internal icing corpora
10-13 09:34:31.721: I/ActivityManager(1706): Delay finish: com.google.android.googlequicksearchbox/com.google.android.sidekick.main.AccountsChangedReceiver
10-13 09:34:31.721: I/ActivityManager(1706): Resuming delayed broadcast
10-13 09:34:31.721: W/ActivityManager(1706): Unable to start service Intent { cmp=com.google.android.email/com.android.email.service.AttachmentDownloadService } U=0: not found
10-13 09:34:31.721: I/ActivityManager(1706): Delay finish: com.google.android.calendar/com.google.android.syncadapters.calendar.CalendarSyncAdapterBroadcastReceiver
10-13 09:34:31.731: W/GAV2(5051): Thread[main,5,main]: Need to call initialize() and be in fallback mode to start dispatch.
10-13 09:34:31.731: W/ActivityManager(1706): Unable to start service Intent { cmp=com.google.android.email/com.android.email.service.AttachmentDownloadService } U=0: not found
10-13 09:34:31.741: I/Velvet.VelvetFactory(4198): refreshing search history.
10-13 09:34:31.741: D/dalvikvm(5073): GC_FOR_ALLOC freed 348K, 12% free 3177K/3576K, paused 4ms, total 4ms
10-13 09:34:31.741: W/GAV2(4198): Thread[Thread-167,5,main]: dispatch call queued.  Need to call GAServiceManager.getInstance().initialize().
10-13 09:34:31.751: D/dalvikvm(5073): GC_CONCURRENT freed 202K, 11% free 3195K/3576K, paused 2ms+1ms, total 4ms
10-13 09:34:31.751: D/Finsky(4972): [1] GmsCoreHelper.cleanupNlp: result=false type=4
10-13 09:34:31.751: I/dalvikvm(4710): Could not find method android.accounts.AccountManager.renameAccount, referenced from method eah.b
10-13 09:34:31.751: W/dalvikvm(4710): VFY: unable to resolve virtual method 2872: Landroid/accounts/AccountManager;.renameAccount (Landroid/accounts/Account;Ljava/lang/String;Landroid/accounts/AccountManagerCallback;Landroid/os/Handler;)Landroid/accounts/AccountManagerFuture;
10-13 09:34:31.751: D/dalvikvm(4710): VFY: replacing opcode 0x6e at 0x0046
10-13 09:34:31.751: I/ActivityManager(1706): Delaying start of: ServiceRecord{955c1628 u0 com.android.vending/com.google.android.finsky.services.RestoreService}
10-13 09:34:31.761: I/Auth(4710): [ReflectiveChannelBinder] Successfully bound channel!
10-13 09:34:31.761: D/dalvikvm(5051): GC_CONCURRENT freed 283K, 10% free 3300K/3636K, paused 1ms+0ms, total 4ms
10-13 09:34:31.761: D/dalvikvm(4198): GC_CONCURRENT freed 333K, 10% free 3659K/4052K, paused 9ms+0ms, total 21ms
10-13 09:34:31.771: I/Icing.InternalIcingCorporaProvider(4198): Updating corpora: A: MAYBE, C: MAYBE
10-13 09:34:31.771: I/Icing(4681): IndexChimeraService.getServiceInterface callingPackage=com.google.android.gm componentName=null serviceId=21
10-13 09:34:31.771: W/Sidekick_LocationOracleImpl(4198): Best location was null
10-13 09:34:31.781: W/dalvikvm(4710): VFY: unable to find class referenced in signature (Landroid/net/Network;)
10-13 09:34:31.781: E/dalvikvm(4710): Could not find class 'android.net.Network', referenced from method quw.a
10-13 09:34:31.781: W/dalvikvm(4710): VFY: unable to resolve check-cast 3492 (Landroid/net/Network;) in Lquw;
10-13 09:34:31.781: D/dalvikvm(4710): VFY: replacing opcode 0x1f at 0x000f
10-13 09:34:31.781: I/Email(5038): Observing account changes for notifications
10-13 09:34:31.781: W/Conscrypt(4710): Could not set socket write timeout:
10-13 09:34:31.781: W/Conscrypt(4710):    java.lang.reflect.Method.invokeNative(Native Method)
10-13 09:34:31.781: W/Conscrypt(4710):    java.lang.reflect.Method.invoke(Method.java:515)
10-13 09:34:31.781: I/Icing.InternalIcingCorporaProvider(4198): UpdateCorporaTask done [took 13 ms] updated apps [took 12 ms] 
10-13 09:34:31.781: W/Conscrypt(4710): Could not set socket write timeout:
10-13 09:34:31.781: W/Conscrypt(4710):    java.lang.reflect.Method.invokeNative(Native Method)
10-13 09:34:31.781: W/Conscrypt(4710):    java.lang.reflect.Method.invoke(Method.java:515)
10-13 09:34:31.791: W/Conscrypt(4710): Could not set socket write timeout:
10-13 09:34:31.791: W/Conscrypt(4710):    java.lang.reflect.Method.invokeNative(Native Method)
10-13 09:34:31.791: W/Conscrypt(4710):    java.lang.reflect.Method.invoke(Method.java:515)
10-13 09:34:31.791: D/dalvikvm(4710): GC_CONCURRENT freed 621K, 13% free 5407K/6148K, paused 2ms+1ms, total 8ms
10-13 09:34:31.801: W/Conscrypt(4710): Could not set socket write timeout:
10-13 09:34:31.801: W/Conscrypt(4710):    java.lang.reflect.Method.invokeNative(Native Method)
10-13 09:34:31.801: W/Conscrypt(4710):    java.lang.reflect.Method.invoke(Method.java:515)
10-13 09:34:31.801: W/Conscrypt(4710): Could not set socket write timeout:
10-13 09:34:31.801: W/Conscrypt(4710):    java.lang.reflect.Method.invokeNative(Native Method)
10-13 09:34:31.801: W/Conscrypt(4710):    java.lang.reflect.Method.invoke(Method.java:515)
10-13 09:34:31.801: W/Conscrypt(4710): Could not set socket write timeout:
10-13 09:34:31.801: W/Conscrypt(4710):    java.lang.reflect.Method.invokeNative(Native Method)
10-13 09:34:31.801: W/Conscrypt(4710):    java.lang.reflect.Method.invoke(Method.java:515)
10-13 09:34:31.861: I/Icing(4681): Indexing 212FC22FBA8337F8ABC8A529372FF4798C4F2EC2 from com.google.android.gm
10-13 09:34:31.871: W/Auth(4710): [GetToken] GetToken failed with status code: INVALID_SCOPE
10-13 09:34:31.871: W/Search.LoginHelper(4198): Google auth exception for scope: oauth2:https://www.googleapis.com/auth/googlenow
10-13 09:34:31.871: E/Velvet.VelvetNetworkClient(4198): Failed to get auth token
10-13 09:34:31.871: W/Sidekick_NowOptInSettingsImpl(4198): Failed to fetch default configuration
10-13 09:34:31.881: I/Gmail(5051): Bootstrapping db:/data/data/com.google.android.gm/databases/internal.4A2NI7OQOTX46RNLLDCZ5QQEKA-00@cloudtestlabaccounts.com.db Current version is 0
10-13 09:34:31.881: I/Gmail(5051): Bootstrapping db: /data/data/com.google.android.gm/databases/mailstore.4A2NI7OQOTX46RNLLDCZ5QQEKA-00@cloudtestlabaccounts.com.db Current version is 0
10-13 09:34:31.911: I/Gmail(5051): calculateUnknownSyncRationalesAndPurgeInBackground: exiting (labelMap not synced
10-13 09:34:31.911: E/SQLiteLog(5051): (1) no such table: search_status
10-13 09:34:31.911: I/Gmail(5051): Setting up for AppDataSearch
10-13 09:34:31.911: I/Gmail(5051): calculateUnknownSyncRationalesAndPurgeInBackground: exiting (labelMap not synced
10-13 09:34:31.911: I/Gmail(5051): calculateUnknownSyncRationalesAndPurgeInBackground: exiting (labelMap not synced
10-13 09:34:31.921: I/Auth(4710): [BroadcastManager] Broadcasting account services changed.
10-13 09:34:31.931: I/Gmail(5051): Backfilling search sequence table
10-13 09:34:31.931: I/Auth(4710): [BroadcastManager] Broadcasting account services changed.
10-13 09:34:31.951: I/Gmail(5051): Backfilling search sequence table
10-13 09:34:31.951: W/Search.SearchUrlHelper(4198): Auth token not ready, no auth header set.
10-13 09:34:31.961: D/dalvikvm(5051): GC_CONCURRENT freed 262K, 9% free 3431K/3748K, paused 5ms+0ms, total 7ms
10-13 09:34:31.961: D/dalvikvm(4198): GC_FOR_ALLOC freed 328K, 10% free 3766K/4148K, paused 6ms, total 6ms
10-13 09:34:31.961: W/ContextImpl(5051): Implicit intents with startService are not safe: Intent { act=com.android.mail.action.BACKUP_DATA_CHANGED } android.content.ContextWrapper.startService:494 com.android.mail.MailIntentService.broadcastBackupDataChanged:96 com.android.mail.preferences.VersionedPrefs.notifyBackupPreferenceChanged:260 
10-13 09:34:31.971: W/ContextImpl(5051): Implicit intents with startService are not safe: Intent { act=com.android.mail.action.BACKUP_DATA_CHANGED } android.content.ContextWrapper.startService:494 com.android.mail.MailIntentService.broadcastBackupDataChanged:96 com.android.mail.preferences.VersionedPrefs.notifyBackupPreferenceChanged:260 
10-13 09:34:31.971: W/ContextImpl(5051): Implicit intents with startService are not safe: Intent { act=com.android.mail.action.BACKUP_DATA_CHANGED } android.content.ContextWrapper.startService:494 com.android.mail.MailIntentService.broadcastBackupDataChanged:96 com.android.mail.preferences.VersionedPrefs.notifyBackupPreferenceChanged:260 
10-13 09:34:31.971: I/Icing(4681): Indexing done 212FC22FBA8337F8ABC8A529372FF4798C4F2EC2
10-13 09:34:31.971: W/ActivityManager(1706): Unable to start service Intent { act=com.android.mail.action.BACKUP_DATA_CHANGED } U=0: not found
10-13 09:34:31.971: W/ActivityManager(1706): Unable to start service Intent { act=com.android.mail.action.BACKUP_DATA_CHANGED } U=0: not found
10-13 09:34:31.971: W/ActivityManager(1706): Unable to start service Intent { act=com.android.mail.action.BACKUP_DATA_CHANGED } U=0: not found
10-13 09:34:31.981: D/dalvikvm(4198): GC_CONCURRENT freed 41K, 10% free 3805K/4228K, paused 4ms+1ms, total 7ms
10-13 09:34:32.031: D/dalvikvm(4710): GC_CONCURRENT freed 725K, 14% free 5392K/6236K, paused 18ms+1ms, total 24ms
10-13 09:34:32.051: E/Gmail.LabelManager(5051): Unable to get label ^i for account 4A2NI7OQOTX46RNLLDCZ5QQEKA-00@cloudtestlabaccounts.com
10-13 09:34:32.061: I/Auth(4710): [BroadcastManager] Broadcasting account services changed.
10-13 09:34:32.061: E/Gmail(5051): Couldn't find label: ^i
10-13 09:34:32.061: I/Remoter(1325): Saved screenshot to '/data/screenshots/__pmv__-0077.jpg'
10-13 09:34:32.071: E/dalvikvm(4681): Could not find class 'android.app.usage.UsageStatsManager', referenced from method sbq.a
10-13 09:34:32.071: W/dalvikvm(4681): VFY: unable to resolve check-cast 3307 (Landroid/app/usage/UsageStatsManager;) in Lsbq;
10-13 09:34:32.071: D/dalvikvm(4681): VFY: replacing opcode 0x1f at 0x0069
10-13 09:34:32.071: I/Icing(4681): Usage reports 0 indexed 0 rejected 0 imm upload false
10-13 09:34:32.071: D/Finsky(4972): [1] RestoreTracker.stopServiceIfDone: Restore complete with 0 success and 0 failed.
10-13 09:34:32.071: I/ActivityManager(1706): Resuming delayed broadcast
10-13 09:34:32.081: I/ActivityManager(1706): Start proc com.android.chrome for broadcast com.android.chrome/com.google.android.apps.chrome.services.AccountsChangedReceiver: pid=5136 uid=10029 gids={50029, 3003, 1028, 1015}
10-13 09:34:32.101: I/Email(5038): System accounts updated.
10-13 09:34:32.101: I/ActivityManager(1706): Delay finish: com.google.android.email/com.android.email.service.EmailBroadcastReceiver
10-13 09:34:32.121: I/ActivityManager(1706): Delaying start of: ServiceRecord{955eb5e8 u0 com.google.android.exchange/com.android.exchange.service.EmailSyncAdapterService}
10-13 09:34:32.121: I/ActivityManager(1706): Resuming delayed broadcast
10-13 09:34:32.131: I/Exchange(4996): Accounts changed - requesting FolderSync for unsynced accounts
10-13 09:34:32.131: D/dalvikvm(5051): GC_CONCURRENT freed 360K, 11% free 3476K/3896K, paused 1ms+0ms, total 3ms
10-13 09:34:32.131: I/CalendarProvider2(4596): Sending notification intent: Intent { act=android.intent.action.PROVIDER_CHANGED dat=content://com.android.calendar }
10-13 09:34:32.131: W/ContentResolver(4596): Failed to get type for: content://com.android.calendar (Unknown URL content://com.android.calendar)
10-13 09:34:32.131: I/Gmail(5051): Database deleted: No account for db [internal.4A2NI7OQOTX46RNLLDCZ5QQEKA-00@cloudtestlabaccounts.com.db]
10-13 09:34:32.131: I/Gmail(5051): Database deleted: No account for db [mailstore.4A2NI7OQOTX46RNLLDCZ5QQEKA-00@cloudtestlabaccounts.com.db]
10-13 09:34:32.131: I/ActivityManager(1706): Delay finish: com.google.android.gm/.AccountsChangedReceiver
10-13 09:34:32.131: I/ActivityManager(1706): Resuming delayed broadcast
10-13 09:34:32.141: I/Gmail(5051): Restarting because we deleted an account.
10-13 09:34:32.141: I/AndroidRuntime(5051): VM exiting with result code -1, cleanup skipped.
10-13 09:34:32.141: D/dalvikvm(1333): GC_EXPLICIT freed 41K, 4% free 3012K/3108K, paused 1ms+0ms, total 4ms
10-13 09:34:32.141: D/dalvikvm(1333): GC_EXPLICIT freed <1K, 4% free 3012K/3108K, paused 0ms+1ms, total 3ms
10-13 09:34:32.141: I/ActivityManager(1706): Start proc com.google.android.videos for broadcast com.google.android.videos/.accounts.AccountsChangedService$AccountsChangedReceiver: pid=5158 uid=10062 gids={50062, 3003, 1028, 1015, 3002}
10-13 09:34:32.151: D/dalvikvm(1333): GC_EXPLICIT freed <1K, 4% free 3012K/3108K, paused 0ms+1ms, total 5ms
10-13 09:34:32.151: W/Auth(4710): [GetToken] GetToken failed with status code: INVALID_SCOPE
10-13 09:34:32.151: W/Search.LoginHelper(4198): Google auth exception for scope: oauth2:https://www.googleapis.com/auth/googlenow
10-13 09:34:32.151: I/ActivityManager(1706): Process com.google.android.gm (pid 5051) has died.
10-13 09:34:32.151: W/ActivityManager(1706): Scheduling restart of crashed service com.google.android.gm/.GmailIntentService in 1000ms
10-13 09:34:32.181: D/Zygote(1333): Process 5051 exited cleanly (255)
10-13 09:34:32.191: D/dalvikvm(5158): GC_CONCURRENT freed 219K, 8% free 3184K/3456K, paused 1ms+0ms, total 3ms
10-13 09:34:32.211: D/dalvikvm(5158): GC_CONCURRENT freed 213K, 8% free 3358K/3624K, paused 0ms+0ms, total 2ms
10-13 09:34:32.231: W/Auth(4710): [GetToken] GetToken failed with status code: INVALID_SCOPE
10-13 09:34:32.231: W/Search.LoginHelper(4198): Google auth exception for scope: oauth2:https://www.googleapis.com/auth/googlenow
10-13 09:34:32.251: D/BluetoothAdapter(4730): stopLeScan()
10-13 09:34:32.261: D/BtGatt.GattService(2561): stopScan() - queue=1
10-13 09:34:32.261: D/BtGatt.GattService(2561): stopScan() - queue empty; stopping scan
10-13 09:34:32.261: D/BtGatt.btif(2561): btif_gattc_scan
10-13 09:34:32.261: D/BtGatt.btif(2561): btgattc_handle_event: Event 1003
10-13 09:34:32.261: D/BtGatt.GattService(2561): unregisterClient() - clientIf=5
10-13 09:34:32.261: D/BtGatt.btif(2561): btif_gattc_unregister_app
10-13 09:34:32.261: D/BtGatt.btif(2561): btgattc_handle_event: Event 1001
10-13 09:34:32.261: D/BtGatt.btif(2561): btif_gattc_upstreams_evt: Event 1
10-13 09:34:32.271: D/PlayMovies(5158): PersistentCache.cleanup:126 Cache is below limit, no need to shrink: [size=0, limit=5242880]
10-13 09:34:32.271: D/dalvikvm(5158): GC_FOR_ALLOC freed 448K, 13% free 3425K/3924K, paused 2ms, total 2ms
10-13 09:34:32.281: D/dalvikvm(5158): GC_CONCURRENT freed 51K, 13% free 3429K/3924K, paused 1ms+0ms, total 3ms
10-13 09:34:32.281: D/dalvikvm(4198): GC_CONCURRENT freed 282K, 9% free 3908K/4252K, paused 1ms+1ms, total 4ms
10-13 09:34:32.291: D/dalvikvm(5158): GC_FOR_ALLOC freed 496K, 15% free 3431K/3992K, paused 2ms, total 2ms
10-13 09:34:32.291: D/dalvikvm(5158): GC_CONCURRENT freed 144K, 14% free 3434K/3992K, paused 0ms+0ms, total 3ms
10-13 09:34:32.301: D/dalvikvm(5158): GC_CONCURRENT freed 395K, 14% free 3438K/3992K, paused 1ms+1ms, total 3ms
10-13 09:34:32.301: I/MediaRouter(5158): Found default route: MediaRouter.RouteInfo{ uniqueId=android/.support.v7.media.SystemMediaRouteProvider:DEFAULT_ROUTE, name=Telfono, description=null, enabled=true, connecting=false, playbackType=0, playbackStream=3, volumeHandling=1, volume=11, volumeMax=15, presentationDisplayId=-1, extras=null, providerPackageName=android }
10-13 09:34:32.301: D/PlayMovies(5158): MediaRouteManager.onRouteSelected:125 routeInfo: MediaRouter.RouteInfo{ uniqueId=android/.support.v7.media.SystemMediaRouteProvider:DEFAULT_ROUTE, name=Telfono, description=null, enabled=true, connecting=false, playbackType=0, playbackStream=3, volumeHandling=1, volume=11, volumeMax=15, presentationDisplayId=-1, extras=null, providerPackageName=android }
10-13 09:34:32.311: D/PlayMovies(5158): TransferService.onCreate:52 creating transfer service
10-13 09:34:32.311: I/ActivityManager(1706): Delay finish: com.google.android.youtube/com.google.android.apps.youtube.core.async.UserAuthorizer$AccountsChangedReceiver
10-13 09:34:32.311: I/ActivityManager(1706): Resuming delayed broadcast
10-13 09:34:32.311: I/ActivityManager(1706): Delay finish: com.google.android.gms/.auth.account.be.accountstate.LoginAccountsChangedWakefulBroadcastReceiver
10-13 09:34:32.321: I/ActivityManager(1706): Resuming delayed broadcast
10-13 09:34:32.331: D/dalvikvm(5158): GC_CONCURRENT freed 336K, 11% free 3587K/3992K, paused 1ms+0ms, total 3ms
10-13 09:34:32.331: D/PlayMovies(5158): MediaRouteManager.onRouteSelected:125 routeInfo: MediaRouter.RouteInfo{ uniqueId=android/.support.v7.media.SystemMediaRouteProvider:DEFAULT_ROUTE, name=Telfono, description=null, enabled=true, connecting=false, playbackType=0, playbackStream=3, volumeHandling=1, volume=11, volumeMax=15, presentationDisplayId=-1, extras=null, providerPackageName=android }
10-13 09:34:32.331: I/ActivityManager(1706): Delay finish: com.google.android.gms/com.google.android.libraries.social.account.refresh.receiver.AccountsChangedReceiver
10-13 09:34:32.341: D/dalvikvm(4681): GC_CONCURRENT freed 518K, 27% free 4976K/6808K, paused 1ms+0ms, total 7ms
10-13 09:34:32.341: I/Icing(4681): IndexChimeraService.getServiceInterface callingPackage=com.google.android.videos componentName=null serviceId=21
10-13 09:34:32.351: D/dalvikvm(5158): GC_CONCURRENT freed 536K, 15% free 3565K/4152K, paused 0ms+1ms, total 4ms
10-13 09:34:32.351: D/dalvikvm(5158): WAIT_FOR_CONCURRENT_GC blocked 3ms
10-13 09:34:32.371: I/Icing(4681): Usage reports 0 indexed 0 rejected 0 imm upload false
10-13 09:34:32.371: D/dalvikvm(5158): GC_CONCURRENT freed 517K, 15% free 3560K/4152K, paused 1ms+3ms, total 7ms
10-13 09:34:32.371: D/dalvikvm(5158): WAIT_FOR_CONCURRENT_GC blocked 5ms
10-13 09:34:32.381: I/Auth(4710): [BroadcastManager] Broadcasting account change.
10-13 09:34:32.381: W/WakefulBroadcastReceiver(4710): No active wake lock id #1
10-13 09:34:32.381: I/dalvikvm(4681): Could not find method android.content.Context.isDeviceProtectedStorage, referenced from method jgs.<init>
10-13 09:34:32.381: W/dalvikvm(4681): VFY: unable to resolve virtual method 3442: Landroid/content/Context;.isDeviceProtectedStorage ()Z
10-13 09:34:32.381: D/dalvikvm(4681): VFY: replacing opcode 0x6e at 0x0057
10-13 09:34:32.381: D/dalvikvm(5158): GC_FOR_ALLOC freed 512K, 15% free 3559K/4152K, paused 4ms, total 4ms
10-13 09:34:32.381: I/ActivityManager(1706): Resuming delayed broadcast
10-13 09:34:32.381: I/ActivityManager(1706): Delay finish: com.google.android.partnersetup/.RlzPingBroadcastReceiver
10-13 09:34:32.391: D/Volley(4972): [191] DiskBasedCache.clear: Cache cleared.
10-13 09:34:32.391: D/Volley(4972): [195] DiskBasedCache.clear: Cache cleared.
10-13 09:34:32.391: I/ActivityManager(1706): Resuming delayed broadcast
10-13 09:34:32.401: D/Finsky(4972): [1] UpdateWidgetsReceiver.onReceive: Updated 0 MarketWidgetProvider widgets (android.accounts.LOGIN_ACCOUNTS_CHANGED)
10-13 09:34:32.401: D/Finsky(4972): [1] UpdateWidgetsReceiver.onReceive: Updated 0 RecommendedWidgetProvider widgets (android.accounts.LOGIN_ACCOUNTS_CHANGED)
10-13 09:34:32.401: D/Finsky(4972): [1] UpdateWidgetsReceiver.onReceive: Updated 0 NowPlayingWidgetProvider widgets (android.accounts.LOGIN_ACCOUNTS_CHANGED)
10-13 09:34:32.401: I/HeterodyneSyncScheduler(4730): Scheduling Phenotype for a PhenotypeSyncImmediately(5, null) one off with window [1, 2] in seconds
10-13 09:34:32.401: I/dalvikvm(4681): Could not find method android.content.Context.getSystemService, referenced from method pyo.a
10-13 09:34:32.401: W/dalvikvm(4681): VFY: unable to resolve virtual method 11789: Landroid/content/Context;.getSystemService (Ljava/lang/Class;)Ljava/lang/Object;
10-13 09:34:32.401: D/dalvikvm(4681): VFY: replacing opcode 0x6e at 0x0008
10-13 09:34:32.401: D/dalvikvm(5158): GC_FOR_ALLOC freed 512K, 15% free 3558K/4152K, paused 3ms, total 3ms
10-13 09:34:32.411: I/dalvikvm(4681): Could not find method android.content.Context.createDeviceProtectedStorageContext, referenced from method pwt.a
10-13 09:34:32.411: W/dalvikvm(4681): VFY: unable to resolve virtual method 11764: Landroid/content/Context;.createDeviceProtectedStorageContext ()Landroid/content/Context;
10-13 09:34:32.411: D/dalvikvm(4681): VFY: replacing opcode 0x6e at 0x000a
10-13 09:34:32.411: I/ActivityManager(1706): Delay finish: com.google.android.googlequicksearchbox/com.google.android.sidekick.main.AccountsChangedReceiver
10-13 09:34:32.431: I/dalvikvm(4681): Could not find method android.content.Context.getSystemService, referenced from method pyp.b
10-13 09:34:32.431: W/dalvikvm(4681): VFY: unable to resolve virtual method 11789: Landroid/content/Context;.getSystemService (Ljava/lang/Class;)Ljava/lang/Object;
10-13 09:34:32.431: D/dalvikvm(4681): VFY: replacing opcode 0x6e at 0x004f
10-13 09:34:32.451: D/dalvikvm(5158): GC_CONCURRENT freed 29K, 15% free 3555K/4152K, paused 16ms+0ms, total 38ms
10-13 09:34:32.461: I/PmtsSwAccountIntentOp(4681): Processing intent action=android.accounts.LOGIN_ACCOUNTS_CHANGED
10-13 09:34:32.461: I/PmtsSwAccountIntentOp(4681): Device isn't of sufficient API level
10-13 09:34:32.461: D/dalvikvm(1706): GC_CONCURRENT freed 1433K, 17% free 9666K/11636K, paused 0ms+2ms, total 93ms
10-13 09:34:32.461: D/dalvikvm(1706): WAIT_FOR_CONCURRENT_GC blocked 12ms
10-13 09:34:32.461: D/dalvikvm(1706): WAIT_FOR_CONCURRENT_GC blocked 12ms
10-13 09:34:32.471: D/BluetoothAdapter(4730): startLeScan(): null
10-13 09:34:32.481: D/BtGatt.GattService(2561): registerClient() - UUID=69ac4b0b-3494-4c0b-bf36-a2599ceb990a
10-13 09:34:32.481: D/BtGatt.btif(2561): btif_gattc_register_app
10-13 09:34:32.481: D/BtGatt.btif(2561): btgattc_handle_event: Event 1000
10-13 09:34:32.481: D/BtGatt.btif(2561): btif_gattc_upstreams_evt: Event 0
10-13 09:34:32.481: D/BtGatt.GattService(2561): onClientRegistered() - UUID=69ac4b0b-3494-4c0b-bf36-a2599ceb990a, clientIf=5
10-13 09:34:32.481: D/BluetoothAdapter(4730): onClientRegistered() - status=0 clientIf=5
10-13 09:34:32.481: D/BtGatt.GattService(2561): startScan() - queue=0
10-13 09:34:32.481: D/BtGatt.GattService(2561): startScan() - adding client=5
