10-13 09:26:01.941: I/ActivityManager(1720): Start proc 5160:com.google.android.gms.unstable/u0a10 for service com.google.android.gms/.droidguard.DroidGuardService
10-13 09:26:01.837: I/gce.meta.proxy(976): type=1400 audit(0.0:167): avc: denied { name_connect } for dest=80 scontext=u:r:kernel:s0 tcontext=u:object_r:port:s0 tclass=tcp_socket permissive=1
10-13 09:26:01.957: D/BluetoothAdapter(4998): STATE_ON
10-13 09:26:01.957: D/BluetoothLeScanner(4998): could not find callback wrapper
10-13 09:26:01.958: I/BeaconBle(4998): Client requested scan, settings=BleSettings [scanMode=LOW_LATENCY, callbackType=ALL_MATCHES, reportDelayMillis=0, 6 filters, 1 clients, callingClientName=Nearby]
10-13 09:26:01.968: I/BeaconBle(4998): 'L' hardware scan: 6 filters, scanMode=2, reportdelay=0, callback type=1, #clients=1
10-13 09:26:01.968: I/BeaconBle(4998): Starting scan on OS scanner. BT state: 12
10-13 09:26:01.968: D/BluetoothAdapter(4998): STATE_ON
10-13 09:26:01.969: D/BtGatt.GattService(2441): registerClient() - UUID=85c96a1d-dfbb-41f1-9507-60139d8c938d
10-13 09:26:01.970: D/BtGatt.GattService(2441): onClientRegistered() - UUID=85c96a1d-dfbb-41f1-9507-60139d8c938d, clientIf=5
10-13 09:26:01.970: D/BluetoothLeScanner(4998): onClientRegistered() - status=0 clientIf=5
10-13 09:26:01.970: D/BtGatt.GattService(2441): start scan with filters
10-13 09:26:01.971: D/BtGatt.ScanManager(2441): handling starting scan
10-13 09:26:01.971: D/BtGatt.ScanManager(2441): configureRegularScanParams() - queue=1
10-13 09:26:01.972: D/BtGatt.ScanManager(2441): configureRegularScanParams() - ScanSetting Scan mode=2 mLastConfiguredScanSetting=-2147483648
10-13 09:26:01.972: D/BtGatt.ScanManager(2441): configureRegularScanParams - scanInterval = 8000configureRegularScanParams - scanWindow = 8000
10-13 09:26:01.974: D/BtGatt.GattService(2441): onScanParamSetupCompleted : 0
10-13 09:26:02.005: W/NearbyMessages(4998): LocationProvider returns null
10-13 09:26:02.038: I/GAv4-SVC(5019): Google Analytics 11.5.19 is starting up.
10-13 09:26:02.039: I/GAV2(4834): Thread[GAThread,5,main]: No campaign data found.
10-13 09:26:02.090: I/LoadedApk(5160): No resource references to update in package FFFFFFFFFFFFFFFFFFFFFF
10-13 09:26:02.110: W/linker(5160): /data/app/com.google.android.gms-1/lib/x86/libconscrypt_gmscore_jni.so: unused DT entry: type 0x1d arg 0x91
10-13 09:26:02.113: V/NativeCrypto(5160): Registering com/google/android/gms/org/conscrypt/NativeCrypto's 259 native methods...
10-13 09:26:02.128: I/art(5160): Rejecting re-init on previously-failed class java.lang.Class<com.google.android.gms.org.conscrypt.OpenSSLExtendedSessionImpl>
10-13 09:26:02.128: I/art(5160): Rejecting re-init on previously-failed class java.lang.Class<com.google.android.gms.org.conscrypt.OpenSSLExtendedSessionImpl>
10-13 09:26:02.129: I/art(5160): Rejecting re-init on previously-failed class java.lang.Class<com.google.android.gms.org.conscrypt.OpenSSLExtendedSessionImpl>
10-13 09:26:02.135: I/ProviderInstaller(5160): Installed default security provider GmsCore_OpenSSL
10-13 09:26:02.184: I/GceGrallocRegionRegistry(5105): Mapped gralloc-1337.41 hnd=0xada4f440 fd=24 base=0x9d43d000 format=RGBA_8888(0x1) width=1080 height=1794
10-13 09:26:02.237: I/ActivityManager(1720): Displayed com.google.android.apps.mtaas.backdrop/.BackdropActivity: +1s705ms
10-13 09:26:02.238: I/Keyboard.Facilitator(2025): onFinishInput()
10-13 09:26:02.328: I/GceGrallocRegionRegistry(5105): Mapped gralloc-1337.40 hnd=0xada4f4c0 fd=26 base=0x9ccba000 format=RGBA_8888(0x1) width=1080 height=1794
10-13 09:26:02.227: I/Binder_9(1720): type=1400 audit(0.0:168): avc: denied { ioctl } for path="socket:[28485]" dev="sockfs" ino=28485 ioctlcmd=7704 scontext=u:r:system_server:s0 tcontext=u:r:system_server:s0 tclass=unix_stream_socket permissive=1
10-13 09:26:02.367: I/Remoter(1331): Saved screenshot to '/data/screenshots/__pmv__-0077.jpg'
10-13 09:26:02.370: D/WVCdm(1343): Instantiating CDM.
10-13 09:26:02.371: I/WVCdm(1343): CdmEngine::OpenSession
10-13 09:26:02.371: I/WVCdm(1343): Level3 Library Jun 15 2015 14:09:10
10-13 09:26:02.371: W/WVCdm(1343): Could not read /data/mediadrm/IDM1013/ay64.dat2: No such file or directory
10-13 09:26:02.371: W/WVCdm(1343): Could not load liboemcrypto.so. Falling back to L3.  dlopen failed: library "liboemcrypto.so" not found
10-13 09:26:02.391: I/DynamiteModule(5160): Considering local module com.google.android.gms.googlecertificates:4 and remote module com.google.android.gms.googlecertificates:4
10-13 09:26:02.391: I/DynamiteModule(5160): Selected local version of com.google.android.gms.googlecertificates
10-13 09:26:02.227: I/Binder_9(1720): type=1400 audit(0.0:169): avc: denied { ioctl } for path="socket:[28485]" dev="sockfs" ino=28485 ioctlcmd=7704 scontext=u:r:system_server:s0 tcontext=u:r:system_server:s0 tclass=unix_stream_socket permissive=1
10-13 09:26:02.451: I/WVCdm(1343): CdmEngine::QueryKeyControlInfo
10-13 09:26:02.468: W/WVCdm(1343): BufferReader::Read<T> : Failure during parse: Not enough bytes (4)
10-13 09:26:02.468: W/WVCdm(1343): CdmEngine::ExtractWidevinePssh: Unable to read atom size.
10-13 09:26:02.468: I/WVCdm(1343): CdmEngine::GenerateKeyRequest
10-13 09:26:02.468: D/WVCdm(1343): PrepareKeyRequest: nonce=3385206829
10-13 09:26:02.227: I/Binder_B(1720): type=1400 audit(0.0:170): avc: denied { ioctl } for path="socket:[28484]" dev="sockfs" ino=28484 ioctlcmd=7704 scontext=u:r:system_server:s0 tcontext=u:r:system_server:s0 tclass=unix_stream_socket permissive=1
10-13 09:26:02.546: I/GceGrallocRegionRegistry(1720): Unmapped gralloc-1337.37 hnd=0x94abf940 fd=113 base=0x9b87d000
10-13 09:26:02.574: I/GceGrallocRegionRegistry(1337): Unmapped gralloc-1337.37 hnd=0xb212d580 fd=31 base=0xb167d000
10-13 09:26:02.227: I/Binder_B(1720): type=1400 audit(0.0:171): avc: denied { ioctl } for path="socket:[28484]" dev="sockfs" ino=28484 ioctlcmd=7704 scontext=u:r:system_server:s0 tcontext=u:r:system_server:s0 tclass=unix_stream_socket permissive=1
10-13 09:26:02.641: I/WVCdm(1343): CdmEngine::CloseSession
10-13 09:26:02.735: I/dex2oat(5190): /system/bin/dex2oat --dex-file=/data/user/0/com.google.android.gms/app_fb/f.apk --oat-file=/data/user/0/com.google.android.gms/app_fb/f.dex
10-13 09:26:02.735: E/cutils-trace(5190): Error opening trace file: Permission denied (13)
10-13 09:26:02.746: I/dex2oat(5190): dex2oat took 10.505ms (threads: 2) arena alloc=29KB java alloc=39KB native alloc=1347KB free=1212KB
10-13 09:26:02.747: W/System(5160): ClassLoader referenced unknown path: 
10-13 09:26:02.936: I/GceGrallocRegionRegistry(5105): Mapped gralloc-1337.39 hnd=0xada4f500 fd=27 base=0x9c537000 format=RGBA_8888(0x1) width=1080 height=1794
10-13 09:26:03.287: I/Binder_1(5160): type=1400 audit(0.0:172): avc: denied { read } for name="stat" dev="proc" ino=8639 scontext=u:r:untrusted_app:s0:c512,c768 tcontext=u:r:zygote:s0 tclass=file permissive=1
10-13 09:26:03.307: I/Binder_1(5160): type=1400 audit(0.0:173): avc: denied { open } for path="/proc/1346/stat" dev="proc" ino=8639 scontext=u:r:untrusted_app:s0:c512,c768 tcontext=u:r:zygote:s0 tclass=file permissive=1
10-13 09:26:03.317: I/Binder_1(5160): type=1400 audit(0.0:174): avc: denied { read } for name="/" dev="tmpfs" ino=5635 scontext=u:r:untrusted_app:s0:c512,c768 tcontext=u:object_r:device:s0 tclass=dir permissive=1
10-13 09:26:03.317: I/Binder_1(5160): type=1400 audit(0.0:175): avc: denied { open } for path="/dev" dev="tmpfs" ino=5635 scontext=u:r:untrusted_app:s0:c512,c768 tcontext=u:object_r:device:s0 tclass=dir permissive=1
10-13 09:26:03.395: W/Conscrypt(4998): Could not set socket write timeout:
10-13 09:26:03.395: W/Conscrypt(4998):    java.lang.reflect.Method.invoke(Native Method)
10-13 09:26:03.395: W/Conscrypt(4998):    com.google.android.gms.org.conscrypt.Platform.setSocketWriteTimeout(:com.google.android.gms@11519470:13)
10-13 09:26:03.398: W/Conscrypt(4998): Could not set socket write timeout:
10-13 09:26:03.398: W/Conscrypt(4998):    java.lang.reflect.Method.invoke(Native Method)
10-13 09:26:03.398: W/Conscrypt(4998):    com.google.android.gms.org.conscrypt.Platform.setSocketWriteTimeout(:com.google.android.gms@11519470:13)
10-13 09:26:03.409: W/GLSUser(4998): [AppCertManager] IOException while requesting key: 
10-13 09:26:03.409: W/GLSUser(4998): java.io.IOException: Invalid device key response.
10-13 09:26:03.409: W/GLSUser(4998): 	at ewg.a(:com.google.android.gms@11519470:11)
10-13 09:26:03.409: W/GLSUser(4998): 	at ewg.a(:com.google.android.gms@11519470:63)
10-13 09:26:03.409: W/GLSUser(4998): 	at ewe.a(:com.google.android.gms@11519470:8)
10-13 09:26:03.409: W/GLSUser(4998): 	at ewa.a(:com.google.android.gms@11519470:1)
10-13 09:26:03.409: W/GLSUser(4998): 	at evz.a(:com.google.android.gms@11519470:10)
10-13 09:26:03.409: W/GLSUser(4998): 	at com.google.android.gms.auth.account.be.legacy.AuthCronChimeraService.b(:com.google.android.gms@11519470:7)
10-13 09:26:03.409: W/GLSUser(4998): 	at ecb.call(:com.google.android.gms@11519470:3)
10-13 09:26:03.409: W/GLSUser(4998): 	at java.util.concurrent.FutureTask.run(FutureTask.java:237)
10-13 09:26:03.409: W/GLSUser(4998): 	at mmo.run(:com.google.android.gms@11519470:25)
10-13 09:26:03.409: W/GLSUser(4998): 	at java.util.concurrent.ThreadPoolExecutor.runWorker(ThreadPoolExecutor.java:1113)
10-13 09:26:03.409: W/GLSUser(4998): 	at java.util.concurrent.ThreadPoolExecutor$Worker.run(ThreadPoolExecutor.java:588)
10-13 09:26:03.409: W/GLSUser(4998): 	at mrv.run(:com.google.android.gms@11519470)
10-13 09:26:03.409: W/GLSUser(4998): 	at java.lang.Thread.run(Thread.java:818)
10-13 09:26:03.441: I/Remoter(1331): Saved screenshot to '/data/screenshots/__pmv__-0078.jpg'
10-13 09:26:03.870: I/GAV2(4904): Thread[GAThread,5,main]: No campaign data found.
10-13 09:26:03.931: I/ActivityManager(1720): Killing 3637:android.process.media/u0a7 (adj 15): empty #17
10-13 09:26:03.962: D/ActivityManager(1720): cleanUpApplicationRecord -- 3637
10-13 09:26:03.975: I/GceMetadataClient(3221): Received updated metadata.
10-13 09:26:04.031: D/AndroidRuntime(5208): >>>>>> START com.android.internal.os.RuntimeInit uid 0 <<<<<<
10-13 09:26:04.032: D/AndroidRuntime(5208): CheckJNI is OFF
10-13 09:26:04.042: D/ICU(5208): No timezone override file found: /data/misc/zoneinfo/current/icu/icu_tzdata.dat
10-13 09:26:04.042: D/ICU(5208): [ 10-13 09:26:04.045  5208: 5208 W/         ]
10-13 09:26:04.042: D/ICU(5208): Failed to bind-mount /system/lib/x86/cpuinfo as /proc/cpuinfo: No such file or directory
10-13 09:26:04.051: E/memtrack(5208): Couldn't load memtrack module (No such file or directory)
10-13 09:26:04.051: E/android.os.Debug(5208): failed to load memtrack module: -2
10-13 09:26:04.052: I/Radio-JNI(5208): register_android_hardware_Radio DONE
10-13 09:26:04.058: D/AndroidRuntime(5208): Calling main entry com.android.commands.am.Am
10-13 09:26:04.059: I/ActivityManager(1720): Force stopping com.google.android.apps.mtaas.loginutil appid=10077 user=0: start instr
10-13 09:26:04.070: I/ActivityManager(1720): Start proc 5216:com.google.android.apps.mtaas.loginutil/u0a77 for added application com.google.android.apps.mtaas.loginutil
10-13 09:26:04.168: W/System(5216): ClassLoader referenced unknown path: /data/app/com.google.android.apps.mtaas.loginutil-1/lib/x86
10-13 09:26:04.168: W/System(5216): ClassLoader referenced unknown path: /data/app/com.google.android.apps.mtaas.loginutil-1/lib/x86
10-13 09:26:04.175: D/LoginUtil(5216): Connected to Internet
10-13 09:26:04.177: D/LoginUtil(5216): Adding Account {name=4A2NI7OQOTX46RNLLDCZ5QQEKA-01@cloudtestlabaccounts.com, type=com.google}
10-13 09:26:04.190: I/ActivityManager(1720): Start proc 5231:com.google.android.apps.auth.test.support/u0a79 for service com.google.android.apps.auth.test.support/.services.AccountService
10-13 09:26:04.278: W/System(5231): ClassLoader referenced unknown path: /data/app/com.google.android.apps.auth.test.support-1/lib/x86
10-13 09:26:04.295: I/GAV2(4953): Thread[GAThread,5,main]: No campaign data found.
10-13 09:26:04.310: E/ActivityThread(5231): Failed to find provider info for com.google.android.apps.common.testing.services.storage.testargs
10-13 09:26:04.310: W/AuthService(5231): [TestArgsHelper] Error when calling AndroidTestUtil.getTestArgs(). Note that this behavior might be expected.
10-13 09:26:04.315: I/AuthService(5231): [AddAccountOperation] Call GmsCore API.
10-13 09:26:04.319: I/GoogleURLConnFactory(4998): Using platform SSLCertificateSocketFactory
10-13 09:26:04.320: E/BaseAppContext(4998): Tried to stop global GMSCore RequestQueue. This is likely unintended, so ignoring.
10-13 09:26:04.327: I/Auth(4998): [ReflectiveChannelBinder] Successfully bound channel!
10-13 09:26:04.339: D/WVCdm(1343): Instantiating CDM.
10-13 09:26:04.339: I/WVCdm(1343): CdmEngine::OpenSession
10-13 09:26:04.339: I/WVCdm(1343): Level3 Library Jun 15 2015 14:09:10
10-13 09:26:04.340: W/WVCdm(1343): Could not read /data/mediadrm/IDM1013/ay64.dat2: No such file or directory
10-13 09:26:04.340: W/WVCdm(1343): Could not load liboemcrypto.so. Falling back to L3.  dlopen failed: library "liboemcrypto.so" not found
10-13 09:26:04.343: I/WVCdm(1343): CdmEngine::QueryKeyControlInfo
10-13 09:26:04.343: W/WVCdm(1343): BufferReader::Read<T> : Failure during parse: Not enough bytes (4)
10-13 09:26:04.343: W/WVCdm(1343): CdmEngine::ExtractWidevinePssh: Unable to read atom size.
10-13 09:26:04.343: I/WVCdm(1343): CdmEngine::GenerateKeyRequest
10-13 09:26:04.343: D/WVCdm(1343): PrepareKeyRequest: nonce=1731047260
10-13 09:26:04.430: I/WVCdm(1343): CdmEngine::CloseSession
10-13 09:26:04.540: I/Remoter(1331): Saved screenshot to '/data/screenshots/__pmv__-0079.jpg'
10-13 09:26:04.809: W/Conscrypt(4998): Could not set socket write timeout:
10-13 09:26:04.809: W/Conscrypt(4998):    java.lang.reflect.Method.invoke(Native Method)
10-13 09:26:04.809: W/Conscrypt(4998):    com.google.android.gms.org.conscrypt.Platform.setSocketWriteTimeout(:com.google.android.gms@11519470:13)
10-13 09:26:04.811: W/Conscrypt(4998): Could not set socket write timeout:
10-13 09:26:04.811: W/Conscrypt(4998):    java.lang.reflect.Method.invoke(Native Method)
10-13 09:26:04.811: W/Conscrypt(4998):    com.google.android.gms.org.conscrypt.Platform.setSocketWriteTimeout(:com.google.android.gms@11519470:13)
10-13 09:26:04.959: D/BluetoothAdapter(4998): STATE_ON
10-13 09:26:04.959: D/BluetoothLeScanner(4998): could not find callback wrapper
10-13 09:26:04.960: I/BeaconBle(4998): Client requested scan, settings=BleSettings [scanMode=ZERO_POWER, callbackType=ALL_MATCHES, reportDelayMillis=0, 6 filters, 1 clients, callingClientName=Nearby]
10-13 09:26:04.962: I/BeaconBle(4998): Stopping scan on delegate scanner. BT state: 12
10-13 09:26:04.963: D/BluetoothAdapter(4998): STATE_ON
10-13 09:26:04.963: D/BtGatt.GattService(2441): stopScan() - queue size =1
10-13 09:26:04.963: D/BtGatt.ScanManager(2441): stop scan
10-13 09:26:04.963: D/BtGatt.ScanManager(2441): configureRegularScanParams() - queue=0
10-13 09:26:04.963: D/BtGatt.ScanManager(2441): configureRegularScanParams() - ScanSetting Scan mode=-2147483648 mLastConfiguredScanSetting=2
10-13 09:26:04.963: D/BtGatt.ScanManager(2441): configureRegularScanParams() - queue emtpy, scan stopped
10-13 09:26:04.964: D/BtGatt.GattService(2441): unregisterClient() - clientIf=5
10-13 09:26:04.966: I/BeaconBle(4998): Resetting - new scanner available: true
10-13 09:26:04.966: I/BeaconBle(4998): ZERO_POWER is disabled.
10-13 09:26:04.966: I/BeaconBle(4998): 'L' hardware scan: scan stopped, no powered clients
10-13 09:26:05.025: I/AccountManagerService(1720): the accounts changed, sending broadcast of android.accounts.LOGIN_ACCOUNTS_CHANGED
10-13 09:26:05.027: I/Backup(4998): [GmsBackupAccountManager] Backup account not found in gmscore.
10-13 09:26:05.028: I/AccountManagerService(1720): the accounts changed, sending broadcast of android.accounts.LOGIN_ACCOUNTS_CHANGED
10-13 09:26:05.036: I/ActivityManager(1720): Start proc 5272:com.google.android.apps.gcs/u0a9 for broadcast com.google.android.apps.gcs/.receiver.AccountsChangedReceiver
10-13 09:26:05.045: I/Auth(4998): [BroadcastManager] Broadcasting account services changed.
10-13 09:26:05.046: I/ContactsProvider(2070): Accounts changed
10-13 09:26:05.048: I/Icing(5019): updateResources: need to parse tut{com.google.android.gms}
10-13 09:26:05.049: I/AuthService(5231): [AddAccountOperation] Succeeded.
10-13 09:26:05.053: I/Backup(4998): [GmsBackupAccountManager] Backup account not found in gmscore.
10-13 09:26:05.055: I/ContactsProvider(2070): Accounts changed
10-13 09:26:05.064: I/Auth(4998): [GoogleAccountHistoryStore] creating database.
10-13 09:26:05.131: W/System(5272): ClassLoader referenced unknown path: /system/priv-app/GCS/lib/x86
10-13 09:26:05.153: W/ClientExperimentManager(5272): [1] d.a: com.google.android.apps.gcs does not have permission com.google.android.apps.gcs.WRITE_EXPERIMENTS; disabling overrides
10-13 09:26:05.153: W/ActivityManager(1720): Unable to start service Intent { cmp=com.google.android.apps.gcs/.service.a } U=0: not found
10-13 09:26:05.155: I/AuthService(5231): [AccountService] Execution time for add account with authorization code, options: Bundle[{}] is 843 ms.
10-13 09:26:05.163: D/ContactDirectoryManager(2070): Found com.google.contacts.gal.provider
10-13 09:26:05.163: D/ContactDirectoryManager(2070): Found com.google.android.gm.exchange.directory.provider
10-13 09:26:05.166: I/ActivityManager(1720): Start proc 5303:com.android.vending/u0a20 for broadcast com.android.vending/com.google.android.finsky.receivers.AccountsChangedReceiver
10-13 09:26:05.167: D/LoginUtil(5216): Instrumentation completed successfully
10-13 09:26:05.167: D/AndroidRuntime(5208): Shutting down VM
10-13 09:26:05.167: I/ActivityManager(1720): Force stopping com.google.android.apps.mtaas.loginutil appid=10077 user=0: finished inst
10-13 09:26:05.167: I/ActivityManager(1720): Killing 5216:com.google.android.apps.mtaas.loginutil/u0a77 (adj 0): stop com.google.android.apps.mtaas.loginutil
10-13 09:26:05.171: I/Icing(5019): updateResources: need to parse tut{com.google.android.gms}
10-13 09:26:05.213: D/ActivityManager(1720): cleanUpApplicationRecord -- 5216
10-13 09:26:05.242: I/ActivityManager(1720): Start proc 5318:com.google.process.gapps/u0a43 for content provider com.google.android.syncadapters.contacts/.GalProvider
10-13 09:26:05.258: I/RlzPingService(4436): Setting next ping for 1507987565257
10-13 09:26:05.263: W/System(5303): ClassLoader referenced unknown path: /system/priv-app/Phonesky/lib/x86
10-13 09:26:05.276: D/Finsky(5303): [1] FinskyApp.onCreate: Initializing network with DFE https://android.clients.google.com/fdfe/
10-13 09:26:05.334: I/ActivityManager(1720): Killing 4245:com.google.android.play.games/u0a65 (adj 15): empty #17
10-13 09:26:05.352: D/Finsky(5303): [1] DailyHygiene.goMakeHygieneIfDirty: No need to run daily hygiene.
10-13 09:26:05.354: W/Settings(5303): Setting download_manager_max_bytes_over_mobile has moved from android.provider.Settings.Secure to android.provider.Settings.Global.
10-13 09:26:05.355: W/Settings(5303): Setting download_manager_recommended_max_bytes_over_mobile has moved from android.provider.Settings.Secure to android.provider.Settings.Global.
10-13 09:26:05.381: W/System(5318): ClassLoader referenced unknown path: /system/app/GoogleContactsSyncAdapter/lib/x86
10-13 09:26:05.386: I/ActivityManager(1720): Start proc 5368:android.process.media/u0a7 for content provider com.android.providers.downloads/.DownloadProvider
10-13 09:26:05.386: D/ActivityManager(1720): cleanUpApplicationRecord -- 4245
10-13 09:26:05.387: I/GoogleHttpClient(5318): GMS http client unavailable, use old client
10-13 09:26:05.389: D/Finsky(5303): [1] VpaService.startVpaForNewAccount: Setting start-downloads flag, which was cleared
10-13 09:26:05.391: D/Volley(5303): [368] DiskBasedCache.clear: Cache cleared.
10-13 09:26:05.391: D/Volley(5303): [361] DiskBasedCache.clear: Cache cleared.
10-13 09:26:05.393: D/Ads(5303): Skipping gmscore version check
10-13 09:26:05.395: I/ContactDirectoryManager(2070): deleted 0 stale rows which don't have any relevant directory
10-13 09:26:05.396: I/ContactDirectoryManager(2070): Discovered 1 contact directories in 291ms
10-13 09:26:05.478: W/System(5368): ClassLoader referenced unknown path: /system/priv-app/DownloadProvider/lib/x86
10-13 09:26:05.479: W/System(5368): ClassLoader referenced unknown path: /system/priv-app/MediaProvider/lib/x86
10-13 09:26:05.535: I/ActivityManager(1720): Killing 4287:com.android.musicfx/u0a19 (adj 15): empty #17
10-13 09:26:05.588: I/Remoter(1331): Saved screenshot to '/data/screenshots/__pmv__-0080.jpg'
10-13 09:26:05.601: D/ActivityManager(1720): cleanUpApplicationRecord -- 4287
10-13 09:26:05.604: D/Finsky(5303): [1] Libraries$2.run: Loaded library for account: [Yj_ulx7B1g5RBDmAR0CbkMfs_yA]
10-13 09:26:05.604: D/Finsky(5303): [1] Libraries$2.run: Finished loading 1 libraries.
10-13 09:26:05.606: D/Finsky(5303): [1] UpdateWidgetsReceiver.onReceive: Updated 0 MarketWidgetProvider widgets (android.accounts.LOGIN_ACCOUNTS_CHANGED)
10-13 09:26:05.606: D/Finsky(5303): [1] UpdateWidgetsReceiver.onReceive: Updated 0 RecommendedWidgetProvider widgets (android.accounts.LOGIN_ACCOUNTS_CHANGED)
10-13 09:26:05.606: D/Finsky(5303): [1] UpdateWidgetsReceiver.onReceive: Updated 0 NowPlayingWidgetProvider widgets (android.accounts.LOGIN_ACCOUNTS_CHANGED)
10-13 09:26:05.609: D/Finsky(5303): [1] GmsCoreHelper.cleanupNlp: result=false type=4
10-13 09:26:05.615: D/Finsky(5303): [1] VpaService$2.onPostExecute: No VPA stub found - stopping service
10-13 09:26:05.615: D/Finsky(5303): [1] RestoreTracker.stopServiceIfDone: Restore complete with 0 success and 0 failed.
10-13 09:26:05.619: I/NowOptInSettings(3892): onAccountChanged() : Account {name=4A2NI7OQOTX46RNLLDCZ5QQEKA-01@cloudtestlabaccounts.com, type=com.google}
10-13 09:26:05.632: I/WebViewFactory(3892): Loading com.google.android.webview version 53.0.2785.124 (code 278512410)
10-13 09:26:05.638: W/System(3892): ClassLoader referenced unknown path: /system/app/WebViewGoogle/lib/x86
10-13 09:26:05.639: I/art(3892): Rejecting re-init on previously-failed class java.lang.Class<com.android.webview.chromium.ServiceWorkerControllerAdapter>
10-13 09:26:05.639: I/art(3892): Rejecting re-init on previously-failed class java.lang.Class<com.android.webview.chromium.ServiceWorkerControllerAdapter>
10-13 09:26:05.640: I/art(3892): Rejecting re-init on previously-failed class java.lang.Class<com.android.webview.chromium.TokenBindingManagerAdapter>
10-13 09:26:05.640: I/art(3892): Rejecting re-init on previously-failed class java.lang.Class<com.android.webview.chromium.TokenBindingManagerAdapter>
10-13 09:26:05.642: I/cr_LibraryLoader(3892): Time to load native libraries: 1 ms (timestamps 1081-1082)
10-13 09:26:05.642: I/cr_LibraryLoader(3892): Expected native library version number "53.0.2785.124", actual native library version number "53.0.2785.124"
10-13 09:26:05.648: W/Search.SearchUrlHelper(3892): Auth token not ready, no auth header set.
10-13 09:26:05.658: I/ActivityManager(1720): Start proc 5417:com.android.chrome/u0a36 for broadcast com.android.chrome/org.chromium.chrome.browser.services.AccountsChangedReceiver
10-13 09:26:05.664: D/WifiService(1720): New client listening to asynchronous messages
10-13 09:26:05.766: W/ActivityManager(1720): Unable to start service Intent { act=com.google.android.gms.playlog.service.START pkg=com.google.android.gms } U=0: not found
10-13 09:26:05.766: W/ActivityManager(1720): Unbind failed: could not find connection for android.os.BinderProxy@4758d9a
10-13 09:26:05.766: E/GmsClient(4834): unable to connect to service: com.google.android.gms.playlog.service.START
10-13 09:26:05.766: W/AnalyticsLogBase(4834): PlayLogger.onLoggerFailedConnection
10-13 09:26:05.773: I/ActivityManager(1720): Killing 4770:com.google.android.apps.fitness/u0a40 (adj 15): empty #17
10-13 09:26:05.804: D/ActivityManager(1720): cleanUpApplicationRecord -- 4770
10-13 09:26:05.814: E/GCoreUlr(4998): Create new device tag of 1688812684 without device reboot
10-13 09:26:05.848: I/GoogleHttpClient(5318): GMS http client unavailable, use old client
10-13 09:26:05.859: I/ActivityManager(1720): Start proc 5455:com.google.android.apps.maps/u0a56 for broadcast com.google.android.apps.maps/com.google.android.apps.gmm.ulr.UlrSettingsReceiver
10-13 09:26:05.901: W/Auth(4998): [GetToken] GetToken failed with status code: INVALID_SCOPE
10-13 09:26:05.928: W/Search.LoginHelper(3892): Google auth exception for scope: oauth2:https://www.google.com/accounts/OAuthLogin
10-13 09:26:05.928: W/Search.LoginHelper(3892): com.google.android.gms.auth.a: INVALID_SCOPE
10-13 09:26:05.928: W/Search.LoginHelper(3892): 	at com.google.android.gms.auth.b.a(Unknown Source)
10-13 09:26:05.928: W/Search.LoginHelper(3892): 	at com.google.android.gms.auth.b.b(Unknown Source)
10-13 09:26:05.928: W/Search.LoginHelper(3892): 	at com.google.android.gms.auth.b.a(Unknown Source)
10-13 09:26:05.928: W/Search.LoginHelper(3892): 	at com.google.android.apps.gsa.search.core.google.c.m.a(GoogleAuthAdapterImpl.java:29)
10-13 09:26:05.928: W/Search.LoginHelper(3892): 	at com.google.android.apps.gsa.search.core.google.c.k.a(FallingBackGoogleAuthAdapter.java:93)
10-13 09:26:05.928: W/Search.LoginHelper(3892): 	at com.google.android.apps.gsa.search.core.google.c.g.a(CachingGoogleAuthAdapter.java:72)
10-13 09:26:05.928: W/Search.LoginHelper(3892): 	at com.google.android.apps.gsa.search.core.google.c.n.b(LoginHelper.java:829)
10-13 09:26:05.928: W/Search.LoginHelper(3892): 	at com.google.android.apps.gsa.search.core.google.c.n$5.Pe(LoginHelper.java:715)
10-13 09:26:05.928: W/Search.LoginHelper(3892): 	at com.google.android.apps.gsa.search.core.google.c.n$5.call(LoginHelper.java:712)
10-13 09:26:05.928: W/Search.LoginHelper(3892): 	at java.util.concurrent.FutureTask.run(FutureTask.java:237)
10-13 09:26:05.928: W/Search.LoginHelper(3892): 	at java.util.concurrent.Executors$RunnableAdapter.call(Executors.java:423)
10-13 09:26:05.928: W/Search.LoginHelper(3892): 	at java.util.concurrent.FutureTask.run(FutureTask.java:237)
10-13 09:26:05.928: W/Search.LoginHelper(3892): 	at java.util.concurrent.ThreadPoolExecutor.runWorker(ThreadPoolExecutor.java:1113)
10-13 09:26:05.928: W/Search.LoginHelper(3892): 	at java.util.concurrent.ThreadPoolExecutor$Worker.run(ThreadPoolExecutor.java:588)
10-13 09:26:05.928: W/Search.LoginHelper(3892): 	at java.lang.Thread.run(Thread.java:818)
10-13 09:26:05.928: W/Search.LoginHelper(3892): 	at com.google.android.apps.gsa.shared.util.concurrent.a.q$1.run(GsaThreadFactory.java:99)
10-13 09:26:05.945: W/Conscrypt(4998): Could not set socket write timeout:
10-13 09:26:05.945: W/Conscrypt(4998):    java.lang.reflect.Method.invoke(Native Method)
10-13 09:26:05.945: W/Conscrypt(4998):    com.google.android.gms.org.conscrypt.Platform.setSocketWriteTimeout(:com.google.android.gms@11519470:13)
10-13 09:26:05.948: W/Conscrypt(4998): Could not set socket write timeout:
10-13 09:26:05.948: W/Conscrypt(4998):    java.lang.reflect.Method.invoke(Native Method)
10-13 09:26:05.948: W/Conscrypt(4998):    com.google.android.gms.org.conscrypt.Platform.setSocketWriteTimeout(:com.google.android.gms@11519470:13)
10-13 09:26:05.982: W/System(5455): ClassLoader referenced unknown path: /system/app/Maps/lib/x86
10-13 09:26:05.985: W/UdcContextManagerHelper(4998): Empty context buffer. Thus might mean that the context is not synced down.
10-13 09:26:05.986: W/UploadOptInStatusOp(4998): Empty context model while retrieving upload opt-in status!
10-13 09:26:05.996: W/Conscrypt(4998): Could not set socket write timeout:
10-13 09:26:05.996: W/Conscrypt(4998):    java.lang.reflect.Method.invoke(Native Method)
10-13 09:26:05.996: W/Conscrypt(4998):    com.google.android.gms.org.conscrypt.Platform.setSocketWriteTimeout(:com.google.android.gms@11519470:13)
10-13 09:26:05.999: W/Conscrypt(4998): Could not set socket write timeout:
10-13 09:26:05.999: W/Conscrypt(4998):    java.lang.reflect.Method.invoke(Native Method)
10-13 09:26:05.999: W/Conscrypt(4998):    com.google.android.gms.org.conscrypt.Platform.setSocketWriteTimeout(:com.google.android.gms@11519470:13)
10-13 09:26:06.005: W/Search.OAuthCookieFetch(3892): Failed to retrieve OAuth token and / or GAIA ID
10-13 09:26:06.006: W/ErrorReporter(3892): reportError [type: 477, code: 1441793]: null
10-13 09:26:06.006: W/RefreshDomainCookieTask(3892): OAuth cookie refresh failed. Falling back to WebView.
10-13 09:26:06.006: E/ctxmgr(4998): [NetworkUtil]No active synchronizable contexts.
10-13 09:26:06.025: W/Conscrypt(4998): Could not set socket write timeout:
10-13 09:26:06.025: W/Conscrypt(4998):    java.lang.reflect.Method.invoke(Native Method)
10-13 09:26:06.025: W/Conscrypt(4998):    com.google.android.gms.org.conscrypt.Platform.setSocketWriteTimeout(:com.google.android.gms@11519470:13)
10-13 09:26:06.027: W/Conscrypt(4998): Could not set socket write timeout:
10-13 09:26:06.027: W/Conscrypt(4998):    java.lang.reflect.Method.invoke(Native Method)
10-13 09:26:06.027: W/Conscrypt(4998):    com.google.android.gms.org.conscrypt.Platform.setSocketWriteTimeout(:com.google.android.gms@11519470:13)
10-13 09:26:06.049: W/Auth(4998): [GetToken] GetToken failed with status code: INVALID_SCOPE
10-13 09:26:06.050: W/Search.LoginHelper(3892): Google auth exception for scope: oauth2:https://www.googleapis.com/auth/googlenow
10-13 09:26:06.050: W/Search.LoginHelper(3892): com.google.android.gms.auth.a: INVALID_SCOPE
10-13 09:26:06.050: W/Search.LoginHelper(3892): 	at com.google.android.gms.auth.b.a(Unknown Source)
10-13 09:26:06.050: W/Search.LoginHelper(3892): 	at com.google.android.gms.auth.b.b(Unknown Source)
10-13 09:26:06.050: W/Search.LoginHelper(3892): 	at com.google.android.gms.auth.b.a(Unknown Source)
10-13 09:26:06.050: W/Search.LoginHelper(3892): 	at com.google.android.apps.gsa.search.core.google.c.m.a(GoogleAuthAdapterImpl.java:29)
10-13 09:26:06.050: W/Search.LoginHelper(3892): 	at com.google.android.apps.gsa.search.core.google.c.k.a(FallingBackGoogleAuthAdapter.java:93)
10-13 09:26:06.050: W/Search.LoginHelper(3892): 	at com.google.android.apps.gsa.search.core.google.c.g.a(CachingGoogleAuthAdapter.java:72)
10-13 09:26:06.050: W/Search.LoginHelper(3892): 	at com.google.android.apps.gsa.search.core.google.c.n.b(LoginHelper.java:829)
10-13 09:26:06.050: W/Search.LoginHelper(3892): 	at com.google.android.apps.gsa.search.core.google.c.n$5.Pe(LoginHelper.java:715)
10-13 09:26:06.050: W/Search.LoginHelper(3892): 	at com.google.android.apps.gsa.search.core.google.c.n$5.call(LoginHelper.java:712)
10-13 09:26:06.050: W/Search.LoginHelper(3892): 	at java.util.concurrent.FutureTask.run(FutureTask.java:237)
10-13 09:26:06.050: W/Search.LoginHelper(3892): 	at java.util.concurrent.Executors$RunnableAdapter.call(Executors.java:423)
10-13 09:26:06.050: W/Search.LoginHelper(3892): 	at java.util.concurrent.FutureTask.run(FutureTask.java:237)
10-13 09:26:06.050: W/Search.LoginHelper(3892): 	at java.util.concurrent.ThreadPoolExecutor.runWorker(ThreadPoolExecutor.java:1113)
10-13 09:26:06.050: W/Search.LoginHelper(3892): 	at java.util.concurrent.ThreadPoolExecutor$Worker.run(ThreadPoolExecutor.java:588)
10-13 09:26:06.050: W/Search.LoginHelper(3892): 	at java.lang.Thread.run(Thread.java:818)
10-13 09:26:06.050: W/Search.LoginHelper(3892): 	at com.google.android.apps.gsa.shared.util.concurrent.a.q$1.run(GsaThreadFactory.java:99)
10-13 09:26:06.050: E/VelvetNetworkClient(3892): Failed to get auth token
10-13 09:26:06.050: W/NowOptInSettings(3892): Failed to fetch default configuration
10-13 09:26:06.051: D/StrictMode(5455): StrictMode policy violation; ~duration=40 ms: android.os.StrictMode$StrictModeDiskReadViolation: policy=65567 violation=2
10-13 09:26:06.051: D/StrictMode(5455): 	at android.os.StrictMode$AndroidBlockGuardPolicy.onReadFromDisk(StrictMode.java:1263)
10-13 09:26:06.051: D/StrictMode(5455): 	at libcore.io.BlockGuardOs.access(BlockGuardOs.java:67)
10-13 09:26:06.051: D/StrictMode(5455): 	at java.io.File.doAccess(File.java:281)
10-13 09:26:06.051: D/StrictMode(5455): 	at java.io.File.exists(File.java:361)
10-13 09:26:06.051: D/StrictMode(5455): 	at android.app.ContextImpl.createFilesDirLocked(ContextImpl.java:418)
10-13 09:26:06.051: D/StrictMode(5455): 	at android.app.ContextImpl.getFilesDir(ContextImpl.java:441)
10-13 09:26:06.051: D/StrictMode(5455): 	at android.app.ContextImpl.openFileInput(ContextImpl.java:383)
10-13 09:26:06.051: D/StrictMode(5455): 	at android.content.ContextWrapper.openFileInput(ContextWrapper.java:177)
10-13 09:26:06.051: D/StrictMode(5455): 	at com.google.android.apps.gmm.shared.i.h.a(PG:250)
10-13 09:26:06.051: D/StrictMode(5455): 	at com.google.android.apps.gmm.map.m.q.a(PG:8693)
10-13 09:26:06.051: D/StrictMode(5455): 	at com.google.android.apps.gmm.shared.f.a.a(PG:48)
10-13 09:26:06.051: D/StrictMode(5455): 	at com.google.android.apps.gmm.map.m.e.a(PG:1531)
10-13 09:26:06.051: D/StrictMode(5455): 	at com.google.android.apps.gmm.base.app.a.a(PG:244)
10-13 09:26:06.051: D/StrictMode(5455): 	at com.google.android.apps.gmm.base.app.a.a(PG:2265)
10-13 09:26:06.051: D/StrictMode(5455): 	at com.google.android.apps.gmm.base.app.GoogleMapsApplication.a(PG:206)
10-13 09:26:06.051: D/StrictMode(5455): 	at com.google.android.apps.gmm.base.app.GoogleMapsApplication.onCreate(PG:174)
10-13 09:26:06.051: D/StrictMode(5455): 	at android.app.Instrumentation.callApplicationOnCreate(Instrumentation.java:1013)
10-13 09:26:06.051: D/StrictMode(5455): 	at android.app.ActivityThread.handleBindApplication(ActivityThread.java:4707)
10-13 09:26:06.051: D/StrictMode(5455): 	at android.app.ActivityThread.-wrap1(ActivityThread.java)
10-13 09:26:06.051: D/StrictMode(5455): 	at android.app.ActivityThread$H.handleMessage(ActivityThread.java:1405)
10-13 09:26:06.051: D/StrictMode(5455): 	at android.os.Handler.dispatchMessage(Handler.java:102)
10-13 09:26:06.051: D/StrictMode(5455): 	at android.os.Looper.loop(Looper.java:148)
10-13 09:26:06.051: D/StrictMode(5455): 	at android.app.ActivityThread.main(ActivityThread.java:5417)
10-13 09:26:06.051: D/StrictMode(5455): 	at java.lang.reflect.Method.invoke(Native Method)
10-13 09:26:06.051: D/StrictMode(5455): 	at com.android.internal.os.ZygoteInit$MethodAndArgsCaller.run(ZygoteInit.java:726)
10-13 09:26:06.051: D/StrictMode(5455): 	at com.android.internal.os.ZygoteInit.main(ZygoteInit.java:616)
10-13 09:26:06.051: D/StrictMode(5455): StrictMode policy violation; ~duration=38 ms: android.os.StrictMode$StrictModeDiskReadViolation: policy=65567 violation=2
10-13 09:26:06.051: D/StrictMode(5455): 	at android.os.StrictMode$AndroidBlockGuardPolicy.onReadFromDisk(StrictMode.java:1263)
10-13 09:26:06.051: D/StrictMode(5455): 	at libcore.io.BlockGuardOs.open(BlockGuardOs.java:182)
10-13 09:26:06.051: D/StrictMode(5455): 	at libcore.io.IoBridge.open(IoBridge.java:438)
10-13 09:26:06.051: D/StrictMode(5455): 	at java.io.FileInputStream.<init>(FileInputStream.java:76)
10-13 09:26:06.051: D/StrictMode(5455): 	at android.app.ContextImpl.openFileInput(ContextImpl.java:384)
10-13 09:26:06.051: D/StrictMode(5455): 	at android.content.ContextWrapper.openFileInput(ContextWrapper.java:177)
10-13 09:26:06.051: D/StrictMode(5455): 	at com.google.android.apps.gmm.shared.i.h.a(PG:250)
10-13 09:26:06.051: D/StrictMode(5455): 	at com.google.android.apps.gmm.map.m.q.a(PG:8693)
10-13 09:26:06.051: D/StrictMode(5455): 	at com.google.android.apps.gmm.shared.f.a.a(PG:48)
10-13 09:26:06.051: D/StrictMode(5455): 	at com.google.android.apps.gmm.map.m.e.a(PG:1531)
10-13 09:26:06.051: D/StrictMode(5455): 	at com.google.android.apps.gmm.base.app.a.a(PG:244)
10-13 09:26:06.051: D/StrictMode(5455): 	at com.google.android.apps.gmm.base.app.a.a(PG:2265)
10-13 09:26:06.051: D/StrictMode(5455): 	at com.google.android.apps.gmm.base.app.GoogleMapsApplication.a(PG:206)
10-13 09:26:06.051: D/StrictMode(5455): 	at com.google.android.apps.gmm.base.app.GoogleMapsApplication.onCreate(PG:174)
10-13 09:26:06.051: D/StrictMode(5455): 	at android.app.Instrumentation.callApplicationOnCreate(Instrumentation.java:1013)
10-13 09:26:06.051: D/StrictMode(5455): 	at android.app.ActivityThread.handleBindApplication(ActivityThread.java:4707)
10-13 09:26:06.051: D/StrictMode(5455): 	at android.app.ActivityThread.-wrap1(ActivityThread.java)
10-13 09:26:06.051: D/StrictMode(5455): 	at android.app.ActivityThread$H.handleMessage(ActivityThread.java:1405)
10-13 09:26:06.051: D/StrictMode(5455): 	at android.os.Handler.dispatchMessage(Handler.java:102)
10-13 09:26:06.051: D/StrictMode(5455): 	at android.os.Looper.loop(Looper.java:148)
10-13 09:26:06.051: D/StrictMode(5455): 	at android.app.ActivityThread.main(ActivityThread.java:5417)
10-13 09:26:06.051: D/StrictMode(5455): 	at java.lang.reflect.Method.invoke(Native Method)
10-13 09:26:06.051: D/StrictMode(5455): 	at com.android.internal.os.ZygoteInit$MethodAndArgsCaller.run(ZygoteInit.java:726)
10-13 09:26:06.051: D/StrictMode(5455): 	at com.android.internal.os.ZygoteInit.main(ZygoteInit.java:616)
10-13 09:26:06.051: D/StrictMode(5455): StrictMode policy violation; ~duration=38 ms: android.os.StrictMode$StrictModeDiskReadViolation: policy=65567 violation=2
10-13 09:26:06.051: D/StrictMode(5455): 	at android.os.StrictMode$AndroidBlockGuardPolicy.onReadFromDisk(StrictMode.java:1263)
10-13 09:26:06.051: D/StrictMode(5455): 	at libcore.io.BlockGuardOs.fstat(BlockGuardOs.java:132)
10-13 09:26:06.051: D/StrictMode(5455): 	at libcore.io.IoBridge.open(IoBridge.java:441)
10-13 09:26:06.051: D/StrictMode(5455): 	at java.io.FileInputStream.<init>(FileInputStream.java:76)
10-13 09:26:06.051: D/StrictMode(5455): 	at android.app.ContextImpl.openFileInput(ContextImpl.java:384)
10-13 09:26:06.051: D/StrictMode(5455): 	at android.content.ContextWrapper.openFileInput(ContextWrapper.java:177)
10-13 09:26:06.051: D/StrictMode(5455): 	at com.google.android.apps.gmm.shared.i.h.a(PG:250)
10-13 09:26:06.051: D/StrictMode(5455): 	at com.google.android.apps.gmm.map.m.q.a(PG:8693)
10-13 09:26:06.051: D/StrictMode(5455): 	at com.google.android.apps.gmm.shared.f.a.a(PG:48)
10-13 09:26:06.051: D/StrictMode(5455): 	at com.google.android.apps.gmm.map.m.e.a(PG:1531)
10-13 09:26:06.051: D/StrictMode(5455): 	at com.google.android.apps.gmm.base.app.a.a(PG:244)
10-13 09:26:06.051: D/StrictMode(5455): 	at com.google.android.apps.gmm.base.app.a.a(PG:2265)
10-13 09:26:06.051: D/StrictMode(5455): 	at com.google.android.apps.gmm.base.app.GoogleMapsApplication.a(PG:206)
10-13 09:26:06.051: D/StrictMode(5455): 	at com.google.android.apps.gmm.base.app.GoogleMapsApplication.onCreate(PG:174)
10-13 09:26:06.051: D/StrictMode(5455): 	at android.app.Instrumentation.callApplicationOnCreate(Instrumentation.java:1013)
10-13 09:26:06.051: D/StrictMode(5455): 	at android.app.ActivityThread.handleBindApplication(ActivityThread.java:4707)
10-13 09:26:06.051: D/StrictMode(5455): 	at android.app.ActivityThread.-wrap1(ActivityThread.java)
10-13 09:26:06.051: D/StrictMode(5455): 	at android.app.ActivityThread$H.handleMessage(ActivityThread.java:1405)
10-13 09:26:06.051: D/StrictMode(5455): 	at android.os.Handler.dispatchMessage(Handler.java:102)
10-13 09:26:06.051: D/StrictMode(5455): 	at android.os.Looper.loop(Looper.java:148)
10-13 09:26:06.051: D/StrictMode(5455): 	at android.app.ActivityThread.main(ActivityThread.java:5417)
10-13 09:26:06.051: D/StrictMode(5455): 	at java.lang.reflect.Method.invoke(Native Method)
10-13 09:26:06.051: D/StrictMode(5455): 	at com.android.internal.os.ZygoteInit$MethodAndArgsCaller.run(ZygoteInit.java:726)
10-13 09:26:06.051: D/StrictMode(5455): 	at com.android.internal.os.ZygoteInit.main(ZygoteInit.java:616)
10-13 09:26:06.051: D/StrictMode(5455): StrictMode policy violation; ~duration=37 ms: android.os.StrictMode$StrictModeDiskReadViolation: policy=65567 violation=2
10-13 09:26:06.051: D/StrictMode(5455): 	at android.os.StrictMode$AndroidBlockGuardPolicy.onReadFromDisk(StrictMode.java:1263)
10-13 09:26:06.051: D/StrictMode(5455): 	at libcore.io.BlockGuardOs.read(BlockGuardOs.java:229)
10-13 09:26:06.051: D/StrictMode(5455): 	at libcore.io.IoBridge.read(IoBridge.java:468)
10-13 09:26:06.051: D/StrictMode(5455): 	at java.io.FileInputStream.read(FileInputStream.java:177)
10-13 09:26:06.051: D/StrictMode(5455): 	at java.io.BufferedInputStream.read(BufferedInputStream.java:290)
10-13 09:26:06.051: D/StrictMode(5455): 	at java.io.DataInputStream.read(DataInputStream.java:63)
10-13 09:26:06.051: D/StrictMode(5455): 	at com.google.r.k.d(PG:1187)
10-13 09:26:06.051: D/StrictMode(5455): 	at com.google.r.k.a(PG:2107)
10-13 09:26:06.051: D/StrictMode(5455): 	at com.google.w.a.a.do.<init>(PG:23)
10-13 09:26:06.051: D/StrictMode(5455): 	at com.google.w.a.a.do.a(PG:405)
10-13 09:26:06.051: D/StrictMode(5455): 	at com.google.r.v.a(PG:1161)
10-13 09:26:06.051: D/StrictMode(5455): 	at com.google.r.y.a(PG:2188)
10-13 09:26:06.051: D/StrictMode(5455): 	at com.google.r.e.b(PG:170)
10-13 09:26:06.051: D/StrictMode(5455): 	at com.google.r.e.b(PG:15188)
10-13 09:26:06.051: D/StrictMode(5455): 	at com.google.android.apps.gmm.shared.i.h.a(PG:251)
10-13 09:26:06.051: D/StrictMode(5455): 	at com.google.android.apps.gmm.map.m.q.a(PG:8693)
10-13 09:26:06.051: D/StrictMode(5455): 	at com.google.android.apps.gmm.shared.f.a.a(PG:48)
10-13 09:26:06.051: D/StrictMode(5455): 	at com.google.android.apps.gmm.map.m.e.a(PG:1531)
10-13 09:26:06.051: D/StrictMode(5455): 	at com.google.android.apps.gmm.base.app.a.a(PG:244)
10-13 09:26:06.051: D/StrictMode(5455): 	at com.google.android.apps.gmm.base.app.a.a(PG:2265)
10-13 09:26:06.051: D/StrictMode(5455): 	at com.google.android.apps.gmm.base.app.GoogleMapsApplication.a(PG:206)
10-13 09:26:06.051: D/StrictMode(5455): 	at com.google.android.apps.gmm.base.app.GoogleMapsApplication.onCreate(PG:174)
10-13 09:26:06.051: D/StrictMode(5455): 	at android.app.Instrumentation.callApplicationOnCreate(Instrumentation.java:1013)
10-13 09:26:06.051: D/StrictMode(5455): 	at android.app.ActivityThread.handleBindApplication(ActivityThread.java:4707)
10-13 09:26:06.051: D/StrictMode(5455): 	at android.app.ActivityThread.-wrap1(ActivityThread.java)
10-13 09:26:06.051: D/StrictMode(5455): 	at android.app.ActivityThread$H.handleMessage(ActivityThread.java:1405)
10-13 09:26:06.051: D/StrictMode(5455): 	at android.os.Handler.dispatchMessage(Handler.java:102)
10-13 09:26:06.051: D/StrictMode(5455): 	at android.os.Looper.loop(Looper.java:148)
10-13 09:26:06.051: D/StrictMode(5455): 	at android.app.ActivityThread.main(ActivityThread.java:5417)
10-13 09:26:06.051: D/StrictMode(5455): 	at java.lang.reflect.Method.invoke(Native Method)
10-13 09:26:06.051: D/StrictMode(5455): 	at com.android.internal.os.ZygoteInit$MethodAndArgsCaller.run(ZygoteInit.java:726)
10-13 09:26:06.051: D/StrictMode(5455): 	at com.android.internal.os.ZygoteInit.main(ZygoteInit.java:616)
10-13 09:26:06.051: D/StrictMode(5455): StrictMode policy violation; ~duration=37 ms: android.os.StrictMode$StrictModeDiskReadViolation: policy=65567 violation=2
10-13 09:26:06.051: D/StrictMode(5455): 	at android.os.StrictMode$AndroidBlockGuardPolicy.onReadFromDisk(StrictMode.java:1263)
10-13 09:26:06.051: D/StrictMode(5455): 	at libcore.io.BlockGuardOs.read(BlockGuardOs.java:229)
10-13 09:26:06.051: D/StrictMode(5455): 	at libcore.io.IoBridge.read(IoBridge.java:468)
10-13 09:26:06.051: D/StrictMode(5455): 	at java.io.FileInputStream.read(FileInputStream.java:177)
10-13 09:26:06.051: D/StrictMode(5455): 	at java.io.BufferedInputStream.read(BufferedInputStream.java:290)
10-13 09:26:06.051: D/StrictMode(5455): 	at java.io.DataInputStream.read(DataInputStream.java:63)
10-13 09:26:06.051: D/StrictMode(5455): 	at com.google.r.k.d(PG:1187)
10-13 09:26:06.051: D/StrictMode(5455): 	at com.google.r.k.k(PG:16147)
10-13 09:26:06.051: D/StrictMode(5455): 	at com.google.r.k.j(PG:844)
10-13 09:26:06.051: D/StrictMode(5455): 	at com.google.r.k.e(PG:703)
10-13 09:26:06.051: D/StrictMode(5455): 	at com.google.r.k.d(PG:570)
10-13 09:26:06.051: D/StrictMode(5455): 	at com.google.w.a.a.do.<init>(PG:40)
10-13 09:26:06.051: D/StrictMode(5455): 	at com.google.w.a.a.do.a(PG:405)
10-13 09:26:06.051: D/StrictMode(5455): 	at com.google.r.v.a(PG:1161)
10-13 09:26:06.051: D/StrictMode(5455): 	at com.google.r.y.a(PG:2188)
10-13 09:26:06.051: D/StrictMode(5455): 	at com.google.r.e.b(PG:170)
10-13 09:26:06.051: D/StrictMode(5455): 	at com.google.r.e.b(PG:15188)
10-13 09:26:06.051: D/StrictMode(5455): 	at com.google.android.apps.gmm.shared.i.h.a(PG:251)
10-13 09:26:06.051: D/StrictMode(5455): 	at com.google.android.apps.gmm.map.m.q.a(PG:8693)
10-13 09:26:06.051: D/StrictMode(5455): 	at com.google.android.apps.gmm.shared.f.a.a(PG:48)
10-13 09:26:06.051: D/StrictMode(5455): 	at com.google.android.apps.gmm.map.m.e.a(PG:1531)
10-13 09:26:06.051: D/StrictMode(5455): 	at com.google.android.apps.gmm.base.app.a.a(PG:244)
10-13 09:26:06.051: D/StrictMode(5455): 	at com.google.android.apps.gmm.base.app.a.a(PG:2265)
10-13 09:26:06.051: D/StrictMode(5455): 	at com.google.android.apps.gmm.base.app.GoogleMapsApplication.a(PG:206)
10-13 09:26:06.051: D/StrictMode(5455): 	at com.google.android.apps.gmm.base.app.GoogleMapsApplication.onCreate(PG:174)
10-13 09:26:06.051: D/StrictMode(5455): 	at android.app.Instrumentation.callApplicationOnCreate(Instrumentation.java:1013)
10-13 09:26:06.051: D/StrictMode(5455): 	at android.app.ActivityThread.handleBindApplication(ActivityThread.java:4707)
10-13 09:26:06.051: D/StrictMode(5455): 	at android.app.ActivityThread.-wrap1(ActivityThread.java)
10-13 09:26:06.051: D/StrictMode(5455): 	at android.app.ActivityThread$H.handleMessage(ActivityThread.java:1405)
10-13 09:26:06.051: D/StrictMode(5455): 	at android.os.Handler.dispatchMessage(Handler.java:102)
10-13 09:26:06.051: D/StrictMode(5455): 	at android.os.Looper.loop(Looper.java:148)
10-13 09:26:06.051: D/StrictMode(5455): 	at android.app.ActivityThread.main(ActivityThread.java:5417)
10-13 09:26:06.051: D/StrictMode(5455): 	at java.lang.reflect.Method.invoke(Native Method)
10-13 09:26:06.051: D/StrictMode(5455): 	at com.android.internal.os.ZygoteInit$MethodAndArgsCaller.run(ZygoteInit.java:726)
10-13 09:26:06.051: D/StrictMode(5455): 	at com.android.internal.os.ZygoteInit.main(ZygoteInit.java:616)
10-13 09:26:06.051: D/StrictMode(5455): StrictMode policy violation; ~duration=37 ms: android.os.StrictMode$StrictModeDiskReadViolation: policy=65567 violation=2
10-13 09:26:06.051: D/StrictMode(5455): 	at android.os.StrictMode$AndroidBlockGuardPolicy.onReadFromDisk(StrictMode.java:1263)
10-13 09:26:06.051: D/StrictMode(5455): 	at libcore.io.BlockGuardOs.read(BlockGuardOs.java:229)
10-13 09:26:06.051: D/StrictMode(5455): 	at libcore.io.IoBridge.read(IoBridge.java:468)
10-13 09:26:06.051: D/StrictMode(5455): 	at java.io.FileInputStream.read(FileInputStream.java:177)
10-13 09:26:06.051: D/StrictMode(5455): 	at java.io.BufferedInputStream.read(BufferedInputStream.java:290)
10-13 09:26:06.051: D/StrictMode(5455): 	at java.io.DataInputStream.read(DataInputStream.java:63)
10-13 09:26:06.051: D/StrictMode(5455): 	at com.google.r.k.d(PG:1187)
10-13 09:26:06.051: D/StrictMode(5455): 	at com.google.r.k.c(PG:18147)
10-13 09:26:06.051: D/StrictMode(5455): 	at com.google.r.k.d(PG:583)
10-13 09:26:06.051: D/StrictMode(5455): 	at com.google.w.a.a.do.<init>(PG:40)
10-13 09:26:06.051: D/StrictMode(5455): 	at com.google.w.a.a.do.a(PG:405)
10-13 09:26:06.051: D/StrictMode(5455): 	at com.google.r.v.a(PG:1161)
10-13 09:26:06.051: D/StrictMode(5455): 	at com.google.r.y.a(PG:2188)
10-13 09:26:06.051: D/StrictMode(5455): 	at com.google.r.e.b(PG:170)
10-13 09:26:06.051: D/StrictMode(5455): 	at com.google.r.e.b(PG:15188)
10-13 09:26:06.051: D/StrictMode(5455): 	at com.google.android.apps.gmm.shared.i.h.a(PG:251)
10-13 09:26:06.051: D/StrictMode(5455): 	at com.google.android.apps.gmm.map.m.q.a(PG:8693)
10-13 09:26:06.051: D/StrictMode(5455): 	at com.google.android.apps.gmm.shared.f.a.a(PG:48)
10-13 09:26:06.051: D/StrictMode(5455): 	at com.google.android.apps.gmm.map.m.e.a(PG:1531)
10-13 09:26:06.051: D/StrictMode(5455): 	at com.google.android.apps.gmm.base.app.a.a(PG:244)
10-13 09:26:06.051: D/StrictMode(5455): 	at com.google.android.apps.gmm.base.app.a.a(PG:2265)
10-13 09:26:06.051: D/StrictMode(5455): 	at com.google.android.apps.gmm.base.app.GoogleMapsApplication.a(PG:206)
10-13 09:26:06.051: D/StrictMode(5455): 	at com.google.android.apps.gmm.base.app.GoogleMapsApplication.onCreate(PG:174)
10-13 09:26:06.051: D/StrictMode(5455): 	at android.app.Instrumentation.callApplicationOnCreate(Instrumentation.java:1013)
10-13 09:26:06.051: D/StrictMode(5455): 	at android.app.ActivityThread.handleBindApplication(ActivityThread.java:4707)
10-13 09:26:06.051: D/StrictMode(5455): 	at android.app.ActivityThread.-wrap1(ActivityThread.java)
10-13 09:26:06.051: D/StrictMode(5455): 	at android.app.ActivityThread$H.handleMessage(ActivityThread.java:1405)
10-13 09:26:06.051: D/StrictMode(5455): 	at android.os.Handler.dispatchMessage(Handler.java:102)
10-13 09:26:06.051: D/StrictMode(5455): 	at android.os.Looper.loop(Looper.java:148)
10-13 09:26:06.051: D/StrictMode(5455): 	at android.app.ActivityThread.main(ActivityThread.java:5417)
10-13 09:26:06.051: D/StrictMode(5455): 	at java.lang.reflect.Method.invoke(Native Method)
10-13 09:26:06.051: D/StrictMode(5455): 	at com.android.internal.os.ZygoteInit$MethodAndArgsCaller.run(ZygoteInit.java:726)
10-13 09:26:06.051: D/StrictMode(5455): 	at com.android.internal.os.ZygoteInit.main(ZygoteInit.java:616)
10-13 09:26:06.051: D/StrictMode(5455): StrictMode policy violation; ~duration=20 ms: android.os.StrictMode$StrictModeDiskReadViolation: policy=65567 violation=2
10-13 09:26:06.051: D/StrictMode(5455): 	at android.os.StrictMode$AndroidBlockGuardPolicy.onReadFromDisk(StrictMode.java:1263)
