10-13 09:25:43.739: I/Remoter(1331): Saved screenshot to '/data/screenshots/__pmv__-0061.jpg'
10-13 09:25:44.791: I/Remoter(1331): Saved screenshot to '/data/screenshots/__pmv__-0062.jpg'
10-13 09:25:44.907: I/sshd(4397): type=1400 audit(0.0:127): avc: denied { read open } for path="/system/bin/sh" dev="sda3" ino=499 scontext=u:r:gcelogwrapper:s0 tcontext=u:object_r:shell_exec:s0 tclass=file permissive=1
10-13 09:25:44.927: I/sshd(4397): type=1400 audit(0.0:128): avc: denied { execute_no_trans } for path="/system/bin/sh" dev="sda3" ino=499 scontext=u:r:gcelogwrapper:s0 tcontext=u:object_r:shell_exec:s0 tclass=file permissive=1
10-13 09:25:44.967: I/scp(4397): type=1400 audit(0.0:129): avc: denied { write } for name="tmp" dev="loop6" ino=65538 scontext=u:r:gcelogwrapper:s0 tcontext=u:object_r:shell_data_file:s0 tclass=dir permissive=1
10-13 09:25:44.967: I/scp(4397): type=1400 audit(0.0:130): avc: denied { add_name } for name="com.google.android.apps.mtaas.tools.apk" scontext=u:r:gcelogwrapper:s0 tcontext=u:object_r:shell_data_file:s0 tclass=dir permissive=1
10-13 09:25:44.967: I/scp(4397): type=1400 audit(0.0:131): avc: denied { create } for name="com.google.android.apps.mtaas.tools.apk" scontext=u:r:gcelogwrapper:s0 tcontext=u:object_r:shell_data_file:s0 tclass=file permissive=1
10-13 09:25:44.967: I/scp(4397): type=1400 audit(0.0:132): avc: denied { write open } for path="/data/local/tmp/com.google.android.apps.mtaas.tools.apk" dev="loop6" ino=65539 scontext=u:r:gcelogwrapper:s0 tcontext=u:object_r:shell_data_file:s0 tclass=file permissive=1
10-13 09:25:44.967: I/scp(4397): type=1400 audit(0.0:133): avc: denied { getattr } for path="/data/local/tmp/com.google.android.apps.mtaas.tools.apk" dev="loop6" ino=65539 scontext=u:r:gcelogwrapper:s0 tcontext=u:object_r:shell_data_file:s0 tclass=file permissive=1
10-13 09:25:45.527: D/AndroidRuntime(4410): >>>>>> START com.android.internal.os.RuntimeInit uid 0 <<<<<<
10-13 09:25:45.528: D/AndroidRuntime(4410): CheckJNI is OFF
10-13 09:25:45.538: D/ICU(4410): No timezone override file found: /data/misc/zoneinfo/current/icu/icu_tzdata.dat
10-13 09:25:45.538: D/ICU(4410): [ 10-13 09:25:45.542  4410: 4410 W/         ]
10-13 09:25:45.538: D/ICU(4410): Failed to bind-mount /system/lib/x86/cpuinfo as /proc/cpuinfo: No such file or directory
10-13 09:25:45.547: E/memtrack(4410): Couldn't load memtrack module (No such file or directory)
10-13 09:25:45.547: E/android.os.Debug(4410): failed to load memtrack module: -2
10-13 09:25:45.548: I/Radio-JNI(4410): register_android_hardware_Radio DONE
10-13 09:25:45.554: D/AndroidRuntime(4410): Calling main entry com.android.commands.pm.Pm
10-13 09:25:45.567: I/ActivityManager(1720): Start proc 4418:com.android.defcontainer/u0a6 for service com.android.defcontainer/.DefaultContainerService
10-13 09:25:45.713: D/DefContainer(4418): Copying /data/local/tmp/com.google.android.apps.mtaas.tools.apk to base.apk
10-13 09:25:45.781: I/SELinux(1344): SELinux: Loaded file_contexts contexts from /file_contexts.
10-13 09:25:45.781: I/PackageManager.DexOptimizer(1720): Running dexopt (dex2oat) on: /data/app/vmdl500574165.tmp/base.apk pkg=com.google.android.apps.mtaas.tools isa=x86 vmSafeMode=false debuggable=false oatDir = /data/app/vmdl500574165.tmp/oat bootComplete=true
10-13 09:25:45.789: I/dex2oat(4432): Starting dex2oat.
10-13 09:25:45.789: E/cutils-trace(4432): Error opening trace file: Permission denied (13)
10-13 09:25:45.844: I/Remoter(1331): Saved screenshot to '/data/screenshots/__pmv__-0063.jpg'
10-13 09:25:46.091: W/dex2oat(4432): No verified method for method calling String.<init>: java.lang.String java.io.ByteArrayOutputStream.toString()
10-13 09:25:46.356: I/dex2oat(4432): dex2oat took 567.143ms (threads: 2) arena alloc=410KB java alloc=1814KB native alloc=7MB free=2MB
10-13 09:25:46.369: W/PackageManager(1720): Not granting permission android.permission.SET_ANIMATION_SCALE to package com.google.android.apps.mtaas.tools (protectionLevel=50 flags=0x3808be44)
10-13 09:25:46.369: W/PackageManager(1720): Not granting permission android.permission.CHANGE_CONFIGURATION to package com.google.android.apps.mtaas.tools (protectionLevel=50 flags=0x3808be44)
10-13 09:25:46.376: V/BackupManagerService(1720): restoreAtInstall pkg=com.google.android.apps.mtaas.tools token=1 restoreSet=0
10-13 09:25:46.376: V/BackupManagerService(1720): Finishing install immediately
10-13 09:25:46.378: W/Settings(1720): Setting install_non_market_apps has moved from android.provider.Settings.Global to android.provider.Settings.Secure, returning read-only value.
10-13 09:25:46.378: I/art(1720): Starting a blocking GC Explicit
10-13 09:25:46.393: I/art(1720): Explicit concurrent mark sweep GC freed 56610(3MB) AllocSpace objects, 10(228KB) LOS objects, 33% free, 18MB/28MB, paused 210us total 14.452ms
10-13 09:25:46.395: D/CarrierServiceBindHelper(2038): Receive action: android.intent.action.PACKAGE_ADDED
10-13 09:25:46.396: D/BluetoothMapAppObserver(2441): onReceive
10-13 09:25:46.396: I/InputReader(1720): Reconfiguring input devices.  changes=0x00000010
10-13 09:25:46.396: D/BluetoothMapAppObserver(2441): The installed package is: com.google.android.apps.mtaas.tools
10-13 09:25:46.396: D/BluetoothMapAppObserver(2441): Found 0 application(s) with intent android.bluetooth.action.BLUETOOTH_MAP_PROVIDER
10-13 09:25:46.396: D/BluetoothMapAppObserver(2441): Found 0 application(s) with intent android.bluetooth.action.BLUETOOTH_MAP_IM_PROVIDER
10-13 09:25:46.396: D/CarrierServiceBindHelper(2038): mHandler: 3
10-13 09:25:46.396: D/CarrierConfigLoader(2038): mHandler: 9 phoneId: 0
10-13 09:25:46.411: I/art(4410): System.exit called, status: 0
10-13 09:25:46.411: I/AndroidRuntime(4410): VM exiting with result code 0.
10-13 09:25:46.424: I/ActivityManager(1720): Start proc 4436:com.google.android.partnersetup/u0a16 for broadcast com.google.android.partnersetup/.RlzPingBroadcastReceiver
10-13 09:25:46.387: I/main(1346): type=1400 audit(0.0:134): avc: denied { getattr } for path="/sys/kernel/debug/tracing/trace_marker" dev="tracefs" ino=22 scontext=u:r:zygote:s0 tcontext=u:object_r:unlabeled:s0 tclass=file permissive=1
10-13 09:25:46.417: I/main(4436): type=1400 audit(0.0:135): avc: denied { write } for name="trace_marker" dev="tracefs" ino=22 scontext=u:r:zygote:s0 tcontext=u:object_r:unlabeled:s0 tclass=file permissive=1
10-13 09:25:46.437: I/main(4436): type=1400 audit(0.0:136): avc: denied { open } for path="/sys/kernel/debug/tracing/trace_marker" dev="tracefs" ino=22 scontext=u:r:zygote:s0 tcontext=u:object_r:unlabeled:s0 tclass=file permissive=1
10-13 09:25:46.519: W/System(4436): ClassLoader referenced unknown path: /system/priv-app/GooglePartnerSetup/lib/x86
10-13 09:25:46.526: D/Finsky(3086): [1] ExternalReferrer.access$200: Package state data is missing for com.google.android.apps.mtaas.tools
10-13 09:25:46.545: W/ConfigurationChimeraProvider(2362): Got null configs for com.google.android.gms.appinvite
10-13 09:25:46.557: I/UpdateIcingCorporaServi(3892): Updating corpora: APPS=com.google.android.apps.mtaas.tools, CONTACTS=MAYBE
10-13 09:25:46.558: I/FontsPackageChangeOp(2466): Package com.google.android.apps.mtaas.tools has no metadata
10-13 09:25:46.562: D/Wear_Controller(2466): Received broadcast action=android.intent.action.PACKAGE_ADDED and uri=com.google.android.apps.mtaas.tools
10-13 09:25:46.570: I/Icing(2466): IndexChimeraService.getServiceInterface callingPackage=com.google.android.gms componentName=AppsCorpus serviceId=32
10-13 09:25:46.571: I/Icing(2466): IndexChimeraService.getServiceInterface callingPackage=com.google.android.gms componentName=AppsCorpus serviceId=36
10-13 09:25:46.576: I/Icing(2466): Usage reports 0 indexed 0 rejected 0 imm upload false
10-13 09:25:46.578: I/Icing(2466): IndexChimeraService.getServiceInterface callingPackage=com.google.android.googlequicksearchbox componentName=null serviceId=36
10-13 09:25:46.579: I/Icing(2466): Usage reports 0 indexed 0 rejected 0 imm upload false
10-13 09:25:46.593: I/UpdateIcingCorporaServi(3892): UpdateCorporaTask done [took 36 ms] updated apps [took 36 ms] 
10-13 09:25:46.599: I/Icing(2466): Usage reports 0 indexed 0 rejected 0 imm upload true
10-13 09:25:46.717: I/sshd(4492): type=1400 audit(0.0:137): avc: denied { read open } for path="/system/bin/sh" dev="sda3" ino=499 scontext=u:r:gcelogwrapper:s0 tcontext=u:object_r:shell_exec:s0 tclass=file permissive=1
10-13 09:25:46.757: I/sshd(4492): type=1400 audit(0.0:138): avc: denied { execute_no_trans } for path="/system/bin/sh" dev="sda3" ino=499 scontext=u:r:gcelogwrapper:s0 tcontext=u:object_r:shell_exec:s0 tclass=file permissive=1
10-13 09:25:46.900: I/Remoter(1331): Saved screenshot to '/data/screenshots/__pmv__-0064.jpg'
10-13 09:25:47.139: D/AndroidRuntime(4500): >>>>>> START com.android.internal.os.RuntimeInit uid 0 <<<<<<
10-13 09:25:47.141: D/AndroidRuntime(4500): CheckJNI is OFF
10-13 09:25:47.151: D/ICU(4500): No timezone override file found: /data/misc/zoneinfo/current/icu/icu_tzdata.dat
10-13 09:25:47.151: D/ICU(4500): [ 10-13 09:25:47.154  4500: 4500 W/         ]
10-13 09:25:47.151: D/ICU(4500): Failed to bind-mount /system/lib/x86/cpuinfo as /proc/cpuinfo: No such file or directory
10-13 09:25:47.160: E/memtrack(4500): Couldn't load memtrack module (No such file or directory)
10-13 09:25:47.160: E/android.os.Debug(4500): failed to load memtrack module: -2
10-13 09:25:47.161: I/Radio-JNI(4500): register_android_hardware_Radio DONE
10-13 09:25:47.167: D/AndroidRuntime(4500): Calling main entry com.android.commands.pm.Pm
10-13 09:25:47.170: D/DefContainer(4418): Copying /data/local/tmp/com.google.android.apps.mtaas.loginutil.apk to base.apk
10-13 09:25:47.172: I/PackageParser(1720): com.google.android.apps.mtaas.loginutil: compat added android.permission.WRITE_EXTERNAL_STORAGE android.permission.READ_PHONE_STATE
10-13 09:25:47.187: I/PackageManager.DexOptimizer(1720): Running dexopt (dex2oat) on: /data/app/vmdl854994999.tmp/base.apk pkg=com.google.android.apps.mtaas.loginutil isa=x86 vmSafeMode=false debuggable=false oatDir = /data/app/vmdl854994999.tmp/oat bootComplete=true
10-13 09:25:47.194: I/dex2oat(4508): Starting dex2oat.
10-13 09:25:47.194: E/cutils-trace(4508): Error opening trace file: Permission denied (13)
10-13 09:25:47.608: I/Icing(2466): Indexing 204CE89B405466DFDE20CC795393B566DAAC1583 from com.google.android.gms
10-13 09:25:47.662: I/Icing(2466): Indexing 9BB2D4B2293E15A7B9F84E2EEB8C08D9C4A0A3F5 from com.google.android.googlequicksearchbox
10-13 09:25:47.765: I/Icing(2466): Indexing done 204CE89B405466DFDE20CC795393B566DAAC1583
10-13 09:25:47.769: I/Icing(2466): Indexing done 9BB2D4B2293E15A7B9F84E2EEB8C08D9C4A0A3F5
10-13 09:25:47.795: I/dex2oat(4508): dex2oat took 600.993ms (threads: 2) arena alloc=2035KB java alloc=797KB native alloc=8MB free=1908KB
10-13 09:25:47.814: V/BackupManagerService(1720): restoreAtInstall pkg=com.google.android.apps.mtaas.loginutil token=2 restoreSet=0
10-13 09:25:47.814: V/BackupManagerService(1720): Finishing install immediately
10-13 09:25:47.816: W/Settings(1720): Setting install_non_market_apps has moved from android.provider.Settings.Global to android.provider.Settings.Secure, returning read-only value.
10-13 09:25:47.816: I/art(1720): Starting a blocking GC Explicit
10-13 09:25:47.833: I/art(1720): Explicit concurrent mark sweep GC freed 37888(2MB) AllocSpace objects, 7(140KB) LOS objects, 33% free, 19MB/28MB, paused 252us total 14.463ms
10-13 09:25:47.834: I/art(4500): System.exit called, status: 0
10-13 09:25:47.834: I/AndroidRuntime(4500): VM exiting with result code 0.
10-13 09:25:47.837: D/CarrierServiceBindHelper(2038): Receive action: android.intent.action.PACKAGE_ADDED
10-13 09:25:47.838: D/BluetoothMapAppObserver(2441): onReceive
10-13 09:25:47.838: D/BluetoothMapAppObserver(2441): The installed package is: com.google.android.apps.mtaas.loginutil
10-13 09:25:47.838: D/CarrierServiceBindHelper(2038): mHandler: 3
10-13 09:25:47.838: D/CarrierConfigLoader(2038): mHandler: 9 phoneId: 0
10-13 09:25:47.838: D/BluetoothMapAppObserver(2441): Found 0 application(s) with intent android.bluetooth.action.BLUETOOTH_MAP_PROVIDER
10-13 09:25:47.838: D/BluetoothMapAppObserver(2441): Found 0 application(s) with intent android.bluetooth.action.BLUETOOTH_MAP_IM_PROVIDER
10-13 09:25:47.841: I/InputReader(1720): Reconfiguring input devices.  changes=0x00000010
10-13 09:25:47.845: D/Finsky(3086): [1] ExternalReferrer.access$200: Package state data is missing for com.google.android.apps.mtaas.loginutil
10-13 09:25:47.847: I/UpdateIcingCorporaServi(3892): Updating corpora: APPS=com.google.android.apps.mtaas.loginutil, CONTACTS=MAYBE
10-13 09:25:47.856: I/UpdateIcingCorporaServi(3892): UpdateCorporaTask done [took 9 ms] updated apps [took 9 ms] 
10-13 09:25:47.871: I/FontsPackageChangeOp(2466): Package com.google.android.apps.mtaas.loginutil has no metadata
10-13 09:25:47.875: D/Wear_Controller(2466): Received broadcast action=android.intent.action.PACKAGE_ADDED and uri=com.google.android.apps.mtaas.loginutil
10-13 09:25:47.878: I/Icing(2466): IndexChimeraService.getServiceInterface callingPackage=com.google.android.gms componentName=AppsCorpus serviceId=36
10-13 09:25:47.878: I/Icing(2466): IndexChimeraService.getServiceInterface callingPackage=com.google.android.gms componentName=AppsCorpus serviceId=32
10-13 09:25:47.882: I/Icing(2466): Usage reports 0 indexed 0 rejected 0 imm upload false
10-13 09:25:47.883: I/Icing(2466): Usage reports 0 indexed 0 rejected 0 imm upload false
10-13 09:25:47.954: I/Remoter(1331): Saved screenshot to '/data/screenshots/__pmv__-0065.jpg'
10-13 09:25:48.441: D/AndroidRuntime(4539): >>>>>> START com.android.internal.os.RuntimeInit uid 0 <<<<<<
10-13 09:25:48.442: D/AndroidRuntime(4539): CheckJNI is OFF
10-13 09:25:48.453: D/ICU(4539): No timezone override file found: /data/misc/zoneinfo/current/icu/icu_tzdata.dat
10-13 09:25:48.453: D/ICU(4539): [ 10-13 09:25:48.457  4539: 4539 W/         ]
10-13 09:25:48.453: D/ICU(4539): Failed to bind-mount /system/lib/x86/cpuinfo as /proc/cpuinfo: No such file or directory
10-13 09:25:48.462: E/memtrack(4539): Couldn't load memtrack module (No such file or directory)
10-13 09:25:48.462: E/android.os.Debug(4539): failed to load memtrack module: -2
10-13 09:25:48.463: I/Radio-JNI(4539): register_android_hardware_Radio DONE
10-13 09:25:48.469: D/AndroidRuntime(4539): Calling main entry com.android.commands.pm.Pm
10-13 09:25:48.473: D/DefContainer(4418): Copying /data/local/tmp/com.google.android.apps.mtaas.backdrop.apk to base.apk
10-13 09:25:48.495: I/PackageManager.DexOptimizer(1720): Running dexopt (dex2oat) on: /data/app/vmdl1179827585.tmp/base.apk pkg=com.google.android.apps.mtaas.backdrop isa=x86 vmSafeMode=false debuggable=false oatDir = /data/app/vmdl1179827585.tmp/oat bootComplete=true
10-13 09:25:48.502: I/dex2oat(4547): Starting dex2oat.
10-13 09:25:48.502: E/cutils-trace(4547): Error opening trace file: Permission denied (13)
10-13 09:25:48.569: I/hwcomposer(1337): Sent 3635 syncs in 60s
10-13 09:25:48.891: I/Icing(2466): Indexing 204CE89B405466DFDE20CC795393B566DAAC1583 from com.google.android.gms
10-13 09:25:48.891: I/Icing(2466): Indexing done 204CE89B405466DFDE20CC795393B566DAAC1583
10-13 09:25:49.041: I/Remoter(1331): Saved screenshot to '/data/screenshots/__pmv__-0066.jpg'
10-13 09:25:49.174: I/dex2oat(4547): dex2oat took 671.591ms (threads: 2) arena alloc=933KB java alloc=1233KB native alloc=6MB free=1527KB
10-13 09:25:49.193: V/BackupManagerService(1720): restoreAtInstall pkg=com.google.android.apps.mtaas.backdrop token=3 restoreSet=0
10-13 09:25:49.193: V/BackupManagerService(1720): Finishing install immediately
10-13 09:25:49.195: W/Settings(1720): Setting install_non_market_apps has moved from android.provider.Settings.Global to android.provider.Settings.Secure, returning read-only value.
10-13 09:25:49.195: I/art(1720): Starting a blocking GC Explicit
10-13 09:25:49.209: I/art(1720): Explicit concurrent mark sweep GC freed 40043(2MB) AllocSpace objects, 7(140KB) LOS objects, 33% free, 19MB/28MB, paused 211us total 14.020ms
10-13 09:25:49.211: D/CarrierServiceBindHelper(2038): Receive action: android.intent.action.PACKAGE_ADDED
10-13 09:25:49.211: D/BluetoothMapAppObserver(2441): onReceive
10-13 09:25:49.211: D/BluetoothMapAppObserver(2441): The installed package is: com.google.android.apps.mtaas.backdrop
10-13 09:25:49.212: D/BluetoothMapAppObserver(2441): Found 0 application(s) with intent android.bluetooth.action.BLUETOOTH_MAP_PROVIDER
10-13 09:25:49.212: D/BluetoothMapAppObserver(2441): Found 0 application(s) with intent android.bluetooth.action.BLUETOOTH_MAP_IM_PROVIDER
10-13 09:25:49.212: D/CarrierServiceBindHelper(2038): mHandler: 3
10-13 09:25:49.212: D/CarrierConfigLoader(2038): mHandler: 9 phoneId: 0
10-13 09:25:49.214: I/art(4539): System.exit called, status: 0
10-13 09:25:49.214: I/AndroidRuntime(4539): VM exiting with result code 0.
10-13 09:25:49.218: I/InputReader(1720): Reconfiguring input devices.  changes=0x00000010
10-13 09:25:49.219: D/Finsky(3086): [1] ExternalReferrer.access$200: Package state data is missing for com.google.android.apps.mtaas.backdrop
10-13 09:25:49.233: I/UpdateIcingCorporaServi(3892): Updating corpora: APPS=com.google.android.apps.mtaas.backdrop, CONTACTS=MAYBE
10-13 09:25:49.246: I/Icing(2466): IndexChimeraService.getServiceInterface callingPackage=com.google.android.googlequicksearchbox componentName=null serviceId=36
10-13 09:25:49.254: I/FontsPackageChangeOp(2466): Package com.google.android.apps.mtaas.backdrop has no metadata
10-13 09:25:49.255: D/Wear_Controller(2466): Received broadcast action=android.intent.action.PACKAGE_ADDED and uri=com.google.android.apps.mtaas.backdrop
10-13 09:25:49.258: I/UpdateIcingCorporaServi(3892): UpdateCorporaTask done [took 25 ms] updated apps [took 24 ms] 
10-13 09:25:49.264: I/Icing(2466): Usage reports 0 indexed 0 rejected 0 imm upload true
10-13 09:25:49.265: I/Icing(2466): IndexChimeraService.getServiceInterface callingPackage=com.google.android.gms componentName=AppsCorpus serviceId=36
10-13 09:25:49.266: I/Icing(2466): IndexChimeraService.getServiceInterface callingPackage=com.google.android.gms componentName=AppsCorpus serviceId=32
10-13 09:25:49.268: I/Icing(2466): Usage reports 0 indexed 0 rejected 0 imm upload false
10-13 09:25:49.271: I/Icing(2466): Usage reports 0 indexed 0 rejected 0 imm upload false
10-13 09:25:49.901: D/AndroidRuntime(4578): >>>>>> START com.android.internal.os.RuntimeInit uid 0 <<<<<<
10-13 09:25:49.902: D/AndroidRuntime(4578): CheckJNI is OFF
10-13 09:25:49.913: D/ICU(4578): No timezone override file found: /data/misc/zoneinfo/current/icu/icu_tzdata.dat
10-13 09:25:49.913: D/ICU(4578): [ 10-13 09:25:49.916  4578: 4578 W/         ]
10-13 09:25:49.913: D/ICU(4578): Failed to bind-mount /system/lib/x86/cpuinfo as /proc/cpuinfo: No such file or directory
10-13 09:25:49.922: E/memtrack(4578): Couldn't load memtrack module (No such file or directory)
10-13 09:25:49.922: E/android.os.Debug(4578): failed to load memtrack module: -2
10-13 09:25:49.923: I/Radio-JNI(4578): register_android_hardware_Radio DONE
10-13 09:25:49.929: D/AndroidRuntime(4578): Calling main entry com.android.commands.pm.Pm
10-13 09:25:49.932: D/DefContainer(4418): Copying /data/local/tmp/com.google.android.apps.auth.test.support.apk to base.apk
10-13 09:25:49.935: I/PackageParser(1720): com.google.android.apps.auth.test.support: compat added android.permission.WRITE_EXTERNAL_STORAGE android.permission.READ_PHONE_STATE
10-13 09:25:49.949: I/PackageManager.DexOptimizer(1720): Running dexopt (dex2oat) on: /data/app/vmdl1186567839.tmp/base.apk pkg=com.google.android.apps.auth.test.support isa=x86 vmSafeMode=false debuggable=false oatDir = /data/app/vmdl1186567839.tmp/oat bootComplete=true
10-13 09:25:49.956: I/dex2oat(4586): Starting dex2oat.
10-13 09:25:49.956: E/cutils-trace(4586): Error opening trace file: Permission denied (13)
10-13 09:25:50.126: I/Remoter(1331): Saved screenshot to '/data/screenshots/__pmv__-0067.jpg'
10-13 09:25:50.135: I/dex2oat(4586): dex2oat took 179.049ms (threads: 2) arena alloc=990KB java alloc=478KB native alloc=2MB free=1674KB
10-13 09:25:50.146: W/PackageManager(1720): Unknown permission android.permission.MANAGE_ACCOUNT in package com.google.android.apps.auth.test.support
10-13 09:25:50.146: W/PackageManager(1720): Not granting permission com.google.android.providers.gsf.permission.WRITE_GSERVICES to package com.google.android.apps.auth.test.support (protectionLevel=18 flags=0x18008444)
10-13 09:25:50.154: V/BackupManagerService(1720): restoreAtInstall pkg=com.google.android.apps.auth.test.support token=4 restoreSet=0
10-13 09:25:50.154: V/BackupManagerService(1720): Finishing install immediately
10-13 09:25:50.156: W/Settings(1720): Setting install_non_market_apps has moved from android.provider.Settings.Global to android.provider.Settings.Secure, returning read-only value.
10-13 09:25:50.156: I/art(1720): Starting a blocking GC Explicit
10-13 09:25:50.172: I/art(1720): Explicit concurrent mark sweep GC freed 47181(2MB) AllocSpace objects, 17(300KB) LOS objects, 33% free, 19MB/28MB, paused 212us total 14.664ms
10-13 09:25:50.173: D/BluetoothMapAppObserver(2441): onReceive
10-13 09:25:50.173: D/BluetoothMapAppObserver(2441): The installed package is: com.google.android.apps.auth.test.support
10-13 09:25:50.174: I/InputReader(1720): Reconfiguring input devices.  changes=0x00000010
10-13 09:25:50.174: D/CarrierServiceBindHelper(2038): Receive action: android.intent.action.PACKAGE_ADDED
10-13 09:25:50.175: D/BluetoothMapAppObserver(2441): Found 0 application(s) with intent android.bluetooth.action.BLUETOOTH_MAP_PROVIDER
10-13 09:25:50.176: D/BluetoothMapAppObserver(2441): Found 0 application(s) with intent android.bluetooth.action.BLUETOOTH_MAP_IM_PROVIDER
10-13 09:25:50.176: D/CarrierServiceBindHelper(2038): mHandler: 3
10-13 09:25:50.176: D/CarrierConfigLoader(2038): mHandler: 9 phoneId: 0
10-13 09:25:50.178: I/art(4578): System.exit called, status: 0
10-13 09:25:50.178: I/AndroidRuntime(4578): VM exiting with result code 0.
10-13 09:25:50.190: D/Finsky(3086): [1] ExternalReferrer.access$200: Package state data is missing for com.google.android.apps.auth.test.support
10-13 09:25:50.195: I/UpdateIcingCorporaServi(3892): Updating corpora: APPS=com.google.android.apps.auth.test.support, CONTACTS=MAYBE
10-13 09:25:50.204: I/UpdateIcingCorporaServi(3892): UpdateCorporaTask done [took 8 ms] updated apps [took 8 ms] 
10-13 09:25:50.215: D/Wear_Controller(2466): Received broadcast action=android.intent.action.PACKAGE_ADDED and uri=com.google.android.apps.auth.test.support
10-13 09:25:50.223: I/Icing(2466): IndexChimeraService.getServiceInterface callingPackage=com.google.android.gms componentName=AppsCorpus serviceId=36
10-13 09:25:50.223: I/Icing(2466): IndexChimeraService.getServiceInterface callingPackage=com.google.android.gms componentName=AppsCorpus serviceId=32
10-13 09:25:50.227: I/Icing(2466): Usage reports 0 indexed 0 rejected 0 imm upload false
10-13 09:25:50.228: I/Icing(2466): Usage reports 0 indexed 0 rejected 0 imm upload false
10-13 09:25:50.258: I/Icing(2466): Indexing 9BB2D4B2293E15A7B9F84E2EEB8C08D9C4A0A3F5 from com.google.android.googlequicksearchbox
10-13 09:25:50.268: I/Icing(2466): Indexing done 9BB2D4B2293E15A7B9F84E2EEB8C08D9C4A0A3F5
10-13 09:25:50.271: I/Icing(2466): Indexing 204CE89B405466DFDE20CC795393B566DAAC1583 from com.google.android.gms
10-13 09:25:50.277: I/Icing(2466): Indexing done 204CE89B405466DFDE20CC795393B566DAAC1583
10-13 09:25:50.764: D/AndroidRuntime(4617): >>>>>> START com.android.internal.os.RuntimeInit uid 0 <<<<<<
10-13 09:25:50.765: D/AndroidRuntime(4617): CheckJNI is OFF
10-13 09:25:50.775: D/ICU(4617): No timezone override file found: /data/misc/zoneinfo/current/icu/icu_tzdata.dat
10-13 09:25:50.775: D/ICU(4617): [ 10-13 09:25:50.779  4617: 4617 W/         ]
10-13 09:25:50.775: D/ICU(4617): Failed to bind-mount /system/lib/x86/cpuinfo as /proc/cpuinfo: No such file or directory
10-13 09:25:50.785: E/memtrack(4617): Couldn't load memtrack module (No such file or directory)
10-13 09:25:50.785: E/android.os.Debug(4617): failed to load memtrack module: -2
10-13 09:25:50.786: I/Radio-JNI(4617): register_android_hardware_Radio DONE
10-13 09:25:50.792: D/AndroidRuntime(4617): Calling main entry com.android.commands.pm.Pm
10-13 09:25:50.795: D/DefContainer(4418): Copying /data/local/tmp/com.google.android.apps.mtaas.testloop.apk to base.apk
10-13 09:25:50.819: I/PackageManager.DexOptimizer(1720): Running dexopt (dex2oat) on: /data/app/vmdl310502822.tmp/base.apk pkg=com.google.android.apps.mtaas.testloop isa=x86 vmSafeMode=false debuggable=false oatDir = /data/app/vmdl310502822.tmp/oat bootComplete=true
10-13 09:25:50.826: I/dex2oat(4625): Starting dex2oat.
10-13 09:25:50.826: E/cutils-trace(4625): Error opening trace file: Permission denied (13)
10-13 09:25:51.213: I/Remoter(1331): Saved screenshot to '/data/screenshots/__pmv__-0068.jpg'
10-13 09:25:51.229: I/Icing(2466): Indexing 204CE89B405466DFDE20CC795393B566DAAC1583 from com.google.android.gms
10-13 09:25:51.230: I/Icing(2466): Indexing done 204CE89B405466DFDE20CC795393B566DAAC1583
10-13 09:25:51.455: I/dex2oat(4625): dex2oat took 629.503ms (threads: 2) arena alloc=935KB java alloc=1411KB native alloc=7MB free=1787KB
10-13 09:25:51.474: V/BackupManagerService(1720): restoreAtInstall pkg=com.google.android.apps.mtaas.testloop token=5 restoreSet=0
10-13 09:25:51.474: V/BackupManagerService(1720): Finishing install immediately
10-13 09:25:51.475: D/VoldConnector(1720): SND -> {8 volume remount_uid 10080 read}
10-13 09:25:51.475: D/vold(1319): Remounting 10080 as mode read
10-13 09:25:51.476: D/VoldConnector(1720): RCV <- {200 8 Command succeeded}
10-13 09:25:51.476: D/VoldConnector(1720): SND -> {9 volume remount_uid 10080 write}
10-13 09:25:51.476: D/vold(1319): Remounting 10080 as mode write
10-13 09:25:51.477: D/VoldConnector(1720): RCV <- {200 9 Command succeeded}
10-13 09:25:51.480: W/Settings(1720): Setting install_non_market_apps has moved from android.provider.Settings.Global to android.provider.Settings.Secure, returning read-only value.
10-13 09:25:51.480: I/art(1720): Starting a blocking GC Explicit
10-13 09:25:51.496: I/art(1720): Explicit concurrent mark sweep GC freed 43591(2MB) AllocSpace objects, 8(156KB) LOS objects, 33% free, 19MB/28MB, paused 222us total 15.454ms
10-13 09:25:51.498: D/CarrierServiceBindHelper(2038): Receive action: android.intent.action.PACKAGE_ADDED
10-13 09:25:51.498: D/BluetoothMapAppObserver(2441): onReceive
10-13 09:25:51.498: D/BluetoothMapAppObserver(2441): The installed package is: com.google.android.apps.mtaas.testloop
10-13 09:25:51.500: D/BluetoothMapAppObserver(2441): Found 0 application(s) with intent android.bluetooth.action.BLUETOOTH_MAP_PROVIDER
10-13 09:25:51.500: D/CarrierServiceBindHelper(2038): mHandler: 3
10-13 09:25:51.500: D/CarrierConfigLoader(2038): mHandler: 9 phoneId: 0
10-13 09:25:51.501: I/art(4617): System.exit called, status: 0
10-13 09:25:51.501: I/AndroidRuntime(4617): VM exiting with result code 0.
10-13 09:25:51.501: D/BluetoothMapAppObserver(2441): Found 0 application(s) with intent android.bluetooth.action.BLUETOOTH_MAP_IM_PROVIDER
10-13 09:25:51.502: I/InputReader(1720): Reconfiguring input devices.  changes=0x00000010
10-13 09:25:51.512: D/Finsky(3086): [1] ExternalReferrer.access$200: Package state data is missing for com.google.android.apps.mtaas.testloop
10-13 09:25:51.516: I/UpdateIcingCorporaServi(3892): Updating corpora: APPS=com.google.android.apps.mtaas.testloop, CONTACTS=MAYBE
10-13 09:25:51.532: I/Icing(2466): IndexChimeraService.getServiceInterface callingPackage=com.google.android.googlequicksearchbox componentName=null serviceId=36
10-13 09:25:51.546: I/Icing(2466): Usage reports 0 indexed 0 rejected 0 imm upload true
10-13 09:25:51.550: I/FontsPackageChangeOp(2466): Package com.google.android.apps.mtaas.testloop has no metadata
10-13 09:25:51.552: D/Wear_Controller(2466): Received broadcast action=android.intent.action.PACKAGE_ADDED and uri=com.google.android.apps.mtaas.testloop
10-13 09:25:51.554: I/UpdateIcingCorporaServi(3892): UpdateCorporaTask done [took 39 ms] updated apps [took 39 ms] 
10-13 09:25:51.557: I/Icing(2466): IndexChimeraService.getServiceInterface callingPackage=com.google.android.gms componentName=AppsCorpus serviceId=32
10-13 09:25:51.557: I/Icing(2466): IndexChimeraService.getServiceInterface callingPackage=com.google.android.gms componentName=AppsCorpus serviceId=36
10-13 09:25:51.562: I/Icing(2466): Usage reports 0 indexed 0 rejected 0 imm upload false
10-13 09:25:51.564: I/Icing(2466): Usage reports 0 indexed 0 rejected 0 imm upload false
10-13 09:25:52.081: D/AndroidRuntime(4657): >>>>>> START com.android.internal.os.RuntimeInit uid 0 <<<<<<
10-13 09:25:52.082: D/AndroidRuntime(4657): CheckJNI is OFF
10-13 09:25:52.093: D/ICU(4657): No timezone override file found: /data/misc/zoneinfo/current/icu/icu_tzdata.dat
10-13 09:25:52.093: D/ICU(4657): [ 10-13 09:25:52.096  4657: 4657 W/         ]
10-13 09:25:52.093: D/ICU(4657): Failed to bind-mount /system/lib/x86/cpuinfo as /proc/cpuinfo: No such file or directory
10-13 09:25:52.102: E/memtrack(4657): Couldn't load memtrack module (No such file or directory)
10-13 09:25:52.102: E/android.os.Debug(4657): failed to load memtrack module: -2
10-13 09:25:52.102: I/Radio-JNI(4657): register_android_hardware_Radio DONE
10-13 09:25:52.109: D/AndroidRuntime(4657): Calling main entry com.android.commands.pm.Pm
10-13 09:25:52.111: D/DefContainer(4418): Copying /data/local/tmp/android.support.test.orchestrator.apk to base.apk
10-13 09:25:52.119: I/PackageManager.DexOptimizer(1720): Running dexopt (dex2oat) on: /data/app/vmdl902338952.tmp/base.apk pkg=android.support.test.orchestrator isa=x86 vmSafeMode=false debuggable=false oatDir = /data/app/vmdl902338952.tmp/oat bootComplete=true
10-13 09:25:52.126: I/dex2oat(4665): Starting dex2oat.
10-13 09:25:52.126: E/cutils-trace(4665): Error opening trace file: Permission denied (13)
10-13 09:25:52.208: I/dex2oat(4665): dex2oat took 81.736ms (threads: 2) arena alloc=438KB java alloc=227KB native alloc=1949KB free=1378KB
10-13 09:25:52.233: V/BackupManagerService(1720): restoreAtInstall pkg=android.support.test.orchestrator token=6 restoreSet=0
10-13 09:25:52.233: V/BackupManagerService(1720): Finishing install immediately
10-13 09:25:52.238: D/VoldConnector(1720): SND -> {10 volume remount_uid 10081 read}
10-13 09:25:52.238: D/vold(1319): Remounting 10081 as mode read
10-13 09:25:52.240: D/VoldConnector(1720): RCV <- {200 10 Command succeeded}
10-13 09:25:52.240: D/VoldConnector(1720): SND -> {11 volume remount_uid 10081 write}
10-13 09:25:52.241: D/vold(1319): Remounting 10081 as mode write
10-13 09:25:52.242: D/VoldConnector(1720): RCV <- {200 11 Command succeeded}
10-13 09:25:52.246: W/Settings(1720): Setting install_non_market_apps has moved from android.provider.Settings.Global to android.provider.Settings.Secure, returning read-only value.
10-13 09:25:52.246: I/art(1720): Starting a blocking GC Explicit
10-13 09:25:52.266: I/art(1720): Explicit concurrent mark sweep GC freed 36050(2MB) AllocSpace objects, 7(140KB) LOS objects, 33% free, 19MB/28MB, paused 330us total 20.008ms
10-13 09:25:52.268: D/CarrierServiceBindHelper(2038): Receive action: android.intent.action.PACKAGE_ADDED
10-13 09:25:52.268: D/BluetoothMapAppObserver(2441): onReceive
10-13 09:25:52.269: D/BluetoothMapAppObserver(2441): The installed package is: android.support.test.orchestrator
10-13 09:25:52.270: D/BluetoothMapAppObserver(2441): Found 0 application(s) with intent android.bluetooth.action.BLUETOOTH_MAP_PROVIDER
10-13 09:25:52.270: D/BluetoothMapAppObserver(2441): Found 0 application(s) with intent android.bluetooth.action.BLUETOOTH_MAP_IM_PROVIDER
10-13 09:25:52.270: D/CarrierServiceBindHelper(2038): mHandler: 3
10-13 09:25:52.270: D/CarrierConfigLoader(2038): mHandler: 9 phoneId: 0
10-13 09:25:52.272: I/InputReader(1720): Reconfiguring input devices.  changes=0x00000010
10-13 09:25:52.280: I/art(4657): System.exit called, status: 0
10-13 09:25:52.280: I/AndroidRuntime(4657): VM exiting with result code 0.
10-13 09:25:52.286: D/Finsky(3086): [1] ExternalReferrer.access$200: Package state data is missing for android.support.test.orchestrator
10-13 09:25:52.291: I/UpdateIcingCorporaServi(3892): Updating corpora: APPS=android.support.test.orchestrator, CONTACTS=MAYBE
10-13 09:25:52.300: I/UpdateIcingCorporaServi(3892): UpdateCorporaTask done [took 8 ms] updated apps [took 8 ms] 
10-13 09:25:52.311: I/Remoter(1331): Saved screenshot to '/data/screenshots/__pmv__-0069.jpg'
10-13 09:25:52.323: I/FontsPackageChangeOp(2466): Package android.support.test.orchestrator has no metadata
10-13 09:25:52.325: D/Wear_Controller(2466): Received broadcast action=android.intent.action.PACKAGE_ADDED and uri=android.support.test.orchestrator
10-13 09:25:52.329: I/Icing(2466): IndexChimeraService.getServiceInterface callingPackage=com.google.android.gms componentName=AppsCorpus serviceId=32
10-13 09:25:52.332: I/Icing(2466): IndexChimeraService.getServiceInterface callingPackage=com.google.android.gms componentName=AppsCorpus serviceId=36
10-13 09:25:52.333: I/Icing(2466): Usage reports 0 indexed 0 rejected 0 imm upload false
10-13 09:25:52.334: I/Icing(2466): Usage reports 0 indexed 0 rejected 0 imm upload false
10-13 09:25:52.554: I/Icing(2466): Indexing 9BB2D4B2293E15A7B9F84E2EEB8C08D9C4A0A3F5 from com.google.android.googlequicksearchbox
10-13 09:25:52.564: I/Icing(2466): Indexing done 9BB2D4B2293E15A7B9F84E2EEB8C08D9C4A0A3F5
10-13 09:25:52.565: I/Icing(2466): Indexing 204CE89B405466DFDE20CC795393B566DAAC1583 from com.google.android.gms
10-13 09:25:52.571: I/Icing(2466): Indexing done 204CE89B405466DFDE20CC795393B566DAAC1583
10-13 09:25:52.910: D/AndroidRuntime(4697): >>>>>> START com.android.internal.os.RuntimeInit uid 0 <<<<<<
10-13 09:25:52.911: D/AndroidRuntime(4697): CheckJNI is OFF
10-13 09:25:52.921: D/ICU(4697): No timezone override file found: /data/misc/zoneinfo/current/icu/icu_tzdata.dat
10-13 09:25:52.921: D/ICU(4697): [ 10-13 09:25:52.925  4697: 4697 W/         ]
10-13 09:25:52.921: D/ICU(4697): Failed to bind-mount /system/lib/x86/cpuinfo as /proc/cpuinfo: No such file or directory
10-13 09:25:52.931: E/memtrack(4697): Couldn't load memtrack module (No such file or directory)
10-13 09:25:52.931: E/android.os.Debug(4697): failed to load memtrack module: -2
10-13 09:25:52.931: I/Radio-JNI(4697): register_android_hardware_Radio DONE
10-13 09:25:52.937: D/AndroidRuntime(4697): Calling main entry com.android.commands.pm.Pm
10-13 09:25:52.941: D/DefContainer(4418): Copying /data/local/tmp/android.support.test.services.apk to base.apk
10-13 09:25:52.978: I/PackageManager.DexOptimizer(1720): Running dexopt (dex2oat) on: /data/app/vmdl1610632086.tmp/base.apk pkg=android.support.test.services isa=x86 vmSafeMode=false debuggable=false oatDir = /data/app/vmdl1610632086.tmp/oat bootComplete=true
10-13 09:25:52.985: I/dex2oat(4705): Starting dex2oat.
10-13 09:25:52.985: E/cutils-trace(4705): Error opening trace file: Permission denied (13)
10-13 09:25:53.000: W/dex2oat(4705): Before Android 4.1, method android.graphics.PorterDuffColorFilter android.support.graphics.drawable.VectorDrawableCompat.updateTintFilter(android.graphics.PorterDuffColorFilter, android.content.res.ColorStateList, android.graphics.PorterDuff$Mode) would have incorrectly overridden the package-private method in android.graphics.drawable.Drawable
10-13 09:25:53.242: I/dex2oat(4705): dex2oat took 257.119ms (threads: 2) arena alloc=1700KB java alloc=947KB native alloc=4MB free=1517KB
10-13 09:25:53.261: V/BackupManagerService(1720): restoreAtInstall pkg=android.support.test.services token=7 restoreSet=0
10-13 09:25:53.261: V/BackupManagerService(1720): Finishing install immediately
10-13 09:25:53.263: W/Settings(1720): Setting install_non_market_apps has moved from android.provider.Settings.Global to android.provider.Settings.Secure, returning read-only value.
10-13 09:25:53.263: I/art(1720): Starting a blocking GC Explicit
10-13 09:25:53.280: I/art(1720): Explicit concurrent mark sweep GC freed 81223(4MB) AllocSpace objects, 25(868KB) LOS objects, 33% free, 19MB/29MB, paused 228us total 16.218ms
10-13 09:25:53.284: D/CarrierServiceBindHelper(2038): Receive action: android.intent.action.PACKAGE_ADDED
10-13 09:25:53.284: D/BluetoothMapAppObserver(2441): onReceive
10-13 09:25:53.284: D/BluetoothMapAppObserver(2441): The installed package is: android.support.test.services
10-13 09:25:53.286: D/BluetoothMapAppObserver(2441): Found 0 application(s) with intent android.bluetooth.action.BLUETOOTH_MAP_PROVIDER
10-13 09:25:53.286: D/BluetoothMapAppObserver(2441): Found 0 application(s) with intent android.bluetooth.action.BLUETOOTH_MAP_IM_PROVIDER
10-13 09:25:53.286: D/CarrierServiceBindHelper(2038): mHandler: 3
10-13 09:25:53.286: D/CarrierConfigLoader(2038): mHandler: 9 phoneId: 0
10-13 09:25:53.292: I/InputReader(1720): Reconfiguring input devices.  changes=0x00000010
10-13 09:25:53.293: I/art(4697): System.exit called, status: 0
10-13 09:25:53.293: I/AndroidRuntime(4697): VM exiting with result code 0.
10-13 09:25:53.297: D/Finsky(3086): [1] ExternalReferrer.access$200: Package state data is missing for android.support.test.services
10-13 09:25:53.302: I/UpdateIcingCorporaServi(3892): Updating corpora: APPS=android.support.test.services, CONTACTS=MAYBE
10-13 09:25:53.308: I/UpdateIcingCorporaServi(3892): UpdateCorporaTask done [took 7 ms] updated apps [took 7 ms] 
10-13 09:25:53.332: I/FontsPackageChangeOp(2466): Package android.support.test.services has no metadata
10-13 09:25:53.334: D/Wear_Controller(2466): Received broadcast action=android.intent.action.PACKAGE_ADDED and uri=android.support.test.services
10-13 09:25:53.336: I/Icing(2466): Indexing 204CE89B405466DFDE20CC795393B566DAAC1583 from com.google.android.gms
10-13 09:25:53.337: I/Icing(2466): Indexing done 204CE89B405466DFDE20CC795393B566DAAC1583
10-13 09:25:53.343: I/Icing(2466): IndexChimeraService.getServiceInterface callingPackage=com.google.android.gms componentName=AppsCorpus serviceId=32
10-13 09:25:53.343: I/Icing(2466): IndexChimeraService.getServiceInterface callingPackage=com.google.android.gms componentName=AppsCorpus serviceId=36
10-13 09:25:53.354: I/Icing(2466): Usage reports 0 indexed 0 rejected 0 imm upload false
10-13 09:25:53.360: I/Icing(2466): Usage reports 0 indexed 0 rejected 0 imm upload false
10-13 09:25:53.389: I/Remoter(1331): Saved screenshot to '/data/screenshots/__pmv__-0070.jpg'
10-13 09:25:53.870: D/AndroidRuntime(4736): >>>>>> START com.android.internal.os.RuntimeInit uid 0 <<<<<<
10-13 09:25:53.871: D/AndroidRuntime(4736): CheckJNI is OFF
10-13 09:25:53.882: D/ICU(4736): No timezone override file found: /data/misc/zoneinfo/current/icu/icu_tzdata.dat
10-13 09:25:53.882: D/ICU(4736): [ 10-13 09:25:53.886  4736: 4736 W/         ]
10-13 09:25:53.882: D/ICU(4736): Failed to bind-mount /system/lib/x86/cpuinfo as /proc/cpuinfo: No such file or directory
10-13 09:25:53.891: E/memtrack(4736): Couldn't load memtrack module (No such file or directory)
10-13 09:25:53.891: E/android.os.Debug(4736): failed to load memtrack module: -2
10-13 09:25:53.892: I/Radio-JNI(4736): register_android_hardware_Radio DONE
10-13 09:25:53.898: D/AndroidRuntime(4736): Calling main entry com.android.commands.pm.Pm
10-13 09:25:53.901: D/DefContainer(4418): Copying /data/local/tmp/com.google.android.apps.mtaas.stubapp.apk to base.apk
10-13 09:25:53.902: I/PackageParser(1720): com.google.android.apps.mtaas.stubapp: compat added android.permission.WRITE_EXTERNAL_STORAGE android.permission.READ_PHONE_STATE
10-13 09:25:53.906: I/PackageManager.DexOptimizer(1720): Running dexopt (dex2oat) on: /data/app/vmdl1822676292.tmp/base.apk pkg=com.google.android.apps.mtaas.stubapp isa=x86 vmSafeMode=false debuggable=false oatDir = /data/app/vmdl1822676292.tmp/oat bootComplete=true
10-13 09:25:53.913: I/dex2oat(4744): Starting dex2oat.
10-13 09:25:53.913: E/cutils-trace(4744): Error opening trace file: Permission denied (13)
10-13 09:25:53.917: I/dex2oat(4744): dex2oat took 3.537ms (threads: 2) arena alloc=6KB java alloc=16KB native alloc=795KB free=740KB
10-13 09:25:53.934: V/BackupManagerService(1720): restoreAtInstall pkg=com.google.android.apps.mtaas.stubapp token=8 restoreSet=0
10-13 09:25:53.934: V/BackupManagerService(1720): Finishing install immediately
10-13 09:25:53.936: W/Settings(1720): Setting install_non_market_apps has moved from android.provider.Settings.Global to android.provider.Settings.Secure, returning read-only value.
10-13 09:25:53.936: I/art(1720): Starting a blocking GC Explicit
10-13 09:25:53.952: I/art(1720): Explicit concurrent mark sweep GC freed 37357(2MB) AllocSpace objects, 7(140KB) LOS objects, 33% free, 19MB/29MB, paused 215us total 14.456ms
10-13 09:25:53.953: D/BluetoothMapAppObserver(2441): onReceive
10-13 09:25:53.953: D/BluetoothMapAppObserver(2441): The installed package is: com.google.android.apps.mtaas.stubapp
10-13 09:25:53.954: D/CarrierServiceBindHelper(2038): Receive action: android.intent.action.PACKAGE_ADDED
10-13 09:25:53.954: D/BluetoothMapAppObserver(2441): Found 0 application(s) with intent android.bluetooth.action.BLUETOOTH_MAP_PROVIDER
10-13 09:25:53.955: D/CarrierServiceBindHelper(2038): mHandler: 3
10-13 09:25:53.955: D/CarrierConfigLoader(2038): mHandler: 9 phoneId: 0
10-13 09:25:53.955: D/BluetoothMapAppObserver(2441): Found 0 application(s) with intent android.bluetooth.action.BLUETOOTH_MAP_IM_PROVIDER
10-13 09:25:53.955: I/art(4736): System.exit called, status: 0
10-13 09:25:53.955: I/AndroidRuntime(4736): VM exiting with result code 0.
10-13 09:25:53.962: D/Finsky(3086): [1] ExternalReferrer.access$200: Package state data is missing for com.google.android.apps.mtaas.stubapp
10-13 09:25:53.963: I/InputReader(1720): Reconfiguring input devices.  changes=0x00000010
10-13 09:25:53.965: I/UpdateIcingCorporaServi(3892): Updating corpora: APPS=com.google.android.apps.mtaas.stubapp, CONTACTS=MAYBE
10-13 09:25:53.971: I/UpdateIcingCorporaServi(3892): UpdateCorporaTask done [took 5 ms] updated apps [took 5 ms] 
10-13 09:25:53.986: I/FontsPackageChangeOp(2466): Package com.google.android.apps.mtaas.stubapp has no metadata
10-13 09:25:53.988: D/Wear_Controller(2466): Received broadcast action=android.intent.action.PACKAGE_ADDED and uri=com.google.android.apps.mtaas.stubapp
10-13 09:25:53.997: I/Icing(2466): IndexChimeraService.getServiceInterface callingPackage=com.google.android.gms componentName=AppsCorpus serviceId=32
10-13 09:25:53.997: I/Icing(2466): IndexChimeraService.getServiceInterface callingPackage=com.google.android.gms componentName=AppsCorpus serviceId=36
10-13 09:25:54.001: I/Icing(2466): Usage reports 0 indexed 0 rejected 0 imm upload false
10-13 09:25:54.002: I/Icing(2466): Usage reports 0 indexed 0 rejected 0 imm upload false
10-13 09:25:54.177: D/AndroidRuntime(4760): >>>>>> START com.android.internal.os.RuntimeInit uid 0 <<<<<<
10-13 09:25:54.178: D/AndroidRuntime(4760): CheckJNI is OFF
10-13 09:25:54.188: D/ICU(4760): No timezone override file found: /data/misc/zoneinfo/current/icu/icu_tzdata.dat
10-13 09:25:54.188: D/ICU(4760): [ 10-13 09:25:54.192  4760: 4760 W/         ]
10-13 09:25:54.188: D/ICU(4760): Failed to bind-mount /system/lib/x86/cpuinfo as /proc/cpuinfo: No such file or directory
10-13 09:25:54.197: E/memtrack(4760): Couldn't load memtrack module (No such file or directory)
10-13 09:25:54.197: E/android.os.Debug(4760): failed to load memtrack module: -2
10-13 09:25:54.198: I/Radio-JNI(4760): register_android_hardware_Radio DONE
10-13 09:25:54.204: D/AndroidRuntime(4760): Calling main entry com.android.commands.input.Input
10-13 09:25:54.205: I/Input(4760): injectKeyEvent: KeyEvent { action=ACTION_DOWN, keyCode=KEYCODE_MENU, scanCode=0, metaState=0, flags=0x0, repeatCount=0, eventTime=839644, downTime=839644, deviceId=-1, source=0x101 }
10-13 09:25:54.206: I/Input(4760): injectKeyEvent: KeyEvent { action=ACTION_UP, keyCode=KEYCODE_MENU, scanCode=0, metaState=0, flags=0x0, repeatCount=0, eventTime=839644, downTime=839644, deviceId=-1, source=0x101 }
10-13 09:25:54.208: D/AndroidRuntime(4760): Shutting down VM
10-13 09:25:54.240: W/AudioTrack(1813): AUDIO_OUTPUT_FLAG_FAST denied by client; transfer 4, track 44100 Hz, output 48000 Hz
10-13 09:25:54.258: D/PhoneStatusBar(1813): disable: < expand icons* alerts system_info* back HOME RECENT clock SEARCH quick_settings >
10-13 09:25:54.280: I/ActivityManager(1720): Start proc 4770:com.google.android.apps.fitness/u0a40 for broadcast com.google.android.apps.fitness/.widget.TodayStatusWidgetProvider
10-13 09:25:54.309: D/AudioFlinger(1343): mixer(0xb4840000) throttle end: throttle time(11)
10-13 09:25:54.327: I/Binder_9(1720): type=1400 audit(0.0:139): avc: denied { ioctl } for path="socket:[26922]" dev="sockfs" ino=26922 ioctlcmd=7704 scontext=u:r:system_server:s0 tcontext=u:r:system_server:s0 tclass=unix_stream_socket permissive=1
10-13 09:25:54.327: I/Binder_9(1720): type=1400 audit(0.0:140): avc: denied { ioctl } for path="socket:[26922]" dev="sockfs" ino=26922 ioctlcmd=7704 scontext=u:r:system_server:s0 tcontext=u:r:system_server:s0 tclass=unix_stream_socket permissive=1
10-13 09:25:54.367: D/PhoneStatusBar(1813): disable: < expand icons alerts system_info back HOME RECENT clock SEARCH quick_settings >
10-13 09:25:54.368: I/Icing(2466): Indexing 204CE89B405466DFDE20CC795393B566DAAC1583 from com.google.android.gms
10-13 09:25:54.368: I/Icing(2466): Indexing done 204CE89B405466DFDE20CC795393B566DAAC1583
10-13 09:25:54.389: D/AudioFlinger(1343): mixer(0xb4840000) throttle end: throttle time(5)
10-13 09:25:54.451: W/System(4770): ClassLoader referenced unknown path: /system/app/FitnessPrebuilt/lib/x86
10-13 09:25:54.757: I/ActivityManager(1720): Killing 3735:com.google.android.configupdater/u0a4 (adj 15): empty #17
10-13 09:25:54.790: I/Remoter(1331): Saved screenshot to '/data/screenshots/__pmv__-0071.jpg'
10-13 09:25:54.357: I/Binder_C(1720): type=1400 audit(0.0:141): avc: denied { ioctl } for path="socket:[26921]" dev="sockfs" ino=26921 ioctlcmd=7704 scontext=u:r:system_server:s0 tcontext=u:r:system_server:s0 tclass=unix_stream_socket permissive=1
10-13 09:25:54.817: D/ActivityManager(1720): cleanUpApplicationRecord -- 3735
10-13 09:25:54.868: I/Authzen(2466): [DeviceStateSyncManager] Device state updated successfully
10-13 09:25:54.357: I/Binder_C(1720): type=1400 audit(0.0:142): avc: denied { ioctl } for path="socket:[26921]" dev="sockfs" ino=26921 ioctlcmd=7704 scontext=u:r:system_server:s0 tcontext=u:r:system_server:s0 tclass=unix_stream_socket permissive=1
10-13 09:25:54.922: I/CastDatabase(2466): Opening the database
10-13 09:25:54.387: I/remoter(1331): type=1400 audit(0.0:143): avc: denied { write } for name="screenshots" dev="loop6" ino=172033 scontext=u:r:gcelogwrapper:s0 tcontext=u:object_r:system_data_file:s0 tclass=dir permissive=1
10-13 09:25:55.010: I/Icing(2466): Indexing 204CE89B405466DFDE20CC795393B566DAAC1583 from com.google.android.gms
10-13 09:25:55.011: I/Icing(2466): Indexing done 204CE89B405466DFDE20CC795393B566DAAC1583
10-13 09:25:55.030: I/SQLiteCastDBHelper(2466): Creating cast database
10-13 09:25:55.068: I/SQLiteCastStore(2466): 0 CastNetworkInfo instances loaded, 0 CastDeviceInfo instances loaded, 0 paired guest mode devices loaded.
10-13 09:25:55.299: I/GceGrallocRegionRegistry(1337): Mapped gralloc-1337.28 hnd=0xb3659080 fd=16 base=0xb2db6000 format=RGBA_8888(0x1) width=1080 height=126
10-13 09:25:55.299: I/GceGrallocRegionRegistry(1337): Mapped gralloc-1337.29 hnd=0xb212d300 fd=28 base=0xb2d2c000 format=RGBA_8888(0x1) width=1080 height=126
10-13 09:25:55.299: I/GceGrallocRegionRegistry(1337): Mapped gralloc-1337.30 hnd=0xb212d040 fd=29 base=0xb2ca2000 format=RGBA_8888(0x1) width=1080 height=126
10-13 09:25:55.299: D/PhoneStatusBar(1813): disable: < expand icons alerts system_info back home* recent* clock search* quick_settings >
10-13 09:25:55.300: I/Choreographer(1813): Skipped 55 frames!  The application may be doing too much work on its main thread.
10-13 09:25:55.319: I/CastSocket(2466): 23 >= 18. Adding new CastClientAuthKeyManager.
10-13 09:25:55.336: I/DiscoveryManager(2466): WifiGuestModeDeviceScanner enabled.
10-13 09:25:55.341: I/GceGrallocRegionRegistry(1813): Mapped gralloc-1337.30 hnd=0xadacafc0 fd=55 base=0x9cf36000 format=RGBA_8888(0x1) width=1080 height=126
10-13 09:25:55.353: I/MediaRouter(2466): Found default route: MediaRouter.RouteInfo{ uniqueId=android/abd:DEFAULT_ROUTE, name=Phone, description=null, iconUri=null, enabled=true, connecting=false, connectionState=0, canDisconnect=false, playbackType=0, playbackStream=3, deviceType=0, volumeHandling=1, volume=11, volumeMax=15, presentationDisplayId=-1, extras=null, settingsIntent=null, providerPackageName=android }
10-13 09:25:54.387: I/remoter(1331): type=1400 audit(0.0:144): avc: denied { add_name } for name="__pmv__-0071.jpg" scontext=u:r:gcelogwrapper:s0 tcontext=u:object_r:system_data_file:s0 tclass=dir permissive=1
10-13 09:25:55.466: I/GceGrallocRegionRegistry(1813): Unmapped gralloc-1337.22 hnd=0x9f829840 fd=48 base=0x9a106000
10-13 09:25:55.466: I/GceGrallocRegionRegistry(1813): Unmapped gralloc-1337.23 hnd=0x9f83e840 fd=49 base=0x9990c000
10-13 09:25:55.466: I/GceGrallocRegionRegistry(1813): Unmapped gralloc-1337.24 hnd=0x9bac2780 fd=50 base=0x99112000
10-13 09:25:55.467: I/GceGrallocRegionRegistry(1337): Unmapped gralloc-1337.23 hnd=0xb3659100 fd=26 base=0xacd18000
10-13 09:25:55.468: I/GceGrallocRegionRegistry(1337): Unmapped gralloc-1337.24 hnd=0xb212de80 fd=27 base=0xaad06000
10-13 09:25:55.493: I/GceGrallocRegionRegistry(1337): Mapped gralloc-1337.31 hnd=0xb212d080 fd=26 base=0xb2c5c000 format=RGBA_8888(0x1) width=1080 height=63
