10-13 09:26:06.051: D/StrictMode(5455): 	at libcore.io.BlockGuardOs.access(BlockGuardOs.java:67)
10-13 09:26:06.051: D/StrictMode(5455): 	at java.io.File.doAccess(File.java:281)
10-13 09:26:06.051: D/StrictMode(5455): 	at java.io.File.exists(File.java:361)
10-13 09:26:06.051: D/StrictMode(5455): 	at android.app.ContextImpl.createFilesDirLocked(ContextImpl.java:418)
10-13 09:26:06.051: D/StrictMode(5455): 	at android.app.ContextImpl.getFilesDir(ContextImpl.java:441)
10-13 09:26:06.051: D/StrictMode(5455): 	at android.app.ContextImpl.getFileStreamPath(ContextImpl.java:549)
10-13 09:26:06.051: D/StrictMode(5455): 	at android.content.ContextWrapper.getFileStreamPath(ContextWrapper.java:193)
10-13 09:26:06.051: D/StrictMode(5455): 	at com.google.android.apps.gmm.map.m.q.a(PG:8701)
10-13 09:26:06.051: D/StrictMode(5455): 	at com.google.android.apps.gmm.shared.f.a.a(PG:48)
10-13 09:26:06.051: D/StrictMode(5455): 	at com.google.android.apps.gmm.map.m.e.a(PG:1531)
10-13 09:26:06.051: D/StrictMode(5455): 	at com.google.android.apps.gmm.base.app.a.a(PG:244)
10-13 09:26:06.051: D/StrictMode(5455): 	at com.google.android.apps.gmm.base.app.a.a(PG:2265)
10-13 09:26:06.051: D/StrictMode(5455): 	at com.google.android.apps.gmm.base.app.GoogleMapsApplication.a(PG:206)
10-13 09:26:06.051: D/StrictMode(5455): 	at com.google.android.apps.gmm.base.app.GoogleMapsApplication.onCreate(PG:174)
10-13 09:26:06.051: D/StrictMode(5455): 	at android.app.Instrumentation.callApplicationOnCreate(Instrumentation.java:1013)
10-13 09:26:06.051: D/StrictMode(5455): 	at android.app.ActivityThread.handleBindApplication(ActivityThread.java:4707)
10-13 09:26:06.051: D/StrictMode(5455): 	at android.app.ActivityThread.-wrap1(ActivityThread.java)
10-13 09:26:06.051: D/StrictMode(5455): 	at android.app.ActivityThread$H.handleMessage(ActivityThread.java:1405)
10-13 09:26:06.051: D/StrictMode(5455): 	at android.os.Handler.dispatchMessage(Handler.java:102)
10-13 09:26:06.051: D/StrictMode(5455): 	at android.os.Looper.loop(Looper.java:148)
10-13 09:26:06.051: D/StrictMode(5455): 	at android.app.ActivityThread.main(ActivityThread.java:5417)
10-13 09:26:06.051: D/StrictMode(5455): 	at java.lang.reflect.Method.invoke(Native Method)
10-13 09:26:06.051: D/StrictMode(5455): 	at com.android.internal.os.ZygoteInit$MethodAndArgsCaller.run(ZygoteInit.java:726)
10-13 09:26:06.051: D/StrictMode(5455): 	at com.android.internal.os.ZygoteInit.main(ZygoteInit.java:616)
10-13 09:26:06.051: D/StrictMode(5455): StrictMode policy violation; ~duration=20 ms: android.os.StrictMode$StrictModeDiskReadViolation: policy=65567 violation=2
10-13 09:26:06.051: D/StrictMode(5455): 	at android.os.StrictMode$AndroidBlockGuardPolicy.onReadFromDisk(StrictMode.java:1263)
10-13 09:26:06.051: D/StrictMode(5455): 	at libcore.io.BlockGuardOs.access(BlockGuardOs.java:67)
10-13 09:26:06.051: D/StrictMode(5455): 	at java.io.File.doAccess(File.java:281)
10-13 09:26:06.051: D/StrictMode(5455): 	at java.io.File.exists(File.java:361)
10-13 09:26:06.051: D/StrictMode(5455): 	at com.google.android.apps.gmm.map.m.q.a(PG:8703)
10-13 09:26:06.051: D/StrictMode(5455): 	at com.google.android.apps.gmm.shared.f.a.a(PG:48)
10-13 09:26:06.051: D/StrictMode(5455): 	at com.google.android.apps.gmm.map.m.e.a(PG:1531)
10-13 09:26:06.051: D/StrictMode(5455): 	at com.google.android.apps.gmm.base.app.a.a(PG:244)
10-13 09:26:06.051: D/StrictMode(5455): 	at com.google.android.apps.gmm.base.app.a.a(PG:2265)
10-13 09:26:06.051: D/StrictMode(5455): 	at com.google.android.apps.gmm.base.app.GoogleMapsApplication.a(PG:206)
10-13 09:26:06.051: D/StrictMode(5455): 	at com.google.android.apps.gmm.base.app.GoogleMapsApplication.onCreate(PG:174)
10-13 09:26:06.051: D/StrictMode(5455): 	at android.app.Instrumentation.callApplicationOnCreate(Instrumentation.java:1013)
10-13 09:26:06.051: D/StrictMode(5455): 	at android.app.ActivityThread.handleBindApplication(ActivityThread.java:4707)
10-13 09:26:06.051: D/StrictMode(5455): 	at android.app.ActivityThread.-wrap1(ActivityThread.java)
10-13 09:26:06.051: D/StrictMode(5455): 	at android.app.ActivityThread$H.handleMessage(ActivityThread.java:1405)
10-13 09:26:06.051: D/StrictMode(5455): 	at android.os.Handler.dispatchMessage(Handler.java:102)
10-13 09:26:06.051: D/StrictMode(5455): 	at android.os.Looper.loop(Looper.java:148)
10-13 09:26:06.051: D/StrictMode(5455): 	at android.app.ActivityThread.main(ActivityThread.java:5417)
10-13 09:26:06.051: D/StrictMode(5455): 	at java.lang.reflect.Method.invoke(Native Method)
10-13 09:26:06.051: D/StrictMode(5455): 	at com.android.internal.os.ZygoteInit$MethodAndArgsCaller.run(ZygoteInit.java:726)
10-13 09:26:06.051: D/StrictMode(5455): 	at com.android.internal.os.ZygoteInit.main(ZygoteInit.java:616)
10-13 09:26:06.060: I/CalendarProvider2(3820): Sending notification intent: Intent { act=android.intent.action.PROVIDER_CHANGED dat=content://com.android.calendar flg=0x20000000 }
10-13 09:26:06.060: W/ContentResolver(3820): Failed to get type for: content://com.android.calendar (Unknown URL content://com.android.calendar)
10-13 09:26:06.061: I/ActivityManager(1720): Killing 4867:com.google.android.apps.photos/u0a64 (adj 15): empty #17
10-13 09:26:06.084: V/WebViewChromiumFactoryProvider(3892): Binding Chromium to main looper Looper (main, tid 1) {6d43e7}
10-13 09:26:06.084: I/cr_LibraryLoader(3892): Expected native library version number "53.0.2785.124", actual native library version number "53.0.2785.124"
10-13 09:26:06.092: D/ActivityManager(1720): cleanUpApplicationRecord -- 4867
10-13 09:26:06.114: W/Auth(4998): [GetToken] GetToken failed with status code: INVALID_SCOPE
10-13 09:26:06.114: W/Search.LoginHelper(3892): Google auth exception for scope: oauth2:https://www.googleapis.com/auth/googlenow
10-13 09:26:06.114: W/Search.LoginHelper(3892): com.google.android.gms.auth.a: INVALID_SCOPE
10-13 09:26:06.114: W/Search.LoginHelper(3892): 	at com.google.android.gms.auth.b.a(Unknown Source)
10-13 09:26:06.114: W/Search.LoginHelper(3892): 	at com.google.android.gms.auth.b.b(Unknown Source)
10-13 09:26:06.114: W/Search.LoginHelper(3892): 	at com.google.android.gms.auth.b.a(Unknown Source)
10-13 09:26:06.114: W/Search.LoginHelper(3892): 	at com.google.android.apps.gsa.search.core.google.c.m.a(GoogleAuthAdapterImpl.java:29)
10-13 09:26:06.114: W/Search.LoginHelper(3892): 	at com.google.android.apps.gsa.search.core.google.c.k.a(FallingBackGoogleAuthAdapter.java:93)
10-13 09:26:06.114: W/Search.LoginHelper(3892): 	at com.google.android.apps.gsa.search.core.google.c.g.a(CachingGoogleAuthAdapter.java:72)
10-13 09:26:06.114: W/Search.LoginHelper(3892): 	at com.google.android.apps.gsa.search.core.google.c.n.b(LoginHelper.java:829)
10-13 09:26:06.114: W/Search.LoginHelper(3892): 	at com.google.android.apps.gsa.search.core.google.c.n$5.Pe(LoginHelper.java:715)
10-13 09:26:06.114: W/Search.LoginHelper(3892): 	at com.google.android.apps.gsa.search.core.google.c.n$5.call(LoginHelper.java:712)
10-13 09:26:06.114: W/Search.LoginHelper(3892): 	at java.util.concurrent.FutureTask.run(FutureTask.java:237)
10-13 09:26:06.114: W/Search.LoginHelper(3892): 	at java.util.concurrent.Executors$RunnableAdapter.call(Executors.java:423)
10-13 09:26:06.114: W/Search.LoginHelper(3892): 	at java.util.concurrent.FutureTask.run(FutureTask.java:237)
10-13 09:26:06.114: W/Search.LoginHelper(3892): 	at java.util.concurrent.ThreadPoolExecutor.runWorker(ThreadPoolExecutor.java:1113)
10-13 09:26:06.114: W/Search.LoginHelper(3892): 	at java.util.concurrent.ThreadPoolExecutor$Worker.run(ThreadPoolExecutor.java:588)
10-13 09:26:06.114: W/Search.LoginHelper(3892): 	at java.lang.Thread.run(Thread.java:818)
10-13 09:26:06.114: W/Search.LoginHelper(3892): 	at com.google.android.apps.gsa.shared.util.concurrent.a.q$1.run(GsaThreadFactory.java:99)
10-13 09:26:06.135: W/Auth(4998): [GetToken] GetToken failed with status code: INVALID_SCOPE
10-13 09:26:06.136: W/AuthSessionAuthenticato(4998): Auth related exception is being ignored: INVALID_SCOPE
10-13 09:26:06.137: W/GLSUser(4998): [DeviceKeyStore] Cannot load key: Device key file not found.
10-13 09:26:06.137: W/GLSUser(4998): [DeviceKeyStore] Cannot load key: Device key file not found.
10-13 09:26:06.137: W/Auth(4998): [GetToken] GetToken failed with status code: INVALID_SCOPE
10-13 09:26:06.138: W/Search.LoginHelper(3892): Google auth exception for scope: oauth2:https://www.googleapis.com/auth/googlenow
10-13 09:26:06.138: W/Search.LoginHelper(3892): com.google.android.gms.auth.a: INVALID_SCOPE
10-13 09:26:06.138: W/Search.LoginHelper(3892): 	at com.google.android.gms.auth.b.a(Unknown Source)
10-13 09:26:06.138: W/Search.LoginHelper(3892): 	at com.google.android.gms.auth.b.b(Unknown Source)
10-13 09:26:06.138: W/Search.LoginHelper(3892): 	at com.google.android.gms.auth.b.a(Unknown Source)
10-13 09:26:06.138: W/Search.LoginHelper(3892): 	at com.google.android.apps.gsa.search.core.google.c.m.a(GoogleAuthAdapterImpl.java:29)
10-13 09:26:06.138: W/Search.LoginHelper(3892): 	at com.google.android.apps.gsa.search.core.google.c.k.a(FallingBackGoogleAuthAdapter.java:93)
10-13 09:26:06.138: W/Search.LoginHelper(3892): 	at com.google.android.apps.gsa.search.core.google.c.g.a(CachingGoogleAuthAdapter.java:72)
10-13 09:26:06.138: W/Search.LoginHelper(3892): 	at com.google.android.apps.gsa.search.core.google.c.n.b(LoginHelper.java:829)
10-13 09:26:06.138: W/Search.LoginHelper(3892): 	at com.google.android.apps.gsa.search.core.google.c.n$5.Pe(LoginHelper.java:715)
10-13 09:26:06.138: W/Search.LoginHelper(3892): 	at com.google.android.apps.gsa.search.core.google.c.n$5.call(LoginHelper.java:712)
10-13 09:26:06.138: W/Search.LoginHelper(3892): 	at java.util.concurrent.FutureTask.run(FutureTask.java:237)
10-13 09:26:06.138: W/Search.LoginHelper(3892): 	at java.util.concurrent.Executors$RunnableAdapter.call(Executors.java:423)
10-13 09:26:06.138: W/Search.LoginHelper(3892): 	at java.util.concurrent.FutureTask.run(FutureTask.java:237)
10-13 09:26:06.138: W/Search.LoginHelper(3892): 	at java.util.concurrent.ThreadPoolExecutor.runWorker(ThreadPoolExecutor.java:1113)
10-13 09:26:06.138: W/Search.LoginHelper(3892): 	at java.util.concurrent.ThreadPoolExecutor$Worker.run(ThreadPoolExecutor.java:588)
10-13 09:26:06.138: W/Search.LoginHelper(3892): 	at java.lang.Thread.run(Thread.java:818)
10-13 09:26:06.138: W/Search.LoginHelper(3892): 	at com.google.android.apps.gsa.shared.util.concurrent.a.q$1.run(GsaThreadFactory.java:99)
10-13 09:26:06.138: E/VelvetNetworkClient(3892): Failed to get auth token
10-13 09:26:06.138: E/ctxmgr(4998): [BaseServerTask]Server task (FetchAclSet) got error statusCode=-1.
10-13 09:26:06.138: E/ctxmgr(4998): com.android.volley.VolleyError: Unable to obtain auth token - is the device online?
10-13 09:26:06.138: E/ctxmgr(4998): 	at ciz.a(:com.google.android.gms@11519470:39)
10-13 09:26:06.138: E/ctxmgr(4998): 	at cei.run(:com.google.android.gms@11519470:2)
10-13 09:26:06.138: E/ctxmgr(4998): 	at ceg.handleMessage(:com.google.android.gms@11519470:3)
10-13 09:26:06.138: E/ctxmgr(4998): 	at mme.run(:com.google.android.gms@11519470:6)
10-13 09:26:06.138: E/ctxmgr(4998): 	at mmo.run(:com.google.android.gms@11519470:25)
10-13 09:26:06.138: E/ctxmgr(4998): 	at java.util.concurrent.ThreadPoolExecutor.runWorker(ThreadPoolExecutor.java:1113)
10-13 09:26:06.138: E/ctxmgr(4998): 	at java.util.concurrent.ThreadPoolExecutor$Worker.run(ThreadPoolExecutor.java:588)
10-13 09:26:06.138: E/ctxmgr(4998): 	at mrv.run(:com.google.android.gms@11519470)
10-13 09:26:06.138: E/ctxmgr(4998): 	at java.lang.Thread.run(Thread.java:818)
10-13 09:26:06.139: I/ActivityManager(1720): Start proc 5498:com.google.android.apps.photos/u0a64 for broadcast com.google.android.apps.photos/com.google.android.libraries.social.account.refresh.receiver.AccountsChangedReceiver
10-13 09:26:06.139: I/ActivityManager(1720): Killing 4301:com.google.android.deskclock/u0a67 (adj 15): empty #17
10-13 09:26:06.142: E/ctxmgr(4998): [AccountAclCallback]Failed Acl fetch: network status=-1
10-13 09:26:06.167: W/Auth(4998): [GetToken] GetToken failed with status code: INVALID_SCOPE
10-13 09:26:06.167: W/Search.LoginHelper(3892): Google auth exception for scope: oauth2:https://www.googleapis.com/auth/googlenow
10-13 09:26:06.167: W/Search.LoginHelper(3892): com.google.android.gms.auth.a: INVALID_SCOPE
10-13 09:26:06.167: W/Search.LoginHelper(3892): 	at com.google.android.gms.auth.b.a(Unknown Source)
10-13 09:26:06.167: W/Search.LoginHelper(3892): 	at com.google.android.gms.auth.b.b(Unknown Source)
10-13 09:26:06.167: W/Search.LoginHelper(3892): 	at com.google.android.gms.auth.b.a(Unknown Source)
10-13 09:26:06.167: W/Search.LoginHelper(3892): 	at com.google.android.apps.gsa.search.core.google.c.m.a(GoogleAuthAdapterImpl.java:29)
10-13 09:26:06.167: W/Search.LoginHelper(3892): 	at com.google.android.apps.gsa.search.core.google.c.k.a(FallingBackGoogleAuthAdapter.java:93)
10-13 09:26:06.167: W/Search.LoginHelper(3892): 	at com.google.android.apps.gsa.search.core.google.c.g.a(CachingGoogleAuthAdapter.java:72)
10-13 09:26:06.167: W/Search.LoginHelper(3892): 	at com.google.android.apps.gsa.search.core.google.c.n.b(LoginHelper.java:829)
10-13 09:26:06.167: W/Search.LoginHelper(3892): 	at com.google.android.apps.gsa.search.core.google.c.n$5.Pe(LoginHelper.java:715)
10-13 09:26:06.167: W/Search.LoginHelper(3892): 	at com.google.android.apps.gsa.search.core.google.c.n$5.call(LoginHelper.java:712)
10-13 09:26:06.167: W/Search.LoginHelper(3892): 	at java.util.concurrent.FutureTask.run(FutureTask.java:237)
10-13 09:26:06.167: W/Search.LoginHelper(3892): 	at java.util.concurrent.Executors$RunnableAdapter.call(Executors.java:423)
10-13 09:26:06.167: W/Search.LoginHelper(3892): 	at java.util.concurrent.FutureTask.run(FutureTask.java:237)
10-13 09:26:06.167: W/Search.LoginHelper(3892): 	at java.util.concurrent.ThreadPoolExecutor.runWorker(ThreadPoolExecutor.java:1113)
10-13 09:26:06.167: W/Search.LoginHelper(3892): 	at java.util.concurrent.ThreadPoolExecutor$Worker.run(ThreadPoolExecutor.java:588)
10-13 09:26:06.167: W/Search.LoginHelper(3892): 	at java.lang.Thread.run(Thread.java:818)
10-13 09:26:06.167: W/Search.LoginHelper(3892): 	at com.google.android.apps.gsa.shared.util.concurrent.a.q$1.run(GsaThreadFactory.java:99)
10-13 09:26:06.175: D/ActivityManager(1720): cleanUpApplicationRecord -- 4301
10-13 09:26:06.218: W/System(5498): ClassLoader referenced unknown path: /system/app/Photos/lib/x86
10-13 09:26:06.225: I/chromium(3892): [INFO:library_loader_hooks.cc(151)] Chromium logging enabled: level = 0, default verbosity = 0
10-13 09:26:06.275: I/Exchange(4953): Accounts changed - requesting FolderSync for unsynced accounts
10-13 09:26:06.392: D/Finsky(5303): [1] DailyHygiene.onStartCommand: Beginning daily hygiene
10-13 09:26:06.419: W/Auth(4998): [GetToken] GetToken failed with status code: INVALID_SCOPE
10-13 09:26:06.428: I/GmailIS(4904): Receive LOGIN_ACCOUNTS_CHANGED intent: Intent { act=android.accounts.LOGIN_ACCOUNTS_CHANGED flg=0x4000010 cmp=com.google.android.gm/.GmailIntentService }
10-13 09:26:06.433: I/Gmail(4904): System accounts updated.
10-13 09:26:06.438: I/ActivityManager(1720): Start proc 5526:com.google.android.videos/u0a71 for broadcast com.google.android.videos/.accounts.AccountsChangedService$AccountsChangedReceiver
10-13 09:26:06.440: I/Exchange(4953): EasService.onCreate
10-13 09:26:06.442: I/Exchange(4953): RestartPingTask
10-13 09:26:06.445: I/Exchange(4953): RestartPingsTask did not start any pings.
10-13 09:26:06.445: I/Exchange(4953): PSS stopIfIdle
10-13 09:26:06.445: I/Exchange(4953): PSS has no active accounts; stopping service.
10-13 09:26:06.445: I/Exchange(4953): onDestroy
10-13 09:26:06.446: E/HttpOperation(3981): [contacts/getselfinfo] Unexpected exception
10-13 09:26:06.446: E/HttpOperation(3981): java.io.IOException: Cannot obtain authentication token
10-13 09:26:06.446: E/HttpOperation(3981): 	at gqg.a(SourceFile:82)
10-13 09:26:06.446: E/HttpOperation(3981): 	at gpr.o(SourceFile:406)
10-13 09:26:06.446: E/HttpOperation(3981): 	at gpm.a(SourceFile:1379)
10-13 09:26:06.446: E/HttpOperation(3981): 	at gkm.call(SourceFile:1299)
10-13 09:26:06.446: E/HttpOperation(3981): 	at java.util.concurrent.FutureTask.run(FutureTask.java:237)
10-13 09:26:06.446: E/HttpOperation(3981): 	at java.util.concurrent.ThreadPoolExecutor.runWorker(ThreadPoolExecutor.java:1113)
10-13 09:26:06.446: E/HttpOperation(3981): 	at java.util.concurrent.ThreadPoolExecutor$Worker.run(ThreadPoolExecutor.java:588)
10-13 09:26:06.446: E/HttpOperation(3981): 	at java.lang.Thread.run(Thread.java:818)
10-13 09:26:06.446: E/HttpOperation(3981): Caused by: android.accounts.AuthenticatorException: Cannot get Oauth2 token from GMS
10-13 09:26:06.446: E/HttpOperation(3981): 	at fkx.a(SourceFile:27)
10-13 09:26:06.446: E/HttpOperation(3981): 	at gqe.a(SourceFile:3086)
10-13 09:26:06.446: E/HttpOperation(3981): 	at gqe.a(SourceFile:1125)
10-13 09:26:06.446: E/HttpOperation(3981): 	at gqg.a(SourceFile:77)
10-13 09:26:06.446: E/HttpOperation(3981): 	... 7 more
10-13 09:26:06.446: E/HttpOperation(3981): Caused by: efo: INVALID_SCOPE
10-13 09:26:06.446: E/HttpOperation(3981): 	at efp.a(Unknown Source)
10-13 09:26:06.446: E/HttpOperation(3981): 	at efp.a(Unknown Source)
10-13 09:26:06.446: E/HttpOperation(3981): 	at efp.b(Unknown Source)
10-13 09:26:06.446: E/HttpOperation(3981): 	at efp.b(Unknown Source)
10-13 09:26:06.446: E/HttpOperation(3981): 	at fkx.a(SourceFile:24)
10-13 09:26:06.446: E/HttpOperation(3981): 	... 10 more
10-13 09:26:06.456: I/NotifActionUtils(4904): resendNotifications account: null, folder: null
10-13 09:26:06.472: I/Auth(4998): [BroadcastManager] Broadcasting account services changed.
10-13 09:26:06.478: I/Gmail(4904): getAccountsCursor
10-13 09:26:06.478: I/CheckinChimeraService(5019): android.os.VintfObject class not found : android.os.VintfObject
10-13 09:26:06.480: I/NotifUtils(4904): resendNotifications cancelExisting: false, account: null, folder: null
10-13 09:26:06.483: E/LoginManager(3981): Account update failed
10-13 09:26:06.483: E/LoginManager(3981): java.io.IOException: Rpc failed
10-13 09:26:06.483: E/LoginManager(3981): 	at gki.a(SourceFile:3529)
10-13 09:26:06.483: E/LoginManager(3981): 	at gkm.call(SourceFile:1300)
10-13 09:26:06.483: E/LoginManager(3981): 	at java.util.concurrent.FutureTask.run(FutureTask.java:237)
10-13 09:26:06.483: E/LoginManager(3981): 	at java.util.concurrent.ThreadPoolExecutor.runWorker(ThreadPoolExecutor.java:1113)
10-13 09:26:06.483: E/LoginManager(3981): 	at java.util.concurrent.ThreadPoolExecutor$Worker.run(ThreadPoolExecutor.java:588)
10-13 09:26:06.483: E/LoginManager(3981): 	at java.lang.Thread.run(Thread.java:818)
10-13 09:26:06.483: E/LoginManager(3981): Caused by: java.io.IOException: Cannot obtain authentication token
10-13 09:26:06.483: E/LoginManager(3981): 	at gqg.a(SourceFile:82)
10-13 09:26:06.483: E/LoginManager(3981): 	at gpr.o(SourceFile:406)
10-13 09:26:06.483: E/LoginManager(3981): 	at gpm.a(SourceFile:1379)
10-13 09:26:06.483: E/LoginManager(3981): 	at gkm.call(SourceFile:1299)
10-13 09:26:06.483: E/LoginManager(3981): 	... 4 more
10-13 09:26:06.483: E/LoginManager(3981): Caused by: android.accounts.AuthenticatorException: Cannot get Oauth2 token from GMS
10-13 09:26:06.483: E/LoginManager(3981): 	at fkx.a(SourceFile:27)
10-13 09:26:06.483: E/LoginManager(3981): 	at gqe.a(SourceFile:3086)
10-13 09:26:06.483: E/LoginManager(3981): 	at gqe.a(SourceFile:1125)
10-13 09:26:06.483: E/LoginManager(3981): 	at gqg.a(SourceFile:77)
10-13 09:26:06.483: E/LoginManager(3981): 	... 7 more
10-13 09:26:06.483: E/LoginManager(3981): Caused by: efo: INVALID_SCOPE
10-13 09:26:06.483: E/LoginManager(3981): 	at efp.a(Unknown Source)
10-13 09:26:06.483: E/LoginManager(3981): 	at efp.a(Unknown Source)
10-13 09:26:06.483: E/LoginManager(3981): 	at efp.b(Unknown Source)
10-13 09:26:06.483: E/LoginManager(3981): 	at efp.b(Unknown Source)
10-13 09:26:06.483: E/LoginManager(3981): 	at fkx.a(SourceFile:24)
10-13 09:26:06.483: E/LoginManager(3981): 	... 10 more
10-13 09:26:06.484: I/Babel(3981): BAM created 0
10-13 09:26:06.525: I/Babel(3981): BAM#account updated: 0
10-13 09:26:06.525: I/Babel(3981): BAM, cleanup: 0
10-13 09:26:06.541: W/System(5526): ClassLoader referenced unknown path: /system/app/Videos/lib/x86
10-13 09:26:06.542: I/Babel(3981): Account update: 0 logged off
10-13 09:26:06.543: I/Babel(3981): deleted: false for 0
10-13 09:26:06.543: I/Babel_StickerModule(3981): Account change update: 0
10-13 09:26:06.543: W/Babel_StickerModule(3981): Null account update.
10-13 09:26:06.543: I/Babel(3981): Account not valid for babel. Skip device registration.
10-13 09:26:06.553: I/cr_BrowserStartup(3892): Initializing chromium process, singleProcess=true
10-13 09:26:06.640: I/Remoter(1331): Saved screenshot to '/data/screenshots/__pmv__-0081.jpg'
10-13 09:26:06.941: D/Finsky(5303): [1] GetTocHelper$3.onResponse: Server requests device config token
10-13 09:26:07.217: D/Finsky(5303): [1] GcmRegistrationIdHelper.getRegistrationId: Start requesting GCM Reg Id
10-13 09:26:07.217: D/GCMRegistrar(5303): resetting backoff for com.android.vending
10-13 09:26:07.219: V/GCMRegistrar(5303): Registering app com.android.vending of senders 932144863878
10-13 09:26:07.224: W/GCM(4998): Register request missing messenger
10-13 09:26:07.227: W/Conscrypt(4998): Could not set socket write timeout:
10-13 09:26:07.227: W/Conscrypt(4998):    java.lang.reflect.Method.invoke(Native Method)
10-13 09:26:07.227: W/Conscrypt(4998):    com.google.android.gms.org.conscrypt.Platform.setSocketWriteTimeout(:com.google.android.gms@11519470:13)
10-13 09:26:07.228: W/Conscrypt(4998): Could not set socket write timeout:
10-13 09:26:07.228: W/Conscrypt(4998):    java.lang.reflect.Method.invoke(Native Method)
10-13 09:26:07.228: W/Conscrypt(4998):    com.google.android.gms.org.conscrypt.Platform.setSocketWriteTimeout(:com.google.android.gms@11519470:13)
10-13 09:26:07.303: W/System(5019): ClassLoader referenced unknown path: /system/app/PlayGames/lib/x86
10-13 09:26:07.337: I/Auth(4998): [BroadcastManager] Broadcasting account change.
10-13 09:26:07.338: W/WakefulBroadcastReceiver(4998): No active wake lock id #1
10-13 09:26:07.355: W/PlayMovies(5526): SyncCallback.getResponse:78 SyncCallback from main thread might cause ANR
10-13 09:26:07.384: W/ActivityManager(1720): Unable to start service Intent { cmp=com.google.android.apps.gcs/.service.a } U=0: not found
10-13 09:26:07.387: D/Volley(5303): [368] DiskBasedCache.clear: Cache cleared.
10-13 09:26:07.387: D/Volley(5303): [361] DiskBasedCache.clear: Cache cleared.
10-13 09:26:07.388: D/Finsky(5303): [1] UpdateWidgetsReceiver.onReceive: Updated 0 MarketWidgetProvider widgets (android.accounts.LOGIN_ACCOUNTS_CHANGED)
10-13 09:26:07.388: D/Finsky(5303): [1] UpdateWidgetsReceiver.onReceive: Updated 0 RecommendedWidgetProvider widgets (android.accounts.LOGIN_ACCOUNTS_CHANGED)
10-13 09:26:07.389: D/Finsky(5303): [1] UpdateWidgetsReceiver.onReceive: Updated 0 NowPlayingWidgetProvider widgets (android.accounts.LOGIN_ACCOUNTS_CHANGED)
10-13 09:26:07.389: I/HeterodyneSyncScheduler(4998): Scheduling Phenotype for a PhenotypeSyncImmediately(5, null) one off with window [1, 2] in seconds
10-13 09:26:07.400: I/PmtsSwAccountIntentOp(5019): Processing intent action=android.accounts.LOGIN_ACCOUNTS_CHANGED
10-13 09:26:07.400: I/PmtsSwAccountIntentOp(5019): Device isn't of sufficient API level
10-13 09:26:07.428: I/GoogleURLConnFactory(5019): Using platform SSLCertificateSocketFactory
10-13 09:26:07.428: E/BaseAppContext(5019): Tried to stop global GMSCore RequestQueue. This is likely unintended, so ignoring.
10-13 09:26:07.430: W/PlayMovies(5526): SyncCallback.getResponse:78 SyncCallback from main thread might cause ANR
10-13 09:26:07.443: D/PlayMovies(5526): PersistentCache.cleanup:94 Cache is below limit, no need to shrink: [size=0, limit=5242880]
10-13 09:26:07.449: D/PlayMovies(5526): TransferService.onCreate:60 creating transfer service
10-13 09:26:07.484: I/VideoCapabilities(5526): Unsupported profile 4 for video/mp4v-es
10-13 09:26:07.486: W/MediaCodecUtil(5526): MediaCodecList API didn't list secure decoder for: video/avc. Assuming: OMX.google.h264.decoder.secure
10-13 09:26:07.490: I/WVCdm(1343): CdmEngine::QueryStatus
10-13 09:26:07.490: I/WVCdm(1343): Level3 Library Jun 15 2015 14:09:10
10-13 09:26:07.490: W/WVCdm(1343): Could not read /data/mediadrm/IDM1013/ay64.dat2: No such file or directory
10-13 09:26:07.490: W/WVCdm(1343): Could not load liboemcrypto.so. Falling back to L3.  dlopen failed: library "liboemcrypto.so" not found
10-13 09:26:07.532: W/Auth(4998): [GetToken] GetToken failed with status code: INVALID_SCOPE
10-13 09:26:07.537: E/PlayMovies(5526): AccountManagerWrapper.blockingGetAuthToken:253 Cannot get user auth
10-13 09:26:07.537: E/PlayMovies(5526): THROWABLE:
10-13 09:26:07.537: E/PlayMovies(5526): com.google.android.gms.auth.GoogleAuthException: INVALID_SCOPE
10-13 09:26:07.537: E/PlayMovies(5526): com.google.android.gms.auth.GoogleAuthException: INVALID_SCOPE
10-13 09:26:07.537: E/PlayMovies(5526): 	at com.google.android.gms.auth.GoogleAuthUtil.zza(Unknown Source)
10-13 09:26:07.537: E/PlayMovies(5526): 	at com.google.android.gms.auth.GoogleAuthUtil.zzc(Unknown Source)
10-13 09:26:07.537: E/PlayMovies(5526): 	at com.google.android.gms.auth.GoogleAuthUtil.zzb(Unknown Source)
10-13 09:26:07.537: E/PlayMovies(5526): 	at com.google.android.gms.auth.GoogleAuthUtil.getTokenWithNotification(Unknown Source)
10-13 09:26:07.537: E/PlayMovies(5526): 	at com.google.android.gms.auth.GoogleAuthUtil.getTokenWithNotification(Unknown Source)
10-13 09:26:07.537: E/PlayMovies(5526): 	at com.google.android.videos.accounts.AccountManagerWrapper.blockingGetAuthToken(SourceFile:237)
10-13 09:26:07.537: E/PlayMovies(5526): 	at com.google.android.videos.async.AuthenticatingRequester.getAuthToken(SourceFile:62)
10-13 09:26:07.537: E/PlayMovies(5526): 	at com.google.android.videos.async.AuthenticatingRequester.request(SourceFile:39)
10-13 09:26:07.537: E/PlayMovies(5526): 	at com.google.android.videos.async.AuthenticatingRequester.request(SourceFile:26)
10-13 09:26:07.537: E/PlayMovies(5526): 	at com.google.android.videos.gcm.DefaultGcmRegistrationManager.registerWithServer(SourceFile:151)
10-13 09:26:07.537: E/PlayMovies(5526): 	at com.google.android.videos.gcm.DefaultGcmRegistrationManager.access$000(SourceFile:48)
10-13 09:26:07.537: E/PlayMovies(5526): 	at com.google.android.videos.gcm.DefaultGcmRegistrationManager$1.run(SourceFile:101)
10-13 09:26:07.537: E/PlayMovies(5526): 	at java.util.concurrent.ThreadPoolExecutor.runWorker(ThreadPoolExecutor.java:1113)
10-13 09:26:07.537: E/PlayMovies(5526): 	at java.util.concurrent.ThreadPoolExecutor$Worker.run(ThreadPoolExecutor.java:588)
10-13 09:26:07.537: E/PlayMovies(5526): 	at com.google.android.videos.utils.PriorityThreadFactory$1.run(SourceFile:42)
10-13 09:26:07.537: E/PlayMovies(5526): 	at java.lang.Thread.run(Thread.java:818)
10-13 09:26:07.540: I/ActivityManager(1720): Killing 4418:com.android.defcontainer/u0a6 (adj 15): empty #17
10-13 09:26:07.581: D/ActivityManager(1720): cleanUpApplicationRecord -- 4418
10-13 09:26:07.696: I/Remoter(1331): Saved screenshot to '/data/screenshots/__pmv__-0082.jpg'
10-13 09:26:07.699: I/GamesDatabaseHelper(5019): Bootstrapping database version: 1403
10-13 09:26:07.756: W/SyncManager(1720): Ignoring setPeriodicSyncTime request for a sync that does not exist. Authority: 4A2NI7OQOTX46RNLLDCZ5QQEKA-01@cloudtestlabaccounts.com/com.google.android.gms.games:u0
10-13 09:26:07.767: V/AccountUtils(5019): 0 accounts found with uca feature
10-13 09:26:07.767: I/GamesSyncAdapter(5019): Starting sync for 81558efa
10-13 09:26:07.773: V/AccountUtils(5019): 0 accounts found with uca feature
10-13 09:26:07.773: I/GamesSyncAdapter(5019): Starting sync for 81558efa
10-13 09:26:07.776: W/GamesSyncAdapter(5019): User is not G+ enabled. Aborting sync
10-13 09:26:07.776: I/GamesSyncAdapter(5019): Sync duration for 81558efa: 3
10-13 09:26:07.780: I/GamesSyncAdapter(5019): Sync duration for 81558efa: 11
10-13 09:26:07.825: W/ActivityManager(1720): Unable to start service Intent { act=com.google.android.gms.playlog.service.START pkg=com.google.android.gms } U=0: not found
10-13 09:26:07.825: W/ActivityManager(1720): Unbind failed: could not find connection for android.os.BinderProxy@aacb4be
10-13 09:26:07.825: E/GmsClient(5019): unable to connect to service: com.google.android.gms.playlog.service.START
10-13 09:26:07.827: W/ActivityManager(1720): Unable to start service Intent { act=com.google.android.gms.playlog.service.START pkg=com.google.android.gms } U=0: not found
10-13 09:26:07.827: W/ActivityManager(1720): Unbind failed: could not find connection for android.os.BinderProxy@38f091f
10-13 09:26:07.827: E/GmsClient(5019): unable to connect to service: com.google.android.gms.playlog.service.START
10-13 09:26:07.827: W/OneTimePlayLogger(5019): logger connection failed
10-13 09:26:07.827: W/OneTimePlayLogger(5019): logger connection failed
10-13 09:26:07.867: D/ConnectivityService(1720): listenForNetwork for Listen from uid/pid:10026/3892 for NetworkRequest [ id=5, legacyType=-1, [ Capabilities: INTERNET&NOT_RESTRICTED&TRUSTED] ]
10-13 09:26:07.881: D/BluetoothManagerService(1720): Added callback: android.bluetooth.IBluetoothManagerCallback$Stub$Proxy@d0be09c:true
10-13 09:26:07.857: I/Binder_2(1337): type=1400 audit(0.0:176): avc: denied { ioctl } for path="socket:[30650]" dev="sockfs" ino=30650 ioctlcmd=7704 scontext=u:r:surfaceflinger:s0 tcontext=u:r:surfaceflinger:s0 tclass=unix_stream_socket permissive=1
10-13 09:26:07.857: I/Binder_2(1337): type=1400 audit(0.0:177): avc: denied { ioctl } for path="socket:[30650]" dev="sockfs" ino=30650 ioctlcmd=7704 scontext=u:r:surfaceflinger:s0 tcontext=u:r:surfaceflinger:s0 tclass=unix_stream_socket permissive=1
10-13 09:26:07.981: W/InstanceID/Rpc(5019): Found 10010
10-13 09:26:08.032: W/cr_AwContents(3892): onDetachedFromWindow called when already detached. Ignoring
10-13 09:26:08.053: I/cr_Ime(3892): ImeThread is not enabled.
10-13 09:26:08.055: I/RefreshDomainCookieTask(3892): refreshing cookies
10-13 09:26:08.059: D/ConnectivityService(1720): listenForNetwork for Listen from uid/pid:10026/3892 for NetworkRequest [ id=6, legacyType=-1, [ Capabilities: INTERNET&NOT_RESTRICTED&TRUSTED] ]
10-13 09:26:08.077: I/Exchange(4953): Accounts changed - requesting FolderSync for unsynced accounts
10-13 09:26:08.078: I/BroadcastQueue(1720): Delay finish: com.google.android.gm/.AccountsChangedReceiver
10-13 09:26:08.079: I/BroadcastQueue(1720): Resuming delayed broadcast
10-13 09:26:08.080: I/GmailIS(4904): Receive LOGIN_ACCOUNTS_CHANGED intent: Intent { act=android.accounts.LOGIN_ACCOUNTS_CHANGED flg=0x4000010 cmp=com.google.android.gm/.GmailIntentService }
10-13 09:26:08.081: I/BroadcastQueue(1720): Delay finish: com.google.android.gm/com.android.email.service.EmailBroadcastReceiver
10-13 09:26:08.082: I/Gmail(4904): System accounts updated.
10-13 09:26:08.084: I/BroadcastQueue(1720): Resuming delayed broadcast
10-13 09:26:08.087: I/BroadcastQueue(1720): Delay finish: com.google.android.youtube/com.google.android.libraries.youtube.account.AccountsChangedReceiver
10-13 09:26:08.087: I/BroadcastQueue(1720): Resuming delayed broadcast
10-13 09:26:08.089: I/Gmail(4904): getAccountsCursor
10-13 09:26:08.089: I/Exchange(4953): EasService.onCreate
10-13 09:26:08.091: I/NotifActionUtils(4904): resendNotifications account: null, folder: null
10-13 09:26:08.091: I/Exchange(4953): RestartPingTask
10-13 09:26:08.095: I/NotifUtils(4904): resendNotifications cancelExisting: false, account: null, folder: null
10-13 09:26:08.096: I/PmtsSwAccountIntentOp(5019): Processing intent action=android.accounts.LOGIN_ACCOUNTS_CHANGED
10-13 09:26:08.096: I/PmtsSwAccountIntentOp(5019): Device isn't of sufficient API level
10-13 09:26:08.098: I/Exchange(4953): RestartPingsTask did not start any pings.
10-13 09:26:08.098: I/Exchange(4953): PSS stopIfIdle
10-13 09:26:08.098: I/Exchange(4953): PSS has no active accounts; stopping service.
10-13 09:26:08.098: I/Exchange(4953): onDestroy
10-13 09:26:08.100: I/qtaguid(5303): Failed write_ctrl(u 30) res=-1 errno=22
10-13 09:26:08.100: I/qtaguid(5303): Untagging socket 30 failed errno=-22
10-13 09:26:08.100: W/NetworkManagementSocketTagger(5303): untagSocket(30) failed with errno -22
10-13 09:26:08.106: I/HeterodyneSyncScheduler(4998): Scheduling Phenotype for a PhenotypeSyncImmediately(5, null) one off with window [1, 2] in seconds
10-13 09:26:08.107: W/WakefulBroadcastReceiver(4998): No active wake lock id #2
10-13 09:26:08.129: W/Auth(4998): [GetToken] GetToken failed with status code: INVALID_SCOPE
10-13 09:26:08.130: W/Search.LoginHelper(3892): Google auth exception for scope: oauth2:https://www.googleapis.com/auth/googlenow
10-13 09:26:08.130: W/Search.LoginHelper(3892): com.google.android.gms.auth.a: INVALID_SCOPE
10-13 09:26:08.130: W/Search.LoginHelper(3892): 	at com.google.android.gms.auth.b.a(Unknown Source)
10-13 09:26:08.130: W/Search.LoginHelper(3892): 	at com.google.android.gms.auth.b.b(Unknown Source)
10-13 09:26:08.130: W/Search.LoginHelper(3892): 	at com.google.android.gms.auth.b.a(Unknown Source)
10-13 09:26:08.130: W/Search.LoginHelper(3892): 	at com.google.android.apps.gsa.search.core.google.c.m.a(GoogleAuthAdapterImpl.java:29)
10-13 09:26:08.130: W/Search.LoginHelper(3892): 	at com.google.android.apps.gsa.search.core.google.c.k.a(FallingBackGoogleAuthAdapter.java:93)
10-13 09:26:08.130: W/Search.LoginHelper(3892): 	at com.google.android.apps.gsa.search.core.google.c.g.a(CachingGoogleAuthAdapter.java:72)
10-13 09:26:08.130: W/Search.LoginHelper(3892): 	at com.google.android.apps.gsa.search.core.google.c.n.b(LoginHelper.java:829)
10-13 09:26:08.130: W/Search.LoginHelper(3892): 	at com.google.android.apps.gsa.search.core.google.c.n$5.Pe(LoginHelper.java:715)
10-13 09:26:08.130: W/Search.LoginHelper(3892): 	at com.google.android.apps.gsa.search.core.google.c.n$5.call(LoginHelper.java:712)
10-13 09:26:08.130: W/Search.LoginHelper(3892): 	at java.util.concurrent.FutureTask.run(FutureTask.java:237)
10-13 09:26:08.130: W/Search.LoginHelper(3892): 	at java.util.concurrent.Executors$RunnableAdapter.call(Executors.java:423)
10-13 09:26:08.130: W/Search.LoginHelper(3892): 	at java.util.concurrent.FutureTask.run(FutureTask.java:237)
10-13 09:26:08.130: W/Search.LoginHelper(3892): 	at java.util.concurrent.ThreadPoolExecutor.runWorker(ThreadPoolExecutor.java:1113)
10-13 09:26:08.130: W/Search.LoginHelper(3892): 	at java.util.concurrent.ThreadPoolExecutor$Worker.run(ThreadPoolExecutor.java:588)
10-13 09:26:08.130: W/Search.LoginHelper(3892): 	at java.lang.Thread.run(Thread.java:818)
10-13 09:26:08.130: W/Search.LoginHelper(3892): 	at com.google.android.apps.gsa.shared.util.concurrent.a.q$1.run(GsaThreadFactory.java:99)
10-13 09:26:08.130: E/VelvetNetworkClient(3892): Failed to get auth token
10-13 09:26:08.138: D/Finsky(5303): [1] DeviceConfigurationHelper$1.onResponse: Received device config token CisaKQoTNDAyNzYwOTcwNjE0NDkyMDQyORISChAxNTA3OTAxMTY4MTAxODMy
10-13 09:26:08.149: D/Finsky(5303): [1] BaseWidgetProvider.onReceive: Received ACTION_APPWIDGET_UPDATE, updating 0 widgets.
10-13 09:26:08.163: D/Finsky(5303): [1] BaseWidgetProvider.onReceive: Received ACTION_APPWIDGET_UPDATE, updating 0 widgets.
10-13 09:26:08.165: D/Finsky(5303): [1] BaseWidgetProvider.onReceive: Received ACTION_APPWIDGET_UPDATE, updating 0 widgets.
10-13 09:26:08.184: I/IcingInternalCorpora(5019): Received calendar change notification.
10-13 09:26:08.187: V/GCMBroadcastReceiver(5303): onReceive: com.google.android.c2dm.intent.REGISTRATION
10-13 09:26:08.187: V/GCMBroadcastReceiver(5303): GCM IntentService class: com.android.vending.GCMIntentService
10-13 09:26:08.192: W/UdcContextManagerHelper(4998): Empty context buffer. Thus might mean that the context is not synced down.
10-13 09:26:08.192: W/UploadOptInStatusOp(4998): Empty context model while retrieving upload opt-in status!
10-13 09:26:08.197: E/ctxmgr(4998): [NetworkUtil]No active synchronizable contexts.
10-13 09:26:08.207: V/GCMBaseIntentService(5303): Acquiring wakelock
10-13 09:26:08.208: V/GCMBaseIntentService(5303): Intent service name: GCMIntentService-932144863878-1
10-13 09:26:08.209: E/GCMRegistrar(5303): internal error: retry receiver class not set yet
10-13 09:26:08.209: V/GCMRegistrar(5303): Registering receiver
10-13 09:26:08.210: D/GCMBaseIntentService(5303): handleRegistration: registrationId = APA91bE8ormY-2GGPL4FgB7dFZ5cwkdX1tjMU8ATQCC4CGNUylsylaf0TzzX5TIA186_jQaeBSaoFC35OKE_4iW0wfq4EjuInxItBJLESpTHl6eGNRmUpVhI_RIu00euwWj06ltV0ZPA, error = null, unregistered = null
10-13 09:26:08.210: D/GCMRegistrar(5303): resetting backoff for com.android.vending
10-13 09:26:08.210: V/GCMRegistrar(5303): Saving regId on app version 80420700
10-13 09:26:08.211: W/ConfigurationChimeraProvider(4998): Got null configs for com.google.android.gms.ads
10-13 09:26:08.212: V/GCMBaseIntentService(5303): Releasing wakelock
10-13 09:26:08.212: D/Finsky(5303): [1] GcmRegistrationIdHelper.uploadIfNotRegistered: Uploading GcmRegistration Id because not registered yet
10-13 09:26:08.218: W/Auth(4998): [GetToken] GetToken failed with status code: INVALID_SCOPE
10-13 09:26:08.219: W/Search.LoginHelper(3892): Google auth exception for scope: oauth2:https://www.googleapis.com/auth/googlenow
10-13 09:26:08.219: W/Search.LoginHelper(3892): com.google.android.gms.auth.a: INVALID_SCOPE
10-13 09:26:08.219: W/Search.LoginHelper(3892): 	at com.google.android.gms.auth.b.a(Unknown Source)
10-13 09:26:08.219: W/Search.LoginHelper(3892): 	at com.google.android.gms.auth.b.b(Unknown Source)
10-13 09:26:08.219: W/Search.LoginHelper(3892): 	at com.google.android.gms.auth.b.a(Unknown Source)
10-13 09:26:08.219: W/Search.LoginHelper(3892): 	at com.google.android.apps.gsa.search.core.google.c.m.a(GoogleAuthAdapterImpl.java:29)
10-13 09:26:08.219: W/Search.LoginHelper(3892): 	at com.google.android.apps.gsa.search.core.google.c.k.a(FallingBackGoogleAuthAdapter.java:93)
10-13 09:26:08.219: W/Search.LoginHelper(3892): 	at com.google.android.apps.gsa.search.core.google.c.g.a(CachingGoogleAuthAdapter.java:72)
10-13 09:26:08.219: W/Search.LoginHelper(3892): 	at com.google.android.apps.gsa.search.core.google.c.n.b(LoginHelper.java:829)
10-13 09:26:08.219: W/Search.LoginHelper(3892): 	at com.google.android.apps.gsa.search.core.google.c.n$5.Pe(LoginHelper.java:715)
10-13 09:26:08.219: W/Search.LoginHelper(3892): 	at com.google.android.apps.gsa.search.core.google.c.n$5.call(LoginHelper.java:712)
10-13 09:26:08.219: W/Search.LoginHelper(3892): 	at java.util.concurrent.FutureTask.run(FutureTask.java:237)
10-13 09:26:08.219: W/Search.LoginHelper(3892): 	at java.util.concurrent.Executors$RunnableAdapter.call(Executors.java:423)
10-13 09:26:08.219: W/Search.LoginHelper(3892): 	at java.util.concurrent.FutureTask.run(FutureTask.java:237)
10-13 09:26:08.219: W/Search.LoginHelper(3892): 	at java.util.concurrent.ThreadPoolExecutor.runWorker(ThreadPoolExecutor.java:1113)
10-13 09:26:08.219: W/Search.LoginHelper(3892): 	at java.util.concurrent.ThreadPoolExecutor$Worker.run(ThreadPoolExecutor.java:588)
10-13 09:26:08.219: W/Search.LoginHelper(3892): 	at java.lang.Thread.run(Thread.java:818)
10-13 09:26:08.219: W/Search.LoginHelper(3892): 	at com.google.android.apps.gsa.shared.util.concurrent.a.q$1.run(GsaThreadFactory.java:99)
10-13 09:26:08.219: E/VelvetNetworkClient(3892): Failed to get auth token
10-13 09:26:08.228: I/CheckinCompat(5019): Disabling old GoogleServicesFramework version
10-13 09:26:08.239: W/ConfigurationChimeraProvider(4998): Got null configs for com.google.android.gms.mdm
10-13 09:26:08.254: W/Auth(4998): [GetToken] GetToken failed with status code: INVALID_SCOPE
10-13 09:26:08.254: W/AuthSessionAuthenticato(4998): Auth related exception is being ignored: INVALID_SCOPE
10-13 09:26:08.256: W/GLSUser(4998): [DeviceKeyStore] Cannot load key: Device key file not found.
10-13 09:26:08.256: W/GLSUser(4998): [DeviceKeyStore] Cannot load key: Device key file not found.
10-13 09:26:08.259: E/ctxmgr(4998): [BaseServerTask]Server task (FetchAclSet) got error statusCode=-1.
10-13 09:26:08.259: E/ctxmgr(4998): com.android.volley.VolleyError: Unable to obtain auth token - is the device online?
10-13 09:26:08.259: E/ctxmgr(4998): 	at ciz.a(:com.google.android.gms@11519470:39)
10-13 09:26:08.259: E/ctxmgr(4998): 	at cei.run(:com.google.android.gms@11519470:2)
10-13 09:26:08.259: E/ctxmgr(4998): 	at ceg.handleMessage(:com.google.android.gms@11519470:3)
10-13 09:26:08.259: E/ctxmgr(4998): 	at mme.run(:com.google.android.gms@11519470:6)
10-13 09:26:08.259: E/ctxmgr(4998): 	at mmo.run(:com.google.android.gms@11519470:25)
10-13 09:26:08.259: E/ctxmgr(4998): 	at java.util.concurrent.ThreadPoolExecutor.runWorker(ThreadPoolExecutor.java:1113)
10-13 09:26:08.259: E/ctxmgr(4998): 	at java.util.concurrent.ThreadPoolExecutor$Worker.run(ThreadPoolExecutor.java:588)
10-13 09:26:08.259: E/ctxmgr(4998): 	at mrv.run(:com.google.android.gms@11519470)
10-13 09:26:08.259: E/ctxmgr(4998): 	at java.lang.Thread.run(Thread.java:818)
10-13 09:26:08.262: E/ctxmgr(4998): [AccountAclCallback]Failed Acl fetch: network status=-1
10-13 09:26:08.273: I/Authzen(4998): [AccountChangeProcessingIntentOperation] Received onHandleIntent() call: Intent { act=com.google.android.gms.auth.GOOGLE_ACCOUNT_CHANGE cat=[com.google.android.gms.auth.category.ACCOUNT_ADDED] flg=0x10 cmp=com.google.android.gms/.chimera.GmsIntentOperationService$PersistentInternalReceiver (has extras) }
10-13 09:26:08.273: I/Authzen(4998): [AccountChangeProcessingIntentOperation] Handling added account: <ELLIDED:-2109711700>
10-13 09:26:08.274: I/Auth(5019): [FRP,FrpUpdateIntentOperation] Frp is not supported for this device / user
10-13 09:26:08.277: D/Finsky(5303): [1] BaseWidgetProvider.onReceive: Received ACTION_APPWIDGET_UPDATE, updating 0 widgets.
10-13 09:26:08.278: I/GCoreUlr(4998): Starting service, intent=Intent { act=com.google.android.location.reporting.ACTION_UPDATE_WORLD cmp=com.google.android.gms/com.google.android.location.reporting.service.DispatchingService (has extras) }, extras=Bundle[{receiverAction=com.google.android.gms.auth.GOOGLE_ACCOUNT_CHANGE, accountsAdded=[Account {name=4A2NI7OQOTX46RNLLDCZ5QQEKA-01@cloudtestlabaccounts.com, type=com.google}]}]
10-13 09:26:08.279: D/Finsky(5303): [1] BaseWidgetProvider.onReceive: Received ACTION_APPWIDGET_UPDATE, updating 0 widgets.
10-13 09:26:08.280: D/Finsky(5303): [1] BaseWidgetProvider.onReceive: Received ACTION_APPWIDGET_UPDATE, updating 0 widgets.
10-13 09:26:08.282: I/EventLogChimeraService(5019): Accumulating logs since 1507900410153
10-13 09:26:08.293: I/qtaguid(5303): Failed write_ctrl(u 30) res=-1 errno=22
10-13 09:26:08.293: I/qtaguid(5303): Untagging socket 30 failed errno=-22
10-13 09:26:08.293: W/NetworkManagementSocketTagger(5303): untagSocket(30) failed with errno -22
10-13 09:26:08.293: I/Authzen(4998): [SyncManager] Sync requested for event 100, account 4A2NI7OQOTX46RNLLDCZ5QQEKA-01@cloudtestlabaccounts.com, and components 3, with reason 7
10-13 09:26:08.293: I/Authzen(4998): [SyncManager] Triggering AuthZen registration...
10-13 09:26:08.296: I/Authzen(4998): [RegistrationManager] Fetching signing key...
10-13 09:26:08.298: W/Auth(4998): [GetToken] GetToken failed with status code: INVALID_SCOPE
10-13 09:26:08.298: W/Search.LoginHelper(3892): Google auth exception for scope: oauth2:https://www.googleapis.com/auth/googlenow
10-13 09:26:08.298: W/Search.LoginHelper(3892): com.google.android.gms.auth.a: INVALID_SCOPE
10-13 09:26:08.298: W/Search.LoginHelper(3892): 	at com.google.android.gms.auth.b.a(Unknown Source)
10-13 09:26:08.298: W/Search.LoginHelper(3892): 	at com.google.android.gms.auth.b.b(Unknown Source)
10-13 09:26:08.298: W/Search.LoginHelper(3892): 	at com.google.android.gms.auth.b.a(Unknown Source)
10-13 09:26:08.298: W/Search.LoginHelper(3892): 	at com.google.android.apps.gsa.search.core.google.c.m.a(GoogleAuthAdapterImpl.java:29)
10-13 09:26:08.298: W/Search.LoginHelper(3892): 	at com.google.android.apps.gsa.search.core.google.c.k.a(FallingBackGoogleAuthAdapter.java:93)
10-13 09:26:08.298: W/Search.LoginHelper(3892): 	at com.google.android.apps.gsa.search.core.google.c.g.a(CachingGoogleAuthAdapter.java:72)
10-13 09:26:08.298: W/Search.LoginHelper(3892): 	at com.google.android.apps.gsa.search.core.google.c.n.b(LoginHelper.java:829)
10-13 09:26:08.298: W/Search.LoginHelper(3892): 	at com.google.android.apps.gsa.search.core.google.c.n$5.Pe(LoginHelper.java:715)
10-13 09:26:08.298: W/Search.LoginHelper(3892): 	at com.google.android.apps.gsa.search.core.google.c.n$5.call(LoginHelper.java:712)
10-13 09:26:08.298: W/Search.LoginHelper(3892): 	at java.util.concurrent.FutureTask.run(FutureTask.java:237)
10-13 09:26:08.298: W/Search.LoginHelper(3892): 	at java.util.concurrent.Executors$RunnableAdapter.call(Executors.java:423)
10-13 09:26:08.298: W/Search.LoginHelper(3892): 	at java.util.concurrent.FutureTask.run(FutureTask.java:237)
10-13 09:26:08.298: W/Search.LoginHelper(3892): 	at java.util.concurrent.ThreadPoolExecutor.runWorker(ThreadPoolExecutor.java:1113)
10-13 09:26:08.298: W/Search.LoginHelper(3892): 	at java.util.concurrent.ThreadPoolExecutor$Worker.run(ThreadPoolExecutor.java:588)
10-13 09:26:08.298: W/Search.LoginHelper(3892): 	at java.lang.Thread.run(Thread.java:818)
10-13 09:26:08.298: W/Search.LoginHelper(3892): 	at com.google.android.apps.gsa.shared.util.concurrent.a.q$1.run(GsaThreadFactory.java:99)
10-13 09:26:08.298: E/VelvetNetworkClient(3892): Failed to get auth token
10-13 09:26:08.300: I/Authzen(4998): [KeyService] Creating new signing Keys for handle: device_key
10-13 09:26:08.302: I/Authzen(4998): [SqliteKeyStorage] Adding new credential
10-13 09:26:08.305: I/Authzen(4998): [RegistrationManager] Signing key fetched successfully!
10-13 09:26:08.337: D/Finsky(5303): [362] FinskyExperiments.setTargets: Process stable target turned on mid-process: 12602374
10-13 09:26:08.337: D/Finsky(5303): [362] ExperimentsChangeHandler.triggerRunOnApplicationClose: Application close deferrer set because of stale process stable experiments
10-13 09:26:08.340: I/Authzen(4998): [RegistrationManager] Starting Enrollment...
10-13 09:26:08.376: I/GCoreUlr(4998): WorldUpdater received intent Intent { act=com.google.android.location.reporting.ACTION_UPDATE_WORLD cmp=com.google.android.gms/com.google.android.location.reporting.service.DispatchingService (has extras) } with receiverAction com.google.android.gms.auth.GOOGLE_ACCOUNT_CHANGE
10-13 09:26:08.387: D/Finsky(5303): [1] DailyHygiene.onStartCommand: Beginning daily hygiene
10-13 09:26:08.387: D/Finsky(5303): [1] GcmRegistrationIdHelper.uploadIfNotRegistered: Uploading GcmRegistration Id because not registered yet
10-13 09:26:08.393: W/UdcContextManagerHelper(4998): Empty context buffer. Thus might mean that the context is not synced down.
10-13 09:26:08.393: W/UploadOptInStatusOp(4998): Empty context model while retrieving upload opt-in status!
10-13 09:26:08.400: E/ctxmgr(4998): [NetworkUtil]No active synchronizable contexts.
10-13 09:26:08.404: I/GCoreUlr(4998): AutoEnableManager setIneligible for account#-10#
10-13 09:26:08.429: I/qtaguid(5303): Failed write_ctrl(u 30) res=-1 errno=22
10-13 09:26:08.429: I/qtaguid(5303): Untagging socket 30 failed errno=-22
10-13 09:26:08.429: W/NetworkManagementSocketTagger(5303): untagSocket(30) failed with errno -22
10-13 09:26:08.430: D/Finsky(5303): [1] SelfUpdateScheduler.checkForSelfUpdate: Starting DFE self-update from local version [80420700] to server version [80834200]
10-13 09:26:08.430: I/GCoreUlr(4998): WorldUpdater:com.google.android.gms.auth.GOOGLE_ACCOUNT_CHANGE: Ensuring that reporting is stopped because of reasons: {account#-10#=[InactiveReason{mIdentifier=6, mName='ReportingNotEnabled'}, InactiveReason{mIdentifier=14, mName='HistoryNotEnabled'}]}
10-13 09:26:08.450: W/com.google.a.a.b.d.a(5455): Application name is not set. Call Builder#setApplicationName.
10-13 09:26:08.454: D/BluetoothManagerService(1720): Added callback: android.bluetooth.IBluetoothManagerCallback$Stub$Proxy@a6ec18e:true
10-13 09:26:08.454: I/ActivityManager(1720): Start proc 5698:com.google.android.gms:car/u0a10 for service com.google.android.gms/.car.CarService
10-13 09:26:08.457: W/Auth(4998): [GetToken] GetToken failed with status code: INVALID_SCOPE
10-13 09:26:08.457: E/Authzen(4998): [RegistrationManager] Failed to do enrollment for account: <ELLIDED:-2125099270>
10-13 09:26:08.462: I/GCoreUlr(4998): Unbound from all location providers
10-13 09:26:08.462: I/GCoreUlr(4998): Place inference reporting - stop
10-13 09:26:08.462: I/Authzen(4998): [exw] Syncing data for account <ELLIDED:-2125099270>
10-13 09:26:08.464: I/GCoreUlr(4998): Unregistering for aliased place alerts.
10-13 09:26:08.478: I/GCoreUlr(4998): DispatchingService.onDestroy()
10-13 09:26:08.492: I/qtaguid(5303): Failed write_ctrl(u 30) res=-1 errno=22
10-13 09:26:08.492: I/qtaguid(5303): Untagging socket 30 failed errno=-22
10-13 09:26:08.492: W/NetworkManagementSocketTagger(5303): untagSocket(30) failed with errno -22
10-13 09:26:08.493: D/Finsky(5303): [1] SelfUpdateScheduler.checkForSelfUpdate: Skipping DFE self-update check as there is an update already queued.
10-13 09:26:08.498: I/GCoreUlr(4998): Stopping handler for UlrDispSvcFast
10-13 09:26:08.500: I/GCoreUlr(4998): Unbound from all location providers
10-13 09:26:08.500: I/GCoreUlr(4998): Place inference reporting - stop
10-13 09:26:08.500: I/GCoreUlr(4998): Unregistering for aliased place alerts.
10-13 09:26:08.505: I/ProcessCheckinRequest(5019): Get token from PseudonymousIdApi: 114=t7jL_2K685_QG99_3GGaLBdH3x2X1q17w9L5sE-Vy8xjRJWC6lArGvYYilUFBk8pKInaBrRo83JG-g9oBxAaKgt3MITtyw5I5go7mt-APJWNW_BBI8puvA7pvMAQNxpj
