10-13 09:26:55.732: I/System(6951): 	at android.app.Instrumentation$InstrumentationThread.run(Instrumentation.java:1879)
10-13 09:26:55.744: I/System.out(6907): INFO: onBind
10-13 09:26:55.745: I/System.out(6907): Current launcher Package Name: com.android.launcher3
10-13 09:26:55.746: I/System.out(6907): INFO: Crawl guidance file does not exist.
10-13 09:26:55.747: I/System.out(6907): INFO: Robo script file is absent.
10-13 09:26:55.747: I/System.out(6907): INFO: Received 0 Robo script actions.
10-13 09:26:55.748: I/System.out(6907): INFO: RandomSeed of 1234 used in crawler.
10-13 09:26:55.748: I/System.out(6907): INFO: Depth First Search Crawler Strategy Employed.
10-13 09:26:55.753: I/System.out(6907): INFO: Platform is ready.
10-13 09:26:55.754: I/System.out(6907): WARNING: Current package [INITIAL_SCREEN_PACKAGE_NAME] is out of whitelisted packages
10-13 09:26:55.754: I/System.out(6907): INFO: New Screen: Optional.of(ScreenNode {Id=0, PackageName=INITIAL_SCREEN_PACKAGE_NAME, ActivityName=Optional.absent()})
10-13 09:26:55.754: I/LogcatReader(6907): Executing logcat command: /system/bin/logcat -v time *:V
10-13 09:26:55.769: D/MonitoringInstr(6951): execStartActivity(context, ibinder, ibinder, activity, intent, int, bundle
10-13 09:26:55.769: I/ActivityManager(1720): START u0 {act=android.intent.action.MAIN cat=[android.intent.category.LAUNCHER] flg=0x14000000 pkg=org.gnucash.android cmp=org.gnucash.android/.ui.account.AccountsActivity} from uid 10084 on display 0
10-13 09:26:55.785: I/GceGrallocRegionRegistry(1337): Mapped gralloc-1337.42 hnd=0xb212d640 fd=41 base=0xb28d0000 format=RGBA_8888(0x1) width=504 height=504
10-13 09:26:55.785: I/GceGrallocRegionRegistry(1720): Mapped gralloc-1337.42 hnd=0x976112c0 fd=178 base=0x9af7e000 format=RGBA_8888(0x1) width=504 height=504
10-13 09:26:55.785: I/GceGrallocRegionRegistry(1337): Unmapped gralloc-1337.42 hnd=0xb212d640 fd=41 base=0xb28d0000
10-13 09:26:55.786: I/GceGrallocRegionRegistry(1337): Mapped gralloc-1337.42 hnd=0xb212d1c0 fd=42 base=0xb28d0000 format=RGBA_8888(0x1) width=504 height=504
10-13 09:26:55.777: I/Binder_2(1720): type=1400 audit(0.0:211): avc: denied { read } for path=2F6465762F6173686D656D2F6772616C6C6F632D313333372E3432202864656C6574656429 dev="tmpfs" ino=40271 scontext=u:r:system_server:s0 tcontext=u:object_r:surfaceflinger_tmpfs:s0 tclass=file permissive=1
10-13 09:26:55.818: I/GceGrallocRegionRegistry(1720): Unmapped gralloc-1337.42 hnd=0x976112c0 fd=178 base=0x9af7e000
10-13 09:26:55.836: I/GceGrallocRegionRegistry(1337): Unmapped gralloc-1337.42 hnd=0xb212d1c0 fd=42 base=0xb28d0000
10-13 09:26:55.854: I/GceGrallocRegionRegistry(1337): Mapped gralloc-1337.43 hnd=0xb1193000 fd=31 base=0xb1606000 format=RGBA_8888(0x1) width=1080 height=1920
10-13 09:26:55.854: I/GceGrallocRegionRegistry(1720): Mapped gralloc-1337.43 hnd=0x94a78980 fd=113 base=0x9b806000 format=RGBA_8888(0x1) width=1080 height=1920
10-13 09:26:55.858: D/LifecycleMonitor(6951): Lifecycle status change: org.gnucash.android.ui.account.AccountsActivity@f45aa62 in: PRE_ON_CREATE
10-13 09:26:55.860: W/art(6951): Before Android 4.1, method android.graphics.PorterDuffColorFilter android.support.graphics.drawable.VectorDrawableCompat.updateTintFilter(android.graphics.PorterDuffColorFilter, android.content.res.ColorStateList, android.graphics.PorterDuff$Mode) would have incorrectly overridden the package-private method in android.graphics.drawable.Drawable
10-13 09:26:55.903: I/GceGrallocRegionRegistry(5105): Unmapped gralloc-1337.39 hnd=0xada4f500 fd=27 base=0x9c537000
10-13 09:26:55.903: I/GceGrallocRegionRegistry(5105): Unmapped gralloc-1337.40 hnd=0xada4f4c0 fd=26 base=0x9ccba000
10-13 09:26:55.904: I/GceGrallocRegionRegistry(5105): Unmapped gralloc-1337.41 hnd=0xada4f440 fd=24 base=0x9d43d000
10-13 09:26:55.904: I/GceGrallocRegionRegistry(1337): Unmapped gralloc-1337.41 hnd=0xb6dd4240 fd=37 base=0xaddfa000
10-13 09:26:55.909: I/GceGrallocRegionRegistry(1337): Unmapped gralloc-1337.40 hnd=0xb6dd40c0 fd=32 base=0xae57d000
10-13 09:26:55.978: D/MonitoringInstr(6951): execStartActivity(context, ibinder, ibinder, activity, intent, int, bundle
10-13 09:26:55.978: I/ActivityManager(1720): START u0 {cmp=org.gnucash.android/.ui.wizard.FirstRunWizardActivity} from uid 10084 on display 0
10-13 09:26:56.457: E/Fabric(6951): Failed to retrieve settings from https://settings.crashlytics.com/spi/v2/platforms/android/apps/org.gnucash.android/settings
10-13 09:26:56.468: E/Answers(6951): Failed to retrieve settings
10-13 09:26:56.644: W/art(1720): Long monitor contention event with owner method=int com.android.server.am.ActivityStackSupervisor.startActivityMayWait(android.app.IApplicationThread, int, java.lang.String, android.content.Intent, java.lang.String, android.service.voice.IVoiceInteractionSession, com.android.internal.app.IVoiceInteractor, android.os.IBinder, java.lang.String, int, int, android.app.ProfilerInfo, android.app.IActivityManager$WaitResult, android.content.res.Configuration, android.os.Bundle, boolean, int, android.app.IActivityContainer, com.android.server.am.TaskRecord) from ActivityStackSupervisor.java:946 waiters=0 for 559ms
10-13 09:26:56.650: W/art(1720): Long monitor contention event with owner method=int com.android.server.am.ActivityStackSupervisor.startActivityMayWait(android.app.IApplicationThread, int, java.lang.String, android.content.Intent, java.lang.String, android.service.voice.IVoiceInteractionSession, com.android.internal.app.IVoiceInteractor, android.os.IBinder, java.lang.String, int, int, android.app.ProfilerInfo, android.app.IActivityManager$WaitResult, android.content.res.Configuration, android.os.Bundle, boolean, int, android.app.IActivityContainer, com.android.server.am.TaskRecord) from ActivityStackSupervisor.java:946 waiters=1 for 300ms
10-13 09:26:56.653: D/LifecycleMonitor(6951): Lifecycle status change: org.gnucash.android.ui.account.AccountsActivity@f45aa62 in: CREATED
10-13 09:26:56.655: D/LifecycleMonitor(6951): Lifecycle status change: org.gnucash.android.ui.wizard.FirstRunWizardActivity@f917821 in: PRE_ON_CREATE
10-13 09:26:56.656: E/GnuCash(6951): Unsupported ISO 3166 country: es
10-13 09:26:56.667: D/LifecycleMonitor(6951): Lifecycle status change: org.gnucash.android.ui.wizard.FirstRunWizardActivity@f917821 in: CREATED
10-13 09:26:56.667: D/LifecycleMonitor(6951): Lifecycle status change: org.gnucash.android.ui.wizard.FirstRunWizardActivity@f917821 in: STARTED
10-13 09:26:56.667: D/LifecycleMonitor(6951): Lifecycle status change: org.gnucash.android.ui.wizard.FirstRunWizardActivity@f917821 in: RESUMED
10-13 09:26:56.694: W/SurfaceFlinger(1337): couldn't log to binary event log: overflow.
10-13 09:26:56.694: I/GceGrallocRegionRegistry(1337): Unmapped gralloc-1337.39 hnd=0xb6dd4900 fd=30 base=0xaf53d000
10-13 09:26:56.697: I/Binder_5(1337): type=1400 audit(0.0:212): avc: denied { ioctl } for path="socket:[40447]" dev="sockfs" ino=40447 ioctlcmd=7704 scontext=u:r:surfaceflinger:s0 tcontext=u:r:surfaceflinger:s0 tclass=unix_stream_socket permissive=1
10-13 09:26:56.754: I/Remoter(1331): Saved screenshot to '/data/screenshots/__pmv__-0127.jpg'
10-13 09:26:56.697: I/Binder_5(1337): type=1400 audit(0.0:213): avc: denied { ioctl } for path="socket:[40447]" dev="sockfs" ino=40447 ioctlcmd=7704 scontext=u:r:surfaceflinger:s0 tcontext=u:r:surfaceflinger:s0 tclass=unix_stream_socket permissive=1
10-13 09:26:56.773: D/OpenGLRenderer(6951): Use EGL_SWAP_BEHAVIOR_PRESERVED: true
10-13 09:26:56.778: I/GceGrallocRegionRegistry(6951): Mapped gralloc-1337.5 hnd=0x9d922380 fd=44 base=0x9c5ff000 format=RGBA_8888(0x1) width=832 height=2048
10-13 09:26:56.757: I/Binder_3(1337): type=1400 audit(0.0:214): avc: denied { ioctl } for path="socket:[39728]" dev="sockfs" ino=39728 ioctlcmd=7704 scontext=u:r:surfaceflinger:s0 tcontext=u:r:surfaceflinger:s0 tclass=unix_stream_socket permissive=1
10-13 09:26:56.757: I/Binder_3(1337): type=1400 audit(0.0:215): avc: denied { ioctl } for path="socket:[39728]" dev="sockfs" ino=39728 ioctlcmd=7704 scontext=u:r:surfaceflinger:s0 tcontext=u:r:surfaceflinger:s0 tclass=unix_stream_socket permissive=1
10-13 09:26:56.777: I/Binder_4(1720): type=1400 audit(0.0:216): avc: denied { ioctl } for path="socket:[39736]" dev="sockfs" ino=39736 ioctlcmd=7704 scontext=u:r:system_server:s0 tcontext=u:r:system_server:s0 tclass=unix_stream_socket permissive=1
10-13 09:26:56.777: I/Binder_4(1720): type=1400 audit(0.0:217): avc: denied { ioctl } for path="socket:[39736]" dev="sockfs" ino=39736 ioctlcmd=7704 scontext=u:r:system_server:s0 tcontext=u:r:system_server:s0 tclass=unix_stream_socket permissive=1
10-13 09:26:56.893: I/OpenGLRenderer(6951): Initialized EGL, version 1.4
10-13 09:26:56.896: I/GceGrallocRegionRegistry(1337): Mapped gralloc-1337.44 hnd=0xb0f3c000 fd=30 base=0xae506000 format=RGBA_8888(0x1) width=1080 height=1920
10-13 09:26:56.896: I/GceGrallocRegionRegistry(1337): Mapped gralloc-1337.45 hnd=0xb0f3c040 fd=40 base=0xadd0c000 format=RGBA_8888(0x1) width=1080 height=1920
10-13 09:26:56.896: I/GceGrallocRegionRegistry(1337): Mapped gralloc-1337.46 hnd=0xb0f3c080 fd=41 base=0xad512000 format=RGBA_8888(0x1) width=1080 height=1920
10-13 09:26:57.392: I/GceGrallocRegionRegistry(6951): Mapped gralloc-1337.46 hnd=0x9ce30480 fd=46 base=0x99a06000 format=RGBA_8888(0x1) width=1080 height=1920
10-13 09:26:57.404: I/ActivityManager(1720): Displayed org.gnucash.android/.ui.wizard.FirstRunWizardActivity: +750ms (total +1s554ms)
10-13 09:26:57.428: I/Keyboard.Facilitator(2025): onFinishInput()
10-13 09:26:57.397: I/Binder_B(1720): type=1400 audit(0.0:218): avc: denied { ioctl } for path="socket:[40593]" dev="sockfs" ino=40593 ioctlcmd=7704 scontext=u:r:system_server:s0 tcontext=u:r:system_server:s0 tclass=unix_stream_socket permissive=1
10-13 09:26:57.397: I/Binder_B(1720): type=1400 audit(0.0:219): avc: denied { ioctl } for path="socket:[40593]" dev="sockfs" ino=40593 ioctlcmd=7704 scontext=u:r:system_server:s0 tcontext=u:r:system_server:s0 tclass=unix_stream_socket permissive=1
10-13 09:26:57.407: I/Binder_9(1720): type=1400 audit(0.0:220): avc: denied { ioctl } for path="socket:[40592]" dev="sockfs" ino=40592 ioctlcmd=7704 scontext=u:r:system_server:s0 tcontext=u:r:system_server:s0 tclass=unix_stream_socket permissive=1
10-13 09:26:57.512: I/GceGrallocRegionRegistry(6951): Mapped gralloc-1337.45 hnd=0x9ce30500 fd=48 base=0x9920c000 format=RGBA_8888(0x1) width=1080 height=1920
10-13 09:26:57.407: I/Binder_9(1720): type=1400 audit(0.0:221): avc: denied { ioctl } for path="socket:[40592]" dev="sockfs" ino=40592 ioctlcmd=7704 scontext=u:r:system_server:s0 tcontext=u:r:system_server:s0 tclass=unix_stream_socket permissive=1
10-13 09:26:57.536: D/InputManagerEventInjectionStrategy(6951): Creating injection strategy with input manager.
10-13 09:26:57.540: I/ViewInteraction(6951): Performing 'Extracts screen state.' action on view is a root view.
10-13 09:26:57.542: W/ResourceType(6951): No known package when getting name for resource number 0xffffffff
10-13 09:26:57.602: W/ResourceType(6951): No known package when getting name for resource number 0xffffffff
10-13 09:26:57.603: W/ResourceType(6951): No known package when getting name for resource number 0xffffffff
10-13 09:26:57.652: W/ResourceType(6951): No known package when getting name for resource number 0xffffffff
10-13 09:26:57.653: W/ResourceType(6951): No known package when getting name for resource number 0xffffffff
10-13 09:26:57.653: W/ResourceType(6951): No known package when getting name for resource number 0xffffffff
10-13 09:26:57.657: W/ResourceType(6951): No known package when getting name for resource number 0xffffffff
10-13 09:26:57.680: W/ResourceType(6951): No known package when getting name for resource number 0xffffffff
10-13 09:26:57.680: W/ResourceType(6951): No known package when getting name for resource number 0xffffffff
10-13 09:26:57.686: W/ResourceType(6951): No known package when getting name for resource number 0xffffffff
10-13 09:26:57.686: W/ResourceType(6951): No known package when getting name for resource number 0xffffffff
10-13 09:26:57.704: W/ResourceType(6951): No known package when getting name for resource number 0xffffffff
10-13 09:26:57.724: I/GceGrallocRegionRegistry(1337): Mapped gralloc-1337.47 hnd=0xb212d000 fd=44 base=0xacd18000 format=RGBA_8888(0x1) width=1080 height=1920
10-13 09:26:57.725: I/GceGrallocRegionRegistry(6937): Mapped gralloc-1337.47 hnd=0xb3fbf380 fd=11 base=0xacbc6000 format=RGBA_8888(0x1) width=1080 height=1920
10-13 09:26:57.725: I/GceGrallocRegionRegistry(1337): Unmapped gralloc-1337.47 hnd=0xb212d000 fd=44 base=0xacd18000
10-13 09:26:57.725: I/GceGrallocRegionRegistry(1337): Mapped gralloc-1337.47 hnd=0xb0f3c100 fd=45 base=0xacd18000 format=RGBA_8888(0x1) width=1080 height=1920
10-13 09:26:57.812: I/GceGrallocRegionRegistry(1720): Unmapped gralloc-1337.43 hnd=0x94a78980 fd=113 base=0x9b806000
10-13 09:26:57.820: D/LifecycleMonitor(6951): Lifecycle status change: org.gnucash.android.ui.account.AccountsActivity@f45aa62 in: DESTROYED
10-13 09:26:57.823: I/System.out(6907): INFO: New Screen: Optional.of(ScreenNode {Id=1, PackageName=org.gnucash.android, ActivityName=Optional.of(org.gnucash.android.ui.wizard.FirstRunWizardActivity)})
10-13 09:26:57.828: I/GceGrallocRegionRegistry(1337): Unmapped gralloc-1337.47 hnd=0xb0f3c100 fd=45 base=0xacd18000
10-13 09:26:57.865: I/GceGrallocRegionRegistry(1337): Unmapped gralloc-1337.43 hnd=0xb1193000 fd=31 base=0xb1606000
10-13 09:26:57.976: I/Remoter(1331): Saved screenshot to '/data/screenshots/__pmv__-0128.jpg'
10-13 09:26:58.092: I/System.out(6907): INFO: Finished all Robo script actions
10-13 09:26:58.100: W/ResourceType(6951): No package identifier when getting name for resource number 0x00000001
10-13 09:26:58.100: W/ResourceType(6951): No package identifier when getting name for resource number 0x00000001
10-13 09:26:58.101: W/ResourceType(6951): No package identifier when getting name for resource number 0x00000001
10-13 09:26:58.101: W/ResourceType(6951): No package identifier when getting name for resource number 0x00000001
10-13 09:26:58.101: I/ViewInteraction(6951): Performing 'fast swipe' action on view (with class name: is "android.support.v4.view.ViewPager" and with id: org.gnucash.android:id/pager and is a child at 1th index of the matching parent: (with class name: is "android.widget.LinearLayout" and with id: 1 (resource name not found) and is a child at 0th index of the matching parent: (with class name: is "android.support.v7.widget.ContentFrameLayout" and with id: android:id/content and is a child at 0th index of the matching parent: (with class name: is "android.support.v7.widget.ActionBarOverlayLayout" and with id: org.gnucash.android:id/decor_content_parent and is a child at 0th index of the matching parent: (with class name: is "android.widget.FrameLayout" and with id: 1 (resource name not found) and is a child at 1th index of the matching parent: (with class name: is "android.widget.LinearLayout" and with id: 1 (resource name not found) and is a child at 0th index of the matching parent: (with class name: is "com.android.internal.policy.PhoneWindow$DecorView" and with id: 1 (resource name not found) and is a root view.)))))))
10-13 09:26:58.117: I/GceLights(1720): set_light: dev 0xaf334f20 state 0x9dadc3e4
10-13 09:26:58.117: I/GceLights(1720): set_light: state value -15921907
10-13 09:26:58.140: I/GceLights(1720): set_light: dev 0xaf334f20 state 0x9dadc3e4
10-13 09:26:58.140: I/GceLights(1720): set_light: state value -15724528
10-13 09:26:58.151: I/GceLights(1720): set_light: dev 0xaf334f20 state 0x9dadc3e4
10-13 09:26:58.151: I/GceLights(1720): set_light: state value -15461356
10-13 09:26:58.167: I/GceLights(1720): set_light: dev 0xaf334f20 state 0x9dadc3e4
10-13 09:26:58.167: I/GceLights(1720): set_light: state value -15263977
10-13 09:26:58.183: I/GceGrallocRegionRegistry(6951): Mapped gralloc-1337.44 hnd=0x9ce30b80 fd=36 base=0x98808000 format=RGBA_8888(0x1) width=1080 height=1920
10-13 09:26:58.184: I/GceLights(1720): set_light: dev 0xaf334f20 state 0x9dadc3e4
10-13 09:26:58.184: I/GceLights(1720): set_light: state value -15066598
10-13 09:26:58.205: I/GceLights(1720): set_light: dev 0xaf334f20 state 0x9dadc3e4
10-13 09:26:58.205: I/GceLights(1720): set_light: state value -14803426
10-13 09:26:58.218: I/GceLights(1720): set_light: dev 0xaf334f20 state 0x9dadc3e4
10-13 09:26:58.218: I/GceLights(1720): set_light: state value -14606047
10-13 09:26:58.234: I/GceLights(1720): set_light: dev 0xaf334f20 state 0x9dadc3e4
10-13 09:26:58.234: I/GceLights(1720): set_light: state value -14408668
10-13 09:26:58.260: I/GceLights(1720): set_light: dev 0xaf334f20 state 0x9dadc3e4
10-13 09:26:58.260: I/GceLights(1720): set_light: state value -14145496
10-13 09:26:58.268: I/GceLights(1720): set_light: dev 0xaf334f20 state 0x9dadc3e4
10-13 09:26:58.268: I/GceLights(1720): set_light: state value -13948117
10-13 09:26:58.285: I/GceLights(1720): set_light: dev 0xaf334f20 state 0x9dadc3e4
10-13 09:26:58.285: I/GceLights(1720): set_light: state value -13750738
10-13 09:26:58.304: I/GceLights(1720): set_light: dev 0xaf334f20 state 0x9dadc3e4
10-13 09:26:58.304: I/GceLights(1720): set_light: state value -13487566
10-13 09:26:58.318: I/GceLights(1720): set_light: dev 0xaf334f20 state 0x9dadc3e4
10-13 09:26:58.318: I/GceLights(1720): set_light: state value -13290187
10-13 09:26:58.335: I/GceLights(1720): set_light: dev 0xaf334f20 state 0x9dadc3e4
10-13 09:26:58.335: I/GceLights(1720): set_light: state value -13092808
10-13 09:26:58.352: I/GceLights(1720): set_light: dev 0xaf334f20 state 0x9dadc3e4
10-13 09:26:58.352: I/GceLights(1720): set_light: state value -12829636
10-13 09:26:58.368: I/GceLights(1720): set_light: dev 0xaf334f20 state 0x9dadc3e4
10-13 09:26:58.368: I/GceLights(1720): set_light: state value -12632257
10-13 09:26:58.385: I/GceLights(1720): set_light: dev 0xaf334f20 state 0x9dadc3e4
10-13 09:26:58.385: I/GceLights(1720): set_light: state value -12434878
10-13 09:26:58.402: I/GceLights(1720): set_light: dev 0xaf334f20 state 0x9dadc3e4
10-13 09:26:58.402: I/GceLights(1720): set_light: state value -12171706
10-13 09:26:58.419: I/GceLights(1720): set_light: dev 0xaf334f20 state 0x9dadc3e4
10-13 09:26:58.419: I/GceLights(1720): set_light: state value -11974327
10-13 09:26:58.440: I/GceLights(1720): set_light: dev 0xaf334f20 state 0x9dadc3e4
10-13 09:26:58.440: I/GceLights(1720): set_light: state value -11776948
10-13 09:26:58.452: I/GceLights(1720): set_light: dev 0xaf334f20 state 0x9dadc3e4
10-13 09:26:58.452: I/GceLights(1720): set_light: state value -11513776
10-13 09:26:58.469: I/GceLights(1720): set_light: dev 0xaf334f20 state 0x9dadc3e4
10-13 09:26:58.469: I/GceLights(1720): set_light: state value -11316397
10-13 09:26:58.490: I/GceLights(1720): set_light: dev 0xaf334f20 state 0x9dadc3e4
10-13 09:26:58.490: I/GceLights(1720): set_light: state value -11119018
10-13 09:26:58.508: I/GceLights(1720): set_light: dev 0xaf334f20 state 0x9dadc3e4
10-13 09:26:58.508: I/GceLights(1720): set_light: state value -10855846
10-13 09:26:58.519: I/GceLights(1720): set_light: dev 0xaf334f20 state 0x9dadc3e4
10-13 09:26:58.519: I/GceLights(1720): set_light: state value -10658467
10-13 09:26:58.537: I/GceLights(1720): set_light: dev 0xaf334f20 state 0x9dadc3e4
10-13 09:26:58.537: I/GceLights(1720): set_light: state value -10395295
10-13 09:26:58.560: I/GceLights(1720): set_light: dev 0xaf334f20 state 0x9dadc3e4
10-13 09:26:58.560: I/GceLights(1720): set_light: state value -10197916
10-13 09:26:58.570: I/GceLights(1720): set_light: dev 0xaf334f20 state 0x9dadc3e4
10-13 09:26:58.570: I/GceLights(1720): set_light: state value -10066330
10-13 09:26:58.856: I/ViewInteraction(6951): Performing 'Extracts screen state.' action on view is a root view.
10-13 09:26:58.856: W/ResourceType(6951): No known package when getting name for resource number 0xffffffff
10-13 09:26:58.861: W/ResourceType(6951): No known package when getting name for resource number 0xffffffff
10-13 09:26:58.861: W/ResourceType(6951): No known package when getting name for resource number 0xffffffff
10-13 09:26:58.874: W/ResourceType(6951): No known package when getting name for resource number 0xffffffff
10-13 09:26:58.874: W/ResourceType(6951): No known package when getting name for resource number 0xffffffff
10-13 09:26:58.875: W/ResourceType(6951): No known package when getting name for resource number 0xffffffff
10-13 09:26:58.876: W/ResourceType(6951): No known package when getting name for resource number 0xffffffff
10-13 09:26:58.878: W/ResourceType(6951): No known package when getting name for resource number 0xffffffff
10-13 09:26:58.878: W/ResourceType(6951): No known package when getting name for resource number 0xffffffff
10-13 09:26:58.878: W/ResourceType(6951): No known package when getting name for resource number 0xffffffff
10-13 09:26:58.879: W/ResourceType(6951): No known package when getting name for resource number 0xffffffff
10-13 09:26:58.879: W/ResourceType(6951): No known package when getting name for resource number 0xffffffff
10-13 09:26:58.881: W/ResourceType(6951): No known package when getting name for resource number 0xffffffff
10-13 09:26:58.885: I/GceGrallocRegionRegistry(1337): Mapped gralloc-1337.48 hnd=0xb1193100 fd=43 base=0xb1606000 format=RGBA_8888(0x1) width=1080 height=1920
10-13 09:26:58.885: I/GceGrallocRegionRegistry(6937): Mapped gralloc-1337.48 hnd=0xb3fbf480 fd=12 base=0xac386000 format=RGBA_8888(0x1) width=1080 height=1920
10-13 09:26:58.885: I/GceGrallocRegionRegistry(1337): Unmapped gralloc-1337.48 hnd=0xb1193100 fd=43 base=0xb1606000
10-13 09:26:58.885: I/GceGrallocRegionRegistry(1337): Mapped gralloc-1337.48 hnd=0xb0f3c140 fd=44 base=0xb1606000 format=RGBA_8888(0x1) width=1080 height=1920
10-13 09:26:58.942: I/GceGrallocRegionRegistry(1337): Unmapped gralloc-1337.48 hnd=0xb0f3c140 fd=44 base=0xb1606000
10-13 09:26:58.942: I/GceGrallocRegionRegistry(6937): Unmapped gralloc-1337.47 hnd=0xb3fbf380 fd=11 base=0xacbc6000
10-13 09:26:58.995: I/System.out(6907): INFO: New Screen: Optional.of(ScreenNode {Id=2, PackageName=org.gnucash.android, ActivityName=Optional.of(org.gnucash.android.ui.wizard.FirstRunWizardActivity)})
10-13 09:26:59.024: I/art(6951): Background partial concurrent mark sweep GC freed 21641(1054KB) AllocSpace objects, 8(188KB) LOS objects, 39% free, 16MB/27MB, paused 14.414ms total 48.364ms
10-13 09:26:59.111: I/Remoter(1331): Saved screenshot to '/data/screenshots/__pmv__-0129.jpg'
10-13 09:26:59.231: W/ResourceType(6951): No package identifier when getting name for resource number 0x00000001
10-13 09:26:59.231: W/ResourceType(6951): No package identifier when getting name for resource number 0x00000001
10-13 09:26:59.231: W/ResourceType(6951): No package identifier when getting name for resource number 0x00000001
10-13 09:26:59.232: W/ResourceType(6951): No package identifier when getting name for resource number 0x00000001
10-13 09:26:59.232: W/ResourceType(6951): No package identifier when getting name for resource number 0x00000001
10-13 09:26:59.232: I/ViewInteraction(6951): Performing 'single click' action on view (with class name: is "android.support.v7.widget.AppCompatCheckedTextView" and with id: android:id/text1 and is a child at 1th index of the matching parent: (with class name: is "android.widget.ListView" and with id: android:id/list and is a child at 1th index of the matching parent: (with class name: is "android.widget.LinearLayout" and with id: 1 (resource name not found) and is a child at 1th index of the matching parent: (with class name: is "android.support.v4.view.ViewPager" and with id: org.gnucash.android:id/pager and is a child at 1th index of the matching parent: (with class name: is "android.widget.LinearLayout" and with id: 1 (resource name not found) and is a child at 0th index of the matching parent: (with class name: is "android.support.v7.widget.ContentFrameLayout" and with id: android:id/content and is a child at 0th index of the matching parent: (with class name: is "android.support.v7.widget.ActionBarOverlayLayout" and with id: org.gnucash.android:id/decor_content_parent and is a child at 0th index of the matching parent: (with class name: is "android.widget.FrameLayout" and with id: 1 (resource name not found) and is a child at 1th index of the matching parent: (with class name: is "android.widget.LinearLayout" and with id: 1 (resource name not found) and is a child at 0th index of the matching parent: (with class name: is "com.android.internal.policy.PhoneWindow$DecorView" and with id: 1 (resource name not found) and is a root view.))))))))))
10-13 09:26:59.495: D/AudioFlinger(1343): mixer(0xb4840000) throttle end: throttle time(11)
10-13 09:26:59.792: I/ViewInteraction(6951): Performing 'Extracts screen state.' action on view is a root view.
10-13 09:26:59.792: W/ResourceType(6951): No known package when getting name for resource number 0xffffffff
10-13 09:26:59.796: W/ResourceType(6951): No known package when getting name for resource number 0xffffffff
10-13 09:26:59.797: W/ResourceType(6951): No known package when getting name for resource number 0xffffffff
10-13 09:26:59.806: W/ResourceType(6951): No known package when getting name for resource number 0xffffffff
10-13 09:26:59.807: W/ResourceType(6951): No known package when getting name for resource number 0xffffffff
10-13 09:26:59.807: W/ResourceType(6951): No known package when getting name for resource number 0xffffffff
10-13 09:26:59.809: W/ResourceType(6951): No known package when getting name for resource number 0xffffffff
10-13 09:26:59.813: W/ResourceType(6951): No known package when getting name for resource number 0xffffffff
10-13 09:26:59.813: W/ResourceType(6951): No known package when getting name for resource number 0xffffffff
10-13 09:26:59.814: W/ResourceType(6951): No known package when getting name for resource number 0xffffffff
10-13 09:26:59.814: W/ResourceType(6951): No known package when getting name for resource number 0xffffffff
10-13 09:26:59.814: W/ResourceType(6951): No known package when getting name for resource number 0xffffffff
10-13 09:26:59.816: W/ResourceType(6951): No known package when getting name for resource number 0xffffffff
10-13 09:26:59.822: I/GceGrallocRegionRegistry(1337): Mapped gralloc-1337.49 hnd=0xb0f3c180 fd=43 base=0xb1606000 format=RGBA_8888(0x1) width=1080 height=1920
10-13 09:26:59.823: I/GceGrallocRegionRegistry(6937): Mapped gralloc-1337.49 hnd=0xaf42c280 fd=11 base=0xabb8c000 format=RGBA_8888(0x1) width=1080 height=1920
10-13 09:26:59.823: I/GceGrallocRegionRegistry(1337): Unmapped gralloc-1337.49 hnd=0xb0f3c180 fd=43 base=0xb1606000
10-13 09:26:59.823: I/GceGrallocRegionRegistry(1337): Mapped gralloc-1337.49 hnd=0xb0f3c100 fd=44 base=0xb1606000 format=RGBA_8888(0x1) width=1080 height=1920
10-13 09:26:59.883: I/GceGrallocRegionRegistry(1337): Unmapped gralloc-1337.49 hnd=0xb0f3c100 fd=44 base=0xb1606000
10-13 09:26:59.884: I/GceGrallocRegionRegistry(6937): Unmapped gralloc-1337.48 hnd=0xb3fbf480 fd=12 base=0xac386000
10-13 09:26:59.897: I/System.out(6907): INFO: Already Exists: Optional.of(ScreenNode {Id=2, PackageName=org.gnucash.android, ActivityName=Optional.of(org.gnucash.android.ui.wizard.FirstRunWizardActivity)})
10-13 09:26:59.916: W/ResourceType(6951): No package identifier when getting name for resource number 0x00000001
10-13 09:26:59.916: W/ResourceType(6951): No package identifier when getting name for resource number 0x00000001
10-13 09:26:59.917: W/ResourceType(6951): No package identifier when getting name for resource number 0x00000001
10-13 09:26:59.917: W/ResourceType(6951): No package identifier when getting name for resource number 0x00000001
10-13 09:26:59.917: W/ResourceType(6951): No package identifier when getting name for resource number 0x00000001
10-13 09:26:59.917: I/ViewInteraction(6951): Performing 'single click' action on view (with class name: is "android.support.v7.widget.AppCompatCheckedTextView" and with id: android:id/text1 and is a child at 3th index of the matching parent: (with class name: is "android.widget.ListView" and with id: android:id/list and is a child at 1th index of the matching parent: (with class name: is "android.widget.LinearLayout" and with id: 1 (resource name not found) and is a child at 0th index of the matching parent: (with class name: is "android.support.v4.view.ViewPager" and with id: org.gnucash.android:id/pager and is a child at 1th index of the matching parent: (with class name: is "android.widget.LinearLayout" and with id: 1 (resource name not found) and is a child at 0th index of the matching parent: (with class name: is "android.support.v7.widget.ContentFrameLayout" and with id: android:id/content and is a child at 0th index of the matching parent: (with class name: is "android.support.v7.widget.ActionBarOverlayLayout" and with id: org.gnucash.android:id/decor_content_parent and is a child at 0th index of the matching parent: (with class name: is "android.widget.FrameLayout" and with id: 1 (resource name not found) and is a child at 1th index of the matching parent: (with class name: is "android.widget.LinearLayout" and with id: 1 (resource name not found) and is a child at 0th index of the matching parent: (with class name: is "com.android.internal.policy.PhoneWindow$DecorView" and with id: 1 (resource name not found) and is a root view.))))))))))
10-13 09:27:00.075: D/AudioFlinger(1343): mixer(0xb4840000) throttle end: throttle time(1)
10-13 09:27:00.225: I/ViewInteraction(6951): Performing 'Extracts screen state.' action on view is a root view.
10-13 09:27:00.225: W/ResourceType(6951): No known package when getting name for resource number 0xffffffff
10-13 09:27:00.227: W/ResourceType(6951): No known package when getting name for resource number 0xffffffff
10-13 09:27:00.228: W/ResourceType(6951): No known package when getting name for resource number 0xffffffff
10-13 09:27:00.232: W/ResourceType(6951): No known package when getting name for resource number 0xffffffff
10-13 09:27:00.235: W/ResourceType(6951): No known package when getting name for resource number 0xffffffff
10-13 09:27:00.235: W/ResourceType(6951): No known package when getting name for resource number 0xffffffff
10-13 09:27:00.237: W/ResourceType(6951): No known package when getting name for resource number 0xffffffff
10-13 09:27:00.250: W/ResourceType(6951): No known package when getting name for resource number 0xffffffff
10-13 09:27:00.250: W/ResourceType(6951): No known package when getting name for resource number 0xffffffff
10-13 09:27:00.251: W/ResourceType(6951): No known package when getting name for resource number 0xffffffff
10-13 09:27:00.251: W/ResourceType(6951): No known package when getting name for resource number 0xffffffff
10-13 09:27:00.251: W/ResourceType(6951): No known package when getting name for resource number 0xffffffff
10-13 09:27:00.272: W/ResourceType(6951): No known package when getting name for resource number 0xffffffff
10-13 09:27:00.334: I/GceGrallocRegionRegistry(1337): Mapped gralloc-1337.50 hnd=0xb6dd4080 fd=43 base=0xb1606000 format=RGBA_8888(0x1) width=1080 height=1920
10-13 09:27:00.334: I/GceGrallocRegionRegistry(6937): Mapped gralloc-1337.50 hnd=0xaf42c440 fd=12 base=0xac386000 format=RGBA_8888(0x1) width=1080 height=1920
10-13 09:27:00.334: I/GceGrallocRegionRegistry(1337): Unmapped gralloc-1337.50 hnd=0xb6dd4080 fd=43 base=0xb1606000
10-13 09:27:00.334: I/GceGrallocRegionRegistry(1337): Mapped gralloc-1337.50 hnd=0xb0f3c140 fd=44 base=0xb1606000 format=RGBA_8888(0x1) width=1080 height=1920
10-13 09:27:00.360: I/Remoter(1331): Saved screenshot to '/data/screenshots/__pmv__-0130.jpg'
10-13 09:27:00.400: I/GceGrallocRegionRegistry(1337): Unmapped gralloc-1337.50 hnd=0xb0f3c140 fd=44 base=0xb1606000
10-13 09:27:00.402: I/GceGrallocRegionRegistry(6937): Unmapped gralloc-1337.49 hnd=0xaf42c280 fd=11 base=0xabb8c000
10-13 09:27:00.432: I/System.out(6907): INFO: Already Exists: Optional.of(ScreenNode {Id=2, PackageName=org.gnucash.android, ActivityName=Optional.of(org.gnucash.android.ui.wizard.FirstRunWizardActivity)})
10-13 09:27:00.441: W/ResourceType(6951): No package identifier when getting name for resource number 0x00000001
10-13 09:27:00.441: W/ResourceType(6951): No package identifier when getting name for resource number 0x00000001
10-13 09:27:00.442: W/ResourceType(6951): No package identifier when getting name for resource number 0x00000001
10-13 09:27:00.442: W/ResourceType(6951): No package identifier when getting name for resource number 0x00000001
10-13 09:27:00.442: W/ResourceType(6951): No package identifier when getting name for resource number 0x00000001
10-13 09:27:00.442: W/ResourceType(6951): No package identifier when getting name for resource number 0x00000001
10-13 09:27:00.443: I/ViewInteraction(6951): Performing 'single click' action on view (with class name: is "android.support.v7.widget.AppCompatButton" and with id: org.gnucash.android:id/btn_save and is a child at 1th index of the matching parent: (with class name: is "android.widget.LinearLayout" and with id: 1 (resource name not found) and is a child at 1th index of the matching parent: (with class name: is "android.widget.LinearLayout" and with id: 1 (resource name not found) and is a child at 2th index of the matching parent: (with class name: is "android.widget.LinearLayout" and with id: 1 (resource name not found) and is a child at 0th index of the matching parent: (with class name: is "android.support.v7.widget.ContentFrameLayout" and with id: android:id/content and is a child at 0th index of the matching parent: (with class name: is "android.support.v7.widget.ActionBarOverlayLayout" and with id: org.gnucash.android:id/decor_content_parent and is a child at 0th index of the matching parent: (with class name: is "android.widget.FrameLayout" and with id: 1 (resource name not found) and is a child at 1th index of the matching parent: (with class name: is "android.widget.LinearLayout" and with id: 1 (resource name not found) and is a child at 0th index of the matching parent: (with class name: is "com.android.internal.policy.PhoneWindow$DecorView" and with id: 1 (resource name not found) and is a root view.)))))))))
10-13 09:27:00.520: I/Keyboard.Facilitator(2025): onFinishInput()
10-13 09:27:00.535: D/AudioFlinger(1343): mixer(0xb4840000) throttle end: throttle time(1)
10-13 09:27:00.517: I/Binder_4(1720): type=1400 audit(0.0:222): avc: denied { ioctl } for path="socket:[40592]" dev="sockfs" ino=40592 ioctlcmd=7704 scontext=u:r:system_server:s0 tcontext=u:r:system_server:s0 tclass=unix_stream_socket permissive=1
10-13 09:27:00.517: I/Binder_4(1720): type=1400 audit(0.0:223): avc: denied { ioctl } for path="socket:[40592]" dev="sockfs" ino=40592 ioctlcmd=7704 scontext=u:r:system_server:s0 tcontext=u:r:system_server:s0 tclass=unix_stream_socket permissive=1
10-13 09:27:00.696: I/GceRil(1341): Received request 19
10-13 09:27:00.696: I/GceRil(1341): Reporting signal strength: GW=27 CDMA=-60 EVDO=-76 LTE=26
10-13 09:27:00.936: I/GceRil(1341): Received request 19
10-13 09:27:00.936: I/GceRil(1341): Reporting signal strength: GW=28 CDMA=-60 EVDO=-75 LTE=25
10-13 09:27:01.066: I/ViewInteraction(6951): Performing 'Extracts screen state.' action on view is a root view.
10-13 09:27:01.067: W/ResourceType(6951): No known package when getting name for resource number 0xffffffff
10-13 09:27:01.069: W/ResourceType(6951): No known package when getting name for resource number 0xffffffff
10-13 09:27:01.070: W/ResourceType(6951): No known package when getting name for resource number 0xffffffff
10-13 09:27:01.073: W/ResourceType(6951): No known package when getting name for resource number 0xffffffff
10-13 09:27:01.074: W/ResourceType(6951): No known package when getting name for resource number 0xffffffff
10-13 09:27:01.075: W/ResourceType(6951): No known package when getting name for resource number 0xffffffff
10-13 09:27:01.076: W/ResourceType(6951): No known package when getting name for resource number 0xffffffff
10-13 09:27:01.078: W/ResourceType(6951): No known package when getting name for resource number 0xffffffff
10-13 09:27:01.078: W/ResourceType(6951): No known package when getting name for resource number 0xffffffff
10-13 09:27:01.079: W/ResourceType(6951): No known package when getting name for resource number 0xffffffff
10-13 09:27:01.079: W/ResourceType(6951): No known package when getting name for resource number 0xffffffff
10-13 09:27:01.079: W/ResourceType(6951): No known package when getting name for resource number 0xffffffff
10-13 09:27:01.085: I/GceGrallocRegionRegistry(1337): Mapped gralloc-1337.51 hnd=0xb0f3c280 fd=43 base=0xb1606000 format=RGBA_8888(0x1) width=1080 height=1920
10-13 09:27:01.085: I/GceGrallocRegionRegistry(6937): Mapped gralloc-1337.51 hnd=0xaf42c5c0 fd=11 base=0xabb8c000 format=RGBA_8888(0x1) width=1080 height=1920
10-13 09:27:01.085: I/GceGrallocRegionRegistry(1337): Unmapped gralloc-1337.51 hnd=0xb0f3c280 fd=43 base=0xb1606000
10-13 09:27:01.086: I/GceGrallocRegionRegistry(1337): Mapped gralloc-1337.51 hnd=0xb0f3c100 fd=44 base=0xb1606000 format=RGBA_8888(0x1) width=1080 height=1920
10-13 09:27:01.140: I/GceGrallocRegionRegistry(6937): Unmapped gralloc-1337.50 hnd=0xaf42c440 fd=12 base=0xac386000
10-13 09:27:01.154: I/System.out(6907): INFO: New Screen: Optional.of(ScreenNode {Id=3, PackageName=org.gnucash.android, ActivityName=Optional.of(org.gnucash.android.ui.wizard.FirstRunWizardActivity)})
10-13 09:27:01.173: I/GceGrallocRegionRegistry(1337): Unmapped gralloc-1337.51 hnd=0xb0f3c100 fd=44 base=0xb1606000
10-13 09:27:01.321: W/ResourceType(6951): No package identifier when getting name for resource number 0x00000001
10-13 09:27:01.322: W/ResourceType(6951): No package identifier when getting name for resource number 0x00000001
10-13 09:27:01.322: W/ResourceType(6951): No package identifier when getting name for resource number 0x00000001
10-13 09:27:01.322: W/ResourceType(6951): No package identifier when getting name for resource number 0x00000001
10-13 09:27:01.322: I/ViewInteraction(6951): Performing 'fast swipe' action on view (with class name: is "android.support.v4.view.ViewPager" and with id: org.gnucash.android:id/pager and is a child at 1th index of the matching parent: (with class name: is "android.widget.LinearLayout" and with id: 1 (resource name not found) and is a child at 0th index of the matching parent: (with class name: is "android.support.v7.widget.ContentFrameLayout" and with id: android:id/content and is a child at 0th index of the matching parent: (with class name: is "android.support.v7.widget.ActionBarOverlayLayout" and with id: org.gnucash.android:id/decor_content_parent and is a child at 0th index of the matching parent: (with class name: is "android.widget.FrameLayout" and with id: 1 (resource name not found) and is a child at 1th index of the matching parent: (with class name: is "android.widget.LinearLayout" and with id: 1 (resource name not found) and is a child at 0th index of the matching parent: (with class name: is "com.android.internal.policy.PhoneWindow$DecorView" and with id: 1 (resource name not found) and is a root view.)))))))
10-13 09:27:01.690: I/Remoter(1331): Saved screenshot to '/data/screenshots/__pmv__-0131.jpg'
10-13 09:27:01.884: I/MetadataService(1331): Processed 0 update/creates for instance/attributes/
10-13 09:27:01.884: I/MetadataService(1331): Processed 0 update/creates for project/attributes/
10-13 09:27:01.877: I/gce.meta.proxy(976): type=1400 audit(0.0:224): avc: denied { create } for scontext=u:r:kernel:s0 tcontext=u:r:kernel:s0 tclass=tcp_socket permissive=1
10-13 09:27:01.877: I/gce.meta.proxy(976): type=1400 audit(0.0:225): avc: denied { name_connect } for dest=80 scontext=u:r:kernel:s0 tcontext=u:object_r:port:s0 tclass=tcp_socket permissive=1
10-13 09:27:02.169: I/Keyboard.Facilitator(2025): onFinishInput()
10-13 09:27:02.157: I/Binder_A(1720): type=1400 audit(0.0:226): avc: denied { ioctl } for path="socket:[40592]" dev="sockfs" ino=40592 ioctlcmd=7704 scontext=u:r:system_server:s0 tcontext=u:r:system_server:s0 tclass=unix_stream_socket permissive=1
10-13 09:27:02.157: I/Binder_A(1720): type=1400 audit(0.0:227): avc: denied { ioctl } for path="socket:[40592]" dev="sockfs" ino=40592 ioctlcmd=7704 scontext=u:r:system_server:s0 tcontext=u:r:system_server:s0 tclass=unix_stream_socket permissive=1
10-13 09:27:02.372: I/ViewInteraction(6951): Performing 'Extracts screen state.' action on view is a root view.
10-13 09:27:02.372: W/ResourceType(6951): No known package when getting name for resource number 0xffffffff
10-13 09:27:02.374: W/ResourceType(6951): No known package when getting name for resource number 0xffffffff
10-13 09:27:02.374: W/ResourceType(6951): No known package when getting name for resource number 0xffffffff
10-13 09:27:02.392: W/ResourceType(6951): No known package when getting name for resource number 0xffffffff
10-13 09:27:02.400: W/ResourceType(6951): No known package when getting name for resource number 0xffffffff
10-13 09:27:02.400: W/ResourceType(6951): No known package when getting name for resource number 0xffffffff
10-13 09:27:02.403: W/ResourceType(6951): No known package when getting name for resource number 0xffffffff
10-13 09:27:02.407: W/ResourceType(6951): No known package when getting name for resource number 0xffffffff
10-13 09:27:02.408: W/ResourceType(6951): No known package when getting name for resource number 0xffffffff
10-13 09:27:02.408: W/ResourceType(6951): No known package when getting name for resource number 0xffffffff
10-13 09:27:02.408: W/ResourceType(6951): No known package when getting name for resource number 0xffffffff
10-13 09:27:02.426: I/GceGrallocRegionRegistry(1337): Mapped gralloc-1337.52 hnd=0xb0f3c340 fd=43 base=0xb1606000 format=RGBA_8888(0x1) width=1080 height=1920
10-13 09:27:02.426: I/GceGrallocRegionRegistry(6937): Mapped gralloc-1337.52 hnd=0xb3f5c680 fd=12 base=0xac386000 format=RGBA_8888(0x1) width=1080 height=1920
10-13 09:27:02.426: I/GceGrallocRegionRegistry(1337): Unmapped gralloc-1337.52 hnd=0xb0f3c340 fd=43 base=0xb1606000
10-13 09:27:02.426: I/GceGrallocRegionRegistry(1337): Mapped gralloc-1337.52 hnd=0xb0f3c140 fd=44 base=0xb1606000 format=RGBA_8888(0x1) width=1080 height=1920
10-13 09:27:02.481: I/GceGrallocRegionRegistry(1337): Unmapped gralloc-1337.52 hnd=0xb0f3c140 fd=44 base=0xb1606000
10-13 09:27:02.482: I/GceGrallocRegionRegistry(6937): Unmapped gralloc-1337.51 hnd=0xaf42c5c0 fd=11 base=0xabb8c000
10-13 09:27:02.506: I/System.out(6907): INFO: New Screen: Optional.of(ScreenNode {Id=4, PackageName=org.gnucash.android, ActivityName=Optional.of(org.gnucash.android.ui.wizard.FirstRunWizardActivity)})
10-13 09:27:02.722: W/ResourceType(6951): No package identifier when getting name for resource number 0x00000001
10-13 09:27:02.722: W/ResourceType(6951): No package identifier when getting name for resource number 0x00000001
10-13 09:27:02.722: W/ResourceType(6951): No package identifier when getting name for resource number 0x00000001
10-13 09:27:02.723: W/ResourceType(6951): No package identifier when getting name for resource number 0x00000001
10-13 09:27:02.724: W/ResourceType(6951): No package identifier when getting name for resource number 0x00000001
10-13 09:27:02.724: I/ViewInteraction(6951): Performing 'single click' action on view (with class name: is "android.support.v7.widget.AppCompatCheckedTextView" and with id: android:id/text1 and is a child at 0th index of the matching parent: (with class name: is "android.widget.ListView" and with id: android:id/list and is a child at 1th index of the matching parent: (with class name: is "android.widget.LinearLayout" and with id: 1 (resource name not found) and is a child at 1th index of the matching parent: (with class name: is "android.support.v4.view.ViewPager" and with id: org.gnucash.android:id/pager and is a child at 1th index of the matching parent: (with class name: is "android.widget.LinearLayout" and with id: 1 (resource name not found) and is a child at 0th index of the matching parent: (with class name: is "android.support.v7.widget.ContentFrameLayout" and with id: android:id/content and is a child at 0th index of the matching parent: (with class name: is "android.support.v7.widget.ActionBarOverlayLayout" and with id: org.gnucash.android:id/decor_content_parent and is a child at 0th index of the matching parent: (with class name: is "android.widget.FrameLayout" and with id: 1 (resource name not found) and is a child at 1th index of the matching parent: (with class name: is "android.widget.LinearLayout" and with id: 1 (resource name not found) and is a child at 0th index of the matching parent: (with class name: is "com.android.internal.policy.PhoneWindow$DecorView" and with id: 1 (resource name not found) and is a root view.))))))))))
10-13 09:27:02.764: I/Remoter(1331): Saved screenshot to '/data/screenshots/__pmv__-0132.jpg'
10-13 09:27:02.881: W/CursorWrapperInner(5105): Cursor finalized without prior close()
10-13 09:27:02.886: I/ActivityManager(1720): Killing 5893:com.google.android.configupdater/u0a4 (adj 15): empty #17
10-13 09:27:02.935: D/AudioFlinger(1343): mixer(0xb4840000) throttle end: throttle time(1)
10-13 09:27:02.950: D/ActivityManager(1720): cleanUpApplicationRecord -- 5893
10-13 09:27:03.205: I/ViewInteraction(6951): Performing 'Extracts screen state.' action on view is a root view.
10-13 09:27:03.206: W/ResourceType(6951): No known package when getting name for resource number 0xffffffff
10-13 09:27:03.220: W/ResourceType(6951): No known package when getting name for resource number 0xffffffff
10-13 09:27:03.222: W/ResourceType(6951): No known package when getting name for resource number 0xffffffff
10-13 09:27:03.242: W/ResourceType(6951): No known package when getting name for resource number 0xffffffff
10-13 09:27:03.242: W/ResourceType(6951): No known package when getting name for resource number 0xffffffff
10-13 09:27:03.243: W/ResourceType(6951): No known package when getting name for resource number 0xffffffff
10-13 09:27:03.247: W/ResourceType(6951): No known package when getting name for resource number 0xffffffff
10-13 09:27:03.256: W/ResourceType(6951): No known package when getting name for resource number 0xffffffff
10-13 09:27:03.256: W/ResourceType(6951): No known package when getting name for resource number 0xffffffff
10-13 09:27:03.257: W/ResourceType(6951): No known package when getting name for resource number 0xffffffff
10-13 09:27:03.257: W/ResourceType(6951): No known package when getting name for resource number 0xffffffff
10-13 09:27:03.257: W/ResourceType(6951): No known package when getting name for resource number 0xffffffff
10-13 09:27:03.288: W/ResourceType(6951): No known package when getting name for resource number 0xffffffff
10-13 09:27:03.289: W/ResourceType(6951): No known package when getting name for resource number 0xffffffff
10-13 09:27:03.289: W/ResourceType(6951): No known package when getting name for resource number 0xffffffff
10-13 09:27:03.340: I/GceGrallocRegionRegistry(1337): Mapped gralloc-1337.53 hnd=0xb0f3c380 fd=43 base=0xb1606000 format=RGBA_8888(0x1) width=1080 height=1920
10-13 09:27:03.340: I/GceGrallocRegionRegistry(6937): Mapped gralloc-1337.53 hnd=0xb3fbf380 fd=11 base=0xabb8c000 format=RGBA_8888(0x1) width=1080 height=1920
10-13 09:27:03.340: I/GceGrallocRegionRegistry(1337): Unmapped gralloc-1337.53 hnd=0xb0f3c380 fd=43 base=0xb1606000
10-13 09:27:03.340: I/GceGrallocRegionRegistry(1337): Mapped gralloc-1337.53 hnd=0xb0f3c100 fd=44 base=0xb1606000 format=RGBA_8888(0x1) width=1080 height=1920
10-13 09:27:03.402: I/GceGrallocRegionRegistry(6937): Unmapped gralloc-1337.52 hnd=0xb3f5c680 fd=12 base=0xac386000
10-13 09:27:03.402: I/GceGrallocRegionRegistry(1337): Unmapped gralloc-1337.53 hnd=0xb0f3c100 fd=44 base=0xb1606000
10-13 09:27:03.434: I/System.out(6907): INFO: New Screen: Optional.of(ScreenNode {Id=5, PackageName=org.gnucash.android, ActivityName=Optional.of(org.gnucash.android.ui.wizard.FirstRunWizardActivity)})
10-13 09:27:03.938: I/Remoter(1331): Saved screenshot to '/data/screenshots/__pmv__-0133.jpg'
10-13 09:27:04.019: I/GceMetadataClient(3221): Received updated metadata.
10-13 09:27:04.023: W/ResourceType(6951): No package identifier when getting name for resource number 0x00000001
10-13 09:27:04.023: W/ResourceType(6951): No package identifier when getting name for resource number 0x00000001
10-13 09:27:04.023: W/ResourceType(6951): No package identifier when getting name for resource number 0x00000001
10-13 09:27:04.024: W/ResourceType(6951): No package identifier when getting name for resource number 0x00000001
10-13 09:27:04.024: W/ResourceType(6951): No package identifier when getting name for resource number 0x00000001
