10-16 19:59:15.465: V/NativeCrypto(4559): Registering com/google/android/gms/org/conscrypt/NativeCrypto's 259 native methods...
10-16 19:59:15.469: I/art(4559): Rejecting re-init on previously-failed class java.lang.Class<com.google.android.gms.org.conscrypt.OpenSSLExtendedSessionImpl>
10-16 19:59:15.470: I/art(4559): Rejecting re-init on previously-failed class java.lang.Class<com.google.android.gms.org.conscrypt.OpenSSLExtendedSessionImpl>
10-16 19:59:15.470: I/art(4559): Rejecting re-init on previously-failed class java.lang.Class<com.google.android.gms.org.conscrypt.OpenSSLExtendedSessionImpl>
10-16 19:59:15.476: I/ProviderInstaller(4559): Installed default security provider GmsCore_OpenSSL
10-16 19:59:15.491: I/ActivityManager(1677): Start proc 4578:com.google.android.gms.persistent/u0a9 for content provider com.google.android.gms/.phenotype.provider.ConfigurationProvider
10-16 19:59:15.501: W/ResourcesManager(4578): Asset path '/system/framework/com.android.media.remotedisplay.jar' does not exist or contains no resources.
10-16 19:59:15.501: W/ResourcesManager(4578): Asset path '/system/framework/com.android.location.provider.jar' does not exist or contains no resources.
10-16 19:59:15.515: I/LoadedApk(4578): No resource references to update in package FFFFFFFFFFFFFFFFFFFFFF
10-16 19:59:15.530: W/linker(4578): libconscrypt_gmscore_jni.so: unused DT entry: type 0x1d arg 0x91
10-16 19:59:15.530: V/NativeCrypto(4578): Registering com/google/android/gms/org/conscrypt/NativeCrypto's 259 native methods...
10-16 19:59:15.549: I/art(4578): Rejecting re-init on previously-failed class java.lang.Class<com.google.android.gms.org.conscrypt.OpenSSLExtendedSessionImpl>
10-16 19:59:15.549: I/art(4578): Rejecting re-init on previously-failed class java.lang.Class<com.google.android.gms.org.conscrypt.OpenSSLExtendedSessionImpl>
10-16 19:59:15.551: I/art(4578): Rejecting re-init on previously-failed class java.lang.Class<com.google.android.gms.org.conscrypt.OpenSSLExtendedSessionImpl>
10-16 19:59:15.554: I/DynamiteModule(4578): Considering local module com.google.android.gms.googlecertificates:4 and remote module com.google.android.gms.googlecertificates:4
10-16 19:59:15.554: I/DynamiteModule(4578): Selected local version of com.google.android.gms.googlecertificates
10-16 19:59:15.560: I/ProviderInstaller(4578): Installed default security provider GmsCore_OpenSSL
10-16 19:59:15.592: I/GceRil(1340): Received request 19
10-16 19:59:15.592: I/GceRil(1340): Reporting signal strength: GW=29 CDMA=-61 EVDO=-70 LTE=26
10-16 19:59:15.620: I/GAv4-SVC(4559): Google Analytics 11.5.19 is starting up.
10-16 19:59:15.634: I/art(2179): Explicit concurrent mark sweep GC freed 3613(159KB) AllocSpace objects, 0(0B) LOS objects, 40% free, 8MB/13MB, paused 5.644ms total 29.379ms
10-16 19:59:15.644: I/art(4578): Rejecting re-init on previously-failed class java.lang.Class<mgn>
10-16 19:59:15.644: I/art(4578): Rejecting re-init on previously-failed class java.lang.Class<mgn>
10-16 19:59:15.689: D/WifiService(1677): New client listening to asynchronous messages
10-16 19:59:15.693: W/ChimeraUtils(4559): Non Chimera context
10-16 19:59:15.703: I/art(4578): Rejecting re-init on previously-failed class java.lang.Class<aniu>
10-16 19:59:15.703: I/art(4578): Rejecting re-init on previously-failed class java.lang.Class<aniu>
10-16 19:59:15.718: I/Icing(4559): Storage manager: low false usage 1.72MB avail 2.99GB capacity 3.89GB
10-16 19:59:15.725: I/art(4559): Rejecting re-init on previously-failed class java.lang.Class<mgn>
10-16 19:59:15.725: I/art(4559): Rejecting re-init on previously-failed class java.lang.Class<mgn>
10-16 19:59:15.733: I/art(4578): Rejecting re-init on previously-failed class java.lang.Class<mrg>
10-16 19:59:15.733: I/art(4578): Rejecting re-init on previously-failed class java.lang.Class<mrg>
10-16 19:59:15.760: W/Icing(4559): city name for address is empty or is not existed. 
10-16 19:59:15.760: W/Icing(4559): street name for address is empty or is not existed. 
10-16 19:59:15.760: W/Icing(4559): transportation_script_path is empty
10-16 19:59:15.779: W/Icing(4559): Words file  does not exist!
10-16 19:59:15.779: W/Icing(4559): WordsMap was not properly initialized
10-16 19:59:15.802: I/DynamiteModule(4559): Considering local module com.google.android.gms.googlecertificates:4 and remote module com.google.android.gms.googlecertificates:4
10-16 19:59:15.802: I/DynamiteModule(4559): Selected local version of com.google.android.gms.googlecertificates
10-16 19:59:15.809: D/BluetoothManagerService(1677): Message: 20
10-16 19:59:15.809: D/BluetoothManagerService(1677): Added callback: android.bluetooth.IBluetoothManagerCallback$Stub$Proxy@1503983d:true
10-16 19:59:15.852: I/art(1677): Explicit concurrent mark sweep GC freed 12868(893KB) AllocSpace objects, 9(570KB) LOS objects, 33% free, 16MB/24MB, paused 227us total 29.626ms
10-16 19:59:15.855: I/GCoreNlp(4578): shouldConfirmNlp, NLP off. Ensuring opt-in disabled
10-16 19:59:15.860: W/GeofencerStateMachine(4578): Received SM_HARDWARE_GEOFENCE_CHANGED_CMD in NotInitializedState
10-16 19:59:15.867: I/LocaleChangeIO(4578): Requesting GmsCore restart due to change in locale assets
10-16 19:59:15.868: W/ActivityManager(1677): Unable to start service Intent { act=com.google.android.gms.nearby.discovery:ACTION_LOCALE_CHANGE cmp=com.google.android.gms/.nearby.discovery.service.DiscoveryService } U=0: not found
10-16 19:59:15.904: I/art(2179): Explicit concurrent mark sweep GC freed 4075(191KB) AllocSpace objects, 0(0B) LOS objects, 39% free, 8MB/13MB, paused 203us total 13.323ms
10-16 19:59:15.912: I/NetworkScheduler(4578): Using standalone scheduling engine
10-16 19:59:15.951: I/Icing(4559): updateResources: need to parse tvm{com.google.android.gms}
10-16 19:59:15.953: I/art(4578): Explicit concurrent mark sweep GC freed 26510(1727KB) AllocSpace objects, 0(0B) LOS objects, 39% free, 13MB/21MB, paused 955us total 38.970ms
10-16 19:59:15.998: I/art(2179): Explicit concurrent mark sweep GC freed 3516(157KB) AllocSpace objects, 0(0B) LOS objects, 40% free, 8MB/13MB, paused 203us total 7.877ms
10-16 19:59:16.004: I/Icing(4559): Internal init done: storage state 0
10-16 19:59:16.023: I/Icing(4559): Post-init done
10-16 19:59:16.040: V/BackupManagerService(1677): Connected to transport ComponentInfo{com.google.android.gms/com.google.android.gms.backup.BackupTransportService}
10-16 19:59:16.040: V/BackupManagerService(1677): Registering transport com.google.android.gms/.backup.BackupTransportService::com.google.android.gms/.backup.BackupTransportService = com.android.internal.backup.IBackupTransport$Stub$Proxy@21d344bf
10-16 19:59:16.048: I/GeofencerStateMachine(4578): Network location disabled.
10-16 19:59:16.091: I/art(4578): Explicit concurrent mark sweep GC freed 14791(1148KB) AllocSpace objects, 17(272KB) LOS objects, 40% free, 13MB/23MB, paused 314us total 16.001ms
10-16 19:59:16.098: I/GeofencerStateMachine(4578): sendQueryLocationOptIn
10-16 19:59:16.101: I/Backup(4578): [GmsBackupAccountManager] Backup account not found in gmscore.
10-16 19:59:16.106: E/SQLiteLog(4578): (283) recovered 18 frames from WAL file /data/user/0/com.google.android.gms/databases/playlog.db-wal
10-16 19:59:16.109: I/GeofencerStateMachine(4578): removeGeofences: removeRequest=RemoveGeofencingRequest[REMOVE_BY_PENDING_INTENT pendingIntent=PendingIntent[creatorPackage=com.google.android.gms], packageName=null]
10-16 19:59:16.122: W/Settings(4578): Setting airplane_mode_on has moved from android.provider.Settings.System to android.provider.Settings.Global, returning read-only value.
10-16 19:59:16.124: W/Settings(4578): Setting airplane_mode_on has moved from android.provider.Settings.System to android.provider.Settings.Global, returning read-only value.
10-16 19:59:16.139: I/GceRil(1340): Received request 75
10-16 19:59:16.139: I/GceRil(1340): Requesting GSM neighboring cell ids
10-16 19:59:16.170: I/Remoter(1322): Saved screenshot to '/data/screenshots/__pmv__-0087.jpg'
10-16 19:59:17.197: I/Remoter(1322): Saved screenshot to '/data/screenshots/__pmv__-0088.jpg'
10-16 19:59:18.229: I/Remoter(1322): Saved screenshot to '/data/screenshots/__pmv__-0089.jpg'
10-16 19:59:18.365: E/Volley(3108): [268] xa.a: Unexpected response code 503 for https://www.googleapis.com/youtubei/v1/notification_registration/set_registration?key=AIzaSyA8eiZmM1FaDVjRy-df2KTyQ_vz_yYM39w
10-16 19:59:18.365: W/YouTube(3108): (unknown) Could not register for notifications with InnerTube: 
10-16 19:59:18.365: W/YouTube(3108): fay: java.util.concurrent.ExecutionException: wu
10-16 19:59:18.365: W/YouTube(3108): 	at ezo.a(SourceFile:103)
10-16 19:59:18.365: W/YouTube(3108): 	at fpl.run(SourceFile:57)
10-16 19:59:18.365: W/YouTube(3108): 	at java.util.concurrent.ThreadPoolExecutor.runWorker(ThreadPoolExecutor.java:1112)
10-16 19:59:18.365: W/YouTube(3108): 	at java.util.concurrent.ThreadPoolExecutor$Worker.run(ThreadPoolExecutor.java:587)
10-16 19:59:18.365: W/YouTube(3108): 	at ers.run(SourceFile:40)
10-16 19:59:18.365: W/YouTube(3108): 	at java.lang.Thread.run(Thread.java:818)
10-16 19:59:18.365: W/YouTube(3108): Caused by: java.util.concurrent.ExecutionException: wu
10-16 19:59:18.365: W/YouTube(3108): 	at xv.a(SourceFile:117)
10-16 19:59:18.365: W/YouTube(3108): 	at xv.get(SourceFile:88)
10-16 19:59:18.365: W/YouTube(3108): 	at goc.get(SourceFile:69)
10-16 19:59:18.365: W/YouTube(3108): 	at ezo.a(SourceFile:99)
10-16 19:59:18.365: W/YouTube(3108): 	... 5 more
10-16 19:59:18.365: W/YouTube(3108): Caused by: wu
10-16 19:59:18.365: W/YouTube(3108): 	at xa.a(SourceFile:145)
10-16 19:59:18.365: W/YouTube(3108): 	at gnu.a(SourceFile:49)
10-16 19:59:18.365: W/YouTube(3108): 	at wg.run(SourceFile:105)
10-16 19:59:18.623: D/AndroidRuntime(4692): >>>>>> START com.android.internal.os.RuntimeInit uid 0 <<<<<<
10-16 19:59:18.624: D/AndroidRuntime(4692): CheckJNI is OFF
10-16 19:59:18.644: E/memtrack(4692): Couldn't load memtrack module (No such file or directory)
10-16 19:59:18.644: E/android.os.Debug(4692): failed to load memtrack module: -2
10-16 19:59:18.652: D/AndroidRuntime(4692): Calling main entry com.android.commands.am.Am
10-16 19:59:18.654: I/ActivityManager(1677): Force stopping com.google.android.apps.mtaas.loginutil appid=10080 user=0: start instr
10-16 19:59:18.675: I/ActivityManager(1677): Start proc 4702:com.google.android.apps.mtaas.loginutil/u0a80 for added application com.google.android.apps.mtaas.loginutil
10-16 19:59:18.682: I/art(1345): Explicit concurrent mark sweep GC freed 706(30KB) AllocSpace objects, 0(0B) LOS objects, 40% free, 7MB/11MB, paused 72us total 6.131ms
10-16 19:59:18.689: I/art(1345): Explicit concurrent mark sweep GC freed 5(160B) AllocSpace objects, 0(0B) LOS objects, 40% free, 7MB/11MB, paused 61us total 5.903ms
10-16 19:59:18.693: D/LoginUtil(4702): Connected to Internet
10-16 19:59:18.695: D/LoginUtil(4702): Adding Account {name=VS2WQVCOVYYT3Y3JQZUPAOQ2II-01@cloudtestlabaccounts.com, type=com.google}
10-16 19:59:18.695: I/art(1345): Explicit concurrent mark sweep GC freed 5(160B) AllocSpace objects, 0(0B) LOS objects, 40% free, 7MB/11MB, paused 75us total 6.374ms
10-16 19:59:18.720: I/ActivityManager(1677): Start proc 4721:com.google.android.apps.auth.test.support/u0a82 for service com.google.android.apps.auth.test.support/.services.AccountService
10-16 19:59:18.736: E/ActivityThread(4721): Failed to find provider info for com.google.android.apps.common.testing.services.storage.testargs
10-16 19:59:18.736: W/AuthService(4721): [TestArgsHelper] Error when calling AndroidTestUtil.getTestArgs(). Note that this behavior might be expected.
10-16 19:59:18.742: I/AuthService(4721): [AddAccountOperation] Call GmsCore API.
10-16 19:59:18.751: W/ChimeraUtils(4578): Non Chimera context
10-16 19:59:18.775: I/Auth(4578): [ReflectiveChannelBinder] Successfully bound channel!
10-16 19:59:18.777: I/GoogleURLConnFactory(4578): Using platform SSLCertificateSocketFactory
10-16 19:59:18.779: E/BaseAppContext(4578): Tried to stop global GMSCore RequestQueue. This is likely unintended, so ignoring.
10-16 19:59:18.789: I/Auth(4578): [ReflectiveChannelBinder] Successfully bound channel!
10-16 19:59:18.806: I/ActivityManager(1677): Start proc 4750:com.google.android.gms.unstable/u0a9 for service com.google.android.gms/.droidguard.DroidGuardService
10-16 19:59:18.814: W/ResourcesManager(4750): Asset path '/system/framework/com.android.media.remotedisplay.jar' does not exist or contains no resources.
10-16 19:59:18.814: W/ResourcesManager(4750): Asset path '/system/framework/com.android.location.provider.jar' does not exist or contains no resources.
10-16 19:59:18.828: I/art(4559): Explicit concurrent mark sweep GC freed 48990(3MB) AllocSpace objects, 26(416KB) LOS objects, 24% free, 12MB/16MB, paused 180us total 22.009ms
10-16 19:59:18.835: I/LoadedApk(4750): No resource references to update in package FFFFFFFFFFFFFFFFFFFFFF
10-16 19:59:18.841: W/linker(4750): libconscrypt_gmscore_jni.so: unused DT entry: type 0x1d arg 0x91
10-16 19:59:18.841: V/NativeCrypto(4750): Registering com/google/android/gms/org/conscrypt/NativeCrypto's 259 native methods...
10-16 19:59:18.848: I/art(4750): Rejecting re-init on previously-failed class java.lang.Class<com.google.android.gms.org.conscrypt.OpenSSLExtendedSessionImpl>
10-16 19:59:18.848: I/art(4750): Rejecting re-init on previously-failed class java.lang.Class<com.google.android.gms.org.conscrypt.OpenSSLExtendedSessionImpl>
10-16 19:59:18.849: I/art(4750): Rejecting re-init on previously-failed class java.lang.Class<com.google.android.gms.org.conscrypt.OpenSSLExtendedSessionImpl>
10-16 19:59:18.855: I/ProviderInstaller(4750): Installed default security provider GmsCore_OpenSSL
10-16 19:59:18.861: I/art(2179): Explicit concurrent mark sweep GC freed 3461(153KB) AllocSpace objects, 0(0B) LOS objects, 40% free, 8MB/13MB, paused 126us total 5.563ms
10-16 19:59:18.919: I/art(4750): Rejecting re-init on previously-failed class java.lang.Class<mgn>
10-16 19:59:18.919: I/art(4750): Rejecting re-init on previously-failed class java.lang.Class<mgn>
10-16 19:59:18.933: D/WVCdm(1342): Instantiating CDM.
10-16 19:59:18.934: I/WVCdm(1342): CdmEngine::OpenSession
10-16 19:59:18.934: I/WVCdm(1342): Level3 Library Dec  3 2014 13:06:03
10-16 19:59:18.938: W/WVCdm(1342): Could not read /data/mediadrm/IDM1013/ay64.dat2: No such file or directory
10-16 19:59:18.938: W/WVCdm(1342): Could not load liboemcrypto.so. Falling Back to L3.  dlopen failed: library "liboemcrypto.so" not found
10-16 19:59:18.950: I/WVCdm(1342): CdmEngine::QueryKeyControlInfo
10-16 19:59:18.950: W/WVCdm(1342): BufferReader::Read<T> : Failure during parse: Not enough bytes (4)
10-16 19:59:18.950: W/WVCdm(1342): CdmEngine::ExtractWidevinePssh: Unable to read PSSH atom size
10-16 19:59:18.950: I/WVCdm(1342): CdmEngine::GenerateKeyRequest
10-16 19:59:18.951: D/WVCdm(1342): PrepareKeyRequest: nonce=4226105112
10-16 19:59:19.030: I/DynamiteModule(4750): Considering local module com.google.android.gms.googlecertificates:4 and remote module com.google.android.gms.googlecertificates:4
10-16 19:59:19.030: I/DynamiteModule(4750): Selected local version of com.google.android.gms.googlecertificates
10-16 19:59:19.083: I/Binder_2(4750): type=1400 audit(0.0:95): avc: denied { getattr } for name="/" dev="tracefs" ino=1 scontext=u:r:untrusted_app:s0 tcontext=u:object_r:unlabeled:s0 tclass=filesystem permissive=1
10-16 19:59:19.177: E/cutils-trace(4777): Error opening trace file: Permission denied (13)
10-16 19:59:19.177: I/dex2oat(4777): /system/bin/dex2oat --runtime-arg -classpath --runtime-arg  --instruction-set=x86 --instruction-set-features=default --runtime-arg -Xrelocate --boot-image=/system/framework/boot.art --dex-file=/data/data/com.google.android.gms/app_fb/f.apk --oat-fd=39 --oat-location=/data/data/com.google.android.gms/app_fb/f.dex --runtime-arg -Xms64m --runtime-arg -Xmx512m
10-16 19:59:19.189: I/dex2oat(4777): dex2oat took 11.487ms (threads: 2) arena alloc=33KB java alloc=18KB native alloc=798KB free=7MB
10-16 19:59:19.280: I/Remoter(1322): Saved screenshot to '/data/screenshots/__pmv__-0090.jpg'
10-16 19:59:19.336: I/WVCdm(1342): CdmEngine::CloseSession
10-16 19:59:19.336: I/WVCdm(1342): L3 Terminate.
10-16 19:59:19.648: W/Conscrypt(4578): Could not set socket write timeout:
10-16 19:59:19.648: W/Conscrypt(4578):    java.lang.reflect.Method.invoke(Native Method)
10-16 19:59:19.648: W/Conscrypt(4578):    java.lang.reflect.Method.invoke(Method.java:372)
10-16 19:59:19.650: W/Conscrypt(4578): Could not set socket write timeout:
10-16 19:59:19.650: W/Conscrypt(4578):    java.lang.reflect.Method.invoke(Native Method)
10-16 19:59:19.650: W/Conscrypt(4578):    java.lang.reflect.Method.invoke(Method.java:372)
10-16 19:59:19.834: I/AccountManagerService(1677): the accounts changed, sending broadcast of android.accounts.LOGIN_ACCOUNTS_CHANGED
10-16 19:59:19.836: I/Backup(4578): [GmsBackupAccountManager] Backup account not found in gmscore.
10-16 19:59:19.837: I/AccountManagerService(1677): the accounts changed, sending broadcast of android.accounts.LOGIN_ACCOUNTS_CHANGED
10-16 19:59:19.845: I/ContactsProvider(2992): Accounts changed
10-16 19:59:19.849: I/Backup(4578): [GmsBackupAccountManager] Backup account not found in gmscore.
10-16 19:59:19.854: I/Auth(4578): [BroadcastManager] Broadcasting account services changed.
10-16 19:59:19.860: I/AuthService(4721): [AddAccountOperation] Succeeded.
10-16 19:59:19.866: I/Icing(4559): updateResources: need to parse tvm{com.google.android.gms}
10-16 19:59:19.877: I/ContactsProvider(2992): Accounts changed
10-16 19:59:19.879: I/ActivityManager(1677): Start proc 4797:com.android.vending/u0a19 for broadcast com.android.vending/com.google.android.finsky.receivers.AccountsChangedReceiver
10-16 19:59:19.886: I/RlzPingService(3446): Setting next ping for 1508284759876
10-16 19:59:19.938: I/AuthService(4721): [AccountService] Execution time for add account with authorization code, options: Bundle[{}] is 1200 ms.
10-16 19:59:19.950: D/ContactDirectoryManager(2992): Found com.google.contacts.gal.provider
10-16 19:59:19.950: D/ContactDirectoryManager(2992): Found com.google.android.gm.exchange.directory.provider
10-16 19:59:19.956: I/Icing(4559): updateResources: need to parse tvm{com.google.android.gms}
10-16 19:59:19.982: I/art(1677): Explicit concurrent mark sweep GC freed 29812(3MB) AllocSpace objects, 94(1971KB) LOS objects, 33% free, 16MB/25MB, paused 445us total 64.428ms
10-16 19:59:19.983: D/LoginUtil(4702): Instrumentation completed successfully
10-16 19:59:20.004: I/ActivityManager(1677): Start proc 4816:com.google.android.gm.exchange/u0a69 for content provider com.google.android.gm.exchange/com.android.exchange.provider.ExchangeDirectoryProvider
10-16 19:59:20.005: D/AndroidRuntime(4692): Shutting down VM
10-16 19:59:20.006: I/ActivityManager(1677): Force stopping com.google.android.apps.mtaas.loginutil appid=10080 user=0: finished inst
10-16 19:59:20.006: I/ActivityManager(1677): Killing 4702:com.google.android.apps.mtaas.loginutil/u0a80 (adj 0): stop com.google.android.apps.mtaas.loginutil
10-16 19:59:20.008: I/Auth(4578): [GoogleAccountHistoryStore] creating database.
10-16 19:59:20.012: W/art(3040): Long monitor contention event with owner method=java.lang.String android.content.res.StringBlock.nativeGetString(long, int) from StringBlock.java:4294967294 waiters=0 for 152ms
10-16 19:59:20.050: W/ActivityManager(1677): Spurious death for ProcessRecord{37026a66 4702:com.google.android.apps.mtaas.loginutil/u0a80}, curProc for 4702: null
10-16 19:59:20.060: I/Icing(4559): IndexChimeraService.getServiceInterface callingPackage=com.google.android.gm componentName=null serviceId=21
10-16 19:59:20.070: D/Finsky(4797): [1] FinskyApp.onCreate: Initializing network with DFE https://android.clients.google.com/fdfe/
10-16 19:59:20.082: I/ContactDirectoryManager(2992): deleted 0 stale rows which don't have any relevant directory
10-16 19:59:20.084: I/ContactDirectoryManager(2992): Discovered 1 contact directories in 165ms
10-16 19:59:20.085: I/Icing(4559): IndexChimeraService.getServiceInterface callingPackage=com.google.android.gm componentName=null serviceId=21
10-16 19:59:20.085: I/ValidateNoPeople(1677): mEvictionCount: 0
10-16 19:59:20.099: I/Icing(4559): Usage reports 0 indexed 0 rejected 0 imm upload false
10-16 19:59:20.099: I/Icing(4559): Indexing F874FD5B15C8D0FB5224231FFB9A0D1B8954EEA9 from com.google.android.gm
10-16 19:59:20.104: D/Finsky(4797): [1] DailyHygiene.goMakeHygieneIfDirty: No need to run daily hygiene.
10-16 19:59:20.108: I/Gmail(3040): Bootstrapping db:/data/data/com.google.android.gm/databases/internal.VS2WQVCOVYYT3Y3JQZUPAOQ2II-01@cloudtestlabaccounts.com.db Current version is 0
10-16 19:59:20.119: I/ActivityManager(1677): Start proc 4866:com.google.android.gms:car/u0a9 for service com.google.android.gms/.car.CarService
10-16 19:59:20.124: I/Gmail(3040): Bootstrapping db: /data/data/com.google.android.gm/databases/mailstore.VS2WQVCOVYYT3Y3JQZUPAOQ2II-01@cloudtestlabaccounts.com.db Current version is 0
10-16 19:59:20.125: W/Settings(4797): Setting download_manager_max_bytes_over_mobile has moved from android.provider.Settings.Secure to android.provider.Settings.Global.
10-16 19:59:20.126: W/Settings(4797): Setting download_manager_recommended_max_bytes_over_mobile has moved from android.provider.Settings.Secure to android.provider.Settings.Global.
10-16 19:59:20.131: W/ResourcesManager(4866): Asset path '/system/framework/com.android.media.remotedisplay.jar' does not exist or contains no resources.
10-16 19:59:20.131: W/ResourcesManager(4866): Asset path '/system/framework/com.android.location.provider.jar' does not exist or contains no resources.
10-16 19:59:20.147: D/Volley(4797): [360] DiskBasedCache.clear: Cache cleared.
10-16 19:59:20.148: D/Volley(4797): [353] DiskBasedCache.clear: Cache cleared.
10-16 19:59:20.150: D/Finsky(4797): [1] 2.run: Loaded library for account: [KZkGehx9x4vkdiKC9ytVqouUv0g]
10-16 19:59:20.150: D/Finsky(4797): [1] 2.run: Finished loading 1 libraries.
10-16 19:59:20.151: D/Finsky(4797): [1] UpdateWidgetsReceiver.onReceive: Updated 0 MarketWidgetProvider widgets (android.accounts.LOGIN_ACCOUNTS_CHANGED)
10-16 19:59:20.152: D/Finsky(4797): [1] UpdateWidgetsReceiver.onReceive: Updated 0 RecommendedWidgetProvider widgets (android.accounts.LOGIN_ACCOUNTS_CHANGED)
10-16 19:59:20.152: D/Finsky(4797): [1] UpdateWidgetsReceiver.onReceive: Updated 0 NowPlayingWidgetProvider widgets (android.accounts.LOGIN_ACCOUNTS_CHANGED)
10-16 19:59:20.158: I/LoadedApk(4866): No resource references to update in package FFFFFFFFFFFFFFFFFFFFFF
10-16 19:59:20.167: W/linker(4866): libconscrypt_gmscore_jni.so: unused DT entry: type 0x1d arg 0x91
10-16 19:59:20.168: V/NativeCrypto(4866): Registering com/google/android/gms/org/conscrypt/NativeCrypto's 259 native methods...
10-16 19:59:20.185: I/NowOptInSettingsImpl(2101): onAccountChanged() : Account {name=VS2WQVCOVYYT3Y3JQZUPAOQ2II-01@cloudtestlabaccounts.com, type=com.google}
10-16 19:59:20.186: I/art(4866): Rejecting re-init on previously-failed class java.lang.Class<com.google.android.gms.org.conscrypt.OpenSSLExtendedSessionImpl>
10-16 19:59:20.186: I/art(4866): Rejecting re-init on previously-failed class java.lang.Class<com.google.android.gms.org.conscrypt.OpenSSLExtendedSessionImpl>
10-16 19:59:20.186: I/art(4866): Rejecting re-init on previously-failed class java.lang.Class<com.google.android.gms.org.conscrypt.OpenSSLExtendedSessionImpl>
10-16 19:59:20.201: I/ProviderInstaller(4866): Installed default security provider GmsCore_OpenSSL
10-16 19:59:20.201: I/ActivityManager(1677): Start proc 4894:com.android.chrome/u0a34 for broadcast com.android.chrome/com.google.android.apps.chrome.minutemaid.ChainedAccountsChangedReceiver
10-16 19:59:20.205: W/HandlerScheduledExecuto(2101): Task does not implement UiTask. Consider using NamedUiRunnable for gce@2f6b46d1
10-16 19:59:20.212: E/GmsClient(2822): unable to connect to service: com.google.android.gms.playlog.service.START
10-16 19:59:20.212: W/AnalyticsLogBase(2822): PlayLogger.onLoggerFailedConnection
10-16 19:59:20.221: W/HandlerScheduledExecuto(2101): Task does not implement UiTask. Consider using NamedUiRunnable for gce@2f6b46d1
10-16 19:59:20.227: I/Search.RefreshSearchDom(2101): refreshing search domain
10-16 19:59:20.228: W/Search.SearchUrlHelper(2101): Auth token not ready, no auth header set.
10-16 19:59:20.242: D/Finsky(4797): [1] GmsCoreHelper.cleanupNlp: result=false type=4
10-16 19:59:20.253: D/Finsky(4797): [1] RestoreTracker.stopServiceIfDone: Restore complete with 0 success and 0 failed.
10-16 19:59:20.255: E/GCoreUlr(4578): Create new device tag of 559925683 without device reboot
10-16 19:59:20.274: W/acleung-debug(4894): MinuteMaid: onReceive
10-16 19:59:20.299: I/ActivityManager(1677): Start proc 4930:com.google.android.syncadapters.calendar/u0a31 for broadcast com.google.android.syncadapters.calendar/.CalendarSyncAdapterBroadcastReceiver
10-16 19:59:20.326: I/Gmail(3040): calculateUnknownSyncRationalesAndPurgeInBackground: exiting (labelMap not synced
10-16 19:59:20.332: E/SQLiteLog(3040): (1) no such table: search_status
10-16 19:59:20.333: I/Gmail(3040): Setting up for AppDataSearch
10-16 19:59:20.338: I/Remoter(1322): Saved screenshot to '/data/screenshots/__pmv__-0091.jpg'
10-16 19:59:20.350: I/art(2179): Explicit concurrent mark sweep GC freed 6073(515KB) AllocSpace objects, 0(0B) LOS objects, 40% free, 8MB/13MB, paused 424us total 9.129ms
10-16 19:59:20.365: I/Gmail(3040): getAccountsCursor
10-16 19:59:20.380: V/WebViewChromiumFactoryProvider(2101): Binding Chromium to main looper Looper (main, tid 1) {33a44622}
10-16 19:59:20.380: I/LibraryLoader(2101): Expected native library version number "",actual native library version number ""
10-16 19:59:20.386: I/Gmail(3040): calculateUnknownSyncRationalesAndPurgeInBackground: exiting (labelMap not synced
10-16 19:59:20.392: I/Gmail(3040): Backfilling search sequence table
10-16 19:59:20.393: I/art(4866): Rejecting re-init on previously-failed class java.lang.Class<mgn>
10-16 19:59:20.393: I/art(4866): Rejecting re-init on previously-failed class java.lang.Class<mgn>
10-16 19:59:20.394: I/Gmail(3040): calculateUnknownSyncRationalesAndPurgeInBackground: exiting (labelMap not synced
10-16 19:59:20.400: I/ActivityManager(1677): Killing 3603:com.google.android.configupdater/u0a36 (adj 15): empty #17
10-16 19:59:20.419: W/Auth(4578): [GetToken] GetToken failed with status code: INVALID_SCOPE
10-16 19:59:20.454: I/ActivityManager(1677): Killing 3233:android.process.media/u0a6 (adj 15): empty #17
10-16 19:59:20.456: I/chromium(2101): [INFO:library_loader_hooks.cc(104)] Chromium logging enabled: level = 0, default verbosity = 0
10-16 19:59:20.458: I/BrowserStartupController(2101): Initializing chromium process, singleProcess=true
10-16 19:59:20.471: W/art(2101): Attempt to remove local handle scope entry from IRT, ignoring
10-16 19:59:20.508: W/Search.LoginHelper(2101): Google auth exception for scope: oauth2:https://www.googleapis.com/auth/googlenow
10-16 19:59:20.508: E/Velvet.VelvetNetworkClient(2101): Failed to get auth token
10-16 19:59:20.508: W/NowOptInSettingsImpl(2101): Failed to fetch default configuration
10-16 19:59:20.513: I/Gmail(3040): Backfilling search sequence table
10-16 19:59:20.523: I/Exchange(4816): Accounts changed - requesting FolderSync for unsynced accounts
10-16 19:59:20.528: I/DynamiteModule(4866): Considering local module com.google.android.gms.googlecertificates:4 and remote module com.google.android.gms.googlecertificates:4
10-16 19:59:20.528: I/DynamiteModule(4866): Selected local version of com.google.android.gms.googlecertificates
10-16 19:59:20.537: I/GmailIS(3040): Receive LOGIN_ACCOUNTS_CHANGED intent: Intent { act=android.accounts.LOGIN_ACCOUNTS_CHANGED flg=0x4000010 cmp=com.google.android.gm/.GmailIntentService }
10-16 19:59:20.540: I/Gmail(3040): System accounts updated.
10-16 19:59:20.554: W/AbstractGoogleClient(4930): Application name is not set. Call Builder#setApplicationName.
10-16 19:59:20.576: I/ActivityManager(1677): Start proc 4966:com.google.android.videos/u0a74 for broadcast com.google.android.videos/.accounts.AccountsChangedService$AccountsChangedReceiver
10-16 19:59:20.582: I/NotifActionUtils(3040): resendNotifications account: null, folder: null
10-16 19:59:20.587: E/ActivityThread(3040): Service com.android.email.service.EmailBroadcastProcessorService has leaked ServiceConnection com.android.emailcommon.service.J@3dc55339 that was originally bound here
10-16 19:59:20.587: E/ActivityThread(3040): android.app.ServiceConnectionLeaked: Service com.android.email.service.EmailBroadcastProcessorService has leaked ServiceConnection com.android.emailcommon.service.J@3dc55339 that was originally bound here
10-16 19:59:20.587: E/ActivityThread(3040): 	at android.app.LoadedApk$ServiceDispatcher.<init>(LoadedApk.java:1077)
10-16 19:59:20.587: E/ActivityThread(3040): 	at android.app.LoadedApk.getServiceDispatcher(LoadedApk.java:971)
10-16 19:59:20.587: E/ActivityThread(3040): 	at android.app.ContextImpl.bindServiceCommon(ContextImpl.java:1774)
10-16 19:59:20.587: E/ActivityThread(3040): 	at android.app.ContextImpl.bindService(ContextImpl.java:1757)
10-16 19:59:20.587: E/ActivityThread(3040): 	at android.content.ContextWrapper.bindService(ContextWrapper.java:539)
10-16 19:59:20.587: E/ActivityThread(3040): 	at com.android.emailcommon.service.H.a(SourceFile:181)
10-16 19:59:20.587: E/ActivityThread(3040): 	at com.android.emailcommon.service.H.mc(SourceFile:224)
10-16 19:59:20.587: E/ActivityThread(3040): 	at com.android.email.service.n.j(SourceFile:160)
10-16 19:59:20.587: E/ActivityThread(3040): 	at com.android.email.provider.b.a(SourceFile:171)
10-16 19:59:20.587: E/ActivityThread(3040): 	at com.android.email.provider.b.F(SourceFile:115)
10-16 19:59:20.587: E/ActivityThread(3040): 	at com.android.email.service.EmailBroadcastProcessorService.kE(SourceFile:305)
10-16 19:59:20.587: E/ActivityThread(3040): 	at com.android.email.service.EmailBroadcastProcessorService.onHandleIntent(SourceFile:132)
10-16 19:59:20.587: E/ActivityThread(3040): 	at android.app.IntentService$ServiceHandler.handleMessage(IntentService.java:65)
10-16 19:59:20.587: E/ActivityThread(3040): 	at android.os.Handler.dispatchMessage(Handler.java:102)
10-16 19:59:20.587: E/ActivityThread(3040): 	at android.os.Looper.loop(Looper.java:135)
10-16 19:59:20.587: E/ActivityThread(3040): 	at android.os.HandlerThread.run(HandlerThread.java:61)
10-16 19:59:20.598: I/Icing(4559): Indexing done F874FD5B15C8D0FB5224231FFB9A0D1B8954EEA9
10-16 19:59:20.601: I/Icing(4559): Usage reports 0 indexed 0 rejected 0 imm upload false
10-16 19:59:20.603: I/Exchange(4816): EasService.onCreate
10-16 19:59:20.625: I/Exchange(4816): RestartPingTask
10-16 19:59:20.628: V/Finsky(4797): [1] GearheadStateMonitor.onReady: sIsProjecting:false
10-16 19:59:20.628: I/CAR.SERVICE(4866): listener not found in list
10-16 19:59:20.631: I/Exchange(4816): RestartPingsTask did not start any pings.
10-16 19:59:20.631: I/Exchange(4816): PSS stopIfIdle
10-16 19:59:20.631: I/Exchange(4816): PSS has no active accounts; stopping service.
10-16 19:59:20.632: I/Exchange(4816): onDestroy
10-16 19:59:20.634: I/art(4578): Explicit concurrent mark sweep GC freed 45131(2MB) AllocSpace objects, 22(364KB) LOS objects, 39% free, 15MB/25MB, paused 325us total 45.404ms
10-16 19:59:20.643: I/Gmail(3040): getAccountsCursor
10-16 19:59:20.643: I/NotifUtils(3040): resendNotifications cancelExisting: false, account: null, folder: null
10-16 19:59:20.645: I/ActivityManager(1677): Killing 3962:com.android.musicfx/u0a18 (adj 15): empty #17
10-16 19:59:20.664: I/art(1677): Explicit concurrent mark sweep GC freed 12068(713KB) AllocSpace objects, 6(96KB) LOS objects, 33% free, 16MB/25MB, paused 541us total 25.515ms
10-16 19:59:20.699: D/BluetoothManagerService(1677): Message: 20
10-16 19:59:20.699: D/BluetoothManagerService(1677): Added callback: android.bluetooth.IBluetoothManagerCallback$Stub$Proxy@10f90fca:true
10-16 19:59:20.704: W/chromium(2101): [WARNING:resource_bundle.cc(304)] locale_file_path.empty()
10-16 19:59:20.704: I/chromium(2101): [INFO:aw_browser_main_parts.cc(65)] Load from apk succesful, fd=52 off=52976 len=3763
10-16 19:59:20.708: I/chromium(2101): [INFO:aw_browser_main_parts.cc(78)] Loading webviewchromium.pak from, fd:53 off:229484 len:1089587
10-16 19:59:20.721: E/PlayEventLogger(4966): Invalid device id ff5d1eec734ba705
10-16 19:59:20.746: I/ActivityManager(1677): Start proc 5007:com.google.android.talk/u0a15 for broadcast com.google.android.talk/com.google.android.apps.hangouts.service.broadcastreceiver.AccountRefreshReceiver
10-16 19:59:20.761: W/ResourcesManager(5007): Asset path '/system/framework/com.google.android.media.effects.jar' does not exist or contains no resources.
10-16 19:59:20.783: W/UdcContextManagerHelper(4578): Empty context buffer. Thus might mean that the context is not synced down.
10-16 19:59:20.784: W/UploadOptInStatusOp(4578): Empty context model while retrieving upload opt-in status!
10-16 19:59:20.829: E/ctxmgr(4578): [NetworkUtil]No active synchronizable contexts.
10-16 19:59:20.836: D/PlayMovies(4966): PersistentCache.cleanup:103 Cache is below limit, no need to shrink: [size=0, limit=5242880]
10-16 19:59:20.846: W/Conscrypt(4578): Could not set socket write timeout:
10-16 19:59:20.846: W/Conscrypt(4578):    java.lang.reflect.Method.invoke(Native Method)
10-16 19:59:20.846: W/Conscrypt(4578):    java.lang.reflect.Method.invoke(Method.java:372)
10-16 19:59:20.847: W/Conscrypt(4578): Could not set socket write timeout:
10-16 19:59:20.847: I/Icing(4559): IndexChimeraService.getServiceInterface callingPackage=com.google.android.videos componentName=null serviceId=21
10-16 19:59:20.847: W/Conscrypt(4578):    java.lang.reflect.Method.invoke(Native Method)
10-16 19:59:20.847: W/Conscrypt(4578):    java.lang.reflect.Method.invoke(Method.java:372)
10-16 19:59:20.855: I/CalendarProvider2(3677): Sending notification intent: Intent { act=android.intent.action.PROVIDER_CHANGED dat=content://com.android.calendar }
10-16 19:59:20.855: W/ContentResolver(3677): Failed to get type for: content://com.android.calendar (Unknown URL content://com.android.calendar)
10-16 19:59:20.859: D/PlayMovies(4966): TransferService.onCreate:52 creating transfer service
10-16 19:59:20.860: I/ActivityManager(1677): Killing 3924:com.android.voicedialer/u0a25 (adj 15): empty #17
10-16 19:59:20.882: I/VideoCapabilities(4966): Unsupported profile 4 for video/mp4v-es
10-16 19:59:20.884: W/MediaCodecUtil(4966): MediaCodecList API didn't list secure decoder for: video/avc. Assuming: OMX.google.h264.decoder.secure
10-16 19:59:20.886: I/WVCdm(1342): CdmEngine::QueryStatus
10-16 19:59:20.886: I/WVCdm(1342): Level3 Library Dec  3 2014 13:06:03
10-16 19:59:20.890: W/WVCdm(1342): Could not read /data/mediadrm/IDM1013/ay64.dat2: No such file or directory
10-16 19:59:20.890: W/WVCdm(1342): Could not load liboemcrypto.so. Falling Back to L3.  dlopen failed: library "liboemcrypto.so" not found
10-16 19:59:20.890: I/WVCdm(1342): L3 Terminate.
10-16 19:59:20.921: I/Icing(4559): Usage reports 0 indexed 0 rejected 0 imm upload false
10-16 19:59:20.987: W/Auth(4578): [GetToken] GetToken failed with status code: INVALID_SCOPE
10-16 19:59:20.988: W/AuthSessionAuthenticato(4578): Auth related exception is being ignored: INVALID_SCOPE
10-16 19:59:20.998: W/GLSUser(4578): [DeviceKeyStore] Cannot load key: Device key file not found.
10-16 19:59:21.006: I/ActivityManager(1677): Killing 4449:com.google.android.deskclock/u0a38 (adj 15): empty #17
10-16 19:59:21.031: W/chromium(2101): [WARNING:data_reduction_proxy_settings.cc(331)] SPDY proxy OFF at startup
10-16 19:59:21.033: I/Icing(4559): Indexing E78089F80B17306531C21E89416F36A3E84F2D16 from com.google.android.videos
10-16 19:59:21.060: I/Babel_telephony(5007): TeleModule.onApplicationCreate
10-16 19:59:21.061: I/Babel_App(5007): Startup - clean
10-16 19:59:21.065: W/Auth(4578): [GetToken] GetToken failed with status code: INVALID_SCOPE
10-16 19:59:21.068: I/Babel_SMS(5007): MmsConfig: mnc/mcc: 310/260
10-16 19:59:21.068: I/Babel_SMS(5007): MmsConfig.loadMmsSettings
10-16 19:59:21.069: I/Babel_SMS(5007): MmsConfig.loadDeviceMmsSettings from API: userAgent=, uaProfUrl=
10-16 19:59:21.069: I/Babel_SMS(5007): MmsConfig.loadFromDatabase
10-16 19:59:21.072: I/WVCdm(1342): CdmEngine::OpenSession
10-16 19:59:21.072: I/WVCdm(1342): Level3 Library Dec  3 2014 13:06:03
10-16 19:59:21.072: E/PlayMovies(4966): GmsAccountManagerWrapper.blockingGetAuthTokenInternal:103 Cannot get user auth
10-16 19:59:21.072: E/PlayMovies(4966): com.google.android.gms.auth.GoogleAuthException: INVALID_SCOPE
10-16 19:59:21.072: E/PlayMovies(4966): 	at com.google.android.gms.auth.GoogleAuthUtil.getToken(Unknown Source)
10-16 19:59:21.072: E/PlayMovies(4966): 	at com.google.android.gms.auth.GoogleAuthUtil.a(Unknown Source)
10-16 19:59:21.072: E/PlayMovies(4966): 	at com.google.android.gms.auth.GoogleAuthUtil.getTokenWithNotification(Unknown Source)
10-16 19:59:21.072: E/PlayMovies(4966): 	at com.google.android.videos.accounts.GmsAccountManagerWrapper.blockingGetAuthTokenInternal(GmsAccountManagerWrapper.java:87)
10-16 19:59:21.072: E/PlayMovies(4966): 	at com.google.android.videos.accounts.AccountManagerWrapper.blockingGetAuthToken(AccountManagerWrapper.java:191)
10-16 19:59:21.072: E/PlayMovies(4966): 	at com.google.android.videos.async.AuthenticatingRequester.getAuthToken(AuthenticatingRequester.java:62)
10-16 19:59:21.072: E/PlayMovies(4966): 	at com.google.android.videos.async.AuthenticatingRequester.request(AuthenticatingRequester.java:39)
10-16 19:59:21.072: E/PlayMovies(4966): 	at com.google.android.videos.async.AuthenticatingRequester.request(AuthenticatingRequester.java:26)
10-16 19:59:21.072: E/PlayMovies(4966): 	at com.google.android.videos.gcm.DefaultGcmRegistrationManager.registerWithServer(DefaultGcmRegistrationManager.java:152)
10-16 19:59:21.072: E/PlayMovies(4966): 	at com.google.android.videos.gcm.DefaultGcmRegistrationManager.access$000(DefaultGcmRegistrationManager.java:49)
10-16 19:59:21.072: E/PlayMovies(4966): 	at com.google.android.videos.gcm.DefaultGcmRegistrationManager$1.run(DefaultGcmRegistrationManager.java:102)
10-16 19:59:21.072: E/PlayMovies(4966): 	at java.util.concurrent.ThreadPoolExecutor.runWorker(ThreadPoolExecutor.java:1112)
10-16 19:59:21.072: E/PlayMovies(4966): 	at java.util.concurrent.ThreadPoolExecutor$Worker.run(ThreadPoolExecutor.java:587)
10-16 19:59:21.072: E/PlayMovies(4966): 	at com.google.android.videos.utils.PriorityThreadFactory$1.run(PriorityThreadFactory.java:42)
10-16 19:59:21.072: E/PlayMovies(4966): 	at java.lang.Thread.run(Thread.java:818)
10-16 19:59:21.073: D/Babel_SmsDepUtil(5007): imp:-1:3602
10-16 19:59:21.077: E/SQLiteLog(5007): (1) no such table: mmsconfig
10-16 19:59:21.077: I/Babel_SMS(5007): MmsConfig: no mmsconfig table android.database.sqlite.SQLiteException: no such table: mmsconfig (code 1): , while compiling: SELECT key, value, type FROM mmsconfig WHERE numeric=?
10-16 19:59:21.077: I/Babel_SMS(5007): MmsConfig.loadFromResources
10-16 19:59:21.079: E/SQLiteLog(4966): (284) automatic index on sqlite_sq_ADD0C580(show_id)
10-16 19:59:21.079: E/Babel_SMS(5007): canonicalizeMccMnc: invalid mccmnc nullnull
10-16 19:59:21.080: W/Babel_SMS(5007): MmsConfig: invalid key=userAgent or type=string
10-16 19:59:21.080: W/Babel_SMS(5007): MmsConfig: invalid key=uaProfUrl or type=string
10-16 19:59:21.080: I/Babel_SMS(5007): MmsConfig.loadMmsSettings: userAgent=Hangouts/20.0.156935076, uaProfUrl=https://ssl.gstatic.com/android/hangouts/hangouts_mms_ua_profile.xml
10-16 19:59:21.082: W/WVCdm(1342): Could not read /data/mediadrm/IDM1013/ay64.dat2: No such file or directory
10-16 19:59:21.082: W/WVCdm(1342): Could not load liboemcrypto.so. Falling Back to L3.  dlopen failed: library "liboemcrypto.so" not found
10-16 19:59:21.085: D/Babel_SmsDep(5007): disabled
10-16 19:59:21.087: D/Babel_SmsDepStand(5007): no sms
10-16 19:59:21.087: D/Babel_SmsDepUtil(5007): imp:-1:3602
10-16 19:59:21.087: D/Babel_SmsDep(5007): disabled
10-16 19:59:21.091: I/Icing(4559): Indexing done E78089F80B17306531C21E89416F36A3E84F2D16
10-16 19:59:21.112: I/Icing(4559): Indexing CA5DA213357B9974185583AD515428BDCE2ADF20 from com.google.android.videos
10-16 19:59:21.126: I/Babel_ConcService(5007): Binding ConcurrentService
10-16 19:59:21.128: I/Babel_ConcService(5007): Scheduling delay with GcmNetworkManager of 265291 s for task fvmaccount_reg_renewal_71164_7 and tag network_connectivity_wakeup:persisted
10-16 19:59:21.129: I/Babel_ConcService(5007): Scheduling delay with GcmNetworkManager of 86221 s for task fyfDB_CLEANUP_72844_6 and tag :persisted
10-16 19:59:21.130: I/WVCdm(1342): CdmEngine::QueryKeyControlInfo
10-16 19:59:21.130: W/WVCdm(1342): BufferReader::Read<T> : Failure during parse: Not enough bytes (4)
10-16 19:59:21.130: W/WVCdm(1342): CdmEngine::ExtractWidevinePssh: Unable to read PSSH atom size
10-16 19:59:21.130: I/WVCdm(1342): CdmEngine::GenerateKeyRequest
10-16 19:59:21.131: D/WVCdm(1342): PrepareKeyRequest: nonce=2103209263
10-16 19:59:21.132: I/Babel_ConcService(5007): Acquired partial wake lock to keep ConcurrentService alive
10-16 19:59:21.143: E/SQLiteLog(4966): (284) automatic index on sqlite_sq_ADD0C200(video_id)
10-16 19:59:21.144: W/art(2101): Attempt to remove local handle scope entry from IRT, ignoring
10-16 19:59:21.145: I/Babel_ConcService(5007): Released partial wake lock as ConcurrentService became idle
10-16 19:59:21.147: D/Finsky(4797): [1] DailyHygiene.onStartCommand: Beginning daily hygiene
10-16 19:59:21.149: W/AwContents(2101): onDetachedFromWindow called when already detached. Ignoring
10-16 19:59:21.157: I/Babel_ConcService(5007): Acquired partial wake lock to keep ConcurrentService alive
10-16 19:59:21.159: D/Babel_SmsDepUtil(5007): imp:-1:3602
10-16 19:59:21.159: D/Babel_SmsDep(5007): disabled
10-16 19:59:21.160: D/Babel_SmsDepStand(5007): no sms
10-16 19:59:21.160: D/Babel_SmsDepNotif(5007): not sms
10-16 19:59:21.160: D/Babel_SmsDepUtil(5007): imp:-1:3686
10-16 19:59:21.161: D/Babel_Notif_Persistent(5007): PersistentMessageNotifier.cancelOngoingNotification
10-16 19:59:21.168: D/Babel_SmsDepUtil(5007): imp:-1:3602
10-16 19:59:21.168: D/Babel_SmsDep(5007): disabled
10-16 19:59:21.170: D/Babel_SmsDepUtil(5007): imp:-1:3602
10-16 19:59:21.170: D/Babel_SmsDep(5007): disabled
10-16 19:59:21.171: D/Babel_SmsDepUtil(5007): imp:-1:3602
10-16 19:59:21.171: D/Babel_SmsDep(5007): disabled
10-16 19:59:21.174: W/ResourcesManager(5007): Asset path '/system/framework/com.android.media.remotedisplay.jar' does not exist or contains no resources.
10-16 19:59:21.174: W/ResourcesManager(5007): Asset path '/system/framework/com.android.location.provider.jar' does not exist or contains no resources.
10-16 19:59:21.175: W/Babel_AcctMgr(5007): gBA: invalid account id: -1
10-16 19:59:21.190: D/Babel_Notif_SMS(5007): cancelOngoingNotification
10-16 19:59:21.206: I/Icing(4559): Indexing done CA5DA213357B9974185583AD515428BDCE2ADF20
10-16 19:59:21.216: I/PmtsSwAccountIntentOp(4559): Processing intent action=android.accounts.LOGIN_ACCOUNTS_CHANGED
10-16 19:59:21.216: I/PmtsSwAccountIntentOp(4559): Device isn't of sufficient API level
10-16 19:59:21.237: I/Auth(4578): [BroadcastManager] Broadcasting account change.
10-16 19:59:21.247: W/WakefulBroadcastReceiver(4578): No active wake lock id #1
10-16 19:59:21.251: I/HeterodyneSyncScheduler(4578): Scheduling Phenotype for a PhenotypeSyncImmediately(5, null) one off with window [1, 2] in seconds
10-16 19:59:21.265: W/linker(5007): libconscrypt_gmscore_jni.so: unused DT entry: type 0x1d arg 0x91
10-16 19:59:21.266: V/NativeCrypto(5007): Registering com/google/android/gms/org/conscrypt/NativeCrypto's 259 native methods...
10-16 19:59:21.286: I/art(5007): Rejecting re-init on previously-failed class java.lang.Class<com.google.android.gms.org.conscrypt.OpenSSLExtendedSessionImpl>
10-16 19:59:21.286: I/art(5007): Rejecting re-init on previously-failed class java.lang.Class<com.google.android.gms.org.conscrypt.OpenSSLExtendedSessionImpl>
10-16 19:59:21.286: I/art(5007): Rejecting re-init on previously-failed class java.lang.Class<com.google.android.gms.org.conscrypt.OpenSSLExtendedSessionImpl>
10-16 19:59:21.293: W/Auth(4578): [GetToken] GetToken failed with status code: INVALID_SCOPE
10-16 19:59:21.299: E/HttpOperation(5007): [contacts/getselfinfo] Unexpected exception
10-16 19:59:21.299: E/HttpOperation(5007): java.io.IOException: Cannot obtain authentication token
10-16 19:59:21.299: E/HttpOperation(5007): 	at jzd.a(SourceFile:23)
10-16 19:59:21.299: E/HttpOperation(5007): 	at jyk.p(SourceFile:47)
10-16 19:59:21.299: E/HttpOperation(5007): 	at jyg.a(SourceFile:18)
10-16 19:59:21.299: E/HttpOperation(5007): 	at fcc.a(SourceFile:14)
10-16 19:59:21.299: E/HttpOperation(5007): 	at jse.a(SourceFile:4)
10-16 19:59:21.299: E/HttpOperation(5007): 	at jse.call(SourceFile:11)
10-16 19:59:21.299: E/HttpOperation(5007): 	at java.util.concurrent.FutureTask.run(FutureTask.java:237)
10-16 19:59:21.299: E/HttpOperation(5007): 	at java.util.concurrent.ThreadPoolExecutor.runWorker(ThreadPoolExecutor.java:1112)
10-16 19:59:21.299: E/HttpOperation(5007): 	at java.util.concurrent.ThreadPoolExecutor$Worker.run(ThreadPoolExecutor.java:587)
10-16 19:59:21.299: E/HttpOperation(5007): 	at java.lang.Thread.run(Thread.java:818)
10-16 19:59:21.299: E/HttpOperation(5007): Caused by: android.accounts.AuthenticatorException: Cannot get Oauth2 token from GMS
10-16 19:59:21.299: E/HttpOperation(5007): 	at idw.a(SourceFile:4)
10-16 19:59:21.299: E/HttpOperation(5007): 	at jza.a(SourceFile:41)
10-16 19:59:21.299: E/HttpOperation(5007): 	at jza.a(SourceFile:16)
10-16 19:59:21.299: E/HttpOperation(5007): 	at jzd.a(SourceFile:18)
10-16 19:59:21.299: E/HttpOperation(5007): 	... 9 more
10-16 19:59:21.299: E/HttpOperation(5007): Caused by: gyl: INVALID_SCOPE
10-16 19:59:21.299: E/HttpOperation(5007): 	at gyo.b(Unknown Source)
10-16 19:59:21.299: E/HttpOperation(5007): 	at gyo.a(Unknown Source)
10-16 19:59:21.299: E/HttpOperation(5007): 	at gyn.a(Unknown Source)
10-16 19:59:21.299: E/HttpOperation(5007): 	at gyn.c(Unknown Source)
10-16 19:59:21.299: E/HttpOperation(5007): 	at gym.d(Unknown Source)
10-16 19:59:21.299: E/HttpOperation(5007): 	at gym.a(Unknown Source)
10-16 19:59:21.299: E/HttpOperation(5007): 	at gym.a(Unknown Source)
10-16 19:59:21.299: E/HttpOperation(5007): 	at idw.a(SourceFile:2)
10-16 19:59:21.299: E/HttpOperation(5007): 	... 12 more
10-16 19:59:21.299: W/Babel_GetSelfInfo(5007): Failed to get self info. ErrorCode: 0
10-16 19:59:21.299: W/Babel_GetSelfInfo(5007): java.io.IOException: Cannot obtain authentication token
10-16 19:59:21.299: W/Babel_GetSelfInfo(5007): 	at jzd.a(SourceFile:23)
10-16 19:59:21.299: W/Babel_GetSelfInfo(5007): 	at jyk.p(SourceFile:47)
10-16 19:59:21.299: W/Babel_GetSelfInfo(5007): 	at jyg.a(SourceFile:18)
10-16 19:59:21.299: W/Babel_GetSelfInfo(5007): 	at fcc.a(SourceFile:14)
10-16 19:59:21.299: W/Babel_GetSelfInfo(5007): 	at jse.a(SourceFile:4)
10-16 19:59:21.299: W/Babel_GetSelfInfo(5007): 	at jse.call(SourceFile:11)
10-16 19:59:21.299: W/Babel_GetSelfInfo(5007): 	at java.util.concurrent.FutureTask.run(FutureTask.java:237)
10-16 19:59:21.299: W/Babel_GetSelfInfo(5007): 	at java.util.concurrent.ThreadPoolExecutor.runWorker(ThreadPoolExecutor.java:1112)
10-16 19:59:21.299: W/Babel_GetSelfInfo(5007): 	at java.util.concurrent.ThreadPoolExecutor$Worker.run(ThreadPoolExecutor.java:587)
10-16 19:59:21.299: W/Babel_GetSelfInfo(5007): 	at java.lang.Thread.run(Thread.java:818)
10-16 19:59:21.299: W/Babel_GetSelfInfo(5007): Caused by: android.accounts.AuthenticatorException: Cannot get Oauth2 token from GMS
10-16 19:59:21.299: W/Babel_GetSelfInfo(5007): 	at idw.a(SourceFile:4)
10-16 19:59:21.299: W/Babel_GetSelfInfo(5007): 	at jza.a(SourceFile:41)
10-16 19:59:21.299: W/Babel_GetSelfInfo(5007): 	at jza.a(SourceFile:16)
10-16 19:59:21.299: W/Babel_GetSelfInfo(5007): 	at jzd.a(SourceFile:18)
10-16 19:59:21.299: W/Babel_GetSelfInfo(5007): 	... 9 more
10-16 19:59:21.299: W/Babel_GetSelfInfo(5007): Caused by: gyl: INVALID_SCOPE
10-16 19:59:21.299: W/Babel_GetSelfInfo(5007): 	at gyo.b(Unknown Source)
10-16 19:59:21.299: W/Babel_GetSelfInfo(5007): 	at gyo.a(Unknown Source)
10-16 19:59:21.299: W/Babel_GetSelfInfo(5007): 	at gyn.a(Unknown Source)
10-16 19:59:21.299: W/Babel_GetSelfInfo(5007): 	at gyn.c(Unknown Source)
10-16 19:59:21.299: W/Babel_GetSelfInfo(5007): 	at gym.d(Unknown Source)
10-16 19:59:21.299: W/Babel_GetSelfInfo(5007): 	at gym.a(Unknown Source)
10-16 19:59:21.299: W/Babel_GetSelfInfo(5007): 	at gym.a(Unknown Source)
10-16 19:59:21.299: W/Babel_GetSelfInfo(5007): 	at idw.a(SourceFile:2)
10-16 19:59:21.299: W/Babel_GetSelfInfo(5007): 	... 12 more
10-16 19:59:21.299: E/LoginManager(5007): Account update failed
10-16 19:59:21.299: E/LoginManager(5007): java.io.IOException: Rpc failed
10-16 19:59:21.299: E/LoginManager(5007): 	at jsa.a(SourceFile:178)
10-16 19:59:21.299: E/LoginManager(5007): 	at jse.a(SourceFile:6)
10-16 19:59:21.299: E/LoginManager(5007): 	at jse.call(SourceFile:11)
10-16 19:59:21.299: E/LoginManager(5007): 	at java.util.concurrent.FutureTask.run(FutureTask.java:237)
10-16 19:59:21.299: E/LoginManager(5007): 	at java.util.concurrent.ThreadPoolExecutor.runWorker(ThreadPoolExecutor.java:1112)
10-16 19:59:21.299: E/LoginManager(5007): 	at java.util.concurrent.ThreadPoolExecutor$Worker.run(ThreadPoolExecutor.java:587)
10-16 19:59:21.299: E/LoginManager(5007): 	at java.lang.Thread.run(Thread.java:818)
10-16 19:59:21.299: E/LoginManager(5007): Caused by: java.io.IOException: Cannot obtain authentication token
10-16 19:59:21.299: E/LoginManager(5007): 	at jzd.a(SourceFile:23)
