10-16 20:00:10.899: W/ResourceType(6230): No package identifier when getting name for resource number 0x00000001
10-16 20:00:10.900: W/ResourceType(6230): No package identifier when getting name for resource number 0x00000001
10-16 20:00:10.900: W/ResourceType(6230): No package identifier when getting name for resource number 0x00000001
10-16 20:00:10.900: W/ResourceType(6230): No package identifier when getting name for resource number 0x00000001
10-16 20:00:10.900: I/ViewInteraction(6230): Performing 'single click' action on view (with class name: is "android.support.v7.widget.AppCompatButton" and with id: android:id/button3 and is a child at 0th index of the matching parent: (with class name: is "android.support.v7.widget.ButtonBarLayout" and with id: 1 (resource name not found) and is a child at 0th index of the matching parent: (with class name: is "android.widget.ScrollView" and with id: com.habitrpg.android.habitica:id/buttonPanel and is a child at 3th index of the matching parent: (with class name: is "android.support.v7.widget.AlertDialogLayout" and with id: com.habitrpg.android.habitica:id/parentPanel and is a child at 0th index of the matching parent: (with class name: is "android.support.v7.widget.ContentFrameLayout" and with id: android:id/content and is a child at 0th index of the matching parent: (with class name: is "android.support.v7.widget.FitWindowsFrameLayout" and with id: com.habitrpg.android.habitica:id/action_bar_root and is a child at 0th index of the matching parent: (with class name: is "android.widget.FrameLayout" and with id: 1 (resource name not found) and is a child at 1th index of the matching parent: (with class name: is "android.widget.LinearLayout" and with id: 1 (resource name not found) and is a child at 0th index of the matching parent: (with class name: is "com.android.internal.policy.impl.PhoneWindow$DecorView" and with id: 1 (resource name not found) and is a root view.)))))))))
10-16 20:00:10.919: I/GceLights(1677): set_light: dev 0xadcee2e0 state 0x9f7e38e4
10-16 20:00:10.919: I/GceLights(1677): set_light: state value -15921907
10-16 20:00:10.936: I/GceLights(1677): set_light: dev 0xadcee2e0 state 0x9f7e38e4
10-16 20:00:10.936: I/GceLights(1677): set_light: state value -15658735
10-16 20:00:10.953: I/GceLights(1677): set_light: dev 0xadcee2e0 state 0x9f7e38e4
10-16 20:00:10.953: I/GceLights(1677): set_light: state value -15461356
10-16 20:00:10.961: I/GceGrallocRegionRegistry(6230): Mapped gralloc-1334.48 hnd=0x9c00d700 fd=61 base=0x98846000 format=RGBA_8888(0x1) width=857 height=400
10-16 20:00:10.985: I/GceLights(1677): set_light: dev 0xadcee2e0 state 0x9f7e38e4
10-16 20:00:10.985: I/GceLights(1677): set_light: state value -15263977
10-16 20:00:10.986: I/GceLights(1677): set_light: dev 0xadcee2e0 state 0x9f7e38e4
10-16 20:00:10.986: I/GceLights(1677): set_light: state value -15000805
10-16 20:00:11.003: I/GceLights(1677): set_light: dev 0xadcee2e0 state 0x9f7e38e4
10-16 20:00:11.003: I/GceLights(1677): set_light: state value -14803426
10-16 20:00:11.020: I/GceLights(1677): set_light: dev 0xadcee2e0 state 0x9f7e38e4
10-16 20:00:11.020: I/GceLights(1677): set_light: state value -14606047
10-16 20:00:11.036: I/GceLights(1677): set_light: dev 0xadcee2e0 state 0x9f7e38e4
10-16 20:00:11.036: I/GceLights(1677): set_light: state value -14342875
10-16 20:00:11.060: I/GceLights(1677): set_light: dev 0xadcee2e0 state 0x9f7e38e4
10-16 20:00:11.060: I/GceLights(1677): set_light: state value -14145496
10-16 20:00:11.082: I/GceLights(1677): set_light: dev 0xadcee2e0 state 0x9f7e38e4
10-16 20:00:11.082: I/GceLights(1677): set_light: state value -13948117
10-16 20:00:11.088: I/GceLights(1677): set_light: dev 0xadcee2e0 state 0x9f7e38e4
10-16 20:00:11.088: I/GceLights(1677): set_light: state value -13684945
10-16 20:00:11.103: I/GceLights(1677): set_light: dev 0xadcee2e0 state 0x9f7e38e4
10-16 20:00:11.103: I/GceLights(1677): set_light: state value -13487566
10-16 20:00:11.119: I/GceLights(1677): set_light: dev 0xadcee2e0 state 0x9f7e38e4
10-16 20:00:11.120: I/GceLights(1677): set_light: state value -13290187
10-16 20:00:11.136: I/GceLights(1677): set_light: dev 0xadcee2e0 state 0x9f7e38e4
10-16 20:00:11.136: I/GceLights(1677): set_light: state value -13027015
10-16 20:00:11.153: I/GceLights(1677): set_light: dev 0xadcee2e0 state 0x9f7e38e4
10-16 20:00:11.153: I/GceLights(1677): set_light: state value -12829636
10-16 20:00:11.170: I/GceLights(1677): set_light: dev 0xadcee2e0 state 0x9f7e38e4
10-16 20:00:11.170: I/GceLights(1677): set_light: state value -12632257
10-16 20:00:11.179: I/Remoter(1322): Saved screenshot to '/data/screenshots/__pmv__-0139.jpg'
10-16 20:00:11.186: I/GceLights(1677): set_light: dev 0xadcee2e0 state 0x9f7e38e4
10-16 20:00:11.186: I/GceLights(1677): set_light: state value -12369085
10-16 20:00:11.219: I/GceLights(1677): set_light: dev 0xadcee2e0 state 0x9f7e38e4
10-16 20:00:11.219: I/GceLights(1677): set_light: state value -12171706
10-16 20:00:11.230: I/GceLights(1677): set_light: dev 0xadcee2e0 state 0x9f7e38e4
10-16 20:00:11.230: I/GceLights(1677): set_light: state value -11842741
10-16 20:00:11.245: I/GceLights(1677): set_light: dev 0xadcee2e0 state 0x9f7e38e4
10-16 20:00:11.245: I/GceLights(1677): set_light: state value -11579569
10-16 20:00:11.262: I/GceLights(1677): set_light: dev 0xadcee2e0 state 0x9f7e38e4
10-16 20:00:11.263: I/GceLights(1677): set_light: state value -11382190
10-16 20:00:11.280: I/GceLights(1677): set_light: dev 0xadcee2e0 state 0x9f7e38e4
10-16 20:00:11.280: I/GceLights(1677): set_light: state value -11184811
10-16 20:00:11.297: I/GceLights(1677): set_light: dev 0xadcee2e0 state 0x9f7e38e4
10-16 20:00:11.297: I/GceLights(1677): set_light: state value -10921639
10-16 20:00:11.319: I/GceLights(1677): set_light: dev 0xadcee2e0 state 0x9f7e38e4
10-16 20:00:11.319: I/GceLights(1677): set_light: state value -10658467
10-16 20:00:11.322: I/GceGrallocRegionRegistry(6230): Unmapped gralloc-1334.46 hnd=0x9c00d440 fd=100 base=0x98ead000
10-16 20:00:11.323: I/GceGrallocRegionRegistry(6230): Unmapped gralloc-1334.47 hnd=0x9c00d680 fd=101 base=0x98d5a000
10-16 20:00:11.323: I/GceGrallocRegionRegistry(6230): Unmapped gralloc-1334.48 hnd=0x9c00d700 fd=61 base=0x98846000
10-16 20:00:11.324: I/GceGrallocRegionRegistry(1334): Unmapped gralloc-1334.47 hnd=0xafff6200 fd=41 base=0xb22ad000
10-16 20:00:11.326: W/InputMethodManagerService(1677): Window already focused, ignoring focus gain of: com.android.internal.view.IInputMethodClient$Stub$Proxy@f4b4ca4 attribute=null, token = android.os.BinderProxy@3e40efdc
10-16 20:00:11.336: I/GceLights(1677): set_light: dev 0xadcee2e0 state 0x9f7e38e4
10-16 20:00:11.336: I/GceLights(1677): set_light: state value -10395295
10-16 20:00:11.349: I/GceGrallocRegionRegistry(1334): Unmapped gralloc-1334.48 hnd=0xafff6240 fd=42 base=0xb215a000
10-16 20:00:11.355: I/GceLights(1677): set_light: dev 0xadcee2e0 state 0x9f7e38e4
10-16 20:00:11.355: I/GceLights(1677): set_light: state value -10197916
10-16 20:00:11.371: I/GceLights(1677): set_light: dev 0xadcee2e0 state 0x9f7e38e4
10-16 20:00:11.371: I/GceLights(1677): set_light: state value -10066330
10-16 20:00:11.542: I/ViewInteraction(6230): Performing 'Extracts screen state.' action on view is a root view.
10-16 20:00:11.542: W/ResourceType(6230): No known package when getting name for resource number 0xffffffff
10-16 20:00:11.543: W/ResourceType(6230): No known package when getting name for resource number 0xffffffff
10-16 20:00:11.544: W/ResourceType(6230): No known package when getting name for resource number 0xffffffff
10-16 20:00:11.551: W/ResourceType(6230): No known package when getting name for resource number 0xffffffff
10-16 20:00:11.557: W/ResourceType(6230): No known package when getting name for resource number 0xffffffff
10-16 20:00:11.581: W/SurfaceFlinger(1334): couldn't log to binary event log: overflow.
10-16 20:00:11.581: I/GceGrallocRegionRegistry(1334): Unmapped gralloc-1334.46 hnd=0xafff60c0 fd=31 base=0xb30b1000
10-16 20:00:11.599: W/ResourceType(6230): No known package when getting name for resource number 0xffffffff
10-16 20:00:11.599: W/ResourceType(6230): No known package when getting name for resource number 0xffffffff
10-16 20:00:11.600: W/ResourceType(6230): No known package when getting name for resource number 0xffffffff
10-16 20:00:11.601: W/ResourceType(6230): No known package when getting name for resource number 0xffffffff
10-16 20:00:11.602: I/GceGrallocRegionRegistry(1334): Mapped gralloc-1334.50 hnd=0xafff6100 fd=43 base=0xb203e000 format=RGBA_8888(0x1) width=768 height=1280
10-16 20:00:11.602: I/GceGrallocRegionRegistry(6217): Mapped gralloc-1334.50 hnd=0xae095340 fd=14 base=0xacf70000 format=RGBA_8888(0x1) width=768 height=1280
10-16 20:00:11.602: I/GceGrallocRegionRegistry(1334): Unmapped gralloc-1334.50 hnd=0xafff6100 fd=43 base=0xb203e000
10-16 20:00:11.602: I/GceGrallocRegionRegistry(1334): Mapped gralloc-1334.50 hnd=0xafff60c0 fd=44 base=0xb203e000 format=RGBA_8888(0x1) width=768 height=1280
10-16 20:00:11.640: I/GceGrallocRegionRegistry(1334): Unmapped gralloc-1334.50 hnd=0xafff60c0 fd=44 base=0xb203e000
10-16 20:00:11.677: I/System.out(6186): INFO: New Screen: Optional.of(ScreenNode {Id=2, PackageName=com.habitrpg.android.habitica, ActivityName=Optional.of(com.habitrpg.android.habitica.ui.activities.IntroActivity)})
10-16 20:00:11.759: W/ResourceType(6230): No package identifier when getting name for resource number 0x00000001
10-16 20:00:11.760: W/ResourceType(6230): No package identifier when getting name for resource number 0x00000001
10-16 20:00:11.760: W/ResourceType(6230): No package identifier when getting name for resource number 0x00000001
10-16 20:00:11.760: W/ResourceType(6230): No package identifier when getting name for resource number 0x00000001
10-16 20:00:11.760: I/ViewInteraction(6230): Performing 'fast swipe' action on view (with class name: is "android.support.v4.view.ViewPager" and with id: com.habitrpg.android.habitica:id/view_pager and is a child at 0th index of the matching parent: (with class name: is "android.widget.FrameLayout" and with id: 1 (resource name not found) and is a child at 0th index of the matching parent: (with class name: is "android.support.v7.widget.ContentFrameLayout" and with id: android:id/content and is a child at 1th index of the matching parent: (with class name: is "android.support.v7.widget.FitWindowsLinearLayout" and with id: com.habitrpg.android.habitica:id/action_bar_root and is a child at 0th index of the matching parent: (with class name: is "android.widget.FrameLayout" and with id: 1 (resource name not found) and is a child at 1th index of the matching parent: (with class name: is "android.widget.LinearLayout" and with id: 1 (resource name not found) and is a child at 0th index of the matching parent: (with class name: is "com.android.internal.policy.impl.PhoneWindow$DecorView" and with id: 1 (resource name not found) and is a root view.)))))))
10-16 20:00:11.841: I/GceGrallocRegionRegistry(6230): Mapped gralloc-1334.45 hnd=0x99153a80 fd=61 base=0x98216000 format=RGBA_8888(0x1) width=768 height=1280
10-16 20:00:12.334: I/GceMetadataClient(2947): Received updated metadata.
10-16 20:00:12.415: I/Remoter(1322): Saved screenshot to '/data/screenshots/__pmv__-0140.jpg'
10-16 20:00:12.696: I/ViewInteraction(6230): Performing 'Extracts screen state.' action on view is a root view.
10-16 20:00:12.697: W/ResourceType(6230): No known package when getting name for resource number 0xffffffff
10-16 20:00:12.698: W/ResourceType(6230): No known package when getting name for resource number 0xffffffff
10-16 20:00:12.698: W/ResourceType(6230): No known package when getting name for resource number 0xffffffff
10-16 20:00:12.716: W/ResourceType(6230): No known package when getting name for resource number 0xffffffff
10-16 20:00:12.717: W/ResourceType(6230): No known package when getting name for resource number 0xffffffff
10-16 20:00:12.752: W/ResourceType(6230): No known package when getting name for resource number 0xffffffff
10-16 20:00:12.754: W/ResourceType(6230): No known package when getting name for resource number 0xffffffff
10-16 20:00:12.759: W/ResourceType(6230): No known package when getting name for resource number 0xffffffff
10-16 20:00:12.762: W/ResourceType(6230): No known package when getting name for resource number 0xffffffff
10-16 20:00:12.785: I/GceGrallocRegionRegistry(1334): Mapped gralloc-1334.51 hnd=0xafff6140 fd=43 base=0xb203e000 format=RGBA_8888(0x1) width=768 height=1280
10-16 20:00:12.785: I/GceGrallocRegionRegistry(6217): Mapped gralloc-1334.51 hnd=0xae095440 fd=15 base=0xacbae000 format=RGBA_8888(0x1) width=768 height=1280
10-16 20:00:12.785: I/GceGrallocRegionRegistry(1334): Unmapped gralloc-1334.51 hnd=0xafff6140 fd=43 base=0xb203e000
10-16 20:00:12.785: I/GceGrallocRegionRegistry(1334): Mapped gralloc-1334.51 hnd=0xafff60c0 fd=44 base=0xb203e000 format=RGBA_8888(0x1) width=768 height=1280
10-16 20:00:12.821: I/GceGrallocRegionRegistry(1334): Unmapped gralloc-1334.51 hnd=0xafff60c0 fd=44 base=0xb203e000
10-16 20:00:12.896: I/System.out(6186): INFO: New Screen: Optional.of(ScreenNode {Id=3, PackageName=com.habitrpg.android.habitica, ActivityName=Optional.of(com.habitrpg.android.habitica.ui.activities.IntroActivity)})
10-16 20:00:13.048: W/ResourceType(6230): No package identifier when getting name for resource number 0x00000001
10-16 20:00:13.048: W/ResourceType(6230): No package identifier when getting name for resource number 0x00000001
10-16 20:00:13.049: W/ResourceType(6230): No package identifier when getting name for resource number 0x00000001
10-16 20:00:13.049: W/ResourceType(6230): No package identifier when getting name for resource number 0x00000001
10-16 20:00:13.049: W/ResourceType(6230): No package identifier when getting name for resource number 0x00000001
10-16 20:00:13.049: I/ViewInteraction(6230): Performing 'single click' action on view (with class name: is "android.support.v7.widget.AppCompatButton" and with id: com.habitrpg.android.habitica:id/skipButton and is a child at 1th index of the matching parent: (with class name: is "android.widget.RelativeLayout" and with id: 1 (resource name not found) and is a child at 1th index of the matching parent: (with class name: is "android.widget.FrameLayout" and with id: 1 (resource name not found) and is a child at 0th index of the matching parent: (with class name: is "android.support.v7.widget.ContentFrameLayout" and with id: android:id/content and is a child at 1th index of the matching parent: (with class name: is "android.support.v7.widget.FitWindowsLinearLayout" and with id: com.habitrpg.android.habitica:id/action_bar_root and is a child at 0th index of the matching parent: (with class name: is "android.widget.FrameLayout" and with id: 1 (resource name not found) and is a child at 1th index of the matching parent: (with class name: is "android.widget.LinearLayout" and with id: 1 (resource name not found) and is a child at 0th index of the matching parent: (with class name: is "com.android.internal.policy.impl.PhoneWindow$DecorView" and with id: 1 (resource name not found) and is a root view.))))))))
10-16 20:00:13.101: D/MonitoringInstr(6230): execStartActivity(context, ibinder, ibinder, activity, intent, int, bundle
10-16 20:00:13.101: I/ActivityManager(1677): START u0 {flg=0x14008000 cmp=com.habitrpg.android.habitica/.ui.activities.LoginActivity} from uid 10087 on display 0
10-16 20:00:13.103: I/GceGrallocRegionRegistry(1334): Mapped gralloc-1334.52 hnd=0xafff6300 fd=43 base=0xb3172000 format=RGBA_8888(0x1) width=384 height=384
10-16 20:00:13.104: I/GceGrallocRegionRegistry(1677): Mapped gralloc-1334.52 hnd=0x9da30cc0 fd=205 base=0x99f42000 format=RGBA_8888(0x1) width=384 height=384
10-16 20:00:13.104: I/GceGrallocRegionRegistry(1334): Unmapped gralloc-1334.52 hnd=0xafff6300 fd=43 base=0xb3172000
10-16 20:00:13.104: I/GceGrallocRegionRegistry(1334): Mapped gralloc-1334.52 hnd=0xafff60c0 fd=44 base=0xb3172000 format=RGBA_8888(0x1) width=384 height=384
10-16 20:00:13.112: I/GceGrallocRegionRegistry(1677): Unmapped gralloc-1334.52 hnd=0x9da30cc0 fd=205 base=0x99f42000
10-16 20:00:13.113: V/WindowManager(1677): addAppToken: AppWindowToken{2f9dc7d3 token=Token{2da12dc2 ActivityRecord{1f41ca0d u0 com.habitrpg.android.habitica/.ui.activities.LoginActivity t5}}} to stack=1 task=5 at 1
10-16 20:00:13.115: V/WindowManager(1677): Adding window Window{343ab31a u0 Starting com.habitrpg.android.habitica} at 4 of 9 (after Window{2ae358e5 u0 com.habitrpg.android.habitica/com.habitrpg.android.habitica.ui.activities.IntroActivity})
10-16 20:00:13.116: W/ActivityManager(1677): Duplicate finish request for ActivityRecord{1d751ebd u0 com.habitrpg.android.habitica/.ui.activities.IntroActivity t5 f}
10-16 20:00:13.116: D/LifecycleMonitor(6230): Lifecycle status change: com.habitrpg.android.habitica.ui.activities.IntroActivity@166a8956 in: PAUSED
10-16 20:00:13.119: I/FA(6230): Tag Manager is not found and thus will not be used
10-16 20:00:13.121: D/LifecycleMonitor(6230): Lifecycle status change: com.habitrpg.android.habitica.ui.activities.LoginActivity@86127af in: PRE_ON_CREATE
10-16 20:00:13.122: I/GceGrallocRegionRegistry(1334): Unmapped gralloc-1334.52 hnd=0xafff60c0 fd=44 base=0xb3172000
10-16 20:00:13.130: I/art(6230): Rejecting re-init on previously-failed class java.lang.Class<com.habitrpg.android.habitica.ui.views.login.LoginBackgroundView$$Lambda$1>
10-16 20:00:13.130: I/art(6230): Rejecting re-init on previously-failed class java.lang.Class<com.habitrpg.android.habitica.ui.views.login.LoginBackgroundView$$Lambda$1>
10-16 20:00:13.166: I/GceGrallocRegionRegistry(1334): Mapped gralloc-1334.53 hnd=0xafff6100 fd=31 base=0xb203e000 format=RGBA_8888(0x1) width=768 height=1280
10-16 20:00:13.166: I/GceGrallocRegionRegistry(1677): Mapped gralloc-1334.53 hnd=0x9b6cb280 fd=211 base=0x96405000 format=RGBA_8888(0x1) width=768 height=1280
10-16 20:00:13.238: I/art(6230): Background sticky concurrent mark sweep GC freed 4710(353KB) AllocSpace objects, 2(32KB) LOS objects, 0% free, 33MB/33MB, paused 16.333ms total 34.149ms
10-16 20:00:13.308: D/LifecycleMonitor(6230): Lifecycle status change: com.habitrpg.android.habitica.ui.activities.LoginActivity@86127af in: CREATED
10-16 20:00:13.309: D/LifecycleMonitor(6230): Lifecycle status change: com.habitrpg.android.habitica.ui.activities.LoginActivity@86127af in: STARTED
10-16 20:00:13.310: D/LifecycleMonitor(6230): Lifecycle status change: com.habitrpg.android.habitica.ui.activities.LoginActivity@86127af in: RESUMED
10-16 20:00:13.311: V/WindowManager(1677): Adding window Window{1e46507d u0 com.habitrpg.android.habitica/com.habitrpg.android.habitica.ui.activities.LoginActivity} at 4 of 10 (before Window{343ab31a u0 Starting com.habitrpg.android.habitica})
10-16 20:00:13.335: I/GceGrallocRegionRegistry(1334): Mapped gralloc-1334.54 hnd=0xafff62c0 fd=41 base=0xb04aa000 format=RGBA_8888(0x1) width=768 height=1280
10-16 20:00:13.335: I/GceGrallocRegionRegistry(1334): Mapped gralloc-1334.55 hnd=0xafff6340 fd=42 base=0xae03e000 format=RGBA_8888(0x1) width=768 height=1280
10-16 20:00:13.335: I/GceGrallocRegionRegistry(1334): Mapped gralloc-1334.56 hnd=0xafff6280 fd=43 base=0xadc7c000 format=RGBA_8888(0x1) width=768 height=1280
10-16 20:00:13.338: W/View(6230): requestLayout() improperly called by com.habitrpg.android.habitica.ui.views.login.StarView{24705f88 V.ED.... ......ID 0,0-54,54} during layout: running second layout pass
10-16 20:00:13.338: W/View(6230): requestLayout() improperly called by com.habitrpg.android.habitica.ui.views.login.StarView{3dc72f2b V.ED.... ......ID 0,0-42,42} during layout: running second layout pass
10-16 20:00:13.338: W/View(6230): requestLayout() improperly called by com.habitrpg.android.habitica.ui.views.login.StarView{46cbb7a V.ED.... ......ID 0,0-42,42} during layout: running second layout pass
10-16 20:00:13.338: W/View(6230): requestLayout() improperly called by com.habitrpg.android.habitica.ui.views.login.StarView{32a09ba5 V.ED.... ......ID 0,0-42,42} during layout: running second layout pass
10-16 20:00:13.338: W/View(6230): requestLayout() improperly called by com.habitrpg.android.habitica.ui.views.login.StarView{4f2859c V.ED.... ......ID 0,0-42,42} during layout: running second layout pass
10-16 20:00:13.338: W/View(6230): requestLayout() improperly called by com.habitrpg.android.habitica.ui.views.login.StarView{2688910f V.ED.... ......ID 0,0-42,42} during layout: running second layout pass
10-16 20:00:13.338: W/View(6230): requestLayout() improperly called by com.habitrpg.android.habitica.ui.views.login.StarView{1358a66e V.ED.... ......ID 0,0-42,42} during layout: running second layout pass
10-16 20:00:13.338: W/View(6230): requestLayout() improperly called by com.habitrpg.android.habitica.ui.views.login.StarView{8b649e9 V.ED.... ......ID 0,0-42,42} during layout: running second layout pass
10-16 20:00:13.338: W/View(6230): requestLayout() improperly called by com.habitrpg.android.habitica.ui.views.login.StarView{99cb270 V.ED.... ......ID 0,0-42,42} during layout: running second layout pass
10-16 20:00:13.338: W/View(6230): requestLayout() improperly called by com.habitrpg.android.habitica.ui.views.login.StarView{3206dcb3 V.ED.... ......ID 0,0-42,42} during layout: running second layout pass
10-16 20:00:13.338: W/View(6230): requestLayout() improperly called by com.habitrpg.android.habitica.ui.views.login.StarView{2d200a22 V.ED.... ......ID 0,0-42,42} during layout: running second layout pass
10-16 20:00:13.338: W/View(6230): requestLayout() improperly called by com.habitrpg.android.habitica.ui.views.login.StarView{21fadbed V.ED.... ......ID 0,0-42,42} during layout: running second layout pass
10-16 20:00:13.338: W/View(6230): requestLayout() improperly called by com.habitrpg.android.habitica.ui.views.login.StarView{3097fa04 V.ED.... ......ID 0,0-42,42} during layout: running second layout pass
10-16 20:00:13.338: W/View(6230): requestLayout() improperly called by com.habitrpg.android.habitica.ui.views.login.StarView{fd2f617 V.ED.... ......ID 0,0-18,18} during layout: running second layout pass
10-16 20:00:13.338: W/View(6230): requestLayout() improperly called by com.habitrpg.android.habitica.ui.views.login.StarView{1b38da96 V.ED.... ......ID 0,0-18,18} during layout: running second layout pass
10-16 20:00:13.338: W/View(6230): requestLayout() improperly called by com.habitrpg.android.habitica.ui.views.login.StarView{14f395b1 V.ED.... ......ID 0,0-18,18} during layout: running second layout pass
10-16 20:00:13.338: W/View(6230): requestLayout() improperly called by com.habitrpg.android.habitica.ui.views.login.StarView{15e43058 V.ED.... ......ID 0,0-18,18} during layout: running second layout pass
10-16 20:00:13.338: W/View(6230): requestLayout() improperly called by com.habitrpg.android.habitica.ui.views.login.StarView{1777813b V.ED.... ......ID 0,0-18,18} during layout: running second layout pass
10-16 20:00:13.338: W/View(6230): requestLayout() improperly called by com.habitrpg.android.habitica.ui.views.login.StarView{2fe1cbca V.ED.... ......ID 0,0-18,18} during layout: running second layout pass
10-16 20:00:13.338: W/View(6230): requestLayout() improperly called by com.habitrpg.android.habitica.ui.views.login.StarView{37997b35 V.ED.... ......ID 0,0-18,18} during layout: running second layout pass
10-16 20:00:13.338: W/View(6230): requestLayout() improperly called by com.habitrpg.android.habitica.ui.views.login.StarView{1f6be96c V.ED.... ......ID 0,0-18,18} during layout: running second layout pass
10-16 20:00:13.338: W/View(6230): requestLayout() improperly called by com.habitrpg.android.habitica.ui.views.login.StarView{85ce21f V.ED.... ......ID 0,0-18,18} during layout: running second layout pass
10-16 20:00:13.338: W/View(6230): requestLayout() improperly called by com.habitrpg.android.habitica.ui.views.login.StarView{71651be V.ED.... ......ID 0,0-18,18} during layout: running second layout pass
10-16 20:00:13.338: W/View(6230): requestLayout() improperly called by com.habitrpg.android.habitica.ui.views.login.StarView{3b9d5079 V.ED.... ......ID 0,0-18,18} during layout: running second layout pass
10-16 20:00:13.338: W/View(6230): requestLayout() improperly called by com.habitrpg.android.habitica.ui.views.login.StarView{fd87940 V.ED.... ......ID 0,0-18,18} during layout: running second layout pass
10-16 20:00:13.338: W/View(6230): requestLayout() improperly called by com.habitrpg.android.habitica.ui.views.login.StarView{136d3cc3 V.ED.... ......ID 0,0-18,18} during layout: running second layout pass
10-16 20:00:13.338: W/View(6230): requestLayout() improperly called by com.habitrpg.android.habitica.ui.views.login.StarView{2042a072 V.ED.... ......ID 0,0-18,18} during layout: running second layout pass
10-16 20:00:13.338: W/View(6230): requestLayout() improperly called by com.habitrpg.android.habitica.ui.views.login.StarView{e6b997d V.ED.... ......ID 0,0-18,18} during layout: running second layout pass
10-16 20:00:13.338: W/View(6230): requestLayout() improperly called by com.habitrpg.android.habitica.ui.views.login.StarView{1425f3d4 V.ED.... ......ID 0,0-18,18} during layout: running second layout pass
10-16 20:00:13.338: W/View(6230): requestLayout() improperly called by com.habitrpg.android.habitica.ui.views.login.StarView{12787527 V.ED.... ......ID 0,0-18,18} during layout: running second layout pass
10-16 20:00:13.338: W/View(6230): requestLayout() improperly called by com.habitrpg.android.habitica.ui.views.login.StarView{4b7abe6 V.ED.... ......ID 0,0-18,18} during layout: running second layout pass
10-16 20:00:13.338: W/View(6230): requestLayout() improperly called by com.habitrpg.android.habitica.ui.views.login.StarView{f09a41 V.ED.... ......ID 0,0-18,18} during layout: running second layout pass
10-16 20:00:13.338: W/View(6230): requestLayout() improperly called by com.habitrpg.android.habitica.ui.views.login.StarView{1ff72d28 V.ED.... ......ID 0,0-18,18} during layout: running second layout pass
10-16 20:00:13.338: W/View(6230): requestLayout() improperly called by com.habitrpg.android.habitica.ui.views.login.StarView{11582f4b V.ED.... ......ID 0,0-18,18} during layout: running second layout pass
10-16 20:00:13.338: W/View(6230): requestLayout() improperly called by com.habitrpg.android.habitica.ui.views.login.StarView{2edf281a V.ED.... ......ID 0,0-18,18} during layout: running second layout pass
10-16 20:00:13.339: W/View(6230): requestLayout() improperly called by com.habitrpg.android.habitica.ui.views.login.StarView{3b1c56c5 V.ED.... ......ID 0,0-18,18} during layout: running second layout pass
10-16 20:00:13.339: W/View(6230): requestLayout() improperly called by com.habitrpg.android.habitica.ui.views.login.StarView{2ca9b93c V.ED.... ......ID 0,0-18,18} during layout: running second layout pass
10-16 20:00:13.339: W/View(6230): requestLayout() improperly called by com.habitrpg.android.habitica.ui.views.login.StarView{cd3cf2f V.ED.... ......ID 0,0-18,18} during layout: running second layout pass
10-16 20:00:13.733: I/Remoter(1322): Saved screenshot to '/data/screenshots/__pmv__-0141.jpg'
10-16 20:00:14.049: I/GceGrallocRegionRegistry(6230): Mapped gralloc-1334.54 hnd=0x9a2564c0 fd=91 base=0x9873e000 format=RGBA_8888(0x1) width=768 height=1280
10-16 20:00:14.236: I/ActivityManager(1677): Displayed com.habitrpg.android.habitica/.ui.activities.LoginActivity: +1s119ms
10-16 20:00:14.237: I/GceGrallocRegionRegistry(6230): Unmapped gralloc-1334.43 hnd=0x9e3ff0c0 fd=97 base=0x99c3e000
10-16 20:00:14.237: I/GceGrallocRegionRegistry(6230): Unmapped gralloc-1334.44 hnd=0x9a7ce040 fd=103 base=0x9977e000
10-16 20:00:14.237: I/GceGrallocRegionRegistry(6230): Unmapped gralloc-1334.45 hnd=0x99153a80 fd=61 base=0x98216000
10-16 20:00:14.238: I/GceGrallocRegionRegistry(1334): Unmapped gralloc-1334.44 hnd=0xb60383c0 fd=37 base=0xb0c2e000
10-16 20:00:14.239: I/GceGrallocRegionRegistry(1334): Unmapped gralloc-1334.45 hnd=0xafff6040 fd=40 base=0xb086c000
10-16 20:00:14.465: I/GceGrallocRegionRegistry(1677): Unmapped gralloc-1334.53 hnd=0x9b6cb280 fd=211 base=0x96405000
10-16 20:00:14.486: W/SurfaceFlinger(1334): couldn't log to binary event log: overflow.
10-16 20:00:14.486: I/GceGrallocRegionRegistry(1334): Unmapped gralloc-1334.53 hnd=0xafff6100 fd=31 base=0xb203e000
10-16 20:00:14.487: I/GceGrallocRegionRegistry(1334): Unmapped gralloc-1334.43 hnd=0xb6038380 fd=32 base=0xb283e000
10-16 20:00:14.489: I/Choreographer(6230): Skipped 64 frames!  The application may be doing too much work on its main thread.
10-16 20:00:14.612: I/GceGrallocRegionRegistry(6230): Mapped gralloc-1334.55 hnd=0x9a29e3c0 fd=96 base=0x99c3e000 format=RGBA_8888(0x1) width=768 height=1280
10-16 20:00:14.631: D/LifecycleMonitor(6230): Lifecycle status change: com.habitrpg.android.habitica.ui.activities.IntroActivity@166a8956 in: STOPPED
10-16 20:00:14.639: D/LifecycleMonitor(6230): Lifecycle status change: com.habitrpg.android.habitica.ui.activities.IntroActivity@166a8956 in: DESTROYED
10-16 20:00:14.678: I/GceGrallocRegionRegistry(6230): Mapped gralloc-1334.56 hnd=0x9a29ee80 fd=97 base=0x9977e000 format=RGBA_8888(0x1) width=768 height=1280
10-16 20:00:14.939: I/Remoter(1322): Saved screenshot to '/data/screenshots/__pmv__-0142.jpg'
10-16 20:00:15.446: W/CursorWrapperInner(4537): Cursor finalized without prior close()
10-16 20:00:15.455: I/ActivityManager(1677): Killing 5260:com.google.android.gms.ui/u0a9 (adj 15): empty #17
10-16 20:00:15.598: I/GceRil(1340): Received request 19
10-16 20:00:15.598: I/GceRil(1340): Reporting signal strength: GW=29 CDMA=-62 EVDO=-70 LTE=28
10-16 20:00:16.075: I/Remoter(1322): Saved screenshot to '/data/screenshots/__pmv__-0143.jpg'
10-16 20:00:17.145: I/Remoter(1322): Saved screenshot to '/data/screenshots/__pmv__-0144.jpg'
10-16 20:00:18.266: I/Remoter(1322): Saved screenshot to '/data/screenshots/__pmv__-0145.jpg'
10-16 20:00:19.459: I/Remoter(1322): Saved screenshot to '/data/screenshots/__pmv__-0146.jpg'
10-16 20:00:20.626: I/Remoter(1322): Saved screenshot to '/data/screenshots/__pmv__-0147.jpg'
10-16 20:00:21.740: I/Remoter(1322): Saved screenshot to '/data/screenshots/__pmv__-0148.jpg'
10-16 20:00:21.903: I/MDM(4559): [489] wtz.a: sending sitrep: [1, 11, [UWriCjhMOLCGuOeUf1vl9_OYX6Y], false]
10-16 20:00:22.073: W/Auth(4578): [GetToken] GetToken failed with status code: INVALID_SCOPE
10-16 20:00:22.074: W/WakefulBroadcastReceiver(4559): No active wake lock id #5
10-16 20:00:22.193: I/Finsky(5702): [426] com.google.android.finsky.contentfilterui.m.a(8): Received content filters request from sharedUserId=com.google.uid.shared:10009
10-16 20:00:22.252: W/Auth(4578): [GetToken] GetToken failed with status code: INVALID_SCOPE
10-16 20:00:22.253: W/GLSActivity(4578): dzw: INVALID_SCOPE
10-16 20:00:22.253: W/GLSActivity(4578): 	at eaa.a(:com.google.android.gms@11519270:16)
10-16 20:00:22.253: W/GLSActivity(4578): 	at dzz.a(:com.google.android.gms@11519270:2)
10-16 20:00:22.253: W/GLSActivity(4578): 	at dzz.e(:com.google.android.gms@11519270:6)
10-16 20:00:22.253: W/GLSActivity(4578): 	at dzy.a(:com.google.android.gms@11519270:1)
10-16 20:00:22.253: W/GLSActivity(4578): 	at ebo.getAuthToken(:com.google.android.gms@11519270:7)
10-16 20:00:22.253: W/GLSActivity(4578): 	at android.accounts.AbstractAccountAuthenticator$Transport.getAuthToken(AbstractAccountAuthenticator.java:196)
10-16 20:00:22.253: W/GLSActivity(4578): 	at android.accounts.IAccountAuthenticator$Stub.onTransact(IAccountAuthenticator.java:113)
10-16 20:00:22.253: W/GLSActivity(4578): 	at android.os.Binder.transact(Binder.java:380)
10-16 20:00:22.253: W/GLSActivity(4578): 	at bvp.onTransact(:com.google.android.gms@11519270:3)
10-16 20:00:22.253: W/GLSActivity(4578): 	at android.os.Binder.execTransact(Binder.java:446)
10-16 20:00:22.264: E/InstantApps(4578): getTokenWithNotification failed
10-16 20:00:22.264: E/InstantApps(4578): android.accounts.AuthenticatorException: INVALID_SCOPE
10-16 20:00:22.264: E/InstantApps(4578): 	at android.accounts.AccountManager.convertErrorToException(AccountManager.java:2017)
10-16 20:00:22.264: E/InstantApps(4578): 	at android.accounts.AccountManager.access$400(AccountManager.java:144)
10-16 20:00:22.264: E/InstantApps(4578): 	at android.accounts.AccountManager$AmsTask$Response.onError(AccountManager.java:1867)
10-16 20:00:22.264: E/InstantApps(4578): 	at android.accounts.IAccountManagerResponse$Stub.onTransact(IAccountManagerResponse.java:69)
10-16 20:00:22.264: E/InstantApps(4578): 	at android.os.Binder.execTransact(Binder.java:446)
10-16 20:00:22.265: E/InstantApps(4578): RouterBackendClient: updateUserPrefs failed
10-16 20:00:22.265: E/InstantApps(4578): vca: getTokenWithNotification failed
10-16 20:00:22.265: E/InstantApps(4578): 	at vbz.a(:com.google.android.gms@11519270:7)
10-16 20:00:22.265: E/InstantApps(4578): 	at vbr.b(:com.google.android.gms@11519270:13)
10-16 20:00:22.265: E/InstantApps(4578): 	at vbr.a(:com.google.android.gms@11519270)
10-16 20:00:22.265: E/InstantApps(4578): 	at vcc.call(:com.google.android.gms@11519270:2)
10-16 20:00:22.265: E/InstantApps(4578): 	at java.util.concurrent.FutureTask.run(FutureTask.java:237)
10-16 20:00:22.265: E/InstantApps(4578): 	at mng.run(:com.google.android.gms@11519270:25)
10-16 20:00:22.265: E/InstantApps(4578): 	at java.util.concurrent.ThreadPoolExecutor.runWorker(ThreadPoolExecutor.java:1112)
10-16 20:00:22.265: E/InstantApps(4578): 	at java.util.concurrent.ThreadPoolExecutor$Worker.run(ThreadPoolExecutor.java:587)
10-16 20:00:22.265: E/InstantApps(4578): 	at mso.run(:com.google.android.gms@11519270)
10-16 20:00:22.265: E/InstantApps(4578): 	at java.lang.Thread.run(Thread.java:818)
10-16 20:00:22.265: E/InstantApps(4578): Caused by: android.accounts.AuthenticatorException: INVALID_SCOPE
10-16 20:00:22.265: E/InstantApps(4578): 	at android.accounts.AccountManager.convertErrorToException(AccountManager.java:2017)
10-16 20:00:22.265: E/InstantApps(4578): 	at android.accounts.AccountManager.access$400(AccountManager.java:144)
10-16 20:00:22.265: E/InstantApps(4578): 	at android.accounts.AccountManager$AmsTask$Response.onError(AccountManager.java:1867)
10-16 20:00:22.265: E/InstantApps(4578): 	at android.accounts.IAccountManagerResponse$Stub.onTransact(IAccountManagerResponse.java:69)
10-16 20:00:22.265: E/InstantApps(4578): 	at android.os.Binder.execTransact(Binder.java:446)
10-16 20:00:22.265: E/InstantApps(4578): UserPrefsUpdater: Failed updateUserPrefs: status=0
10-16 20:00:22.324: W/Auth(4578): [GetToken] GetToken failed with status code: INVALID_SCOPE
10-16 20:00:22.324: W/GLSActivity(4578): dzw: INVALID_SCOPE
10-16 20:00:22.324: W/GLSActivity(4578): 	at eaa.a(:com.google.android.gms@11519270:16)
10-16 20:00:22.324: W/GLSActivity(4578): 	at dzz.a(:com.google.android.gms@11519270:2)
10-16 20:00:22.324: W/GLSActivity(4578): 	at dzz.e(:com.google.android.gms@11519270:6)
10-16 20:00:22.324: W/GLSActivity(4578): 	at dzy.a(:com.google.android.gms@11519270:1)
10-16 20:00:22.324: W/GLSActivity(4578): 	at ebo.getAuthToken(:com.google.android.gms@11519270:7)
10-16 20:00:22.324: W/GLSActivity(4578): 	at android.accounts.AbstractAccountAuthenticator$Transport.getAuthToken(AbstractAccountAuthenticator.java:196)
10-16 20:00:22.324: W/GLSActivity(4578): 	at android.accounts.IAccountAuthenticator$Stub.onTransact(IAccountAuthenticator.java:113)
10-16 20:00:22.324: W/GLSActivity(4578): 	at android.os.Binder.transact(Binder.java:380)
10-16 20:00:22.324: W/GLSActivity(4578): 	at bvp.onTransact(:com.google.android.gms@11519270:3)
10-16 20:00:22.324: W/GLSActivity(4578): 	at android.os.Binder.execTransact(Binder.java:446)
10-16 20:00:22.325: E/InstantApps(4578): getTokenWithNotification failed
10-16 20:00:22.325: E/InstantApps(4578): android.accounts.AuthenticatorException: INVALID_SCOPE
10-16 20:00:22.325: E/InstantApps(4578): 	at android.accounts.AccountManager.convertErrorToException(AccountManager.java:2017)
10-16 20:00:22.325: E/InstantApps(4578): 	at android.accounts.AccountManager.access$400(AccountManager.java:144)
10-16 20:00:22.325: E/InstantApps(4578): 	at android.accounts.AccountManager$AmsTask$Response.onError(AccountManager.java:1867)
10-16 20:00:22.325: E/InstantApps(4578): 	at android.accounts.IAccountManagerResponse$Stub.onTransact(IAccountManagerResponse.java:69)
10-16 20:00:22.325: E/InstantApps(4578): 	at android.os.Binder.execTransact(Binder.java:446)
10-16 20:00:22.325: E/InstantApps(4578): DomainFilterImpl: Error while reading domain filter from WHAPI
10-16 20:00:22.325: E/InstantApps(4578): java.util.concurrent.ExecutionException: bagi: UNAUTHENTICATED
10-16 20:00:22.325: E/InstantApps(4578): 	at java.util.concurrent.FutureTask.report(FutureTask.java:93)
10-16 20:00:22.325: E/InstantApps(4578): 	at java.util.concurrent.FutureTask.get(FutureTask.java:163)
10-16 20:00:22.325: E/InstantApps(4578): 	at vcb.get(:com.google.android.gms@11519270:2)
10-16 20:00:22.325: E/InstantApps(4578): 	at vgh.a(:com.google.android.gms@11519270:7)
10-16 20:00:22.325: E/InstantApps(4578): 	at vgh.a(:com.google.android.gms@11519270:54)
10-16 20:00:22.325: E/InstantApps(4578): 	at vgh.a(:com.google.android.gms@11519270:120)
10-16 20:00:22.325: E/InstantApps(4578): 	at vge.a(:com.google.android.gms@11519270:1)
10-16 20:00:22.325: E/InstantApps(4578): 	at com.google.android.gms.instantapps.routing.DomainFilterUpdateChimeraService.a(:com.google.android.gms@11519270:10)
10-16 20:00:22.325: E/InstantApps(4578): 	at sto.run(:com.google.android.gms@11519270:1)
10-16 20:00:22.325: E/InstantApps(4578): 	at java.util.concurrent.ThreadPoolExecutor.runWorker(ThreadPoolExecutor.java:1112)
10-16 20:00:22.325: E/InstantApps(4578): 	at java.util.concurrent.ThreadPoolExecutor$Worker.run(ThreadPoolExecutor.java:587)
10-16 20:00:22.325: E/InstantApps(4578): 	at java.lang.Thread.run(Thread.java:818)
10-16 20:00:22.325: E/InstantApps(4578): Caused by: bagi: UNAUTHENTICATED
10-16 20:00:22.325: E/InstantApps(4578): 	at vbp.b(:com.google.android.gms@11519270:31)
10-16 20:00:22.325: E/InstantApps(4578): 	at vbp.a(:com.google.android.gms@11519270)
10-16 20:00:22.325: E/InstantApps(4578): 	at vcc.call(:com.google.android.gms@11519270:2)
10-16 20:00:22.325: E/InstantApps(4578): 	at java.util.concurrent.FutureTask.run(FutureTask.java:237)
10-16 20:00:22.325: E/InstantApps(4578): 	at mng.run(:com.google.android.gms@11519270:25)
10-16 20:00:22.325: E/InstantApps(4578): 	at java.util.concurrent.ThreadPoolExecutor.runWorker(ThreadPoolExecutor.java:1112)
10-16 20:00:22.325: E/InstantApps(4578): 	at java.util.concurrent.ThreadPoolExecutor$Worker.run(ThreadPoolExecutor.java:587)
10-16 20:00:22.325: E/InstantApps(4578): 	at mso.run(:com.google.android.gms@11519270)
10-16 20:00:22.325: E/InstantApps(4578): 	... 1 more
10-16 20:00:22.325: W/InstantApps(4578): DomainFilterUpdateChimeraService: Retry later
10-16 20:00:22.452: I/art(4578): Explicit concurrent mark sweep GC freed 86378(4MB) AllocSpace objects, 3(50KB) LOS objects, 40% free, 16MB/27MB, paused 384us total 90.870ms
10-16 20:00:22.609: I/GoogleURLConnFactory(4578): Using platform SSLCertificateSocketFactory
10-16 20:00:22.619: I/GoogleURLConnFactory(4578): Using platform SSLCertificateSocketFactory
10-16 20:00:22.926: I/Remoter(1322): Saved screenshot to '/data/screenshots/__pmv__-0149.jpg'
10-16 20:00:23.045: W/Auth(4578): [GetToken] GetToken failed with status code: INVALID_SCOPE
10-16 20:00:23.045: E/Uploader(4578): Failed to get auth token: INVALID_SCOPE
10-16 20:00:23.045: E/Uploader(4578): dzw: INVALID_SCOPE
10-16 20:00:23.045: E/Uploader(4578): 	at eaa.a(:com.google.android.gms@11519270:16)
10-16 20:00:23.045: E/Uploader(4578): 	at dzz.a(:com.google.android.gms@11519270:2)
10-16 20:00:23.045: E/Uploader(4578): 	at dzz.e(:com.google.android.gms@11519270:6)
10-16 20:00:23.045: E/Uploader(4578): 	at dzx.f(:com.google.android.gms@11519270:3)
10-16 20:00:23.045: E/Uploader(4578): 	at dzx.a(:com.google.android.gms@11519270:4)
10-16 20:00:23.045: E/Uploader(4578): 	at dzx.a(:com.google.android.gms@11519270:7)
10-16 20:00:23.045: E/Uploader(4578): 	at krw.a(:com.google.android.gms@11519270:163)
10-16 20:00:23.045: E/Uploader(4578): 	at krw.a(:com.google.android.gms@11519270:2)
10-16 20:00:23.045: E/Uploader(4578): 	at krw.a(:com.google.android.gms@11519270:198)
10-16 20:00:23.045: E/Uploader(4578): 	at krw.a(:com.google.android.gms@11519270:224)
10-16 20:00:23.045: E/Uploader(4578): 	at krw.a(:com.google.android.gms@11519270:226)
10-16 20:00:23.045: E/Uploader(4578): 	at com.google.android.gms.clearcut.uploader.QosUploaderChimeraService.a(:com.google.android.gms@11519270:18)
10-16 20:00:23.045: E/Uploader(4578): 	at com.google.android.gms.clearcut.uploader.QosUploaderChimeraService.b(:com.google.android.gms@11519270:20)
10-16 20:00:23.045: E/Uploader(4578): 	at com.google.android.gms.clearcut.uploader.QosUploaderChimeraService.a(:com.google.android.gms@11519270:29)
10-16 20:00:23.045: E/Uploader(4578): 	at sto.run(:com.google.android.gms@11519270:1)
10-16 20:00:23.045: E/Uploader(4578): 	at java.util.concurrent.ThreadPoolExecutor.runWorker(ThreadPoolExecutor.java:1112)
10-16 20:00:23.045: E/Uploader(4578): 	at java.util.concurrent.ThreadPoolExecutor$Worker.run(ThreadPoolExecutor.java:587)
10-16 20:00:23.045: E/Uploader(4578): 	at java.lang.Thread.run(Thread.java:818)
10-16 20:00:23.093: I/scp(6888): type=1400 audit(0.0:159): avc: denied { search } for name="/" dev="fuse" ino=0 scontext=u:r:init_shell:s0 tcontext=u:object_r:fuse:s0 tclass=dir permissive=1
10-16 20:00:23.113: I/scp(6888): type=1400 audit(0.0:160): avc: denied { read } for name="app_firebase_test_lab" dev="fuse" ino=40 scontext=u:r:init_shell:s0 tcontext=u:object_r:fuse:s0 tclass=dir permissive=1
10-16 20:00:23.113: I/scp(6888): type=1400 audit(0.0:161): avc: denied { open } for path="/mnt/shell/emulated/0/app_firebase_test_lab" dev="fuse" ino=40 scontext=u:r:init_shell:s0 tcontext=u:object_r:fuse:s0 tclass=dir permissive=1
10-16 20:00:23.153: I/scp(6888): type=1400 audit(0.0:162): avc: denied { read } for name="1.meta" dev="fuse" ino=41 scontext=u:r:init_shell:s0 tcontext=u:object_r:fuse:s0 tclass=file permissive=1
10-16 20:00:23.153: I/scp(6888): type=1400 audit(0.0:163): avc: denied { open } for path="/mnt/shell/emulated/0/app_firebase_test_lab/1.meta" dev="fuse" ino=41 scontext=u:r:init_shell:s0 tcontext=u:object_r:fuse:s0 tclass=file permissive=1
10-16 20:00:23.153: I/scp(6888): type=1400 audit(0.0:164): avc: denied { getattr } for path="/mnt/shell/emulated/0/app_firebase_test_lab/1.meta" dev="fuse" ino=41 scontext=u:r:init_shell:s0 tcontext=u:object_r:fuse:s0 tclass=file permissive=1
10-16 20:00:24.071: I/Remoter(1322): Saved screenshot to '/data/screenshots/__pmv__-0150.jpg'
10-16 20:00:25.239: I/Remoter(1322): Saved screenshot to '/data/screenshots/__pmv__-0151.jpg'
10-16 20:00:25.800: E/ActivityThread(6230): Failed to find provider info for com.google.android.apps.common.testing.services.storage.outputfiles
10-16 20:00:25.801: W/AppNotIdleException(6230): Test Services not installed, not dumping thread state.
10-16 20:00:25.801: W/AppNotIdleException(6230): java.lang.RuntimeException: No content provider registered for: content://com.google.android.apps.common.testing.services.storage.outputfiles/ThreadState-AppNotIdleException.txt. Are all test services apks installed?
10-16 20:00:25.801: W/AppNotIdleException(6230): 	at com.google.android.apps.common.testing.util.AndroidTestUtil.makeContentProviderClient(AndroidTestUtil.java:991)
10-16 20:00:25.801: W/AppNotIdleException(6230): 	at com.google.android.apps.common.testing.util.AndroidTestUtil.getTestOutputStream(AndroidTestUtil.java:360)
10-16 20:00:25.801: W/AppNotIdleException(6230): 	at com.google.android.apps.common.testing.util.AndroidTestUtil.dumpThreadStateToOutputs(AndroidTestUtil.java:304)
10-16 20:00:25.801: W/AppNotIdleException(6230): 	at android.support.test.espresso.AppNotIdleException.<init>(AppNotIdleException.java:39)
10-16 20:00:25.801: W/AppNotIdleException(6230): 	at android.support.test.espresso.AppNotIdleException.create(AppNotIdleException.java:87)
10-16 20:00:25.801: W/AppNotIdleException(6230): 	at android.support.test.espresso.IdlingPolicy.handleTimeout(IdlingPolicy.java:61)
10-16 20:00:25.801: W/AppNotIdleException(6230): 	at android.support.test.espresso.base.UiControllerImpl.loopUntil(UiControllerImpl.java:526)
10-16 20:00:25.801: W/AppNotIdleException(6230): 	at android.support.test.espresso.base.UiControllerImpl.loopMainThreadUntilIdle(UiControllerImpl.java:384)
10-16 20:00:25.801: W/AppNotIdleException(6230): 	at android.support.test.espresso.ViewInteraction.doPerform(ViewInteraction.java:211)
10-16 20:00:25.801: W/AppNotIdleException(6230): 	at android.support.test.espresso.ViewInteraction.access$100(ViewInteraction.java:62)
10-16 20:00:25.801: W/AppNotIdleException(6230): 	at android.support.test.espresso.ViewInteraction$1.call(ViewInteraction.java:149)
10-16 20:00:25.801: W/AppNotIdleException(6230): 	at android.support.test.espresso.ViewInteraction$1.call(ViewInteraction.java:146)
10-16 20:00:25.801: W/AppNotIdleException(6230): 	at java.util.concurrent.FutureTask.run(FutureTask.java:237)
10-16 20:00:25.801: W/AppNotIdleException(6230): 	at android.os.Handler.handleCallback(Handler.java:739)
10-16 20:00:25.801: W/AppNotIdleException(6230): 	at android.os.Handler.dispatchMessage(Handler.java:95)
10-16 20:00:25.801: W/AppNotIdleException(6230): 	at android.os.Looper.loop(Looper.java:135)
10-16 20:00:25.801: W/AppNotIdleException(6230): 	at android.app.ActivityThread.main(ActivityThread.java:5254)
10-16 20:00:25.801: W/AppNotIdleException(6230): 	at java.lang.reflect.Method.invoke(Native Method)
10-16 20:00:25.801: W/AppNotIdleException(6230): 	at java.lang.reflect.Method.invoke(Method.java:372)
10-16 20:00:25.801: W/AppNotIdleException(6230): 	at com.android.internal.os.ZygoteInit$MethodAndArgsCaller.run(ZygoteInit.java:903)
10-16 20:00:25.801: W/AppNotIdleException(6230): 	at com.android.internal.os.ZygoteInit.main(ZygoteInit.java:698)
10-16 20:00:25.917: W/QueryController(6230): Could not detect idle state.
10-16 20:00:26.214: I/GceGrallocRegionRegistry(1334): Mapped gralloc-1334.57 hnd=0xb27cd140 fd=40 base=0xb283e000 format=RGBA_8888(0x1) width=768 height=1280
10-16 20:00:26.214: I/GceGrallocRegionRegistry(6217): Mapped gralloc-1334.57 hnd=0xae095540 fd=16 base=0xac7ec000 format=RGBA_8888(0x1) width=768 height=1280
10-16 20:00:26.214: I/GceGrallocRegionRegistry(1334): Unmapped gralloc-1334.57 hnd=0xb27cd140 fd=40 base=0xb283e000
10-16 20:00:26.215: I/GceGrallocRegionRegistry(1334): Mapped gralloc-1334.57 hnd=0xafff6080 fd=44 base=0xb283e000 format=RGBA_8888(0x1) width=768 height=1280
10-16 20:00:26.255: I/GceGrallocRegionRegistry(1334): Unmapped gralloc-1334.57 hnd=0xafff6080 fd=44 base=0xb283e000
10-16 20:00:26.299: I/System.out(6186): INFO: New Screen: Optional.of(ScreenNode {Id=4, PackageName=com.habitrpg.android.habitica, ActivityName=Optional.of(com.habitrpg.android.habitica.ui.activities.LoginActivity)})
10-16 20:00:26.472: I/Remoter(1322): Saved screenshot to '/data/screenshots/__pmv__-0152.jpg'
10-16 20:00:26.671: W/UdcContextManagerHelper(4578): Empty context buffer. Thus might mean that the context is not synced down.
10-16 20:00:26.761: W/Auth(4578): [GetToken] GetToken failed with status code: INVALID_SCOPE
10-16 20:00:27.024: W/Auth(4578): [GetToken] GetToken failed with status code: INVALID_SCOPE
10-16 20:00:27.024: W/AuthSessionAuthenticato(4578): Auth related exception is being ignored: INVALID_SCOPE
10-16 20:00:27.075: W/GLSUser(4578): [DeviceKeyStore] Cannot load key: Device key file not found.
10-16 20:00:27.113: D/WVCdm(1342): Instantiating CDM.
10-16 20:00:27.115: I/WVCdm(1342): CdmEngine::OpenSession
10-16 20:00:27.115: I/WVCdm(1342): Level3 Library Dec  3 2014 13:06:03
10-16 20:00:27.119: W/WVCdm(1342): Could not read /data/mediadrm/IDM1013/ay64.dat2: No such file or directory
10-16 20:00:27.119: W/WVCdm(1342): Could not load liboemcrypto.so. Falling Back to L3.  dlopen failed: library "liboemcrypto.so" not found
10-16 20:00:27.144: I/WVCdm(1342): CdmEngine::QueryKeyControlInfo
10-16 20:00:27.144: W/WVCdm(1342): BufferReader::Read<T> : Failure during parse: Not enough bytes (4)
10-16 20:00:27.144: W/WVCdm(1342): CdmEngine::ExtractWidevinePssh: Unable to read PSSH atom size
10-16 20:00:27.144: I/WVCdm(1342): CdmEngine::GenerateKeyRequest
10-16 20:00:27.145: D/WVCdm(1342): PrepareKeyRequest: nonce=735041659
10-16 20:00:27.540: I/Remoter(1322): Saved screenshot to '/data/screenshots/__pmv__-0153.jpg'
10-16 20:00:27.633: I/Binder_1(4750): type=1400 audit(0.0:165): avc: denied { read } for name="/" dev="tmpfs" ino=6069 scontext=u:r:untrusted_app:s0 tcontext=u:object_r:device:s0 tclass=dir permissive=1
10-16 20:00:27.673: I/Binder_1(4750): type=1400 audit(0.0:166): avc: denied { open } for path="/dev" dev="tmpfs" ino=6069 scontext=u:r:untrusted_app:s0 tcontext=u:object_r:device:s0 tclass=dir permissive=1
10-16 20:00:28.850: I/Remoter(1322): Saved screenshot to '/data/screenshots/__pmv__-0154.jpg'
10-16 20:00:29.000: I/art(1677): Background sticky concurrent mark sweep GC freed 43689(4MB) AllocSpace objects, 125(2001KB) LOS objects, 23% free, 19MB/25MB, paused 256us total 108.467ms
10-16 20:00:29.188: I/WVCdm(1342): CdmEngine::CloseSession
10-16 20:00:29.188: I/WVCdm(1342): L3 Terminate.
10-16 20:00:29.764: W/GLSUser(4578): [AppCertManager] IOException while requesting key: 
10-16 20:00:29.764: W/GLSUser(4578): java.io.IOException: Invalid device key response.
10-16 20:00:29.764: W/GLSUser(4578): 	at ewx.a(:com.google.android.gms@11519270:11)
10-16 20:00:29.764: W/GLSUser(4578): 	at ewx.a(:com.google.android.gms@11519270:63)
10-16 20:00:29.764: W/GLSUser(4578): 	at ewx.a(:com.google.android.gms@11519270:20)
10-16 20:00:29.764: W/GLSUser(4578): 	at ewv.a(:com.google.android.gms@11519270:4)
