10-16 19:59:27.021: W/Conscrypt(4578):    java.lang.reflect.Method.invoke(Native Method)
10-16 19:59:27.021: W/Conscrypt(4578):    java.lang.reflect.Method.invoke(Method.java:372)
10-16 19:59:27.029: I/Places(4578): ?: Couldn't find platform key file.
10-16 19:59:27.029: I/GeofencerStateMachine(4578): removeGeofences: removeRequest=RemoveGeofencingRequest[REMOVE_BY_PENDING_INTENT pendingIntent=PendingIntent[creatorPackage=com.google.android.gms], packageName=null]
10-16 19:59:27.031: I/GeofencerStateMachine(4578): removeGeofences: removeRequest=RemoveGeofencingRequest[REMOVE_BY_PENDING_INTENT pendingIntent=PendingIntent[creatorPackage=com.google.android.gms], packageName=null]
10-16 19:59:27.056: I/GeofencerStateMachine(4578): removeGeofences: removeRequest=RemoveGeofencingRequest[REMOVE_BY_PENDING_INTENT pendingIntent=PendingIntent[creatorPackage=com.google.android.gms], packageName=null]
10-16 19:59:27.058: I/GeofencerStateMachine(4578): removeGeofences: removeRequest=RemoveGeofencingRequest[REMOVE_BY_PENDING_INTENT pendingIntent=PendingIntent[creatorPackage=com.google.android.gms], packageName=null]
10-16 19:59:27.058: I/GeofencerStateMachine(4578): removeGeofences: removeRequest=RemoveGeofencingRequest[REMOVE_BY_PENDING_INTENT pendingIntent=PendingIntent[creatorPackage=com.google.android.gms], packageName=null]
10-16 19:59:27.061: I/GeofencerStateMachine(4578): removeGeofences: removeRequest=RemoveGeofencingRequest[REMOVE_BY_PENDING_INTENT pendingIntent=PendingIntent[creatorPackage=com.google.android.gms], packageName=null]
10-16 19:59:27.072: I/art(4578): Explicit concurrent mark sweep GC freed 44346(2MB) AllocSpace objects, 5(80KB) LOS objects, 39% free, 16MB/27MB, paused 343us total 104.169ms
10-16 19:59:27.085: E/ctxmgr(4578): [NetworkUtil]No active synchronizable contexts.
10-16 19:59:27.096: W/Auth(4578): [GetToken] GetToken failed with status code: INVALID_SCOPE
10-16 19:59:27.098: W/Auth(4578): [GetToken] GetToken failed with status code: INVALID_SCOPE
10-16 19:59:27.105: E/Auth.Api.Credentials(4559): [SyncManager] Error during the sync.
10-16 19:59:27.105: E/Auth.Api.Credentials(4559): dzw: INVALID_SCOPE
10-16 19:59:27.105: E/Auth.Api.Credentials(4559): 	at eaa.a(:com.google.android.gms@11519270:16)
10-16 19:59:27.105: E/Auth.Api.Credentials(4559): 	at dzz.a(:com.google.android.gms@11519270:2)
10-16 19:59:27.105: E/Auth.Api.Credentials(4559): 	at dzz.e(:com.google.android.gms@11519270:6)
10-16 19:59:27.105: E/Auth.Api.Credentials(4559): 	at dzz.d(:com.google.android.gms@11519270:1)
10-16 19:59:27.105: E/Auth.Api.Credentials(4559): 	at dzx.b(:com.google.android.gms@11519270:1)
10-16 19:59:27.105: E/Auth.Api.Credentials(4559): 	at mih.b(:com.google.android.gms@11519270)
10-16 19:59:27.105: E/Auth.Api.Credentials(4559): 	at mgy.b(:com.google.android.gms@11519270:5)
10-16 19:59:27.105: E/Auth.Api.Credentials(4559): 	at mho.b(:com.google.android.gms@11519270:9)
10-16 19:59:27.105: E/Auth.Api.Credentials(4559): 	at mho.a(:com.google.android.gms@11519270:16)
10-16 19:59:27.105: E/Auth.Api.Credentials(4559): 	at mho.a(:com.google.android.gms@11519270:32)
10-16 19:59:27.105: E/Auth.Api.Credentials(4559): 	at enw.b(:com.google.android.gms@11519270:45)
10-16 19:59:27.105: E/Auth.Api.Credentials(4559): 	at erx.a(:com.google.android.gms@11519270:4)
10-16 19:59:27.105: E/Auth.Api.Credentials(4559): 	at erv.a(:com.google.android.gms@11519270:84)
10-16 19:59:27.105: E/Auth.Api.Credentials(4559): 	at eru.a(:com.google.android.gms@11519270:60)
10-16 19:59:27.105: E/Auth.Api.Credentials(4559): 	at mmj.onPerformSync(:com.google.android.gms@11519270:6)
10-16 19:59:27.105: E/Auth.Api.Credentials(4559): 	at android.content.AbstractThreadedSyncAdapter$SyncThread.run(AbstractThreadedSyncAdapter.java:259)
10-16 19:59:27.108: E/CheckinRequestBuilder(4559): Unrecoverable authentication exception: INVALID_SCOPE
10-16 19:59:27.108: E/CheckinRequestBuilder(4559): dzw: INVALID_SCOPE
10-16 19:59:27.108: E/CheckinRequestBuilder(4559): 	at eaa.a(:com.google.android.gms@11519270:16)
10-16 19:59:27.108: E/CheckinRequestBuilder(4559): 	at dzz.a(:com.google.android.gms@11519270:2)
10-16 19:59:27.108: E/CheckinRequestBuilder(4559): 	at dzz.e(:com.google.android.gms@11519270:6)
10-16 19:59:27.108: E/CheckinRequestBuilder(4559): 	at dzx.f(:com.google.android.gms@11519270:3)
10-16 19:59:27.108: E/CheckinRequestBuilder(4559): 	at dzx.a(:com.google.android.gms@11519270:4)
10-16 19:59:27.108: E/CheckinRequestBuilder(4559): 	at kbz.a(:com.google.android.gms@11519270:207)
10-16 19:59:27.108: E/CheckinRequestBuilder(4559): 	at kcz.a(:com.google.android.gms@11519270:17)
10-16 19:59:27.108: E/CheckinRequestBuilder(4559): 	at kcz.a(:com.google.android.gms@11519270:181)
10-16 19:59:27.108: E/CheckinRequestBuilder(4559): 	at com.google.android.gms.checkin.CheckinChimeraService.a(:com.google.android.gms@11519270:149)
10-16 19:59:27.108: E/CheckinRequestBuilder(4559): 	at kbv.run(:com.google.android.gms@11519270:2)
10-16 19:59:27.108: E/CheckinRequestBuilder(4559): 	at mng.run(:com.google.android.gms@11519270:25)
10-16 19:59:27.108: E/CheckinRequestBuilder(4559): 	at java.util.concurrent.ThreadPoolExecutor.runWorker(ThreadPoolExecutor.java:1112)
10-16 19:59:27.108: E/CheckinRequestBuilder(4559): 	at java.util.concurrent.ThreadPoolExecutor$Worker.run(ThreadPoolExecutor.java:587)
10-16 19:59:27.108: E/CheckinRequestBuilder(4559): 	at mso.run(:com.google.android.gms@11519270)
10-16 19:59:27.108: E/CheckinRequestBuilder(4559): 	at java.lang.Thread.run(Thread.java:818)
10-16 19:59:27.119: I/CheckinUtil(4559): Classify the device as Phone.
10-16 19:59:27.154: W/Auth(4578): [GetToken] GetToken failed with status code: INVALID_SCOPE
10-16 19:59:27.154: W/AuthSessionAuthenticato(4578): Auth related exception is being ignored: INVALID_SCOPE
10-16 19:59:27.161: W/GLSUser(4578): [DeviceKeyStore] Cannot load key: Device key file not found.
10-16 19:59:27.162: W/GLSUser(4578): [DeviceKeyStore] Cannot load key: Device key file not found.
10-16 19:59:27.162: I/WVCdm(1342): CdmEngine::OpenSession
10-16 19:59:27.162: I/WVCdm(1342): Level3 Library Dec  3 2014 13:06:03
10-16 19:59:27.164: I/art(2179): Explicit concurrent mark sweep GC freed 3642(159KB) AllocSpace objects, 0(0B) LOS objects, 39% free, 8MB/13MB, paused 547us total 8.131ms
10-16 19:59:27.165: E/ctxmgr(4578): [BaseServerTask]Server task (FetchAclSet) got error statusCode=-1.
10-16 19:59:27.165: E/ctxmgr(4578): com.android.volley.VolleyError: Unable to obtain auth token - is the device online?
10-16 19:59:27.165: E/ctxmgr(4578): 	at cjq.a(:com.google.android.gms@11519270:39)
10-16 19:59:27.165: E/ctxmgr(4578): 	at cez.run(:com.google.android.gms@11519270:2)
10-16 19:59:27.165: E/ctxmgr(4578): 	at cex.handleMessage(:com.google.android.gms@11519270:3)
10-16 19:59:27.165: E/ctxmgr(4578): 	at mmw.run(:com.google.android.gms@11519270:6)
10-16 19:59:27.165: E/ctxmgr(4578): 	at mng.run(:com.google.android.gms@11519270:25)
10-16 19:59:27.165: E/ctxmgr(4578): 	at java.util.concurrent.ThreadPoolExecutor.runWorker(ThreadPoolExecutor.java:1112)
10-16 19:59:27.165: E/ctxmgr(4578): 	at java.util.concurrent.ThreadPoolExecutor$Worker.run(ThreadPoolExecutor.java:587)
10-16 19:59:27.165: E/ctxmgr(4578): 	at mso.run(:com.google.android.gms@11519270)
10-16 19:59:27.165: E/ctxmgr(4578): 	at java.lang.Thread.run(Thread.java:818)
10-16 19:59:27.165: E/ctxmgr(4578): [AccountAclCallback]Failed Acl fetch: network status=-1
10-16 19:59:27.172: W/WVCdm(1342): Could not read /data/mediadrm/IDM1013/ay64.dat2: No such file or directory
10-16 19:59:27.172: W/WVCdm(1342): Could not load liboemcrypto.so. Falling Back to L3.  dlopen failed: library "liboemcrypto.so" not found
10-16 19:59:27.184: E/ProcessCheckinRequest(4559): CheckinNowTaskTag : Checkin Succeeded: https://android.clients.google.com/checkin (request #1): 
10-16 19:59:27.198: I/WVCdm(1342): CdmEngine::QueryKeyControlInfo
10-16 19:59:27.200: W/WVCdm(1342): BufferReader::Read<T> : Failure during parse: Not enough bytes (4)
10-16 19:59:27.200: W/WVCdm(1342): CdmEngine::ExtractWidevinePssh: Unable to read PSSH atom size
10-16 19:59:27.200: I/WVCdm(1342): CdmEngine::GenerateKeyRequest
10-16 19:59:27.201: D/WVCdm(1342): PrepareKeyRequest: nonce=1948450126
10-16 19:59:27.345: I/art(1677): Background sticky concurrent mark sweep GC freed 145095(5MB) AllocSpace objects, 17(2MB) LOS objects, 19% free, 26MB/32MB, paused 604us total 104.584ms
10-16 19:59:27.394: W/art(1677): Suspending all threads took: 11.261ms
10-16 19:59:27.397: I/art(1677): Background sticky concurrent mark sweep GC freed 6135(223KB) AllocSpace objects, 0(0B) LOS objects, 19% free, 26MB/32MB, paused 12.315ms total 23.839ms
10-16 19:59:27.401: D/PackageManager(1677): Renaming /data/app/vmdl1807734506.tmp to /data/app/com.habitrpg.android.habitica-1
10-16 19:59:27.485: I/PackageManager(1677): Running dexopt on: /data/app/com.habitrpg.android.habitica-1/base.apk pkg=com.habitrpg.android.habitica isa=x86 vmSafeMode=false
10-16 19:59:27.502: E/cutils-trace(5426): Error opening trace file: Permission denied (13)
10-16 19:59:27.502: I/dex2oat(5426): /system/bin/dex2oat --zip-fd=6 --zip-location=/data/app/com.habitrpg.android.habitica-1/base.apk --oat-fd=7 --oat-location=/data/dalvik-cache/x86/data@app@com.habitrpg.android.habitica-1@base.apk@classes.dex --instruction-set=x86 --instruction-set-features=default --runtime-arg -Xms64m --runtime-arg -Xmx512m --swap-fd=8
10-16 19:59:27.815: I/WVCdm(1342): CdmEngine::CloseSession
10-16 19:59:27.815: I/WVCdm(1342): L3 Terminate.
10-16 19:59:27.891: I/Remoter(1322): Saved screenshot to '/data/screenshots/__pmv__-0098.jpg'
10-16 19:59:27.951: I/GoogleURLConnFactory(4559): Using platform SSLCertificateSocketFactory
10-16 19:59:27.951: E/BaseAppContext(4559): Tried to stop global GMSCore RequestQueue. This is likely unintended, so ignoring.
10-16 19:59:28.105: I/dex2oat(5426): Decided to run without swap.
10-16 19:59:28.126: W/dex2oat(5426): Before Android 4.1, method android.graphics.PorterDuffColorFilter android.support.graphics.drawable.VectorDrawableCompat.updateTintFilter(android.graphics.PorterDuffColorFilter, android.content.res.ColorStateList, android.graphics.PorterDuff$Mode) would have incorrectly overridden the package-private method in android.graphics.drawable.Drawable
10-16 19:59:28.193: W/dex2oat(5426): Before Android 4.1, method int android.support.v7.widget.ListViewCompat.lookForSelectablePosition(int, boolean) would have incorrectly overridden the package-private method in android.widget.ListView
10-16 19:59:28.403: W/dex2oat(5426): Before Android 4.1, method void rx.internal.operators.OnSubscribeGroupJoin$ResultManager.init() would have incorrectly overridden the package-private method in java.util.HashMap
10-16 19:59:28.931: I/Remoter(1322): Saved screenshot to '/data/screenshots/__pmv__-0099.jpg'
10-16 19:59:29.965: I/Remoter(1322): Saved screenshot to '/data/screenshots/__pmv__-0100.jpg'
10-16 19:59:30.778: I/ActivityManager(1677): Killing 3277:com.google.android.apps.gcs/u0a8 (adj 15): empty #17
10-16 19:59:31.011: I/Remoter(1322): Saved screenshot to '/data/screenshots/__pmv__-0101.jpg'
10-16 19:59:32.053: I/Remoter(1322): Saved screenshot to '/data/screenshots/__pmv__-0102.jpg'
10-16 19:59:32.315: I/ActivityManager(1677): Killing 4894:com.android.chrome/u0a34 (adj 15): empty #17
10-16 19:59:33.106: I/Remoter(1322): Saved screenshot to '/data/screenshots/__pmv__-0103.jpg'
10-16 19:59:34.154: I/Remoter(1322): Saved screenshot to '/data/screenshots/__pmv__-0104.jpg'
10-16 19:59:34.902: I/dex2oat(5426): dex2oat took 7.400s (threads: 2) arena alloc=424KB java alloc=19MB native alloc=35MB free=12MB
10-16 19:59:34.918: V/BackupManagerService(1677): restoreAtInstall pkg=com.habitrpg.android.habitica token=9 restoreSet=0
10-16 19:59:34.918: V/BackupManagerService(1677): Finishing install immediately
10-16 19:59:34.918: I/installd(1343): free_cache(0) avail 3113324544
10-16 19:59:34.926: I/UpdateIcingCorporaServi(2101): Updating corpora: APPS=com.google.android.videos, CONTACTS=MAYBE
10-16 19:59:34.926: I/InputReader(1677): Reconfiguring input devices.  changes=0x00000010
10-16 19:59:34.948: D/BackupManagerService(1677): Received broadcast Intent { act=android.intent.action.PACKAGE_CHANGED dat=package:com.google.android.videos flg=0x4000010 (has extras) }
10-16 19:59:34.948: I/ActivityManager(1677): Start proc 5439:com.android.voicedialer/u0a25 for broadcast com.android.voicedialer/.VoiceDialerReceiver
10-16 19:59:34.955: W/Settings(1677): Setting install_non_market_apps has moved from android.provider.Settings.Global to android.provider.Settings.Secure, returning read-only value.
10-16 19:59:34.959: I/ApplicationLogger(2101): canRun() : Opted Out
10-16 19:59:34.959: I/UpdateIcingCorporaServi(2101): UpdateCorporaTask done [took 34 ms] updated apps [took 34 ms] 
10-16 19:59:34.962: I/InputReader(1677): Reconfiguring input devices.  changes=0x00000010
10-16 19:59:34.969: D/BackupManagerService(1677): Received broadcast Intent { act=android.intent.action.PACKAGE_ADDED dat=package:com.habitrpg.android.habitica flg=0x4000010 (has extras) }
10-16 19:59:34.971: W/InputMethodInfo(1677): Duplicated subtype definition found: , voice
10-16 19:59:34.997: W/ResourcesManager(2024): Asset path '/system/framework/com.google.android.maps.jar' does not exist or contains no resources.
10-16 19:59:35.001: I/Launcher(2024): Deferring update until onResume
10-16 19:59:35.003: I/Launcher(2024): Deferring update until onResume
10-16 19:59:35.007: I/Launcher(2024): Deferring update until onResume
10-16 19:59:35.010: I/ActivityManager(1677): Killing 3040:com.google.android.gm/u0a70 (adj 15): empty #17
10-16 19:59:35.014: I/art(1677): Explicit concurrent mark sweep GC freed 192368(9MB) AllocSpace objects, 8(1078KB) LOS objects, 33% free, 16MB/25MB, paused 620us total 54.749ms
10-16 19:59:35.015: I/art(5305): System.exit called, status: 0
10-16 19:59:35.015: I/AndroidRuntime(5305): VM exiting with result code 0.
10-16 19:59:35.064: W/Launcher(2024): setApplicationContext called twice! old=com.android.launcher3.LauncherApplication@2696af41 new=com.android.launcher3.LauncherApplication@2696af41
10-16 19:59:35.094: I/ActivityManager(1677): Start proc 5468:com.android.musicfx/u0a18 for broadcast com.android.musicfx/.Compatibility$Receiver
10-16 19:59:35.100: I/Launcher(2024): Deferring update until onResume
10-16 19:59:35.105: D/Wear_Controller(4559): Received broadcast action=android.intent.action.PACKAGE_CHANGED and uri=com.google.android.videos
10-16 19:59:35.108: W/ConfigurationChimeraProvider(4578): Got null configs for com.google.android.gms.chromesync
10-16 19:59:35.118: I/Launcher(2024): Deferring update until onResume
10-16 19:59:35.124: I/ActivityManager(1677): Killing 4966:com.google.android.videos/u0a74 (adj 15): empty #17
10-16 19:59:35.127: I/UpdateIcingCorporaServi(2101): Updating corpora: APPS=com.habitrpg.android.habitica, CONTACTS=MAYBE
10-16 19:59:35.180: I/ActivityManager(1677): Killing 5007:com.google.android.talk/u0a15 (adj 15): empty #17
10-16 19:59:35.189: I/Remoter(1322): Saved screenshot to '/data/screenshots/__pmv__-0105.jpg'
10-16 19:59:35.240: I/Icing(4559): IndexChimeraService.getServiceInterface callingPackage=com.google.android.gms componentName=AppsCorpus serviceId=36
10-16 19:59:35.240: I/Icing(4559): IndexChimeraService.getServiceInterface callingPackage=com.google.android.gms componentName=AppsCorpus serviceId=32
10-16 19:59:35.253: I/Icing(4559): IndexChimeraService.getServiceInterface callingPackage=com.google.android.googlequicksearchbox componentName=null serviceId=21
10-16 19:59:35.291: W/ConfigurationChimeraProvider(4578): Got null configs for com.google.android.gms.appinvite
10-16 19:59:35.346: I/FA-SVC(4559): App measurement is starting up, version: 11519
10-16 19:59:35.360: I/art(4559): Explicit concurrent mark sweep GC freed 28866(1893KB) AllocSpace objects, 37(9MB) LOS objects, 24% free, 25MB/33MB, paused 278us total 51.760ms
10-16 19:59:35.366: D/Wear_Controller(4559): Received broadcast action=android.intent.action.PACKAGE_ADDED and uri=com.habitrpg.android.habitica
10-16 19:59:35.395: I/Icing(4559): Usage reports 0 indexed 0 rejected 0 imm upload true
10-16 19:59:35.398: I/Icing(4559): Usage reports 0 indexed 0 rejected 0 imm upload false
10-16 19:59:35.400: I/Icing(4559): Usage reports 0 indexed 0 rejected 0 imm upload false
10-16 19:59:35.403: I/ApplicationLogger(2101): canRun() : Opted Out
10-16 19:59:35.403: I/UpdateIcingCorporaServi(2101): UpdateCorporaTask done [took 276 ms] updated apps [took 276 ms] 
10-16 19:59:35.406: I/Icing(4559): IndexChimeraService.getServiceInterface callingPackage=com.google.android.gms componentName=AppsCorpus serviceId=36
10-16 19:59:35.406: I/Icing(4559): IndexChimeraService.getServiceInterface callingPackage=com.google.android.gms componentName=AppsCorpus serviceId=32
10-16 19:59:35.409: I/Icing(4559): Usage reports 0 indexed 0 rejected 0 imm upload false
10-16 19:59:35.411: E/Volley(3108): [266] xa.a: Unexpected response code 503 for https://www.googleapis.com/youtubei/v1/notification_registration/set_registration?key=AIzaSyA8eiZmM1FaDVjRy-df2KTyQ_vz_yYM39w
10-16 19:59:35.411: W/YouTube(3108): (unknown) Could not register for notifications with InnerTube: 
10-16 19:59:35.411: W/YouTube(3108): fay: java.util.concurrent.ExecutionException: wu
10-16 19:59:35.411: W/YouTube(3108): 	at ezo.a(SourceFile:103)
10-16 19:59:35.411: W/YouTube(3108): 	at fpl.run(SourceFile:57)
10-16 19:59:35.411: W/YouTube(3108): 	at java.util.concurrent.ThreadPoolExecutor.runWorker(ThreadPoolExecutor.java:1112)
10-16 19:59:35.411: W/YouTube(3108): 	at java.util.concurrent.ThreadPoolExecutor$Worker.run(ThreadPoolExecutor.java:587)
10-16 19:59:35.411: W/YouTube(3108): 	at ers.run(SourceFile:40)
10-16 19:59:35.411: W/YouTube(3108): 	at java.lang.Thread.run(Thread.java:818)
10-16 19:59:35.411: W/YouTube(3108): Caused by: java.util.concurrent.ExecutionException: wu
10-16 19:59:35.411: W/YouTube(3108): 	at xv.a(SourceFile:117)
10-16 19:59:35.411: W/YouTube(3108): 	at xv.get(SourceFile:88)
10-16 19:59:35.411: W/YouTube(3108): 	at goc.get(SourceFile:69)
10-16 19:59:35.411: W/YouTube(3108): 	at ezo.a(SourceFile:99)
10-16 19:59:35.411: W/YouTube(3108): 	... 5 more
10-16 19:59:35.411: W/YouTube(3108): Caused by: wu
10-16 19:59:35.411: W/YouTube(3108): 	at xa.a(SourceFile:145)
10-16 19:59:35.411: W/YouTube(3108): 	at gnu.a(SourceFile:49)
10-16 19:59:35.411: W/YouTube(3108): 	at wg.run(SourceFile:105)
10-16 19:59:35.412: I/Icing(4559): Usage reports 0 indexed 0 rejected 0 imm upload false
10-16 19:59:35.594: I/GceRil(1340): Received request 19
10-16 19:59:35.594: I/GceRil(1340): Reporting signal strength: GW=29 CDMA=-61 EVDO=-70 LTE=26
10-16 19:59:36.017: D/AndroidRuntime(5507): >>>>>> START com.android.internal.os.RuntimeInit uid 0 <<<<<<
10-16 19:59:36.018: D/AndroidRuntime(5507): CheckJNI is OFF
10-16 19:59:36.034: E/memtrack(5507): Couldn't load memtrack module (No such file or directory)
10-16 19:59:36.034: E/android.os.Debug(5507): failed to load memtrack module: -2
10-16 19:59:36.043: D/AndroidRuntime(5507): Calling main entry com.android.commands.pm.Pm
10-16 19:59:36.045: I/art(5507): System.exit called, status: 1
10-16 19:59:36.045: I/AndroidRuntime(5507): VM exiting with result code 1.
10-16 19:59:36.209: D/AndroidRuntime(5523): >>>>>> START com.android.internal.os.RuntimeInit uid 0 <<<<<<
10-16 19:59:36.210: D/AndroidRuntime(5523): CheckJNI is OFF
10-16 19:59:36.229: I/Remoter(1322): Saved screenshot to '/data/screenshots/__pmv__-0106.jpg'
10-16 19:59:36.232: E/memtrack(5523): Couldn't load memtrack module (No such file or directory)
10-16 19:59:36.232: E/android.os.Debug(5523): failed to load memtrack module: -2
10-16 19:59:36.240: D/AndroidRuntime(5523): Calling main entry com.android.commands.am.Am
10-16 19:59:36.241: I/ActivityManager(1677): Force stopping com.google.android.apps.mtaas.tools appid=10079 user=0: start instr
10-16 19:59:36.261: I/ActivityManager(1677): Start proc 5533:com.google.android.apps.mtaas.tools/u0a79 for added application com.google.android.apps.mtaas.tools
10-16 19:59:36.274: D/DumpPackageStats(5533): Instrumentation completed successfully
10-16 19:59:36.275: D/AndroidRuntime(5523): Shutting down VM
10-16 19:59:36.283: I/surfaceflinger(1334): type=1400 audit(0.0:107): avc: denied { ioctl } for path="/dev/userspace_framebuffer" dev="tmpfs" ino=6095 ioctlcmd=7702 scontext=u:r:surfaceflinger:s0 tcontext=u:object_r:device:s0 tclass=file permissive=1
10-16 19:59:36.403: I/Icing(4559): Indexing 78809412366E3FB9E25492F12C0E3355617CA57E from com.google.android.googlequicksearchbox
10-16 19:59:36.493: I/ActivityManager(1677): Force stopping com.google.android.apps.mtaas.tools appid=10079 user=0: finished inst
10-16 19:59:36.493: I/ActivityManager(1677): Killing 5533:com.google.android.apps.mtaas.tools/u0a79 (adj 0): stop com.google.android.apps.mtaas.tools
10-16 19:59:36.561: W/art(1677): Long monitor contention event with owner method=void com.android.server.am.ActivityManagerService.finishInstrumentation(android.app.IApplicationThread, int, android.os.Bundle) from ActivityManagerService.java:16596 waiters=0 for 157ms
10-16 19:59:36.565: W/ActivityManager(1677): Spurious death for ProcessRecord{12ac08b6 5533:com.google.android.apps.mtaas.tools/u0a79}, curProc for 5533: null
10-16 19:59:36.594: I/art(2179): Explicit concurrent mark sweep GC freed 3933(194KB) AllocSpace objects, 0(0B) LOS objects, 39% free, 8MB/13MB, paused 135us total 7.938ms
10-16 19:59:36.610: I/Icing(4559): Indexing done 78809412366E3FB9E25492F12C0E3355617CA57E
10-16 19:59:36.611: I/Icing(4559): Indexing 5233BB6556150606E6EA2800A20D5D691B1774CC from com.google.android.gms
10-16 19:59:36.625: W/asset(4559): Asset path /system/framework/com.google.android.dialer.support.jar is neither a directory nor file (type=1).
10-16 19:59:36.625: W/ResourcesManager(4559): Asset path '/system/framework/com.google.android.dialer.support.jar' does not exist or contains no resources.
10-16 19:59:36.696: D/DefContainer(4048): Copying /data/user/0/com.android.providers.downloads/cache/downloadfile.bin to base.apk
10-16 19:59:36.730: W/ResourcesManager(4559): Asset path '/system/framework/com.google.android.media.effects.jar' does not exist or contains no resources.
10-16 19:59:36.822: I/Icing(4559): Indexing done 5233BB6556150606E6EA2800A20D5D691B1774CC
10-16 19:59:36.827: I/Icing(4559): IndexChimeraService.getServiceInterface callingPackage=com.google.android.inputmethod.latin componentName=null serviceId=21
10-16 19:59:36.837: I/Icing(4559): Usage reports 0 indexed 0 rejected 0 imm upload false
10-16 19:59:37.296: D/PackageManager(1677): Renaming /data/app/vmdl1692418078.tmp to /data/app/com.android.vending-1
10-16 19:59:37.296: I/ActivityManager(1677): Force stopping com.android.vending appid=10019 user=-1: replace sys pkg
10-16 19:59:37.296: I/ActivityManager(1677): Killing 4797:com.android.vending/u0a19 (adj 9): stop com.android.vending
10-16 19:59:37.298: W/PackageManager(1677): Trying to update system app code path from /system/priv-app/Phonesky to /data/app/com.android.vending-1
10-16 19:59:37.299: I/Remoter(1322): Saved screenshot to '/data/screenshots/__pmv__-0107.jpg'
10-16 19:59:37.310: I/PackageManager(1677): Running dexopt on: /data/app/com.android.vending-1/base.apk pkg=com.android.vending isa=x86 vmSafeMode=false
10-16 19:59:37.318: E/cutils-trace(5555): Error opening trace file: Permission denied (13)
10-16 19:59:37.318: I/dex2oat(5555): /system/bin/dex2oat --zip-fd=6 --zip-location=/data/app/com.android.vending-1/base.apk --oat-fd=7 --oat-location=/data/dalvik-cache/x86/data@app@com.android.vending-1@base.apk@classes.dex --instruction-set=x86 --instruction-set-features=default --runtime-arg -Xms64m --runtime-arg -Xmx512m --swap-fd=8
10-16 19:59:37.350: W/ActivityManager(1677): Spurious death for ProcessRecord{3ba1fa76 4797:com.android.vending/u0a19}, curProc for 4797: null
10-16 19:59:37.550: I/dex2oat(5555): Decided to run without swap.
10-16 19:59:38.341: I/Remoter(1322): Saved screenshot to '/data/screenshots/__pmv__-0108.jpg'
10-16 19:59:39.072: D/AndroidRuntime(5560): >>>>>> START com.android.internal.os.RuntimeInit uid 0 <<<<<<
10-16 19:59:39.074: D/AndroidRuntime(5560): CheckJNI is OFF
10-16 19:59:39.103: E/memtrack(5560): Couldn't load memtrack module (No such file or directory)
10-16 19:59:39.103: E/android.os.Debug(5560): failed to load memtrack module: -2
10-16 19:59:39.124: D/AndroidRuntime(5560): Calling main entry com.android.commands.am.Am
10-16 19:59:39.126: I/ActivityManager(1677): Force stopping com.google.android.apps.mtaas.tools appid=10079 user=0: start instr
10-16 19:59:39.146: I/ActivityManager(1677): Start proc 5570:com.google.android.apps.mtaas.tools/u0a79 for added application com.google.android.apps.mtaas.tools
10-16 19:59:39.159: D/DumpStaticPerfEnv(5570): Instrumentation completed successfully
10-16 19:59:39.160: D/AndroidRuntime(5560): Shutting down VM
10-16 19:59:39.386: I/ActivityManager(1677): Force stopping com.google.android.apps.mtaas.tools appid=10079 user=0: finished inst
10-16 19:59:39.387: I/ActivityManager(1677): Killing 5570:com.google.android.apps.mtaas.tools/u0a79 (adj 0): stop com.google.android.apps.mtaas.tools
10-16 19:59:39.405: I/Remoter(1322): Saved screenshot to '/data/screenshots/__pmv__-0109.jpg'
10-16 19:59:39.498: W/ActivityManager(1677): Spurious death for ProcessRecord{12c040cb 5570:com.google.android.apps.mtaas.tools/u0a79}, curProc for 5570: null
10-16 19:59:39.775: I/MetadataService(1322): Processed 0 update/creates for instance/attributes/
10-16 19:59:39.775: I/MetadataService(1322): Processed 0 update/creates for project/attributes/
10-16 19:59:40.435: W/UdcContextManagerHelper(4578): Empty context buffer. Thus might mean that the context is not synced down.
10-16 19:59:40.436: W/UploadOptInStatusOp(4578): Empty context model while retrieving upload opt-in status!
10-16 19:59:40.442: E/ctxmgr(4578): [NetworkUtil]No active synchronizable contexts.
10-16 19:59:40.457: I/Remoter(1322): Saved screenshot to '/data/screenshots/__pmv__-0110.jpg'
10-16 19:59:40.513: W/Auth(4578): [GetToken] GetToken failed with status code: INVALID_SCOPE
10-16 19:59:40.513: W/AuthSessionAuthenticato(4578): Auth related exception is being ignored: INVALID_SCOPE
10-16 19:59:40.527: W/GLSUser(4578): [DeviceKeyStore] Cannot load key: Device key file not found.
10-16 19:59:40.527: W/GLSUser(4578): [DeviceKeyStore] Cannot load key: Device key file not found.
10-16 19:59:40.528: E/ctxmgr(4578): [BaseServerTask]Server task (FetchAclSet) got error statusCode=-1.
10-16 19:59:40.528: E/ctxmgr(4578): com.android.volley.VolleyError: Unable to obtain auth token - is the device online?
10-16 19:59:40.528: E/ctxmgr(4578): 	at cjq.a(:com.google.android.gms@11519270:39)
10-16 19:59:40.528: E/ctxmgr(4578): 	at cez.run(:com.google.android.gms@11519270:2)
10-16 19:59:40.528: E/ctxmgr(4578): 	at cex.handleMessage(:com.google.android.gms@11519270:3)
10-16 19:59:40.528: E/ctxmgr(4578): 	at mmw.run(:com.google.android.gms@11519270:6)
10-16 19:59:40.528: E/ctxmgr(4578): 	at mng.run(:com.google.android.gms@11519270:25)
10-16 19:59:40.528: E/ctxmgr(4578): 	at java.util.concurrent.ThreadPoolExecutor.runWorker(ThreadPoolExecutor.java:1112)
10-16 19:59:40.528: E/ctxmgr(4578): 	at java.util.concurrent.ThreadPoolExecutor$Worker.run(ThreadPoolExecutor.java:587)
10-16 19:59:40.528: E/ctxmgr(4578): 	at mso.run(:com.google.android.gms@11519270)
10-16 19:59:40.528: E/ctxmgr(4578): 	at java.lang.Thread.run(Thread.java:818)
10-16 19:59:40.528: E/ctxmgr(4578): [AccountAclCallback]Failed Acl fetch: network status=-1
10-16 19:59:40.543: W/ActivityManager(1677): Unable to start service Intent { act=com.android.vending.contentfilters.IContentFiltersService.BIND pkg=com.android.vending } U=0: not found
10-16 19:59:40.545: W/InstantApps(4578): vcj: Unable to read Finsky Content Filter settings
10-16 19:59:40.545: W/InstantApps(4578): 	at vci.a(:com.google.android.gms@11519270:4)
10-16 19:59:40.545: W/InstantApps(4578): 	at vbp.b(:com.google.android.gms@11519270:6)
10-16 19:59:40.545: W/InstantApps(4578): 	at vbp.a(:com.google.android.gms@11519270)
10-16 19:59:40.545: W/InstantApps(4578): 	at vcc.call(:com.google.android.gms@11519270:2)
10-16 19:59:40.545: W/InstantApps(4578): 	at java.util.concurrent.FutureTask.run(FutureTask.java:237)
10-16 19:59:40.545: W/InstantApps(4578): 	at mng.run(:com.google.android.gms@11519270:25)
10-16 19:59:40.545: W/InstantApps(4578): 	at java.util.concurrent.ThreadPoolExecutor.runWorker(ThreadPoolExecutor.java:1112)
10-16 19:59:40.545: W/InstantApps(4578): 	at java.util.concurrent.ThreadPoolExecutor$Worker.run(ThreadPoolExecutor.java:587)
10-16 19:59:40.545: W/InstantApps(4578): 	at mso.run(:com.google.android.gms@11519270)
10-16 19:59:40.545: W/InstantApps(4578): 	at java.lang.Thread.run(Thread.java:818)
10-16 19:59:40.597: W/Auth(4578): [GetToken] GetToken failed with status code: INVALID_SCOPE
10-16 19:59:40.598: W/GLSActivity(4578): dzw: INVALID_SCOPE
10-16 19:59:40.598: W/GLSActivity(4578): 	at eaa.a(:com.google.android.gms@11519270:16)
10-16 19:59:40.598: W/GLSActivity(4578): 	at dzz.a(:com.google.android.gms@11519270:2)
10-16 19:59:40.598: W/GLSActivity(4578): 	at dzz.e(:com.google.android.gms@11519270:6)
10-16 19:59:40.598: W/GLSActivity(4578): 	at dzy.a(:com.google.android.gms@11519270:1)
10-16 19:59:40.598: W/GLSActivity(4578): 	at ebo.getAuthToken(:com.google.android.gms@11519270:7)
10-16 19:59:40.598: W/GLSActivity(4578): 	at android.accounts.AbstractAccountAuthenticator$Transport.getAuthToken(AbstractAccountAuthenticator.java:196)
10-16 19:59:40.598: W/GLSActivity(4578): 	at android.accounts.IAccountAuthenticator$Stub.onTransact(IAccountAuthenticator.java:113)
10-16 19:59:40.598: W/GLSActivity(4578): 	at android.os.Binder.transact(Binder.java:380)
10-16 19:59:40.598: W/GLSActivity(4578): 	at bvp.onTransact(:com.google.android.gms@11519270:3)
10-16 19:59:40.598: W/GLSActivity(4578): 	at android.os.Binder.execTransact(Binder.java:446)
10-16 19:59:40.598: E/InstantApps(4578): getTokenWithNotification failed
10-16 19:59:40.598: E/InstantApps(4578): android.accounts.AuthenticatorException: INVALID_SCOPE
10-16 19:59:40.598: E/InstantApps(4578): 	at android.accounts.AccountManager.convertErrorToException(AccountManager.java:2017)
10-16 19:59:40.598: E/InstantApps(4578): 	at android.accounts.AccountManager.access$400(AccountManager.java:144)
10-16 19:59:40.598: E/InstantApps(4578): 	at android.accounts.AccountManager$AmsTask$Response.onError(AccountManager.java:1867)
10-16 19:59:40.598: E/InstantApps(4578): 	at android.accounts.IAccountManagerResponse$Stub.onTransact(IAccountManagerResponse.java:69)
10-16 19:59:40.598: E/InstantApps(4578): 	at android.os.Binder.execTransact(Binder.java:446)
10-16 19:59:40.598: E/InstantApps(4578): RouterBackendClient: updateUserPrefs failed
10-16 19:59:40.598: E/InstantApps(4578): vca: getTokenWithNotification failed
10-16 19:59:40.598: E/InstantApps(4578): 	at vbz.a(:com.google.android.gms@11519270:7)
10-16 19:59:40.598: E/InstantApps(4578): 	at vbr.b(:com.google.android.gms@11519270:13)
10-16 19:59:40.598: E/InstantApps(4578): 	at vbr.a(:com.google.android.gms@11519270)
10-16 19:59:40.598: E/InstantApps(4578): 	at vcc.call(:com.google.android.gms@11519270:2)
10-16 19:59:40.598: E/InstantApps(4578): 	at java.util.concurrent.FutureTask.run(FutureTask.java:237)
10-16 19:59:40.598: E/InstantApps(4578): 	at mng.run(:com.google.android.gms@11519270:25)
10-16 19:59:40.598: E/InstantApps(4578): 	at java.util.concurrent.ThreadPoolExecutor.runWorker(ThreadPoolExecutor.java:1112)
10-16 19:59:40.598: E/InstantApps(4578): 	at java.util.concurrent.ThreadPoolExecutor$Worker.run(ThreadPoolExecutor.java:587)
10-16 19:59:40.598: E/InstantApps(4578): 	at mso.run(:com.google.android.gms@11519270)
10-16 19:59:40.598: E/InstantApps(4578): 	at java.lang.Thread.run(Thread.java:818)
10-16 19:59:40.598: E/InstantApps(4578): Caused by: android.accounts.AuthenticatorException: INVALID_SCOPE
10-16 19:59:40.598: E/InstantApps(4578): 	at android.accounts.AccountManager.convertErrorToException(AccountManager.java:2017)
10-16 19:59:40.598: E/InstantApps(4578): 	at android.accounts.AccountManager.access$400(AccountManager.java:144)
10-16 19:59:40.598: E/InstantApps(4578): 	at android.accounts.AccountManager$AmsTask$Response.onError(AccountManager.java:1867)
10-16 19:59:40.598: E/InstantApps(4578): 	at android.accounts.IAccountManagerResponse$Stub.onTransact(IAccountManagerResponse.java:69)
10-16 19:59:40.598: E/InstantApps(4578): 	at android.os.Binder.execTransact(Binder.java:446)
10-16 19:59:40.599: E/InstantApps(4578): UserPrefsUpdater: Failed updateUserPrefs: status=0
10-16 19:59:40.648: W/Auth(4578): [GetToken] GetToken failed with status code: INVALID_SCOPE
10-16 19:59:40.648: W/GLSActivity(4578): dzw: INVALID_SCOPE
10-16 19:59:40.648: W/GLSActivity(4578): 	at eaa.a(:com.google.android.gms@11519270:16)
10-16 19:59:40.648: W/GLSActivity(4578): 	at dzz.a(:com.google.android.gms@11519270:2)
10-16 19:59:40.648: W/GLSActivity(4578): 	at dzz.e(:com.google.android.gms@11519270:6)
10-16 19:59:40.648: W/GLSActivity(4578): 	at dzy.a(:com.google.android.gms@11519270:1)
10-16 19:59:40.648: W/GLSActivity(4578): 	at ebo.getAuthToken(:com.google.android.gms@11519270:7)
10-16 19:59:40.648: W/GLSActivity(4578): 	at android.accounts.AbstractAccountAuthenticator$Transport.getAuthToken(AbstractAccountAuthenticator.java:196)
10-16 19:59:40.648: W/GLSActivity(4578): 	at android.accounts.IAccountAuthenticator$Stub.onTransact(IAccountAuthenticator.java:113)
10-16 19:59:40.648: W/GLSActivity(4578): 	at android.os.Binder.transact(Binder.java:380)
10-16 19:59:40.648: W/GLSActivity(4578): 	at bvp.onTransact(:com.google.android.gms@11519270:3)
10-16 19:59:40.648: W/GLSActivity(4578): 	at android.os.Binder.execTransact(Binder.java:446)
10-16 19:59:40.649: E/InstantApps(4578): getTokenWithNotification failed
10-16 19:59:40.649: E/InstantApps(4578): android.accounts.AuthenticatorException: INVALID_SCOPE
10-16 19:59:40.649: E/InstantApps(4578): 	at android.accounts.AccountManager.convertErrorToException(AccountManager.java:2017)
10-16 19:59:40.649: E/InstantApps(4578): 	at android.accounts.AccountManager.access$400(AccountManager.java:144)
10-16 19:59:40.649: E/InstantApps(4578): 	at android.accounts.AccountManager$AmsTask$Response.onError(AccountManager.java:1867)
10-16 19:59:40.649: E/InstantApps(4578): 	at android.accounts.IAccountManagerResponse$Stub.onTransact(IAccountManagerResponse.java:69)
10-16 19:59:40.649: E/InstantApps(4578): 	at android.os.Binder.execTransact(Binder.java:446)
10-16 19:59:40.650: E/InstantApps(4578): DomainFilterImpl: Error while reading domain filter from WHAPI
10-16 19:59:40.650: E/InstantApps(4578): java.util.concurrent.ExecutionException: bagi: UNAUTHENTICATED
10-16 19:59:40.650: E/InstantApps(4578): 	at java.util.concurrent.FutureTask.report(FutureTask.java:93)
10-16 19:59:40.650: E/InstantApps(4578): 	at java.util.concurrent.FutureTask.get(FutureTask.java:163)
10-16 19:59:40.650: E/InstantApps(4578): 	at vcb.get(:com.google.android.gms@11519270:2)
10-16 19:59:40.650: E/InstantApps(4578): 	at vgh.a(:com.google.android.gms@11519270:7)
10-16 19:59:40.650: E/InstantApps(4578): 	at vgh.a(:com.google.android.gms@11519270:54)
10-16 19:59:40.650: E/InstantApps(4578): 	at vgh.a(:com.google.android.gms@11519270:120)
10-16 19:59:40.650: E/InstantApps(4578): 	at vge.a(:com.google.android.gms@11519270:1)
10-16 19:59:40.650: E/InstantApps(4578): 	at com.google.android.gms.instantapps.routing.DomainFilterUpdateChimeraService.a(:com.google.android.gms@11519270:10)
10-16 19:59:40.650: E/InstantApps(4578): 	at sto.run(:com.google.android.gms@11519270:1)
10-16 19:59:40.650: E/InstantApps(4578): 	at java.util.concurrent.ThreadPoolExecutor.runWorker(ThreadPoolExecutor.java:1112)
10-16 19:59:40.650: E/InstantApps(4578): 	at java.util.concurrent.ThreadPoolExecutor$Worker.run(ThreadPoolExecutor.java:587)
10-16 19:59:40.650: E/InstantApps(4578): 	at java.lang.Thread.run(Thread.java:818)
10-16 19:59:40.650: E/InstantApps(4578): Caused by: bagi: UNAUTHENTICATED
10-16 19:59:40.650: E/InstantApps(4578): 	at vbp.b(:com.google.android.gms@11519270:31)
10-16 19:59:40.650: E/InstantApps(4578): 	at vbp.a(:com.google.android.gms@11519270)
10-16 19:59:40.650: E/InstantApps(4578): 	at vcc.call(:com.google.android.gms@11519270:2)
10-16 19:59:40.650: E/InstantApps(4578): 	at java.util.concurrent.FutureTask.run(FutureTask.java:237)
10-16 19:59:40.650: E/InstantApps(4578): 	at mng.run(:com.google.android.gms@11519270:25)
10-16 19:59:40.650: E/InstantApps(4578): 	at java.util.concurrent.ThreadPoolExecutor.runWorker(ThreadPoolExecutor.java:1112)
10-16 19:59:40.650: E/InstantApps(4578): 	at java.util.concurrent.ThreadPoolExecutor$Worker.run(ThreadPoolExecutor.java:587)
10-16 19:59:40.650: E/InstantApps(4578): 	at mso.run(:com.google.android.gms@11519270)
10-16 19:59:40.650: E/InstantApps(4578): 	... 1 more
10-16 19:59:40.650: W/InstantApps(4578): DomainFilterUpdateChimeraService: Retry later
10-16 19:59:41.517: I/Remoter(1322): Saved screenshot to '/data/screenshots/__pmv__-0111.jpg'
10-16 19:59:41.835: I/CheckinCompat(4559): Done disabling old GoogleServicesFramework version
10-16 19:59:42.319: I/GceMetadataClient(2947): Received updated metadata.
10-16 19:59:42.556: I/Remoter(1322): Saved screenshot to '/data/screenshots/__pmv__-0112.jpg'
10-16 19:59:43.596: I/Remoter(1322): Saved screenshot to '/data/screenshots/__pmv__-0113.jpg'
10-16 19:59:44.637: I/Remoter(1322): Saved screenshot to '/data/screenshots/__pmv__-0114.jpg'
10-16 19:59:45.011: D/AndroidRuntime(5595): >>>>>> START com.android.internal.os.RuntimeInit uid 0 <<<<<<
10-16 19:59:45.012: D/AndroidRuntime(5595): CheckJNI is OFF
10-16 19:59:45.034: E/memtrack(5595): Couldn't load memtrack module (No such file or directory)
10-16 19:59:45.034: E/android.os.Debug(5595): failed to load memtrack module: -2
10-16 19:59:45.049: D/AndroidRuntime(5595): Calling main entry com.android.commands.pm.Pm
10-16 19:59:45.059: I/art(5595): System.exit called, status: 0
10-16 19:59:45.059: I/AndroidRuntime(5595): VM exiting with result code 0.
10-16 19:59:45.388: I/dex2oat(5555): dex2oat took 8.070s (threads: 2) arena alloc=1189KB java alloc=24MB native alloc=36MB free=11MB
10-16 19:59:45.392: W/PackageManager(1677): Code path for pkg : com.android.vending changing from /system/priv-app/Phonesky to /data/app/com.android.vending-1
10-16 19:59:45.392: W/PackageManager(1677): Resource path for pkg : com.android.vending changing from /system/priv-app/Phonesky to /data/app/com.android.vending-1
10-16 19:59:45.392: I/ActivityManager(1677): Force stopping com.android.vending appid=10019 user=-1: update pkg
10-16 19:59:45.404: W/PackageManager(1677): Not granting permission android.permission.SEND_DOWNLOAD_COMPLETED_INTENTS to package com.android.vending (protectionLevel=2 flags=0x404abec5)
10-16 19:59:45.404: W/PackageManager(1677): Unknown permission android.permission.SEND_SMS_NO_CONFIRMATION in package com.android.vending
10-16 19:59:45.404: W/PackageManager(1677): Unknown permission android.permission.USE_FINGERPRINT in package com.android.vending
10-16 19:59:45.404: W/PackageManager(1677): Unknown permission android.permission.GET_ACCOUNTS_PRIVILEGED in package com.android.vending
10-16 19:59:45.404: W/PackageManager(1677): Unknown permission android.permission.INSTALL_GRANT_RUNTIME_PERMISSIONS in package com.android.vending
10-16 19:59:45.404: W/PackageManager(1677): Unknown permission android.permission.GRANT_RUNTIME_PERMISSIONS in package com.android.vending
10-16 19:59:45.404: W/PackageManager(1677): Unknown permission android.permission.REVOKE_RUNTIME_PERMISSIONS in package com.android.vending
10-16 19:59:45.404: W/PackageManager(1677): Unknown permission android.permission.CHANGE_DEVICE_IDLE_TEMP_WHITELIST in package com.android.vending
10-16 19:59:45.404: W/PackageManager(1677): Not granting permission android.permission.BATTERY_STATS to package com.android.vending (protectionLevel=50 flags=0x404abec5)
10-16 19:59:45.404: W/PackageManager(1677): Not granting permission android.permission.BACKUP to package com.android.vending (protectionLevel=18 flags=0x404abec5)
10-16 19:59:45.404: W/PackageManager(1677): Not granting permission android.permission.CONNECTIVITY_INTERNAL to package com.android.vending (protectionLevel=18 flags=0x404abec5)
10-16 19:59:45.404: W/PackageManager(1677): Not granting permission android.permission.DUMP to package com.android.vending (protectionLevel=50 flags=0x404abec5)
10-16 19:59:45.404: W/PackageManager(1677): Not granting permission android.permission.UPDATE_DEVICE_STATS to package com.android.vending (protectionLevel=18 flags=0x404abec5)
10-16 19:59:45.404: W/PackageManager(1677): Not granting permission android.permission.SET_PREFERRED_APPLICATIONS to package com.android.vending (protectionLevel=2 flags=0x404abec5)
10-16 19:59:45.404: W/PackageManager(1677): Unknown permission android.permission.ACCESS_INSTANT_APPS in package com.android.vending
10-16 19:59:45.404: W/PackageManager(1677): Unknown permission com.google.android.partnersetup.permission.WRITE_APP_PROVIDER in package com.android.vending
10-16 19:59:45.404: W/PackageManager(1677): Not granting permission android.permission.GET_APP_OPS_STATS to package com.android.vending (protectionLevel=50 flags=0x404abec5)
10-16 19:59:45.404: W/PackageManager(1677): Unknown permission android.permission.ALLOCATE_AGGRESSIVE in package com.android.vending
10-16 19:59:45.404: W/PackageManager(1677): Unknown permission com.sec.android.provider.badge.permission.READ in package com.android.vending
10-16 19:59:45.404: W/PackageManager(1677): Unknown permission com.sec.android.provider.badge.permission.WRITE in package com.android.vending
10-16 19:59:45.404: W/PackageManager(1677): Unknown permission com.htc.launcher.permission.READ_SETTINGS in package com.android.vending
10-16 19:59:45.404: W/PackageManager(1677): Unknown permission com.htc.launcher.permission.UPDATE_SHORTCUT in package com.android.vending
10-16 19:59:45.404: W/PackageManager(1677): Unknown permission com.sonyericsson.home.permission.BROADCAST_BADGE in package com.android.vending
10-16 19:59:45.404: W/PackageManager(1677): Unknown permission com.sonymobile.home.permission.PROVIDER_INSERT_BADGE in package com.android.vending
10-16 19:59:45.404: W/PackageManager(1677): Unknown permission com.anddoes.launcher.permission.UPDATE_COUNT in package com.android.vending
10-16 19:59:45.404: W/PackageManager(1677): Unknown permission com.majeur.launcher.permission.UPDATE_BADGE in package com.android.vending
10-16 19:59:45.404: W/PackageManager(1677): Unknown permission com.huawei.android.launcher.permission.CHANGE_BADGE in package com.android.vending
10-16 19:59:45.404: W/PackageManager(1677): Unknown permission com.huawei.android.launcher.permission.READ_SETTINGS in package com.android.vending
10-16 19:59:45.404: W/PackageManager(1677): Unknown permission com.huawei.android.launcher.permission.WRITE_SETTINGS in package com.android.vending
10-16 19:59:45.404: W/PackageManager(1677): Unknown permission android.permission.READ_APP_BADGE in package com.android.vending
10-16 19:59:45.404: W/PackageManager(1677): Unknown permission com.oppo.launcher.permission.READ_SETTINGS in package com.android.vending
10-16 19:59:45.404: W/PackageManager(1677): Unknown permission com.oppo.launcher.permission.WRITE_SETTINGS in package com.android.vending
10-16 19:59:45.411: I/ActivityManager(1677): Force stopping com.android.vending appid=10019 user=0: pkg removed
10-16 19:59:45.435: I/art(2101): Explicit concurrent mark sweep GC freed 10248(684KB) AllocSpace objects, 1(26KB) LOS objects, 25% free, 11MB/14MB, paused 137us total 10.118ms
10-16 19:59:45.451: D/JobSchedulerService(1677): Receieved: android.intent.action.PACKAGE_REMOVED
10-16 19:59:45.451: D/BackupManagerService(1677): Received broadcast Intent { act=android.intent.action.PACKAGE_REMOVED dat=package:com.android.vending flg=0x4000010 (has extras) }
10-16 19:59:45.453: I/InputReader(1677): Reconfiguring input devices.  changes=0x00000010
10-16 19:59:45.455: I/art(4559): Explicit concurrent mark sweep GC freed 4203(192KB) AllocSpace objects, 0(0B) LOS objects, 39% free, 24MB/40MB, paused 475us total 41.944ms
10-16 19:59:45.455: I/art(2024): Explicit concurrent mark sweep GC freed 15964(1082KB) AllocSpace objects, 62(2MB) LOS objects, 25% free, 10MB/14MB, paused 107us total 17.999ms
10-16 19:59:45.465: I/InputReader(1677): Reconfiguring input devices.  changes=0x00000010
10-16 19:59:45.481: I/ActivityManager(1677): Start proc 5620:com.android.keychain/1000 for broadcast com.android.keychain/.KeyChainBroadcastReceiver
10-16 19:59:45.484: I/InputReader(1677): Reconfiguring input devices.  changes=0x00000010
10-16 19:59:45.484: W/Settings(1677): Setting install_non_market_apps has moved from android.provider.Settings.Global to android.provider.Settings.Secure, returning read-only value.
10-16 19:59:45.486: D/BackupManagerService(1677): Received broadcast Intent { act=android.intent.action.PACKAGE_ADDED dat=package:com.android.vending flg=0x4000010 (has extras) }
10-16 19:59:45.486: D/BackupManagerService(1677): Now staging backup of com.android.vending
10-16 19:59:45.490: W/InputMethodInfo(1677): Duplicated subtype definition found: , voice
10-16 19:59:45.495: W/ResourcesManager(2024): Asset path '/system/framework/com.google.android.maps.jar' does not exist or contains no resources.
10-16 19:59:45.502: I/Launcher(2024): Deferring update until onResume
10-16 19:59:45.554: W/ContextImpl(5620): Calling a method in the system process without a qualified user: android.app.ContextImpl.startService:1692 android.content.ContextWrapper.startService:516 android.content.ContextWrapper.startService:516 com.android.keychain.KeyChainBroadcastReceiver.onReceive:12 android.app.ActivityThread.handleReceiver:2609 
10-16 19:59:45.556: W/Launcher(2024): setApplicationContext called twice! old=com.android.launcher3.LauncherApplication@2696af41 new=com.android.launcher3.LauncherApplication@2696af41
10-16 19:59:45.561: E/NetworkScheduler.SR(4578): Unrecognised action provided: android.intent.action.PACKAGE_REMOVED
10-16 19:59:45.578: D/AndroidRuntime(5629): >>>>>> START com.android.internal.os.RuntimeInit uid 0 <<<<<<
10-16 19:59:45.580: D/AndroidRuntime(5629): CheckJNI is OFF
10-16 19:59:45.585: I/UpdateIcingCorporaServi(2101): Updating corpora: APPS=com.android.vending, CONTACTS=MAYBE
10-16 19:59:45.592: D/Wear_Controller(4559): Received broadcast action=android.intent.action.PACKAGE_REMOVED and uri=com.android.vending
10-16 19:59:45.610: I/Icing(4559): IndexChimeraService.getServiceInterface callingPackage=com.google.android.googlequicksearchbox componentName=null serviceId=21
10-16 19:59:45.619: D/Wear_Controller(4559): Received broadcast action=android.intent.action.PACKAGE_ADDED and uri=com.android.vending
10-16 19:59:45.629: E/memtrack(5629): Couldn't load memtrack module (No such file or directory)
10-16 19:59:45.629: E/android.os.Debug(5629): failed to load memtrack module: -2
10-16 19:59:45.648: I/ActivityManager(1677): Start proc 5681:com.google.android.apps.cloudprint/u0a35 for broadcast com.google.android.apps.cloudprint/.printdialog.receivers.UpgradeBroadcastReceiver
10-16 19:59:45.659: I/Icing(4559): Usage reports 0 indexed 0 rejected 0 imm upload true
10-16 19:59:45.666: D/AndroidRuntime(5629): Calling main entry com.android.commands.pm.Pm
10-16 19:59:45.671: I/Launcher(2024): Deferring update until onResume
10-16 19:59:45.671: I/Launcher(2024): Deferring update until onResume
10-16 19:59:45.684: I/ApplicationLogger(2101): canRun() : Opted Out
10-16 19:59:45.685: I/UpdateIcingCorporaServi(2101): UpdateCorporaTask done [took 100 ms] updated apps [took 100 ms] 
10-16 19:59:45.687: I/Icing(4559): IndexChimeraService.getServiceInterface callingPackage=com.google.android.gms componentName=AppsCorpus serviceId=32
10-16 19:59:45.688: I/Icing(4559): IndexChimeraService.getServiceInterface callingPackage=com.google.android.gms componentName=AppsCorpus serviceId=36
10-16 19:59:45.697: I/Icing(4559): Usage reports 0 indexed 0 rejected 0 imm upload false
10-16 19:59:45.702: I/MultiDex(5681): VM with version 2.1.0 has multidex support
10-16 19:59:45.702: I/MultiDex(5681): install
10-16 19:59:45.702: I/MultiDex(5681): VM has multidex support, MultiDex support library is disabled.
10-16 19:59:45.713: W/Launcher(2024): setApplicationContext called twice! old=com.android.launcher3.LauncherApplication@2696af41 new=com.android.launcher3.LauncherApplication@2696af41
10-16 19:59:45.768: I/ActivityManager(1677): Start proc 5702:com.android.vending/u0a19 for service com.android.vending/com.google.android.finsky.datasync.BrowseDataSyncTaskService
10-16 19:59:45.776: I/Icing(4559): Usage reports 0 indexed 0 rejected 0 imm upload false
10-16 19:59:45.779: I/Icing(4559): IndexChimeraService.getServiceInterface callingPackage=com.google.android.gms componentName=AppsCorpus serviceId=36
10-16 19:59:45.779: I/Icing(4559): IndexChimeraService.getServiceInterface callingPackage=com.google.android.gms componentName=AppsCorpus serviceId=32
10-16 19:59:45.786: I/Icing(4559): Usage reports 0 indexed 0 rejected 0 imm upload false
10-16 19:59:45.793: I/Icing(4559): Usage reports 0 indexed 0 rejected 0 imm upload false
10-16 19:59:45.800: I/Remoter(1322): Saved screenshot to '/data/screenshots/__pmv__-0115.jpg'
10-16 19:59:45.822: I/art(1677): Explicit concurrent mark sweep GC freed 159005(7MB) AllocSpace objects, 15(1291KB) LOS objects, 33% free, 17MB/25MB, paused 531us total 337.891ms
10-16 19:59:45.830: I/PackageManager(1677): Observer no longer exists.
10-16 19:59:45.843: D/DefContainer(4048): Copying /data/local/tmp/app8812209325733835369.apk to base.apk
