10-16 19:59:00.135: I/Remoter(1322): Saved screenshot to '/data/screenshots/__pmv__-0072.jpg'
10-16 19:59:01.169: I/Remoter(1322): Saved screenshot to '/data/screenshots/__pmv__-0073.jpg'
10-16 19:59:01.523: I/scp(4025): type=1400 audit(0.0:85): avc: denied { write } for name="tmp" dev="loop6" ino=65538 scontext=u:r:init_shell:s0 tcontext=u:object_r:shell_data_file:s0 tclass=dir permissive=1
10-16 19:59:01.523: I/scp(4025): type=1400 audit(0.0:86): avc: denied { add_name } for name="com.google.android.apps.mtaas.tools.apk" scontext=u:r:init_shell:s0 tcontext=u:object_r:shell_data_file:s0 tclass=dir permissive=1
10-16 19:59:01.523: I/scp(4025): type=1400 audit(0.0:87): avc: denied { create } for name="com.google.android.apps.mtaas.tools.apk" scontext=u:r:init_shell:s0 tcontext=u:object_r:shell_data_file:s0 tclass=file permissive=1
10-16 19:59:01.523: I/scp(4025): type=1400 audit(0.0:88): avc: denied { write open } for path="/data/local/tmp/com.google.android.apps.mtaas.tools.apk" dev="loop6" ino=65541 scontext=u:r:init_shell:s0 tcontext=u:object_r:shell_data_file:s0 tclass=file permissive=1
10-16 19:59:01.523: I/scp(4025): type=1400 audit(0.0:89): avc: denied { getattr } for path="/data/local/tmp/com.google.android.apps.mtaas.tools.apk" dev="loop6" ino=65541 scontext=u:r:init_shell:s0 tcontext=u:object_r:shell_data_file:s0 tclass=file permissive=1
10-16 19:59:02.043: D/AndroidRuntime(4038): >>>>>> START com.android.internal.os.RuntimeInit uid 0 <<<<<<
10-16 19:59:02.044: D/AndroidRuntime(4038): CheckJNI is OFF
10-16 19:59:02.065: E/memtrack(4038): Couldn't load memtrack module (No such file or directory)
10-16 19:59:02.065: E/android.os.Debug(4038): failed to load memtrack module: -2
10-16 19:59:02.074: D/AndroidRuntime(4038): Calling main entry com.android.commands.pm.Pm
10-16 19:59:02.096: I/ActivityManager(1677): Start proc 4048:com.android.defcontainer/u0a5 for service com.android.defcontainer/.DefaultContainerService
10-16 19:59:02.115: D/DefContainer(4048): Copying /data/local/tmp/com.google.android.apps.mtaas.tools.apk to base.apk
10-16 19:59:02.142: D/PackageManager(1677): Renaming /data/app/vmdl767323912.tmp to /data/app/com.google.android.apps.mtaas.tools-1
10-16 19:59:02.144: I/PackageManager(1677): Running dexopt on: /data/app/com.google.android.apps.mtaas.tools-1/base.apk pkg=com.google.android.apps.mtaas.tools isa=x86 vmSafeMode=false
10-16 19:59:02.153: E/cutils-trace(4065): Error opening trace file: Permission denied (13)
10-16 19:59:02.153: I/dex2oat(4065): /system/bin/dex2oat --zip-fd=6 --zip-location=/data/app/com.google.android.apps.mtaas.tools-1/base.apk --oat-fd=7 --oat-location=/data/dalvik-cache/x86/data@app@com.google.android.apps.mtaas.tools-1@base.apk@classes.dex --instruction-set=x86 --instruction-set-features=default --runtime-arg -Xms64m --runtime-arg -Xmx512m --swap-fd=8
10-16 19:59:02.198: I/Remoter(1322): Saved screenshot to '/data/screenshots/__pmv__-0074.jpg'
10-16 19:59:02.206: I/dex2oat(4065): Decided to run without swap.
10-16 19:59:02.774: I/dex2oat(4065): dex2oat took 621.121ms (threads: 2) arena alloc=47KB java alloc=2MB native alloc=5MB free=6MB
10-16 19:59:02.781: W/PackageManager(1677): Not granting permission android.permission.SET_ANIMATION_SCALE to package com.google.android.apps.mtaas.tools (protectionLevel=50 flags=0x8be44)
10-16 19:59:02.781: W/PackageManager(1677): Not granting permission android.permission.CHANGE_CONFIGURATION to package com.google.android.apps.mtaas.tools (protectionLevel=50 flags=0x8be44)
10-16 19:59:02.785: V/BackupManagerService(1677): restoreAtInstall pkg=com.google.android.apps.mtaas.tools token=1 restoreSet=0
10-16 19:59:02.785: V/BackupManagerService(1677): Finishing install immediately
10-16 19:59:02.787: W/Settings(1677): Setting install_non_market_apps has moved from android.provider.Settings.Global to android.provider.Settings.Secure, returning read-only value.
10-16 19:59:02.791: I/InputReader(1677): Reconfiguring input devices.  changes=0x00000010
10-16 19:59:02.792: W/InputMethodInfo(1677): Duplicated subtype definition found: , voice
10-16 19:59:02.817: I/UpdateIcingCorporaServi(2101): Updating corpora: APPS=com.google.android.apps.mtaas.tools, CONTACTS=MAYBE
10-16 19:59:02.819: D/BackupManagerService(1677): Received broadcast Intent { act=android.intent.action.PACKAGE_ADDED dat=package:com.google.android.apps.mtaas.tools flg=0x4000010 (has extras) }
10-16 19:59:02.836: I/art(1677): Explicit concurrent mark sweep GC freed 35932(2MB) AllocSpace objects, 14(274KB) LOS objects, 33% free, 16MB/24MB, paused 1.210ms total 40.027ms
10-16 19:59:02.839: W/ConfigurationChimeraProvider(2316): Got null configs for com.google.android.gms.appinvite
10-16 19:59:02.843: I/art(4038): System.exit called, status: 0
10-16 19:59:02.843: I/AndroidRuntime(4038): VM exiting with result code 0.
10-16 19:59:02.845: I/hwcomposer(1334): Sent 3634 syncs in 60s
10-16 19:59:02.850: I/Icing(2242): IndexChimeraService.getServiceInterface callingPackage=com.google.android.googlequicksearchbox componentName=null serviceId=21
10-16 19:59:02.857: I/Icing(2242): Usage reports 0 indexed 0 rejected 0 imm upload true
10-16 19:59:02.858: I/FontsPackageChangeOp(2242): Package com.google.android.apps.mtaas.tools has no metadata
10-16 19:59:02.859: D/Wear_Controller(2242): Received broadcast action=android.intent.action.PACKAGE_ADDED and uri=com.google.android.apps.mtaas.tools
10-16 19:59:02.867: I/ApplicationLogger(2101): canRun() : Opted Out
10-16 19:59:02.867: I/UpdateIcingCorporaServi(2101): UpdateCorporaTask done [took 50 ms] updated apps [took 50 ms] 
10-16 19:59:02.874: I/Icing(2242): IndexChimeraService.getServiceInterface callingPackage=com.google.android.gms componentName=AppsCorpus serviceId=32
10-16 19:59:02.877: D/Launcher.Workspace(2024): 11683562 - removeExtraEmptyScreen()
10-16 19:59:02.877: D/Launcher.Workspace(2024): 11683562 - convertFinalScreenToEmptyScreenIfNecessary()
10-16 19:59:02.879: I/Icing(2242): Usage reports 0 indexed 0 rejected 0 imm upload false
10-16 19:59:02.880: I/Icing(2242): IndexChimeraService.getServiceInterface callingPackage=com.google.android.gms componentName=AppsCorpus serviceId=36
10-16 19:59:02.917: I/art(2242): Explicit concurrent mark sweep GC freed 24207(1456KB) AllocSpace objects, 3(48KB) LOS objects, 22% free, 26MB/34MB, paused 203us total 30.574ms
10-16 19:59:02.921: I/Icing(2242): Usage reports 0 indexed 0 rejected 0 imm upload false
10-16 19:59:03.226: I/Remoter(1322): Saved screenshot to '/data/screenshots/__pmv__-0075.jpg'
10-16 19:59:03.387: D/AndroidRuntime(4111): >>>>>> START com.android.internal.os.RuntimeInit uid 0 <<<<<<
10-16 19:59:03.388: D/AndroidRuntime(4111): CheckJNI is OFF
10-16 19:59:03.407: E/memtrack(4111): Couldn't load memtrack module (No such file or directory)
10-16 19:59:03.407: E/android.os.Debug(4111): failed to load memtrack module: -2
10-16 19:59:03.418: D/AndroidRuntime(4111): Calling main entry com.android.commands.pm.Pm
10-16 19:59:03.422: D/DefContainer(4048): Copying /data/local/tmp/com.google.android.apps.mtaas.loginutil.apk to base.apk
10-16 19:59:03.426: I/PackageParser(1677): com.google.android.apps.mtaas.loginutil: compat added android.permission.WRITE_EXTERNAL_STORAGE android.permission.READ_PHONE_STATE
10-16 19:59:03.445: D/PackageManager(1677): Renaming /data/app/vmdl27176515.tmp to /data/app/com.google.android.apps.mtaas.loginutil-1
10-16 19:59:03.449: I/PackageManager(1677): Running dexopt on: /data/app/com.google.android.apps.mtaas.loginutil-1/base.apk pkg=com.google.android.apps.mtaas.loginutil isa=x86 vmSafeMode=false
10-16 19:59:03.456: E/cutils-trace(4121): Error opening trace file: Permission denied (13)
10-16 19:59:03.456: I/dex2oat(4121): /system/bin/dex2oat --zip-fd=6 --zip-location=/data/app/com.google.android.apps.mtaas.loginutil-1/base.apk --oat-fd=7 --oat-location=/data/dalvik-cache/x86/data@app@com.google.android.apps.mtaas.loginutil-1@base.apk@classes.dex --instruction-set=x86 --instruction-set-features=default --runtime-arg -Xms64m --runtime-arg -Xmx512m --swap-fd=8
10-16 19:59:03.486: I/dex2oat(4121): Decided to run without swap.
10-16 19:59:03.869: I/Icing(2242): Indexing 78809412366E3FB9E25492F12C0E3355617CA57E from com.google.android.googlequicksearchbox
10-16 19:59:03.919: I/Icing(2242): Indexing done 78809412366E3FB9E25492F12C0E3355617CA57E
10-16 19:59:03.925: I/Icing(2242): Indexing 5233BB6556150606E6EA2800A20D5D691B1774CC from com.google.android.gms
10-16 19:59:03.935: I/Icing(2242): Indexing done 5233BB6556150606E6EA2800A20D5D691B1774CC
10-16 19:59:03.942: I/Icing(2242): IndexChimeraService.getServiceInterface callingPackage=com.google.android.inputmethod.latin componentName=null serviceId=21
10-16 19:59:03.961: I/Icing(2242): Usage reports 0 indexed 0 rejected 0 imm upload false
10-16 19:59:04.067: I/dex2oat(4121): dex2oat took 611.043ms (threads: 2) arena alloc=850KB java alloc=1432KB native alloc=5MB free=6MB
10-16 19:59:04.079: V/BackupManagerService(1677): restoreAtInstall pkg=com.google.android.apps.mtaas.loginutil token=2 restoreSet=0
10-16 19:59:04.079: V/BackupManagerService(1677): Finishing install immediately
10-16 19:59:04.082: I/InputReader(1677): Reconfiguring input devices.  changes=0x00000010
10-16 19:59:04.084: W/Settings(1677): Setting install_non_market_apps has moved from android.provider.Settings.Global to android.provider.Settings.Secure, returning read-only value.
10-16 19:59:04.085: W/InputMethodInfo(1677): Duplicated subtype definition found: , voice
10-16 19:59:04.093: D/BackupManagerService(1677): Received broadcast Intent { act=android.intent.action.PACKAGE_ADDED dat=package:com.google.android.apps.mtaas.loginutil flg=0x4000010 (has extras) }
10-16 19:59:04.096: I/UpdateIcingCorporaServi(2101): Updating corpora: APPS=com.google.android.apps.mtaas.loginutil, CONTACTS=MAYBE
10-16 19:59:04.101: I/ApplicationLogger(2101): canRun() : Opted Out
10-16 19:59:04.101: I/UpdateIcingCorporaServi(2101): UpdateCorporaTask done [took 5 ms] updated apps [took 5 ms] 
10-16 19:59:04.123: I/FontsPackageChangeOp(2242): Package com.google.android.apps.mtaas.loginutil has no metadata
10-16 19:59:04.129: D/Wear_Controller(2242): Received broadcast action=android.intent.action.PACKAGE_ADDED and uri=com.google.android.apps.mtaas.loginutil
10-16 19:59:04.138: I/Icing(2242): IndexChimeraService.getServiceInterface callingPackage=com.google.android.gms componentName=AppsCorpus serviceId=36
10-16 19:59:04.138: I/Icing(2242): IndexChimeraService.getServiceInterface callingPackage=com.google.android.gms componentName=AppsCorpus serviceId=32
10-16 19:59:04.143: I/Icing(2242): Usage reports 0 indexed 0 rejected 0 imm upload false
10-16 19:59:04.189: I/art(1677): Explicit concurrent mark sweep GC freed 24894(1763KB) AllocSpace objects, 11(176KB) LOS objects, 33% free, 16MB/24MB, paused 400us total 78.055ms
10-16 19:59:04.190: I/art(4111): System.exit called, status: 0
10-16 19:59:04.190: I/AndroidRuntime(4111): VM exiting with result code 0.
10-16 19:59:04.192: I/Icing(2242): Usage reports 0 indexed 0 rejected 0 imm upload false
10-16 19:59:04.259: I/Remoter(1322): Saved screenshot to '/data/screenshots/__pmv__-0076.jpg'
10-16 19:59:04.724: D/AndroidRuntime(4150): >>>>>> START com.android.internal.os.RuntimeInit uid 0 <<<<<<
10-16 19:59:04.725: D/AndroidRuntime(4150): CheckJNI is OFF
10-16 19:59:04.741: E/memtrack(4150): Couldn't load memtrack module (No such file or directory)
10-16 19:59:04.741: E/android.os.Debug(4150): failed to load memtrack module: -2
10-16 19:59:04.750: D/AndroidRuntime(4150): Calling main entry com.android.commands.pm.Pm
10-16 19:59:04.754: D/DefContainer(4048): Copying /data/local/tmp/com.google.android.apps.mtaas.backdrop.apk to base.apk
10-16 19:59:04.778: D/PackageManager(1677): Renaming /data/app/vmdl1309101766.tmp to /data/app/com.google.android.apps.mtaas.backdrop-1
10-16 19:59:04.781: I/PackageManager(1677): Running dexopt on: /data/app/com.google.android.apps.mtaas.backdrop-1/base.apk pkg=com.google.android.apps.mtaas.backdrop isa=x86 vmSafeMode=false
10-16 19:59:04.789: E/cutils-trace(4160): Error opening trace file: Permission denied (13)
10-16 19:59:04.789: I/dex2oat(4160): /system/bin/dex2oat --zip-fd=6 --zip-location=/data/app/com.google.android.apps.mtaas.backdrop-1/base.apk --oat-fd=7 --oat-location=/data/dalvik-cache/x86/data@app@com.google.android.apps.mtaas.backdrop-1@base.apk@classes.dex --instruction-set=x86 --instruction-set-features=default --runtime-arg -Xms64m --runtime-arg -Xmx512m --swap-fd=8
10-16 19:59:04.822: I/dex2oat(4160): Decided to run without swap.
10-16 19:59:05.195: I/Icing(2242): Indexing 5233BB6556150606E6EA2800A20D5D691B1774CC from com.google.android.gms
10-16 19:59:05.195: I/Icing(2242): Indexing done 5233BB6556150606E6EA2800A20D5D691B1774CC
10-16 19:59:05.300: I/Remoter(1322): Saved screenshot to '/data/screenshots/__pmv__-0077.jpg'
10-16 19:59:05.375: I/dex2oat(4160): dex2oat took 585.908ms (threads: 2) arena alloc=52KB java alloc=1962KB native alloc=4MB free=3MB
10-16 19:59:05.386: V/BackupManagerService(1677): restoreAtInstall pkg=com.google.android.apps.mtaas.backdrop token=3 restoreSet=0
10-16 19:59:05.386: V/BackupManagerService(1677): Finishing install immediately
10-16 19:59:05.386: W/Settings(1677): Setting install_non_market_apps has moved from android.provider.Settings.Global to android.provider.Settings.Secure, returning read-only value.
10-16 19:59:05.391: I/InputReader(1677): Reconfiguring input devices.  changes=0x00000010
10-16 19:59:05.399: W/InputMethodInfo(1677): Duplicated subtype definition found: , voice
10-16 19:59:05.414: D/BackupManagerService(1677): Received broadcast Intent { act=android.intent.action.PACKAGE_ADDED dat=package:com.google.android.apps.mtaas.backdrop flg=0x4000010 (has extras) }
10-16 19:59:05.415: I/UpdateIcingCorporaServi(2101): Updating corpora: APPS=com.google.android.apps.mtaas.backdrop, CONTACTS=MAYBE
10-16 19:59:05.427: I/Icing(2242): IndexChimeraService.getServiceInterface callingPackage=com.google.android.googlequicksearchbox componentName=null serviceId=21
10-16 19:59:05.438: I/FontsPackageChangeOp(2242): Package com.google.android.apps.mtaas.backdrop has no metadata
10-16 19:59:05.440: D/Wear_Controller(2242): Received broadcast action=android.intent.action.PACKAGE_ADDED and uri=com.google.android.apps.mtaas.backdrop
10-16 19:59:05.448: I/Icing(2242): IndexChimeraService.getServiceInterface callingPackage=com.google.android.gms componentName=AppsCorpus serviceId=36
10-16 19:59:05.448: I/Icing(2242): IndexChimeraService.getServiceInterface callingPackage=com.google.android.gms componentName=AppsCorpus serviceId=32
10-16 19:59:05.451: I/Icing(2242): Usage reports 0 indexed 0 rejected 0 imm upload true
10-16 19:59:05.453: I/ApplicationLogger(2101): canRun() : Opted Out
10-16 19:59:05.453: I/UpdateIcingCorporaServi(2101): UpdateCorporaTask done [took 38 ms] updated apps [took 38 ms] 
10-16 19:59:05.454: I/Icing(2242): Usage reports 0 indexed 0 rejected 0 imm upload false
10-16 19:59:05.457: I/Icing(2242): Usage reports 0 indexed 0 rejected 0 imm upload false
10-16 19:59:05.463: D/Launcher.Workspace(2024): 11683562 - removeExtraEmptyScreen()
10-16 19:59:05.463: D/Launcher.Workspace(2024): 11683562 - convertFinalScreenToEmptyScreenIfNecessary()
10-16 19:59:05.493: I/art(1677): Explicit concurrent mark sweep GC freed 23735(1696KB) AllocSpace objects, 9(144KB) LOS objects, 33% free, 16MB/24MB, paused 268us total 106.998ms
10-16 19:59:05.496: I/art(4150): System.exit called, status: 0
10-16 19:59:05.496: I/AndroidRuntime(4150): VM exiting with result code 0.
10-16 19:59:06.045: D/AndroidRuntime(4189): >>>>>> START com.android.internal.os.RuntimeInit uid 0 <<<<<<
10-16 19:59:06.046: D/AndroidRuntime(4189): CheckJNI is OFF
10-16 19:59:06.062: E/memtrack(4189): Couldn't load memtrack module (No such file or directory)
10-16 19:59:06.062: E/android.os.Debug(4189): failed to load memtrack module: -2
10-16 19:59:06.072: D/AndroidRuntime(4189): Calling main entry com.android.commands.pm.Pm
10-16 19:59:06.076: D/DefContainer(4048): Copying /data/local/tmp/com.google.android.apps.auth.test.support.apk to base.apk
10-16 19:59:06.079: I/PackageParser(1677): com.google.android.apps.auth.test.support: compat added android.permission.WRITE_EXTERNAL_STORAGE android.permission.READ_PHONE_STATE
10-16 19:59:06.096: D/PackageManager(1677): Renaming /data/app/vmdl1237732010.tmp to /data/app/com.google.android.apps.auth.test.support-1
10-16 19:59:06.098: I/PackageManager(1677): Running dexopt on: /data/app/com.google.android.apps.auth.test.support-1/base.apk pkg=com.google.android.apps.auth.test.support isa=x86 vmSafeMode=false
10-16 19:59:06.106: E/cutils-trace(4199): Error opening trace file: Permission denied (13)
10-16 19:59:06.106: I/dex2oat(4199): /system/bin/dex2oat --zip-fd=6 --zip-location=/data/app/com.google.android.apps.auth.test.support-1/base.apk --oat-fd=7 --oat-location=/data/dalvik-cache/x86/data@app@com.google.android.apps.auth.test.support-1@base.apk@classes.dex --instruction-set=x86 --instruction-set-features=default --runtime-arg -Xms64m --runtime-arg -Xmx512m --swap-fd=8
10-16 19:59:06.115: I/dex2oat(4199): Decided to run without swap.
10-16 19:59:06.288: I/dex2oat(4199): dex2oat took 182.066ms (threads: 2) arena alloc=61KB java alloc=571KB native alloc=1860KB free=6MB
10-16 19:59:06.294: W/PackageManager(1677): Unknown permission android.permission.MANAGE_ACCOUNT in package com.google.android.apps.auth.test.support
10-16 19:59:06.294: W/PackageManager(1677): Not granting permission com.google.android.providers.gsf.permission.WRITE_GSERVICES to package com.google.android.apps.auth.test.support (protectionLevel=18 flags=0x8444)
10-16 19:59:06.299: V/BackupManagerService(1677): restoreAtInstall pkg=com.google.android.apps.auth.test.support token=4 restoreSet=0
10-16 19:59:06.299: V/BackupManagerService(1677): Finishing install immediately
10-16 19:59:06.319: W/Settings(1677): Setting install_non_market_apps has moved from android.provider.Settings.Global to android.provider.Settings.Secure, returning read-only value.
10-16 19:59:06.327: I/UpdateIcingCorporaServi(2101): Updating corpora: APPS=com.google.android.apps.auth.test.support, CONTACTS=MAYBE
10-16 19:59:06.332: I/InputReader(1677): Reconfiguring input devices.  changes=0x00000010
10-16 19:59:06.333: W/InputMethodInfo(1677): Duplicated subtype definition found: , voice
10-16 19:59:06.334: I/ApplicationLogger(2101): canRun() : Opted Out
10-16 19:59:06.334: I/UpdateIcingCorporaServi(2101): UpdateCorporaTask done [took 7 ms] updated apps [took 7 ms] 
10-16 19:59:06.345: D/BackupManagerService(1677): Received broadcast Intent { act=android.intent.action.PACKAGE_ADDED dat=package:com.google.android.apps.auth.test.support flg=0x4000010 (has extras) }
10-16 19:59:06.361: D/Wear_Controller(2242): Received broadcast action=android.intent.action.PACKAGE_ADDED and uri=com.google.android.apps.auth.test.support
10-16 19:59:06.369: I/Remoter(1322): Saved screenshot to '/data/screenshots/__pmv__-0078.jpg'
10-16 19:59:06.375: I/Icing(2242): IndexChimeraService.getServiceInterface callingPackage=com.google.android.gms componentName=AppsCorpus serviceId=32
10-16 19:59:06.375: I/Icing(2242): IndexChimeraService.getServiceInterface callingPackage=com.google.android.gms componentName=AppsCorpus serviceId=36
10-16 19:59:06.393: I/Icing(2242): Usage reports 0 indexed 0 rejected 0 imm upload false
10-16 19:59:06.396: I/Icing(2242): Usage reports 0 indexed 0 rejected 0 imm upload false
10-16 19:59:06.401: I/art(1677): Explicit concurrent mark sweep GC freed 30514(1918KB) AllocSpace objects, 18(260KB) LOS objects, 33% free, 16MB/24MB, paused 430us total 81.321ms
10-16 19:59:06.402: I/art(4189): System.exit called, status: 0
10-16 19:59:06.402: I/AndroidRuntime(4189): VM exiting with result code 0.
10-16 19:59:06.452: I/Icing(2242): Indexing 78809412366E3FB9E25492F12C0E3355617CA57E from com.google.android.googlequicksearchbox
10-16 19:59:06.462: I/Icing(2242): Indexing done 78809412366E3FB9E25492F12C0E3355617CA57E
10-16 19:59:06.463: I/Icing(2242): Indexing 5233BB6556150606E6EA2800A20D5D691B1774CC from com.google.android.gms
10-16 19:59:06.467: I/Icing(2242): Indexing done 5233BB6556150606E6EA2800A20D5D691B1774CC
10-16 19:59:07.020: D/AndroidRuntime(4228): >>>>>> START com.android.internal.os.RuntimeInit uid 0 <<<<<<
10-16 19:59:07.021: D/AndroidRuntime(4228): CheckJNI is OFF
10-16 19:59:07.038: E/memtrack(4228): Couldn't load memtrack module (No such file or directory)
10-16 19:59:07.038: E/android.os.Debug(4228): failed to load memtrack module: -2
10-16 19:59:07.047: D/AndroidRuntime(4228): Calling main entry com.android.commands.pm.Pm
10-16 19:59:07.050: D/DefContainer(4048): Copying /data/local/tmp/com.google.android.apps.mtaas.testloop.apk to base.apk
10-16 19:59:07.081: D/PackageManager(1677): Renaming /data/app/vmdl1023279155.tmp to /data/app/com.google.android.apps.mtaas.testloop-1
10-16 19:59:07.084: I/PackageManager(1677): Running dexopt on: /data/app/com.google.android.apps.mtaas.testloop-1/base.apk pkg=com.google.android.apps.mtaas.testloop isa=x86 vmSafeMode=false
10-16 19:59:07.090: E/cutils-trace(4238): Error opening trace file: Permission denied (13)
10-16 19:59:07.091: I/dex2oat(4238): /system/bin/dex2oat --zip-fd=6 --zip-location=/data/app/com.google.android.apps.mtaas.testloop-1/base.apk --oat-fd=7 --oat-location=/data/dalvik-cache/x86/data@app@com.google.android.apps.mtaas.testloop-1@base.apk@classes.dex --instruction-set=x86 --instruction-set-features=default --runtime-arg -Xms64m --runtime-arg -Xmx512m --swap-fd=8
10-16 19:59:07.127: I/dex2oat(4238): Decided to run without swap.
10-16 19:59:07.415: I/Icing(2242): Indexing 5233BB6556150606E6EA2800A20D5D691B1774CC from com.google.android.gms
10-16 19:59:07.415: I/Remoter(1322): Saved screenshot to '/data/screenshots/__pmv__-0079.jpg'
10-16 19:59:07.415: I/Icing(2242): Indexing done 5233BB6556150606E6EA2800A20D5D691B1774CC
10-16 19:59:07.436: I/Icing(2242): IndexChimeraService.getServiceInterface callingPackage=com.google.android.inputmethod.latin componentName=null serviceId=21
10-16 19:59:07.460: I/Icing(2242): Usage reports 0 indexed 0 rejected 0 imm upload false
10-16 19:59:07.792: I/dex2oat(4238): dex2oat took 701.258ms (threads: 2) arena alloc=39KB java alloc=2MB native alloc=4MB free=3MB
10-16 19:59:07.802: V/BackupManagerService(1677): restoreAtInstall pkg=com.google.android.apps.mtaas.testloop token=5 restoreSet=0
10-16 19:59:07.802: V/BackupManagerService(1677): Finishing install immediately
10-16 19:59:07.803: W/Settings(1677): Setting install_non_market_apps has moved from android.provider.Settings.Global to android.provider.Settings.Secure, returning read-only value.
10-16 19:59:07.806: I/InputReader(1677): Reconfiguring input devices.  changes=0x00000010
10-16 19:59:07.808: W/InputMethodInfo(1677): Duplicated subtype definition found: , voice
10-16 19:59:07.818: D/BackupManagerService(1677): Received broadcast Intent { act=android.intent.action.PACKAGE_ADDED dat=package:com.google.android.apps.mtaas.testloop flg=0x4000010 (has extras) }
10-16 19:59:07.824: I/UpdateIcingCorporaServi(2101): Updating corpora: APPS=com.google.android.apps.mtaas.testloop, CONTACTS=MAYBE
10-16 19:59:07.839: I/Icing(2242): IndexChimeraService.getServiceInterface callingPackage=com.google.android.googlequicksearchbox componentName=null serviceId=21
10-16 19:59:07.846: I/FontsPackageChangeOp(2242): Package com.google.android.apps.mtaas.testloop has no metadata
10-16 19:59:07.849: D/Wear_Controller(2242): Received broadcast action=android.intent.action.PACKAGE_ADDED and uri=com.google.android.apps.mtaas.testloop
10-16 19:59:07.851: I/ApplicationLogger(2101): canRun() : Opted Out
10-16 19:59:07.851: I/UpdateIcingCorporaServi(2101): UpdateCorporaTask done [took 27 ms] updated apps [took 27 ms] 
10-16 19:59:07.865: I/Icing(2242): IndexChimeraService.getServiceInterface callingPackage=com.google.android.gms componentName=AppsCorpus serviceId=36
10-16 19:59:07.865: I/Icing(2242): IndexChimeraService.getServiceInterface callingPackage=com.google.android.gms componentName=AppsCorpus serviceId=32
10-16 19:59:07.871: I/Icing(2242): Usage reports 0 indexed 0 rejected 0 imm upload true
10-16 19:59:07.874: W/ResourceType(2024): No package identifier when getting value for resource number 0x00000000
10-16 19:59:07.874: W/ResourceType(2024): No package identifier when getting value for resource number 0x00000000
10-16 19:59:07.874: W/PackageManager(2024): Failure retrieving resources for com.google.android.apps.mtaas.testloop: Resource ID #0x0
10-16 19:59:07.874: W/ResourceType(2024): No package identifier when getting value for resource number 0x00000000
10-16 19:59:07.874: W/PackageManager(2024): Failure retrieving resources for com.google.android.apps.mtaas.testloop: Resource ID #0x0
10-16 19:59:07.879: I/Icing(2242): Usage reports 0 indexed 0 rejected 0 imm upload false
10-16 19:59:07.880: D/Launcher.Workspace(2024): 11683562 - removeExtraEmptyScreen()
10-16 19:59:07.880: D/Launcher.Workspace(2024): 11683562 - convertFinalScreenToEmptyScreenIfNecessary()
10-16 19:59:07.890: I/art(1677): Explicit concurrent mark sweep GC freed 26348(1841KB) AllocSpace objects, 10(156KB) LOS objects, 33% free, 16MB/24MB, paused 490us total 85.880ms
10-16 19:59:07.890: I/art(1677): WaitForGcToComplete blocked for 63.102ms for cause HeapTrim
10-16 19:59:07.895: I/Icing(2242): Usage reports 0 indexed 0 rejected 0 imm upload false
10-16 19:59:07.897: I/art(4228): System.exit called, status: 0
10-16 19:59:07.897: I/AndroidRuntime(4228): VM exiting with result code 0.
10-16 19:59:08.359: D/AndroidRuntime(4268): >>>>>> START com.android.internal.os.RuntimeInit uid 0 <<<<<<
10-16 19:59:08.360: D/AndroidRuntime(4268): CheckJNI is OFF
10-16 19:59:08.378: E/memtrack(4268): Couldn't load memtrack module (No such file or directory)
10-16 19:59:08.378: E/android.os.Debug(4268): failed to load memtrack module: -2
10-16 19:59:08.387: D/AndroidRuntime(4268): Calling main entry com.android.commands.pm.Pm
10-16 19:59:08.390: D/DefContainer(4048): Copying /data/local/tmp/android.support.test.orchestrator.apk to base.apk
10-16 19:59:08.398: D/PackageManager(1677): Renaming /data/app/vmdl549901216.tmp to /data/app/android.support.test.orchestrator-1
10-16 19:59:08.400: I/PackageManager(1677): Running dexopt on: /data/app/android.support.test.orchestrator-1/base.apk pkg=android.support.test.orchestrator isa=x86 vmSafeMode=false
10-16 19:59:08.407: E/cutils-trace(4278): Error opening trace file: Permission denied (13)
10-16 19:59:08.407: I/dex2oat(4278): /system/bin/dex2oat --zip-fd=6 --zip-location=/data/app/android.support.test.orchestrator-1/base.apk --oat-fd=7 --oat-location=/data/dalvik-cache/x86/data@app@android.support.test.orchestrator-1@base.apk@classes.dex --instruction-set=x86 --instruction-set-features=default --runtime-arg -Xms64m --runtime-arg -Xmx512m --swap-fd=8
10-16 19:59:08.413: I/dex2oat(4278): Decided to run without swap.
10-16 19:59:08.456: I/Remoter(1322): Saved screenshot to '/data/screenshots/__pmv__-0080.jpg'
10-16 19:59:08.507: I/dex2oat(4278): dex2oat took 99.938ms (threads: 2) arena alloc=42KB java alloc=257KB native alloc=1495KB free=6MB
10-16 19:59:08.517: V/BackupManagerService(1677): restoreAtInstall pkg=android.support.test.orchestrator token=6 restoreSet=0
10-16 19:59:08.517: V/BackupManagerService(1677): Finishing install immediately
10-16 19:59:08.519: I/InputReader(1677): Reconfiguring input devices.  changes=0x00000010
10-16 19:59:08.521: W/Settings(1677): Setting install_non_market_apps has moved from android.provider.Settings.Global to android.provider.Settings.Secure, returning read-only value.
10-16 19:59:08.535: W/InputMethodInfo(1677): Duplicated subtype definition found: , voice
10-16 19:59:08.543: I/UpdateIcingCorporaServi(2101): Updating corpora: APPS=android.support.test.orchestrator, CONTACTS=MAYBE
10-16 19:59:08.544: D/BackupManagerService(1677): Received broadcast Intent { act=android.intent.action.PACKAGE_ADDED dat=package:android.support.test.orchestrator flg=0x4000010 (has extras) }
10-16 19:59:08.553: I/ApplicationLogger(2101): canRun() : Opted Out
10-16 19:59:08.553: I/UpdateIcingCorporaServi(2101): UpdateCorporaTask done [took 10 ms] updated apps [took 10 ms] 
10-16 19:59:08.561: I/FontsPackageChangeOp(2242): Package android.support.test.orchestrator has no metadata
10-16 19:59:08.564: D/Wear_Controller(2242): Received broadcast action=android.intent.action.PACKAGE_ADDED and uri=android.support.test.orchestrator
10-16 19:59:08.567: I/Icing(2242): IndexChimeraService.getServiceInterface callingPackage=com.google.android.gms componentName=AppsCorpus serviceId=36
10-16 19:59:08.568: I/Icing(2242): IndexChimeraService.getServiceInterface callingPackage=com.google.android.gms componentName=AppsCorpus serviceId=32
10-16 19:59:08.579: I/Icing(2242): Usage reports 0 indexed 0 rejected 0 imm upload false
10-16 19:59:08.584: I/Icing(2242): Usage reports 0 indexed 0 rejected 0 imm upload false
10-16 19:59:08.600: I/art(1677): Explicit concurrent mark sweep GC freed 18384(1388KB) AllocSpace objects, 10(160KB) LOS objects, 33% free, 16MB/24MB, paused 431us total 79.072ms
10-16 19:59:08.601: I/art(4268): System.exit called, status: 0
10-16 19:59:08.601: I/AndroidRuntime(4268): VM exiting with result code 0.
10-16 19:59:08.848: I/Icing(2242): Indexing 78809412366E3FB9E25492F12C0E3355617CA57E from com.google.android.googlequicksearchbox
10-16 19:59:08.857: I/Icing(2242): Indexing done 78809412366E3FB9E25492F12C0E3355617CA57E
10-16 19:59:08.897: I/Icing(2242): Indexing 5233BB6556150606E6EA2800A20D5D691B1774CC from com.google.android.gms
10-16 19:59:08.902: I/Icing(2242): Indexing done 5233BB6556150606E6EA2800A20D5D691B1774CC
10-16 19:59:09.137: D/AndroidRuntime(4307): >>>>>> START com.android.internal.os.RuntimeInit uid 0 <<<<<<
10-16 19:59:09.138: D/AndroidRuntime(4307): CheckJNI is OFF
10-16 19:59:09.156: E/memtrack(4307): Couldn't load memtrack module (No such file or directory)
10-16 19:59:09.156: E/android.os.Debug(4307): failed to load memtrack module: -2
10-16 19:59:09.169: D/AndroidRuntime(4307): Calling main entry com.android.commands.pm.Pm
10-16 19:59:09.185: D/DefContainer(4048): Copying /data/local/tmp/android.support.test.services.apk to base.apk
10-16 19:59:09.234: D/PackageManager(1677): Renaming /data/app/vmdl256602853.tmp to /data/app/android.support.test.services-1
10-16 19:59:09.237: I/PackageManager(1677): Running dexopt on: /data/app/android.support.test.services-1/base.apk pkg=android.support.test.services isa=x86 vmSafeMode=false
10-16 19:59:09.244: E/cutils-trace(4317): Error opening trace file: Permission denied (13)
10-16 19:59:09.244: I/dex2oat(4317): /system/bin/dex2oat --zip-fd=6 --zip-location=/data/app/android.support.test.services-1/base.apk --oat-fd=7 --oat-location=/data/dalvik-cache/x86/data@app@android.support.test.services-1@base.apk@classes.dex --instruction-set=x86 --instruction-set-features=default --runtime-arg -Xms64m --runtime-arg -Xmx512m --swap-fd=8
10-16 19:59:09.258: I/dex2oat(4317): Decided to run without swap.
10-16 19:59:09.261: W/dex2oat(4317): Before Android 4.1, method android.graphics.PorterDuffColorFilter android.support.graphics.drawable.VectorDrawableCompat.updateTintFilter(android.graphics.PorterDuffColorFilter, android.content.res.ColorStateList, android.graphics.PorterDuff$Mode) would have incorrectly overridden the package-private method in android.graphics.drawable.Drawable
10-16 19:59:09.499: I/Remoter(1322): Saved screenshot to '/data/screenshots/__pmv__-0081.jpg'
10-16 19:59:09.556: I/dex2oat(4317): dex2oat took 312.036ms (threads: 2) arena alloc=168KB java alloc=1079KB native alloc=2MB free=5MB
10-16 19:59:09.567: V/BackupManagerService(1677): restoreAtInstall pkg=android.support.test.services token=7 restoreSet=0
10-16 19:59:09.567: V/BackupManagerService(1677): Finishing install immediately
10-16 19:59:09.567: W/Settings(1677): Setting install_non_market_apps has moved from android.provider.Settings.Global to android.provider.Settings.Secure, returning read-only value.
10-16 19:59:09.571: I/InputReader(1677): Reconfiguring input devices.  changes=0x00000010
10-16 19:59:09.573: W/InputMethodInfo(1677): Duplicated subtype definition found: , voice
10-16 19:59:09.585: I/Icing(2242): Indexing 5233BB6556150606E6EA2800A20D5D691B1774CC from com.google.android.gms
10-16 19:59:09.587: I/Icing(2242): Indexing done 5233BB6556150606E6EA2800A20D5D691B1774CC
10-16 19:59:09.588: I/UpdateIcingCorporaServi(2101): Updating corpora: APPS=android.support.test.services, CONTACTS=MAYBE
10-16 19:59:09.594: I/ApplicationLogger(2101): canRun() : Opted Out
10-16 19:59:09.594: I/UpdateIcingCorporaServi(2101): UpdateCorporaTask done [took 6 ms] updated apps [took 6 ms] 
10-16 19:59:09.598: I/Icing(2242): IndexChimeraService.getServiceInterface callingPackage=com.google.android.inputmethod.latin componentName=null serviceId=21
10-16 19:59:09.604: D/BackupManagerService(1677): Received broadcast Intent { act=android.intent.action.PACKAGE_ADDED dat=package:android.support.test.services flg=0x4000010 (has extras) }
10-16 19:59:09.605: I/Icing(2242): IndexChimeraService.getServiceInterface callingPackage=com.google.android.inputmethod.latin componentName=null serviceId=21
10-16 19:59:09.624: I/FontsPackageChangeOp(2242): Package android.support.test.services has no metadata
10-16 19:59:09.627: D/Wear_Controller(2242): Received broadcast action=android.intent.action.PACKAGE_ADDED and uri=android.support.test.services
10-16 19:59:09.633: I/Icing(2242): Usage reports 0 indexed 0 rejected 0 imm upload false
10-16 19:59:09.634: I/Icing(2242): IndexChimeraService.getServiceInterface callingPackage=com.google.android.gms componentName=AppsCorpus serviceId=36
10-16 19:59:09.635: I/Icing(2242): IndexChimeraService.getServiceInterface callingPackage=com.google.android.gms componentName=AppsCorpus serviceId=32
10-16 19:59:09.646: I/Icing(2242): Usage reports 0 indexed 0 rejected 0 imm upload false
10-16 19:59:09.654: I/Icing(2242): Usage reports 0 indexed 0 rejected 0 imm upload false
10-16 19:59:09.660: I/Icing(2242): Usage reports 0 indexed 0 rejected 0 imm upload false
10-16 19:59:09.670: I/art(1677): Explicit concurrent mark sweep GC freed 68329(3MB) AllocSpace objects, 27(832KB) LOS objects, 33% free, 16MB/24MB, paused 446us total 97.196ms
10-16 19:59:09.671: I/art(4307): System.exit called, status: 0
10-16 19:59:09.671: I/AndroidRuntime(4307): VM exiting with result code 0.
10-16 19:59:09.761: I/MetadataService(1322): Processed 0 update/creates for instance/attributes/
10-16 19:59:09.761: I/MetadataService(1322): Processed 0 update/creates for project/attributes/
10-16 19:59:09.753: I/gce.meta.proxy(976): type=1400 audit(0.0:90): avc: denied { create } for scontext=u:r:kernel:s0 tcontext=u:r:kernel:s0 tclass=tcp_socket permissive=1
10-16 19:59:09.753: I/gce.meta.proxy(976): type=1400 audit(0.0:91): avc: denied { name_connect } for dest=80 scontext=u:r:kernel:s0 tcontext=u:object_r:port:s0 tclass=tcp_socket permissive=1
10-16 19:59:10.140: D/AndroidRuntime(4346): >>>>>> START com.android.internal.os.RuntimeInit uid 0 <<<<<<
10-16 19:59:10.140: D/AndroidRuntime(4346): CheckJNI is OFF
10-16 19:59:10.158: E/memtrack(4346): Couldn't load memtrack module (No such file or directory)
10-16 19:59:10.158: E/android.os.Debug(4346): failed to load memtrack module: -2
10-16 19:59:10.169: D/AndroidRuntime(4346): Calling main entry com.android.commands.pm.Pm
10-16 19:59:10.175: D/DefContainer(4048): Copying /data/local/tmp/com.google.android.apps.mtaas.stubapp.apk to base.apk
10-16 19:59:10.176: I/PackageParser(1677): com.google.android.apps.mtaas.stubapp: compat added android.permission.WRITE_EXTERNAL_STORAGE android.permission.READ_PHONE_STATE
10-16 19:59:10.181: D/PackageManager(1677): Renaming /data/app/vmdl564389390.tmp to /data/app/com.google.android.apps.mtaas.stubapp-1
10-16 19:59:10.183: I/PackageManager(1677): Running dexopt on: /data/app/com.google.android.apps.mtaas.stubapp-1/base.apk pkg=com.google.android.apps.mtaas.stubapp isa=x86 vmSafeMode=false
10-16 19:59:10.191: E/cutils-trace(4356): Error opening trace file: Permission denied (13)
10-16 19:59:10.191: I/dex2oat(4356): /system/bin/dex2oat --zip-fd=6 --zip-location=/data/app/com.google.android.apps.mtaas.stubapp-1/base.apk --oat-fd=7 --oat-location=/data/dalvik-cache/x86/data@app@com.google.android.apps.mtaas.stubapp-1@base.apk@classes.dex --instruction-set=x86 --instruction-set-features=default --runtime-arg -Xms64m --runtime-arg -Xmx512m --swap-fd=8
10-16 19:59:10.193: I/dex2oat(4356): Decided to run without swap.
10-16 19:59:10.196: I/dex2oat(4356): dex2oat took 5.175ms (threads: 2) arena alloc=23KB java alloc=1576B native alloc=495KB free=7MB
10-16 19:59:10.212: V/BackupManagerService(1677): restoreAtInstall pkg=com.google.android.apps.mtaas.stubapp token=8 restoreSet=0
10-16 19:59:10.212: V/BackupManagerService(1677): Finishing install immediately
10-16 19:59:10.227: W/Settings(1677): Setting install_non_market_apps has moved from android.provider.Settings.Global to android.provider.Settings.Secure, returning read-only value.
10-16 19:59:10.241: I/InputReader(1677): Reconfiguring input devices.  changes=0x00000010
10-16 19:59:10.242: D/BackupManagerService(1677): Received broadcast Intent { act=android.intent.action.PACKAGE_ADDED dat=package:com.google.android.apps.mtaas.stubapp flg=0x4000010 (has extras) }
10-16 19:59:10.243: I/UpdateIcingCorporaServi(2101): Updating corpora: APPS=com.google.android.apps.mtaas.stubapp, CONTACTS=MAYBE
10-16 19:59:10.250: W/InputMethodInfo(1677): Duplicated subtype definition found: , voice
10-16 19:59:10.251: I/ApplicationLogger(2101): canRun() : Opted Out
10-16 19:59:10.251: I/UpdateIcingCorporaServi(2101): UpdateCorporaTask done [took 7 ms] updated apps [took 7 ms] 
10-16 19:59:10.273: I/FontsPackageChangeOp(2242): Package com.google.android.apps.mtaas.stubapp has no metadata
10-16 19:59:10.274: I/Icing(2242): IndexChimeraService.getServiceInterface callingPackage=com.google.android.gms componentName=AppsCorpus serviceId=36
10-16 19:59:10.274: I/Icing(2242): IndexChimeraService.getServiceInterface callingPackage=com.google.android.gms componentName=AppsCorpus serviceId=32
10-16 19:59:10.278: D/Wear_Controller(2242): Received broadcast action=android.intent.action.PACKAGE_ADDED and uri=com.google.android.apps.mtaas.stubapp
10-16 19:59:10.282: I/Icing(2242): Usage reports 0 indexed 0 rejected 0 imm upload false
10-16 19:59:10.285: I/art(1677): Explicit concurrent mark sweep GC freed 17513(1262KB) AllocSpace objects, 7(112KB) LOS objects, 33% free, 16MB/24MB, paused 738us total 56.553ms
10-16 19:59:10.289: I/Icing(2242): Usage reports 0 indexed 0 rejected 0 imm upload false
10-16 19:59:10.290: I/art(4346): System.exit called, status: 0
10-16 19:59:10.290: I/AndroidRuntime(4346): VM exiting with result code 0.
10-16 19:59:10.378: D/AndroidRuntime(4371): >>>>>> START com.android.internal.os.RuntimeInit uid 0 <<<<<<
10-16 19:59:10.379: D/AndroidRuntime(4371): CheckJNI is OFF
10-16 19:59:10.401: E/memtrack(4371): Couldn't load memtrack module (No such file or directory)
10-16 19:59:10.401: E/android.os.Debug(4371): failed to load memtrack module: -2
10-16 19:59:10.410: D/AndroidRuntime(4371): Calling main entry com.android.commands.input.Input
10-16 19:59:10.410: I/Input(4371): injectKeyEvent: KeyEvent { action=ACTION_DOWN, keyCode=KEYCODE_MENU, scanCode=0, metaState=0, flags=0x0, repeatCount=0, eventTime=240575, downTime=240575, deviceId=-1, source=0x101 }
10-16 19:59:10.412: I/Input(4371): injectKeyEvent: KeyEvent { action=ACTION_UP, keyCode=KEYCODE_MENU, scanCode=0, metaState=0, flags=0x0, repeatCount=0, eventTime=240575, downTime=240575, deviceId=-1, source=0x101 }
10-16 19:59:10.416: D/AndroidRuntime(4371): Shutting down VM
10-16 19:59:10.439: W/AudioTrack(1777): AUDIO_OUTPUT_FLAG_FAST denied by client
10-16 19:59:10.455: D/PhoneStatusBar(1777): disable: < expand ICONS alerts SYSTEM_INFO back HOME RECENT clock SEARCH >
10-16 19:59:10.483: D/PhoneStatusBar(1777): disable: < expand icons* alerts system_info* back HOME RECENT clock SEARCH >
10-16 19:59:10.492: D/PhoneStatusBar(1777): disable: < expand icons alerts system_info back home* recent* clock search* >
10-16 19:59:10.492: I/Authzen(2242): [DeviceStateSyncManager] Device state fast sync is disabled
10-16 19:59:10.530: I/CastDatabase(2242): Opening the database
10-16 19:59:10.537: I/GceGrallocRegionRegistry(1334): Mapped gralloc-1334.25 hnd=0xb27cd240 fd=28 base=0xb647f000 format=RGBA_8888(0x1) width=768 height=96
10-16 19:59:10.537: I/GceGrallocRegionRegistry(1334): Mapped gralloc-1334.26 hnd=0xb27cd3c0 fd=29 base=0xb6435000 format=RGBA_8888(0x1) width=768 height=96
10-16 19:59:10.537: I/GceGrallocRegionRegistry(1334): Mapped gralloc-1334.27 hnd=0xb27cd400 fd=30 base=0xb408c000 format=RGBA_8888(0x1) width=768 height=96
10-16 19:59:10.577: I/GceGrallocRegionRegistry(1777): Mapped gralloc-1334.25 hnd=0x9e25f780 fd=62 base=0xae218000 format=RGBA_8888(0x1) width=768 height=96
10-16 19:59:10.631: I/Remoter(1322): Saved screenshot to '/data/screenshots/__pmv__-0082.jpg'
10-16 19:59:10.662: I/Icing(2242): Indexing 5233BB6556150606E6EA2800A20D5D691B1774CC from com.google.android.gms
10-16 19:59:10.662: I/Icing(2242): Indexing done 5233BB6556150606E6EA2800A20D5D691B1774CC
10-16 19:59:10.666: I/art(2179): Explicit concurrent mark sweep GC freed 2192(98KB) AllocSpace objects, 0(0B) LOS objects, 25% free, 8MB/10MB, paused 453us total 11.111ms
10-16 19:59:10.677: I/SQLiteCastStore(2242): 0 CastNetworkInfo instances loaded, 0 CastDeviceInfo instances loaded, 0 paired guest mode devices loaded.
10-16 19:59:10.543: I/RenderThread(1777): type=1400 audit(0.0:92): avc: denied { read } for path=2F6465762F6173686D656D2F6772616C6C6F632D313333342E3235202864656C6574656429 dev="tmpfs" ino=20321 scontext=u:r:platform_app:s0 tcontext=u:object_r:surfaceflinger_tmpfs:s0 tclass=file permissive=1
10-16 19:59:10.757: I/art(2242): Explicit concurrent mark sweep GC freed 28210(1637KB) AllocSpace objects, 6(96KB) LOS objects, 22% free, 27MB/35MB, paused 299us total 84.814ms
10-16 19:59:10.847: D/AndroidRuntime(4390): >>>>>> START com.android.internal.os.RuntimeInit uid 0 <<<<<<
10-16 19:59:10.848: D/AndroidRuntime(4390): CheckJNI is OFF
10-16 19:59:10.879: I/CastSocket(2242): 22 >= 18. Adding new CastClientAuthKeyManager.
10-16 19:59:10.882: I/DiscoveryManager(2242): WifiGuestModeDeviceScanner enabled.
10-16 19:59:10.889: I/MediaRouter(2242): Found default route: MediaRouter.RouteInfo{ uniqueId=android/abu:DEFAULT_ROUTE, name=Phone, description=null, iconUri=null, enabled=true, connecting=false, connectionState=0, canDisconnect=false, playbackType=0, playbackStream=3, deviceType=0, volumeHandling=1, volume=11, volumeMax=15, presentationDisplayId=-1, extras=null, settingsIntent=null, providerPackageName=android }
10-16 19:59:10.906: E/memtrack(4390): Couldn't load memtrack module (No such file or directory)
10-16 19:59:10.906: E/android.os.Debug(4390): failed to load memtrack module: -2
10-16 19:59:10.923: D/AndroidRuntime(4390): Calling main entry com.android.commands.pm.Pm
10-16 19:59:10.932: I/art(4390): System.exit called, status: 0
10-16 19:59:10.932: I/AndroidRuntime(4390): VM exiting with result code 0.
10-16 19:59:11.125: I/GceGrallocRegionRegistry(1777): Unmapped gralloc-1334.22 hnd=0xb3f3f340 fd=53 base=0x9d03e000
10-16 19:59:11.126: I/GceGrallocRegionRegistry(1777): Unmapped gralloc-1334.23 hnd=0x9e2b0500 fd=56 base=0x9cc7c000
10-16 19:59:11.126: I/GceGrallocRegionRegistry(1777): Unmapped gralloc-1334.24 hnd=0xb3f3f3c0 fd=57 base=0x9c8ba000
10-16 19:59:11.127: I/GceGrallocRegionRegistry(1334): Unmapped gralloc-1334.23 hnd=0xb36500c0 fd=23 base=0xb283e000
10-16 19:59:11.128: I/GceGrallocRegionRegistry(1334): Unmapped gralloc-1334.24 hnd=0xb36504c0 fd=24 base=0xb203e000
10-16 19:59:11.155: I/GceGrallocRegionRegistry(1334): Mapped gralloc-1334.28 hnd=0xb36504c0 fd=23 base=0xb6403000 format=RGBA_8888(0x1) width=768 height=50
10-16 19:59:11.155: I/GceGrallocRegionRegistry(1777): Mapped gralloc-1334.28 hnd=0x9e2af700 fd=56 base=0xa0c54000 format=RGBA_8888(0x1) width=768 height=50
10-16 19:59:11.167: I/GceGrallocRegionRegistry(1334): Mapped gralloc-1334.29 hnd=0xb36500c0 fd=24 base=0xb405a000 format=RGBA_8888(0x1) width=768 height=50
10-16 19:59:11.167: I/GceGrallocRegionRegistry(1777): Mapped gralloc-1334.29 hnd=0x9f263800 fd=57 base=0xa0c22000 format=RGBA_8888(0x1) width=768 height=50
10-16 19:59:11.182: I/GceGrallocRegionRegistry(1334): Unmapped gralloc-1334.22 hnd=0xb60384c0 fd=15 base=0xae83e000
10-16 19:59:11.217: D/AndroidRuntime(4404): >>>>>> START com.android.internal.os.RuntimeInit uid 0 <<<<<<
10-16 19:59:11.218: D/AndroidRuntime(4404): CheckJNI is OFF
10-16 19:59:11.261: E/memtrack(4404): Couldn't load memtrack module (No such file or directory)
10-16 19:59:11.261: E/android.os.Debug(4404): failed to load memtrack module: -2
10-16 19:59:11.270: D/AndroidRuntime(4404): Calling main entry com.android.commands.am.Am
10-16 19:59:11.272: I/ActivityManager(1677): Force stopping com.google.android.apps.mtaas.tools appid=10079 user=0: start instr
10-16 19:59:11.293: I/ActivityManager(1677): Start proc 4415:com.google.android.apps.mtaas.tools/u0a79 for added application com.google.android.apps.mtaas.tools
10-16 19:59:11.296: I/Icing(2242): Indexing 5233BB6556150606E6EA2800A20D5D691B1774CC from com.google.android.gms
10-16 19:59:11.296: I/Icing(2242): Indexing done 5233BB6556150606E6EA2800A20D5D691B1774CC
10-16 19:59:11.320: I/ActivityManager(1677): Config changes=2004 {1.0 310mcc260mnc es ldltr sw384dp w384dp h567dp 320dpi nrml port finger qwerty/v/v -nav/h s.6}
10-16 19:59:11.320: D/ActivityManager(1677): Storing locale es for decryption UI
10-16 19:59:11.362: D/PermissionCache(1334): checking android.permission.READ_FRAME_BUFFER for uid=1000 => granted (45 us)
10-16 19:59:11.362: I/GceGrallocRegionRegistry(1334): Mapped gralloc-1334.30 hnd=0xb27cd4c0 fd=33 base=0xb283e000 format=RGBA_8888(0x1) width=768 height=1280
10-16 19:59:11.472: D/Finsky(3462): [1] ClearCacheReceiver.onReceive: Received android.intent.action.LOCALE_CHANGED. Clearing cache and exiting.
10-16 19:59:11.472: W/ResourcesManager(1677): Asset path '/system/framework/com.google.android.maps.jar' does not exist or contains no resources.
10-16 19:59:11.473: D/Volley(3462): [268] DiskBasedCache.clear: Cache cleared.
10-16 19:59:11.473: D/Volley(3462): [275] DiskBasedCache.clear: Cache cleared.
10-16 19:59:11.475: D/ChangeLocale(4415): Instrumentation completed successfully
10-16 19:59:11.475: I/ActivityManager(1677): Force stopping com.google.android.apps.mtaas.tools appid=10079 user=0: finished inst
10-16 19:59:11.475: I/ActivityManager(1677): Killing 4415:com.google.android.apps.mtaas.tools/u0a79 (adj 0): stop com.google.android.apps.mtaas.tools
10-16 19:59:11.476: E/HotwordDataManager(2101): No model available at /data/data/com.google.android.googlequicksearchbox/files/es-ES/hotword.data
10-16 19:59:11.476: E/HotwordDataManager(2101): java.io.FileNotFoundException: /data/data/com.google.android.googlequicksearchbox/files/es-ES/hotword.data: open failed: ENOENT (No such file or directory)
10-16 19:59:11.476: E/HotwordDataManager(2101): 	at libcore.io.IoBridge.open(IoBridge.java:456)
10-16 19:59:11.476: E/HotwordDataManager(2101): 	at java.io.FileInputStream.<init>(FileInputStream.java:76)
10-16 19:59:11.476: E/HotwordDataManager(2101): 	at izp.Rg(PG:102)
10-16 19:59:11.476: E/HotwordDataManager(2101): 	at izk.a(PG:249)
10-16 19:59:11.476: E/HotwordDataManager(2101): 	at izo.m(PG:197)
10-16 19:59:11.476: E/HotwordDataManager(2101): 	at dgl.jC(PG:218)
10-16 19:59:11.476: E/HotwordDataManager(2101): 	at dgn.run(PG:187)
10-16 19:59:11.476: E/HotwordDataManager(2101): 	at java.util.concurrent.Executors$RunnableAdapter.call(Executors.java:422)
10-16 19:59:11.476: E/HotwordDataManager(2101): 	at java.util.concurrent.FutureTask.run(FutureTask.java:237)
10-16 19:59:11.476: E/HotwordDataManager(2101): 	at java.util.concurrent.ScheduledThreadPoolExecutor$ScheduledFutureTask.access$201(ScheduledThreadPoolExecutor.java:152)
10-16 19:59:11.476: E/HotwordDataManager(2101): 	at java.util.concurrent.ScheduledThreadPoolExecutor$ScheduledFutureTask.run(ScheduledThreadPoolExecutor.java:265)
10-16 19:59:11.476: E/HotwordDataManager(2101): 	at java.util.concurrent.ThreadPoolExecutor.runWorker(ThreadPoolExecutor.java:1112)
10-16 19:59:11.476: E/HotwordDataManager(2101): 	at java.util.concurrent.ThreadPoolExecutor$Worker.run(ThreadPoolExecutor.java:587)
10-16 19:59:11.476: E/HotwordDataManager(2101): 	at java.lang.Thread.run(Thread.java:818)
10-16 19:59:11.476: E/HotwordDataManager(2101): 	at feg.run(PG:80)
10-16 19:59:11.476: E/HotwordDataManager(2101): Caused by: android.system.ErrnoException: open failed: ENOENT (No such file or directory)
10-16 19:59:11.476: E/HotwordDataManager(2101): 	at libcore.io.Posix.open(Native Method)
10-16 19:59:11.476: E/HotwordDataManager(2101): 	at libcore.io.BlockGuardOs.open(BlockGuardOs.java:186)
10-16 19:59:11.476: E/HotwordDataManager(2101): 	at libcore.io.IoBridge.open(IoBridge.java:442)
10-16 19:59:11.476: E/HotwordDataManager(2101): 	... 14 more
10-16 19:59:11.476: D/AndroidRuntime(4404): Shutting down VM
10-16 19:59:11.489: I/art(3462): System.exit called, status: 0
10-16 19:59:11.489: I/AndroidRuntime(3462): VM exiting with result code 0, cleanup skipped.
10-16 19:59:11.570: W/KeyphraseEnrollmentInfo(1919): Enrollment application doesn't support keyphrases
10-16 19:59:11.571: I/GceGrallocRegionRegistry(2024): Unmapped gralloc-1334.18 hnd=0x9f663840 fd=55 base=0x9ac5d000
10-16 19:59:11.571: I/GceGrallocRegionRegistry(2024): Unmapped gralloc-1334.19 hnd=0x9f663040 fd=59 base=0x99613000
