10-11 21:54:39.927: I/PTCommittedOperation(4514): Receive new configuration for com.google.android.gms.smart_profile
10-11 21:54:39.934: I/NetRec(4514): [398] yjy.b: Cancelling all NetRec GCM tasks
10-11 21:54:39.935: I/NetRec(4514): [448] ClearDatabaseService.onHandleIntent: Clearing score cache
10-11 21:54:39.946: I/NetRec(4514): [448] ConfigChangedIntentOperation.onHandleIntent: Handling a Phenotype update
10-11 21:54:39.946: I/NetRec(4514): [448] yjy.b: onConfigChanged()
10-11 21:54:39.947: E/IntentOperationSvc(4533): Failed to instantiate Chimera operation impl com.google.android.gms.people.service.SettingsChangedBroadcastIntentOperation, dropping operation
10-11 21:54:39.947: E/IntentOperationSvc(4533): java.lang.reflect.InvocationTargetException
10-11 21:54:39.947: E/IntentOperationSvc(4533): 	at java.lang.reflect.Constructor.newInstance(Native Method)
10-11 21:54:39.947: E/IntentOperationSvc(4533): 	at java.lang.reflect.Constructor.newInstance(Constructor.java:288)
10-11 21:54:39.947: E/IntentOperationSvc(4533): 	at bxa.a(:com.google.android.gms@11519270:8)
10-11 21:54:39.947: E/IntentOperationSvc(4533): 	at bxb.run(:com.google.android.gms@11519270:69)
10-11 21:54:39.947: E/IntentOperationSvc(4533): 	at java.util.concurrent.ThreadPoolExecutor.runWorker(ThreadPoolExecutor.java:1112)
10-11 21:54:39.947: E/IntentOperationSvc(4533): 	at java.util.concurrent.ThreadPoolExecutor$Worker.run(ThreadPoolExecutor.java:587)
10-11 21:54:39.947: E/IntentOperationSvc(4533): 	at java.lang.Thread.run(Thread.java:818)
10-11 21:54:39.947: E/IntentOperationSvc(4533): Caused by: java.lang.NullPointerException: Attempt to invoke virtual method 'android.content.SharedPreferences android.content.Context.getSharedPreferences(java.lang.String, int)' on a null object reference
10-11 21:54:39.947: E/IntentOperationSvc(4533): 	at android.content.ContextWrapper.getSharedPreferences(ContextWrapper.java:170)
10-11 21:54:39.947: E/IntentOperationSvc(4533): 	at zco.a(:com.google.android.gms@11519270:6)
10-11 21:54:39.947: E/IntentOperationSvc(4533): 	at com.google.android.gms.people.service.SettingsChangedBroadcastIntentOperation.<init>(:com.google.android.gms@11519270:2)
10-11 21:54:39.947: E/IntentOperationSvc(4533): 	... 7 more
10-11 21:54:39.947: W/OcrModelUpStIntentOp(4533): Invalid action: com.google.android.gms.phenotype.COMMITTED
10-11 21:54:39.947: I/PTCommittedOperation(4514): Receive new configuration for com.google.android.gms.romanesco
10-11 21:54:39.951: I/NetRec(4514): [448] yjy.b: Cancelling all NetRec GCM tasks
10-11 21:54:39.955: I/NetRec(4514): [448] ClearDatabaseService.onHandleIntent: Clearing score cache
10-11 21:54:39.964: I/NetRec(4514): [398] ConfigChangedIntentOperation.onHandleIntent: Handling a Phenotype update
10-11 21:54:39.964: I/NetRec(4514): [398] yjy.b: onConfigChanged()
10-11 21:54:39.965: E/IntentOperationSvc(4533): Failed to instantiate Chimera operation impl com.google.android.gms.people.service.SettingsChangedBroadcastIntentOperation, dropping operation
10-11 21:54:39.965: E/IntentOperationSvc(4533): java.lang.reflect.InvocationTargetException
10-11 21:54:39.965: E/IntentOperationSvc(4533): 	at java.lang.reflect.Constructor.newInstance(Native Method)
10-11 21:54:39.965: E/IntentOperationSvc(4533): 	at java.lang.reflect.Constructor.newInstance(Constructor.java:288)
10-11 21:54:39.965: E/IntentOperationSvc(4533): 	at bxa.a(:com.google.android.gms@11519270:8)
10-11 21:54:39.965: E/IntentOperationSvc(4533): 	at bxb.run(:com.google.android.gms@11519270:69)
10-11 21:54:39.965: E/IntentOperationSvc(4533): 	at java.util.concurrent.ThreadPoolExecutor.runWorker(ThreadPoolExecutor.java:1112)
10-11 21:54:39.965: E/IntentOperationSvc(4533): 	at java.util.concurrent.ThreadPoolExecutor$Worker.run(ThreadPoolExecutor.java:587)
10-11 21:54:39.965: E/IntentOperationSvc(4533): 	at java.lang.Thread.run(Thread.java:818)
10-11 21:54:39.965: E/IntentOperationSvc(4533): Caused by: java.lang.NullPointerException: Attempt to invoke virtual method 'android.content.SharedPreferences android.content.Context.getSharedPreferences(java.lang.String, int)' on a null object reference
10-11 21:54:39.965: E/IntentOperationSvc(4533): 	at android.content.ContextWrapper.getSharedPreferences(ContextWrapper.java:170)
10-11 21:54:39.965: E/IntentOperationSvc(4533): 	at zco.a(:com.google.android.gms@11519270:6)
10-11 21:54:39.965: E/IntentOperationSvc(4533): 	at com.google.android.gms.people.service.SettingsChangedBroadcastIntentOperation.<init>(:com.google.android.gms@11519270:2)
10-11 21:54:39.965: E/IntentOperationSvc(4533): 	... 7 more
10-11 21:54:39.965: I/PTCommittedOperation(4514): Receive new configuration for com.google.android.gms.ocr
10-11 21:54:39.970: I/NetRec(4514): [398] yjy.b: Cancelling all NetRec GCM tasks
10-11 21:54:39.972: V/EmulatedCamera_Factory(1345): getCameraInfo: id = 0
10-11 21:54:39.972: V/EmulatedCamera_Camera(1345): getCameraInfo
10-11 21:54:39.972: V/EmulatedCamera_BaseCamera(1345): getCameraInfo
10-11 21:54:39.972: I/NetRec(4514): [444] ClearDatabaseService.onHandleIntent: Clearing score cache
10-11 21:54:39.974: I/OcrModelUpStIntentOp(4533): Updating ocr activity enabled=true (phenotypeFlag=true, lowRamDevice=false, prereqCheck=true)
10-11 21:54:39.995: W/Auth(4514): [GetToken] GetToken failed with status code: INVALID_SCOPE
10-11 21:54:39.995: W/AuthSessionAuthenticato(4514): Auth related exception is being ignored: INVALID_SCOPE
10-11 21:54:40.001: E/IntentOperationSvc(4533): Failed to instantiate Chimera operation impl com.google.android.gms.people.service.SettingsChangedBroadcastIntentOperation, dropping operation
10-11 21:54:40.001: E/IntentOperationSvc(4533): java.lang.reflect.InvocationTargetException
10-11 21:54:40.001: E/IntentOperationSvc(4533): 	at java.lang.reflect.Constructor.newInstance(Native Method)
10-11 21:54:40.001: E/IntentOperationSvc(4533): 	at java.lang.reflect.Constructor.newInstance(Constructor.java:288)
10-11 21:54:40.001: E/IntentOperationSvc(4533): 	at bxa.a(:com.google.android.gms@11519270:8)
10-11 21:54:40.001: E/IntentOperationSvc(4533): 	at bxb.run(:com.google.android.gms@11519270:69)
10-11 21:54:40.001: E/IntentOperationSvc(4533): 	at java.util.concurrent.ThreadPoolExecutor.runWorker(ThreadPoolExecutor.java:1112)
10-11 21:54:40.001: E/IntentOperationSvc(4533): 	at java.util.concurrent.ThreadPoolExecutor$Worker.run(ThreadPoolExecutor.java:587)
10-11 21:54:40.001: E/IntentOperationSvc(4533): 	at java.lang.Thread.run(Thread.java:818)
10-11 21:54:40.001: E/IntentOperationSvc(4533): Caused by: java.lang.NullPointerException: Attempt to invoke virtual method 'android.content.SharedPreferences android.content.Context.getSharedPreferences(java.lang.String, int)' on a null object reference
10-11 21:54:40.001: E/IntentOperationSvc(4533): 	at android.content.ContextWrapper.getSharedPreferences(ContextWrapper.java:170)
10-11 21:54:40.001: E/IntentOperationSvc(4533): 	at zco.a(:com.google.android.gms@11519270:6)
10-11 21:54:40.001: E/IntentOperationSvc(4533): 	at com.google.android.gms.people.service.SettingsChangedBroadcastIntentOperation.<init>(:com.google.android.gms@11519270:2)
10-11 21:54:40.001: E/IntentOperationSvc(4533): 	... 7 more
10-11 21:54:40.002: I/PTCommittedOperation(4514): Receive new configuration for com.google.android.gms.beacon
10-11 21:54:40.003: I/NetRec(4514): [398] ConfigChangedIntentOperation.onHandleIntent: Handling a Phenotype update
10-11 21:54:40.003: I/NetRec(4514): [398] yjy.b: onConfigChanged()
10-11 21:54:40.006: W/GLSUser(4514): [DeviceKeyStore] Cannot load key: Device key file not found.
10-11 21:54:40.006: W/GLSUser(4514): [DeviceKeyStore] Cannot load key: Device key file not found.
10-11 21:54:40.007: E/ctxmgr(4514): [BaseServerTask]Server task (FetchAclSet) got error statusCode=-1.
10-11 21:54:40.007: E/ctxmgr(4514): com.android.volley.VolleyError: Unable to obtain auth token - is the device online?
10-11 21:54:40.007: E/ctxmgr(4514): 	at cjq.a(:com.google.android.gms@11519270:39)
10-11 21:54:40.007: E/ctxmgr(4514): 	at cez.run(:com.google.android.gms@11519270:2)
10-11 21:54:40.007: E/ctxmgr(4514): 	at cex.handleMessage(:com.google.android.gms@11519270:3)
10-11 21:54:40.007: E/ctxmgr(4514): 	at mmw.run(:com.google.android.gms@11519270:6)
10-11 21:54:40.007: E/ctxmgr(4514): 	at mng.run(:com.google.android.gms@11519270:25)
10-11 21:54:40.007: E/ctxmgr(4514): 	at java.util.concurrent.ThreadPoolExecutor.runWorker(ThreadPoolExecutor.java:1112)
10-11 21:54:40.007: E/ctxmgr(4514): 	at java.util.concurrent.ThreadPoolExecutor$Worker.run(ThreadPoolExecutor.java:587)
10-11 21:54:40.007: E/ctxmgr(4514): 	at mso.run(:com.google.android.gms@11519270)
10-11 21:54:40.007: E/ctxmgr(4514): 	at java.lang.Thread.run(Thread.java:818)
10-11 21:54:40.009: I/NetRec(4514): [359] ClearDatabaseService.onHandleIntent: Clearing score cache
10-11 21:54:40.010: I/NetRec(4514): [398] yjy.b: Cancelling all NetRec GCM tasks
10-11 21:54:40.013: I/NetRec(4514): [398] ConfigChangedIntentOperation.onHandleIntent: Handling a Phenotype update
10-11 21:54:40.013: I/NetRec(4514): [398] yjy.b: onConfigChanged()
10-11 21:54:40.017: I/NetRec(4514): [398] yjy.b: Cancelling all NetRec GCM tasks
10-11 21:54:40.017: I/NetRec(4514): [448] ClearDatabaseService.onHandleIntent: Clearing score cache
10-11 21:54:40.019: E/ctxmgr(4514): [AccountAclCallback]Failed Acl fetch: network status=-1
10-11 21:54:40.028: I/OcrModelUpStIntentOp(4533): Downloading text recognizer
10-11 21:54:40.029: W/OcrModelUpStIntentOp(4533): Invalid action: com.google.android.gms.phenotype.COMMITTED
10-11 21:54:40.035: I/Vision(4533): Engine already satisfied by existing download for ocr
10-11 21:54:40.038: I/NetRec(4514): [448] ConfigChangedIntentOperation.onHandleIntent: Handling a Phenotype update
10-11 21:54:40.038: I/NetRec(4514): [448] yjy.b: onConfigChanged()
10-11 21:54:40.039: E/IntentOperationSvc(4533): Failed to instantiate Chimera operation impl com.google.android.gms.people.service.SettingsChangedBroadcastIntentOperation, dropping operation
10-11 21:54:40.039: E/IntentOperationSvc(4533): java.lang.reflect.InvocationTargetException
10-11 21:54:40.039: E/IntentOperationSvc(4533): 	at java.lang.reflect.Constructor.newInstance(Native Method)
10-11 21:54:40.039: E/IntentOperationSvc(4533): 	at java.lang.reflect.Constructor.newInstance(Constructor.java:288)
10-11 21:54:40.039: E/IntentOperationSvc(4533): 	at bxa.a(:com.google.android.gms@11519270:8)
10-11 21:54:40.039: E/IntentOperationSvc(4533): 	at bxb.run(:com.google.android.gms@11519270:69)
10-11 21:54:40.039: E/IntentOperationSvc(4533): 	at java.util.concurrent.ThreadPoolExecutor.runWorker(ThreadPoolExecutor.java:1112)
10-11 21:54:40.039: E/IntentOperationSvc(4533): 	at java.util.concurrent.ThreadPoolExecutor$Worker.run(ThreadPoolExecutor.java:587)
10-11 21:54:40.039: E/IntentOperationSvc(4533): 	at java.lang.Thread.run(Thread.java:818)
10-11 21:54:40.039: E/IntentOperationSvc(4533): Caused by: java.lang.NullPointerException: Attempt to invoke virtual method 'android.content.SharedPreferences android.content.Context.getSharedPreferences(java.lang.String, int)' on a null object reference
10-11 21:54:40.039: E/IntentOperationSvc(4533): 	at android.content.ContextWrapper.getSharedPreferences(ContextWrapper.java:170)
10-11 21:54:40.039: E/IntentOperationSvc(4533): 	at zco.a(:com.google.android.gms@11519270:6)
10-11 21:54:40.039: E/IntentOperationSvc(4533): 	at com.google.android.gms.people.service.SettingsChangedBroadcastIntentOperation.<init>(:com.google.android.gms@11519270:2)
10-11 21:54:40.039: E/IntentOperationSvc(4533): 	... 7 more
10-11 21:54:40.039: W/OcrModelUpStIntentOp(4533): Invalid action: com.google.android.gms.phenotype.COMMITTED
10-11 21:54:40.040: I/PTCommittedOperation(4514): Receive new configuration for com.google.android.gms.places
10-11 21:54:40.046: I/NetRec(4514): [448] yjy.b: Cancelling all NetRec GCM tasks
10-11 21:54:40.046: I/NetRec(4514): [359] ClearDatabaseService.onHandleIntent: Clearing score cache
10-11 21:54:40.058: I/NetRec(4514): [448] ConfigChangedIntentOperation.onHandleIntent: Handling a Phenotype update
10-11 21:54:40.058: I/NetRec(4514): [448] yjy.b: onConfigChanged()
10-11 21:54:40.059: I/PTCommittedOperation(4514): Receive new configuration for com.google.android.gms.matchstick
10-11 21:54:40.059: E/IntentOperationSvc(4533): Failed to instantiate Chimera operation impl com.google.android.gms.people.service.SettingsChangedBroadcastIntentOperation, dropping operation
10-11 21:54:40.059: E/IntentOperationSvc(4533): java.lang.reflect.InvocationTargetException
10-11 21:54:40.059: E/IntentOperationSvc(4533): 	at java.lang.reflect.Constructor.newInstance(Native Method)
10-11 21:54:40.059: E/IntentOperationSvc(4533): 	at java.lang.reflect.Constructor.newInstance(Constructor.java:288)
10-11 21:54:40.059: E/IntentOperationSvc(4533): 	at bxa.a(:com.google.android.gms@11519270:8)
10-11 21:54:40.059: E/IntentOperationSvc(4533): 	at bxb.run(:com.google.android.gms@11519270:69)
10-11 21:54:40.059: E/IntentOperationSvc(4533): 	at java.util.concurrent.ThreadPoolExecutor.runWorker(ThreadPoolExecutor.java:1112)
10-11 21:54:40.059: E/IntentOperationSvc(4533): 	at java.util.concurrent.ThreadPoolExecutor$Worker.run(ThreadPoolExecutor.java:587)
10-11 21:54:40.059: E/IntentOperationSvc(4533): 	at java.lang.Thread.run(Thread.java:818)
10-11 21:54:40.059: E/IntentOperationSvc(4533): Caused by: java.lang.NullPointerException: Attempt to invoke virtual method 'android.content.SharedPreferences android.content.Context.getSharedPreferences(java.lang.String, int)' on a null object reference
10-11 21:54:40.059: E/IntentOperationSvc(4533): 	at android.content.ContextWrapper.getSharedPreferences(ContextWrapper.java:170)
10-11 21:54:40.059: E/IntentOperationSvc(4533): 	at zco.a(:com.google.android.gms@11519270:6)
10-11 21:54:40.059: E/IntentOperationSvc(4533): 	at com.google.android.gms.people.service.SettingsChangedBroadcastIntentOperation.<init>(:com.google.android.gms@11519270:2)
10-11 21:54:40.059: E/IntentOperationSvc(4533): 	... 7 more
10-11 21:54:40.059: W/OcrModelUpStIntentOp(4533): Invalid action: com.google.android.gms.phenotype.COMMITTED
10-11 21:54:40.066: I/NetRec(4514): [398] ClearDatabaseService.onHandleIntent: Clearing score cache
10-11 21:54:40.067: I/NetRec(4514): [448] yjy.b: Cancelling all NetRec GCM tasks
10-11 21:54:40.079: I/NetRec(4514): [448] ConfigChangedIntentOperation.onHandleIntent: Handling a Phenotype update
10-11 21:54:40.079: I/NetRec(4514): [448] yjy.b: onConfigChanged()
10-11 21:54:40.081: E/IntentOperationSvc(4533): Failed to instantiate Chimera operation impl com.google.android.gms.people.service.SettingsChangedBroadcastIntentOperation, dropping operation
10-11 21:54:40.081: E/IntentOperationSvc(4533): java.lang.reflect.InvocationTargetException
10-11 21:54:40.081: E/IntentOperationSvc(4533): 	at java.lang.reflect.Constructor.newInstance(Native Method)
10-11 21:54:40.081: E/IntentOperationSvc(4533): 	at java.lang.reflect.Constructor.newInstance(Constructor.java:288)
10-11 21:54:40.081: E/IntentOperationSvc(4533): 	at bxa.a(:com.google.android.gms@11519270:8)
10-11 21:54:40.081: E/IntentOperationSvc(4533): 	at bxb.run(:com.google.android.gms@11519270:69)
10-11 21:54:40.081: E/IntentOperationSvc(4533): 	at java.util.concurrent.ThreadPoolExecutor.runWorker(ThreadPoolExecutor.java:1112)
10-11 21:54:40.081: E/IntentOperationSvc(4533): 	at java.util.concurrent.ThreadPoolExecutor$Worker.run(ThreadPoolExecutor.java:587)
10-11 21:54:40.081: E/IntentOperationSvc(4533): 	at java.lang.Thread.run(Thread.java:818)
10-11 21:54:40.081: E/IntentOperationSvc(4533): Caused by: java.lang.NullPointerException: Attempt to invoke virtual method 'android.content.SharedPreferences android.content.Context.getSharedPreferences(java.lang.String, int)' on a null object reference
10-11 21:54:40.081: E/IntentOperationSvc(4533): 	at android.content.ContextWrapper.getSharedPreferences(ContextWrapper.java:170)
10-11 21:54:40.081: E/IntentOperationSvc(4533): 	at zco.a(:com.google.android.gms@11519270:6)
10-11 21:54:40.081: E/IntentOperationSvc(4533): 	at com.google.android.gms.people.service.SettingsChangedBroadcastIntentOperation.<init>(:com.google.android.gms@11519270:2)
10-11 21:54:40.081: E/IntentOperationSvc(4533): 	... 7 more
10-11 21:54:40.081: W/OcrModelUpStIntentOp(4533): Invalid action: com.google.android.gms.phenotype.COMMITTED
10-11 21:54:40.082: I/PTCommittedOperation(4514): Receive new configuration for com.google.android.gms.netrec
10-11 21:54:40.084: I/NetRec(4514): [448] yjy.b: Cancelling all NetRec GCM tasks
10-11 21:54:40.086: I/NetRec(4514): [444] ClearDatabaseService.onHandleIntent: Clearing score cache
10-11 21:54:40.096: I/NetRec(4514): [448] ConfigChangedIntentOperation.onHandleIntent: Handling a Phenotype update
10-11 21:54:40.096: I/NetRec(4514): [448] yjy.b: onConfigChanged()
10-11 21:54:40.099: E/IntentOperationSvc(4533): Failed to instantiate Chimera operation impl com.google.android.gms.people.service.SettingsChangedBroadcastIntentOperation, dropping operation
10-11 21:54:40.099: E/IntentOperationSvc(4533): java.lang.reflect.InvocationTargetException
10-11 21:54:40.099: E/IntentOperationSvc(4533): 	at java.lang.reflect.Constructor.newInstance(Native Method)
10-11 21:54:40.099: E/IntentOperationSvc(4533): 	at java.lang.reflect.Constructor.newInstance(Constructor.java:288)
10-11 21:54:40.099: E/IntentOperationSvc(4533): 	at bxa.a(:com.google.android.gms@11519270:8)
10-11 21:54:40.099: E/IntentOperationSvc(4533): 	at bxb.run(:com.google.android.gms@11519270:69)
10-11 21:54:40.099: E/IntentOperationSvc(4533): 	at java.util.concurrent.ThreadPoolExecutor.runWorker(ThreadPoolExecutor.java:1112)
10-11 21:54:40.099: E/IntentOperationSvc(4533): 	at java.util.concurrent.ThreadPoolExecutor$Worker.run(ThreadPoolExecutor.java:587)
10-11 21:54:40.099: E/IntentOperationSvc(4533): 	at java.lang.Thread.run(Thread.java:818)
10-11 21:54:40.099: E/IntentOperationSvc(4533): Caused by: java.lang.NullPointerException: Attempt to invoke virtual method 'android.content.SharedPreferences android.content.Context.getSharedPreferences(java.lang.String, int)' on a null object reference
10-11 21:54:40.099: E/IntentOperationSvc(4533): 	at android.content.ContextWrapper.getSharedPreferences(ContextWrapper.java:170)
10-11 21:54:40.099: E/IntentOperationSvc(4533): 	at zco.a(:com.google.android.gms@11519270:6)
10-11 21:54:40.099: E/IntentOperationSvc(4533): 	at com.google.android.gms.people.service.SettingsChangedBroadcastIntentOperation.<init>(:com.google.android.gms@11519270:2)
10-11 21:54:40.099: E/IntentOperationSvc(4533): 	... 7 more
10-11 21:54:40.099: W/OcrModelUpStIntentOp(4533): Invalid action: com.google.android.gms.phenotype.COMMITTED
10-11 21:54:40.099: I/PTCommittedOperation(4514): Receive new configuration for com.google.android.gms.contextmanager
10-11 21:54:40.101: I/NetRec(4514): [448] yjy.b: Cancelling all NetRec GCM tasks
10-11 21:54:40.101: I/NetRec(4514): [359] ClearDatabaseService.onHandleIntent: Clearing score cache
10-11 21:54:40.105: I/NetRec(4514): [448] ConfigChangedIntentOperation.onHandleIntent: Handling a Phenotype update
10-11 21:54:40.105: I/NetRec(4514): [448] yjy.b: onConfigChanged()
10-11 21:54:40.110: I/NetRec(4514): [448] yjy.b: Cancelling all NetRec GCM tasks
10-11 21:54:40.110: I/NetRec(4514): [359] ClearDatabaseService.onHandleIntent: Clearing score cache
10-11 21:54:40.274: I/dex2oat(5376): Decided to run without swap.
10-11 21:54:40.297: W/dex2oat(5376): Before Android 4.1, method android.graphics.PorterDuffColorFilter android.support.graphics.drawable.VectorDrawableCompat.updateTintFilter(android.graphics.PorterDuffColorFilter, android.content.res.ColorStateList, android.graphics.PorterDuff$Mode) would have incorrectly overridden the package-private method in android.graphics.drawable.Drawable
10-11 21:54:40.363: W/dex2oat(5376): Before Android 4.1, method int android.support.v7.widget.ListViewCompat.lookForSelectablePosition(int, boolean) would have incorrectly overridden the package-private method in android.widget.ListView
10-11 21:54:40.369: I/Remoter(1329): Saved screenshot to '/data/screenshots/__pmv__-0084.jpg'
10-11 21:54:40.563: W/dex2oat(5376): Before Android 4.1, method void rx.internal.operators.OnSubscribeGroupJoin$ResultManager.init() would have incorrectly overridden the package-private method in java.util.HashMap
10-11 21:54:41.424: I/Remoter(1329): Saved screenshot to '/data/screenshots/__pmv__-0085.jpg'
10-11 21:54:41.783: I/ActivityManager(1677): Killing 4428:com.google.android.apps.fitness/u0a40 (adj 15): empty #17
10-11 21:54:42.464: I/Remoter(1329): Saved screenshot to '/data/screenshots/__pmv__-0086.jpg'
10-11 21:54:43.508: I/Remoter(1329): Saved screenshot to '/data/screenshots/__pmv__-0087.jpg'
10-11 21:54:43.664: I/ActivityManager(1677): Killing 4661:com.google.android.apps.auth.test.support/u0a82 (adj 15): empty #17
10-11 21:54:44.558: I/Remoter(1329): Saved screenshot to '/data/screenshots/__pmv__-0088.jpg'
10-11 21:54:45.618: I/Remoter(1329): Saved screenshot to '/data/screenshots/__pmv__-0089.jpg'
10-11 21:54:46.433: I/ActivityManager(1677): Killing 3739:com.google.android.apps.gcs/u0a8 (adj 15): empty #17
10-11 21:54:46.604: I/GceRil(1343): Received request 19
10-11 21:54:46.604: I/GceRil(1343): Reporting signal strength: GW=29 CDMA=-61 EVDO=-75 LTE=29
10-11 21:54:46.662: I/Remoter(1329): Saved screenshot to '/data/screenshots/__pmv__-0090.jpg'
10-11 21:54:47.104: I/ActivityManager(1677): Killing 4819:com.android.chrome/u0a34 (adj 15): empty #17
10-11 21:54:47.290: I/dex2oat(5376): dex2oat took 7.748s (threads: 2) arena alloc=434KB java alloc=19MB native alloc=35MB free=12MB
10-11 21:54:47.308: V/BackupManagerService(1677): restoreAtInstall pkg=com.habitrpg.android.habitica token=9 restoreSet=0
10-11 21:54:47.308: V/BackupManagerService(1677): Finishing install immediately
10-11 21:54:47.308: I/installd(1346): free_cache(0) avail 3114545152
10-11 21:54:47.323: I/InputReader(1677): Reconfiguring input devices.  changes=0x00000010
10-11 21:54:47.325: W/Settings(1677): Setting install_non_market_apps has moved from android.provider.Settings.Global to android.provider.Settings.Secure, returning read-only value.
10-11 21:54:47.327: I/InputReader(1677): Reconfiguring input devices.  changes=0x00000010
10-11 21:54:47.329: I/ActivityManager(1677): Killing 3009:com.google.android.gm/u0a70 (adj 15): empty #17
10-11 21:54:47.352: D/BackupManagerService(1677): Received broadcast Intent { act=android.intent.action.PACKAGE_CHANGED dat=package:com.google.android.videos flg=0x4000010 (has extras) }
10-11 21:54:47.369: I/art(1677): Explicit concurrent mark sweep GC freed 220596(10MB) AllocSpace objects, 9(1094KB) LOS objects, 33% free, 17MB/25MB, paused 389us total 40.800ms
10-11 21:54:47.372: I/art(5248): System.exit called, status: 0
10-11 21:54:47.372: I/AndroidRuntime(5248): VM exiting with result code 0.
10-11 21:54:47.434: W/art(1677): Long monitor contention event with owner method=void com.android.server.am.BroadcastQueue.processNextBroadcast(boolean) from BroadcastQueue.java:542 waiters=0 for 105ms
10-11 21:54:47.436: I/UpdateIcingCorporaServi(2142): Updating corpora: APPS=com.google.android.videos, CONTACTS=MAYBE
10-11 21:54:47.448: D/BackupManagerService(1677): Received broadcast Intent { act=android.intent.action.PACKAGE_ADDED dat=package:com.habitrpg.android.habitica flg=0x4000010 (has extras) }
10-11 21:54:47.458: I/ApplicationLogger(2142): canRun() : Opted Out
10-11 21:54:47.458: I/UpdateIcingCorporaServi(2142): UpdateCorporaTask done [took 23 ms] updated apps [took 22 ms] 
10-11 21:54:47.461: I/ActivityManager(1677): Start proc 5389:com.android.voicedialer/u0a25 for broadcast com.android.voicedialer/.VoiceDialerReceiver
10-11 21:54:47.471: W/ResourcesManager(2062): Asset path '/system/framework/com.google.android.maps.jar' does not exist or contains no resources.
10-11 21:54:47.476: I/Launcher(2062): Deferring update until onResume
10-11 21:54:47.480: W/InputMethodInfo(1677): Duplicated subtype definition found: , voice
10-11 21:54:47.482: I/art(1349): Explicit concurrent mark sweep GC freed 709(30KB) AllocSpace objects, 0(0B) LOS objects, 40% free, 7MB/11MB, paused 81us total 21.403ms
10-11 21:54:47.491: I/art(1349): Explicit concurrent mark sweep GC freed 5(160B) AllocSpace objects, 0(0B) LOS objects, 40% free, 7MB/11MB, paused 78us total 6.109ms
10-11 21:54:47.494: W/Launcher(2062): setApplicationContext called twice! old=com.android.launcher3.LauncherApplication@3be35ad4 new=com.android.launcher3.LauncherApplication@3be35ad4
10-11 21:54:47.502: I/art(1349): Explicit concurrent mark sweep GC freed 5(160B) AllocSpace objects, 0(0B) LOS objects, 40% free, 7MB/11MB, paused 75us total 7.275ms
10-11 21:54:47.504: D/DefContainer(4018): Copying /data/user/0/com.android.providers.downloads/cache/downloadfile.bin to base.apk
10-11 21:54:47.514: I/Launcher(2062): Deferring update until onResume
10-11 21:54:47.514: I/Launcher(2062): Deferring update until onResume
10-11 21:54:47.544: I/ActivityManager(1677): Start proc 5417:com.android.musicfx/u0a18 for broadcast com.android.musicfx/.Compatibility$Receiver
10-11 21:54:47.550: W/ConfigurationChimeraProvider(4514): Got null configs for com.google.android.gms.chromesync
10-11 21:54:47.551: D/Wear_Controller(4533): Received broadcast action=android.intent.action.PACKAGE_CHANGED and uri=com.google.android.videos
10-11 21:54:47.574: I/Icing(4533): IndexChimeraService.getServiceInterface callingPackage=com.google.android.gms componentName=AppsCorpus serviceId=36
10-11 21:54:47.574: I/Icing(4533): IndexChimeraService.getServiceInterface callingPackage=com.google.android.gms componentName=AppsCorpus serviceId=32
10-11 21:54:47.577: I/Launcher(2062): Deferring update until onResume
10-11 21:54:47.577: I/Launcher(2062): Deferring update until onResume
10-11 21:54:47.584: I/UpdateIcingCorporaServi(2142): Updating corpora: APPS=com.habitrpg.android.habitica, CONTACTS=MAYBE
10-11 21:54:47.612: I/Icing(4533): IndexChimeraService.getServiceInterface callingPackage=com.google.android.googlequicksearchbox componentName=null serviceId=21
10-11 21:54:47.625: W/ConfigurationChimeraProvider(4514): Got null configs for com.google.android.gms.appinvite
10-11 21:54:47.702: I/Remoter(1329): Saved screenshot to '/data/screenshots/__pmv__-0091.jpg'
10-11 21:54:47.710: I/art(4533): Explicit concurrent mark sweep GC freed 42233(2MB) AllocSpace objects, 11(178KB) LOS objects, 24% free, 24MB/32MB, paused 379us total 74.166ms
10-11 21:54:47.714: D/Wear_Controller(4533): Received broadcast action=android.intent.action.PACKAGE_ADDED and uri=com.habitrpg.android.habitica
10-11 21:54:47.746: I/FA-SVC(4533): App measurement is starting up, version: 11519
10-11 21:54:47.767: I/art(2177): Explicit concurrent mark sweep GC freed 3880(168KB) AllocSpace objects, 0(0B) LOS objects, 40% free, 8MB/13MB, paused 1.542ms total 12.444ms
10-11 21:54:47.770: I/Icing(4533): Usage reports 0 indexed 0 rejected 0 imm upload false
10-11 21:54:47.784: I/Icing(4533): Usage reports 0 indexed 0 rejected 0 imm upload false
10-11 21:54:47.803: I/Icing(4533): IndexChimeraService.getServiceInterface callingPackage=com.google.android.gms componentName=AppsCorpus serviceId=36
10-11 21:54:47.803: I/Icing(4533): IndexChimeraService.getServiceInterface callingPackage=com.google.android.gms componentName=AppsCorpus serviceId=32
10-11 21:54:47.813: I/Icing(4533): Usage reports 0 indexed 0 rejected 0 imm upload true
10-11 21:54:47.823: I/ApplicationLogger(2142): canRun() : Opted Out
10-11 21:54:47.823: I/UpdateIcingCorporaServi(2142): UpdateCorporaTask done [took 239 ms] updated apps [took 239 ms] 
10-11 21:54:47.850: D/AndroidRuntime(5452): >>>>>> START com.android.internal.os.RuntimeInit uid 0 <<<<<<
10-11 21:54:47.851: D/AndroidRuntime(5452): CheckJNI is OFF
10-11 21:54:47.853: I/Icing(4533): Usage reports 0 indexed 0 rejected 0 imm upload false
10-11 21:54:47.863: I/Icing(4533): Usage reports 0 indexed 0 rejected 0 imm upload false
10-11 21:54:47.880: E/memtrack(5452): Couldn't load memtrack module (No such file or directory)
10-11 21:54:47.880: E/android.os.Debug(5452): failed to load memtrack module: -2
10-11 21:54:47.893: D/AndroidRuntime(5452): Calling main entry com.android.commands.pm.Pm
10-11 21:54:47.895: I/art(5452): System.exit called, status: 1
10-11 21:54:47.895: I/AndroidRuntime(5452): VM exiting with result code 1.
10-11 21:54:47.940: I/Babel_ConcService(4921): Acquired partial wake lock to keep ConcurrentService alive
10-11 21:54:47.941: I/Babel_ConcService(4921): Released partial wake lock as ConcurrentService became idle
10-11 21:54:47.941: D/Babel_SmsDepUtil(4921): imp:-1:3602
10-11 21:54:47.941: D/Babel_SmsDep(4921): disabled
10-11 21:54:48.059: D/AndroidRuntime(5470): >>>>>> START com.android.internal.os.RuntimeInit uid 0 <<<<<<
10-11 21:54:48.060: D/AndroidRuntime(5470): CheckJNI is OFF
10-11 21:54:48.082: E/memtrack(5470): Couldn't load memtrack module (No such file or directory)
10-11 21:54:48.082: E/android.os.Debug(5470): failed to load memtrack module: -2
10-11 21:54:48.098: D/AndroidRuntime(5470): Calling main entry com.android.commands.am.Am
10-11 21:54:48.100: I/ActivityManager(1677): Force stopping com.google.android.apps.mtaas.tools appid=10079 user=0: start instr
10-11 21:54:48.112: I/ActivityManager(1677): Start proc 5482:com.google.android.apps.mtaas.tools/u0a79 for added application com.google.android.apps.mtaas.tools
10-11 21:54:48.432: I/art(1677): Background partial concurrent mark sweep GC freed 182929(7MB) AllocSpace objects, 10(967KB) LOS objects, 33% free, 21MB/31MB, paused 12.281ms total 49.129ms
10-11 21:54:48.438: D/PackageManager(1677): Renaming /data/app/vmdl933380524.tmp to /data/app/com.android.vending-1
10-11 21:54:48.439: I/ActivityManager(1677): Force stopping com.android.vending appid=10019 user=-1: replace sys pkg
10-11 21:54:48.439: I/ActivityManager(1677): Killing 4742:com.android.vending/u0a19 (adj 9): stop com.android.vending
10-11 21:54:48.440: W/PackageManager(1677): Trying to update system app code path from /system/priv-app/Phonesky to /data/app/com.android.vending-1
10-11 21:54:48.448: I/PackageManager(1677): Running dexopt on: /data/app/com.android.vending-1/base.apk pkg=com.android.vending isa=x86 vmSafeMode=false
10-11 21:54:48.455: E/cutils-trace(5500): Error opening trace file: Permission denied (13)
10-11 21:54:48.455: I/dex2oat(5500): /system/bin/dex2oat --zip-fd=6 --zip-location=/data/app/com.android.vending-1/base.apk --oat-fd=7 --oat-location=/data/dalvik-cache/x86/data@app@com.android.vending-1@base.apk@classes.dex --instruction-set=x86 --instruction-set-features=default --runtime-arg -Xms64m --runtime-arg -Xmx512m --swap-fd=8
10-11 21:54:48.492: W/ActivityManager(1677): Spurious death for ProcessRecord{2d1d0743 4742:com.android.vending/u0a19}, curProc for 4742: null
10-11 21:54:48.694: I/dex2oat(5500): Decided to run without swap.
10-11 21:54:48.743: I/Remoter(1329): Saved screenshot to '/data/screenshots/__pmv__-0092.jpg'
10-11 21:54:48.787: I/Icing(4533): Indexing 5233BB6556150606E6EA2800A20D5D691B1774CC from com.google.android.gms
10-11 21:54:48.821: W/asset(4533): Asset path /system/framework/com.google.android.dialer.support.jar is neither a directory nor file (type=1).
10-11 21:54:48.821: W/ResourcesManager(4533): Asset path '/system/framework/com.google.android.dialer.support.jar' does not exist or contains no resources.
10-11 21:54:48.917: W/ResourcesManager(4533): Asset path '/system/framework/com.google.android.media.effects.jar' does not exist or contains no resources.
10-11 21:54:49.033: I/Icing(4533): Indexing done 5233BB6556150606E6EA2800A20D5D691B1774CC
10-11 21:54:49.036: I/Icing(4533): Indexing 78809412366E3FB9E25492F12C0E3355617CA57E from com.google.android.googlequicksearchbox
10-11 21:54:49.037: W/GooglePlayServicesUtil(2142): Google Play Store is missing.
10-11 21:54:49.038: E/DatabaseUtils(2142): Writing exception to parcel
10-11 21:54:49.038: E/DatabaseUtils(2142): java.lang.SecurityException: Calling package problem: SERVICE_INVALID
10-11 21:54:49.038: E/DatabaseUtils(2142): 	at bjd.T(Unknown Source)
10-11 21:54:49.038: E/DatabaseUtils(2142): 	at blq.query(PG:153)
10-11 21:54:49.038: E/DatabaseUtils(2142): 	at android.content.ContentProvider$Transport.query(ContentProvider.java:211)
10-11 21:54:49.038: E/DatabaseUtils(2142): 	at android.content.ContentProviderNative.onTransact(ContentProviderNative.java:112)
10-11 21:54:49.038: E/DatabaseUtils(2142): 	at android.os.Binder.execTransact(Binder.java:446)
10-11 21:54:49.039: E/Icing(4533): Cursor call threw an exception: Calling package problem: SERVICE_INVALID
10-11 21:54:49.043: I/Icing(4533): Indexing done 78809412366E3FB9E25492F12C0E3355617CA57E
10-11 21:54:49.043: E/Icing(4533): Aborting indexing of corpus applications_uri
10-11 21:54:49.058: W/GooglePlayServicesUtil(1985): Google Play Store is missing.
10-11 21:54:49.059: E/AmanattoDataUpdaterHelper(1985): Cannot connect to app data search client. errorCode: 9
10-11 21:54:49.059: E/AmanattoDataUpdaterHelper(1985): Cannot connect to app data search client to get amanatto data.
10-11 21:54:49.493: E/Volley(3071): [259] xa.a: Unexpected response code 503 for https://www.googleapis.com/youtubei/v1/notification_registration/set_registration?key=AIzaSyA8eiZmM1FaDVjRy-df2KTyQ_vz_yYM39w
10-11 21:54:49.493: W/YouTube(3071): (unknown) Could not register for notifications with InnerTube: 
10-11 21:54:49.493: W/YouTube(3071): fay: java.util.concurrent.ExecutionException: wu
10-11 21:54:49.493: W/YouTube(3071): 	at ezo.a(SourceFile:103)
10-11 21:54:49.493: W/YouTube(3071): 	at fpl.run(SourceFile:57)
10-11 21:54:49.493: W/YouTube(3071): 	at java.util.concurrent.ThreadPoolExecutor.runWorker(ThreadPoolExecutor.java:1112)
10-11 21:54:49.493: W/YouTube(3071): 	at java.util.concurrent.ThreadPoolExecutor$Worker.run(ThreadPoolExecutor.java:587)
10-11 21:54:49.493: W/YouTube(3071): 	at ers.run(SourceFile:40)
10-11 21:54:49.493: W/YouTube(3071): 	at java.lang.Thread.run(Thread.java:818)
10-11 21:54:49.493: W/YouTube(3071): Caused by: java.util.concurrent.ExecutionException: wu
10-11 21:54:49.493: W/YouTube(3071): 	at xv.a(SourceFile:117)
10-11 21:54:49.493: W/YouTube(3071): 	at xv.get(SourceFile:88)
10-11 21:54:49.493: W/YouTube(3071): 	at goc.get(SourceFile:69)
10-11 21:54:49.493: W/YouTube(3071): 	at ezo.a(SourceFile:99)
10-11 21:54:49.493: W/YouTube(3071): 	... 5 more
10-11 21:54:49.493: W/YouTube(3071): Caused by: wu
10-11 21:54:49.493: W/YouTube(3071): 	at xa.a(SourceFile:145)
10-11 21:54:49.493: W/YouTube(3071): 	at gnu.a(SourceFile:49)
10-11 21:54:49.493: W/YouTube(3071): 	at wg.run(SourceFile:105)
10-11 21:54:49.785: I/Remoter(1329): Saved screenshot to '/data/screenshots/__pmv__-0093.jpg'
10-11 21:54:50.839: I/Remoter(1329): Saved screenshot to '/data/screenshots/__pmv__-0094.jpg'
10-11 21:54:51.883: I/Remoter(1329): Saved screenshot to '/data/screenshots/__pmv__-0095.jpg'
10-11 21:54:52.674: W/UdcContextManagerHelper(4514): Empty context buffer. Thus might mean that the context is not synced down.
10-11 21:54:52.674: W/UploadOptInStatusOp(4514): Empty context model while retrieving upload opt-in status!
10-11 21:54:52.676: E/ctxmgr(4514): [NetworkUtil]No active synchronizable contexts.
10-11 21:54:52.774: W/Auth(4514): [GetToken] GetToken failed with status code: INVALID_SCOPE
10-11 21:54:52.774: W/AuthSessionAuthenticato(4514): Auth related exception is being ignored: INVALID_SCOPE
10-11 21:54:52.777: W/GLSUser(4514): [DeviceKeyStore] Cannot load key: Device key file not found.
10-11 21:54:52.777: W/GLSUser(4514): [DeviceKeyStore] Cannot load key: Device key file not found.
10-11 21:54:52.778: E/ctxmgr(4514): [BaseServerTask]Server task (FetchAclSet) got error statusCode=-1.
10-11 21:54:52.778: E/ctxmgr(4514): com.android.volley.VolleyError: Unable to obtain auth token - is the device online?
10-11 21:54:52.778: E/ctxmgr(4514): 	at cjq.a(:com.google.android.gms@11519270:39)
10-11 21:54:52.778: E/ctxmgr(4514): 	at cez.run(:com.google.android.gms@11519270:2)
10-11 21:54:52.778: E/ctxmgr(4514): 	at cex.handleMessage(:com.google.android.gms@11519270:3)
10-11 21:54:52.778: E/ctxmgr(4514): 	at mmw.run(:com.google.android.gms@11519270:6)
10-11 21:54:52.778: E/ctxmgr(4514): 	at mng.run(:com.google.android.gms@11519270:25)
10-11 21:54:52.778: E/ctxmgr(4514): 	at java.util.concurrent.ThreadPoolExecutor.runWorker(ThreadPoolExecutor.java:1112)
10-11 21:54:52.778: E/ctxmgr(4514): 	at java.util.concurrent.ThreadPoolExecutor$Worker.run(ThreadPoolExecutor.java:587)
10-11 21:54:52.778: E/ctxmgr(4514): 	at mso.run(:com.google.android.gms@11519270)
10-11 21:54:52.778: E/ctxmgr(4514): 	at java.lang.Thread.run(Thread.java:818)
10-11 21:54:52.780: E/ctxmgr(4514): [AccountAclCallback]Failed Acl fetch: network status=-1
10-11 21:54:52.878: W/ActivityManager(1677): Unable to start service Intent { act=com.android.vending.contentfilters.IContentFiltersService.BIND pkg=com.android.vending } U=0: not found
10-11 21:54:52.879: W/InstantApps(4514): vcj: Unable to read Finsky Content Filter settings
10-11 21:54:52.879: W/InstantApps(4514): 	at vci.a(:com.google.android.gms@11519270:4)
10-11 21:54:52.879: W/InstantApps(4514): 	at vbp.b(:com.google.android.gms@11519270:6)
10-11 21:54:52.879: W/InstantApps(4514): 	at vbp.a(:com.google.android.gms@11519270)
10-11 21:54:52.879: W/InstantApps(4514): 	at vcc.call(:com.google.android.gms@11519270:2)
10-11 21:54:52.879: W/InstantApps(4514): 	at java.util.concurrent.FutureTask.run(FutureTask.java:237)
10-11 21:54:52.879: W/InstantApps(4514): 	at mng.run(:com.google.android.gms@11519270:25)
10-11 21:54:52.879: W/InstantApps(4514): 	at java.util.concurrent.ThreadPoolExecutor.runWorker(ThreadPoolExecutor.java:1112)
10-11 21:54:52.879: W/InstantApps(4514): 	at java.util.concurrent.ThreadPoolExecutor$Worker.run(ThreadPoolExecutor.java:587)
10-11 21:54:52.879: W/InstantApps(4514): 	at mso.run(:com.google.android.gms@11519270)
10-11 21:54:52.879: W/InstantApps(4514): 	at java.lang.Thread.run(Thread.java:818)
10-11 21:54:52.930: I/Remoter(1329): Saved screenshot to '/data/screenshots/__pmv__-0096.jpg'
10-11 21:54:52.942: W/Auth(4514): [GetToken] GetToken failed with status code: INVALID_SCOPE
10-11 21:54:52.942: W/GLSActivity(4514): dzw: INVALID_SCOPE
10-11 21:54:52.942: W/GLSActivity(4514): 	at eaa.a(:com.google.android.gms@11519270:16)
10-11 21:54:52.942: W/GLSActivity(4514): 	at dzz.a(:com.google.android.gms@11519270:2)
10-11 21:54:52.942: W/GLSActivity(4514): 	at dzz.e(:com.google.android.gms@11519270:6)
10-11 21:54:52.942: W/GLSActivity(4514): 	at dzy.a(:com.google.android.gms@11519270:1)
10-11 21:54:52.942: W/GLSActivity(4514): 	at ebo.getAuthToken(:com.google.android.gms@11519270:7)
10-11 21:54:52.942: W/GLSActivity(4514): 	at android.accounts.AbstractAccountAuthenticator$Transport.getAuthToken(AbstractAccountAuthenticator.java:196)
10-11 21:54:52.942: W/GLSActivity(4514): 	at android.accounts.IAccountAuthenticator$Stub.onTransact(IAccountAuthenticator.java:113)
10-11 21:54:52.942: W/GLSActivity(4514): 	at android.os.Binder.transact(Binder.java:380)
10-11 21:54:52.942: W/GLSActivity(4514): 	at bvp.onTransact(:com.google.android.gms@11519270:3)
10-11 21:54:52.942: W/GLSActivity(4514): 	at android.os.Binder.execTransact(Binder.java:446)
10-11 21:54:52.943: E/InstantApps(4514): getTokenWithNotification failed
10-11 21:54:52.943: E/InstantApps(4514): android.accounts.AuthenticatorException: INVALID_SCOPE
10-11 21:54:52.943: E/InstantApps(4514): 	at android.accounts.AccountManager.convertErrorToException(AccountManager.java:2017)
10-11 21:54:52.943: E/InstantApps(4514): 	at android.accounts.AccountManager.access$400(AccountManager.java:144)
10-11 21:54:52.943: E/InstantApps(4514): 	at android.accounts.AccountManager$AmsTask$Response.onError(AccountManager.java:1867)
10-11 21:54:52.943: E/InstantApps(4514): 	at android.accounts.IAccountManagerResponse$Stub.onTransact(IAccountManagerResponse.java:69)
10-11 21:54:52.943: E/InstantApps(4514): 	at android.os.Binder.execTransact(Binder.java:446)
10-11 21:54:52.943: E/InstantApps(4514): RouterBackendClient: updateUserPrefs failed
10-11 21:54:52.943: E/InstantApps(4514): vca: getTokenWithNotification failed
10-11 21:54:52.943: E/InstantApps(4514): 	at vbz.a(:com.google.android.gms@11519270:7)
10-11 21:54:52.943: E/InstantApps(4514): 	at vbr.b(:com.google.android.gms@11519270:13)
10-11 21:54:52.943: E/InstantApps(4514): 	at vbr.a(:com.google.android.gms@11519270)
10-11 21:54:52.943: E/InstantApps(4514): 	at vcc.call(:com.google.android.gms@11519270:2)
10-11 21:54:52.943: E/InstantApps(4514): 	at java.util.concurrent.FutureTask.run(FutureTask.java:237)
10-11 21:54:52.943: E/InstantApps(4514): 	at mng.run(:com.google.android.gms@11519270:25)
10-11 21:54:52.943: E/InstantApps(4514): 	at java.util.concurrent.ThreadPoolExecutor.runWorker(ThreadPoolExecutor.java:1112)
10-11 21:54:52.943: E/InstantApps(4514): 	at java.util.concurrent.ThreadPoolExecutor$Worker.run(ThreadPoolExecutor.java:587)
10-11 21:54:52.943: E/InstantApps(4514): 	at mso.run(:com.google.android.gms@11519270)
10-11 21:54:52.943: E/InstantApps(4514): 	at java.lang.Thread.run(Thread.java:818)
10-11 21:54:52.943: E/InstantApps(4514): Caused by: android.accounts.AuthenticatorException: INVALID_SCOPE
10-11 21:54:52.943: E/InstantApps(4514): 	at android.accounts.AccountManager.convertErrorToException(AccountManager.java:2017)
10-11 21:54:52.943: E/InstantApps(4514): 	at android.accounts.AccountManager.access$400(AccountManager.java:144)
10-11 21:54:52.943: E/InstantApps(4514): 	at android.accounts.AccountManager$AmsTask$Response.onError(AccountManager.java:1867)
10-11 21:54:52.943: E/InstantApps(4514): 	at android.accounts.IAccountManagerResponse$Stub.onTransact(IAccountManagerResponse.java:69)
10-11 21:54:52.943: E/InstantApps(4514): 	at android.os.Binder.execTransact(Binder.java:446)
10-11 21:54:52.944: E/InstantApps(4514): UserPrefsUpdater: Failed updateUserPrefs: status=0
10-11 21:54:53.002: W/Auth(4514): [GetToken] GetToken failed with status code: INVALID_SCOPE
10-11 21:54:53.002: W/GLSActivity(4514): dzw: INVALID_SCOPE
10-11 21:54:53.002: W/GLSActivity(4514): 	at eaa.a(:com.google.android.gms@11519270:16)
10-11 21:54:53.002: W/GLSActivity(4514): 	at dzz.a(:com.google.android.gms@11519270:2)
10-11 21:54:53.002: W/GLSActivity(4514): 	at dzz.e(:com.google.android.gms@11519270:6)
10-11 21:54:53.002: W/GLSActivity(4514): 	at dzy.a(:com.google.android.gms@11519270:1)
10-11 21:54:53.002: W/GLSActivity(4514): 	at ebo.getAuthToken(:com.google.android.gms@11519270:7)
10-11 21:54:53.002: W/GLSActivity(4514): 	at android.accounts.AbstractAccountAuthenticator$Transport.getAuthToken(AbstractAccountAuthenticator.java:196)
10-11 21:54:53.002: W/GLSActivity(4514): 	at android.accounts.IAccountAuthenticator$Stub.onTransact(IAccountAuthenticator.java:113)
10-11 21:54:53.002: W/GLSActivity(4514): 	at android.os.Binder.transact(Binder.java:380)
10-11 21:54:53.002: W/GLSActivity(4514): 	at bvp.onTransact(:com.google.android.gms@11519270:3)
10-11 21:54:53.002: W/GLSActivity(4514): 	at android.os.Binder.execTransact(Binder.java:446)
10-11 21:54:53.003: E/InstantApps(4514): getTokenWithNotification failed
10-11 21:54:53.003: E/InstantApps(4514): android.accounts.AuthenticatorException: INVALID_SCOPE
10-11 21:54:53.003: E/InstantApps(4514): 	at android.accounts.AccountManager.convertErrorToException(AccountManager.java:2017)
10-11 21:54:53.003: E/InstantApps(4514): 	at android.accounts.AccountManager.access$400(AccountManager.java:144)
10-11 21:54:53.003: E/InstantApps(4514): 	at android.accounts.AccountManager$AmsTask$Response.onError(AccountManager.java:1867)
10-11 21:54:53.003: E/InstantApps(4514): 	at android.accounts.IAccountManagerResponse$Stub.onTransact(IAccountManagerResponse.java:69)
10-11 21:54:53.003: E/InstantApps(4514): 	at android.os.Binder.execTransact(Binder.java:446)
10-11 21:54:53.003: E/InstantApps(4514): DomainFilterImpl: Error while reading domain filter from WHAPI
10-11 21:54:53.003: E/InstantApps(4514): java.util.concurrent.ExecutionException: bagi: UNAUTHENTICATED
10-11 21:54:53.003: E/InstantApps(4514): 	at java.util.concurrent.FutureTask.report(FutureTask.java:93)
10-11 21:54:53.003: E/InstantApps(4514): 	at java.util.concurrent.FutureTask.get(FutureTask.java:163)
10-11 21:54:53.003: E/InstantApps(4514): 	at vcb.get(:com.google.android.gms@11519270:2)
10-11 21:54:53.003: E/InstantApps(4514): 	at vgh.a(:com.google.android.gms@11519270:7)
10-11 21:54:53.003: E/InstantApps(4514): 	at vgh.a(:com.google.android.gms@11519270:54)
10-11 21:54:53.003: E/InstantApps(4514): 	at vgh.a(:com.google.android.gms@11519270:120)
10-11 21:54:53.003: E/InstantApps(4514): 	at vge.a(:com.google.android.gms@11519270:1)
10-11 21:54:53.003: E/InstantApps(4514): 	at com.google.android.gms.instantapps.routing.DomainFilterUpdateChimeraService.a(:com.google.android.gms@11519270:10)
10-11 21:54:53.003: E/InstantApps(4514): 	at sto.run(:com.google.android.gms@11519270:1)
10-11 21:54:53.003: E/InstantApps(4514): 	at java.util.concurrent.ThreadPoolExecutor.runWorker(ThreadPoolExecutor.java:1112)
10-11 21:54:53.003: E/InstantApps(4514): 	at java.util.concurrent.ThreadPoolExecutor$Worker.run(ThreadPoolExecutor.java:587)
10-11 21:54:53.003: E/InstantApps(4514): 	at java.lang.Thread.run(Thread.java:818)
10-11 21:54:53.003: E/InstantApps(4514): Caused by: bagi: UNAUTHENTICATED
10-11 21:54:53.003: E/InstantApps(4514): 	at vbp.b(:com.google.android.gms@11519270:31)
10-11 21:54:53.003: E/InstantApps(4514): 	at vbp.a(:com.google.android.gms@11519270)
10-11 21:54:53.003: E/InstantApps(4514): 	at vcc.call(:com.google.android.gms@11519270:2)
10-11 21:54:53.003: E/InstantApps(4514): 	at java.util.concurrent.FutureTask.run(FutureTask.java:237)
10-11 21:54:53.003: E/InstantApps(4514): 	at mng.run(:com.google.android.gms@11519270:25)
10-11 21:54:53.003: E/InstantApps(4514): 	at java.util.concurrent.ThreadPoolExecutor.runWorker(ThreadPoolExecutor.java:1112)
10-11 21:54:53.003: E/InstantApps(4514): 	at java.util.concurrent.ThreadPoolExecutor$Worker.run(ThreadPoolExecutor.java:587)
10-11 21:54:53.003: E/InstantApps(4514): 	at mso.run(:com.google.android.gms@11519270)
10-11 21:54:53.003: E/InstantApps(4514): 	... 1 more
10-11 21:54:53.003: W/InstantApps(4514): DomainFilterUpdateChimeraService: Retry later
10-11 21:54:53.692: I/CheckinCompat(4533): Done disabling old GoogleServicesFramework version
10-11 21:54:53.970: I/Remoter(1329): Saved screenshot to '/data/screenshots/__pmv__-0097.jpg'
10-11 21:54:55.015: I/Remoter(1329): Saved screenshot to '/data/screenshots/__pmv__-0098.jpg'
10-11 21:54:56.071: I/Remoter(1329): Saved screenshot to '/data/screenshots/__pmv__-0099.jpg'
10-11 21:54:56.759: I/dex2oat(5500): dex2oat took 8.303s (threads: 2) arena alloc=1066KB java alloc=24MB native alloc=36MB free=11MB
10-11 21:54:56.764: W/PackageManager(1677): Code path for pkg : com.android.vending changing from /system/priv-app/Phonesky to /data/app/com.android.vending-1
10-11 21:54:56.764: W/PackageManager(1677): Resource path for pkg : com.android.vending changing from /system/priv-app/Phonesky to /data/app/com.android.vending-1
10-11 21:54:56.764: I/ActivityManager(1677): Force stopping com.android.vending appid=10019 user=-1: update pkg
10-11 21:54:56.772: W/PackageManager(1677): Not granting permission android.permission.SEND_DOWNLOAD_COMPLETED_INTENTS to package com.android.vending (protectionLevel=2 flags=0x404abec5)
10-11 21:54:56.772: W/PackageManager(1677): Unknown permission android.permission.SEND_SMS_NO_CONFIRMATION in package com.android.vending
10-11 21:54:56.772: W/PackageManager(1677): Unknown permission android.permission.USE_FINGERPRINT in package com.android.vending
10-11 21:54:56.772: W/PackageManager(1677): Unknown permission android.permission.GET_ACCOUNTS_PRIVILEGED in package com.android.vending
10-11 21:54:56.772: W/PackageManager(1677): Unknown permission android.permission.INSTALL_GRANT_RUNTIME_PERMISSIONS in package com.android.vending
10-11 21:54:56.772: W/PackageManager(1677): Unknown permission android.permission.GRANT_RUNTIME_PERMISSIONS in package com.android.vending
10-11 21:54:56.772: W/PackageManager(1677): Unknown permission android.permission.REVOKE_RUNTIME_PERMISSIONS in package com.android.vending
10-11 21:54:56.772: W/PackageManager(1677): Unknown permission android.permission.CHANGE_DEVICE_IDLE_TEMP_WHITELIST in package com.android.vending
10-11 21:54:56.772: W/PackageManager(1677): Not granting permission android.permission.BATTERY_STATS to package com.android.vending (protectionLevel=50 flags=0x404abec5)
10-11 21:54:56.772: W/PackageManager(1677): Not granting permission android.permission.BACKUP to package com.android.vending (protectionLevel=18 flags=0x404abec5)
10-11 21:54:56.772: W/PackageManager(1677): Not granting permission android.permission.CONNECTIVITY_INTERNAL to package com.android.vending (protectionLevel=18 flags=0x404abec5)
10-11 21:54:56.772: W/PackageManager(1677): Not granting permission android.permission.DUMP to package com.android.vending (protectionLevel=50 flags=0x404abec5)
10-11 21:54:56.772: W/PackageManager(1677): Not granting permission android.permission.UPDATE_DEVICE_STATS to package com.android.vending (protectionLevel=18 flags=0x404abec5)
10-11 21:54:56.772: W/PackageManager(1677): Not granting permission android.permission.SET_PREFERRED_APPLICATIONS to package com.android.vending (protectionLevel=2 flags=0x404abec5)
10-11 21:54:56.772: W/PackageManager(1677): Unknown permission android.permission.ACCESS_INSTANT_APPS in package com.android.vending
10-11 21:54:56.772: W/PackageManager(1677): Unknown permission com.google.android.partnersetup.permission.WRITE_APP_PROVIDER in package com.android.vending
