10-11 21:54:28.785: I/art(4533): Rejecting re-init on previously-failed class java.lang.Class<com.google.android.gms.org.conscrypt.OpenSSLExtendedSessionImpl>
10-11 21:54:28.785: I/art(4533): Rejecting re-init on previously-failed class java.lang.Class<com.google.android.gms.org.conscrypt.OpenSSLExtendedSessionImpl>
10-11 21:54:28.791: I/GceGrallocRegionRegistry(4492): Mapped gralloc-1336.34 hnd=0xb3fa3340 fd=27 base=0x9f886000 format=RGBA_8888(0x1) width=768 height=1184
10-11 21:54:28.793: I/art(4533): Rejecting re-init on previously-failed class java.lang.Class<com.google.android.gms.org.conscrypt.OpenSSLExtendedSessionImpl>
10-11 21:54:28.794: I/DynamiteModule(4514): Considering local module com.google.android.gms.googlecertificates:4 and remote module com.google.android.gms.googlecertificates:4
10-11 21:54:28.794: I/DynamiteModule(4514): Selected local version of com.google.android.gms.googlecertificates
10-11 21:54:28.809: I/ActivityManager(1677): Displayed com.google.android.apps.mtaas.backdrop/.BackdropActivity: +1s137ms
10-11 21:54:28.821: I/ProviderInstaller(4533): Installed default security provider GmsCore_OpenSSL
10-11 21:54:28.848: W/art(4514): Suspending all threads took: 27.342ms
10-11 21:54:28.851: I/art(4514): Background sticky concurrent mark sweep GC freed 17797(962KB) AllocSpace objects, 3(179KB) LOS objects, 7% free, 11MB/11MB, paused 28.365ms total 50.181ms
10-11 21:54:28.884: I/GceGrallocRegionRegistry(4492): Mapped gralloc-1336.35 hnd=0xb3fa33c0 fd=29 base=0x9f50c000 format=RGBA_8888(0x1) width=768 height=1184
10-11 21:54:28.958: I/art(4514): Background partial concurrent mark sweep GC freed 2907(304KB) AllocSpace objects, 3(48KB) LOS objects, 39% free, 11MB/18MB, paused 5.061ms total 27.802ms
10-11 21:54:28.979: W/ChimeraUtils(4533): Non Chimera context
10-11 21:54:29.008: W/art(4533): Suspending all threads took: 11.455ms
10-11 21:54:29.039: I/NetworkScheduler(4514): Using standalone scheduling engine
10-11 21:54:29.047: I/art(4533): Background sticky concurrent mark sweep GC freed 23950(1300KB) AllocSpace objects, 5(211KB) LOS objects, 0% free, 12MB/12MB, paused 20.322ms total 76.348ms
10-11 21:54:29.083: I/art(4533): Background partial concurrent mark sweep GC freed 6637(418KB) AllocSpace objects, 0(0B) LOS objects, 40% free, 12MB/21MB, paused 5.201ms total 35.788ms
10-11 21:54:29.094: D/WifiService(1677): New client listening to asynchronous messages
10-11 21:54:29.097: I/GceGrallocRegionRegistry(1677): Unmapped gralloc-1336.33 hnd=0x9ead85c0 fd=200 base=0x98bde000
10-11 21:54:29.113: I/art(4533): Rejecting re-init on previously-failed class java.lang.Class<mgn>
10-11 21:54:29.113: I/art(4533): Rejecting re-init on previously-failed class java.lang.Class<mgn>
10-11 21:54:29.118: I/GceGrallocRegionRegistry(4492): Mapped gralloc-1336.36 hnd=0xb3fa3140 fd=30 base=0x9f192000 format=RGBA_8888(0x1) width=768 height=1184
10-11 21:54:29.119: I/GceGrallocRegionRegistry(1336): Unmapped gralloc-1336.33 hnd=0xb1fd60c0 fd=15 base=0xb2886000
10-11 21:54:29.135: I/Icing(4533): Storage manager: low false usage 1.72MB avail 3.00GB capacity 3.89GB
10-11 21:54:29.249: I/art(2177): Explicit concurrent mark sweep GC freed 3656(160KB) AllocSpace objects, 0(0B) LOS objects, 40% free, 8MB/13MB, paused 214us total 34.123ms
10-11 21:54:29.286: W/Icing(4533): city name for address is empty or is not existed. 
10-11 21:54:29.286: W/Icing(4533): street name for address is empty or is not existed. 
10-11 21:54:29.286: W/Icing(4533): transportation_script_path is empty
10-11 21:54:29.419: E/Volley(3071): [260] xa.a: Unexpected response code 503 for https://www.googleapis.com/youtubei/v1/notification_registration/set_registration?key=AIzaSyA8eiZmM1FaDVjRy-df2KTyQ_vz_yYM39w
10-11 21:54:29.419: W/YouTube(3071): (unknown) Could not register for notifications with InnerTube: 
10-11 21:54:29.419: W/YouTube(3071): fay: java.util.concurrent.ExecutionException: wu
10-11 21:54:29.419: W/YouTube(3071): 	at ezo.a(SourceFile:103)
10-11 21:54:29.419: W/YouTube(3071): 	at fpl.run(SourceFile:57)
10-11 21:54:29.419: W/YouTube(3071): 	at java.util.concurrent.ThreadPoolExecutor.runWorker(ThreadPoolExecutor.java:1112)
10-11 21:54:29.419: W/YouTube(3071): 	at java.util.concurrent.ThreadPoolExecutor$Worker.run(ThreadPoolExecutor.java:587)
10-11 21:54:29.419: W/YouTube(3071): 	at ers.run(SourceFile:40)
10-11 21:54:29.419: W/YouTube(3071): 	at java.lang.Thread.run(Thread.java:818)
10-11 21:54:29.419: W/YouTube(3071): Caused by: java.util.concurrent.ExecutionException: wu
10-11 21:54:29.419: W/YouTube(3071): 	at xv.a(SourceFile:117)
10-11 21:54:29.419: W/YouTube(3071): 	at xv.get(SourceFile:88)
10-11 21:54:29.419: W/YouTube(3071): 	at goc.get(SourceFile:69)
10-11 21:54:29.419: W/YouTube(3071): 	at ezo.a(SourceFile:99)
10-11 21:54:29.419: W/YouTube(3071): 	... 5 more
10-11 21:54:29.419: W/YouTube(3071): Caused by: wu
10-11 21:54:29.419: W/YouTube(3071): 	at xa.a(SourceFile:145)
10-11 21:54:29.419: W/YouTube(3071): 	at gnu.a(SourceFile:49)
10-11 21:54:29.419: W/YouTube(3071): 	at wg.run(SourceFile:105)
10-11 21:54:29.429: I/art(4514): Rejecting re-init on previously-failed class java.lang.Class<mgn>
10-11 21:54:29.429: I/art(4514): Rejecting re-init on previously-failed class java.lang.Class<mgn>
10-11 21:54:29.430: W/Icing(4533): Words file  does not exist!
10-11 21:54:29.430: W/Icing(4533): WordsMap was not properly initialized
10-11 21:54:29.458: I/Remoter(1329): Saved screenshot to '/data/screenshots/__pmv__-0074.jpg'
10-11 21:54:29.462: I/art(4514): Explicit concurrent mark sweep GC freed 23415(2MB) AllocSpace objects, 5(80KB) LOS objects, 39% free, 12MB/20MB, paused 1.602ms total 22.842ms
10-11 21:54:29.465: I/DynamiteModule(4533): Considering local module com.google.android.gms.googlecertificates:4 and remote module com.google.android.gms.googlecertificates:4
10-11 21:54:29.465: I/DynamiteModule(4533): Selected local version of com.google.android.gms.googlecertificates
10-11 21:54:29.477: I/art(4514): Rejecting re-init on previously-failed class java.lang.Class<aniu>
10-11 21:54:29.478: I/art(4514): Rejecting re-init on previously-failed class java.lang.Class<aniu>
10-11 21:54:29.486: D/BluetoothManagerService(1677): Message: 20
10-11 21:54:29.486: D/BluetoothManagerService(1677): Added callback: android.bluetooth.IBluetoothManagerCallback$Stub$Proxy@28f9a8b1:true
10-11 21:54:29.487: I/art(4514): Rejecting re-init on previously-failed class java.lang.Class<mrg>
10-11 21:54:29.487: I/art(4514): Rejecting re-init on previously-failed class java.lang.Class<mrg>
10-11 21:54:29.533: I/art(2177): Explicit concurrent mark sweep GC freed 3286(147KB) AllocSpace objects, 0(0B) LOS objects, 40% free, 8MB/13MB, paused 1.632ms total 7.376ms
10-11 21:54:29.539: I/Icing(4533): updateResources: need to parse tvm{com.google.android.gms}
10-11 21:54:29.588: V/BackupManagerService(1677): Connected to transport ComponentInfo{com.google.android.gms/com.google.android.gms.backup.BackupTransportService}
10-11 21:54:29.588: V/BackupManagerService(1677): Registering transport com.google.android.gms/.backup.BackupTransportService::com.google.android.gms/.backup.BackupTransportService = com.android.internal.backup.IBackupTransport$Stub$Proxy@123a05a6
10-11 21:54:29.599: I/GCoreNlp(4514): shouldConfirmNlp, NLP off. Ensuring opt-in disabled
10-11 21:54:29.613: I/LocaleChangeIO(4514): Requesting GmsCore restart due to change in locale assets
10-11 21:54:29.617: W/ActivityManager(1677): Unable to start service Intent { act=com.google.android.gms.nearby.discovery:ACTION_LOCALE_CHANGE cmp=com.google.android.gms/.nearby.discovery.service.DiscoveryService } U=0: not found
10-11 21:54:29.639: I/GeofencerStateMachine(4514): Network location disabled.
10-11 21:54:29.665: I/art(4514): Explicit concurrent mark sweep GC freed 25907(2MB) AllocSpace objects, 13(208KB) LOS objects, 40% free, 13MB/23MB, paused 525us total 25.146ms
10-11 21:54:29.676: I/art(1677): Explicit concurrent mark sweep GC freed 8340(803KB) AllocSpace objects, 9(374KB) LOS objects, 33% free, 16MB/24MB, paused 341us total 32.758ms
10-11 21:54:29.677: I/Icing(4533): Internal init done: storage state 0
10-11 21:54:29.683: I/Backup(4514): [GmsBackupAccountManager] Backup account not found in gmscore.
10-11 21:54:29.685: I/GeofencerStateMachine(4514): sendQueryLocationOptIn
10-11 21:54:29.691: I/GeofencerStateMachine(4514): removeGeofences: removeRequest=RemoveGeofencingRequest[REMOVE_BY_PENDING_INTENT pendingIntent=PendingIntent[creatorPackage=com.google.android.gms], packageName=null]
10-11 21:54:29.695: E/SQLiteLog(4514): (283) recovered 12 frames from WAL file /data/data/com.google.android.gms/databases/playlog.db-wal
10-11 21:54:29.710: W/Settings(4514): Setting airplane_mode_on has moved from android.provider.Settings.System to android.provider.Settings.Global, returning read-only value.
10-11 21:54:29.712: W/Settings(4514): Setting airplane_mode_on has moved from android.provider.Settings.System to android.provider.Settings.Global, returning read-only value.
10-11 21:54:29.714: I/Icing(4533): Post-init done
10-11 21:54:29.725: I/art(2177): Explicit concurrent mark sweep GC freed 3725(176KB) AllocSpace objects, 0(0B) LOS objects, 40% free, 8MB/13MB, paused 175us total 6.132ms
10-11 21:54:29.731: I/GceRil(1343): Received request 75
10-11 21:54:29.731: I/GceRil(1343): Requesting GSM neighboring cell ids
10-11 21:54:30.339: D/AndroidRuntime(4632): >>>>>> START com.android.internal.os.RuntimeInit uid 0 <<<<<<
10-11 21:54:30.340: D/AndroidRuntime(4632): CheckJNI is OFF
10-11 21:54:30.356: E/memtrack(4632): Couldn't load memtrack module (No such file or directory)
10-11 21:54:30.356: E/android.os.Debug(4632): failed to load memtrack module: -2
10-11 21:54:30.365: D/AndroidRuntime(4632): Calling main entry com.android.commands.am.Am
10-11 21:54:30.367: I/ActivityManager(1677): Force stopping com.google.android.apps.mtaas.loginutil appid=10080 user=0: start instr
10-11 21:54:30.378: I/ActivityManager(1677): Start proc 4642:com.google.android.apps.mtaas.loginutil/u0a80 for added application com.google.android.apps.mtaas.loginutil
10-11 21:54:30.402: D/LoginUtil(4642): Connected to Internet
10-11 21:54:30.404: D/LoginUtil(4642): Adding Account {name=VS2WQVCOVYYT3Y3JQZUPAOQ2II-00@cloudtestlabaccounts.com, type=com.google}
10-11 21:54:30.430: I/ActivityManager(1677): Start proc 4661:com.google.android.apps.auth.test.support/u0a82 for service com.google.android.apps.auth.test.support/.services.AccountService
10-11 21:54:30.437: I/art(1349): Explicit concurrent mark sweep GC freed 706(30KB) AllocSpace objects, 0(0B) LOS objects, 40% free, 7MB/11MB, paused 77us total 6.910ms
10-11 21:54:30.445: I/art(1349): Explicit concurrent mark sweep GC freed 5(160B) AllocSpace objects, 0(0B) LOS objects, 40% free, 7MB/11MB, paused 78us total 6.712ms
10-11 21:54:30.447: E/ActivityThread(4661): Failed to find provider info for com.google.android.apps.common.testing.services.storage.testargs
10-11 21:54:30.447: W/AuthService(4661): [TestArgsHelper] Error when calling AndroidTestUtil.getTestArgs(). Note that this behavior might be expected.
10-11 21:54:30.452: I/art(1349): Explicit concurrent mark sweep GC freed 5(160B) AllocSpace objects, 0(0B) LOS objects, 40% free, 7MB/11MB, paused 91us total 6.739ms
10-11 21:54:30.453: I/AuthService(4661): [AddAccountOperation] Call GmsCore API.
10-11 21:54:30.466: W/ChimeraUtils(4514): Non Chimera context
10-11 21:54:30.476: I/Auth(4514): [ReflectiveChannelBinder] Successfully bound channel!
10-11 21:54:30.477: I/GoogleURLConnFactory(4514): Using platform SSLCertificateSocketFactory
10-11 21:54:30.479: E/BaseAppContext(4514): Tried to stop global GMSCore RequestQueue. This is likely unintended, so ignoring.
10-11 21:54:30.488: I/Auth(4514): [ReflectiveChannelBinder] Successfully bound channel!
10-11 21:54:30.509: I/ActivityManager(1677): Start proc 4692:com.google.android.gms.unstable/u0a9 for service com.google.android.gms/.droidguard.DroidGuardService
10-11 21:54:30.514: W/ResourcesManager(4692): Asset path '/system/framework/com.android.media.remotedisplay.jar' does not exist or contains no resources.
10-11 21:54:30.514: W/ResourcesManager(4692): Asset path '/system/framework/com.android.location.provider.jar' does not exist or contains no resources.
10-11 21:54:30.519: I/Remoter(1329): Saved screenshot to '/data/screenshots/__pmv__-0075.jpg'
10-11 21:54:30.534: I/LoadedApk(4692): No resource references to update in package FFFFFFFFFFFFFFFFFFFFFF
10-11 21:54:30.539: W/linker(4692): libconscrypt_gmscore_jni.so: unused DT entry: type 0x1d arg 0x91
10-11 21:54:30.539: V/NativeCrypto(4692): Registering com/google/android/gms/org/conscrypt/NativeCrypto's 259 native methods...
10-11 21:54:30.545: I/art(4692): Rejecting re-init on previously-failed class java.lang.Class<com.google.android.gms.org.conscrypt.OpenSSLExtendedSessionImpl>
10-11 21:54:30.545: I/art(4692): Rejecting re-init on previously-failed class java.lang.Class<com.google.android.gms.org.conscrypt.OpenSSLExtendedSessionImpl>
10-11 21:54:30.545: I/art(4692): Rejecting re-init on previously-failed class java.lang.Class<com.google.android.gms.org.conscrypt.OpenSSLExtendedSessionImpl>
10-11 21:54:30.552: I/ProviderInstaller(4692): Installed default security provider GmsCore_OpenSSL
10-11 21:54:30.612: I/art(4692): Rejecting re-init on previously-failed class java.lang.Class<mgn>
10-11 21:54:30.612: I/art(4692): Rejecting re-init on previously-failed class java.lang.Class<mgn>
10-11 21:54:30.629: D/WVCdm(1345): Instantiating CDM.
10-11 21:54:30.630: I/WVCdm(1345): CdmEngine::OpenSession
10-11 21:54:30.630: I/WVCdm(1345): Level3 Library Dec  3 2014 13:06:03
10-11 21:54:30.639: W/WVCdm(1345): Could not read /data/mediadrm/IDM1013/ay64.dat2: No such file or directory
10-11 21:54:30.639: W/WVCdm(1345): Could not load liboemcrypto.so. Falling Back to L3.  dlopen failed: library "liboemcrypto.so" not found
10-11 21:54:30.655: I/WVCdm(1345): CdmEngine::QueryKeyControlInfo
10-11 21:54:30.656: W/WVCdm(1345): BufferReader::Read<T> : Failure during parse: Not enough bytes (4)
10-11 21:54:30.656: W/WVCdm(1345): CdmEngine::ExtractWidevinePssh: Unable to read PSSH atom size
10-11 21:54:30.656: I/WVCdm(1345): CdmEngine::GenerateKeyRequest
10-11 21:54:30.657: D/WVCdm(1345): PrepareKeyRequest: nonce=2805249466
10-11 21:54:30.710: I/DynamiteModule(4692): Considering local module com.google.android.gms.googlecertificates:4 and remote module com.google.android.gms.googlecertificates:4
10-11 21:54:30.710: I/DynamiteModule(4692): Selected local version of com.google.android.gms.googlecertificates
10-11 21:54:30.769: I/Binder_1(4692): type=1400 audit(0.0:95): avc: denied { getattr } for name="/" dev="tracefs" ino=1 scontext=u:r:untrusted_app:s0 tcontext=u:object_r:unlabeled:s0 tclass=filesystem permissive=1
10-11 21:54:30.822: E/cutils-trace(4718): Error opening trace file: Permission denied (13)
10-11 21:54:30.822: I/dex2oat(4718): /system/bin/dex2oat --runtime-arg -classpath --runtime-arg  --instruction-set=x86 --instruction-set-features=default --runtime-arg -Xrelocate --boot-image=/system/framework/boot.art --dex-file=/data/data/com.google.android.gms/app_fb/f.apk --oat-fd=39 --oat-location=/data/data/com.google.android.gms/app_fb/f.dex --runtime-arg -Xms64m --runtime-arg -Xmx512m
10-11 21:54:30.834: I/dex2oat(4718): dex2oat took 11.589ms (threads: 2) arena alloc=33KB java alloc=18KB native alloc=795KB free=7MB
10-11 21:54:31.030: I/WVCdm(1345): CdmEngine::CloseSession
10-11 21:54:31.031: I/WVCdm(1345): L3 Terminate.
10-11 21:54:31.229: I/Binder_1(4692): type=1400 audit(0.0:96): avc: denied { read } for name="/" dev="tmpfs" ino=1612 scontext=u:r:untrusted_app:s0 tcontext=u:object_r:device:s0 tclass=dir permissive=1
10-11 21:54:31.229: I/Binder_1(4692): type=1400 audit(0.0:97): avc: denied { open } for path="/dev" dev="tmpfs" ino=1612 scontext=u:r:untrusted_app:s0 tcontext=u:object_r:device:s0 tclass=dir permissive=1
10-11 21:54:31.303: W/Conscrypt(4514): Could not set socket write timeout:
10-11 21:54:31.303: W/Conscrypt(4514):    java.lang.reflect.Method.invoke(Native Method)
10-11 21:54:31.303: W/Conscrypt(4514):    java.lang.reflect.Method.invoke(Method.java:372)
10-11 21:54:31.306: W/Conscrypt(4514): Could not set socket write timeout:
10-11 21:54:31.306: W/Conscrypt(4514):    java.lang.reflect.Method.invoke(Native Method)
10-11 21:54:31.306: W/Conscrypt(4514):    java.lang.reflect.Method.invoke(Method.java:372)
10-11 21:54:31.415: I/WVCdm(1345): CdmEngine::OpenSession
10-11 21:54:31.415: I/WVCdm(1345): Level3 Library Dec  3 2014 13:06:03
10-11 21:54:31.417: W/WVCdm(1345): Could not read /data/mediadrm/IDM1013/ay64.dat2: No such file or directory
10-11 21:54:31.418: W/WVCdm(1345): Could not load liboemcrypto.so. Falling Back to L3.  dlopen failed: library "liboemcrypto.so" not found
10-11 21:54:31.425: I/WVCdm(1345): CdmEngine::QueryKeyControlInfo
10-11 21:54:31.426: W/WVCdm(1345): BufferReader::Read<T> : Failure during parse: Not enough bytes (4)
10-11 21:54:31.426: W/WVCdm(1345): CdmEngine::ExtractWidevinePssh: Unable to read PSSH atom size
10-11 21:54:31.426: I/WVCdm(1345): CdmEngine::GenerateKeyRequest
10-11 21:54:31.426: D/WVCdm(1345): PrepareKeyRequest: nonce=2983878472
10-11 21:54:31.481: I/AccountManagerService(1677): the accounts changed, sending broadcast of android.accounts.LOGIN_ACCOUNTS_CHANGED
10-11 21:54:31.483: I/Backup(4514): [GmsBackupAccountManager] Backup account not found in gmscore.
10-11 21:54:31.484: I/AccountManagerService(1677): the accounts changed, sending broadcast of android.accounts.LOGIN_ACCOUNTS_CHANGED
10-11 21:54:31.490: I/Backup(4514): [GmsBackupAccountManager] Backup account not found in gmscore.
10-11 21:54:31.494: I/ContactsProvider(2919): Accounts changed
10-11 21:54:31.500: I/Auth(4514): [BroadcastManager] Broadcasting account services changed.
10-11 21:54:31.506: I/AuthService(4661): [AddAccountOperation] Succeeded.
10-11 21:54:31.512: I/Icing(4533): updateResources: need to parse tvm{com.google.android.gms}
10-11 21:54:31.536: I/ActivityManager(1677): Start proc 4742:com.android.vending/u0a19 for broadcast com.android.vending/com.google.android.finsky.receivers.AccountsChangedReceiver
10-11 21:54:31.557: I/RlzPingService(3410): Setting next ping for 1507859671542
10-11 21:54:31.583: I/Auth(4514): [GoogleAccountHistoryStore] creating database.
10-11 21:54:31.585: I/AuthService(4661): [AccountService] Execution time for add account with authorization code, options: Bundle[{}] is 1135 ms.
10-11 21:54:31.585: D/LoginUtil(4642): Instrumentation completed successfully
10-11 21:54:31.586: I/ActivityManager(1677): Force stopping com.google.android.apps.mtaas.loginutil appid=10080 user=0: finished inst
10-11 21:54:31.587: I/ActivityManager(1677): Killing 4642:com.google.android.apps.mtaas.loginutil/u0a80 (adj 0): stop com.google.android.apps.mtaas.loginutil
10-11 21:54:31.610: D/AndroidRuntime(4632): Shutting down VM
10-11 21:54:31.641: I/ContactsProvider(2919): Accounts changed
10-11 21:54:31.655: W/ActivityManager(1677): Spurious death for ProcessRecord{36b400ad 4642:com.google.android.apps.mtaas.loginutil/u0a80}, curProc for 4642: null
10-11 21:54:31.700: D/Finsky(4742): [1] FinskyApp.onCreate: Initializing network with DFE https://android.clients.google.com/fdfe/
10-11 21:54:31.701: I/Remoter(1329): Saved screenshot to '/data/screenshots/__pmv__-0076.jpg'
10-11 21:54:31.706: I/Icing(4533): IndexChimeraService.getServiceInterface callingPackage=com.google.android.gm componentName=null serviceId=21
10-11 21:54:31.754: D/Finsky(4742): [1] DailyHygiene.goMakeHygieneIfDirty: No need to run daily hygiene.
10-11 21:54:31.797: D/ContactDirectoryManager(2919): Found com.google.contacts.gal.provider
10-11 21:54:31.797: D/ContactDirectoryManager(2919): Found com.google.android.gm.exchange.directory.provider
10-11 21:54:31.838: I/ActivityManager(1677): Start proc 4795:com.google.android.gms:car/u0a9 for service com.google.android.gms/.car.CarService
10-11 21:54:31.842: W/Settings(4742): Setting download_manager_max_bytes_over_mobile has moved from android.provider.Settings.Secure to android.provider.Settings.Global.
10-11 21:54:31.843: W/Settings(4742): Setting download_manager_recommended_max_bytes_over_mobile has moved from android.provider.Settings.Secure to android.provider.Settings.Global.
10-11 21:54:31.862: D/Volley(4742): [348] DiskBasedCache.clear: Cache cleared.
10-11 21:54:31.863: D/Volley(4742): [355] DiskBasedCache.clear: Cache cleared.
10-11 21:54:31.864: D/Finsky(4742): [1] UpdateWidgetsReceiver.onReceive: Updated 0 MarketWidgetProvider widgets (android.accounts.LOGIN_ACCOUNTS_CHANGED)
10-11 21:54:31.865: D/Finsky(4742): [1] UpdateWidgetsReceiver.onReceive: Updated 0 RecommendedWidgetProvider widgets (android.accounts.LOGIN_ACCOUNTS_CHANGED)
10-11 21:54:31.865: D/Finsky(4742): [1] UpdateWidgetsReceiver.onReceive: Updated 0 NowPlayingWidgetProvider widgets (android.accounts.LOGIN_ACCOUNTS_CHANGED)
10-11 21:54:31.874: D/Finsky(4742): [1] 2.run: Loaded library for account: [pNO9ObzPejlK16Cz5STnAehdGGc]
10-11 21:54:31.874: D/Finsky(4742): [1] 2.run: Finished loading 1 libraries.
10-11 21:54:31.890: W/ResourcesManager(4795): Asset path '/system/framework/com.android.media.remotedisplay.jar' does not exist or contains no resources.
10-11 21:54:31.890: W/ResourcesManager(4795): Asset path '/system/framework/com.android.location.provider.jar' does not exist or contains no resources.
10-11 21:54:31.914: I/NowOptInSettingsImpl(2142): onAccountChanged() : Account {name=VS2WQVCOVYYT3Y3JQZUPAOQ2II-00@cloudtestlabaccounts.com, type=com.google}
10-11 21:54:31.926: I/ContactDirectoryManager(2919): deleted 0 stale rows which don't have any relevant directory
10-11 21:54:31.928: I/ActivityManager(1677): Start proc 4819:com.android.chrome/u0a34 for broadcast com.android.chrome/com.google.android.apps.chrome.minutemaid.ChainedAccountsChangedReceiver
10-11 21:54:31.929: I/Icing(4533): updateResources: need to parse tvm{com.google.android.gms}
10-11 21:54:31.930: I/LoadedApk(4795): No resource references to update in package FFFFFFFFFFFFFFFFFFFFFF
10-11 21:54:31.935: I/ContactDirectoryManager(2919): Discovered 1 contact directories in 229ms
10-11 21:54:31.936: I/ValidateNoPeople(1677): mEvictionCount: 0
10-11 21:54:31.937: W/HandlerScheduledExecuto(2142): Task does not implement UiTask. Consider using NamedUiRunnable for gce@35e86237
10-11 21:54:31.942: E/GmsClient(2803): unable to connect to service: com.google.android.gms.playlog.service.START
10-11 21:54:31.943: W/AnalyticsLogBase(2803): PlayLogger.onLoggerFailedConnection
10-11 21:54:31.944: W/HandlerScheduledExecuto(2142): Task does not implement UiTask. Consider using NamedUiRunnable for gce@35e86237
10-11 21:54:31.961: W/linker(4795): libconscrypt_gmscore_jni.so: unused DT entry: type 0x1d arg 0x91
10-11 21:54:31.962: V/NativeCrypto(4795): Registering com/google/android/gms/org/conscrypt/NativeCrypto's 259 native methods...
10-11 21:54:31.971: I/art(4795): Rejecting re-init on previously-failed class java.lang.Class<com.google.android.gms.org.conscrypt.OpenSSLExtendedSessionImpl>
10-11 21:54:31.971: I/art(4795): Rejecting re-init on previously-failed class java.lang.Class<com.google.android.gms.org.conscrypt.OpenSSLExtendedSessionImpl>
10-11 21:54:31.971: I/art(4795): Rejecting re-init on previously-failed class java.lang.Class<com.google.android.gms.org.conscrypt.OpenSSLExtendedSessionImpl>
10-11 21:54:31.980: I/Search.RefreshSearchDom(2142): refreshing search domain
10-11 21:54:31.990: W/Search.SearchUrlHelper(2142): Auth token not ready, no auth header set.
10-11 21:54:31.991: D/Finsky(4742): [1] GmsCoreHelper.cleanupNlp: result=false type=4
10-11 21:54:32.046: I/ProviderInstaller(4795): Installed default security provider GmsCore_OpenSSL
10-11 21:54:32.055: I/art(4533): Explicit concurrent mark sweep GC freed 38351(2MB) AllocSpace objects, 29(464KB) LOS objects, 39% free, 14MB/23MB, paused 17.942ms total 317.190ms
10-11 21:54:32.061: I/art(1677): Explicit concurrent mark sweep GC freed 32304(3MB) AllocSpace objects, 94(1892KB) LOS objects, 33% free, 16MB/25MB, paused 6.754ms total 63.159ms
10-11 21:54:32.062: D/Finsky(4742): [1] RestoreTracker.stopServiceIfDone: Restore complete with 0 success and 0 failed.
10-11 21:54:32.066: E/GCoreUlr(4514): Create new device tag of -1293063965 without device reboot
10-11 21:54:32.074: W/acleung-debug(4819): MinuteMaid: onReceive
10-11 21:54:32.096: I/art(2177): Explicit concurrent mark sweep GC freed 5764(505KB) AllocSpace objects, 0(0B) LOS objects, 39% free, 8MB/13MB, paused 3.886ms total 19.178ms
10-11 21:54:32.099: I/ActivityManager(1677): Start proc 4855:com.google.android.syncadapters.calendar/u0a31 for broadcast com.google.android.syncadapters.calendar/.CalendarSyncAdapterBroadcastReceiver
10-11 21:54:32.195: I/Exchange(3034): Accounts changed - requesting FolderSync for unsynced accounts
10-11 21:54:32.222: I/GmailIS(3009): Receive LOGIN_ACCOUNTS_CHANGED intent: Intent { act=android.accounts.LOGIN_ACCOUNTS_CHANGED flg=0x4000010 cmp=com.google.android.gm/.GmailIntentService }
10-11 21:54:32.230: I/Gmail(3009): System accounts updated.
10-11 21:54:32.234: W/AbstractGoogleClient(4855): Application name is not set. Call Builder#setApplicationName.
10-11 21:54:32.234: I/ActivityManager(1677): Start proc 4882:com.google.android.videos/u0a74 for broadcast com.google.android.videos/.accounts.AccountsChangedService$AccountsChangedReceiver
10-11 21:54:32.246: I/Gmail(3009): getAccountsCursor
10-11 21:54:32.253: I/NotifActionUtils(3009): resendNotifications account: null, folder: null
10-11 21:54:32.276: I/NotifUtils(3009): resendNotifications cancelExisting: false, account: null, folder: null
10-11 21:54:32.341: I/art(4514): Explicit concurrent mark sweep GC freed 44049(2MB) AllocSpace objects, 24(396KB) LOS objects, 40% free, 14MB/24MB, paused 1.865ms total 45.137ms
10-11 21:54:32.352: W/Conscrypt(4514): Could not set socket write timeout:
10-11 21:54:32.352: W/Conscrypt(4514):    java.lang.reflect.Method.invoke(Native Method)
10-11 21:54:32.352: W/Conscrypt(4514):    java.lang.reflect.Method.invoke(Method.java:372)
10-11 21:54:32.355: W/Conscrypt(4514): Could not set socket write timeout:
10-11 21:54:32.356: W/Conscrypt(4514):    java.lang.reflect.Method.invoke(Native Method)
10-11 21:54:32.356: W/Conscrypt(4514):    java.lang.reflect.Method.invoke(Method.java:372)
10-11 21:54:32.381: I/Icing(4533): IndexChimeraService.getServiceInterface callingPackage=com.google.android.gm componentName=null serviceId=21
10-11 21:54:32.391: I/Icing(4533): Usage reports 0 indexed 0 rejected 0 imm upload false
10-11 21:54:32.419: I/Icing(4533): Indexing 94E32541A782C8D72B302D9761B43229E371017C from com.google.android.gm
10-11 21:54:32.436: I/art(4795): Rejecting re-init on previously-failed class java.lang.Class<mgn>
10-11 21:54:32.436: I/art(4795): Rejecting re-init on previously-failed class java.lang.Class<mgn>
10-11 21:54:32.446: W/Auth(4514): [GetToken] GetToken failed with status code: INVALID_SCOPE
10-11 21:54:32.448: W/Search.LoginHelper(2142): Google auth exception for scope: oauth2:https://www.googleapis.com/auth/googlenow
10-11 21:54:32.448: E/Velvet.VelvetNetworkClient(2142): Failed to get auth token
10-11 21:54:32.448: W/NowOptInSettingsImpl(2142): Failed to fetch default configuration
10-11 21:54:32.461: I/DynamiteModule(4795): Considering local module com.google.android.gms.googlecertificates:4 and remote module com.google.android.gms.googlecertificates:4
10-11 21:54:32.461: I/DynamiteModule(4795): Selected local version of com.google.android.gms.googlecertificates
10-11 21:54:32.469: I/WVCdm(1345): CdmEngine::CloseSession
10-11 21:54:32.470: I/WVCdm(1345): L3 Terminate.
10-11 21:54:32.497: I/CalendarProvider2(3500): Sending notification intent: Intent { act=android.intent.action.PROVIDER_CHANGED dat=content://com.android.calendar }
10-11 21:54:32.497: W/ContentResolver(3500): Failed to get type for: content://com.android.calendar (Unknown URL content://com.android.calendar)
10-11 21:54:32.498: I/CalendarProvider2(3500): Sending notification intent: Intent { act=android.intent.action.PROVIDER_CHANGED dat=content://com.android.calendar }
10-11 21:54:32.498: W/ContentResolver(3500): Failed to get type for: content://com.android.calendar (Unknown URL content://com.android.calendar)
10-11 21:54:32.499: I/ActivityManager(1677): Killing 2117:android.process.media/u0a6 (adj 15): empty #17
10-11 21:54:32.517: I/Gmail(3009): Bootstrapping db:/data/data/com.google.android.gm/databases/internal.VS2WQVCOVYYT3Y3JQZUPAOQ2II-00@cloudtestlabaccounts.com.db Current version is 0
10-11 21:54:32.531: I/Gmail(3009): Bootstrapping db: /data/data/com.google.android.gm/databases/mailstore.VS2WQVCOVYYT3Y3JQZUPAOQ2II-00@cloudtestlabaccounts.com.db Current version is 0
10-11 21:54:32.553: E/PlayEventLogger(4882): Invalid device id ff5d1eec734ba705
10-11 21:54:32.569: V/Finsky(4742): [1] GearheadStateMonitor.onReady: sIsProjecting:false
10-11 21:54:32.569: I/CAR.SERVICE(4795): listener not found in list
10-11 21:54:32.585: I/Gmail(3009): calculateUnknownSyncRationalesAndPurgeInBackground: exiting (labelMap not synced
10-11 21:54:32.586: E/SQLiteLog(3009): (1) no such table: search_status
10-11 21:54:32.587: I/Gmail(3009): Setting up for AppDataSearch
10-11 21:54:32.588: I/ActivityManager(1677): Start proc 4921:com.google.android.talk/u0a15 for broadcast com.google.android.talk/com.google.android.apps.hangouts.service.broadcastreceiver.AccountRefreshReceiver
10-11 21:54:32.625: W/ResourcesManager(4921): Asset path '/system/framework/com.google.android.media.effects.jar' does not exist or contains no resources.
10-11 21:54:32.626: W/Conscrypt(4514): Could not set socket write timeout:
10-11 21:54:32.626: W/Conscrypt(4514):    java.lang.reflect.Method.invoke(Native Method)
10-11 21:54:32.626: W/Conscrypt(4514):    java.lang.reflect.Method.invoke(Method.java:372)
10-11 21:54:32.632: W/Conscrypt(4514): Could not set socket write timeout:
10-11 21:54:32.632: W/Conscrypt(4514):    java.lang.reflect.Method.invoke(Native Method)
10-11 21:54:32.632: W/Conscrypt(4514):    java.lang.reflect.Method.invoke(Method.java:372)
10-11 21:54:32.655: D/PlayMovies(4882): PersistentCache.cleanup:103 Cache is below limit, no need to shrink: [size=0, limit=5242880]
10-11 21:54:32.658: W/UdcContextManagerHelper(4514): Empty context buffer. Thus might mean that the context is not synced down.
10-11 21:54:32.659: W/UploadOptInStatusOp(4514): Empty context model while retrieving upload opt-in status!
10-11 21:54:32.665: I/Gmail(3009): calculateUnknownSyncRationalesAndPurgeInBackground: exiting (labelMap not synced
10-11 21:54:32.670: I/Icing(4533): IndexChimeraService.getServiceInterface callingPackage=com.google.android.videos componentName=null serviceId=21
10-11 21:54:32.672: D/PlayMovies(4882): TransferService.onCreate:52 creating transfer service
10-11 21:54:32.675: I/Gmail(3009): calculateUnknownSyncRationalesAndPurgeInBackground: exiting (labelMap not synced
10-11 21:54:32.685: W/GLSUser(4514): [AppCertManager] IOException while requesting key: 
10-11 21:54:32.685: W/GLSUser(4514): java.io.IOException: Invalid device key response.
10-11 21:54:32.685: W/GLSUser(4514): 	at ewx.a(:com.google.android.gms@11519270:11)
10-11 21:54:32.685: W/GLSUser(4514): 	at ewx.a(:com.google.android.gms@11519270:63)
10-11 21:54:32.685: W/GLSUser(4514): 	at ewv.a(:com.google.android.gms@11519270:8)
10-11 21:54:32.685: W/GLSUser(4514): 	at ewr.a(:com.google.android.gms@11519270:1)
10-11 21:54:32.685: W/GLSUser(4514): 	at ewq.a(:com.google.android.gms@11519270:10)
10-11 21:54:32.685: W/GLSUser(4514): 	at com.google.android.gms.auth.account.be.legacy.AuthCronChimeraService.b(:com.google.android.gms@11519270:7)
10-11 21:54:32.685: W/GLSUser(4514): 	at ecs.call(:com.google.android.gms@11519270:3)
10-11 21:54:32.685: W/GLSUser(4514): 	at java.util.concurrent.FutureTask.run(FutureTask.java:237)
10-11 21:54:32.685: W/GLSUser(4514): 	at mng.run(:com.google.android.gms@11519270:25)
10-11 21:54:32.685: W/GLSUser(4514): 	at java.util.concurrent.ThreadPoolExecutor.runWorker(ThreadPoolExecutor.java:1112)
10-11 21:54:32.685: W/GLSUser(4514): 	at java.util.concurrent.ThreadPoolExecutor$Worker.run(ThreadPoolExecutor.java:587)
10-11 21:54:32.685: W/GLSUser(4514): 	at mso.run(:com.google.android.gms@11519270)
10-11 21:54:32.685: W/GLSUser(4514): 	at java.lang.Thread.run(Thread.java:818)
10-11 21:54:32.697: I/Gmail(3009): getAccountsCursor
10-11 21:54:32.705: I/Gmail(3009): Backfilling search sequence table
10-11 21:54:32.735: I/VideoCapabilities(4882): Unsupported profile 4 for video/mp4v-es
10-11 21:54:32.739: W/Auth(4514): [GetToken] GetToken failed with status code: INVALID_SCOPE
10-11 21:54:32.740: W/Search.LoginHelper(2142): Google auth exception for scope: oauth2:https://www.googleapis.com/auth/googlenow
10-11 21:54:32.753: W/Conscrypt(4514): Could not set socket write timeout:
10-11 21:54:32.753: W/Conscrypt(4514):    java.lang.reflect.Method.invoke(Native Method)
10-11 21:54:32.753: W/Conscrypt(4514):    java.lang.reflect.Method.invoke(Method.java:372)
10-11 21:54:32.755: W/MediaCodecUtil(4882): MediaCodecList API didn't list secure decoder for: video/avc. Assuming: OMX.google.h264.decoder.secure
10-11 21:54:32.757: I/WVCdm(1345): CdmEngine::QueryStatus
10-11 21:54:32.757: I/WVCdm(1345): Level3 Library Dec  3 2014 13:06:03
10-11 21:54:32.761: W/WVCdm(1345): Could not read /data/mediadrm/IDM1013/ay64.dat2: No such file or directory
10-11 21:54:32.761: W/WVCdm(1345): Could not load liboemcrypto.so. Falling Back to L3.  dlopen failed: library "liboemcrypto.so" not found
10-11 21:54:32.762: I/WVCdm(1345): L3 Terminate.
10-11 21:54:32.778: W/Conscrypt(4514): Could not set socket write timeout:
10-11 21:54:32.778: W/Conscrypt(4514):    java.lang.reflect.Method.invoke(Native Method)
10-11 21:54:32.778: W/Conscrypt(4514):    java.lang.reflect.Method.invoke(Method.java:372)
10-11 21:54:32.793: I/Gmail(3009): Backfilling search sequence table
10-11 21:54:32.819: W/Auth(4514): [GetToken] GetToken failed with status code: INVALID_SCOPE
10-11 21:54:32.822: W/Search.LoginHelper(2142): Google auth exception for scope: oauth2:https://www.googleapis.com/auth/googlenow
10-11 21:54:32.826: E/ctxmgr(4514): [NetworkUtil]No active synchronizable contexts.
10-11 21:54:32.833: V/WebViewChromiumFactoryProvider(2142): Binding Chromium to main looper Looper (main, tid 1) {10c06507}
10-11 21:54:32.833: I/LibraryLoader(2142): Expected native library version number "",actual native library version number ""
10-11 21:54:32.838: I/ActivityManager(1677): Killing 3624:com.google.android.configupdater/u0a36 (adj 15): empty #17
10-11 21:54:32.848: I/Remoter(1329): Saved screenshot to '/data/screenshots/__pmv__-0077.jpg'
10-11 21:54:32.861: D/Finsky(4742): [1] DailyHygiene.onStartCommand: Beginning daily hygiene
10-11 21:54:32.880: I/chromium(2142): [INFO:library_loader_hooks.cc(104)] Chromium logging enabled: level = 0, default verbosity = 0
10-11 21:54:32.882: I/BrowserStartupController(2142): Initializing chromium process, singleProcess=true
10-11 21:54:32.886: I/Icing(4533): Indexing done 94E32541A782C8D72B302D9761B43229E371017C
10-11 21:54:32.891: W/art(2142): Attempt to remove local handle scope entry from IRT, ignoring
10-11 21:54:32.893: I/Icing(4533): Usage reports 0 indexed 0 rejected 0 imm upload false
10-11 21:54:32.922: I/Icing(4533): Usage reports 0 indexed 0 rejected 0 imm upload false
10-11 21:54:32.930: I/art(2177): Explicit concurrent mark sweep GC freed 4128(188KB) AllocSpace objects, 0(0B) LOS objects, 40% free, 8MB/13MB, paused 7.297ms total 69.856ms
10-11 21:54:32.975: I/Babel_telephony(4921): TeleModule.onApplicationCreate
10-11 21:54:32.976: I/Babel_App(4921): Startup - clean
10-11 21:54:32.982: I/Babel_SMS(4921): MmsConfig: mnc/mcc: 310/260
10-11 21:54:32.982: I/Babel_SMS(4921): MmsConfig.loadMmsSettings
10-11 21:54:32.983: I/Babel_SMS(4921): MmsConfig.loadDeviceMmsSettings from API: userAgent=, uaProfUrl=
10-11 21:54:32.983: I/Babel_SMS(4921): MmsConfig.loadFromDatabase
10-11 21:54:32.983: W/Auth(4514): [GetToken] GetToken failed with status code: INVALID_SCOPE
10-11 21:54:32.985: E/PlayMovies(4882): GmsAccountManagerWrapper.blockingGetAuthTokenInternal:103 Cannot get user auth
10-11 21:54:32.985: E/PlayMovies(4882): com.google.android.gms.auth.GoogleAuthException: INVALID_SCOPE
10-11 21:54:32.985: E/PlayMovies(4882): 	at com.google.android.gms.auth.GoogleAuthUtil.getToken(Unknown Source)
10-11 21:54:32.985: E/PlayMovies(4882): 	at com.google.android.gms.auth.GoogleAuthUtil.a(Unknown Source)
10-11 21:54:32.985: E/PlayMovies(4882): 	at com.google.android.gms.auth.GoogleAuthUtil.getTokenWithNotification(Unknown Source)
10-11 21:54:32.985: E/PlayMovies(4882): 	at com.google.android.videos.accounts.GmsAccountManagerWrapper.blockingGetAuthTokenInternal(GmsAccountManagerWrapper.java:87)
10-11 21:54:32.985: E/PlayMovies(4882): 	at com.google.android.videos.accounts.AccountManagerWrapper.blockingGetAuthToken(AccountManagerWrapper.java:191)
10-11 21:54:32.985: E/PlayMovies(4882): 	at com.google.android.videos.async.AuthenticatingRequester.getAuthToken(AuthenticatingRequester.java:62)
10-11 21:54:32.985: E/PlayMovies(4882): 	at com.google.android.videos.async.AuthenticatingRequester.request(AuthenticatingRequester.java:39)
10-11 21:54:32.985: E/PlayMovies(4882): 	at com.google.android.videos.async.AuthenticatingRequester.request(AuthenticatingRequester.java:26)
10-11 21:54:32.985: E/PlayMovies(4882): 	at com.google.android.videos.gcm.DefaultGcmRegistrationManager.registerWithServer(DefaultGcmRegistrationManager.java:152)
10-11 21:54:32.985: E/PlayMovies(4882): 	at com.google.android.videos.gcm.DefaultGcmRegistrationManager.access$000(DefaultGcmRegistrationManager.java:49)
10-11 21:54:32.985: E/PlayMovies(4882): 	at com.google.android.videos.gcm.DefaultGcmRegistrationManager$1.run(DefaultGcmRegistrationManager.java:102)
10-11 21:54:32.985: E/PlayMovies(4882): 	at java.util.concurrent.ThreadPoolExecutor.runWorker(ThreadPoolExecutor.java:1112)
10-11 21:54:32.985: E/PlayMovies(4882): 	at java.util.concurrent.ThreadPoolExecutor$Worker.run(ThreadPoolExecutor.java:587)
10-11 21:54:32.985: E/PlayMovies(4882): 	at com.google.android.videos.utils.PriorityThreadFactory$1.run(PriorityThreadFactory.java:42)
10-11 21:54:32.985: E/PlayMovies(4882): 	at java.lang.Thread.run(Thread.java:818)
10-11 21:54:32.993: E/SQLiteLog(4921): (1) no such table: mmsconfig
10-11 21:54:32.993: I/Babel_SMS(4921): MmsConfig: no mmsconfig table android.database.sqlite.SQLiteException: no such table: mmsconfig (code 1): , while compiling: SELECT key, value, type FROM mmsconfig WHERE numeric=?
10-11 21:54:32.993: I/Babel_SMS(4921): MmsConfig.loadFromResources
10-11 21:54:32.995: E/Babel_SMS(4921): canonicalizeMccMnc: invalid mccmnc nullnull
10-11 21:54:32.995: W/Babel_SMS(4921): MmsConfig: invalid key=userAgent or type=string
10-11 21:54:32.995: W/Babel_SMS(4921): MmsConfig: invalid key=uaProfUrl or type=string
10-11 21:54:33.001: D/Babel_SmsDepUtil(4921): imp:-1:3602
10-11 21:54:33.002: I/Babel_SMS(4921): MmsConfig.loadMmsSettings: userAgent=Hangouts/20.0.156935076, uaProfUrl=https://ssl.gstatic.com/android/hangouts/hangouts_mms_ua_profile.xml
10-11 21:54:33.004: D/BluetoothManagerService(1677): Message: 20
10-11 21:54:33.004: D/BluetoothManagerService(1677): Added callback: android.bluetooth.IBluetoothManagerCallback$Stub$Proxy@c3a4b40:true
10-11 21:54:33.006: D/Babel_SmsDep(4921): disabled
10-11 21:54:33.008: D/Babel_SmsDepStand(4921): no sms
10-11 21:54:33.024: D/Babel_SmsDepUtil(4921): imp:-1:3602
10-11 21:54:33.024: D/Babel_SmsDep(4921): disabled
10-11 21:54:33.027: W/chromium(2142): [WARNING:resource_bundle.cc(304)] locale_file_path.empty()
10-11 21:54:33.027: I/chromium(2142): [INFO:aw_browser_main_parts.cc(65)] Load from apk succesful, fd=54 off=52976 len=3763
10-11 21:54:33.039: I/chromium(2142): [INFO:aw_browser_main_parts.cc(78)] Loading webviewchromium.pak from, fd:55 off:229484 len:1089587
10-11 21:54:33.054: W/Auth(4514): [GetToken] GetToken failed with status code: INVALID_SCOPE
10-11 21:54:33.054: W/AuthSessionAuthenticato(4514): Auth related exception is being ignored: INVALID_SCOPE
10-11 21:54:33.062: W/GLSUser(4514): [DeviceKeyStore] Cannot load key: Device key file not found.
10-11 21:54:33.062: W/GLSUser(4514): [DeviceKeyStore] Cannot load key: Device key file not found.
10-11 21:54:33.072: I/Babel_ConcService(4921): Binding ConcurrentService
10-11 21:54:33.076: E/ctxmgr(4514): [BaseServerTask]Server task (FetchAclSet) got error statusCode=-1.
10-11 21:54:33.076: E/ctxmgr(4514): com.android.volley.VolleyError: Unable to obtain auth token - is the device online?
10-11 21:54:33.076: E/ctxmgr(4514): 	at cjq.a(:com.google.android.gms@11519270:39)
10-11 21:54:33.076: E/ctxmgr(4514): 	at cez.run(:com.google.android.gms@11519270:2)
10-11 21:54:33.076: E/ctxmgr(4514): 	at cex.handleMessage(:com.google.android.gms@11519270:3)
10-11 21:54:33.076: E/ctxmgr(4514): 	at mmw.run(:com.google.android.gms@11519270:6)
10-11 21:54:33.076: E/ctxmgr(4514): 	at mng.run(:com.google.android.gms@11519270:25)
10-11 21:54:33.076: E/ctxmgr(4514): 	at java.util.concurrent.ThreadPoolExecutor.runWorker(ThreadPoolExecutor.java:1112)
10-11 21:54:33.076: E/ctxmgr(4514): 	at java.util.concurrent.ThreadPoolExecutor$Worker.run(ThreadPoolExecutor.java:587)
10-11 21:54:33.076: E/ctxmgr(4514): 	at mso.run(:com.google.android.gms@11519270)
10-11 21:54:33.076: E/ctxmgr(4514): 	at java.lang.Thread.run(Thread.java:818)
10-11 21:54:33.078: E/ctxmgr(4514): [AccountAclCallback]Failed Acl fetch: network status=-1
10-11 21:54:33.090: I/Babel_ConcService(4921): Scheduling delay with GcmNetworkManager of 264610 s for task fvmaccount_reg_renewal_47187_7 and tag network_connectivity_wakeup:persisted
10-11 21:54:33.091: I/Babel_ConcService(4921): Scheduling delay with GcmNetworkManager of 2742 s for task fyfDB_CLEANUP_50903_8 and tag :persisted
10-11 21:54:33.114: W/ResourcesManager(4921): Asset path '/system/framework/com.android.media.remotedisplay.jar' does not exist or contains no resources.
10-11 21:54:33.114: W/ResourcesManager(4921): Asset path '/system/framework/com.android.location.provider.jar' does not exist or contains no resources.
10-11 21:54:33.131: W/linker(4921): libconscrypt_gmscore_jni.so: unused DT entry: type 0x1d arg 0x91
10-11 21:54:33.135: D/Babel_SmsDepUtil(4921): imp:-1:3602
10-11 21:54:33.135: D/Babel_SmsDep(4921): disabled
10-11 21:54:33.153: V/NativeCrypto(4921): Registering com/google/android/gms/org/conscrypt/NativeCrypto's 259 native methods...
10-11 21:54:33.167: I/art(4921): Rejecting re-init on previously-failed class java.lang.Class<com.google.android.gms.org.conscrypt.OpenSSLExtendedSessionImpl>
10-11 21:54:33.167: I/art(4921): Rejecting re-init on previously-failed class java.lang.Class<com.google.android.gms.org.conscrypt.OpenSSLExtendedSessionImpl>
10-11 21:54:33.168: I/art(4921): Rejecting re-init on previously-failed class java.lang.Class<com.google.android.gms.org.conscrypt.OpenSSLExtendedSessionImpl>
10-11 21:54:33.176: I/art(1677): Explicit concurrent mark sweep GC freed 17721(1479KB) AllocSpace objects, 8(769KB) LOS objects, 33% free, 16MB/25MB, paused 1.147ms total 70.538ms
10-11 21:54:33.176: I/Babel_ConcService(4921): Acquired partial wake lock to keep ConcurrentService alive
10-11 21:54:33.179: D/Babel_SmsDepUtil(4921): imp:-1:3602
10-11 21:54:33.179: D/Babel_SmsDep(4921): disabled
10-11 21:54:33.180: D/Babel_SmsDepStand(4921): no sms
10-11 21:54:33.180: D/Babel_SmsDepNotif(4921): not sms
10-11 21:54:33.180: D/Babel_SmsDepUtil(4921): imp:-1:3686
10-11 21:54:33.181: D/Babel_Notif_Persistent(4921): PersistentMessageNotifier.cancelOngoingNotification
10-11 21:54:33.182: D/Babel_SmsDepUtil(4921): imp:-1:3602
10-11 21:54:33.182: D/Babel_SmsDep(4921): disabled
10-11 21:54:33.195: D/Babel_Notif_SMS(4921): cancelOngoingNotification
10-11 21:54:33.196: D/Babel_SmsDepUtil(4921): imp:-1:3602
10-11 21:54:33.196: D/Babel_SmsDep(4921): disabled
10-11 21:54:33.197: I/Auth(4514): [BroadcastManager] Broadcasting account change.
10-11 21:54:33.206: W/Babel_AcctMgr(4921): gBA: invalid account id: -1
10-11 21:54:33.209: I/ProviderInstaller(4921): Installed default security provider GmsCore_OpenSSL
10-11 21:54:33.218: I/PmtsSwAccountIntentOp(4533): Processing intent action=android.accounts.LOGIN_ACCOUNTS_CHANGED
10-11 21:54:33.218: I/PmtsSwAccountIntentOp(4533): Device isn't of sufficient API level
10-11 21:54:33.248: W/WakefulBroadcastReceiver(4514): No active wake lock id #1
10-11 21:54:33.262: E/Volley(3071): [261] xa.a: Unexpected response code 503 for https://www.googleapis.com/youtubei/v1/notification_registration/set_registration?key=AIzaSyA8eiZmM1FaDVjRy-df2KTyQ_vz_yYM39w
10-11 21:54:33.263: W/YouTube(3071): (unknown) Could not register for notifications with InnerTube: 
10-11 21:54:33.263: W/YouTube(3071): fay: java.util.concurrent.ExecutionException: wu
10-11 21:54:33.263: W/YouTube(3071): 	at ezo.a(SourceFile:103)
10-11 21:54:33.263: W/YouTube(3071): 	at fpl.run(SourceFile:57)
10-11 21:54:33.263: W/YouTube(3071): 	at java.util.concurrent.ThreadPoolExecutor.runWorker(ThreadPoolExecutor.java:1112)
10-11 21:54:33.263: W/YouTube(3071): 	at java.util.concurrent.ThreadPoolExecutor$Worker.run(ThreadPoolExecutor.java:587)
10-11 21:54:33.263: W/YouTube(3071): 	at ers.run(SourceFile:40)
10-11 21:54:33.263: W/YouTube(3071): 	at java.lang.Thread.run(Thread.java:818)
10-11 21:54:33.263: W/YouTube(3071): Caused by: java.util.concurrent.ExecutionException: wu
10-11 21:54:33.263: W/YouTube(3071): 	at xv.a(SourceFile:117)
10-11 21:54:33.263: W/YouTube(3071): 	at xv.get(SourceFile:88)
10-11 21:54:33.263: W/YouTube(3071): 	at goc.get(SourceFile:69)
10-11 21:54:33.263: W/YouTube(3071): 	at ezo.a(SourceFile:99)
10-11 21:54:33.263: W/YouTube(3071): 	... 5 more
10-11 21:54:33.263: W/YouTube(3071): Caused by: wu
10-11 21:54:33.263: W/YouTube(3071): 	at xa.a(SourceFile:145)
10-11 21:54:33.263: W/YouTube(3071): 	at gnu.a(SourceFile:49)
10-11 21:54:33.263: W/YouTube(3071): 	at wg.run(SourceFile:105)
10-11 21:54:33.271: I/HeterodyneSyncScheduler(4514): Scheduling Phenotype for a PhenotypeSyncImmediately(5, null) one off with window [1, 2] in seconds
10-11 21:54:33.273: I/Babel(4921): connection state changed from UNKNOWN to CONNECTED
10-11 21:54:33.275: D/Finsky(4742): [1] GcmRegistrationIdHelper.getRegistrationId: Start requesting GCM Reg Id
10-11 21:54:33.275: D/GCMRegistrar(4742): resetting backoff for com.android.vending
10-11 21:54:33.284: V/GCMRegistrar(4742): Registering app com.android.vending of senders 932144863878
10-11 21:54:33.296: W/GCM(4514): Register request missing messenger
10-11 21:54:33.296: D/Volley(4742): [348] DiskBasedCache.clear: Cache cleared.
10-11 21:54:33.296: D/Volley(4742): [355] DiskBasedCache.clear: Cache cleared.
10-11 21:54:33.297: D/Finsky(4742): [1] UpdateWidgetsReceiver.onReceive: Updated 0 MarketWidgetProvider widgets (android.accounts.LOGIN_ACCOUNTS_CHANGED)
10-11 21:54:33.298: D/Finsky(4742): [1] UpdateWidgetsReceiver.onReceive: Updated 0 RecommendedWidgetProvider widgets (android.accounts.LOGIN_ACCOUNTS_CHANGED)
10-11 21:54:33.298: D/Finsky(4742): [1] UpdateWidgetsReceiver.onReceive: Updated 0 NowPlayingWidgetProvider widgets (android.accounts.LOGIN_ACCOUNTS_CHANGED)
10-11 21:54:33.304: I/Icing(4533): Indexing E78089F80B17306531C21E89416F36A3E84F2D16 from com.google.android.videos
10-11 21:54:33.307: E/SQLiteLog(4882): (284) automatic index on sqlite_sq_ADD0E580(show_id)
10-11 21:54:33.309: I/Icing(4533): Indexing done E78089F80B17306531C21E89416F36A3E84F2D16
10-11 21:54:33.312: I/Icing(4533): Indexing CA5DA213357B9974185583AD515428BDCE2ADF20 from com.google.android.videos
10-11 21:54:33.315: E/SQLiteLog(4882): (284) automatic index on sqlite_sq_ADD0D980(video_id)
10-11 21:54:33.317: I/Icing(4533): Indexing done CA5DA213357B9974185583AD515428BDCE2ADF20
10-11 21:54:33.334: W/Auth(4514): [GetToken] GetToken failed with status code: INVALID_SCOPE
10-11 21:54:33.335: E/HttpOperation(4921): [contacts/getselfinfo] Unexpected exception
10-11 21:54:33.335: E/HttpOperation(4921): java.io.IOException: Cannot obtain authentication token
10-11 21:54:33.335: E/HttpOperation(4921): 	at jzd.a(SourceFile:23)
10-11 21:54:33.335: E/HttpOperation(4921): 	at jyk.p(SourceFile:47)
10-11 21:54:33.335: E/HttpOperation(4921): 	at jyg.a(SourceFile:18)
10-11 21:54:33.335: E/HttpOperation(4921): 	at fcc.a(SourceFile:14)
10-11 21:54:33.335: E/HttpOperation(4921): 	at jse.a(SourceFile:4)
10-11 21:54:33.335: E/HttpOperation(4921): 	at jse.call(SourceFile:11)
10-11 21:54:33.335: E/HttpOperation(4921): 	at java.util.concurrent.FutureTask.run(FutureTask.java:237)
10-11 21:54:33.335: E/HttpOperation(4921): 	at java.util.concurrent.ThreadPoolExecutor.runWorker(ThreadPoolExecutor.java:1112)
10-11 21:54:33.335: E/HttpOperation(4921): 	at java.util.concurrent.ThreadPoolExecutor$Worker.run(ThreadPoolExecutor.java:587)
10-11 21:54:33.335: E/HttpOperation(4921): 	at java.lang.Thread.run(Thread.java:818)
10-11 21:54:33.335: E/HttpOperation(4921): Caused by: android.accounts.AuthenticatorException: Cannot get Oauth2 token from GMS
10-11 21:54:33.335: E/HttpOperation(4921): 	at idw.a(SourceFile:4)
10-11 21:54:33.335: E/HttpOperation(4921): 	at jza.a(SourceFile:41)
10-11 21:54:33.335: E/HttpOperation(4921): 	at jza.a(SourceFile:16)
10-11 21:54:33.335: E/HttpOperation(4921): 	at jzd.a(SourceFile:18)
10-11 21:54:33.335: E/HttpOperation(4921): 	... 9 more
10-11 21:54:33.335: E/HttpOperation(4921): Caused by: gyl: INVALID_SCOPE
10-11 21:54:33.335: E/HttpOperation(4921): 	at gyo.b(Unknown Source)
10-11 21:54:33.335: E/HttpOperation(4921): 	at gyo.a(Unknown Source)
10-11 21:54:33.335: E/HttpOperation(4921): 	at gyn.a(Unknown Source)
10-11 21:54:33.335: E/HttpOperation(4921): 	at gyn.c(Unknown Source)
