10-11 21:54:15.283: I/Remoter(1329): Saved screenshot to '/data/screenshots/__pmv__-0061.jpg'
10-11 21:54:15.769: I/scp(3995): type=1400 audit(0.0:85): avc: denied { write } for name="tmp" dev="loop6" ino=65538 scontext=u:r:init_shell:s0 tcontext=u:object_r:shell_data_file:s0 tclass=dir permissive=1
10-11 21:54:15.769: I/scp(3995): type=1400 audit(0.0:86): avc: denied { add_name } for name="com.google.android.apps.mtaas.tools.apk" scontext=u:r:init_shell:s0 tcontext=u:object_r:shell_data_file:s0 tclass=dir permissive=1
10-11 21:54:15.769: I/scp(3995): type=1400 audit(0.0:87): avc: denied { create } for name="com.google.android.apps.mtaas.tools.apk" scontext=u:r:init_shell:s0 tcontext=u:object_r:shell_data_file:s0 tclass=file permissive=1
10-11 21:54:15.769: I/scp(3995): type=1400 audit(0.0:88): avc: denied { write open } for path="/data/local/tmp/com.google.android.apps.mtaas.tools.apk" dev="loop6" ino=65555 scontext=u:r:init_shell:s0 tcontext=u:object_r:shell_data_file:s0 tclass=file permissive=1
10-11 21:54:15.769: I/scp(3995): type=1400 audit(0.0:89): avc: denied { getattr } for path="/data/local/tmp/com.google.android.apps.mtaas.tools.apk" dev="loop6" ino=65555 scontext=u:r:init_shell:s0 tcontext=u:object_r:shell_data_file:s0 tclass=file permissive=1
10-11 21:54:16.242: D/AndroidRuntime(4008): >>>>>> START com.android.internal.os.RuntimeInit uid 0 <<<<<<
10-11 21:54:16.243: D/AndroidRuntime(4008): CheckJNI is OFF
10-11 21:54:16.261: E/memtrack(4008): Couldn't load memtrack module (No such file or directory)
10-11 21:54:16.261: E/android.os.Debug(4008): failed to load memtrack module: -2
10-11 21:54:16.269: D/AndroidRuntime(4008): Calling main entry com.android.commands.pm.Pm
10-11 21:54:16.282: I/ActivityManager(1677): Start proc 4018:com.android.defcontainer/u0a5 for service com.android.defcontainer/.DefaultContainerService
10-11 21:54:16.315: D/DefContainer(4018): Copying /data/local/tmp/com.google.android.apps.mtaas.tools.apk to base.apk
10-11 21:54:16.316: I/Remoter(1329): Saved screenshot to '/data/screenshots/__pmv__-0062.jpg'
10-11 21:54:16.338: D/PackageManager(1677): Renaming /data/app/vmdl1666997882.tmp to /data/app/com.google.android.apps.mtaas.tools-1
10-11 21:54:16.340: I/PackageManager(1677): Running dexopt on: /data/app/com.google.android.apps.mtaas.tools-1/base.apk pkg=com.google.android.apps.mtaas.tools isa=x86 vmSafeMode=false
10-11 21:54:16.349: E/cutils-trace(4035): Error opening trace file: Permission denied (13)
10-11 21:54:16.349: I/dex2oat(4035): /system/bin/dex2oat --zip-fd=6 --zip-location=/data/app/com.google.android.apps.mtaas.tools-1/base.apk --oat-fd=7 --oat-location=/data/dalvik-cache/x86/data@app@com.google.android.apps.mtaas.tools-1@base.apk@classes.dex --instruction-set=x86 --instruction-set-features=default --runtime-arg -Xms64m --runtime-arg -Xmx512m --swap-fd=8
10-11 21:54:16.382: I/dex2oat(4035): Decided to run without swap.
10-11 21:54:16.806: I/dex2oat(4035): dex2oat took 456.908ms (threads: 2) arena alloc=32KB java alloc=2022KB native alloc=4MB free=3MB
10-11 21:54:16.813: W/PackageManager(1677): Not granting permission android.permission.SET_ANIMATION_SCALE to package com.google.android.apps.mtaas.tools (protectionLevel=50 flags=0x8be44)
10-11 21:54:16.813: W/PackageManager(1677): Not granting permission android.permission.CHANGE_CONFIGURATION to package com.google.android.apps.mtaas.tools (protectionLevel=50 flags=0x8be44)
10-11 21:54:16.817: V/BackupManagerService(1677): restoreAtInstall pkg=com.google.android.apps.mtaas.tools token=1 restoreSet=0
10-11 21:54:16.817: V/BackupManagerService(1677): Finishing install immediately
10-11 21:54:16.817: W/Settings(1677): Setting install_non_market_apps has moved from android.provider.Settings.Global to android.provider.Settings.Secure, returning read-only value.
10-11 21:54:16.827: I/InputReader(1677): Reconfiguring input devices.  changes=0x00000010
10-11 21:54:16.832: I/UpdateIcingCorporaServi(2142): Updating corpora: APPS=com.google.android.apps.mtaas.tools, CONTACTS=MAYBE
10-11 21:54:16.840: W/InputMethodInfo(1677): Duplicated subtype definition found: , voice
10-11 21:54:16.843: I/Icing(2169): IndexChimeraService.getServiceInterface callingPackage=com.google.android.googlequicksearchbox componentName=null serviceId=21
10-11 21:54:16.857: I/Icing(2169): Usage reports 0 indexed 0 rejected 0 imm upload true
10-11 21:54:16.861: D/BackupManagerService(1677): Received broadcast Intent { act=android.intent.action.PACKAGE_ADDED dat=package:com.google.android.apps.mtaas.tools flg=0x4000010 (has extras) }
10-11 21:54:16.865: W/ConfigurationChimeraProvider(2303): Got null configs for com.google.android.gms.appinvite
10-11 21:54:16.874: I/ApplicationLogger(2142): canRun() : Opted Out
10-11 21:54:16.874: I/UpdateIcingCorporaServi(2142): UpdateCorporaTask done [took 41 ms] updated apps [took 41 ms] 
10-11 21:54:16.874: I/FontsPackageChangeOp(2169): Package com.google.android.apps.mtaas.tools has no metadata
10-11 21:54:16.882: D/Wear_Controller(2169): Received broadcast action=android.intent.action.PACKAGE_ADDED and uri=com.google.android.apps.mtaas.tools
10-11 21:54:16.883: I/Icing(2169): IndexChimeraService.getServiceInterface callingPackage=com.google.android.gms componentName=AppsCorpus serviceId=32
10-11 21:54:16.883: I/Icing(2169): IndexChimeraService.getServiceInterface callingPackage=com.google.android.gms componentName=AppsCorpus serviceId=36
10-11 21:54:16.888: I/Icing(2169): Usage reports 0 indexed 0 rejected 0 imm upload false
10-11 21:54:16.890: I/Icing(2169): Usage reports 0 indexed 0 rejected 0 imm upload false
10-11 21:54:16.897: W/ResourcesManager(1677): Asset path '/system/framework/com.android.media.remotedisplay.jar' does not exist or contains no resources.
10-11 21:54:16.897: W/ResourcesManager(1677): Asset path '/system/framework/com.android.location.provider.jar' does not exist or contains no resources.
10-11 21:54:16.901: D/Launcher.Workspace(2062): 11683562 - removeExtraEmptyScreen()
10-11 21:54:16.901: D/Launcher.Workspace(2062): 11683562 - convertFinalScreenToEmptyScreenIfNecessary()
10-11 21:54:16.908: I/art(1677): Explicit concurrent mark sweep GC freed 45142(2MB) AllocSpace objects, 7(112KB) LOS objects, 33% free, 16MB/24MB, paused 538us total 86.405ms
10-11 21:54:16.908: I/art(4008): System.exit called, status: 0
10-11 21:54:16.908: I/AndroidRuntime(4008): VM exiting with result code 0.
10-11 21:54:17.346: I/Remoter(1329): Saved screenshot to '/data/screenshots/__pmv__-0063.jpg'
10-11 21:54:17.524: D/AndroidRuntime(4079): >>>>>> START com.android.internal.os.RuntimeInit uid 0 <<<<<<
10-11 21:54:17.525: D/AndroidRuntime(4079): CheckJNI is OFF
10-11 21:54:17.541: E/memtrack(4079): Couldn't load memtrack module (No such file or directory)
10-11 21:54:17.541: E/android.os.Debug(4079): failed to load memtrack module: -2
10-11 21:54:17.549: D/AndroidRuntime(4079): Calling main entry com.android.commands.pm.Pm
10-11 21:54:17.552: D/DefContainer(4018): Copying /data/local/tmp/com.google.android.apps.mtaas.loginutil.apk to base.apk
10-11 21:54:17.555: I/PackageParser(1677): com.google.android.apps.mtaas.loginutil: compat added android.permission.WRITE_EXTERNAL_STORAGE android.permission.READ_PHONE_STATE
10-11 21:54:17.570: D/PackageManager(1677): Renaming /data/app/vmdl557745909.tmp to /data/app/com.google.android.apps.mtaas.loginutil-1
10-11 21:54:17.573: I/PackageManager(1677): Running dexopt on: /data/app/com.google.android.apps.mtaas.loginutil-1/base.apk pkg=com.google.android.apps.mtaas.loginutil isa=x86 vmSafeMode=false
10-11 21:54:17.580: E/cutils-trace(4089): Error opening trace file: Permission denied (13)
10-11 21:54:17.580: I/dex2oat(4089): /system/bin/dex2oat --zip-fd=6 --zip-location=/data/app/com.google.android.apps.mtaas.loginutil-1/base.apk --oat-fd=7 --oat-location=/data/dalvik-cache/x86/data@app@com.google.android.apps.mtaas.loginutil-1@base.apk@classes.dex --instruction-set=x86 --instruction-set-features=default --runtime-arg -Xms64m --runtime-arg -Xmx512m --swap-fd=8
10-11 21:54:17.609: I/dex2oat(4089): Decided to run without swap.
10-11 21:54:17.881: I/Icing(2169): Indexing 78809412366E3FB9E25492F12C0E3355617CA57E from com.google.android.googlequicksearchbox
10-11 21:54:17.949: I/surfaceflinger(1336): type=1400 audit(0.0:90): avc: denied { ioctl } for path="/dev/userspace_framebuffer" dev="tmpfs" ino=1638 ioctlcmd=7702 scontext=u:r:surfaceflinger:s0 tcontext=u:object_r:device:s0 tclass=file permissive=1
10-11 21:54:18.018: I/Icing(2169): Indexing done 78809412366E3FB9E25492F12C0E3355617CA57E
10-11 21:54:18.019: I/Icing(2169): Indexing 5233BB6556150606E6EA2800A20D5D691B1774CC from com.google.android.gms
10-11 21:54:18.029: I/Icing(2169): Indexing done 5233BB6556150606E6EA2800A20D5D691B1774CC
10-11 21:54:18.112: I/dex2oat(4089): dex2oat took 531.866ms (threads: 2) arena alloc=850KB java alloc=1444KB native alloc=5MB free=6MB
10-11 21:54:18.125: V/BackupManagerService(1677): restoreAtInstall pkg=com.google.android.apps.mtaas.loginutil token=2 restoreSet=0
10-11 21:54:18.125: V/BackupManagerService(1677): Finishing install immediately
10-11 21:54:18.128: I/InputReader(1677): Reconfiguring input devices.  changes=0x00000010
10-11 21:54:18.128: W/InputMethodInfo(1677): Duplicated subtype definition found: , voice
10-11 21:54:18.129: W/Settings(1677): Setting install_non_market_apps has moved from android.provider.Settings.Global to android.provider.Settings.Secure, returning read-only value.
10-11 21:54:18.136: I/UpdateIcingCorporaServi(2142): Updating corpora: APPS=com.google.android.apps.mtaas.loginutil, CONTACTS=MAYBE
10-11 21:54:18.141: I/ApplicationLogger(2142): canRun() : Opted Out
10-11 21:54:18.141: I/UpdateIcingCorporaServi(2142): UpdateCorporaTask done [took 5 ms] updated apps [took 5 ms] 
10-11 21:54:18.152: I/FontsPackageChangeOp(2169): Package com.google.android.apps.mtaas.loginutil has no metadata
10-11 21:54:18.154: D/Wear_Controller(2169): Received broadcast action=android.intent.action.PACKAGE_ADDED and uri=com.google.android.apps.mtaas.loginutil
10-11 21:54:18.158: I/Icing(2169): IndexChimeraService.getServiceInterface callingPackage=com.google.android.gms componentName=AppsCorpus serviceId=36
10-11 21:54:18.159: I/Icing(2169): IndexChimeraService.getServiceInterface callingPackage=com.google.android.gms componentName=AppsCorpus serviceId=32
10-11 21:54:18.163: I/Icing(2169): Usage reports 0 indexed 0 rejected 0 imm upload false
10-11 21:54:18.165: I/Icing(2169): Usage reports 0 indexed 0 rejected 0 imm upload false
10-11 21:54:18.173: D/BackupManagerService(1677): Received broadcast Intent { act=android.intent.action.PACKAGE_ADDED dat=package:com.google.android.apps.mtaas.loginutil flg=0x4000010 (has extras) }
10-11 21:54:18.198: I/art(1677): Explicit concurrent mark sweep GC freed 20485(1508KB) AllocSpace objects, 12(192KB) LOS objects, 33% free, 16MB/24MB, paused 221us total 68.999ms
10-11 21:54:18.202: I/art(4079): System.exit called, status: 0
10-11 21:54:18.202: I/AndroidRuntime(4079): VM exiting with result code 0.
10-11 21:54:18.374: I/Remoter(1329): Saved screenshot to '/data/screenshots/__pmv__-0064.jpg'
10-11 21:54:18.690: D/AndroidRuntime(4118): >>>>>> START com.android.internal.os.RuntimeInit uid 0 <<<<<<
10-11 21:54:18.691: D/AndroidRuntime(4118): CheckJNI is OFF
10-11 21:54:18.707: E/memtrack(4118): Couldn't load memtrack module (No such file or directory)
10-11 21:54:18.707: E/android.os.Debug(4118): failed to load memtrack module: -2
10-11 21:54:18.715: D/AndroidRuntime(4118): Calling main entry com.android.commands.pm.Pm
10-11 21:54:18.718: D/DefContainer(4018): Copying /data/local/tmp/com.google.android.apps.mtaas.backdrop.apk to base.apk
10-11 21:54:18.741: D/PackageManager(1677): Renaming /data/app/vmdl2032232588.tmp to /data/app/com.google.android.apps.mtaas.backdrop-1
10-11 21:54:18.744: I/PackageManager(1677): Running dexopt on: /data/app/com.google.android.apps.mtaas.backdrop-1/base.apk pkg=com.google.android.apps.mtaas.backdrop isa=x86 vmSafeMode=false
10-11 21:54:18.752: E/cutils-trace(4128): Error opening trace file: Permission denied (13)
10-11 21:54:18.752: I/dex2oat(4128): /system/bin/dex2oat --zip-fd=6 --zip-location=/data/app/com.google.android.apps.mtaas.backdrop-1/base.apk --oat-fd=7 --oat-location=/data/dalvik-cache/x86/data@app@com.google.android.apps.mtaas.backdrop-1@base.apk@classes.dex --instruction-set=x86 --instruction-set-features=default --runtime-arg -Xms64m --runtime-arg -Xmx512m --swap-fd=8
10-11 21:54:18.784: I/dex2oat(4128): Decided to run without swap.
10-11 21:54:19.170: I/Icing(2169): Indexing 5233BB6556150606E6EA2800A20D5D691B1774CC from com.google.android.gms
10-11 21:54:19.170: I/Icing(2169): Indexing done 5233BB6556150606E6EA2800A20D5D691B1774CC
10-11 21:54:19.179: I/Icing(2169): IndexChimeraService.getServiceInterface callingPackage=com.google.android.inputmethod.latin componentName=null serviceId=21
10-11 21:54:19.190: I/Icing(2169): Usage reports 0 indexed 0 rejected 0 imm upload false
10-11 21:54:19.208: I/dex2oat(4128): dex2oat took 456.426ms (threads: 2) arena alloc=39KB java alloc=1960KB native alloc=4MB free=3MB
10-11 21:54:19.220: V/BackupManagerService(1677): restoreAtInstall pkg=com.google.android.apps.mtaas.backdrop token=3 restoreSet=0
10-11 21:54:19.220: V/BackupManagerService(1677): Finishing install immediately
10-11 21:54:19.221: W/Settings(1677): Setting install_non_market_apps has moved from android.provider.Settings.Global to android.provider.Settings.Secure, returning read-only value.
10-11 21:54:19.226: I/InputReader(1677): Reconfiguring input devices.  changes=0x00000010
10-11 21:54:19.242: D/BackupManagerService(1677): Received broadcast Intent { act=android.intent.action.PACKAGE_ADDED dat=package:com.google.android.apps.mtaas.backdrop flg=0x4000010 (has extras) }
10-11 21:54:19.245: W/InputMethodInfo(1677): Duplicated subtype definition found: , voice
10-11 21:54:19.250: I/UpdateIcingCorporaServi(2142): Updating corpora: APPS=com.google.android.apps.mtaas.backdrop, CONTACTS=MAYBE
10-11 21:54:19.254: I/art(1677): Explicit concurrent mark sweep GC freed 18772(1400KB) AllocSpace objects, 7(112KB) LOS objects, 33% free, 16MB/24MB, paused 326us total 32.815ms
10-11 21:54:19.258: I/art(4118): System.exit called, status: 0
10-11 21:54:19.258: I/AndroidRuntime(4118): VM exiting with result code 0.
10-11 21:54:19.264: I/Icing(2169): IndexChimeraService.getServiceInterface callingPackage=com.google.android.googlequicksearchbox componentName=null serviceId=21
10-11 21:54:19.267: I/FontsPackageChangeOp(2169): Package com.google.android.apps.mtaas.backdrop has no metadata
10-11 21:54:19.268: D/Wear_Controller(2169): Received broadcast action=android.intent.action.PACKAGE_ADDED and uri=com.google.android.apps.mtaas.backdrop
10-11 21:54:19.277: I/Icing(2169): IndexChimeraService.getServiceInterface callingPackage=com.google.android.gms componentName=AppsCorpus serviceId=32
10-11 21:54:19.278: I/ApplicationLogger(2142): canRun() : Opted Out
10-11 21:54:19.278: I/UpdateIcingCorporaServi(2142): UpdateCorporaTask done [took 27 ms] updated apps [took 27 ms] 
10-11 21:54:19.278: I/Icing(2169): IndexChimeraService.getServiceInterface callingPackage=com.google.android.gms componentName=AppsCorpus serviceId=36
10-11 21:54:19.280: I/Icing(2169): Usage reports 0 indexed 0 rejected 0 imm upload true
10-11 21:54:19.283: I/Icing(2169): Usage reports 0 indexed 0 rejected 0 imm upload false
10-11 21:54:19.284: I/Icing(2169): Usage reports 0 indexed 0 rejected 0 imm upload false
10-11 21:54:19.308: D/Launcher.Workspace(2062): 11683562 - removeExtraEmptyScreen()
10-11 21:54:19.308: D/Launcher.Workspace(2062): 11683562 - convertFinalScreenToEmptyScreenIfNecessary()
10-11 21:54:19.402: I/Remoter(1329): Saved screenshot to '/data/screenshots/__pmv__-0065.jpg'
10-11 21:54:19.784: D/AndroidRuntime(4158): >>>>>> START com.android.internal.os.RuntimeInit uid 0 <<<<<<
10-11 21:54:19.785: D/AndroidRuntime(4158): CheckJNI is OFF
10-11 21:54:19.801: E/memtrack(4158): Couldn't load memtrack module (No such file or directory)
10-11 21:54:19.801: E/android.os.Debug(4158): failed to load memtrack module: -2
10-11 21:54:19.810: D/AndroidRuntime(4158): Calling main entry com.android.commands.pm.Pm
10-11 21:54:19.814: D/DefContainer(4018): Copying /data/local/tmp/com.google.android.apps.auth.test.support.apk to base.apk
10-11 21:54:19.817: I/PackageParser(1677): com.google.android.apps.auth.test.support: compat added android.permission.WRITE_EXTERNAL_STORAGE android.permission.READ_PHONE_STATE
10-11 21:54:19.833: D/PackageManager(1677): Renaming /data/app/vmdl561847552.tmp to /data/app/com.google.android.apps.auth.test.support-1
10-11 21:54:19.836: I/PackageManager(1677): Running dexopt on: /data/app/com.google.android.apps.auth.test.support-1/base.apk pkg=com.google.android.apps.auth.test.support isa=x86 vmSafeMode=false
10-11 21:54:19.844: E/cutils-trace(4168): Error opening trace file: Permission denied (13)
10-11 21:54:19.844: I/dex2oat(4168): /system/bin/dex2oat --zip-fd=6 --zip-location=/data/app/com.google.android.apps.auth.test.support-1/base.apk --oat-fd=7 --oat-location=/data/dalvik-cache/x86/data@app@com.google.android.apps.auth.test.support-1@base.apk@classes.dex --instruction-set=x86 --instruction-set-features=default --runtime-arg -Xms64m --runtime-arg -Xmx512m --swap-fd=8
10-11 21:54:19.853: I/dex2oat(4168): Decided to run without swap.
10-11 21:54:20.005: I/dex2oat(4168): dex2oat took 160.786ms (threads: 2) arena alloc=60KB java alloc=578KB native alloc=1845KB free=6MB
10-11 21:54:20.012: W/PackageManager(1677): Unknown permission android.permission.MANAGE_ACCOUNT in package com.google.android.apps.auth.test.support
10-11 21:54:20.012: W/PackageManager(1677): Not granting permission com.google.android.providers.gsf.permission.WRITE_GSERVICES to package com.google.android.apps.auth.test.support (protectionLevel=18 flags=0x8444)
10-11 21:54:20.017: V/BackupManagerService(1677): restoreAtInstall pkg=com.google.android.apps.auth.test.support token=4 restoreSet=0
10-11 21:54:20.017: V/BackupManagerService(1677): Finishing install immediately
10-11 21:54:20.018: W/InputMethodInfo(1677): Duplicated subtype definition found: , voice
10-11 21:54:20.020: I/InputReader(1677): Reconfiguring input devices.  changes=0x00000010
10-11 21:54:20.023: W/Settings(1677): Setting install_non_market_apps has moved from android.provider.Settings.Global to android.provider.Settings.Secure, returning read-only value.
10-11 21:54:20.030: I/UpdateIcingCorporaServi(2142): Updating corpora: APPS=com.google.android.apps.auth.test.support, CONTACTS=MAYBE
10-11 21:54:20.031: D/BackupManagerService(1677): Received broadcast Intent { act=android.intent.action.PACKAGE_ADDED dat=package:com.google.android.apps.auth.test.support flg=0x4000010 (has extras) }
10-11 21:54:20.044: I/ApplicationLogger(2142): canRun() : Opted Out
10-11 21:54:20.044: I/UpdateIcingCorporaServi(2142): UpdateCorporaTask done [took 13 ms] updated apps [took 13 ms] 
10-11 21:54:20.069: D/Wear_Controller(2169): Received broadcast action=android.intent.action.PACKAGE_ADDED and uri=com.google.android.apps.auth.test.support
10-11 21:54:20.081: I/Icing(2169): IndexChimeraService.getServiceInterface callingPackage=com.google.android.gms componentName=AppsCorpus serviceId=32
10-11 21:54:20.082: I/Icing(2169): IndexChimeraService.getServiceInterface callingPackage=com.google.android.gms componentName=AppsCorpus serviceId=36
10-11 21:54:20.086: I/Icing(2169): Usage reports 0 indexed 0 rejected 0 imm upload false
10-11 21:54:20.093: I/Icing(2169): Usage reports 0 indexed 0 rejected 0 imm upload false
10-11 21:54:20.098: I/art(1677): Explicit concurrent mark sweep GC freed 34356(2MB) AllocSpace objects, 21(309KB) LOS objects, 33% free, 16MB/24MB, paused 208us total 65.941ms
10-11 21:54:20.103: I/art(4158): System.exit called, status: 0
10-11 21:54:20.103: I/AndroidRuntime(4158): VM exiting with result code 0.
10-11 21:54:20.278: I/Icing(2169): Indexing 78809412366E3FB9E25492F12C0E3355617CA57E from com.google.android.googlequicksearchbox
10-11 21:54:20.287: I/Icing(2169): Indexing done 78809412366E3FB9E25492F12C0E3355617CA57E
10-11 21:54:20.288: I/Icing(2169): Indexing 5233BB6556150606E6EA2800A20D5D691B1774CC from com.google.android.gms
10-11 21:54:20.293: I/Icing(2169): Indexing done 5233BB6556150606E6EA2800A20D5D691B1774CC
10-11 21:54:20.431: I/Remoter(1329): Saved screenshot to '/data/screenshots/__pmv__-0066.jpg'
10-11 21:54:20.631: D/AndroidRuntime(4197): >>>>>> START com.android.internal.os.RuntimeInit uid 0 <<<<<<
10-11 21:54:20.632: D/AndroidRuntime(4197): CheckJNI is OFF
10-11 21:54:20.660: E/memtrack(4197): Couldn't load memtrack module (No such file or directory)
10-11 21:54:20.660: E/android.os.Debug(4197): failed to load memtrack module: -2
10-11 21:54:20.669: D/AndroidRuntime(4197): Calling main entry com.android.commands.pm.Pm
10-11 21:54:20.673: D/DefContainer(4018): Copying /data/local/tmp/com.google.android.apps.mtaas.testloop.apk to base.apk
10-11 21:54:20.699: D/PackageManager(1677): Renaming /data/app/vmdl1324823697.tmp to /data/app/com.google.android.apps.mtaas.testloop-1
10-11 21:54:20.702: I/PackageManager(1677): Running dexopt on: /data/app/com.google.android.apps.mtaas.testloop-1/base.apk pkg=com.google.android.apps.mtaas.testloop isa=x86 vmSafeMode=false
10-11 21:54:20.711: E/cutils-trace(4207): Error opening trace file: Permission denied (13)
10-11 21:54:20.711: I/dex2oat(4207): /system/bin/dex2oat --zip-fd=6 --zip-location=/data/app/com.google.android.apps.mtaas.testloop-1/base.apk --oat-fd=7 --oat-location=/data/dalvik-cache/x86/data@app@com.google.android.apps.mtaas.testloop-1@base.apk@classes.dex --instruction-set=x86 --instruction-set-features=default --runtime-arg -Xms64m --runtime-arg -Xmx512m --swap-fd=8
10-11 21:54:20.748: I/dex2oat(4207): Decided to run without swap.
10-11 21:54:21.098: I/Icing(2169): Indexing 5233BB6556150606E6EA2800A20D5D691B1774CC from com.google.android.gms
10-11 21:54:21.098: I/Icing(2169): Indexing done 5233BB6556150606E6EA2800A20D5D691B1774CC
10-11 21:54:21.118: I/Icing(2169): IndexChimeraService.getServiceInterface callingPackage=com.google.android.inputmethod.latin componentName=null serviceId=21
10-11 21:54:21.125: I/Icing(2169): Usage reports 0 indexed 0 rejected 0 imm upload false
10-11 21:54:21.418: I/dex2oat(4207): dex2oat took 706.863ms (threads: 2) arena alloc=39KB java alloc=2MB native alloc=4MB free=3MB
10-11 21:54:21.430: V/BackupManagerService(1677): restoreAtInstall pkg=com.google.android.apps.mtaas.testloop token=5 restoreSet=0
10-11 21:54:21.430: V/BackupManagerService(1677): Finishing install immediately
10-11 21:54:21.432: W/Settings(1677): Setting install_non_market_apps has moved from android.provider.Settings.Global to android.provider.Settings.Secure, returning read-only value.
10-11 21:54:21.434: I/InputReader(1677): Reconfiguring input devices.  changes=0x00000010
10-11 21:54:21.435: W/InputMethodInfo(1677): Duplicated subtype definition found: , voice
10-11 21:54:21.464: I/UpdateIcingCorporaServi(2142): Updating corpora: APPS=com.google.android.apps.mtaas.testloop, CONTACTS=MAYBE
10-11 21:54:21.478: D/BackupManagerService(1677): Received broadcast Intent { act=android.intent.action.PACKAGE_ADDED dat=package:com.google.android.apps.mtaas.testloop flg=0x4000010 (has extras) }
10-11 21:54:21.509: I/Icing(2169): IndexChimeraService.getServiceInterface callingPackage=com.google.android.googlequicksearchbox componentName=null serviceId=21
10-11 21:54:21.514: I/FontsPackageChangeOp(2169): Package com.google.android.apps.mtaas.testloop has no metadata
10-11 21:54:21.516: I/Remoter(1329): Saved screenshot to '/data/screenshots/__pmv__-0067.jpg'
10-11 21:54:21.517: D/Wear_Controller(2169): Received broadcast action=android.intent.action.PACKAGE_ADDED and uri=com.google.android.apps.mtaas.testloop
10-11 21:54:21.521: I/art(1677): Explicit concurrent mark sweep GC freed 22558(1642KB) AllocSpace objects, 7(112KB) LOS objects, 33% free, 16MB/24MB, paused 832us total 76.832ms
10-11 21:54:21.524: I/art(4197): System.exit called, status: 0
10-11 21:54:21.524: I/AndroidRuntime(4197): VM exiting with result code 0.
10-11 21:54:21.528: W/ResourceType(2062): No package identifier when getting value for resource number 0x00000000
10-11 21:54:21.528: W/ResourceType(2062): No package identifier when getting value for resource number 0x00000000
10-11 21:54:21.528: W/PackageManager(2062): Failure retrieving resources for com.google.android.apps.mtaas.testloop: Resource ID #0x0
10-11 21:54:21.528: W/ResourceType(2062): No package identifier when getting value for resource number 0x00000000
10-11 21:54:21.528: W/PackageManager(2062): Failure retrieving resources for com.google.android.apps.mtaas.testloop: Resource ID #0x0
10-11 21:54:21.531: I/Icing(2169): IndexChimeraService.getServiceInterface callingPackage=com.google.android.gms componentName=AppsCorpus serviceId=36
10-11 21:54:21.531: I/Icing(2169): IndexChimeraService.getServiceInterface callingPackage=com.google.android.gms componentName=AppsCorpus serviceId=32
10-11 21:54:21.532: I/Icing(2169): Usage reports 0 indexed 0 rejected 0 imm upload true
10-11 21:54:21.534: I/ApplicationLogger(2142): canRun() : Opted Out
10-11 21:54:21.534: I/UpdateIcingCorporaServi(2142): UpdateCorporaTask done [took 69 ms] updated apps [took 69 ms] 
10-11 21:54:21.554: D/Launcher.Workspace(2062): 11683562 - removeExtraEmptyScreen()
10-11 21:54:21.554: D/Launcher.Workspace(2062): 11683562 - convertFinalScreenToEmptyScreenIfNecessary()
10-11 21:54:21.582: I/art(2303): Explicit concurrent mark sweep GC freed 169932(8MB) AllocSpace objects, 12(196KB) LOS objects, 40% free, 16MB/27MB, paused 2.043ms total 40.109ms
10-11 21:54:21.585: I/Icing(2169): Usage reports 0 indexed 0 rejected 0 imm upload false
10-11 21:54:21.587: I/Icing(2169): Usage reports 0 indexed 0 rejected 0 imm upload false
10-11 21:54:22.011: D/AndroidRuntime(4237): >>>>>> START com.android.internal.os.RuntimeInit uid 0 <<<<<<
10-11 21:54:22.012: D/AndroidRuntime(4237): CheckJNI is OFF
10-11 21:54:22.028: E/memtrack(4237): Couldn't load memtrack module (No such file or directory)
10-11 21:54:22.028: E/android.os.Debug(4237): failed to load memtrack module: -2
10-11 21:54:22.037: D/AndroidRuntime(4237): Calling main entry com.android.commands.pm.Pm
10-11 21:54:22.041: D/DefContainer(4018): Copying /data/local/tmp/android.support.test.orchestrator.apk to base.apk
10-11 21:54:22.048: D/PackageManager(1677): Renaming /data/app/vmdl718144956.tmp to /data/app/android.support.test.orchestrator-1
10-11 21:54:22.050: I/PackageManager(1677): Running dexopt on: /data/app/android.support.test.orchestrator-1/base.apk pkg=android.support.test.orchestrator isa=x86 vmSafeMode=false
10-11 21:54:22.058: E/cutils-trace(4247): Error opening trace file: Permission denied (13)
10-11 21:54:22.058: I/dex2oat(4247): /system/bin/dex2oat --zip-fd=6 --zip-location=/data/app/android.support.test.orchestrator-1/base.apk --oat-fd=7 --oat-location=/data/dalvik-cache/x86/data@app@android.support.test.orchestrator-1@base.apk@classes.dex --instruction-set=x86 --instruction-set-features=default --runtime-arg -Xms64m --runtime-arg -Xmx512m --swap-fd=8
10-11 21:54:22.065: I/dex2oat(4247): Decided to run without swap.
10-11 21:54:22.153: I/dex2oat(4247): dex2oat took 95.129ms (threads: 2) arena alloc=66KB java alloc=259KB native alloc=1372KB free=6MB
10-11 21:54:22.164: V/BackupManagerService(1677): restoreAtInstall pkg=android.support.test.orchestrator token=6 restoreSet=0
10-11 21:54:22.165: V/BackupManagerService(1677): Finishing install immediately
10-11 21:54:22.165: W/InputMethodInfo(1677): Duplicated subtype definition found: , voice
10-11 21:54:22.166: W/Settings(1677): Setting install_non_market_apps has moved from android.provider.Settings.Global to android.provider.Settings.Secure, returning read-only value.
10-11 21:54:22.171: I/InputReader(1677): Reconfiguring input devices.  changes=0x00000010
10-11 21:54:22.181: D/BackupManagerService(1677): Received broadcast Intent { act=android.intent.action.PACKAGE_ADDED dat=package:android.support.test.orchestrator flg=0x4000010 (has extras) }
10-11 21:54:22.194: I/UpdateIcingCorporaServi(2142): Updating corpora: APPS=android.support.test.orchestrator, CONTACTS=MAYBE
10-11 21:54:22.201: I/ApplicationLogger(2142): canRun() : Opted Out
10-11 21:54:22.201: I/UpdateIcingCorporaServi(2142): UpdateCorporaTask done [took 7 ms] updated apps [took 7 ms] 
10-11 21:54:22.218: I/FontsPackageChangeOp(2169): Package android.support.test.orchestrator has no metadata
10-11 21:54:22.222: D/Wear_Controller(2169): Received broadcast action=android.intent.action.PACKAGE_ADDED and uri=android.support.test.orchestrator
10-11 21:54:22.225: I/art(1677): Explicit concurrent mark sweep GC freed 20313(1504KB) AllocSpace objects, 12(188KB) LOS objects, 33% free, 16MB/24MB, paused 293us total 58.153ms
10-11 21:54:22.227: I/art(4237): System.exit called, status: 0
10-11 21:54:22.227: I/AndroidRuntime(4237): VM exiting with result code 0.
10-11 21:54:22.234: I/Icing(2169): IndexChimeraService.getServiceInterface callingPackage=com.google.android.gms componentName=AppsCorpus serviceId=36
10-11 21:54:22.236: I/Icing(2169): IndexChimeraService.getServiceInterface callingPackage=com.google.android.gms componentName=AppsCorpus serviceId=32
10-11 21:54:22.240: I/Icing(2169): Usage reports 0 indexed 0 rejected 0 imm upload false
10-11 21:54:22.274: I/art(2169): Explicit concurrent mark sweep GC freed 48439(2MB) AllocSpace objects, 16(256KB) LOS objects, 22% free, 26MB/34MB, paused 245us total 33.542ms
10-11 21:54:22.277: I/Icing(2169): Usage reports 0 indexed 0 rejected 0 imm upload false
10-11 21:54:22.535: I/Icing(2169): Indexing 78809412366E3FB9E25492F12C0E3355617CA57E from com.google.android.googlequicksearchbox
10-11 21:54:22.545: I/Icing(2169): Indexing done 78809412366E3FB9E25492F12C0E3355617CA57E
10-11 21:54:22.549: I/Remoter(1329): Saved screenshot to '/data/screenshots/__pmv__-0068.jpg'
10-11 21:54:22.588: I/Icing(2169): Indexing 5233BB6556150606E6EA2800A20D5D691B1774CC from com.google.android.gms
10-11 21:54:22.593: I/Icing(2169): Indexing done 5233BB6556150606E6EA2800A20D5D691B1774CC
10-11 21:54:22.699: I/gce_init_sshd(1753): type=1400 audit(0.0:91): avc: denied { name_connect } for dest=80 scontext=u:r:init:s0 tcontext=u:object_r:port:s0 tclass=tcp_socket permissive=1
10-11 21:54:22.746: D/AndroidRuntime(4276): >>>>>> START com.android.internal.os.RuntimeInit uid 0 <<<<<<
10-11 21:54:22.747: D/AndroidRuntime(4276): CheckJNI is OFF
10-11 21:54:22.762: E/memtrack(4276): Couldn't load memtrack module (No such file or directory)
10-11 21:54:22.762: E/android.os.Debug(4276): failed to load memtrack module: -2
10-11 21:54:22.771: D/AndroidRuntime(4276): Calling main entry com.android.commands.pm.Pm
10-11 21:54:22.775: D/DefContainer(4018): Copying /data/local/tmp/android.support.test.services.apk to base.apk
10-11 21:54:22.818: D/PackageManager(1677): Renaming /data/app/vmdl236295368.tmp to /data/app/android.support.test.services-1
10-11 21:54:22.821: I/PackageManager(1677): Running dexopt on: /data/app/android.support.test.services-1/base.apk pkg=android.support.test.services isa=x86 vmSafeMode=false
10-11 21:54:22.830: E/cutils-trace(4286): Error opening trace file: Permission denied (13)
10-11 21:54:22.830: I/dex2oat(4286): /system/bin/dex2oat --zip-fd=6 --zip-location=/data/app/android.support.test.services-1/base.apk --oat-fd=7 --oat-location=/data/dalvik-cache/x86/data@app@android.support.test.services-1@base.apk@classes.dex --instruction-set=x86 --instruction-set-features=default --runtime-arg -Xms64m --runtime-arg -Xmx512m --swap-fd=8
10-11 21:54:22.844: I/dex2oat(4286): Decided to run without swap.
10-11 21:54:22.847: W/dex2oat(4286): Before Android 4.1, method android.graphics.PorterDuffColorFilter android.support.graphics.drawable.VectorDrawableCompat.updateTintFilter(android.graphics.PorterDuffColorFilter, android.content.res.ColorStateList, android.graphics.PorterDuff$Mode) would have incorrectly overridden the package-private method in android.graphics.drawable.Drawable
10-11 21:54:23.130: I/dex2oat(4286): dex2oat took 300.746ms (threads: 2) arena alloc=63KB java alloc=1078KB native alloc=2MB free=5MB
10-11 21:54:23.142: V/BackupManagerService(1677): restoreAtInstall pkg=android.support.test.services token=7 restoreSet=0
10-11 21:54:23.142: V/BackupManagerService(1677): Finishing install immediately
10-11 21:54:23.142: W/Settings(1677): Setting install_non_market_apps has moved from android.provider.Settings.Global to android.provider.Settings.Secure, returning read-only value.
10-11 21:54:23.145: I/InputReader(1677): Reconfiguring input devices.  changes=0x00000010
10-11 21:54:23.172: D/BackupManagerService(1677): Received broadcast Intent { act=android.intent.action.PACKAGE_ADDED dat=package:android.support.test.services flg=0x4000010 (has extras) }
10-11 21:54:23.174: W/InputMethodInfo(1677): Duplicated subtype definition found: , voice
10-11 21:54:23.189: I/UpdateIcingCorporaServi(2142): Updating corpora: APPS=android.support.test.services, CONTACTS=MAYBE
10-11 21:54:23.190: I/art(1677): Explicit concurrent mark sweep GC freed 64097(3MB) AllocSpace objects, 25(800KB) LOS objects, 33% free, 16MB/25MB, paused 637us total 47.849ms
10-11 21:54:23.200: I/ApplicationLogger(2142): canRun() : Opted Out
10-11 21:54:23.200: I/UpdateIcingCorporaServi(2142): UpdateCorporaTask done [took 11 ms] updated apps [took 11 ms] 
10-11 21:54:23.202: I/art(4276): System.exit called, status: 0
10-11 21:54:23.202: I/AndroidRuntime(4276): VM exiting with result code 0.
10-11 21:54:23.219: I/FontsPackageChangeOp(2169): Package android.support.test.services has no metadata
10-11 21:54:23.224: D/Wear_Controller(2169): Received broadcast action=android.intent.action.PACKAGE_ADDED and uri=android.support.test.services
10-11 21:54:23.232: I/Icing(2169): IndexChimeraService.getServiceInterface callingPackage=com.google.android.gms componentName=AppsCorpus serviceId=36
10-11 21:54:23.232: I/Icing(2169): IndexChimeraService.getServiceInterface callingPackage=com.google.android.gms componentName=AppsCorpus serviceId=32
10-11 21:54:23.244: I/Icing(2169): Usage reports 0 indexed 0 rejected 0 imm upload false
10-11 21:54:23.257: I/Icing(2169): Usage reports 0 indexed 0 rejected 0 imm upload false
10-11 21:54:23.279: I/Icing(2169): Indexing 5233BB6556150606E6EA2800A20D5D691B1774CC from com.google.android.gms
10-11 21:54:23.279: I/Icing(2169): Indexing done 5233BB6556150606E6EA2800A20D5D691B1774CC
10-11 21:54:23.578: I/Remoter(1329): Saved screenshot to '/data/screenshots/__pmv__-0069.jpg'
10-11 21:54:23.652: D/AndroidRuntime(4315): >>>>>> START com.android.internal.os.RuntimeInit uid 0 <<<<<<
10-11 21:54:23.653: D/AndroidRuntime(4315): CheckJNI is OFF
10-11 21:54:23.670: E/memtrack(4315): Couldn't load memtrack module (No such file or directory)
10-11 21:54:23.670: E/android.os.Debug(4315): failed to load memtrack module: -2
10-11 21:54:23.678: D/AndroidRuntime(4315): Calling main entry com.android.commands.pm.Pm
10-11 21:54:23.682: D/DefContainer(4018): Copying /data/local/tmp/com.google.android.apps.mtaas.stubapp.apk to base.apk
10-11 21:54:23.683: I/PackageParser(1677): com.google.android.apps.mtaas.stubapp: compat added android.permission.WRITE_EXTERNAL_STORAGE android.permission.READ_PHONE_STATE
10-11 21:54:23.686: D/PackageManager(1677): Renaming /data/app/vmdl754361321.tmp to /data/app/com.google.android.apps.mtaas.stubapp-1
10-11 21:54:23.688: I/PackageManager(1677): Running dexopt on: /data/app/com.google.android.apps.mtaas.stubapp-1/base.apk pkg=com.google.android.apps.mtaas.stubapp isa=x86 vmSafeMode=false
10-11 21:54:23.696: E/cutils-trace(4325): Error opening trace file: Permission denied (13)
10-11 21:54:23.696: I/dex2oat(4325): /system/bin/dex2oat --zip-fd=6 --zip-location=/data/app/com.google.android.apps.mtaas.stubapp-1/base.apk --oat-fd=7 --oat-location=/data/dalvik-cache/x86/data@app@com.google.android.apps.mtaas.stubapp-1@base.apk@classes.dex --instruction-set=x86 --instruction-set-features=default --runtime-arg -Xms64m --runtime-arg -Xmx512m --swap-fd=8
10-11 21:54:23.698: I/dex2oat(4325): Decided to run without swap.
10-11 21:54:23.701: I/dex2oat(4325): dex2oat took 5.281ms (threads: 2) arena alloc=23KB java alloc=1576B native alloc=494KB free=7MB
10-11 21:54:23.712: V/BackupManagerService(1677): restoreAtInstall pkg=com.google.android.apps.mtaas.stubapp token=8 restoreSet=0
10-11 21:54:23.712: V/BackupManagerService(1677): Finishing install immediately
10-11 21:54:23.716: I/InputReader(1677): Reconfiguring input devices.  changes=0x00000010
10-11 21:54:23.716: W/InputMethodInfo(1677): Duplicated subtype definition found: , voice
10-11 21:54:23.717: W/Settings(1677): Setting install_non_market_apps has moved from android.provider.Settings.Global to android.provider.Settings.Secure, returning read-only value.
10-11 21:54:23.729: I/UpdateIcingCorporaServi(2142): Updating corpora: APPS=com.google.android.apps.mtaas.stubapp, CONTACTS=MAYBE
10-11 21:54:23.732: D/BackupManagerService(1677): Received broadcast Intent { act=android.intent.action.PACKAGE_ADDED dat=package:com.google.android.apps.mtaas.stubapp flg=0x4000010 (has extras) }
10-11 21:54:23.739: I/ApplicationLogger(2142): canRun() : Opted Out
10-11 21:54:23.739: I/UpdateIcingCorporaServi(2142): UpdateCorporaTask done [took 10 ms] updated apps [took 10 ms] 
10-11 21:54:23.755: I/FontsPackageChangeOp(2169): Package com.google.android.apps.mtaas.stubapp has no metadata
10-11 21:54:23.758: D/Wear_Controller(2169): Received broadcast action=android.intent.action.PACKAGE_ADDED and uri=com.google.android.apps.mtaas.stubapp
10-11 21:54:23.765: I/Icing(2169): IndexChimeraService.getServiceInterface callingPackage=com.google.android.gms componentName=AppsCorpus serviceId=36
10-11 21:54:23.765: I/Icing(2169): IndexChimeraService.getServiceInterface callingPackage=com.google.android.gms componentName=AppsCorpus serviceId=32
10-11 21:54:23.773: I/Icing(2169): Usage reports 0 indexed 0 rejected 0 imm upload false
10-11 21:54:23.778: I/Icing(2169): Usage reports 0 indexed 0 rejected 0 imm upload false
10-11 21:54:23.786: I/art(1677): Explicit concurrent mark sweep GC freed 22984(1604KB) AllocSpace objects, 11(176KB) LOS objects, 33% free, 16MB/24MB, paused 602us total 63.946ms
10-11 21:54:23.787: I/art(4315): System.exit called, status: 0
10-11 21:54:23.787: I/AndroidRuntime(4315): VM exiting with result code 0.
10-11 21:54:23.867: D/AndroidRuntime(4339): >>>>>> START com.android.internal.os.RuntimeInit uid 0 <<<<<<
10-11 21:54:23.868: D/AndroidRuntime(4339): CheckJNI is OFF
10-11 21:54:23.899: E/memtrack(4339): Couldn't load memtrack module (No such file or directory)
10-11 21:54:23.899: E/android.os.Debug(4339): failed to load memtrack module: -2
10-11 21:54:23.907: D/AndroidRuntime(4339): Calling main entry com.android.commands.input.Input
10-11 21:54:23.908: I/Input(4339): injectKeyEvent: KeyEvent { action=ACTION_DOWN, keyCode=KEYCODE_MENU, scanCode=0, metaState=0, flags=0x0, repeatCount=0, eventTime=899215, downTime=899215, deviceId=-1, source=0x101 }
10-11 21:54:23.909: I/Input(4339): injectKeyEvent: KeyEvent { action=ACTION_UP, keyCode=KEYCODE_MENU, scanCode=0, metaState=0, flags=0x0, repeatCount=0, eventTime=899215, downTime=899215, deviceId=-1, source=0x101 }
10-11 21:54:23.912: D/AndroidRuntime(4339): Shutting down VM
10-11 21:54:23.937: W/AudioTrack(1774): AUDIO_OUTPUT_FLAG_FAST denied by client
10-11 21:54:23.953: D/PhoneStatusBar(1774): disable: < expand ICONS alerts SYSTEM_INFO back HOME RECENT clock SEARCH >
10-11 21:54:23.972: D/PhoneStatusBar(1774): disable: < expand icons* alerts system_info* back HOME RECENT clock SEARCH >
10-11 21:54:23.988: D/PhoneStatusBar(1774): disable: < expand icons alerts system_info back home* recent* clock search* >
10-11 21:54:23.992: I/Authzen(2169): [DeviceStateSyncManager] Device state fast sync is disabled
10-11 21:54:24.023: I/CastDatabase(2169): Opening the database
10-11 21:54:24.031: I/GceGrallocRegionRegistry(1336): Mapped gralloc-1336.24 hnd=0xb3652180 fd=24 base=0xb408c000 format=RGBA_8888(0x1) width=768 height=96
10-11 21:54:24.031: I/GceGrallocRegionRegistry(1336): Mapped gralloc-1336.25 hnd=0xb3652240 fd=25 base=0xb4042000 format=RGBA_8888(0x1) width=768 height=96
10-11 21:54:24.031: I/GceGrallocRegionRegistry(1336): Mapped gralloc-1336.26 hnd=0xb3652580 fd=28 base=0xb31ba000 format=RGBA_8888(0x1) width=768 height=96
10-11 21:54:24.044: I/GceGrallocRegionRegistry(1774): Mapped gralloc-1336.24 hnd=0xb3f3e400 fd=61 base=0xae27a000 format=RGBA_8888(0x1) width=768 height=96
10-11 21:54:24.103: I/SQLiteCastStore(2169): 0 CastNetworkInfo instances loaded, 0 CastDeviceInfo instances loaded, 0 paired guest mode devices loaded.
10-11 21:54:24.039: I/RenderThread(1774): type=1400 audit(0.0:92): avc: denied { read } for path=2F6465762F6173686D656D2F6772616C6C6F632D313333362E3234202864656C6574656429 dev="tmpfs" ino=21614 scontext=u:r:platform_app:s0 tcontext=u:object_r:surfaceflinger_tmpfs:s0 tclass=file permissive=1
10-11 21:54:24.180: I/art(2177): Explicit concurrent mark sweep GC freed 2138(96KB) AllocSpace objects, 0(0B) LOS objects, 24% free, 8MB/10MB, paused 69us total 6.714ms
10-11 21:54:24.261: I/Icing(2169): Indexing 5233BB6556150606E6EA2800A20D5D691B1774CC from com.google.android.gms
10-11 21:54:24.261: I/Icing(2169): Indexing done 5233BB6556150606E6EA2800A20D5D691B1774CC
10-11 21:54:24.586: I/art(2169): Explicit concurrent mark sweep GC freed 25250(1485KB) AllocSpace objects, 4(64KB) LOS objects, 22% free, 27MB/35MB, paused 316us total 193.778ms
10-11 21:54:24.601: D/AndroidRuntime(4358): >>>>>> START com.android.internal.os.RuntimeInit uid 0 <<<<<<
10-11 21:54:24.602: D/AndroidRuntime(4358): CheckJNI is OFF
10-11 21:54:24.760: I/CastSocket(2169): 22 >= 18. Adding new CastClientAuthKeyManager.
10-11 21:54:24.763: I/DiscoveryManager(2169): WifiGuestModeDeviceScanner enabled.
10-11 21:54:24.767: E/memtrack(4358): Couldn't load memtrack module (No such file or directory)
10-11 21:54:24.767: E/android.os.Debug(4358): failed to load memtrack module: -2
10-11 21:54:24.773: I/MediaRouter(2169): Found default route: MediaRouter.RouteInfo{ uniqueId=android/abu:DEFAULT_ROUTE, name=Phone, description=null, iconUri=null, enabled=true, connecting=false, connectionState=0, canDisconnect=false, playbackType=0, playbackStream=3, deviceType=0, volumeHandling=1, volume=11, volumeMax=15, presentationDisplayId=-1, extras=null, settingsIntent=null, providerPackageName=android }
10-11 21:54:24.781: I/Icing(2169): Indexing 5233BB6556150606E6EA2800A20D5D691B1774CC from com.google.android.gms
10-11 21:54:24.798: D/AndroidRuntime(4358): Calling main entry com.android.commands.pm.Pm
10-11 21:54:24.802: I/Icing(2169): Indexing done 5233BB6556150606E6EA2800A20D5D691B1774CC
10-11 21:54:24.814: I/Remoter(1329): Saved screenshot to '/data/screenshots/__pmv__-0070.jpg'
10-11 21:54:24.842: I/Icing(2169): IndexChimeraService.getServiceInterface callingPackage=com.google.android.inputmethod.latin componentName=null serviceId=21
10-11 21:54:24.864: I/art(4358): System.exit called, status: 0
10-11 21:54:24.864: I/AndroidRuntime(4358): VM exiting with result code 0.
10-11 21:54:24.876: I/Icing(2169): Usage reports 0 indexed 0 rejected 0 imm upload false
10-11 21:54:25.018: I/Choreographer(1774): Skipped 58 frames!  The application may be doing too much work on its main thread.
10-11 21:54:25.131: I/GceGrallocRegionRegistry(1774): Unmapped gralloc-1336.21 hnd=0xb3f3e280 fd=53 base=0x9d03e000
10-11 21:54:25.131: I/GceGrallocRegionRegistry(1774): Unmapped gralloc-1336.22 hnd=0x9e248840 fd=56 base=0x9cc7c000
10-11 21:54:25.131: I/GceGrallocRegionRegistry(1774): Unmapped gralloc-1336.23 hnd=0xa07ef600 fd=57 base=0x9c8ba000
10-11 21:54:25.131: I/GceGrallocRegionRegistry(1336): Unmapped gralloc-1336.21 hnd=0xb3652500 fd=18 base=0xaf03e000
10-11 21:54:25.132: I/GceGrallocRegionRegistry(1336): Unmapped gralloc-1336.23 hnd=0xb36520c0 fd=23 base=0xae43e000
10-11 21:54:25.153: I/GceGrallocRegionRegistry(1336): Mapped gralloc-1336.27 hnd=0xb36522c0 fd=18 base=0xb700f000 format=RGBA_8888(0x1) width=768 height=50
10-11 21:54:25.153: I/GceGrallocRegionRegistry(1774): Mapped gralloc-1336.27 hnd=0x9e2f0780 fd=56 base=0xa0c7a000 format=RGBA_8888(0x1) width=768 height=50
10-11 21:54:25.164: I/GceGrallocRegionRegistry(1336): Mapped gralloc-1336.28 hnd=0xb36520c0 fd=23 base=0xb4010000 format=RGBA_8888(0x1) width=768 height=50
10-11 21:54:25.165: I/GceGrallocRegionRegistry(1774): Mapped gralloc-1336.28 hnd=0x9f29a900 fd=57 base=0xa0c48000 format=RGBA_8888(0x1) width=768 height=50
10-11 21:54:25.180: I/GceGrallocRegionRegistry(1336): Unmapped gralloc-1336.22 hnd=0xb6039240 fd=15 base=0xaec7c000
10-11 21:54:25.353: D/AndroidRuntime(4373): >>>>>> START com.android.internal.os.RuntimeInit uid 0 <<<<<<
10-11 21:54:25.354: D/AndroidRuntime(4373): CheckJNI is OFF
10-11 21:54:25.383: E/memtrack(4373): Couldn't load memtrack module (No such file or directory)
10-11 21:54:25.383: E/android.os.Debug(4373): failed to load memtrack module: -2
10-11 21:54:25.392: D/AndroidRuntime(4373): Calling main entry com.android.commands.am.Am
10-11 21:54:25.393: I/ActivityManager(1677): Force stopping com.google.android.apps.mtaas.tools appid=10079 user=0: start instr
10-11 21:54:25.415: I/ActivityManager(1677): Start proc 4385:com.google.android.apps.mtaas.tools/u0a79 for added application com.google.android.apps.mtaas.tools
10-11 21:54:25.439: I/ActivityManager(1677): Config changes=2004 {1.0 310mcc260mnc es ldltr sw384dp w384dp h567dp 320dpi nrml port finger qwerty/v/v -nav/h s.6}
10-11 21:54:25.445: D/ActivityManager(1677): Storing locale es for decryption UI
10-11 21:54:25.449: D/PermissionCache(1336): checking android.permission.READ_FRAME_BUFFER for uid=1000 => granted (382 us)
10-11 21:54:25.449: I/GceGrallocRegionRegistry(1336): Mapped gralloc-1336.29 hnd=0xb6039280 fd=31 base=0xb283e000 format=RGBA_8888(0x1) width=768 height=1280
10-11 21:54:25.449: I/surfaceflinger(1336): type=1400 audit(0.0:93): avc: denied { execmem } for scontext=u:r:surfaceflinger:s0 tcontext=u:r:surfaceflinger:s0 tclass=process permissive=1
10-11 21:54:25.559: D/ChangeLocale(4385): Instrumentation completed successfully
10-11 21:54:25.562: D/AndroidRuntime(4373): Shutting down VM
10-11 21:54:25.599: I/Icing(2169): IndexChimeraService.getServiceInterface callingPackage=com.google.android.inputmethod.latin componentName=null serviceId=21
10-11 21:54:25.773: I/ActivityManager(1677): Force stopping com.google.android.apps.mtaas.tools appid=10079 user=0: finished inst
10-11 21:54:25.773: I/ActivityManager(1677): Killing 4385:com.google.android.apps.mtaas.tools/u0a79 (adj 0): stop com.google.android.apps.mtaas.tools
10-11 21:54:25.826: W/art(1677): Long monitor contention event with owner method=void com.android.server.am.ActivityManagerService.finishInstrumentation(android.app.IApplicationThread, int, android.os.Bundle) from ActivityManagerService.java:16596 waiters=0 for 264ms
10-11 21:54:25.830: W/art(1677): Long monitor contention event with owner method=void com.android.server.am.ActivityManagerService.finishInstrumentation(android.app.IApplicationThread, int, android.os.Bundle) from ActivityManagerService.java:16596 waiters=1 for 237ms
10-11 21:54:25.840: W/art(1677): Long monitor contention event with owner method=void com.android.server.am.ActivityManagerService.finishInstrumentation(android.app.IApplicationThread, int, android.os.Bundle) from ActivityManagerService.java:16596 waiters=4 for 216ms
10-11 21:54:25.841: W/ActivityManager(1677): Spurious death for ProcessRecord{1ae4e9ea 4385:com.google.android.apps.mtaas.tools/u0a79}, curProc for 4385: null
10-11 21:54:25.841: I/GceGrallocRegionRegistry(2062): Unmapped gralloc-1336.17 hnd=0x9f66cbc0 fd=45 base=0x9d763000
10-11 21:54:25.842: I/GceGrallocRegionRegistry(2062): Unmapped gralloc-1336.18 hnd=0x9f66c300 fd=46 base=0x9d3a1000
10-11 21:54:25.842: I/GceGrallocRegionRegistry(2062): Unmapped gralloc-1336.19 hnd=0xb3d20940 fd=47 base=0x9ca51000
10-11 21:54:25.842: I/GceGrallocRegionRegistry(1336): Unmapped gralloc-1336.17 hnd=0xb3652740 fd=34 base=0xb183e000
10-11 21:54:25.843: I/GceGrallocRegionRegistry(1336): Unmapped gralloc-1336.19 hnd=0xb36527c0 fd=37 base=0xb086c000
10-11 21:54:25.844: W/ResourcesManager(1677): Asset path '/system/framework/com.google.android.maps.jar' does not exist or contains no resources.
10-11 21:54:25.845: D/Finsky(2706): [1] ClearCacheReceiver.onReceive: Received android.intent.action.LOCALE_CHANGED. Clearing cache and exiting.
10-11 21:54:25.845: D/Volley(2706): [160] DiskBasedCache.clear: Cache cleared.
10-11 21:54:25.846: D/Volley(2706): [153] DiskBasedCache.clear: Cache cleared.
10-11 21:54:25.850: W/KeyphraseEnrollmentInfo(1955): Enrollment application doesn't support keyphrases
10-11 21:54:25.853: I/art(2706): System.exit called, status: 0
10-11 21:54:25.853: I/AndroidRuntime(2706): VM exiting with result code 0, cleanup skipped.
10-11 21:54:25.853: E/HotwordDataManager(2142): No model available at /data/data/com.google.android.googlequicksearchbox/files/es-ES/hotword.data
10-11 21:54:25.853: E/HotwordDataManager(2142): java.io.FileNotFoundException: /data/data/com.google.android.googlequicksearchbox/files/es-ES/hotword.data: open failed: ENOENT (No such file or directory)
10-11 21:54:25.853: E/HotwordDataManager(2142): 	at libcore.io.IoBridge.open(IoBridge.java:456)
10-11 21:54:25.853: E/HotwordDataManager(2142): 	at java.io.FileInputStream.<init>(FileInputStream.java:76)
10-11 21:54:25.853: E/HotwordDataManager(2142): 	at izp.Rg(PG:102)
10-11 21:54:25.853: E/HotwordDataManager(2142): 	at izk.a(PG:249)
10-11 21:54:25.853: E/HotwordDataManager(2142): 	at izo.m(PG:197)
