10-11 21:54:25.853: E/HotwordDataManager(2142): 	at dgl.jC(PG:218)
10-11 21:54:25.853: E/HotwordDataManager(2142): 	at dgn.run(PG:187)
10-11 21:54:25.853: E/HotwordDataManager(2142): 	at java.util.concurrent.Executors$RunnableAdapter.call(Executors.java:422)
10-11 21:54:25.853: E/HotwordDataManager(2142): 	at java.util.concurrent.FutureTask.run(FutureTask.java:237)
10-11 21:54:25.853: E/HotwordDataManager(2142): 	at java.util.concurrent.ScheduledThreadPoolExecutor$ScheduledFutureTask.access$201(ScheduledThreadPoolExecutor.java:152)
10-11 21:54:25.853: E/HotwordDataManager(2142): 	at java.util.concurrent.ScheduledThreadPoolExecutor$ScheduledFutureTask.run(ScheduledThreadPoolExecutor.java:265)
10-11 21:54:25.853: E/HotwordDataManager(2142): 	at java.util.concurrent.ThreadPoolExecutor.runWorker(ThreadPoolExecutor.java:1112)
10-11 21:54:25.853: E/HotwordDataManager(2142): 	at java.util.concurrent.ThreadPoolExecutor$Worker.run(ThreadPoolExecutor.java:587)
10-11 21:54:25.853: E/HotwordDataManager(2142): 	at java.lang.Thread.run(Thread.java:818)
10-11 21:54:25.853: E/HotwordDataManager(2142): 	at feg.run(PG:80)
10-11 21:54:25.853: E/HotwordDataManager(2142): Caused by: android.system.ErrnoException: open failed: ENOENT (No such file or directory)
10-11 21:54:25.853: E/HotwordDataManager(2142): 	at libcore.io.Posix.open(Native Method)
10-11 21:54:25.853: E/HotwordDataManager(2142): 	at libcore.io.BlockGuardOs.open(BlockGuardOs.java:186)
10-11 21:54:25.853: E/HotwordDataManager(2142): 	at libcore.io.IoBridge.open(IoBridge.java:442)
10-11 21:54:25.853: E/HotwordDataManager(2142): 	... 14 more
10-11 21:54:25.857: W/Launcher(2062): setApplicationContext called twice! old=com.android.launcher3.LauncherApplication@3be35ad4 new=com.android.launcher3.LauncherApplication@3be35ad4
10-11 21:54:25.858: I/Icing(2169): Usage reports 0 indexed 0 rejected 0 imm upload false
10-11 21:54:25.884: I/GceGrallocRegionRegistry(1336): Unmapped gralloc-1336.18 hnd=0xb3652780 fd=36 base=0xb0c2e000
10-11 21:54:25.892: W/KeyphraseEnrollmentInfo(1955): Enrollment application doesn't support keyphrases
10-11 21:54:25.919: I/UpdateIcingCorporaServi(2142): Updating corpora: APPS=FORCE_ALL, CONTACTS=FORCE_ALL
10-11 21:54:25.938: I/Remoter(1329): Saved screenshot to '/data/screenshots/__pmv__-0071.jpg'
10-11 21:54:25.953: I/ActivityManager(1677): Process com.android.vending (pid 2706) has died
10-11 21:54:25.965: I/GceGrallocRegionRegistry(1774): Mapped gralloc-1336.25 hnd=0x9e2f09c0 fd=63 base=0xa0890000 format=RGBA_8888(0x1) width=768 height=96
10-11 21:54:26.049: I/ContactLocale(2919): AddressBook Labels [es]: [, A, B, C, D, E, F, G, H, I, J, K, L, M, N, , O, P, Q, R, S, T, U, V, W, X, Y, Z, , , , , , , , , , , , , , , , , , , , , , , , , , , , , , , , , , , , , , , , , , , , , , , , , , , , , , , , , , , , , , , , , , , , , , , , , , , , , , , , , , , , , , , , , , , , , , , , , , , , , , , , , , , , , , , , , , , , , , , , , , , , , , , , , , , , , , , , , , , , , , , , , , , , , , , , , , , , , , , , , , , , , , , , , , , , , , , , , , , , , , , , , , , , #, ]
10-11 21:54:26.053: I/ContactsProvider(2919): Locale has changed from en-US to es
10-11 21:54:26.054: I/ContactsDatabaseHelper(2919): Switching to locale es (ICU v53.1.0.1)
10-11 21:54:26.064: I/ContactsDatabaseHelper(2919): Locale change completed in 10ms
10-11 21:54:26.064: I/ContactsDatabaseHelper(2919): Switching to locale es (ICU v53.1.0.1)
10-11 21:54:26.072: I/ContactsDatabaseHelper(2919): Locale change completed in 7ms
10-11 21:54:26.078: I/ContactsFTS(2919): Rebuild contact search index in 5ms, 0 contacts
10-11 21:54:26.092: W/asset(2142): Asset path /system/framework/com.google.android.dialer.support.jar is neither a directory nor file (type=1).
10-11 21:54:26.092: W/ResourcesManager(2142): Asset path '/system/framework/com.google.android.dialer.support.jar' does not exist or contains no resources.
10-11 21:54:26.109: D/AndroidRuntime(4411): >>>>>> START com.android.internal.os.RuntimeInit uid 0 <<<<<<
10-11 21:54:26.110: D/AndroidRuntime(4411): CheckJNI is OFF
10-11 21:54:26.123: W/art(1677): Long monitor contention event with owner method=void com.android.server.appwidget.AppWidgetServiceImpl.onConfigurationChanged() from AppWidgetServiceImpl.java:274 waiters=0 for 261ms
10-11 21:54:26.124: W/art(1677): Long monitor contention event with owner method=void com.android.server.appwidget.AppWidgetServiceImpl.onConfigurationChanged() from AppWidgetServiceImpl.java:274 waiters=2 for 121ms
10-11 21:54:26.124: W/InputMethodInfo(1677): Duplicated subtype definition found: , voice
10-11 21:54:26.135: I/InputMethodManagerService(1677): Selected default: com.google.android.inputmethod.latin/com.android.inputmethod.latin.LatinIME
10-11 21:54:26.137: W/InputMethodManagerService(1677): Illegal subtype state: old subtype = null, new subtype = android.view.inputmethod.InputMethodSubtype@30a6e00e
10-11 21:54:26.140: V/AlarmClock(3933): AlarmInitReceiver android.intent.action.LOCALE_CHANGED
10-11 21:54:26.153: V/AlarmClock(3933): AlarmInitReceiver finished
10-11 21:54:26.168: W/ResourceType(2062): Attempt to retrieve bag 0x7f0d0008 which is invalid or in a cycle.
10-11 21:54:26.174: E/memtrack(4411): Couldn't load memtrack module (No such file or directory)
10-11 21:54:26.174: E/android.os.Debug(4411): failed to load memtrack module: -2
10-11 21:54:26.174: D/Launcher(2062): 11683562 - bindAddScreens()
10-11 21:54:26.174: D/Launcher(2062): 11683562 -   orderedScreenIds: 3
10-11 21:54:26.174: D/Launcher.Workspace(2062): 11683562 - insertNewWorkspaceScreen(): 3 at index: 0
10-11 21:54:26.178: I/ActivityManager(1677): Start proc 4428:com.google.android.apps.fitness/u0a40 for broadcast com.google.android.apps.fitness/.FitnessLocaleChangedReceiver
10-11 21:54:26.192: D/AndroidRuntime(4411): Calling main entry com.android.commands.settings.SettingsCmd
10-11 21:54:26.196: D/AndroidRuntime(4411): Shutting down VM
10-11 21:54:26.204: I/FitnessApp(4428): Validating ObjectGraph
10-11 21:54:26.213: I/FitnessApp(4428): Initializers took 6 milliseconds
10-11 21:54:26.216: I/SystemBroadcastReceiver(1985): System locale changed
10-11 21:54:26.235: V/WindowManager(1677): Based on layer: Adding window Window{7a30784 u0 com.android.launcher3/com.android.launcher3.Launcher} at 1 of 6
10-11 21:54:26.252: I/Icing(2169): IndexChimeraService.getServiceInterface callingPackage=com.google.android.gms componentName=AppsCorpus serviceId=36
10-11 21:54:26.253: I/Icing(2169): IndexChimeraService.getServiceInterface callingPackage=com.google.android.gms componentName=AppsCorpus serviceId=32
10-11 21:54:26.273: I/Choreographer(2062): Skipped 41 frames!  The application may be doing too much work on its main thread.
10-11 21:54:26.283: W/ChimeraUtils(2169): Non Chimera context
10-11 21:54:26.297: W/Conscrypt(2303): Could not set socket write timeout:
10-11 21:54:26.297: W/Conscrypt(2303):    java.lang.reflect.Method.invoke(Native Method)
10-11 21:54:26.297: W/Conscrypt(2303):    java.lang.reflect.Method.invoke(Method.java:372)
10-11 21:54:26.313: I/NotifUtils(3009): resendNotifications cancelExisting: true, account: null, folder: null
10-11 21:54:26.313: I/NotifUtils(3009): resendNotifications cancelExisting: true, account: null, folder: null
10-11 21:54:26.319: I/Icing(2169): Query from com.google.android.gms package restrict com.google.android.gms start 0 num 100
10-11 21:54:26.322: W/Conscrypt(2303): Could not set socket write timeout:
10-11 21:54:26.330: W/ResourcesManager(2142): Asset path '/system/framework/com.google.android.media.effects.jar' does not exist or contains no resources.
10-11 21:54:26.331: W/Conscrypt(2303):    java.lang.reflect.Method.invoke(Native Method)
10-11 21:54:26.331: W/Conscrypt(2303):    java.lang.reflect.Method.invoke(Method.java:372)
10-11 21:54:26.361: I/Icing(2169): Usage reports 0 indexed 0 rejected 0 imm upload false
10-11 21:54:26.362: I/GceGrallocRegionRegistry(1336): Mapped gralloc-1336.30 hnd=0xb60394c0 fd=15 base=0xb183e000 format=RGBA_8888(0x1) width=768 height=1280
10-11 21:54:26.362: I/GceGrallocRegionRegistry(1336): Mapped gralloc-1336.31 hnd=0xb6039500 fd=29 base=0xb0c2e000 format=RGBA_8888(0x1) width=768 height=1280
10-11 21:54:26.362: I/GceGrallocRegionRegistry(1336): Mapped gralloc-1336.32 hnd=0xb6039040 fd=30 base=0xb086c000 format=RGBA_8888(0x1) width=768 height=1280
10-11 21:54:26.369: D/Launcher.Model(2062): 11683562 - loadWorkspace()
10-11 21:54:26.369: D/Launcher.Model(2062): 11683562 -   loadedOldDb: false
10-11 21:54:26.379: I/Icing(2169): Usage reports 0 indexed 0 rejected 0 imm upload false
10-11 21:54:26.393: I/Icing(2169): IndexChimeraService.getServiceInterface callingPackage=com.google.android.gms componentName=AppsCorpus serviceId=32
10-11 21:54:26.425: I/Icing(2169): IndexChimeraService.getServiceInterface callingPackage=com.google.android.googlequicksearchbox componentName=null serviceId=21
10-11 21:54:26.441: W/asset(2062): Asset path /system/framework/com.google.android.dialer.support.jar is neither a directory nor file (type=1).
10-11 21:54:26.441: W/ResourcesManager(2062): Asset path '/system/framework/com.google.android.dialer.support.jar' does not exist or contains no resources.
10-11 21:54:26.464: I/Icing(2169): Usage reports 0 indexed 0 rejected 0 imm upload false
10-11 21:54:26.466: D/Launcher.Model(2062): 11683562 - loadWorkspaceScreensDb()
10-11 21:54:26.466: D/Launcher.Model(2062): 11683562 -   screens: { 0: 3 }
10-11 21:54:26.466: D/Launcher.Model(2062): 11683562 -   sBgWorkspaceScreens: 3
10-11 21:54:26.467: I/ApplicationLogger(2142): canRun() : Opted Out
10-11 21:54:26.470: I/Icing(2169): IndexChimeraService.getServiceInterface callingPackage=com.google.android.gms componentName=AppsCorpus serviceId=36
10-11 21:54:26.471: I/ContactLogger(2142): canRun() : Opted Out
10-11 21:54:26.471: I/UpdateIcingCorporaServi(2142): UpdateCorporaTask done [took 552 ms] updated apps [took 548 ms] updated contacts [took 4 ms]
10-11 21:54:26.484: I/GceGrallocRegionRegistry(2062): Mapped gralloc-1336.30 hnd=0x99d74140 fd=35 base=0xa1329000 format=RGBA_8888(0x1) width=768 height=1280
10-11 21:54:26.512: I/Icing(2169): Usage reports 0 indexed 0 rejected 0 imm upload true
10-11 21:54:26.479: I/RenderThread(2062): type=1400 audit(0.0:94): avc: denied { read } for path=2F6465762F6173686D656D2F6772616C6C6F632D313333362E3330202864656C6574656429 dev="tmpfs" ino=21943 scontext=u:r:untrusted_app:s0 tcontext=u:object_r:surfaceflinger_tmpfs:s0 tclass=file permissive=1
10-11 21:54:26.532: I/WindowManager(1677): Screen frozen for +1s92ms due to Window{7a30784 u0 com.android.launcher3/com.android.launcher3.Launcher}
10-11 21:54:26.602: I/GceRil(1343): Received request 19
10-11 21:54:26.602: I/GceRil(1343): Reporting signal strength: GW=28 CDMA=-62 EVDO=-74 LTE=30
10-11 21:54:26.645: I/Icing(2169): Usage reports 0 indexed 0 rejected 0 imm upload false
10-11 21:54:26.722: I/GceGrallocRegionRegistry(2062): Mapped gralloc-1336.31 hnd=0x99c85980 fd=37 base=0xa0f67000 format=RGBA_8888(0x1) width=768 height=1280
10-11 21:54:26.862: D/Launcher(2062): 11683562 - bindAddScreens()
10-11 21:54:26.862: D/Launcher(2062): 11683562 -   orderedScreenIds: 3
10-11 21:54:26.862: D/Launcher.Workspace(2062): 11683562 - insertNewWorkspaceScreen(): 3 at index: 0
10-11 21:54:26.880: I/GceGrallocRegionRegistry(2062): Mapped gralloc-1336.32 hnd=0x99c85440 fd=38 base=0x9d9ee000 format=RGBA_8888(0x1) width=768 height=1280
10-11 21:54:26.996: D/AndroidRuntime(4466): >>>>>> START com.android.internal.os.RuntimeInit uid 0 <<<<<<
10-11 21:54:26.997: D/AndroidRuntime(4466): CheckJNI is OFF
10-11 21:54:27.076: I/GceGrallocRegionRegistry(1336): Unmapped gralloc-1336.29 hnd=0xb6039280 fd=31 base=0xb283e000
10-11 21:54:27.197: I/Remoter(1329): Saved screenshot to '/data/screenshots/__pmv__-0072.jpg'
10-11 21:54:27.206: E/memtrack(4466): Couldn't load memtrack module (No such file or directory)
10-11 21:54:27.206: E/android.os.Debug(4466): failed to load memtrack module: -2
10-11 21:54:27.207: I/art(2303): Background sticky concurrent mark sweep GC freed 99295(4MB) AllocSpace objects, 11(4MB) LOS objects, 24% free, 20MB/27MB, paused 50.318ms total 141.747ms
10-11 21:54:27.294: D/AndroidRuntime(4466): Calling main entry com.android.commands.settings.SettingsCmd
10-11 21:54:27.307: D/AndroidRuntime(4466): Shutting down VM
10-11 21:54:27.312: E/art(4466): Thread attaching while runtime is shutting down: Binder_2
10-11 21:54:27.312: I/AndroidRuntime(4466): NOTE: attach of thread 'Binder_2' failed
10-11 21:54:27.323: I/LocaleChangeIO(2303): Requesting GmsCore restart due to change in locale assets
10-11 21:54:27.324: I/Process(2303): Sending signal. PID: 2303 SIG: 9
10-11 21:54:27.324: E/lowmemorykiller(1333): Error writing /proc/2303/oom_score_adj; errno=22
10-11 21:54:27.332: I/Process(3300): Sending signal. PID: 3300 SIG: 9
10-11 21:54:27.363: D/GpsStatusListenerHelper(1677): Remote Listener died: android.location.IGpsStatusListener$Stub$Proxy@340b90aa
10-11 21:54:27.364: I/ActivityManager(1677): Process com.google.android.gms.persistent (pid 2303) has died
10-11 21:54:27.364: W/ActivityManager(1677): Scheduling restart of crashed service com.google.android.gms/.gcm.GcmService in 1000ms
10-11 21:54:27.364: W/ActivityManager(1677): Scheduling restart of crashed service com.google.android.gms/com.google.android.location.geocode.GeocodeService in 11000ms
10-11 21:54:27.364: W/ActivityManager(1677): Scheduling restart of crashed service com.google.android.gms/com.google.android.location.geofencer.service.GeofenceProviderService in 21000ms
10-11 21:54:27.364: W/ActivityManager(1677): Scheduling restart of crashed service com.google.android.gms/com.google.android.location.internal.server.GoogleLocationService in 31000ms
10-11 21:54:27.364: W/ActivityManager(1677): Scheduling restart of crashed service com.google.android.gms/.pseudonymous.service.PseudonymousIdService in 41000ms
10-11 21:54:27.364: W/ActivityManager(1677): Scheduling restart of crashed service com.google.android.gms/.deviceconnection.service.DeviceConnectionWatcherService in 51000ms
10-11 21:54:27.364: W/ActivityManager(1677): Scheduling restart of crashed service com.google.android.gms/com.google.android.location.internal.GoogleLocationManagerService in 61000ms
10-11 21:54:27.364: W/ActivityManager(1677): Scheduling restart of crashed service com.google.android.gms/com.google.android.contextmanager.service.ContextManagerService in 71000ms
10-11 21:54:27.364: W/ActivityManager(1677): Scheduling restart of crashed service com.google.android.gms/.auth.setup.devicesignals.LockScreenService in 81000ms
10-11 21:54:27.364: W/ActivityManager(1677): Scheduling restart of crashed service com.google.android.gms/.backup.BackupTransportService in 91000ms
10-11 21:54:27.364: W/ActivityManager(1677): Scheduling restart of crashed service com.google.android.gms/com.google.android.location.network.NetworkLocationService in 101000ms
10-11 21:54:27.364: W/ActivityManager(1677): Scheduling restart of crashed service com.google.android.gms/.chimera.PersistentIntentOperationService in 111000ms
10-11 21:54:27.364: W/ActivityManager(1677): Scheduling restart of crashed service com.google.android.gms/.auth.account.service.WorkAccountService in 121000ms
10-11 21:54:27.364: W/ActivityManager(1677): Scheduling restart of crashed service com.google.android.gms/com.google.android.location.fused.FusedLocationService in 121000ms
10-11 21:54:27.364: W/ActivityManager(1677): Scheduling restart of crashed service com.google.android.gms/.common.stats.GmsCoreStatsService in 131000ms
10-11 21:54:27.364: W/ActivityManager(1677): Scheduling restart of crashed service com.google.android.gms/.clearcut.service.ClearcutLoggerService in 141000ms
10-11 21:54:27.365: D/WifiService(1677): Client connection lost with reason: 4
10-11 21:54:27.365: V/BackupManagerService(1677): Disconnected from transport ComponentInfo{com.google.android.gms/com.google.android.gms.backup.BackupTransportService}
10-11 21:54:27.365: V/BackupManagerService(1677): Registering transport com.google.android.gms/.backup.BackupTransportService::null = null
10-11 21:54:27.383: I/ActivityManager(1677): Process com.google.android.gms.unstable (pid 3300) has died
10-11 21:54:27.388: W/ResourcesManager(2062): Asset path '/system/framework/com.google.android.media.effects.jar' does not exist or contains no resources.
10-11 21:54:27.433: E/Volley(3071): [259] xa.a: Unexpected response code 503 for https://www.googleapis.com/youtubei/v1/notification_registration/set_registration?key=AIzaSyA8eiZmM1FaDVjRy-df2KTyQ_vz_yYM39w
10-11 21:54:27.440: W/YouTube(3071): (unknown) Could not register for notifications with InnerTube: 
10-11 21:54:27.440: W/YouTube(3071): fay: java.util.concurrent.ExecutionException: wu
10-11 21:54:27.440: W/YouTube(3071): 	at ezo.a(SourceFile:103)
10-11 21:54:27.440: W/YouTube(3071): 	at fpl.run(SourceFile:57)
10-11 21:54:27.440: W/YouTube(3071): 	at java.util.concurrent.ThreadPoolExecutor.runWorker(ThreadPoolExecutor.java:1112)
10-11 21:54:27.440: W/YouTube(3071): 	at java.util.concurrent.ThreadPoolExecutor$Worker.run(ThreadPoolExecutor.java:587)
10-11 21:54:27.440: W/YouTube(3071): 	at ers.run(SourceFile:40)
10-11 21:54:27.440: W/YouTube(3071): 	at java.lang.Thread.run(Thread.java:818)
10-11 21:54:27.440: W/YouTube(3071): Caused by: java.util.concurrent.ExecutionException: wu
10-11 21:54:27.440: W/YouTube(3071): 	at xv.a(SourceFile:117)
10-11 21:54:27.440: W/YouTube(3071): 	at xv.get(SourceFile:88)
10-11 21:54:27.440: W/YouTube(3071): 	at goc.get(SourceFile:69)
10-11 21:54:27.440: W/YouTube(3071): 	at ezo.a(SourceFile:99)
10-11 21:54:27.440: W/YouTube(3071): 	... 5 more
10-11 21:54:27.440: W/YouTube(3071): Caused by: wu
10-11 21:54:27.440: W/YouTube(3071): 	at xa.a(SourceFile:145)
10-11 21:54:27.440: W/YouTube(3071): 	at gnu.a(SourceFile:49)
10-11 21:54:27.440: W/YouTube(3071): 	at wg.run(SourceFile:105)
10-11 21:54:27.470: I/Process(2169): Sending signal. PID: 2169 SIG: 9
10-11 21:54:27.502: W/ResourceType(2062): No package identifier when getting value for resource number 0x00000000
10-11 21:54:27.503: W/ResourceType(2062): No package identifier when getting value for resource number 0x00000000
10-11 21:54:27.503: W/PackageManager(2062): Failure retrieving resources for com.google.android.apps.mtaas.testloop: Resource ID #0x0
10-11 21:54:27.503: W/ResourceType(2062): No package identifier when getting value for resource number 0x00000000
10-11 21:54:27.503: W/PackageManager(2062): Failure retrieving resources for com.google.android.apps.mtaas.testloop: Resource ID #0x0
10-11 21:54:27.540: D/ConnectivityService(1677): ConnectivityService NetworkRequestInfo binderDied(NetworkRequest [ id=3, legacyType=-1, [ Capabilities: INTERNET&NOT_RESTRICTED&TRUSTED&NOT_VPN] ], android.os.BinderProxy@3c7c949b)
10-11 21:54:27.540: D/WifiService(1677): Client connection lost with reason: 4
10-11 21:54:27.541: I/ActivityManager(1677): Process com.google.android.gms (pid 2169) has died
10-11 21:54:27.541: W/ActivityManager(1677): Scheduling restart of crashed service com.google.android.gms/.chimera.GmsIntentOperationService in 140822ms
10-11 21:54:27.542: W/ActivityManager(1677): Scheduling restart of crashed service com.google.android.gms/.icing.service.IndexWorkerService in 140822ms
10-11 21:54:27.542: W/ActivityManager(1677): Scheduling restart of crashed service com.google.android.gms/.icing.service.IndexService in 150822ms
10-11 21:54:27.542: D/ConnectivityService(1677): releasing NetworkRequest NetworkRequest [ id=3, legacyType=-1, [ Capabilities: INTERNET&NOT_RESTRICTED&TRUSTED&NOT_VPN] ]
10-11 21:54:27.549: E/ConnectivityService(1677): RemoteException caught trying to send a callback msg for NetworkRequest [ id=3, legacyType=-1, [ Capabilities: INTERNET&NOT_RESTRICTED&TRUSTED&NOT_VPN] ]
10-11 21:54:27.642: D/AndroidRuntime(4482): >>>>>> START com.android.internal.os.RuntimeInit uid 0 <<<<<<
10-11 21:54:27.643: D/AndroidRuntime(4482): CheckJNI is OFF
10-11 21:54:27.659: E/memtrack(4482): Couldn't load memtrack module (No such file or directory)
10-11 21:54:27.659: E/android.os.Debug(4482): failed to load memtrack module: -2
10-11 21:54:27.668: D/AndroidRuntime(4482): Calling main entry com.android.commands.am.Am
10-11 21:54:27.669: I/ActivityManager(1677): START u0 {flg=0x10000000 cmp=com.google.android.apps.mtaas.backdrop/.BackdropActivity} from uid 0 on display 0
10-11 21:54:27.670: V/WindowManager(1677): addAppToken: AppWindowToken{37ea0d76 token=Token{14704811 ActivityRecord{134b038 u0 com.google.android.apps.mtaas.backdrop/.BackdropActivity t4}}} to stack=1 task=4 at 0
10-11 21:54:27.673: D/AndroidRuntime(4482): Shutting down VM
10-11 21:54:27.674: V/WindowManager(1677): Adding window Window{c43466f u0 Starting com.google.android.apps.mtaas.backdrop} at 2 of 7 (after Window{7a30784 u0 com.android.launcher3/com.android.launcher3.Launcher})
10-11 21:54:27.718: I/ActivityManager(1677): Start proc 4492:com.google.android.apps.mtaas.backdrop/u0a81 for activity com.google.android.apps.mtaas.backdrop/.BackdropActivity
10-11 21:54:27.726: I/GceGrallocRegionRegistry(2062): Unmapped gralloc-1336.30 hnd=0x99d74140 fd=35 base=0xa1329000
10-11 21:54:27.726: I/GceGrallocRegionRegistry(2062): Unmapped gralloc-1336.31 hnd=0x99c85980 fd=37 base=0xa0f67000
10-11 21:54:27.727: I/GceGrallocRegionRegistry(2062): Unmapped gralloc-1336.32 hnd=0x99c85440 fd=38 base=0x9d9ee000
10-11 21:54:27.727: I/GceGrallocRegionRegistry(1336): Unmapped gralloc-1336.30 hnd=0xb60394c0 fd=15 base=0xb183e000
10-11 21:54:27.728: I/GceGrallocRegionRegistry(1336): Unmapped gralloc-1336.32 hnd=0xb6039040 fd=30 base=0xb086c000
10-11 21:54:27.729: I/GceGrallocRegionRegistry(1336): Mapped gralloc-1336.33 hnd=0xb1fd60c0 fd=15 base=0xb2886000 format=RGBA_8888(0x1) width=768 height=1184
10-11 21:54:27.729: I/GceGrallocRegionRegistry(1677): Mapped gralloc-1336.33 hnd=0x9ead85c0 fd=200 base=0x98bde000 format=RGBA_8888(0x1) width=768 height=1184
10-11 21:54:27.802: I/BackdropActivity(4492): android_id: 4315121551056739765
10-11 21:54:27.805: D/OpenGLRenderer(4492): Use EGL_SWAP_BEHAVIOR_PRESERVED: true
10-11 21:54:27.806: I/GceGrallocRegionRegistry(4492): Mapped gralloc-1336.6 hnd=0xb3ed0980 fd=25 base=0xa1cc4000 format=RGBA_8888(0x1) width=768 height=768
10-11 21:54:27.807: D/Atlas(4492): Validating map...
10-11 21:54:27.808: W/Atlas(4492): Pointer 0x0, not in getPreloadedDrawables?
10-11 21:54:27.808: W/Atlas(4492): Pointer 0x0, not in getPreloadedDrawables?
10-11 21:54:27.808: W/Atlas(4492): Pointer 0x0, not in getPreloadedDrawables?
10-11 21:54:27.808: W/Atlas(4492): Pointer 0x0, not in getPreloadedDrawables?
10-11 21:54:27.808: W/Atlas(4492): Pointer 0x0, not in getPreloadedDrawables?
10-11 21:54:27.808: W/Atlas(4492): Pointer 0x0, not in getPreloadedDrawables?
10-11 21:54:27.808: W/Atlas(4492): Pointer 0x0, not in getPreloadedDrawables?
10-11 21:54:27.808: W/Atlas(4492): Pointer 0x0, not in getPreloadedDrawables?
10-11 21:54:27.808: W/Atlas(4492): Pointer 0x0, not in getPreloadedDrawables?
10-11 21:54:27.808: W/Atlas(4492): Pointer 0x0, not in getPreloadedDrawables?
10-11 21:54:27.808: W/Atlas(4492): Pointer 0x0, not in getPreloadedDrawables?
10-11 21:54:27.808: W/Atlas(4492): Pointer 0x0, not in getPreloadedDrawables?
10-11 21:54:27.808: W/Atlas(4492): Pointer 0x0, not in getPreloadedDrawables?
10-11 21:54:27.808: W/Atlas(4492): Pointer 0x0, not in getPreloadedDrawables?
10-11 21:54:27.808: W/Atlas(4492): Pointer 0x0, not in getPreloadedDrawables?
10-11 21:54:27.808: W/Atlas(4492): Pointer 0x0, not in getPreloadedDrawables?
10-11 21:54:27.808: W/Atlas(4492): Pointer 0x0, not in getPreloadedDrawables?
10-11 21:54:27.808: W/Atlas(4492): Pointer 0x0, not in getPreloadedDrawables?
10-11 21:54:27.808: W/Atlas(4492): Pointer 0x0, not in getPreloadedDrawables?
10-11 21:54:27.808: W/Atlas(4492): Pointer 0x0, not in getPreloadedDrawables?
10-11 21:54:27.808: W/Atlas(4492): Pointer 0x0, not in getPreloadedDrawables?
10-11 21:54:27.808: W/Atlas(4492): Pointer 0x0, not in getPreloadedDrawables?
10-11 21:54:27.808: W/Atlas(4492): Pointer 0x0, not in getPreloadedDrawables?
10-11 21:54:27.808: W/Atlas(4492): Pointer 0x0, not in getPreloadedDrawables?
10-11 21:54:27.808: W/Atlas(4492): Pointer 0x0, not in getPreloadedDrawables?
10-11 21:54:27.808: W/Atlas(4492): Pointer 0x0, not in getPreloadedDrawables?
10-11 21:54:27.808: W/Atlas(4492): Pointer 0x0, not in getPreloadedDrawables?
10-11 21:54:27.808: W/Atlas(4492): Pointer 0x0, not in getPreloadedDrawables?
10-11 21:54:27.808: W/Atlas(4492): Pointer 0x0, not in getPreloadedDrawables?
10-11 21:54:27.808: W/Atlas(4492): Pointer 0x0, not in getPreloadedDrawables?
10-11 21:54:27.808: W/Atlas(4492): Pointer 0x0, not in getPreloadedDrawables?
10-11 21:54:27.808: W/Atlas(4492): Pointer 0x0, not in getPreloadedDrawables?
10-11 21:54:27.808: W/Atlas(4492): Pointer 0x0, not in getPreloadedDrawables?
10-11 21:54:27.808: W/Atlas(4492): Pointer 0x0, not in getPreloadedDrawables?
10-11 21:54:27.808: W/Atlas(4492): Pointer 0x0, not in getPreloadedDrawables?
10-11 21:54:27.808: W/Atlas(4492): Pointer 0x0, not in getPreloadedDrawables?
10-11 21:54:27.808: W/Atlas(4492): Pointer 0x0, not in getPreloadedDrawables?
10-11 21:54:27.808: W/Atlas(4492): Pointer 0x0, not in getPreloadedDrawables?
10-11 21:54:27.808: W/Atlas(4492): Pointer 0x0, not in getPreloadedDrawables?
10-11 21:54:27.808: W/Atlas(4492): Pointer 0x0, not in getPreloadedDrawables?
10-11 21:54:27.808: W/Atlas(4492): Pointer 0x0, not in getPreloadedDrawables?
10-11 21:54:27.808: W/Atlas(4492): Pointer 0x0, not in getPreloadedDrawables?
10-11 21:54:27.808: W/Atlas(4492): Pointer 0x0, not in getPreloadedDrawables?
10-11 21:54:27.808: W/Atlas(4492): Pointer 0x0, not in getPreloadedDrawables?
10-11 21:54:27.808: W/Atlas(4492): Pointer 0x0, not in getPreloadedDrawables?
10-11 21:54:27.808: W/Atlas(4492): Pointer 0x0, not in getPreloadedDrawables?
10-11 21:54:27.808: W/Atlas(4492): Pointer 0x0, not in getPreloadedDrawables?
10-11 21:54:27.808: W/Atlas(4492): Pointer 0x0, not in getPreloadedDrawables?
10-11 21:54:27.808: W/Atlas(4492): Pointer 0x0, not in getPreloadedDrawables?
10-11 21:54:27.808: W/Atlas(4492): Pointer 0x0, not in getPreloadedDrawables?
10-11 21:54:27.808: W/Atlas(4492): Pointer 0x0, not in getPreloadedDrawables?
10-11 21:54:27.808: W/Atlas(4492): Pointer 0x0, not in getPreloadedDrawables?
10-11 21:54:27.808: W/Atlas(4492): Pointer 0x0, not in getPreloadedDrawables?
10-11 21:54:27.808: W/Atlas(4492): Pointer 0x0, not in getPreloadedDrawables?
10-11 21:54:27.808: W/Atlas(4492): Pointer 0x0, not in getPreloadedDrawables?
10-11 21:54:27.808: W/Atlas(4492): Pointer 0x0, not in getPreloadedDrawables?
10-11 21:54:27.808: W/Atlas(4492): Pointer 0x0, not in getPreloadedDrawables?
10-11 21:54:27.808: W/Atlas(4492): Pointer 0x0, not in getPreloadedDrawables?
10-11 21:54:27.808: W/Atlas(4492): Pointer 0x0, not in getPreloadedDrawables?
10-11 21:54:27.808: W/Atlas(4492): Pointer 0x0, not in getPreloadedDrawables?
10-11 21:54:27.808: W/Atlas(4492): Pointer 0x0, not in getPreloadedDrawables?
10-11 21:54:27.808: W/Atlas(4492): Pointer 0x0, not in getPreloadedDrawables?
10-11 21:54:27.808: W/Atlas(4492): Pointer 0x0, not in getPreloadedDrawables?
10-11 21:54:27.808: W/Atlas(4492): Pointer 0x0, not in getPreloadedDrawables?
10-11 21:54:27.808: W/Atlas(4492): Pointer 0x0, not in getPreloadedDrawables?
10-11 21:54:27.808: W/Atlas(4492): Pointer 0x0, not in getPreloadedDrawables?
10-11 21:54:27.808: W/Atlas(4492): Pointer 0x0, not in getPreloadedDrawables?
10-11 21:54:27.808: W/Atlas(4492): Pointer 0x0, not in getPreloadedDrawables?
10-11 21:54:27.808: W/Atlas(4492): Pointer 0x0, not in getPreloadedDrawables?
10-11 21:54:27.808: W/Atlas(4492): Pointer 0x0, not in getPreloadedDrawables?
10-11 21:54:27.808: W/Atlas(4492): Pointer 0x0, not in getPreloadedDrawables?
10-11 21:54:27.808: W/Atlas(4492): Pointer 0x0, not in getPreloadedDrawables?
10-11 21:54:27.808: W/Atlas(4492): Pointer 0x0, not in getPreloadedDrawables?
10-11 21:54:27.808: W/Atlas(4492): Pointer 0x0, not in getPreloadedDrawables?
10-11 21:54:27.808: W/Atlas(4492): Pointer 0x0, not in getPreloadedDrawables?
10-11 21:54:27.808: W/Atlas(4492): Pointer 0x0, not in getPreloadedDrawables?
10-11 21:54:27.808: W/Atlas(4492): Pointer 0x0, not in getPreloadedDrawables?
10-11 21:54:27.808: W/Atlas(4492): Pointer 0x0, not in getPreloadedDrawables?
10-11 21:54:27.808: W/Atlas(4492): Pointer 0x0, not in getPreloadedDrawables?
10-11 21:54:27.808: W/Atlas(4492): Pointer 0x0, not in getPreloadedDrawables?
10-11 21:54:27.808: W/Atlas(4492): Pointer 0x0, not in getPreloadedDrawables?
10-11 21:54:27.808: W/Atlas(4492): Pointer 0x0, not in getPreloadedDrawables?
10-11 21:54:27.808: W/Atlas(4492): Pointer 0x0, not in getPreloadedDrawables?
10-11 21:54:27.808: W/Atlas(4492): Pointer 0x0, not in getPreloadedDrawables?
10-11 21:54:27.808: W/Atlas(4492): Pointer 0x0, not in getPreloadedDrawables?
10-11 21:54:27.808: W/Atlas(4492): Pointer 0x0, not in getPreloadedDrawables?
10-11 21:54:27.808: W/Atlas(4492): Pointer 0x0, not in getPreloadedDrawables?
10-11 21:54:27.808: W/Atlas(4492): Pointer 0x0, not in getPreloadedDrawables?
10-11 21:54:27.808: W/Atlas(4492): Pointer 0x0, not in getPreloadedDrawables?
10-11 21:54:27.808: W/Atlas(4492): Pointer 0x0, not in getPreloadedDrawables?
10-11 21:54:27.808: W/Atlas(4492): Pointer 0x0, not in getPreloadedDrawables?
10-11 21:54:27.808: W/Atlas(4492): Pointer 0x0, not in getPreloadedDrawables?
10-11 21:54:27.808: W/Atlas(4492): Pointer 0x0, not in getPreloadedDrawables?
10-11 21:54:27.808: W/Atlas(4492): Pointer 0x0, not in getPreloadedDrawables?
10-11 21:54:27.808: W/Atlas(4492): Pointer 0x0, not in getPreloadedDrawables?
10-11 21:54:27.808: W/Atlas(4492): Pointer 0x0, not in getPreloadedDrawables?
10-11 21:54:27.808: W/Atlas(4492): Pointer 0x0, not in getPreloadedDrawables?
10-11 21:54:27.808: W/Atlas(4492): Pointer 0x0, not in getPreloadedDrawables?
10-11 21:54:27.808: W/Atlas(4492): Pointer 0x0, not in getPreloadedDrawables?
10-11 21:54:27.808: W/Atlas(4492): Pointer 0x0, not in getPreloadedDrawables?
10-11 21:54:27.808: W/Atlas(4492): Pointer 0x0, not in getPreloadedDrawables?
10-11 21:54:27.808: W/Atlas(4492): Pointer 0x0, not in getPreloadedDrawables?
10-11 21:54:27.808: W/Atlas(4492): Pointer 0x0, not in getPreloadedDrawables?
10-11 21:54:27.808: W/Atlas(4492): Pointer 0x0, not in getPreloadedDrawables?
10-11 21:54:27.808: W/Atlas(4492): Pointer 0x0, not in getPreloadedDrawables?
10-11 21:54:27.808: W/Atlas(4492): Pointer 0x0, not in getPreloadedDrawables?
10-11 21:54:27.808: W/Atlas(4492): Pointer 0x0, not in getPreloadedDrawables?
10-11 21:54:27.808: W/Atlas(4492): Pointer 0x0, not in getPreloadedDrawables?
10-11 21:54:27.808: W/Atlas(4492): Pointer 0x0, not in getPreloadedDrawables?
10-11 21:54:27.808: W/Atlas(4492): Pointer 0x0, not in getPreloadedDrawables?
10-11 21:54:27.809: W/Atlas(4492): Pointer 0x0, not in getPreloadedDrawables?
10-11 21:54:27.809: W/Atlas(4492): Pointer 0x0, not in getPreloadedDrawables?
10-11 21:54:27.809: W/Atlas(4492): Pointer 0x0, not in getPreloadedDrawables?
10-11 21:54:27.809: W/Atlas(4492): Pointer 0x0, not in getPreloadedDrawables?
10-11 21:54:27.809: W/Atlas(4492): Pointer 0x0, not in getPreloadedDrawables?
10-11 21:54:27.809: W/Atlas(4492): Pointer 0x0, not in getPreloadedDrawables?
10-11 21:54:27.809: W/Atlas(4492): Pointer 0x0, not in getPreloadedDrawables?
10-11 21:54:27.809: W/Atlas(4492): Pointer 0x0, not in getPreloadedDrawables?
10-11 21:54:27.809: W/Atlas(4492): Pointer 0x0, not in getPreloadedDrawables?
10-11 21:54:27.809: W/Atlas(4492): Pointer 0x0, not in getPreloadedDrawables?
10-11 21:54:27.809: W/Atlas(4492): Pointer 0x0, not in getPreloadedDrawables?
10-11 21:54:27.809: W/Atlas(4492): Pointer 0x0, not in getPreloadedDrawables?
10-11 21:54:27.809: W/Atlas(4492): Pointer 0x0, not in getPreloadedDrawables?
10-11 21:54:27.809: W/Atlas(4492): Pointer 0x0, not in getPreloadedDrawables?
10-11 21:54:27.809: W/Atlas(4492): Pointer 0x0, not in getPreloadedDrawables?
10-11 21:54:27.809: W/Atlas(4492): Pointer 0x0, not in getPreloadedDrawables?
10-11 21:54:27.809: W/Atlas(4492): Pointer 0x0, not in getPreloadedDrawables?
10-11 21:54:27.809: W/Atlas(4492): Pointer 0x0, not in getPreloadedDrawables?
10-11 21:54:27.809: W/Atlas(4492): Pointer 0x0, not in getPreloadedDrawables?
10-11 21:54:27.809: W/Atlas(4492): Pointer 0x0, not in getPreloadedDrawables?
10-11 21:54:27.809: W/Atlas(4492): Pointer 0x0, not in getPreloadedDrawables?
10-11 21:54:27.809: W/Atlas(4492): Pointer 0x0, not in getPreloadedDrawables?
10-11 21:54:27.809: W/Atlas(4492): Pointer 0x0, not in getPreloadedDrawables?
10-11 21:54:27.809: W/Atlas(4492): Pointer 0x0, not in getPreloadedDrawables?
10-11 21:54:27.809: W/Atlas(4492): Pointer 0x0, not in getPreloadedDrawables?
10-11 21:54:27.809: W/Atlas(4492): Pointer 0x0, not in getPreloadedDrawables?
10-11 21:54:27.809: W/Atlas(4492): Pointer 0x0, not in getPreloadedDrawables?
10-11 21:54:27.809: W/Atlas(4492): Pointer 0x0, not in getPreloadedDrawables?
10-11 21:54:27.809: W/Atlas(4492): Pointer 0x0, not in getPreloadedDrawables?
10-11 21:54:27.809: W/Atlas(4492): Pointer 0x0, not in getPreloadedDrawables?
10-11 21:54:27.809: W/Atlas(4492): Pointer 0x0, not in getPreloadedDrawables?
10-11 21:54:27.809: W/Atlas(4492): Pointer 0x0, not in getPreloadedDrawables?
10-11 21:54:27.809: W/Atlas(4492): Pointer 0x0, not in getPreloadedDrawables?
10-11 21:54:27.809: W/Atlas(4492): Pointer 0x0, not in getPreloadedDrawables?
10-11 21:54:27.809: W/Atlas(4492): Pointer 0x0, not in getPreloadedDrawables?
10-11 21:54:27.809: W/Atlas(4492): Pointer 0x0, not in getPreloadedDrawables?
10-11 21:54:27.809: W/Atlas(4492): Pointer 0x0, not in getPreloadedDrawables?
10-11 21:54:27.809: W/Atlas(4492): Pointer 0x0, not in getPreloadedDrawables?
10-11 21:54:27.809: W/Atlas(4492): Pointer 0x0, not in getPreloadedDrawables?
10-11 21:54:27.809: W/Atlas(4492): Pointer 0x0, not in getPreloadedDrawables?
10-11 21:54:27.809: W/Atlas(4492): Pointer 0x0, not in getPreloadedDrawables?
10-11 21:54:27.809: W/Atlas(4492): Pointer 0x0, not in getPreloadedDrawables?
10-11 21:54:27.809: W/Atlas(4492): Pointer 0x0, not in getPreloadedDrawables?
10-11 21:54:27.809: W/Atlas(4492): Pointer 0x0, not in getPreloadedDrawables?
10-11 21:54:27.809: W/Atlas(4492): Pointer 0x0, not in getPreloadedDrawables?
10-11 21:54:27.809: W/Atlas(4492): Pointer 0x0, not in getPreloadedDrawables?
10-11 21:54:27.809: W/Atlas(4492): Pointer 0x0, not in getPreloadedDrawables?
10-11 21:54:27.809: W/Atlas(4492): Pointer 0x0, not in getPreloadedDrawables?
10-11 21:54:27.809: W/Atlas(4492): Pointer 0x0, not in getPreloadedDrawables?
10-11 21:54:27.809: W/Atlas(4492): Pointer 0x0, not in getPreloadedDrawables?
10-11 21:54:27.809: W/Atlas(4492): Pointer 0x0, not in getPreloadedDrawables?
10-11 21:54:27.809: W/Atlas(4492): Pointer 0x0, not in getPreloadedDrawables?
10-11 21:54:27.809: W/Atlas(4492): Pointer 0x0, not in getPreloadedDrawables?
10-11 21:54:27.809: W/Atlas(4492): Pointer 0x0, not in getPreloadedDrawables?
10-11 21:54:27.809: W/Atlas(4492): Pointer 0x0, not in getPreloadedDrawables?
10-11 21:54:27.809: W/Atlas(4492): Pointer 0x0, not in getPreloadedDrawables?
10-11 21:54:27.809: W/Atlas(4492): Pointer 0x0, not in getPreloadedDrawables?
10-11 21:54:27.809: W/Atlas(4492): Pointer 0x0, not in getPreloadedDrawables?
10-11 21:54:27.809: W/Atlas(4492): Pointer 0x0, not in getPreloadedDrawables?
10-11 21:54:27.809: W/Atlas(4492): Pointer 0x0, not in getPreloadedDrawables?
10-11 21:54:27.809: W/Atlas(4492): Pointer 0x0, not in getPreloadedDrawables?
10-11 21:54:27.809: W/Atlas(4492): Pointer 0x0, not in getPreloadedDrawables?
10-11 21:54:27.809: W/Atlas(4492): Pointer 0x0, not in getPreloadedDrawables?
10-11 21:54:27.809: W/Atlas(4492): Pointer 0x0, not in getPreloadedDrawables?
10-11 21:54:27.809: W/Atlas(4492): Pointer 0x0, not in getPreloadedDrawables?
10-11 21:54:27.809: W/Atlas(4492): Pointer 0x0, not in getPreloadedDrawables?
10-11 21:54:27.809: W/Atlas(4492): Pointer 0x0, not in getPreloadedDrawables?
10-11 21:54:27.809: W/Atlas(4492): Pointer 0x0, not in getPreloadedDrawables?
10-11 21:54:27.809: W/Atlas(4492): Pointer 0x0, not in getPreloadedDrawables?
10-11 21:54:27.809: W/Atlas(4492): Pointer 0x0, not in getPreloadedDrawables?
10-11 21:54:27.809: W/Atlas(4492): Pointer 0x0, not in getPreloadedDrawables?
10-11 21:54:27.809: W/Atlas(4492): Pointer 0x0, not in getPreloadedDrawables?
10-11 21:54:27.809: W/Atlas(4492): Pointer 0x0, not in getPreloadedDrawables?
10-11 21:54:27.809: W/Atlas(4492): Pointer 0x0, not in getPreloadedDrawables?
10-11 21:54:27.809: W/Atlas(4492): Pointer 0x0, not in getPreloadedDrawables?
10-11 21:54:27.809: W/Atlas(4492): Pointer 0x0, not in getPreloadedDrawables?
10-11 21:54:27.809: W/Atlas(4492): Pointer 0x0, not in getPreloadedDrawables?
10-11 21:54:27.809: W/Atlas(4492): Pointer 0x0, not in getPreloadedDrawables?
10-11 21:54:27.809: W/Atlas(4492): Pointer 0x0, not in getPreloadedDrawables?
10-11 21:54:27.809: W/Atlas(4492): Pointer 0x0, not in getPreloadedDrawables?
10-11 21:54:27.809: W/Atlas(4492): Pointer 0x0, not in getPreloadedDrawables?
10-11 21:54:27.809: W/Atlas(4492): Pointer 0x0, not in getPreloadedDrawables?
10-11 21:54:27.809: W/Atlas(4492): Pointer 0x0, not in getPreloadedDrawables?
10-11 21:54:27.809: W/Atlas(4492): Pointer 0x0, not in getPreloadedDrawables?
10-11 21:54:27.809: W/Atlas(4492): Pointer 0x0, not in getPreloadedDrawables?
10-11 21:54:27.809: W/Atlas(4492): Pointer 0x0, not in getPreloadedDrawables?
10-11 21:54:27.809: W/Atlas(4492): Pointer 0x0, not in getPreloadedDrawables?
10-11 21:54:27.809: W/Atlas(4492): Pointer 0x0, not in getPreloadedDrawables?
10-11 21:54:27.809: W/Atlas(4492): Pointer 0x0, not in getPreloadedDrawables?
10-11 21:54:27.809: W/Atlas(4492): Pointer 0x0, not in getPreloadedDrawables?
10-11 21:54:27.809: W/Atlas(4492): Pointer 0x0, not in getPreloadedDrawables?
10-11 21:54:27.809: W/Atlas(4492): Pointer 0x0, not in getPreloadedDrawables?
10-11 21:54:27.809: W/Atlas(4492): Pointer 0x0, not in getPreloadedDrawables?
10-11 21:54:27.810: W/Atlas(4492): Pointer 0x0, not in getPreloadedDrawables?
10-11 21:54:27.810: W/Atlas(4492): Pointer 0x0, not in getPreloadedDrawables?
10-11 21:54:27.810: W/Atlas(4492): Pointer 0x0, not in getPreloadedDrawables?
10-11 21:54:27.810: W/Atlas(4492): Pointer 0x0, not in getPreloadedDrawables?
10-11 21:54:27.810: W/Atlas(4492): Pointer 0x0, not in getPreloadedDrawables?
10-11 21:54:27.810: W/Atlas(4492): Pointer 0x0, not in getPreloadedDrawables?
10-11 21:54:27.810: W/Atlas(4492): Pointer 0x0, not in getPreloadedDrawables?
10-11 21:54:27.810: W/Atlas(4492): Pointer 0x0, not in getPreloadedDrawables?
10-11 21:54:27.810: W/Atlas(4492): Pointer 0x0, not in getPreloadedDrawables?
10-11 21:54:27.810: W/Atlas(4492): Pointer 0x0, not in getPreloadedDrawables?
10-11 21:54:27.810: W/Atlas(4492): Pointer 0x0, not in getPreloadedDrawables?
10-11 21:54:27.810: W/Atlas(4492): Pointer 0x0, not in getPreloadedDrawables?
10-11 21:54:27.810: W/Atlas(4492): Pointer 0x0, not in getPreloadedDrawables?
10-11 21:54:27.810: W/Atlas(4492): Pointer 0x0, not in getPreloadedDrawables?
10-11 21:54:27.810: W/Atlas(4492): Pointer 0x0, not in getPreloadedDrawables?
10-11 21:54:27.810: W/Atlas(4492): Pointer 0x0, not in getPreloadedDrawables?
10-11 21:54:27.810: W/Atlas(4492): Pointer 0x0, not in getPreloadedDrawables?
10-11 21:54:27.810: W/Atlas(4492): Pointer 0x0, not in getPreloadedDrawables?
10-11 21:54:27.810: W/Atlas(4492): Pointer 0x0, not in getPreloadedDrawables?
10-11 21:54:27.810: W/Atlas(4492): Pointer 0x0, not in getPreloadedDrawables?
10-11 21:54:27.817: W/Atlas(4492): Pointer 0x0, not in getPreloadedDrawables?
10-11 21:54:27.817: W/Atlas(4492): Pointer 0x0, not in getPreloadedDrawables?
10-11 21:54:27.817: W/Atlas(4492): Pointer 0x0, not in getPreloadedDrawables?
10-11 21:54:27.817: W/Atlas(4492): Pointer 0x0, not in getPreloadedDrawables?
10-11 21:54:27.817: W/Atlas(4492): Pointer 0x0, not in getPreloadedDrawables?
10-11 21:54:27.817: W/Atlas(4492): Pointer 0x0, not in getPreloadedDrawables?
10-11 21:54:27.817: W/Atlas(4492): Pointer 0x0, not in getPreloadedDrawables?
10-11 21:54:27.817: W/Atlas(4492): Pointer 0x0, not in getPreloadedDrawables?
10-11 21:54:27.817: W/Atlas(4492): Pointer 0x0, not in getPreloadedDrawables?
10-11 21:54:27.817: W/Atlas(4492): Pointer 0x0, not in getPreloadedDrawables?
10-11 21:54:27.817: W/Atlas(4492): Pointer 0x0, not in getPreloadedDrawables?
10-11 21:54:27.817: W/Atlas(4492): Pointer 0x0, not in getPreloadedDrawables?
10-11 21:54:27.817: W/Atlas(4492): Pointer 0x0, not in getPreloadedDrawables?
10-11 21:54:27.817: W/Atlas(4492): Pointer 0x0, not in getPreloadedDrawables?
10-11 21:54:27.817: W/Atlas(4492): Pointer 0x0, not in getPreloadedDrawables?
10-11 21:54:27.817: W/Atlas(4492): Pointer 0x0, not in getPreloadedDrawables?
10-11 21:54:27.817: W/Atlas(4492): Pointer 0x0, not in getPreloadedDrawables?
10-11 21:54:27.817: W/Atlas(4492): Pointer 0x0, not in getPreloadedDrawables?
10-11 21:54:27.817: W/Atlas(4492): Pointer 0x0, not in getPreloadedDrawables?
10-11 21:54:27.817: W/Atlas(4492): Pointer 0x0, not in getPreloadedDrawables?
10-11 21:54:27.817: W/Atlas(4492): Pointer 0x0, not in getPreloadedDrawables?
10-11 21:54:27.817: W/Atlas(4492): Pointer 0x0, not in getPreloadedDrawables?
10-11 21:54:27.817: W/Atlas(4492): Pointer 0x0, not in getPreloadedDrawables?
10-11 21:54:27.817: W/Atlas(4492): Pointer 0x0, not in getPreloadedDrawables?
10-11 21:54:27.817: W/Atlas(4492): Pointer 0x0, not in getPreloadedDrawables?
10-11 21:54:27.817: W/Atlas(4492): Pointer 0x0, not in getPreloadedDrawables?
10-11 21:54:27.817: W/Atlas(4492): Pointer 0x0, not in getPreloadedDrawables?
10-11 21:54:27.817: W/Atlas(4492): Pointer 0x0, not in getPreloadedDrawables?
10-11 21:54:27.817: W/Atlas(4492): Pointer 0x0, not in getPreloadedDrawables?
10-11 21:54:27.817: W/Atlas(4492): Pointer 0x0, not in getPreloadedDrawables?
10-11 21:54:27.817: W/Atlas(4492): Pointer 0x0, not in getPreloadedDrawables?
10-11 21:54:27.817: W/Atlas(4492): Pointer 0x0, not in getPreloadedDrawables?
10-11 21:54:27.817: W/Atlas(4492): Pointer 0x0, not in getPreloadedDrawables?
10-11 21:54:27.817: W/Atlas(4492): Pointer 0x0, not in getPreloadedDrawables?
10-11 21:54:27.817: W/Atlas(4492): Pointer 0x0, not in getPreloadedDrawables?
10-11 21:54:27.817: W/Atlas(4492): Pointer 0x0, not in getPreloadedDrawables?
10-11 21:54:27.817: W/Atlas(4492): Pointer 0x0, not in getPreloadedDrawables?
10-11 21:54:27.817: W/Atlas(4492): Pointer 0x0, not in getPreloadedDrawables?
10-11 21:54:27.817: W/Atlas(4492): Pointer 0x0, not in getPreloadedDrawables?
10-11 21:54:27.817: W/Atlas(4492): Pointer 0x0, not in getPreloadedDrawables?
10-11 21:54:27.817: W/Atlas(4492): Pointer 0x0, not in getPreloadedDrawables?
10-11 21:54:27.817: W/Atlas(4492): Pointer 0x0, not in getPreloadedDrawables?
10-11 21:54:27.817: W/Atlas(4492): Pointer 0x0, not in getPreloadedDrawables?
10-11 21:54:27.817: W/Atlas(4492): Pointer 0x0, not in getPreloadedDrawables?
10-11 21:54:27.817: W/Atlas(4492): Pointer 0x0, not in getPreloadedDrawables?
10-11 21:54:27.817: W/Atlas(4492): Pointer 0x0, not in getPreloadedDrawables?
10-11 21:54:27.817: W/Atlas(4492): Pointer 0x0, not in getPreloadedDrawables?
10-11 21:54:27.817: W/Atlas(4492): Pointer 0x0, not in getPreloadedDrawables?
10-11 21:54:27.817: W/Atlas(4492): Pointer 0x0, not in getPreloadedDrawables?
10-11 21:54:27.817: W/Atlas(4492): Pointer 0x0, not in getPreloadedDrawables?
10-11 21:54:27.817: W/Atlas(4492): Pointer 0x0, not in getPreloadedDrawables?
10-11 21:54:27.817: W/Atlas(4492): Pointer 0x0, not in getPreloadedDrawables?
10-11 21:54:27.817: W/Atlas(4492): Pointer 0x0, not in getPreloadedDrawables?
10-11 21:54:27.817: W/Atlas(4492): Pointer 0x0, not in getPreloadedDrawables?
10-11 21:54:27.817: W/Atlas(4492): Pointer 0x0, not in getPreloadedDrawables?
10-11 21:54:27.817: W/Atlas(4492): Pointer 0x0, not in getPreloadedDrawables?
10-11 21:54:27.817: W/Atlas(4492): Pointer 0x0, not in getPreloadedDrawables?
10-11 21:54:27.817: W/Atlas(4492): Pointer 0x0, not in getPreloadedDrawables?
10-11 21:54:27.817: W/Atlas(4492): Pointer 0x0, not in getPreloadedDrawables?
10-11 21:54:27.817: W/Atlas(4492): Pointer 0x0, not in getPreloadedDrawables?
10-11 21:54:27.817: W/Atlas(4492): Pointer 0x0, not in getPreloadedDrawables?
10-11 21:54:27.819: W/Atlas(4492): Pointer 0x0, not in getPreloadedDrawables?
10-11 21:54:27.819: W/Atlas(4492): Pointer 0x0, not in getPreloadedDrawables?
10-11 21:54:27.819: W/Atlas(4492): Pointer 0x0, not in getPreloadedDrawables?
10-11 21:54:27.819: W/Atlas(4492): Pointer 0x0, not in getPreloadedDrawables?
10-11 21:54:27.819: W/Atlas(4492): Pointer 0x0, not in getPreloadedDrawables?
10-11 21:54:27.819: W/Atlas(4492): Pointer 0x0, not in getPreloadedDrawables?
10-11 21:54:27.819: W/Atlas(4492): Pointer 0x0, not in getPreloadedDrawables?
10-11 21:54:27.819: W/Atlas(4492): Pointer 0x0, not in getPreloadedDrawables?
10-11 21:54:27.819: W/Atlas(4492): Pointer 0x0, not in getPreloadedDrawables?
10-11 21:54:27.819: W/Atlas(4492): Pointer 0x0, not in getPreloadedDrawables?
10-11 21:54:27.819: W/Atlas(4492): Pointer 0x0, not in getPreloadedDrawables?
10-11 21:54:27.819: W/Atlas(4492): Pointer 0x0, not in getPreloadedDrawables?
10-11 21:54:27.819: W/Atlas(4492): Pointer 0x0, not in getPreloadedDrawables?
10-11 21:54:27.819: W/Atlas(4492): Pointer 0x0, not in getPreloadedDrawables?
10-11 21:54:27.819: W/Atlas(4492): Pointer 0x0, not in getPreloadedDrawables?
10-11 21:54:27.821: V/WindowManager(1677): Adding window Window{94bc214 u0 com.google.android.apps.mtaas.backdrop/com.google.android.apps.mtaas.backdrop.BackdropActivity} at 2 of 8 (before Window{c43466f u0 Starting com.google.android.apps.mtaas.backdrop})
10-11 21:54:27.861: I/GceGrallocRegionRegistry(1774): Mapped gralloc-1336.26 hnd=0x9e248880 fd=64 base=0x9dcba000 format=RGBA_8888(0x1) width=768 height=96
10-11 21:54:27.885: I/OpenGLRenderer(4492): Initialized EGL, version 1.4
10-11 21:54:27.888: D/OpenGLRenderer(4492): Enabling debug mode 0
10-11 21:54:27.910: I/GceGrallocRegionRegistry(1336): Mapped gralloc-1336.34 hnd=0xb6039540 fd=30 base=0xb1886000 format=RGBA_8888(0x1) width=768 height=1184
10-11 21:54:27.910: I/GceGrallocRegionRegistry(1336): Mapped gralloc-1336.35 hnd=0xb6039580 fd=34 base=0xb08b4000 format=RGBA_8888(0x1) width=768 height=1184
10-11 21:54:27.910: I/GceGrallocRegionRegistry(1336): Mapped gralloc-1336.36 hnd=0xb6039240 fd=36 base=0xaf086000 format=RGBA_8888(0x1) width=768 height=1184
10-11 21:54:28.004: I/GceGrallocRegionRegistry(1336): Mapped gralloc-1336.37 hnd=0xb3652680 fd=37 base=0xb3188000 format=RGBA_8888(0x1) width=768 height=50
10-11 21:54:28.004: I/GceGrallocRegionRegistry(1774): Mapped gralloc-1336.37 hnd=0xa07f6c80 fd=65 base=0x9fc00000 format=RGBA_8888(0x1) width=768 height=50
10-11 21:54:28.378: I/Remoter(1329): Saved screenshot to '/data/screenshots/__pmv__-0073.jpg'
10-11 21:54:28.411: I/ActivityManager(1677): Start proc 4514:com.google.android.gms.persistent/u0a9 for service com.google.android.gms/.gcm.GcmService
10-11 21:54:28.473: I/GceGrallocRegionRegistry(1336): Unmapped gralloc-1336.31 hnd=0xb6039500 fd=29 base=0xb0c2e000
10-11 21:54:28.515: W/ResourcesManager(4514): Asset path '/system/framework/com.android.media.remotedisplay.jar' does not exist or contains no resources.
10-11 21:54:28.515: W/ResourcesManager(4514): Asset path '/system/framework/com.android.location.provider.jar' does not exist or contains no resources.
10-11 21:54:28.586: I/LoadedApk(4514): No resource references to update in package FFFFFFFFFFFFFFFFFFFFFF
10-11 21:54:28.596: W/linker(4514): libconscrypt_gmscore_jni.so: unused DT entry: type 0x1d arg 0x91
10-11 21:54:28.596: V/NativeCrypto(4514): Registering com/google/android/gms/org/conscrypt/NativeCrypto's 259 native methods...
10-11 21:54:28.603: I/art(4514): Rejecting re-init on previously-failed class java.lang.Class<com.google.android.gms.org.conscrypt.OpenSSLExtendedSessionImpl>
10-11 21:54:28.603: I/art(4514): Rejecting re-init on previously-failed class java.lang.Class<com.google.android.gms.org.conscrypt.OpenSSLExtendedSessionImpl>
10-11 21:54:28.603: I/art(4514): Rejecting re-init on previously-failed class java.lang.Class<com.google.android.gms.org.conscrypt.OpenSSLExtendedSessionImpl>
10-11 21:54:28.613: I/ProviderInstaller(4514): Installed default security provider GmsCore_OpenSSL
10-11 21:54:28.646: I/ActivityManager(1677): Start proc 4533:com.google.android.gms/u0a9 for content provider com.google.android.gms/.chimera.container.GmsModuleProvider
10-11 21:54:28.684: I/art(1677): Explicit concurrent mark sweep GC freed 25776(1866KB) AllocSpace objects, 19(766KB) LOS objects, 33% free, 16MB/24MB, paused 302us total 30.168ms
10-11 21:54:28.687: W/ResourcesManager(4533): Asset path '/system/framework/com.android.media.remotedisplay.jar' does not exist or contains no resources.
10-11 21:54:28.687: W/ResourcesManager(4533): Asset path '/system/framework/com.android.location.provider.jar' does not exist or contains no resources.
10-11 21:54:28.715: I/LoadedApk(4533): No resource references to update in package FFFFFFFFFFFFFFFFFFFFFF
10-11 21:54:28.752: I/art(1677): Explicit concurrent mark sweep GC freed 5214(287KB) AllocSpace objects, 0(0B) LOS objects, 33% free, 16MB/24MB, paused 414us total 30.379ms
10-11 21:54:28.758: W/linker(4533): libconscrypt_gmscore_jni.so: unused DT entry: type 0x1d arg 0x91
10-11 21:54:28.758: V/NativeCrypto(4533): Registering com/google/android/gms/org/conscrypt/NativeCrypto's 259 native methods...
10-11 21:54:28.783: I/art(2177): Explicit concurrent mark sweep GC freed 3469(153KB) AllocSpace objects, 0(0B) LOS objects, 40% free, 8MB/13MB, paused 157us total 19.126ms
