10-11 18:42:54.197: E/ActivityManager(899):   2.9% 666/audioserver: 1% user + 1.9% kernel / faults: 150 minor
10-11 18:42:54.197: E/ActivityManager(899):   0.8% 17/ksoftirqd/1: 0% user + 0.8% kernel
10-11 18:42:54.197: E/ActivityManager(899):   0.6% 1348/com.android.systemui: 0.3% user + 0.2% kernel / faults: 4237 minor
10-11 18:42:54.197: E/ActivityManager(899):   0.5% 52/kworker/u8:1: 0% user + 0.5% kernel
10-11 18:42:54.197: E/ActivityManager(899):   0.4% 658/adbd: 0% user + 0.3% kernel / faults: 11484 minor
10-11 18:42:54.197: E/ActivityManager(899):   0.4% 664/kschedfreq:2: 0% user + 0.4% kernel
10-11 18:42:54.197: E/ActivityManager(899):   0.3% 1336/VosMCThread: 0% user + 0.3% kernel
10-11 18:42:54.197: E/ActivityManager(899):   0.3% 10086/kworker/u8:6: 0% user + 0.3% kernel
10-11 18:42:54.197: E/ActivityManager(899):   0.3% 2015/com.google.android.apps.nexuslauncher: 0.3% user + 0% kernel / faults: 9462 minor 13 major
10-11 18:42:54.197: E/ActivityManager(899):   0.3% 9849/kworker/u8:4: 0% user + 0.3% kernel
10-11 18:42:54.197: E/ActivityManager(899):   0% 1324/com.google.android.inputmethod.latin: 0% user + 0% kernel / faults: 11704 minor 1 major
10-11 18:42:54.197: E/ActivityManager(899):   0% 2044/com.google.process.gapps: 0% user + 0% kernel / faults: 1988 minor
10-11 18:42:54.197: E/ActivityManager(899):   0.2% 480/surfaceflinger: 0.1% user + 0.1% kernel / faults: 128 minor
10-11 18:42:54.197: E/ActivityManager(899):   0.2% 8020/kworker/2:2: 0% user + 0.2% kernel
10-11 18:42:54.197: E/ActivityManager(899):   0.2% 660/kschedfreq:0: 0% user + 0.2% kernel
10-11 18:42:54.197: E/ActivityManager(899):   0.2% 652/msm_irqbalance: 0% user + 0.1% kernel
10-11 18:42:54.197: E/ActivityManager(899):   0.2% 7/rcu_preempt: 0% user + 0.2% kernel
10-11 18:42:54.197: E/ActivityManager(899):   0.2% 631/android.hardware.wifi@1.0-service: 0% user + 0.1% kernel / faults: 1 minor
10-11 18:42:54.197: E/ActivityManager(899):   0.1% 8726/kworker/2:3: 0% user + 0.1% kernel
10-11 18:42:54.197: E/ActivityManager(899):   0% 618/android.hardware.drm@1.0-service.widevine: 0% user + 0% kernel / faults: 2552 minor
10-11 18:42:54.197: E/ActivityManager(899):   0.1% 9867/kworker/3:0: 0% user + 0.1% kernel
10-11 18:42:54.197: E/ActivityManager(899):   0.1% 23/ksoftirqd/2: 0% user + 0.1% kernel
10-11 18:42:54.197: E/ActivityManager(899):   0.1% 50/smem_native_rpm: 0% user + 0.1% kernel
10-11 18:42:54.197: E/ActivityManager(899):   0.1% 3/ksoftirqd/0: 0% user + 0.1% kernel
10-11 18:42:54.197: E/ActivityManager(899):   0.1% 458/logd: 0% user + 0% kernel / faults: 52 minor
10-11 18:42:54.197: E/ActivityManager(899):   0.1% 10085/kworker/3:2: 0% user + 0.1% kernel
10-11 18:42:54.197: E/ActivityManager(899):   0.1% 10636/kworker/1:0: 0% user + 0.1% kernel
10-11 18:42:54.197: E/ActivityManager(899):   0.1% 506/mdss_fb0: 0% user + 0.1% kernel
10-11 18:42:54.197: E/ActivityManager(899):   0.1% 364/kworker/0:2: 0% user + 0.1% kernel
10-11 18:42:54.197: E/ActivityManager(899):   0% 550/zygote64: 0% user + 0% kernel / faults: 4563 minor
10-11 18:42:54.197: E/ActivityManager(899):   0% 10007/kworker/1:1: 0% user + 0% kernel
10-11 18:42:54.197: E/ActivityManager(899):   0% 10530/kworker/2:1: 0% user + 0% kernel
10-11 18:42:54.197: E/ActivityManager(899):   0% 482/android.hardware.graphics.composer@2.1-service: 0% user + 0% kernel / faults: 1 minor
10-11 18:42:54.197: E/ActivityManager(899):   0% 8995/kworker/0:3: 0% user + 0% kernel
10-11 18:42:54.197: E/ActivityManager(899):   0% 1329/wlan_logging_th: 0% user + 0% kernel
10-11 18:42:54.197: E/ActivityManager(899):   0% 29/ksoftirqd/3: 0% user + 0% kernel
10-11 18:42:54.197: E/ActivityManager(899):   0% 54/irq/260-cpr3: 0% user + 0% kernel
10-11 18:42:54.197: E/ActivityManager(899):   0% 502/jbd2/sda35-8: 0% user + 0% kernel
10-11 18:42:54.197: E/ActivityManager(899):   0% 694/wificond: 0% user + 0% kernel / faults: 1 minor
10-11 18:42:54.197: E/ActivityManager(899):   0% 459/servicemanager: 0% user + 0% kernel
10-11 18:42:54.197: E/ActivityManager(899):   0% 699/thermal-engine: 0% user + 0% kernel
10-11 18:42:54.197: E/ActivityManager(899):   0% 1517/com.android.phone: 0% user + 0% kernel / faults: 616 minor
10-11 18:42:54.197: E/ActivityManager(899):   0% 534/netd: 0% user + 0% kernel / faults: 413 minor
10-11 18:42:54.197: E/ActivityManager(899):   0% 625/android.hardware.power@1.0-service: 0% user + 0% kernel
10-11 18:42:54.197: E/ActivityManager(899):   0% 645/lmkd: 0% user + 0% kernel
10-11 18:42:54.197: E/ActivityManager(899):   0% 678/installd: 0% user + 0% kernel / faults: 132 minor
10-11 18:42:54.197: E/ActivityManager(899):   0% 9376/kworker/1:3: 0% user + 0% kernel
10-11 18:42:54.197: E/ActivityManager(899):   0% 10/rcuc/0: 0% user + 0% kernel
10-11 18:42:54.197: E/ActivityManager(899):   0% 16/rcuc/1: 0% user + 0% kernel
10-11 18:42:54.197: E/ActivityManager(899):   0% 709/perfd: 0% user + 0% kernel / faults: 10 minor
10-11 18:42:54.197: E/ActivityManager(899):   0% 8/rcu_sched: 0% user + 0% kernel
10-11 18:42:54.197: E/ActivityManager(899):   0% 231/kgsl_worker_thr: 0% user + 0% kernel
10-11 18:42:54.197: E/ActivityManager(899):   0% 447/ueventd: 0% user + 0% kernel
10-11 18:42:54.197: E/ActivityManager(899):   0% 1337/VosTlshimRxThre: 0% user + 0% kernel
10-11 18:42:54.197: E/ActivityManager(899):   0% 1921/com.google.android.googlequicksearchbox:interactor: 0% user + 0% kernel / faults: 864 minor
10-11 18:42:54.197: E/ActivityManager(899):   0% 680/irq/19-408000.q: 0% user + 0% kernel
10-11 18:42:54.197: E/ActivityManager(899):   0% 22/rcuc/2: 0% user + 0% kernel
10-11 18:42:54.197: E/ActivityManager(899):   0% 181/hwrng: 0% user + 0% kernel
10-11 18:42:54.197: E/ActivityManager(899):   0% 644/healthd: 0% user + 0% kernel
10-11 18:42:54.197: E/ActivityManager(899):   0% 1173/lowi-server: 0% user + 0% kernel / faults: 15 minor
10-11 18:42:54.197: E/ActivityManager(899):   0% 1621/wpa_supplicant: 0% user + 0% kernel / faults: 1 minor
10-11 18:42:54.197: E/ActivityManager(899):   0% 1941/com.android.ims.rcsservice: 0
10-11 18:42:54.199: I/ActivityManager(899): Killing 1895:com.google.android.googlequicksearchbox:search/u0a55 (adj 100): bg anr
10-11 18:42:54.224: D/ConnectivityService(899): ConnectivityService NetworkRequestInfo binderDied(NetworkRequest [ LISTEN id=10, [ Capabilities: INTERNET&NOT_RESTRICTED&TRUSTED] ], android.os.BinderProxy@65981b4)
10-11 18:42:54.226: W/ActivityManager(899): Scheduling restart of crashed service com.google.android.googlequicksearchbox/com.google.android.apps.gsa.nowoverlayservice.DrawerOverlayService in 20349ms
10-11 18:42:54.226: E/ConnectivityService(899): RemoteException caught trying to send a callback msg for NetworkRequest [ LISTEN id=10, [ Capabilities: INTERNET&NOT_RESTRICTED&TRUSTED] ]
10-11 18:42:54.226: W/ActivityManager(899): Scheduling restart of crashed service com.google.android.googlequicksearchbox/com.google.android.apps.gsa.tasks.BackgroundTasksJobService in 30349ms
10-11 18:42:54.278: I/ActivityManager(899): Start proc 12325:com.google.android.googlequicksearchbox:search/u0a55 for broadcast com.google.android.googlequicksearchbox/com.google.android.apps.gsa.search.core.google.gaia.changed.AccountsChangedReceiver
10-11 18:42:54.306: I/PmtsSwAccountIntentOp(11860): Processing intent action=android.accounts.LOGIN_ACCOUNTS_CHANGED
10-11 18:42:54.323: I/GoogleURLConnFactory(11860): Using platform SSLCertificateSocketFactory
10-11 18:42:54.325: E/BaseAppContext(11860): Tried to stop global GMSCore RequestQueue. This is likely unintended, so ignoring.
10-11 18:42:54.337: I/HeterodyneSyncScheduler(11839): Scheduling Phenotype for a PhenotypeSyncImmediately(5, null) one off with window [1, 2] in seconds
10-11 18:42:54.365: I/Auth(11839): [BroadcastManager] Broadcasting account change.
10-11 18:42:54.370: W/WakefulBroadcastReceiver(11839): No active wake lock id #1
10-11 18:42:54.376: I/PmtsSwAccountIntentOp(11860): Sw accountsLength=1
10-11 18:42:54.376: I/zygote64(11860): Do partial code cache collection, code=30KB, data=26KB
10-11 18:42:54.412: I/zygote64(11860): After code cache collection, code=30KB, data=26KB
10-11 18:42:54.412: I/zygote64(11860): Increasing code cache capacity to 128KB
10-11 18:42:54.465: E/PhoneInterfaceManager(1517): [PhoneIntfMgr] getIccId: No UICC
10-11 18:42:54.520: I/ActivityManager(899): Start proc 12354:com.android.defcontainer/u0a15 for service com.android.defcontainer/.DefaultContainerService
10-11 18:42:54.528: W/ActivityManager(899): Unable to start service Intent { flg=0x4 cmp=com.android.vending/com.google.android.finsky.hygiene.DailyHygiene$DailyHygieneService (has extras) } U=0: not found
10-11 18:42:54.587: I/ActivityManager(899): Start proc 12367:com.google.android.ims/u0a9 for service com.google.android.ims/.services.WakeLockService
10-11 18:42:54.678: I/zygote64(899): Background concurrent copying GC freed 78691(4MB) AllocSpace objects, 58(3MB) LOS objects, 42% free, 15MB/27MB, paused 275us total 459.539ms
10-11 18:42:54.703: I/CarrierServices(12367): [2] a.a: Initializing Carrier Services Library.
10-11 18:42:54.733: W/PackageParser(899): Unknown element under <manifest>: meta-data at /data/app/vmdl972467972.tmp/base.apk Binary XML file line #60
10-11 18:42:54.742: I/PackageManager.DexOptimizer(899): Running dexopt (dexoptNeeded=1) on: /data/app/vmdl972467972.tmp/base.apk pkg=org.gnucash.android isa=arm64 dexoptFlags=boot_complete,public target-filter=quicken oatDir=/data/app/vmdl972467972.tmp/oat sharedLibraries=null
10-11 18:42:54.750: I/CarrierServices(12367): [2] a.b: Initializing Carrier Services Logging.
10-11 18:42:54.766: I/dex2oat(12387): /system/bin/dex2oat --input-vdex-fd=-1 --output-vdex-fd=17 --compiler-filter=quicken --classpath-dir=/data/app/vmdl972467972.tmp
10-11 18:42:54.769: I/com.google.android.ims.q.o(12367): LogSaver new instance with filename: carrier_services
10-11 18:42:54.794: I/GamesDatabaseHelper(11860): Bootstrapping database version: 2200
10-11 18:42:54.858: I/CarrierServices(12367): [2] CarrierServicesReleaseApp.onCreate: Primes set up successful
10-11 18:42:54.885: W/Auth(11839): [GetToken] GetToken failed with status code: INVALID_SCOPE
10-11 18:42:54.888: E/NetworkOrchService(11860): Could not get auth token
10-11 18:42:54.888: E/NetworkOrchService(11860): dzf: INVALID_SCOPE
10-11 18:42:54.888: E/NetworkOrchService(11860): 	at dzj.a(:com.google.android.gms@11509440:16)
10-11 18:42:54.888: E/NetworkOrchService(11860): 	at dzi.a(:com.google.android.gms@11509440:2)
10-11 18:42:54.888: E/NetworkOrchService(11860): 	at dzi.e(:com.google.android.gms@11509440:6)
10-11 18:42:54.888: E/NetworkOrchService(11860): 	at dzi.d(:com.google.android.gms@11509440:1)
10-11 18:42:54.888: E/NetworkOrchService(11860): 	at dzi.b(:com.google.android.gms@11509440:1)
10-11 18:42:54.888: E/NetworkOrchService(11860): 	at dzg.b(:com.google.android.gms@11509440:3)
10-11 18:42:54.888: E/NetworkOrchService(11860): 	at aivc.a(:com.google.android.gms@11509440:4)
10-11 18:42:54.888: E/NetworkOrchService(11860): 	at ajaj.a(:com.google.android.gms@11509440:260)
10-11 18:42:54.888: E/NetworkOrchService(11860): 	at com.google.android.gms.wallet.intentoperation.setupwizard.PaymentsSetupWizardAccountChangeIntentOperation.onHandleIntent(:com.google.android.gms@11509440:36)
10-11 18:42:54.888: E/NetworkOrchService(11860): 	at com.google.android.chimera.IntentOperation.onHandleIntent(:com.google.android.gms@11509440:2)
10-11 18:42:54.888: E/NetworkOrchService(11860): 	at bwh.run(:com.google.android.gms@11509440:10)
10-11 18:42:54.888: E/NetworkOrchService(11860): 	at bwe.run(:com.google.android.gms@11509440:14)
10-11 18:42:54.888: E/NetworkOrchService(11860): 	at java.util.concurrent.ThreadPoolExecutor.runWorker(ThreadPoolExecutor.java:1162)
10-11 18:42:54.888: E/NetworkOrchService(11860): 	at java.util.concurrent.ThreadPoolExecutor$Worker.run(ThreadPoolExecutor.java:636)
10-11 18:42:54.888: E/NetworkOrchService(11860): 	at java.lang.Thread.run(Thread.java:764)
10-11 18:42:54.888: I/PmtsSwAccountIntentOp(11860): serverResponse with type=5
10-11 18:42:54.911: D/Primes(12367): Package metric disabled.
10-11 18:42:54.911: D/Primes(12367): Battery metric disabled
10-11 18:42:54.911: D/Primes(12367): MagicEye logging metric disabled
10-11 18:42:54.912: D/CrashMetricService(12367): onPrimesInitialize
10-11 18:42:54.940: W/Bugle(12367): Factory.getPhoneUtils: invalid subId = -1
10-11 18:42:54.949: V/RcsProvisioning(12367): No legacy config file found, migration not necessary
10-11 18:42:54.950: W/Bugle(12367): Factory.getPhoneUtils: invalid subId = -1
10-11 18:42:54.950: E/Bugle(12367): SubscriptionManager.getSlotId not found
10-11 18:42:54.951: E/Bugle(12367): java.lang.NoSuchMethodException: getSlotId [int]
10-11 18:42:54.951: E/Bugle(12367): 	at java.lang.Class.getMethod(Class.java:2068)
10-11 18:42:54.951: E/Bugle(12367): 	at java.lang.Class.getDeclaredMethod(Class.java:2047)
10-11 18:42:54.951: E/Bugle(12367): 	at com.google.android.apps.a.a.a.c.i.b(SourceFile:51)
10-11 18:42:54.951: E/Bugle(12367): 	at com.google.android.apps.a.a.a.c.i.d(SourceFile:73)
10-11 18:42:54.951: E/Bugle(12367): 	at com.google.android.ims.k.w.a(SourceFile:22)
10-11 18:42:54.951: E/Bugle(12367): 	at com.google.android.ims.k.w.a(SourceFile:21)
10-11 18:42:54.951: E/Bugle(12367): 	at com.google.android.ims.k.x.a(SourceFile:7)
10-11 18:42:54.951: E/Bugle(12367): 	at com.google.android.ims.k.a.<init>(SourceFile:7)
10-11 18:42:54.951: E/Bugle(12367): 	at com.google.android.ims.k.k.<init>(SourceFile:8)
10-11 18:42:54.951: E/Bugle(12367): 	at com.google.android.ims.k.k.a(SourceFile:7)
10-11 18:42:54.951: E/Bugle(12367): 	at com.google.android.ims.CarrierServicesReleaseApp.onCreate(SourceFile:61)
10-11 18:42:54.951: E/Bugle(12367): 	at android.app.Instrumentation.callApplicationOnCreate(Instrumentation.java:1118)
10-11 18:42:54.951: E/Bugle(12367): 	at android.app.ActivityThread.handleBindApplication(ActivityThread.java:5791)
10-11 18:42:54.951: E/Bugle(12367): 	at android.app.ActivityThread.-wrap1(Unknown Source:0)
10-11 18:42:54.951: E/Bugle(12367): 	at android.app.ActivityThread$H.handleMessage(ActivityThread.java:1661)
10-11 18:42:54.951: E/Bugle(12367): 	at android.os.Handler.dispatchMessage(Handler.java:105)
10-11 18:42:54.951: E/Bugle(12367): 	at android.os.Looper.loop(Looper.java:164)
10-11 18:42:54.951: E/Bugle(12367): 	at android.app.ActivityThread.main(ActivityThread.java:6541)
10-11 18:42:54.951: E/Bugle(12367): 	at java.lang.reflect.Method.invoke(Native Method)
10-11 18:42:54.951: E/Bugle(12367): 	at com.android.internal.os.Zygote$MethodAndArgsCaller.run(Zygote.java:240)
10-11 18:42:54.951: E/Bugle(12367): 	at com.android.internal.os.ZygoteInit.main(ZygoteInit.java:767)
10-11 18:42:54.954: W/RcsProvisioning(12367): Failed to read configuration: /data/user/0/com.google.android.ims/files/hvconfig (No such file or directory)
10-11 18:42:54.954: D/RcsProvisioning(12367): Retrieving backup token
10-11 18:42:54.968: W/Bugle(12367): Factory.getPhoneUtils: invalid subId = -1
10-11 18:42:55.025: W/BroadcastQueue(899): Background execution not allowed: receiving Intent { act=com.google.android.systemui.OPA_ENABLED flg=0x10000010 (has extras) } to com.google.android.apps.nexuslauncher/.qsb.OPAStatusReceiver
10-11 18:42:55.026: I/OpaEnableReceiver(1348): Received Intent { act=com.google.android.systemui.OPA_ENABLED flg=0x10000010 (has extras) } with enabled = false
10-11 18:42:55.027: I/OpaLayout(1348): Setting opa enabled to false
10-11 18:42:55.027: I/OpaLayout(1348): Setting opa enabled to false
10-11 18:42:55.027: I/OpaEligibilityChecker(12325): send OpaEligibilityChange broadcast to CommonBroadcastReceiver
10-11 18:42:55.070: D/RcsProvisioning(12367): No backup token found
10-11 18:42:55.077: I/CarrierServices(12367): [2] CarrierServicesReleaseApp.onCreate: CarrierServices.apk is not sim call manager. Not enabling MMTel.
10-11 18:42:55.106: I/ActivityManager(899): Killing 11548:com.google.android.deskclock/u0a96 (adj 906): empty #17
10-11 18:42:55.132: I/PlayMovies(11630): AccountsChangedTaskService.scheduleCleanup:108 Scheduled task AccountsChangedTaskService
10-11 18:42:55.157: I/GoogleHttpClient(12154): GMS http client unavailable, use old client
10-11 18:42:55.166: I/WebViewFactory(12325): Loading com.android.chrome version 58.0.3029.125 (code 303012552)
10-11 18:42:55.170: I/NowOptInSettings(12325): onAccountChanged() : [REDACTED-54]
10-11 18:42:55.336: I/Auth(11839): [GoogleAccountHistoryStore] creating database.
10-11 18:42:55.395: D/DatabaseUpgradeHelper(12132): Upgrading database: /data/user/0/com.google.android.music/databases/music.db to version: 137
10-11 18:42:55.397: D/DatabaseUpgradeHelper(12132): Upgrading database: /data/user/0/com.google.android.music/databases/music.db to version: 138
10-11 18:42:55.398: D/DatabaseUpgradeHelper(12132): Upgrading database: /data/user/0/com.google.android.music/databases/music.db to version: 139
10-11 18:42:55.398: D/DatabaseUpgradeHelper(12132): Upgrading database: /data/user/0/com.google.android.music/databases/music.db to version: 140
10-11 18:42:55.402: D/DatabaseUpgradeHelper(12132): Upgrading database: /data/user/0/com.google.android.music/databases/music.db to version: 141
10-11 18:42:55.404: D/DatabaseUpgradeHelper(12132): Upgrading database: /data/user/0/com.google.android.music/databases/music.db to version: 142
10-11 18:42:55.407: I/cr_LibraryLoader(12325): Time to load native libraries: 94 ms (timestamps 7554-7648)
10-11 18:42:55.408: D/DatabaseUpgradeHelper(12132): Upgrading database: /data/user/0/com.google.android.music/databases/music.db to version: 143
10-11 18:42:55.409: D/DatabaseUpgradeHelper(12132): Upgrading database: /data/user/0/com.google.android.music/databases/music.db to version: 144
10-11 18:42:55.412: D/DatabaseUpgradeHelper(12132): Upgrading database: /data/user/0/com.google.android.music/databases/music.db to version: 145
10-11 18:42:55.426: I/ModelDownloadController(12325): Handle the downloaded hotword model
10-11 18:42:55.426: I/ModelDownloadController(12325): the model is already used
10-11 18:42:55.431: I/chromium(12325): [INFO:library_loader_hooks.cc(140)] Chromium logging enabled: level = 0, default verbosity = 0
10-11 18:42:55.431: I/cr_LibraryLoader(12325): Expected native library version number "58.0.3029.125", actual native library version number "58.0.3029.125"
10-11 18:42:55.464: D/MusicLifecycle(12132): com.google.android.music.AccountsBroadcastReceiver generated event: Broadcast received with context android.app.ReceiverRestrictedContext@69bdd56 and intent Intent { act=android.accounts.LOGIN_ACCOUNTS_CHANGED flg=0x5000010 cmp=com.google.android.music/.AccountsBroadcastReceiver }
10-11 18:42:55.485: I/AppDataSearchHelper(12132): Upgrade from -1 to 145 took 2724 ms
10-11 18:42:55.493: W/Auth(11839): [GetToken] GetToken failed with status code: INVALID_SCOPE
10-11 18:42:55.494: W/GLSActivity(11839): dzf: INVALID_SCOPE
10-11 18:42:55.494: W/GLSActivity(11839): 	at dzj.a(:com.google.android.gms@11509440:16)
10-11 18:42:55.494: W/GLSActivity(11839): 	at dzi.a(:com.google.android.gms@11509440:2)
10-11 18:42:55.494: W/GLSActivity(11839): 	at dzi.e(:com.google.android.gms@11509440:6)
10-11 18:42:55.494: W/GLSActivity(11839): 	at dzh.a(:com.google.android.gms@11509440:1)
10-11 18:42:55.494: W/GLSActivity(11839): 	at eax.getAuthToken(:com.google.android.gms@11509440:7)
10-11 18:42:55.494: W/GLSActivity(11839): 	at android.accounts.AbstractAccountAuthenticator$Transport.getAuthToken(AbstractAccountAuthenticator.java:244)
10-11 18:42:55.494: W/GLSActivity(11839): 	at android.accounts.IAccountAuthenticator$Stub.onTransact(IAccountAuthenticator.java:113)
10-11 18:42:55.494: W/GLSActivity(11839): 	at android.os.Binder.transact(Binder.java:604)
10-11 18:42:55.494: W/GLSActivity(11839): 	at buy.onTransact(:com.google.android.gms@11509440:3)
10-11 18:42:55.494: W/GLSActivity(11839): 	at android.os.Binder.execTransact(Binder.java:674)
10-11 18:42:55.505: W/Search.LoginHelper(12325): User recoverable exception for scope: oauth2:https://www.googleapis.com/auth/googlenow
10-11 18:42:55.505: W/Search.LoginHelper(12325): com.google.android.gms.auth.g: INVALID_SCOPE
10-11 18:42:55.505: W/Search.LoginHelper(12325): 	at com.google.android.apps.gsa.search.core.google.gaia.d.b(SourceFile:33)
10-11 18:42:55.505: W/Search.LoginHelper(12325): 	at com.google.android.apps.gsa.search.core.google.gaia.k.b(SourceFile:49)
10-11 18:42:55.505: W/Search.LoginHelper(12325): 	at com.google.android.apps.gsa.search.core.google.gaia.h.a(SourceFile:23)
10-11 18:42:55.505: W/Search.LoginHelper(12325): 	at com.google.android.apps.gsa.search.core.google.gaia.h.b(SourceFile:8)
10-11 18:42:55.505: W/Search.LoginHelper(12325): 	at com.google.android.apps.gsa.search.core.google.gaia.LoginHelper.b(SourceFile:277)
10-11 18:42:55.505: W/Search.LoginHelper(12325): 	at com.google.android.apps.gsa.search.core.google.gaia.y.call(SourceFile:3)
10-11 18:42:55.505: W/Search.LoginHelper(12325): 	at java.util.concurrent.FutureTask.run(FutureTask.java:266)
10-11 18:42:55.505: W/Search.LoginHelper(12325): 	at java.util.concurrent.Executors$RunnableAdapter.call(Executors.java:457)
10-11 18:42:55.505: W/Search.LoginHelper(12325): 	at java.util.concurrent.FutureTask.run(FutureTask.java:266)
10-11 18:42:55.505: W/Search.LoginHelper(12325): 	at com.google.android.apps.gsa.shared.util.concurrent.a.h.run(Unknown Source:4)
10-11 18:42:55.505: W/Search.LoginHelper(12325): 	at com.google.android.apps.gsa.shared.util.concurrent.a.ap.run(SourceFile:4)
10-11 18:42:55.505: W/Search.LoginHelper(12325): 	at com.google.android.apps.gsa.shared.util.concurrent.a.ap.run(SourceFile:4)
10-11 18:42:55.505: W/Search.LoginHelper(12325): 	at java.util.concurrent.ThreadPoolExecutor.runWorker(ThreadPoolExecutor.java:1162)
10-11 18:42:55.505: W/Search.LoginHelper(12325): 	at java.util.concurrent.ThreadPoolExecutor$Worker.run(ThreadPoolExecutor.java:636)
10-11 18:42:55.505: W/Search.LoginHelper(12325): 	at java.lang.Thread.run(Thread.java:764)
10-11 18:42:55.505: W/Search.LoginHelper(12325): 	at com.google.android.apps.gsa.shared.util.concurrent.a.l.run(SourceFile:6)
10-11 18:42:55.621: I/cr_CronetLibraryLoader(12325): Cronet version: 62.0.3202.13, arch: aarch64
10-11 18:42:55.658: W/ActivityManager(899): Unable to start service Intent { cmp=com.google.android.gm.exchange/com.android.exchange.service.EasService } U=0: not found
10-11 18:42:55.678: W/WakefulBroadcastReceiver(11839): No active wake lock id #2
10-11 18:42:55.701: I/PmtsSwAccountIntentOp(11860): Processing intent action=android.accounts.LOGIN_ACCOUNTS_CHANGED
10-11 18:42:55.701: I/PmtsSwAccountIntentOp(11860): Account added has already been processed
10-11 18:42:55.735: I/HeterodyneSyncScheduler(11839): Scheduling Phenotype for a PhenotypeSyncImmediately(5, null) one off with window [1, 2] in seconds
10-11 18:42:55.824: I/ActivityManager(899): Start proc 12471:com.google.android.partnersetup/u0a26 for content provider com.google.android.partnersetup/.RlzAppProvider
10-11 18:42:55.949: E/HotwordAcctChangeHndlr(12325): Failed to retrieve audio history setting
10-11 18:42:55.965: I/PlayMovies(11630): AccountsChangedTaskService.scheduleCleanup:108 Scheduled task AccountsChangedTaskService
10-11 18:42:56.166: V/GCMBroadcastReceiver(11674): onReceive: com.google.android.c2dm.intent.REGISTRATION
10-11 18:42:56.166: V/GCMBroadcastReceiver(11674): GCM IntentService class: com.android.vending.GCMIntentService
10-11 18:42:56.168: V/GCMBaseIntentService(11674): Acquiring wakelock
10-11 18:42:56.190: V/GCMBaseIntentService(11674): Intent service name: GCMIntentService-932144863878-1
10-11 18:42:56.203: E/GCMRegistrar(11674): internal error: retry receiver class not set yet
10-11 18:42:56.203: V/GCMRegistrar(11674): Registering receiver
10-11 18:42:56.206: I/zygote64(899): Background concurrent copying GC freed 45665(2MB) AllocSpace objects, 23(608KB) LOS objects, 42% free, 13MB/24MB, paused 221us total 149.892ms
10-11 18:42:56.216: D/GCMBaseIntentService(11674): handleRegistration: registrationId = APA91bFNYuQwKh3ZaFycATyzXOb2NoVv1gRTciK3wXjd6m4GzCcOo48lMNl7FjIMEYIMNKQyYrViOAkbi9nSacZpdcKJ-ktnyJiENO4irKaDX9UDapQN_XIBi-qP1Fkuk82nbviuoqC2, error = null, unregistered = null
10-11 18:42:56.216: D/GCMRegistrar(11674): resetting backoff for com.android.vending
10-11 18:42:56.217: V/GCMRegistrar(11674): Saving regId on app version 80796600
10-11 18:42:56.224: V/GCMBaseIntentService(11674): Releasing wakelock
10-11 18:42:56.226: I/Finsky(11674): [2] com.google.android.finsky.t.j.a(26): Uploading GcmRegistration Id because not registered yet
10-11 18:42:56.263: W/ConfigurationChimeraProvider(11839): Got null configs for com.google.android.gms.ads
10-11 18:42:56.313: W/Auth(11839): [GetToken] GetToken failed with status code: INVALID_SCOPE
10-11 18:42:56.314: W/GLSActivity(11839): dzf: INVALID_SCOPE
10-11 18:42:56.314: W/GLSActivity(11839): 	at dzj.a(:com.google.android.gms@11509440:16)
10-11 18:42:56.314: W/GLSActivity(11839): 	at dzi.a(:com.google.android.gms@11509440:2)
10-11 18:42:56.314: W/GLSActivity(11839): 	at dzi.e(:com.google.android.gms@11509440:6)
10-11 18:42:56.314: W/GLSActivity(11839): 	at dzh.a(:com.google.android.gms@11509440:1)
10-11 18:42:56.314: W/GLSActivity(11839): 	at eax.getAuthToken(:com.google.android.gms@11509440:7)
10-11 18:42:56.314: W/GLSActivity(11839): 	at android.accounts.AbstractAccountAuthenticator$Transport.getAuthToken(AbstractAccountAuthenticator.java:244)
10-11 18:42:56.314: W/GLSActivity(11839): 	at android.accounts.IAccountAuthenticator$Stub.onTransact(IAccountAuthenticator.java:113)
10-11 18:42:56.314: W/GLSActivity(11839): 	at android.os.Binder.transact(Binder.java:604)
10-11 18:42:56.314: W/GLSActivity(11839): 	at buy.onTransact(:com.google.android.gms@11509440:3)
10-11 18:42:56.314: W/GLSActivity(11839): 	at android.os.Binder.execTransact(Binder.java:674)
10-11 18:42:56.346: W/Search.LoginHelper(12325): User recoverable exception for scope: oauth2:https://www.googleapis.com/auth/googlenow
10-11 18:42:56.346: W/Search.LoginHelper(12325): com.google.android.gms.auth.g: INVALID_SCOPE
10-11 18:42:56.346: W/Search.LoginHelper(12325): 	at com.google.android.apps.gsa.search.core.google.gaia.d.b(SourceFile:33)
10-11 18:42:56.346: W/Search.LoginHelper(12325): 	at com.google.android.apps.gsa.search.core.google.gaia.k.b(SourceFile:49)
10-11 18:42:56.346: W/Search.LoginHelper(12325): 	at com.google.android.apps.gsa.search.core.google.gaia.h.a(SourceFile:23)
10-11 18:42:56.346: W/Search.LoginHelper(12325): 	at com.google.android.apps.gsa.search.core.google.gaia.h.b(SourceFile:8)
10-11 18:42:56.346: W/Search.LoginHelper(12325): 	at com.google.android.apps.gsa.search.core.google.gaia.LoginHelper.b(SourceFile:277)
10-11 18:42:56.346: W/Search.LoginHelper(12325): 	at com.google.android.apps.gsa.search.core.google.gaia.y.call(SourceFile:3)
10-11 18:42:56.346: W/Search.LoginHelper(12325): 	at java.util.concurrent.FutureTask.run(FutureTask.java:266)
10-11 18:42:56.346: W/Search.LoginHelper(12325): 	at java.util.concurrent.Executors$RunnableAdapter.call(Executors.java:457)
10-11 18:42:56.346: W/Search.LoginHelper(12325): 	at java.util.concurrent.FutureTask.run(FutureTask.java:266)
10-11 18:42:56.346: W/Search.LoginHelper(12325): 	at com.google.android.apps.gsa.shared.util.concurrent.a.h.run(Unknown Source:4)
10-11 18:42:56.346: W/Search.LoginHelper(12325): 	at com.google.android.apps.gsa.shared.util.concurrent.a.ap.run(SourceFile:4)
10-11 18:42:56.346: W/Search.LoginHelper(12325): 	at com.google.android.apps.gsa.shared.util.concurrent.a.ap.run(SourceFile:4)
10-11 18:42:56.346: W/Search.LoginHelper(12325): 	at java.util.concurrent.ThreadPoolExecutor.runWorker(ThreadPoolExecutor.java:1162)
10-11 18:42:56.346: W/Search.LoginHelper(12325): 	at java.util.concurrent.ThreadPoolExecutor$Worker.run(ThreadPoolExecutor.java:636)
10-11 18:42:56.346: W/Search.LoginHelper(12325): 	at java.lang.Thread.run(Thread.java:764)
10-11 18:42:56.346: W/Search.LoginHelper(12325): 	at com.google.android.apps.gsa.shared.util.concurrent.a.l.run(SourceFile:6)
10-11 18:42:56.356: I/MicroDetectionWorker(12325): #initializeDataManager [recognitionLocale: es-AR, isForced: false, initGHRecognizer: false]
10-11 18:42:56.358: I/CheckinCompat(11860): Disabling old GoogleServicesFramework version
10-11 18:42:56.362: I/CheckinCompat(11860): No service .checkin.CheckinService$Receiver to disable
10-11 18:42:56.362: I/CheckinCompat(11860): No service .checkin.CheckinService$TriggerReceiver to disable
10-11 18:42:56.363: I/CheckinCompat(11860): No service .checkin.CheckinService$SecretCodeReceiver to disable
10-11 18:42:56.402: I/EventLogChimeraService(11860): Accumulating logs since 1507770841345
10-11 18:42:56.409: W/ConfigurationChimeraProvider(11839): Got null configs for com.google.android.gms.mdm
10-11 18:42:56.451: I/Authzen(11839): [AccountChangeProcessingIntentOperation] Received onHandleIntent() call: Intent { act=com.google.android.gms.auth.GOOGLE_ACCOUNT_CHANGE cat=[com.google.android.gms.auth.category.ACCOUNT_ADDED] flg=0x10 cmp=com.google.android.gms/.chimera.GmsIntentOperationService$PersistentInternalReceiver (has extras) }
10-11 18:42:56.451: I/Authzen(11839): [AccountChangeProcessingIntentOperation] Handling added account: <ELLIDED:-1085017779>
10-11 18:42:56.452: W/Auth(11839): [GetToken] GetToken failed with status code: INVALID_SCOPE
10-11 18:42:56.453: W/GLSActivity(11839): dzf: INVALID_SCOPE
10-11 18:42:56.453: W/GLSActivity(11839): 	at dzj.a(:com.google.android.gms@11509440:16)
10-11 18:42:56.453: W/GLSActivity(11839): 	at dzi.a(:com.google.android.gms@11509440:2)
10-11 18:42:56.453: W/GLSActivity(11839): 	at dzi.e(:com.google.android.gms@11509440:6)
10-11 18:42:56.453: W/GLSActivity(11839): 	at dzh.a(:com.google.android.gms@11509440:1)
10-11 18:42:56.453: W/GLSActivity(11839): 	at eax.getAuthToken(:com.google.android.gms@11509440:7)
10-11 18:42:56.453: W/GLSActivity(11839): 	at android.accounts.AbstractAccountAuthenticator$Transport.getAuthToken(AbstractAccountAuthenticator.java:244)
10-11 18:42:56.453: W/GLSActivity(11839): 	at android.accounts.IAccountAuthenticator$Stub.onTransact(IAccountAuthenticator.java:113)
10-11 18:42:56.453: W/GLSActivity(11839): 	at android.os.Binder.transact(Binder.java:604)
10-11 18:42:56.453: W/GLSActivity(11839): 	at buy.onTransact(:com.google.android.gms@11509440:3)
10-11 18:42:56.453: W/GLSActivity(11839): 	at android.os.Binder.execTransact(Binder.java:674)
10-11 18:42:56.468: W/Search.LoginHelper(12325): User recoverable exception for scope: oauth2:https://www.googleapis.com/auth/googlenow
10-11 18:42:56.468: W/Search.LoginHelper(12325): com.google.android.gms.auth.g: INVALID_SCOPE
10-11 18:42:56.468: W/Search.LoginHelper(12325): 	at com.google.android.apps.gsa.search.core.google.gaia.d.b(SourceFile:33)
10-11 18:42:56.468: W/Search.LoginHelper(12325): 	at com.google.android.apps.gsa.search.core.google.gaia.k.b(SourceFile:49)
10-11 18:42:56.468: W/Search.LoginHelper(12325): 	at com.google.android.apps.gsa.search.core.google.gaia.h.a(SourceFile:23)
10-11 18:42:56.468: W/Search.LoginHelper(12325): 	at com.google.android.apps.gsa.search.core.google.gaia.h.b(SourceFile:8)
10-11 18:42:56.468: W/Search.LoginHelper(12325): 	at com.google.android.apps.gsa.search.core.google.gaia.LoginHelper.b(SourceFile:277)
10-11 18:42:56.468: W/Search.LoginHelper(12325): 	at com.google.android.apps.gsa.search.core.google.gaia.y.call(SourceFile:3)
10-11 18:42:56.468: W/Search.LoginHelper(12325): 	at java.util.concurrent.FutureTask.run(FutureTask.java:266)
10-11 18:42:56.468: W/Search.LoginHelper(12325): 	at java.util.concurrent.Executors$RunnableAdapter.call(Executors.java:457)
10-11 18:42:56.468: W/Search.LoginHelper(12325): 	at java.util.concurrent.FutureTask.run(FutureTask.java:266)
10-11 18:42:56.468: W/Search.LoginHelper(12325): 	at com.google.android.apps.gsa.shared.util.concurrent.a.h.run(Unknown Source:4)
10-11 18:42:56.468: W/Search.LoginHelper(12325): 	at com.google.android.apps.gsa.shared.util.concurrent.a.ap.run(SourceFile:4)
10-11 18:42:56.468: W/Search.LoginHelper(12325): 	at com.google.android.apps.gsa.shared.util.concurrent.a.ap.run(SourceFile:4)
10-11 18:42:56.468: W/Search.LoginHelper(12325): 	at java.util.concurrent.ThreadPoolExecutor.runWorker(ThreadPoolExecutor.java:1162)
10-11 18:42:56.468: W/Search.LoginHelper(12325): 	at java.util.concurrent.ThreadPoolExecutor$Worker.run(ThreadPoolExecutor.java:636)
10-11 18:42:56.468: W/Search.LoginHelper(12325): 	at java.lang.Thread.run(Thread.java:764)
10-11 18:42:56.468: W/Search.LoginHelper(12325): 	at com.google.android.apps.gsa.shared.util.concurrent.a.l.run(SourceFile:6)
10-11 18:42:56.492: I/GCoreUlr(11839): Starting service, intent=Intent { act=com.google.android.location.reporting.ACTION_UPDATE_WORLD cmp=com.google.android.gms/com.google.android.location.reporting.service.DispatchingService (has extras) }, extras=Bundle[{receiverAction=com.google.android.gms.auth.GOOGLE_ACCOUNT_CHANGE, accountsAdded=[Account {name=4A2NI7OQOTX46RNLLDCZ5QQEKA-00@cloudtestlabaccounts.com, type=com.google}]}]
10-11 18:42:56.496: I/Auth(11860): [FRP,FrpUpdateIntentOperation] No frp data present in app restriction, using current google accounts.
10-11 18:42:56.500: I/Authzen(11839): [SyncManager] Sync requested for event 100, account 4A2NI7OQOTX46RNLLDCZ5QQEKA-00@cloudtestlabaccounts.com, and components 3, with reason 7
10-11 18:42:56.500: I/Authzen(11839): [SyncManager] Triggering AuthZen registration...
10-11 18:42:56.521: I/Authzen(11839): [RegistrationManager] Fetching signing key...
10-11 18:42:56.531: I/Auth(11860): [FactoryResetProtectionManager] Updating data block with 1 account ids. Lockscreen supported? true
10-11 18:42:56.553: W/ActivityManager(899): Unable to start service Intent { flg=0x4 cmp=com.android.vending/com.google.android.finsky.hygiene.DailyHygiene$DailyHygieneService (has extras) } U=0: not found
10-11 18:42:56.569: I/Auth(11860): [FactoryResetProtectionManager] Write complete, result: 102323.
10-11 18:42:56.602: I/Authzen(11839): [KeyService] Creating new signing Keys for handle: device_key
10-11 18:42:56.603: I/Authzen(11839): [SqliteKeyStorage] Adding new credential
10-11 18:42:56.630: D/NetworkSecurityConfig(12325): Using Network Security Config from resource network_security_config debugBuild: false
10-11 18:42:56.638: I/Ads(11860): Accounts have changed: com.google.android.gms.auth.GOOGLE_ACCOUNT_CHANGE
10-11 18:42:56.640: I/Authzen(11839): [RegistrationManager] Signing key fetched successfully!
10-11 18:42:56.650: I/Authzen(11839): [RegistrationManager] Starting Enrollment...
10-11 18:42:56.662: W/constellation(11860): [gaia_id_checker] GAIA id checker has been disabled by gservice flag.
10-11 18:42:56.663: W/SearchService(12325): Abort, client detached.
10-11 18:42:56.715: E/GCoreUlr(11839): Create new device tag of 395988772 without device reboot
10-11 18:42:56.756: W/Conscrypt(11839): Could not set socket write timeout:
10-11 18:42:56.756: W/Conscrypt(11839):    java.lang.reflect.Method.invoke(Native Method)
10-11 18:42:56.756: W/Conscrypt(11839):    com.google.android.gms.org.conscrypt.Platform.setSocketWriteTimeout(:com.google.android.gms@11509440:13)
10-11 18:42:56.763: W/Conscrypt(11839): Could not set socket write timeout:
10-11 18:42:56.763: W/Conscrypt(11839):    java.lang.reflect.Method.invoke(Native Method)
10-11 18:42:56.763: W/Conscrypt(11839):    com.google.android.gms.org.conscrypt.Platform.setSocketWriteTimeout(:com.google.android.gms@11509440:13)
10-11 18:42:56.770: W/Auth(11839): [GetToken] GetToken failed with status code: INVALID_SCOPE
10-11 18:42:56.775: E/Authzen(11839): [RegistrationManager] Failed to do enrollment for account: <ELLIDED:2138848219>
10-11 18:42:56.787: I/MS_RegisterService(11860): RegisterService intent:Intent { act=com.google.android.gms.matchstick.register_intent_google_account_change cat=[targeted_intent_op_prefix:com.google.android.libraries.matchstick.net.SilentRegisterIntentOperation] cmp=com.google.android.gms/.chimera.GmsIntentOperationService } isPeriodic:false
10-11 18:42:56.791: I/Authzen(11839): [exw] Syncing data for account <ELLIDED:2138848219>
10-11 18:42:56.817: I/GCoreUlr(11839): WorldUpdater received intent Intent { act=com.google.android.location.reporting.ACTION_UPDATE_WORLD cmp=com.google.android.gms/com.google.android.location.reporting.service.DispatchingService (has extras) } with receiverAction com.google.android.gms.auth.GOOGLE_ACCOUNT_CHANGE
10-11 18:42:56.860: I/MS_PhoneUtils(11860): Phone type: 2
10-11 18:42:56.868: W/UdcContextManagerHelper(11839): Empty context buffer. Thus might mean that the context is not synced down.
10-11 18:42:56.869: W/UploadOptInStatusOp(11839): Empty context model while retrieving upload opt-in status!
10-11 18:42:56.869: W/MS_RegisterService(11860): Not eligible for registration.
10-11 18:42:56.905: W/Auth(11839): [GetToken] GetToken failed with status code: INVALID_SCOPE
10-11 18:42:56.906: I/Ads(11860): Immediate DSID task failed. Scheduling one-off
10-11 18:42:56.914: W/Auth(11839): [GetToken] GetToken failed with status code: INVALID_SCOPE
10-11 18:42:56.915: E/Authzen(11839): [exw] Failed to authenticate account: <ELLIDED:2138848219>. Clearing data.
10-11 18:42:56.932: I/Authzen(11839): [fcc] Opening database auth.proximity.permit_store...
10-11 18:42:56.958: I/Authzen(11839): [SyncManager] sync failed for 100
10-11 18:42:56.974: I/Authzen(11839): [SyncManager] Setting up sync 125850770ms later.
10-11 18:42:56.974: I/GCoreUlr(11839): WorldUpdater:com.google.android.gms.auth.GOOGLE_ACCOUNT_CHANGE: Ensuring that reporting is stopped because of reasons: {account#19#=[InactiveReason{mIdentifier=6, mName='ReportingNotEnabled'}, InactiveReason{mIdentifier=14, mName='HistoryNotEnabled'}]}
10-11 18:42:56.998: I/GCoreUlr(11839): Unbound from all location providers
10-11 18:42:56.998: I/GCoreUlr(11839): Place inference reporting - stop
10-11 18:42:57.005: I/GCoreUlr(11839): Unregistering for aliased place alerts.
10-11 18:42:57.045: I/GCoreUlr(11839): DispatchingService.onDestroy()
10-11 18:42:57.049: I/GCoreUlr(11839): Stopping handler for UlrDispSvcFast
10-11 18:42:57.057: I/GCoreUlr(11839): Unbound from all location providers
10-11 18:42:57.057: I/GCoreUlr(11839): Place inference reporting - stop
10-11 18:42:57.091: I/GCoreUlr(11839): DispatchingService ignoring Intent { act=android.net.wifi.WIFI_STATE_CHANGED flg=0x4000010 (has extras) } because ULR inactive
10-11 18:42:57.096: I/GCoreUlr(11839): Unregistering for aliased place alerts.
10-11 18:42:57.100: I/Places(11839): ?: Couldn't find platform key file.
10-11 18:42:57.133: I/GeofencerStateMachine(11839): removeGeofences: removeRequest=RemoveGeofencingRequest[REMOVE_BY_PENDING_INTENT pendingIntent=PendingIntent[creatorPackage=com.google.android.gms], packageName=null]
10-11 18:42:57.136: W/Auth(11839): [GetToken] GetToken failed with status code: INVALID_SCOPE
10-11 18:42:57.141: W/GLSActivity(11839): dzf: INVALID_SCOPE
10-11 18:42:57.141: W/GLSActivity(11839): 	at dzj.a(:com.google.android.gms@11509440:16)
10-11 18:42:57.141: W/GLSActivity(11839): 	at dzi.a(:com.google.android.gms@11509440:2)
10-11 18:42:57.141: W/GLSActivity(11839): 	at dzi.e(:com.google.android.gms@11509440:6)
10-11 18:42:57.141: W/GLSActivity(11839): 	at dzh.a(:com.google.android.gms@11509440:1)
10-11 18:42:57.141: W/GLSActivity(11839): 	at eax.getAuthToken(:com.google.android.gms@11509440:7)
10-11 18:42:57.141: W/GLSActivity(11839): 	at android.accounts.AbstractAccountAuthenticator$Transport.getAuthToken(AbstractAccountAuthenticator.java:244)
10-11 18:42:57.141: W/GLSActivity(11839): 	at android.accounts.IAccountAuthenticator$Stub.onTransact(IAccountAuthenticator.java:113)
10-11 18:42:57.141: W/GLSActivity(11839): 	at android.os.Binder.transact(Binder.java:604)
10-11 18:42:57.141: W/GLSActivity(11839): 	at buy.onTransact(:com.google.android.gms@11509440:3)
10-11 18:42:57.141: W/GLSActivity(11839): 	at android.os.Binder.execTransact(Binder.java:674)
10-11 18:42:57.141: I/GeofencerStateMachine(11839): removeGeofences: removeRequest=RemoveGeofencingRequest[REMOVE_BY_PENDING_INTENT pendingIntent=PendingIntent[creatorPackage=com.google.android.gms], packageName=null]
10-11 18:42:57.151: W/Search.LoginHelper(12325): User recoverable exception for scope: oauth2:https://www.google.com/accounts/OAuthLogin
10-11 18:42:57.151: W/Search.LoginHelper(12325): com.google.android.gms.auth.g: INVALID_SCOPE
10-11 18:42:57.151: W/Search.LoginHelper(12325): 	at com.google.android.apps.gsa.search.core.google.gaia.d.b(SourceFile:33)
10-11 18:42:57.151: W/Search.LoginHelper(12325): 	at com.google.android.apps.gsa.search.core.google.gaia.k.b(SourceFile:49)
10-11 18:42:57.151: W/Search.LoginHelper(12325): 	at com.google.android.apps.gsa.search.core.google.gaia.h.a(SourceFile:23)
10-11 18:42:57.151: W/Search.LoginHelper(12325): 	at com.google.android.apps.gsa.search.core.google.gaia.h.b(SourceFile:8)
10-11 18:42:57.151: W/Search.LoginHelper(12325): 	at com.google.android.apps.gsa.search.core.google.gaia.LoginHelper.b(SourceFile:277)
10-11 18:42:57.151: W/Search.LoginHelper(12325): 	at com.google.android.apps.gsa.search.core.google.gaia.y.call(SourceFile:3)
10-11 18:42:57.151: W/Search.LoginHelper(12325): 	at java.util.concurrent.FutureTask.run(FutureTask.java:266)
10-11 18:42:57.151: W/Search.LoginHelper(12325): 	at java.util.concurrent.Executors$RunnableAdapter.call(Executors.java:457)
10-11 18:42:57.151: W/Search.LoginHelper(12325): 	at java.util.concurrent.FutureTask.run(FutureTask.java:266)
10-11 18:42:57.151: W/Search.LoginHelper(12325): 	at com.google.android.apps.gsa.shared.util.concurrent.a.h.run(Unknown Source:4)
10-11 18:42:57.151: W/Search.LoginHelper(12325): 	at com.google.android.apps.gsa.shared.util.concurrent.a.ap.run(SourceFile:4)
10-11 18:42:57.151: W/Search.LoginHelper(12325): 	at com.google.android.apps.gsa.shared.util.concurrent.a.ap.run(SourceFile:4)
10-11 18:42:57.151: W/Search.LoginHelper(12325): 	at java.util.concurrent.ThreadPoolExecutor.runWorker(ThreadPoolExecutor.java:1162)
10-11 18:42:57.151: W/Search.LoginHelper(12325): 	at java.util.concurrent.ThreadPoolExecutor$Worker.run(ThreadPoolExecutor.java:636)
10-11 18:42:57.151: W/Search.LoginHelper(12325): 	at java.lang.Thread.run(Thread.java:764)
10-11 18:42:57.151: W/Search.LoginHelper(12325): 	at com.google.android.apps.gsa.shared.util.concurrent.a.l.run(SourceFile:6)
10-11 18:42:57.152: W/ErrorReporter(12325): reportError [type: 477, code: 1441801]: null
10-11 18:42:57.153: W/OAuthCookieFetcher(12325): Failed to retrieve OAuth token and / or GAIA ID
10-11 18:42:57.155: W/Search.LoginHelper(12325): User recoverable exception for scope: oauth2:https://www.google.com/accounts/OAuthLogin
10-11 18:42:57.155: W/Search.LoginHelper(12325): com.google.android.gms.auth.g: Cached recoverable exception
10-11 18:42:57.155: W/Search.LoginHelper(12325): 	at com.google.android.apps.gsa.search.core.google.gaia.i.b(SourceFile:30)
10-11 18:42:57.155: W/Search.LoginHelper(12325): 	at com.google.android.apps.gsa.search.core.google.gaia.h.a(SourceFile:13)
10-11 18:42:57.155: W/Search.LoginHelper(12325): 	at com.google.android.apps.gsa.search.core.google.gaia.h.b(SourceFile:8)
10-11 18:42:57.155: W/Search.LoginHelper(12325): 	at com.google.android.apps.gsa.search.core.google.gaia.LoginHelper.b(SourceFile:277)
10-11 18:42:57.155: W/Search.LoginHelper(12325): 	at com.google.android.apps.gsa.search.core.google.gaia.y.call(SourceFile:3)
10-11 18:42:57.155: W/Search.LoginHelper(12325): 	at java.util.concurrent.FutureTask.run(FutureTask.java:266)
10-11 18:42:57.155: W/Search.LoginHelper(12325): 	at java.util.concurrent.Executors$RunnableAdapter.call(Executors.java:457)
10-11 18:42:57.155: W/Search.LoginHelper(12325): 	at java.util.concurrent.FutureTask.run(FutureTask.java:266)
10-11 18:42:57.155: W/Search.LoginHelper(12325): 	at com.google.android.apps.gsa.shared.util.concurrent.a.h.run(Unknown Source:4)
10-11 18:42:57.155: W/Search.LoginHelper(12325): 	at com.google.android.apps.gsa.shared.util.concurrent.a.ap.run(SourceFile:4)
10-11 18:42:57.155: W/Search.LoginHelper(12325): 	at com.google.android.apps.gsa.shared.util.concurrent.a.ap.run(SourceFile:4)
10-11 18:42:57.155: W/Search.LoginHelper(12325): 	at java.util.concurrent.ThreadPoolExecutor.runWorker(ThreadPoolExecutor.java:1162)
10-11 18:42:57.155: W/Search.LoginHelper(12325): 	at java.util.concurrent.ThreadPoolExecutor$Worker.run(ThreadPoolExecutor.java:636)
10-11 18:42:57.155: W/Search.LoginHelper(12325): 	at java.lang.Thread.run(Thread.java:764)
10-11 18:42:57.155: W/Search.LoginHelper(12325): 	at com.google.android.apps.gsa.shared.util.concurrent.a.l.run(SourceFile:6)
10-11 18:42:57.156: W/ErrorReporter(12325): reportError [type: 477, code: 1441801]: null
10-11 18:42:57.156: W/OAuthCookieFetcher(12325): Failed to retrieve OAuth token and / or GAIA ID
10-11 18:42:57.156: I/zygote64(11860): Deoptimizing java.lang.Object of.put(java.lang.Object, java.lang.Object) due to JIT inline cache
10-11 18:42:57.156: W/Search.LoginHelper(12325): User recoverable exception for scope: oauth2:https://www.googleapis.com/auth/googlenow
10-11 18:42:57.156: W/Search.LoginHelper(12325): com.google.android.gms.auth.g: Cached recoverable exception
10-11 18:42:57.156: W/Search.LoginHelper(12325): 	at com.google.android.apps.gsa.search.core.google.gaia.i.b(SourceFile:30)
10-11 18:42:57.156: W/Search.LoginHelper(12325): 	at com.google.android.apps.gsa.search.core.google.gaia.h.a(SourceFile:13)
10-11 18:42:57.156: W/Search.LoginHelper(12325): 	at com.google.android.apps.gsa.search.core.google.gaia.h.b(SourceFile:8)
10-11 18:42:57.156: W/Search.LoginHelper(12325): 	at com.google.android.apps.gsa.search.core.google.gaia.LoginHelper.b(SourceFile:277)
10-11 18:42:57.156: W/Search.LoginHelper(12325): 	at com.google.android.apps.gsa.search.core.google.gaia.y.call(SourceFile:3)
10-11 18:42:57.156: W/Search.LoginHelper(12325): 	at java.util.concurrent.FutureTask.run(FutureTask.java:266)
10-11 18:42:57.156: W/Search.LoginHelper(12325): 	at java.util.concurrent.Executors$RunnableAdapter.call(Executors.java:457)
10-11 18:42:57.156: W/Search.LoginHelper(12325): 	at java.util.concurrent.FutureTask.run(FutureTask.java:266)
10-11 18:42:57.156: W/Search.LoginHelper(12325): 	at com.google.android.apps.gsa.shared.util.concurrent.a.h.run(Unknown Source:4)
10-11 18:42:57.156: W/Search.LoginHelper(12325): 	at com.google.android.apps.gsa.shared.util.concurrent.a.ap.run(SourceFile:4)
10-11 18:42:57.156: W/Search.LoginHelper(12325): 	at com.google.android.apps.gsa.shared.util.concurrent.a.ap.run(SourceFile:4)
10-11 18:42:57.156: W/Search.LoginHelper(12325): 	at java.util.concurrent.ThreadPoolExecutor.runWorker(ThreadPoolExecutor.java:1162)
10-11 18:42:57.156: W/Search.LoginHelper(12325): 	at java.util.concurrent.ThreadPoolExecutor$Worker.run(ThreadPoolExecutor.java:636)
10-11 18:42:57.156: W/Search.LoginHelper(12325): 	at java.lang.Thread.run(Thread.java:764)
10-11 18:42:57.156: W/Search.LoginHelper(12325): 	at com.google.android.apps.gsa.shared.util.concurrent.a.l.run(SourceFile:6)
10-11 18:42:57.157: E/VelvetNetworkClient(12325): Failed to get auth token
10-11 18:42:57.159: E/ctxmgr(11839): [NetworkUtil]No active synchronizable contexts.
10-11 18:42:57.161: I/GeofencerStateMachine(11839): removeGeofences: removeRequest=RemoveGeofencingRequest[REMOVE_BY_PENDING_INTENT pendingIntent=PendingIntent[creatorPackage=com.google.android.gms], packageName=null]
10-11 18:42:57.168: I/Places(11839): ?: Couldn't find platform key file.
10-11 18:42:57.187: I/zygote64(11839): Background concurrent copying GC freed 74079(4MB) AllocSpace objects, 7(140KB) LOS objects, 50% free, 5MB/11MB, paused 20.487ms total 308.610ms
10-11 18:42:57.236: I/GeofencerStateMachine(11839): removeGeofences: removeRequest=RemoveGeofencingRequest[REMOVE_BY_PENDING_INTENT pendingIntent=PendingIntent[creatorPackage=com.google.android.gms], packageName=null]
10-11 18:42:57.237: I/chatty(11839): uid=10021(u0_a21) com.google.android.gms.persistent identical 1 line
10-11 18:42:57.251: I/GeofencerStateMachine(11839): removeGeofences: removeRequest=RemoveGeofencingRequest[REMOVE_BY_PENDING_INTENT pendingIntent=PendingIntent[creatorPackage=com.google.android.gms], packageName=null]
10-11 18:42:57.254: I/ProcessCheckinRequest(11860): Get token from PseudonymousIdApi: 114=f3G1_y87CxUviOJHZiK5wkfcb7R7N97yFHG8vxgS0eJ70vfmBvXFp-IwqZdKmkm1iFhbTxEfuLC3JcFWb7TF6CPfGlHLxTtnQOq3oHmrPQ2QFR9BBo8ht0xBq4VE6Wef
10-11 18:42:57.269: I/CheckinRequestBuilder(11860): Checkin reason type: 4 attempt count: 1
10-11 18:42:57.332: E/ActivityThread(11860): Failed to find provider info for com.google.android.wearable.settings
10-11 18:42:57.358: I/zygote64(899): Background concurrent copying GC freed 37355(1935KB) AllocSpace objects, 9(340KB) LOS objects, 42% free, 13MB/23MB, paused 203us total 125.830ms
10-11 18:42:57.403: I/zygote64(12325): Compiler allocated 17MB to compile void com.google.android.apps.gsa.shared.config.a.k.axt()
10-11 18:42:57.406: I/CheckinRequestBuilder(11860): Unknown state of subscriptions on the device
10-11 18:42:57.408: I/GoogleURLConnFactory(11839): Using platform SSLCertificateSocketFactory
10-11 18:42:57.419: W/Auth(11839): [GetToken] GetToken failed with status code: INVALID_SCOPE
10-11 18:42:57.419: E/Auth.Api.Credentials(11860): [SyncManager] Error during the sync.
10-11 18:42:57.419: E/Auth.Api.Credentials(11860): dzf: INVALID_SCOPE
10-11 18:42:57.419: E/Auth.Api.Credentials(11860): 	at dzj.a(:com.google.android.gms@11509440:16)
10-11 18:42:57.419: E/Auth.Api.Credentials(11860): 	at dzi.a(:com.google.android.gms@11509440:2)
10-11 18:42:57.419: E/Auth.Api.Credentials(11860): 	at dzi.e(:com.google.android.gms@11509440:6)
10-11 18:42:57.419: E/Auth.Api.Credentials(11860): 	at dzi.d(:com.google.android.gms@11509440:1)
