10-11 18:42:34.402: D/Primes(11630): MagicEye logging metric disabled
10-11 18:42:34.415: D/Ringtone(11548): Successfully created local player
10-11 18:42:34.437: I/PlayMovies(11630): RefreshLicenseTaskService.forceLicenseRefreshNow:66 Scheduled task now refresh_license_forced
10-11 18:42:34.449: D/PlayMovies(11630): PersistentCache.cleanup:104 Cache is below limit, no need to shrink: [size=0, limit=5242880]
10-11 18:42:34.469: W/Finsky(11674): [2] com.google.android.finsky.application.FinskyAppImpl.at(1142): No account configured on this device.
10-11 18:42:34.488: W/Finsky(11674): [2] com.google.android.finsky.application.FinskyAppImpl.at(1142): No account configured on this device.
10-11 18:42:34.505: I/GoogleURLConnFactory(5458): Using platform SSLCertificateSocketFactory
10-11 18:42:34.537: W/Finsky(11674): [2] com.google.android.finsky.application.FinskyAppImpl.at(1142): No account configured on this device.
10-11 18:42:34.594: I/chatty(11674): uid=10040(u0_a40) com.android.vending identical 7 lines
10-11 18:42:34.612: W/Finsky(11674): [2] com.google.android.finsky.application.FinskyAppImpl.at(1142): No account configured on this device.
10-11 18:42:34.615: D/DownloadManager(11585): [31] Starting
10-11 18:42:34.629: W/Finsky(11674): [2] com.google.android.finsky.application.FinskyAppImpl.at(1142): No account configured on this device.
10-11 18:42:34.662: I/chatty(11674): uid=10040(u0_a40) com.android.vending identical 8 lines
10-11 18:42:34.663: W/Finsky(11674): [2] com.google.android.finsky.application.FinskyAppImpl.at(1142): No account configured on this device.
10-11 18:42:34.665: W/YouTube(11692): Fetching the Gservices key 'failsafe_maxnumbercrash_12_15' before the end of the bulk initialization
10-11 18:42:34.679: W/Finsky(11674): [2] com.google.android.finsky.application.FinskyAppImpl.at(1142): No account configured on this device.
10-11 18:42:34.680: I/chatty(11674): uid=10040(u0_a40) com.android.vending identical 1 line
10-11 18:42:34.681: W/Finsky(11674): [2] com.google.android.finsky.application.FinskyAppImpl.at(1142): No account configured on this device.
10-11 18:42:34.681: I/Finsky(11674): [2] com.google.android.finsky.hygiene.DailyHygiene.a(30): No recent hygiene success, needs more hygiene.
10-11 18:42:34.682: W/Finsky(11674): [2] com.google.android.finsky.application.FinskyAppImpl.at(1142): No account configured on this device.
10-11 18:42:34.700: I/chatty(11674): uid=10040(u0_a40) com.android.vending identical 2 lines
10-11 18:42:34.702: W/Finsky(11674): [2] com.google.android.finsky.application.FinskyAppImpl.at(1142): No account configured on this device.
10-11 18:42:34.702: W/Settings(11674): Setting download_manager_max_bytes_over_mobile has moved from android.provider.Settings.Secure to android.provider.Settings.Global.
10-11 18:42:34.703: W/Settings(11674): Setting download_manager_recommended_max_bytes_over_mobile has moved from android.provider.Settings.Secure to android.provider.Settings.Global.
10-11 18:42:34.705: W/Finsky(11674): [2] com.google.android.finsky.application.FinskyAppImpl.at(1142): No account configured on this device.
10-11 18:42:34.732: W/ActivityManager(899): Unable to start service Intent { cmp=com.google.android.gm/com.android.email.service.AttachmentService } U=0: not found
10-11 18:42:34.762: W/ActivityManager(899): Unable to start service Intent { cmp=com.google.android.gm.exchange/com.android.exchange.service.EasService } U=0: not found
10-11 18:42:34.771: W/YouTube(11692): Fetching the Gservices key 'disable_binder_callback_flush' before the end of the bulk initialization
10-11 18:42:34.809: W/Finsky(11674): [2] com.google.android.finsky.application.FinskyAppImpl.at(1142): No account configured on this device.
10-11 18:42:34.811: I/chatty(11674): uid=10040(u0_a40) com.android.vending identical 3 lines
10-11 18:42:34.813: W/Finsky(11674): [2] com.google.android.finsky.application.FinskyAppImpl.at(1142): No account configured on this device.
10-11 18:42:34.813: W/Finsky(11674): [2] com.google.android.finsky.application.FinskyAppImpl.a(890): No account configured on this device.
10-11 18:42:34.815: W/Finsky(11674): [2] com.google.android.finsky.application.FinskyAppImpl.at(1142): No account configured on this device.
10-11 18:42:34.851: I/chatty(11674): uid=10040(u0_a40) com.android.vending identical 9 lines
10-11 18:42:34.855: W/Finsky(11674): [2] com.google.android.finsky.application.FinskyAppImpl.at(1142): No account configured on this device.
10-11 18:42:34.864: W/Finsky(11674): [599] com.google.android.finsky.application.FinskyAppImpl.at(1142): No account configured on this device.
10-11 18:42:34.877: I/Finsky(11674): [599] com.google.android.finsky.bk.a.a(64): Will not allow first-party apps signed by test keys
10-11 18:42:34.890: W/SearchService(1895): Abort, client detached.
10-11 18:42:34.901: I/Finsky(11674): [599] com.google.android.finsky.contentfilter.impl.q.a(8): Received content filters request from com.google.android.videos
10-11 18:42:34.912: E/YouTube(11692): flushBinderConnectionCallbacks is unverified on SDK 26
10-11 18:42:34.924: W/Finsky(11674): [599] com.google.android.finsky.application.FinskyAppImpl.at(1142): No account configured on this device.
10-11 18:42:34.935: V/MediaPlayer(11548): resetDrmState:  mDrmInfo=null mDrmProvisioningThread=null mPrepareDrmInProgress=false mActiveDrmScheme=false
10-11 18:42:34.935: V/MediaPlayer(11548): cleanDrmObj: mDrmObj=null mDrmSessionId=null
10-11 18:42:34.935: D/NuPlayerDriver(689): reset(0xf0da1000) at state 4
10-11 18:42:34.935: D/NuPlayerDriver(689): notifyListener_l(0xf0da1000), (8, 0, 0, -1), loop setting(1, 0)
10-11 18:42:34.936: D/NuPlayerDriver(689): notifyResetComplete(0xf0da1000)
10-11 18:42:34.938: D/MediaAnalyticsService(685): MediaAnalyticsService::newSummarizerSet
10-11 18:42:34.966: D/AppIndexApi(11548): Logging objectbjo@1b12b6f
10-11 18:42:34.982: W/Finsky(11674): [2] com.google.android.finsky.application.FinskyAppImpl.at(1142): No account configured on this device.
10-11 18:42:34.987: W/Finsky(11674): [2] com.google.android.finsky.application.FinskyAppImpl.at(1142): No account configured on this device.
10-11 18:42:34.988: I/Finsky(11674): [2] com.google.android.finsky.installer.a.c.a(928): Installer kick - no action, not running yet
10-11 18:42:35.006: W/Finsky(11674): [626] com.google.android.finsky.application.FinskyAppImpl.at(1142): No account configured on this device.
10-11 18:42:35.022: I/zygote64(899): Background concurrent copying GC freed 15470(919KB) AllocSpace objects, 13(280KB) LOS objects, 42% free, 11MB/20MB, paused 217us total 574.465ms
10-11 18:42:35.036: D/NetworkSecurityConfig(11585): Using Network Security Config from resource network_security_config debugBuild: false
10-11 18:42:35.047: V/MediaRouter(11692): Adding route: RouteInfo{ name=Teléfono, description=null, status=null, category=RouteCategory{ name=Sistema types=ROUTE_TYPE_LIVE_AUDIO ROUTE_TYPE_LIVE_VIDEO  groupable=false }, supportedTypes=ROUTE_TYPE_LIVE_AUDIO ROUTE_TYPE_LIVE_VIDEO , presentationDisplay=null }
10-11 18:42:35.055: V/MediaRouter(11692): Dispatching route change: RouteInfo{ name=Auriculares, description=null, status=null, category=RouteCategory{ name=Sistema types=ROUTE_TYPE_LIVE_AUDIO ROUTE_TYPE_LIVE_VIDEO  groupable=false }, supportedTypes=ROUTE_TYPE_LIVE_AUDIO ROUTE_TYPE_LIVE_VIDEO , presentationDisplay=null }
10-11 18:42:35.055: V/MediaRouter(11692): Audio routes updated: AudioRoutesInfo{ type=HEADPHONES }, a2dp=false
10-11 18:42:35.057: V/MediaRouter(11692): Selecting route: RouteInfo{ name=Auriculares, description=null, status=null, category=RouteCategory{ name=Sistema types=ROUTE_TYPE_LIVE_AUDIO ROUTE_TYPE_LIVE_VIDEO  groupable=false }, supportedTypes=ROUTE_TYPE_LIVE_AUDIO ROUTE_TYPE_LIVE_VIDEO , presentationDisplay=null }
10-11 18:42:35.096: W/Finsky(11674): [2] com.google.android.finsky.application.FinskyAppImpl.at(1142): No account configured on this device.
10-11 18:42:35.098: W/Finsky(11674): [2] com.google.android.finsky.application.FinskyAppImpl.at(1142): No account configured on this device.
10-11 18:42:35.105: I/Finsky(11674): [2] com.google.android.finsky.h.a.a.a(14): result=false type=4
10-11 18:42:35.112: W/Finsky(11674): [2] com.google.android.finsky.application.FinskyAppImpl.at(1142): No account configured on this device.
10-11 18:42:35.114: W/Finsky(11674): [2] com.google.android.finsky.application.FinskyAppImpl.at(1142): No account configured on this device.
10-11 18:42:35.116: D/NetworkSecurityConfig(11585): No Network Security Config specified, using platform default
10-11 18:42:35.119: W/Finsky(11674): [2] com.google.android.finsky.application.FinskyAppImpl.at(1142): No account configured on this device.
10-11 18:42:35.121: W/Finsky(11674): [2] com.google.android.finsky.application.FinskyAppImpl.at(1142): No account configured on this device.
10-11 18:42:35.126: W/Finsky(11674): [2] com.google.android.finsky.setup.RestoreServiceV2.b(93): Redelivery of startup intent - dropping it
10-11 18:42:35.185: I/Icing(5484): IndexChimeraService.getServiceInterface callingPackage=com.google.android.gms componentName=AppsCorpus serviceId=36
10-11 18:42:35.191: I/Icing(5484): IndexChimeraService.getServiceInterface callingPackage=com.google.android.gms componentName=AppsCorpus serviceId=32
10-11 18:42:35.246: W/Finsky(11674): [626] com.google.android.finsky.application.FinskyAppImpl.at(1142): No account configured on this device.
10-11 18:42:35.247: I/zygote64(11519): Background concurrent copying GC freed 33037(2MB) AllocSpace objects, 3(2MB) LOS objects, 50% free, 4MB/9MB, paused 21.136ms total 192.833ms
10-11 18:42:35.248: W/Finsky(11674): [626] com.google.android.finsky.application.FinskyAppImpl.at(1142): No account configured on this device.
10-11 18:42:35.267: W/android.youtube(11692): type=1400 audit(0.0:102): avc: denied { open } for path="/data/data/com.google.android.youtube/files/offline/.offlineWhatToWatchBrowse" dev="sda35" ino=868501 scontext=u:r:untrusted_app:s0:c512,c768 tcontext=u:object_r:system_data_file:s0 tclass=file permissive=0
10-11 18:42:35.276: E/YouTube(11692): Failed to read offline browse from store
10-11 18:42:35.276: E/YouTube(11692): java.io.FileNotFoundException: /data/user/0/com.google.android.youtube/files/offline/.offlineWhatToWatchBrowse (Permission denied)
10-11 18:42:35.276: E/YouTube(11692): 	at java.io.FileInputStream.open0(Native Method)
10-11 18:42:35.276: E/YouTube(11692): 	at java.io.FileInputStream.open(FileInputStream.java:200)
10-11 18:42:35.276: E/YouTube(11692): 	at java.io.FileInputStream.<init>(FileInputStream.java:150)
10-11 18:42:35.276: E/YouTube(11692): 	at oyf.b(SourceFile:19)
10-11 18:42:35.276: E/YouTube(11692): 	at oyf.a(SourceFile:6)
10-11 18:42:35.276: E/YouTube(11692): 	at elh.c(SourceFile:67)
10-11 18:42:35.276: E/YouTube(11692): 	at elh.a(SourceFile:34)
10-11 18:42:35.276: E/YouTube(11692): 	at ekw.a(SourceFile:85)
10-11 18:42:35.276: E/YouTube(11692): 	at cgc.run(SourceFile:6)
10-11 18:42:35.276: E/YouTube(11692): 	at ovj.execute(SourceFile:17)
10-11 18:42:35.276: E/YouTube(11692): 	at com.google.android.apps.youtube.app.YouTubeApplication.onCreate(SourceFile:659)
10-11 18:42:35.276: E/YouTube(11692): 	at android.app.Instrumentation.callApplicationOnCreate(Instrumentation.java:1118)
10-11 18:42:35.276: E/YouTube(11692): 	at android.app.ActivityThread.handleBindApplication(ActivityThread.java:5791)
10-11 18:42:35.276: E/YouTube(11692): 	at android.app.ActivityThread.-wrap1(Unknown Source:0)
10-11 18:42:35.276: E/YouTube(11692): 	at android.app.ActivityThread$H.handleMessage(ActivityThread.java:1661)
10-11 18:42:35.276: E/YouTube(11692): 	at android.os.Handler.dispatchMessage(Handler.java:105)
10-11 18:42:35.276: E/YouTube(11692): 	at android.os.Looper.loop(Looper.java:164)
10-11 18:42:35.276: E/YouTube(11692): 	at android.app.ActivityThread.main(ActivityThread.java:6541)
10-11 18:42:35.276: E/YouTube(11692): 	at java.lang.reflect.Method.invoke(Native Method)
10-11 18:42:35.276: E/YouTube(11692): 	at com.android.internal.os.Zygote$MethodAndArgsCaller.run(Zygote.java:240)
10-11 18:42:35.276: E/YouTube(11692): 	at com.android.internal.os.ZygoteInit.main(ZygoteInit.java:767)
10-11 18:42:35.328: W/Finsky(11674): [626] com.google.android.finsky.application.FinskyAppImpl.at(1142): No account configured on this device.
10-11 18:42:35.448: W/BroadcastQueue(899): Background execution not allowed: receiving Intent { act=com.google.android.systemui.OPA_ENABLED flg=0x10000010 (has extras) } to com.google.android.apps.nexuslauncher/.qsb.OPAStatusReceiver
10-11 18:42:35.460: V/MediaRouter(11692): Selecting route: RouteInfo{ name=Auriculares, description=null, status=null, category=RouteCategory{ name=Sistema types=ROUTE_TYPE_LIVE_AUDIO ROUTE_TYPE_LIVE_VIDEO  groupable=false }, supportedTypes=ROUTE_TYPE_LIVE_AUDIO ROUTE_TYPE_LIVE_VIDEO , presentationDisplay=null }
10-11 18:42:35.473: D/NetworkSecurityConfig(11692): No Network Security Config specified, using platform default
10-11 18:42:35.502: I/zygote64(11519): Do partial code cache collection, code=62KB, data=37KB
10-11 18:42:35.508: I/zygote64(11519): After code cache collection, code=56KB, data=35KB
10-11 18:42:35.508: I/zygote64(11519): Increasing code cache capacity to 256KB
10-11 18:42:35.526: W/ActivityManager(899): Permission Denial: Accessing service ComponentInfo{com.google.android.music/com.google.android.music.dial.DialMediaRouteProviderService} from pid=11692, uid=10109 that is not exported from uid 10089
10-11 18:42:35.683: W/ActivityManager(899): Unable to start service Intent { flg=0x4 cmp=com.android.vending/com.google.android.finsky.hygiene.DailyHygiene$DailyHygieneService (has extras) } U=0: not found
10-11 18:42:35.742: I/zygote64(11196): Waiting for a blocking GC ProfileSaver
10-11 18:42:35.754: I/zygote64(11196): WaitForGcToComplete blocked for 11.790ms for cause ProfileSaver
10-11 18:42:35.800: I/zygote64(11519): Background concurrent copying GC freed 70238(2MB) AllocSpace objects, 9(3MB) LOS objects, 49% free, 6MB/13MB, paused 686us total 126.722ms
10-11 18:42:35.877: W/YouTube(11692): ECatcher disabled: level: WARNING, category: initialization, message: Initialization Exception
10-11 18:42:35.877: W/YouTube(11692): java.lang.IllegalArgumentException
10-11 18:42:35.877: W/YouTube(11692): 	at adac.a(SourceFile:2)
10-11 18:42:35.877: W/YouTube(11692): 	at poo.a(SourceFile:4)
10-11 18:42:35.877: W/YouTube(11692): 	at poa.a(SourceFile:1)
10-11 18:42:35.877: W/YouTube(11692): 	at vlj.g(SourceFile:107)
10-11 18:42:35.877: W/YouTube(11692): 	at vlj.c(SourceFile:90)
10-11 18:42:35.877: W/YouTube(11692): 	at vfr.c(SourceFile:53)
10-11 18:42:35.877: W/YouTube(11692): 	at eiy.a(SourceFile:10)
10-11 18:42:35.877: W/YouTube(11692): 	at cfw.run(SourceFile:4)
10-11 18:42:35.877: W/YouTube(11692): 	at java.util.concurrent.Executors$RunnableAdapter.call(Executors.java:457)
10-11 18:42:35.877: W/YouTube(11692): 	at java.util.concurrent.FutureTask.run(FutureTask.java:266)
10-11 18:42:35.877: W/YouTube(11692): 	at java.util.concurrent.ScheduledThreadPoolExecutor$ScheduledFutureTask.run(ScheduledThreadPoolExecutor.java:301)
10-11 18:42:35.877: W/YouTube(11692): 	at java.util.concurrent.ThreadPoolExecutor.runWorker(ThreadPoolExecutor.java:1162)
10-11 18:42:35.877: W/YouTube(11692): 	at java.util.concurrent.ThreadPoolExecutor$Worker.run(ThreadPoolExecutor.java:636)
10-11 18:42:35.877: W/YouTube(11692): 	at poc.run(SourceFile:24)
10-11 18:42:35.877: W/YouTube(11692): 	at java.lang.Thread.run(Thread.java:764)
10-11 18:42:35.900: I/zygote64(5458): Background concurrent copying GC freed 76812(3MB) AllocSpace objects, 9(5MB) LOS objects, 49% free, 11MB/23MB, paused 4.158ms total 345.185ms
10-11 18:42:35.913: W/Icing(5458): Failed to connect to Lockbox API
10-11 18:42:35.913: W/Icing(5458): getSignedInAccountName: Falling back to default value
10-11 18:42:35.913: W/Icing(5458): isOptedInForAppHistory: empty Account Name encountered
10-11 18:42:35.920: V/NativeCrypto(11692): Registering com/google/android/gms/org/conscrypt/NativeCrypto's 259 native methods...
10-11 18:42:35.942: I/WearableService(5458): Wearable Services not starting - Wear is not available on this device.
10-11 18:42:35.962: D/WearableService(5458): onGetService - Wear is not available on this device.
10-11 18:42:35.967: E/Finsky(11674): [2] com.google.android.finsky.wear.bl.a(3): onConnectionFailed: ConnectionResult{statusCode=API_UNAVAILABLE, resolution=null, message=null}
10-11 18:42:35.970: W/AlarmManager(899): Unrecognized alarm listener com.android.server.wifi.WifiConfigStore$1@cef652f
10-11 18:42:35.973: I/zygote64(5458): Deoptimizing void maz.a(android.os.Bundle) due to JIT inline cache
10-11 18:42:35.976: W/Finsky(11674): [2] com.google.android.finsky.wear.aj.run(9): Dropping command=send_installed_apps due to Gms not connected
10-11 18:42:35.977: I/EventLogSendingHelper(1895): Sending log events.
10-11 18:42:35.981: I/DrmHal(683): makeDrmFactories: factory instance default is Remote
10-11 18:42:35.983: I/DrmHal(683): makeDrmFactories: factory instance widevine is Remote
10-11 18:42:35.989: D/WVCdm(618): Instantiating CDM.
10-11 18:42:35.990: I/WVCdm(618): CdmEngine::OpenSession
10-11 18:42:35.991: I/WVCdm(618): Level3 Library 4445 May 19 2017 17:17:20
10-11 18:42:35.991: I/WVCdm(618): [ 10-11 18:42:35.994   618: 6046 D/         ]
10-11 18:42:35.991: I/WVCdm(618): CPPF_ServiceInitialize: start!
10-11 18:42:35.994: D/QSEECOMAPI(618): QSEECom_get_handle sb_length = 0x2800
10-11 18:42:35.995: D/QSEECOMAPI(618): App is not loaded in QSEE
10-11 18:42:35.995: D/QSEECOMAPI(618): app_arch = 2, total_files = 8
10-11 18:42:36.004: I/CastDatabase(5484): Opening the database
10-11 18:42:36.014: D/QSEECOMAPI(618): Loaded image: APP id = 25
10-11 18:42:36.014: D/QSEECOMAPI(618): [ 10-11 18:42:36.015   618: 6046 D/         ]
10-11 18:42:36.014: D/QSEECOMAPI(618): CPPF_ServiceInitialize: end! returns 0
10-11 18:42:36.015: D/QSEECOMAPI(618): QSEECom_get_handle sb_length = 0x19000
10-11 18:42:36.015: D/QSEECOMAPI(618): App is not loaded in QSEE
10-11 18:42:36.015: D/QSEECOMAPI(618): app_arch = 2, total_files = 8
10-11 18:42:36.048: D/QSEECOMAPI(618): Loaded image: APP id = 26
10-11 18:42:36.052: I/AlarmClock(11548): Finished indexing all application data.
10-11 18:42:36.054: D/QSAPPSVER(618): qsapps_get_capabilities: Capability from secure side: 0x1
10-11 18:42:36.054: D/QSAPPSVER(618): qsapps_get_capabilities: returns 0
10-11 18:42:36.054: E/DrmWidevineDash(618): sion_buffer g_wv_fhandle->ion_sbuffer  0x0xefb05000
10-11 18:42:36.055: E/DrmWidevineDash(618): perf_lock on! g_qsee_apps_version = 0x37
10-11 18:42:36.061: D/WifiConfigStore(899): Writing to stores completed in 90 ms.
10-11 18:42:36.086: I/LocaleChangeIO(5458): Requesting GmsCore restart due to change in locale assets
10-11 18:42:36.087: I/Process(5458): Sending signal. PID: 5458 SIG: 9
10-11 18:42:36.088: I/Process(5484): Sending signal. PID: 5484 SIG: 9
10-11 18:42:36.125: D/DrmLibTime(682): got the req here! ret=0
10-11 18:42:36.125: D/DrmLibTime(682): command id, time_cmd_id = 770
10-11 18:42:36.125: D/DrmLibTime(682): time_getutcsec starts!
10-11 18:42:36.125: D/DrmLibTime(682): QSEE Time Listener: time_getutcsec
10-11 18:42:36.125: D/DrmLibTime(682): QSEE Time Listener: get_utc_seconds
10-11 18:42:36.125: D/DrmLibTime(682): QSEE Time Listener: seconds: 1507772556
10-11 18:42:36.125: D/DrmLibTime(682): QSEE Time Listener: nano seconds: 125771566
10-11 18:42:36.125: D/DrmLibTime(682): time_getutcsec returns 0, sec = 1507772556; nsec = 125771566
10-11 18:42:36.125: D/DrmLibTime(682): time_getutcsec finished! 
10-11 18:42:36.125: D/DrmLibTime(682): iotcl_continue_command finished! and return 0 
10-11 18:42:36.125: D/DrmLibTime(682): before calling ioctl to read the next time_cmd
10-11 18:42:36.179: W/GoogleAccountDataServiceClient(11471): [GoogleAccountDataServiceClient]  RemoteException when executing call!
10-11 18:42:36.179: W/GoogleAccountDataServiceClient(11471): android.os.DeadObjectException
10-11 18:42:36.179: W/GoogleAccountDataServiceClient(11471): 	at android.os.BinderProxy.transactNative(Native Method)
10-11 18:42:36.179: W/GoogleAccountDataServiceClient(11471): 	at android.os.BinderProxy.transact(Binder.java:748)
10-11 18:42:36.179: W/GoogleAccountDataServiceClient(11471): 	at cl.a(Unknown Source:28)
10-11 18:42:36.179: W/GoogleAccountDataServiceClient(11471): 	at aq.a(Unknown Source:1000)
10-11 18:42:36.179: W/GoogleAccountDataServiceClient(11471): 	at ao.a(Unknown Source:0)
10-11 18:42:36.179: W/GoogleAccountDataServiceClient(11471): 	at o.call(PG:3000)
10-11 18:42:36.179: W/GoogleAccountDataServiceClient(11471): 	at r.a(PG:43)
10-11 18:42:36.179: W/GoogleAccountDataServiceClient(11471): 	at m.a(PG:3156)
10-11 18:42:36.179: W/GoogleAccountDataServiceClient(11471): 	at m.call(PG:31)
10-11 18:42:36.179: W/GoogleAccountDataServiceClient(11471): 	at q.a(PG:91)
10-11 18:42:36.179: W/GoogleAccountDataServiceClient(11471): 	at mq.a(PG:16214)
10-11 18:42:36.179: W/GoogleAccountDataServiceClient(11471): 	at mq.a(PG:16188)
10-11 18:42:36.179: W/GoogleAccountDataServiceClient(11471): 	at mq.onTransact(PG:118)
10-11 18:42:36.179: W/GoogleAccountDataServiceClient(11471): 	at android.os.Binder.execTransact(Binder.java:674)
10-11 18:42:36.180: D/ConnectivityService(899): ConnectivityService NetworkRequestInfo binderDied(NetworkRequest [ LISTEN id=12, [ Transports: WIFI Capabilities: INTERNET&NOT_RESTRICTED&NOT_VPN] ], android.os.BinderProxy@94c2713)
10-11 18:42:36.181: W/BackupTransportManager(899): Disconnected from transport com.google.android.gms/.backup.component.D2dTransportService
10-11 18:42:36.181: D/BackupTransportManager(899): Scheduled explicit rebinding for com.google.android.gms/.backup.component.D2dTransportService in 300000ms
10-11 18:42:36.181: D/GnssStatusListenerHelper(899): Remote Listener died: android.location.IGnssStatusListener$Stub$Proxy@5069d50
10-11 18:42:36.181: W/BackupTransportManager(899): Disconnected from transport com.google.android.gms/.backup.BackupTransportService
10-11 18:42:36.182: E/ConnectivityService(899): RemoteException caught trying to send a callback msg for NetworkRequest [ LISTEN id=12, [ Transports: WIFI Capabilities: INTERNET&NOT_RESTRICTED&NOT_VPN] ]
10-11 18:42:36.184: D/BackupTransportManager(899): Scheduled explicit rebinding for com.google.android.gms/.backup.BackupTransportService in 300000ms
10-11 18:42:36.185: I/ActivityManager(899): Process com.google.android.gms.persistent (pid 5458) has died: fore BFGS
10-11 18:42:36.191: W/ActivityManager(899): Scheduling restart of crashed service com.google.android.gms/.chimera.PersistentBoundBrokerService in 1000ms
10-11 18:42:36.191: W/ActivityManager(899): Scheduling restart of crashed service com.google.android.gms/.auth.setup.devicesignals.LockScreenService in 10999ms
10-11 18:42:36.191: W/ActivityManager(899): Scheduling restart of crashed service com.google.android.gms/com.google.android.contextmanager.service.ContextManagerService in 20999ms
10-11 18:42:36.192: W/ActivityManager(899): Scheduling restart of crashed service com.google.android.gms/.chimera.PersistentIntentOperationService in 30999ms
10-11 18:42:36.192: W/ActivityManager(899): Scheduling restart of crashed service com.google.android.gms/.gcm.GcmService in 40999ms
10-11 18:42:36.192: W/ActivityManager(899): Scheduling restart of crashed service com.google.android.gms/.phenotype.service.PhenotypeService in 50999ms
10-11 18:42:36.192: I/zygote64(11272): Waiting for a blocking GC ProfileSaver
10-11 18:42:36.192: W/ActivityManager(899): Scheduling restart of crashed service com.google.android.gms/com.google.android.location.internal.server.GoogleLocationService in 60999ms
10-11 18:42:36.194: W/ActivityManager(899): Scheduling restart of crashed service com.google.android.gms/.auth.account.service.WorkAccountService in 70999ms
10-11 18:42:36.194: W/ActivityManager(899): Scheduling restart of crashed service com.google.android.gms/com.google.android.location.internal.server.HardwareArProviderService in 70997ms
10-11 18:42:36.195: W/ActivityManager(899): Scheduling restart of crashed service com.google.android.gms/.nearby.messages.service.NearbyMessagesService in 80997ms
10-11 18:42:36.195: W/ActivityManager(899): Scheduling restart of crashed service com.google.android.gms/com.google.android.location.geofencer.service.GeofenceProviderService in 90996ms
10-11 18:42:36.195: W/ActivityManager(899): Scheduling restart of crashed service com.google.android.gms/.auth.proximity.firstparty.SystemMemoryCacheService in 100996ms
10-11 18:42:36.196: W/ActivityManager(899): Scheduling restart of crashed service com.google.android.gms/.backup.BackupTransportService in 100996ms
10-11 18:42:36.196: W/ActivityManager(899): Scheduling restart of crashed service com.google.android.gms/com.google.android.location.network.NetworkLocationService in 110995ms
10-11 18:42:36.196: W/ActivityManager(899): Scheduling restart of crashed service com.google.android.gms/com.google.location.nearby.direct.service.NearbyDirectService in 120995ms
10-11 18:42:36.196: W/ActivityManager(899): Scheduling restart of crashed service com.google.android.gms/.lockbox.service.LockboxBrokerService in 120995ms
10-11 18:42:36.197: W/ActivityManager(899): Scheduling restart of crashed service com.google.android.gms/com.google.android.location.internal.GoogleLocationManagerService in 130995ms
10-11 18:42:36.197: W/ActivityManager(899): Scheduling restart of crashed service com.google.android.gms/.deviceconnection.service.DeviceConnectionWatcherService in 140994ms
10-11 18:42:36.197: W/ActivityManager(899): Scheduling restart of crashed service com.google.android.gms/.backup.component.D2dTransportService in 150994ms
10-11 18:42:36.198: W/ActivityManager(899): Scheduling restart of crashed service com.google.android.gms/.wearable.service.WearableService in 160994ms
10-11 18:42:36.198: W/ActivityManager(899): Scheduling restart of crashed service com.google.android.gms/.clearcut.service.ClearcutLoggerService in 170994ms
10-11 18:42:36.198: W/ActivityManager(899): Scheduling restart of crashed service com.google.android.gms/.common.stats.GmsCoreStatsService in 180993ms
10-11 18:42:36.198: W/ActivityManager(899): Scheduling restart of crashed service com.google.android.gms/com.google.android.location.geocode.GeocodeService in 190993ms
10-11 18:42:36.199: W/ActivityManager(899): Scheduling restart of crashed service com.google.android.gms/.auth.account.be.legacy.GoogleAccountDataService in 200993ms
10-11 18:42:36.205: I/ActivityThread(11519): Removing dead content provider:android.content.ContentProviderProxy@274210f
10-11 18:42:36.206: E/AuthService(11471): [ExponentialBackoffExecutor] Error when executing callable.
10-11 18:42:36.206: E/AuthService(11471): au: android.os.DeadObjectException
10-11 18:42:36.206: E/AuthService(11471): 	at ao.a(Unknown Source:0)
10-11 18:42:36.206: E/AuthService(11471): 	at o.call(PG:3000)
10-11 18:42:36.206: E/AuthService(11471): 	at r.a(PG:43)
10-11 18:42:36.206: E/AuthService(11471): 	at m.a(PG:3156)
10-11 18:42:36.206: E/AuthService(11471): 	at m.call(PG:31)
10-11 18:42:36.206: E/AuthService(11471): 	at q.a(PG:91)
10-11 18:42:36.206: E/AuthService(11471): 	at mq.a(PG:16214)
10-11 18:42:36.206: E/AuthService(11471): 	at mq.a(PG:16188)
10-11 18:42:36.206: E/AuthService(11471): 	at mq.onTransact(PG:118)
10-11 18:42:36.206: E/AuthService(11471): 	at android.os.Binder.execTransact(Binder.java:674)
10-11 18:42:36.206: E/AuthService(11471): Caused by: android.os.DeadObjectException
10-11 18:42:36.206: E/AuthService(11471): 	at android.os.BinderProxy.transactNative(Native Method)
10-11 18:42:36.206: E/AuthService(11471): 	at android.os.BinderProxy.transact(Binder.java:748)
10-11 18:42:36.206: E/AuthService(11471): 	at cl.a(Unknown Source:28)
10-11 18:42:36.206: E/AuthService(11471): 	at aq.a(Unknown Source:1000)
10-11 18:42:36.206: E/AuthService(11471): 	... 10 more
10-11 18:42:36.207: I/AuthService(11471): [AccountService] Execution time for add account with authorization code, options: Bundle[{}] is 3274 ms.
10-11 18:42:36.213: D/LoginUtil(11431): Failed to add Account {name=4A2NI7OQOTX46RNLLDCZ5QQEKA-00@cloudtestlabaccounts.com, type=com.google}, retrying ...
10-11 18:42:36.217: W/RocketImpressions(11291): ClearcutLogger connection suspended: 1
10-11 18:42:36.226: E/DrmWidevineDash(618): Error: OEMCrypto_GetKeyData keyDataLength = 0
10-11 18:42:36.226: W/WVCdm(618): File::Open: fopen failed: 2
10-11 18:42:36.226: W/WVCdm(618): Could not open /factory/wv.keys. Falling Back to L3.
10-11 18:42:36.227: I/zygote64(11272): WaitForGcToComplete blocked for 35.020ms for cause ProfileSaver
10-11 18:42:36.228: E/DrmWidevineDash(618): perf_lock off
10-11 18:42:36.229: D/QSEECOMAPI(618): QSEECom_dealloc_memory 
10-11 18:42:36.229: D/QSEECOMAPI(618): QSEECom_shutdown_app, app_id = 26
10-11 18:42:36.229: W/PhenotypeController(1895): Calling registerSyncInternal api failed.
10-11 18:42:36.229: W/PhenotypeController(1895): [ 10-11 18:42:36.230   618: 6046 D/         ]
10-11 18:42:36.229: W/PhenotypeController(1895): CPPF_ServiceUninitialize: start!
10-11 18:42:36.230: D/QSEECOMAPI(618): QSEECom_dealloc_memory 
10-11 18:42:36.230: D/QSEECOMAPI(618): QSEECom_shutdown_app, app_id = 25
10-11 18:42:36.230: D/QSEECOMAPI(618): [ 10-11 18:42:36.232   618: 6046 D/         ]
10-11 18:42:36.230: D/QSEECOMAPI(618): CPPF_ServiceUninitialize: end! returns 0
10-11 18:42:36.232: D/WVCdm(618): CryptoSession::Open: Lock: requested_security_level: Default
10-11 18:42:36.244: I/WVCdm(618): CdmEngine::QueryOemCryptoSessionId
10-11 18:42:36.249: I/WVCdm(618): CdmEngine::GenerateKeyRequest
10-11 18:42:36.250: D/WVCdm(618): PrepareKeyRequest: nonce=3186022563
10-11 18:42:36.251: I/ActivityManager(899): Killing 11147:com.android.carrierdefaultapp/u0a63 (adj 906): empty #17
10-11 18:42:36.329: I/ActivityManager(899): Start proc 11839:com.google.android.gms.persistent/u0a21 for service com.google.android.gms/.clearcut.service.ClearcutLoggerService
10-11 18:42:36.451: I/LoadedApk(11839): No resource references to update in package FFFFFFFFFFFFFFFFFFFFFF
10-11 18:42:36.469: I/WVCdm(618): CdmEngine::CloseSession
10-11 18:42:36.492: V/NativeCrypto(11839): Registering com/google/android/gms/org/conscrypt/NativeCrypto's 259 native methods...
10-11 18:42:36.506: D/NetworkSecurityConfig(11839): No Network Security Config specified, using platform default
10-11 18:42:36.507: I/ProviderInstaller(11839): Installed default security provider GmsCore_OpenSSL
10-11 18:42:36.518: I/zygote64(11291): Waiting for a blocking GC ProfileSaver
10-11 18:42:36.566: I/ActivityManager(899): Existing provider com.google.android.gms/.chimera.container.GmsModuleProvider is crashing; detaching ProcessRecord{5d7aa4c 11519:com.google.android.gms.unstable/u0a21}
10-11 18:42:36.566: I/ActivityManager(899): Process com.google.android.gms (pid 5484) has died: fore SVC 
10-11 18:42:36.567: W/ActivityManager(899): Scheduling restart of crashed service com.google.android.gms/.chimera.GmsIntentOperationService in 1000ms
10-11 18:42:36.567: W/ActivityManager(899): Scheduling restart of crashed service com.google.android.gms/.update.SystemUpdateService in 1000ms
10-11 18:42:36.567: W/ActivityManager(899): Scheduling restart of crashed service com.google.android.gms/.cast.media.CastMediaRouteProviderService in 1000ms
10-11 18:42:36.567: W/ActivityManager(899): Scheduling restart of crashed service com.google.android.gms/.icing.service.IndexWorkerService in 11000ms
10-11 18:42:36.578: I/ActivityManager(899): Start proc 11860:com.google.android.gms/u0a21 for content provider com.google.android.gms/.chimera.container.GmsModuleProvider
10-11 18:42:36.639: I/LoadedApk(11860): No resource references to update in package FFFFFFFFFFFFFFFFFFFFFF
10-11 18:42:36.682: W/zygote64(11692): Skipping duplicate class check due to unrecognized classloader
10-11 18:42:36.684: V/NativeCrypto(11860): Registering com/google/android/gms/org/conscrypt/NativeCrypto's 259 native methods...
10-11 18:42:36.714: D/NetworkSecurityConfig(11860): No Network Security Config specified, using platform default
10-11 18:42:36.719: I/ProviderInstaller(11860): Installed default security provider GmsCore_OpenSSL
10-11 18:42:36.724: I/zygote64(11291): WaitForGcToComplete blocked for 205.752ms for cause ProfileSaver
10-11 18:42:36.729: W/GoogleTagManager(1895): Failed to extract the container from the resource file. Resource is a UTF-8 encoded string but doesn't contain a JSON container
10-11 18:42:36.744: I/ProviderInstaller(11692): Installed default security provider GmsCore_OpenSSL
10-11 18:42:36.752: D/DynamitePackage(11692): Instantiated singleton DynamitePackage.
10-11 18:42:36.752: D/DynamitePackage(11692): Instantiating com.google.android.gms.ads.adshield.ChimeraAdShieldCreatorImpl
10-11 18:42:36.779: I/zygote64(11291): Deoptimizing java.lang.Object kot.get(java.lang.Object) due to JIT inline cache
10-11 18:42:36.803: I/DynamiteModule(11839): Considering local module com.google.android.gms.googlecertificates:4 and remote module com.google.android.gms.googlecertificates:4
10-11 18:42:36.803: I/DynamiteModule(11839): Selected local version of com.google.android.gms.googlecertificates
10-11 18:42:36.810: I/DynamiteModule(11519): Considering local module com.google.android.gms.googlecertificates:4 and remote module com.google.android.gms.googlecertificates:4
10-11 18:42:36.810: I/DynamiteModule(11519): Selected local version of com.google.android.gms.googlecertificates
10-11 18:42:37.010: W/zygote64(11519): Skipping duplicate class check due to unrecognized classloader
10-11 18:42:37.010: I/CastDatabase(11860): Opening the database
10-11 18:42:37.051: D/VoldConnector(899): SND -> {12 volume mkdirs /storage/emulated/0/Android/data/com.google.android.apps.docs/cache/}
10-11 18:42:37.052: D/VoldConnector(899): RCV <- {200 12 Command succeeded}
10-11 18:42:37.061: I/zygote64(11839): Background concurrent copying GC freed 9013(1018KB) AllocSpace objects, 4(80KB) LOS objects, 50% free, 3MB/6MB, paused 110us total 110.261ms
10-11 18:42:37.069: I/SQLiteCastDBHelper(11860): Creating cast database
10-11 18:42:37.097: I/zygote64(11519): Do full code cache collection, code=121KB, data=75KB
10-11 18:42:37.098: I/zygote64(11519): After code cache collection, code=54KB, data=36KB
10-11 18:42:37.102: I/zygote64(11839): Do partial code cache collection, code=30KB, data=23KB
10-11 18:42:37.103: I/zygote64(11839): After code cache collection, code=30KB, data=23KB
10-11 18:42:37.103: I/zygote64(11839): Increasing code cache capacity to 128KB
10-11 18:42:37.211: I/InstantApps(11839): HashPrefixFilterImpl: Registered O hash prefix filter.
10-11 18:42:37.215: I/NetRec(11839): [2] NetworkRecommendationService.onCreate: Creating service.
10-11 18:42:37.230: I/SQLiteCastStore(11860): 0 CastNetworkInfo instances loaded, 0 CastDeviceInfo instances loaded, 0 paired guest mode devices loaded.
10-11 18:42:37.285: I/zygote64(11354): Waiting for a blocking GC ProfileSaver
10-11 18:42:37.288: W/ResourceType(11839): No package identifier when getting value for resource number 0x00000000
10-11 18:42:37.288: W/ChimeraUtils(11839): Module com.google.android.gms.netrec missing resource netrec_module_display_name(0)
10-11 18:42:37.317: I/NetRec(11839): [2] yio.onChange: Starting service.
10-11 18:42:37.317: I/NetRec(11839): [2] yld.a: Now the active scorer.
10-11 18:42:37.337: W/NetRec(11839): [2] ylx.b: No account found! Falling back to anonymous logging.
10-11 18:42:37.338: I/CastSocket(11860): 26 >= 18. Adding new CastClientAuthKeyManager.
10-11 18:42:37.352: I/zygote64(11354): WaitForGcToComplete blocked for 66.623ms for cause ProfileSaver
10-11 18:42:37.360: I/DiscoveryManager(11860): WifiGuestModeDeviceScanner enabled.
10-11 18:42:37.367: W/Binder:11519_2(11532): type=1400 audit(0.0:103): avc: denied { read } for name="/" dev="tmpfs" ino=14511 scontext=u:r:priv_app:s0:c512,c768 tcontext=u:object_r:device:s0 tclass=dir permissive=0
10-11 18:42:37.367: W/Binder:11519_2(11532): type=1400 audit(0.0:104): avc: denied { read } for name="interrupts" dev="proc" ino=4026532354 scontext=u:r:priv_app:s0:c512,c768 tcontext=u:object_r:proc_interrupts:s0 tclass=file permissive=0
10-11 18:42:37.370: W/Binder:11519_2(11532): type=1400 audit(0.0:105): avc: denied { read } for name="modules" dev="proc" ino=4026532407 scontext=u:r:priv_app:s0:c512,c768 tcontext=u:object_r:proc_modules:s0 tclass=file permissive=0
10-11 18:42:37.447: I/CastMediaRouteProvider(11860): in onDiscoveryRequestChanged: request=DiscoveryRequest{ selector=MediaRouteSelector{ controlCategories=[com.google.android.gms.cast.CATEGORY_CAST/233637DE] }, activeScan=false, isValid=true }
10-11 18:42:37.459: I/DiscoveryManager(11860): Filter criteria(233637DE) scannerFlags(2)
10-11 18:42:37.459: I/Publisher(11860): onUpdateFilterCriteria [233637DE]
10-11 18:42:37.468: I/zygote64(11860): Background concurrent copying GC freed 7878(615KB) AllocSpace objects, 3(192KB) LOS objects, 53% free, 1319KB/2MB, paused 6.691ms total 30.901ms
10-11 18:42:37.470: I/CastMediaRouteProvider(11860): onDevicesPublished with 0 devices
10-11 18:42:37.475: I/CastMediaRouteProvider(11860): Published 0 routes
10-11 18:42:37.488: I/zygote64(11379): Waiting for a blocking GC ProfileSaver
10-11 18:42:37.515: I/zygote64(11379): WaitForGcToComplete blocked for 26.817ms for cause ProfileSaver
10-11 18:42:37.515: I/zygote64(899): Background concurrent copying GC freed 27760(1490KB) AllocSpace objects, 5(100KB) LOS objects, 42% free, 11MB/20MB, paused 223us total 147.490ms
10-11 18:42:37.515: I/zygote64(11379): WaitForGcToComplete blocked for 26.817ms for cause ProfileSaver
10-11 18:42:37.518: I/DeviceScanner(11860): [MDNS] startScan: scannerFlags: 2 criteria=233637DE
10-11 18:42:37.542: D/DownloadManager(11585): [31] Finished with status SUCCESS
10-11 18:42:37.557: W/MdnsClient_Cast(11860): #acquireLock. Multicast lock not held. Acquiring. Subtypes:"233637DE"
10-11 18:42:37.558: I/zygote64(11401): Waiting for a blocking GC ProfileSaver
10-11 18:42:37.564: I/DeviceScanner(11860): [GuestMode] startScan: scannerFlags: 2 criteria=233637DE
10-11 18:42:37.569: I/CastMediaRouteProvider(11860): onDevicesPublished with 0 devices
10-11 18:42:37.570: I/CastMediaRouteProvider(11860): Published 0 routes
10-11 18:42:37.572: I/DeviceScanner(11860): [MDNS] startScan: scannerFlags: 2 criteria=233637DE
10-11 18:42:37.572: I/DeviceScanner(11860): [MDNS] onScanSettingsUpdated: filterCriteriaAdded: NONE
10-11 18:42:37.572: I/DeviceScanner(11860): [MDNS] onScanSettingsUpdated: filterCriteriaRemoved: NONE
10-11 18:42:37.572: I/DeviceScanner(11860): [MDNS] onScanSettingsUpdated: Did scan settings changed? false
10-11 18:42:37.572: W/MdnsClient_Cast(11860): Multicast lock held. Releasing. Subtypes:"233637DE"
10-11 18:42:37.597: W/MdnsClient_Cast(11860): #acquireLock. Multicast lock not held. Acquiring. Subtypes:"233637DE"
10-11 18:42:37.603: I/DeviceScanner(11860): [GuestMode] startScan: scannerFlags: 2 criteria=233637DE
10-11 18:42:37.622: I/zygote64(11401): WaitForGcToComplete blocked for 63.702ms for cause ProfileSaver
10-11 18:42:37.631: I/dex2oat(11931): /system/bin/dex2oat --dex-file=/data/data/com.google.android.gms/app_fb/f.apk --output-vdex-fd=51 --oat-fd=52 --oat-location=/data/data/com.google.android.gms/app_fb/oat/arm64/f.odex --compiler-filter=quicken
10-11 18:42:37.660: I/dex2oat(11902): /system/bin/dex2oat --dex-file=/data/data/com.google.android.youtube/cache/1496809943795.jar --output-vdex-fd=70 --oat-fd=71 --oat-location=/data/data/com.google.android.youtube/cache/oat/arm64/1496809943795.odex --compiler-filter=quicken
10-11 18:42:37.670: I/zygote64(11839): Do partial code cache collection, code=61KB, data=52KB
10-11 18:42:37.670: I/zygote64(11839): After code cache collection, code=61KB, data=52KB
10-11 18:42:37.670: I/zygote64(11839): Increasing code cache capacity to 256KB
10-11 18:42:37.721: I/zygote64(11401): WaitForGcToComplete blocked for 51.050ms for cause HeapTrim
10-11 18:42:37.723: I/LocaleChangeIO(11839): Requesting GmsCore restart due to change in locale assets
10-11 18:42:37.784: I/NetworkScheduler(11839): Using standalone scheduling engine
10-11 18:42:37.828: I/dex2oat(11931): dex2oat took 197.184ms (90.606ms cpu) (threads: 4) arena alloc=1552B (1552B) java alloc=16KB (16400B) native alloc=993KB (1017104B) free=1566KB (1604336B)
10-11 18:42:37.841: W/zygote64(11519): Skipping duplicate class check due to unrecognized classloader
10-11 18:42:37.852: W/Finsky(11674): [2] com.google.android.finsky.application.FinskyAppImpl.at(1142): No account configured on this device.
10-11 18:42:37.855: I/Adreno(11519): QUALCOMM build                   : 7142022, Ib5823dd10c
10-11 18:42:37.855: I/Adreno(11519): Build Date                       : 06/23/17
10-11 18:42:37.855: I/Adreno(11519): OpenGL ES Shader Compiler Version: EV031.18.00.00
10-11 18:42:37.855: I/Adreno(11519): Local Branch                     : O11A
10-11 18:42:37.855: I/Adreno(11519): Remote Branch                    : 
10-11 18:42:37.855: I/Adreno(11519): Remote Branch                    : 
10-11 18:42:37.855: I/Adreno(11519): Reconstruct Branch               : 
10-11 18:42:37.869: I/Adreno(11519): PFP: 0x005ff087, ME: 0x005ff063
10-11 18:42:37.875: I/zygote64(11455): Waiting for a blocking GC ProfileSaver
10-11 18:42:37.891: I/zygote64(11455): WaitForGcToComplete blocked for 16.169ms for cause ProfileSaver
10-11 18:42:37.982: I/zygote64(11494): Waiting for a blocking GC ProfileSaver
10-11 18:42:37.994: I/Adreno(11519): QUALCOMM build                   : 7142022, Ib5823dd10c
10-11 18:42:37.994: I/Adreno(11519): Build Date                       : 06/23/17
10-11 18:42:37.994: I/Adreno(11519): OpenGL ES Shader Compiler Version: EV031.18.00.00
10-11 18:42:37.994: I/Adreno(11519): Local Branch                     : O11A
10-11 18:42:37.994: I/Adreno(11519): Remote Branch                    : 
10-11 18:42:37.994: I/Adreno(11519): Remote Branch                    : 
10-11 18:42:37.994: I/Adreno(11519): Reconstruct Branch               : 
10-11 18:42:37.997: I/Adreno(11519): PFP: 0x005ff087, ME: 0x005ff063
10-11 18:42:38.006: I/zygote64(11494): WaitForGcToComplete blocked for 23.875ms for cause ProfileSaver
10-11 18:42:38.011: I/GAV2(11455): Thread[GAThread,5,main]: No campaign data found.
10-11 18:42:38.018: I/GAv4-SVC(11860): Google Analytics 11.5.09 is starting up.
10-11 18:42:38.067: I/Adreno(11519): QUALCOMM build                   : 7142022, Ib5823dd10c
10-11 18:42:38.067: I/Adreno(11519): Build Date                       : 06/23/17
10-11 18:42:38.067: I/Adreno(11519): OpenGL ES Shader Compiler Version: EV031.18.00.00
10-11 18:42:38.067: I/Adreno(11519): Local Branch                     : O11A
10-11 18:42:38.067: I/Adreno(11519): Remote Branch                    : 
10-11 18:42:38.067: I/Adreno(11519): Remote Branch                    : 
10-11 18:42:38.067: I/Adreno(11519): Reconstruct Branch               : 
10-11 18:42:38.070: I/Adreno(11519): PFP: 0x005ff087, ME: 0x005ff063
10-11 18:42:38.126: D/ContextHubService(899): Added callback, total callbacks 1
10-11 18:42:38.130: D/ContextHubService(899): System supports 1 hubs
10-11 18:42:38.130: D/ContextHubService(899): Hub Google System Nanohub on Default is mapped to 0
10-11 18:42:38.136: W/ContextHubService(899): Found 1 apps on hub handle 0
10-11 18:42:38.166: W/ConfigurationChimeraProvider(11839): Got null configs for com.google.android.gms.nearby
10-11 18:42:38.169: I/zygote64(11519): WaitForGcToComplete blocked for 16.817ms for cause Background
10-11 18:42:38.234: W/Binder(899): Outgoing transactions from this process must be FLAG_ONEWAY
10-11 18:42:38.234: W/Binder(899): java.lang.Throwable
10-11 18:42:38.234: W/Binder(899): 	at android.os.BinderProxy.transact(Binder.java:736)
10-11 18:42:38.234: W/Binder(899): 	at com.android.internal.backup.IBackupTransport$Stub$Proxy.name(IBackupTransport.java:369)
10-11 18:42:38.234: W/Binder(899): 	at com.android.server.backup.TransportManager$TransportConnection.onServiceConnected(TransportManager.java:339)
10-11 18:42:38.234: W/Binder(899): 	at android.app.LoadedApk$ServiceDispatcher.doConnected(LoadedApk.java:1634)
10-11 18:42:38.234: W/Binder(899): 	at android.app.LoadedApk$ServiceDispatcher$RunConnection.run(LoadedApk.java:1663)
10-11 18:42:38.234: W/Binder(899): 	at android.os.Handler.handleCallback(Handler.java:789)
10-11 18:42:38.234: W/Binder(899): 	at android.os.Handler.dispatchMessage(Handler.java:98)
10-11 18:42:38.234: W/Binder(899): 	at android.os.Looper.loop(Looper.java:164)
10-11 18:42:38.234: W/Binder(899): 	at com.android.server.SystemServer.run(SystemServer.java:421)
10-11 18:42:38.234: W/Binder(899): 	at com.android.server.SystemServer.main(SystemServer.java:260)
10-11 18:42:38.234: W/Binder(899): 	at java.lang.reflect.Method.invoke(Native Method)
10-11 18:42:38.234: W/Binder(899): 	at com.android.internal.os.Zygote$MethodAndArgsCaller.run(Zygote.java:240)
10-11 18:42:38.234: W/Binder(899): 	at com.android.internal.os.ZygoteInit.main(ZygoteInit.java:767)
10-11 18:42:38.236: D/BackupTransportManager(899): Bound to transport: com.google.android.gms/.backup.BackupTransportService
10-11 18:42:38.249: I/GCoreNlp(11839): !shouldConfirmNlp, ensuring user opted into NLP
10-11 18:42:38.272: I/GCM(11839): Ack for not saved message 2
10-11 18:42:38.282: W/Binder(899): Outgoing transactions from this process must be FLAG_ONEWAY
10-11 18:42:38.282: W/Binder(899): java.lang.Throwable
10-11 18:42:38.282: W/Binder(899): 	at android.os.BinderProxy.transact(Binder.java:736)
10-11 18:42:38.282: W/Binder(899): 	at com.android.internal.location.ILocationProvider$Stub$Proxy.getProperties(ILocationProvider.java:232)
10-11 18:42:38.282: W/Binder(899): 	at com.android.server.location.LocationProviderProxy$1.run(LocationProviderProxy.java:119)
10-11 18:42:38.282: W/Binder(899): 	at android.os.Handler.handleCallback(Handler.java:789)
10-11 18:42:38.282: W/Binder(899): 	at android.os.Handler.dispatchMessage(Handler.java:98)
10-11 18:42:38.282: W/Binder(899): 	at android.os.Looper.loop(Looper.java:164)
10-11 18:42:38.282: W/Binder(899): 	at android.os.HandlerThread.run(HandlerThread.java:65)
10-11 18:42:38.303: W/ContextHubService(899): Found 1 apps on hub handle 0
10-11 18:42:38.331: E/GoogleTagManager(1895): Invalid macro: _gtm.loadEventEnabled
10-11 18:42:38.332: W/ContextHubService(899): Sending msg of type 0 len 16 to app 476f6f676c00100b on hub 0
10-11 18:42:38.332: I/ContextHubHalAdapter(616): Sending msg of type 0, size 16 to app 0x476f6f676c00100b
10-11 18:42:38.370: I/dex2oat(11902): dex2oat took 727.320ms (86.247ms cpu) (threads: 4) arena alloc=7KB (7640B) java alloc=32KB (32784B) native alloc=995KB (1019120B) free=1564KB (1602320B)
10-11 18:42:38.391: W/ContextHubService(899): Sending msg of type 0 len 10 to app 476f6f676c001004 on hub 0
10-11 18:42:38.391: I/ContextHubHalAdapter(616): Sending msg of type 0, size 10 to app 0x476f6f676c001004
10-11 18:42:38.396: W/Settings(11839): Setting airplane_mode_on has moved from android.provider.Settings.System to android.provider.Settings.Global, returning read-only value.
10-11 18:42:38.400: W/ContextHubService(899): Sending msg of type 0 len 18 to app 476f6f676c001004 on hub 0
10-11 18:42:38.400: I/ContextHubHalAdapter(616): Sending msg of type 0, size 18 to app 0x476f6f676c001004
10-11 18:42:38.403: I/zygote64(11839): Deoptimizing boolean nn.add(java.lang.Object) due to JIT inline cache
10-11 18:42:38.405: D/ContextHubService(899): Sending message 1025 version 0 from hubHandle 0, appInstance 15, callBackCount 1
10-11 18:42:38.432: I/zygote64(11573): Waiting for a blocking GC ProfileSaver
10-11 18:42:38.435: W/Settings(11839): Setting airplane_mode_on has moved from android.provider.Settings.System to android.provider.Settings.Global, returning read-only value.
10-11 18:42:38.436: W/ContextHubService(899): Sending msg of type 0 len 18 to app 476f6f676c001004 on hub 0
10-11 18:42:38.436: I/ContextHubHalAdapter(616): Sending msg of type 0, size 18 to app 0x476f6f676c001004
10-11 18:42:38.449: I/zygote64(11573): WaitForGcToComplete blocked for 17.068ms for cause ProfileSaver
10-11 18:42:38.454: W/Binder(899): Outgoing transactions from this process must be FLAG_ONEWAY
10-11 18:42:38.454: W/Binder(899): java.lang.Throwable
10-11 18:42:38.454: W/Binder(899): 	at android.os.BinderProxy.transact(Binder.java:736)
10-11 18:42:38.454: W/Binder(899): 	at com.android.internal.backup.IBackupTransport$Stub$Proxy.name(IBackupTransport.java:369)
10-11 18:42:38.454: W/Binder(899): 	at com.android.server.backup.TransportManager$TransportConnection.onServiceConnected(TransportManager.java:339)
10-11 18:42:38.454: W/Binder(899): 	at android.app.LoadedApk$ServiceDispatcher.doConnected(LoadedApk.java:1634)
10-11 18:42:38.454: W/Binder(899): 	at android.app.LoadedApk$ServiceDispatcher$RunConnection.run(LoadedApk.java:1663)
10-11 18:42:38.454: W/Binder(899): 	at android.os.Handler.handleCallback(Handler.java:789)
10-11 18:42:38.454: W/Binder(899): 	at android.os.Handler.dispatchMessage(Handler.java:98)
10-11 18:42:38.454: W/Binder(899): 	at android.os.Looper.loop(Looper.java:164)
10-11 18:42:38.454: W/Binder(899): 	at com.android.server.SystemServer.run(SystemServer.java:421)
10-11 18:42:38.454: W/Binder(899): 	at com.android.server.SystemServer.main(SystemServer.java:260)
10-11 18:42:38.454: W/Binder(899): 	at java.lang.reflect.Method.invoke(Native Method)
10-11 18:42:38.454: W/Binder(899): 	at com.android.internal.os.Zygote$MethodAndArgsCaller.run(Zygote.java:240)
10-11 18:42:38.454: W/Binder(899): 	at com.android.internal.os.ZygoteInit.main(ZygoteInit.java:767)
10-11 18:42:38.455: D/BackupTransportManager(899): Bound to transport: com.google.android.gms/.backup.component.D2dTransportService
10-11 18:42:38.470: I/WearableService(11839): Wearable Services not starting - Wear is not available on this device.
