10-11 18:42:29.298: D/AndroidRuntime(11108): >>>>>> START com.android.internal.os.RuntimeInit uid 2000 <<<<<<
10-11 18:42:29.433: D/AndroidRuntime(11108): Calling main entry com.android.commands.pm.Pm
10-11 18:42:29.441: I/app_process(11108): System.exit called, status: 0
10-11 18:42:29.441: I/AndroidRuntime(11108): VM exiting with result code 0.
10-11 18:42:29.837: D/AndroidRuntime(11122): >>>>>> START com.android.internal.os.RuntimeInit uid 2000 <<<<<<
10-11 18:42:29.980: D/AndroidRuntime(11122): Calling main entry com.android.commands.am.Am
10-11 18:42:29.989: I/ActivityManager(899): Force stopping com.google.android.apps.mtaas.tools appid=10116 user=0: start instr
10-11 18:42:30.023: I/ActivityManager(899): Start proc 11131:com.google.android.apps.mtaas.tools/u0a116 for added application com.google.android.apps.mtaas.tools
10-11 18:42:30.146: I/ActivityManager(899): Config changes=2004 {1.0 ?mcc?mnc [es] ldltr sw411dp w411dp h659dp 420dpi nrml widecg port finger -keyb/v/h -nav/h appBounds=Rect(0, 0 - 1080, 1794) s.8}
10-11 18:42:30.147: D/ActivityManager(899): Storing locale es for decryption UI
10-11 18:42:30.147: D/CryptdConnector(899): SND -> {4 cryptfs setfield SystemLocale es}
10-11 18:42:30.166: D/CryptdConnector(899): RCV <- {200 4 0}
10-11 18:42:30.219: I/ActivityManager(899): Override config changes=2004 {1.0 ?mcc?mnc [es] ldltr sw411dp w411dp h659dp 420dpi nrml widecg port finger -keyb/v/h -nav/h appBounds=Rect(0, 0 - 1080, 1794) s.8} for displayId=0
10-11 18:42:30.235: I/zygote64(1324): Deoptimizing java.lang.String bfg.c(android.content.Context, int) due to JIT inline cache
10-11 18:42:30.259: D/ChangeLocale(11131): Instrumentation completed successfully
10-11 18:42:30.291: I/ActivityManager(899): Start proc 11147:com.android.carrierdefaultapp/u0a63 for broadcast com.android.carrierdefaultapp/.CarrierDefaultBroadcastReceiver
10-11 18:42:30.295: I/ActivityManager(899): Force stopping com.google.android.apps.mtaas.tools appid=10116 user=0: finished inst
10-11 18:42:30.296: I/ActivityManager(899): Killing 11131:com.google.android.apps.mtaas.tools/u0a116 (adj 0): stop com.google.android.apps.mtaas.tools
10-11 18:42:30.299: W/Binder(899): Outgoing transactions from this process must be FLAG_ONEWAY
10-11 18:42:30.299: W/Binder(899): java.lang.Throwable
10-11 18:42:30.299: W/Binder(899): 	at android.os.BinderProxy.transact(Binder.java:736)
10-11 18:42:30.299: W/Binder(899): 	at android.app.IInstrumentationWatcher$Stub$Proxy.instrumentationFinished(IInstrumentationWatcher.java:160)
10-11 18:42:30.299: W/Binder(899): 	at com.android.server.am.InstrumentationReporter$MyThread.run(InstrumentationReporter.java:86)
10-11 18:42:30.301: D/AndroidRuntime(11122): Shutting down VM
10-11 18:42:30.303: I/InputReader(899): Reconfiguring input devices.  changes=0x00000004
10-11 18:42:30.376: D/CarrierDefaultBroadcastReceiver(11147): onReceive intent: android.intent.action.LOCALE_CHANGED
10-11 18:42:30.403: I/ActivityManager(899): Start proc 11165:com.android.cellbroadcastreceiver/u0a10 for broadcast com.android.cellbroadcastreceiver/.PrivilegedCellBroadcastReceiver
10-11 18:42:30.409: I/ActivityManager(899): Killing 5779:com.google.android.gms.unstable/u0a21 (adj 906): empty for 6498s
10-11 18:42:30.421: W/Looper(899): Dispatch took 129ms on android.ui, h=Handler (com.android.server.am.ActivityManagerService$UiHandler) {817ab67} cb=null msg=53
10-11 18:42:30.461: I/PBSessionCacheImpl(1895): Deleted sessionId[8335805904466709] from persistence.
10-11 18:42:30.471: W/InputMethodManagerService(899): Illegal subtype state: old subtype = null, new subtype = android.view.inputmethod.InputMethodSubtype@30a6e00e
10-11 18:42:30.471: I/Telecom(899): : Locale change; recreating channels.
10-11 18:42:30.492: W/SearchService(1895): Abort, client detached.
10-11 18:42:30.501: D/Launcher.Model(2015): loadWorkspace: loading default favorites
10-11 18:42:30.509: I/MicroDetector(1895): Keeping mic open: false
10-11 18:42:30.510: I/MicroRecognitionRunner(1895): Stopping hotword detection.
10-11 18:42:30.513: I/DeviceStateChecker(1895): DeviceStateChecker cancelled
10-11 18:42:30.514: I/AudioController(1895): internalShutdown
10-11 18:42:30.514: I/MicrophoneInputStream(1895): mic_close com.google.android.apps.gsa.speech.audio.af@2c2e23d
10-11 18:42:30.524: W/SearchServiceClient(1895): Starting with NO_SESSION handoverId is deprecated. Just don't. You will break.
10-11 18:42:30.546: D/audio_hw_primary(613): disable_audio_route: usecase(9) reset and update mixer path: audio-record
10-11 18:42:30.547: D/hardware_info(613): hw_info_append_hw_type : device_name = voice-rec-mic
10-11 18:42:30.547: D/audio_hw_primary(613): disable_snd_device: snd_device(72: voice-rec-mic)
10-11 18:42:30.551: D/sound_trigger_platform(613): platform_stdev_check_and_update_concurrency: concurrency active 0, tx 0, rx 0, concurrency session_allowed 1
10-11 18:42:30.557: I/zygote64(1895): Compiler allocated 4MB to compile void com.google.android.apps.gsa.search.core.state.oy.a(com.google.android.apps.gsa.search.core.state.tf)
10-11 18:42:30.557: I/SoundTriggerHwService::Module(666): onCallbackEvent no clients
10-11 18:42:30.560: I/MicroRecognitionRunner(1895): Detection finished
10-11 18:42:30.597: W/SessionLifecycleManager(1895): Handover failed. Creating new session controller.
10-11 18:42:30.606: D/CellBroadcastReceiver(11165): onReceive Intent { act=android.intent.action.LOCALE_CHANGED flg=0x11200010 cmp=com.android.cellbroadcastreceiver/.PrivilegedCellBroadcastReceiver }
10-11 18:42:30.618: E/PBSessionCacheImpl(1895): sessionId[8335805904466709] not persisted.
10-11 18:42:30.624: I/PBSessionCacheImpl(1895): Deleted sessionId[8335805904466709] from persistence.
10-11 18:42:30.629: I/OptInState(1895): There is a new client and it does not support opt-in. Dropping request.
10-11 18:42:30.630: I/ActivityManager(899): Start proc 11196:android.process.acore/u0a4 for broadcast com.android.providers.contacts/.LocaleChangeReceiver
10-11 18:42:30.631: I/InputReader(899): Reconfiguring input devices.  changes=0x00000004
10-11 18:42:30.636: I/zygote64(1895): Do full code cache collection, code=243KB, data=189KB
10-11 18:42:30.637: I/zygote64(1895): After code cache collection, code=209KB, data=123KB
10-11 18:42:30.656: E/zygote64(899): failed to kill 1 processes for processgroup 5779
10-11 18:42:30.672: I/MicroDetectionWorker(1895): #updateMicroDetector [detectionMode: [mDetectionMode: [1]]]
10-11 18:42:30.672: I/MicroDetectionWorker(1895): #startMicroDetector [speakerMode: 0]
10-11 18:42:30.701: I/zygote64(1895): Deoptimizing void com.google.protobuf.au.visit(com.google.protobuf.bg, com.google.protobuf.au) due to JIT inline cache
10-11 18:42:30.713: I/MicroDetectionWorker(1895): onReady
10-11 18:42:30.717: I/MicroRecognitionRunner(1895): Starting detection.
10-11 18:42:30.718: I/MicrophoneInputStream(1895): mic_starting com.google.android.apps.gsa.speech.audio.af@508050e
10-11 18:42:30.718: W/DeviceHAL(613): Device 0xf4a22000 open_input_stream: Invalid argument
10-11 18:42:30.735: I/AudioFlinger(666): AudioFlinger's thread 0xf3f834c0 tid=11217 ready to run
10-11 18:42:30.738: I/SoundTriggerHwService::Module(666): onCallbackEvent no clients
10-11 18:42:30.740: I/MicrophoneInputStream(1895): mic_started com.google.android.apps.gsa.speech.audio.af@508050e
10-11 18:42:30.741: E/ANDR-PERF-OPTSHANDLER(709): Warning: Resource [2, 0] not supported for core 1. Instead use resource for core 0
10-11 18:42:30.741: E/ANDR-PERF-RESOURCEQS(709): Failed to apply optimization [2, 2, 0]
10-11 18:42:30.742: I/ACDB-LOADER(613): ACDB AFE returned = -19
10-11 18:42:30.742: D/sound_trigger_platform(613): platform_stdev_check_and_update_concurrency: concurrency active 0, tx 1, rx 0, concurrency session_allowed 0
10-11 18:42:30.742: D/hardware_info(613): hw_info_append_hw_type : device_name = voice-rec-mic
10-11 18:42:30.742: D/audio_hw_primary(613): enable_snd_device: snd_device(72: voice-rec-mic)
10-11 18:42:30.747: I/ActivityManager(899): START u0 {flg=0x10000000 cmp=com.google.android.apps.mtaas.backdrop/.BackdropActivity} from uid 2000
10-11 18:42:30.758: D/audio_hw_primary(613): enable_audio_route: usecase(9) apply and update mixer path: audio-record
10-11 18:42:30.786: I/ActivityManager(899): Start proc 11225:com.google.android.apps.mtaas.backdrop/u0a117 for activity com.google.android.apps.mtaas.backdrop/.BackdropActivity
10-11 18:42:30.803: I/InputReader(899): Reconfiguring input devices.  changes=0x00000004
10-11 18:42:30.811: I/zygote64(899): Background concurrent copying GC freed 246648(9MB) AllocSpace objects, 34(668KB) LOS objects, 42% free, 13MB/24MB, paused 206us total 391.487ms
10-11 18:42:30.816: I/InputReader(899): Reconfiguring input devices.  changes=0x00000004
10-11 18:42:30.827: I/InputReader(899): Reconfiguring input devices.  changes=0x00000004
10-11 18:42:30.834: W/SpeechLevelGenerator(1895): Really low audio levels detected. The audio input may have issues.
10-11 18:42:30.834: I/MicroDetectionWorker(1895): onReady
10-11 18:42:30.846: I/ContactsPerf(11196): VoicemailContentProvider.onCreate start
10-11 18:42:30.851: W/Notification(11225): Use of stream types is deprecated for operations other than volume control
10-11 18:42:30.851: W/Notification(11225): See the documentation of setSound() for what to use instead with android.media.AudioAttributes to qualify your playback use case
10-11 18:42:30.858: I/ContactsPerf(11196): VoicemailContentProvider.onCreate finish
10-11 18:42:30.860: I/OpaLayout(1348): Setting opa enabled to true
10-11 18:42:30.861: D/ContactsDatabaseHelper(11196): WAL enabled for contacts2.db: true
10-11 18:42:30.865: I/OpaLayout(1348): Setting opa enabled to true
10-11 18:42:30.879: I/PBSessionCacheImpl(1895): Deleted sessionId[8335805904466709] from persistence.
10-11 18:42:30.891: I/OpaLayout(1348): Setting opa enabled to true
10-11 18:42:30.903: I/OpaLayout(1348): Setting opa enabled to true
10-11 18:42:30.906: I/BackdropActivity(11225): android_id: 3863091301319939672
10-11 18:42:30.921: D/OpenGLRenderer(11225): HWUI GL Pipeline
10-11 18:42:30.925: I/ActivityManager(899): Start proc 11249:com.android.sdm.plugins.sprintdm/1001 for broadcast com.android.sdm.plugins.sprintdm/.SprintDMReceiver
10-11 18:42:30.931: I/OpaLayout(1348): Setting opa enabled to true
10-11 18:42:30.932: I/ActivityManager(899): Killing 5338:com.google.android.configupdater/u0a7 (adj 906): empty for 6492s
10-11 18:42:30.941: I/chatty(1348): uid=10047(u0_a47) com.android.systemui identical 2 lines
10-11 18:42:30.947: I/OpaLayout(1348): Setting opa enabled to true
10-11 18:42:30.964: I/Adreno(11225): QUALCOMM build                   : 7142022, Ib5823dd10c
10-11 18:42:30.964: I/Adreno(11225): Build Date                       : 06/23/17
10-11 18:42:30.964: I/Adreno(11225): OpenGL ES Shader Compiler Version: EV031.18.00.00
10-11 18:42:30.964: I/Adreno(11225): Local Branch                     : O11A
10-11 18:42:30.964: I/Adreno(11225): Remote Branch                    : 
10-11 18:42:30.964: I/Adreno(11225): Remote Branch                    : 
10-11 18:42:30.964: I/Adreno(11225): Reconstruct Branch               : 
10-11 18:42:30.970: I/Adreno(11225): PFP: 0x005ff087, ME: 0x005ff063
10-11 18:42:30.972: W/SearchService(1895): Abort, client detached.
10-11 18:42:30.973: I/OpenGLRenderer(11225): Initialized EGL, version 1.4
10-11 18:42:30.973: D/OpenGLRenderer(11225): Swap behavior 2
10-11 18:42:30.984: I/MicroDetector(1895): Keeping mic open: false
10-11 18:42:30.985: I/MicroRecognitionRunner(1895): Stopping hotword detection.
10-11 18:42:30.987: I/DeviceStateChecker(1895): DeviceStateChecker cancelled
10-11 18:42:30.988: I/AudioController(1895): internalShutdown
10-11 18:42:30.988: I/MicrophoneInputStream(1895): mic_close com.google.android.apps.gsa.speech.audio.af@508050e
10-11 18:42:31.018: I/InputReader(899): Reconfiguring input devices.  changes=0x00000004
10-11 18:42:31.025: I/ContactLocale(11196): AddressBook Labels [[es]]: […, A, B, C, D, E, F, G, H, I, J, K, L, M, N, Ñ, O, P, Q, R, S, T, U, V, W, X, Y, Z, Α, Β, Γ, Δ, Ε, Ζ, Η, Θ, Ι, Κ, Λ, Μ, Ν, Ξ, Ο, Π, Ρ, Σ, Τ, Υ, Φ, Χ, Ψ, Ω, …, А, Б, В, Г, Д, Ђ, Е, Є, Ж, З, И, І, Й, Ј, К, Л, Љ, М, Н, Њ, О, П, Р, С, Т, Ћ, У, Ф, Х, Ц, Ч, Џ, Ш, Щ, Ю, Я, …, א, ב, ג, ד, ה, ו, ז, ח, ט, י, כ, ל, מ, נ, ס, ע, פ, צ, ק, ר, ש, ת, …, ا, ب, ت, ث, ج, ح, خ, د, ذ, ر, ز, س, ش, ص, ض, ط, ظ, ع, غ, ف, ق, ك, ل, م, ن, ه, و, ي, …, ก, ข, ฃ, ค, ฅ, ฆ, ง, จ, ฉ, ช, ซ, ฌ, ญ, ฎ, ฏ, ฐ, ฑ, ฒ, ณ, ด, ต, ถ, ท, ธ, น, บ, ป, ผ, ฝ, พ, ฟ, ภ, ม, ย, ร, ฤ, ล, ฦ, ว, ศ, ษ, ส, ห, ฬ, อ, ฮ, …, ㄱ, ㄴ, ㄷ, ㄹ, ㅁ, ㅂ, ㅅ, ㅇ, ㅈ, ㅊ, ㅋ, ㅌ, ㅍ, ㅎ, …, あ, か, さ, た, な, は, ま, や, ら, わ, #, …]
10-11 18:42:31.024: D/SprintDMReceiver(11249): Received intent: android.intent.action.LOCALE_CHANGED
10-11 18:42:31.029: D/audio_hw_primary(613): disable_audio_route: usecase(9) reset and update mixer path: audio-record
10-11 18:42:31.029: D/hardware_info(613): hw_info_append_hw_type : device_name = voice-rec-mic
10-11 18:42:31.029: D/audio_hw_primary(613): disable_snd_device: snd_device(72: voice-rec-mic)
10-11 18:42:31.033: D/sound_trigger_platform(613): platform_stdev_check_and_update_concurrency: concurrency active 0, tx 0, rx 0, concurrency session_allowed 1
10-11 18:42:31.035: I/SoundTriggerHwService::Module(666): onCallbackEvent no clients
10-11 18:42:31.039: D/SprintDMHelper(11249): simOperator: 
10-11 18:42:31.039: D/SprintDMHelper(11249): Not Sprint UICC, don't do anything.
10-11 18:42:31.041: I/ActivityManager(899): Killing 3632:com.google.android.apps.messaging:rcs/u0a97 (adj 906): empty for 6412s
10-11 18:42:31.047: I/Finsky(2525): [2] com.google.android.finsky.receivers.ClearCacheReceiver.onReceive(6): Received android.intent.action.LOCALE_CHANGED. Clearing cache and exiting.
10-11 18:42:31.068: I/ActivityManager(899): Displayed com.google.android.apps.mtaas.backdrop/.BackdropActivity: +288ms
10-11 18:42:31.078: W/ActivityManager(899): Scheduling restart of crashed service com.google.android.apps.messaging/com.google.android.rcs.service.service.JibeService in 1000ms
10-11 18:42:31.082: W/Finsky(2525): [2] com.google.android.finsky.application.FinskyAppImpl.at(1142): No account configured on this device.
10-11 18:42:31.090: D/Volley(2525): [160] g.b: Cache cleared.
10-11 18:42:31.094: W/Finsky(2525): [2] com.google.android.finsky.application.FinskyAppImpl.at(1142): No account configured on this device.
10-11 18:42:31.096: D/Volley(2525): [168] g.b: Cache cleared.
10-11 18:42:31.109: W/Finsky(2525): [2] com.google.android.finsky.application.FinskyAppImpl.at(1142): No account configured on this device.
10-11 18:42:31.110: I/WindowManager(899): Screen frozen for +887ms due to Window{a28a874 u0 NavigationBar}
10-11 18:42:31.110: D/Volley(2525): [2] g.b: Cache cleared.
10-11 18:42:31.135: I/zygote64(2525): System.exit called, status: 0
10-11 18:42:31.135: I/AndroidRuntime(2525): VM exiting with result code 0, cleanup skipped.
10-11 18:42:31.139: I/ActivityManager(899): Start proc 11272:com.android.vending:instant_app_installer/u0a40 for broadcast com.android.vending/com.google.android.finsky.instantapps.InstantAppsConfigChangeListener
10-11 18:42:31.140: D/ContactsDatabaseHelper(11196): WAL enabled for profile.db: true
10-11 18:42:31.146: E/lowmemorykiller(645): Error writing /proc/2525/oom_score_adj; errno=22
10-11 18:42:31.149: W/System(1348): ClassLoader referenced unknown path: 
10-11 18:42:31.230: I/ActivityManager(899): Process com.android.vending (pid 2525) has died: cch  SVC 
10-11 18:42:31.230: W/ActivityManager(899): Scheduling restart of crashed service com.android.vending/com.google.android.finsky.setup.RestoreServiceV2 in 13246588ms
10-11 18:42:31.236: I/zygote64(1895): Do partial code cache collection, code=211KB, data=171KB
10-11 18:42:31.237: I/zygote64(1895): After code cache collection, code=210KB, data=171KB
10-11 18:42:31.237: I/zygote64(1895): Increasing code cache capacity to 1024KB
10-11 18:42:31.253: I/ContactsProvider(11196): Locale has changed from [en_US] to [es]
10-11 18:42:31.264: I/ActivityManager(899): Start proc 11291:com.google.android.apps.docs/u0a76 for broadcast com.google.android.apps.docs/.app.NotificationChannelReceiver
10-11 18:42:31.266: I/ActivityManager(899): Killing 4364:com.google.android.apps.messaging/u0a97 (adj 906): empty for 6412s
10-11 18:42:31.272: I/ContactsDatabaseHelper(11196): Switching to locale [es] (ICU v58.2)
10-11 18:42:31.354: I/ContactsDatabaseHelper(11196): Locale change completed in 83ms
10-11 18:42:31.355: I/ContactsDatabaseHelper(11196): Switching to locale [es] (ICU v58.2)
10-11 18:42:31.388: I/ContactsDatabaseHelper(11196): Locale change completed in 32ms
10-11 18:42:31.428: I/ContactsFTS(11196): Rebuild contact search index in 37ms, 0 contacts
10-11 18:42:31.541: I/GAv4(11291): Google Analytics 10.2.98 is starting up. To enable debug logging on a device run:
10-11 18:42:31.541: I/GAv4(11291):   adb shell setprop log.tag.GAv4 DEBUG
10-11 18:42:31.541: I/GAv4(11291):   adb logcat -s GAv4
10-11 18:42:31.562: W/GAv4(11291): AnalyticsReceiver is not registered or is disabled. Register the receiver for reliable dispatching on non-Google Play devices. See http://goo.gl/8Rd3yj for instructions.
10-11 18:42:31.630: W/GAv4(11291): CampaignTrackingReceiver is not registered, not exported or is disabled. Installation campaign tracking is not possible. See http://goo.gl/8Rd3yj for instructions.
10-11 18:42:31.637: W/GAv4(11291): AnalyticsService not registered in the app manifest. Hits might not be delivered reliably. See http://goo.gl/8Rd3yj for instructions.
10-11 18:42:31.665: I/zygote64(1324): Deoptimizing boolean dpm.hasNext() due to JIT inline cache
10-11 18:42:31.685: W/FieldDefinition(11291): Ignoring isIndexed constraint as field also has uniqueness constraint (on just this field, and therefore SQLite will have to create an index on that. For field: com.google.android.apps.docs.database.common.FieldDefinition$a@24b6314
10-11 18:42:31.705: I/zygote64(11291): Deoptimizing kot kot.a(int, java.lang.Object[]) due to JIT inline cache
10-11 18:42:31.806: I/zygote64(11291): Deoptimizing kot kot.a(int, java.lang.Object[]) due to JIT inline cache
10-11 18:42:31.820: W/DatabaseHelper(11291): Creating a new database at version 210 for /data/user/0/com.google.android.apps.docs/databases/DocList.db
10-11 18:42:31.939: I/zygote64(1324): Deoptimizing void com.google.android.apps.inputmethod.libs.framework.core.KeyData.<init>(int, com.google.android.apps.inputmethod.libs.framework.core.KeyData$a, java.lang.Object) due to JIT inline cache
10-11 18:42:31.942: I/zygote64(11291): Do partial code cache collection, code=29KB, data=17KB
10-11 18:42:31.942: I/zygote64(11291): After code cache collection, code=19KB, data=14KB
10-11 18:42:31.942: I/zygote64(11291): Increasing code cache capacity to 128KB
10-11 18:42:31.988: I/zygote64(1324): Deoptimizing boolean com.google.android.apps.inputmethod.libs.framework.core.metadata.AbstractTemplateBuilder.a(android.content.Context, android.util.AttributeSet, java.lang.String, int, com.google.common.base.Splitter) due to JIT inline cache
10-11 18:42:31.989: I/ActivityManager(899): Start proc 11323:com.google.android.apps.maps/u0a90 for broadcast com.google.android.apps.maps/com.google.android.apps.gmm.notification.channels.NotificationChannelBroadcastReceiver
10-11 18:42:31.991: I/ActivityManager(899): Killing 6329:com.google.android.gms.ui/u0a21 (adj 906): empty for 6411s
10-11 18:42:32.185: I/zygote64(1324): Do full code cache collection, code=125KB, data=81KB
10-11 18:42:32.188: I/zygote64(1324): After code cache collection, code=91KB, data=55KB
10-11 18:42:32.214: D/VoldConnector(899): SND -> {11 volume mkdirs /storage/emulated/0/Android/data/com.google.android.apps.maps/files/}
10-11 18:42:32.216: D/VoldConnector(899): RCV <- {200 11 Command succeeded}
10-11 18:42:32.253: I/ActivityManager(899): Start proc 11354:com.google.android.apps.messaging/u0a97 for broadcast com.google.android.apps.messaging/.shared.receiver.BootAndPackageReplacedReceiver
10-11 18:42:32.256: I/ActivityManager(899): Killing 7460:android.process.media/u0a16 (adj 906): empty for 3024s
10-11 18:42:32.286: I/MultiDex(11354): VM with version 2.1.0 has multidex support
10-11 18:42:32.287: I/MultiDex(11354): install
10-11 18:42:32.287: I/MultiDex(11354): VM has multidex support, MultiDex support library is disabled.
10-11 18:42:32.293: D/FirebaseApp(11354): com.google.firebase.auth.FirebaseAuth is not linked. Skipping initialization.
10-11 18:42:32.293: D/FirebaseApp(11354): com.google.firebase.iid.FirebaseInstanceId is not linked. Skipping initialization.
10-11 18:42:32.293: D/FirebaseApp(11354): com.google.firebase.crash.FirebaseCrash is not linked. Skipping initialization.
10-11 18:42:32.294: D/FirebaseApp(11354): com.google.android.gms.measurement.AppMeasurement is not linked. Skipping initialization.
10-11 18:42:32.294: I/FirebaseInitProvider(11354): FirebaseApp initialization successful
10-11 18:42:32.312: I/BugleBackup(11354): Registering preference change listener for "bugle".
10-11 18:42:32.332: I/Bugle(11354): GServicesValues:
10-11 18:42:32.332: I/Bugle(11354): bugle_enable_primes_crash_metrics: true
10-11 18:42:32.332: I/Bugle(11354): bugle_max_telemetry_upload_retries: 10
10-11 18:42:32.332: I/Bugle(11354): bugle_sticker_set_list_version: 3
10-11 18:42:32.333: W/aygd(11323): copyMemory is missing from platform - proto runtime falling back to safer methods.
10-11 18:42:32.383: W/Bugle(11354): Factory.getPhoneUtils: invalid subId = -1
10-11 18:42:32.395: W/Bugle(11354): Factory.getPhoneUtils: invalid subId = -1
10-11 18:42:32.401: I/BugleDataModel(11354): Fixup: Send failed - 0 Download failed - 0
10-11 18:42:32.403: W/Bugle(11354): Factory.getPhoneUtils: invalid subId = -1
10-11 18:42:32.404: W/Bugle(11354): Factory.getPhoneUtils: invalid subId = -1
10-11 18:42:32.409: W/Bugle(11354): Factory.getPhoneUtils: invalid subId = -1
10-11 18:42:32.410: W/BugleDataModel(11354): tried to cancel job 100 that can't be found. already finished?
10-11 18:42:32.412: I/Bugle(11354): ApnsOta: OTA version -1
10-11 18:42:32.414: I/CarrierServices(11354): [2] a.a: Initializing Carrier Services Library.
10-11 18:42:32.414: W/CarrierServices(11354): Trying to log through cs.apk when it has not been initialized yet
10-11 18:42:32.421: I/BugleDataModel(11354): ProcessPendingMessagesAction: process from cy due to scheduled processing with 0 earliest sending messages, and 0 earliest downloading messages
10-11 18:42:32.427: I/BugleRcs(11354): updating RCS availability
10-11 18:42:32.428: I/zygote64(1324): Deoptimizing boolean dpm.hasNext() due to JIT inline cache
10-11 18:42:32.443: I/ActivityManager(899): Start proc 11379:com.google.android.apps.messaging:rcs/u0a97 for service com.google.android.apps.messaging/com.google.android.rcs.service.service.JibeService
10-11 18:42:32.463: V/Bugle(11354): Executing sticker action: com.google.android.apps.messaging.shared.datamodel.d.c
10-11 18:42:32.466: V/Bugle(11354): Executing sticker action: com.google.android.apps.messaging.shared.datamodel.d.ah
10-11 18:42:32.470: W/Bugle(11354): Factory.getPhoneUtils: invalid subId = -1
10-11 18:42:32.473: W/Bugle(11354): Factory.getPhoneUtils: invalid subId = -1
10-11 18:42:32.480: W/Bugle(11354): Factory.getPhoneUtils: invalid subId = -1
10-11 18:42:32.489: I/MultiDex(11379): VM with version 2.1.0 has multidex support
10-11 18:42:32.489: I/MultiDex(11379): install
10-11 18:42:32.489: I/MultiDex(11379): VM has multidex support, MultiDex support library is disabled.
10-11 18:42:32.494: D/RcsService(11379): onCreate: starting service
10-11 18:42:32.498: W/Bugle(11354): Factory.getPhoneUtils: invalid subId = -1
10-11 18:42:32.500: V/BugleThrottledAction(11354): RebuildShortcutsAction scheduled to run now.
10-11 18:42:32.508: I/CarrierServices(11379): [2] a.a: Initializing Carrier Services Library.
10-11 18:42:32.510: V/BugleThrottledAction(11354): CountryCodeDetectorAction scheduled to run now.
10-11 18:42:32.510: W/CarrierServices(11379): Trying to log through cs.apk when it has not been initialized yet
10-11 18:42:32.510: D/BugleThrottledAction(11354): CountryCodeDetectorAction already scheduled in 0ms, not scheduling it again.
10-11 18:42:32.515: I/ShortcutBadger(11354): Checking if platform supports badge counters, attempt 1/3.
10-11 18:42:32.516: V/BugleThrottledAction(11354): SelfParticipantsRefreshAction scheduled to run now.
10-11 18:42:32.516: I/Bugle(11354): Carrier config changed. Reloading MMS config.
10-11 18:42:32.518: W/Bugle(11354): Factory.getPhoneUtils: invalid subId = -1
10-11 18:42:32.521: I/ActivityManager(899): Start proc 11401:com.google.android.apps.photos/u0a94 for broadcast com.google.android.apps.photos/com.google.android.libraries.social.notifications.impl.LocaleChangeReceiver
10-11 18:42:32.529: I/ShortcutBadger(11354): Checking if platform supports badge counters, attempt 2/3.
10-11 18:42:32.531: W/Bugle(11354): Factory.getPhoneUtils: invalid subId = -1
10-11 18:42:32.532: V/BugleThrottledAction(11354): ???? scheduled to run now.
10-11 18:42:32.534: I/ShortcutBadger(11354): Checking if platform supports badge counters, attempt 3/3.
10-11 18:42:32.537: W/Bugle(11354): Factory.getPhoneUtils: invalid subId = -1
10-11 18:42:32.544: W/ShortcutBadger(11354): Badge counter seems not supported in this platform: unable to resolve intent: Intent { act=android.intent.action.BADGE_COUNT_UPDATE (has extras) }
10-11 18:42:32.546: W/Bugle(11354): Factory.getPhoneUtils: invalid subId = -1
10-11 18:42:32.547: I/ActivityManager(899): Killing 8855:com.google.android.partnersetup/u0a26 (adj 906): empty for 3005s
10-11 18:42:32.561: D/Primes(11354): Package metric disabled.
10-11 18:42:32.561: D/Primes(11354): Battery metric disabled
10-11 18:42:32.561: D/Primes(11354): MagicEye logging metric disabled
10-11 18:42:32.561: D/CrashMetricService(11354): onPrimesInitialize
10-11 18:42:32.563: W/Bugle(11354): Factory.getPhoneUtils: invalid subId = -1
10-11 18:42:32.572: I/Bugle(11379): GServicesValues:
10-11 18:42:32.572: I/Bugle(11379): bugle_enable_primes_crash_metrics: true
10-11 18:42:32.572: I/Bugle(11379): bugle_max_telemetry_upload_retries: 10
10-11 18:42:32.572: I/Bugle(11379): bugle_sticker_set_list_version: 3
10-11 18:42:32.575: W/Bugle(11354): Factory.getPhoneUtils: invalid subId = -1
10-11 18:42:32.576: D/AndroidRuntime(11375): >>>>>> START com.android.internal.os.RuntimeInit uid 2000 <<<<<<
10-11 18:42:32.587: W/Bugle(11354): Factory.getPhoneUtils: invalid subId = -1
10-11 18:42:32.589: I/chatty(11354): uid=10097(u0_a97) BackgroundThrea identical 1 line
10-11 18:42:32.593: W/Bugle(11354): Factory.getPhoneUtils: invalid subId = -1
10-11 18:42:32.594: I/CarrierServices(11379): [2] a.b: Initializing Carrier Services Logging.
10-11 18:42:32.595: I/BugleRcs(11354): RcsAvailability updated: RCS is disabled due to SIM absent
10-11 18:42:32.595: I/BugleRcs(11354): Broadcast disable RCS for availability (9)
10-11 18:42:32.605: W/Bugle(11354): Factory.getPhoneUtils: invalid subId = -1
10-11 18:42:32.607: E/Bugle(11354): Get mms config failed: invalid subId. subId=-1, real subId=-1, map=[]
10-11 18:42:32.608: W/Bugle(11354): Factory.getPhoneUtils: invalid subId = -1
10-11 18:42:32.613: E/Bugle(11354): Get mms config failed: invalid subId. subId=-1, real subId=-1, map=[]
10-11 18:42:32.616: W/Bugle(11354): Factory.getPhoneUtils: invalid subId = -1
10-11 18:42:32.617: W/Bugle(11354): Factory.getPhoneUtils: invalid subId = -1
10-11 18:42:32.618: I/zygote64(11401): Do partial code cache collection, code=0B, data=13KB
10-11 18:42:32.619: I/BugleBackup(11354): Registering preference change listener for "buglesub_-1".
10-11 18:42:32.619: I/zygote64(11401): After code cache collection, code=0B, data=13KB
10-11 18:42:32.620: I/zygote64(11401): Increasing code cache capacity to 128KB
10-11 18:42:32.645: D/BugleThrottledAction(11354): UpdateUnreadCounterAction scheduled in 4982ms, so not scheduled again.
10-11 18:42:32.648: I/com.google.android.ims.util.aa(11379): LogSaver new instance with filename: carrier_services
10-11 18:42:32.651: W/Bugle(11354): PhoneUtils.getSelfRawNumber: subInfo is null for -1
10-11 18:42:32.651: W/Bugle(11354): Factory.getPhoneUtils: invalid subId = -1
10-11 18:42:32.680: I/CarrierServices(11379): [2] i.a: Checking if using CarrierServices.apk is possible. Enabled: true, isAtLeastM: true
10-11 18:42:32.695: I/CarrierServices(11379): [2] g.d: Using CarrierServicesNetworkFactory
10-11 18:42:32.706: D/AndroidRuntime(11375): Calling main entry com.android.commands.am.Am
10-11 18:42:32.707: I/CarrierServices(11379): [2] i.a: Checking if using CarrierServices.apk is possible. Enabled: true, isAtLeastM: true
10-11 18:42:32.713: I/ActivityManager(899): Force stopping com.google.android.apps.mtaas.loginutil appid=10115 user=0: start instr
10-11 18:42:32.718: I/zygote64(5458): Background concurrent copying GC freed 130400(4MB) AllocSpace objects, 0(0B) LOS objects, 50% free, 4MB/9MB, paused 573us total 100.177ms
10-11 18:42:32.725: I/ActivityManager(899): Start proc 11431:com.google.android.apps.mtaas.loginutil/u0a115 for added application com.google.android.apps.mtaas.loginutil
10-11 18:42:32.778: W/Bugle(11379): Factory.getPhoneUtils: invalid subId = -1
10-11 18:42:32.783: W/Bundle(11401): Key com.google.android.libraries.social.notifications.trigger expected Integer but value was a vfj.  The default value 0 was returned.
10-11 18:42:32.784: W/Bundle(11401): Attempt to cast generated internal exception:
10-11 18:42:32.784: W/Bundle(11401): java.lang.ClassCastException: vfj cannot be cast to java.lang.Integer
10-11 18:42:32.784: W/Bundle(11401): 	at android.os.BaseBundle.getInt(BaseBundle.java:967)
10-11 18:42:32.784: W/Bundle(11401): 	at android.content.Intent.getIntExtra(Intent.java:6982)
10-11 18:42:32.784: W/Bundle(11401): 	at vgp.a(PG:15)
10-11 18:42:32.784: W/Bundle(11401): 	at vit.run(PG:4)
10-11 18:42:32.784: W/Bundle(11401): 	at java.util.concurrent.ThreadPoolExecutor.runWorker(ThreadPoolExecutor.java:1162)
10-11 18:42:32.784: W/Bundle(11401): 	at java.util.concurrent.ThreadPoolExecutor$Worker.run(ThreadPoolExecutor.java:636)
10-11 18:42:32.784: W/Bundle(11401): 	at jhq.run(PG:3)
10-11 18:42:32.784: W/Bundle(11401): 	at java.lang.Thread.run(Thread.java:764)
10-11 18:42:32.785: V/RcsProvisioning(11379): No legacy config file found, migration not necessary
10-11 18:42:32.786: W/Bugle(11379): Factory.getPhoneUtils: invalid subId = -1
10-11 18:42:32.793: W/RcsProvisioning(11379): Failed to read configuration: /data/user/0/com.google.android.apps.messaging/files/rcsconfig (No such file or directory)
10-11 18:42:32.793: D/RcsProvisioning(11379): Retrieving backup token
10-11 18:42:32.794: W/Bugle(11379): Factory.getPhoneUtils: invalid subId = -1
10-11 18:42:32.814: D/NetworkSecurityConfig(11431): No Network Security Config specified, using platform default
10-11 18:42:32.816: I/ActivityManager(899): Start proc 11455:com.google.android.calendar/u0a66 for broadcast com.google.android.calendar/.alerts.AlertReceiver
10-11 18:42:32.835: D/LoginUtil(11431): Connected to Internet
10-11 18:42:32.841: D/LoginUtil(11431): Adding Account {name=4A2NI7OQOTX46RNLLDCZ5QQEKA-00@cloudtestlabaccounts.com, type=com.google}
10-11 18:42:32.864: I/ActivityManager(899): Start proc 11471:com.google.android.apps.auth.test.support/u0a118 for service com.google.android.apps.auth.test.support/.services.AccountService
10-11 18:42:32.880: I/zygote64(1324): Do partial code cache collection, code=109KB, data=65KB
10-11 18:42:32.880: I/zygote64(1324): After code cache collection, code=107KB, data=65KB
10-11 18:42:32.880: I/zygote64(1324): Increasing code cache capacity to 512KB
10-11 18:42:32.898: I/zygote64(899): Background concurrent copying GC freed 56310(2MB) AllocSpace objects, 12(240KB) LOS objects, 42% free, 12MB/21MB, paused 197us total 181.817ms
10-11 18:42:32.898: D/RcsProvisioning(11379): No backup token found
10-11 18:42:32.905: D/RcsService(11379): RcsEngine: Constructor
10-11 18:42:32.912: W/Bugle(11379): Factory.getPhoneUtils: invalid subId = -1
10-11 18:42:32.921: I/chatty(11379): uid=10097(u0_a97) com.google.android.apps.messaging:rcs identical 1 line
10-11 18:42:32.925: W/Bugle(11379): Factory.getPhoneUtils: invalid subId = -1
10-11 18:42:32.928: W/RcsProvisioning(11379): No config URL. RCS will be disabled!
10-11 18:42:32.928: E/ActivityThread(11471): Failed to find provider info for com.google.android.apps.common.testing.services.storage.testargs
10-11 18:42:32.929: W/AuthService(11471): [TestArgsHelper] Error when calling AndroidTestUtil.getTestArgs(). Note that this behavior might be expected.
10-11 18:42:32.939: I/AuthService(11471): [AddAccountOperation] Call GmsCore API.
10-11 18:42:32.940: D/RcsService(11379): Never provisioned and provisioning is not allowed, skipped config update request
10-11 18:42:32.956: I/ActivityManager(899): Start proc 11494:com.android.providers.calendar/u0a6 for content provider com.android.providers.calendar/.CalendarProvider2
10-11 18:42:32.971: I/GoogleURLConnFactory(5458): Using platform SSLCertificateSocketFactory
10-11 18:42:32.973: E/BaseAppContext(5458): Tried to stop global GMSCore RequestQueue. This is likely unintended, so ignoring.
10-11 18:42:32.976: I/PerformanceMetricCollec(11455): Logging experiments memory-false, lantency-false
10-11 18:42:33.021: I/CalendarProvider2(11494): Created com.android.providers.calendar.CalendarAlarmManager@cdf1923(com.android.providers.calendar.CalendarProvider2@8b88e20)
10-11 18:42:33.035: V/RcsService(11379): Device info: Google Pixel sailfish  //  google sailfish
10-11 18:42:33.035: V/RcsService(11379): Running Android 8.0.0, API level 26, REL 4294783
10-11 18:42:33.036: D/RcsService(11379): onBind in state STARTED, intent action = com.google.android.ims.rcsservice.ims.IImsConnectionTracker
10-11 18:42:33.039: D/RcsService(11379): onBind in state STARTED, intent action = com.google.android.ims.rcsservice.signup.ISignup
10-11 18:42:33.039: I/Auth(5458): [ReflectiveChannelBinder] Successfully bound channel!
10-11 18:42:33.041: D/RcsService(11379): Received broadcast of intent rcs.intent.action.disableRcs
10-11 18:42:33.041: D/RcsService(11379): Disabling RCS connectivity setting
10-11 18:42:33.062: E/NetworkScheduler(5458): Dropping task as app's play services SDK version does not support Android O. Either update the SDK or lower your app's target SDK version
10-11 18:42:33.064: I/ActivityManager(899): Start proc 11519:com.google.android.gms.unstable/u0a21 for service com.google.android.gms/.droidguard.DroidGuardService
10-11 18:42:33.070: D/RcsService(11379): Never provisioned and provisioning is not allowed, skipped config update request
10-11 18:42:33.072: D/PhenotypeJobService(11455): Job scheduled successfully
10-11 18:42:33.087: E/PrefServiceImpl(11455): Primary account is null
10-11 18:42:33.091: I/PerformanceMetricCollec(11455): Logging experiments memory-false, lantency-false
10-11 18:42:33.150: I/LoadedApk(11519): No resource references to update in package FFFFFFFFFFFFFFFFFFFFFF
10-11 18:42:33.187: I/ActivityManager(899): Start proc 11548:com.google.android.deskclock/u0a96 for broadcast com.google.android.deskclock/com.android.deskclock.AlarmInitReceiver
10-11 18:42:33.189: V/NativeCrypto(11519): Registering com/google/android/gms/org/conscrypt/NativeCrypto's 259 native methods...
10-11 18:42:33.190: D/PhenotypeManager(11455): Registered: Status{statusCode=SUCCESS, resolution=null}
10-11 18:42:33.221: D/NetworkSecurityConfig(11519): No Network Security Config specified, using platform default
10-11 18:42:33.226: I/ProviderInstaller(11519): Installed default security provider GmsCore_OpenSSL
10-11 18:42:33.267: I/zygote64(899): Explicit concurrent copying GC freed 26214(1413KB) AllocSpace objects, 4(92KB) LOS objects, 42% free, 11MB/20MB, paused 214us total 150.932ms
10-11 18:42:33.271: I/GAv4(11548): Google Analytics 10.0.84 is starting up. To enable debug logging on a device run:
10-11 18:42:33.271: I/GAv4(11548):   adb shell setprop log.tag.GAv4 DEBUG
10-11 18:42:33.271: I/GAv4(11548):   adb logcat -s GAv4
10-11 18:42:33.295: I/AlarmClock(11548): AlarmInitReceiver android.intent.action.LOCALE_CHANGED
10-11 18:42:33.297: W/GAv4(11548): AnalyticsReceiver is not registered or is disabled. Register the receiver for reliable dispatching on non-Google Play devices. See http://goo.gl/8Rd3yj for instructions.
10-11 18:42:33.299: I/DigitalWidgetProvider(11548): onReceive: Intent { act=android.intent.action.LOCALE_CHANGED flg=0x11200010 cmp=com.google.android.deskclock/com.android.alarmclock.DigitalAppWidgetProvider }
10-11 18:42:33.299: I/PhenotypeFlagCommitter(11455): Experiment Configs successfully retrieved for com.google.android.calendar
10-11 18:42:33.312: W/GAv4(11548): CampaignTrackingReceiver is not registered, not exported or is disabled. Installation campaign tracking is not possible. See http://goo.gl/8Rd3yj for instructions.
10-11 18:42:33.335: W/GAv4(11548): AnalyticsService not registered in the app manifest. Hits might not be delivered reliably. See http://goo.gl/8Rd3yj for instructions.
10-11 18:42:33.349: I/ActivityManager(899): Start proc 11573:com.google.android.gm/u0a98 for broadcast com.google.android.gm/.MailIntentReceiver
10-11 18:42:33.375: I/ActivityManager(899): Start proc 11585:android.process.media/u0a16 for content provider com.android.providers.media/.MediaProvider
10-11 18:42:33.477: W/EasBundling(11573): in EasBundling.init, isBundlingEnabled=true
10-11 18:42:33.510: I/AlarmClock(11548): Started indexing all application data.
10-11 18:42:33.511: D/ActivityThread(11573): Loading provider com.google.android.gmail.provider;com.android.mail.notifier;com.google.android.gm.email.provider;com.google.android.gm.tasks.provider;com.google.android.gm.email.notifier: com.android.email.provider.EmailProvider
10-11 18:42:33.561: I/irr(11573): Beginning new tracing period at 6645676.353436.
10-11 18:42:33.576: W/irr(11573): START TRACE Inbox first results loaded <d54222030d151cfa0000015f0e3f5959>@6645676.353436
10-11 18:42:33.585: W/GAV2(11573): Thread[main,5,main]: Need to call initialize() and be in fallback mode to start dispatch.
10-11 18:42:33.715: I/MicroDetectionWorker(1895): #initializeDataManager [recognitionLocale: es-AR, isForced: false, initGHRecognizer: false]
10-11 18:42:33.735: E/Auth(5484): [NotificationChannelUtil] NotificationChannels reflection error
10-11 18:42:33.735: E/Auth(5484): java.lang.NoSuchMethodException: createNotificationChannelGroup [class android.app.NotificationChannelGroup]
10-11 18:42:33.735: E/Auth(5484): 	at java.lang.Class.getMethod(Class.java:2068)
10-11 18:42:33.735: E/Auth(5484): 	at java.lang.Class.getMethod(Class.java:1690)
10-11 18:42:33.735: E/Auth(5484): 	at gfv.a(:com.google.android.gms@11509440:11)
10-11 18:42:33.735: E/Auth(5484): 	at com.google.android.gms.auth.uiflows.LocaleChangedIntentOperation.onHandleIntent(:com.google.android.gms@11509440:4)
10-11 18:42:33.735: E/Auth(5484): 	at com.google.android.chimera.IntentOperation.onHandleIntent(:com.google.android.gms@11509440:2)
10-11 18:42:33.735: E/Auth(5484): 	at bwh.run(:com.google.android.gms@11509440:10)
10-11 18:42:33.735: E/Auth(5484): 	at bwe.run(:com.google.android.gms@11509440:14)
10-11 18:42:33.735: E/Auth(5484): 	at java.util.concurrent.ThreadPoolExecutor.runWorker(ThreadPoolExecutor.java:1162)
10-11 18:42:33.735: E/Auth(5484): 	at java.util.concurrent.ThreadPoolExecutor$Worker.run(ThreadPoolExecutor.java:636)
10-11 18:42:33.735: E/Auth(5484): 	at java.lang.Thread.run(Thread.java:764)
10-11 18:42:33.735: E/Auth(5484): [NotificationChannelUtil] NotificationChannels reflection error
10-11 18:42:33.735: E/Auth(5484): java.lang.NoSuchMethodException: createNotificationChannel [class android.app.NotificationChannel]
10-11 18:42:33.735: E/Auth(5484): 	at java.lang.Class.getMethod(Class.java:2068)
10-11 18:42:33.735: E/Auth(5484): 	at java.lang.Class.getMethod(Class.java:1690)
10-11 18:42:33.735: E/Auth(5484): 	at gfv.a(:com.google.android.gms@11509440:29)
10-11 18:42:33.735: E/Auth(5484): 	at gfv.a(:com.google.android.gms@11509440:21)
10-11 18:42:33.735: E/Auth(5484): 	at com.google.android.gms.auth.uiflows.LocaleChangedIntentOperation.onHandleIntent(:com.google.android.gms@11509440:4)
10-11 18:42:33.735: E/Auth(5484): 	at com.google.android.chimera.IntentOperation.onHandleIntent(:com.google.android.gms@11509440:2)
10-11 18:42:33.735: E/Auth(5484): 	at bwh.run(:com.google.android.gms@11509440:10)
10-11 18:42:33.735: E/Auth(5484): 	at bwe.run(:com.google.android.gms@11509440:14)
10-11 18:42:33.735: E/Auth(5484): 	at java.util.concurrent.ThreadPoolExecutor.runWorker(ThreadPoolExecutor.java:1162)
10-11 18:42:33.735: E/Auth(5484): 	at java.util.concurrent.ThreadPoolExecutor$Worker.run(ThreadPoolExecutor.java:636)
10-11 18:42:33.735: E/Auth(5484): 	at java.lang.Thread.run(Thread.java:764)
10-11 18:42:33.736: E/Auth(5484): [NotificationChannelUtil] NotificationChannels reflection error
10-11 18:42:33.736: E/Auth(5484): java.lang.NoSuchMethodException: createNotificationChannel [class android.app.NotificationChannel]
10-11 18:42:33.736: E/Auth(5484): 	at java.lang.Class.getMethod(Class.java:2068)
10-11 18:42:33.736: E/Auth(5484): 	at java.lang.Class.getMethod(Class.java:1690)
10-11 18:42:33.736: E/Auth(5484): 	at gfv.a(:com.google.android.gms@11509440:29)
10-11 18:42:33.736: E/Auth(5484): 	at gfv.a(:com.google.android.gms@11509440:25)
10-11 18:42:33.736: E/Auth(5484): 	at com.google.android.gms.auth.uiflows.LocaleChangedIntentOperation.onHandleIntent(:com.google.android.gms@11509440:4)
10-11 18:42:33.736: E/Auth(5484): 	at com.google.android.chimera.IntentOperation.onHandleIntent(:com.google.android.gms@11509440:2)
10-11 18:42:33.736: E/Auth(5484): 	at bwh.run(:com.google.android.gms@11509440:10)
10-11 18:42:33.736: E/Auth(5484): 	at bwe.run(:com.google.android.gms@11509440:14)
10-11 18:42:33.736: E/Auth(5484): 	at java.util.concurrent.ThreadPoolExecutor.runWorker(ThreadPoolExecutor.java:1162)
10-11 18:42:33.736: E/Auth(5484): 	at java.util.concurrent.ThreadPoolExecutor$Worker.run(ThreadPoolExecutor.java:636)
10-11 18:42:33.736: E/Auth(5484): 	at java.lang.Thread.run(Thread.java:764)
10-11 18:42:33.739: E/Auth(5484): [NotificationChannelUtil] NotificationChannels reflection error
10-11 18:42:33.739: E/Auth(5484): java.lang.NoSuchMethodException: createNotificationChannel [class android.app.NotificationChannel]
10-11 18:42:33.739: E/Auth(5484): 	at java.lang.Class.getMethod(Class.java:2068)
10-11 18:42:33.739: E/Auth(5484): 	at java.lang.Class.getMethod(Class.java:1690)
10-11 18:42:33.739: E/Auth(5484): 	at gfv.a(:com.google.android.gms@11509440:29)
10-11 18:42:33.739: E/Auth(5484): 	at gfv.a(:com.google.android.gms@11509440:31)
10-11 18:42:33.739: E/Auth(5484): 	at com.google.android.gms.auth.uiflows.LocaleChangedIntentOperation.onHandleIntent(:com.google.android.gms@11509440:4)
10-11 18:42:33.739: E/Auth(5484): 	at com.google.android.chimera.IntentOperation.onHandleIntent(:com.google.android.gms@11509440:2)
10-11 18:42:33.739: E/Auth(5484): 	at bwh.run(:com.google.android.gms@11509440:10)
10-11 18:42:33.739: E/Auth(5484): 	at bwe.run(:com.google.android.gms@11509440:14)
10-11 18:42:33.739: E/Auth(5484): 	at java.util.concurrent.ThreadPoolExecutor.runWorker(ThreadPoolExecutor.java:1162)
10-11 18:42:33.739: E/Auth(5484): 	at java.util.concurrent.ThreadPoolExecutor$Worker.run(ThreadPoolExecutor.java:636)
10-11 18:42:33.739: E/Auth(5484): 	at java.lang.Thread.run(Thread.java:764)
10-11 18:42:33.744: I/OpaEnableReceiver(1348): Received Intent { act=com.google.android.systemui.OPA_ENABLED flg=0x10000010 (has extras) } with enabled = false
10-11 18:42:33.745: I/OpaLayout(1348): Setting opa enabled to false
10-11 18:42:33.745: I/OpaLayout(1348): Setting opa enabled to false
10-11 18:42:33.747: I/OpaEligibilityChecker(1895): send OpaEligibilityChange broadcast to CommonBroadcastReceiver
10-11 18:42:33.776: I/ActivityManager(899): Start proc 11630:com.google.android.videos/u0a103 for broadcast com.google.android.videos/.service.contentnotification.NotificationChannelManager$Initialize
10-11 18:42:33.779: E/MicroModelsUtil(1895): No model available at /data/user/0/com.google.android.googlequicksearchbox/files/es-AR/hotword.data
10-11 18:42:33.779: E/MicroModelsUtil(1895): java.io.FileNotFoundException: /data/user/0/com.google.android.googlequicksearchbox/files/es-AR/hotword.data (No such file or directory)
10-11 18:42:33.779: E/MicroModelsUtil(1895): 	at java.io.FileInputStream.open0(Native Method)
10-11 18:42:33.779: E/MicroModelsUtil(1895): 	at java.io.FileInputStream.open(FileInputStream.java:200)
10-11 18:42:33.779: E/MicroModelsUtil(1895): 	at java.io.FileInputStream.<init>(FileInputStream.java:150)
10-11 18:42:33.779: E/MicroModelsUtil(1895): 	at com.google.common.io.aa.openStream(SourceFile:14)
10-11 18:42:33.779: E/MicroModelsUtil(1895): 	at com.google.common.io.aa.cGj(SourceFile:5)
10-11 18:42:33.779: E/MicroModelsUtil(1895): 	at com.google.common.io.x.am(SourceFile:17)
10-11 18:42:33.779: E/MicroModelsUtil(1895): 	at com.google.android.apps.gsa.speech.microdetection.s.c(SourceFile:41)
10-11 18:42:33.779: E/MicroModelsUtil(1895): 	at com.google.android.apps.gsa.speech.microdetection.s.b(SourceFile:6)
10-11 18:42:33.779: E/MicroModelsUtil(1895): 	at com.google.android.apps.gsa.speech.microdetection.p.run(SourceFile:12)
10-11 18:42:33.779: E/MicroModelsUtil(1895): 	at java.util.concurrent.Executors$RunnableAdapter.call(Executors.java:457)
10-11 18:42:33.779: E/MicroModelsUtil(1895): 	at java.util.concurrent.FutureTask.run(FutureTask.java:266)
10-11 18:42:33.779: E/MicroModelsUtil(1895): 	at java.util.concurrent.Executors$RunnableAdapter.call(Executors.java:457)
10-11 18:42:33.779: E/MicroModelsUtil(1895): 	at java.util.concurrent.FutureTask.run(FutureTask.java:266)
10-11 18:42:33.779: E/MicroModelsUtil(1895): 	at com.google.android.apps.gsa.shared.util.concurrent.a.h.run(Unknown Source:4)
10-11 18:42:33.779: E/MicroModelsUtil(1895): 	at com.google.android.apps.gsa.shared.util.concurrent.a.ap.run(SourceFile:4)
10-11 18:42:33.779: E/MicroModelsUtil(1895): 	at com.google.android.apps.gsa.shared.util.concurrent.a.ap.run(SourceFile:4)
10-11 18:42:33.779: E/MicroModelsUtil(1895): 	at java.util.concurrent.ThreadPoolExecutor.runWorker(ThreadPoolExecutor.java:1162)
10-11 18:42:33.779: E/MicroModelsUtil(1895): 	at java.util.concurrent.ThreadPoolExecutor$Worker.run(ThreadPoolExecutor.java:636)
10-11 18:42:33.779: E/MicroModelsUtil(1895): 	at java.lang.Thread.run(Thread.java:764)
10-11 18:42:33.779: E/MicroModelsUtil(1895): 	at com.google.android.apps.gsa.shared.util.concurrent.a.l.run(SourceFile:6)
10-11 18:42:33.791: W/ChimeraUtils(5484): Non Chimera context
10-11 18:42:33.835: W/ActivityManager(899): Unable to start service Intent { cmp=com.google.android.gm.exchange/com.android.exchange.service.EasService } U=0: not found
10-11 18:42:33.844: I/MultiDex(11630): VM with version 2.1.0 has multidex support
10-11 18:42:33.844: I/MultiDex(11630): install
10-11 18:42:33.844: I/MultiDex(11630): VM has multidex support, MultiDex support library is disabled.
10-11 18:42:33.852: W/RingtoneManager(11548): No READ_EXTERNAL_STORAGE permission, ignoring ringtones on ext storage
10-11 18:42:33.856: W/SearchService(1895): Abort, client detached.
10-11 18:42:33.878: I/Icing(5484): IndexChimeraService.getServiceInterface callingPackage=com.google.android.gms componentName=AppsCorpus serviceId=36
10-11 18:42:33.880: I/Icing(5484): IndexChimeraService.getServiceInterface callingPackage=com.google.android.gms componentName=AppsCorpus serviceId=32
10-11 18:42:33.898: W/SoundModelDBHelper(899): No SoundModel available for the given keyphrase
10-11 18:42:33.914: W/SessionLifecycleManager(1895): Client : AttachedClient[8335805904466715, ClientConfig[mFlags=[default, headless, launch_external_voice_search_ui, support_transparent_background, legacy_leave_behind_dirty_session_fixme] mSuggestFlags=[0] mClientId=hotwordservice mSessionType=search]] has no associated SessionController
10-11 18:42:33.914: W/SearchService(1895): Abort, client detached.
10-11 18:42:33.914: W/SearchService(1895): Abort, client detached.
10-11 18:42:33.941: I/ModelDownloadController(1895): #requestHotwordModelDownload
10-11 18:42:34.101: I/zygote64(5458): Background concurrent copying GC freed 18391(1117KB) AllocSpace objects, 5(1100KB) LOS objects, 49% free, 7MB/15MB, paused 15.199ms total 317.601ms
10-11 18:42:34.109: I/Icing(5484): Query from com.google.android.gms package restrict com.google.android.gms start 0 num 100
10-11 18:42:34.252: I/ActivityManager(899): Start proc 11674:com.android.vending/u0a40 for service com.android.vending/com.google.android.finsky.contentfilter.impl.ContentFiltersService
10-11 18:42:34.263: D/NuPlayerDriver(689): NuPlayerDriver(0xf0da1000) created, clientPid(11548)
10-11 18:42:34.339: D/GenericSource(689): FileSource remote
10-11 18:42:34.348: D/NuPlayerDriver(689): notifyListener_l(0xf0da1000), (1, 0, 0, -1), loop setting(0, 0)
10-11 18:42:34.352: I/ActivityManager(899): Start proc 11692:com.google.android.youtube/u0a109 for broadcast com.google.android.youtube/com.google.android.apps.youtube.app.application.system.LocaleUpdatedReceiver
10-11 18:42:34.360: W/ActivityManager(899): Background start not allowed: service Intent { cmp=com.google.android.videos/.service.pinning.TransferService (has extras) } to com.google.android.videos/.service.pinning.TransferService from pid=11630 uid=10103 pkg=com.google.android.videos
10-11 18:42:34.363: I/zygote64(11519): Do partial code cache collection, code=30KB, data=20KB
10-11 18:42:34.363: I/zygote64(11519): After code cache collection, code=30KB, data=20KB
10-11 18:42:34.363: I/zygote64(11519): Increasing code cache capacity to 128KB
10-11 18:42:34.402: D/Primes(11630): Package metric disabled.
10-11 18:42:34.402: D/Primes(11630): Battery metric disabled
