10-11 18:42:58.978: I/ProcessCheckinRequest(11860):     r: "<compatibility-matrix version=\u00221.0\u0022 type=\u0022device\u0022>\u000a    <hal format=\u0022hidl\u0022 optional=\u0022false\u0022>\u000a        <name>android.frameworks.schedulerservice</name>\u000a        <version>1.0</version>\u000a        <interface>\u000a[...]"
10-11 18:42:58.978: I/ProcessCheckinRequest(11860):     r: "<compatibility-matrix version=\u00221.0\u0022 type=\u0022framework\u0022>\u000a    <hal format=\u0022hidl\u0022 optional=\u0022false\u0022>\u000a        <name>android.hardware.audio</name>\u000a        <version>2.0</version>\u000a        <interface>\u000a          [...]"
10-11 18:42:58.978: I/ProcessCheckinRequest(11860):   >
10-11 18:42:58.978: I/ProcessCheckinRequest(11860):   b: 1507765935916
10-11 18:42:58.978: I/ProcessCheckinRequest(11860):   g: "WIFI::"
10-11 18:42:58.978: I/ProcessCheckinRequest(11860):   h: true
10-11 18:42:58.978: I/ProcessCheckinRequest(11860):   i: 0
10-11 18:42:58.978: I/ProcessCheckinRequest(11860):   j: 2
10-11 18:42:58.978: I/ProcessCheckinRequest(11860):   k <
10-11 18:42:58.978: I/ProcessCheckinRequest(11860):     a: 4
10-11 18:42:58.978: I/ProcessCheckinRequest(11860):     b: 1
10-11 18:42:58.978: I/ProcessCheckinRequest(11860):     c: "unspecified"
10-11 18:42:58.978: I/ProcessCheckinRequest(11860):     d: ""
10-11 18:42:58.978: I/ProcessCheckinRequest(11860):     e: false
10-11 18:42:58.978: I/ProcessCheckinRequest(11860):   >
10-11 18:42:58.978: I/ProcessCheckinRequest(11860): >
10-11 18:42:58.978: I/ProcessCheckinRequest(11860): l: "[4A2NI7OQOTX46RNLLDCZ5QQEKA-00@cloudtestlabaccounts.com]"
10-11 18:42:58.978: I/ProcessCheckinRequest(11860): m: "America/Los_Angeles"
10-11 18:42:58.978: I/ProcessCheckinRequest(11860): n: 1549159563515009303
10-11 18:42:58.978: I/ProcessCheckinRequest(11860): o: 3
10-11 18:42:58.978: I/ProcessCheckinRequest(11860): p: "Vr2Fhe5sxFWYkTVKXbLBzF7JJME="
10-11 18:42:58.978: I/ProcessCheckinRequest(11860): q <
10-11 18:42:58.978: I/ProcessCheckinRequest(11860):   a: 3
10-11 18:42:58.978: I/ProcessCheckinRequest(11860):   b: 1
10-11 18:42:58.978: I/ProcessCheckinRequest(11860):   c: 1
10-11 18:42:58.978: I/ProcessCheckinRequest(11860):   d: 2
10-11 18:42:58.978: I/ProcessCheckinRequest(11860):   e: false
10-11 18:42:58.978: I/ProcessCheckinRequest(11860):   f: false
10-11 18:42:58.978: I/ProcessCheckinRequest(11860):   g: 420
10-11 18:42:58.978: I/ProcessCheckinRequest(11860):   h: 1080
10-11 18:42:58.978: I/ProcessCheckinRequest(11860):   i: 1794
10-11 18:42:58.978: I/ProcessCheckinRequest(11860):   j: 196610
10-11 18:42:58.978: I/ProcessCheckinRequest(11860):   k: "android.ext.services"
10-11 18:42:58.978: I/ProcessCheckinRequest(11860):   k: "android.ext.shared"
10-11 18:42:58.978: I/ProcessCheckinRequest(11860):   k: "android.test.runner"
10-11 18:42:58.978: I/ProcessCheckinRequest(11860):   k: "com.android.future.usb.accessory"
10-11 18:42:58.978: I/ProcessCheckinRequest(11860):   k: "com.android.ims.rcsmanager"
10-11 18:42:58.978: I/ProcessCheckinRequest(11860):   k: "com.android.location.provider"
10-11 18:42:58.978: I/ProcessCheckinRequest(11860):   k: "com.android.media.remotedisplay"
10-11 18:42:58.978: I/ProcessCheckinRequest(11860):   k: "com.android.mediadrm.signer"
10-11 18:42:58.978: I/ProcessCheckinRequest(11860):   k: "com.google.android.camera.experimental2016"
10-11 18:42:58.978: I/ProcessCheckinRequest(11860):   k: "com.google.android.dialer.support"
10-11 18:42:58.978: I/ProcessCheckinRequest(11860):   k: "com.google.android.gms"
10-11 18:42:58.978: I/ProcessCheckinRequest(11860):   k: "com.google.android.maps"
10-11 18:42:58.978: I/ProcessCheckinRequest(11860):   k: "com.google.android.media.effects"
10-11 18:42:58.978: I/ProcessCheckinRequest(11860):   k: "com.qti.ims.connectionmanager.imscmlibrary"
10-11 18:42:58.978: I/ProcessCheckinRequest(11860):   k: "com.qti.vzw.ims.internal"
10-11 18:42:58.978: I/ProcessCheckinRequest(11860):   k: "com.qualcomm.embmslibrary"
10-11 18:42:58.978: I/ProcessCheckinRequest(11860):   k: "com.qualcomm.qcrilhook"
10-11 18:42:58.978: I/ProcessCheckinRequest(11860):   k: "com.qualcomm.qti.QtiTelephonyServicelibrary"
10-11 18:42:58.978: I/ProcessCheckinRequest(11860):   k: "com.qualcomm.qti.rcsservice"
10-11 18:42:58.978: I/ProcessCheckinRequest(11860):   k: "com.verizon.embms"
10-11 18:42:58.978: I/ProcessCheckinRequest(11860):   k: "com.verizon.provider"
10-11 18:42:58.978: I/ProcessCheckinRequest(11860):   k: "com.vzw.apnlib"
10-11 18:42:58.978: I/ProcessCheckinRequest(11860):   k: "javax.obex"
10-11 18:42:58.978: I/ProcessCheckinRequest(11860):   k: "org.apache.http.legacy"
10-11 18:42:58.978: I/ProcessCheckinRequest(11860):   l: "android.hardware.audio.low_latency"
10-11 18:42:58.978: I/ProcessCheckinRequest(11860):   l: "android.hardware.audio.output"
10-11 18:42:58.978: I/ProcessCheckinRequest(11860):   l: "android.hardware.audio.pro"
10-11 18:42:58.978: I/ProcessCheckinRequest(11860):   l: "android.hardware.bluetooth"
10-11 18:42:58.978: I/ProcessCheckinRequest(11860):   l: "android.hardware.bluetooth_le"
10-11 18:42:58.978: I/ProcessCheckinRequest(11860):   l: "android.hardware.camera"
10-11 18:42:58.978: I/ProcessCheckinRequest(11860):   l: "android.hardware.camera.any"
10-11 18:42:58.978: I/ProcessCheckinRequest(11860):   l: "android.hardware.camera.autofocus"
10-11 18:42:58.978: I/ProcessCheckinRequest(11860):   l: "android.hardware.camera.capability.manual_post_processing"
10-11 18:42:58.978: I/ProcessCheckinRequest(11860):   l: "android.hardware.camera.capability.manual_sensor"
10-11 18:42:58.978: I/ProcessCheckinRequest(11860):   l: "android.hardware.camera.capability.raw"
10-11 18:42:58.978: I/ProcessCheckinRequest(11860):   l: "android.hardware.camera.flash"
10-11 18:42:58.978: I/ProcessCheckinRequest(11860):   l: "android.hardware.camera.front"
10-11 18:42:58.978: I/ProcessCheckinRequest(11860):   l: "android.hardware.camera.level.full"
10-11 18:42:58.978: I/ProcessCheckinRequest(11860):   l: "android.hardware.faketouch"
10-11 18:42:58.978: I/ProcessCheckinRequest(11860):   l: "android.hardware.fingerprint"
10-11 18:42:58.978: I/ProcessCheckinRequest(11860):   l: "android.hardware.location"
10-11 18:42:58.978: I/ProcessCheckinRequest(11860):   l: "android.hardware.location.gps"
10-11 18:42:58.978: I/ProcessCheckinRequest(11860):   l: "android.hardware.location.network"
10-11 18:42:58.978: I/ProcessCheckinRequest(11860):   l: "android.hardware.microphone"
10-11 18:42:58.978: I/ProcessCheckinRequest(11860):   l: "android.hardware.nfc"
10-11 18:42:58.978: I/ProcessCheckinRequest(11860):   l: "android.hardware.nfc.any"
10-11 18:42:58.978: I/ProcessCheckinRequest(11860):   l: "android.hardware.nfc.hce"
10-11 18:42:58.978: I/ProcessCheckinRequest(11860):   
10-11 18:42:58.979: I/MediaStoreImporter(12132): Update: full Added music: 0 Updated music: 0 Deleted music: 0 Created playlists: 0 Updated playlists: 0 Deleted playlists: 0 Inserted playlist items: 0 Deleted playlist items: 0 Removed orphaned playlist items: 0
10-11 18:42:58.982: D/MusicLifecycle(12132): com.google.android.music.download.EncapsulatedBroadcastReceiver$1 generated event: Broadcast received with context com.google.android.music.ui.PhoneMusicApplication@f5237d6 and intent Intent { act=com.google.android.music.IMPORT_COMPLETE flg=0x10 }
10-11 18:42:59.056: I/HeterodyneSyncScheduler(11839): Scheduling Phenotype for a PhenotypeSyncImmediately(12, com.google.android.googlequicksearchbox) one off with window [1, 2] in seconds
10-11 18:42:59.062: I/InputReader(899): Reconfiguring input devices.  changes=0x00000010
10-11 18:42:59.065: D/ImsResolver(1517): maybeAddedImsService, packageName: com.google.android.music
10-11 18:42:59.070: E/InstantApps(11839): HashPrefixFilterImpl: Not in sync with domain filter, getDomainsForPrefixes skipped
10-11 18:42:59.070: W/ResourceType(899): No known package when getting value for resource number 0x7f0201eb
10-11 18:42:59.070: W/ResourceType(899): No known package when getting value for resource number 0x7f0c0173
10-11 18:42:59.070: W/ResourceType(899): No known package when getting value for resource number 0x7f0c0170
10-11 18:42:59.070: W/ResourceType(899): No known package when getting value for resource number 0x7f0c0170
10-11 18:42:59.070: W/ResourceType(899): No known package when getting value for resource number 0x7f0201ec
10-11 18:42:59.070: W/ResourceType(899): No known package when getting value for resource number 0x7f0c0171
10-11 18:42:59.070: W/ResourceType(899): No known package when getting value for resource number 0x7f0c016e
10-11 18:42:59.070: W/ResourceType(899): No known package when getting value for resource number 0x7f0c016e
10-11 18:42:59.070: W/ResourceType(899): No known package when getting value for resource number 0x7f0201ed
10-11 18:42:59.071: W/ResourceType(899): No known package when getting value for resource number 0x7f0c0172
10-11 18:42:59.071: W/ResourceType(899): No known package when getting value for resource number 0x7f0c016f
10-11 18:42:59.074: W/ActivityManager(899): Permission Denial: Accessing service ComponentInfo{com.google.android.music/com.google.android.music.dial.DialMediaRouteProviderService} from pid=11692, uid=10109 that is not exported from uid 10089
10-11 18:42:59.071: W/ResourceType(899): No known package when getting value for resource number 0x7f0c016f
10-11 18:42:59.076: E/InstantApps(11839): HashPrefixFilterImpl: Not in sync with domain filter, getDomainsForPrefixes skipped
10-11 18:42:59.093: D/CarrierSvcBindHelper(1517): No carrier app for: 0
10-11 18:42:59.095: D/RegisteredNfcFServicesCache(1935): Service unchanged, not updating
10-11 18:42:59.099: I/Telecom(899): DefaultDialerCache: Refreshing default dialer for user 0: now com.google.android.dialer: DDC.oR@AFI
10-11 18:42:59.110: W/SearchService(12325): Abort, client detached.
10-11 18:42:59.235: W/OkHttpClient(11839): A connection to https://www.googleapis.com/ was leaked. Did you forget to close a response body?
10-11 18:42:59.241: W/Auth(11839): [GetToken] GetToken failed with status code: INVALID_SCOPE
10-11 18:42:59.244: E/HeterodyneSyncer(11839): Failed to get auth token: INVALID_SCOPE
10-11 18:42:59.244: E/HeterodyneSyncer(11839): dzf: INVALID_SCOPE
10-11 18:42:59.244: E/HeterodyneSyncer(11839): 	at dzj.a(:com.google.android.gms@11509440:16)
10-11 18:42:59.244: E/HeterodyneSyncer(11839): 	at dzi.a(:com.google.android.gms@11509440:2)
10-11 18:42:59.244: E/HeterodyneSyncer(11839): 	at dzi.e(:com.google.android.gms@11509440:6)
10-11 18:42:59.244: E/HeterodyneSyncer(11839): 	at dzg.f(:com.google.android.gms@11509440:3)
10-11 18:42:59.244: E/HeterodyneSyncer(11839): 	at dzg.a(:com.google.android.gms@11509440:4)
10-11 18:42:59.244: E/HeterodyneSyncer(11839): 	at dzg.a(:com.google.android.gms@11509440:7)
10-11 18:42:59.244: E/HeterodyneSyncer(11839): 	at aazg.a(:com.google.android.gms@11509440:30)
10-11 18:42:59.244: E/HeterodyneSyncer(11839): 	at aazi.a(:com.google.android.gms@11509440:26)
10-11 18:42:59.244: E/HeterodyneSyncer(11839): 	at aazi.a(:com.google.android.gms@11509440:158)
10-11 18:42:59.244: E/HeterodyneSyncer(11839): 	at aazi.a(:com.google.android.gms@11509440:282)
10-11 18:42:59.244: E/HeterodyneSyncer(11839): 	at com.google.android.gms.phenotype.sync.HeterodyneSyncTaskChimeraService.a(:com.google.android.gms@11509440:40)
10-11 18:42:59.244: E/HeterodyneSyncer(11839): 	at com.google.android.gms.phenotype.sync.HeterodyneSyncTaskChimeraService.a(:com.google.android.gms@11509440:19)
10-11 18:42:59.244: E/HeterodyneSyncer(11839): 	at ssv.run(:com.google.android.gms@11509440:1)
10-11 18:42:59.244: E/HeterodyneSyncer(11839): 	at java.util.concurrent.ThreadPoolExecutor.runWorker(ThreadPoolExecutor.java:1162)
10-11 18:42:59.244: E/HeterodyneSyncer(11839): 	at java.util.concurrent.ThreadPoolExecutor$Worker.run(ThreadPoolExecutor.java:636)
10-11 18:42:59.244: E/HeterodyneSyncer(11839): 	at java.lang.Thread.run(Thread.java:764)
10-11 18:42:59.270: I/CheckinResponseProcess(11860): From server: 4 gservices updates and 2 deletes
10-11 18:42:59.480: I/GservicesProvider(2044): main difference update completed
10-11 18:42:59.501: I/BugleRcs(11354): updating RCS availability
10-11 18:42:59.522: I/ProcessCheckinRequest(11860): updateCheckinIdTokenFileFromResponse, Reading existing AID
10-11 18:42:59.537: I/CheckinRequestBuilder(11860): Checkin reason type: 4 attempt count: 1
10-11 18:42:59.588: W/Bugle(11379): Factory.getPhoneUtils: invalid subId = -1
10-11 18:42:59.594: E/ActivityThread(11860): Failed to find provider info for com.google.android.wearable.settings
10-11 18:42:59.611: I/CheckinRequestBuilder(11860): Unknown state of subscriptions on the device
10-11 18:42:59.612: V/Bugle(11354): Executing sticker action: com.google.android.apps.messaging.shared.datamodel.d.ah
10-11 18:42:59.621: W/Bugle(11354): Factory.getPhoneUtils: invalid subId = -1
10-11 18:42:59.628: I/Bugle(11354): ApnsOta: OTA version -1
10-11 18:42:59.638: W/Bugle(11354): Factory.getPhoneUtils: invalid subId = -1
10-11 18:42:59.647: W/Bugle(11354): Factory.getPhoneUtils: invalid subId = -1
10-11 18:42:59.659: V/BugleRcs(11354): RcsAvailability updated but unchanged: RCS is disabled due to SIM absent
10-11 18:42:59.718: D/CarrierServices(12367): log_saver already enabled
10-11 18:42:59.780: D/CarrierServices(11379): log_saver already enabled
10-11 18:42:59.910: I/zygote64(11860): Compiler allocated 7MB to compile void jnh.a(android.content.Context)
10-11 18:43:00.112: W/Auth(11839): [GetToken] GetToken failed with status code: INVALID_SCOPE
10-11 18:43:00.120: E/CheckinRequestBuilder(11860): Unrecoverable authentication exception: INVALID_SCOPE
10-11 18:43:00.120: E/CheckinRequestBuilder(11860): dzf: INVALID_SCOPE
10-11 18:43:00.120: E/CheckinRequestBuilder(11860): 	at dzj.a(:com.google.android.gms@11509440:16)
10-11 18:43:00.120: E/CheckinRequestBuilder(11860): 	at dzi.a(:com.google.android.gms@11509440:2)
10-11 18:43:00.120: E/CheckinRequestBuilder(11860): 	at dzi.e(:com.google.android.gms@11509440:6)
10-11 18:43:00.120: E/CheckinRequestBuilder(11860): 	at dzg.f(:com.google.android.gms@11509440:3)
10-11 18:43:00.120: E/CheckinRequestBuilder(11860): 	at dzg.a(:com.google.android.gms@11509440:4)
10-11 18:43:00.120: E/CheckinRequestBuilder(11860): 	at kbi.a(:com.google.android.gms@11509440:203)
10-11 18:43:00.120: E/CheckinRequestBuilder(11860): 	at kci.a(:com.google.android.gms@11509440:17)
10-11 18:43:00.120: E/CheckinRequestBuilder(11860): 	at kci.a(:com.google.android.gms@11509440:181)
10-11 18:43:00.120: E/CheckinRequestBuilder(11860): 	at com.google.android.gms.checkin.CheckinChimeraService.a(:com.google.android.gms@11509440:148)
10-11 18:43:00.120: E/CheckinRequestBuilder(11860): 	at kbe.run(:com.google.android.gms@11509440:2)
10-11 18:43:00.120: E/CheckinRequestBuilder(11860): 	at mmo.run(:com.google.android.gms@11509440:25)
10-11 18:43:00.120: E/CheckinRequestBuilder(11860): 	at java.util.concurrent.ThreadPoolExecutor.runWorker(ThreadPoolExecutor.java:1162)
10-11 18:43:00.120: E/CheckinRequestBuilder(11860): 	at java.util.concurrent.ThreadPoolExecutor$Worker.run(ThreadPoolExecutor.java:636)
10-11 18:43:00.120: E/CheckinRequestBuilder(11860): 	at mrv.run(Unknown Source:7)
10-11 18:43:00.120: E/CheckinRequestBuilder(11860): 	at java.lang.Thread.run(Thread.java:764)
10-11 18:43:00.135: I/CheckinUtil(11860): Classify the device as Phone.
10-11 18:43:00.176: E/ProcessCheckinRequest(11860): CheckinNowTaskTag : Checkin Succeeded: https://android.clients.google.com/checkin (request #1): 
10-11 18:43:00.272: D/AndroidRuntime(12570): >>>>>> START com.android.internal.os.RuntimeInit uid 2000 <<<<<<
10-11 18:43:00.395: D/AndroidRuntime(12570): Calling main entry com.android.commands.pm.Pm
10-11 18:43:00.406: I/app_process(12570): System.exit called, status: 1
10-11 18:43:00.406: I/AndroidRuntime(12570): VM exiting with result code 1.
10-11 18:43:00.722: I/zygote64(11839): Background concurrent copying GC freed 195481(7MB) AllocSpace objects, 1(580KB) LOS objects, 49% free, 9MB/19MB, paused 654us total 121.196ms
10-11 18:43:00.757: D/AndroidRuntime(12590): >>>>>> START com.android.internal.os.RuntimeInit uid 2000 <<<<<<
10-11 18:43:00.887: D/AndroidRuntime(12590): Calling main entry com.android.commands.am.Am
10-11 18:43:00.907: I/ActivityManager(899): Force stopping com.google.android.apps.mtaas.tools appid=10116 user=0: start instr
10-11 18:43:00.943: I/ActivityManager(899): Start proc 12599:com.google.android.apps.mtaas.tools/u0a116 for added application com.google.android.apps.mtaas.tools
10-11 18:43:01.038: D/ApplicationPackageManager(12599): Shame on you for calling the hidden API getPackageSizeInfoAsUser(). Shame!
10-11 18:43:01.039: E/DumpPackageStats(12599): Instrumentation completed with failure: Failed to get PackageStats for org.gnucash.android
10-11 18:43:01.040: I/ActivityManager(899): Force stopping com.google.android.apps.mtaas.tools appid=10116 user=0: finished inst
10-11 18:43:01.040: I/ActivityManager(899): Killing 12599:com.google.android.apps.mtaas.tools/u0a116 (adj 0): stop com.google.android.apps.mtaas.tools
10-11 18:43:01.041: W/Binder(899): Outgoing transactions from this process must be FLAG_ONEWAY
10-11 18:43:01.041: W/Binder(899): java.lang.Throwable
10-11 18:43:01.041: W/Binder(899): 	at android.os.BinderProxy.transact(Binder.java:736)
10-11 18:43:01.041: W/Binder(899): 	at android.app.IInstrumentationWatcher$Stub$Proxy.instrumentationFinished(IInstrumentationWatcher.java:160)
10-11 18:43:01.041: W/Binder(899): 	at com.android.server.am.InstrumentationReporter$MyThread.run(InstrumentationReporter.java:86)
10-11 18:43:01.045: D/AndroidRuntime(12590): Shutting down VM
10-11 18:43:01.354: W/Auth(11839): [GetToken] GetToken failed with status code: INVALID_SCOPE
10-11 18:43:01.361: E/HeterodyneSyncer(11839): Failed to get auth token: INVALID_SCOPE
10-11 18:43:01.361: E/HeterodyneSyncer(11839): dzf: INVALID_SCOPE
10-11 18:43:01.361: E/HeterodyneSyncer(11839): 	at dzj.a(:com.google.android.gms@11509440:16)
10-11 18:43:01.361: E/HeterodyneSyncer(11839): 	at dzi.a(:com.google.android.gms@11509440:2)
10-11 18:43:01.361: E/HeterodyneSyncer(11839): 	at dzi.e(:com.google.android.gms@11509440:6)
10-11 18:43:01.361: E/HeterodyneSyncer(11839): 	at dzg.f(:com.google.android.gms@11509440:3)
10-11 18:43:01.361: E/HeterodyneSyncer(11839): 	at dzg.a(:com.google.android.gms@11509440:4)
10-11 18:43:01.361: E/HeterodyneSyncer(11839): 	at dzg.a(:com.google.android.gms@11509440:7)
10-11 18:43:01.361: E/HeterodyneSyncer(11839): 	at aazg.a(:com.google.android.gms@11509440:30)
10-11 18:43:01.361: E/HeterodyneSyncer(11839): 	at aazi.a(:com.google.android.gms@11509440:27)
10-11 18:43:01.361: E/HeterodyneSyncer(11839): 	at aazi.a(:com.google.android.gms@11509440:158)
10-11 18:43:01.361: E/HeterodyneSyncer(11839): 	at aazi.a(:com.google.android.gms@11509440:284)
10-11 18:43:01.361: E/HeterodyneSyncer(11839): 	at com.google.android.gms.phenotype.sync.HeterodyneSyncTaskChimeraService.a(:com.google.android.gms@11509440:40)
10-11 18:43:01.361: E/HeterodyneSyncer(11839): 	at com.google.android.gms.phenotype.sync.HeterodyneSyncTaskChimeraService.a(:com.google.android.gms@11509440:19)
10-11 18:43:01.361: E/HeterodyneSyncer(11839): 	at ssv.run(:com.google.android.gms@11509440:1)
10-11 18:43:01.361: E/HeterodyneSyncer(11839): 	at java.util.concurrent.ThreadPoolExecutor.runWorker(ThreadPoolExecutor.java:1162)
10-11 18:43:01.361: E/HeterodyneSyncer(11839): 	at java.util.concurrent.ThreadPoolExecutor$Worker.run(ThreadPoolExecutor.java:636)
10-11 18:43:01.361: E/HeterodyneSyncer(11839): 	at java.lang.Thread.run(Thread.java:764)
10-11 18:43:01.527: W/HeterodyneSyncer(11839): Server returned 401... invalidating auth token
10-11 18:43:01.937: I/HeterodyneSyncScheduler(11839): Scheduling adaptive one off task with window [14400, 604800] in seconds
10-11 18:43:02.464: D/AndroidRuntime(12622): >>>>>> START com.android.internal.os.RuntimeInit uid 2000 <<<<<<
10-11 18:43:02.598: D/AndroidRuntime(12622): Calling main entry com.android.commands.am.Am
10-11 18:43:02.605: I/ActivityManager(899): Force stopping com.google.android.apps.mtaas.tools appid=10116 user=0: start instr
10-11 18:43:02.636: I/ActivityManager(899): Start proc 12631:com.google.android.apps.mtaas.tools/u0a116 for added application com.google.android.apps.mtaas.tools
10-11 18:43:02.775: D/DumpStaticPerfEnv(12631): Instrumentation completed successfully
10-11 18:43:02.777: I/ActivityManager(899): Force stopping com.google.android.apps.mtaas.tools appid=10116 user=0: finished inst
10-11 18:43:02.777: W/Binder(899): Outgoing transactions from this process must be FLAG_ONEWAY
10-11 18:43:02.777: W/Binder(899): java.lang.Throwable
10-11 18:43:02.777: W/Binder(899): 	at android.os.BinderProxy.transact(Binder.java:736)
10-11 18:43:02.777: W/Binder(899): 	at android.app.IInstrumentationWatcher$Stub$Proxy.instrumentationFinished(IInstrumentationWatcher.java:160)
10-11 18:43:02.777: W/Binder(899): 	at com.android.server.am.InstrumentationReporter$MyThread.run(InstrumentationReporter.java:86)
10-11 18:43:02.777: I/ActivityManager(899): Killing 12631:com.google.android.apps.mtaas.tools/u0a116 (adj 0): stop com.google.android.apps.mtaas.tools
10-11 18:43:02.792: D/AndroidRuntime(12622): Shutting down VM
10-11 18:43:02.842: I/ActivityManager(899): Failure reporting to instrumentation watcher: comp=ComponentInfo{com.google.android.apps.mtaas.tools/com.google.android.apps.mtaas.tools.instrumentations.DumpStaticPerfEnv} results=Bundle[mParcelledData.dataSize=248]
10-11 18:43:04.130: I/ActivityManager(899): Killing 11585:android.process.media/u0a16 (adj 906): empty #17
10-11 18:43:04.774: I/ActivityManager(899): Killing 12067:com.google.android.gms.feedback/u0a21 (adj 906): empty #17
10-11 18:43:04.830: W/ActivityManager(899): Scheduling restart of crashed service com.google.android.gms/.feedback.FeedbackService in 1000ms
10-11 18:43:05.885: W/ActivityManager(899): Slow operation: 54ms so far, now at startProcess: returned from zygote!
10-11 18:43:05.886: W/ActivityManager(899): Slow operation: 54ms so far, now at startProcess: done updating battery stats
10-11 18:43:05.886: W/ActivityManager(899): Slow operation: 55ms so far, now at startProcess: building log message
10-11 18:43:05.886: I/ActivityManager(899): Start proc 12653:com.google.android.gms.feedback/u0a21 for service com.google.android.gms/.feedback.FeedbackService
10-11 18:43:05.886: W/ActivityManager(899): Slow operation: 55ms so far, now at startProcess: starting to update pids map
10-11 18:43:05.886: W/ActivityManager(899): Slow operation: 55ms so far, now at startProcess: done updating pids map
10-11 18:43:05.886: W/ActivityManager(899): Slow operation: 55ms so far, now at startProcess: done starting proc!
10-11 18:43:06.033: I/LoadedApk(12653): No resource references to update in package FFFFFFFFFFFFFFFFFFFFFF
10-11 18:43:06.087: V/NativeCrypto(12653): Registering com/google/android/gms/org/conscrypt/NativeCrypto's 259 native methods...
10-11 18:43:06.112: D/NetworkSecurityConfig(12653): No Network Security Config specified, using platform default
10-11 18:43:06.118: I/ProviderInstaller(12653): Installed default security provider GmsCore_OpenSSL
10-11 18:43:06.369: I/CheckinCompat(11860): No service .checkin.CheckinService to disable
10-11 18:43:06.382: I/CheckinCompat(11860): No service .update.SystemUpdateActivity to disable
10-11 18:43:06.396: I/CheckinCompat(11860): No service .update.SystemUpdateService$SecretCodeReceiver to disable
10-11 18:43:06.409: I/CheckinCompat(11860): No service .update.SystemUpdateService$Receiver to disable
10-11 18:43:06.549: I/ActivityManager(899): Killing 11471:com.google.android.apps.auth.test.support/u0a118 (adj 906): empty #17
10-11 18:43:06.844: W/NamedFutures(12325): Timeout future task has been cancelled: 10000 milliseconds
10-11 18:43:06.848: E/SearchServiceStarter(12325): Task 174 failed or timed out. Client 54207431021932207 disconnecting from SearchService!
10-11 18:43:06.848: E/SearchServiceStarter(12325): java.util.concurrent.CancellationException: Task was cancelled.
10-11 18:43:06.848: E/SearchServiceStarter(12325): 	at com.google.common.util.concurrent.d.df(SourceFile:80)
10-11 18:43:06.848: E/SearchServiceStarter(12325): 	at com.google.common.util.concurrent.d.get(SourceFile:62)
10-11 18:43:06.848: E/SearchServiceStarter(12325): 	at com.google.common.util.concurrent.cf.o(SourceFile:2)
10-11 18:43:06.848: E/SearchServiceStarter(12325): 	at com.google.common.util.concurrent.ax.m(SourceFile:49)
10-11 18:43:06.848: E/SearchServiceStarter(12325): 	at com.google.common.util.concurrent.az.run(SourceFile:5)
10-11 18:43:06.848: E/SearchServiceStarter(12325): 	at com.google.android.apps.gsa.shared.util.concurrent.a.ag.run(SourceFile:2)
10-11 18:43:06.848: E/SearchServiceStarter(12325): 	at android.os.Handler.handleCallback(Handler.java:789)
10-11 18:43:06.848: E/SearchServiceStarter(12325): 	at android.os.Handler.dispatchMessage(Handler.java:98)
10-11 18:43:06.848: E/SearchServiceStarter(12325): 	at android.os.Looper.loop(Looper.java:164)
10-11 18:43:06.848: E/SearchServiceStarter(12325): 	at android.app.ActivityThread.main(ActivityThread.java:6541)
10-11 18:43:06.848: E/SearchServiceStarter(12325): 	at java.lang.reflect.Method.invoke(Native Method)
10-11 18:43:06.848: E/SearchServiceStarter(12325): 	at com.android.internal.os.Zygote$MethodAndArgsCaller.run(Zygote.java:240)
10-11 18:43:06.848: E/SearchServiceStarter(12325): 	at com.android.internal.os.ZygoteInit.main(ZygoteInit.java:767)
10-11 18:43:06.904: I/ActivityManager(899): Killing 12367:com.google.android.ims/u0a9 (adj 906): empty #17
10-11 18:43:06.938: W/ActivityManager(899): Scheduling restart of crashed service com.google.android.ims/.services.WakeLockService in 4000ms
10-11 18:43:06.938: W/ActivityManager(899): Scheduling restart of crashed service com.google.android.ims/.services.NetworkConnectionsService in 44000ms
10-11 18:43:07.055: W/BroadcastQueue(899): Background execution not allowed: receiving Intent { act=com.google.android.gms.location.reporting.SETTINGS_CHANGED flg=0x10 } to com.google.android.googlequicksearchbox/com.google.android.apps.gsa.search.core.udc.UdcSettingBroadcastReceiver
10-11 18:43:07.077: W/BroadcastQueue(899): Background execution not allowed: receiving Intent { act=android.intent.action.PACKAGE_ADDED dat=package:org.gnucash.android flg=0x4000010 (has extras) } to com.android.musicfx/.Compatibility$Receiver
10-11 18:43:07.122: I/ActivityManager(899): Start proc 12677:com.google.android.gms.ui/u0a21 for service com.google.android.gms/.chimera.UiIntentOperationService
10-11 18:43:07.128: I/Finsky(11674): [2] com.google.android.finsky.utils.PermissionPolicies$PermissionPolicyService.onStartCommand(18): post-install permissions check for org.gnucash.android
10-11 18:43:07.140: I/Finsky(11674): [2] com.google.android.finsky.externalreferrer.d.run(9): Package state data is missing for org.gnucash.android
10-11 18:43:07.150: I/WearableService(11839): Wearable Services not starting - Wear is not available on this device.
10-11 18:43:07.162: D/WearableService(11839): onGetService - Wear is not available on this device.
10-11 18:43:07.171: E/Finsky(11674): [2] com.google.android.finsky.wear.bl.a(3): onConnectionFailed: ConnectionResult{statusCode=API_UNAVAILABLE, resolution=null, message=null}
10-11 18:43:07.179: W/Finsky(11674): [2] com.google.android.finsky.wear.aj.run(9): Dropping command=auto_install due to Gms not connected
10-11 18:43:07.183: W/Finsky(11674): [2] com.google.android.finsky.wear.aj.run(9): Dropping command=send_installed_apps due to Gms not connected
10-11 18:43:07.187: W/BroadcastQueue(899): Background execution not allowed: receiving Intent { act=android.intent.action.PACKAGE_ADDED dat=package:org.gnucash.android flg=0x4000010 (has extras) } to com.google.android.googlequicksearchbox/com.google.android.apps.gsa.googlequicksearchbox.GelStubAppWatcher
10-11 18:43:07.197: I/ActivityManager(899): Start proc 12694:com.verizon.vzwavs/u0a52 for broadcast com.verizon.vzwavs/.WakeupReceiver
10-11 18:43:07.199: I/zygote64(11839): Deoptimizing java.lang.Object aavm.c() due to JIT inline cache
10-11 18:43:07.211: W/ConfigurationChimeraProvider(11839): Got null configs for com.google.android.gms.appinvite
10-11 18:43:07.221: W/GoogleSignatureVerifier(11839): Test-keys aren't accepted on this build.
10-11 18:43:07.250: I/Authzen(11860): [PermitStore] Getting all permits...
10-11 18:43:07.263: I/Authzen(11860): [fcc] Opening database auth.proximity.permit_store...
10-11 18:43:07.280: W/BroadcastQueue(899): Background execution not allowed: receiving Intent { act=com.google.android.music.accountchanged flg=0x10 (has extras) } to com.google.android.music/.autocache.AutoCacheSchedulingService$EnablingReceiver
10-11 18:43:07.286: W/BroadcastQueue(899): Background execution not allowed: receiving Intent { act=com.google.android.music.START_DOWNLOAD_SCHEDULING flg=0x10 } to com.google.android.music/.autocache.AutoCacheSchedulingService$EnablingReceiver
10-11 18:43:07.286: W/BroadcastQueue(899): Background execution not allowed: receiving Intent { act=com.google.android.music.START_DOWNLOAD_SCHEDULING flg=0x10 } to com.google.android.music/.wear.WearBroadcastReceiver
10-11 18:43:07.287: W/BroadcastQueue(899): Background execution not allowed: receiving Intent { act=com.google.android.music.IMPORT_COMPLETE flg=0x10 } to com.google.android.music/.wear.WearBroadcastReceiver
10-11 18:43:07.288: V/VZWAVSService(12694): android.intent.action.PACKAGE_ADDED
10-11 18:43:07.288: V/VZWAVSService(12694): org.gnucash.android
10-11 18:43:07.293: I/MobileDataHub(11860): Using regular flags by method 1
10-11 18:43:07.295: V/VZWAVSService(12694): 0
10-11 18:43:07.295: V/VZWAVSService(12694): s: 
10-11 18:43:07.304: I/LoadedApk(12677): No resource references to update in package FFFFFFFFFFFFFFFFFFFFFF
10-11 18:43:07.313: I/ActivityManager(899): Killing 12132:com.google.android.music:main/u0a89 (adj 906): empty #17
10-11 18:43:07.340: I/ActivityManager(899): Start proc 12723:com.android.carrierconfig/u0a20 for broadcast com.android.carrierconfig/.GservicesChangedReceiver
10-11 18:43:07.343: V/NativeCrypto(12677): Registering com/google/android/gms/org/conscrypt/NativeCrypto's 259 native methods...
10-11 18:43:07.346: V/NativeCrypto(11839): Read error: ssl=0x7a29e12780: I/O error during system call, Connection reset by peer
10-11 18:43:07.352: V/NativeCrypto(11839): SSL shutdown failed: ssl=0x7a29e12780: I/O error during system call, Broken pipe
10-11 18:43:07.360: E/GCM(11839): Wifi connection closed with errorCode 20
10-11 18:43:07.360: D/ConnectivityService(899): reportNetworkConnectivity(100, false) by 10021
10-11 18:43:07.362: D/NetworkMonitor/NetworkAgentInfo [WIFI () - 100](899): Forcing reevaluation for UID 10021
10-11 18:43:07.379: W/ConfigurationChimeraProvider(11839): Got null configs for com.google.android.gms.chromesync
10-11 18:43:07.384: D/NetworkMonitor/NetworkAgentInfo [WIFI () - 100](899): PROBE_DNS connectivitycheck.gstatic.com 7ms OK 173.194.219.94
10-11 18:43:07.388: D/NetworkMonitor/NetworkAgentInfo [WIFI () - 100](899): PROBE_DNS www.google.com 11ms OK 172.217.2.36
10-11 18:43:07.390: D/Wear_Controller(11860): Received broadcast action=android.intent.action.PACKAGE_ADDED and uri=org.gnucash.android
10-11 18:43:07.391: D/NetworkSecurityConfig(12677): No Network Security Config specified, using platform default
10-11 18:43:07.393: I/ProviderInstaller(12677): Installed default security provider GmsCore_OpenSSL
10-11 18:43:07.394: D/NetworkMonitor/NetworkAgentInfo [WIFI () - 100](899): PROBE_HTTP http://connectivitycheck.gstatic.com/generate_204 time=8ms ret=204 request={User-Agent=[Mozilla/5.0 (X11; Linux x86_64) AppleWebKit/537.36 (KHTML, like Gecko) Chrome/52.0.2743.82 Safari/537.36]} headers={null=[HTTP/1.1 204 No Content], Content-Length=[0], Date=[Thu, 12 Oct 2017 01:43:07 GMT], X-Android-Received-Millis=[1507772587393], X-Android-Response-Source=[NETWORK 204], X-Android-Selected-Protocol=[http/1.1], X-Android-Sent-Millis=[1507772587385]}
10-11 18:43:07.394: D/NetworkMonitor/NetworkAgentInfo [WIFI () - 100](899): PROBE_HTTPS https://www.google.com/generate_204 time=6ms ret=204 request={User-Agent=[Mozilla/5.0 (X11; Linux x86_64) AppleWebKit/537.36 (KHTML, like Gecko) Chrome/52.0.2743.82 Safari/537.36]} headers={null=[HTTP/1.1 204 No Content], Alt-Svc=[quic=":443"; ma=2592000; v="39,38,37,35"], Content-Length=[0], Date=[Thu, 12 Oct 2017 01:43:07 GMT], X-Android-Received-Millis=[1507772587394], X-Android-Response-Source=[NETWORK 204], X-Android-Selected-Protocol=[http/1.1], X-Android-Sent-Millis=[1507772587389]}
10-11 18:43:07.395: D/ConnectivityService(899): NetworkAgentInfo [WIFI () - 100] validation passed
10-11 18:43:07.420: I/ChromeSync(11860): [Persistence,AffiliationManager] Fetching affiliations from the server.
10-11 18:43:07.424: W/ChimeraUtils(11860): Non Chimera context
10-11 18:43:07.425: W/ChimeraUtils(11860): Non Chimera context
10-11 18:43:07.460: D/GoogleCarrierConfigReceiver(12723): Gservices Changed Received
10-11 18:43:07.467: W/ChimeraUtils(11839): Non Chimera context
10-11 18:43:07.485: I/ActivityManager(899): Start proc 12756:com.android.connectivity.metrics/u0a12 for broadcast com.android.connectivity.metrics/.SnapshotSchedulingReceiver
10-11 18:43:07.485: I/ActivityManager(899): Killing 12214:com.android.chrome/u0a70 (adj 906): empty #17
10-11 18:43:07.492: I/FA-SVC(11860): App measurement is starting up, version: 11509
10-11 18:43:07.569: D/ConnMetrics:App(12756): onCreate()
10-11 18:43:07.585: W/ChromeSync(11860): [Persistence,AffiliationManager] Wasn't able to find package certificate for app: com.vzw.apnlib
10-11 18:43:07.616: I/Icing(11860): Storage manager: low false usage 23.92MB avail 23.27GB capacity 24.32GB
10-11 18:43:07.621: I/Icing(11860): IndexChimeraService.getServiceInterface callingPackage=com.google.android.gms componentName=AppsCorpus serviceId=36
10-11 18:43:07.622: I/ActivityManager(899): Start proc 12777:com.google.android.apps.turbo/u0a49 for broadcast com.google.android.apps.turbo/.battery.LevelLoggerServiceReceiver
10-11 18:43:07.625: I/ActivityManager(899): Killing 11455:com.google.android.calendar/u0a66 (adj 906): empty #17
10-11 18:43:07.626: I/zygote64(899): Background concurrent copying GC freed 56189(2MB) AllocSpace objects, 12(240KB) LOS objects, 42% free, 13MB/23MB, paused 482us total 424.179ms
10-11 18:43:07.640: I/Icing(11860): IndexChimeraService.getServiceInterface callingPackage=com.google.android.gms componentName=AppsCorpus serviceId=32
10-11 18:43:07.682: W/zygote64(12756): Class com.google.android.gms.internal.zznt failed lock verification and will run slower.
10-11 18:43:07.682: W/zygote64(12756): Common causes for lock verification issues are non-optimized dex code
10-11 18:43:07.682: W/zygote64(12756): and incorrect proguard optimizations.
10-11 18:43:07.721: I/ActivityManager(899): Killing 12154:com.google.process.gapps/u0a75 (adj 906): empty #17
10-11 18:43:07.802: W/ChromeSync(11860): [Persistence,AffiliationManager] Wasn't able to find package certificate for app: com.vzw.apnservice
10-11 18:43:07.807: I/Backup(11860): [GmsBackupStatusChangeReceiver] Going to enable gms backup transport.
10-11 18:43:07.817: E/ChimeraProxyRslvr(11860): Failed to instantiate com.google.android.gms.checkin.CheckinChimeraService$Receiver: java.lang.ClassNotFoundException: Didn't find class "com.google.android.gms.checkin.CheckinChimeraService$Receiver" on path: DexPathList[[zip file "/system/framework/com.android.location.provider.jar", zip file "/system/framework/com.android.media.remotedisplay.jar", zip file "/data/app/com.google.android.gms-GP9aB50u5q_rv8vlC1tC1A==/base.apk"],nativeLibraryDirectories=[/data/app/com.google.android.gms-GP9aB50u5q_rv8vlC1tC1A==/lib/arm64, /system/fake-libs64, /data/app/com.google.android.gms-GP9aB50u5q_rv8vlC1tC1A==/base.apk!/lib/arm64-v8a, /system/lib64, /vendor/lib64]]
10-11 18:43:07.817: E/ChimeraRcvrProxy(11860): com.google.android.gms.checkin.CheckinServiceReceiver dropping broadcast com.google.gservices.intent.action.GSERVICES_CHANGED
10-11 18:43:07.859: I/Backup(11839): [BackupTransportMigratorChimeraService] Starting migration...
10-11 18:43:07.882: E/GooglePlayServicesUtil(12756): The Google Play services resources were not found. Check your project configuration to ensure that the resources are included.
10-11 18:43:07.908: I/zygote64(11860): Background concurrent copying GC freed 12419(1299KB) AllocSpace objects, 16(320KB) LOS objects, 49% free, 5MB/10MB, paused 2.219ms total 371.746ms
10-11 18:43:07.989: W/Icing(11860): city name for address is empty or is not existed. 
10-11 18:43:07.989: W/Icing(11860): street name for address is empty or is not existed. 
10-11 18:43:07.989: W/Icing(11860): transportation_script_path is empty
10-11 18:43:08.016: W/Icing(11860): Words file  does not exist!
10-11 18:43:08.016: W/Icing(11860): WordsMap was not properly initialized
10-11 18:43:08.026: W/ChromeSync(11860): [Persistence,AffiliationManager] Wasn't able to find package certificate for app: com.motricity.verizon.ssodownloadable
10-11 18:43:08.032: I/OcrModelUpStIntentOp(11860): Updating ocr activity enabled=true (phenotypeFlag=true, lowRamDevice=false, prereqCheck=true)
10-11 18:43:08.093: I/zygote64(11839): Background concurrent copying GC freed 107079(5MB) AllocSpace objects, 16(3MB) LOS objects, 49% free, 4MB/9MB, paused 149us total 133.905ms
10-11 18:43:08.113: W/OkHttpClient(11839): A connection to https://www.googleapis.com/ was leaked. Did you forget to close a response body?
10-11 18:43:08.167: I/GservicesUpdateTask(12325): Updating Gservices keys
10-11 18:43:08.180: I/NetRec(11839): [757] ConfigChangedIntentOperation.onHandleIntent: Handling an overridden GServices change
10-11 18:43:08.180: I/NetRec(11839): [757] yje.b: onConfigChanged()
10-11 18:43:08.184: W/ConfigurationChimeraProvider(11839): Got null configs for com.google.android.gms.chromesync
10-11 18:43:08.199: D/ConnMetrics:App(12756): IsOptedIn = false
10-11 18:43:08.208: I/GCoreUlr(11839): Starting service, intent=Intent { act=com.google.android.location.reporting.ACTION_UPDATE_WORLD cmp=com.google.android.gms/com.google.android.location.reporting.service.DispatchingService (has extras) }, extras=Bundle[{receiverAction=com.google.gservices.intent.action.GSERVICES_CHANGED}]
10-11 18:43:08.216: I/DynamiteModule(11860): Considering local module com.google.android.gms.googlecertificates:4 and remote module com.google.android.gms.googlecertificates:4
10-11 18:43:08.216: I/DynamiteModule(11860): Selected local version of com.google.android.gms.googlecertificates
10-11 18:43:08.234: I/GCM(11839): Ack for not saved message 31
10-11 18:43:08.287: I/OcrModelUpStIntentOp(11860): Downloading text recognizer
10-11 18:43:08.353: I/GeofencerStateMachine(11839): sendQueryLocationOptIn
10-11 18:43:08.362: I/chatty(11839): uid=10021(u0_a21) com.google.android.gms.persistent identical 3 lines
10-11 18:43:08.382: I/GeofencerStateMachine(11839): sendQueryLocationOptIn
10-11 18:43:08.407: E/ConfigFileUtils(11860): Failed to read config file: /data/user_de/0/com.google.android.gms/app_chimera/current_modulesets.pb (No such file or directory)
10-11 18:43:08.414: I/GeofencerStateMachine(11839): sendQueryLocationOptIn
10-11 18:43:08.442: I/GeofencerStateMachine(11839): sendQueryLocationOptIn
10-11 18:43:08.465: D/AndroidRuntime(12825): >>>>>> START com.android.internal.os.RuntimeInit uid 2000 <<<<<<
10-11 18:43:08.470: I/GCoreUlr(11839): WorldUpdater received intent Intent { act=com.google.android.location.reporting.ACTION_UPDATE_WORLD cmp=com.google.android.gms/com.google.android.location.reporting.service.DispatchingService (has extras) } with receiverAction com.google.gservices.intent.action.GSERVICES_CHANGED
10-11 18:43:08.472: W/ActivityManager(899): Unable to start service Intent { cmp=com.google.android.gms/.analytics.service.RefreshEnabledStateService } U=0: not found
10-11 18:43:08.489: I/ActivityManager(899): Start proc 12834:com.google.android.ims/u0a9 for broadcast com.google.android.ims/.receivers.BugleUpgradeReceiver
10-11 18:43:08.545: I/PlayMovies(11630): AccountsChangedTaskService.onRunTask:57 Got task AccountsChangedTaskService
10-11 18:43:08.553: W/GmsModuleProvider(11860): Unknown dynamite feature flags
10-11 18:43:08.553: I/DynamiteModule(11860): Considering local module com.google.android.gms.flags:2 and remote module com.google.android.gms.flags:0
10-11 18:43:08.553: I/DynamiteModule(11860): Selected local version of com.google.android.gms.flags
10-11 18:43:08.571: W/Auth(11839): [GetToken] GetToken failed with status code: INVALID_SCOPE
10-11 18:43:08.573: E/Auth.Api.Credentials(11860): [SyncManager] Error during the sync.
10-11 18:43:08.573: E/Auth.Api.Credentials(11860): dzf: INVALID_SCOPE
10-11 18:43:08.573: E/Auth.Api.Credentials(11860): 	at dzj.a(:com.google.android.gms@11509440:16)
10-11 18:43:08.573: E/Auth.Api.Credentials(11860): 	at dzi.a(:com.google.android.gms@11509440:2)
10-11 18:43:08.573: E/Auth.Api.Credentials(11860): 	at dzi.e(:com.google.android.gms@11509440:6)
10-11 18:43:08.573: E/Auth.Api.Credentials(11860): 	at dzi.d(:com.google.android.gms@11509440:1)
10-11 18:43:08.573: E/Auth.Api.Credentials(11860): 	at dzg.b(:com.google.android.gms@11509440:1)
10-11 18:43:08.573: E/Auth.Api.Credentials(11860): 	at mhp.b(Unknown Source:6)
10-11 18:43:08.573: E/Auth.Api.Credentials(11860): 	at mgg.b(:com.google.android.gms@11509440:5)
10-11 18:43:08.573: E/Auth.Api.Credentials(11860): 	at mgw.b(:com.google.android.gms@11509440:9)
10-11 18:43:08.573: E/Auth.Api.Credentials(11860): 	at mgw.a(:com.google.android.gms@11509440:16)
10-11 18:43:08.573: E/Auth.Api.Credentials(11860): 	at mgw.a(:com.google.android.gms@11509440:32)
10-11 18:43:08.573: E/Auth.Api.Credentials(11860): 	at enf.b(:com.google.android.gms@11509440:45)
10-11 18:43:08.573: E/Auth.Api.Credentials(11860): 	at erg.a(:com.google.android.gms@11509440:4)
10-11 18:43:08.573: E/Auth.Api.Credentials(11860): 	at ere.a(:com.google.android.gms@11509440:84)
10-11 18:43:08.573: E/Auth.Api.Credentials(11860): 	at erd.a(:com.google.android.gms@11509440:60)
10-11 18:43:08.573: E/Auth.Api.Credentials(11860): 	at mlr.onPerformSync(:com.google.android.gms@11509440:6)
10-11 18:43:08.573: E/Auth.Api.Credentials(11860): 	at android.content.AbstractThreadedSyncAdapter$SyncThread.run(AbstractThreadedSyncAdapter.java:272)
10-11 18:43:08.582: D/AndroidRuntime(12825): Calling main entry com.android.commands.pm.Pm
10-11 18:43:08.595: I/GoogleURLConnFactory(11860): Using platform SSLCertificateSocketFactory
10-11 18:43:08.600: I/CarrierServices(12834): [2] a.a: Initializing Carrier Services Library.
10-11 18:43:08.605: I/PlayMovies(11630): UnpinContentCleaner.startCleanUp:88 Start cleanup unpinned content
10-11 18:43:08.624: W/MessageQueue(12825): Handler (android.os.Handler) {c0147a3} sending message to a Handler on a dead thread
10-11 18:43:08.624: W/MessageQueue(12825): java.lang.IllegalStateException: Handler (android.os.Handler) {c0147a3} sending message to a Handler on a dead thread
10-11 18:43:08.624: W/MessageQueue(12825): 	at android.os.MessageQueue.enqueueMessage(MessageQueue.java:545)
10-11 18:43:08.624: W/MessageQueue(12825): 	at android.os.Handler.enqueueMessage(Handler.java:661)
10-11 18:43:08.624: W/MessageQueue(12825): 	at android.os.Handler.sendMessageAtTime(Handler.java:630)
10-11 18:43:08.624: W/MessageQueue(12825): 	at android.os.Handler.sendMessageDelayed(Handler.java:600)
10-11 18:43:08.624: W/MessageQueue(12825): 	at android.os.Handler.post(Handler.java:356)
10-11 18:43:08.624: W/MessageQueue(12825): 	at android.os.ResultReceiver$MyResultReceiver.send(ResultReceiver.java:57)
10-11 18:43:08.624: W/MessageQueue(12825): 	at com.android.internal.os.IResultReceiver$Stub.onTransact(IResultReceiver.java:58)
10-11 18:43:08.624: W/MessageQueue(12825): 	at android.os.Binder.execTransact(Binder.java:674)
10-11 18:43:08.625: I/app_process(12825): System.exit called, status: 0
10-11 18:43:08.625: I/AndroidRuntime(12825): VM exiting with result code 0.
10-11 18:43:08.664: I/CarrierServices(12834): [2] a.b: Initializing Carrier Services Logging.
10-11 18:43:08.688: W/UdcContextManagerHelper(11839): Empty context buffer. Thus might mean that the context is not synced down.
10-11 18:43:08.689: W/UploadOptInStatusOp(11839): Empty context model while retrieving upload opt-in status!
10-11 18:43:08.726: I/com.google.android.ims.q.o(12834): LogSaver new instance with filename: carrier_services
10-11 18:43:08.739: E/ConfigFileUtils(11860): Failed to read config file: /data/user_de/0/com.google.android.gms/app_chimera/current_modulesets.pb (No such file or directory)
10-11 18:43:08.767: D/VoldConnector(899): SND -> {13 volume mkdirs /storage/emulated/0/Android/data/com.google.android.videos/files/Movies/}
10-11 18:43:08.769: D/VoldConnector(899): RCV <- {200 13 Command succeeded}
10-11 18:43:08.811: I/CarrierServices(12834): [2] CarrierServicesReleaseApp.onCreate: Primes set up successful
10-11 18:43:08.836: W/ConfigurationChimeraProvider(11839): Got null configs for com.google.android.gms.security
10-11 18:43:08.885: E/ctxmgr(11839): [NetworkUtil]No active synchronizable contexts.
10-11 18:43:08.902: D/Primes(12834): Package metric disabled.
10-11 18:43:08.902: D/Primes(12834): Battery metric disabled
10-11 18:43:08.902: D/Primes(12834): MagicEye logging metric disabled
10-11 18:43:08.902: D/CrashMetricService(12834): onPrimesInitialize
10-11 18:43:08.904: W/Bugle(12834): Factory.getPhoneUtils: invalid subId = -1
10-11 18:43:08.911: V/RcsProvisioning(12834): No legacy config file found, migration not necessary
10-11 18:43:08.916: W/Bugle(12834): Factory.getPhoneUtils: invalid subId = -1
10-11 18:43:08.916: E/Bugle(12834): SubscriptionManager.getSlotId not found
10-11 18:43:08.917: E/Bugle(12834): java.lang.NoSuchMethodException: getSlotId [int]
10-11 18:43:08.917: E/Bugle(12834): 	at java.lang.Class.getMethod(Class.java:2068)
10-11 18:43:08.917: E/Bugle(12834): 	at java.lang.Class.getDeclaredMethod(Class.java:2047)
10-11 18:43:08.917: E/Bugle(12834): 	at com.google.android.apps.a.a.a.c.i.b(SourceFile:51)
10-11 18:43:08.917: E/Bugle(12834): 	at com.google.android.apps.a.a.a.c.i.d(SourceFile:73)
10-11 18:43:08.917: E/Bugle(12834): 	at com.google.android.ims.k.w.a(SourceFile:22)
10-11 18:43:08.917: E/Bugle(12834): 	at com.google.android.ims.k.w.a(SourceFile:21)
10-11 18:43:08.917: E/Bugle(12834): 	at com.google.android.ims.k.x.a(SourceFile:7)
10-11 18:43:08.917: E/Bugle(12834): 	at com.google.android.ims.k.a.<init>(SourceFile:7)
10-11 18:43:08.917: E/Bugle(12834): 	at com.google.android.ims.k.k.<init>(SourceFile:8)
10-11 18:43:08.917: E/Bugle(12834): 	at com.google.android.ims.k.k.a(SourceFile:7)
10-11 18:43:08.917: E/Bugle(12834): 	at com.google.android.ims.CarrierServicesReleaseApp.onCreate(SourceFile:61)
10-11 18:43:08.917: E/Bugle(12834): 	at android.app.Instrumentation.callApplicationOnCreate(Instrumentation.java:1118)
10-11 18:43:08.917: E/Bugle(12834): 	at android.app.ActivityThread.handleBindApplication(ActivityThread.java:5791)
10-11 18:43:08.917: E/Bugle(12834): 	at android.app.ActivityThread.-wrap1(Unknown Source:0)
10-11 18:43:08.917: E/Bugle(12834): 	at android.app.ActivityThread$H.handleMessage(ActivityThread.java:1661)
10-11 18:43:08.917: E/Bugle(12834): 	at android.os.Handler.dispatchMessage(Handler.java:105)
10-11 18:43:08.917: E/Bugle(12834): 	at android.os.Looper.loop(Looper.java:164)
10-11 18:43:08.917: E/Bugle(12834): 	at android.app.ActivityThread.main(ActivityThread.java:6541)
10-11 18:43:08.917: E/Bugle(12834): 	at java.lang.reflect.Method.invoke(Native Method)
10-11 18:43:08.917: E/Bugle(12834): 	at com.android.internal.os.Zygote$MethodAndArgsCaller.run(Zygote.java:240)
10-11 18:43:08.917: E/Bugle(12834): 	at com.android.internal.os.ZygoteInit.main(ZygoteInit.java:767)
10-11 18:43:08.927: W/RcsProvisioning(12834): Failed to read configuration: /data/user/0/com.google.android.ims/files/hvconfig (No such file or directory)
10-11 18:43:08.927: D/RcsProvisioning(12834): Retrieving backup token
10-11 18:43:08.928: W/Bugle(12834): Factory.getPhoneUtils: invalid subId = -1
10-11 18:43:08.930: I/Icing(11860): updateResources: need to parse tus{com.google.android.gm}
10-11 18:43:08.932: I/CmaSystemUpdateService(11860): StartServiceIntentOperation: Intent { act=com.google.gservices.intent.action.GSERVICES_CHANGED flg=0x1000010 cmp=com.google.android.gms/.chimera.GmsIntentOperationService$PersistentInternalReceiver }
10-11 18:43:08.956: I/CmaSystemUpdateService(11860): receiver: Intent { act=com.google.gservices.intent.action.GSERVICES_CHANGED flg=0x1000010 cmp=com.google.android.gms/.chimera.GmsIntentOperationService$PersistentInternalReceiver }
10-11 18:43:08.996: I/SystemUpdate(11860): [Installation,ReceiverIntentOperation] Received intent: Intent { act=com.google.gservices.intent.action.GSERVICES_CHANGED flg=0x1000010 cmp=com.google.android.gms/.chimera.GmsIntentOperationService$PersistentInternalReceiver }.
10-11 18:43:08.998: I/FontsSharedState(11860): Updating from directory version 0 to 7 from disk
10-11 18:43:09.001: I/GCoreUlr(11839): WorldUpdater:com.google.gservices.intent.action.GSERVICES_CHANGED: Ensuring that reporting is stopped because of reasons: {account#19#=[InactiveReason{mIdentifier=6, mName='ReportingNotEnabled'}, InactiveReason{mIdentifier=14, mName='HistoryNotEnabled'}]}
10-11 18:43:09.031: D/RcsProvisioning(12834): No backup token found
10-11 18:43:09.035: I/GCoreUlr(11839): Unbound from all location providers
10-11 18:43:09.035: I/GCoreUlr(11839): Place inference reporting - stop
10-11 18:43:09.039: I/CarrierServices(12834): [2] CarrierServicesReleaseApp.onCreate: CarrierServices.apk is not sim call manager. Not enabling MMTel.
