10-13 06:20:28.248: D/dalvikvm(13508): Trying to load lib libnativehelper.so 0x0
10-13 06:20:28.248: D/dalvikvm(13508): Added shared lib libnativehelper.so 0x0
10-13 06:20:28.248: D/dalvikvm(13508): No JNI_OnLoad found in libnativehelper.so 0x0, skipping init
10-13 06:20:28.248: D/AlarmScheduler(12127): No events found starting within 1 week.
10-13 06:20:28.248: D/dalvikvm(12346): GC_CONCURRENT freed 1303K, 10% free 13004K/14352K, paused 4ms+4ms, total 49ms
10-13 06:20:28.248: D/dalvikvm(12346): WAIT_FOR_CONCURRENT_GC blocked 18ms
10-13 06:20:28.248: D/dalvikvm(12346): WAIT_FOR_CONCURRENT_GC blocked 23ms
10-13 06:20:28.258: D/AlertService(12127): 0 Action = android.intent.action.PROVIDER_CHANGED
10-13 06:20:28.278: D/dalvikvm(13508): Note: class Landroid/app/ActivityManagerNative; has 179 unimplemented (abstract) methods
10-13 06:20:28.318: I/CertBlacklister(605): Certificate blacklist changed, updating...
10-13 06:20:28.318: I/CertBlacklister(605): Certificate blacklist updated
10-13 06:20:28.358: I/GservicesProvider(12307): main difference update completed
10-13 06:20:28.368: I/ActivityManager(605): Start proc com.google.android.configupdater for broadcast com.google.android.configupdater/.CertPin.CertPinUpdateRequestReceiver: pid=13521 uid=10002 gids={50002, 3003, 2001}
10-13 06:20:28.398: I/ActivityManager(605): Killing 12818:com.google.android.apps.docs/u0a36 (adj 15): empty #17
10-13 06:20:28.418: I/ProcessCheckinRequest(12346): updateCheckinIdTokenFileFromResponse, Reading existing AID
10-13 06:20:28.418: I/CheckinRequestBuilder(12346): Checkin reason type: 4 attempt count: 1
10-13 06:20:28.428: D/dalvikvm(12688): GC_CONCURRENT freed 337K, 4% free 9513K/9888K, paused 13ms+5ms, total 39ms
10-13 06:20:28.428: E/ActivityThread(12346): Failed to find provider info for com.google.android.wearable.settings
10-13 06:20:28.448: E/UpdateRequestReceiver(13521): Received malformed URL while handling Gservices.CHANGED_ACTION
10-13 06:20:28.458: E/UpdateRequestReceiver(13521): Received malformed URL while handling Gservices.CHANGED_ACTION
10-13 06:20:28.479: D/AndroidRuntime(13508): Calling main entry com.android.commands.am.Am
10-13 06:20:28.479: E/UpdateRequestReceiver(13521): Received malformed URL while handling Gservices.CHANGED_ACTION
10-13 06:20:28.489: E/UpdateRequestReceiver(13521): Received malformed URL while handling Gservices.CHANGED_ACTION
10-13 06:20:28.489: I/ActivityManager(605): Force stopping com.google.android.apps.mtaas.tools appid=10077 user=0: start instr
10-13 06:20:28.499: E/UpdateRequestReceiver(13521): Received malformed URL while handling Gservices.CHANGED_ACTION
10-13 06:20:28.509: W/ConfigurationChimeraProvider(12332): Got null configs for com.google.android.gms.nearby
10-13 06:20:28.509: E/UpdateRequestReceiver(13521): Received malformed URL while handling Gservices.CHANGED_ACTION
10-13 06:20:28.509: I/ActivityManager(605): Start proc com.google.android.apps.mtaas.tools for added application com.google.android.apps.mtaas.tools: pid=13547 uid=10077 gids={50077, 1028, 1015, 3003}
10-13 06:20:28.519: D/dalvikvm(179): GC_EXPLICIT freed 42K, 1% free 8979K/9056K, paused 2ms+2ms, total 21ms
10-13 06:20:28.539: D/dalvikvm(179): GC_EXPLICIT freed <1K, 1% free 8979K/9056K, paused 2ms+2ms, total 16ms
10-13 06:20:28.539: I/ActivityManager(605): Delay finish: com.google.android.partnersetup/.GservicesChangedReceiver
10-13 06:20:28.559: D/dalvikvm(179): GC_EXPLICIT freed <1K, 1% free 8979K/9056K, paused 2ms+2ms, total 18ms
10-13 06:20:28.579: D/DumpPackageStats(13547): Instrumentation completed successfully
10-13 06:20:28.579: D/dalvikvm(13143): GC_CONCURRENT freed 168K, 3% free 9203K/9404K, paused 2ms+3ms, total 41ms
10-13 06:20:28.589: D/AndroidRuntime(13508): Shutting down VM
10-13 06:20:28.589: D/dalvikvm(13508): GC_CONCURRENT freed 102K, 16% free 566K/672K, paused 0ms+0ms, total 2ms
10-13 06:20:28.809: I/ActivityManager(605): Force stopping com.google.android.apps.mtaas.tools appid=10077 user=0: finished inst
10-13 06:20:28.809: I/ActivityManager(605): Killing 13547:com.google.android.apps.mtaas.tools/u0a77 (adj 0): stop com.google.android.apps.mtaas.tools
10-13 06:20:28.849: I/GeofencerStateMachine(12332): sendQueryLocationOptIn
10-13 06:20:28.859: D/dalvikvm(12307): GC_EXPLICIT freed 706K, 9% free 11521K/12552K, paused 3ms+4ms, total 41ms
10-13 06:20:28.859: I/ActivityManager(605): Resuming delayed broadcast
10-13 06:20:28.869: I/GeofencerStateMachine(12332): sendQueryLocationOptIn
10-13 06:20:28.899: I/GeofencerStateMachine(12332): sendQueryLocationOptIn
10-13 06:20:28.909: D/dalvikvm(12346): GC_CONCURRENT freed 1509K, 12% free 12723K/14352K, paused 4ms+5ms, total 47ms
10-13 06:20:28.909: I/ActivityManager(605): Start proc com.google.android.setupwizard for broadcast com.google.android.setupwizard/.GservicesChangedReceiver: pid=13580 uid=10018 gids={50018, 3003}
10-13 06:20:28.929: I/GeofencerStateMachine(12332): sendQueryLocationOptIn
10-13 06:20:28.949: I/GeofencerStateMachine(12332): sendQueryLocationOptIn
10-13 06:20:28.959: I/GeofencerStateMachine(12332): sendQueryLocationOptIn
10-13 06:20:28.969: E/PhoneMonitor(13580): onOtaspChanged old =0, new =3
10-13 06:20:28.969: V/PhoneMonitor(13580): mOtaspPhoneStateListener#onOtaspChanged, mOtaspMode=3
10-13 06:20:28.979: I/Velvet.VelvetFactory(12080): checking for language pack updates
10-13 06:20:28.989: I/GeofencerStateMachine(12332): sendQueryLocationOptIn
10-13 06:20:29.009: I/Velvet.VelvetFactory(12080): refreshing internal icing corpora
10-13 06:20:29.009: I/ActivityManager(605): Killing 12645:com.google.android.exchange/u0a38 (adj 15): empty #17
10-13 06:20:29.009: D/dalvikvm(12332): GC_CONCURRENT freed 1154K, 13% free 12650K/14540K, paused 4ms+4ms, total 40ms
10-13 06:20:29.029: I/Velvet.VelvetFactory(12080): refreshing search history.
10-13 06:20:29.029: W/Search.ConcurrentUtils(12080): Executor queue length is now 5. Perhaps some tasks are too long, or the pool is too small. [IntentService[Velvet.VelvetBackgroundTasksImpl]]
10-13 06:20:29.039: I/Icing.InternalIcingCorporaProvider(12080): Updating corpora: A: MAYBE, C: MAYBE
10-13 06:20:29.069: W/GAV2(12080): Thread[Thread-306,5,main]: Need to call initialize() and be in fallback mode to start dispatch.
10-13 06:20:29.079: D/dalvikvm(605): GC_EXPLICIT freed 1648K, 36% free 16386K/25372K, paused 3ms+8ms, total 82ms
10-13 06:20:29.079: I/Icing(12346): Indexing done 692144415BC389EB5FFBC561480665F3BA90251C
10-13 06:20:29.089: I/Icing(12346): Indexing B6A8447A242B11DFEEC806B7B1168829E54575EA from com.google.android.googlequicksearchbox
10-13 06:20:29.099: D/dalvikvm(12307): GC_EXPLICIT freed 259K, 9% free 11528K/12552K, paused 3ms+4ms, total 37ms
10-13 06:20:29.109: D/dalvikvm(12080): GC_CONCURRENT freed 482K, 5% free 10198K/10712K, paused 5ms+4ms, total 41ms
10-13 06:20:29.109: D/dalvikvm(12080): WAIT_FOR_CONCURRENT_GC blocked 12ms
10-13 06:20:29.109: D/dalvikvm(12080): WAIT_FOR_CONCURRENT_GC blocked 13ms
10-13 06:20:29.109: D/dalvikvm(12080): WAIT_FOR_CONCURRENT_GC blocked 13ms
10-13 06:20:29.109: W/GAV2(12080): Thread[Thread-306,5,main]: dispatch call queued.  Need to call GAServiceManager.getInstance().initialize().
10-13 06:20:29.109: I/Search.GservicesUpdateTask(12080): Updating Gservices keys
10-13 06:20:29.139: I/Auth(12307): [ReflectiveChannelBinder] Successfully bound channel!
10-13 06:20:29.159: I/Icing(12346): Indexing done B6A8447A242B11DFEEC806B7B1168829E54575EA
10-13 06:20:29.169: W/Search.ConcurrentUtils(12080): Executor queue length is now 5. Perhaps some tasks are too long, or the pool is too small. [IntentService[Velvet.VelvetBackgroundTasksImpl]]
10-13 06:20:29.189: W/Search.LoginHelper(12080): InterruptedException while waiting for token.
10-13 06:20:29.189: W/Conscrypt(12307): Could not set socket write timeout:
10-13 06:20:29.199: W/Conscrypt(12307):    java.lang.reflect.Method.invokeNative(Native Method)
10-13 06:20:29.199: W/Conscrypt(12307):    java.lang.reflect.Method.invoke(Method.java:515)
10-13 06:20:29.199: W/Conscrypt(12307): Could not set socket write timeout:
10-13 06:20:29.209: W/Conscrypt(12307):    java.lang.reflect.Method.invokeNative(Native Method)
10-13 06:20:29.209: W/Conscrypt(12307):    java.lang.reflect.Method.invoke(Method.java:515)
10-13 06:20:29.229: W/Conscrypt(12307): Could not set socket write timeout:
10-13 06:20:29.239: W/Conscrypt(12307):    java.lang.reflect.Method.invokeNative(Native Method)
10-13 06:20:29.239: W/Conscrypt(12307):    java.lang.reflect.Method.invoke(Method.java:515)
10-13 06:20:29.269: D/dalvikvm(12307): GC_CONCURRENT freed 798K, 8% free 11605K/12552K, paused 2ms+4ms, total 35ms
10-13 06:20:29.269: D/dalvikvm(12307): WAIT_FOR_CONCURRENT_GC blocked 32ms
10-13 06:20:29.269: D/dalvikvm(12307): WAIT_FOR_CONCURRENT_GC blocked 30ms
10-13 06:20:29.269: D/dalvikvm(12307): WAIT_FOR_CONCURRENT_GC blocked 30ms
10-13 06:20:29.269: D/dalvikvm(12307): WAIT_FOR_CONCURRENT_GC blocked 30ms
10-13 06:20:29.269: D/dalvikvm(12307): WAIT_FOR_CONCURRENT_GC blocked 26ms
10-13 06:20:29.269: W/Conscrypt(12307): Could not set socket write timeout:
10-13 06:20:29.269: W/Conscrypt(12307):    java.lang.reflect.Method.invokeNative(Native Method)
10-13 06:20:29.269: W/Conscrypt(12307):    java.lang.reflect.Method.invoke(Method.java:515)
10-13 06:20:29.269: W/Conscrypt(12307): Could not set socket write timeout:
10-13 06:20:29.279: W/Conscrypt(12307):    java.lang.reflect.Method.invokeNative(Native Method)
10-13 06:20:29.279: W/Conscrypt(12307):    java.lang.reflect.Method.invoke(Method.java:515)
10-13 06:20:29.289: W/Conscrypt(12307): Could not set socket write timeout:
10-13 06:20:29.289: W/Conscrypt(12307):    java.lang.reflect.Method.invokeNative(Native Method)
10-13 06:20:29.289: W/Conscrypt(12307):    java.lang.reflect.Method.invoke(Method.java:515)
10-13 06:20:29.319: D/dalvikvm(12307): GC_FOR_ALLOC freed 591K, 9% free 11519K/12604K, paused 30ms, total 30ms
10-13 06:20:29.369: D/dalvikvm(12307): GC_FOR_ALLOC freed 344K, 9% free 11535K/12604K, paused 34ms, total 34ms
10-13 06:20:29.389: E/ChimeraProxyRslvr(12346): Failed to instantiate com.google.android.gms.checkin.CheckinChimeraService$Receiver: java.lang.ClassNotFoundException: Didn't find class "com.google.android.gms.checkin.CheckinChimeraService$Receiver" on path: DexPathList[[zip file "/system/framework/com.android.location.provider.jar", zip file "/data/app/com.google.android.gms-1.apk", zip file "/data/user/0/com.google.android.gms/code_cache/secondary-dexes/com.google.android.gms-1.apk.classes2.zip", zip file "/data/user/0/com.google.android.gms/code_cache/secondary-dexes/com.google.android.gms-1.apk.classes3.zip", zip file "/data/user/0/com.google.android.gms/code_cache/secondary-dexes/com.google.android.gms-1.apk.classes4.zip", zip file "/data/user/0/com.google.android.gms/code_cache/secondary-dexes/com.google.android.gms-1.apk.classes5.zip"],nativeLibraryDirectories=[/data/app-lib/com.google.android.gms-1, /data/app-lib/com.google.android.gms-1, /data/app-lib/com.google.android.gms-1, /data/app-lib/com.google.android.gms-1, /data/app-lib/com.google.android.gms-1, /vendor/lib, /system/lib]]
10-13 06:20:29.389: E/ChimeraRcvrProxy(12346): com.google.android.gms.checkin.CheckinServiceReceiver dropping broadcast com.google.gservices.intent.action.GSERVICES_CHANGED
10-13 06:20:29.399: D/dalvikvm(12307): GC_FOR_ALLOC freed 320K, 9% free 11525K/12604K, paused 28ms, total 28ms
10-13 06:20:29.409: W/Conscrypt(12307): Could not set socket write timeout:
10-13 06:20:29.409: W/Conscrypt(12307):    java.lang.reflect.Method.invokeNative(Native Method)
10-13 06:20:29.409: W/Conscrypt(12307):    java.lang.reflect.Method.invoke(Method.java:515)
10-13 06:20:29.439: D/dalvikvm(12307): GC_FOR_ALLOC freed 322K, 9% free 11576K/12604K, paused 24ms, total 24ms
10-13 06:20:29.459: W/NetRec(12332): [403] ConfigChangedIntentOperation.onHandleIntent: Device does not support scoring, exiting
10-13 06:20:29.469: W/ConfigurationChimeraProvider(12332): Got null configs for com.google.android.gms.chromesync
10-13 06:20:29.479: I/GCoreUlr(12332): Starting service, intent=Intent { act=com.google.android.location.reporting.ACTION_UPDATE_WORLD cmp=com.google.android.gms/com.google.android.location.reporting.service.DispatchingService (has extras) }, extras=Bundle[{receiverAction=com.google.gservices.intent.action.GSERVICES_CHANGED}]
10-13 06:20:29.479: D/dalvikvm(12307): GC_FOR_ALLOC freed 336K, 9% free 11543K/12604K, paused 27ms, total 28ms
10-13 06:20:29.489: W/Conscrypt(12307): Could not set socket write timeout:
10-13 06:20:29.489: W/Conscrypt(12307):    java.lang.reflect.Method.invokeNative(Native Method)
10-13 06:20:29.489: W/Conscrypt(12307):    java.lang.reflect.Method.invoke(Method.java:515)
10-13 06:20:29.499: I/dalvikvm(12346): Could not find method android.system.Os.symlink, referenced from method buy.a
10-13 06:20:29.499: W/dalvikvm(12346): VFY: unable to resolve static method 1334: Landroid/system/Os;.symlink (Ljava/lang/String;Ljava/lang/String;)V
10-13 06:20:29.499: D/dalvikvm(12346): VFY: replacing opcode 0x71 at 0x002c
10-13 06:20:29.530: D/dalvikvm(12857): GC_EXPLICIT freed 359K, 5% free 9373K/9768K, paused 1ms+3ms, total 23ms
10-13 06:20:29.530: D/dalvikvm(12307): GC_FOR_ALLOC freed 451K, 9% free 11548K/12604K, paused 25ms, total 25ms
10-13 06:20:29.560: D/dalvikvm(12307): GC_FOR_ALLOC freed 271K, 9% free 11571K/12604K, paused 22ms, total 22ms
10-13 06:20:29.590: D/dalvikvm(12346): GC_EXPLICIT freed 631K, 11% free 12801K/14352K, paused 3ms+6ms, total 47ms
10-13 06:20:29.600: D/dalvikvm(12307): GC_FOR_ALLOC freed 273K, 9% free 11547K/12604K, paused 27ms, total 27ms
10-13 06:20:29.650: D/dalvikvm(12307): GC_FOR_ALLOC freed 273K, 9% free 11560K/12604K, paused 33ms, total 33ms
10-13 06:20:29.690: D/dalvikvm(12307): GC_FOR_ALLOC freed 307K, 9% free 11536K/12604K, paused 32ms, total 32ms
10-13 06:20:29.730: D/dalvikvm(12307): GC_FOR_ALLOC freed 302K, 9% free 11552K/12604K, paused 26ms, total 26ms
10-13 06:20:29.740: I/GCoreUlr(12332): WorldUpdater received intent Intent { act=com.google.android.location.reporting.ACTION_UPDATE_WORLD cmp=com.google.android.gms/com.google.android.location.reporting.service.DispatchingService (has extras) } with receiverAction com.google.gservices.intent.action.GSERVICES_CHANGED
10-13 06:20:29.740: E/ConfigFileUtils(12346): Failed to read config file: /data/data/com.google.android.gms/app_chimera/current_modulesets.pb: open failed: ENOENT (No such file or directory)
10-13 06:20:29.780: D/dalvikvm(12307): GC_FOR_ALLOC freed 384K, 9% free 11527K/12604K, paused 27ms, total 27ms
10-13 06:20:29.800: W/ActivityManager(605): Unable to start service Intent { cmp=com.google.android.gms/.analytics.service.RefreshEnabledStateService } U=0: not found
10-13 06:20:29.810: I/dalvikvm(12346): Could not find method android.security.NetworkSecurityPolicy.getInstance, referenced from method com.google.android.gms.ads.internal.util.t.a
10-13 06:20:29.810: W/dalvikvm(12346): VFY: unable to resolve static method 1329: Landroid/security/NetworkSecurityPolicy;.getInstance ()Landroid/security/NetworkSecurityPolicy;
10-13 06:20:29.810: D/dalvikvm(12346): VFY: replacing opcode 0x71 at 0x00b2
10-13 06:20:29.810: D/dalvikvm(12307): GC_FOR_ALLOC freed 322K, 9% free 11531K/12604K, paused 23ms, total 23ms
10-13 06:20:29.820: I/Auth(12307): [BroadcastManager] Broadcasting account services changed.
10-13 06:20:29.820: W/Auth(12307): [GetToken] GetToken failed with status code: INVALID_SCOPE
10-13 06:20:29.860: D/dalvikvm(12346): GC_FOR_ALLOC freed 299K, 11% free 12851K/14352K, paused 39ms, total 39ms
10-13 06:20:29.860: I/Auth(12307): [BroadcastManager] Broadcasting account services changed.
10-13 06:20:29.860: I/dalvikvm-heap(12346): Grow heap (frag case) to 12.987MB for 360800-byte allocation
10-13 06:20:29.880: W/Sidekick_LocationOracleImpl(12080): Best location was null
10-13 06:20:29.900: D/dalvikvm(12346): GC_FOR_ALLOC freed 5K, 11% free 13198K/14708K, paused 37ms, total 37ms
10-13 06:20:29.900: E/CheckinRequestBuilder(12346): Unrecoverable authentication exception: INVALID_SCOPE
10-13 06:20:29.900: E/CheckinRequestBuilder(12346): dyj: INVALID_SCOPE
10-13 06:20:29.900: E/CheckinRequestBuilder(12346): 	at dyn.a(:com.google.android.gms@11509030:16)
10-13 06:20:29.900: E/CheckinRequestBuilder(12346): 	at dym.a(:com.google.android.gms@11509030:2)
10-13 06:20:29.900: E/CheckinRequestBuilder(12346): 	at dym.e(:com.google.android.gms@11509030:6)
10-13 06:20:29.900: E/CheckinRequestBuilder(12346): 	at dyk.f(:com.google.android.gms@11509030:3)
10-13 06:20:29.900: E/CheckinRequestBuilder(12346): 	at dyk.a(:com.google.android.gms@11509030:4)
10-13 06:20:29.900: E/CheckinRequestBuilder(12346): 	at hfb.a(:com.google.android.gms@11509030:219)
10-13 06:20:29.900: E/CheckinRequestBuilder(12346): 	at hgb.a(:com.google.android.gms@11509030:18)
10-13 06:20:29.900: E/CheckinRequestBuilder(12346): 	at hgb.a(:com.google.android.gms@11509030:182)
10-13 06:20:29.900: E/CheckinRequestBuilder(12346): 	at com.google.android.gms.checkin.CheckinChimeraService.a(:com.google.android.gms@11509030:149)
10-13 06:20:29.900: E/CheckinRequestBuilder(12346): 	at hex.run(:com.google.android.gms@11509030:2)
10-13 06:20:29.900: E/CheckinRequestBuilder(12346): 	at jqa.run(:com.google.android.gms@11509030:25)
10-13 06:20:29.900: E/CheckinRequestBuilder(12346): 	at java.util.concurrent.ThreadPoolExecutor.runWorker(ThreadPoolExecutor.java:1112)
10-13 06:20:29.900: E/CheckinRequestBuilder(12346): 	at java.util.concurrent.ThreadPoolExecutor$Worker.run(ThreadPoolExecutor.java:587)
10-13 06:20:29.900: E/CheckinRequestBuilder(12346): 	at jvj.run(:com.google.android.gms@11509030)
10-13 06:20:29.900: E/CheckinRequestBuilder(12346): 	at java.lang.Thread.run(Thread.java:841)
10-13 06:20:29.900: W/Search.SearchUrlHelper(12080): Auth token not ready, no auth header set.
10-13 06:20:29.900: D/dalvikvm(12080): GC_CONCURRENT freed 486K, 6% free 10102K/10712K, paused 5ms+3ms, total 21ms
10-13 06:20:29.930: D/dalvikvm(13428): GC_CONCURRENT freed 279K, 4% free 9094K/9408K, paused 3ms+2ms, total 16ms
10-13 06:20:29.940: I/Auth(12307): [BroadcastManager] Broadcasting account services changed.
10-13 06:20:29.950: D/dalvikvm(12346): GC_FOR_ALLOC freed 479K, 13% free 12863K/14708K, paused 37ms, total 37ms
10-13 06:20:29.990: I/GCoreUlr(12332): WorldUpdater:com.google.gservices.intent.action.GSERVICES_CHANGED: Ensuring that reporting is stopped because of reasons: {account#19#=[InactiveReason{mIdentifier=10, mName='AuthError'}, InactiveReason{mIdentifier=6, mName='ReportingNotEnabled'}, InactiveReason{mIdentifier=14, mName='HistoryNotEnabled'}]}
10-13 06:20:30.000: I/GCoreUlr(12332): Unbound from all location providers
10-13 06:20:30.000: I/GCoreUlr(12332): Place inference reporting - stop
10-13 06:20:30.000: I/GCoreUlr(12332): Unregistering for aliased place alerts.
10-13 06:20:30.010: D/dalvikvm(12346): GC_FOR_ALLOC freed 55K, 13% free 12940K/14708K, paused 39ms, total 39ms
10-13 06:20:30.010: I/dalvikvm-heap(12346): Grow heap (frag case) to 13.730MB for 1048592-byte allocation
10-13 06:20:30.020: I/GCoreUlr(12332): DispatchingService ignoring Intent { act=android.net.wifi.WIFI_STATE_CHANGED flg=0x4000010 (has extras) } because ULR inactive
10-13 06:20:30.030: I/GCoreUlr(12332): DispatchingService.onDestroy()
10-13 06:20:30.030: I/GCoreUlr(12332): Stopping handler for UlrDispSvcFast
10-13 06:20:30.040: I/GCoreUlr(12332): Unbound from all location providers
10-13 06:20:30.040: I/GCoreUlr(12332): Place inference reporting - stop
10-13 06:20:30.050: D/dalvikvm(12346): GC_FOR_ALLOC freed 1K, 12% free 13963K/15736K, paused 33ms, total 33ms
10-13 06:20:30.060: I/CheckinUtil(12346): Classify the device as Tablet.
10-13 06:20:30.070: I/GCoreUlr(12332): Unregistering for aliased place alerts.
10-13 06:20:30.100: D/dalvikvm(12080): GC_CONCURRENT freed 322K, 5% free 10189K/10712K, paused 3ms+2ms, total 19ms
10-13 06:20:30.110: I/Places(12332): ?: Couldn't find platform key file.
10-13 06:20:30.110: D/dalvikvm(12346): GC_FOR_ALLOC freed 1390K, 18% free 12923K/15736K, paused 36ms, total 37ms
10-13 06:20:30.130: W/GmsModuleProvider(12346): Unknown dynamite feature flags
10-13 06:20:30.130: I/DynamiteModule(12346): Considering local module com.google.android.gms.flags:2 and remote module com.google.android.gms.flags:0
10-13 06:20:30.130: I/DynamiteModule(12346): Selected local version of com.google.android.gms.flags
10-13 06:20:30.150: W/Auth(12307): [GetToken] GetToken failed with status code: INVALID_SCOPE
10-13 06:20:30.160: D/dalvikvm(12080): GC_FOR_ALLOC freed 287K, 6% free 10183K/10732K, paused 18ms, total 18ms
10-13 06:20:30.160: W/Search.LoginHelper(12080): Google auth exception for scope: oauth2:https://www.googleapis.com/auth/googlenow
10-13 06:20:30.180: D/dalvikvm(12080): GC_FOR_ALLOC freed 274K, 6% free 10180K/10732K, paused 15ms, total 16ms
10-13 06:20:30.190: D/dalvikvm(12346): GC_CONCURRENT freed 1136K, 17% free 13126K/15736K, paused 3ms+6ms, total 52ms
10-13 06:20:30.190: D/dalvikvm(12346): WAIT_FOR_CONCURRENT_GC blocked 18ms
10-13 06:20:30.190: D/dalvikvm(12346): WAIT_FOR_CONCURRENT_GC blocked 17ms
10-13 06:20:30.190: D/dalvikvm(12346): WAIT_FOR_CONCURRENT_GC blocked 3ms
10-13 06:20:30.200: D/dalvikvm(12346): WAIT_FOR_CONCURRENT_GC blocked 24ms
10-13 06:20:30.210: D/dalvikvm(12080): GC_FOR_ALLOC freed 254K, 6% free 10189K/10732K, paused 17ms, total 18ms
10-13 06:20:30.210: D/dalvikvm(12307): GC_EXPLICIT freed 485K, 9% free 11591K/12604K, paused 10ms+5ms, total 50ms
10-13 06:20:30.240: W/Auth(12307): [GetToken] GetToken failed with status code: INVALID_SCOPE
10-13 06:20:30.270: D/dalvikvm(12346): GC_FOR_ALLOC freed 1218K, 18% free 12943K/15736K, paused 54ms, total 56ms
10-13 06:20:30.280: E/Auth.Api.Credentials(12346): [SyncManager] Error during the sync.
10-13 06:20:30.280: E/Auth.Api.Credentials(12346): dyj: INVALID_SCOPE
10-13 06:20:30.280: E/Auth.Api.Credentials(12346): 	at dyn.a(:com.google.android.gms@11509030:16)
10-13 06:20:30.280: E/Auth.Api.Credentials(12346): 	at dym.a(:com.google.android.gms@11509030:2)
10-13 06:20:30.280: E/Auth.Api.Credentials(12346): 	at dym.e(:com.google.android.gms@11509030:6)
10-13 06:20:30.280: E/Auth.Api.Credentials(12346): 	at dym.d(:com.google.android.gms@11509030:1)
10-13 06:20:30.280: E/Auth.Api.Credentials(12346): 	at dyk.b(:com.google.android.gms@11509030:1)
10-13 06:20:30.280: E/Auth.Api.Credentials(12346): 	at jlb.b(:com.google.android.gms@11509030)
10-13 06:20:30.280: E/Auth.Api.Credentials(12346): 	at jjs.b(:com.google.android.gms@11509030:5)
10-13 06:20:30.280: E/Auth.Api.Credentials(12346): 	at jki.b(:com.google.android.gms@11509030:9)
10-13 06:20:30.280: E/Auth.Api.Credentials(12346): 	at jki.a(:com.google.android.gms@11509030:16)
10-13 06:20:30.280: E/Auth.Api.Credentials(12346): 	at jki.a(:com.google.android.gms@11509030:32)
10-13 06:20:30.280: E/Auth.Api.Credentials(12346): 	at emk.b(:com.google.android.gms@11509030:45)
10-13 06:20:30.280: E/Auth.Api.Credentials(12346): 	at eql.a(:com.google.android.gms@11509030:4)
10-13 06:20:30.280: E/Auth.Api.Credentials(12346): 	at eqj.a(:com.google.android.gms@11509030:84)
10-13 06:20:30.280: E/Auth.Api.Credentials(12346): 	at eqi.a(:com.google.android.gms@11509030:60)
10-13 06:20:30.280: E/Auth.Api.Credentials(12346): 	at jpd.onPerformSync(:com.google.android.gms@11509030:6)
10-13 06:20:30.280: E/Auth.Api.Credentials(12346): 	at android.content.AbstractThreadedSyncAdapter$SyncThread.run(AbstractThreadedSyncAdapter.java:259)
10-13 06:20:30.280: I/GeofencerStateMachine(12332): removeGeofences: removeRequest=RemoveGeofencingRequest[REMOVE_BY_PENDING_INTENT pendingIntent=PendingIntent[creatorPackage=com.google.android.gms], packageName=null]
10-13 06:20:30.280: I/GeofencerStateMachine(12332): removeGeofences: removeRequest=RemoveGeofencingRequest[REMOVE_BY_PENDING_INTENT pendingIntent=PendingIntent[creatorPackage=com.google.android.gms], packageName=null]
10-13 06:20:30.290: I/GeofencerStateMachine(12332): removeGeofences: removeRequest=RemoveGeofencingRequest[REMOVE_BY_PENDING_INTENT pendingIntent=PendingIntent[creatorPackage=com.google.android.gms], packageName=null]
10-13 06:20:30.290: I/Places(12332): ?: Couldn't find platform key file.
10-13 06:20:30.290: I/GoogleURLConnFactory(12346): Using platform SSLCertificateSocketFactory
10-13 06:20:30.320: I/UpdateLanguagePacksTask(12080): Language pack update policy prevents downloading now.
10-13 06:20:30.330: I/Search.RefreshSearchDomainAndCookiesTask(12080): refreshing search domain
10-13 06:20:30.330: W/Search.SearchUrlHelper(12080): Auth token not ready, no auth header set.
10-13 06:20:30.330: I/GeofencerStateMachine(12332): removeGeofences: removeRequest=RemoveGeofencingRequest[REMOVE_BY_PENDING_INTENT pendingIntent=PendingIntent[creatorPackage=com.google.android.gms], packageName=null]
10-13 06:20:30.340: I/GeofencerStateMachine(12332): removeGeofences: removeRequest=RemoveGeofencingRequest[REMOVE_BY_PENDING_INTENT pendingIntent=PendingIntent[creatorPackage=com.google.android.gms], packageName=null]
10-13 06:20:30.340: I/GeofencerStateMachine(12332): removeGeofences: removeRequest=RemoveGeofencingRequest[REMOVE_BY_PENDING_INTENT pendingIntent=PendingIntent[creatorPackage=com.google.android.gms], packageName=null]
10-13 06:20:30.350: D/dalvikvm(12346): GC_FOR_ALLOC freed 778K, 18% free 12976K/15736K, paused 38ms, total 39ms
10-13 06:20:30.350: I/dalvikvm-heap(12346): Grow heap (frag case) to 13.764MB for 1048592-byte allocation
10-13 06:20:30.350: W/Auth(12307): [GetToken] GetToken failed with status code: INVALID_SCOPE
10-13 06:20:30.350: W/Search.LoginHelper(12080): Google auth exception for scope: oauth2:https://www.googleapis.com/auth/googlenow
10-13 06:20:30.370: D/dalvikvm(12332): GC_CONCURRENT freed 960K, 12% free 12812K/14540K, paused 4ms+5ms, total 45ms
10-13 06:20:30.370: D/dalvikvm(12080): GC_CONCURRENT freed 388K, 5% free 10207K/10732K, paused 5ms+4ms, total 30ms
10-13 06:20:30.370: D/dalvikvm(12080): WAIT_FOR_CONCURRENT_GC blocked 25ms
10-13 06:20:30.390: D/dalvikvm(12346): GC_FOR_ALLOC freed 1K, 17% free 13998K/16764K, paused 44ms, total 44ms
10-13 06:20:30.440: D/dalvikvm(12346): GC_FOR_ALLOC freed 1058K, 23% free 12957K/16764K, paused 38ms, total 38ms
10-13 06:20:30.470: I/OcrModelUpStIntentOp(12346): Updating ocr activity enabled=false (phenotypeFlag=false, lowRamDevice=false, prereqCheck=true)
10-13 06:20:30.490: E/ConfigFileUtils(12346): Failed to read config file: /data/data/com.google.android.gms/app_chimera/current_modulesets.pb: open failed: ENOENT (No such file or directory)
10-13 06:20:30.510: D/dalvikvm(12346): GC_CONCURRENT freed 1107K, 9% free 13200K/14496K, paused 4ms+5ms, total 51ms
10-13 06:20:30.520: D/dalvikvm(12346): WAIT_FOR_CONCURRENT_GC blocked 28ms
10-13 06:20:30.520: D/dalvikvm(12346): WAIT_FOR_CONCURRENT_GC blocked 31ms
10-13 06:20:30.520: D/dalvikvm(12346): WAIT_FOR_CONCURRENT_GC blocked 31ms
10-13 06:20:30.520: D/dalvikvm(12346): WAIT_FOR_CONCURRENT_GC blocked 31ms
10-13 06:20:30.520: D/dalvikvm(12346): WAIT_FOR_CONCURRENT_GC blocked 31ms
10-13 06:20:30.520: D/dalvikvm(12346): WAIT_FOR_CONCURRENT_GC blocked 31ms
10-13 06:20:30.520: D/dalvikvm(12346): newInstance failed: no <init>()
10-13 06:20:30.531: I/Auth(12307): [BroadcastManager] Broadcasting account services changed.
10-13 06:20:30.541: I/ActivityManager(605): Delay finish: com.google.android.gms/.gcm.nts.SchedulerReceiver
10-13 06:20:30.561: I/dalvikvm(12346): Could not find method android.bluetooth.BluetoothAdapter.isBleScanAlwaysAvailable, referenced from method jte.b
10-13 06:20:30.561: W/dalvikvm(12346): VFY: unable to resolve virtual method 3234: Landroid/bluetooth/BluetoothAdapter;.isBleScanAlwaysAvailable ()Z
10-13 06:20:30.561: D/dalvikvm(12346): VFY: replacing opcode 0x6e at 0x000e
10-13 06:20:30.571: D/dalvikvm(12307): GC_EXPLICIT freed 477K, 8% free 11604K/12604K, paused 2ms+5ms, total 42ms
10-13 06:20:30.611: V/WebViewChromium(12080): Binding Chromium to the background looper Looper{41eb6d38}
10-13 06:20:30.611: I/chromium(12080): [INFO:library_loader_hooks.cc(112)] Chromium logging enabled: level = 0, default verbosity = 0
10-13 06:20:30.611: I/BrowserProcessMain(12080): Initializing chromium process, renderers=0
10-13 06:20:30.631: W/chromium(12080): [WARNING:proxy_service.cc(888)] PAC support disabled because there is no system implementation
10-13 06:20:30.641: I/Adreno-EGL(12080): <qeglDrvAPI_eglInitialize:320>: EGL 1.4 QUALCOMM build:  (CL3776187)
10-13 06:20:30.641: I/Adreno-EGL(12080): OpenGL ES Shader Compiler Version: 
10-13 06:20:30.641: I/Adreno-EGL(12080): Build Date: 10/15/13 Tue
10-13 06:20:30.641: I/Adreno-EGL(12080): Local Branch: 
10-13 06:20:30.641: I/Adreno-EGL(12080): Remote Branch: partner/upstream
10-13 06:20:30.641: I/Adreno-EGL(12080): Local Patches: 
10-13 06:20:30.641: I/Adreno-EGL(12080): Reconstruct Branch: 
10-13 06:20:30.651: D/dalvikvm(12346): GC_FOR_ALLOC freed 269K, 8% free 13440K/14564K, paused 39ms, total 39ms
10-13 06:20:30.671: E/ProcessCheckinRequest(12346): CheckinNowTaskTag : Checkin Succeeded: https://android.clients.google.com/checkin (request #1): 
10-13 06:20:30.711: D/dalvikvm(12346): GC_FOR_ALLOC freed 575K, 10% free 13529K/14920K, paused 39ms, total 39ms
10-13 06:20:30.711: I/dalvikvm-heap(12346): Grow heap (frag case) to 14.304MB for 1048592-byte allocation
10-13 06:20:30.741: I/Search.RefreshSearchDomainAndCookiesTask(12080): refreshing cookies
10-13 06:20:30.751: D/dalvikvm(12346): GC_FOR_ALLOC freed 2K, 9% free 14550K/15948K, paused 37ms, total 37ms
10-13 06:20:30.781: W/ConfigurationChimeraProvider(12332): Got null configs for com.google.android.gms.security
10-13 06:20:30.821: D/dalvikvm(12346): GC_FOR_ALLOC freed 1399K, 15% free 13625K/15948K, paused 39ms, total 39ms
10-13 06:20:30.821: I/EventLogChimeraService(12346): Accumulating logs since 1507900823943
10-13 06:20:30.841: I/FontsSharedState(12346): Updating from directory version 0 to 7 from disk
10-13 06:20:30.861: W/Auth(12307): [GetToken] GetToken failed with status code: INVALID_SCOPE
10-13 06:20:30.861: W/Search.LoginHelper(12080): Google auth exception for scope: oauth2:https://www.googleapis.com/auth/googlenow
10-13 06:20:30.891: D/dalvikvm(12346): GC_FOR_ALLOC freed 1479K, 15% free 13559K/15948K, paused 39ms, total 39ms
10-13 06:20:30.891: I/CmaSystemUpdateService(12346): StartServiceIntentOperation: Intent { act=com.google.gservices.intent.action.GSERVICES_CHANGED flg=0x10 cmp=com.google.android.gms/.chimera.GmsIntentOperationService$PersistentInternalReceiver }
10-13 06:20:30.901: I/ActivityManager(605): Resuming delayed broadcast
10-13 06:20:30.961: D/dalvikvm(12346): GC_FOR_ALLOC freed 1073K, 15% free 13594K/15948K, paused 42ms, total 42ms
10-13 06:20:30.971: I/SystemUpdate(12346): [Installation,ReceiverIntentOperation] Received intent: Intent { act=com.google.gservices.intent.action.GSERVICES_CHANGED flg=0x10 cmp=com.google.android.gms/.chimera.GmsIntentOperationService$PersistentInternalReceiver }.
10-13 06:20:30.981: W/dalvikvm(12346): VFY: unable to find class referenced in signature (Landroid/os/UpdateEngineCallback;)
10-13 06:20:30.981: I/CmaSystemUpdateService(12346): receiver: Intent { act=com.google.gservices.intent.action.GSERVICES_CHANGED flg=0x10 cmp=com.google.android.gms/.chimera.GmsIntentOperationService$PersistentInternalReceiver }
10-13 06:20:31.001: W/Auth(12307): [GetToken] GetToken failed with status code: INVALID_SCOPE
10-13 06:20:31.001: W/Search.LoginHelper(12080): Google auth exception for scope: oauth2:https://www.googleapis.com/auth/googlenow
10-13 06:20:31.041: I/chromium(12080): [INFO:simple_index_file.cc(397)] Simple Cache Index is being restored from disk.
10-13 06:20:31.051: D/dalvikvm(12346): GC_FOR_ALLOC freed 755K, 15% free 13623K/15948K, paused 54ms, total 54ms
10-13 06:20:31.051: I/dalvikvm-heap(12346): Grow heap (frag case) to 14.396MB for 1048592-byte allocation
10-13 06:20:31.101: D/dalvikvm(12346): GC_FOR_ALLOC freed 2K, 14% free 14645K/16976K, paused 44ms, total 44ms
10-13 06:20:31.111: I/SystemUpdate(12346): [Execution,InstallationEventIntentOperation] Received intent with event 2.
10-13 06:20:31.111: I/dalvikvm(12346): Could not find method android.os.RecoverySystem.cancelScheduledUpdate, referenced from method aehf.a
10-13 06:20:31.111: W/dalvikvm(12346): VFY: unable to resolve static method 28885: Landroid/os/RecoverySystem;.cancelScheduledUpdate (Landroid/content/Context;)V
10-13 06:20:31.111: D/dalvikvm(12346): VFY: replacing opcode 0x71 at 0x002c
10-13 06:20:31.111: W/dalvikvm(12346): Unable to resolve superclass of Laeii; (6393)
10-13 06:20:31.111: W/dalvikvm(12346): Link of class 'Laeii;' failed
10-13 06:20:31.111: E/dalvikvm(12346): Could not find class 'aeii', referenced from method aehf.a
10-13 06:20:31.111: W/dalvikvm(12346): VFY: unable to resolve new-instance 162 (Laeii;) in Laehf;
10-13 06:20:31.111: D/dalvikvm(12346): VFY: replacing opcode 0x22 at 0x0035
10-13 06:20:31.121: W/dalvikvm(12346): Unable to resolve superclass of Laeii; (6393)
10-13 06:20:31.121: W/dalvikvm(12346): Link of class 'Laeii;' failed
10-13 06:20:31.121: D/dalvikvm(12346): DexOpt: unable to opt direct call 0x02bd at 0x37 in Laehf;.a
10-13 06:20:31.141: D/dalvikvm(12080): GC_CONCURRENT freed 440K, 5% free 10259K/10732K, paused 3ms+4ms, total 33ms
10-13 06:20:31.171: D/dalvikvm(12346): GC_FOR_ALLOC freed 1175K, 20% free 13693K/16976K, paused 43ms, total 44ms
10-13 06:20:31.251: D/dalvikvm(12307): GC_EXPLICIT freed 691K, 9% free 11573K/12604K, paused 2ms+5ms, total 50ms
10-13 06:20:31.261: D/AndroidRuntime(13669): >>>>>> AndroidRuntime START com.android.internal.os.RuntimeInit <<<<<<
10-13 06:20:31.261: D/dalvikvm(605): GC_EXPLICIT freed 1035K, 36% free 16357K/25372K, paused 2ms+7ms, total 77ms
10-13 06:20:31.261: D/AndroidRuntime(13669): CheckJNI is OFF
10-13 06:20:31.281: D/dalvikvm(13669): Trying to load lib libjavacore.so 0x0
10-13 06:20:31.281: D/dalvikvm(13669): Added shared lib libjavacore.so 0x0
10-13 06:20:31.281: D/dalvikvm(13669): Trying to load lib libnativehelper.so 0x0
10-13 06:20:31.281: D/dalvikvm(13669): Added shared lib libnativehelper.so 0x0
10-13 06:20:31.281: D/dalvikvm(13669): No JNI_OnLoad found in libnativehelper.so 0x0, skipping init
10-13 06:20:31.281: I/ActivityManager(605): Delay finish: com.google.android.gms/.gcm.nts.SchedulerReceiver
10-13 06:20:31.291: W/ConfigurationChimeraProvider(12332): Got null configs for com.google.android.gms.update
10-13 06:20:31.301: W/ChimeraUtils(12346): Non Chimera context
10-13 06:20:31.311: I/dalvikvm(12346): Could not find method android.os.PowerManager.isDeviceIdleMode, referenced from method aegg.a
10-13 06:20:31.311: W/dalvikvm(12346): VFY: unable to resolve virtual method 28873: Landroid/os/PowerManager;.isDeviceIdleMode ()Z
10-13 06:20:31.311: D/dalvikvm(12346): VFY: replacing opcode 0x6e at 0x000e
10-13 06:20:31.321: D/dalvikvm(13669): Note: class Landroid/app/ActivityManagerNative; has 179 unimplemented (abstract) methods
10-13 06:20:31.321: W/dalvikvm(12346): Unable to resolve superclass of Laejd; (6316)
10-13 06:20:31.321: W/dalvikvm(12346): Link of class 'Laejd;' failed
10-13 06:20:31.351: W/dalvikvm(12346): VFY: unable to find class referenced in signature (Landroid/app/admin/SystemUpdatePolicy;)
10-13 06:20:31.351: I/dalvikvm(12346): Could not find method android.app.admin.SystemUpdatePolicy.getPolicyType, referenced from method aegi.b
10-13 06:20:31.351: W/dalvikvm(12346): VFY: unable to resolve virtual method 27696: Landroid/app/admin/SystemUpdatePolicy;.getPolicyType ()I
10-13 06:20:31.351: D/dalvikvm(12346): VFY: replacing opcode 0x6e at 0x004e
10-13 06:20:31.351: W/dalvikvm(12346): VFY: unable to find class referenced in signature (Landroid/app/admin/SystemUpdatePolicy;)
10-13 06:20:31.351: I/dalvikvm(12346): Could not find method android.app.admin.DevicePolicyManager.getSystemUpdatePolicy, referenced from method aegi.b
10-13 06:20:31.351: W/dalvikvm(12346): VFY: unable to resolve virtual method 27693: Landroid/app/admin/DevicePolicyManager;.getSystemUpdatePolicy ()Landroid/app/admin/SystemUpdatePolicy;
10-13 06:20:31.351: D/dalvikvm(12346): VFY: replacing opcode 0x6e at 0x0011
10-13 06:20:31.351: W/dalvikvm(12346): VFY: unable to find class referenced in signature (Landroid/app/admin/SystemUpdatePolicy;)
10-13 06:20:31.361: E/ConfigFileUtils(12346): Failed to read config file: /data/data/com.google.android.gms/app_chimera/current_modulesets.pb: open failed: ENOENT (No such file or directory)
10-13 06:20:31.401: D/dalvikvm(12346): GC_CONCURRENT freed 1555K, 5% free 13733K/14376K, paused 4ms+5ms, total 67ms
10-13 06:20:31.401: D/dalvikvm(12346): WAIT_FOR_CONCURRENT_GC blocked 39ms
10-13 06:20:31.401: D/dalvikvm(12346): WAIT_FOR_CONCURRENT_GC blocked 39ms
10-13 06:20:31.401: D/dalvikvm(12346): WAIT_FOR_CONCURRENT_GC blocked 40ms
10-13 06:20:31.401: D/dalvikvm(12346): WAIT_FOR_CONCURRENT_GC blocked 41ms
10-13 06:20:31.401: D/dalvikvm(12346): WAIT_FOR_CONCURRENT_GC blocked 42ms
10-13 06:20:31.411: W/dalvikvm(12346): Unable to resolve superclass of Laejd; (6316)
10-13 06:20:31.411: W/dalvikvm(12346): Link of class 'Laejd;' failed
10-13 06:20:31.411: W/dalvikvm(12346): Unable to resolve superclass of Laejd; (6316)
10-13 06:20:31.411: W/dalvikvm(12346): Link of class 'Laejd;' failed
10-13 06:20:31.411: W/dalvikvm(12346): Unable to resolve superclass of Laejd; (6316)
10-13 06:20:31.411: W/dalvikvm(12346): Link of class 'Laejd;' failed
10-13 06:20:31.411: I/dalvikvm(12346): Could not find method aejd.c, referenced from method aefz.a
10-13 06:20:31.411: W/dalvikvm(12346): VFY: unable to resolve virtual method 789: Laejd;.c ()Z
10-13 06:20:31.411: D/dalvikvm(12346): VFY: replacing opcode 0x6e at 0x003c
10-13 06:20:31.421: I/dalvikvm(12346): Could not find method com.google.android.gms.update.ChimeraSystemUpdateService.getColor, referenced from method aefz.a
10-13 06:20:31.421: W/dalvikvm(12346): VFY: unable to resolve virtual method 52049: Lcom/google/android/gms/update/ChimeraSystemUpdateService;.getColor (I)I
10-13 06:20:31.421: D/dalvikvm(12346): VFY: replacing opcode 0x6e at 0x0374
10-13 06:20:31.421: W/dalvikvm(12346): Unable to resolve superclass of Laejd; (6316)
10-13 06:20:31.421: W/dalvikvm(12346): Link of class 'Laejd;' failed
10-13 06:20:31.421: W/dalvikvm(12346): Unable to resolve superclass of Laejd; (6316)
10-13 06:20:31.421: W/dalvikvm(12346): Link of class 'Laejd;' failed
10-13 06:20:31.421: W/dalvikvm(12346): Unable to resolve superclass of Laejd; (6316)
10-13 06:20:31.421: W/dalvikvm(12346): Link of class 'Laejd;' failed
10-13 06:20:31.421: W/dalvikvm(12346): Unable to resolve superclass of Laejd; (6316)
10-13 06:20:31.421: W/dalvikvm(12346): Link of class 'Laejd;' failed
10-13 06:20:31.431: I/dalvikvm(12346): Could not find method aejd.d, referenced from method aefz.c
10-13 06:20:31.431: W/dalvikvm(12346): VFY: unable to resolve virtual method 790: Laejd;.d ()V
10-13 06:20:31.431: D/dalvikvm(12346): VFY: replacing opcode 0x6e at 0x000c
10-13 06:20:31.431: W/dalvikvm(12346): Unable to resolve superclass of Laejd; (6316)
10-13 06:20:31.431: W/dalvikvm(12346): Link of class 'Laejd;' failed
10-13 06:20:31.431: W/dalvikvm(12346): Unable to resolve superclass of Laejd; (6316)
10-13 06:20:31.431: W/dalvikvm(12346): Link of class 'Laejd;' failed
10-13 06:20:31.431: W/dalvikvm(12346): Unable to resolve superclass of Laejd; (6316)
10-13 06:20:31.431: W/dalvikvm(12346): Link of class 'Laejd;' failed
10-13 06:20:31.431: I/dalvikvm(12346): Could not find method aejd.b, referenced from method aefz.r
10-13 06:20:31.431: W/dalvikvm(12346): VFY: unable to resolve virtual method 788: Laejd;.b ()Landroid/net/Network;
10-13 06:20:31.431: D/dalvikvm(12346): VFY: replacing opcode 0x6e at 0x0034
10-13 06:20:31.431: W/dalvikvm(12346): Unable to resolve superclass of Laejd; (6316)
10-13 06:20:31.431: W/dalvikvm(12346): Link of class 'Laejd;' failed
10-13 06:20:31.431: W/dalvikvm(12346): Unable to resolve superclass of Laeiv; (183)
10-13 06:20:31.431: W/dalvikvm(12346): Link of class 'Laeiv;' failed
10-13 06:20:31.431: I/dalvikvm(12346): Could not find method aeiv.a, referenced from method aefz.t
10-13 06:20:31.431: W/dalvikvm(12346): VFY: unable to resolve static method 761: Laeiv;.a (Landroid/content/Context;Ljava/util/List;Z)Laeiv;
10-13 06:20:31.431: D/dalvikvm(12346): VFY: replacing opcode 0x71 at 0x001c
10-13 06:20:31.431: W/dalvikvm(12346): Unable to resolve superclass of Laejd; (6316)
10-13 06:20:31.431: W/dalvikvm(12346): Link of class 'Laejd;' failed
10-13 06:20:31.431: W/dalvikvm(12346): Unable to resolve superclass of Laejf; (183)
10-13 06:20:31.431: W/dalvikvm(12346): Link of class 'Laejf;' failed
10-13 06:20:31.441: I/dalvikvm(12346): Could not find method aejf.a, referenced from method aefz.t
10-13 06:20:31.441: W/dalvikvm(12346): VFY: unable to resolve static method 796: Laejf;.a (Landroid/content/Context;)Laejf;
10-13 06:20:31.441: D/dalvikvm(12346): VFY: replacing opcode 0x71 at 0x005e
10-13 06:20:31.441: W/dalvikvm(12346): Unable to resolve superclass of Laejd; (6316)
10-13 06:20:31.441: W/dalvikvm(12346): Link of class 'Laejd;' failed
10-13 06:20:31.451: I/dalvikvm(12346): Could not find method android.net.ConnectivityManager.getActiveNetwork, referenced from method aegh.d
10-13 06:20:31.451: W/dalvikvm(12346): VFY: unable to resolve virtual method 28538: Landroid/net/ConnectivityManager;.getActiveNetwork ()Landroid/net/Network;
10-13 06:20:31.451: D/dalvikvm(12346): VFY: replacing opcode 0x6e at 0x0021
10-13 06:20:31.461: W/ProcessCheckinRequest(12346): Fail to connect to GoogleApiClient error : hva{statusCode=TIMEOUT, resolution=null, message=null}
10-13 06:20:31.461: I/CheckinRequestBuilder(12346): Checkin reason type: 8 attempt count: 2
10-13 06:20:31.471: I/SystemUpdate(12346): [Execution,InstallationIntentOperation] Received intent: Intent { act=com.google.android.gms.update.INSTALL_UPDATE cat=[targeted_intent_op_prefix:.update.execution.InstallationIntentOperation] cmp=com.google.android.gms/.chimera.GmsIntentOperationService }.
10-13 06:20:31.471: E/ActivityThread(12346): Failed to find provider info for com.google.android.wearable.settings
10-13 06:20:31.481: I/CmaSystemUpdateService(12346): active receiver: enabled
10-13 06:20:31.481: I/CmaSystemUpdateService(12346): connectivity change: Intent { act=android.net.conn.CONNECTIVITY_CHANGE flg=0x4000010 (has extras) }
10-13 06:20:31.481: I/CmaSystemUpdateService(12346): receiver: Intent { act=android.net.conn.CONNECTIVITY_CHANGE flg=0x4000010 (has extras) }
10-13 06:20:31.511: D/AndroidRuntime(13669): Calling main entry com.android.commands.am.Am
10-13 06:20:31.521: I/WVCdm(181): CdmEngine::OpenSession
10-13 06:20:31.521: D/DrmWidevineDash(181): calling OEMCrypto_OpenSession...
10-13 06:20:31.521: I/ActivityManager(605): Force stopping com.google.android.apps.mtaas.tools appid=10077 user=0: start instr
10-13 06:20:31.531: D/DrmWidevineDash(181): OEMCrypto_OpenSession SID = 1
10-13 06:20:31.531: D/DrmWidevineDash(181): OEMCrypto_OpenSession returns 0
10-13 06:20:31.531: I/WVCdm(181): CdmEngine::QueryKeyControlInfo
10-13 06:20:31.531: I/WVCdm(181): CdmEngine::GenerateKeyRequest
10-13 06:20:31.531: D/DrmWidevineDash(181): calling OEMCrypto_LoadDeviceRSAKey. SID = 1
10-13 06:20:31.541: I/ActivityManager(605): Start proc com.google.android.apps.mtaas.tools for added application com.google.android.apps.mtaas.tools: pid=13694 uid=10077 gids={50077, 1028, 1015, 3003}
10-13 06:20:31.562: D/DrmWidevineDash(181): OEMCrypto_LoadDeviceRSAKey returns 0
10-13 06:20:31.562: D/DrmWidevineDash(181): calling OEMCrypto_GetDeviceID...
10-13 06:20:31.582: I/SystemUpdateTask(12346): checkUpdateState: spStatus=4, urgency=3, streaming=false, streamingInProgress=false
10-13 06:20:31.582: I/SystemUpdateTask(12346): Already downloaded, skipping offpeak checks.
10-13 06:20:31.602: D/DrmWidevineDash(181): OEMCrypto_GetDeviceID returns 0
10-13 06:20:31.602: D/DrmWidevineDash(181): calling OEMCrypto_GenerateNonce. SID = 1
10-13 06:20:31.602: I/dalvikvm(13406): Could not find method android.net.Network.openConnection, referenced from method mma.a
10-13 06:20:31.602: W/dalvikvm(13406): VFY: unable to resolve virtual method 4316: Landroid/net/Network;.openConnection (Ljava/net/URL;)Ljava/net/URLConnection;
10-13 06:20:31.602: D/dalvikvm(13406): VFY: replacing opcode 0x6e at 0x000a
10-13 06:20:31.612: D/DumpStaticPerfEnv(13694): Instrumentation completed successfully
10-13 06:20:31.612: D/DrmWidevineDash(181): OEMCrypto_GenerateNonce returns 0
10-13 06:20:31.612: D/WVCdm(181): PrepareKeyRequest: nonce=2553358705
10-13 06:20:31.612: D/DrmWidevineDash(181): calling OEMCrypto_GenerateRSASignature. SID = 1
10-13 06:20:31.622: D/AndroidRuntime(13669): Shutting down VM
10-13 06:20:31.622: D/dalvikvm(13669): GC_CONCURRENT freed 99K, 16% free 566K/668K, paused 0ms+0ms, total 2ms
10-13 06:20:31.632: D/DrmWidevineDash(181): OEMCrypto_GenerateRSASignature needs buffer size = 256
10-13 06:20:31.632: D/DrmWidevineDash(181): OEMCrypto_GenerateRSASignature returns 7
10-13 06:20:31.632: D/DrmWidevineDash(181): calling OEMCrypto_GenerateRSASignature. SID = 1
10-13 06:20:31.732: D/dalvikvm(12080): GC_CONCURRENT freed 453K, 5% free 10264K/10752K, paused 2ms+3ms, total 22ms
10-13 06:20:31.752: D/DrmWidevineDash(181): OEMCrypto_GenerateRSASignature returns 0
10-13 06:20:31.752: I/WVCdm(181): CdmEngine::CloseSession
10-13 06:20:31.752: D/DrmWidevineDash(181): calling OEMCrypto_CloseSession. SID = 1
10-13 06:20:31.762: D/DrmWidevineDash(181): OEMCrypto_CloseSession returns 0
10-13 06:20:31.842: I/ActivityManager(605): Force stopping com.google.android.apps.mtaas.tools appid=10077 user=0: finished inst
10-13 06:20:31.842: I/ActivityManager(605): Killing 13694:com.google.android.apps.mtaas.tools/u0a77 (adj 0): stop com.google.android.apps.mtaas.tools
10-13 06:20:31.852: I/dalvikvm(13406): Could not find method android.os.PowerManager.isInteractive, referenced from method jsi.a
10-13 06:20:31.852: W/dalvikvm(13406): VFY: unable to resolve virtual method 4659: Landroid/os/PowerManager;.isInteractive ()Z
10-13 06:20:31.852: D/dalvikvm(13406): VFY: replacing opcode 0x6e at 0x0006
10-13 06:20:31.882: D/dalvikvm(12307): GC_EXPLICIT freed 145K, 9% free 11538K/12604K, paused 2ms+4ms, total 36ms
10-13 06:20:31.892: I/SystemUpdateTask(12346): network: NetworkInfo: type: WIFI[], state: CONNECTED/CONNECTED, reason: (unspecified), extra: "wl-ftl-mt10-1-5", roaming: false, failover: false, isAvailable: true, isConnectedToProvisioningNetwork: false; metered: false; mobile allowed: false; isAltModeWearable: false; isWifiNeededForAltModeWearableDevice: false; auto-pause disabled: false; shouldResumeDownload: false byUser: false; shouldPauseDownload: false byUser: false; 
10-13 06:20:31.902: W/dalvikvm(12346): Unable to resolve superclass of Laejd; (6316)
10-13 06:20:31.902: W/dalvikvm(12346): Link of class 'Laejd;' failed
10-13 06:20:31.902: W/dalvikvm(12346): Unable to resolve superclass of Laeiv; (183)
10-13 06:20:31.902: W/dalvikvm(12346): Link of class 'Laeiv;' failed
10-13 06:20:31.902: I/dalvikvm(12346): Could not find method aeiv.a, referenced from method aeev.b
10-13 06:20:31.902: W/dalvikvm(12346): VFY: unable to resolve static method 761: Laeiv;.a (Landroid/content/Context;Ljava/util/List;Z)Laeiv;
10-13 06:20:31.902: D/dalvikvm(12346): VFY: replacing opcode 0x71 at 0x00eb
10-13 06:20:31.902: W/dalvikvm(12346): Unable to resolve superclass of Laejd; (6316)
10-13 06:20:31.902: W/dalvikvm(12346): Link of class 'Laejd;' failed
10-13 06:20:31.902: I/dalvikvm(12346): Could not find method aejd.d, referenced from method aeev.b
10-13 06:20:31.902: W/dalvikvm(12346): VFY: unable to resolve virtual method 790: Laejd;.d ()V
10-13 06:20:31.902: D/dalvikvm(12346): VFY: replacing opcode 0x6e at 0x0377
10-13 06:20:31.902: W/dalvikvm(12346): VFY: unable to find class referenced in signature (Landroid/net/Network;)
10-13 06:20:31.912: W/dalvikvm(12346): Unable to resolve superclass of Laejd; (6316)
10-13 06:20:31.912: W/dalvikvm(12346): Link of class 'Laejd;' failed
10-13 06:20:31.912: I/dalvikvm(12346): Could not find method aejd.d, referenced from method aeev.b
10-13 06:20:31.912: W/dalvikvm(12346): VFY: unable to resolve virtual method 790: Laejd;.d ()V
10-13 06:20:31.912: D/dalvikvm(12346): VFY: replacing opcode 0x6e at 0x0321
10-13 06:20:31.912: W/dalvikvm(12346): Unable to resolve superclass of Laejd; (6316)
10-13 06:20:31.912: W/dalvikvm(12346): Link of class 'Laejd;' failed
10-13 06:20:31.912: I/dalvikvm(12346): Could not find method aejd.d, referenced from method aeev.b
10-13 06:20:31.912: W/dalvikvm(12346): VFY: unable to resolve virtual method 790: Laejd;.d ()V
10-13 06:20:31.912: D/dalvikvm(12346): VFY: replacing opcode 0x6e at 0x03e6
10-13 06:20:31.912: W/dalvikvm(12346): Unable to resolve superclass of Laejd; (6316)
10-13 06:20:31.912: W/dalvikvm(12346): Link of class 'Laejd;' failed
10-13 06:20:31.912: I/dalvikvm(12346): Could not find method aejd.d, referenced from method aeev.b
10-13 06:20:31.912: W/dalvikvm(12346): VFY: unable to resolve virtual method 790: Laejd;.d ()V
10-13 06:20:31.912: D/dalvikvm(12346): VFY: replacing opcode 0x6e at 0x0596
10-13 06:20:31.912: W/dalvikvm(12346): Unable to resolve superclass of Laejd; (6316)
10-13 06:20:31.912: W/dalvikvm(12346): Link of class 'Laejd;' failed
10-13 06:20:31.912: I/dalvikvm(12346): Could not find method aejd.d, referenced from method aeev.b
10-13 06:20:31.912: W/dalvikvm(12346): VFY: unable to resolve virtual method 790: Laejd;.d ()V
10-13 06:20:31.912: D/dalvikvm(12346): VFY: replacing opcode 0x6e at 0x05ec
10-13 06:20:31.912: W/dalvikvm(12346): Unable to resolve superclass of Laejd; (6316)
10-13 06:20:31.912: W/dalvikvm(12346): Link of class 'Laejd;' failed
10-13 06:20:31.912: I/dalvikvm(12346): Could not find method aejd.d, referenced from method aeev.b
10-13 06:20:31.912: W/dalvikvm(12346): VFY: unable to resolve virtual method 790: Laejd;.d ()V
