10-13 06:20:25.325: W/dalvikvm(13406): VFY: unable to resolve virtual method 738: Landroid/content/ContextWrapper;.createCredentialProtectedStorageContext ()Landroid/content/Context;
10-13 06:20:25.325: D/dalvikvm(13406): VFY: replacing opcode 0x6f at 0x0002
10-13 06:20:25.325: I/dalvikvm(13406): Could not find method android.content.ContextWrapper.createDeviceProtectedStorageContext, referenced from method ivg.createDeviceProtectedStorageContext
10-13 06:20:25.325: W/dalvikvm(13406): VFY: unable to resolve virtual method 739: Landroid/content/ContextWrapper;.createDeviceProtectedStorageContext ()Landroid/content/Context;
10-13 06:20:25.325: D/dalvikvm(13406): VFY: replacing opcode 0x6f at 0x0002
10-13 06:20:25.335: I/Launcher(880): Deferring update until onResume
10-13 06:20:25.335: I/Icing(12346): IndexChimeraService.getServiceInterface callingPackage=com.google.android.googlequicksearchbox componentName=null serviceId=21
10-13 06:20:25.335: D/dalvikvm(13406): GC_CONCURRENT freed 93K, 2% free 10554K/10692K, paused 5ms+3ms, total 29ms
10-13 06:20:25.355: I/dalvikvm(13406): Could not find method android.content.pm.PackageManager.getPackageInstaller, referenced from method ims.a
10-13 06:20:25.355: W/dalvikvm(13406): VFY: unable to resolve virtual method 829: Landroid/content/pm/PackageManager;.getPackageInstaller ()Landroid/content/pm/PackageInstaller;
10-13 06:20:25.355: D/dalvikvm(13406): VFY: replacing opcode 0x6e at 0x001c
10-13 06:20:25.365: V/GelStubAppWatcher(12080): onReceive: android.intent.action.PACKAGE_CHANGED
10-13 06:20:25.375: D/dalvikvm(12346): GC_CONCURRENT freed 648K, 6% free 12349K/13028K, paused 3ms+8ms, total 49ms
10-13 06:20:25.395: D/dalvikvm(13406): GC_CONCURRENT freed 298K, 4% free 10774K/11116K, paused 1ms+1ms, total 21ms
10-13 06:20:25.395: D/dalvikvm(13406): WAIT_FOR_CONCURRENT_GC blocked 7ms
10-13 06:20:25.416: I/Icing(12346): Usage reports 0 indexed 0 rejected 0 imm upload true
10-13 06:20:25.436: I/dalvikvm(13406): Could not find method android.content.Context.checkSelfPermission, referenced from method jjg.a
10-13 06:20:25.436: W/dalvikvm(13406): VFY: unable to resolve virtual method 687: Landroid/content/Context;.checkSelfPermission (Ljava/lang/String;)I
10-13 06:20:25.436: D/dalvikvm(13406): VFY: replacing opcode 0x6e at 0x0034
10-13 06:20:25.436: I/dalvikvm(13406): Failed resolving Ljjh; interface 915 'Landroid/content/pm/PackageManager$OnPermissionsChangedListener;'
10-13 06:20:25.436: W/dalvikvm(13406): Link of class 'Ljjh;' failed
10-13 06:20:25.436: I/ActivityManager(605): Delay finish: com.google.android.apps.plus/.service.PackagesMediaMonitor
10-13 06:20:25.446: E/dalvikvm(13406): Could not find class 'jjh', referenced from method jjg.a
10-13 06:20:25.446: W/dalvikvm(13406): VFY: unable to resolve new-instance 3204 (Ljjh;) in Ljjg;
10-13 06:20:25.446: D/dalvikvm(13406): VFY: replacing opcode 0x22 at 0x0000
10-13 06:20:25.446: I/dalvikvm(13406): Failed resolving Ljjh; interface 915 'Landroid/content/pm/PackageManager$OnPermissionsChangedListener;'
10-13 06:20:25.446: W/dalvikvm(13406): Link of class 'Ljjh;' failed
10-13 06:20:25.446: I/ActivityManager(605): Resuming delayed broadcast
10-13 06:20:25.456: D/dalvikvm(13406): DexOpt: unable to opt direct call 0x3dc8 at 0x02 in Ljjg;.a
10-13 06:20:25.466: I/Launcher(880): Deferring update until onResume
10-13 06:20:25.476: I/Launcher(880): Deferring update until onResume
10-13 06:20:25.476: D/dalvikvm(13406): GC_CONCURRENT freed 223K, 3% free 11137K/11408K, paused 5ms+2ms, total 29ms
10-13 06:20:25.476: D/dalvikvm(13406): WAIT_FOR_CONCURRENT_GC blocked 13ms
10-13 06:20:25.476: D/dalvikvm(13406): WAIT_FOR_CONCURRENT_GC blocked 15ms
10-13 06:20:25.476: I/ActivityManager(605): Start proc com.google.android.partnersetup for broadcast com.google.android.partnersetup/.RlzPingBroadcastReceiver: pid=13428 uid=10011 gids={50011, 3003}
10-13 06:20:25.486: I/Icing.InternalIcingCorporaProvider(12080): Updating corpora: A: com.google.android.videos, C: MAYBE
10-13 06:20:25.546: D/dalvikvm(880): GC_CONCURRENT freed 811K, 19% free 12493K/15256K, paused 2ms+58ms, total 90ms
10-13 06:20:25.556: I/ActivityManager(605): Delay finish: com.google.android.partnersetup/.RlzPingBroadcastReceiver
10-13 06:20:25.576: D/WVCdm(181): Instantiating CDM.
10-13 06:20:25.576: D/DrmWidevineDash(181): calling OEMCrypto_Initialize, g_qsee_apps_version = 6
10-13 06:20:25.576: D/DrmWidevineDash(181): Service_Initialize: tzapps image is already open!
10-13 06:20:25.576: D/DrmWidevineDash(181): OEMCrypto_Initialize sion_buffer g_wv_fhandle->ion_sbuffer  0x0xb54d0000
10-13 06:20:25.576: E/DrmWidevineDash(181): sion_buffer g_wv_fhandle->ion_sbuffer  0x0xb54d0000
10-13 06:20:25.586: I/ActivityManager(605): Resuming delayed broadcast
10-13 06:20:25.606: D/DrmWidevineDash(181): OEMCrypto_Initialize exit returns 0
10-13 06:20:25.606: D/DrmWidevineDash(181): calling OEMCrypto_APIVersion...
10-13 06:20:25.606: I/ActivityManager(605): Delay finish: com.google.android.partnersetup/.AppInstalledReceiver
10-13 06:20:25.626: D/dalvikvm(605): GC_EXPLICIT freed 3863K, 35% free 16505K/25372K, paused 5ms+12ms, total 519ms
10-13 06:20:25.626: D/AndroidRuntime(13194): Shutting down VM
10-13 06:20:25.626: D/dalvikvm(13194): GC_CONCURRENT freed 95K, 16% free 560K/660K, paused 0ms+1ms, total 2ms
10-13 06:20:25.636: D/DrmWidevineDash(181): OEMCrypto_APIVersion = 8
10-13 06:20:25.636: D/DrmWidevineDash(181): calling OEMCrypto_IsKeyboxValid...
10-13 06:20:25.636: I/ActivityManager(605): Resuming delayed broadcast
10-13 06:20:25.646: I/ActivityManager(605): Delay finish: com.android.musicfx/.Compatibility$Receiver
10-13 06:20:25.676: D/dalvikvm(13406): GC_CONCURRENT freed 261K, 3% free 11568K/11880K, paused 2ms+4ms, total 68ms
10-13 06:20:25.676: I/Icing(12346): IndexChimeraService.getServiceInterface callingPackage=com.google.android.googlequicksearchbox componentName=null serviceId=21
10-13 06:20:25.706: I/Ads(12346): Accounts have changed: com.google.android.gms.auth.GOOGLE_ACCOUNT_CHANGE
10-13 06:20:25.706: D/DrmWidevineDash(181): OEMCrypto_IsKeyboxValid returns 0
10-13 06:20:25.706: D/WVCdm(181): OEMCrypto_Initialize Level 1 success. I will use level 1.
10-13 06:20:25.706: I/WVCdm(181): CdmEngine::OpenSession
10-13 06:20:25.706: D/DrmWidevineDash(181): calling OEMCrypto_OpenSession...
10-13 06:20:25.706: I/ActivityManager(605): Resuming delayed broadcast
10-13 06:20:25.716: W/dalvikvm(12346): VFY: unable to find class referenced in signature (Landroid/net/Network;)
10-13 06:20:25.716: W/dalvikvm(12346): VFY: unable to find class referenced in signature (Landroid/net/Network;)
10-13 06:20:25.716: I/Icing(12346): Usage reports 0 indexed 0 rejected 0 imm upload true
10-13 06:20:25.726: W/constellation(12346): [gaia_id_checker] GAIA id checker has been disabled by gservice flag.
10-13 06:20:25.726: I/GCM-GMS(12346): Groups upload failed
10-13 06:20:25.726: D/DrmWidevineDash(181): OEMCrypto_OpenSession SID = 1
10-13 06:20:25.726: D/DrmWidevineDash(181): OEMCrypto_OpenSession returns 0
10-13 06:20:25.726: I/WVCdm(181): CdmEngine::QueryKeyControlInfo
10-13 06:20:25.726: I/WVCdm(181): CdmEngine::GenerateKeyRequest
10-13 06:20:25.726: D/DrmWidevineDash(181): calling OEMCrypto_LoadDeviceRSAKey. SID = 1
10-13 06:20:25.726: V/GelStubAppWatcher(12080): onReceive: android.intent.action.PACKAGE_ADDED
10-13 06:20:25.736: W/ConfigurationChimeraProvider(12332): Got null configs for com.google.android.gms.ads
10-13 06:20:25.736: I/IcingInternalCorpora(12346): Received calendar change notification.
10-13 06:20:25.756: I/ActivityManager(605): Delay finish: com.google.android.apps.plus/.service.PackagesMediaMonitor
10-13 06:20:25.796: D/DrmWidevineDash(181): OEMCrypto_LoadDeviceRSAKey returns 0
10-13 06:20:25.796: D/DrmWidevineDash(181): calling OEMCrypto_GetDeviceID...
10-13 06:20:25.806: I/MobileDataHub(12346): Using regular flags by method 1
10-13 06:20:25.806: D/Wear_Controller(12346): Received broadcast action=android.intent.action.PACKAGE_CHANGED and uri=com.google.android.music
10-13 06:20:25.806: I/dalvikvm(12346): Could not find method android.os.UserManager.getUserProfiles, referenced from method com.google.android.gms.wearable.service.WearableController.a
10-13 06:20:25.806: W/dalvikvm(12346): VFY: unable to resolve virtual method 28922: Landroid/os/UserManager;.getUserProfiles ()Ljava/util/List;
10-13 06:20:25.806: D/dalvikvm(12346): VFY: replacing opcode 0x6e at 0x006a
10-13 06:20:25.856: I/DynamiteModule(13406): Considering local module com.google.android.gms.googlecertificates:4 and remote module com.google.android.gms.googlecertificates:4
10-13 06:20:25.856: I/DynamiteModule(13406): Selected local version of com.google.android.gms.googlecertificates
10-13 06:20:25.866: D/Wear_Controller(12346): Received broadcast action=android.intent.action.PACKAGE_CHANGED and uri=com.google.android.videos
10-13 06:20:25.866: W/ConfigurationChimeraProvider(12332): Got null configs for com.google.android.gms.chromesync
10-13 06:20:25.876: D/DrmWidevineDash(181): OEMCrypto_GetDeviceID returns 0
10-13 06:20:25.876: D/DrmWidevineDash(181): calling OEMCrypto_GenerateNonce. SID = 1
10-13 06:20:25.886: D/DrmWidevineDash(181): OEMCrypto_GenerateNonce returns 0
10-13 06:20:25.886: D/WVCdm(181): PrepareKeyRequest: nonce=403202894
10-13 06:20:25.886: D/DrmWidevineDash(181): calling OEMCrypto_GenerateRSASignature. SID = 1
10-13 06:20:25.886: I/ActivityManager(605): Resuming delayed broadcast
10-13 06:20:25.906: I/Icing.InternalIcingCorporaProvider(12080): Updating corpora: A: org.gnucash.android, C: MAYBE
10-13 06:20:25.916: I/Icing(12346): IndexChimeraService.getServiceInterface callingPackage=com.google.android.gms componentName=AppsCorpus serviceId=32
10-13 06:20:25.926: D/DrmWidevineDash(181): OEMCrypto_GenerateRSASignature needs buffer size = 256
10-13 06:20:25.926: D/DrmWidevineDash(181): OEMCrypto_GenerateRSASignature returns 7
10-13 06:20:25.926: D/DrmWidevineDash(181): calling OEMCrypto_GenerateRSASignature. SID = 1
10-13 06:20:25.926: I/Icing(12346): IndexChimeraService.getServiceInterface callingPackage=com.google.android.gms componentName=AppsCorpus serviceId=36
10-13 06:20:25.956: I/dalvikvm(12346): Could not find method android.content.res.Configuration.getLocales, referenced from method jkh.<init>
10-13 06:20:25.956: W/dalvikvm(12346): VFY: unable to resolve virtual method 3675: Landroid/content/res/Configuration;.getLocales ()Landroid/os/LocaleList;
10-13 06:20:25.956: D/dalvikvm(12346): VFY: replacing opcode 0x6e at 0x0039
10-13 06:20:25.956: I/dalvikvm(12346): Could not find method java.util.Locale.toLanguageTag, referenced from method jkh.<init>
10-13 06:20:25.956: W/dalvikvm(12346): VFY: unable to resolve virtual method 38660: Ljava/util/Locale;.toLanguageTag ()Ljava/lang/String;
10-13 06:20:25.956: D/dalvikvm(12346): VFY: replacing opcode 0x6e at 0x0065
10-13 06:20:25.976: I/dalvikvm(12346): Could not find method android.telephony.SubscriptionManager.from, referenced from method ahoy.a
10-13 06:20:25.976: W/dalvikvm(12346): VFY: unable to resolve static method 29103: Landroid/telephony/SubscriptionManager;.from (Landroid/content/Context;)Landroid/telephony/SubscriptionManager;
10-13 06:20:25.976: D/dalvikvm(12346): VFY: replacing opcode 0x71 at 0x004a
10-13 06:20:25.986: I/dalvikvm(12346): Could not find method android.content.Context.checkSelfPermission, referenced from method ahor.a
10-13 06:20:25.986: W/dalvikvm(12346): VFY: unable to resolve virtual method 27892: Landroid/content/Context;.checkSelfPermission (Ljava/lang/String;)I
10-13 06:20:25.986: D/dalvikvm(12346): VFY: replacing opcode 0x6e at 0x0007
10-13 06:20:25.986: W/Auth(12307): [GetToken] GetToken failed with status code: INVALID_SCOPE
10-13 06:20:25.986: I/Ads(12346): Immediate DSID task failed. Scheduling one-off
10-13 06:20:26.016: I/dalvikvm(12346): Could not find method android.telephony.SubscriptionManager.from, referenced from method ahil.a
10-13 06:20:26.016: W/dalvikvm(12346): VFY: unable to resolve static method 29103: Landroid/telephony/SubscriptionManager;.from (Landroid/content/Context;)Landroid/telephony/SubscriptionManager;
10-13 06:20:26.016: D/dalvikvm(12346): VFY: replacing opcode 0x71 at 0x0019
10-13 06:20:26.026: W/GoogleSignatureVerifier(12332): Test-keys aren't accepted on this build.
10-13 06:20:26.046: D/dalvikvm(12346): GC_CONCURRENT freed 879K, 7% free 12591K/13504K, paused 4ms+6ms, total 53ms
10-13 06:20:26.056: D/dalvikvm(12080): GC_CONCURRENT freed 398K, 5% free 10166K/10692K, paused 9ms+6ms, total 70ms
10-13 06:20:26.056: D/dalvikvm(13406): GC_CONCURRENT freed 485K, 5% free 11941K/12468K, paused 1ms+8ms, total 25ms
10-13 06:20:26.056: D/dalvikvm(13406): WAIT_FOR_CONCURRENT_GC blocked 15ms
10-13 06:20:26.096: D/dalvikvm(12307): GC_CONCURRENT freed 665K, 7% free 11642K/12504K, paused 4ms+4ms, total 35ms
10-13 06:20:26.126: I/Icing(12346): IndexChimeraService.getServiceInterface callingPackage=com.google.android.googlequicksearchbox componentName=null serviceId=21
10-13 06:20:26.126: W/ConfigurationChimeraProvider(12332): Got null configs for com.google.android.gms.appinvite
10-13 06:20:26.126: I/dalvikvm(12346): Could not find method android.content.Context.isDeviceProtectedStorage, referenced from method jfp.a
10-13 06:20:26.126: W/dalvikvm(12346): VFY: unable to resolve virtual method 3442: Landroid/content/Context;.isDeviceProtectedStorage ()Z
10-13 06:20:26.126: D/dalvikvm(12346): VFY: replacing opcode 0x6e at 0x02ca
10-13 06:20:26.146: I/MS_RegisterService(12346): RegisterService intent:Intent { act=com.google.android.gms.matchstick.register_intent_google_account_change cat=[targeted_intent_op_prefix:com.google.android.libraries.matchstick.net.SilentRegisterIntentOperation] cmp=com.google.android.gms/.chimera.GmsIntentOperationService } isPeriodic:false
10-13 06:20:26.166: D/Wear_Controller(12346): Received broadcast action=android.intent.action.PACKAGE_ADDED and uri=org.gnucash.android
10-13 06:20:26.166: I/MS_PhoneUtils(12346): Phone type: 0
10-13 06:20:26.166: W/MS_RegisterService(12346): Not eligible for registration.
10-13 06:20:26.196: I/Icing(12346): Usage reports 0 indexed 0 rejected 0 imm upload false
10-13 06:20:26.216: D/dalvikvm(13406): GC_CONCURRENT freed 1843K, 15% free 11045K/12964K, paused 1ms+3ms, total 47ms
10-13 06:20:26.216: D/dalvikvm(13406): WAIT_FOR_CONCURRENT_GC blocked 31ms
10-13 06:20:26.236: I/Icing(12346): Usage reports 0 indexed 0 rejected 0 imm upload false
10-13 06:20:26.236: D/DrmWidevineDash(181): OEMCrypto_GenerateRSASignature returns 0
10-13 06:20:26.236: I/WVCdm(181): CdmEngine::CloseSession
10-13 06:20:26.236: D/DrmWidevineDash(181): calling OEMCrypto_CloseSession. SID = 1
10-13 06:20:26.246: I/GoogleURLConnFactory(12332): Using platform SSLCertificateSocketFactory
10-13 06:20:26.256: D/DrmWidevineDash(181): OEMCrypto_CloseSession returns 0
10-13 06:20:26.276: I/dalvikvm(12346): Could not find method fx.getMediaController, referenced from method com.google.android.chimera.Activity.getMediaController
10-13 06:20:26.276: W/dalvikvm(12346): VFY: unable to resolve virtual method 10818: Lfx;.getMediaController ()Landroid/media/session/MediaController;
10-13 06:20:26.276: D/dalvikvm(12346): VFY: replacing opcode 0x6e at 0x0002
10-13 06:20:26.276: I/FA-SVC(12346): App measurement is starting up, version: 11509
10-13 06:20:26.276: I/dalvikvm(12346): Could not find method fx.getSearchEvent, referenced from method com.google.android.chimera.Activity.getSearchEvent
10-13 06:20:26.276: W/dalvikvm(12346): VFY: unable to resolve virtual method 10824: Lfx;.getSearchEvent ()Landroid/view/SearchEvent;
10-13 06:20:26.276: D/dalvikvm(12346): VFY: replacing opcode 0x6e at 0x0002
10-13 06:20:26.276: W/dalvikvm(12346): VFY: unable to find class referenced in signature (Landroid/app/VoiceInteractor;)
10-13 06:20:26.276: W/dalvikvm(12346): VFY: unable to find class referenced in signature (Landroid/app/VoiceInteractor;)
10-13 06:20:26.286: W/dalvikvm(12346): VFY: unable to find class referenced in signature (Landroid/os/PersistableBundle;)
10-13 06:20:26.286: W/dalvikvm(12346): VFY: unable to find class referenced in signature (Landroid/os/PersistableBundle;)
10-13 06:20:26.286: W/dalvikvm(12346): VFY: unable to find class referenced in signature (Landroid/os/PersistableBundle;)
10-13 06:20:26.286: W/dalvikvm(12346): VFY: unable to find class referenced in signature (Landroid/os/PersistableBundle;)
10-13 06:20:26.286: W/dalvikvm(12346): VFY: unable to find class referenced in signature (Landroid/app/assist/AssistContent;)
10-13 06:20:26.286: W/dalvikvm(12346): VFY: unable to find class referenced in signature (Landroid/app/assist/AssistContent;)
10-13 06:20:26.286: W/dalvikvm(12346): VFY: unable to find class referenced in signature (Landroid/os/PersistableBundle;)
10-13 06:20:26.286: W/dalvikvm(12346): VFY: unable to find class referenced in signature (Landroid/os/PersistableBundle;)
10-13 06:20:26.296: I/Icing(12346): IndexChimeraService.getServiceInterface callingPackage=com.google.android.gms componentName=AppsCorpus serviceId=32
10-13 06:20:26.296: I/Icing(12346): IndexChimeraService.getServiceInterface callingPackage=com.google.android.gms componentName=AppsCorpus serviceId=36
10-13 06:20:26.296: I/Icing(12346): Usage reports 0 indexed 0 rejected 0 imm upload true
10-13 06:20:26.306: I/dalvikvm(12346): Could not find method android.content.pm.PackageManager.isInstantApp, referenced from method jwu.a
10-13 06:20:26.306: W/dalvikvm(12346): VFY: unable to resolve virtual method 835: Landroid/content/pm/PackageManager;.isInstantApp ()Z
10-13 06:20:26.306: D/dalvikvm(12346): VFY: replacing opcode 0x6e at 0x0028
10-13 06:20:26.306: W/dalvikvm(12346): VFY: unable to find class referenced in signature (Landroid/os/PersistableBundle;)
10-13 06:20:26.316: W/dalvikvm(12346): VFY: unable to find class referenced in signature (Landroid/os/PersistableBundle;)
10-13 06:20:26.316: W/dalvikvm(12346): VFY: unable to find class referenced in signature (Landroid/view/SearchEvent;)
10-13 06:20:26.316: I/ActivityManager(605): Killing 12802:com.android.chrome/u0a31 (adj 15): empty #17
10-13 06:20:26.326: D/dalvikvm(13406): GC_CONCURRENT freed 201K, 12% free 11535K/12964K, paused 1ms+3ms, total 34ms
10-13 06:20:26.326: D/dalvikvm(13406): WAIT_FOR_CONCURRENT_GC blocked 18ms
10-13 06:20:26.336: W/dalvikvm(12346): VFY: unable to find class referenced in signature (Landroid/view/SearchEvent;)
10-13 06:20:26.336: I/dalvikvm(12346): Could not find method fx.requestPermissions, referenced from method com.google.android.chimera.Activity.requestPermissions
10-13 06:20:26.336: W/dalvikvm(12346): VFY: unable to resolve virtual method 10928: Lfx;.requestPermissions ([Ljava/lang/String;I)V
10-13 06:20:26.336: D/dalvikvm(12346): VFY: replacing opcode 0x6e at 0x0002
10-13 06:20:26.336: W/dalvikvm(12346): VFY: unable to find class referenced in signature (Landroid/media/session/MediaController;)
10-13 06:20:26.336: I/dalvikvm(12346): Could not find method fx.setMediaController, referenced from method com.google.android.chimera.Activity.setMediaController
10-13 06:20:26.336: W/dalvikvm(12346): VFY: unable to resolve virtual method 10942: Lfx;.setMediaController (Landroid/media/session/MediaController;)V
10-13 06:20:26.336: D/dalvikvm(12346): VFY: replacing opcode 0x6e at 0x0002
10-13 06:20:26.376: D/dalvikvm(12346): GC_CONCURRENT freed 1084K, 9% free 12715K/13832K, paused 12ms+4ms, total 60ms
10-13 06:20:26.376: D/dalvikvm(12346): WAIT_FOR_CONCURRENT_GC blocked 22ms
10-13 06:20:26.376: D/dalvikvm(12346): WAIT_FOR_CONCURRENT_GC blocked 23ms
10-13 06:20:26.376: D/dalvikvm(12346): WAIT_FOR_CONCURRENT_GC blocked 23ms
10-13 06:20:26.376: E/dalvikvm(12346): Could not find class 'android.app.job.JobScheduler', referenced from method tze.g
10-13 06:20:26.376: W/dalvikvm(12346): VFY: unable to resolve check-cast 3303 (Landroid/app/job/JobScheduler;) in Ltze;
10-13 06:20:26.376: D/dalvikvm(12346): VFY: replacing opcode 0x1f at 0x000a
10-13 06:20:26.386: I/Icing(12346): Usage reports 0 indexed 0 rejected 0 imm upload false
10-13 06:20:26.386: W/GoogleSignatureVerifier(12332): Test-keys aren't accepted on this build.
10-13 06:20:26.396: I/Icing(12346): Usage reports 0 indexed 0 rejected 0 imm upload false
10-13 06:20:26.406: D/dalvikvm(13406): GC_FOR_ALLOC freed 206K, 9% free 11838K/12964K, paused 27ms, total 27ms
10-13 06:20:26.406: D/dalvikvm(13406): Trying to load lib /data/data/com.google.android.gms/app_dg_cache/D12564FA84855276CB7D261D56DA6950A06175F8/libdB29C7C3F2932.so 0x421e07c8
10-13 06:20:26.406: D/dalvikvm(13406): Added shared lib /data/data/com.google.android.gms/app_dg_cache/D12564FA84855276CB7D261D56DA6950A06175F8/libdB29C7C3F2932.so 0x421e07c8
10-13 06:20:26.406: D/dalvikvm(13406): No JNI_OnLoad found in /data/data/com.google.android.gms/app_dg_cache/D12564FA84855276CB7D261D56DA6950A06175F8/libdB29C7C3F2932.so 0x421e07c8, skipping init
10-13 06:20:26.437: I/Icing(12346): IndexChimeraService.getServiceInterface callingPackage=com.google.android.gms componentName=AppsCorpus serviceId=32
10-13 06:20:26.437: I/Icing(12346): IndexChimeraService.getServiceInterface callingPackage=com.google.android.gms componentName=AppsCorpus serviceId=36
10-13 06:20:26.437: W/GoogleSignatureVerifier(12332): Test-keys aren't accepted on this build.
10-13 06:20:26.447: I/Icing(12346): Usage reports 0 indexed 0 rejected 0 imm upload false
10-13 06:20:26.447: W/GoogleSignatureVerifier(12332): Test-keys aren't accepted on this build.
10-13 06:20:26.457: W/GoogleSignatureVerifier(12332): Test-keys aren't accepted on this build.
10-13 06:20:26.457: I/Icing(12346): Usage reports 0 indexed 0 rejected 0 imm upload false
10-13 06:20:26.467: W/GoogleSignatureVerifier(12332): Test-keys aren't accepted on this build.
10-13 06:20:26.467: W/GoogleSignatureVerifier(12332): Test-keys aren't accepted on this build.
10-13 06:20:26.477: W/GoogleSignatureVerifier(12332): Test-keys aren't accepted on this build.
10-13 06:20:26.487: I/Icing(12346): Indexing B6A8447A242B11DFEEC806B7B1168829E54575EA from com.google.android.googlequicksearchbox
10-13 06:20:26.497: D/dalvikvm(13406): GC_FOR_ALLOC freed 77K, 9% free 11839K/12964K, paused 22ms, total 22ms
10-13 06:20:26.527: D/dalvikvm(12332): GC_CONCURRENT freed 604K, 5% free 13132K/13772K, paused 4ms+6ms, total 41ms
10-13 06:20:26.587: D/dalvikvm(13406): GC_FOR_ALLOC freed 56K, 9% free 11840K/12964K, paused 22ms, total 22ms
10-13 06:20:26.617: D/dalvikvm(13406): DexOpt: --- BEGIN 'f.apk' (bootstrap=0) ---
10-13 06:20:26.657: D/dalvikvm(13474): DexOpt: load 3ms, verify+opt 5ms, 123436 bytes
10-13 06:20:26.667: D/dalvikvm(13406): DexOpt: --- END 'f.apk' (success) ---
10-13 06:20:26.667: D/dalvikvm(13406): DEX prep '/data/data/com.google.android.gms/app_fb/f.apk': unzip in 0ms, rewrite 57ms
10-13 06:20:26.677: I/Icing(12346): Indexing done B6A8447A242B11DFEEC806B7B1168829E54575EA
10-13 06:20:26.677: I/dalvikvm(12332): Jit: resizing JitTable from 4096 to 8192
10-13 06:20:26.677: I/Adreno-EGL(13406): <qeglDrvAPI_eglInitialize:320>: EGL 1.4 QUALCOMM build:  (CL3776187)
10-13 06:20:26.677: I/Adreno-EGL(13406): OpenGL ES Shader Compiler Version: 
10-13 06:20:26.677: I/Adreno-EGL(13406): Build Date: 10/15/13 Tue
10-13 06:20:26.677: I/Adreno-EGL(13406): Local Branch: 
10-13 06:20:26.677: I/Adreno-EGL(13406): Remote Branch: partner/upstream
10-13 06:20:26.677: I/Adreno-EGL(13406): Local Patches: 
10-13 06:20:26.677: I/Adreno-EGL(13406): Reconstruct Branch: 
10-13 06:20:26.747: I/Adreno-EGL(13406): <qeglDrvAPI_eglInitialize:320>: EGL 1.4 QUALCOMM build:  (CL3776187)
10-13 06:20:26.747: I/Adreno-EGL(13406): OpenGL ES Shader Compiler Version: 
10-13 06:20:26.747: I/Adreno-EGL(13406): Build Date: 10/15/13 Tue
10-13 06:20:26.747: I/Adreno-EGL(13406): Local Branch: 
10-13 06:20:26.747: I/Adreno-EGL(13406): Remote Branch: partner/upstream
10-13 06:20:26.747: I/Adreno-EGL(13406): Local Patches: 
10-13 06:20:26.747: I/Adreno-EGL(13406): Reconstruct Branch: 
10-13 06:20:26.817: W/Auth(12307): [GetToken] GetToken failed with status code: INVALID_SCOPE
10-13 06:20:26.817: E/HeterodyneSyncer(12332): Failed to get auth token: INVALID_SCOPE
10-13 06:20:26.817: E/HeterodyneSyncer(12332): dyj: INVALID_SCOPE
10-13 06:20:26.817: E/HeterodyneSyncer(12332): 	at dyn.a(:com.google.android.gms@11509030:16)
10-13 06:20:26.817: E/HeterodyneSyncer(12332): 	at dym.a(:com.google.android.gms@11509030:2)
10-13 06:20:26.817: E/HeterodyneSyncer(12332): 	at dym.e(:com.google.android.gms@11509030:6)
10-13 06:20:26.817: E/HeterodyneSyncer(12332): 	at dyk.f(:com.google.android.gms@11509030:3)
10-13 06:20:26.817: E/HeterodyneSyncer(12332): 	at dyk.a(:com.google.android.gms@11509030:4)
10-13 06:20:26.817: E/HeterodyneSyncer(12332): 	at dyk.a(:com.google.android.gms@11509030:7)
10-13 06:20:26.817: E/HeterodyneSyncer(12332): 	at xxp.a(:com.google.android.gms@11509030:30)
10-13 06:20:26.817: E/HeterodyneSyncer(12332): 	at xxr.a(:com.google.android.gms@11509030:26)
10-13 06:20:26.817: E/HeterodyneSyncer(12332): 	at xxr.a(:com.google.android.gms@11509030:158)
10-13 06:20:26.817: E/HeterodyneSyncer(12332): 	at xxr.a(:com.google.android.gms@11509030:282)
10-13 06:20:26.817: E/HeterodyneSyncer(12332): 	at com.google.android.gms.phenotype.sync.HeterodyneSyncTaskChimeraService.a(:com.google.android.gms@11509030:40)
10-13 06:20:26.817: E/HeterodyneSyncer(12332): 	at com.google.android.gms.phenotype.sync.HeterodyneSyncTaskChimeraService.a(:com.google.android.gms@11509030:19)
10-13 06:20:26.817: E/HeterodyneSyncer(12332): 	at pwx.run(:com.google.android.gms@11509030:1)
10-13 06:20:26.817: E/HeterodyneSyncer(12332): 	at java.util.concurrent.ThreadPoolExecutor.runWorker(ThreadPoolExecutor.java:1112)
10-13 06:20:26.817: E/HeterodyneSyncer(12332): 	at java.util.concurrent.ThreadPoolExecutor$Worker.run(ThreadPoolExecutor.java:587)
10-13 06:20:26.817: E/HeterodyneSyncer(12332): 	at java.lang.Thread.run(Thread.java:841)
10-13 06:20:26.887: D/dalvikvm(12332): GC_CONCURRENT freed 1810K, 13% free 12690K/14540K, paused 3ms+5ms, total 44ms
10-13 06:20:26.887: D/dalvikvm(12332): WAIT_FOR_CONCURRENT_GC blocked 37ms
10-13 06:20:26.907: I/Icing(12346): Indexing B6A8447A242B11DFEEC806B7B1168829E54575EA from com.google.android.googlequicksearchbox
10-13 06:20:26.907: W/Auth(12307): [GetToken] GetToken failed with status code: INVALID_SCOPE
10-13 06:20:26.917: I/Icing(12346): Indexing done B6A8447A242B11DFEEC806B7B1168829E54575EA
10-13 06:20:27.017: D/dalvikvm(13406): GC_FOR_ALLOC freed 406K, 6% free 12219K/12964K, paused 27ms, total 27ms
10-13 06:20:27.067: D/dalvikvm(12332): GC_CONCURRENT freed 1243K, 13% free 12687K/14540K, paused 3ms+6ms, total 44ms
10-13 06:20:27.067: D/dalvikvm(12332): WAIT_FOR_CONCURRENT_GC blocked 27ms
10-13 06:20:27.117: W/Settings(13406): Setting install_non_market_apps has moved from android.provider.Settings.Secure to android.provider.Settings.Global.
10-13 06:20:27.137: I/Adreno-EGL(13406): <qeglDrvAPI_eglInitialize:320>: EGL 1.4 QUALCOMM build:  (CL3776187)
10-13 06:20:27.137: I/Adreno-EGL(13406): OpenGL ES Shader Compiler Version: 
10-13 06:20:27.137: I/Adreno-EGL(13406): Build Date: 10/15/13 Tue
10-13 06:20:27.137: I/Adreno-EGL(13406): Local Branch: 
10-13 06:20:27.137: I/Adreno-EGL(13406): Remote Branch: partner/upstream
10-13 06:20:27.137: I/Adreno-EGL(13406): Local Patches: 
10-13 06:20:27.137: I/Adreno-EGL(13406): Reconstruct Branch: 
10-13 06:20:27.177: I/WVCdm(181): CdmEngine::OpenSession
10-13 06:20:27.177: D/DrmWidevineDash(181): calling OEMCrypto_OpenSession...
10-13 06:20:27.187: D/DrmWidevineDash(181): OEMCrypto_OpenSession SID = 1
10-13 06:20:27.187: D/DrmWidevineDash(181): OEMCrypto_OpenSession returns 0
10-13 06:20:27.187: I/WVCdm(181): CdmEngine::QueryKeyControlInfo
10-13 06:20:27.187: I/WVCdm(181): CdmEngine::GenerateKeyRequest
10-13 06:20:27.187: D/DrmWidevineDash(181): calling OEMCrypto_LoadDeviceRSAKey. SID = 1
10-13 06:20:27.197: W/Auth(12307): [GetToken] GetToken failed with status code: INVALID_SCOPE
10-13 06:20:27.207: E/HeterodyneSyncer(12332): Failed to get auth token: INVALID_SCOPE
10-13 06:20:27.207: E/HeterodyneSyncer(12332): dyj: INVALID_SCOPE
10-13 06:20:27.207: E/HeterodyneSyncer(12332): 	at dyn.a(:com.google.android.gms@11509030:16)
10-13 06:20:27.207: E/HeterodyneSyncer(12332): 	at dym.a(:com.google.android.gms@11509030:2)
10-13 06:20:27.207: E/HeterodyneSyncer(12332): 	at dym.e(:com.google.android.gms@11509030:6)
10-13 06:20:27.207: E/HeterodyneSyncer(12332): 	at dyk.f(:com.google.android.gms@11509030:3)
10-13 06:20:27.207: E/HeterodyneSyncer(12332): 	at dyk.a(:com.google.android.gms@11509030:4)
10-13 06:20:27.207: E/HeterodyneSyncer(12332): 	at dyk.a(:com.google.android.gms@11509030:7)
10-13 06:20:27.207: E/HeterodyneSyncer(12332): 	at xxp.a(:com.google.android.gms@11509030:30)
10-13 06:20:27.207: E/HeterodyneSyncer(12332): 	at xxr.a(:com.google.android.gms@11509030:27)
10-13 06:20:27.207: E/HeterodyneSyncer(12332): 	at xxr.a(:com.google.android.gms@11509030:158)
10-13 06:20:27.207: E/HeterodyneSyncer(12332): 	at xxr.a(:com.google.android.gms@11509030:284)
10-13 06:20:27.207: E/HeterodyneSyncer(12332): 	at com.google.android.gms.phenotype.sync.HeterodyneSyncTaskChimeraService.a(:com.google.android.gms@11509030:40)
10-13 06:20:27.207: E/HeterodyneSyncer(12332): 	at com.google.android.gms.phenotype.sync.HeterodyneSyncTaskChimeraService.a(:com.google.android.gms@11509030:19)
10-13 06:20:27.207: E/HeterodyneSyncer(12332): 	at pwx.run(:com.google.android.gms@11509030:1)
10-13 06:20:27.207: E/HeterodyneSyncer(12332): 	at java.util.concurrent.ThreadPoolExecutor.runWorker(ThreadPoolExecutor.java:1112)
10-13 06:20:27.207: E/HeterodyneSyncer(12332): 	at java.util.concurrent.ThreadPoolExecutor$Worker.run(ThreadPoolExecutor.java:587)
10-13 06:20:27.207: E/HeterodyneSyncer(12332): 	at java.lang.Thread.run(Thread.java:841)
10-13 06:20:27.207: D/DrmWidevineDash(181): OEMCrypto_LoadDeviceRSAKey returns 0
10-13 06:20:27.207: D/DrmWidevineDash(181): calling OEMCrypto_GetDeviceID...
10-13 06:20:27.237: D/DrmWidevineDash(181): OEMCrypto_GetDeviceID returns 0
10-13 06:20:27.237: D/DrmWidevineDash(181): calling OEMCrypto_GenerateNonce. SID = 1
10-13 06:20:27.247: W/HeterodyneSyncer(12332): Server returned 401... invalidating auth token
10-13 06:20:27.247: D/DrmWidevineDash(181): OEMCrypto_GenerateNonce returns 0
10-13 06:20:27.247: D/WVCdm(181): PrepareKeyRequest: nonce=2220708970
10-13 06:20:27.247: D/DrmWidevineDash(181): calling OEMCrypto_GenerateRSASignature. SID = 1
10-13 06:20:27.257: I/Icing(12346): Indexing 692144415BC389EB5FFBC561480665F3BA90251C from com.google.android.gms
10-13 06:20:27.267: D/DrmWidevineDash(181): OEMCrypto_GenerateRSASignature needs buffer size = 256
10-13 06:20:27.267: D/DrmWidevineDash(181): OEMCrypto_GenerateRSASignature returns 7
10-13 06:20:27.267: D/DrmWidevineDash(181): calling OEMCrypto_GenerateRSASignature. SID = 1
10-13 06:20:27.387: D/DrmWidevineDash(181): OEMCrypto_GenerateRSASignature returns 0
10-13 06:20:27.387: D/dalvikvm(12346): GC_CONCURRENT freed 1006K, 8% free 12958K/13996K, paused 3ms+6ms, total 43ms
10-13 06:20:27.387: D/dalvikvm(12346): WAIT_FOR_CONCURRENT_GC blocked 11ms
10-13 06:20:27.387: I/WVCdm(181): CdmEngine::CloseSession
10-13 06:20:27.387: D/DrmWidevineDash(181): calling OEMCrypto_CloseSession. SID = 1
10-13 06:20:27.397: D/DrmWidevineDash(181): OEMCrypto_CloseSession returns 0
10-13 06:20:27.397: I/dalvikvm(12346): Jit: resizing JitTable from 4096 to 8192
10-13 06:20:27.427: I/HeterodyneSyncScheduler(12332): Scheduling adaptive one off task with window [14400, 604800] in seconds
10-13 06:20:27.447: D/AndroidRuntime(13486): >>>>>> AndroidRuntime START com.android.internal.os.RuntimeInit <<<<<<
10-13 06:20:27.447: D/AndroidRuntime(13486): CheckJNI is OFF
10-13 06:20:27.458: D/dalvikvm(13486): Trying to load lib libjavacore.so 0x0
10-13 06:20:27.468: D/dalvikvm(13486): Added shared lib libjavacore.so 0x0
10-13 06:20:27.468: D/dalvikvm(13486): Trying to load lib libnativehelper.so 0x0
10-13 06:20:27.468: D/dalvikvm(13486): Added shared lib libnativehelper.so 0x0
10-13 06:20:27.468: D/dalvikvm(13486): No JNI_OnLoad found in libnativehelper.so 0x0, skipping init
10-13 06:20:27.488: I/CheckinUtil(12346): Classify the device as Tablet.
10-13 06:20:27.498: D/dalvikvm(13486): Note: class Landroid/app/ActivityManagerNative; has 179 unimplemented (abstract) methods
10-13 06:20:27.528: D/dalvikvm(12307): GC_CONCURRENT freed 961K, 9% free 11488K/12552K, paused 2ms+3ms, total 33ms
10-13 06:20:27.588: W/System(12346): Ignoring header Cookie because its value was null.
10-13 06:20:27.588: I/ProcessCheckinRequest(12346): set cookie as: null
10-13 06:20:27.628: D/dalvikvm(12346): GC_CONCURRENT freed 1334K, 10% free 12934K/14320K, paused 3ms+6ms, total 51ms
10-13 06:20:27.628: D/dalvikvm(12346): WAIT_FOR_CONCURRENT_GC blocked 34ms
10-13 06:20:27.628: D/dalvikvm(12346): WAIT_FOR_CONCURRENT_GC blocked 27ms
10-13 06:20:27.638: W/Conscrypt(12346): Could not set socket write timeout:
10-13 06:20:27.638: W/Conscrypt(12346):    java.lang.reflect.Method.invokeNative(Native Method)
10-13 06:20:27.638: W/Conscrypt(12346):    java.lang.reflect.Method.invoke(Method.java:515)
10-13 06:20:27.688: D/AndroidRuntime(13486): Calling main entry com.android.commands.pm.Pm
10-13 06:20:27.698: D/AndroidRuntime(13486): Shutting down VM
10-13 06:20:27.698: D/dalvikvm(13486): GC_CONCURRENT freed 95K, 16% free 557K/656K, paused 1ms+0ms, total 3ms
10-13 06:20:27.708: W/Conscrypt(12346): Could not set socket write timeout:
10-13 06:20:27.708: W/Conscrypt(12346):    java.lang.reflect.Method.invokeNative(Native Method)
10-13 06:20:27.708: W/Conscrypt(12346):    java.lang.reflect.Method.invoke(Method.java:515)
10-13 06:20:27.768: D/dalvikvm(12346): GC_CONCURRENT freed 1510K, 11% free 12745K/14320K, paused 3ms+4ms, total 47ms
10-13 06:20:27.768: D/dalvikvm(12346): WAIT_FOR_CONCURRENT_GC blocked 36ms
10-13 06:20:27.768: D/dalvikvm(12346): WAIT_FOR_CONCURRENT_GC blocked 36ms
10-13 06:20:27.868: D/dalvikvm(12346): GC_CONCURRENT freed 1128K, 11% free 12875K/14320K, paused 3ms+6ms, total 50ms
10-13 06:20:27.868: D/dalvikvm(12346): WAIT_FOR_CONCURRENT_GC blocked 41ms
10-13 06:20:27.878: D/dalvikvm(12346): WAIT_FOR_CONCURRENT_GC blocked 43ms
10-13 06:20:27.948: I/ProcessCheckinRequest(12346): REQUEST: c: "ac220b9fab36"
10-13 06:20:27.948: I/ProcessCheckinRequest(12346): d: "wifi"
10-13 06:20:27.948: I/ProcessCheckinRequest(12346): e: "07b73212"
10-13 06:20:27.948: I/ProcessCheckinRequest(12346): g: 4090871800267043026
10-13 06:20:27.948: I/ProcessCheckinRequest(12346): h: 2071134980272955596
10-13 06:20:27.948: I/ProcessCheckinRequest(12346): i: "1-6190c44ea1bbbf001528928fe81ed4c7a79e635e"
10-13 06:20:27.948: I/ProcessCheckinRequest(12346): j: "es"
10-13 06:20:27.948: I/ProcessCheckinRequest(12346): k <
10-13 06:20:27.948: I/ProcessCheckinRequest(12346):   a <
10-13 06:20:27.948: I/ProcessCheckinRequest(12346):     a: "google/razor/flo:4.4/KRT16S/920375:user/release-keys"
10-13 06:20:27.948: I/ProcessCheckinRequest(12346):     c: "FLO-03.05"
10-13 06:20:27.948: I/ProcessCheckinRequest(12346):     d: "flo"
10-13 06:20:27.948: I/ProcessCheckinRequest(12346):     e: "google"
10-13 06:20:27.948: I/ProcessCheckinRequest(12346):     f: "android-google"
10-13 06:20:27.948: I/ProcessCheckinRequest(12346):     g: 1384567696
10-13 06:20:27.948: I/ProcessCheckinRequest(12346):     h: 11509030
10-13 06:20:27.948: I/ProcessCheckinRequest(12346):     i: 19
10-13 06:20:27.948: I/ProcessCheckinRequest(12346):     j: "flo"
10-13 06:20:27.948: I/ProcessCheckinRequest(12346):     k: "Nexus 7"
10-13 06:20:27.948: I/ProcessCheckinRequest(12346):     l: "asus"
10-13 06:20:27.948: I/ProcessCheckinRequest(12346):     m: "razor"
10-13 06:20:27.948: I/ProcessCheckinRequest(12346):     n: false
10-13 06:20:27.948: I/ProcessCheckinRequest(12346):     o <
10-13 06:20:27.948: I/ProcessCheckinRequest(12346):       a: 2
10-13 06:20:27.948: I/ProcessCheckinRequest(12346):       b: "tablet-android-google"
10-13 06:20:27.948: I/ProcessCheckinRequest(12346):     >
10-13 06:20:27.948: I/ProcessCheckinRequest(12346):     o <
10-13 06:20:27.948: I/ProcessCheckinRequest(12346):       a: 4
10-13 06:20:27.948: I/ProcessCheckinRequest(12346):       b: "gmm-android-google"
10-13 06:20:27.948: I/ProcessCheckinRequest(12346):     >
10-13 06:20:27.948: I/ProcessCheckinRequest(12346):     o <
10-13 06:20:27.948: I/ProcessCheckinRequest(12346):       a: 6
10-13 06:20:27.948: I/ProcessCheckinRequest(12346):       b: "am-android-google"
10-13 06:20:27.948: I/ProcessCheckinRequest(12346):     >
10-13 06:20:27.948: I/ProcessCheckinRequest(12346):     o <
10-13 06:20:27.948: I/ProcessCheckinRequest(12346):       a: 1
10-13 06:20:27.948: I/ProcessCheckinRequest(12346):       b: "android-google"
10-13 06:20:27.948: I/ProcessCheckinRequest(12346):     >
10-13 06:20:27.948: I/ProcessCheckinRequest(12346):     o <
10-13 06:20:27.948: I/ProcessCheckinRequest(12346):       a: 9
10-13 06:20:27.948: I/ProcessCheckinRequest(12346):       b: "tablet-android-google"
10-13 06:20:27.948: I/ProcessCheckinRequest(12346):     >
10-13 06:20:27.948: I/ProcessCheckinRequest(12346):     o <
10-13 06:20:27.948: I/ProcessCheckinRequest(12346):       a: 5
10-13 06:20:27.948: I/ProcessCheckinRequest(12346):       b: "mvapp-android-google"
10-13 06:20:27.948: I/ProcessCheckinRequest(12346):     >
10-13 06:20:27.948: I/ProcessCheckinRequest(12346):   >
10-13 06:20:27.948: I/ProcessCheckinRequest(12346):   b: 1507784046716
10-13 06:20:27.948: I/ProcessCheckinRequest(12346):   g: "WIFI::"
10-13 06:20:27.948: I/ProcessCheckinRequest(12346):   i: 0
10-13 06:20:27.948: I/ProcessCheckinRequest(12346):   j: 3
10-13 06:20:27.948: I/ProcessCheckinRequest(12346):   k <
10-13 06:20:27.948: I/ProcessCheckinRequest(12346):     a: 4
10-13 06:20:27.948: I/ProcessCheckinRequest(12346):     b: 1
10-13 06:20:27.948: I/ProcessCheckinRequest(12346):     c: "unspecified"
10-13 06:20:27.948: I/ProcessCheckinRequest(12346):     d: ""
10-13 06:20:27.948: I/ProcessCheckinRequest(12346):     e: false
10-13 06:20:27.948: I/ProcessCheckinRequest(12346):   >
10-13 06:20:27.948: I/ProcessCheckinRequest(12346): >
10-13 06:20:27.948: I/ProcessCheckinRequest(12346): l: "[4A2NI7OQOTX46RNLLDCZ5QQEKA-00@cloudtestlabaccounts.com]"
10-13 06:20:27.948: I/ProcessCheckinRequest(12346): m: "America/Los_Angeles"
10-13 06:20:27.948: I/ProcessCheckinRequest(12346): n: 5477478549688874848
10-13 06:20:27.948: I/ProcessCheckinRequest(12346): o: 3
10-13 06:20:27.948: I/ProcessCheckinRequest(12346): p: "dKXTm1QH9QShGQwBM/4rg6/lCNQ="
10-13 06:20:27.948: I/ProcessCheckinRequest(12346): q <
10-13 06:20:27.948: I/ProcessCheckinRequest(12346):   a: 3
10-13 06:20:27.948: I/ProcessCheckinRequest(12346):   b: 1
10-13 06:20:27.948: I/ProcessCheckinRequest(12346):   c: 1
10-13 06:20:27.948: I/ProcessCheckinRequest(12346):   d: 3
10-13 06:20:27.948: I/ProcessCheckinRequest(12346):   e: false
10-13 06:20:27.948: I/ProcessCheckinRequest(12346):   f: false
10-13 06:20:27.948: I/ProcessCheckinRequest(12346):   g: 320
10-13 06:20:27.948: I/ProcessCheckinRequest(12346):   h: 1200
10-13 06:20:27.948: I/ProcessCheckinRequest(12346):   i: 1824
10-13 06:20:27.948: I/ProcessCheckinRequest(12346):   j: 196608
10-13 06:20:27.948: I/ProcessCheckinRequest(12346):   k: "android.test.runner"
10-13 06:20:27.948: I/ProcessCheckinRequest(12346):   k: "com.android.future.usb.accessory"
10-13 06:20:27.948: I/ProcessCheckinRequest(12346):   k: "com.android.location.provider"
10-13 06:20:27.948: I/ProcessCheckinRequest(12346):   k: "com.google.android.gms"
10-13 06:20:27.948: I/ProcessCheckinRequest(12346):   k: "com.google.android.maps"
10-13 06:20:27.948: I/ProcessCheckinRequest(12346):   k: "com.google.android.media.effects"
10-13 06:20:27.948: I/ProcessCheckinRequest(12346):   k: "com.google.widevine.software.drm"
10-13 06:20:27.948: I/ProcessCheckinRequest(12346):   k: "javax.obex"
10-13 06:20:27.948: I/ProcessCheckinRequest(12346):   l: "android.hardware.audio.low_latency"
10-13 06:20:27.948: I/ProcessCheckinRequest(12346):   l: "android.hardware.bluetooth"
10-13 06:20:27.948: I/ProcessCheckinRequest(12346):   l: "android.hardware.bluetooth_le"
10-13 06:20:27.948: I/ProcessCheckinRequest(12346):   l: "android.hardware.camera"
10-13 06:20:27.948: I/ProcessCheckinRequest(12346):   l: "android.hardware.camera.any"
10-13 06:20:27.948: I/ProcessCheckinRequest(12346):   l: "android.hardware.camera.autofocus"
10-13 06:20:27.948: I/ProcessCheckinRequest(12346):   l: "android.hardware.camera.flash"
10-13 06:20:27.948: I/ProcessCheckinRequest(12346):   l: "android.hardware.camera.front"
10-13 06:20:27.948: I/ProcessCheckinRequest(12346):   l: "android.hardware.faketouch"
10-13 06:20:27.948: I/ProcessCheckinRequest(12346):   l: "android.hardware.location"
10-13 06:20:27.948: I/ProcessCheckinRequest(12346):   l: "android.hardware.location.gps"
10-13 06:20:27.948: I/ProcessCheckinRequest(12346):   l: "android.hardware.location.network"
10-13 06:20:27.948: I/ProcessCheckinRequest(12346):   l: "android.hardware.microphone"
10-13 06:20:27.948: I/ProcessCheckinRequest(12346):   l: "android.hardware.nfc"
10-13 06:20:27.948: I/ProcessCheckinRequest(12346):   l: "android.hardware.nfc.hce"
10-13 06:20:27.948: I/ProcessCheckinRequest(12346):   l: "android.hardware.screen.landscape"
10-13 06:20:27.948: I/ProcessCheckinRequest(12346):   l: "android.hardware.screen.portrait"
10-13 06:20:27.948: I/ProcessCheckinRequest(12346):   l: "android.hardware.sensor.accelerometer"
10-13 06:20:27.948: I/ProcessCheckinRequest(12346):   l: "android.hardware.sensor.compass"
10-13 06:20:27.948: I/ProcessCheckinRequest(12346):   l: "android.hardware.sensor.gyroscope"
10-13 06:20:27.948: I/ProcessCheckinRequest(12346):   l: "android.hardware.sensor.light"
10-13 06:20:27.948: I/ProcessCheckinRequest(12346):   l: "android.hardware.touchscreen"
10-13 06:20:27.948: I/ProcessCheckinRequest(12346):   l: "android.hardware.touchscreen.multitouch"
10-13 06:20:27.948: I/ProcessCheckinRequest(12346):   l: "android.hardware.touchscreen.multitouch.distinct"
10-13 06:20:27.948: I/ProcessCheckinRequest(12346):   l: "android.hardware.touchscreen.multitouch.jazzhand"
10-13 06:20:27.948: I/ProcessCheckinRequest(12346):   l: "android.hardware.usb.accessory"
10-13 06:20:27.948: I/ProcessCheckinRequest(12346):   l: "android.hardware.usb.host"
10-13 06:20:27.948: I/ProcessCheckinRequest(12346):   l: "android.hardware.wifi"
10-13 06:20:27.948: I/ProcessCheckinRequest(12346):   l: "android.hardware.wifi.direct"
10-13 06:20:27.948: I/ProcessCheckinRequest(12346):   l: "android.software.app_widgets"
10-13 06:20:27.948: I/ProcessCheckinRequest(12346):   l: "android.software.device_admin"
10-13 06:20:27.948: I/ProcessCheckinRequest(12346):   l: "android.software.home_screen"
10-13 06:20:27.948: I/ProcessCheckinRequest(12346):   l: "android.software.input_methods"
10-13 06:20:27.948: I/ProcessCheckinRequest(12346):   l: "android.software.live_wallpaper"
10-13 06:20:27.948: I/ProcessCheckinRequest(12346):   l: "android.software.sip"
10-13 06:20:27.948: I/ProcessCheckinRequest(12346):   l: "android.software.sip.voip"
10-13 06:20:27.948: I/ProcessCheckinRequest(12346):   l: "com.google.android.feature.GOOGLE_BUILD"
10-13 06:20:27.948: I/ProcessCheckinRequest(12346):   l: "com.google.android.feature.GOOGLE_EXPERIENCE"
10-13 06:20:27.948: I/ProcessCheckinRequest(12346):   m <
10-13 06:20:27.948: I/ProcessCheckinRequest(12346):     a: "android.hardware.audio.low_latency"
10-13 06:20:27.948: I/ProcessCheckinRequest(12346):     b: 0
10-13 06:20:27.948: I/ProcessCheckinRequest(12346):   >
10-13 06:20:27.948: I/ProcessCheckinRequest(12346):   m <
10-13 06:20:27.948: I/ProcessCheckinRequest(12346):     a: "android.hardware.bluetooth"
10-13 06:20:27.948: I/ProcessCheckinRequest(12346):     b: 0
10-13 06:20:27.948: I/ProcessCheckinRequest(12346):   >
10-13 06:20:27.948: I/ProcessCheckinRequest(12346):   m <
10-13 06:20:27.948: I/ProcessCheckinRequest(12346):     a: "android.hardware.bluetooth_le"
10-13 06:20:27.948: I/ProcessCheckinRequest(12346):     b: 0
10-13 06:20:27.948: I/ProcessCheckinRequest(12346):   >
10-13 06:20:27.948: I/ProcessCheckinRequest(12346):   m <
10-13 06:20:27.948: I/ProcessCheckinRequest(12346):     a: "android.hardware.camera"
10-13 06:20:27.948: I/ProcessCheckinRequest(12346):     b: 0
10-13 06:20:27.948: I/ProcessCheckinRequest(12346):   >
10-13 06:20:27.948: I/ProcessCheckinRequest(12346):   m <
10-13 06:20:27.948: I/ProcessCheckinRequest(12346):     a: "android.hardware.camera.any"
10-13 06:20:27.948: I/ProcessCheckinRequest(12346):     b: 0
10-13 06:20:27.948: I/ProcessCheckinRequest(12346):   >
10-13 06:20:27.948: I/ProcessCheckinRequest(12346):   m <
10-13 06:20:27.948: I/ProcessCheckinRequest(12346):     a: "android.hardware.camera.autofocus"
10-13 06:20:27.948: I/ProcessCheckinRequest(12346):     b: 0
10-13 06:20:27.948: I/ProcessCheckinRequest(12346):   >
10-13 06:20:27.948: I/ProcessCheckinRequest(12346):   m <
10-13 06:20:27.948: I/ProcessCheckinRequest(12346):     a: "android.hardware.camera.flash"
10-13 06:20:27.948: I/ProcessCheckinRequest(12346):     b: 0
10-13 06:20:27.948: I/ProcessCheckinRequest(12346):   >
10-13 06:20:27.948: I/ProcessCheckinRequest(12346):   m <
10-13 06:20:27.948: I/ProcessCheckinRequest(12346):     a: "android.hardware.camera.front"
10-13 06:20:27.948: I/ProcessCheckinRequest(12346):     b: 0
10-13 06:20:27.948: I/ProcessCheckinRequest(12346):   >
10-13 06:20:27.948: I/ProcessCheckinRequest(12346):   m <
10-13 06:20:27.948: I/ProcessCheckinRequest(12346):     a: "android.hardware.faketouch"
10-13 06:20:27.948: I/ProcessCheckinRequest(12346):     b: 0
10-13 06:20:27.948: I/ProcessCheckinRequest(12346):   >
10-13 06:20:27.948: I/ProcessCheckinRequest(12346):   m <
10-13 06:20:27.948: I/ProcessCheckinRequest(12346):     a: "android.hardware.location"
10-13 06:20:27.948: I/ProcessCheckinRequest(12346):     b: 0
10-13 06:20:27.948: I/ProcessCheckinRequest(12346):   >
10-13 06:20:27.948: I/ProcessCheckinRequest(12346):   m <
10-13 06:20:27.948: I/ProcessCheckinRequest(12346):     a: "android.hardware.location.gps"
10-13 06:20:27.948: I/ProcessCheckinRequest(12346):     b: 0
10-13 06:20:27.948: I/ProcessCheckinRequest(12346):   >
10-13 06:20:27.948: I/ProcessCheckinRequest(12346):   m <
10-13 06:20:27.948: I/ProcessCheckinRequest(12346):     a: "android.hardware.location.network"
10-13 06:20:27.948: I/ProcessCheckinRequest(12346):     b: 0
10-13 06:20:27.948: I/ProcessCheckinRequest(12346):   >
10-13 06:20:27.948: I/ProcessCheckinRequest(12346):   m <
10-13 06:20:27.948: I/ProcessCheckinRequest(12346):     a: "android.hardware.microphone"
10-13 06:20:27.948: I/ProcessCheckinRequest(12346):     b: 0
10-13 06:20:27.948: I/ProcessCheckinRequest(12346):   >
10-13 06:20:27.948: I/ProcessCheckinRequest(12346):   m <
10-13 06:20:27.948: I/ProcessCheckinRequest(12346):     a: "android.hardware.nfc"
10-13 06:20:27.948: I/ProcessCheckinRequest(12346):     b: 0
10-13 06:20:27.948: I/ProcessCheckinRequest(12346):   >
10-13 06:20:27.948: I/ProcessCheckinRequest(12346):   m <
10-13 06:20:27.948: I/ProcessCheckinRequest(12346):     a: "android.hardware.nfc.hce"
10-13 06:20:27.948: I/ProcessCheckinRequest(12346):     b: 0
10-13 06:20:27.948: I/ProcessCheckinRequest(12346):   >
10-13 06:20:27.948: I/ProcessCheckinRequest(12346):   m <
10-13 06:20:27.948: I/ProcessCheckinRequest(12346):     a: "android.hardware.screen.landscape"
10-13 06:20:27.948: I/ProcessCheckinRequest(12346):     b: 0
10-13 06:20:27.948: I/ProcessCheckinRequest(12346):   >
10-13 06:20:27.948: I/ProcessCheckinRequest(12346):   m <
10-13 06:20:27.948: I/ProcessCheckinRequest(12346):     a: "android.hardware.screen.portrait"
10-13 06:20:27.948: I/ProcessCheckinRequest(12346):     b: 0
10-13 06:20:27.948: I/ProcessCheckinRequest(12346):   >
10-13 06:20:27.948: I/ProcessCheckinRequest(12346):   m <
10-13 06:20:27.948: I/ProcessCheckinRequest(12346):     a: "android.hardware.sensor.accelerometer"
10-13 06:20:27.948: I/ProcessCheckinRequest(12346):     b: 0
10-13 06:20:27.948: I/ProcessCheckinRequest(12346):   >
10-13 06:20:27.948: I/ProcessCheckinRequest(12346):   m <
10-13 06:20:27.948: I/ProcessCheckinRequest(12346):     a: "android.hardware.sensor.compass"
10-13 06:20:27.948: I/ProcessCheckinRequest(12346):     b: 0
10-13 06:20:27.948: I/ProcessCheckinRequest(12346):   >
10-13 06:20:27.948: I/ProcessCheckinRequest(12346):   m <
10-13 06:20:27.948: I/ProcessCheckinRequest(12346):     a: "android.hardware.sensor.gyroscope"
10-13 06:20:27.948: I/ProcessCheckinRequest(12346):     b: 0
10-13 06:20:27.948: I/ProcessCheckinRequest(12346):   >
10-13 06:20:27.948: I/ProcessCheckinRequest(12346):   m <
10-13 06:20:27.948: I/ProcessCheckinRequest(12346):     a: "android.hardware.sensor.light"
10-13 06:20:27.948: I/ProcessCheckinRequest(12346):     b: 0
10-13 06:20:27.948: I/ProcessCheckinRequest(12346):   >
10-13 06:20:27.948: I/ProcessCheckinRequest(12346):   
10-13 06:20:28.008: D/dalvikvm(12346): GC_CONCURRENT freed 1195K, 10% free 12981K/14320K, paused 4ms+5ms, total 48ms
10-13 06:20:28.008: D/dalvikvm(12346): WAIT_FOR_CONCURRENT_GC blocked 31ms
10-13 06:20:28.118: I/CheckinResponseProcess(12346): From server: 1 gservices updates and 1 deletes
10-13 06:20:28.158: I/GlobalDismissManager(12127): no sender configured
10-13 06:20:28.158: D/AlertService(12127): Beginning updateAlertNotification
10-13 06:20:28.178: D/AlertService(12127): No fired or scheduled alerts
10-13 06:20:28.228: D/AndroidRuntime(13508): >>>>>> AndroidRuntime START com.android.internal.os.RuntimeInit <<<<<<
10-13 06:20:28.228: D/AndroidRuntime(13508): CheckJNI is OFF
10-13 06:20:28.238: D/dalvikvm(13508): Trying to load lib libjavacore.so 0x0
10-13 06:20:28.248: D/dalvikvm(13508): Added shared lib libjavacore.so 0x0
10-13 06:20:28.248: D/AlertService(12127): Scheduling next alarm with AlarmScheduler. sEventReminderReceived: null
