10-13 06:20:17.688: E/Babel(12857): 	at com.google.android.apps.babel.realtimechat.RealTimeChatService.r(SourceFile:2595)
10-13 06:20:17.688: E/Babel(12857): 	at com.google.android.apps.babel.realtimechat.RealTimeChatService.onHandleIntent(SourceFile:581)
10-13 06:20:17.688: E/Babel(12857): 	at android.app.IntentService$ServiceHandler.handleMessage(IntentService.java:65)
10-13 06:20:17.688: E/Babel(12857): 	at android.os.Handler.dispatchMessage(Handler.java:102)
10-13 06:20:17.688: E/Babel(12857): 	at android.os.Looper.loop(Looper.java:137)
10-13 06:20:17.688: E/Babel(12857): 	at android.os.HandlerThread.run(HandlerThread.java:61)
10-13 06:20:17.688: E/Babel(12857): invalidateAuthTokenForAccountSetup
10-13 06:20:17.688: E/Babel(12857): com.google.android.apps.babel.util.AccountsUtil$BabelAuthException
10-13 06:20:17.688: E/Babel(12857): 	at com.google.android.apps.babel.util.AccountsUtil.a(SourceFile:204)
10-13 06:20:17.688: E/Babel(12857): 	at com.google.android.apps.babel.network.d.G(SourceFile:70)
10-13 06:20:17.688: E/Babel(12857): 	at com.google.android.apps.babel.realtimechat.RealTimeChatService.i(SourceFile:2468)
10-13 06:20:17.688: E/Babel(12857): 	at com.google.android.apps.babel.realtimechat.RealTimeChatService.r(SourceFile:2595)
10-13 06:20:17.688: E/Babel(12857): 	at com.google.android.apps.babel.realtimechat.RealTimeChatService.onHandleIntent(SourceFile:581)
10-13 06:20:17.688: E/Babel(12857): 	at android.app.IntentService$ServiceHandler.handleMessage(IntentService.java:65)
10-13 06:20:17.688: E/Babel(12857): 	at android.os.Handler.dispatchMessage(Handler.java:102)
10-13 06:20:17.688: E/Babel(12857): 	at android.os.Looper.loop(Looper.java:137)
10-13 06:20:17.688: E/Babel(12857): 	at android.os.HandlerThread.run(HandlerThread.java:61)
10-13 06:20:17.688: E/Babel(12857): Account self info failedRedacted-54
10-13 06:20:17.688: E/Babel(12857): com.google.android.apps.babel.util.AccountsUtil$BabelAuthException
10-13 06:20:17.688: E/Babel(12857): 	at com.google.android.apps.babel.util.AccountsUtil.a(SourceFile:204)
10-13 06:20:17.688: E/Babel(12857): 	at com.google.android.apps.babel.network.d.G(SourceFile:70)
10-13 06:20:17.688: E/Babel(12857): 	at com.google.android.apps.babel.realtimechat.RealTimeChatService.i(SourceFile:2468)
10-13 06:20:17.688: E/Babel(12857): 	at com.google.android.apps.babel.realtimechat.RealTimeChatService.r(SourceFile:2595)
10-13 06:20:17.688: E/Babel(12857): 	at com.google.android.apps.babel.realtimechat.RealTimeChatService.onHandleIntent(SourceFile:581)
10-13 06:20:17.688: E/Babel(12857): 	at android.app.IntentService$ServiceHandler.handleMessage(IntentService.java:65)
10-13 06:20:17.688: E/Babel(12857): 	at android.os.Handler.dispatchMessage(Handler.java:102)
10-13 06:20:17.688: E/Babel(12857): 	at android.os.Looper.loop(Looper.java:137)
10-13 06:20:17.688: E/Babel(12857): 	at android.os.HandlerThread.run(HandlerThread.java:61)
10-13 06:20:17.688: I/Babel(12857): Account setup failed with error state:106 account:Redacted-54
10-13 06:20:17.688: I/Babel(12857): Account sign in complete with state 106account: Redacted-54
10-13 06:20:17.688: W/Babel(12857): Notify sign in failed for account Redacted-54
10-13 06:20:17.688: I/dalvikvm(13195): Could not find method android.app.Notification.getChannelId, referenced from method duh.a
10-13 06:20:17.688: W/dalvikvm(13195): VFY: unable to resolve virtual method 2298: Landroid/app/Notification;.getChannelId ()Ljava/lang/String;
10-13 06:20:17.688: D/dalvikvm(13195): VFY: replacing opcode 0x6e at 0x0006
10-13 06:20:17.688: I/dalvikvm(13195): Could not find method android.app.Notification$Builder.setChannelId, referenced from method duh.a
10-13 06:20:17.688: W/dalvikvm(13195): VFY: unable to resolve virtual method 2250: Landroid/app/Notification$Builder;.setChannelId (Ljava/lang/String;)Landroid/app/Notification$Builder;
10-13 06:20:17.688: D/dalvikvm(13195): VFY: replacing opcode 0x6e at 0x0069
10-13 06:20:17.688: I/ActivityManager(605): Resuming delayed broadcast
10-13 06:20:17.698: I/dalvikvm(13195): Could not find method android.app.Notification$Builder.setCategory, referenced from method duh.a
10-13 06:20:17.698: W/dalvikvm(13195): VFY: unable to resolve virtual method 2249: Landroid/app/Notification$Builder;.setCategory (Ljava/lang/String;)Landroid/app/Notification$Builder;
10-13 06:20:17.698: D/dalvikvm(13195): VFY: replacing opcode 0x6e at 0x0181
10-13 06:20:17.698: I/dalvikvm(13195): Could not find method android.app.Notification$Builder.setChannelId, referenced from method duh.a
10-13 06:20:17.698: W/dalvikvm(13195): VFY: unable to resolve virtual method 2250: Landroid/app/Notification$Builder;.setChannelId (Ljava/lang/String;)Landroid/app/Notification$Builder;
10-13 06:20:17.698: D/dalvikvm(13195): VFY: replacing opcode 0x6e at 0x018c
10-13 06:20:17.698: I/dalvikvm(13195): Could not find method android.app.Notification$Builder.setChannelId, referenced from method duh.a
10-13 06:20:17.698: W/dalvikvm(13195): VFY: unable to resolve virtual method 2250: Landroid/app/Notification$Builder;.setChannelId (Ljava/lang/String;)Landroid/app/Notification$Builder;
10-13 06:20:17.698: D/dalvikvm(13195): VFY: replacing opcode 0x6e at 0x024f
10-13 06:20:17.698: I/dalvikvm(13195): Could not find method android.app.Notification$Builder.setChannelId, referenced from method duh.a
10-13 06:20:17.698: W/dalvikvm(13195): VFY: unable to resolve virtual method 2250: Landroid/app/Notification$Builder;.setChannelId (Ljava/lang/String;)Landroid/app/Notification$Builder;
10-13 06:20:17.698: D/dalvikvm(13195): VFY: replacing opcode 0x6e at 0x0348
10-13 06:20:17.698: I/ActivityManager(605): Delay finish: com.google.android.videos/.accounts.AccountsChangedService$AccountsChangedReceiver
10-13 06:20:17.708: I/dalvikvm(13195): Could not find method android.app.Notification$Builder.setChannelId, referenced from method duh.b
10-13 06:20:17.708: W/dalvikvm(13195): VFY: unable to resolve virtual method 2250: Landroid/app/Notification$Builder;.setChannelId (Ljava/lang/String;)Landroid/app/Notification$Builder;
10-13 06:20:17.708: D/dalvikvm(13195): VFY: replacing opcode 0x6e at 0x0144
10-13 06:20:17.718: D/dalvikvm(12585): GC_CONCURRENT freed 394K, 5% free 9815K/10244K, paused 4ms+1ms, total 31ms
10-13 06:20:17.728: I/dalvikvm(13195): Could not find method android.content.pm.PackageManager.getPackageInstaller, referenced from method axl.a
10-13 06:20:17.728: W/dalvikvm(13195): VFY: unable to resolve virtual method 2575: Landroid/content/pm/PackageManager;.getPackageInstaller ()Landroid/content/pm/PackageInstaller;
10-13 06:20:17.728: D/dalvikvm(13195): VFY: replacing opcode 0x6e at 0x001c
10-13 06:20:17.748: D/dalvikvm(12909): GC_CONCURRENT freed 522K, 6% free 9474K/10032K, paused 1ms+2ms, total 14ms
10-13 06:20:17.748: D/dalvikvm(12909): WAIT_FOR_CONCURRENT_GC blocked 4ms
10-13 06:20:17.758: I/MediaStoreImporter(12585): Update: incremental Added music: 0 Updated music: 0 Deleted music: 0 Created playlists: 0 Updated playlists: 0 Deleted playlists: 0 Inserted playlist items: 0 Deleted playlist items: 0 Removed orphaned playlist items: 0
10-13 06:20:17.768: I/ActivityManager(605): Resuming delayed broadcast
10-13 06:20:17.778: I/ActivityManager(605): Delay finish: com.google.android.youtube/com.google.android.apps.youtube.core.async.UserAuthorizer$AccountsChangedReceiver
10-13 06:20:17.778: I/ActivityManager(605): Resuming delayed broadcast
10-13 06:20:17.778: I/ActivityManager(605): Killing 1617:android.process.media/u0a6 (adj 15): empty #17
10-13 06:20:17.808: I/PmtsSwAccountIntentOp(12346): Processing intent action=android.accounts.LOGIN_ACCOUNTS_CHANGED
10-13 06:20:17.808: I/PmtsSwAccountIntentOp(12346): Device isn't of sufficient API level
10-13 06:20:17.808: W/WakefulBroadcastReceiver(12307): No active wake lock id #2
10-13 06:20:17.818: I/HeterodyneSyncScheduler(12332): Scheduling Phenotype for a PhenotypeSyncImmediately(5, null) one off with window [1, 2] in seconds
10-13 06:20:17.828: I/ActivityManager(605): Start proc com.google.android.keep for broadcast com.google.android.keep/.homescreenwidget.MemoryAppWidgetProvider: pid=13218 uid=10051 gids={50051, 3003, 1028, 1015}
10-13 06:20:17.878: D/dalvikvm(13195): GC_CONCURRENT freed 281K, 4% free 9087K/9408K, paused 2ms+1ms, total 18ms
10-13 06:20:17.878: D/AndroidRuntime(13194): >>>>>> AndroidRuntime START com.android.internal.os.RuntimeInit <<<<<<
10-13 06:20:17.878: I/GamesSyncAdapter PII_LOG(12346): Sync duration for 4A2NI7OQOTX46RNLLDCZ5QQEKA-00@cloudtestlabaccounts.com: 1630
10-13 06:20:17.878: D/AndroidRuntime(13194): CheckJNI is OFF
10-13 06:20:17.878: I/GamesSyncAdapter(12346): Sync duration for 7f7c3bdb: 1630
10-13 06:20:17.888: W/GamesServiceBroker(12346): Client connected with SDK 11411000, Services 11509030, and Games 52250030
10-13 06:20:17.898: D/dalvikvm(13194): Trying to load lib libjavacore.so 0x0
10-13 06:20:17.898: D/dalvikvm(13194): Added shared lib libjavacore.so 0x0
10-13 06:20:17.898: D/dalvikvm(13194): Trying to load lib libnativehelper.so 0x0
10-13 06:20:17.898: D/dalvikvm(13194): Added shared lib libnativehelper.so 0x0
10-13 06:20:17.898: D/dalvikvm(13194): No JNI_OnLoad found in libnativehelper.so 0x0, skipping init
10-13 06:20:17.898: I/ActivityManager(605): Killing 12547:com.google.android.gms.unstable/u0a8 (adj 15): empty #17
10-13 06:20:17.908: D/SyncManager(605): handleSyncHandlerMessage: dropping since the sync is no longer active: startTime 116789160, mTimeoutStartTime 116789160, mHistoryRowId 9, syncOperation 4A2NI7OQOTX46RNLLDCZ5QQEKA-00@cloudtestlabaccounts.com u0 (com.google), com.google.android.gms.games.background, SERVER, latestRunTime 116789121, reason: AutoSync
10-13 06:20:17.938: D/dalvikvm(13194): Note: class Landroid/app/ActivityManagerNative; has 179 unimplemented (abstract) methods
10-13 06:20:18.008: W/ActivityManager(605): Unable to start service Intent { flg=0x4 cmp=com.android.vending/com.google.android.finsky.services.DailyHygiene (has extras) } U=0: not found
10-13 06:20:18.028: I/ActivityManager(605): Delay finish: com.google.android.keep/.notification.AlertReceiver
10-13 06:20:18.038: D/dalvikvm(13218): GC_CONCURRENT freed 201K, 3% free 9216K/9452K, paused 1ms+1ms, total 16ms
10-13 06:20:18.058: I/ActivityManager(605): Resuming delayed broadcast
10-13 06:20:18.068: I/dalvikvm(12332): Could not find method android.os.UserManager.isManagedProfile, referenced from method acpb.d
10-13 06:20:18.068: W/dalvikvm(12332): VFY: unable to resolve virtual method 12859: Landroid/os/UserManager;.isManagedProfile ()Z
10-13 06:20:18.068: D/dalvikvm(12332): VFY: replacing opcode 0x6e at 0x000b
10-13 06:20:18.068: I/ActivityManager(605): Killing 13081:com.google.android.music:ui/u0a59 (adj 15): empty #17
10-13 06:20:18.078: I/ActivityManager(605): Delay finish: com.google.android.gm/.MailIntentReceiver
10-13 06:20:18.088: I/MediaFocusControl(605):  AudioFocus  abandonAudioFocus() from android.media.AudioManager@41fa78d8com.google.android.music.playback.LocalDevicePlayback$8@41eef308
10-13 06:20:18.088: D/AlertReceiver(12127): onReceive: a=android.intent.action.PROVIDER_CHANGED Intent { act=android.intent.action.PROVIDER_CHANGED dat=content://com.android.calendar flg=0x10 cmp=com.google.android.calendar/com.android.calendar.alerts.AlertReceiver }
10-13 06:20:18.088: D/AlertService(12127): 0 Action = android.intent.action.PROVIDER_CHANGED
10-13 06:20:18.088: D/CacheService(12585): onDestroy
10-13 06:20:18.088: I/ActivityManager(605): Resuming delayed broadcast
10-13 06:20:18.088: I/ActivityManager(605): Delay finish: com.google.android.calendar/com.android.calendar.alerts.AlertReceiver
10-13 06:20:18.138: D/AndroidRuntime(13194): Calling main entry com.android.commands.pm.Pm
10-13 06:20:18.148: I/ActivityManager(605): Start proc com.android.defcontainer for service com.android.defcontainer/.DefaultContainerService: pid=13248 uid=10005 gids={50005, 1028, 1015, 1023, 2001, 1035}
10-13 06:20:18.158: I/CalendarProvider2(13143): Sending notification intent: Intent { act=android.intent.action.PROVIDER_CHANGED dat=content://com.android.calendar }
10-13 06:20:18.158: W/ContentResolver(13143): Failed to get type for: content://com.android.calendar (Unknown URL content://com.android.calendar)
10-13 06:20:18.158: I/ActivityManager(605): Resuming delayed broadcast
10-13 06:20:18.158: I/ActivityManager(605): Killing 12585:com.google.android.music:main/u0a59 (adj 15): empty #17
10-13 06:20:18.168: D/AlertReceiver(12127): onReceive: a=android.intent.action.PROVIDER_CHANGED Intent { act=android.intent.action.PROVIDER_CHANGED dat=content://com.android.calendar flg=0x10 cmp=com.google.android.calendar/com.android.calendar.alerts.AlertReceiver }
10-13 06:20:18.178: I/IcingInternalCorpora(12346): Received calendar change notification.
10-13 06:20:18.188: D/Finsky(12688): [1] BaseWidgetProvider.onReceive: Received ACTION_APPWIDGET_UPDATE, updating 0 widgets.
10-13 06:20:18.188: D/Finsky(12688): [1] BaseWidgetProvider.onReceive: Received ACTION_APPWIDGET_UPDATE, updating 0 widgets.
10-13 06:20:18.198: D/Finsky(12688): [1] BaseWidgetProvider.onReceive: Received ACTION_APPWIDGET_UPDATE, updating 0 widgets.
10-13 06:20:18.208: I/ActivityManager(605): Delay finish: com.android.vending/com.google.android.finsky.widget.consumption.NowPlayingWidgetProvider
10-13 06:20:18.218: D/dalvikvm(12346): GC_CONCURRENT freed 785K, 8% free 11928K/12848K, paused 3ms+5ms, total 37ms
10-13 06:20:18.229: I/ActivityManager(605): Resuming delayed broadcast
10-13 06:20:18.239: W/ActivityManager(605): No content provider found for permission revoke: file:///data/local/tmp/app630108898889757388.apk
10-13 06:20:18.239: V/GCMBroadcastReceiver(12688): onReceive: com.google.android.c2dm.intent.REGISTRATION
10-13 06:20:18.239: V/GCMBroadcastReceiver(12688): GCM IntentService class: com.android.vending.GCMIntentService
10-13 06:20:18.239: V/GCMBaseIntentService(12688): Acquiring wakelock
10-13 06:20:18.249: V/GCMBaseIntentService(12688): Intent service name: GCMIntentService-932144863878-1
10-13 06:20:18.249: E/GCMRegistrar(12688): internal error: retry receiver class not set yet
10-13 06:20:18.249: I/IcingInternalCorpora(12346): Received calendar change notification.
10-13 06:20:18.249: V/GCMRegistrar(12688): Registering receiver
10-13 06:20:18.249: D/GCMBaseIntentService(12688): handleRegistration: registrationId = APA91bEYGs6LsdOI-FWMOpkV8tOvFzY24fekkvXxOyHnVXxWmjXst2A22L-vB0rIzYRgdZNLvQjxCoeOIEfmZWUYJjI_Z9-nZSa-D3eE_-zxfUWY1tNGcGSHVZQxfZxYf51sqZnKc5Wo, error = null, unregistered = null
10-13 06:20:18.249: D/GCMRegistrar(12688): resetting backoff for com.android.vending
10-13 06:20:18.249: V/GCMRegistrar(12688): Saving regId on app version 80240022
10-13 06:20:18.249: I/ActivityManager(605): Delay finish: com.android.vending/com.google.android.gcm.GCMBroadcastReceiver
10-13 06:20:18.279: V/GCMBaseIntentService(12688): Releasing wakelock
10-13 06:20:18.279: D/Finsky(12688): [1] GcmRegistrationIdHelper.uploadIfNotRegistered: Uploading GcmRegistration Id because not registered yet
10-13 06:20:18.279: I/ActivityManager(605): Resuming delayed broadcast
10-13 06:20:18.289: I/ActivityManager(605): Start proc com.google.android.music:main for broadcast com.google.android.music/.download.MusicCommunicator: pid=13269 uid=10059 gids={50059, 3003, 1028, 1015}
10-13 06:20:18.339: W/ActivityManager(605): No content provider found for permission revoke: file:///data/local/tmp/app630108898889757388.apk
10-13 06:20:18.339: I/PackageManager(605): Copying native libraries to /data/app-lib/vmdl-1509597718
10-13 06:20:18.359: I/MusicStore(13269): Database version: 72
10-13 06:20:18.369: W/ContextImpl(13269): Implicit intents with startService are not safe: Intent { act=com.google.android.music.PREFERENCE_SERVICE } android.content.ContextWrapper.bindService:517 com.google.android.music.utils.SafeServiceConnection$ServiceConnectionImp.bindService:98 com.google.android.music.utils.SafeServiceConnection.bindService:259 
10-13 06:20:18.379: W/PackageParser(605): Unknown element under <manifest>: meta-data at /data/app/vmdl-1509597718.tmp Binary XML file line #60
10-13 06:20:18.389: D/dalvikvm(13269): GC_CONCURRENT freed 224K, 3% free 9157K/9416K, paused 3ms+1ms, total 19ms
10-13 06:20:18.399: W/ContextImpl(13269): Implicit intents with startService are not safe: Intent { act=com.google.android.music.NETWORK_MONITOR_SERVICE } android.content.ContextWrapper.bindService:517 com.google.android.music.utils.SafeServiceConnection$ServiceConnectionImp.bindService:98 com.google.android.music.utils.SafeServiceConnection.bindService:259 
10-13 06:20:18.499: D/dalvikvm(605): GC_EXPLICIT freed 1174K, 33% free 16818K/25060K, paused 3ms+12ms, total 97ms
10-13 06:20:18.499: D/dalvikvm(605): WAIT_FOR_CONCURRENT_GC blocked 44ms
10-13 06:20:18.519: I/qtaguid(12688): Failed write_ctrl(u 53) res=-1 errno=22
10-13 06:20:18.519: I/qtaguid(12688): Untagging socket 53 failed errno=-22
10-13 06:20:18.519: W/NetworkManagementSocketTagger(12688): untagSocket(53) failed with errno -22
10-13 06:20:18.589: D/dalvikvm(605): GC_FOR_ALLOC freed 659K, 33% free 16948K/25060K, paused 77ms, total 77ms
10-13 06:20:18.669: D/dalvikvm(605): GC_FOR_ALLOC freed 130K, 32% free 17072K/25060K, paused 80ms, total 80ms
10-13 06:20:18.669: I/dalvikvm-heap(605): Grow heap (frag case) to 16.860MB for 158110-byte allocation
10-13 06:20:18.749: D/dalvikvm(605): GC_FOR_ALLOC freed <1K, 32% free 17226K/25216K, paused 82ms, total 82ms
10-13 06:20:18.829: D/dalvikvm(605): GC_FOR_ALLOC freed 375K, 33% free 17094K/25216K, paused 72ms, total 72ms
10-13 06:20:18.909: D/dalvikvm(605): GC_FOR_ALLOC freed 126K, 32% free 17222K/25216K, paused 80ms, total 80ms
10-13 06:20:18.909: I/dalvikvm-heap(605): Grow heap (frag case) to 17.007MB for 158110-byte allocation
10-13 06:20:18.989: D/dalvikvm(605): GC_FOR_ALLOC freed 0K, 32% free 17377K/25372K, paused 79ms, total 79ms
10-13 06:20:18.999: I/MediaRouter(13269): Found default route: MediaRouter.RouteInfo{ uniqueId=android:DEFAULT_ROUTE, name=Auriculares, description=null, enabled=true, connecting=false, playbackType=0, playbackStream=3, volumeHandling=1, volume=0, volumeMax=15, presentationDisplayId=-1, extras=null, providerPackageName=android }
10-13 06:20:19.009: I/ActivityManager(605): Delay finish: com.google.android.music/.download.MusicCommunicator
10-13 06:20:19.029: D/CacheService(13269): onCreate
10-13 06:20:19.059: D/CacheService(13269): onDestroy
10-13 06:20:19.059: I/ActivityManager(605): Resuming delayed broadcast
10-13 06:20:19.069: I/ActivityManager(605): Delay finish: com.google.android.music/.leanback.AutoCacheSchedulingService$EnablingReceiver
10-13 06:20:19.079: W/ContextImpl(13269): Implicit intents with startService are not safe: Intent { act=com.google.android.music.NETWORK_MONITOR_SERVICE } android.content.ContextWrapper.bindService:517 com.google.android.music.utils.SafeServiceConnection$ServiceConnectionImp.bindService:98 com.google.android.music.utils.SafeServiceConnection.bindService:259 
10-13 06:20:19.099: W/ContextImpl(13269): Implicit intents with startService are not safe: Intent { act=com.google.android.music.NETWORK_MONITOR_SERVICE } android.content.ContextWrapper.bindService:517 com.google.android.music.utils.SafeServiceConnection$ServiceConnectionImp.bindService:98 com.google.android.music.utils.SafeServiceConnection.bindService:259 
10-13 06:20:19.109: D/CacheService(13269): onCreate
10-13 06:20:19.109: D/CacheService(13269): onBind
10-13 06:20:19.119: D/dalvikvm(13269): GC_CONCURRENT freed 317K, 4% free 9290K/9640K, paused 1ms+7ms, total 29ms
10-13 06:20:19.159: I/MusicLeanback(13269): Conditions not met for autocaching.
10-13 06:20:19.159: I/MusicLeanback(13269): Stop autocaching.
10-13 06:20:19.159: D/CacheService(13269): onDestroy
10-13 06:20:19.159: I/ActivityManager(605): Resuming delayed broadcast
10-13 06:20:19.169: I/ActivityManager(605): Delay finish: com.google.android.music/.download.MusicCommunicator
10-13 06:20:19.179: W/ContextImpl(13269): Implicit intents with startService are not safe: Intent { act=com.google.android.music.NETWORK_MONITOR_SERVICE } android.content.ContextWrapper.bindService:517 com.google.android.music.utils.SafeServiceConnection$ServiceConnectionImp.bindService:98 com.google.android.music.utils.SafeServiceConnection.bindService:259 
10-13 06:20:19.270: D/dalvikvm(605): GC_FOR_ALLOC freed 837K, 30% free 17891K/25372K, paused 85ms, total 85ms
10-13 06:20:19.280: W/ArtDownloadService(13269): Setting cache size 0
10-13 06:20:19.290: W/ArtDownloadService(13269): Setting cache size 0
10-13 06:20:19.320: D/dalvikvm(12307): GC_EXPLICIT freed 588K, 8% free 11461K/12376K, paused 4ms+5ms, total 42ms
10-13 06:20:19.380: I/IcingInternalCorpora(12346): EventIndexer: starting incremental update
10-13 06:20:19.380: I/IcingInternalCorpora(12346): EventIndexer: 0 added, 0 removed, 0 changed, 0 unchanged, 0 errors.
10-13 06:20:19.380: I/IcingInternalCorpora(12346): EventIndexer: finished after 1 ms.
10-13 06:20:19.790: D/dalvikvm(605): GC_CONCURRENT freed 1866K, 29% free 18260K/25372K, paused 4ms+7ms, total 117ms
10-13 06:20:19.790: D/dalvikvm(605): WAIT_FOR_CONCURRENT_GC blocked 75ms
10-13 06:20:19.790: D/dalvikvm(605): WAIT_FOR_CONCURRENT_GC blocked 75ms
10-13 06:20:19.790: D/dalvikvm(605): WAIT_FOR_CONCURRENT_GC blocked 43ms
10-13 06:20:19.800: D/dalvikvm(605): WAIT_FOR_CONCURRENT_GC blocked 109ms
10-13 06:20:19.800: W/ProcessCpuTracker(605): Skipping unknown process pid 13301
10-13 06:20:19.800: W/ProcessCpuTracker(605): Skipping unknown process pid 13303
10-13 06:20:19.800: W/ProcessCpuTracker(605): Skipping unknown process pid 13308
10-13 06:20:20.020: D/dalvikvm(605): GC_CONCURRENT freed 2303K, 28% free 18278K/25372K, paused 3ms+7ms, total 106ms
10-13 06:20:20.020: D/dalvikvm(605): WAIT_FOR_CONCURRENT_GC blocked 98ms
10-13 06:20:20.250: D/dalvikvm(605): GC_CONCURRENT freed 2301K, 28% free 18309K/25372K, paused 3ms+7ms, total 115ms
10-13 06:20:20.250: D/dalvikvm(605): WAIT_FOR_CONCURRENT_GC blocked 107ms
10-13 06:20:20.471: D/dalvikvm(605): GC_CONCURRENT freed 2346K, 28% free 18301K/25372K, paused 2ms+6ms, total 113ms
10-13 06:20:20.471: D/dalvikvm(605): WAIT_FOR_CONCURRENT_GC blocked 104ms
10-13 06:20:20.681: D/dalvikvm(605): GC_CONCURRENT freed 2332K, 28% free 18307K/25372K, paused 3ms+7ms, total 106ms
10-13 06:20:20.681: D/dalvikvm(605): WAIT_FOR_CONCURRENT_GC blocked 16ms
10-13 06:20:20.691: D/dalvikvm(605): WAIT_FOR_CONCURRENT_GC blocked 99ms
10-13 06:20:20.901: D/dalvikvm(605): GC_CONCURRENT freed 2319K, 28% free 18326K/25372K, paused 2ms+7ms, total 109ms
10-13 06:20:20.901: D/dalvikvm(605): WAIT_FOR_CONCURRENT_GC blocked 101ms
10-13 06:20:21.131: D/dalvikvm(605): GC_CONCURRENT freed 2314K, 28% free 18349K/25372K, paused 3ms+7ms, total 110ms
10-13 06:20:21.131: D/dalvikvm(605): WAIT_FOR_CONCURRENT_GC blocked 101ms
10-13 06:20:21.332: I/PackageManager(605): Running dexopt on: org.gnucash.android
10-13 06:20:22.102: W/dalvikvm(13310): method Landroid/support/v7/widget/ListViewCompat;.lookForSelectablePosition incorrectly overrides package-private method with same name in Landroid/widget/ListView;
10-13 06:20:22.312: D/dalvikvm(13310): DexOpt: 'Lorg/apache/commons/codec/Decoder;' has an earlier definition; blocking out
10-13 06:20:22.312: D/dalvikvm(13310): DexOpt: 'Lorg/apache/commons/codec/BinaryDecoder;' has an earlier definition; blocking out
10-13 06:20:22.312: D/dalvikvm(13310): DexOpt: 'Lorg/apache/commons/codec/Encoder;' has an earlier definition; blocking out
10-13 06:20:22.312: D/dalvikvm(13310): DexOpt: 'Lorg/apache/commons/codec/BinaryEncoder;' has an earlier definition; blocking out
10-13 06:20:22.312: D/dalvikvm(13310): DexOpt: 'Lorg/apache/commons/codec/DecoderException;' has an earlier definition; blocking out
10-13 06:20:22.312: D/dalvikvm(13310): DexOpt: 'Lorg/apache/commons/codec/EncoderException;' has an earlier definition; blocking out
10-13 06:20:22.312: D/dalvikvm(13310): DexOpt: 'Lorg/apache/commons/codec/StringDecoder;' has an earlier definition; blocking out
10-13 06:20:22.312: D/dalvikvm(13310): DexOpt: 'Lorg/apache/commons/codec/StringEncoder;' has an earlier definition; blocking out
10-13 06:20:22.312: D/dalvikvm(13310): DexOpt: 'Lorg/apache/commons/codec/StringEncoderComparator;' has an earlier definition; blocking out
10-13 06:20:22.312: D/dalvikvm(13310): DexOpt: 'Lorg/apache/commons/codec/binary/Base64;' has an earlier definition; blocking out
10-13 06:20:22.312: D/dalvikvm(13310): DexOpt: 'Lorg/apache/commons/codec/binary/BinaryCodec;' has an earlier definition; blocking out
10-13 06:20:22.312: D/dalvikvm(13310): DexOpt: 'Lorg/apache/commons/codec/binary/Hex;' has an earlier definition; blocking out
10-13 06:20:22.312: D/dalvikvm(13310): DexOpt: 'Lorg/apache/commons/codec/language/DoubleMetaphone$DoubleMetaphoneResult;' has an earlier definition; blocking out
10-13 06:20:22.312: D/dalvikvm(13310): DexOpt: 'Lorg/apache/commons/codec/language/DoubleMetaphone;' has an earlier definition; blocking out
10-13 06:20:22.312: D/dalvikvm(13310): DexOpt: 'Lorg/apache/commons/codec/language/Metaphone;' has an earlier definition; blocking out
10-13 06:20:22.312: D/dalvikvm(13310): DexOpt: 'Lorg/apache/commons/codec/language/RefinedSoundex;' has an earlier definition; blocking out
10-13 06:20:22.312: D/dalvikvm(13310): DexOpt: 'Lorg/apache/commons/codec/language/Soundex;' has an earlier definition; blocking out
10-13 06:20:22.312: D/dalvikvm(13310): DexOpt: 'Lorg/apache/commons/codec/language/SoundexUtils;' has an earlier definition; blocking out
10-13 06:20:22.312: D/dalvikvm(13310): DexOpt: 'Lorg/apache/commons/codec/net/RFC1522Codec;' has an earlier definition; blocking out
10-13 06:20:22.312: D/dalvikvm(13310): DexOpt: 'Lorg/apache/commons/codec/net/BCodec;' has an earlier definition; blocking out
10-13 06:20:22.312: D/dalvikvm(13310): DexOpt: 'Lorg/apache/commons/codec/net/QCodec;' has an earlier definition; blocking out
10-13 06:20:22.312: D/dalvikvm(13310): DexOpt: 'Lorg/apache/commons/codec/net/QuotedPrintableCodec;' has an earlier definition; blocking out
10-13 06:20:22.312: D/dalvikvm(13310): DexOpt: 'Lorg/apache/commons/codec/net/StringEncodings;' has an earlier definition; blocking out
10-13 06:20:22.312: D/dalvikvm(13310): DexOpt: 'Lorg/apache/commons/codec/net/URLCodec;' has an earlier definition; blocking out
10-13 06:20:22.312: D/dalvikvm(13310): DexOpt: 'Lorg/apache/commons/logging/Log;' has an earlier definition; blocking out
10-13 06:20:22.312: D/dalvikvm(13310): DexOpt: 'Lorg/apache/commons/logging/LogConfigurationException;' has an earlier definition; blocking out
10-13 06:20:22.312: D/dalvikvm(13310): DexOpt: 'Lorg/apache/commons/logging/LogFactory;' has an earlier definition; blocking out
10-13 06:20:22.322: D/dalvikvm(13310): DexOpt: 'Lorg/apache/commons/logging/impl/NoOpLog;' has an earlier definition; blocking out
10-13 06:20:22.322: D/dalvikvm(13310): DexOpt: 'Lorg/apache/commons/logging/impl/SimpleLog$1;' has an earlier definition; blocking out
10-13 06:20:22.322: D/dalvikvm(13310): DexOpt: 'Lorg/apache/commons/logging/impl/SimpleLog;' has an earlier definition; blocking out
10-13 06:20:22.513: I/GAV2(13162): Thread[GAThread,5,main]: No campaign data found.
10-13 06:20:22.713: I/ActivityManager(605): Resuming delayed broadcast
10-13 06:20:22.723: I/ActivityManager(605): Delay finish: com.google.android.music/.leanback.AutoCacheSchedulingService$EnablingReceiver
10-13 06:20:22.733: W/ContextImpl(13269): Implicit intents with startService are not safe: Intent { act=com.google.android.music.NETWORK_MONITOR_SERVICE } android.content.ContextWrapper.bindService:517 com.google.android.music.utils.SafeServiceConnection$ServiceConnectionImp.bindService:98 com.google.android.music.utils.SafeServiceConnection.bindService:259 
10-13 06:20:22.733: W/ContextImpl(13269): Implicit intents with startService are not safe: Intent { act=com.google.android.music.NETWORK_MONITOR_SERVICE } android.content.ContextWrapper.bindService:517 com.google.android.music.utils.SafeServiceConnection$ServiceConnectionImp.bindService:98 com.google.android.music.utils.SafeServiceConnection.bindService:259 
10-13 06:20:22.743: D/CacheService(13269): onCreate
10-13 06:20:22.743: D/CacheService(13269): onBind
10-13 06:20:22.773: I/MusicLeanback(13269): Conditions not met for autocaching.
10-13 06:20:22.773: I/MusicLeanback(13269): Stop autocaching.
10-13 06:20:22.773: I/ActivityManager(605): Resuming delayed broadcast
10-13 06:20:22.803: I/ActivityManager(605): Start proc com.android.musicfx for broadcast com.android.musicfx/.ControlPanelReceiver: pid=13316 uid=10014 gids={50014, 3003, 3002}
10-13 06:20:22.813: D/CacheService(13269): onDestroy
10-13 06:20:22.833: V/MusicFXControlPanelReceiver(13316): onReceive
10-13 06:20:22.833: V/MusicFXControlPanelReceiver(13316): Action: android.media.action.CLOSE_AUDIO_EFFECT_CONTROL_SESSION
10-13 06:20:22.833: V/MusicFXControlPanelReceiver(13316): Package name: com.google.android.music
10-13 06:20:22.833: V/MusicFXControlPanelReceiver(13316): Audio session: 9
10-13 06:20:22.843: V/MusicFXControlPanelEffect(13316): closeSession(android.app.ReceiverRestrictedContext@41ebee90, com.google.android.music, 9)
10-13 06:20:22.843: I/ActivityManager(605): Killing 13117:com.google.android.partnersetup/u0a11 (adj 15): empty #17
10-13 06:20:22.843: I/ActivityManager(605): Delay finish: com.google.android.music/.leanback.AutoCacheSchedulingService$EnablingReceiver
10-13 06:20:22.853: D/dalvikvm(13310): DexOpt: couldn't find field Landroid/app/Notification;.headsUpContentView
10-13 06:20:22.853: W/ContextImpl(13269): Implicit intents with startService are not safe: Intent { act=com.google.android.music.NETWORK_MONITOR_SERVICE } android.content.ContextWrapper.bindService:517 com.google.android.music.utils.SafeServiceConnection$ServiceConnectionImp.bindService:98 com.google.android.music.utils.SafeServiceConnection.bindService:259 
10-13 06:20:22.853: W/ContextImpl(13269): Implicit intents with startService are not safe: Intent { act=com.google.android.music.NETWORK_MONITOR_SERVICE } android.content.ContextWrapper.bindService:517 com.google.android.music.utils.SafeServiceConnection$ServiceConnectionImp.bindService:98 com.google.android.music.utils.SafeServiceConnection.bindService:259 
10-13 06:20:22.863: D/CacheService(13269): onCreate
10-13 06:20:22.863: D/CacheService(13269): onBind
10-13 06:20:22.873: I/MusicLeanback(13269): Conditions not met for autocaching.
10-13 06:20:22.873: I/MusicLeanback(13269): Stop autocaching.
10-13 06:20:22.873: I/ActivityManager(605): Resuming delayed broadcast
10-13 06:20:22.873: D/CacheService(13269): onDestroy
10-13 06:20:22.883: I/ActivityManager(605): Delay finish: com.google.android.gms/.auth.api.credentials.sync.CredentialSyncBroadcastReceiver
10-13 06:20:22.943: I/dalvikvm(12346): Could not find method android.app.AlarmManager.cancel, referenced from method jng.a
10-13 06:20:22.943: W/dalvikvm(12346): VFY: unable to resolve virtual method 2995: Landroid/app/AlarmManager;.cancel (Landroid/app/AlarmManager$OnAlarmListener;)V
10-13 06:20:22.943: D/dalvikvm(12346): VFY: replacing opcode 0x6e at 0x0002
10-13 06:20:22.953: I/dalvikvm(12346): Could not find method android.app.AlarmManager.set, referenced from method jng.a
10-13 06:20:22.953: W/dalvikvm(12346): VFY: unable to resolve virtual method 2997: Landroid/app/AlarmManager;.set (IJJJLandroid/app/AlarmManager$OnAlarmListener;Landroid/os/Handler;Landroid/os/WorkSource;)V
10-13 06:20:22.953: D/dalvikvm(12346): VFY: replacing opcode 0x74 at 0x0018
10-13 06:20:22.953: I/dalvikvm(12346): Could not find method android.app.AlarmManager.setExactAndAllowWhileIdle, referenced from method jng.a
10-13 06:20:22.953: W/dalvikvm(12346): VFY: unable to resolve virtual method 3001: Landroid/app/AlarmManager;.setExactAndAllowWhileIdle (IJLandroid/app/PendingIntent;)V
10-13 06:20:22.953: D/dalvikvm(12346): VFY: replacing opcode 0x6e at 0x0011
10-13 06:20:22.953: I/dalvikvm(12346): Could not find method android.app.AlarmManager.setAndAllowWhileIdle, referenced from method jng.a
10-13 06:20:22.953: W/dalvikvm(12346): VFY: unable to resolve virtual method 3000: Landroid/app/AlarmManager;.setAndAllowWhileIdle (IJLandroid/app/PendingIntent;)V
10-13 06:20:22.953: D/dalvikvm(12346): VFY: replacing opcode 0x6e at 0x0010
10-13 06:20:23.093: I/GlobalDismissManager(12127): no sender configured
10-13 06:20:23.093: D/AlertService(12127): Beginning updateAlertNotification
10-13 06:20:23.153: D/AlertService(12127): No fired or scheduled alerts
10-13 06:20:23.153: D/AlertService(12127): Scheduling next alarm with AlarmScheduler. sEventReminderReceived: null
10-13 06:20:23.163: D/AlarmScheduler(12127): No events found starting within 1 week.
10-13 06:20:23.163: D/AlertService(12127): 0 Action = android.intent.action.PROVIDER_CHANGED
10-13 06:20:23.494: I/ActivityManager(605): Resuming delayed broadcast
10-13 06:20:23.504: E/dalvikvm(12346): Could not find class 'android.telephony.SubscriptionManager', referenced from method com.google.android.gms.checkin.CheckinChimeraService.c
10-13 06:20:23.504: W/dalvikvm(12346): VFY: unable to resolve check-cast 1221 (Landroid/telephony/SubscriptionManager;) in Lcom/google/android/gms/checkin/CheckinChimeraService;
10-13 06:20:23.504: D/dalvikvm(12346): VFY: replacing opcode 0x1f at 0x000e
10-13 06:20:23.514: I/CheckinChimeraService(12346): android.os.VintfObject class not found : android.os.VintfObject
10-13 06:20:23.534: D/dalvikvm(12346): DexOpt: couldn't find field Landroid/os/Message;.sendingUid
10-13 06:20:23.534: W/dalvikvm(12346): VFY: unable to resolve instance field 7040
10-13 06:20:23.534: D/dalvikvm(12346): VFY: replacing opcode 0x52 at 0x0002
10-13 06:20:23.554: I/CheckinCompat(12346): Disabling old GoogleServicesFramework version
10-13 06:20:23.594: W/ConfigurationChimeraProvider(12332): Got null configs for com.google.android.gms.mdm
10-13 06:20:23.604: I/dalvikvm(12346): Could not find method android.app.admin.DevicePolicyManager.isProfileOwnerApp, referenced from method aasz.c
10-13 06:20:23.604: W/dalvikvm(12346): VFY: unable to resolve virtual method 11550: Landroid/app/admin/DevicePolicyManager;.isProfileOwnerApp (Ljava/lang/String;)Z
10-13 06:20:23.604: D/dalvikvm(12346): VFY: replacing opcode 0x6e at 0x0015
10-13 06:20:23.604: I/EventLogChimeraService(12346): Accumulating logs since 1507899538380
10-13 06:20:23.634: I/Authzen(12332): [AccountChangeProcessingIntentOperation] Received onHandleIntent() call: Intent { act=com.google.android.gms.auth.GOOGLE_ACCOUNT_CHANGE cat=[com.google.android.gms.auth.category.ACCOUNT_ADDED] flg=0x10 cmp=com.google.android.gms/.chimera.GmsIntentOperationService$PersistentInternalReceiver (has extras) }
10-13 06:20:23.634: I/Authzen(12332): [AccountChangeProcessingIntentOperation] Handling added account: <ELLIDED:-1085017779>
10-13 06:20:23.644: I/dalvikvm(12346): Could not find method android.content.Context.getSystemService, referenced from method ebe.f
10-13 06:20:23.644: W/dalvikvm(12346): VFY: unable to resolve virtual method 3438: Landroid/content/Context;.getSystemService (Ljava/lang/Class;)Ljava/lang/Object;
10-13 06:20:23.644: D/dalvikvm(12346): VFY: replacing opcode 0x6e at 0x0005
10-13 06:20:23.644: W/dalvikvm(12346): VFY: unable to find class referenced in signature (Landroid/service/persistentdata/PersistentDataBlockManager;)
10-13 06:20:23.644: E/dalvikvm(12346): Could not find class 'android.service.persistentdata.PersistentDataBlockManager', referenced from method ebd.a
10-13 06:20:23.644: W/dalvikvm(12346): VFY: unable to resolve check-cast 1144 (Landroid/service/persistentdata/PersistentDataBlockManager;) in Lebd;
10-13 06:20:23.644: D/dalvikvm(12346): VFY: replacing opcode 0x1f at 0x001f
10-13 06:20:23.644: I/ActivityManager(605): Delay finish: com.google.android.music/.download.MusicCommunicator
10-13 06:20:23.664: I/GCoreUlr(12332): Starting service, intent=Intent { act=com.google.android.location.reporting.ACTION_UPDATE_WORLD cmp=com.google.android.gms/com.google.android.location.reporting.service.DispatchingService (has extras) }, extras=Bundle[{receiverAction=com.google.android.gms.auth.GOOGLE_ACCOUNT_CHANGE, accountsAdded=[Account {name=4A2NI7OQOTX46RNLLDCZ5QQEKA-00@cloudtestlabaccounts.com, type=com.google}]}]
10-13 06:20:23.674: W/dalvikvm(12346): VFY: unable to find class referenced in signature (Landroid/service/persistentdata/PersistentDataBlockManager;)
10-13 06:20:23.674: I/dalvikvm(12346): Could not find method android.service.persistentdata.PersistentDataBlockManager.getMaximumDataBlockSize, referenced from method ebd.a
10-13 06:20:23.674: W/dalvikvm(12346): VFY: unable to resolve virtual method 4729: Landroid/service/persistentdata/PersistentDataBlockManager;.getMaximumDataBlockSize ()J
10-13 06:20:23.674: D/dalvikvm(12346): VFY: replacing opcode 0x6e at 0x0023
10-13 06:20:23.674: I/dalvikvm(12346): Could not find method android.service.persistentdata.PersistentDataBlockManager.read, referenced from method ebd.b
10-13 06:20:23.674: W/dalvikvm(12346): VFY: unable to resolve virtual method 4730: Landroid/service/persistentdata/PersistentDataBlockManager;.read ()[B
10-13 06:20:23.674: D/dalvikvm(12346): VFY: replacing opcode 0x6e at 0x000e
10-13 06:20:23.694: I/GoogleURLConnFactory(12332): Using platform SSLCertificateSocketFactory
10-13 06:20:23.694: I/ActivityManager(605): Resuming delayed broadcast
10-13 06:20:23.694: I/ActivityManager(605): Delay finish: com.google.android.music/.leanback.AutoCacheSchedulingService$EnablingReceiver
10-13 06:20:23.704: E/BaseAppContext(12332): Tried to stop global GMSCore RequestQueue. This is likely unintended, so ignoring.
10-13 06:20:23.714: W/ContextImpl(13269): Implicit intents with startService are not safe: Intent { act=com.google.android.music.NETWORK_MONITOR_SERVICE } android.content.ContextWrapper.bindService:517 com.google.android.music.utils.SafeServiceConnection$ServiceConnectionImp.bindService:98 com.google.android.music.utils.SafeServiceConnection.bindService:259 
10-13 06:20:23.714: I/Authzen(12332): [SyncManager] Sync requested for event 100, account 4A2NI7OQOTX46RNLLDCZ5QQEKA-00@cloudtestlabaccounts.com, and components 3, with reason 7
10-13 06:20:23.714: I/Authzen(12332): [SyncManager] Triggering AuthZen registration...
10-13 06:20:23.714: W/ContextImpl(13269): Implicit intents with startService are not safe: Intent { act=com.google.android.music.NETWORK_MONITOR_SERVICE } android.content.ContextWrapper.bindService:517 com.google.android.music.utils.SafeServiceConnection$ServiceConnectionImp.bindService:98 com.google.android.music.utils.SafeServiceConnection.bindService:259 
10-13 06:20:23.724: D/dalvikvm(12346): GC_CONCURRENT freed 845K, 7% free 12069K/12948K, paused 6ms+3ms, total 79ms
10-13 06:20:23.724: D/dalvikvm(12346): WAIT_FOR_CONCURRENT_GC blocked 39ms
10-13 06:20:23.724: D/dalvikvm(12346): WAIT_FOR_CONCURRENT_GC blocked 40ms
10-13 06:20:23.724: D/dalvikvm(12346): WAIT_FOR_CONCURRENT_GC blocked 41ms
10-13 06:20:23.734: I/Authzen(12332): [RegistrationManager] Fetching signing key...
10-13 06:20:23.734: D/CacheService(13269): onCreate
10-13 06:20:23.734: D/CacheService(13269): onBind
10-13 06:20:23.744: W/ArtDownloadService(13269): Setting cache size 0
10-13 06:20:23.744: I/MusicLeanback(13269): Conditions not met for autocaching.
10-13 06:20:23.744: I/MusicLeanback(13269): Stop autocaching.
10-13 06:20:23.744: I/ActivityManager(605): Resuming delayed broadcast
10-13 06:20:23.754: D/CacheService(13269): onDestroy
10-13 06:20:23.754: E/GCoreUlr(12332): Create new device tag of -463678685 without device reboot
10-13 06:20:23.774: I/GCoreUlr(12332): WorldUpdater received intent Intent { act=com.google.android.location.reporting.ACTION_UPDATE_WORLD cmp=com.google.android.gms/com.google.android.location.reporting.service.DispatchingService (has extras) } with receiverAction com.google.android.gms.auth.GOOGLE_ACCOUNT_CHANGE
10-13 06:20:23.784: D/Finsky(12688): [1] BaseWidgetProvider.onReceive: Received ACTION_APPWIDGET_UPDATE, updating 0 widgets.
10-13 06:20:23.784: D/Finsky(12688): [1] BaseWidgetProvider.onReceive: Received ACTION_APPWIDGET_UPDATE, updating 0 widgets.
10-13 06:20:23.794: D/Finsky(12688): [1] BaseWidgetProvider.onReceive: Received ACTION_APPWIDGET_UPDATE, updating 0 widgets.
10-13 06:20:23.794: I/ActivityManager(605): Delay finish: com.google.android.gm/.MailIntentReceiver
10-13 06:20:23.804: I/ActivityManager(605): Resuming delayed broadcast
10-13 06:20:23.814: V/MusicFXControlPanelReceiver(13316): onReceive
10-13 06:20:23.814: V/MusicFXControlPanelReceiver(13316): Action: android.media.action.CLOSE_AUDIO_EFFECT_CONTROL_SESSION
10-13 06:20:23.814: V/MusicFXControlPanelReceiver(13316): Package name: com.google.android.music
10-13 06:20:23.814: V/MusicFXControlPanelReceiver(13316): Audio session: 10
10-13 06:20:23.814: V/MusicFXControlPanelEffect(13316): closeSession(android.app.ReceiverRestrictedContext@41ebee90, com.google.android.music, 10)
10-13 06:20:23.814: D/AlertReceiver(12127): onReceive: a=android.intent.action.PROVIDER_CHANGED Intent { act=android.intent.action.PROVIDER_CHANGED dat=content://com.android.calendar flg=0x10 cmp=com.google.android.calendar/com.android.calendar.alerts.AlertReceiver }
10-13 06:20:23.834: I/ActivityManager(605): Delay finish: com.google.android.music/.download.MusicCommunicator
10-13 06:20:23.844: W/ContextImpl(13269): Implicit intents with startService are not safe: Intent { act=com.google.android.music.NETWORK_MONITOR_SERVICE } android.content.ContextWrapper.bindService:517 com.google.android.music.utils.SafeServiceConnection$ServiceConnectionImp.bindService:98 com.google.android.music.utils.SafeServiceConnection.bindService:259 
10-13 06:20:23.844: D/CacheService(13269): onCreate
10-13 06:20:23.844: W/ContextImpl(13269): Implicit intents with startService are not safe: Intent { act=com.google.android.music.NETWORK_MONITOR_SERVICE } android.content.ContextWrapper.bindService:517 com.google.android.music.utils.SafeServiceConnection$ServiceConnectionImp.bindService:98 com.google.android.music.utils.SafeServiceConnection.bindService:259 
10-13 06:20:23.844: I/ActivityManager(605): Resuming delayed broadcast
10-13 06:20:23.854: D/CacheService(13269): onBind
10-13 06:20:23.854: I/Authzen(12332): [KeyService] Creating new signing Keys for handle: device_key
10-13 06:20:23.854: I/Authzen(12332): [SqliteKeyStorage] Adding new credential
10-13 06:20:23.854: I/ActivityManager(605): Delay finish: com.google.android.music/.leanback.AutoCacheSchedulingService$EnablingReceiver
10-13 06:20:23.864: I/dalvikvm(12346): Could not find method android.content.Context.getNoBackupFilesDir, referenced from method sen.<init>
10-13 06:20:23.864: W/dalvikvm(12346): VFY: unable to resolve virtual method 11781: Landroid/content/Context;.getNoBackupFilesDir ()Ljava/io/File;
10-13 06:20:23.864: D/dalvikvm(12346): VFY: replacing opcode 0x6e at 0x0028
10-13 06:20:23.874: W/ContextImpl(13269): Implicit intents with startService are not safe: Intent { act=com.google.android.music.NETWORK_MONITOR_SERVICE } android.content.ContextWrapper.bindService:517 com.google.android.music.utils.SafeServiceConnection$ServiceConnectionImp.bindService:98 com.google.android.music.utils.SafeServiceConnection.bindService:259 
10-13 06:20:23.874: W/ContextImpl(13269): Implicit intents with startService are not safe: Intent { act=com.google.android.music.NETWORK_MONITOR_SERVICE } android.content.ContextWrapper.bindService:517 com.google.android.music.utils.SafeServiceConnection$ServiceConnectionImp.bindService:98 com.google.android.music.utils.SafeServiceConnection.bindService:259 
10-13 06:20:23.884: I/ActivityManager(605): Resuming delayed broadcast
10-13 06:20:23.894: I/ActivityManager(605): Delay finish: com.google.android.music/.download.MusicCommunicator
10-13 06:20:23.914: W/ContextImpl(13269): Implicit intents with startService are not safe: Intent { act=com.google.android.music.NETWORK_MONITOR_SERVICE } android.content.ContextWrapper.bindService:517 com.google.android.music.utils.SafeServiceConnection$ServiceConnectionImp.bindService:98 com.google.android.music.utils.SafeServiceConnection.bindService:259 
10-13 06:20:23.924: D/dalvikvm(12332): GC_CONCURRENT freed 942K, 10% free 12432K/13716K, paused 5ms+5ms, total 45ms
10-13 06:20:23.924: D/dalvikvm(12332): WAIT_FOR_CONCURRENT_GC blocked 15ms
10-13 06:20:23.924: D/dalvikvm(13269): GC_CONCURRENT freed 372K, 5% free 9353K/9760K, paused 2ms+2ms, total 54ms
10-13 06:20:23.944: I/GCoreUlr(12332): WorldUpdater:com.google.android.gms.auth.GOOGLE_ACCOUNT_CHANGE: Ensuring that reporting is stopped because of reasons: {account#19#=[InactiveReason{mIdentifier=6, mName='ReportingNotEnabled'}, InactiveReason{mIdentifier=14, mName='HistoryNotEnabled'}]}
10-13 06:20:23.974: I/GCoreUlr(12332): Unbound from all location providers
10-13 06:20:23.974: I/GCoreUlr(12332): Place inference reporting - stop
10-13 06:20:23.974: I/GCoreUlr(12332): Unregistering for aliased place alerts.
10-13 06:20:24.024: W/dalvikvm(12346): VFY: unable to find class referenced in signature (Landroid/net/Network;)
10-13 06:20:24.024: W/dalvikvm(12346): VFY: unable to find class referenced in signature (Landroid/net/Network;)
10-13 06:20:24.024: W/dalvikvm(12346): VFY: unable to find class referenced in signature (Landroid/net/Network;)
10-13 06:20:24.024: W/dalvikvm(12346): VFY: unable to find class referenced in signature (Landroid/net/Network;)
10-13 06:20:24.034: D/dalvikvm(605): GC_CONCURRENT freed 2242K, 28% free 18428K/25372K, paused 3ms+22ms, total 100ms
10-13 06:20:24.034: I/GCoreUlr(12332): DispatchingService ignoring Intent { act=android.net.wifi.WIFI_STATE_CHANGED flg=0x4000010 (has extras) } because ULR inactive
10-13 06:20:24.034: D/dalvikvm(13310): DexOpt: couldn't find field Landroid/os/Message;.sendingUid
10-13 06:20:24.034: I/MusicLeanback(13269): Conditions not met for autocaching.
10-13 06:20:24.034: I/MusicLeanback(13269): Stop autocaching.
10-13 06:20:24.034: I/ActivityManager(605): Resuming delayed broadcast
10-13 06:20:24.044: I/dalvikvm(12346): Could not find method android.os.UserManager.isManagedProfile, referenced from method hgb.a
10-13 06:20:24.044: W/dalvikvm(12346): VFY: unable to resolve virtual method 4698: Landroid/os/UserManager;.isManagedProfile ()Z
10-13 06:20:24.044: D/dalvikvm(12346): VFY: replacing opcode 0x6e at 0x0018
10-13 06:20:24.044: I/GCoreUlr(12332): DispatchingService.onDestroy()
10-13 06:20:24.044: I/Authzen(12332): [RegistrationManager] Signing key fetched successfully!
10-13 06:20:24.044: I/GCoreUlr(12332): Stopping handler for UlrDispSvcFast
10-13 06:20:24.064: I/dalvikvm(12332): Could not find method android.app.KeyguardManager.isDeviceLocked, referenced from method ewp.a
10-13 06:20:24.064: W/dalvikvm(12332): VFY: unable to resolve virtual method 3092: Landroid/app/KeyguardManager;.isDeviceLocked ()Z
10-13 06:20:24.064: D/dalvikvm(12332): VFY: replacing opcode 0x6e at 0x000a
10-13 06:20:24.064: I/dalvikvm(12332): Could not find method android.app.KeyguardManager.isDeviceSecure, referenced from method ewp.b
10-13 06:20:24.064: W/dalvikvm(12332): VFY: unable to resolve virtual method 3093: Landroid/app/KeyguardManager;.isDeviceSecure ()Z
10-13 06:20:24.064: D/dalvikvm(12332): VFY: replacing opcode 0x6e at 0x0008
10-13 06:20:24.074: I/Authzen(12332): [RegistrationManager] Starting Enrollment...
10-13 06:20:24.074: I/GCoreUlr(12332): Unbound from all location providers
10-13 06:20:24.074: I/GCoreUlr(12332): Place inference reporting - stop
10-13 06:20:24.094: D/CacheService(13269): onDestroy
10-13 06:20:24.094: I/ActivityManager(605): Killing 12763:com.google.android.apps.books/u0a26 (adj 15): empty #17
10-13 06:20:24.104: I/GCoreUlr(12332): Unregistering for aliased place alerts.
10-13 06:20:24.134: I/ProcessCheckinRequest(12346): Get token from PseudonymousIdApi: 114=DRLNl0P5VZx4SJCX3UwHDHXExk9t31b3ti5R2WUKrLaKvSiOuFdsHyOOZ5oouNE6CfRG-FCyfEV9hcflGjPZIL4JKAM_XzqFZ2bZco_xCVRnPHVVMNWYP7DBz9B0N8XM
10-13 06:20:24.154: I/Places(12332): ?: Couldn't find platform key file.
10-13 06:20:24.164: D/dalvikvm(12346): DexOpt: couldn't find static field Landroid/os/Build$VERSION;.SECURITY_PATCH
10-13 06:20:24.164: W/dalvikvm(12346): VFY: unable to resolve static field 2121 (SECURITY_PATCH) in Landroid/os/Build$VERSION;
10-13 06:20:24.164: D/dalvikvm(12346): VFY: replacing opcode 0x62 at 0x021f
10-13 06:20:24.164: E/dalvikvm(12346): Could not find class 'android.telephony.SubscriptionManager', referenced from method hfb.a
10-13 06:20:24.164: W/dalvikvm(12346): VFY: unable to resolve check-cast 1221 (Landroid/telephony/SubscriptionManager;) in Lhfb;
10-13 06:20:24.164: D/dalvikvm(12346): VFY: replacing opcode 0x1f at 0x0179
10-13 06:20:24.184: I/dalvikvm(13310): DexOpt: not resolving ambiguous class 'Lorg/apache/commons/logging/LogFactory;'
10-13 06:20:24.184: D/dalvikvm(12346): DexOpt: couldn't find static field Landroid/os/Build;.SUPPORTED_ABIS
10-13 06:20:24.194: W/dalvikvm(12346): VFY: unable to resolve static field 2138 (SUPPORTED_ABIS) in Landroid/os/Build;
10-13 06:20:24.194: D/dalvikvm(12346): VFY: replacing opcode 0x62 at 0x0011
10-13 06:20:24.204: I/GeofencerStateMachine(12332): removeGeofences: removeRequest=RemoveGeofencingRequest[REMOVE_BY_PENDING_INTENT pendingIntent=PendingIntent[creatorPackage=com.google.android.gms], packageName=null]
10-13 06:20:24.204: I/GeofencerStateMachine(12332): removeGeofences: removeRequest=RemoveGeofencingRequest[REMOVE_BY_PENDING_INTENT pendingIntent=PendingIntent[creatorPackage=com.google.android.gms], packageName=null]
10-13 06:20:24.204: W/dalvikvm(12346): VFY: unable to find class referenced in signature (Landroid/telephony/SubscriptionManager;)
10-13 06:20:24.214: W/Auth(12307): [GetToken] GetToken failed with status code: INVALID_SCOPE
