10-13 06:20:31.912: D/dalvikvm(12346): VFY: replacing opcode 0x6e at 0x077f
10-13 06:20:31.912: I/dalvikvm(12346): Could not find method android.system.Os.getuid, referenced from method aeev.b
10-13 06:20:31.912: W/dalvikvm(12346): VFY: unable to resolve static method 29037: Landroid/system/Os;.getuid ()I
10-13 06:20:31.912: D/dalvikvm(12346): VFY: replacing opcode 0x71 at 0x07a9
10-13 06:20:31.912: W/dalvikvm(12346): Unable to resolve superclass of Laejd; (6316)
10-13 06:20:31.912: W/dalvikvm(12346): Link of class 'Laejd;' failed
10-13 06:20:31.912: I/dalvikvm(12346): Could not find method aejd.d, referenced from method aeev.b
10-13 06:20:31.912: W/dalvikvm(12346): VFY: unable to resolve virtual method 790: Laejd;.d ()V
10-13 06:20:31.912: D/dalvikvm(12346): VFY: replacing opcode 0x6e at 0x0811
10-13 06:20:31.942: I/DownloadAttempt(12346): current file is /cache/update.zip
10-13 06:20:31.942: I/DownloadAttempt(12346): downloaded 1 total 1
10-13 06:20:31.942: I/SystemUpdateTask(12346): status is 0 (complete)
10-13 06:20:31.942: I/SystemUpdateTask(12346): now status is 0 (complete)
10-13 06:20:31.942: I/SystemUpdateTask(12346): processDownloadedFile /cache/update.zip
10-13 06:20:31.942: I/SystemUpdateTask(12346): file has been verified
10-13 06:20:31.942: I/SystemUpdateTask(12346): OTA package size = 55358538
10-13 06:20:31.952: I/CmaSystemUpdateService(12346): showing system update notification
10-13 06:20:31.962: I/SystemUpdateTask(12346): checkUpdateState: sticky: false
10-13 06:20:31.962: I/CmaSystemUpdateService(12346): active receiver: enabled
10-13 06:20:31.972: I/SystemUpdateTask(12346): checkUpdateState: spStatus=4, urgency=3, streaming=false, streamingInProgress=false
10-13 06:20:31.972: I/SystemUpdateTask(12346): Already downloaded, skipping offpeak checks.
10-13 06:20:31.972: I/SystemUpdateTask(12346): network: NetworkInfo: type: WIFI[], state: CONNECTED/CONNECTED, reason: (unspecified), extra: "wl-ftl-mt10-1-5", roaming: false, failover: false, isAvailable: true, isConnectedToProvisioningNetwork: false; metered: false; mobile allowed: false; isAltModeWearable: false; isWifiNeededForAltModeWearableDevice: false; auto-pause disabled: false; shouldResumeDownload: false byUser: false; shouldPauseDownload: false byUser: false; 
10-13 06:20:31.972: I/SystemUpdateTask(12346): now status is 0 (complete)
10-13 06:20:31.972: I/SystemUpdateTask(12346): processDownloadedFile /cache/update.zip
10-13 06:20:31.972: I/SystemUpdateTask(12346): file has been verified
10-13 06:20:31.972: I/SystemUpdateTask(12346): OTA package size = 55358538
10-13 06:20:31.972: I/CmaSystemUpdateService(12346): showing system update notification
10-13 06:20:31.972: I/ActivityManager(605): Resuming delayed broadcast
10-13 06:20:31.982: I/SystemUpdateTask(12346): checkUpdateState: sticky: false
10-13 06:20:31.982: D/dalvikvm(13406): GC_CONCURRENT freed 1317K, 11% free 11907K/13328K, paused 3ms+2ms, total 40ms
10-13 06:20:31.982: D/dalvikvm(13406): WAIT_FOR_CONCURRENT_GC blocked 36ms
10-13 06:20:32.002: W/Auth(12307): [GetToken] GetToken failed with status code: INVALID_SCOPE
10-13 06:20:32.012: E/CheckinRequestBuilder(12346): Unrecoverable authentication exception: INVALID_SCOPE
10-13 06:20:32.012: E/CheckinRequestBuilder(12346): dyj: INVALID_SCOPE
10-13 06:20:32.012: E/CheckinRequestBuilder(12346): 	at dyn.a(:com.google.android.gms@11509030:16)
10-13 06:20:32.012: E/CheckinRequestBuilder(12346): 	at dym.a(:com.google.android.gms@11509030:2)
10-13 06:20:32.012: E/CheckinRequestBuilder(12346): 	at dym.e(:com.google.android.gms@11509030:6)
10-13 06:20:32.012: E/CheckinRequestBuilder(12346): 	at dyk.f(:com.google.android.gms@11509030:3)
10-13 06:20:32.012: E/CheckinRequestBuilder(12346): 	at dyk.a(:com.google.android.gms@11509030:4)
10-13 06:20:32.012: E/CheckinRequestBuilder(12346): 	at hfb.a(:com.google.android.gms@11509030:219)
10-13 06:20:32.012: E/CheckinRequestBuilder(12346): 	at hgb.a(:com.google.android.gms@11509030:18)
10-13 06:20:32.012: E/CheckinRequestBuilder(12346): 	at hgb.a(:com.google.android.gms@11509030:182)
10-13 06:20:32.012: E/CheckinRequestBuilder(12346): 	at com.google.android.gms.checkin.CheckinChimeraService.a(:com.google.android.gms@11509030:149)
10-13 06:20:32.012: E/CheckinRequestBuilder(12346): 	at hex.run(:com.google.android.gms@11509030:2)
10-13 06:20:32.012: E/CheckinRequestBuilder(12346): 	at jqa.run(:com.google.android.gms@11509030:25)
10-13 06:20:32.012: E/CheckinRequestBuilder(12346): 	at java.util.concurrent.ThreadPoolExecutor.runWorker(ThreadPoolExecutor.java:1112)
10-13 06:20:32.012: E/CheckinRequestBuilder(12346): 	at java.util.concurrent.ThreadPoolExecutor$Worker.run(ThreadPoolExecutor.java:587)
10-13 06:20:32.012: E/CheckinRequestBuilder(12346): 	at jvj.run(:com.google.android.gms@11509030)
10-13 06:20:32.012: E/CheckinRequestBuilder(12346): 	at java.lang.Thread.run(Thread.java:841)
10-13 06:20:32.022: I/WVCdm(181): CdmEngine::OpenSession
10-13 06:20:32.022: D/DrmWidevineDash(181): calling OEMCrypto_OpenSession...
10-13 06:20:32.032: D/DrmWidevineDash(181): OEMCrypto_OpenSession SID = 1
10-13 06:20:32.032: D/DrmWidevineDash(181): OEMCrypto_OpenSession returns 0
10-13 06:20:32.032: I/WVCdm(181): CdmEngine::QueryKeyControlInfo
10-13 06:20:32.062: D/dalvikvm(13406): GC_FOR_ALLOC freed 607K, 11% free 11883K/13328K, paused 30ms, total 30ms
10-13 06:20:32.062: I/WVCdm(181): CdmEngine::GenerateKeyRequest
10-13 06:20:32.062: D/DrmWidevineDash(181): calling OEMCrypto_LoadDeviceRSAKey. SID = 1
10-13 06:20:32.092: D/DrmWidevineDash(181): OEMCrypto_LoadDeviceRSAKey returns 0
10-13 06:20:32.092: D/DrmWidevineDash(181): calling OEMCrypto_GetDeviceID...
10-13 06:20:32.122: D/DrmWidevineDash(181): OEMCrypto_GetDeviceID returns 0
10-13 06:20:32.122: D/DrmWidevineDash(181): calling OEMCrypto_GenerateNonce. SID = 1
10-13 06:20:32.122: D/DrmWidevineDash(181): OEMCrypto_GenerateNonce returns 0
10-13 06:20:32.122: D/WVCdm(181): PrepareKeyRequest: nonce=542181233
10-13 06:20:32.122: D/DrmWidevineDash(181): calling OEMCrypto_GenerateRSASignature. SID = 1
10-13 06:20:32.142: D/DrmWidevineDash(181): OEMCrypto_GenerateRSASignature needs buffer size = 256
10-13 06:20:32.142: D/DrmWidevineDash(181): OEMCrypto_GenerateRSASignature returns 7
10-13 06:20:32.142: D/DrmWidevineDash(181): calling OEMCrypto_GenerateRSASignature. SID = 1
10-13 06:20:32.212: I/Adreno-EGL(13406): <qeglDrvAPI_eglInitialize:320>: EGL 1.4 QUALCOMM build:  (CL3776187)
10-13 06:20:32.212: I/Adreno-EGL(13406): OpenGL ES Shader Compiler Version: 
10-13 06:20:32.212: I/Adreno-EGL(13406): Build Date: 10/15/13 Tue
10-13 06:20:32.212: I/Adreno-EGL(13406): Local Branch: 
10-13 06:20:32.212: I/Adreno-EGL(13406): Remote Branch: partner/upstream
10-13 06:20:32.212: I/Adreno-EGL(13406): Local Patches: 
10-13 06:20:32.212: I/Adreno-EGL(13406): Reconstruct Branch: 
10-13 06:20:32.252: I/Adreno-EGL(13406): <qeglDrvAPI_eglInitialize:320>: EGL 1.4 QUALCOMM build:  (CL3776187)
10-13 06:20:32.252: I/Adreno-EGL(13406): OpenGL ES Shader Compiler Version: 
10-13 06:20:32.252: I/Adreno-EGL(13406): Build Date: 10/15/13 Tue
10-13 06:20:32.252: I/Adreno-EGL(13406): Local Branch: 
10-13 06:20:32.252: I/Adreno-EGL(13406): Remote Branch: partner/upstream
10-13 06:20:32.252: I/Adreno-EGL(13406): Local Patches: 
10-13 06:20:32.252: I/Adreno-EGL(13406): Reconstruct Branch: 
10-13 06:20:32.252: D/DrmWidevineDash(181): OEMCrypto_GenerateRSASignature returns 0
10-13 06:20:32.252: I/WVCdm(181): CdmEngine::CloseSession
10-13 06:20:32.252: D/DrmWidevineDash(181): calling OEMCrypto_CloseSession. SID = 1
10-13 06:20:32.262: D/DrmWidevineDash(181): OEMCrypto_CloseSession returns 0
10-13 06:20:32.342: D/dalvikvm(13406): GC_CONCURRENT freed 569K, 9% free 12256K/13328K, paused 2ms+5ms, total 41ms
10-13 06:20:32.462: W/Settings(13406): Setting install_non_market_apps has moved from android.provider.Settings.Secure to android.provider.Settings.Global.
10-13 06:20:32.572: I/Adreno-EGL(13406): <qeglDrvAPI_eglInitialize:320>: EGL 1.4 QUALCOMM build:  (CL3776187)
10-13 06:20:32.572: I/Adreno-EGL(13406): OpenGL ES Shader Compiler Version: 
10-13 06:20:32.572: I/Adreno-EGL(13406): Build Date: 10/15/13 Tue
10-13 06:20:32.572: I/Adreno-EGL(13406): Local Branch: 
10-13 06:20:32.572: I/Adreno-EGL(13406): Remote Branch: partner/upstream
10-13 06:20:32.572: I/Adreno-EGL(13406): Local Patches: 
10-13 06:20:32.572: I/Adreno-EGL(13406): Reconstruct Branch: 
10-13 06:20:32.583: W/Settings(13406): Setting install_non_market_apps has moved from android.provider.Settings.Secure to android.provider.Settings.Global.
10-13 06:20:32.613: I/Adreno-EGL(13406): <qeglDrvAPI_eglInitialize:320>: EGL 1.4 QUALCOMM build:  (CL3776187)
10-13 06:20:32.613: I/Adreno-EGL(13406): OpenGL ES Shader Compiler Version: 
10-13 06:20:32.613: I/Adreno-EGL(13406): Build Date: 10/15/13 Tue
10-13 06:20:32.613: I/Adreno-EGL(13406): Local Branch: 
10-13 06:20:32.613: I/Adreno-EGL(13406): Remote Branch: partner/upstream
10-13 06:20:32.613: I/Adreno-EGL(13406): Local Patches: 
10-13 06:20:32.613: I/Adreno-EGL(13406): Reconstruct Branch: 
10-13 06:20:32.643: I/Adreno-EGL(13406): <qeglDrvAPI_eglInitialize:320>: EGL 1.4 QUALCOMM build:  (CL3776187)
10-13 06:20:32.643: I/Adreno-EGL(13406): OpenGL ES Shader Compiler Version: 
10-13 06:20:32.643: I/Adreno-EGL(13406): Build Date: 10/15/13 Tue
10-13 06:20:32.643: I/Adreno-EGL(13406): Local Branch: 
10-13 06:20:32.643: I/Adreno-EGL(13406): Remote Branch: partner/upstream
10-13 06:20:32.643: I/Adreno-EGL(13406): Local Patches: 
10-13 06:20:32.643: I/Adreno-EGL(13406): Reconstruct Branch: 
10-13 06:20:32.683: I/WVCdm(181): CdmEngine::OpenSession
10-13 06:20:32.683: D/DrmWidevineDash(181): calling OEMCrypto_OpenSession...
10-13 06:20:32.693: D/DrmWidevineDash(181): OEMCrypto_OpenSession SID = 1
10-13 06:20:32.693: D/DrmWidevineDash(181): OEMCrypto_OpenSession returns 0
10-13 06:20:32.693: I/WVCdm(181): CdmEngine::QueryKeyControlInfo
10-13 06:20:32.693: I/WVCdm(181): CdmEngine::GenerateKeyRequest
10-13 06:20:32.693: D/DrmWidevineDash(181): calling OEMCrypto_LoadDeviceRSAKey. SID = 1
10-13 06:20:32.723: D/DrmWidevineDash(181): OEMCrypto_LoadDeviceRSAKey returns 0
10-13 06:20:32.723: D/DrmWidevineDash(181): calling OEMCrypto_GetDeviceID...
10-13 06:20:32.753: D/DrmWidevineDash(181): OEMCrypto_GetDeviceID returns 0
10-13 06:20:32.753: D/DrmWidevineDash(181): calling OEMCrypto_GenerateNonce. SID = 1
10-13 06:20:32.753: D/DrmWidevineDash(181): OEMCrypto_GenerateNonce returns 0
10-13 06:20:32.763: D/WVCdm(181): PrepareKeyRequest: nonce=2191803726
10-13 06:20:32.763: D/DrmWidevineDash(181): calling OEMCrypto_GenerateRSASignature. SID = 1
10-13 06:20:32.773: D/DrmWidevineDash(181): OEMCrypto_GenerateRSASignature needs buffer size = 256
10-13 06:20:32.773: D/DrmWidevineDash(181): OEMCrypto_GenerateRSASignature returns 7
10-13 06:20:32.773: D/DrmWidevineDash(181): calling OEMCrypto_GenerateRSASignature. SID = 1
10-13 06:20:32.893: D/DrmWidevineDash(181): OEMCrypto_GenerateRSASignature returns 0
10-13 06:20:32.893: I/WVCdm(181): CdmEngine::CloseSession
10-13 06:20:32.893: D/DrmWidevineDash(181): calling OEMCrypto_CloseSession. SID = 1
10-13 06:20:32.903: D/dalvikvm(12346): GC_FOR_ALLOC freed 1482K, 11% free 13857K/15440K, paused 61ms, total 61ms
10-13 06:20:32.903: D/DrmWidevineDash(181): OEMCrypto_CloseSession returns 0
10-13 06:20:32.973: D/dalvikvm(12346): GC_CONCURRENT freed 109K, 10% free 13904K/15440K, paused 4ms+8ms, total 70ms
10-13 06:20:32.993: I/CheckinUtil(12346): Classify the device as Tablet.
10-13 06:20:33.043: I/ProcessCheckinRequest(12346): cookie is null
10-13 06:20:33.053: W/Conscrypt(12346): Could not set socket write timeout:
10-13 06:20:33.053: W/Conscrypt(12346):    java.lang.reflect.Method.invokeNative(Native Method)
10-13 06:20:33.053: W/Conscrypt(12346):    java.lang.reflect.Method.invoke(Method.java:515)
10-13 06:20:33.063: W/Conscrypt(12346): Could not set socket write timeout:
10-13 06:20:33.063: W/Conscrypt(12346):    java.lang.reflect.Method.invokeNative(Native Method)
10-13 06:20:33.063: W/Conscrypt(12346):    java.lang.reflect.Method.invoke(Method.java:515)
10-13 06:20:33.093: I/ActivityManager(605): Waited long enough for: ServiceRecord{427147f0 u0 com.google.android.calendar/com.android.calendar.alerts.AlertService}
10-13 06:20:33.153: D/dalvikvm(12346): GC_CONCURRENT freed 1663K, 12% free 13798K/15656K, paused 3ms+6ms, total 60ms
10-13 06:20:33.153: D/dalvikvm(12346): WAIT_FOR_CONCURRENT_GC blocked 59ms
10-13 06:20:33.233: I/ProcessCheckinRequest(12346): REQUEST: c: "ac220b9fab36"
10-13 06:20:33.233: I/ProcessCheckinRequest(12346): d: "wifi"
10-13 06:20:33.233: I/ProcessCheckinRequest(12346): e: "07b73212"
10-13 06:20:33.233: I/ProcessCheckinRequest(12346): g: 4090871800267043026
10-13 06:20:33.233: I/ProcessCheckinRequest(12346): h: 2071134980272955596
10-13 06:20:33.233: I/ProcessCheckinRequest(12346): i: "1-9420133176c2e364b5d9959b45b98bcd365333a5"
10-13 06:20:33.233: I/ProcessCheckinRequest(12346): j: "es"
10-13 06:20:33.233: I/ProcessCheckinRequest(12346): k <
10-13 06:20:33.233: I/ProcessCheckinRequest(12346):   a <
10-13 06:20:33.233: I/ProcessCheckinRequest(12346):     a: "google/razor/flo:4.4/KRT16S/920375:user/release-keys"
10-13 06:20:33.233: I/ProcessCheckinRequest(12346):     c: "FLO-03.05"
10-13 06:20:33.233: I/ProcessCheckinRequest(12346):     d: "flo"
10-13 06:20:33.233: I/ProcessCheckinRequest(12346):     e: "google"
10-13 06:20:33.233: I/ProcessCheckinRequest(12346):     f: "android-google"
10-13 06:20:33.233: I/ProcessCheckinRequest(12346):     g: 1384567696
10-13 06:20:33.233: I/ProcessCheckinRequest(12346):     h: 11509030
10-13 06:20:33.233: I/ProcessCheckinRequest(12346):     i: 19
10-13 06:20:33.233: I/ProcessCheckinRequest(12346):     j: "flo"
10-13 06:20:33.233: I/ProcessCheckinRequest(12346):     k: "Nexus 7"
10-13 06:20:33.233: I/ProcessCheckinRequest(12346):     l: "asus"
10-13 06:20:33.233: I/ProcessCheckinRequest(12346):     m: "razor"
10-13 06:20:33.233: I/ProcessCheckinRequest(12346):     n: false
10-13 06:20:33.233: I/ProcessCheckinRequest(12346):     o <
10-13 06:20:33.233: I/ProcessCheckinRequest(12346):       a: 2
10-13 06:20:33.233: I/ProcessCheckinRequest(12346):       b: "tablet-android-google"
10-13 06:20:33.233: I/ProcessCheckinRequest(12346):     >
10-13 06:20:33.233: I/ProcessCheckinRequest(12346):     o <
10-13 06:20:33.233: I/ProcessCheckinRequest(12346):       a: 4
10-13 06:20:33.233: I/ProcessCheckinRequest(12346):       b: "gmm-android-google"
10-13 06:20:33.233: I/ProcessCheckinRequest(12346):     >
10-13 06:20:33.233: I/ProcessCheckinRequest(12346):     o <
10-13 06:20:33.233: I/ProcessCheckinRequest(12346):       a: 6
10-13 06:20:33.233: I/ProcessCheckinRequest(12346):       b: "am-android-google"
10-13 06:20:33.233: I/ProcessCheckinRequest(12346):     >
10-13 06:20:33.233: I/ProcessCheckinRequest(12346):     o <
10-13 06:20:33.233: I/ProcessCheckinRequest(12346):       a: 1
10-13 06:20:33.233: I/ProcessCheckinRequest(12346):       b: "android-google"
10-13 06:20:33.233: I/ProcessCheckinRequest(12346):     >
10-13 06:20:33.233: I/ProcessCheckinRequest(12346):     o <
10-13 06:20:33.233: I/ProcessCheckinRequest(12346):       a: 9
10-13 06:20:33.233: I/ProcessCheckinRequest(12346):       b: "tablet-android-google"
10-13 06:20:33.233: I/ProcessCheckinRequest(12346):     >
10-13 06:20:33.233: I/ProcessCheckinRequest(12346):     o <
10-13 06:20:33.233: I/ProcessCheckinRequest(12346):       a: 5
10-13 06:20:33.233: I/ProcessCheckinRequest(12346):       b: "mvapp-android-google"
10-13 06:20:33.233: I/ProcessCheckinRequest(12346):     >
10-13 06:20:33.233: I/ProcessCheckinRequest(12346):   >
10-13 06:20:33.233: I/ProcessCheckinRequest(12346):   b: 1507784046716
10-13 06:20:33.233: I/ProcessCheckinRequest(12346):   g: "WIFI::"
10-13 06:20:33.233: I/ProcessCheckinRequest(12346):   i: 0
10-13 06:20:33.233: I/ProcessCheckinRequest(12346):   j: 3
10-13 06:20:33.233: I/ProcessCheckinRequest(12346):   k <
10-13 06:20:33.233: I/ProcessCheckinRequest(12346):     a: 8
10-13 06:20:33.233: I/ProcessCheckinRequest(12346):     b: 2
10-13 06:20:33.233: I/ProcessCheckinRequest(12346):     c: "unspecified"
10-13 06:20:33.233: I/ProcessCheckinRequest(12346):     d: ""
10-13 06:20:33.233: I/ProcessCheckinRequest(12346):     e: false
10-13 06:20:33.233: I/ProcessCheckinRequest(12346):   >
10-13 06:20:33.233: I/ProcessCheckinRequest(12346): >
10-13 06:20:33.233: I/ProcessCheckinRequest(12346): l: "[4A2NI7OQOTX46RNLLDCZ5QQEKA-00@cloudtestlabaccounts.com]"
10-13 06:20:33.233: I/ProcessCheckinRequest(12346): m: "America/Los_Angeles"
10-13 06:20:33.233: I/ProcessCheckinRequest(12346): n: 5477478549688874848
10-13 06:20:33.233: I/ProcessCheckinRequest(12346): o: 3
10-13 06:20:33.233: I/ProcessCheckinRequest(12346): p: "dKXTm1QH9QShGQwBM/4rg6/lCNQ="
10-13 06:20:33.233: I/ProcessCheckinRequest(12346): q <
10-13 06:20:33.233: I/ProcessCheckinRequest(12346):   a: 3
10-13 06:20:33.233: I/ProcessCheckinRequest(12346):   b: 1
10-13 06:20:33.233: I/ProcessCheckinRequest(12346):   c: 1
10-13 06:20:33.233: I/ProcessCheckinRequest(12346):   d: 3
10-13 06:20:33.233: I/ProcessCheckinRequest(12346):   e: false
10-13 06:20:33.233: I/ProcessCheckinRequest(12346):   f: false
10-13 06:20:33.233: I/ProcessCheckinRequest(12346):   g: 320
10-13 06:20:33.233: I/ProcessCheckinRequest(12346):   h: 1200
10-13 06:20:33.233: I/ProcessCheckinRequest(12346):   i: 1824
10-13 06:20:33.233: I/ProcessCheckinRequest(12346):   j: 196608
10-13 06:20:33.233: I/ProcessCheckinRequest(12346):   k: "android.test.runner"
10-13 06:20:33.233: I/ProcessCheckinRequest(12346):   k: "com.android.future.usb.accessory"
10-13 06:20:33.233: I/ProcessCheckinRequest(12346):   k: "com.android.location.provider"
10-13 06:20:33.233: I/ProcessCheckinRequest(12346):   k: "com.google.android.gms"
10-13 06:20:33.233: I/ProcessCheckinRequest(12346):   k: "com.google.android.maps"
10-13 06:20:33.233: I/ProcessCheckinRequest(12346):   k: "com.google.android.media.effects"
10-13 06:20:33.233: I/ProcessCheckinRequest(12346):   k: "com.google.widevine.software.drm"
10-13 06:20:33.233: I/ProcessCheckinRequest(12346):   k: "javax.obex"
10-13 06:20:33.233: I/ProcessCheckinRequest(12346):   l: "android.hardware.audio.low_latency"
10-13 06:20:33.233: I/ProcessCheckinRequest(12346):   l: "android.hardware.bluetooth"
10-13 06:20:33.233: I/ProcessCheckinRequest(12346):   l: "android.hardware.bluetooth_le"
10-13 06:20:33.233: I/ProcessCheckinRequest(12346):   l: "android.hardware.camera"
10-13 06:20:33.233: I/ProcessCheckinRequest(12346):   l: "android.hardware.camera.any"
10-13 06:20:33.233: I/ProcessCheckinRequest(12346):   l: "android.hardware.camera.autofocus"
10-13 06:20:33.233: I/ProcessCheckinRequest(12346):   l: "android.hardware.camera.flash"
10-13 06:20:33.233: I/ProcessCheckinRequest(12346):   l: "android.hardware.camera.front"
10-13 06:20:33.233: I/ProcessCheckinRequest(12346):   l: "android.hardware.faketouch"
10-13 06:20:33.233: I/ProcessCheckinRequest(12346):   l: "android.hardware.location"
10-13 06:20:33.233: I/ProcessCheckinRequest(12346):   l: "android.hardware.location.gps"
10-13 06:20:33.233: I/ProcessCheckinRequest(12346):   l: "android.hardware.location.network"
10-13 06:20:33.233: I/ProcessCheckinRequest(12346):   l: "android.hardware.microphone"
10-13 06:20:33.233: I/ProcessCheckinRequest(12346):   l: "android.hardware.nfc"
10-13 06:20:33.233: I/ProcessCheckinRequest(12346):   l: "android.hardware.nfc.hce"
10-13 06:20:33.233: I/ProcessCheckinRequest(12346):   l: "android.hardware.screen.landscape"
10-13 06:20:33.233: I/ProcessCheckinRequest(12346):   l: "android.hardware.screen.portrait"
10-13 06:20:33.233: I/ProcessCheckinRequest(12346):   l: "android.hardware.sensor.accelerometer"
10-13 06:20:33.233: I/ProcessCheckinRequest(12346):   l: "android.hardware.sensor.compass"
10-13 06:20:33.233: I/ProcessCheckinRequest(12346):   l: "android.hardware.sensor.gyroscope"
10-13 06:20:33.233: I/ProcessCheckinRequest(12346):   l: "android.hardware.sensor.light"
10-13 06:20:33.233: I/ProcessCheckinRequest(12346):   l: "android.hardware.touchscreen"
10-13 06:20:33.233: I/ProcessCheckinRequest(12346):   l: "android.hardware.touchscreen.multitouch"
10-13 06:20:33.233: I/ProcessCheckinRequest(12346):   l: "android.hardware.touchscreen.multitouch.distinct"
10-13 06:20:33.233: I/ProcessCheckinRequest(12346):   l: "android.hardware.touchscreen.multitouch.jazzhand"
10-13 06:20:33.233: I/ProcessCheckinRequest(12346):   l: "android.hardware.usb.accessory"
10-13 06:20:33.233: I/ProcessCheckinRequest(12346):   l: "android.hardware.usb.host"
10-13 06:20:33.233: I/ProcessCheckinRequest(12346):   l: "android.hardware.wifi"
10-13 06:20:33.233: I/ProcessCheckinRequest(12346):   l: "android.hardware.wifi.direct"
10-13 06:20:33.233: I/ProcessCheckinRequest(12346):   l: "android.software.app_widgets"
10-13 06:20:33.233: I/ProcessCheckinRequest(12346):   l: "android.software.device_admin"
10-13 06:20:33.233: I/ProcessCheckinRequest(12346):   l: "android.software.home_screen"
10-13 06:20:33.233: I/ProcessCheckinRequest(12346):   l: "android.software.input_methods"
10-13 06:20:33.233: I/ProcessCheckinRequest(12346):   l: "android.software.live_wallpaper"
10-13 06:20:33.233: I/ProcessCheckinRequest(12346):   l: "android.software.sip"
10-13 06:20:33.233: I/ProcessCheckinRequest(12346):   l: "android.software.sip.voip"
10-13 06:20:33.233: I/ProcessCheckinRequest(12346):   l: "com.google.android.feature.GOOGLE_BUILD"
10-13 06:20:33.233: I/ProcessCheckinRequest(12346):   l: "com.google.android.feature.GOOGLE_EXPERIENCE"
10-13 06:20:33.233: I/ProcessCheckinRequest(12346):   m <
10-13 06:20:33.233: I/ProcessCheckinRequest(12346):     a: "android.hardware.audio.low_latency"
10-13 06:20:33.233: I/ProcessCheckinRequest(12346):     b: 0
10-13 06:20:33.233: I/ProcessCheckinRequest(12346):   >
10-13 06:20:33.233: I/ProcessCheckinRequest(12346):   m <
10-13 06:20:33.233: I/ProcessCheckinRequest(12346):     a: "android.hardware.bluetooth"
10-13 06:20:33.233: I/ProcessCheckinRequest(12346):     b: 0
10-13 06:20:33.233: I/ProcessCheckinRequest(12346):   >
10-13 06:20:33.233: I/ProcessCheckinRequest(12346):   m <
10-13 06:20:33.233: I/ProcessCheckinRequest(12346):     a: "android.hardware.bluetooth_le"
10-13 06:20:33.233: I/ProcessCheckinRequest(12346):     b: 0
10-13 06:20:33.233: I/ProcessCheckinRequest(12346):   >
10-13 06:20:33.233: I/ProcessCheckinRequest(12346):   m <
10-13 06:20:33.233: I/ProcessCheckinRequest(12346):     a: "android.hardware.camera"
10-13 06:20:33.233: I/ProcessCheckinRequest(12346):     b: 0
10-13 06:20:33.233: I/ProcessCheckinRequest(12346):   >
10-13 06:20:33.233: I/ProcessCheckinRequest(12346):   m <
10-13 06:20:33.233: I/ProcessCheckinRequest(12346):     a: "android.hardware.camera.any"
10-13 06:20:33.233: I/ProcessCheckinRequest(12346):     b: 0
10-13 06:20:33.233: I/ProcessCheckinRequest(12346):   >
10-13 06:20:33.233: I/ProcessCheckinRequest(12346):   m <
10-13 06:20:33.233: I/ProcessCheckinRequest(12346):     a: "android.hardware.camera.autofocus"
10-13 06:20:33.233: I/ProcessCheckinRequest(12346):     b: 0
10-13 06:20:33.233: I/ProcessCheckinRequest(12346):   >
10-13 06:20:33.233: I/ProcessCheckinRequest(12346):   m <
10-13 06:20:33.233: I/ProcessCheckinRequest(12346):     a: "android.hardware.camera.flash"
10-13 06:20:33.233: I/ProcessCheckinRequest(12346):     b: 0
10-13 06:20:33.233: I/ProcessCheckinRequest(12346):   >
10-13 06:20:33.233: I/ProcessCheckinRequest(12346):   m <
10-13 06:20:33.233: I/ProcessCheckinRequest(12346):     a: "android.hardware.camera.front"
10-13 06:20:33.233: I/ProcessCheckinRequest(12346):     b: 0
10-13 06:20:33.233: I/ProcessCheckinRequest(12346):   >
10-13 06:20:33.233: I/ProcessCheckinRequest(12346):   m <
10-13 06:20:33.233: I/ProcessCheckinRequest(12346):     a: "android.hardware.faketouch"
10-13 06:20:33.233: I/ProcessCheckinRequest(12346):     b: 0
10-13 06:20:33.233: I/ProcessCheckinRequest(12346):   >
10-13 06:20:33.233: I/ProcessCheckinRequest(12346):   m <
10-13 06:20:33.233: I/ProcessCheckinRequest(12346):     a: "android.hardware.location"
10-13 06:20:33.233: I/ProcessCheckinRequest(12346):     b: 0
10-13 06:20:33.233: I/ProcessCheckinRequest(12346):   >
10-13 06:20:33.233: I/ProcessCheckinRequest(12346):   m <
10-13 06:20:33.233: I/ProcessCheckinRequest(12346):     a: "android.hardware.location.gps"
10-13 06:20:33.233: I/ProcessCheckinRequest(12346):     b: 0
10-13 06:20:33.233: I/ProcessCheckinRequest(12346):   >
10-13 06:20:33.233: I/ProcessCheckinRequest(12346):   m <
10-13 06:20:33.233: I/ProcessCheckinRequest(12346):     a: "android.hardware.location.network"
10-13 06:20:33.233: I/ProcessCheckinRequest(12346):     b: 0
10-13 06:20:33.233: I/ProcessCheckinRequest(12346):   >
10-13 06:20:33.233: I/ProcessCheckinRequest(12346):   m <
10-13 06:20:33.233: I/ProcessCheckinRequest(12346):     a: "android.hardware.microphone"
10-13 06:20:33.233: I/ProcessCheckinRequest(12346):     b: 0
10-13 06:20:33.233: I/ProcessCheckinRequest(12346):   >
10-13 06:20:33.233: I/ProcessCheckinRequest(12346):   m <
10-13 06:20:33.233: I/ProcessCheckinRequest(12346):     a: "android.hardware.nfc"
10-13 06:20:33.233: I/ProcessCheckinRequest(12346):     b: 0
10-13 06:20:33.233: I/ProcessCheckinRequest(12346):   >
10-13 06:20:33.233: I/ProcessCheckinRequest(12346):   m <
10-13 06:20:33.233: I/ProcessCheckinRequest(12346):     a: "android.hardware.nfc.hce"
10-13 06:20:33.233: I/ProcessCheckinRequest(12346):     b: 0
10-13 06:20:33.233: I/ProcessCheckinRequest(12346):   >
10-13 06:20:33.233: I/ProcessCheckinRequest(12346):   m <
10-13 06:20:33.233: I/ProcessCheckinRequest(12346):     a: "android.hardware.screen.landscape"
10-13 06:20:33.233: I/ProcessCheckinRequest(12346):     b: 0
10-13 06:20:33.233: I/ProcessCheckinRequest(12346):   >
10-13 06:20:33.233: I/ProcessCheckinRequest(12346):   m <
10-13 06:20:33.233: I/ProcessCheckinRequest(12346):     a: "android.hardware.screen.portrait"
10-13 06:20:33.233: I/ProcessCheckinRequest(12346):     b: 0
10-13 06:20:33.233: I/ProcessCheckinRequest(12346):   >
10-13 06:20:33.233: I/ProcessCheckinRequest(12346):   m <
10-13 06:20:33.233: I/ProcessCheckinRequest(12346):     a: "android.hardware.sensor.accelerometer"
10-13 06:20:33.233: I/ProcessCheckinRequest(12346):     b: 0
10-13 06:20:33.233: I/ProcessCheckinRequest(12346):   >
10-13 06:20:33.233: I/ProcessCheckinRequest(12346):   m <
10-13 06:20:33.233: I/ProcessCheckinRequest(12346):     a: "android.hardware.sensor.compass"
10-13 06:20:33.233: I/ProcessCheckinRequest(12346):     b: 0
10-13 06:20:33.233: I/ProcessCheckinRequest(12346):   >
10-13 06:20:33.233: I/ProcessCheckinRequest(12346):   m <
10-13 06:20:33.233: I/ProcessCheckinRequest(12346):     a: "android.hardware.sensor.gyroscope"
10-13 06:20:33.233: I/ProcessCheckinRequest(12346):     b: 0
10-13 06:20:33.233: I/ProcessCheckinRequest(12346):   >
10-13 06:20:33.233: I/ProcessCheckinRequest(12346):   m <
10-13 06:20:33.233: I/ProcessCheckinRequest(12346):     a: "android.hardware.sensor.light"
10-13 06:20:33.233: I/ProcessCheckinRequest(12346):     b: 0
10-13 06:20:33.233: I/ProcessCheckinRequest(12346):   >
10-13 06:20:33.233: I/ProcessCheckinRequest(12346):   
10-13 06:20:33.263: I/GlobalDismissManager(12127): no sender configured
10-13 06:20:33.263: D/AlertService(12127): Beginning updateAlertNotification
10-13 06:20:33.273: D/AlertService(12127): No fired or scheduled alerts
10-13 06:20:33.273: D/AlertService(12127): Scheduling next alarm with AlarmScheduler. sEventReminderReceived: null
10-13 06:20:33.283: D/AlarmScheduler(12127): No events found starting within 1 week.
10-13 06:20:33.283: I/ActivityManager(605): Killing 12909:com.google.android.videos/u0a70 (adj 15): empty #17
10-13 06:20:33.283: I/ActivityManager(605): Killing 12857:com.google.android.talk/u0a49 (adj 15): empty #18
10-13 06:20:33.303: I/CastMediaRouteProvider(12346): in onDiscoveryRequestChanged: request=null
10-13 06:20:33.303: I/DiscoveryManager(12346): Filter criteria(null) scannerFlags(0)
10-13 06:20:33.303: I/Publisher(12346): onUpdateFilterCriteria null
10-13 06:20:33.303: W/MdnsClient_Cast(12346): Multicast lock held. Releasing. Subtypes:""
10-13 06:20:33.303: I/DeviceScanner(12346): [MDNS] notifyDevicesOffline: []
10-13 06:20:33.353: I/ProcessCheckinRequest(12346): updateCheckinIdTokenFileFromResponse, Reading existing AID
10-13 06:20:33.353: I/CheckinRequestBuilder(12346): Checkin reason type: 8 attempt count: 2
10-13 06:20:33.353: E/ActivityThread(12346): Failed to find provider info for com.google.android.wearable.settings
10-13 06:20:33.453: W/Auth(12307): [GetToken] GetToken failed with status code: INVALID_SCOPE
10-13 06:20:33.463: E/CheckinRequestBuilder(12346): Unrecoverable authentication exception: INVALID_SCOPE
10-13 06:20:33.463: E/CheckinRequestBuilder(12346): dyj: INVALID_SCOPE
10-13 06:20:33.463: E/CheckinRequestBuilder(12346): 	at dyn.a(:com.google.android.gms@11509030:16)
10-13 06:20:33.463: E/CheckinRequestBuilder(12346): 	at dym.a(:com.google.android.gms@11509030:2)
10-13 06:20:33.463: E/CheckinRequestBuilder(12346): 	at dym.e(:com.google.android.gms@11509030:6)
10-13 06:20:33.463: E/CheckinRequestBuilder(12346): 	at dyk.f(:com.google.android.gms@11509030:3)
10-13 06:20:33.463: E/CheckinRequestBuilder(12346): 	at dyk.a(:com.google.android.gms@11509030:4)
10-13 06:20:33.463: E/CheckinRequestBuilder(12346): 	at hfb.a(:com.google.android.gms@11509030:219)
10-13 06:20:33.463: E/CheckinRequestBuilder(12346): 	at hgb.a(:com.google.android.gms@11509030:18)
10-13 06:20:33.463: E/CheckinRequestBuilder(12346): 	at hgb.a(:com.google.android.gms@11509030:182)
10-13 06:20:33.463: E/CheckinRequestBuilder(12346): 	at com.google.android.gms.checkin.CheckinChimeraService.a(:com.google.android.gms@11509030:149)
10-13 06:20:33.463: E/CheckinRequestBuilder(12346): 	at hex.run(:com.google.android.gms@11509030:2)
10-13 06:20:33.463: E/CheckinRequestBuilder(12346): 	at jqa.run(:com.google.android.gms@11509030:25)
10-13 06:20:33.463: E/CheckinRequestBuilder(12346): 	at java.util.concurrent.ThreadPoolExecutor.runWorker(ThreadPoolExecutor.java:1112)
10-13 06:20:33.463: E/CheckinRequestBuilder(12346): 	at java.util.concurrent.ThreadPoolExecutor$Worker.run(ThreadPoolExecutor.java:587)
10-13 06:20:33.463: E/CheckinRequestBuilder(12346): 	at jvj.run(:com.google.android.gms@11509030)
10-13 06:20:33.463: E/CheckinRequestBuilder(12346): 	at java.lang.Thread.run(Thread.java:841)
10-13 06:20:33.473: I/CheckinUtil(12346): Classify the device as Tablet.
10-13 06:20:33.513: E/ProcessCheckinRequest(12346): CheckinNowTaskTag : Checkin Succeeded: https://android.clients.google.com/checkin (request #1): 
10-13 06:20:34.084: I/GAV2(12080): Thread[GAThread,5,main]: No campaign data found.
10-13 06:20:37.998: I/ActivityManager(605): Killing 12969:com.google.android.youtube/u0a73 (adj 15): empty #17
10-13 06:20:38.638: I/ActivityManager(605): Killing 13195:com.google.android.play.games.ui/u0a65 (adj 15): empty #17
10-13 06:20:39.139: D/AndroidRuntime(13755): >>>>>> AndroidRuntime START com.android.internal.os.RuntimeInit <<<<<<
10-13 06:20:39.139: D/AndroidRuntime(13755): CheckJNI is OFF
10-13 06:20:39.159: D/dalvikvm(13755): Trying to load lib libjavacore.so 0x0
10-13 06:20:39.159: D/dalvikvm(13755): Added shared lib libjavacore.so 0x0
10-13 06:20:39.159: D/dalvikvm(13755): Trying to load lib libnativehelper.so 0x0
10-13 06:20:39.159: D/dalvikvm(13755): Added shared lib libnativehelper.so 0x0
10-13 06:20:39.159: D/dalvikvm(13755): No JNI_OnLoad found in libnativehelper.so 0x0, skipping init
10-13 06:20:39.199: D/dalvikvm(13755): Note: class Landroid/app/ActivityManagerNative; has 179 unimplemented (abstract) methods
10-13 06:20:39.389: D/AndroidRuntime(13755): Calling main entry com.android.commands.pm.Pm
10-13 06:20:39.449: D/AndroidRuntime(13755): Shutting down VM
10-13 06:20:39.449: D/dalvikvm(13755): GC_CONCURRENT freed 254K, 32% free 566K/824K, paused 1ms+0ms, total 3ms
10-13 06:20:40.400: D/dalvikvm(12346): GC_CONCURRENT freed 1612K, 13% free 13727K/15648K, paused 13ms+4ms, total 58ms
10-13 06:20:40.750: D/AndroidRuntime(13784): >>>>>> AndroidRuntime START com.android.internal.os.RuntimeInit <<<<<<
10-13 06:20:40.750: D/AndroidRuntime(13784): CheckJNI is OFF
10-13 06:20:40.770: D/dalvikvm(13784): Trying to load lib libjavacore.so 0x0
10-13 06:20:40.770: D/dalvikvm(13784): Added shared lib libjavacore.so 0x0
10-13 06:20:40.770: D/dalvikvm(13784): Trying to load lib libnativehelper.so 0x0
10-13 06:20:40.770: D/dalvikvm(13784): Added shared lib libnativehelper.so 0x0
10-13 06:20:40.770: D/dalvikvm(13784): No JNI_OnLoad found in libnativehelper.so 0x0, skipping init
10-13 06:20:40.811: D/dalvikvm(13784): Note: class Landroid/app/ActivityManagerNative; has 179 unimplemented (abstract) methods
10-13 06:20:40.831: D/dalvikvm(12688): GC_CONCURRENT freed 141K, 2% free 9793K/9972K, paused 2ms+2ms, total 25ms
10-13 06:20:41.001: D/AndroidRuntime(13784): Calling main entry com.android.commands.pm.Pm
10-13 06:20:41.011: W/ActivityManager(605): No content provider found for permission revoke: file:///data/local/tmp/app2675895187646970727.apk
10-13 06:20:41.051: W/ActivityManager(605): No content provider found for permission revoke: file:///data/local/tmp/app2675895187646970727.apk
10-13 06:20:41.051: I/PackageManager(605): Copying native libraries to /data/app-lib/vmdl247244375
10-13 06:20:41.091: I/Auth(12307): [BroadcastManager] Broadcasting account services changed.
10-13 06:20:41.201: I/qtaguid(12688): Failed write_ctrl(u 53) res=-1 errno=22
10-13 06:20:41.201: I/qtaguid(12688): Untagging socket 53 failed errno=-22
10-13 06:20:41.201: W/NetworkManagementSocketTagger(12688): untagSocket(53) failed with errno -22
10-13 06:20:41.201: D/Finsky(12688): [1] 5.onFinished: Installation state replication succeeded.
10-13 06:20:41.231: D/dalvikvm(605): GC_CONCURRENT freed 1293K, 33% free 16914K/25060K, paused 3ms+8ms, total 95ms
10-13 06:20:41.231: D/dalvikvm(605): WAIT_FOR_CONCURRENT_GC blocked 23ms
10-13 06:20:41.231: D/dalvikvm(605): WAIT_FOR_CONCURRENT_GC blocked 80ms
10-13 06:20:41.591: D/dalvikvm(605): GC_CONCURRENT freed 2061K, 33% free 16840K/25060K, paused 2ms+8ms, total 93ms
10-13 06:20:41.591: D/dalvikvm(605): WAIT_FOR_CONCURRENT_GC blocked 86ms
10-13 06:20:41.781: D/dalvikvm(605): GC_CONCURRENT freed 1951K, 33% free 16860K/25060K, paused 2ms+9ms, total 96ms
10-13 06:20:41.781: D/dalvikvm(605): WAIT_FOR_CONCURRENT_GC blocked 87ms
10-13 06:20:41.832: I/PackageManager(605): Running dexopt on: com.google.android.apps.mtaas.crawler
10-13 06:20:42.462: D/dalvikvm(13805): DexOpt: 'Ljunit/extensions/ActiveTestSuite$1;' has an earlier definition; blocking out
10-13 06:20:42.462: D/dalvikvm(13805): DexOpt: 'Ljunit/framework/Assert;' has an earlier definition; blocking out
10-13 06:20:42.462: D/dalvikvm(13805): DexOpt: 'Ljunit/framework/AssertionFailedError;' has an earlier definition; blocking out
10-13 06:20:42.462: D/dalvikvm(13805): DexOpt: 'Ljunit/framework/ComparisonCompactor;' has an earlier definition; blocking out
10-13 06:20:42.462: D/dalvikvm(13805): DexOpt: 'Ljunit/framework/Protectable;' has an earlier definition; blocking out
10-13 06:20:42.462: D/dalvikvm(13805): DexOpt: 'Ljunit/framework/Test;' has an earlier definition; blocking out
10-13 06:20:42.462: D/dalvikvm(13805): DexOpt: 'Ljunit/framework/TestFailure;' has an earlier definition; blocking out
10-13 06:20:42.462: D/dalvikvm(13805): DexOpt: 'Ljunit/framework/TestListener;' has an earlier definition; blocking out
10-13 06:20:42.462: D/dalvikvm(13805): DexOpt: 'Ljunit/framework/TestResult;' has an earlier definition; blocking out
10-13 06:20:42.532: D/dalvikvm(13805): DexOpt: 'Ljunit/extensions/TestDecorator;' has an earlier definition; blocking out
10-13 06:20:42.532: D/dalvikvm(13805): DexOpt: 'Ljunit/extensions/TestSetup$1;' has an earlier definition; blocking out
10-13 06:20:42.532: D/dalvikvm(13805): DexOpt: 'Ljunit/framework/ComparisonFailure;' has an earlier definition; blocking out
10-13 06:20:42.532: D/dalvikvm(13805): DexOpt: 'Ljunit/framework/TestCase;' has an earlier definition; blocking out
10-13 06:20:42.532: D/dalvikvm(13805): DexOpt: 'Ljunit/framework/TestResult$1;' has an earlier definition; blocking out
10-13 06:20:42.532: D/dalvikvm(13805): DexOpt: 'Ljunit/framework/TestSuite;' has an earlier definition; blocking out
10-13 06:20:42.572: D/dalvikvm(13805): DexOpt: 'Ljunit/extensions/ActiveTestSuite;' has an earlier definition; blocking out
10-13 06:20:42.572: D/dalvikvm(13805): DexOpt: 'Ljunit/extensions/RepeatedTest;' has an earlier definition; blocking out
10-13 06:20:42.572: D/dalvikvm(13805): DexOpt: 'Ljunit/extensions/TestSetup;' has an earlier definition; blocking out
10-13 06:20:42.572: D/dalvikvm(13805): DexOpt: 'Ljunit/framework/TestSuite$1;' has an earlier definition; blocking out
10-13 06:20:42.662: I/dalvikvm(13805): DexOpt: not resolving ambiguous class 'Ljunit/framework/AssertionFailedError;'
10-13 06:20:42.682: I/dalvikvm(13805): DexOpt: not resolving ambiguous class 'Ljunit/framework/Test;'
10-13 06:20:42.692: I/dalvikvm(13805): DexOpt: not resolving ambiguous class 'Ljunit/framework/TestCase;'
10-13 06:20:42.692: I/dalvikvm(13805): DexOpt: not resolving ambiguous class 'Ljunit/framework/Assert;'
10-13 06:20:43.283: D/dalvikvm(13805): DexOpt: not verifying/optimizing 'Ljunit/extensions/ActiveTestSuite$1;': multiple definitions
10-13 06:20:43.283: D/dalvikvm(13805): DexOpt: not verifying/optimizing 'Ljunit/framework/Assert;': multiple definitions
10-13 06:20:43.283: D/dalvikvm(13805): DexOpt: not verifying/optimizing 'Ljunit/framework/AssertionFailedError;': multiple definitions
10-13 06:20:43.283: D/dalvikvm(13805): DexOpt: not verifying/optimizing 'Ljunit/framework/ComparisonCompactor;': multiple definitions
10-13 06:20:43.283: I/dalvikvm(13805): DexOpt: not resolving ambiguous class 'Ljunit/framework/Test;'
10-13 06:20:43.283: D/dalvikvm(13805): DexOpt: not verifying/optimizing 'Ljunit/framework/Protectable;': multiple definitions
10-13 06:20:43.283: D/dalvikvm(13805): DexOpt: not verifying/optimizing 'Ljunit/framework/Test;': multiple definitions
10-13 06:20:43.283: D/dalvikvm(13805): DexOpt: not verifying/optimizing 'Ljunit/framework/TestFailure;': multiple definitions
10-13 06:20:43.283: D/dalvikvm(13805): DexOpt: not verifying/optimizing 'Ljunit/framework/TestListener;': multiple definitions
10-13 06:20:43.283: D/dalvikvm(13805): DexOpt: not verifying/optimizing 'Ljunit/framework/TestResult;': multiple definitions
10-13 06:20:43.293: I/dalvikvm(13805): DexOpt: not resolving ambiguous class 'Ljunit/framework/TestSuite;'
10-13 06:20:43.333: I/dalvikvm(13805): DexOpt: not resolving ambiguous class 'Ljunit/framework/AssertionFailedError;'
10-13 06:20:43.333: I/dalvikvm(13805): DexOpt: not resolving ambiguous class 'Ljunit/framework/AssertionFailedError;'
10-13 06:20:43.333: I/dalvikvm(13805): DexOpt: not resolving ambiguous class 'Ljunit/framework/AssertionFailedError;'
10-13 06:20:43.333: I/dalvikvm(13805): DexOpt: not resolving ambiguous class 'Ljunit/framework/AssertionFailedError;'
10-13 06:20:43.343: I/dalvikvm(13805): DexOpt: not resolving ambiguous class 'Ljunit/framework/TestSuite;'
10-13 06:20:43.343: I/dalvikvm(13805): DexOpt: not resolving ambiguous class 'Ljunit/framework/TestResult;'
10-13 06:20:43.343: I/dalvikvm(13805): DexOpt: not resolving ambiguous class 'Ljunit/framework/TestCase;'
10-13 06:20:43.343: I/dalvikvm(13805): DexOpt: not resolving ambiguous class 'Ljunit/framework/Test;'
10-13 06:20:43.393: D/dalvikvm(13805): DexOpt: couldn't find field Landroid/view/inputmethod/EditorInfo;.contentMimeTypes
10-13 06:20:43.573: I/CheckinCompat(12346): Done disabling old GoogleServicesFramework version
10-13 06:20:43.683: D/dalvikvm(13805): DexOpt: not verifying/optimizing 'Ljunit/extensions/TestDecorator;': multiple definitions
10-13 06:20:43.683: D/dalvikvm(13805): DexOpt: not verifying/optimizing 'Ljunit/extensions/TestSetup$1;': multiple definitions
10-13 06:20:43.683: D/dalvikvm(13805): DexOpt: not verifying/optimizing 'Ljunit/framework/ComparisonFailure;': multiple definitions
10-13 06:20:43.683: I/dalvikvm(13805): DexOpt: not resolving ambiguous class 'Ljunit/framework/TestResult;'
10-13 06:20:43.683: D/dalvikvm(13805): DexOpt: not verifying/optimizing 'Ljunit/framework/TestCase;': multiple definitions
10-13 06:20:43.683: D/dalvikvm(13805): DexOpt: not verifying/optimizing 'Ljunit/framework/TestResult$1;': multiple definitions
10-13 06:20:43.683: D/dalvikvm(13805): DexOpt: not verifying/optimizing 'Ljunit/framework/TestSuite;': multiple definitions
10-13 06:20:43.693: I/dalvikvm(13805): DexOpt: not resolving ambiguous class 'Ljunit/framework/TestSuite;'
10-13 06:20:43.693: I/dalvikvm(13805): DexOpt: not resolving ambiguous class 'Ljunit/framework/TestFailure;'
10-13 06:20:43.693: I/dalvikvm(13805): DexOpt: not resolving ambiguous class 'Ljunit/framework/TestCase;'
10-13 06:20:43.693: I/dalvikvm(13805): DexOpt: not resolving ambiguous class 'Ljunit/framework/TestCase;'
10-13 06:20:43.713: I/dalvikvm(13805): DexOpt: not resolving ambiguous class 'Ljunit/framework/TestSuite;'
10-13 06:20:43.713: I/dalvikvm(13805): DexOpt: not resolving ambiguous class 'Ljunit/framework/Protectable;'
10-13 06:20:43.713: I/dalvikvm(13805): DexOpt: not resolving ambiguous class 'Ljunit/framework/TestSuite;'
10-13 06:20:43.713: I/dalvikvm(13805): DexOpt: not resolving ambiguous class 'Ljunit/framework/TestSuite;'
10-13 06:20:43.713: I/dalvikvm(13805): DexOpt: not resolving ambiguous class 'Ljunit/framework/TestSuite;'
10-13 06:20:43.723: D/dalvikvm(13805): Note: class Landroid/app/ActivityManagerNative; has 179 unimplemented (abstract) methods
10-13 06:20:43.874: D/dalvikvm(13805): DexOpt: not verifying/optimizing 'Ljunit/extensions/ActiveTestSuite;': multiple definitions
10-13 06:20:43.874: D/dalvikvm(13805): DexOpt: not verifying/optimizing 'Ljunit/extensions/RepeatedTest;': multiple definitions
10-13 06:20:43.874: D/dalvikvm(13805): DexOpt: not verifying/optimizing 'Ljunit/extensions/TestSetup;': multiple definitions
10-13 06:20:43.874: D/dalvikvm(13805): DexOpt: not verifying/optimizing 'Ljunit/framework/TestSuite$1;': multiple definitions
10-13 06:20:43.874: I/dalvikvm(13805): DexOpt: not resolving ambiguous class 'Ljunit/framework/TestResult;'
10-13 06:20:43.874: I/dalvikvm(13805): DexOpt: not resolving ambiguous class 'Ljunit/framework/TestSuite;'
10-13 06:20:43.874: I/dalvikvm(13805): DexOpt: not resolving ambiguous class 'Ljunit/framework/TestSuite;'
10-13 06:20:43.974: I/dalvikvm(13805): DexOpt: not resolving ambiguous class 'Ljunit/framework/Test;'
10-13 06:20:44.374: I/dalvikvm(13805): DexOpt: not resolving ambiguous class 'Ljunit/framework/TestSuite;'
10-13 06:20:44.574: D/dalvikvm(13805): DexOpt: load 270ms, verify+opt 1951ms, 4907596 bytes
10-13 06:20:44.704: I/ActivityManager(605): Force stopping com.google.android.apps.mtaas.crawler appid=10086 user=-1: update pkg
10-13 06:20:44.764: W/PackageManager(605): Not granting permission android.permission.READ_FRAME_BUFFER to package com.google.android.apps.mtaas.crawler (protectionLevel=18 flags=0x8be44)
10-13 06:20:44.764: W/PackageManager(605): Not granting permission android.permission.DUMP to package com.google.android.apps.mtaas.crawler (protectionLevel=50 flags=0x8be44)
10-13 06:20:44.864: I/InputReader(605): Reconfiguring input devices.  changes=0x00000010
10-13 06:20:44.874: I/ActivityManager(605): Delay finish: com.android.musicfx/.Compatibility$Receiver
10-13 06:20:44.895: I/ActivityManager(605): Resuming delayed broadcast
10-13 06:20:44.905: I/ActivityManager(605): Delay finish: com.google.android.googlequicksearchbox/com.google.android.searchcommon.summons.icing.InternalIcingCorporaProvider$CorporaChangedReceiver
10-13 06:20:44.915: I/Icing.InternalIcingCorporaProvider(12080): Updating corpora: A: com.google.android.apps.mtaas.crawler, C: MAYBE
10-13 06:20:44.915: V/GelStubAppWatcher(12080): onReceive: android.intent.action.PACKAGE_ADDED
10-13 06:20:44.915: I/ActivityManager(605): Resuming delayed broadcast
10-13 06:20:44.915: I/Launcher(880): Deferring update until onResume
10-13 06:20:44.975: D/BackupManagerService(605): Received broadcast Intent { act=android.intent.action.PACKAGE_ADDED dat=package:com.google.android.apps.mtaas.crawler flg=0x4000010 (has extras) }
10-13 06:20:44.975: W/GoogleSignatureVerifier(12332): Test-keys aren't accepted on this build.
10-13 06:20:44.975: V/BackupManagerService(605): addPackageParticipantsLocked: #1
10-13 06:20:44.985: I/FontsPackageChangeOp(12346): Package com.google.android.apps.mtaas.crawler has no metadata
10-13 06:20:45.005: D/Wear_Controller(12346): Received broadcast action=android.intent.action.PACKAGE_ADDED and uri=com.google.android.apps.mtaas.crawler
10-13 06:20:45.025: I/Icing(12346): IndexChimeraService.getServiceInterface callingPackage=com.google.android.gms componentName=AppsCorpus serviceId=32
10-13 06:20:45.045: I/Icing(12346): IndexChimeraService.getServiceInterface callingPackage=com.google.android.gms componentName=AppsCorpus serviceId=36
10-13 06:20:45.055: D/dalvikvm(605): GC_EXPLICIT freed 1209K, 33% free 16975K/25060K, paused 4ms+16ms, total 222ms
10-13 06:20:45.065: D/AndroidRuntime(13784): Shutting down VM
10-13 06:20:45.065: D/dalvikvm(13784): GC_CONCURRENT freed 95K, 16% free 560K/660K, paused 1ms+0ms, total 3ms
10-13 06:20:45.115: D/dalvikvm(12307): GC_EXPLICIT freed 536K, 8% free 11572K/12548K, paused 3ms+4ms, total 37ms
10-13 06:20:45.125: I/Icing(12346): Usage reports 0 indexed 0 rejected 0 imm upload false
10-13 06:20:45.125: I/Icing(12346): Usage reports 0 indexed 0 rejected 0 imm upload false
10-13 06:20:46.146: I/Icing(12346): Indexing 692144415BC389EB5FFBC561480665F3BA90251C from com.google.android.gms
10-13 06:20:46.176: I/Icing(12346): Indexing done 692144415BC389EB5FFBC561480665F3BA90251C
10-13 06:20:47.177: I/OMXClient(13855): Using client-side OMX mux.
10-13 06:20:47.187: E/OMX-VENC-720p(181):  Is component secure 0
10-13 06:20:47.227: E/OMX-VENC-720p(181): set_parameter: metamode is valid for input port only
10-13 06:20:47.227: E/OMXNodeInstance(181): OMX_SetParameter() failed for StoreMetaDataInBuffers: 0x80001019
10-13 06:20:47.227: E/ACodec(13855): [OMX.qcom.video.encoder.avc] storeMetaDataInBuffers (output) failed w/ err -2147483648
10-13 06:20:47.227: E/OMX-VENC-720p(181): WARNING: Unsupported Color format [2130708361]
10-13 06:20:47.227: E/OMX-VENC-720p(181): C2D init is successful
10-13 06:20:47.227: E/OMX-VENC-720p(181): WARNING: Unsupported Color format [2130708361]
10-13 06:20:47.227: E/OMX-VENC-720p(181):  venc_set_intra_period: nPFrames = 300 nBFrames = 0
10-13 06:20:47.227: I/ACodec(13855): setupVideoEncoder succeeded
10-13 06:20:47.247: D/PermissionCache(178): checking android.permission.ACCESS_SURFACE_FLINGER for uid=2000 => granted (396 us)
10-13 06:20:47.247: E/OMX-VENC-720p(181):  Allocated virt:0xb40e0000, FD: 49 of size 1720320 at index: 0
10-13 06:20:47.257: E/OMX-VENC-720p(181):  Allocated virt:0xb3f3c000, FD: 51 of size 1720320 at index: 1
10-13 06:20:47.267: I/videocat(13855): Encoding 800x1280 video/avc at 1048576 bits per second
10-13 06:20:47.277: E/OMX-VENC-720p(181):  open Color conv for RGBA888
10-13 06:20:49.499: I/IcingInternalCorpora(12346): EventIndexer: starting incremental update
10-13 06:20:49.499: I/IcingInternalCorpora(12346): EventIndexer: 0 added, 0 removed, 0 changed, 0 unchanged, 0 errors.
10-13 06:20:49.499: I/IcingInternalCorpora(12346): EventIndexer: finished after 3 ms.
10-13 06:20:52.072: I/ActivityManager(605): Killing 13218:com.google.android.keep/u0a51 (adj 15): empty #17
10-13 06:20:54.294: D/AndroidRuntime(13895): >>>>>> AndroidRuntime START com.android.internal.os.RuntimeInit <<<<<<
10-13 06:20:54.294: D/AndroidRuntime(13895): CheckJNI is OFF
10-13 06:20:54.314: D/dalvikvm(13895): Trying to load lib libjavacore.so 0x0
10-13 06:20:54.314: D/dalvikvm(13895): Added shared lib libjavacore.so 0x0
10-13 06:20:54.324: D/dalvikvm(13895): Trying to load lib libnativehelper.so 0x0
10-13 06:20:54.324: D/dalvikvm(13895): Added shared lib libnativehelper.so 0x0
10-13 06:20:54.324: D/dalvikvm(13895): No JNI_OnLoad found in libnativehelper.so 0x0, skipping init
10-13 06:20:54.354: D/dalvikvm(13895): Note: class Landroid/app/ActivityManagerNative; has 179 unimplemented (abstract) methods
10-13 06:20:54.544: D/AndroidRuntime(13895): Calling main entry com.android.commands.settings.SettingsCmd
10-13 06:20:54.574: D/AndroidRuntime(13895): Shutting down VM
10-13 06:20:54.584: D/dalvikvm(13895): GC_CONCURRENT freed 96K, 15% free 562K/660K, paused 0ms+0ms, total 3ms
10-13 06:20:55.145: D/AndroidRuntime(13913): >>>>>> AndroidRuntime START com.android.internal.os.RuntimeInit <<<<<<
10-13 06:20:55.145: D/AndroidRuntime(13913): CheckJNI is OFF
10-13 06:20:55.165: D/dalvikvm(13913): Trying to load lib libjavacore.so 0x0
10-13 06:20:55.165: D/dalvikvm(13913): Added shared lib libjavacore.so 0x0
10-13 06:20:55.165: D/dalvikvm(13913): Trying to load lib libnativehelper.so 0x0
10-13 06:20:55.165: D/dalvikvm(13913): Added shared lib libnativehelper.so 0x0
10-13 06:20:55.165: D/dalvikvm(13913): No JNI_OnLoad found in libnativehelper.so 0x0, skipping init
10-13 06:20:55.205: D/dalvikvm(13913): Note: class Landroid/app/ActivityManagerNative; has 179 unimplemented (abstract) methods
10-13 06:20:55.385: D/AndroidRuntime(13913): Calling main entry com.android.commands.settings.SettingsCmd
10-13 06:20:55.405: D/AndroidRuntime(13913): Shutting down VM
10-13 06:20:55.405: D/dalvikvm(13913): GC_CONCURRENT freed 96K, 15% free 562K/660K, paused 0ms+0ms, total 3ms
10-13 06:20:55.945: D/AndroidRuntime(13929): >>>>>> AndroidRuntime START com.android.internal.os.RuntimeInit <<<<<<
10-13 06:20:55.955: D/AndroidRuntime(13929): CheckJNI is OFF
10-13 06:20:55.965: D/dalvikvm(13929): Trying to load lib libjavacore.so 0x0
