10-16 19:59:30.733: I/Finsky(5719): [1] com.google.android.finsky.cz.f.a(59): Package com.google.android.gm staleness changed from 0 to 1508198370733
10-16 19:59:30.733: I/Finsky(5719): [1] com.google.android.finsky.cz.f.a(59): Package com.google.android.apps.maps staleness changed from 0 to 1508198370733
10-16 19:59:30.733: I/Finsky(5719): [1] com.google.android.finsky.cz.f.a(59): Package com.google.android.apps.gcs staleness changed from 0 to 1508198370733
10-16 19:59:30.733: I/Finsky(5719): [1] com.google.android.finsky.cz.f.a(59): Package com.google.android.play.games staleness changed from 0 to 1508198370733
10-16 19:59:30.733: I/Finsky(5719): [1] com.google.android.finsky.cz.f.a(59): Package com.google.android.inputmethod.latin staleness changed from 0 to 1508198370733
10-16 19:59:30.733: I/Finsky(5719): [1] com.google.android.finsky.cz.f.a(59): Package com.google.android.calendar staleness changed from 0 to 1508198370733
10-16 19:59:30.733: I/Finsky(5719): [1] com.google.android.finsky.cz.f.a(59): Package com.google.android.apps.plus staleness changed from 0 to 1508198370733
10-16 19:59:30.733: I/Finsky(5719): [1] com.google.android.finsky.cz.f.a(59): Package com.google.android.contacts staleness changed from 0 to 1508198370733
10-16 19:59:30.733: I/Finsky(5719): [1] com.google.android.finsky.cz.f.a(59): Package com.google.android.webview staleness changed from 0 to 1508198370733
10-16 19:59:30.733: I/Finsky(5719): [1] com.google.android.finsky.cz.f.a(59): Package com.google.android.apps.cloudprint staleness changed from 0 to 1508198370733
10-16 19:59:30.734: I/Finsky(5719): [1] com.google.android.finsky.cz.f.a(59): Package com.google.android.googlequicksearchbox staleness changed from 0 to 1508198370733
10-16 19:59:30.735: I/Finsky(5719): [1] com.google.android.finsky.bl.o.a(35): com.google.android.gm.exchange available because owned, overriding [restriction=7].
10-16 19:59:30.735: I/Finsky(5719): [1] com.google.android.finsky.bl.o.a(35): com.google.android.apps.gcs available because owned, overriding [restriction=7].
10-16 19:59:30.751: I/scp(5801): type=1400 audit(0.0:108): avc: denied { create } for name="app2530828631384417811.apk" scontext=u:r:init_shell:s0 tcontext=u:object_r:shell_data_file:s0 tclass=file permissive=1
10-16 19:59:30.751: I/scp(5801): type=1400 audit(0.0:109): avc: denied { write open } for path="/data/local/tmp/app2530828631384417811.apk" dev="loop6" ino=65589 scontext=u:r:init_shell:s0 tcontext=u:object_r:shell_data_file:s0 tclass=file permissive=1
10-16 19:59:30.751: I/scp(5801): type=1400 audit(0.0:110): avc: denied { getattr } for path="/data/local/tmp/app2530828631384417811.apk" dev="loop6" ino=65589 scontext=u:r:init_shell:s0 tcontext=u:object_r:shell_data_file:s0 tclass=file permissive=1
10-16 19:59:30.842: W/ResourcesManager(5719): Asset path '/system/framework/com.android.media.remotedisplay.jar' does not exist or contains no resources.
10-16 19:59:30.842: W/ResourcesManager(5719): Asset path '/system/framework/com.android.location.provider.jar' does not exist or contains no resources.
10-16 19:59:30.854: W/ResourcesManager(5719): Asset path '/system/framework/com.google.android.maps.jar' does not exist or contains no resources.
10-16 19:59:30.865: I/Finsky(5719): [1] com.google.android.finsky.updatechecker.impl.ab.e(295): Notifying user [2/21] applications have updates that require approval.
10-16 19:59:30.874: I/Finsky(5719): [1] com.google.android.finsky.updatechecker.impl.ReschedulerUsingJobScheduler.a(120): Scheduling auto-update check using JobScheduler.
10-16 19:59:30.881: I/Finsky(5719): [1] com.google.android.finsky.hygiene.DailyHygiene.c(236): Logging device features
10-16 19:59:30.887: I/Finsky(5719): [1] com.google.android.finsky.datasync.g.a(14): [Cache and Sync] mode not available for any accounts.
10-16 19:59:30.891: D/Volley(5719): [1] b.b: Cache cleared.
10-16 19:59:30.900: W/Settings(5719): Setting install_non_market_apps has moved from android.provider.Settings.Global to android.provider.Settings.Secure, returning read-only value.
10-16 19:59:30.901: W/Settings(5719): Setting download_manager_max_bytes_over_mobile has moved from android.provider.Settings.Secure to android.provider.Settings.Global.
10-16 19:59:30.919: I/Finsky(5719): [1] com.google.android.finsky.verifier.impl.VerifyInstalledPackagesReceiver.a(28): Skipping verification because verify apps is not enabled
10-16 19:59:30.920: W/WearSignatureVerifier(5719): No package com.google.android.wearable.app.cn
10-16 19:59:30.921: W/WearSignatureVerifier(5719): No package com.google.android.wearable.app.cn
10-16 19:59:30.922: W/WearSignatureVerifier(5719): No package com.google.android.wearable.app.cn
10-16 19:59:30.922: W/WearSignatureVerifier(5719): No package com.google.android.wearable.app.cn
10-16 19:59:30.924: D/WearableService(4596): onGetService - Wear is not available on this device.
10-16 19:59:30.927: W/WearSignatureVerifier(5719): No package com.google.android.wearable.app.cn
10-16 19:59:30.927: E/Finsky(5719): [1] com.google.android.finsky.wear.bl.a(3): onConnectionFailed: ConnectionResult{statusCode=API_UNAVAILABLE, resolution=null, message=null}
10-16 19:59:30.927: W/Finsky(5719): [1] com.google.android.finsky.wear.aj.run(9): Dropping command=hygiene due to Gms not connected
10-16 19:59:30.940: I/Finsky(5719): [470] com.google.android.finsky.flushlogs.FlushLogsReceiver$FlushLogsService.onHandleIntent(10): Flushing event logs for [pNO9ObzPejlK16Cz5STnAehdGGc]
10-16 19:59:30.940: I/PlayCommon(5719): [439] com.google.android.play.a.h.e(248): Preparing logs for uploading
10-16 19:59:30.958: E/PlayCommon(5719): [470] com.google.android.play.a.f.<init>(14): Failed to restore PlayMetalog
10-16 19:59:30.958: E/PlayCommon(5719): [470] com.google.android.play.a.f.<init>(20): Failed to restore LogsUploadAttempt
10-16 19:59:30.958: I/PlayCommon(5719): [471] com.google.android.play.a.h.e(248): Preparing logs for uploading
10-16 19:59:30.958: I/PlayCommon(5719): [471] com.google.android.play.a.h.e(252): No file ready to send
10-16 19:59:31.008: I/art(1679): Explicit concurrent mark sweep GC freed 24760(1777KB) AllocSpace objects, 26(1045KB) LOS objects, 33% free, 13MB/19MB, paused 454us total 67.213ms
10-16 19:59:31.015: I/PlayCommon(5719): [439] com.google.android.play.a.h.a(470): Connecting to server: https://play.googleapis.com/play/log?format=raw&proto_v2=true
10-16 19:59:31.069: D/AndroidRuntime(5812): >>>>>> START com.android.internal.os.RuntimeInit uid 0 <<<<<<
10-16 19:59:31.070: D/AndroidRuntime(5812): CheckJNI is OFF
10-16 19:59:31.072: I/Remoter(1322): Saved screenshot to '/data/screenshots/__pmv__-0103.jpg'
10-16 19:59:31.119: E/memtrack(5812): Couldn't load memtrack module (No such file or directory)
10-16 19:59:31.119: E/android.os.Debug(5812): failed to load memtrack module: -2
10-16 19:59:31.131: D/AndroidRuntime(5812): Calling main entry com.android.commands.pm.Pm
10-16 19:59:31.137: D/DefContainer(4078): Copying /data/local/tmp/app2530828631384417811.apk to base.apk
10-16 19:59:31.141: I/PlayCommon(5719): [439] com.google.android.play.a.h.a(527): Successfully uploaded logs.
10-16 19:59:31.154: I/PlayCommon(5719): [439] com.google.android.play.a.h.e(248): Preparing logs for uploading
10-16 19:59:31.154: I/PlayCommon(5719): [439] com.google.android.play.a.h.e(252): No file ready to send
10-16 19:59:31.293: W/Auth(4596): [GetToken] GetToken failed with status code: INVALID_SCOPE
10-16 19:59:31.293: W/AuthSessionAuthenticato(4596): Auth related exception is being ignored: INVALID_SCOPE
10-16 19:59:31.294: W/GLSUser(4596): [DeviceKeyStore] Cannot load key: Device key file not found.
10-16 19:59:31.294: W/GLSUser(4596): [DeviceKeyStore] Cannot load key: Device key file not found.
10-16 19:59:31.294: E/ctxmgr(4596): [BaseServerTask]Server task (WriteInterestRecordTask) got error statusCode=-1.
10-16 19:59:31.294: E/ctxmgr(4596): com.android.volley.VolleyError: Unable to obtain auth token - is the device online?
10-16 19:59:31.294: E/ctxmgr(4596): 	at cjq.a(:com.google.android.gms@11519270:39)
10-16 19:59:31.294: E/ctxmgr(4596): 	at cez.run(:com.google.android.gms@11519270:2)
10-16 19:59:31.294: E/ctxmgr(4596): 	at cex.handleMessage(:com.google.android.gms@11519270:3)
10-16 19:59:31.294: E/ctxmgr(4596): 	at mmw.run(:com.google.android.gms@11519270:6)
10-16 19:59:31.294: E/ctxmgr(4596): 	at mng.run(:com.google.android.gms@11519270:25)
10-16 19:59:31.294: E/ctxmgr(4596): 	at java.util.concurrent.ThreadPoolExecutor.runWorker(ThreadPoolExecutor.java:1112)
10-16 19:59:31.294: E/ctxmgr(4596): 	at java.util.concurrent.ThreadPoolExecutor$Worker.run(ThreadPoolExecutor.java:587)
10-16 19:59:31.294: E/ctxmgr(4596): 	at mso.run(:com.google.android.gms@11519270)
10-16 19:59:31.294: E/ctxmgr(4596): 	at java.lang.Thread.run(Thread.java:818)
10-16 19:59:31.294: E/ctxmgr(4596): [SyncServerInterestRecordsOperation]Failed WriteInterestRecord: network status=-1
10-16 19:59:31.341: I/highpool[2](4614): type=1400 audit(0.0:111): avc: denied { getattr } for path="/system/xbin/su" dev="sda3" ino=1767 scontext=u:r:untrusted_app:s0 tcontext=u:object_r:su_exec:s0 tclass=file permissive=1
10-16 19:59:31.371: I/highpool[2](4614): type=1400 audit(0.0:112): avc: denied { getattr } for path="/system/bin/bootanimation" dev="sda3" ino=321 scontext=u:r:untrusted_app:s0 tcontext=u:object_r:bootanim_exec:s0 tclass=file permissive=1
10-16 19:59:31.411: D/PackageManager(1679): Renaming /data/app/vmdl1857116020.tmp to /data/app/com.google.android.apps.mtaas.crawler-1
10-16 19:59:31.415: I/PackageManager(1679): Running dexopt on: /data/app/com.google.android.apps.mtaas.crawler-1/base.apk pkg=com.google.android.apps.mtaas.crawler isa=x86 vmSafeMode=false
10-16 19:59:31.423: E/cutils-trace(5826): Error opening trace file: Permission denied (13)
10-16 19:59:31.423: I/dex2oat(5826): /system/bin/dex2oat --zip-fd=6 --zip-location=/data/app/com.google.android.apps.mtaas.crawler-1/base.apk --oat-fd=7 --oat-location=/data/dalvik-cache/x86/data@app@com.google.android.apps.mtaas.crawler-1@base.apk@classes.dex --instruction-set=x86 --instruction-set-features=default --runtime-arg -Xms64m --runtime-arg -Xmx512m --swap-fd=8
10-16 19:59:31.371: I/highpool[2](4614): type=1400 audit(0.0:113): avc: denied { getattr } for path="/system/bin/clatd" dev="sda3" ino=328 scontext=u:r:untrusted_app:s0 tcontext=u:object_r:clatd_exec:s0 tclass=file permissive=1
10-16 19:59:31.371: I/highpool[2](4614): type=1400 audit(0.0:114): avc: denied { getattr } for path="/system/bin/debuggerd" dev="sda3" ino=337 scontext=u:r:untrusted_app:s0 tcontext=u:object_r:debuggerd_exec:s0 tclass=file permissive=1
10-16 19:59:31.371: I/highpool[2](4614): type=1400 audit(0.0:115): avc: denied { getattr } for path="/system/bin/dhcpcd" dev="sda3" ino=340 scontext=u:r:untrusted_app:s0 tcontext=u:object_r:dhcp_exec:s0 tclass=file permissive=1
10-16 19:59:31.371: I/highpool[2](4614): type=1400 audit(0.0:116): avc: denied { getattr } for path="/system/bin/dnsmasq" dev="sda3" ino=343 scontext=u:r:untrusted_app:s0 tcontext=u:object_r:dnsmasq_exec:s0 tclass=file permissive=1
10-16 19:59:31.371: I/highpool[2](4614): type=1400 audit(0.0:117): avc: denied { getattr } for path="/system/bin/drmserver" dev="sda3" ino=345 scontext=u:r:untrusted_app:s0 tcontext=u:object_r:drmserver_exec:s0 tclass=file permissive=1
10-16 19:59:31.371: I/highpool[2](4614): type=1400 audit(0.0:118): avc: denied { getattr } for path="/system/bin/dumpstate" dev="sda3" ino=347 scontext=u:r:untrusted_app:s0 tcontext=u:object_r:dumpstate_exec:s0 tclass=file permissive=1
10-16 19:59:31.551: D/WVCdm(1342): Instantiating CDM.
10-16 19:59:31.564: I/WVCdm(1342): CdmEngine::OpenSession
10-16 19:59:31.564: I/WVCdm(1342): Level3 Library Dec  3 2014 13:06:03
10-16 19:59:31.371: I/highpool[2](4614): type=1400 audit(0.0:119): avc: denied { getattr } for path="/system/bin/hostapd" dev="sda3" ino=366 scontext=u:r:untrusted_app:s0 tcontext=u:object_r:hostapd_exec:s0 tclass=file permissive=1
10-16 19:59:31.609: W/WVCdm(1342): Could not read /data/mediadrm/IDM1013/ay64.dat2: No such file or directory
10-16 19:59:31.371: I/highpool[2](4614): type=1400 audit(0.0:120): avc: denied { getattr } for path="/system/bin/installd" dev="sda3" ino=375 scontext=u:r:untrusted_app:s0 tcontext=u:object_r:installd_exec:s0 tclass=file permissive=1
10-16 19:59:31.609: W/WVCdm(1342): Could not load liboemcrypto.so. Falling Back to L3.  dlopen failed: library "liboemcrypto.so" not found
10-16 19:59:31.371: I/highpool[2](4614): type=1400 audit(0.0:121): avc: denied { getattr } for path="/system/bin/keystore" dev="sda3" ino=382 scontext=u:r:untrusted_app:s0 tcontext=u:object_r:keystore_exec:s0 tclass=file permissive=1
10-16 19:59:31.639: E/cutils-trace(5830): Error opening trace file: Permission denied (13)
10-16 19:59:31.639: I/dex2oat(5830): /system/bin/dex2oat --runtime-arg -classpath --runtime-arg  --instruction-set=x86 --instruction-set-features=default --runtime-arg -Xrelocate --boot-image=/system/framework/boot.art --dex-file=/data/data/com.google.android.gms/app_dg_cache/FAE8918C14E51B7EA388F4FE4AD2DB70B6A44F16/the.apk --oat-fd=38 --oat-location=/data/data/com.google.android.gms/app_dg_cache/FAE8918C14E51B7EA388F4FE4AD2DB70B6A44F16/opt/the.dex --runtime-arg -Xms64m --runtime-arg -Xmx512m
10-16 19:59:31.647: I/dex2oat(5830): dex2oat took 7.628ms (threads: 2) arena alloc=22KB java alloc=11KB native alloc=514KB free=7MB
10-16 19:59:31.371: I/highpool[2](4614): type=1400 audit(0.0:122): avc: denied { getattr } for path="/system/bin/lmkd" dev="sda3" ino=386 scontext=u:r:untrusted_app:s0 tcontext=u:object_r:lmkd_exec:s0 tclass=file permissive=1
10-16 19:59:31.371: I/highpool[2](4614): type=1400 audit(0.0:123): avc: denied { getattr } for path="/system/bin/logd" dev="sda3" ino=391 scontext=u:r:untrusted_app:s0 tcontext=u:object_r:logd_exec:s0 tclass=file permissive=1
10-16 19:59:31.371: I/highpool[2](4614): type=1400 audit(0.0:124): avc: denied { getattr } for path="/system/bin/mdnsd" dev="sda3" ino=398 scontext=u:r:untrusted_app:s0 tcontext=u:object_r:mdnsd_exec:s0 tclass=file permissive=1
10-16 19:59:31.724: I/dex2oat(5826): Decided to run without swap.
10-16 19:59:31.371: I/highpool[2](4614): type=1400 audit(0.0:125): avc: denied { getattr } for path="/system/bin/mediaserver" dev="sda3" ino=400 scontext=u:r:untrusted_app:s0 tcontext=u:object_r:mediaserver_exec:s0 tclass=file permissive=1
10-16 19:59:31.371: I/highpool[2](4614): type=1400 audit(0.0:126): avc: denied { getattr } for path="/system/bin/mtpd" dev="sda3" ino=406 scontext=u:r:untrusted_app:s0 tcontext=u:object_r:mtp_exec:s0 tclass=file permissive=1
10-16 19:59:31.371: I/highpool[2](4614): type=1400 audit(0.0:127): avc: denied { getattr } for path="/system/bin/netd" dev="sda3" ino=411 scontext=u:r:untrusted_app:s0 tcontext=u:object_r:netd_exec:s0 tclass=file permissive=1
10-16 19:59:31.371: I/highpool[2](4614): type=1400 audit(0.0:128): avc: denied { getattr } for path="/system/bin/pppd" dev="sda3" ino=423 scontext=u:r:untrusted_app:s0 tcontext=u:object_r:ppp_exec:s0 tclass=file permissive=1
10-16 19:59:31.371: I/highpool[2](4614): type=1400 audit(0.0:129): avc: denied { getattr } for path="/system/bin/racoon" dev="sda3" ino=428 scontext=u:r:untrusted_app:s0 tcontext=u:object_r:racoon_exec:s0 tclass=file permissive=1
10-16 19:59:31.839: I/WVCdm(1342): CdmEngine::QueryKeyControlInfo
10-16 19:59:31.847: W/WVCdm(1342): BufferReader::Read<T> : Failure during parse: Not enough bytes (4)
10-16 19:59:31.847: W/WVCdm(1342): CdmEngine::ExtractWidevinePssh: Unable to read PSSH atom size
10-16 19:59:31.847: I/WVCdm(1342): CdmEngine::GenerateKeyRequest
10-16 19:59:31.848: D/WVCdm(1342): PrepareKeyRequest: nonce=4188056444
10-16 19:59:31.371: I/highpool[2](4614): type=1400 audit(0.0:130): avc: denied { getattr } for path="/system/bin/rild" dev="sda3" ino=437 scontext=u:r:untrusted_app:s0 tcontext=u:object_r:rild_exec:s0 tclass=file permissive=1
10-16 19:59:31.371: I/highpool[2](4614): type=1400 audit(0.0:131): avc: denied { getattr } for path="/system/bin/sdcard" dev="sda3" ino=449 scontext=u:r:untrusted_app:s0 tcontext=u:object_r:sdcardd_exec:s0 tclass=file permissive=1
10-16 19:59:31.371: I/highpool[2](4614): type=1400 audit(0.0:132): avc: denied { getattr } for path="/system/bin/servicemanager" dev="sda3" ino=453 scontext=u:r:untrusted_app:s0 tcontext=u:object_r:servicemanager_exec:s0 tclass=file permissive=1
10-16 19:59:31.371: I/highpool[2](4614): type=1400 audit(0.0:133): avc: denied { getattr } for path="/system/bin/surfaceflinger" dev="sda3" ino=467 scontext=u:r:untrusted_app:s0 tcontext=u:object_r:surfaceflinger_exec:s0 tclass=file permissive=1
10-16 19:59:31.371: I/highpool[2](4614): type=1400 audit(0.0:134): avc: denied { getattr } for path="/system/bin/uncrypt" dev="sda3" ino=481 scontext=u:r:untrusted_app:s0 tcontext=u:object_r:uncrypt_exec:s0 tclass=file permissive=1
10-16 19:59:31.381: I/highpool[2](4614): type=1400 audit(0.0:135): avc: denied { getattr } for path="/system/bin/vdc" dev="sda3" ino=483 scontext=u:r:untrusted_app:s0 tcontext=u:object_r:vdc_exec:s0 tclass=file permissive=1
10-16 19:59:31.381: I/highpool[2](4614): type=1400 audit(0.0:136): avc: denied { getattr } for path="/system/bin/vold" dev="sda3" ino=487 scontext=u:r:untrusted_app:s0 tcontext=u:object_r:vold_exec:s0 tclass=file permissive=1
10-16 19:59:31.381: I/highpool[2](4614): type=1400 audit(0.0:137): avc: denied { getattr } for path="/system/bin/wpa_supplicant" dev="sda3" ino=492 scontext=u:r:untrusted_app:s0 tcontext=u:object_r:wpa_exec:s0 tclass=file permissive=1
10-16 19:59:31.781: I/Binder_3(4776): type=1400 audit(0.0:138): avc: denied { getattr } for name="/" dev="tracefs" ino=1 scontext=u:r:untrusted_app:s0 tcontext=u:object_r:unlabeled:s0 tclass=filesystem permissive=1
10-16 19:59:31.941: I/Binder_3(4776): type=1400 audit(0.0:139): avc: denied { read } for name="/" dev="tmpfs" ino=6056 scontext=u:r:untrusted_app:s0 tcontext=u:object_r:device:s0 tclass=dir permissive=1
10-16 19:59:31.941: I/Binder_3(4776): type=1400 audit(0.0:140): avc: denied { open } for path="/dev" dev="tmpfs" ino=6056 scontext=u:r:untrusted_app:s0 tcontext=u:object_r:device:s0 tclass=dir permissive=1
10-16 19:59:32.133: I/Remoter(1322): Saved screenshot to '/data/screenshots/__pmv__-0104.jpg'
10-16 19:59:32.406: I/WVCdm(1342): CdmEngine::CloseSession
10-16 19:59:32.407: I/WVCdm(1342): L3 Terminate.
10-16 19:59:32.651: W/UdcContextManagerHelper(4596): Empty context buffer. Thus might mean that the context is not synced down.
10-16 19:59:32.651: W/UploadOptInStatusOp(4596): Empty context model while retrieving upload opt-in status!
10-16 19:59:32.757: W/Auth(4596): [GetToken] GetToken failed with status code: INVALID_SCOPE
10-16 19:59:32.757: W/AuthSessionAuthenticato(4596): Auth related exception is being ignored: INVALID_SCOPE
10-16 19:59:32.758: W/GLSUser(4596): [DeviceKeyStore] Cannot load key: Device key file not found.
10-16 19:59:32.758: W/GLSUser(4596): [DeviceKeyStore] Cannot load key: Device key file not found.
10-16 19:59:32.767: E/ctxmgr(4596): [BaseServerTask]Server task (FetchAclSet) got error statusCode=-1.
10-16 19:59:32.767: E/ctxmgr(4596): com.android.volley.VolleyError: Unable to obtain auth token - is the device online?
10-16 19:59:32.767: E/ctxmgr(4596): 	at cjq.a(:com.google.android.gms@11519270:39)
10-16 19:59:32.767: E/ctxmgr(4596): 	at cez.run(:com.google.android.gms@11519270:2)
10-16 19:59:32.767: E/ctxmgr(4596): 	at cex.handleMessage(:com.google.android.gms@11519270:3)
10-16 19:59:32.767: E/ctxmgr(4596): 	at mmw.run(:com.google.android.gms@11519270:6)
10-16 19:59:32.767: E/ctxmgr(4596): 	at mng.run(:com.google.android.gms@11519270:25)
10-16 19:59:32.767: E/ctxmgr(4596): 	at java.util.concurrent.ThreadPoolExecutor.runWorker(ThreadPoolExecutor.java:1112)
10-16 19:59:32.767: E/ctxmgr(4596): 	at java.util.concurrent.ThreadPoolExecutor$Worker.run(ThreadPoolExecutor.java:587)
10-16 19:59:32.767: E/ctxmgr(4596): 	at mso.run(:com.google.android.gms@11519270)
10-16 19:59:32.767: E/ctxmgr(4596): 	at java.lang.Thread.run(Thread.java:818)
10-16 19:59:32.770: E/ctxmgr(4596): [AccountAclCallback]Failed Acl fetch: network status=-1
10-16 19:59:33.058: I/WearableService(4596): Wearable Services stopping
10-16 19:59:33.095: W/Binder(5719): Caught a RuntimeException from the binder stub implementation.
10-16 19:59:33.095: W/Binder(5719): java.lang.UnsupportedOperationException
10-16 19:59:33.095: W/Binder(5719): 	at com.google.android.gms.internal.ie.e(Unknown Source)
10-16 19:59:33.095: W/Binder(5719): 	at com.google.android.gms.internal.ih.onTransact(Unknown Source)
10-16 19:59:33.095: W/Binder(5719): 	at android.os.Binder.execTransact(Binder.java:446)
10-16 19:59:33.171: I/Remoter(1322): Saved screenshot to '/data/screenshots/__pmv__-0105.jpg'
10-16 19:59:34.217: I/Remoter(1322): Saved screenshot to '/data/screenshots/__pmv__-0106.jpg'
10-16 19:59:35.093: I/dex2oat(5826): dex2oat took 3.670s (threads: 2) arena alloc=552KB java alloc=8MB native alloc=19MB free=8MB
10-16 19:59:35.116: W/PackageManager(1679): Not granting permission android.permission.READ_FRAME_BUFFER to package com.google.android.apps.mtaas.crawler (protectionLevel=18 flags=0x8be44)
10-16 19:59:35.116: W/PackageManager(1679): Not granting permission android.permission.DUMP to package com.google.android.apps.mtaas.crawler (protectionLevel=50 flags=0x8be44)
10-16 19:59:35.128: V/BackupManagerService(1679): restoreAtInstall pkg=com.google.android.apps.mtaas.crawler token=b restoreSet=0
10-16 19:59:35.128: V/BackupManagerService(1679): Finishing install immediately
10-16 19:59:35.147: W/Settings(1679): Setting install_non_market_apps has moved from android.provider.Settings.Global to android.provider.Settings.Secure, returning read-only value.
10-16 19:59:35.152: I/InputReader(1679): Reconfiguring input devices.  changes=0x00000010
10-16 19:59:35.154: D/BackupManagerService(1679): Received broadcast Intent { act=android.intent.action.PACKAGE_ADDED dat=package:com.google.android.apps.mtaas.crawler flg=0x4000010 (has extras) }
10-16 19:59:35.155: I/UpdateIcingCorporaServi(2154): Updating corpora: APPS=com.google.android.apps.mtaas.crawler, CONTACTS=MAYBE
10-16 19:59:35.157: W/InputMethodInfo(1679): Duplicated subtype definition found: , voice
10-16 19:59:35.164: I/ApplicationLogger(2154): canRun() : Opted Out
10-16 19:59:35.164: I/UpdateIcingCorporaServi(2154): UpdateCorporaTask done [took 9 ms] updated apps [took 9 ms] 
10-16 19:59:35.193: W/ResourcesManager(2031): Asset path '/system/framework/com.google.android.maps.jar' does not exist or contains no resources.
10-16 19:59:35.196: W/WearSignatureVerifier(5719): No package com.google.android.wearable.app.cn
10-16 19:59:35.196: W/WearSignatureVerifier(5719): No package com.google.android.wearable.app.cn
10-16 19:59:35.196: W/WearSignatureVerifier(5719): No package com.google.android.wearable.app.cn
10-16 19:59:35.197: W/WearSignatureVerifier(5719): No package com.google.android.wearable.app.cn
10-16 19:59:35.198: I/WearableService(4596): Wearable Services not starting - Wear is not available on this device.
10-16 19:59:35.198: I/Finsky(5719): [1] com.google.android.finsky.externalreferrer.d.run(9): Package state data is missing for com.google.android.apps.mtaas.crawler
10-16 19:59:35.199: D/WearableService(4596): onGetService - Wear is not available on this device.
10-16 19:59:35.200: W/WearSignatureVerifier(5719): No package com.google.android.wearable.app.cn
10-16 19:59:35.200: I/FontsPackageChangeOp(4614): Package com.google.android.apps.mtaas.crawler has no metadata
10-16 19:59:35.200: E/Finsky(5719): [1] com.google.android.finsky.wear.bl.a(3): onConnectionFailed: ConnectionResult{statusCode=API_UNAVAILABLE, resolution=null, message=null}
10-16 19:59:35.200: W/Finsky(5719): [1] com.google.android.finsky.wear.aj.run(9): Dropping command=auto_install due to Gms not connected
10-16 19:59:35.201: W/Finsky(5719): [1] com.google.android.finsky.wear.aj.run(9): Dropping command=send_installed_apps due to Gms not connected
10-16 19:59:35.204: I/Launcher(2031): Deferring update until onResume
10-16 19:59:35.217: D/Wear_Controller(4614): Received broadcast action=android.intent.action.PACKAGE_ADDED and uri=com.google.android.apps.mtaas.crawler
10-16 19:59:35.223: I/Icing(4614): IndexChimeraService.getServiceInterface callingPackage=com.google.android.gms componentName=AppsCorpus serviceId=36
10-16 19:59:35.223: I/Icing(4614): IndexChimeraService.getServiceInterface callingPackage=com.google.android.gms componentName=AppsCorpus serviceId=32
10-16 19:59:35.231: I/art(1679): Explicit concurrent mark sweep GC freed 66546(3MB) AllocSpace objects, 28(1190KB) LOS objects, 33% free, 13MB/20MB, paused 1.127ms total 63.266ms
10-16 19:59:35.234: I/Icing(4614): Usage reports 0 indexed 0 rejected 0 imm upload false
10-16 19:59:35.236: I/Icing(4614): Usage reports 0 indexed 0 rejected 0 imm upload false
10-16 19:59:35.238: I/art(5812): System.exit called, status: 0
10-16 19:59:35.238: I/AndroidRuntime(5812): VM exiting with result code 0.
10-16 19:59:35.255: I/Remoter(1322): Saved screenshot to '/data/screenshots/__pmv__-0107.jpg'
10-16 19:59:35.384: W/UdcContextManagerHelper(4596): Empty context buffer. Thus might mean that the context is not synced down.
10-16 19:59:35.384: W/UploadOptInStatusOp(4596): Empty context model while retrieving upload opt-in status!
10-16 19:59:35.433: W/Auth(4596): [GetToken] GetToken failed with status code: INVALID_SCOPE
10-16 19:59:35.433: W/AuthSessionAuthenticato(4596): Auth related exception is being ignored: INVALID_SCOPE
10-16 19:59:35.435: W/GLSUser(4596): [DeviceKeyStore] Cannot load key: Device key file not found.
10-16 19:59:35.435: W/GLSUser(4596): [DeviceKeyStore] Cannot load key: Device key file not found.
10-16 19:59:35.436: E/ctxmgr(4596): [BaseServerTask]Server task (FetchAclSet) got error statusCode=-1.
10-16 19:59:35.436: E/ctxmgr(4596): com.android.volley.VolleyError: Unable to obtain auth token - is the device online?
10-16 19:59:35.436: E/ctxmgr(4596): 	at cjq.a(:com.google.android.gms@11519270:39)
10-16 19:59:35.436: E/ctxmgr(4596): 	at cez.run(:com.google.android.gms@11519270:2)
10-16 19:59:35.436: E/ctxmgr(4596): 	at cex.handleMessage(:com.google.android.gms@11519270:3)
10-16 19:59:35.436: E/ctxmgr(4596): 	at mmw.run(:com.google.android.gms@11519270:6)
10-16 19:59:35.436: E/ctxmgr(4596): 	at mng.run(:com.google.android.gms@11519270:25)
10-16 19:59:35.436: E/ctxmgr(4596): 	at java.util.concurrent.ThreadPoolExecutor.runWorker(ThreadPoolExecutor.java:1112)
10-16 19:59:35.436: E/ctxmgr(4596): 	at java.util.concurrent.ThreadPoolExecutor$Worker.run(ThreadPoolExecutor.java:587)
10-16 19:59:35.436: E/ctxmgr(4596): 	at mso.run(:com.google.android.gms@11519270)
10-16 19:59:35.436: E/ctxmgr(4596): 	at java.lang.Thread.run(Thread.java:818)
10-16 19:59:35.436: E/ctxmgr(4596): [AccountAclCallback]Failed Acl fetch: network status=-1
10-16 19:59:35.459: I/MetadataService(1322): Processed 0 update/creates for instance/attributes/
10-16 19:59:35.459: I/MetadataService(1322): Processed 0 update/creates for project/attributes/
10-16 19:59:35.451: I/gce.meta.proxy(976): type=1400 audit(0.0:141): avc: denied { create } for scontext=u:r:kernel:s0 tcontext=u:r:kernel:s0 tclass=tcp_socket permissive=1
10-16 19:59:35.476: I/CAR.SERVICE(4906): Skip, no clients bound.
10-16 19:59:35.451: I/gce.meta.proxy(976): type=1400 audit(0.0:142): avc: denied { name_connect } for dest=80 scontext=u:r:kernel:s0 tcontext=u:object_r:port:s0 tclass=tcp_socket permissive=1
10-16 19:59:35.928: I/WearableService(4596): Wearable Services stopping
10-16 19:59:36.236: I/Icing(4614): Indexing 5233BB6556150606E6EA2800A20D5D691B1774CC from com.google.android.gms
10-16 19:59:36.238: I/Icing(4614): Indexing done 5233BB6556150606E6EA2800A20D5D691B1774CC
10-16 19:59:36.280: I/Remoter(1322): Saved screenshot to '/data/screenshots/__pmv__-0108.jpg'
10-16 19:59:37.306: I/Remoter(1322): Saved screenshot to '/data/screenshots/__pmv__-0109.jpg'
10-16 19:59:37.989: I/InputReader(1679): Reconfiguring input devices.  changes=0x00000010
10-16 19:59:37.989: I/UpdateIcingCorporaServi(2154): Updating corpora: APPS=com.android.vending, CONTACTS=MAYBE
10-16 19:59:37.991: W/Launcher(2031): setApplicationContext called twice! old=com.android.launcher3.LauncherApplication@367b18a6 new=com.android.launcher3.LauncherApplication@367b18a6
10-16 19:59:37.996: D/BackupManagerService(1679): Received broadcast Intent { act=android.intent.action.PACKAGE_CHANGED dat=package:com.android.vending flg=0x4000010 (has extras) }
10-16 19:59:37.997: I/ApplicationLogger(2154): canRun() : Opted Out
10-16 19:59:37.997: I/UpdateIcingCorporaServi(2154): UpdateCorporaTask done [took 8 ms] updated apps [took 8 ms] 
10-16 19:59:38.005: D/Wear_Controller(4614): Received broadcast action=android.intent.action.PACKAGE_CHANGED and uri=com.android.vending
10-16 19:59:38.012: I/Icing(4614): IndexChimeraService.getServiceInterface callingPackage=com.google.android.gms componentName=AppsCorpus serviceId=32
10-16 19:59:38.013: I/Icing(4614): IndexChimeraService.getServiceInterface callingPackage=com.google.android.gms componentName=AppsCorpus serviceId=36
10-16 19:59:38.018: I/Icing(4614): Usage reports 0 indexed 0 rejected 0 imm upload false
10-16 19:59:38.018: I/Launcher(2031): Deferring update until onResume
10-16 19:59:38.020: I/Icing(4614): Usage reports 0 indexed 0 rejected 0 imm upload false
10-16 19:59:38.023: I/Launcher(2031): Deferring update until onResume
10-16 19:59:38.237: I/GceMetadataClient(2959): Received updated metadata.
10-16 19:59:38.291: I/scp(5884): type=1400 audit(0.0:143): avc: denied { write } for name="tmp" dev="loop6" ino=65538 scontext=u:r:init_shell:s0 tcontext=u:object_r:shell_data_file:s0 tclass=dir permissive=1
10-16 19:59:38.311: I/scp(5884): type=1400 audit(0.0:144): avc: denied { add_name } for name="perfd" scontext=u:r:init_shell:s0 tcontext=u:object_r:shell_data_file:s0 tclass=dir permissive=1
10-16 19:59:38.365: I/Remoter(1322): Saved screenshot to '/data/screenshots/__pmv__-0110.jpg'
10-16 19:59:38.738: V/StudioProfiler(5897): Event Service Setup Properly
10-16 19:59:39.021: I/Icing(4614): Indexing 5233BB6556150606E6EA2800A20D5D691B1774CC from com.google.android.gms
10-16 19:59:39.027: I/Icing(4614): Indexing done 5233BB6556150606E6EA2800A20D5D691B1774CC
10-16 19:59:39.031: I/Icing(4614): IndexChimeraService.getServiceInterface callingPackage=com.google.android.inputmethod.latin componentName=null serviceId=21
10-16 19:59:39.035: I/Icing(4614): Usage reports 0 indexed 0 rejected 0 imm upload false
10-16 19:59:39.389: I/Remoter(1322): Saved screenshot to '/data/screenshots/__pmv__-0111.jpg'
10-16 19:59:40.417: I/Remoter(1322): Saved screenshot to '/data/screenshots/__pmv__-0112.jpg'
10-16 19:59:41.442: I/Remoter(1322): Saved screenshot to '/data/screenshots/__pmv__-0113.jpg'
10-16 19:59:42.474: I/Remoter(1322): Saved screenshot to '/data/screenshots/__pmv__-0114.jpg'
10-16 19:59:43.498: I/Remoter(1322): Saved screenshot to '/data/screenshots/__pmv__-0115.jpg'
10-16 19:59:43.491: I/sshd(4029): type=1400 audit(0.0:145): avc: denied { read } for path="socket:[18494]" dev="sockfs" ino=18494 scontext=u:r:init:s0 tcontext=u:r:init:s0 tclass=tcp_socket permissive=1
10-16 19:59:43.491: I/sshd(4029): type=1400 audit(0.0:146): avc: denied { write } for path="socket:[18420]" dev="sockfs" ino=18420 scontext=u:r:init:s0 tcontext=u:r:init:s0 tclass=tcp_socket permissive=1
10-16 19:59:44.545: I/Remoter(1322): Saved screenshot to '/data/screenshots/__pmv__-0116.jpg'
10-16 19:59:44.624: I/GceRil(1340): Received request 19
10-16 19:59:44.624: I/GceRil(1340): Reporting signal strength: GW=28 CDMA=-62 EVDO=-71 LTE=27
10-16 19:59:44.951: I/gce_init_sshd(1719): type=1400 audit(0.0:147): avc: denied { create } for scontext=u:r:init:s0 tcontext=u:r:init:s0 tclass=tcp_socket permissive=1
10-16 19:59:44.951: I/gce_init_sshd(1719): type=1400 audit(0.0:148): avc: denied { connect } for scontext=u:r:init:s0 tcontext=u:r:init:s0 tclass=tcp_socket permissive=1
10-16 19:59:44.951: I/gce_init_sshd(1719): type=1400 audit(0.0:149): avc: denied { getopt } for laddr=192.168.1.10 lport=33041 faddr=169.254.169.254 fport=80 scontext=u:r:init:s0 tcontext=u:r:init:s0 tclass=tcp_socket permissive=1
10-16 19:59:44.951: I/gce_init_sshd(1719): type=1400 audit(0.0:150): avc: denied { getattr } for laddr=192.168.1.10 lport=33041 faddr=169.254.169.254 fport=80 scontext=u:r:init:s0 tcontext=u:r:init:s0 tclass=tcp_socket permissive=1
10-16 19:59:45.570: I/Remoter(1322): Saved screenshot to '/data/screenshots/__pmv__-0117.jpg'
10-16 19:59:45.886: I/ActivityManager(1679): Waited long enough for: ServiceRecord{3b4ae60f u0 com.android.vending/com.google.android.finsky.verifier.impl.PackageVerificationService}
10-16 19:59:46.594: I/Remoter(1322): Saved screenshot to '/data/screenshots/__pmv__-0118.jpg'
10-16 19:59:47.619: I/Remoter(1322): Saved screenshot to '/data/screenshots/__pmv__-0119.jpg'
10-16 19:59:48.554: E/Volley(3122): [268] xa.a: Unexpected response code 503 for https://www.googleapis.com/youtubei/v1/notification_registration/set_registration?key=AIzaSyA8eiZmM1FaDVjRy-df2KTyQ_vz_yYM39w
10-16 19:59:48.554: W/YouTube(3122): (unknown) Could not register for notifications with InnerTube: 
10-16 19:59:48.554: W/YouTube(3122): fay: java.util.concurrent.ExecutionException: wu
10-16 19:59:48.554: W/YouTube(3122): 	at ezo.a(SourceFile:103)
10-16 19:59:48.554: W/YouTube(3122): 	at fpl.run(SourceFile:57)
10-16 19:59:48.554: W/YouTube(3122): 	at java.util.concurrent.ThreadPoolExecutor.runWorker(ThreadPoolExecutor.java:1112)
10-16 19:59:48.554: W/YouTube(3122): 	at java.util.concurrent.ThreadPoolExecutor$Worker.run(ThreadPoolExecutor.java:587)
10-16 19:59:48.554: W/YouTube(3122): 	at ers.run(SourceFile:40)
10-16 19:59:48.554: W/YouTube(3122): 	at java.lang.Thread.run(Thread.java:818)
10-16 19:59:48.554: W/YouTube(3122): Caused by: java.util.concurrent.ExecutionException: wu
10-16 19:59:48.554: W/YouTube(3122): 	at xv.a(SourceFile:117)
10-16 19:59:48.554: W/YouTube(3122): 	at xv.get(SourceFile:88)
10-16 19:59:48.554: W/YouTube(3122): 	at goc.get(SourceFile:69)
10-16 19:59:48.554: W/YouTube(3122): 	at ezo.a(SourceFile:99)
10-16 19:59:48.554: W/YouTube(3122): 	... 5 more
10-16 19:59:48.554: W/YouTube(3122): Caused by: wu
10-16 19:59:48.554: W/YouTube(3122): 	at xa.a(SourceFile:145)
10-16 19:59:48.554: W/YouTube(3122): 	at gnu.a(SourceFile:49)
10-16 19:59:48.554: W/YouTube(3122): 	at wg.run(SourceFile:105)
10-16 19:59:48.645: I/Remoter(1322): Saved screenshot to '/data/screenshots/__pmv__-0120.jpg'
10-16 19:59:49.669: I/Remoter(1322): Saved screenshot to '/data/screenshots/__pmv__-0121.jpg'
10-16 19:59:49.915: D/AndroidRuntime(6218): >>>>>> START com.android.internal.os.RuntimeInit uid 0 <<<<<<
10-16 19:59:49.916: D/AndroidRuntime(6218): CheckJNI is OFF
10-16 19:59:49.933: E/memtrack(6218): Couldn't load memtrack module (No such file or directory)
10-16 19:59:49.933: E/android.os.Debug(6218): failed to load memtrack module: -2
10-16 19:59:49.952: D/AndroidRuntime(6218): Calling main entry com.android.commands.settings.SettingsCmd
10-16 19:59:49.956: D/AndroidRuntime(6218): Shutting down VM
10-16 19:59:49.956: E/art(6218): Thread attaching while runtime is shutting down: Binder_1
10-16 19:59:49.956: I/AndroidRuntime(6218): NOTE: attach of thread 'Binder_1' failed
10-16 19:59:50.227: I/art(4596): Explicit concurrent mark sweep GC freed 71003(4MB) AllocSpace objects, 2(32KB) LOS objects, 40% free, 12MB/21MB, paused 231us total 20.563ms
10-16 19:59:50.233: I/Auth(4596): [ReflectiveChannelBinder] Successfully bound channel!
10-16 19:59:50.304: D/AndroidRuntime(6245): >>>>>> START com.android.internal.os.RuntimeInit uid 0 <<<<<<
10-16 19:59:50.305: D/AndroidRuntime(6245): CheckJNI is OFF
10-16 19:59:50.321: E/memtrack(6245): Couldn't load memtrack module (No such file or directory)
10-16 19:59:50.321: E/android.os.Debug(6245): failed to load memtrack module: -2
10-16 19:59:50.329: D/AndroidRuntime(6245): Calling main entry com.android.commands.settings.SettingsCmd
10-16 19:59:50.331: D/AndroidRuntime(6245): Shutting down VM
10-16 19:59:50.373: I/Finsky(5719): [1] com.google.android.finsky.k.c.a(22): Completed 1 account content syncs with 1 successful.
10-16 19:59:50.374: I/Finsky(5719): [1] com.google.android.finsky.services.e.a(5): Installation state replication succeeded.
10-16 19:59:50.679: D/AndroidRuntime(6273): >>>>>> START com.android.internal.os.RuntimeInit uid 0 <<<<<<
10-16 19:59:50.680: D/AndroidRuntime(6273): CheckJNI is OFF
10-16 19:59:50.694: E/memtrack(6273): Couldn't load memtrack module (No such file or directory)
10-16 19:59:50.694: E/android.os.Debug(6273): failed to load memtrack module: -2
10-16 19:59:50.701: I/Remoter(1322): Saved screenshot to '/data/screenshots/__pmv__-0122.jpg'
10-16 19:59:50.703: D/AndroidRuntime(6273): Calling main entry com.android.commands.am.Am
10-16 19:59:50.723: I/ActivityManager(1679): Start proc 6288:com.google.android.apps.mtaas.crawler:robov2crawldriver/u0a88 for service com.google.android.apps.mtaas.crawler/.controller.CrawlDriver
10-16 19:59:50.723: D/AndroidRuntime(6273): Shutting down VM
10-16 19:59:50.728: I/art(1346): Explicit concurrent mark sweep GC freed 703(30KB) AllocSpace objects, 0(0B) LOS objects, 39% free, 3MB/5MB, paused 43us total 4.450ms
10-16 19:59:50.733: I/art(1346): Explicit concurrent mark sweep GC freed 8(256B) AllocSpace objects, 0(0B) LOS objects, 39% free, 3MB/5MB, paused 71us total 4.517ms
10-16 19:59:50.747: I/art(1346): Explicit concurrent mark sweep GC freed 5(160B) AllocSpace objects, 0(0B) LOS objects, 39% free, 3MB/5MB, paused 42us total 13.063ms
10-16 19:59:50.747: W/ResourcesManager(6288): Asset path '/system/framework/android.test.runner.jar' does not exist or contains no resources.
10-16 19:59:50.781: I/System.out(6288): INFO: onStartCommand
10-16 19:59:51.062: D/AndroidRuntime(6317): >>>>>> START com.android.internal.os.RuntimeInit uid 0 <<<<<<
10-16 19:59:51.062: D/AndroidRuntime(6317): CheckJNI is OFF
10-16 19:59:51.077: E/memtrack(6317): Couldn't load memtrack module (No such file or directory)
10-16 19:59:51.077: E/android.os.Debug(6317): failed to load memtrack module: -2
10-16 19:59:51.084: D/AndroidRuntime(6317): Calling main entry com.android.commands.am.Am
10-16 19:59:51.086: I/ActivityManager(1679): Force stopping com.habitrpg.android.habitica appid=10087 user=0: start instr
10-16 19:59:51.105: I/ActivityManager(1679): Start proc 6331:com.habitrpg.android.habitica/u0a87 for added application com.habitrpg.android.habitica
10-16 19:59:51.120: I/MultiDex(6331): VM with version 2.1.0 has multidex support
10-16 19:59:51.120: I/MultiDex(6331): install
10-16 19:59:51.120: I/MultiDex(6331): VM has multidex support, MultiDex support library is disabled.
10-16 19:59:51.132: D/FirebaseApp(6331): com.google.firebase.auth.FirebaseAuth is not linked. Skipping initialization.
10-16 19:59:51.134: W/InstanceID/Rpc(6331): Found 10009
10-16 19:59:51.135: D/FirebaseApp(6331): com.google.firebase.crash.FirebaseCrash is not linked. Skipping initialization.
10-16 19:59:51.150: I/FA(6331): App measurement is starting up, version: 10298
10-16 19:59:51.150: I/FA(6331): To enable debug logging run: adb shell setprop log.tag.FA VERBOSE
10-16 19:59:51.159: I/FA(6331): To enable faster debug mode event logging run:
10-16 19:59:51.159: I/FA(6331):   adb shell setprop debug.firebase.analytics.app com.habitrpg.android.habitica
10-16 19:59:51.164: I/FirebaseInitProvider(6331): FirebaseApp initialization successful
10-16 19:59:51.181: W/ActivityManager(1679): getRunningAppProcesses: caller 10087 does not hold REAL_GET_TASKS; limiting output
10-16 19:59:51.181: I/MonitoringInstr(6331): Instrumentation started on process com.habitrpg.android.habitica
10-16 19:59:51.181: I/MonitoringInstr(6331): Setting context classloader to 'dalvik.system.PathClassLoader[DexPathList[[zip file "/system/framework/android.test.runner.jar", zip file "/data/app/com.google.android.apps.mtaas.crawler-1/base.apk", zip file "/data/app/com.habitrpg.android.habitica-1/base.apk"],nativeLibraryDirectories=[/data/app/com.habitrpg.android.habitica-1/lib/x86, /vendor/lib, /system/lib]]]', Original: 'dalvik.system.PathClassLoader[DexPathList[[zip file "/system/framework/android.test.runner.jar", zip file "/data/app/com.google.android.apps.mtaas.crawler-1/base.apk", zip file "/data/app/com.habitrpg.android.habitica-1/base.apk"],nativeLibraryDirectories=[/data/app/com.habitrpg.android.habitica-1/lib/x86, /vendor/lib, /system/lib]]]'
10-16 19:59:51.182: D/ApplicationLifecycleMonitorImpl(6331): running callback: com.google.android.apps.mtaas.crawler.SignaturePatchingCallback@3628a7df
10-16 19:59:51.194: D/ApplicationLifecycleMonitorImpl(6331): callback completes: com.google.android.apps.mtaas.crawler.SignaturePatchingCallback@3628a7df
10-16 19:59:51.248: I/CrashlyticsCore(6331): Initializing Crashlytics 2.3.17.dev
10-16 19:59:51.270: E/com.amplitude.api.AmplitudeClient(6331): context cannot be null, set context with initialize() before calling setUserId()
10-16 19:59:51.299: W/ResourcesManager(6331): Asset path '/system/framework/com.android.media.remotedisplay.jar' does not exist or contains no resources.
10-16 19:59:51.299: W/ResourcesManager(6331): Asset path '/system/framework/com.android.location.provider.jar' does not exist or contains no resources.
10-16 19:59:51.325: D/ApplicationLifecycleMonitorImpl(6331): running callback: com.google.android.apps.mtaas.crawler.SignaturePatchingCallback@3628a7df
10-16 19:59:51.325: D/ApplicationLifecycleMonitorImpl(6331): callback completes: com.google.android.apps.mtaas.crawler.SignaturePatchingCallback@3628a7df
10-16 19:59:51.326: I/MonitoringInstr(6331): No JSBridge.
10-16 19:59:51.327: I/MonitoringInstr(6331): Setting context classloader to 'dalvik.system.PathClassLoader[DexPathList[[zip file "/system/framework/android.test.runner.jar", zip file "/data/app/com.google.android.apps.mtaas.crawler-1/base.apk", zip file "/data/app/com.habitrpg.android.habitica-1/base.apk"],nativeLibraryDirectories=[/data/app/com.habitrpg.android.habitica-1/lib/x86, /vendor/lib, /system/lib]]]', Original: 'dalvik.system.PathClassLoader[DexPathList[[zip file "/system/framework/android.test.runner.jar", zip file "/data/app/com.google.android.apps.mtaas.crawler-1/base.apk", zip file "/data/app/com.habitrpg.android.habitica-1/base.apk"],nativeLibraryDirectories=[/data/app/com.habitrpg.android.habitica-1/lib/x86, /vendor/lib, /system/lib]]]'
10-16 19:59:51.330: I/UsageTrackerFacilitator(6331): Usage tracking disabled
10-16 19:59:51.333: D/TestExecutor(6331): Adding listener android.support.test.internal.runner.listener.LogRunListener
10-16 19:59:51.333: D/TestExecutor(6331): Adding listener android.support.test.internal.runner.listener.InstrumentationResultPrinter
10-16 19:59:51.333: D/TestExecutor(6331): Adding listener android.support.test.internal.runner.listener.ActivityFinisherRunListener
10-16 19:59:51.333: I/TestRunner(6331): run started: 1 tests
10-16 19:59:51.333: I/TestRunner(6331): started: testEntry(com.google.android.apps.mtaas.crawler.CrawlPlatform)
10-16 19:59:51.344: I/MonitoringInstr(6331): Activities that are still in CREATED to STOPPED: 0
10-16 19:59:51.396: I/System.out(6288): INFO: onBind
10-16 19:59:51.398: I/System.out(6288): Current launcher Package Name: com.android.launcher3
10-16 19:59:51.401: I/System.out(6288): INFO: Robo script file is absent.
10-16 19:59:51.401: I/System.out(6288): INFO: Received 0 Robo script actions.
10-16 19:59:51.402: I/System.out(6288): INFO: RandomSeed of 1234 used in crawler.
10-16 19:59:51.403: I/System.out(6288): INFO: Depth First Search Crawler Strategy Employed.
10-16 19:59:51.438: I/System.out(6288): INFO: Platform is ready.
10-16 19:59:51.401: I/sdcard(1317): type=1400 audit(0.0:151): avc: denied { write } for name="0" dev="loop6" ino=98305 scontext=u:r:sdcardd:s0 tcontext=u:object_r:system_data_file:s0 tclass=dir permissive=1
10-16 19:59:51.401: I/sdcard(1317): type=1400 audit(0.0:152): avc: denied { add_name } for name="app_firebase_test_lab" scontext=u:r:sdcardd:s0 tcontext=u:object_r:system_data_file:s0 tclass=dir permissive=1
10-16 19:59:51.468: I/System.out(6288): WARNING: Current package [INITIAL_SCREEN_PACKAGE_NAME] is out of whitelisted packages
10-16 19:59:51.468: I/System.out(6288): INFO: New Screen: Optional.of(ScreenNode {Id=0, PackageName=INITIAL_SCREEN_PACKAGE_NAME, ActivityName=Optional.absent()})
10-16 19:59:51.468: I/LogcatReader(6288): Executing logcat command: /system/bin/logcat -v time *:V
10-16 19:59:51.481: D/MonitoringInstr(6331): execStartActivity(context, ibinder, ibinder, activity, intent, int, bundle
10-16 19:59:51.482: I/ActivityManager(1679): START u0 {act=android.intent.action.MAIN cat=[android.intent.category.LAUNCHER] flg=0x14000000 pkg=com.habitrpg.android.habitica cmp=com.habitrpg.android.habitica/.ui.activities.MainActivity} from uid 10087 on display 0
10-16 19:59:51.484: V/WindowManager(1679): addAppToken: AppWindowToken{3cae5fe6 token=Token{20819e41 ActivityRecord{16d9c128 u0 com.habitrpg.android.habitica/.ui.activities.MainActivity t5}}} to stack=1 task=5 at 0
10-16 19:59:51.485: V/WindowManager(1679): Adding window Window{13cad479 u0 Starting com.habitrpg.android.habitica} at 3 of 8 (after Window{36beecd u0 com.google.android.apps.mtaas.backdrop/com.google.android.apps.mtaas.backdrop.BackdropActivity})
10-16 19:59:51.486: I/GceGrallocRegionRegistry(1336): Mapped gralloc-1336.39 hnd=0xb1c162c0 fd=41 base=0xb3023000 format=RGBA_8888(0x1) width=479 height=479
10-16 19:59:51.487: I/GceGrallocRegionRegistry(1679): Mapped gralloc-1336.39 hnd=0x9ea94d40 fd=206 base=0x9a888000 format=RGBA_8888(0x1) width=479 height=479
10-16 19:59:51.505: I/GceGrallocRegionRegistry(1336): Unmapped gralloc-1336.39 hnd=0xb1c162c0 fd=41 base=0xb3023000
10-16 19:59:51.514: I/GceGrallocRegionRegistry(1336): Mapped gralloc-1336.39 hnd=0xb17f1180 fd=42 base=0xb3023000 format=RGBA_8888(0x1) width=479 height=479
10-16 19:59:51.471: I/Binder_B(1679): type=1400 audit(0.0:153): avc: denied { read } for path=2F6465762F6173686D656D2F6772616C6C6F632D313333362E3339202864656C6574656429 dev="tmpfs" ino=29416 scontext=u:r:system_server:s0 tcontext=u:object_r:surfaceflinger_tmpfs:s0 tclass=file permissive=1
10-16 19:59:51.561: I/GceGrallocRegionRegistry(1679): Unmapped gralloc-1336.39 hnd=0x9ea94d40 fd=206 base=0x9a888000
10-16 19:59:51.562: I/GceGrallocRegionRegistry(1336): Unmapped gralloc-1336.39 hnd=0xb17f1180 fd=42 base=0xb3023000
10-16 19:59:51.531: I/surfaceflinger(1336): type=1400 audit(0.0:154): avc: denied { execmem } for scontext=u:r:surfaceflinger:s0 tcontext=u:r:surfaceflinger:s0 tclass=process permissive=1
10-16 19:59:51.589: D/LifecycleMonitor(6331): Lifecycle status change: com.habitrpg.android.habitica.ui.activities.MainActivity@362fdefc in: PRE_ON_CREATE
10-16 19:59:51.590: W/art(6331): Before Android 4.1, method android.graphics.PorterDuffColorFilter android.support.graphics.drawable.VectorDrawableCompat.updateTintFilter(android.graphics.PorterDuffColorFilter, android.content.res.ColorStateList, android.graphics.PorterDuff$Mode) would have incorrectly overridden the package-private method in android.graphics.drawable.Drawable
10-16 19:59:51.601: I/GceGrallocRegionRegistry(1336): Mapped gralloc-1336.40 hnd=0xb17f10c0 fd=17 base=0xb2816000 format=RGBA_8888(0x1) width=800 height=1280
10-16 19:59:51.601: I/GceGrallocRegionRegistry(1679): Mapped gralloc-1336.40 hnd=0x9ec53c80 fd=198 base=0x96a22000 format=RGBA_8888(0x1) width=800 height=1280
10-16 19:59:51.618: I/GceGrallocRegionRegistry(4574): Unmapped gralloc-1336.35 hnd=0xb3fb23c0 fd=26 base=0x9f848000
10-16 19:59:51.618: I/GceGrallocRegionRegistry(4574): Unmapped gralloc-1336.36 hnd=0xb3fb2440 fd=28 base=0x9f490000
10-16 19:59:51.618: I/GceGrallocRegionRegistry(4574): Unmapped gralloc-1336.37 hnd=0xb3fb2340 fd=29 base=0x9f0d8000
10-16 19:59:51.636: I/GceGrallocRegionRegistry(1336): Unmapped gralloc-1336.35 hnd=0xb17f1280 fd=24 base=0xb2048000
10-16 19:59:51.637: I/GceGrallocRegionRegistry(1336): Unmapped gralloc-1336.37 hnd=0xb17f1300 fd=37 base=0xb0c5e000
10-16 19:59:51.810: D/MonitoringInstr(6331): execStartActivity(context, ibinder, ibinder, activity, intent, int, bundle
10-16 19:59:51.810: I/ActivityManager(1679): START u0 {flg=0x14008000 cmp=com.habitrpg.android.habitica/.ui.activities.IntroActivity} from uid 10087 on display 0
10-16 19:59:51.846: I/Remoter(1322): Saved screenshot to '/data/screenshots/__pmv__-0123.jpg'
10-16 19:59:51.848: I/GceGrallocRegionRegistry(1336): Mapped gralloc-1336.41 hnd=0xb17f11c0 fd=40 base=0xb3023000 format=RGBA_8888(0x1) width=479 height=479
10-16 19:59:51.850: I/GceGrallocRegionRegistry(1679): Mapped gralloc-1336.41 hnd=0x9ea94540 fd=206 base=0x9a888000 format=RGBA_8888(0x1) width=479 height=479
10-16 19:59:51.850: I/GceGrallocRegionRegistry(1336): Unmapped gralloc-1336.41 hnd=0xb17f11c0 fd=40 base=0xb3023000
10-16 19:59:51.851: I/GceGrallocRegionRegistry(1336): Mapped gralloc-1336.41 hnd=0xb3f86ac0 fd=41 base=0xb231d000 format=RGBA_8888(0x1) width=479 height=479
10-16 19:59:51.861: W/art(6331): Suspending all threads took: 8.523ms
10-16 19:59:51.873: I/art(6331): Background sticky concurrent mark sweep GC freed 16987(1499KB) AllocSpace objects, 0(0B) LOS objects, 3% free, 13MB/13MB, paused 15.097ms total 33.709ms
10-16 19:59:51.903: I/GceGrallocRegionRegistry(1336): Unmapped gralloc-1336.41 hnd=0xb3f86ac0 fd=41 base=0xb231d000
10-16 19:59:51.918: I/GceGrallocRegionRegistry(1679): Unmapped gralloc-1336.41 hnd=0x9ea94540 fd=206 base=0x9a888000
10-16 19:59:51.926: V/WindowManager(1679): addAppToken: AppWindowToken{c70c0b3 token=Token{1132fe22 ActivityRecord{17711fed u0 com.habitrpg.android.habitica/.ui.activities.IntroActivity t5}}} to stack=1 task=5 at 1
