10-16 19:59:51.927: D/LifecycleMonitor(6331): Lifecycle status change: com.habitrpg.android.habitica.ui.activities.MainActivity@362fdefc in: CREATED
10-16 19:59:51.927: D/LifecycleMonitor(6331): Lifecycle status change: com.habitrpg.android.habitica.ui.activities.MainActivity@362fdefc in: STARTED
10-16 19:59:51.934: D/LifecycleMonitor(6331): Lifecycle status change: com.habitrpg.android.habitica.ui.activities.MainActivity@362fdefc in: RESUMED
10-16 19:59:51.941: V/WindowManager(1679): Adding window Window{182cf388 u0 Starting com.habitrpg.android.habitica} at 4 of 9 (after Window{13cad479 u0 Starting com.habitrpg.android.habitica})
10-16 19:59:52.016: D/OpenGLRenderer(6331): Use EGL_SWAP_BEHAVIOR_PRESERVED: true
10-16 19:59:52.017: I/GceGrallocRegionRegistry(6331): Mapped gralloc-1336.6 hnd=0x9e4cd300 fd=74 base=0x9c6f0000 format=RGBA_8888(0x1) width=768 height=768
10-16 19:59:52.017: D/Atlas(6331): Validating map...
10-16 19:59:52.018: W/Atlas(6331): Pointer 0x0, not in getPreloadedDrawables?
10-16 19:59:52.018: W/Atlas(6331): Pointer 0x0, not in getPreloadedDrawables?
10-16 19:59:52.018: W/Atlas(6331): Pointer 0x0, not in getPreloadedDrawables?
10-16 19:59:52.018: W/Atlas(6331): Pointer 0x0, not in getPreloadedDrawables?
10-16 19:59:52.018: W/Atlas(6331): Pointer 0x0, not in getPreloadedDrawables?
10-16 19:59:52.018: W/Atlas(6331): Pointer 0x0, not in getPreloadedDrawables?
10-16 19:59:52.018: W/Atlas(6331): Pointer 0x0, not in getPreloadedDrawables?
10-16 19:59:52.018: W/Atlas(6331): Pointer 0x0, not in getPreloadedDrawables?
10-16 19:59:52.018: W/Atlas(6331): Pointer 0x0, not in getPreloadedDrawables?
10-16 19:59:52.018: W/Atlas(6331): Pointer 0x0, not in getPreloadedDrawables?
10-16 19:59:52.018: W/Atlas(6331): Pointer 0x0, not in getPreloadedDrawables?
10-16 19:59:52.018: W/Atlas(6331): Pointer 0x0, not in getPreloadedDrawables?
10-16 19:59:52.018: W/Atlas(6331): Pointer 0x0, not in getPreloadedDrawables?
10-16 19:59:52.018: W/Atlas(6331): Pointer 0x0, not in getPreloadedDrawables?
10-16 19:59:52.018: W/Atlas(6331): Pointer 0x0, not in getPreloadedDrawables?
10-16 19:59:52.018: W/Atlas(6331): Pointer 0x0, not in getPreloadedDrawables?
10-16 19:59:52.018: W/Atlas(6331): Pointer 0x0, not in getPreloadedDrawables?
10-16 19:59:52.018: W/Atlas(6331): Pointer 0x0, not in getPreloadedDrawables?
10-16 19:59:52.018: W/Atlas(6331): Pointer 0x0, not in getPreloadedDrawables?
10-16 19:59:52.018: W/Atlas(6331): Pointer 0x0, not in getPreloadedDrawables?
10-16 19:59:52.018: W/Atlas(6331): Pointer 0x0, not in getPreloadedDrawables?
10-16 19:59:52.018: W/Atlas(6331): Pointer 0x0, not in getPreloadedDrawables?
10-16 19:59:52.018: W/Atlas(6331): Pointer 0x0, not in getPreloadedDrawables?
10-16 19:59:52.018: W/Atlas(6331): Pointer 0x0, not in getPreloadedDrawables?
10-16 19:59:52.018: W/Atlas(6331): Pointer 0x0, not in getPreloadedDrawables?
10-16 19:59:52.018: W/Atlas(6331): Pointer 0x0, not in getPreloadedDrawables?
10-16 19:59:52.018: W/Atlas(6331): Pointer 0x0, not in getPreloadedDrawables?
10-16 19:59:52.018: W/Atlas(6331): Pointer 0x0, not in getPreloadedDrawables?
10-16 19:59:52.018: W/Atlas(6331): Pointer 0x0, not in getPreloadedDrawables?
10-16 19:59:52.018: W/Atlas(6331): Pointer 0x0, not in getPreloadedDrawables?
10-16 19:59:52.018: W/Atlas(6331): Pointer 0x0, not in getPreloadedDrawables?
10-16 19:59:52.018: W/Atlas(6331): Pointer 0x0, not in getPreloadedDrawables?
10-16 19:59:52.018: W/Atlas(6331): Pointer 0x0, not in getPreloadedDrawables?
10-16 19:59:52.018: W/Atlas(6331): Pointer 0x0, not in getPreloadedDrawables?
10-16 19:59:52.018: W/Atlas(6331): Pointer 0x0, not in getPreloadedDrawables?
10-16 19:59:52.018: W/Atlas(6331): Pointer 0x0, not in getPreloadedDrawables?
10-16 19:59:52.018: W/Atlas(6331): Pointer 0x0, not in getPreloadedDrawables?
10-16 19:59:52.018: W/Atlas(6331): Pointer 0x0, not in getPreloadedDrawables?
10-16 19:59:52.018: W/Atlas(6331): Pointer 0x0, not in getPreloadedDrawables?
10-16 19:59:52.018: W/Atlas(6331): Pointer 0x0, not in getPreloadedDrawables?
10-16 19:59:52.018: W/Atlas(6331): Pointer 0x0, not in getPreloadedDrawables?
10-16 19:59:52.018: W/Atlas(6331): Pointer 0x0, not in getPreloadedDrawables?
10-16 19:59:52.018: W/Atlas(6331): Pointer 0x0, not in getPreloadedDrawables?
10-16 19:59:52.018: W/Atlas(6331): Pointer 0x0, not in getPreloadedDrawables?
10-16 19:59:52.018: W/Atlas(6331): Pointer 0x0, not in getPreloadedDrawables?
10-16 19:59:52.018: W/Atlas(6331): Pointer 0x0, not in getPreloadedDrawables?
10-16 19:59:52.018: W/Atlas(6331): Pointer 0x0, not in getPreloadedDrawables?
10-16 19:59:52.018: W/Atlas(6331): Pointer 0x0, not in getPreloadedDrawables?
10-16 19:59:52.018: W/Atlas(6331): Pointer 0x0, not in getPreloadedDrawables?
10-16 19:59:52.018: W/Atlas(6331): Pointer 0x0, not in getPreloadedDrawables?
10-16 19:59:52.018: W/Atlas(6331): Pointer 0x0, not in getPreloadedDrawables?
10-16 19:59:52.018: W/Atlas(6331): Pointer 0x0, not in getPreloadedDrawables?
10-16 19:59:52.018: W/Atlas(6331): Pointer 0x0, not in getPreloadedDrawables?
10-16 19:59:52.018: W/Atlas(6331): Pointer 0x0, not in getPreloadedDrawables?
10-16 19:59:52.018: W/Atlas(6331): Pointer 0x0, not in getPreloadedDrawables?
10-16 19:59:52.018: W/Atlas(6331): Pointer 0x0, not in getPreloadedDrawables?
10-16 19:59:52.018: W/Atlas(6331): Pointer 0x0, not in getPreloadedDrawables?
10-16 19:59:52.018: W/Atlas(6331): Pointer 0x0, not in getPreloadedDrawables?
10-16 19:59:52.018: W/Atlas(6331): Pointer 0x0, not in getPreloadedDrawables?
10-16 19:59:52.018: W/Atlas(6331): Pointer 0x0, not in getPreloadedDrawables?
10-16 19:59:52.018: W/Atlas(6331): Pointer 0x0, not in getPreloadedDrawables?
10-16 19:59:52.018: W/Atlas(6331): Pointer 0x0, not in getPreloadedDrawables?
10-16 19:59:52.018: W/Atlas(6331): Pointer 0x0, not in getPreloadedDrawables?
10-16 19:59:52.018: W/Atlas(6331): Pointer 0x0, not in getPreloadedDrawables?
10-16 19:59:52.018: W/Atlas(6331): Pointer 0x0, not in getPreloadedDrawables?
10-16 19:59:52.018: W/Atlas(6331): Pointer 0x0, not in getPreloadedDrawables?
10-16 19:59:52.018: W/Atlas(6331): Pointer 0x0, not in getPreloadedDrawables?
10-16 19:59:52.018: W/Atlas(6331): Pointer 0x0, not in getPreloadedDrawables?
10-16 19:59:52.018: W/Atlas(6331): Pointer 0x0, not in getPreloadedDrawables?
10-16 19:59:52.018: W/Atlas(6331): Pointer 0x0, not in getPreloadedDrawables?
10-16 19:59:52.018: W/Atlas(6331): Pointer 0x0, not in getPreloadedDrawables?
10-16 19:59:52.018: W/Atlas(6331): Pointer 0x0, not in getPreloadedDrawables?
10-16 19:59:52.018: W/Atlas(6331): Pointer 0x0, not in getPreloadedDrawables?
10-16 19:59:52.018: W/Atlas(6331): Pointer 0x0, not in getPreloadedDrawables?
10-16 19:59:52.018: W/Atlas(6331): Pointer 0x0, not in getPreloadedDrawables?
10-16 19:59:52.018: W/Atlas(6331): Pointer 0x0, not in getPreloadedDrawables?
10-16 19:59:52.018: W/Atlas(6331): Pointer 0x0, not in getPreloadedDrawables?
10-16 19:59:52.018: W/Atlas(6331): Pointer 0x0, not in getPreloadedDrawables?
10-16 19:59:52.018: W/Atlas(6331): Pointer 0x0, not in getPreloadedDrawables?
10-16 19:59:52.018: W/Atlas(6331): Pointer 0x0, not in getPreloadedDrawables?
10-16 19:59:52.018: W/Atlas(6331): Pointer 0x0, not in getPreloadedDrawables?
10-16 19:59:52.018: W/Atlas(6331): Pointer 0x0, not in getPreloadedDrawables?
10-16 19:59:52.018: W/Atlas(6331): Pointer 0x0, not in getPreloadedDrawables?
10-16 19:59:52.018: W/Atlas(6331): Pointer 0x0, not in getPreloadedDrawables?
10-16 19:59:52.018: W/Atlas(6331): Pointer 0x0, not in getPreloadedDrawables?
10-16 19:59:52.018: W/Atlas(6331): Pointer 0x0, not in getPreloadedDrawables?
10-16 19:59:52.018: W/Atlas(6331): Pointer 0x0, not in getPreloadedDrawables?
10-16 19:59:52.018: W/Atlas(6331): Pointer 0x0, not in getPreloadedDrawables?
10-16 19:59:52.018: W/Atlas(6331): Pointer 0x0, not in getPreloadedDrawables?
10-16 19:59:52.018: W/Atlas(6331): Pointer 0x0, not in getPreloadedDrawables?
10-16 19:59:52.018: W/Atlas(6331): Pointer 0x0, not in getPreloadedDrawables?
10-16 19:59:52.018: W/Atlas(6331): Pointer 0x0, not in getPreloadedDrawables?
10-16 19:59:52.018: W/Atlas(6331): Pointer 0x0, not in getPreloadedDrawables?
10-16 19:59:52.018: W/Atlas(6331): Pointer 0x0, not in getPreloadedDrawables?
10-16 19:59:52.018: W/Atlas(6331): Pointer 0x0, not in getPreloadedDrawables?
10-16 19:59:52.018: W/Atlas(6331): Pointer 0x0, not in getPreloadedDrawables?
10-16 19:59:52.018: W/Atlas(6331): Pointer 0x0, not in getPreloadedDrawables?
10-16 19:59:52.018: W/Atlas(6331): Pointer 0x0, not in getPreloadedDrawables?
10-16 19:59:52.018: W/Atlas(6331): Pointer 0x0, not in getPreloadedDrawables?
10-16 19:59:52.018: W/Atlas(6331): Pointer 0x0, not in getPreloadedDrawables?
10-16 19:59:52.018: W/Atlas(6331): Pointer 0x0, not in getPreloadedDrawables?
10-16 19:59:52.018: W/Atlas(6331): Pointer 0x0, not in getPreloadedDrawables?
10-16 19:59:52.018: W/Atlas(6331): Pointer 0x0, not in getPreloadedDrawables?
10-16 19:59:52.018: W/Atlas(6331): Pointer 0x0, not in getPreloadedDrawables?
10-16 19:59:52.018: W/Atlas(6331): Pointer 0x0, not in getPreloadedDrawables?
10-16 19:59:52.018: W/Atlas(6331): Pointer 0x0, not in getPreloadedDrawables?
10-16 19:59:52.018: W/Atlas(6331): Pointer 0x0, not in getPreloadedDrawables?
10-16 19:59:52.018: W/Atlas(6331): Pointer 0x0, not in getPreloadedDrawables?
10-16 19:59:52.018: W/Atlas(6331): Pointer 0x0, not in getPreloadedDrawables?
10-16 19:59:52.018: W/Atlas(6331): Pointer 0x0, not in getPreloadedDrawables?
10-16 19:59:52.018: W/Atlas(6331): Pointer 0x0, not in getPreloadedDrawables?
10-16 19:59:52.018: W/Atlas(6331): Pointer 0x0, not in getPreloadedDrawables?
10-16 19:59:52.018: W/Atlas(6331): Pointer 0x0, not in getPreloadedDrawables?
10-16 19:59:52.018: W/Atlas(6331): Pointer 0x0, not in getPreloadedDrawables?
10-16 19:59:52.018: W/Atlas(6331): Pointer 0x0, not in getPreloadedDrawables?
10-16 19:59:52.018: W/Atlas(6331): Pointer 0x0, not in getPreloadedDrawables?
10-16 19:59:52.018: W/Atlas(6331): Pointer 0x0, not in getPreloadedDrawables?
10-16 19:59:52.018: W/Atlas(6331): Pointer 0x0, not in getPreloadedDrawables?
10-16 19:59:52.018: W/Atlas(6331): Pointer 0x0, not in getPreloadedDrawables?
10-16 19:59:52.018: W/Atlas(6331): Pointer 0x0, not in getPreloadedDrawables?
10-16 19:59:52.018: W/Atlas(6331): Pointer 0x0, not in getPreloadedDrawables?
10-16 19:59:52.018: W/Atlas(6331): Pointer 0x0, not in getPreloadedDrawables?
10-16 19:59:52.018: W/Atlas(6331): Pointer 0x0, not in getPreloadedDrawables?
10-16 19:59:52.018: W/Atlas(6331): Pointer 0x0, not in getPreloadedDrawables?
10-16 19:59:52.018: W/Atlas(6331): Pointer 0x0, not in getPreloadedDrawables?
10-16 19:59:52.018: W/Atlas(6331): Pointer 0x0, not in getPreloadedDrawables?
10-16 19:59:52.018: W/Atlas(6331): Pointer 0x0, not in getPreloadedDrawables?
10-16 19:59:52.093: V/WindowManager(1679): Adding window Window{3566de5d u0 com.habitrpg.android.habitica/com.habitrpg.android.habitica.ui.activities.MainActivity} at 3 of 10 (before Window{13cad479 u0 Starting com.habitrpg.android.habitica})
10-16 19:59:52.094: I/GceGrallocRegionRegistry(1336): Mapped gralloc-1336.42 hnd=0xb1c160c0 fd=24 base=0xb2016000 format=RGBA_8888(0x1) width=800 height=1280
10-16 19:59:52.094: I/GceGrallocRegionRegistry(1679): Mapped gralloc-1336.42 hnd=0xa04d6300 fd=205 base=0x96638000 format=RGBA_8888(0x1) width=800 height=1280
10-16 19:59:52.098: D/LifecycleMonitor(6331): Lifecycle status change: com.habitrpg.android.habitica.ui.activities.MainActivity@362fdefc in: PAUSED
10-16 19:59:52.001: I/ndroid.habitica(6331): type=1400 audit(0.0:155): avc: denied { read } for path=2F6465762F6173686D656D2F6772616C6C6F632D313333362E36202864656C6574656429 dev="tmpfs" ino=814 scontext=u:r:untrusted_app:s0 tcontext=u:object_r:surfaceflinger_tmpfs:s0 tclass=file permissive=1
10-16 19:59:52.157: W/art(6331): Suspending all threads took: 5.494ms
10-16 19:59:52.241: I/art(6331): Background partial concurrent mark sweep GC freed 67464(2MB) AllocSpace objects, 2(29KB) LOS objects, 39% free, 17MB/28MB, paused 21.402ms total 281.597ms
10-16 19:59:52.365: W/art(1679): Long monitor contention event with owner method=void com.android.server.am.ActivityManagerService.activityPaused(android.os.IBinder) from ActivityManagerService.java:6313 waiters=1 for 203ms
10-16 19:59:52.379: W/View(6331): requestLayout() improperly called by com.roughike.bottombar.BottomBarTab{25389199 V.E...CL ..S...ID 2,2-201,77 #7f0f0349 app:id/tab_habits} during layout: running second layout pass
10-16 19:59:52.379: W/View(6331): requestLayout() improperly called by com.roughike.bottombar.BottomBarTab{1aa4750c V.E...CL ......ID 201,2-400,77 #7f0f034a app:id/tab_dailies} during layout: running second layout pass
10-16 19:59:52.379: W/View(6331): requestLayout() improperly called by com.roughike.bottombar.BottomBarTab{2a1bb95b V.E...CL ......ID 400,2-599,77 #7f0f034b app:id/tab_todos} during layout: running second layout pass
10-16 19:59:52.379: W/View(6331): requestLayout() improperly called by com.roughike.bottombar.BottomBarTab{a2c0936 V.E...CL ......ID 599,2-798,77 #7f0f034c app:id/tab_rewards} during layout: running second layout pass
10-16 19:59:52.381: D/LifecycleMonitor(6331): Lifecycle status change: com.habitrpg.android.habitica.ui.activities.IntroActivity@39b5f8d3 in: PRE_ON_CREATE
10-16 19:59:52.391: W/SurfaceFlinger(1336): couldn't log to binary event log: overflow.
10-16 19:59:52.391: I/GceGrallocRegionRegistry(1336): Unmapped gralloc-1336.36 hnd=0xb17f12c0 fd=36 base=0xb1848000
10-16 19:59:52.417: D/LifecycleMonitor(6331): Lifecycle status change: com.habitrpg.android.habitica.ui.activities.IntroActivity@39b5f8d3 in: CREATED
10-16 19:59:52.417: D/LifecycleMonitor(6331): Lifecycle status change: com.habitrpg.android.habitica.ui.activities.IntroActivity@39b5f8d3 in: STARTED
10-16 19:59:52.419: D/LifecycleMonitor(6331): Lifecycle status change: com.habitrpg.android.habitica.ui.activities.IntroActivity@39b5f8d3 in: RESUMED
10-16 19:59:52.565: I/art(6331): Background sticky concurrent mark sweep GC freed 104458(7MB) AllocSpace objects, 3(94KB) LOS objects, 15% free, 24MB/28MB, paused 453us total 118.313ms
10-16 19:59:52.620: V/WindowManager(1679): Adding window Window{345c7c15 u0 com.habitrpg.android.habitica/com.habitrpg.android.habitica.ui.activities.IntroActivity} at 5 of 11 (before Window{182cf388 u0 Starting com.habitrpg.android.habitica})
10-16 19:59:52.914: I/art(6331): Background sticky concurrent mark sweep GC freed 51989(2MB) AllocSpace objects, 0(0B) LOS objects, 0% free, 28MB/28MB, paused 35.360ms total 176.414ms
10-16 19:59:52.947: I/OpenGLRenderer(6331): Initialized EGL, version 1.4
10-16 19:59:52.950: D/OpenGLRenderer(6331): Enabling debug mode 0
10-16 19:59:52.950: I/GceGrallocRegionRegistry(1336): Mapped gralloc-1336.43 hnd=0xb6039380 fd=36 base=0xb1816000 format=RGBA_8888(0x1) width=800 height=1280
10-16 19:59:52.950: I/GceGrallocRegionRegistry(1336): Mapped gralloc-1336.44 hnd=0xb3650280 fd=40 base=0xb1016000 format=RGBA_8888(0x1) width=800 height=1280
10-16 19:59:52.950: I/GceGrallocRegionRegistry(1336): Mapped gralloc-1336.45 hnd=0xb6039040 fd=41 base=0xb0c2c000 format=RGBA_8888(0x1) width=800 height=1280
10-16 19:59:52.978: I/Remoter(1322): Saved screenshot to '/data/screenshots/__pmv__-0124.jpg'
10-16 19:59:52.978: W/art(6331): Suspending all threads took: 6.135ms
10-16 19:59:52.983: W/View(6331): requestLayout() improperly called by com.roughike.bottombar.BottomBarTab{25389199 V.E...CL ..S...ID 2,2-201,77 #7f0f0349 app:id/tab_habits} during second layout pass: posting in next frame
10-16 19:59:52.983: W/View(6331): requestLayout() improperly called by com.roughike.bottombar.BottomBarTab{1aa4750c V.E...CL ......ID 201,2-400,77 #7f0f034a app:id/tab_dailies} during second layout pass: posting in next frame
10-16 19:59:52.983: W/View(6331): requestLayout() improperly called by com.roughike.bottombar.BottomBarTab{2a1bb95b V.E...CL ......ID 400,2-599,77 #7f0f034b app:id/tab_todos} during second layout pass: posting in next frame
10-16 19:59:52.983: W/View(6331): requestLayout() improperly called by com.roughike.bottombar.BottomBarTab{a2c0936 V.E...CL ......ID 599,2-798,77 #7f0f034c app:id/tab_rewards} during second layout pass: posting in next frame
10-16 19:59:52.997: I/art(6331): Background sticky concurrent mark sweep GC freed 14674(596KB) AllocSpace objects, 0(0B) LOS objects, 0% free, 29MB/29MB, paused 7.235ms total 75.627ms
10-16 19:59:53.140: I/GceGrallocRegionRegistry(1679): Unmapped gralloc-1336.40 hnd=0x9ec53c80 fd=198 base=0x96a22000
10-16 19:59:53.171: I/GceGrallocRegionRegistry(1336): Unmapped gralloc-1336.40 hnd=0xb17f10c0 fd=17 base=0xb2816000
10-16 19:59:53.278: I/art(6331): Background partial concurrent mark sweep GC freed 338771(12MB) AllocSpace objects, 1(379KB) LOS objects, 37% free, 26MB/42MB, paused 7.320ms total 269.867ms
10-16 19:59:53.435: I/art(1679): Background sticky concurrent mark sweep GC freed 37067(3MB) AllocSpace objects, 82(1312KB) LOS objects, 23% free, 15MB/20MB, paused 7.111ms total 32.409ms
10-16 19:59:53.561: I/GceGrallocRegionRegistry(6331): Mapped gralloc-1336.43 hnd=0x9ba27440 fd=100 base=0x99c16000 format=RGBA_8888(0x1) width=800 height=1280
10-16 19:59:53.574: I/ActivityManager(1679): Displayed com.habitrpg.android.habitica/.ui.activities.IntroActivity: +1s212ms (total +1s989ms)
10-16 19:59:53.576: I/Choreographer(6331): Skipped 34 frames!  The application may be doing too much work on its main thread.
10-16 19:59:53.596: I/GceGrallocRegionRegistry(6331): Mapped gralloc-1336.44 hnd=0x9ae81040 fd=102 base=0x9982c000 format=RGBA_8888(0x1) width=800 height=1280
10-16 19:59:53.606: D/LifecycleMonitor(6331): Lifecycle status change: com.habitrpg.android.habitica.ui.activities.MainActivity@362fdefc in: STOPPED
10-16 19:59:53.606: W/EventBus(6331): Subscriber to unregister was not registered before: class com.habitrpg.android.habitica.ui.activities.MainActivity
10-16 19:59:53.606: D/LifecycleMonitor(6331): Lifecycle status change: com.habitrpg.android.habitica.ui.activities.MainActivity@362fdefc in: DESTROYED
10-16 19:59:53.616: D/InputManagerEventInjectionStrategy(6331): Creating injection strategy with input manager.
10-16 19:59:53.640: I/ViewInteraction(6331): Performing 'Extracts screen state.' action on view is a root view.
10-16 19:59:53.642: W/ResourceType(6331): No known package when getting name for resource number 0xffffffff
10-16 19:59:53.670: W/ResourceType(6331): No known package when getting name for resource number 0xffffffff
10-16 19:59:53.677: W/ResourceType(6331): No known package when getting name for resource number 0xffffffff
10-16 19:59:53.680: W/ResourceType(6331): No known package when getting name for resource number 0xffffffff
10-16 19:59:53.690: W/ResourceType(6331): No known package when getting name for resource number 0xffffffff
10-16 19:59:53.721: W/ResourceType(6331): No known package when getting name for resource number 0xffffffff
10-16 19:59:53.730: W/ResourceType(6331): No known package when getting name for resource number 0xffffffff
10-16 19:59:53.731: W/ResourceType(6331): No known package when getting name for resource number 0xffffffff
10-16 19:59:53.734: W/ResourceType(6331): No known package when getting name for resource number 0xffffffff
10-16 19:59:53.745: I/GceGrallocRegionRegistry(1336): Mapped gralloc-1336.46 hnd=0xb6039500 fd=44 base=0xb2816000 format=RGBA_8888(0x1) width=800 height=1280
10-16 19:59:53.746: I/GceGrallocRegionRegistry(6317): Mapped gralloc-1336.46 hnd=0xb418a540 fd=13 base=0xad50c000 format=RGBA_8888(0x1) width=800 height=1280
10-16 19:59:53.746: I/GceGrallocRegionRegistry(1336): Unmapped gralloc-1336.46 hnd=0xb6039500 fd=44 base=0xb2816000
10-16 19:59:53.747: I/GceGrallocRegionRegistry(1336): Mapped gralloc-1336.46 hnd=0xb17f10c0 fd=45 base=0xb2816000 format=RGBA_8888(0x1) width=800 height=1280
10-16 19:59:53.814: I/GceGrallocRegionRegistry(1336): Unmapped gralloc-1336.46 hnd=0xb17f10c0 fd=45 base=0xb2816000
10-16 19:59:53.880: I/GceGrallocRegionRegistry(1679): Unmapped gralloc-1336.42 hnd=0xa04d6300 fd=205 base=0x96638000
10-16 19:59:53.894: I/GceGrallocRegionRegistry(1336): Unmapped gralloc-1336.42 hnd=0xb1c160c0 fd=24 base=0xb2016000
10-16 19:59:53.894: W/art(6331): Long monitor contention event with owner method=long com.android.org.conscrypt.NativeCrypto.RSA_generate_key_ex(int, byte[]) from NativeCrypto.java:4294967294 waiters=0 for 2.564s
10-16 19:59:53.898: I/FA-SVC(4614): This instance being marked as an uploader
10-16 19:59:53.901: I/FA(6331): Tag Manager is not found and thus will not be used
10-16 19:59:53.902: I/System.out(6288): INFO: New Screen: Optional.of(ScreenNode {Id=1, PackageName=com.habitrpg.android.habitica, ActivityName=Optional.of(com.habitrpg.android.habitica.ui.activities.IntroActivity)})
10-16 19:59:53.947: I/art(6288): Background partial concurrent mark sweep GC freed 598(36KB) AllocSpace objects, 0(0B) LOS objects, 39% free, 9MB/15MB, paused 14.280ms total 38.438ms
10-16 19:59:54.012: W/FA-SVC(4614): Event created with reverse previous/current timestamps. appId: com.habitrpg.android.habitica
10-16 19:59:54.078: I/Remoter(1322): Saved screenshot to '/data/screenshots/__pmv__-0125.jpg'
10-16 19:59:54.161: I/System.out(6288): INFO: Finished all Robo script actions
10-16 19:59:54.169: W/ResourceType(6331): No package identifier when getting name for resource number 0x00000001
10-16 19:59:54.169: W/ResourceType(6331): No package identifier when getting name for resource number 0x00000001
10-16 19:59:54.170: W/ResourceType(6331): No package identifier when getting name for resource number 0x00000001
10-16 19:59:54.170: W/ResourceType(6331): No package identifier when getting name for resource number 0x00000001
10-16 19:59:54.170: I/ViewInteraction(6331): Performing 'fast swipe' action on view (with class name: is "android.support.v4.view.ViewPager" and with id: com.habitrpg.android.habitica:id/view_pager and is a child at 0th index of the matching parent: (with class name: is "android.widget.FrameLayout" and with id: 1 (resource name not found) and is a child at 0th index of the matching parent: (with class name: is "android.support.v7.widget.ContentFrameLayout" and with id: android:id/content and is a child at 1th index of the matching parent: (with class name: is "android.support.v7.widget.FitWindowsLinearLayout" and with id: com.habitrpg.android.habitica:id/action_bar_root and is a child at 0th index of the matching parent: (with class name: is "android.widget.FrameLayout" and with id: 1 (resource name not found) and is a child at 1th index of the matching parent: (with class name: is "android.widget.LinearLayout" and with id: 1 (resource name not found) and is a child at 0th index of the matching parent: (with class name: is "com.android.internal.policy.impl.PhoneWindow$DecorView" and with id: 1 (resource name not found) and is a root view.)))))))
10-16 19:59:54.187: W/Conscrypt(4596): Could not set socket write timeout:
10-16 19:59:54.187: W/Conscrypt(4596):    java.lang.reflect.Method.invoke(Native Method)
10-16 19:59:54.187: W/Conscrypt(4596):    java.lang.reflect.Method.invoke(Method.java:372)
10-16 19:59:54.191: W/Conscrypt(4596): Could not set socket write timeout:
10-16 19:59:54.191: W/Conscrypt(4596):    java.lang.reflect.Method.invoke(Native Method)
10-16 19:59:54.191: W/Conscrypt(4596):    java.lang.reflect.Method.invoke(Method.java:372)
10-16 19:59:54.199: D/WVCdm(1342): Instantiating CDM.
10-16 19:59:54.199: I/WVCdm(1342): CdmEngine::OpenSession
10-16 19:59:54.199: I/WVCdm(1342): Level3 Library Dec  3 2014 13:06:03
10-16 19:59:54.202: W/WVCdm(1342): Could not read /data/mediadrm/IDM1013/ay64.dat2: No such file or directory
10-16 19:59:54.202: W/WVCdm(1342): Could not load liboemcrypto.so. Falling Back to L3.  dlopen failed: library "liboemcrypto.so" not found
10-16 19:59:54.212: I/WVCdm(1342): CdmEngine::QueryKeyControlInfo
10-16 19:59:54.213: W/WVCdm(1342): BufferReader::Read<T> : Failure during parse: Not enough bytes (4)
10-16 19:59:54.213: W/WVCdm(1342): CdmEngine::ExtractWidevinePssh: Unable to read PSSH atom size
10-16 19:59:54.213: I/WVCdm(1342): CdmEngine::GenerateKeyRequest
10-16 19:59:54.213: D/WVCdm(1342): PrepareKeyRequest: nonce=61862710
10-16 19:59:54.181: I/surfaceflinger(1336): type=1400 audit(0.0:156): avc: denied { ioctl } for path="/dev/userspace_framebuffer" dev="tmpfs" ino=144 ioctlcmd=7702 scontext=u:r:surfaceflinger:s0 tcontext=u:object_r:device:s0 tclass=file permissive=1
10-16 19:59:54.222: I/GceLights(1679): set_light: dev 0xa042a880 state 0x9e5f78e4
10-16 19:59:54.222: I/GceLights(1679): set_light: state value -16053493
10-16 19:59:54.240: I/GceLights(1679): set_light: dev 0xa042a880 state 0x9e5f78e4
10-16 19:59:54.240: I/GceLights(1679): set_light: state value -15856114
10-16 19:59:54.256: I/GceLights(1679): set_light: dev 0xa042a880 state 0x9e5f78e4
10-16 19:59:54.256: I/GceLights(1679): set_light: state value -15658735
10-16 19:59:54.262: I/GceGrallocRegionRegistry(6331): Mapped gralloc-1336.45 hnd=0x9ae81600 fd=103 base=0x98e59000 format=RGBA_8888(0x1) width=800 height=1280
10-16 19:59:54.266: W/Auth(4596): [GetToken] GetToken failed with status code: INVALID_SCOPE
10-16 19:59:54.287: I/GCM-GMS(4614): Failed to subscribe to group.
10-16 19:59:54.287: I/GCM-GMS(4614): dzw: INVALID_SCOPE
10-16 19:59:54.287: I/GCM-GMS(4614): 	at eaa.a(:com.google.android.gms@11519270:16)
10-16 19:59:54.287: I/GCM-GMS(4614): 	at dzz.a(:com.google.android.gms@11519270:2)
10-16 19:59:54.287: I/GCM-GMS(4614): 	at dzz.e(:com.google.android.gms@11519270:6)
10-16 19:59:54.287: I/GCM-GMS(4614): 	at dzz.d(:com.google.android.gms@11519270:1)
10-16 19:59:54.287: I/GCM-GMS(4614): 	at dzz.b(:com.google.android.gms@11519270:1)
10-16 19:59:54.287: I/GCM-GMS(4614): 	at dzx.a(:com.google.android.gms@11519270:1)
10-16 19:59:54.287: I/GCM-GMS(4614): 	at sve.a(:com.google.android.gms@11519270:23)
10-16 19:59:54.287: I/GCM-GMS(4614): 	at sve.a(:com.google.android.gms@11519270:44)
10-16 19:59:54.287: I/GCM-GMS(4614): 	at sve.b(:com.google.android.gms@11519270:6)
10-16 19:59:54.287: I/GCM-GMS(4614): 	at com.google.android.gms.gcm.gmsproc.GcmInGmsTaskChimeraService.a(:com.google.android.gms@11519270:8)
10-16 19:59:54.287: I/GCM-GMS(4614): 	at sto.run(:com.google.android.gms@11519270:1)
10-16 19:59:54.287: I/GCM-GMS(4614): 	at java.util.concurrent.ThreadPoolExecutor.runWorker(ThreadPoolExecutor.java:1112)
10-16 19:59:54.287: I/GCM-GMS(4614): 	at java.util.concurrent.ThreadPoolExecutor$Worker.run(ThreadPoolExecutor.java:587)
10-16 19:59:54.287: I/GCM-GMS(4614): 	at java.lang.Thread.run(Thread.java:818)
10-16 19:59:54.288: I/GceLights(1679): set_light: dev 0xa042a880 state 0x9e5f78e4
10-16 19:59:54.288: I/GceLights(1679): set_light: state value -15395563
10-16 19:59:54.296: I/GceLights(1679): set_light: dev 0xa042a880 state 0x9e5f78e4
10-16 19:59:54.296: I/GceLights(1679): set_light: state value -15198184
10-16 19:59:54.297: I/GCM-GMS(4614): Groups upload failed
10-16 19:59:54.306: I/GceLights(1679): set_light: dev 0xa042a880 state 0x9e5f78e4
10-16 19:59:54.306: I/GceLights(1679): set_light: state value -15000805
10-16 19:59:54.323: I/GceLights(1679): set_light: dev 0xa042a880 state 0x9e5f78e4
10-16 19:59:54.323: I/GceLights(1679): set_light: state value -14737633
10-16 19:59:54.340: I/GceLights(1679): set_light: dev 0xa042a880 state 0x9e5f78e4
10-16 19:59:54.340: I/GceLights(1679): set_light: state value -14540254
10-16 19:59:54.355: I/GceLights(1679): set_light: dev 0xa042a880 state 0x9e5f78e4
10-16 19:59:54.355: I/GceLights(1679): set_light: state value -14342875
10-16 19:59:54.372: I/GceLights(1679): set_light: dev 0xa042a880 state 0x9e5f78e4
10-16 19:59:54.372: I/GceLights(1679): set_light: state value -14079703
10-16 19:59:54.390: I/GceLights(1679): set_light: dev 0xa042a880 state 0x9e5f78e4
10-16 19:59:54.390: I/GceLights(1679): set_light: state value -13882324
10-16 19:59:54.407: I/GceLights(1679): set_light: dev 0xa042a880 state 0x9e5f78e4
10-16 19:59:54.407: I/GceLights(1679): set_light: state value -13684945
10-16 19:59:54.424: I/GceLights(1679): set_light: dev 0xa042a880 state 0x9e5f78e4
10-16 19:59:54.424: I/GceLights(1679): set_light: state value -13421773
10-16 19:59:54.441: I/GceLights(1679): set_light: dev 0xa042a880 state 0x9e5f78e4
10-16 19:59:54.441: I/GceLights(1679): set_light: state value -13224394
10-16 19:59:54.458: I/GceLights(1679): set_light: dev 0xa042a880 state 0x9e5f78e4
10-16 19:59:54.458: I/GceLights(1679): set_light: state value -12961222
10-16 19:59:54.476: I/GceLights(1679): set_light: dev 0xa042a880 state 0x9e5f78e4
10-16 19:59:54.476: I/GceLights(1679): set_light: state value -12763843
10-16 19:59:54.494: I/GceLights(1679): set_light: dev 0xa042a880 state 0x9e5f78e4
10-16 19:59:54.494: I/GceLights(1679): set_light: state value -12500671
10-16 19:59:54.511: I/GceLights(1679): set_light: dev 0xa042a880 state 0x9e5f78e4
10-16 19:59:54.511: I/GceLights(1679): set_light: state value -12303292
10-16 19:59:54.529: I/GceLights(1679): set_light: dev 0xa042a880 state 0x9e5f78e4
10-16 19:59:54.529: I/GceLights(1679): set_light: state value -12040120
10-16 19:59:54.546: I/GceLights(1679): set_light: dev 0xa042a880 state 0x9e5f78e4
10-16 19:59:54.546: I/GceLights(1679): set_light: state value -11842741
10-16 19:59:54.563: I/GceLights(1679): set_light: dev 0xa042a880 state 0x9e5f78e4
10-16 19:59:54.563: I/GceLights(1679): set_light: state value -11579569
10-16 19:59:54.580: I/GceLights(1679): set_light: dev 0xa042a880 state 0x9e5f78e4
10-16 19:59:54.580: I/GceLights(1679): set_light: state value -11382190
10-16 19:59:54.607: I/GceLights(1679): set_light: dev 0xa042a880 state 0x9e5f78e4
10-16 19:59:54.607: I/GceLights(1679): set_light: state value -11184811
10-16 19:59:54.614: I/GceLights(1679): set_light: dev 0xa042a880 state 0x9e5f78e4
10-16 19:59:54.614: I/GceLights(1679): set_light: state value -10921639
10-16 19:59:54.631: I/GceLights(1679): set_light: dev 0xa042a880 state 0x9e5f78e4
10-16 19:59:54.631: I/GceLights(1679): set_light: state value -10724260
10-16 19:59:54.648: I/GceLights(1679): set_light: dev 0xa042a880 state 0x9e5f78e4
10-16 19:59:54.648: I/GceLights(1679): set_light: state value -10461088
10-16 19:59:54.669: I/GceLights(1679): set_light: dev 0xa042a880 state 0x9e5f78e4
10-16 19:59:54.669: I/GceLights(1679): set_light: state value -10263709
10-16 19:59:54.684: I/GceLights(1679): set_light: dev 0xa042a880 state 0x9e5f78e4
10-16 19:59:54.684: I/GceLights(1679): set_light: state value -10066330
10-16 19:59:55.122: I/ViewInteraction(6331): Performing 'Extracts screen state.' action on view is a root view.
10-16 19:59:55.123: W/ResourceType(6331): No known package when getting name for resource number 0xffffffff
10-16 19:59:55.124: W/ResourceType(6331): No known package when getting name for resource number 0xffffffff
10-16 19:59:55.125: W/ResourceType(6331): No known package when getting name for resource number 0xffffffff
10-16 19:59:55.127: W/ResourceType(6331): No known package when getting name for resource number 0xffffffff
10-16 19:59:55.133: W/ResourceType(6331): No known package when getting name for resource number 0xffffffff
10-16 19:59:55.160: W/ResourceType(6331): No known package when getting name for resource number 0xffffffff
10-16 19:59:55.160: W/ResourceType(6331): No known package when getting name for resource number 0xffffffff
10-16 19:59:55.161: W/ResourceType(6331): No known package when getting name for resource number 0xffffffff
10-16 19:59:55.163: W/ResourceType(6331): No known package when getting name for resource number 0xffffffff
10-16 19:59:55.209: I/GceGrallocRegionRegistry(1336): Mapped gralloc-1336.47 hnd=0xb17f1400 fd=43 base=0xb2816000 format=RGBA_8888(0x1) width=800 height=1280
10-16 19:59:55.209: I/GceGrallocRegionRegistry(6317): Mapped gralloc-1336.47 hnd=0xb418a680 fd=14 base=0xad024000 format=RGBA_8888(0x1) width=800 height=1280
10-16 19:59:55.209: I/GceGrallocRegionRegistry(1336): Unmapped gralloc-1336.47 hnd=0xb17f1400 fd=43 base=0xb2816000
10-16 19:59:55.210: I/GceGrallocRegionRegistry(1336): Mapped gralloc-1336.47 hnd=0xb1c160c0 fd=44 base=0xb2816000 format=RGBA_8888(0x1) width=800 height=1280
10-16 19:59:55.252: I/GceGrallocRegionRegistry(1336): Unmapped gralloc-1336.47 hnd=0xb1c160c0 fd=44 base=0xb2816000
10-16 19:59:55.276: I/Remoter(1322): Saved screenshot to '/data/screenshots/__pmv__-0126.jpg'
10-16 19:59:55.295: I/System.out(6288): INFO: New Screen: Optional.of(ScreenNode {Id=2, PackageName=com.habitrpg.android.habitica, ActivityName=Optional.of(com.habitrpg.android.habitica.ui.activities.IntroActivity)})
10-16 19:59:55.599: W/ResourceType(6331): No package identifier when getting name for resource number 0x00000001
10-16 19:59:55.600: W/ResourceType(6331): No package identifier when getting name for resource number 0x00000001
10-16 19:59:55.600: W/ResourceType(6331): No package identifier when getting name for resource number 0x00000001
10-16 19:59:55.600: W/ResourceType(6331): No package identifier when getting name for resource number 0x00000001
10-16 19:59:55.600: W/ResourceType(6331): No package identifier when getting name for resource number 0x00000001
10-16 19:59:55.601: I/ViewInteraction(6331): Performing 'single click' action on view (with class name: is "android.support.v7.widget.AppCompatButton" and with id: com.habitrpg.android.habitica:id/skipButton and is a child at 1th index of the matching parent: (with class name: is "android.widget.RelativeLayout" and with id: 1 (resource name not found) and is a child at 1th index of the matching parent: (with class name: is "android.widget.FrameLayout" and with id: 1 (resource name not found) and is a child at 0th index of the matching parent: (with class name: is "android.support.v7.widget.ContentFrameLayout" and with id: android:id/content and is a child at 1th index of the matching parent: (with class name: is "android.support.v7.widget.FitWindowsLinearLayout" and with id: com.habitrpg.android.habitica:id/action_bar_root and is a child at 0th index of the matching parent: (with class name: is "android.widget.FrameLayout" and with id: 1 (resource name not found) and is a child at 1th index of the matching parent: (with class name: is "android.widget.LinearLayout" and with id: 1 (resource name not found) and is a child at 0th index of the matching parent: (with class name: is "com.android.internal.policy.impl.PhoneWindow$DecorView" and with id: 1 (resource name not found) and is a root view.))))))))
10-16 19:59:55.650: D/MonitoringInstr(6331): execStartActivity(context, ibinder, ibinder, activity, intent, int, bundle
10-16 19:59:55.650: I/ActivityManager(1679): START u0 {flg=0x14008000 cmp=com.habitrpg.android.habitica/.ui.activities.LoginActivity} from uid 10087 on display 0
10-16 19:59:55.667: I/GceGrallocRegionRegistry(1336): Mapped gralloc-1336.48 hnd=0xb17f1440 fd=43 base=0xb2b1d000 format=RGBA_8888(0x1) width=479 height=479
10-16 19:59:55.667: I/GceGrallocRegionRegistry(1679): Mapped gralloc-1336.48 hnd=0x9eb1c4c0 fd=158 base=0x9c717000 format=RGBA_8888(0x1) width=479 height=479
10-16 19:59:55.668: I/GceGrallocRegionRegistry(1336): Unmapped gralloc-1336.48 hnd=0xb17f1440 fd=43 base=0xb2b1d000
10-16 19:59:55.668: I/GceGrallocRegionRegistry(1336): Mapped gralloc-1336.48 hnd=0xb1c160c0 fd=44 base=0xb2b1d000 format=RGBA_8888(0x1) width=479 height=479
10-16 19:59:55.677: I/GceGrallocRegionRegistry(1679): Unmapped gralloc-1336.48 hnd=0x9eb1c4c0 fd=158 base=0x9c717000
10-16 19:59:55.680: V/WindowManager(1679): addAppToken: AppWindowToken{5090332 token=Token{a16cf3d ActivityRecord{20c96894 u0 com.habitrpg.android.habitica/.ui.activities.LoginActivity t5}}} to stack=1 task=5 at 1
10-16 19:59:55.681: V/WindowManager(1679): Adding window Window{333da8f5 u0 Starting com.habitrpg.android.habitica} at 4 of 9 (after Window{345c7c15 u0 com.habitrpg.android.habitica/com.habitrpg.android.habitica.ui.activities.IntroActivity})
10-16 19:59:55.682: W/ActivityManager(1679): Duplicate finish request for ActivityRecord{17711fed u0 com.habitrpg.android.habitica/.ui.activities.IntroActivity t5 f}
10-16 19:59:55.687: D/LifecycleMonitor(6331): Lifecycle status change: com.habitrpg.android.habitica.ui.activities.IntroActivity@39b5f8d3 in: PAUSED
10-16 19:59:55.692: I/GceGrallocRegionRegistry(1336): Unmapped gralloc-1336.48 hnd=0xb1c160c0 fd=44 base=0xb2b1d000
10-16 19:59:55.705: D/LifecycleMonitor(6331): Lifecycle status change: com.habitrpg.android.habitica.ui.activities.LoginActivity@7286e16 in: PRE_ON_CREATE
10-16 19:59:55.711: I/art(6331): Rejecting re-init on previously-failed class java.lang.Class<com.habitrpg.android.habitica.ui.views.login.LoginBackgroundView$$Lambda$1>
10-16 19:59:55.711: I/art(6331): Rejecting re-init on previously-failed class java.lang.Class<com.habitrpg.android.habitica.ui.views.login.LoginBackgroundView$$Lambda$1>
10-16 19:59:55.723: I/GceGrallocRegionRegistry(1336): Mapped gralloc-1336.49 hnd=0xb17f1440 fd=17 base=0xb2816000 format=RGBA_8888(0x1) width=800 height=1280
10-16 19:59:55.723: I/GceGrallocRegionRegistry(1679): Mapped gralloc-1336.49 hnd=0xa04d6180 fd=172 base=0x9b07e000 format=RGBA_8888(0x1) width=800 height=1280
10-16 19:59:55.841: D/LifecycleMonitor(6331): Lifecycle status change: com.habitrpg.android.habitica.ui.activities.LoginActivity@7286e16 in: CREATED
10-16 19:59:55.842: D/LifecycleMonitor(6331): Lifecycle status change: com.habitrpg.android.habitica.ui.activities.LoginActivity@7286e16 in: STARTED
10-16 19:59:55.842: D/LifecycleMonitor(6331): Lifecycle status change: com.habitrpg.android.habitica.ui.activities.LoginActivity@7286e16 in: RESUMED
10-16 19:59:55.844: V/WindowManager(1679): Adding window Window{e621ec4 u0 com.habitrpg.android.habitica/com.habitrpg.android.habitica.ui.activities.LoginActivity} at 4 of 10 (before Window{333da8f5 u0 Starting com.habitrpg.android.habitica})
10-16 19:59:55.864: I/GceGrallocRegionRegistry(1336): Mapped gralloc-1336.50 hnd=0xb6039500 fd=24 base=0xb2016000 format=RGBA_8888(0x1) width=800 height=1280
10-16 19:59:55.864: I/GceGrallocRegionRegistry(1336): Mapped gralloc-1336.51 hnd=0xb6039400 fd=42 base=0xb0842000 format=RGBA_8888(0x1) width=800 height=1280
10-16 19:59:55.864: I/GceGrallocRegionRegistry(1336): Mapped gralloc-1336.52 hnd=0xb6039440 fd=43 base=0xaf016000 format=RGBA_8888(0x1) width=800 height=1280
10-16 19:59:55.865: W/View(6331): requestLayout() improperly called by com.habitrpg.android.habitica.ui.views.login.StarView{37cd90f7 V.ED.... ......ID 0,0-36,36} during layout: running second layout pass
10-16 19:59:55.865: W/View(6331): requestLayout() improperly called by com.habitrpg.android.habitica.ui.views.login.StarView{192394f6 V.ED.... ......ID 0,0-28,28} during layout: running second layout pass
10-16 19:59:55.865: W/View(6331): requestLayout() improperly called by com.habitrpg.android.habitica.ui.views.login.StarView{2b053d91 V.ED.... ......ID 0,0-28,28} during layout: running second layout pass
10-16 19:59:55.865: W/View(6331): requestLayout() improperly called by com.habitrpg.android.habitica.ui.views.login.StarView{10d60bb8 V.ED.... ......ID 0,0-28,28} during layout: running second layout pass
10-16 19:59:55.865: W/View(6331): requestLayout() improperly called by com.habitrpg.android.habitica.ui.views.login.StarView{25a42e1b V.ED.... ......ID 0,0-28,28} during layout: running second layout pass
10-16 19:59:55.865: W/View(6331): requestLayout() improperly called by com.habitrpg.android.habitica.ui.views.login.StarView{3813a02a V.ED.... ......ID 0,0-28,28} during layout: running second layout pass
10-16 19:59:55.865: W/View(6331): requestLayout() improperly called by com.habitrpg.android.habitica.ui.views.login.StarView{2a966515 V.ED.... ......ID 0,0-28,28} during layout: running second layout pass
10-16 19:59:55.865: W/View(6331): requestLayout() improperly called by com.habitrpg.android.habitica.ui.views.login.StarView{2ac4cecc V.ED.... ......ID 0,0-28,28} during layout: running second layout pass
10-16 19:59:55.865: W/View(6331): requestLayout() improperly called by com.habitrpg.android.habitica.ui.views.login.StarView{1f5e80ff V.ED.... ......ID 0,0-28,28} during layout: running second layout pass
10-16 19:59:55.865: W/View(6331): requestLayout() improperly called by com.habitrpg.android.habitica.ui.views.login.StarView{2771a01e V.ED.... ......ID 0,0-28,28} during layout: running second layout pass
10-16 19:59:55.865: W/View(6331): requestLayout() improperly called by com.habitrpg.android.habitica.ui.views.login.StarView{33f55c59 V.ED.... ......ID 0,0-28,28} during layout: running second layout pass
10-16 19:59:55.865: W/View(6331): requestLayout() improperly called by com.habitrpg.android.habitica.ui.views.login.StarView{325bc8a0 V.ED.... ......ID 0,0-28,28} during layout: running second layout pass
10-16 19:59:55.865: W/View(6331): requestLayout() improperly called by com.habitrpg.android.habitica.ui.views.login.StarView{1778ada3 V.ED.... ......ID 0,0-28,28} during layout: running second layout pass
10-16 19:59:55.865: W/View(6331): requestLayout() improperly called by com.habitrpg.android.habitica.ui.views.login.StarView{b43c8d2 V.ED.... ......ID 0,0-12,12} during layout: running second layout pass
10-16 19:59:55.865: W/View(6331): requestLayout() improperly called by com.habitrpg.android.habitica.ui.views.login.StarView{350a75d V.ED.... ......ID 0,0-12,12} during layout: running second layout pass
10-16 19:59:55.865: W/View(6331): requestLayout() improperly called by com.habitrpg.android.habitica.ui.views.login.StarView{3d210d34 V.ED.... ......ID 0,0-12,12} during layout: running second layout pass
10-16 19:59:55.865: W/View(6331): requestLayout() improperly called by com.habitrpg.android.habitica.ui.views.login.StarView{14349807 V.ED.... ......ID 0,0-12,12} during layout: running second layout pass
10-16 19:59:55.865: W/View(6331): requestLayout() improperly called by com.habitrpg.android.habitica.ui.views.login.StarView{1bd50e46 V.ED.... ......ID 0,0-12,12} during layout: running second layout pass
10-16 19:59:55.865: W/View(6331): requestLayout() improperly called by com.habitrpg.android.habitica.ui.views.login.StarView{30368a21 V.ED.... ......ID 0,0-12,12} during layout: running second layout pass
10-16 19:59:55.865: W/View(6331): requestLayout() improperly called by com.habitrpg.android.habitica.ui.views.login.StarView{12a17088 V.ED.... ......ID 0,0-12,12} during layout: running second layout pass
10-16 19:59:55.865: W/View(6331): requestLayout() improperly called by com.habitrpg.android.habitica.ui.views.login.StarView{abde42b V.ED.... ......ID 0,0-12,12} during layout: running second layout pass
10-16 19:59:55.865: W/View(6331): requestLayout() improperly called by com.habitrpg.android.habitica.ui.views.login.StarView{26e9247a V.ED.... ......ID 0,0-12,12} during layout: running second layout pass
10-16 19:59:55.865: W/View(6331): requestLayout() improperly called by com.habitrpg.android.habitica.ui.views.login.StarView{231908a5 V.ED.... ......ID 0,0-12,12} during layout: running second layout pass
10-16 19:59:55.865: W/View(6331): requestLayout() improperly called by com.habitrpg.android.habitica.ui.views.login.StarView{3584869c V.ED.... ......ID 0,0-12,12} during layout: running second layout pass
10-16 19:59:55.865: W/View(6331): requestLayout() improperly called by com.habitrpg.android.habitica.ui.views.login.StarView{100df60f V.ED.... ......ID 0,0-12,12} during layout: running second layout pass
10-16 19:59:55.865: W/View(6331): requestLayout() improperly called by com.habitrpg.android.habitica.ui.views.login.StarView{25b07f6e V.ED.... ......ID 0,0-12,12} during layout: running second layout pass
10-16 19:59:55.865: W/View(6331): requestLayout() improperly called by com.habitrpg.android.habitica.ui.views.login.StarView{3a91e6e9 V.ED.... ......ID 0,0-12,12} during layout: running second layout pass
10-16 19:59:55.865: W/View(6331): requestLayout() improperly called by com.habitrpg.android.habitica.ui.views.login.StarView{360a370 V.ED.... ......ID 0,0-12,12} during layout: running second layout pass
10-16 19:59:55.865: W/View(6331): requestLayout() improperly called by com.habitrpg.android.habitica.ui.views.login.StarView{38ff1b3 V.ED.... ......ID 0,0-12,12} during layout: running second layout pass
10-16 19:59:55.865: W/View(6331): requestLayout() improperly called by com.habitrpg.android.habitica.ui.views.login.StarView{1b7c5322 V.ED.... ......ID 0,0-12,12} during layout: running second layout pass
10-16 19:59:55.865: W/View(6331): requestLayout() improperly called by com.habitrpg.android.habitica.ui.views.login.StarView{2466a8ed V.ED.... ......ID 0,0-12,12} during layout: running second layout pass
10-16 19:59:55.865: W/View(6331): requestLayout() improperly called by com.habitrpg.android.habitica.ui.views.login.StarView{3f4edb04 V.ED.... ......ID 0,0-12,12} during layout: running second layout pass
10-16 19:59:55.865: W/View(6331): requestLayout() improperly called by com.habitrpg.android.habitica.ui.views.login.StarView{1784bb17 V.ED.... ......ID 0,0-12,12} during layout: running second layout pass
10-16 19:59:55.865: W/View(6331): requestLayout() improperly called by com.habitrpg.android.habitica.ui.views.login.StarView{31329396 V.ED.... ......ID 0,0-12,12} during layout: running second layout pass
10-16 19:59:55.865: W/View(6331): requestLayout() improperly called by com.habitrpg.android.habitica.ui.views.login.StarView{2e4c92b1 V.ED.... ......ID 0,0-12,12} during layout: running second layout pass
10-16 19:59:55.865: W/View(6331): requestLayout() improperly called by com.habitrpg.android.habitica.ui.views.login.StarView{1b3f0158 V.ED.... ......ID 0,0-12,12} during layout: running second layout pass
10-16 19:59:55.865: W/View(6331): requestLayout() improperly called by com.habitrpg.android.habitica.ui.views.login.StarView{1b26f63b V.ED.... ......ID 0,0-12,12} during layout: running second layout pass
10-16 19:59:55.865: W/View(6331): requestLayout() improperly called by com.habitrpg.android.habitica.ui.views.login.StarView{181f4ca V.ED.... ......ID 0,0-12,12} during layout: running second layout pass
10-16 19:59:56.127: I/hwcomposer(1336): Sent 3605 syncs in 60s
10-16 19:59:56.512: I/Remoter(1322): Saved screenshot to '/data/screenshots/__pmv__-0127.jpg'
10-16 19:59:56.652: I/GceGrallocRegionRegistry(6331): Mapped gralloc-1336.50 hnd=0x9ae98880 fd=86 base=0x96816000 format=RGBA_8888(0x1) width=800 height=1280
10-16 19:59:56.811: I/GceGrallocRegionRegistry(6331): Unmapped gralloc-1336.43 hnd=0x9ba27440 fd=100 base=0x99c16000
10-16 19:59:56.811: I/GceGrallocRegionRegistry(6331): Unmapped gralloc-1336.44 hnd=0x9ae81040 fd=102 base=0x9982c000
10-16 19:59:56.811: I/GceGrallocRegionRegistry(6331): Unmapped gralloc-1336.45 hnd=0x9ae81600 fd=103 base=0x98e59000
10-16 19:59:56.812: I/GceGrallocRegionRegistry(1336): Unmapped gralloc-1336.44 hnd=0xb3650280 fd=40 base=0xb1016000
10-16 19:59:56.813: I/GceGrallocRegionRegistry(1336): Unmapped gralloc-1336.45 hnd=0xb6039040 fd=41 base=0xb0c2c000
10-16 19:59:56.814: I/ActivityManager(1679): Displayed com.habitrpg.android.habitica/.ui.activities.LoginActivity: +1s127ms
10-16 19:59:56.816: I/Choreographer(6331): Skipped 54 frames!  The application may be doing too much work on its main thread.
10-16 19:59:56.868: W/SurfaceFlinger(1336): couldn't log to binary event log: overflow.
10-16 19:59:56.868: I/GceGrallocRegionRegistry(1336): Unmapped gralloc-1336.43 hnd=0xb6039380 fd=36 base=0xb1816000
10-16 19:59:56.927: I/GceGrallocRegionRegistry(6331): Mapped gralloc-1336.51 hnd=0x9ae98ac0 fd=99 base=0x99c16000 format=RGBA_8888(0x1) width=800 height=1280
10-16 19:59:57.021: I/Binder_3(4776): type=1400 audit(0.0:157): avc: denied { read } for name="/" dev="tmpfs" ino=6056 scontext=u:r:untrusted_app:s0 tcontext=u:object_r:device:s0 tclass=dir permissive=1
10-16 19:59:57.119: I/GceGrallocRegionRegistry(1679): Unmapped gralloc-1336.49 hnd=0xa04d6180 fd=172 base=0x9b07e000
10-16 19:59:57.135: I/GceGrallocRegionRegistry(1336): Unmapped gralloc-1336.49 hnd=0xb17f1440 fd=17 base=0xb2816000
10-16 19:59:57.021: I/Binder_3(4776): type=1400 audit(0.0:158): avc: denied { open } for path="/dev" dev="tmpfs" ino=6056 scontext=u:r:untrusted_app:s0 tcontext=u:object_r:device:s0 tclass=dir permissive=1
10-16 19:59:57.183: W/Conscrypt(4596): Could not set socket write timeout:
10-16 19:59:57.183: W/Conscrypt(4596):    java.lang.reflect.Method.invoke(Native Method)
10-16 19:59:57.183: W/Conscrypt(4596):    java.lang.reflect.Method.invoke(Method.java:372)
10-16 19:59:57.201: I/GceGrallocRegionRegistry(6331): Mapped gralloc-1336.52 hnd=0x9ae98840 fd=100 base=0x9982c000 format=RGBA_8888(0x1) width=800 height=1280
10-16 19:59:57.206: D/LifecycleMonitor(6331): Lifecycle status change: com.habitrpg.android.habitica.ui.activities.IntroActivity@39b5f8d3 in: STOPPED
10-16 19:59:57.213: D/LifecycleMonitor(6331): Lifecycle status change: com.habitrpg.android.habitica.ui.activities.IntroActivity@39b5f8d3 in: DESTROYED
10-16 19:59:57.242: W/Conscrypt(4596): Could not set socket write timeout:
10-16 19:59:57.242: W/Conscrypt(4596):    java.lang.reflect.Method.invoke(Native Method)
10-16 19:59:57.242: W/Conscrypt(4596):    java.lang.reflect.Method.invoke(Method.java:372)
10-16 19:59:57.273: W/GLSUser(4596): [AppCertManager] IOException while requesting key: 
10-16 19:59:57.273: W/GLSUser(4596): java.io.IOException: Invalid device key response.
10-16 19:59:57.273: W/GLSUser(4596): 	at ewx.a(:com.google.android.gms@11519270:11)
10-16 19:59:57.273: W/GLSUser(4596): 	at ewx.a(:com.google.android.gms@11519270:63)
10-16 19:59:57.273: W/GLSUser(4596): 	at ewv.a(:com.google.android.gms@11519270:8)
10-16 19:59:57.273: W/GLSUser(4596): 	at ewr.a(:com.google.android.gms@11519270:1)
10-16 19:59:57.273: W/GLSUser(4596): 	at ewq.a(:com.google.android.gms@11519270:10)
