10-16 19:59:06.620: W/Babel_GetSelfInfo(5047): 	at idw.a(SourceFile:2)
10-16 19:59:06.620: W/Babel_GetSelfInfo(5047): 	... 12 more
10-16 19:59:06.620: E/LoginManager(5047): Account update failed
10-16 19:59:06.620: E/LoginManager(5047): java.io.IOException: Rpc failed
10-16 19:59:06.620: E/LoginManager(5047): 	at jsa.a(SourceFile:178)
10-16 19:59:06.620: E/LoginManager(5047): 	at jse.a(SourceFile:6)
10-16 19:59:06.620: E/LoginManager(5047): 	at jse.call(SourceFile:11)
10-16 19:59:06.620: E/LoginManager(5047): 	at java.util.concurrent.FutureTask.run(FutureTask.java:237)
10-16 19:59:06.620: E/LoginManager(5047): 	at java.util.concurrent.ThreadPoolExecutor.runWorker(ThreadPoolExecutor.java:1112)
10-16 19:59:06.620: E/LoginManager(5047): 	at java.util.concurrent.ThreadPoolExecutor$Worker.run(ThreadPoolExecutor.java:587)
10-16 19:59:06.620: E/LoginManager(5047): 	at java.lang.Thread.run(Thread.java:818)
10-16 19:59:06.620: E/LoginManager(5047): Caused by: java.io.IOException: Cannot obtain authentication token
10-16 19:59:06.620: E/LoginManager(5047): 	at jzd.a(SourceFile:23)
10-16 19:59:06.620: E/LoginManager(5047): 	at jyk.p(SourceFile:47)
10-16 19:59:06.620: E/LoginManager(5047): 	at jyg.a(SourceFile:18)
10-16 19:59:06.620: E/LoginManager(5047): 	at fcc.a(SourceFile:14)
10-16 19:59:06.620: E/LoginManager(5047): 	at jse.a(SourceFile:4)
10-16 19:59:06.620: E/LoginManager(5047): 	... 5 more
10-16 19:59:06.620: E/LoginManager(5047): Caused by: android.accounts.AuthenticatorException: Cannot get Oauth2 token from GMS
10-16 19:59:06.620: E/LoginManager(5047): 	at idw.a(SourceFile:4)
10-16 19:59:06.620: E/LoginManager(5047): 	at jza.a(SourceFile:41)
10-16 19:59:06.620: E/LoginManager(5047): 	at jza.a(SourceFile:16)
10-16 19:59:06.620: E/LoginManager(5047): 	at jzd.a(SourceFile:18)
10-16 19:59:06.620: E/LoginManager(5047): 	... 9 more
10-16 19:59:06.620: E/LoginManager(5047): Caused by: gyl: INVALID_SCOPE
10-16 19:59:06.620: E/LoginManager(5047): 	at gyo.b(Unknown Source)
10-16 19:59:06.620: E/LoginManager(5047): 	at gyo.a(Unknown Source)
10-16 19:59:06.620: E/LoginManager(5047): 	at gyn.a(Unknown Source)
10-16 19:59:06.620: E/LoginManager(5047): 	at gyn.c(Unknown Source)
10-16 19:59:06.620: E/LoginManager(5047): 	at gym.d(Unknown Source)
10-16 19:59:06.620: E/LoginManager(5047): 	at gym.a(Unknown Source)
10-16 19:59:06.620: E/LoginManager(5047): 	at gym.a(Unknown Source)
10-16 19:59:06.620: E/LoginManager(5047): 	at idw.a(SourceFile:2)
10-16 19:59:06.620: E/LoginManager(5047): 	... 12 more
10-16 19:59:06.620: I/Babel_AcctMgr(5047): created 1
10-16 19:59:06.621: D/Babel_AcctMgr(5047): created account VS2WQVCOVYYT3Y3JQZUPAOQ2II-00@cloudtestlabaccounts.com => Redacted-54-chars
10-16 19:59:06.623: W/Auth(4596): [GetToken] GetToken failed with status code: INVALID_SCOPE
10-16 19:59:06.624: I/Babel_AcctMgr(5047): updated: 1
10-16 19:59:06.624: I/Babel_AcctMgr(5047): cleanup: 1
10-16 19:59:06.624: W/Search.LoginHelper(2154): Google auth exception for scope: oauth2:https://www.googleapis.com/auth/googlenow
10-16 19:59:06.641: I/Babel(5047): Account update: 1 logged off
10-16 19:59:06.648: I/Babel(5047): Deleting database. Account ID: 1 Valid account: true Legacy logged off: false Logged in: false Plus page: false
10-16 19:59:06.666: W/art(5047): Suspending all threads took: 17.439ms
10-16 19:59:06.666: W/WVCdm(1342): Could not read /data/mediadrm/IDM1013/ay64.dat2: No such file or directory
10-16 19:59:06.667: W/WVCdm(1342): Could not load liboemcrypto.so. Falling Back to L3.  dlopen failed: library "liboemcrypto.so" not found
10-16 19:59:06.671: I/Babel(5047): Deleting: false for 1
10-16 19:59:06.688: E/Babel(5047): Account Redacted-54-chars not logged in
10-16 19:59:06.688: D/Babel_Notif_MsgNotifier(5047): ImportantMessageNotifier.cancelAllNotificiations() failed since account is logged out or not found. accountId: 1
10-16 19:59:06.692: I/Babel_ConcService(5047): Released partial wake lock as ConcurrentService became idle
10-16 19:59:06.705: I/Babel(5047): connection state changed from UNKNOWN to CONNECTED
10-16 19:59:06.723: I/WVCdm(1342): CdmEngine::QueryKeyControlInfo
10-16 19:59:06.738: W/WVCdm(1342): BufferReader::Read<T> : Failure during parse: Not enough bytes (4)
10-16 19:59:06.738: W/WVCdm(1342): CdmEngine::ExtractWidevinePssh: Unable to read PSSH atom size
10-16 19:59:06.738: I/WVCdm(1342): CdmEngine::GenerateKeyRequest
10-16 19:59:06.740: D/WVCdm(1342): PrepareKeyRequest: nonce=1221041938
10-16 19:59:06.858: I/Remoter(1322): Saved screenshot to '/data/screenshots/__pmv__-0080.jpg'
10-16 19:59:06.907: D/Finsky(4831): [1] GcmRegistrationIdHelper.getRegistrationId: Start requesting GCM Reg Id
10-16 19:59:06.907: D/GCMRegistrar(4831): resetting backoff for com.android.vending
10-16 19:59:06.913: V/GCMRegistrar(4831): Registering app com.android.vending of senders 932144863878
10-16 19:59:06.921: D/Volley(4831): [363] DiskBasedCache.clear: Cache cleared.
10-16 19:59:06.921: D/Volley(4831): [370] DiskBasedCache.clear: Cache cleared.
10-16 19:59:06.923: D/Finsky(4831): [1] UpdateWidgetsReceiver.onReceive: Updated 0 MarketWidgetProvider widgets (android.accounts.LOGIN_ACCOUNTS_CHANGED)
10-16 19:59:06.924: D/Finsky(4831): [1] UpdateWidgetsReceiver.onReceive: Updated 0 RecommendedWidgetProvider widgets (android.accounts.LOGIN_ACCOUNTS_CHANGED)
10-16 19:59:06.924: D/Finsky(4831): [1] UpdateWidgetsReceiver.onReceive: Updated 0 NowPlayingWidgetProvider widgets (android.accounts.LOGIN_ACCOUNTS_CHANGED)
10-16 19:59:06.935: W/acleung-debug(4942): MinuteMaid: onReceive
10-16 19:59:06.942: I/Exchange(4878): Accounts changed - requesting FolderSync for unsynced accounts
10-16 19:59:06.944: W/GCM(4596): Register request missing messenger
10-16 19:59:06.947: I/GmailIS(3056): Receive LOGIN_ACCOUNTS_CHANGED intent: Intent { act=android.accounts.LOGIN_ACCOUNTS_CHANGED flg=0x4000010 cmp=com.google.android.gm/.GmailIntentService }
10-16 19:59:06.954: I/Gmail(3056): System accounts updated.
10-16 19:59:06.954: I/Babel_ConcService(5047): Acquired partial wake lock to keep ConcurrentService alive
10-16 19:59:06.957: D/Babel_SmsDepUtil(5047): imp:-1:3602
10-16 19:59:06.958: D/Babel_SmsDep(5047): disabled
10-16 19:59:06.959: I/Exchange(4878): EasService.onCreate
10-16 19:59:06.960: D/Babel_SmsDepUtil(5047): imp:-1:3602
10-16 19:59:06.960: D/Babel_SmsDep(5047): disabled
10-16 19:59:06.961: I/NotifActionUtils(3056): resendNotifications account: null, folder: null
10-16 19:59:06.961: D/Babel_SmsDepUtil(5047): imp:-1:3602
10-16 19:59:06.962: D/Babel_SmsDep(5047): disabled
10-16 19:59:06.962: I/Babel_ConcService(5047): Released partial wake lock as ConcurrentService became idle
10-16 19:59:06.964: I/Exchange(4878): RestartPingTask
10-16 19:59:06.967: I/PmtsSwAccountIntentOp(4614): Processing intent action=android.accounts.LOGIN_ACCOUNTS_CHANGED
10-16 19:59:06.967: I/PmtsSwAccountIntentOp(4614): Device isn't of sufficient API level
10-16 19:59:06.971: W/WakefulBroadcastReceiver(4596): No active wake lock id #2
10-16 19:59:06.972: I/HeterodyneSyncScheduler(4596): Scheduling Phenotype for a PhenotypeSyncImmediately(5, null) one off with window [1, 2] in seconds
10-16 19:59:06.975: I/Exchange(4878): RestartPingsTask did not start any pings.
10-16 19:59:06.975: I/Exchange(4878): PSS stopIfIdle
10-16 19:59:06.975: I/Exchange(4878): PSS has no active accounts; stopping service.
10-16 19:59:06.975: D/Finsky(4831): [1] BaseWidgetProvider.onReceive: Received ACTION_APPWIDGET_UPDATE, updating 0 widgets.
10-16 19:59:06.976: I/Exchange(4878): onDestroy
10-16 19:59:06.977: D/Finsky(4831): [1] BaseWidgetProvider.onReceive: Received ACTION_APPWIDGET_UPDATE, updating 0 widgets.
10-16 19:59:06.978: D/Finsky(4831): [1] BaseWidgetProvider.onReceive: Received ACTION_APPWIDGET_UPDATE, updating 0 widgets.
10-16 19:59:07.007: W/Auth(4596): [GetToken] GetToken failed with status code: INVALID_SCOPE
10-16 19:59:07.010: W/Search.LoginHelper(2154): Google auth exception for scope: oauth2:https://www.googleapis.com/auth/googlenow
10-16 19:59:07.010: E/Velvet.VelvetNetworkClient(2154): Failed to get auth token
10-16 19:59:07.015: I/Auth(4596): [BroadcastManager] Broadcasting account services changed.
10-16 19:59:07.022: I/Gmail(3056): getAccountsCursor
10-16 19:59:07.023: I/NotifUtils(3056): resendNotifications cancelExisting: false, account: null, folder: null
10-16 19:59:07.028: I/IcingInternalCorpora(4614): Received calendar change notification.
10-16 19:59:07.038: I/IcingInternalCorpora(4614): Received calendar change notification.
10-16 19:59:07.043: W/ConfigurationChimeraProvider(4596): Got null configs for com.google.android.gms.ads
10-16 19:59:07.053: I/CheckinChimeraService(4614): android.os.VintfObject class not found : android.os.VintfObject
10-16 19:59:07.068: I/CheckinCompat(4614): Disabling old GoogleServicesFramework version
10-16 19:59:07.070: E/cutils-trace(5196): Error opening trace file: Permission denied (13)
10-16 19:59:07.070: I/dex2oat(5196): /system/bin/dex2oat --runtime-arg -classpath --runtime-arg  --instruction-set=x86 --instruction-set-features=default --runtime-arg -Xrelocate --boot-image=/system/framework/boot.art --dex-file=/data/data/com.google.android.googlequicksearchbox/cache/extradex_jars/verified/nowwidget/nowwidget-0.jar --oat-fd=116 --oat-location=/data/data/com.google.android.googlequicksearchbox/cache/extradex_jars/verified/nowwidget/nowwidget-0.dex --runtime-arg -Xms64m --runtime-arg -Xmx512m
10-16 19:59:07.134: I/dex2oat(5196): dex2oat took 63.732ms (threads: 2) arena alloc=96KB java alloc=183KB native alloc=1186KB free=6MB
10-16 19:59:07.150: W/ConfigurationChimeraProvider(4596): Got null configs for com.google.android.gms.mdm
10-16 19:59:07.171: I/EventLogChimeraService(4614): Accumulating logs since 1508198177412
10-16 19:59:07.173: I/Authzen(4596): [AccountChangeProcessingIntentOperation] Received onHandleIntent() call: Intent { act=com.google.android.gms.auth.GOOGLE_ACCOUNT_CHANGE cat=[com.google.android.gms.auth.category.ACCOUNT_ADDED] flg=0x10 cmp=com.google.android.gms/.chimera.GmsIntentOperationService$PersistentInternalReceiver (has extras) }
10-16 19:59:07.173: I/Authzen(4596): [AccountChangeProcessingIntentOperation] Handling added account: <ELLIDED:-2054587611>
10-16 19:59:07.173: D/Finsky(4831): [1] BaseWidgetProvider.onReceive: Received ACTION_APPWIDGET_UPDATE, updating 0 widgets.
10-16 19:59:07.174: D/Finsky(4831): [1] BaseWidgetProvider.onReceive: Received ACTION_APPWIDGET_UPDATE, updating 0 widgets.
10-16 19:59:07.175: D/Finsky(4831): [1] BaseWidgetProvider.onReceive: Received ACTION_APPWIDGET_UPDATE, updating 0 widgets.
10-16 19:59:07.199: I/GCoreUlr(4596): Starting service, intent=Intent { act=com.google.android.location.reporting.ACTION_UPDATE_WORLD cmp=com.google.android.gms/com.google.android.location.reporting.service.DispatchingService (has extras) }, extras=Bundle[{receiverAction=com.google.android.gms.auth.GOOGLE_ACCOUNT_CHANGE, accountsAdded=[Account {name=VS2WQVCOVYYT3Y3JQZUPAOQ2II-00@cloudtestlabaccounts.com, type=com.google}]}]
10-16 19:59:07.222: V/GCMBroadcastReceiver(4831): onReceive: com.google.android.c2dm.intent.REGISTRATION
10-16 19:59:07.222: V/GCMBroadcastReceiver(4831): GCM IntentService class: com.android.vending.GCMIntentService
10-16 19:59:07.225: I/Auth(4614): [FRP,FrpUpdateIntentOperation] Frp is not supported for this device / user
10-16 19:59:07.228: V/GCMBaseIntentService(4831): Acquiring wakelock
10-16 19:59:07.231: I/Authzen(4596): [SyncManager] Sync requested for event 100, account VS2WQVCOVYYT3Y3JQZUPAOQ2II-00@cloudtestlabaccounts.com, and components 3, with reason 7
10-16 19:59:07.231: I/Authzen(4596): [SyncManager] Triggering AuthZen registration...
10-16 19:59:07.233: V/GCMBaseIntentService(4831): Intent service name: GCMIntentService-932144863878-1
10-16 19:59:07.234: I/Authzen(4596): [RegistrationManager] Fetching signing key...
10-16 19:59:07.247: I/Authzen(4596): [KeyService] Creating new signing Keys for handle: device_key
10-16 19:59:07.249: I/Authzen(4596): [SqliteKeyStorage] Adding new credential
10-16 19:59:07.261: I/Authzen(4596): [RegistrationManager] Signing key fetched successfully!
10-16 19:59:07.264: E/GCMRegistrar(4831): internal error: retry receiver class not set yet
10-16 19:59:07.264: V/GCMRegistrar(4831): Registering receiver
10-16 19:59:07.265: D/GCMBaseIntentService(4831): handleRegistration: registrationId = APA91bEirSR-UmMosc8UPCSai7nuoVdHgq40hoD2-MDVTd2HH9g-fah3KUlOtEal9wIIKriNZIG6lPvuwJAzGxzYpLCFlYO4GBM6xZbC8DRoPf6hhy2gXa1FAF58TNcBh5bZZE14QoTy, error = null, unregistered = null
10-16 19:59:07.265: D/GCMRegistrar(4831): resetting backoff for com.android.vending
10-16 19:59:07.282: I/Authzen(4596): [RegistrationManager] Starting Enrollment...
10-16 19:59:07.283: V/GCMRegistrar(4831): Saving regId on app version 80321300
10-16 19:59:07.298: I/GCoreUlr(4596): WorldUpdater received intent Intent { act=com.google.android.location.reporting.ACTION_UPDATE_WORLD cmp=com.google.android.gms/com.google.android.location.reporting.service.DispatchingService (has extras) } with receiverAction com.google.android.gms.auth.GOOGLE_ACCOUNT_CHANGE
10-16 19:59:07.309: V/GCMBaseIntentService(4831): Releasing wakelock
10-16 19:59:07.310: D/Finsky(4831): [1] GcmRegistrationIdHelper.uploadIfNotRegistered: Uploading GcmRegistration Id because not registered yet
10-16 19:59:07.331: W/Auth(4596): [GetToken] GetToken failed with status code: INVALID_SCOPE
10-16 19:59:07.331: E/Authzen(4596): [RegistrationManager] Failed to do enrollment for account: <ELLIDED:48565171>
10-16 19:59:07.338: I/Authzen(4596): [eyn] Syncing data for account <ELLIDED:48565171>
10-16 19:59:07.339: I/GCoreUlr(4596): AutoEnableManager setIneligible for account#11#
10-16 19:59:07.398: I/ProcessCheckinRequest(4614): Get token from PseudonymousIdApi: 114=k7-tQSCh9iC1Y0ItuLwvCE6I-Qz43dGczeKTjDXEKC3uVQK4PcaK3t-cbo6S6JWzkv0gWlRtMyJZ6ehrVYGhcqjMaHiY0hIQHJAy-uKUeZUHJjDoxxLB5co5vN0HIUQu
10-16 19:59:07.440: W/Auth(4596): [GetToken] GetToken failed with status code: INVALID_SCOPE
10-16 19:59:07.440: E/Authzen(4596): [eyn] Failed to authenticate account: <ELLIDED:48565171>. Clearing data.
10-16 19:59:07.442: I/Authzen(4596): [fct] Opening database auth.proximity.permit_store...
10-16 19:59:07.443: I/Authzen(4596): [SyncManager] sync failed for 100
10-16 19:59:07.480: I/art(2136): Explicit concurrent mark sweep GC freed 3945(182KB) AllocSpace objects, 0(0B) LOS objects, 39% free, 4MB/6MB, paused 74.178ms total 92.038ms
10-16 19:59:07.501: I/art(1679): Explicit concurrent mark sweep GC freed 18018(1079KB) AllocSpace objects, 13(364KB) LOS objects, 33% free, 12MB/19MB, paused 370us total 54.584ms
10-16 19:59:07.508: I/Authzen(4596): [SyncManager] Setting up sync 94788203ms later.
10-16 19:59:07.510: I/GCoreUlr(4596): WorldUpdater:com.google.android.gms.auth.GOOGLE_ACCOUNT_CHANGE: Ensuring that reporting is stopped because of reasons: {account#11#=[InactiveReason{mIdentifier=6, mName='ReportingNotEnabled'}, InactiveReason{mIdentifier=14, mName='HistoryNotEnabled'}]}
10-16 19:59:07.523: I/CheckinRequestBuilder(4614): Checkin reason type: 4 attempt count: 1
10-16 19:59:07.533: I/GCoreUlr(4596): Unbound from all location providers
10-16 19:59:07.534: I/GCoreUlr(4596): Place inference reporting - stop
10-16 19:59:07.535: I/Authzen(4614): [PermitStore] Getting all permits...
10-16 19:59:07.536: I/GCoreUlr(4596): Unregistering for aliased place alerts.
10-16 19:59:07.536: I/Authzen(4614): [fct] Opening database auth.proximity.permit_store...
10-16 19:59:07.565: I/GCoreUlr(4596): DispatchingService.onDestroy()
10-16 19:59:07.566: I/GCoreUlr(4596): Stopping handler for UlrDispSvcFast
10-16 19:59:07.567: I/GCoreUlr(4596): Unbound from all location providers
10-16 19:59:07.567: I/GCoreUlr(4596): Place inference reporting - stop
10-16 19:59:07.595: I/GCoreUlr(4596): Unregistering for aliased place alerts.
10-16 19:59:07.603: D/WifiService(1679): New client listening to asynchronous messages
10-16 19:59:07.606: W/art(4596): Long monitor contention event with owner method=void sxp.a(sxx, int) from :com.google.android.gms@11519270:66 waiters=0 for 164ms
10-16 19:59:07.608: E/ActivityThread(4614): Failed to find provider info for com.google.android.wearable.settings
10-16 19:59:07.612: I/GCoreUlr(4596): Uploading GCM registration ID for account#11#
10-16 19:59:07.623: I/Places(4596): ?: Couldn't find platform key file.
10-16 19:59:07.637: W/Conscrypt(4596): Could not set socket write timeout:
10-16 19:59:07.637: W/Conscrypt(4596):    java.lang.reflect.Method.invoke(Native Method)
10-16 19:59:07.637: W/Conscrypt(4596):    java.lang.reflect.Method.invoke(Method.java:372)
10-16 19:59:07.654: W/Auth(4596): [GetToken] GetToken failed with status code: INVALID_SCOPE
10-16 19:59:07.655: E/Auth.Api.Credentials(4614): [SyncManager] Error during the sync.
10-16 19:59:07.655: E/Auth.Api.Credentials(4614): dzw: INVALID_SCOPE
10-16 19:59:07.655: E/Auth.Api.Credentials(4614): 	at eaa.a(:com.google.android.gms@11519270:16)
10-16 19:59:07.655: E/Auth.Api.Credentials(4614): 	at dzz.a(:com.google.android.gms@11519270:2)
10-16 19:59:07.655: E/Auth.Api.Credentials(4614): 	at dzz.e(:com.google.android.gms@11519270:6)
10-16 19:59:07.655: E/Auth.Api.Credentials(4614): 	at dzz.d(:com.google.android.gms@11519270:1)
10-16 19:59:07.655: E/Auth.Api.Credentials(4614): 	at dzx.b(:com.google.android.gms@11519270:1)
10-16 19:59:07.655: E/Auth.Api.Credentials(4614): 	at mih.b(:com.google.android.gms@11519270)
10-16 19:59:07.655: E/Auth.Api.Credentials(4614): 	at mgy.b(:com.google.android.gms@11519270:5)
10-16 19:59:07.655: E/Auth.Api.Credentials(4614): 	at mho.b(:com.google.android.gms@11519270:9)
10-16 19:59:07.655: E/Auth.Api.Credentials(4614): 	at mho.a(:com.google.android.gms@11519270:16)
10-16 19:59:07.655: E/Auth.Api.Credentials(4614): 	at mho.a(:com.google.android.gms@11519270:32)
10-16 19:59:07.655: E/Auth.Api.Credentials(4614): 	at enw.b(:com.google.android.gms@11519270:45)
10-16 19:59:07.655: E/Auth.Api.Credentials(4614): 	at erx.a(:com.google.android.gms@11519270:4)
10-16 19:59:07.655: E/Auth.Api.Credentials(4614): 	at erv.a(:com.google.android.gms@11519270:84)
10-16 19:59:07.655: E/Auth.Api.Credentials(4614): 	at eru.a(:com.google.android.gms@11519270:60)
10-16 19:59:07.655: E/Auth.Api.Credentials(4614): 	at mmj.onPerformSync(:com.google.android.gms@11519270:6)
10-16 19:59:07.655: E/Auth.Api.Credentials(4614): 	at android.content.AbstractThreadedSyncAdapter$SyncThread.run(AbstractThreadedSyncAdapter.java:259)
10-16 19:59:07.663: W/Auth(4596): [GetToken] GetToken failed with status code: INVALID_SCOPE
10-16 19:59:07.663: I/GCM-GMS(4614): Failed to subscribe to group.
10-16 19:59:07.663: I/GCM-GMS(4614): dzw: INVALID_SCOPE
10-16 19:59:07.663: I/GCM-GMS(4614): 	at eaa.a(:com.google.android.gms@11519270:16)
10-16 19:59:07.663: I/GCM-GMS(4614): 	at dzz.a(:com.google.android.gms@11519270:2)
10-16 19:59:07.663: I/GCM-GMS(4614): 	at dzz.e(:com.google.android.gms@11519270:6)
10-16 19:59:07.663: I/GCM-GMS(4614): 	at dzz.d(:com.google.android.gms@11519270:1)
10-16 19:59:07.663: I/GCM-GMS(4614): 	at dzz.b(:com.google.android.gms@11519270:1)
10-16 19:59:07.663: I/GCM-GMS(4614): 	at dzx.a(:com.google.android.gms@11519270:1)
10-16 19:59:07.663: I/GCM-GMS(4614): 	at sve.a(:com.google.android.gms@11519270:23)
10-16 19:59:07.663: I/GCM-GMS(4614): 	at sve.a(:com.google.android.gms@11519270:44)
10-16 19:59:07.663: I/GCM-GMS(4614): 	at sve.b(:com.google.android.gms@11519270:6)
10-16 19:59:07.663: I/GCM-GMS(4614): 	at com.google.android.gms.gcm.gmsproc.GcmInGmsTaskChimeraService.a(:com.google.android.gms@11519270:8)
10-16 19:59:07.663: I/GCM-GMS(4614): 	at sto.run(:com.google.android.gms@11519270:1)
10-16 19:59:07.663: I/GCM-GMS(4614): 	at java.util.concurrent.ThreadPoolExecutor.runWorker(ThreadPoolExecutor.java:1112)
10-16 19:59:07.663: I/GCM-GMS(4614): 	at java.util.concurrent.ThreadPoolExecutor$Worker.run(ThreadPoolExecutor.java:587)
10-16 19:59:07.663: I/GCM-GMS(4614): 	at java.lang.Thread.run(Thread.java:818)
10-16 19:59:07.665: I/Places(4596): ?: Couldn't find platform key file.
10-16 19:59:07.668: I/GeofencerStateMachine(4596): removeGeofences: removeRequest=RemoveGeofencingRequest[REMOVE_BY_PENDING_INTENT pendingIntent=PendingIntent[creatorPackage=com.google.android.gms], packageName=null]
10-16 19:59:07.675: W/Conscrypt(4596): Could not set socket write timeout:
10-16 19:59:07.675: W/Conscrypt(4596):    java.lang.reflect.Method.invoke(Native Method)
10-16 19:59:07.675: W/Conscrypt(4596):    java.lang.reflect.Method.invoke(Method.java:372)
10-16 19:59:07.678: I/GeofencerStateMachine(4596): removeGeofences: removeRequest=RemoveGeofencingRequest[REMOVE_BY_PENDING_INTENT pendingIntent=PendingIntent[creatorPackage=com.google.android.gms], packageName=null]
10-16 19:59:07.686: I/GeofencerStateMachine(4596): removeGeofences: removeRequest=RemoveGeofencingRequest[REMOVE_BY_PENDING_INTENT pendingIntent=PendingIntent[creatorPackage=com.google.android.gms], packageName=null]
10-16 19:59:07.687: I/GeofencerStateMachine(4596): removeGeofences: removeRequest=RemoveGeofencingRequest[REMOVE_BY_PENDING_INTENT pendingIntent=PendingIntent[creatorPackage=com.google.android.gms], packageName=null]
10-16 19:59:07.687: I/GeofencerStateMachine(4596): removeGeofences: removeRequest=RemoveGeofencingRequest[REMOVE_BY_PENDING_INTENT pendingIntent=PendingIntent[creatorPackage=com.google.android.gms], packageName=null]
10-16 19:59:07.691: I/GeofencerStateMachine(4596): removeGeofences: removeRequest=RemoveGeofencingRequest[REMOVE_BY_PENDING_INTENT pendingIntent=PendingIntent[creatorPackage=com.google.android.gms], packageName=null]
10-16 19:59:07.701: E/Auth.Api.Credentials(4614): [CredentialSyncAdapter] Unknown sync event.
10-16 19:59:07.731: W/GLSUser(4596): [AppCertManager] IOException while requesting key: 
10-16 19:59:07.731: W/GLSUser(4596): java.io.IOException: Invalid device key response.
10-16 19:59:07.731: W/GLSUser(4596): 	at ewx.a(:com.google.android.gms@11519270:11)
10-16 19:59:07.731: W/GLSUser(4596): 	at ewx.a(:com.google.android.gms@11519270:63)
10-16 19:59:07.731: W/GLSUser(4596): 	at ewx.a(:com.google.android.gms@11519270:20)
10-16 19:59:07.731: W/GLSUser(4596): 	at ewv.a(:com.google.android.gms@11519270:4)
10-16 19:59:07.731: W/GLSUser(4596): 	at ews.a(:com.google.android.gms@11519270:2)
10-16 19:59:07.731: W/GLSUser(4596): 	at ewq.a(:com.google.android.gms@11519270:10)
10-16 19:59:07.731: W/GLSUser(4596): 	at ewq.a(:com.google.android.gms@11519270:24)
10-16 19:59:07.731: W/GLSUser(4596): 	at mgy.d(:com.google.android.gms@11519270:3)
10-16 19:59:07.731: W/GLSUser(4596): 	at cjq.a(:com.google.android.gms@11519270:31)
10-16 19:59:07.731: W/GLSUser(4596): 	at cez.run(:com.google.android.gms@11519270:2)
10-16 19:59:07.731: W/GLSUser(4596): 	at cex.handleMessage(:com.google.android.gms@11519270:3)
10-16 19:59:07.731: W/GLSUser(4596): 	at mmw.run(:com.google.android.gms@11519270:6)
10-16 19:59:07.731: W/GLSUser(4596): 	at mng.run(:com.google.android.gms@11519270:25)
10-16 19:59:07.731: W/GLSUser(4596): 	at java.util.concurrent.ThreadPoolExecutor.runWorker(ThreadPoolExecutor.java:1112)
10-16 19:59:07.731: W/GLSUser(4596): 	at java.util.concurrent.ThreadPoolExecutor$Worker.run(ThreadPoolExecutor.java:587)
10-16 19:59:07.731: W/GLSUser(4596): 	at mso.run(:com.google.android.gms@11519270)
10-16 19:59:07.731: W/GLSUser(4596): 	at java.lang.Thread.run(Thread.java:818)
10-16 19:59:07.731: W/GLSUser(4596): [DeviceKeyStore] Cannot load key: Device key file not found.
10-16 19:59:07.741: E/ctxmgr(4596): [BaseServerTask]Server task (FetchAclSet) got error statusCode=-1.
10-16 19:59:07.741: E/ctxmgr(4596): com.android.volley.VolleyError: Unable to obtain auth token - is the device online?
10-16 19:59:07.741: E/ctxmgr(4596): 	at cjq.a(:com.google.android.gms@11519270:39)
10-16 19:59:07.741: E/ctxmgr(4596): 	at cez.run(:com.google.android.gms@11519270:2)
10-16 19:59:07.741: E/ctxmgr(4596): 	at cex.handleMessage(:com.google.android.gms@11519270:3)
10-16 19:59:07.741: E/ctxmgr(4596): 	at mmw.run(:com.google.android.gms@11519270:6)
10-16 19:59:07.741: E/ctxmgr(4596): 	at mng.run(:com.google.android.gms@11519270:25)
10-16 19:59:07.741: E/ctxmgr(4596): 	at java.util.concurrent.ThreadPoolExecutor.runWorker(ThreadPoolExecutor.java:1112)
10-16 19:59:07.741: E/ctxmgr(4596): 	at java.util.concurrent.ThreadPoolExecutor$Worker.run(ThreadPoolExecutor.java:587)
10-16 19:59:07.741: E/ctxmgr(4596): 	at mso.run(:com.google.android.gms@11519270)
10-16 19:59:07.741: E/ctxmgr(4596): 	at java.lang.Thread.run(Thread.java:818)
10-16 19:59:07.743: W/ctxmgr(4596): [WorkManager]Long workInfo: pkg=com.google.android.gms, lbl=NetworkManager#getAcl, start=2017-10-16 19:59:06.108-0400, stop=2017-10-16 19:59:07.742-0400, durtn=1634ms
10-16 19:59:07.757: I/System(4614): Loaded time zone names for "es" in 62ms (62ms in ICU)
10-16 19:59:07.758: E/ctxmgr(4596): [AccountAclCallback]Failed Acl fetch: network status=-1
10-16 19:59:07.758: W/UdcContextManagerHelper(4596): Empty context buffer. Thus might mean that the context is not synced down.
10-16 19:59:07.758: W/UploadOptInStatusOp(4596): Empty context model while retrieving upload opt-in status!
10-16 19:59:07.793: W/Auth(4596): [GetToken] GetToken failed with status code: INVALID_SCOPE
10-16 19:59:07.794: E/CheckinRequestBuilder(4614): Unrecoverable authentication exception: INVALID_SCOPE
10-16 19:59:07.794: E/CheckinRequestBuilder(4614): dzw: INVALID_SCOPE
10-16 19:59:07.794: E/CheckinRequestBuilder(4614): 	at eaa.a(:com.google.android.gms@11519270:16)
10-16 19:59:07.794: E/CheckinRequestBuilder(4614): 	at dzz.a(:com.google.android.gms@11519270:2)
10-16 19:59:07.794: E/CheckinRequestBuilder(4614): 	at dzz.e(:com.google.android.gms@11519270:6)
10-16 19:59:07.794: E/CheckinRequestBuilder(4614): 	at dzx.f(:com.google.android.gms@11519270:3)
10-16 19:59:07.794: E/CheckinRequestBuilder(4614): 	at dzx.a(:com.google.android.gms@11519270:4)
10-16 19:59:07.794: E/CheckinRequestBuilder(4614): 	at kbz.a(:com.google.android.gms@11519270:207)
10-16 19:59:07.794: E/CheckinRequestBuilder(4614): 	at kcz.a(:com.google.android.gms@11519270:17)
10-16 19:59:07.794: E/CheckinRequestBuilder(4614): 	at kcz.a(:com.google.android.gms@11519270:181)
10-16 19:59:07.794: E/CheckinRequestBuilder(4614): 	at com.google.android.gms.checkin.CheckinChimeraService.a(:com.google.android.gms@11519270:149)
10-16 19:59:07.794: E/CheckinRequestBuilder(4614): 	at kbv.run(:com.google.android.gms@11519270:2)
10-16 19:59:07.794: E/CheckinRequestBuilder(4614): 	at mng.run(:com.google.android.gms@11519270:25)
10-16 19:59:07.794: E/CheckinRequestBuilder(4614): 	at java.util.concurrent.ThreadPoolExecutor.runWorker(ThreadPoolExecutor.java:1112)
10-16 19:59:07.794: E/CheckinRequestBuilder(4614): 	at java.util.concurrent.ThreadPoolExecutor$Worker.run(ThreadPoolExecutor.java:587)
10-16 19:59:07.794: E/CheckinRequestBuilder(4614): 	at mso.run(:com.google.android.gms@11519270)
10-16 19:59:07.794: E/CheckinRequestBuilder(4614): 	at java.lang.Thread.run(Thread.java:818)
10-16 19:59:07.805: W/chromium(2154): [WARNING:simple_index_file.cc(337)] Could not map Simple Index file.
10-16 19:59:07.857: I/WVCdm(1342): CdmEngine::OpenSession
10-16 19:59:07.885: I/Ads(4614): Accounts have changed: com.google.android.gms.auth.GOOGLE_ACCOUNT_CHANGE
10-16 19:59:07.888: W/constellation(4614): [gaia_id_checker] GAIA id checker has been disabled by gservice flag.
10-16 19:59:07.896: I/GCM-GMS(4614): Groups upload failed
10-16 19:59:07.917: I/ActivityManager(1679): Start proc 5241:com.google.android.gms.ui/u0a9 for service com.google.android.gms/.chimera.UiIntentOperationService
10-16 19:59:07.921: D/Finsky(4831): [1] DailyHygiene.onStartCommand: Beginning daily hygiene
10-16 19:59:07.937: W/ResourcesManager(5241): Asset path '/system/framework/com.android.media.remotedisplay.jar' does not exist or contains no resources.
10-16 19:59:07.937: W/ResourcesManager(5241): Asset path '/system/framework/com.android.location.provider.jar' does not exist or contains no resources.
10-16 19:59:07.967: W/Auth(4596): [GetToken] GetToken failed with status code: INVALID_SCOPE
10-16 19:59:07.968: E/Ads(4614): [JAMS] Failed to get OAuth token: dzw: INVALID_SCOPE
10-16 19:59:07.970: W/Auth(4596): [GetToken] GetToken failed with status code: INVALID_SCOPE
10-16 19:59:07.970: I/Ads(4614): Immediate DSID task failed. Scheduling one-off
10-16 19:59:07.977: I/MS_RegisterService(4614): RegisterService intent:Intent { act=com.google.android.gms.matchstick.register_intent_google_account_change cat=[targeted_intent_op_prefix:com.google.android.libraries.matchstick.net.SilentRegisterIntentOperation] cmp=com.google.android.gms/.chimera.GmsIntentOperationService } isPeriodic:false
10-16 19:59:07.989: I/MS_PhoneUtils(4614): Phone type: 1
10-16 19:59:08.012: I/Remoter(1322): Saved screenshot to '/data/screenshots/__pmv__-0081.jpg'
10-16 19:59:08.014: D/Finsky(4831): [1] 1.onResponse: Received device config token CisaKQoTNDMxNTEyMTU1MTA1NjczOTc2NRISChAxNTA4MTk4MzQ3OTA5NDA5
10-16 19:59:08.018: I/art(4596): Explicit concurrent mark sweep GC freed 97599(5MB) AllocSpace objects, 12(192KB) LOS objects, 39% free, 13MB/21MB, paused 12.949ms total 185.687ms
10-16 19:59:08.018: I/LoadedApk(5241): No resource references to update in package FFFFFFFFFFFFFFFFFFFFFF
10-16 19:59:08.020: I/art(2136): Explicit concurrent mark sweep GC freed 3811(170KB) AllocSpace objects, 0(0B) LOS objects, 39% free, 4MB/7MB, paused 627us total 87.936ms
10-16 19:59:08.031: I/MagicTether(4596): [HostValidator] InvalidHost. MobileData: true, Tethering: false, whitelist: false, ble: false
10-16 19:59:08.033: W/linker(5241): libconscrypt_gmscore_jni.so: unused DT entry: type 0x1d arg 0x91
10-16 19:59:08.037: W/ChimeraUtils(4596): Non Chimera context
10-16 19:59:08.040: V/NativeCrypto(5241): Registering com/google/android/gms/org/conscrypt/NativeCrypto's 259 native methods...
10-16 19:59:08.047: I/art(5241): Rejecting re-init on previously-failed class java.lang.Class<com.google.android.gms.org.conscrypt.OpenSSLExtendedSessionImpl>
10-16 19:59:08.047: I/art(5241): Rejecting re-init on previously-failed class java.lang.Class<com.google.android.gms.org.conscrypt.OpenSSLExtendedSessionImpl>
10-16 19:59:08.047: I/art(5241): Rejecting re-init on previously-failed class java.lang.Class<com.google.android.gms.org.conscrypt.OpenSSLExtendedSessionImpl>
10-16 19:59:08.057: W/art(4596): Long monitor contention event with owner method=void sxq.handleMessage(android.os.Message) from :com.google.android.gms@11519270:7 waiters=0 for 105ms
10-16 19:59:08.057: I/art(4614): Explicit concurrent mark sweep GC freed 17680(1464KB) AllocSpace objects, 22(400KB) LOS objects, 39% free, 10MB/17MB, paused 19.367ms total 59.187ms
10-16 19:59:08.064: I/ProviderInstaller(5241): Installed default security provider GmsCore_OpenSSL
10-16 19:59:08.068: I/MS_RegisterService(4614): Doing full registration.
10-16 19:59:08.088: I/qtaguid(4831): Failed write_ctrl(u 36) res=-1 errno=22
10-16 19:59:08.088: I/qtaguid(4831): Untagging socket 36 failed errno=-22
10-16 19:59:08.088: W/NetworkManagementSocketTagger(4831): untagSocket(36) failed with errno -22
10-16 19:59:08.088: D/Finsky(4831): [1] SelfUpdateScheduler.checkForSelfUpdate: Starting DFE self-update from local version [80321300] to server version [80834200]
10-16 19:59:08.126: I/art(1679): Explicit concurrent mark sweep GC freed 17811(825KB) AllocSpace objects, 3(48KB) LOS objects, 33% free, 12MB/19MB, paused 581us total 40.324ms
10-16 19:59:08.209: W/Auth(4596): [GetToken] GetToken failed with status code: INVALID_SCOPE
10-16 19:59:08.210: E/GCoreUlr(4596): The Account {name=VS2WQVCOVYYT3Y3JQZUPAOQ2II-00@cloudtestlabaccounts.com, type=com.google} has been under authentication error for 0 minutes
10-16 19:59:08.217: I/qtaguid(4831): Failed write_ctrl(u 36) res=-1 errno=22
10-16 19:59:08.217: I/qtaguid(4831): Untagging socket 36 failed errno=-22
10-16 19:59:08.217: W/NetworkManagementSocketTagger(4831): untagSocket(36) failed with errno -22
10-16 19:59:08.219: E/GCoreUlr(4596): syncNotDefinedYet() auth exception: dzw: INVALID_SCOPE
10-16 19:59:08.226: I/GceMetadataClient(2959): Received updated metadata.
10-16 19:59:08.228: E/GCoreUlr(4596): dzw: INVALID_SCOPE
10-16 19:59:08.228: E/GCoreUlr(4596): 	at eaa.a(:com.google.android.gms@11519270:16)
10-16 19:59:08.228: E/GCoreUlr(4596): 	at dzz.a(:com.google.android.gms@11519270:2)
10-16 19:59:08.228: E/GCoreUlr(4596): 	at dzz.e(:com.google.android.gms@11519270:6)
10-16 19:59:08.228: E/GCoreUlr(4596): 	at dzz.d(:com.google.android.gms@11519270:1)
10-16 19:59:08.228: E/GCoreUlr(4596): 	at dzx.b(:com.google.android.gms@11519270:1)
10-16 19:59:08.228: E/GCoreUlr(4596): 	at mih.b(:com.google.android.gms@11519270)
10-16 19:59:08.228: E/GCoreUlr(4596): 	at mgy.b(:com.google.android.gms@11519270:5)
10-16 19:59:08.228: E/GCoreUlr(4596): 	at mhk.b(:com.google.android.gms@11519270:1)
10-16 19:59:08.228: E/GCoreUlr(4596): 	at mhk.a(:com.google.android.gms@11519270:7)
10-16 19:59:08.228: E/GCoreUlr(4596): 	at mhk.a(:com.google.android.gms@11519270:6)
10-16 19:59:08.228: E/GCoreUlr(4596): 	at anzh.a(:com.google.android.gms@11519270:177)
10-16 19:59:08.228: E/GCoreUlr(4596): 	at anzn.a(:com.google.android.gms@11519270:103)
10-16 19:59:08.228: E/GCoreUlr(4596): 	at aoau.b(:com.google.android.gms@11519270:34)
10-16 19:59:08.228: E/GCoreUlr(4596): 	at aoau.a(:com.google.android.gms@11519270:22)
10-16 19:59:08.228: E/GCoreUlr(4596): 	at aoat.a(:com.google.android.gms@11519270:10)
10-16 19:59:08.228: E/GCoreUlr(4596): 	at mmj.onPerformSync(:com.google.android.gms@11519270:6)
10-16 19:59:08.228: E/GCoreUlr(4596): 	at android.content.AbstractThreadedSyncAdapter$SyncThread.run(AbstractThreadedSyncAdapter.java:259)
10-16 19:59:08.231: D/SyncManager(1679): failed sync operation VS2WQVCOVYYT3Y3JQZUPAOQ2II-00@cloudtestlabaccounts.com u0 (com.google), com.google.android.location.reporting, SERVER, currentRunTime 232363, reason: AutoSync, SyncResult: stats [ numAuthExceptions: 1]
10-16 19:59:08.233: D/SyncManager(1679): not retrying sync operation because the error is a hard error: VS2WQVCOVYYT3Y3JQZUPAOQ2II-00@cloudtestlabaccounts.com u0 (com.google), com.google.android.location.reporting, SERVER, currentRunTime 264918, reason: AutoSync
10-16 19:59:08.266: I/MagicTether(5241): [HostValidator] InvalidHost. MobileData: true, Tethering: false, whitelist: false, ble: false
10-16 19:59:08.272: I/IcingInternalCorpora(4614): EventIndexer: starting incremental update
10-16 19:59:08.272: I/IcingInternalCorpora(4614): EventIndexer: 0 added, 0 removed, 0 changed, 0 unchanged, 0 errors.
10-16 19:59:08.272: I/IcingInternalCorpora(4614): EventIndexer: finished after 0 ms.
10-16 19:59:08.311: I/WVCdm(1342): CdmEngine::QueryKeyControlInfo
10-16 19:59:08.313: W/WVCdm(1342): BufferReader::Read<T> : Failure during parse: Not enough bytes (4)
10-16 19:59:08.313: W/WVCdm(1342): CdmEngine::ExtractWidevinePssh: Unable to read PSSH atom size
10-16 19:59:08.313: I/WVCdm(1342): CdmEngine::GenerateKeyRequest
10-16 19:59:08.314: D/WVCdm(1342): PrepareKeyRequest: nonce=1614837557
10-16 19:59:08.347: W/Auth(4596): [GetToken] GetToken failed with status code: INVALID_SCOPE
10-16 19:59:08.381: I/WVCdm(1342): CdmEngine::CloseSession
10-16 19:59:08.457: I/qtaguid(4831): Failed write_ctrl(u 41) res=-1 errno=22
10-16 19:59:08.457: I/qtaguid(4831): Untagging socket 41 failed errno=-22
10-16 19:59:08.457: W/NetworkManagementSocketTagger(4831): untagSocket(41) failed with errno -22
10-16 19:59:08.492: E/Volley(3122): [266] xa.a: Unexpected response code 503 for https://www.googleapis.com/youtubei/v1/notification_registration/set_registration?key=AIzaSyA8eiZmM1FaDVjRy-df2KTyQ_vz_yYM39w
10-16 19:59:08.492: W/YouTube(3122): (unknown) Could not register for notifications with InnerTube: 
10-16 19:59:08.492: W/YouTube(3122): fay: java.util.concurrent.ExecutionException: wu
10-16 19:59:08.492: W/YouTube(3122): 	at ezo.a(SourceFile:103)
10-16 19:59:08.492: W/YouTube(3122): 	at fpl.run(SourceFile:57)
10-16 19:59:08.492: W/YouTube(3122): 	at java.util.concurrent.ThreadPoolExecutor.runWorker(ThreadPoolExecutor.java:1112)
10-16 19:59:08.492: W/YouTube(3122): 	at java.util.concurrent.ThreadPoolExecutor$Worker.run(ThreadPoolExecutor.java:587)
10-16 19:59:08.492: W/YouTube(3122): 	at ers.run(SourceFile:40)
10-16 19:59:08.492: W/YouTube(3122): 	at java.lang.Thread.run(Thread.java:818)
10-16 19:59:08.492: W/YouTube(3122): Caused by: java.util.concurrent.ExecutionException: wu
10-16 19:59:08.492: W/YouTube(3122): 	at xv.a(SourceFile:117)
10-16 19:59:08.492: W/YouTube(3122): 	at xv.get(SourceFile:88)
10-16 19:59:08.492: W/YouTube(3122): 	at goc.get(SourceFile:69)
10-16 19:59:08.492: W/YouTube(3122): 	at ezo.a(SourceFile:99)
10-16 19:59:08.492: W/YouTube(3122): 	... 5 more
10-16 19:59:08.492: W/YouTube(3122): Caused by: wu
10-16 19:59:08.492: W/YouTube(3122): 	at xa.a(SourceFile:145)
10-16 19:59:08.492: W/YouTube(3122): 	at gnu.a(SourceFile:49)
10-16 19:59:08.492: W/YouTube(3122): 	at wg.run(SourceFile:105)
10-16 19:59:08.523: D/Finsky(4831): [1] DownloadImpl.setState: self-update-download from null to UNQUEUED.
10-16 19:59:08.523: D/Finsky(4831): [1] DownloadQueueImpl.add: Download self-update-download added to DownloadQueue
10-16 19:59:08.525: D/Finsky(4831): [1] DownloadImpl.setState: self-update-download from UNQUEUED to QUEUED.
10-16 19:59:08.526: I/installd(1343): free_cache(0) avail 3215065088
10-16 19:59:08.537: D/Finsky(4831): [1] DownloadQueueImpl.startDownload: Download self-update-download starting
10-16 19:59:08.539: W/ScreenOrientationListener(2154): Removing an inexistent observer!
10-16 19:59:08.546: I/ActivityManager(1679): Start proc 5305:android.process.media/u0a6 for content provider com.android.providers.downloads/.DownloadProvider
10-16 19:59:08.609: E/SQLiteLog(5305): (283) recovered 47 frames from WAL file /data/data/com.android.providers.media/databases/external.db-wal
10-16 19:59:08.649: D/Finsky(4831): [367] 7.run: Enqueued self-update-download as content://downloads/my_downloads/22
10-16 19:59:08.649: D/Finsky(4831): [1] DownloadImpl.setState: self-update-download from QUEUED to DOWNLOADING.
10-16 19:59:08.649: D/Finsky(4831): [1] DownloadQueueImpl.onStart: self-update-download: onStart
10-16 19:59:08.652: D/Finsky(4831): [1] DownloadQueueImpl.notifyProgress: self-update-download: onProgress 0/-1 Status: 190.
10-16 19:59:08.674: D/Finsky(4831): [1] DownloadQueueImpl.notifyProgress: self-update-download: onProgress 0/-1 Status: 192.
10-16 19:59:08.707: D/DownloadManager(5305): [22] Starting
10-16 19:59:08.709: W/ActivityThread(5305): ClassLoader.loadClass: The class loader returned by Thread.getContextClassLoader() may fail for processes that host multiple applications. You should explicitly specify a context class loader. For example: Thread.setContextClassLoader(getClass().getClassLoader());
10-16 19:59:08.835: I/WVCdm(1342): CdmEngine::CloseSession
10-16 19:59:08.836: I/WVCdm(1342): L3 Terminate.
10-16 19:59:08.837: I/WVCdm(1342): CdmEngine::OpenSession
10-16 19:59:08.837: I/WVCdm(1342): Level3 Library Dec  3 2014 13:06:03
10-16 19:59:08.841: W/WVCdm(1342): Could not read /data/mediadrm/IDM1013/ay64.dat2: No such file or directory
10-16 19:59:08.841: W/WVCdm(1342): Could not load liboemcrypto.so. Falling Back to L3.  dlopen failed: library "liboemcrypto.so" not found
10-16 19:59:08.852: I/WVCdm(1342): CdmEngine::QueryKeyControlInfo
10-16 19:59:08.857: W/WVCdm(1342): BufferReader::Read<T> : Failure during parse: Not enough bytes (4)
10-16 19:59:08.857: W/WVCdm(1342): CdmEngine::ExtractWidevinePssh: Unable to read PSSH atom size
10-16 19:59:08.857: I/WVCdm(1342): CdmEngine::GenerateKeyRequest
10-16 19:59:08.857: W/Auth(4596): [GetToken] GetToken failed with status code: INVALID_SCOPE
10-16 19:59:08.858: E/MS_NetworkUtils(4614): GoogleAuthException getting authtoken for: VS2WQVCOVYYT3Y3JQZUPAOQ2II-00@cloudtestlabaccounts.com message:
10-16 19:59:08.858: E/MS_NetworkUtils(4614): dzw: INVALID_SCOPE
10-16 19:59:08.858: E/MS_NetworkUtils(4614): 	at eaa.a(:com.google.android.gms@11519270:16)
10-16 19:59:08.858: E/MS_NetworkUtils(4614): 	at dzz.a(:com.google.android.gms@11519270:2)
10-16 19:59:08.858: E/MS_NetworkUtils(4614): 	at dzz.e(:com.google.android.gms@11519270:6)
10-16 19:59:08.858: E/MS_NetworkUtils(4614): 	at dzz.d(:com.google.android.gms@11519270:1)
10-16 19:59:08.858: E/MS_NetworkUtils(4614): 	at dzz.b(:com.google.android.gms@11519270:1)
10-16 19:59:08.858: E/MS_NetworkUtils(4614): 	at dzx.a(:com.google.android.gms@11519270:1)
10-16 19:59:08.858: E/MS_NetworkUtils(4614): 	at alcb.a(:com.google.android.gms@11519270:28)
10-16 19:59:08.858: E/MS_NetworkUtils(4614): 	at com.google.android.libraries.matchstick.net.SilentRegisterIntentOperation.a(:com.google.android.gms@11519270:214)
10-16 19:59:08.858: E/MS_NetworkUtils(4614): 	at com.google.android.libraries.matchstick.net.SilentRegisterIntentOperation.onHandleIntent(:com.google.android.gms@11519270:291)
10-16 19:59:08.858: E/MS_NetworkUtils(4614): 	at com.google.android.chimera.IntentOperation.onHandleIntent(:com.google.android.gms@11519270:2)
10-16 19:59:08.858: E/MS_NetworkUtils(4614): 	at bwy.run(:com.google.android.gms@11519270:10)
10-16 19:59:08.858: E/MS_NetworkUtils(4614): 	at bwv.run(:com.google.android.gms@11519270:14)
10-16 19:59:08.858: E/MS_NetworkUtils(4614): 	at java.util.concurrent.ThreadPoolExecutor.runWorker(ThreadPoolExecutor.java:1112)
10-16 19:59:08.858: E/MS_NetworkUtils(4614): 	at java.util.concurrent.ThreadPoolExecutor$Worker.run(ThreadPoolExecutor.java:587)
10-16 19:59:08.858: E/MS_NetworkUtils(4614): 	at java.lang.Thread.run(Thread.java:818)
10-16 19:59:08.865: D/WVCdm(1342): PrepareKeyRequest: nonce=2755614665
10-16 19:59:08.884: W/GLSUser(4596): [DeviceKeyStore] Cannot load key: Device key file not found.
10-16 19:59:08.884: W/GLSUser(4596): [DeviceKeyStore] Cannot load key: Device key file not found.
10-16 19:59:08.918: I/System.out(4614): Error inflating SSL session: error:100000a0:SSL routines:OPENSSL_internal:INVALID_SSL_SESSION
10-16 19:59:08.918: W/Conscrypt(4614): Could not set socket write timeout:
10-16 19:59:08.918: W/Conscrypt(4614):    java.lang.reflect.Method.invoke(Native Method)
10-16 19:59:08.918: W/Conscrypt(4614):    java.lang.reflect.Method.invoke(Method.java:372)
10-16 19:59:08.988: W/Conscrypt(4614): Could not set socket write timeout:
10-16 19:59:08.988: W/Conscrypt(4614):    java.lang.reflect.Method.invoke(Native Method)
10-16 19:59:08.988: W/Conscrypt(4614):    java.lang.reflect.Method.invoke(Method.java:372)
10-16 19:59:09.047: W/UdcContextManagerHelper(4596): Empty context buffer. Thus might mean that the context is not synced down.
10-16 19:59:09.047: W/UploadOptInStatusOp(4596): Empty context model while retrieving upload opt-in status!
10-16 19:59:09.076: I/Remoter(1322): Saved screenshot to '/data/screenshots/__pmv__-0082.jpg'
10-16 19:59:09.076: E/ctxmgr(4596): [NetworkUtil]No active synchronizable contexts.
10-16 19:59:09.097: D/Finsky(4831): [1] 3.onMutationsApplied: App library has changed, requesting content sync.
10-16 19:59:09.100: D/Finsky(4831): [1] DailyHygiene.logDeviceFeaturesAndContinue: Logging device features
10-16 19:59:09.104: D/Finsky(4831): [1] DailyHygiene.flushEventLogsAndContinue: Flushing event logs for [pNO9ObzPejlK16Cz5STnAehdGGc]
10-16 19:59:09.109: D/Finsky(4831): [1] VerifyInstalledPackagesReceiver.checkPrerequisites: Skipping verification because verify apps is not enabled
10-16 19:59:09.110: I/ActivityManager(1679): Killing 4481:com.google.android.deskclock/u0a38 (adj 15): empty #17
10-16 19:59:09.139: W/Auth(4596): [GetToken] GetToken failed with status code: INVALID_SCOPE
10-16 19:59:09.139: W/AuthSessionAuthenticato(4596): Auth related exception is being ignored: INVALID_SCOPE
10-16 19:59:09.140: W/GLSUser(4596): [DeviceKeyStore] Cannot load key: Device key file not found.
10-16 19:59:09.140: W/GLSUser(4596): [DeviceKeyStore] Cannot load key: Device key file not found.
10-16 19:59:09.171: E/ctxmgr(4596): [BaseServerTask]Server task (FetchAclSet) got error statusCode=-1.
10-16 19:59:09.171: E/ctxmgr(4596): com.android.volley.VolleyError: Unable to obtain auth token - is the device online?
10-16 19:59:09.171: E/ctxmgr(4596): 	at cjq.a(:com.google.android.gms@11519270:39)
10-16 19:59:09.171: E/ctxmgr(4596): 	at cez.run(:com.google.android.gms@11519270:2)
10-16 19:59:09.171: E/ctxmgr(4596): 	at cex.handleMessage(:com.google.android.gms@11519270:3)
10-16 19:59:09.171: E/ctxmgr(4596): 	at mmw.run(:com.google.android.gms@11519270:6)
10-16 19:59:09.171: E/ctxmgr(4596): 	at mng.run(:com.google.android.gms@11519270:25)
10-16 19:59:09.171: E/ctxmgr(4596): 	at java.util.concurrent.ThreadPoolExecutor.runWorker(ThreadPoolExecutor.java:1112)
10-16 19:59:09.171: E/ctxmgr(4596): 	at java.util.concurrent.ThreadPoolExecutor$Worker.run(ThreadPoolExecutor.java:587)
10-16 19:59:09.171: E/ctxmgr(4596): 	at mso.run(:com.google.android.gms@11519270)
10-16 19:59:09.171: E/ctxmgr(4596): 	at java.lang.Thread.run(Thread.java:818)
10-16 19:59:09.171: E/ctxmgr(4596): [AccountAclCallback]Failed Acl fetch: network status=-1
10-16 19:59:09.188: E/MS_RegisterService(4614): Exception during register request.
10-16 19:59:09.188: E/MS_RegisterService(4614): bagi: INVALID_ARGUMENT: Application credential header not valid. Please fix the client to pass a valid application credential header.
10-16 19:59:09.188: E/MS_RegisterService(4614): 	at bage.c(:com.google.android.gms@11519270:3)
10-16 19:59:09.188: E/MS_RegisterService(4614): 	at mhn.a(:com.google.android.gms@11519270:66)
10-16 19:59:09.188: E/MS_RegisterService(4614): 	at com.google.android.libraries.matchstick.net.SilentRegisterIntentOperation.a(:com.google.android.gms@11519270:226)
10-16 19:59:09.188: E/MS_RegisterService(4614): 	at com.google.android.libraries.matchstick.net.SilentRegisterIntentOperation.onHandleIntent(:com.google.android.gms@11519270:291)
10-16 19:59:09.188: E/MS_RegisterService(4614): 	at com.google.android.chimera.IntentOperation.onHandleIntent(:com.google.android.gms@11519270:2)
10-16 19:59:09.188: E/MS_RegisterService(4614): 	at bwy.run(:com.google.android.gms@11519270:10)
10-16 19:59:09.188: E/MS_RegisterService(4614): 	at bwv.run(:com.google.android.gms@11519270:14)
10-16 19:59:09.188: E/MS_RegisterService(4614): 	at java.util.concurrent.ThreadPoolExecutor.runWorker(ThreadPoolExecutor.java:1112)
10-16 19:59:09.188: E/MS_RegisterService(4614): 	at java.util.concurrent.ThreadPoolExecutor$Worker.run(ThreadPoolExecutor.java:587)
10-16 19:59:09.188: E/MS_RegisterService(4614): 	at java.lang.Thread.run(Thread.java:818)
10-16 19:59:09.211: I/GoogleURLConnFactory(4596): Using platform SSLCertificateSocketFactory
10-16 19:59:09.399: W/System(4614): Ignoring header Cookie because its value was null.
10-16 19:59:09.399: I/ProcessCheckinRequest(4614): set cookie as: null
10-16 19:59:09.403: W/Conscrypt(4614): Could not set socket write timeout:
10-16 19:59:09.403: W/Conscrypt(4614):    java.lang.reflect.Method.invoke(Native Method)
10-16 19:59:09.403: W/Conscrypt(4614):    java.lang.reflect.Method.invoke(Method.java:372)
10-16 19:59:09.405: W/Conscrypt(4614): Could not set socket write timeout:
10-16 19:59:09.405: W/Conscrypt(4614):    java.lang.reflect.Method.invoke(Native Method)
10-16 19:59:09.405: W/Conscrypt(4614):    java.lang.reflect.Method.invoke(Method.java:372)
10-16 19:59:09.416: I/ProcessCheckinRequest(4614): REQUEST: b: "12345678902468"
10-16 19:59:09.416: I/ProcessCheckinRequest(4614): g: 4315121551056739765
10-16 19:59:09.416: I/ProcessCheckinRequest(4614): h: -4157215810804011038
10-16 19:59:09.416: I/ProcessCheckinRequest(4614): i: "1-006b2f6e647dc4b57fcfb41749b31607cbac3348"
10-16 19:59:09.416: I/ProcessCheckinRequest(4614): j: "es"
10-16 19:59:09.416: I/ProcessCheckinRequest(4614): k <
10-16 19:59:09.416: I/ProcessCheckinRequest(4614):   a <
10-16 19:59:09.416: I/ProcessCheckinRequest(4614):     a: "generic/gce_x86_phone/gce_x86:5.1.1/LMY49R.LZG52/3751180:userdebug/test-keys"
10-16 19:59:09.416: I/ProcessCheckinRequest(4614):     b: "AVD_R1.0.0"
10-16 19:59:09.416: I/ProcessCheckinRequest(4614):     c: "unknown"
10-16 19:59:09.416: I/ProcessCheckinRequest(4614):     d: "gce_x86"
10-16 19:59:09.416: I/ProcessCheckinRequest(4614):     e: "generic"
10-16 19:59:09.416: I/ProcessCheckinRequest(4614):     f: "unknown"
10-16 19:59:09.416: I/ProcessCheckinRequest(4614):     g: 1487676802
10-16 19:59:09.416: I/ProcessCheckinRequest(4614):     h: 11519270
10-16 19:59:09.416: I/ProcessCheckinRequest(4614):     i: 22
10-16 19:59:09.416: I/ProcessCheckinRequest(4614):     j: "gce_x86"
10-16 19:59:09.416: I/ProcessCheckinRequest(4614):     k: "GCE x86 phone"
10-16 19:59:09.416: I/ProcessCheckinRequest(4614):     l: "unknown"
10-16 19:59:09.416: I/ProcessCheckinRequest(4614):     m: "gce_x86_phone"
10-16 19:59:09.416: I/ProcessCheckinRequest(4614):     n: false
10-16 19:59:09.416: I/ProcessCheckinRequest(4614):     o <
10-16 19:59:09.416: I/ProcessCheckinRequest(4614):       a: 2
10-16 19:59:09.416: I/ProcessCheckinRequest(4614):       b: "tablet-unknown"
10-16 19:59:09.416: I/ProcessCheckinRequest(4614):     >
10-16 19:59:09.416: I/ProcessCheckinRequest(4614):     o <
10-16 19:59:09.416: I/ProcessCheckinRequest(4614):       a: 1
10-16 19:59:09.416: I/ProcessCheckinRequest(4614):       b: "unknown"
10-16 19:59:09.416: I/ProcessCheckinRequest(4614):     >
10-16 19:59:09.416: I/ProcessCheckinRequest(4614):     o <
10-16 19:59:09.416: I/ProcessCheckinRequest(4614):       a: 4
10-16 19:59:09.416: I/ProcessCheckinRequest(4614):       b: "gmm-unknown"
10-16 19:59:09.416: I/ProcessCheckinRequest(4614):     >
10-16 19:59:09.416: I/ProcessCheckinRequest(4614):     o <
10-16 19:59:09.416: I/ProcessCheckinRequest(4614):       a: 5
10-16 19:59:09.416: I/ProcessCheckinRequest(4614):       b: "mvapp-unknown"
10-16 19:59:09.416: I/ProcessCheckinRequest(4614):     >
