10-16 19:58:58.660: E/HotwordDataManager(2154): 	at java.util.concurrent.ThreadPoolExecutor.runWorker(ThreadPoolExecutor.java:1112)
10-16 19:58:58.660: E/HotwordDataManager(2154): 	at java.util.concurrent.ThreadPoolExecutor$Worker.run(ThreadPoolExecutor.java:587)
10-16 19:58:58.660: E/HotwordDataManager(2154): 	at java.lang.Thread.run(Thread.java:818)
10-16 19:58:58.660: E/HotwordDataManager(2154): 	at feg.run(PG:80)
10-16 19:58:58.660: E/HotwordDataManager(2154): Caused by: android.system.ErrnoException: open failed: ENOENT (No such file or directory)
10-16 19:58:58.660: E/HotwordDataManager(2154): 	at libcore.io.Posix.open(Native Method)
10-16 19:58:58.660: E/HotwordDataManager(2154): 	at libcore.io.BlockGuardOs.open(BlockGuardOs.java:186)
10-16 19:58:58.660: E/HotwordDataManager(2154): 	at libcore.io.IoBridge.open(IoBridge.java:442)
10-16 19:58:58.660: E/HotwordDataManager(2154): 	... 14 more
10-16 19:58:58.663: W/ActivityManager(1679): Spurious death for ProcessRecord{5b3fe5e 4448:com.google.android.apps.mtaas.tools/u0a79}, curProc for 4448: null
10-16 19:58:58.664: W/KeyphraseEnrollmentInfo(1903): Enrollment application doesn't support keyphrases
10-16 19:58:58.667: I/art(3503): System.exit called, status: 0
10-16 19:58:58.667: I/AndroidRuntime(3503): VM exiting with result code 0, cleanup skipped.
10-16 19:58:58.681: I/Icing(2213): IndexChimeraService.getServiceInterface callingPackage=com.google.android.inputmethod.latin componentName=null serviceId=21
10-16 19:58:58.686: I/art(2031): Explicit concurrent mark sweep GC freed 22012(1428KB) AllocSpace objects, 4(124KB) LOS objects, 39% free, 6MB/10MB, paused 288us total 19.935ms
10-16 19:58:58.687: I/Icing(2213): Usage reports 0 indexed 0 rejected 0 imm upload false
10-16 19:58:58.694: I/art(2031): Explicit concurrent mark sweep GC freed 3869(302KB) AllocSpace objects, 0(0B) LOS objects, 39% free, 5MB/9MB, paused 194us total 7.210ms
10-16 19:58:58.700: I/art(2031): Explicit concurrent mark sweep GC freed 3(96B) AllocSpace objects, 0(0B) LOS objects, 39% free, 5MB/9MB, paused 222us total 6.098ms
10-16 19:58:58.745: I/ActivityManager(1679): Process com.android.vending (pid 3503) has died
10-16 19:58:58.754: I/GceGrallocRegionRegistry(2031): Unmapped gralloc-1336.11 hnd=0xa0399b80 fd=34 base=0xa0a1a000
10-16 19:58:58.755: I/GceGrallocRegionRegistry(2031): Unmapped gralloc-1336.12 hnd=0xa0399540 fd=35 base=0x9e8ce000
10-16 19:58:58.755: I/GceGrallocRegionRegistry(2031): Unmapped gralloc-1336.13 hnd=0xa03994c0 fd=36 base=0x9e4e4000
10-16 19:58:58.755: I/GceGrallocRegionRegistry(1336): Unmapped gralloc-1336.12 hnd=0xb1c16040 fd=29 base=0xb1816000
10-16 19:58:58.756: I/GceGrallocRegionRegistry(1336): Unmapped gralloc-1336.13 hnd=0xb1c16080 fd=30 base=0xb0e1c000
10-16 19:58:58.759: W/Launcher(2031): setApplicationContext called twice! old=com.android.launcher3.LauncherApplication@367b18a6 new=com.android.launcher3.LauncherApplication@367b18a6
10-16 19:58:58.779: W/KeyphraseEnrollmentInfo(1903): Enrollment application doesn't support keyphrases
10-16 19:58:58.798: I/GceGrallocRegionRegistry(1336): Unmapped gralloc-1336.11 hnd=0xb3650200 fd=17 base=0xb2016000
10-16 19:58:58.827: I/GceGrallocRegionRegistry(1779): Mapped gralloc-1336.26 hnd=0x9de5edc0 fd=62 base=0xa1498000 format=RGBA_8888(0x1) width=800 height=64
10-16 19:58:58.854: W/InputMethodInfo(1679): Duplicated subtype definition found: , voice
10-16 19:58:58.866: I/InputMethodManagerService(1679): Selected default: com.google.android.inputmethod.latin/com.android.inputmethod.latin.LatinIME
10-16 19:58:58.869: W/InputMethodManagerService(1679): Illegal subtype state: old subtype = null, new subtype = android.view.inputmethod.InputMethodSubtype@30a6e00e
10-16 19:58:58.869: W/ResourceType(2031): Attempt to retrieve bag 0x7f0d0008 which is invalid or in a cycle.
10-16 19:58:58.892: I/ContactLocale(2976): AddressBook Labels [es]: [, A, B, C, D, E, F, G, H, I, J, K, L, M, N, , O, P, Q, R, S, T, U, V, W, X, Y, Z, , , , , , , , , , , , , , , , , , , , , , , , , , , , , , , , , , , , , , , , , , , , , , , , , , , , , , , , , , , , , , , , , , , , , , , , , , , , , , , , , , , , , , , , , , , , , , , , , , , , , , , , , , , , , , , , , , , , , , , , , , , , , , , , , , , , , , , , , , , , , , , , , , , , , , , , , , , , , , , , , , , , , , , , , , , , , , , , , , , , , , , , , , , , #, ]
10-16 19:58:58.893: I/ActivityManager(1679): Start proc 4481:com.google.android.deskclock/u0a38 for broadcast com.google.android.deskclock/com.android.deskclock.AlarmInitReceiver
10-16 19:58:58.899: I/UpdateIcingCorporaServi(2154): Updating corpora: APPS=FORCE_ALL, CONTACTS=FORCE_ALL
10-16 19:58:58.913: D/Launcher(2031): 11683562 - bindAddScreens()
10-16 19:58:58.913: D/Launcher(2031): 11683562 -   orderedScreenIds: 3
10-16 19:58:58.913: D/Launcher.Workspace(2031): 11683562 - insertNewWorkspaceScreen(): 3 at index: 0
10-16 19:58:58.940: W/ResourcesManager(2031): Asset path '/system/framework/com.google.android.maps.jar' does not exist or contains no resources.
10-16 19:58:58.941: I/ContactsProvider(2976): Locale has changed from en-US to es
10-16 19:58:58.943: V/AlarmClock(4481): AlarmInitReceiver android.intent.action.LOCALE_CHANGED
10-16 19:58:58.944: I/ContactsDatabaseHelper(2976): Switching to locale es (ICU v53.1.0.1)
10-16 19:58:58.952: I/ContactsDatabaseHelper(2976): Locale change completed in 7ms
10-16 19:58:58.952: I/ContactsDatabaseHelper(2976): Switching to locale es (ICU v53.1.0.1)
10-16 19:58:58.957: I/ContactsDatabaseHelper(2976): Locale change completed in 6ms
10-16 19:58:58.961: W/asset(2154): Asset path /system/framework/com.google.android.dialer.support.jar is neither a directory nor file (type=1).
10-16 19:58:58.961: W/ResourcesManager(2154): Asset path '/system/framework/com.google.android.dialer.support.jar' does not exist or contains no resources.
10-16 19:58:58.972: V/AlarmClock(4481): AlarmInitReceiver finished
10-16 19:58:58.977: D/AndroidRuntime(4482): >>>>>> START com.android.internal.os.RuntimeInit uid 0 <<<<<<
10-16 19:58:58.978: D/AndroidRuntime(4482): CheckJNI is OFF
10-16 19:58:58.984: I/ContactsFTS(2976): Rebuild contact search index in 21ms, 0 contacts
10-16 19:58:58.989: I/ActivityManager(1679): Start proc 4503:com.google.android.apps.fitness/u0a40 for broadcast com.google.android.apps.fitness/.FitnessLocaleChangedReceiver
10-16 19:58:59.029: I/FitnessApp(4503): Validating ObjectGraph
10-16 19:58:59.037: I/FitnessApp(4503): Initializers took 5 milliseconds
10-16 19:58:59.040: I/SystemBroadcastReceiver(1949): System locale changed
10-16 19:58:59.059: I/NotifUtils(3056): resendNotifications cancelExisting: true, account: null, folder: null
10-16 19:58:59.068: I/NotifUtils(3056): resendNotifications cancelExisting: true, account: null, folder: null
10-16 19:58:59.102: E/memtrack(4482): Couldn't load memtrack module (No such file or directory)
10-16 19:58:59.102: E/android.os.Debug(4482): failed to load memtrack module: -2
10-16 19:58:59.107: W/ChimeraUtils(2213): Non Chimera context
10-16 19:58:59.133: D/AndroidRuntime(4482): Calling main entry com.android.commands.settings.SettingsCmd
10-16 19:58:59.146: I/Icing(2213): IndexChimeraService.getServiceInterface callingPackage=com.google.android.gms componentName=AppsCorpus serviceId=32
10-16 19:58:59.146: I/Icing(2213): IndexChimeraService.getServiceInterface callingPackage=com.google.android.gms componentName=AppsCorpus serviceId=36
10-16 19:58:59.148: V/WindowManager(1679): Based on layer: Adding window Window{a3d1c22 u0 com.android.launcher3/com.android.launcher3.Launcher} at 1 of 6
10-16 19:58:59.148: D/SettingsProvider(1679): User 0 external modification to /data/data/com.android.providers.settings/databases/settings.db; event=2
10-16 19:58:59.148: D/SettingsProvider(1679): User 0 updating our caches for /data/data/com.android.providers.settings/databases/settings.db
10-16 19:58:59.155: D/AndroidRuntime(4482): Shutting down VM
10-16 19:58:59.159: D/Launcher.Model(2031): 11683562 - loadWorkspace()
10-16 19:58:59.160: D/Launcher.Model(2031): 11683562 -   loadedOldDb: false
10-16 19:58:59.163: W/asset(2031): Asset path /system/framework/com.google.android.dialer.support.jar is neither a directory nor file (type=1).
10-16 19:58:59.163: W/ResourcesManager(2031): Asset path '/system/framework/com.google.android.dialer.support.jar' does not exist or contains no resources.
10-16 19:58:59.169: W/ResourcesManager(2154): Asset path '/system/framework/com.google.android.media.effects.jar' does not exist or contains no resources.
10-16 19:58:59.170: D/Launcher.Model(2031): 11683562 - loadWorkspaceScreensDb()
10-16 19:58:59.170: D/Launcher.Model(2031): 11683562 -   screens: { 0: 3 }
10-16 19:58:59.171: D/Launcher.Model(2031): 11683562 -   sBgWorkspaceScreens: 3
10-16 19:58:59.220: I/GceGrallocRegionRegistry(1336): Mapped gralloc-1336.31 hnd=0xb1c162c0 fd=17 base=0xb2016000 format=RGBA_8888(0x1) width=800 height=1280
10-16 19:58:59.220: I/GceGrallocRegionRegistry(1336): Mapped gralloc-1336.32 hnd=0xb1c16300 fd=24 base=0xb1816000 format=RGBA_8888(0x1) width=800 height=1280
10-16 19:58:59.220: I/GceGrallocRegionRegistry(1336): Mapped gralloc-1336.33 hnd=0xb1c16340 fd=29 base=0xb1016000 format=RGBA_8888(0x1) width=800 height=1280
10-16 19:58:59.258: I/Icing(2213): Query from com.google.android.gms package restrict com.google.android.gms start 0 num 100
10-16 19:58:59.277: I/art(2310): Background partial concurrent mark sweep GC freed 135323(7MB) AllocSpace objects, 7(797KB) LOS objects, 40% free, 16MB/27MB, paused 2.356ms total 123.932ms
10-16 19:58:59.284: I/Remoter(1322): Saved screenshot to '/data/screenshots/__pmv__-0073.jpg'
10-16 19:58:59.292: I/Icing(2213): IndexChimeraService.getServiceInterface callingPackage=com.google.android.googlequicksearchbox componentName=null serviceId=21
10-16 19:58:59.292: I/GceGrallocRegionRegistry(2031): Mapped gralloc-1336.31 hnd=0x9e1369c0 fd=47 base=0x9af7e000 format=RGBA_8888(0x1) width=800 height=1280
10-16 19:58:59.281: I/RenderThread(2031): type=1400 audit(0.0:93): avc: denied { read } for path=2F6465762F6173686D656D2F6772616C6C6F632D313333362E3331202864656C6574656429 dev="tmpfs" ino=20374 scontext=u:r:untrusted_app:s0 tcontext=u:object_r:surfaceflinger_tmpfs:s0 tclass=file permissive=1
10-16 19:58:59.375: E/Volley(3122): [269] xa.a: Unexpected response code 503 for https://www.googleapis.com/youtubei/v1/notification_registration/set_registration?key=AIzaSyA8eiZmM1FaDVjRy-df2KTyQ_vz_yYM39w
10-16 19:58:59.376: W/YouTube(3122): (unknown) Could not register for notifications with InnerTube: 
10-16 19:58:59.376: W/YouTube(3122): fay: java.util.concurrent.ExecutionException: wu
10-16 19:58:59.376: W/YouTube(3122): 	at ezo.a(SourceFile:103)
10-16 19:58:59.376: W/YouTube(3122): 	at fpl.run(SourceFile:57)
10-16 19:58:59.376: W/YouTube(3122): 	at java.util.concurrent.ThreadPoolExecutor.runWorker(ThreadPoolExecutor.java:1112)
10-16 19:58:59.376: W/YouTube(3122): 	at java.util.concurrent.ThreadPoolExecutor$Worker.run(ThreadPoolExecutor.java:587)
10-16 19:58:59.376: W/YouTube(3122): 	at ers.run(SourceFile:40)
10-16 19:58:59.376: W/YouTube(3122): 	at java.lang.Thread.run(Thread.java:818)
10-16 19:58:59.376: W/YouTube(3122): Caused by: java.util.concurrent.ExecutionException: wu
10-16 19:58:59.376: W/YouTube(3122): 	at xv.a(SourceFile:117)
10-16 19:58:59.376: W/YouTube(3122): 	at xv.get(SourceFile:88)
10-16 19:58:59.376: W/YouTube(3122): 	at goc.get(SourceFile:69)
10-16 19:58:59.376: W/YouTube(3122): 	at ezo.a(SourceFile:99)
10-16 19:58:59.376: W/YouTube(3122): 	... 5 more
10-16 19:58:59.376: W/YouTube(3122): Caused by: wu
10-16 19:58:59.376: W/YouTube(3122): 	at xa.a(SourceFile:145)
10-16 19:58:59.376: W/YouTube(3122): 	at gnu.a(SourceFile:49)
10-16 19:58:59.376: W/YouTube(3122): 	at wg.run(SourceFile:105)
10-16 19:58:59.397: I/WindowManager(1679): Screen frozen for +935ms due to Window{a3d1c22 u0 com.android.launcher3/com.android.launcher3.Launcher}
10-16 19:58:59.421: I/Icing(2213): Usage reports 0 indexed 0 rejected 0 imm upload false
10-16 19:58:59.445: I/Icing(2213): Usage reports 0 indexed 0 rejected 0 imm upload false
10-16 19:58:59.446: I/GceGrallocRegionRegistry(2031): Mapped gralloc-1336.32 hnd=0x9e136a00 fd=46 base=0x9ab94000 format=RGBA_8888(0x1) width=800 height=1280
10-16 19:58:59.457: I/Icing(2213): Usage reports 0 indexed 0 rejected 0 imm upload true
10-16 19:58:59.472: D/Launcher(2031): 11683562 - bindAddScreens()
10-16 19:58:59.472: D/Launcher(2031): 11683562 -   orderedScreenIds: 3
10-16 19:58:59.472: D/Launcher.Workspace(2031): 11683562 - insertNewWorkspaceScreen(): 3 at index: 0
10-16 19:58:59.553: I/GceGrallocRegionRegistry(2031): Mapped gralloc-1336.33 hnd=0x9e1365c0 fd=49 base=0x9a7aa000 format=RGBA_8888(0x1) width=800 height=1280
10-16 19:58:59.628: I/Icing(2213): IndexChimeraService.getServiceInterface callingPackage=com.google.android.gms componentName=AppsCorpus serviceId=32
10-16 19:58:59.628: I/Icing(2213): IndexChimeraService.getServiceInterface callingPackage=com.google.android.gms componentName=AppsCorpus serviceId=36
10-16 19:58:59.641: I/ApplicationLogger(2154): canRun() : Opted Out
10-16 19:58:59.649: I/ContactLogger(2154): canRun() : Opted Out
10-16 19:58:59.649: I/UpdateIcingCorporaServi(2154): UpdateCorporaTask done [took 750 ms] updated apps [took 741 ms] updated contacts [took 9 ms]
10-16 19:58:59.669: I/Icing(2213): Usage reports 0 indexed 0 rejected 0 imm upload false
10-16 19:58:59.683: I/Icing(2213): Usage reports 0 indexed 0 rejected 0 imm upload false
10-16 19:58:59.743: I/LocaleChangeIO(2310): Requesting GmsCore restart due to change in locale assets
10-16 19:58:59.743: I/Process(2310): Sending signal. PID: 2310 SIG: 9
10-16 19:58:59.743: I/Process(2213): Sending signal. PID: 2213 SIG: 9
10-16 19:58:59.744: I/Process(2544): Sending signal. PID: 2544 SIG: 9
10-16 19:58:59.789: I/Process(3558): Sending signal. PID: 3558 SIG: 9
10-16 19:58:59.814: D/AndroidRuntime(4545): >>>>>> START com.android.internal.os.RuntimeInit uid 0 <<<<<<
10-16 19:58:59.815: D/AndroidRuntime(4545): CheckJNI is OFF
10-16 19:58:59.838: D/GpsStatusListenerHelper(1679): Remote Listener died: android.location.IGpsStatusListener$Stub$Proxy@3f6b8746
10-16 19:58:59.839: I/ActivityManager(1679): Process com.google.android.gms.persistent (pid 2310) has died
10-16 19:58:59.839: W/ActivityManager(1679): Scheduling restart of crashed service com.google.android.gms/com.google.android.location.network.NetworkLocationService in 1000ms
10-16 19:58:59.839: W/ActivityManager(1679): Scheduling restart of crashed service com.google.android.gms/com.google.android.location.reporting.service.ReportingAndroidService in 11000ms
10-16 19:58:59.839: W/ActivityManager(1679): Scheduling restart of crashed service com.google.android.gms/.phenotype.service.PhenotypeService in 21000ms
10-16 19:58:59.839: W/ActivityManager(1679): Scheduling restart of crashed service com.google.android.gms/.chimera.PersistentBoundBrokerService in 31000ms
10-16 19:58:59.839: W/ActivityManager(1679): Scheduling restart of crashed service com.google.android.gms/com.google.android.contextmanager.service.ContextManagerService in 41000ms
10-16 19:58:59.839: W/ActivityManager(1679): Scheduling restart of crashed service com.google.android.gms/com.google.android.location.geocode.GeocodeService in 51000ms
10-16 19:58:59.839: W/ActivityManager(1679): Scheduling restart of crashed service com.google.android.gms/.lockbox.service.LockboxBrokerService in 61000ms
10-16 19:58:59.839: W/ActivityManager(1679): Scheduling restart of crashed service com.google.android.gms/.deviceconnection.service.DeviceConnectionWatcherService in 70999ms
10-16 19:58:59.839: W/ActivityManager(1679): Scheduling restart of crashed service com.google.android.gms/.usagereporting.service.UsageReportingService in 80999ms
10-16 19:58:59.839: W/ActivityManager(1679): Scheduling restart of crashed service com.google.android.gms/com.google.android.location.geofencer.service.GeofenceProviderService in 90999ms
10-16 19:58:59.839: W/ActivityManager(1679): Scheduling restart of crashed service com.google.android.gms/.auth.account.service.WorkAccountService in 100999ms
10-16 19:58:59.839: W/ActivityManager(1679): Scheduling restart of crashed service com.google.android.gms/.auth.setup.devicesignals.LockScreenService in 100999ms
10-16 19:58:59.839: W/ActivityManager(1679): Scheduling restart of crashed service com.google.android.gms/.clearcut.service.ClearcutLoggerService in 110999ms
10-16 19:58:59.839: W/ActivityManager(1679): Scheduling restart of crashed service com.google.android.gms/.pseudonymous.service.PseudonymousIdService in 120999ms
10-16 19:58:59.839: W/ActivityManager(1679): Scheduling restart of crashed service com.google.android.gms/.common.stats.GmsCoreStatsService in 130999ms
10-16 19:58:59.839: W/ActivityManager(1679): Scheduling restart of crashed service com.google.android.gms/.gcm.GcmService in 140999ms
10-16 19:58:59.839: W/ActivityManager(1679): Scheduling restart of crashed service com.google.android.gms/.chimera.PersistentIntentOperationService in 150999ms
10-16 19:58:59.839: W/ActivityManager(1679): Scheduling restart of crashed service com.google.android.gms/com.google.android.location.fused.FusedLocationService in 160999ms
10-16 19:58:59.839: W/ActivityManager(1679): Scheduling restart of crashed service com.google.android.gms/com.google.android.location.internal.GoogleLocationManagerService in 170999ms
10-16 19:58:59.839: W/ActivityManager(1679): Scheduling restart of crashed service com.google.android.gms/.backup.BackupTransportService in 180999ms
10-16 19:58:59.839: W/ActivityManager(1679): Scheduling restart of crashed service com.google.android.gms/com.google.android.location.internal.server.GoogleLocationService in 190999ms
10-16 19:58:59.844: V/BackupManagerService(1679): Disconnected from transport ComponentInfo{com.google.android.gms/com.google.android.gms.backup.BackupTransportService}
10-16 19:58:59.844: V/BackupManagerService(1679): Registering transport com.google.android.gms/.backup.BackupTransportService::null = null
10-16 19:58:59.852: D/WifiService(1679): Client connection lost with reason: 4
10-16 19:58:59.855: E/JavaBinder(1679): !!! FAILED BINDER TRANSACTION !!!
10-16 19:58:59.856: I/ActivityManager(1679): Process com.google.android.gms:car (pid 3558) has died
10-16 19:58:59.857: I/GceGrallocRegionRegistry(1336): Unmapped gralloc-1336.30 hnd=0xb1c16100 fd=37 base=0xb2816000
10-16 19:58:59.859: E/memtrack(4545): Couldn't load memtrack module (No such file or directory)
10-16 19:58:59.859: E/android.os.Debug(4545): failed to load memtrack module: -2
10-16 19:58:59.877: I/ActivityManager(1679): Process com.google.android.gms.unstable (pid 2544) has died
10-16 19:58:59.882: D/AndroidRuntime(4545): Calling main entry com.android.commands.settings.SettingsCmd
10-16 19:58:59.884: D/AndroidRuntime(4545): Shutting down VM
10-16 19:58:59.894: W/ResourcesManager(2031): Asset path '/system/framework/com.google.android.media.effects.jar' does not exist or contains no resources.
10-16 19:58:59.931: D/ConnectivityService(1679): ConnectivityService NetworkRequestInfo binderDied(NetworkRequest [ id=3, legacyType=-1, [ Capabilities: INTERNET&NOT_RESTRICTED&TRUSTED&NOT_VPN] ], android.os.BinderProxy@2ca2ae34)
10-16 19:58:59.931: I/ActivityManager(1679): Process com.google.android.gms (pid 2213) has died
10-16 19:58:59.931: W/ActivityManager(1679): Scheduling restart of crashed service com.google.android.gms/.icing.service.IndexWorkerService in 10907ms
10-16 19:58:59.931: W/ActivityManager(1679): Scheduling restart of crashed service com.google.android.gms/.icing.service.IndexService in 20907ms
10-16 19:58:59.931: W/ActivityManager(1679): Scheduling restart of crashed service com.google.android.gms/.analytics.service.AnalyticsService in 110907ms
10-16 19:58:59.931: W/ActivityManager(1679): Scheduling restart of crashed service com.google.android.gms/.chimera.GmsIntentOperationService in 200907ms
10-16 19:58:59.932: D/ConnectivityService(1679): releasing NetworkRequest NetworkRequest [ id=3, legacyType=-1, [ Capabilities: INTERNET&NOT_RESTRICTED&TRUSTED&NOT_VPN] ]
10-16 19:58:59.939: D/WifiService(1679): Client connection lost with reason: 4
10-16 19:58:59.940: E/ConnectivityService(1679): RemoteException caught trying to send a callback msg for NetworkRequest [ id=3, legacyType=-1, [ Capabilities: INTERNET&NOT_RESTRICTED&TRUSTED&NOT_VPN] ]
10-16 19:59:00.078: W/ResourceType(2031): No package identifier when getting value for resource number 0x00000000
10-16 19:59:00.078: W/ResourceType(2031): No package identifier when getting value for resource number 0x00000000
10-16 19:59:00.078: W/PackageManager(2031): Failure retrieving resources for com.google.android.apps.mtaas.testloop: Resource ID #0x0
10-16 19:59:00.078: W/ResourceType(2031): No package identifier when getting value for resource number 0x00000000
10-16 19:59:00.078: W/PackageManager(2031): Failure retrieving resources for com.google.android.apps.mtaas.testloop: Resource ID #0x0
10-16 19:59:00.100: W/ResourcesManager(2031): Asset path '/system/framework/com.google.android.maps.jar' does not exist or contains no resources.
10-16 19:59:00.233: D/AndroidRuntime(4564): >>>>>> START com.android.internal.os.RuntimeInit uid 0 <<<<<<
10-16 19:59:00.234: D/AndroidRuntime(4564): CheckJNI is OFF
10-16 19:59:00.248: E/memtrack(4564): Couldn't load memtrack module (No such file or directory)
10-16 19:59:00.248: E/android.os.Debug(4564): failed to load memtrack module: -2
10-16 19:59:00.256: D/AndroidRuntime(4564): Calling main entry com.android.commands.am.Am
10-16 19:59:00.258: I/ActivityManager(1679): START u0 {flg=0x10000000 cmp=com.google.android.apps.mtaas.backdrop/.BackdropActivity} from uid 0 on display 0
10-16 19:59:00.259: V/WindowManager(1679): addAppToken: AppWindowToken{3d5b82a3 token=Token{2448d1d2 ActivityRecord{290345d u0 com.google.android.apps.mtaas.backdrop/.BackdropActivity t4}}} to stack=1 task=4 at 0
10-16 19:59:00.262: V/WindowManager(1679): Adding window Window{9d5dcb8 u0 Starting com.google.android.apps.mtaas.backdrop} at 2 of 7 (after Window{a3d1c22 u0 com.android.launcher3/com.android.launcher3.Launcher})
10-16 19:59:00.262: D/AndroidRuntime(4564): Shutting down VM
10-16 19:59:00.273: I/ActivityManager(1679): Start proc 4574:com.google.android.apps.mtaas.backdrop/u0a81 for activity com.google.android.apps.mtaas.backdrop/.BackdropActivity
10-16 19:59:00.304: I/GceGrallocRegionRegistry(2031): Unmapped gralloc-1336.31 hnd=0x9e1369c0 fd=47 base=0x9af7e000
10-16 19:59:00.304: I/GceGrallocRegionRegistry(2031): Unmapped gralloc-1336.32 hnd=0x9e136a00 fd=46 base=0x9ab94000
10-16 19:59:00.304: I/GceGrallocRegionRegistry(2031): Unmapped gralloc-1336.33 hnd=0x9e1365c0 fd=49 base=0x9a7aa000
10-16 19:59:00.305: I/GceGrallocRegionRegistry(1336): Unmapped gralloc-1336.31 hnd=0xb1c162c0 fd=17 base=0xb2016000
10-16 19:59:00.306: I/GceGrallocRegionRegistry(1336): Unmapped gralloc-1336.32 hnd=0xb1c16300 fd=24 base=0xb1816000
10-16 19:59:00.309: I/GceGrallocRegionRegistry(1336): Mapped gralloc-1336.34 hnd=0xb36501c0 fd=17 base=0xb2848000 format=RGBA_8888(0x1) width=800 height=1216
10-16 19:59:00.317: I/GceGrallocRegionRegistry(1679): Mapped gralloc-1336.34 hnd=0xa04d60c0 fd=203 base=0x9612c000 format=RGBA_8888(0x1) width=800 height=1216
10-16 19:59:00.337: I/BackdropActivity(4574): android_id: 4315121551056739765
10-16 19:59:00.339: D/OpenGLRenderer(4574): Use EGL_SWAP_BEHAVIOR_PRESERVED: true
10-16 19:59:00.340: I/GceGrallocRegionRegistry(4574): Mapped gralloc-1336.6 hnd=0xb3ebc900 fd=24 base=0xa1c6a000 format=RGBA_8888(0x1) width=768 height=768
10-16 19:59:00.340: D/Atlas(4574): Validating map...
10-16 19:59:00.341: W/Atlas(4574): Pointer 0x0, not in getPreloadedDrawables?
10-16 19:59:00.341: W/Atlas(4574): Pointer 0x0, not in getPreloadedDrawables?
10-16 19:59:00.341: W/Atlas(4574): Pointer 0x0, not in getPreloadedDrawables?
10-16 19:59:00.341: W/Atlas(4574): Pointer 0x0, not in getPreloadedDrawables?
10-16 19:59:00.341: W/Atlas(4574): Pointer 0x0, not in getPreloadedDrawables?
10-16 19:59:00.341: W/Atlas(4574): Pointer 0x0, not in getPreloadedDrawables?
10-16 19:59:00.341: W/Atlas(4574): Pointer 0x0, not in getPreloadedDrawables?
10-16 19:59:00.341: W/Atlas(4574): Pointer 0x0, not in getPreloadedDrawables?
10-16 19:59:00.341: W/Atlas(4574): Pointer 0x0, not in getPreloadedDrawables?
10-16 19:59:00.341: W/Atlas(4574): Pointer 0x0, not in getPreloadedDrawables?
10-16 19:59:00.341: W/Atlas(4574): Pointer 0x0, not in getPreloadedDrawables?
10-16 19:59:00.341: W/Atlas(4574): Pointer 0x0, not in getPreloadedDrawables?
10-16 19:59:00.341: W/Atlas(4574): Pointer 0x0, not in getPreloadedDrawables?
10-16 19:59:00.341: W/Atlas(4574): Pointer 0x0, not in getPreloadedDrawables?
10-16 19:59:00.341: W/Atlas(4574): Pointer 0x0, not in getPreloadedDrawables?
10-16 19:59:00.341: W/Atlas(4574): Pointer 0x0, not in getPreloadedDrawables?
10-16 19:59:00.341: W/Atlas(4574): Pointer 0x0, not in getPreloadedDrawables?
10-16 19:59:00.341: W/Atlas(4574): Pointer 0x0, not in getPreloadedDrawables?
10-16 19:59:00.341: W/Atlas(4574): Pointer 0x0, not in getPreloadedDrawables?
10-16 19:59:00.341: W/Atlas(4574): Pointer 0x0, not in getPreloadedDrawables?
10-16 19:59:00.341: W/Atlas(4574): Pointer 0x0, not in getPreloadedDrawables?
10-16 19:59:00.341: W/Atlas(4574): Pointer 0x0, not in getPreloadedDrawables?
10-16 19:59:00.341: W/Atlas(4574): Pointer 0x0, not in getPreloadedDrawables?
10-16 19:59:00.341: W/Atlas(4574): Pointer 0x0, not in getPreloadedDrawables?
10-16 19:59:00.341: W/Atlas(4574): Pointer 0x0, not in getPreloadedDrawables?
10-16 19:59:00.341: W/Atlas(4574): Pointer 0x0, not in getPreloadedDrawables?
10-16 19:59:00.341: W/Atlas(4574): Pointer 0x0, not in getPreloadedDrawables?
10-16 19:59:00.341: W/Atlas(4574): Pointer 0x0, not in getPreloadedDrawables?
10-16 19:59:00.341: W/Atlas(4574): Pointer 0x0, not in getPreloadedDrawables?
10-16 19:59:00.341: W/Atlas(4574): Pointer 0x0, not in getPreloadedDrawables?
10-16 19:59:00.341: W/Atlas(4574): Pointer 0x0, not in getPreloadedDrawables?
10-16 19:59:00.341: W/Atlas(4574): Pointer 0x0, not in getPreloadedDrawables?
10-16 19:59:00.341: W/Atlas(4574): Pointer 0x0, not in getPreloadedDrawables?
10-16 19:59:00.341: W/Atlas(4574): Pointer 0x0, not in getPreloadedDrawables?
10-16 19:59:00.341: W/Atlas(4574): Pointer 0x0, not in getPreloadedDrawables?
10-16 19:59:00.341: W/Atlas(4574): Pointer 0x0, not in getPreloadedDrawables?
10-16 19:59:00.341: W/Atlas(4574): Pointer 0x0, not in getPreloadedDrawables?
10-16 19:59:00.341: W/Atlas(4574): Pointer 0x0, not in getPreloadedDrawables?
10-16 19:59:00.341: W/Atlas(4574): Pointer 0x0, not in getPreloadedDrawables?
10-16 19:59:00.341: W/Atlas(4574): Pointer 0x0, not in getPreloadedDrawables?
10-16 19:59:00.341: W/Atlas(4574): Pointer 0x0, not in getPreloadedDrawables?
10-16 19:59:00.341: W/Atlas(4574): Pointer 0x0, not in getPreloadedDrawables?
10-16 19:59:00.341: W/Atlas(4574): Pointer 0x0, not in getPreloadedDrawables?
10-16 19:59:00.341: W/Atlas(4574): Pointer 0x0, not in getPreloadedDrawables?
10-16 19:59:00.341: W/Atlas(4574): Pointer 0x0, not in getPreloadedDrawables?
10-16 19:59:00.341: W/Atlas(4574): Pointer 0x0, not in getPreloadedDrawables?
10-16 19:59:00.341: W/Atlas(4574): Pointer 0x0, not in getPreloadedDrawables?
10-16 19:59:00.341: W/Atlas(4574): Pointer 0x0, not in getPreloadedDrawables?
10-16 19:59:00.341: W/Atlas(4574): Pointer 0x0, not in getPreloadedDrawables?
10-16 19:59:00.341: W/Atlas(4574): Pointer 0x0, not in getPreloadedDrawables?
10-16 19:59:00.341: W/Atlas(4574): Pointer 0x0, not in getPreloadedDrawables?
10-16 19:59:00.341: W/Atlas(4574): Pointer 0x0, not in getPreloadedDrawables?
10-16 19:59:00.341: W/Atlas(4574): Pointer 0x0, not in getPreloadedDrawables?
10-16 19:59:00.341: W/Atlas(4574): Pointer 0x0, not in getPreloadedDrawables?
10-16 19:59:00.341: W/Atlas(4574): Pointer 0x0, not in getPreloadedDrawables?
10-16 19:59:00.341: W/Atlas(4574): Pointer 0x0, not in getPreloadedDrawables?
10-16 19:59:00.341: W/Atlas(4574): Pointer 0x0, not in getPreloadedDrawables?
10-16 19:59:00.341: W/Atlas(4574): Pointer 0x0, not in getPreloadedDrawables?
10-16 19:59:00.341: W/Atlas(4574): Pointer 0x0, not in getPreloadedDrawables?
10-16 19:59:00.341: W/Atlas(4574): Pointer 0x0, not in getPreloadedDrawables?
10-16 19:59:00.341: W/Atlas(4574): Pointer 0x0, not in getPreloadedDrawables?
10-16 19:59:00.341: W/Atlas(4574): Pointer 0x0, not in getPreloadedDrawables?
10-16 19:59:00.341: W/Atlas(4574): Pointer 0x0, not in getPreloadedDrawables?
10-16 19:59:00.341: W/Atlas(4574): Pointer 0x0, not in getPreloadedDrawables?
10-16 19:59:00.341: W/Atlas(4574): Pointer 0x0, not in getPreloadedDrawables?
10-16 19:59:00.341: W/Atlas(4574): Pointer 0x0, not in getPreloadedDrawables?
10-16 19:59:00.341: W/Atlas(4574): Pointer 0x0, not in getPreloadedDrawables?
10-16 19:59:00.341: W/Atlas(4574): Pointer 0x0, not in getPreloadedDrawables?
10-16 19:59:00.341: W/Atlas(4574): Pointer 0x0, not in getPreloadedDrawables?
10-16 19:59:00.341: W/Atlas(4574): Pointer 0x0, not in getPreloadedDrawables?
10-16 19:59:00.341: W/Atlas(4574): Pointer 0x0, not in getPreloadedDrawables?
10-16 19:59:00.341: W/Atlas(4574): Pointer 0x0, not in getPreloadedDrawables?
10-16 19:59:00.341: W/Atlas(4574): Pointer 0x0, not in getPreloadedDrawables?
10-16 19:59:00.341: W/Atlas(4574): Pointer 0x0, not in getPreloadedDrawables?
10-16 19:59:00.341: W/Atlas(4574): Pointer 0x0, not in getPreloadedDrawables?
10-16 19:59:00.341: W/Atlas(4574): Pointer 0x0, not in getPreloadedDrawables?
10-16 19:59:00.341: W/Atlas(4574): Pointer 0x0, not in getPreloadedDrawables?
10-16 19:59:00.341: W/Atlas(4574): Pointer 0x0, not in getPreloadedDrawables?
10-16 19:59:00.341: W/Atlas(4574): Pointer 0x0, not in getPreloadedDrawables?
10-16 19:59:00.341: W/Atlas(4574): Pointer 0x0, not in getPreloadedDrawables?
10-16 19:59:00.341: W/Atlas(4574): Pointer 0x0, not in getPreloadedDrawables?
10-16 19:59:00.341: W/Atlas(4574): Pointer 0x0, not in getPreloadedDrawables?
10-16 19:59:00.341: W/Atlas(4574): Pointer 0x0, not in getPreloadedDrawables?
10-16 19:59:00.341: W/Atlas(4574): Pointer 0x0, not in getPreloadedDrawables?
10-16 19:59:00.341: W/Atlas(4574): Pointer 0x0, not in getPreloadedDrawables?
10-16 19:59:00.341: W/Atlas(4574): Pointer 0x0, not in getPreloadedDrawables?
10-16 19:59:00.341: W/Atlas(4574): Pointer 0x0, not in getPreloadedDrawables?
10-16 19:59:00.341: W/Atlas(4574): Pointer 0x0, not in getPreloadedDrawables?
10-16 19:59:00.341: W/Atlas(4574): Pointer 0x0, not in getPreloadedDrawables?
10-16 19:59:00.341: W/Atlas(4574): Pointer 0x0, not in getPreloadedDrawables?
10-16 19:59:00.341: W/Atlas(4574): Pointer 0x0, not in getPreloadedDrawables?
10-16 19:59:00.341: W/Atlas(4574): Pointer 0x0, not in getPreloadedDrawables?
10-16 19:59:00.341: W/Atlas(4574): Pointer 0x0, not in getPreloadedDrawables?
10-16 19:59:00.341: W/Atlas(4574): Pointer 0x0, not in getPreloadedDrawables?
10-16 19:59:00.341: W/Atlas(4574): Pointer 0x0, not in getPreloadedDrawables?
10-16 19:59:00.341: W/Atlas(4574): Pointer 0x0, not in getPreloadedDrawables?
10-16 19:59:00.341: W/Atlas(4574): Pointer 0x0, not in getPreloadedDrawables?
10-16 19:59:00.341: W/Atlas(4574): Pointer 0x0, not in getPreloadedDrawables?
10-16 19:59:00.341: W/Atlas(4574): Pointer 0x0, not in getPreloadedDrawables?
10-16 19:59:00.341: W/Atlas(4574): Pointer 0x0, not in getPreloadedDrawables?
10-16 19:59:00.341: W/Atlas(4574): Pointer 0x0, not in getPreloadedDrawables?
10-16 19:59:00.341: W/Atlas(4574): Pointer 0x0, not in getPreloadedDrawables?
10-16 19:59:00.341: W/Atlas(4574): Pointer 0x0, not in getPreloadedDrawables?
10-16 19:59:00.341: W/Atlas(4574): Pointer 0x0, not in getPreloadedDrawables?
10-16 19:59:00.341: W/Atlas(4574): Pointer 0x0, not in getPreloadedDrawables?
10-16 19:59:00.341: W/Atlas(4574): Pointer 0x0, not in getPreloadedDrawables?
10-16 19:59:00.341: W/Atlas(4574): Pointer 0x0, not in getPreloadedDrawables?
10-16 19:59:00.341: W/Atlas(4574): Pointer 0x0, not in getPreloadedDrawables?
10-16 19:59:00.341: W/Atlas(4574): Pointer 0x0, not in getPreloadedDrawables?
10-16 19:59:00.341: W/Atlas(4574): Pointer 0x0, not in getPreloadedDrawables?
10-16 19:59:00.341: W/Atlas(4574): Pointer 0x0, not in getPreloadedDrawables?
10-16 19:59:00.341: W/Atlas(4574): Pointer 0x0, not in getPreloadedDrawables?
10-16 19:59:00.341: W/Atlas(4574): Pointer 0x0, not in getPreloadedDrawables?
10-16 19:59:00.341: W/Atlas(4574): Pointer 0x0, not in getPreloadedDrawables?
10-16 19:59:00.341: W/Atlas(4574): Pointer 0x0, not in getPreloadedDrawables?
10-16 19:59:00.341: W/Atlas(4574): Pointer 0x0, not in getPreloadedDrawables?
10-16 19:59:00.341: W/Atlas(4574): Pointer 0x0, not in getPreloadedDrawables?
10-16 19:59:00.341: W/Atlas(4574): Pointer 0x0, not in getPreloadedDrawables?
10-16 19:59:00.342: W/Atlas(4574): Pointer 0x0, not in getPreloadedDrawables?
10-16 19:59:00.342: W/Atlas(4574): Pointer 0x0, not in getPreloadedDrawables?
10-16 19:59:00.342: W/Atlas(4574): Pointer 0x0, not in getPreloadedDrawables?
10-16 19:59:00.342: W/Atlas(4574): Pointer 0x0, not in getPreloadedDrawables?
10-16 19:59:00.342: W/Atlas(4574): Pointer 0x0, not in getPreloadedDrawables?
10-16 19:59:00.342: W/Atlas(4574): Pointer 0x0, not in getPreloadedDrawables?
10-16 19:59:00.342: W/Atlas(4574): Pointer 0x0, not in getPreloadedDrawables?
10-16 19:59:00.342: W/Atlas(4574): Pointer 0x0, not in getPreloadedDrawables?
10-16 19:59:00.342: W/Atlas(4574): Pointer 0x0, not in getPreloadedDrawables?
10-16 19:59:00.348: V/WindowManager(1679): Adding window Window{36beecd u0 com.google.android.apps.mtaas.backdrop/com.google.android.apps.mtaas.backdrop.BackdropActivity} at 2 of 8 (before Window{9d5dcb8 u0 Starting com.google.android.apps.mtaas.backdrop})
10-16 19:59:00.301: I/android.display(1679): type=1400 audit(0.0:94): avc: denied { read } for path=2F6465762F6173686D656D2F6772616C6C6F632D313333362E3334202864656C6574656429 dev="tmpfs" ino=20428 scontext=u:r:system_server:s0 tcontext=u:object_r:surfaceflinger_tmpfs:s0 tclass=file permissive=1
10-16 19:59:00.375: I/GceGrallocRegionRegistry(1779): Mapped gralloc-1336.27 hnd=0x9de5e1c0 fd=63 base=0xa142a000 format=RGBA_8888(0x1) width=800 height=64
10-16 19:59:00.417: W/art(1779): Suspending all threads took: 17.057ms
10-16 19:59:00.420: I/art(1779): Background sticky concurrent mark sweep GC freed 12477(585KB) AllocSpace objects, 0(0B) LOS objects, 2% free, 24MB/24MB, paused 17.862ms total 35.133ms
10-16 19:59:00.456: I/Remoter(1322): Saved screenshot to '/data/screenshots/__pmv__-0074.jpg'
10-16 19:59:00.459: I/OpenGLRenderer(4574): Initialized EGL, version 1.4
10-16 19:59:00.462: D/OpenGLRenderer(4574): Enabling debug mode 0
10-16 19:59:00.462: I/GceGrallocRegionRegistry(1336): Mapped gralloc-1336.35 hnd=0xb17f1280 fd=24 base=0xb2048000 format=RGBA_8888(0x1) width=800 height=1216
10-16 19:59:00.463: I/GceGrallocRegionRegistry(1336): Mapped gralloc-1336.36 hnd=0xb17f12c0 fd=36 base=0xb1848000 format=RGBA_8888(0x1) width=800 height=1216
10-16 19:59:00.463: I/GceGrallocRegionRegistry(1336): Mapped gralloc-1336.37 hnd=0xb17f1300 fd=37 base=0xb0c5e000 format=RGBA_8888(0x1) width=800 height=1216
10-16 19:59:00.618: I/GceGrallocRegionRegistry(1336): Mapped gralloc-1336.38 hnd=0xb1c16080 fd=38 base=0xb4011000 format=RGBA_8888(0x1) width=800 height=33
10-16 19:59:00.618: I/GceGrallocRegionRegistry(1779): Mapped gralloc-1336.38 hnd=0x9de5ec00 fd=64 base=0xa0bd2000 format=RGBA_8888(0x1) width=800 height=33
10-16 19:59:00.642: E/Volley(3122): [268] xa.a: Unexpected response code 503 for https://www.googleapis.com/youtubei/v1/notification_registration/set_registration?key=AIzaSyA8eiZmM1FaDVjRy-df2KTyQ_vz_yYM39w
10-16 19:59:00.642: W/YouTube(3122): (unknown) Could not register for notifications with InnerTube: 
10-16 19:59:00.642: W/YouTube(3122): fay: java.util.concurrent.ExecutionException: wu
10-16 19:59:00.642: W/YouTube(3122): 	at ezo.a(SourceFile:103)
10-16 19:59:00.642: W/YouTube(3122): 	at fpl.run(SourceFile:57)
10-16 19:59:00.642: W/YouTube(3122): 	at java.util.concurrent.ThreadPoolExecutor.runWorker(ThreadPoolExecutor.java:1112)
10-16 19:59:00.642: W/YouTube(3122): 	at java.util.concurrent.ThreadPoolExecutor$Worker.run(ThreadPoolExecutor.java:587)
10-16 19:59:00.642: W/YouTube(3122): 	at ers.run(SourceFile:40)
10-16 19:59:00.642: W/YouTube(3122): 	at java.lang.Thread.run(Thread.java:818)
10-16 19:59:00.642: W/YouTube(3122): Caused by: java.util.concurrent.ExecutionException: wu
10-16 19:59:00.642: W/YouTube(3122): 	at xv.a(SourceFile:117)
10-16 19:59:00.642: W/YouTube(3122): 	at xv.get(SourceFile:88)
10-16 19:59:00.642: W/YouTube(3122): 	at goc.get(SourceFile:69)
10-16 19:59:00.642: W/YouTube(3122): 	at ezo.a(SourceFile:99)
10-16 19:59:00.642: W/YouTube(3122): 	... 5 more
10-16 19:59:00.642: W/YouTube(3122): Caused by: wu
10-16 19:59:00.642: W/YouTube(3122): 	at xa.a(SourceFile:145)
10-16 19:59:00.642: W/YouTube(3122): 	at gnu.a(SourceFile:49)
10-16 19:59:00.642: W/YouTube(3122): 	at wg.run(SourceFile:105)
10-16 19:59:00.904: I/ActivityManager(1679): Start proc 4596:com.google.android.gms.persistent/u0a9 for service com.google.android.gms/com.google.android.location.network.NetworkLocationService
10-16 19:59:00.971: I/art(1346): Explicit concurrent mark sweep GC freed 709(30KB) AllocSpace objects, 0(0B) LOS objects, 39% free, 3MB/5MB, paused 159us total 66.220ms
10-16 19:59:00.997: W/ResourcesManager(4596): Asset path '/system/framework/com.android.media.remotedisplay.jar' does not exist or contains no resources.
10-16 19:59:00.997: W/ResourcesManager(4596): Asset path '/system/framework/com.android.location.provider.jar' does not exist or contains no resources.
10-16 19:59:01.015: I/art(1346): Explicit concurrent mark sweep GC freed 5(160B) AllocSpace objects, 0(0B) LOS objects, 39% free, 3MB/5MB, paused 66us total 5.851ms
10-16 19:59:01.039: I/GceGrallocRegionRegistry(1336): Unmapped gralloc-1336.33 hnd=0xb1c16340 fd=29 base=0xb1016000
10-16 19:59:01.047: I/art(1346): Explicit concurrent mark sweep GC freed 5(160B) AllocSpace objects, 0(0B) LOS objects, 39% free, 3MB/5MB, paused 69us total 7.515ms
10-16 19:59:01.060: I/LoadedApk(4596): No resource references to update in package FFFFFFFFFFFFFFFFFFFFFF
10-16 19:59:01.098: I/art(4596): Background partial concurrent mark sweep GC freed 110(22KB) AllocSpace objects, 0(0B) LOS objects, 40% free, 5MB/9MB, paused 11.293ms total 15.233ms
10-16 19:59:01.105: W/linker(4596): libconscrypt_gmscore_jni.so: unused DT entry: type 0x1d arg 0x91
10-16 19:59:01.105: V/NativeCrypto(4596): Registering com/google/android/gms/org/conscrypt/NativeCrypto's 259 native methods...
10-16 19:59:01.129: I/art(4596): Rejecting re-init on previously-failed class java.lang.Class<com.google.android.gms.org.conscrypt.OpenSSLExtendedSessionImpl>
10-16 19:59:01.129: I/art(4596): Rejecting re-init on previously-failed class java.lang.Class<com.google.android.gms.org.conscrypt.OpenSSLExtendedSessionImpl>
10-16 19:59:01.130: I/art(4596): Rejecting re-init on previously-failed class java.lang.Class<com.google.android.gms.org.conscrypt.OpenSSLExtendedSessionImpl>
10-16 19:59:01.162: I/ProviderInstaller(4596): Installed default security provider GmsCore_OpenSSL
10-16 19:59:01.216: I/ActivityManager(1679): Start proc 4614:com.google.android.gms/u0a9 for content provider com.google.android.gms/.chimera.container.GmsModuleProvider
10-16 19:59:01.231: W/ResourcesManager(4614): Asset path '/system/framework/com.android.media.remotedisplay.jar' does not exist or contains no resources.
10-16 19:59:01.231: W/ResourcesManager(4614): Asset path '/system/framework/com.android.location.provider.jar' does not exist or contains no resources.
10-16 19:59:01.249: I/LoadedApk(4614): No resource references to update in package FFFFFFFFFFFFFFFFFFFFFF
10-16 19:59:01.278: I/art(1679): Explicit concurrent mark sweep GC freed 29505(2046KB) AllocSpace objects, 21(792KB) LOS objects, 33% free, 12MB/19MB, paused 443us total 47.157ms
10-16 19:59:01.306: W/linker(4614): libconscrypt_gmscore_jni.so: unused DT entry: type 0x1d arg 0x91
10-16 19:59:01.306: V/NativeCrypto(4614): Registering com/google/android/gms/org/conscrypt/NativeCrypto's 259 native methods...
10-16 19:59:01.311: I/art(4614): Rejecting re-init on previously-failed class java.lang.Class<com.google.android.gms.org.conscrypt.OpenSSLExtendedSessionImpl>
10-16 19:59:01.311: I/art(4614): Rejecting re-init on previously-failed class java.lang.Class<com.google.android.gms.org.conscrypt.OpenSSLExtendedSessionImpl>
10-16 19:59:01.312: I/art(4614): Rejecting re-init on previously-failed class java.lang.Class<com.google.android.gms.org.conscrypt.OpenSSLExtendedSessionImpl>
10-16 19:59:01.319: I/DynamiteModule(4596): Considering local module com.google.android.gms.googlecertificates:4 and remote module com.google.android.gms.googlecertificates:4
10-16 19:59:01.319: I/DynamiteModule(4596): Selected local version of com.google.android.gms.googlecertificates
10-16 19:59:01.331: I/ProviderInstaller(4614): Installed default security provider GmsCore_OpenSSL
10-16 19:59:01.355: I/GceGrallocRegionRegistry(4574): Mapped gralloc-1336.35 hnd=0xb3fb23c0 fd=26 base=0x9f848000 format=RGBA_8888(0x1) width=800 height=1216
10-16 19:59:01.358: I/art(2136): Explicit concurrent mark sweep GC freed 3509(155KB) AllocSpace objects, 0(0B) LOS objects, 40% free, 4MB/6MB, paused 700us total 7.582ms
10-16 19:59:01.368: I/ActivityManager(1679): Displayed com.google.android.apps.mtaas.backdrop/.BackdropActivity: +1s106ms
10-16 19:59:01.384: I/GCoreNlp(4596): shouldConfirmNlp, NLP off. Ensuring opt-in disabled
10-16 19:59:01.404: W/ChimeraUtils(4614): Non Chimera context
10-16 19:59:01.408: I/GceGrallocRegionRegistry(4574): Mapped gralloc-1336.36 hnd=0xb3fb2440 fd=28 base=0x9f490000 format=RGBA_8888(0x1) width=800 height=1216
10-16 19:59:01.477: I/art(4596): Rejecting re-init on previously-failed class java.lang.Class<mgn>
10-16 19:59:01.477: I/art(4596): Rejecting re-init on previously-failed class java.lang.Class<mgn>
10-16 19:59:01.538: I/art(4596): Background sticky concurrent mark sweep GC freed 3356(470KB) AllocSpace objects, 2(32KB) LOS objects, 6% free, 9MB/9MB, paused 8.479ms total 10.934ms
10-16 19:59:01.591: I/art(4614): Rejecting re-init on previously-failed class java.lang.Class<mgn>
10-16 19:59:01.591: I/art(4614): Rejecting re-init on previously-failed class java.lang.Class<mgn>
10-16 19:59:01.594: I/GAv4-SVC(4614): Google Analytics 11.5.19 is starting up.
10-16 19:59:01.608: I/art(4596): Background sticky concurrent mark sweep GC freed 5105(595KB) AllocSpace objects, 0(0B) LOS objects, 4% free, 9MB/9MB, paused 10.184ms total 14.008ms
10-16 19:59:01.612: I/GceGrallocRegionRegistry(1679): Unmapped gralloc-1336.34 hnd=0xa04d60c0 fd=203 base=0x9612c000
10-16 19:59:01.624: I/GceGrallocRegionRegistry(4574): Mapped gralloc-1336.37 hnd=0xb3fb2340 fd=29 base=0x9f0d8000 format=RGBA_8888(0x1) width=800 height=1216
10-16 19:59:01.631: I/Remoter(1322): Saved screenshot to '/data/screenshots/__pmv__-0075.jpg'
10-16 19:59:01.634: I/GceGrallocRegionRegistry(1336): Unmapped gralloc-1336.34 hnd=0xb36501c0 fd=17 base=0xb2848000
10-16 19:59:01.644: I/art(4596): Rejecting re-init on previously-failed class java.lang.Class<mrg>
10-16 19:59:01.644: I/art(4596): Rejecting re-init on previously-failed class java.lang.Class<mrg>
10-16 19:59:01.657: I/art(4596): Background sticky concurrent mark sweep GC freed 393(45KB) AllocSpace objects, 0(0B) LOS objects, 3% free, 9MB/9MB, paused 7.009ms total 47.883ms
10-16 19:59:01.663: I/Icing(4614): Storage manager: low false usage 1.72MB avail 3.00GB capacity 3.89GB
10-16 19:59:01.785: I/art(4614): Background sticky concurrent mark sweep GC freed 22214(1571KB) AllocSpace objects, 12(323KB) LOS objects, 22% free, 7MB/9MB, paused 16.720ms total 101.965ms
10-16 19:59:01.866: W/art(4596): Suspending all threads took: 17.171ms
10-16 19:59:01.921: I/art(4596): Background partial concurrent mark sweep GC freed 3741(294KB) AllocSpace objects, 0(0B) LOS objects, 40% free, 9MB/16MB, paused 33.949ms total 120.760ms
10-16 19:59:01.923: W/Icing(4614): city name for address is empty or is not existed. 
10-16 19:59:01.923: W/Icing(4614): street name for address is empty or is not existed. 
10-16 19:59:01.923: W/Icing(4614): transportation_script_path is empty
10-16 19:59:01.951: I/NetworkScheduler(4596): Using standalone scheduling engine
10-16 19:59:01.955: W/Icing(4614): Words file  does not exist!
10-16 19:59:01.957: W/Icing(4614): WordsMap was not properly initialized
10-16 19:59:01.958: D/WifiService(1679): New client listening to asynchronous messages
10-16 19:59:01.971: I/art(2136): Explicit concurrent mark sweep GC freed 3816(179KB) AllocSpace objects, 0(0B) LOS objects, 39% free, 4MB/6MB, paused 223us total 5.213ms
10-16 19:59:01.985: I/DynamiteModule(4614): Considering local module com.google.android.gms.googlecertificates:4 and remote module com.google.android.gms.googlecertificates:4
10-16 19:59:01.985: I/DynamiteModule(4614): Selected local version of com.google.android.gms.googlecertificates
10-16 19:59:02.034: I/LocaleChangeIO(4596): Requesting GmsCore restart due to change in locale assets
10-16 19:59:02.038: I/art(4596): Rejecting re-init on previously-failed class java.lang.Class<aniu>
10-16 19:59:02.038: I/art(4596): Rejecting re-init on previously-failed class java.lang.Class<aniu>
10-16 19:59:02.042: W/ActivityManager(1679): Unable to start service Intent { act=com.google.android.gms.nearby.discovery:ACTION_LOCALE_CHANGE cmp=com.google.android.gms/.nearby.discovery.service.DiscoveryService } U=0: not found
10-16 19:59:02.058: I/Icing(4614): updateResources: need to parse tvm{com.google.android.gms}
10-16 19:59:02.066: I/art(2136): Explicit concurrent mark sweep GC freed 3295(147KB) AllocSpace objects, 0(0B) LOS objects, 40% free, 4MB/6MB, paused 212us total 5.071ms
10-16 19:59:02.112: V/BackupManagerService(1679): Connected to transport ComponentInfo{com.google.android.gms/com.google.android.gms.backup.BackupTransportService}
10-16 19:59:02.112: V/BackupManagerService(1679): Registering transport com.google.android.gms/.backup.BackupTransportService::com.google.android.gms/.backup.BackupTransportService = com.android.internal.backup.IBackupTransport$Stub$Proxy@d2aab08
10-16 19:59:02.118: I/art(4596): Explicit concurrent mark sweep GC freed 46226(3MB) AllocSpace objects, 6(96KB) LOS objects, 40% free, 9MB/15MB, paused 675us total 47.812ms
10-16 19:59:02.129: D/BluetoothManagerService(1679): Message: 20
10-16 19:59:02.129: D/BluetoothManagerService(1679): Added callback: android.bluetooth.IBluetoothManagerCallback$Stub$Proxy@185ad4d9:true
10-16 19:59:02.162: I/art(1679): Explicit concurrent mark sweep GC freed 13612(1053KB) AllocSpace objects, 3(205KB) LOS objects, 33% free, 12MB/19MB, paused 964us total 26.547ms
10-16 19:59:02.167: I/GeofencerStateMachine(4596): Network location disabled.
10-16 19:59:02.169: I/Backup(4596): [GmsBackupAccountManager] Backup account not found in gmscore.
10-16 19:59:02.178: E/SQLiteLog(4596): (283) recovered 15 frames from WAL file /data/data/com.google.android.gms/databases/playlog.db-wal
10-16 19:59:02.192: I/GeofencerStateMachine(4596): removeGeofences: removeRequest=RemoveGeofencingRequest[REMOVE_BY_PENDING_INTENT pendingIntent=PendingIntent[creatorPackage=com.google.android.gms], packageName=null]
10-16 19:59:02.212: I/Icing(4614): Internal init done: storage state 0
10-16 19:59:02.236: W/Settings(4596): Setting airplane_mode_on has moved from android.provider.Settings.System to android.provider.Settings.Global, returning read-only value.
10-16 19:59:02.239: W/Settings(4596): Setting airplane_mode_on has moved from android.provider.Settings.System to android.provider.Settings.Global, returning read-only value.
10-16 19:59:02.254: I/art(2136): Explicit concurrent mark sweep GC freed 3263(146KB) AllocSpace objects, 0(0B) LOS objects, 40% free, 4MB/6MB, paused 673us total 9.471ms
10-16 19:59:02.258: I/GceRil(1340): Received request 75
10-16 19:59:02.258: I/GceRil(1340): Requesting GSM neighboring cell ids
10-16 19:59:02.259: I/Icing(4614): Post-init done
10-16 19:59:02.657: I/Remoter(1322): Saved screenshot to '/data/screenshots/__pmv__-0076.jpg'
10-16 19:59:03.492: I/art(1679): Explicit concurrent mark sweep GC freed 4995(253KB) AllocSpace objects, 4(310KB) LOS objects, 33% free, 12MB/18MB, paused 307us total 18.035ms
10-16 19:59:03.690: I/Remoter(1322): Saved screenshot to '/data/screenshots/__pmv__-0077.jpg'
10-16 19:59:03.873: D/AndroidRuntime(4721): >>>>>> START com.android.internal.os.RuntimeInit uid 0 <<<<<<
10-16 19:59:03.874: D/AndroidRuntime(4721): CheckJNI is OFF
10-16 19:59:03.889: E/memtrack(4721): Couldn't load memtrack module (No such file or directory)
10-16 19:59:03.889: E/android.os.Debug(4721): failed to load memtrack module: -2
10-16 19:59:03.897: D/AndroidRuntime(4721): Calling main entry com.android.commands.am.Am
10-16 19:59:03.907: E/Volley(3122): [270] xa.a: Unexpected response code 503 for https://www.googleapis.com/youtubei/v1/notification_registration/set_registration?key=AIzaSyA8eiZmM1FaDVjRy-df2KTyQ_vz_yYM39w
10-16 19:59:03.908: W/YouTube(3122): (unknown) Could not register for notifications with InnerTube: 
10-16 19:59:03.908: W/YouTube(3122): fay: java.util.concurrent.ExecutionException: wu
10-16 19:59:03.908: W/YouTube(3122): 	at ezo.a(SourceFile:103)
10-16 19:59:03.908: W/YouTube(3122): 	at fpl.run(SourceFile:57)
10-16 19:59:03.908: W/YouTube(3122): 	at java.util.concurrent.ThreadPoolExecutor.runWorker(ThreadPoolExecutor.java:1112)
10-16 19:59:03.908: W/YouTube(3122): 	at java.util.concurrent.ThreadPoolExecutor$Worker.run(ThreadPoolExecutor.java:587)
10-16 19:59:03.908: W/YouTube(3122): 	at ers.run(SourceFile:40)
