10-16 19:58:43.414: I/Remoter(1326): Saved screenshot to '/data/screenshots/__pmv__-0055.jpg'
10-16 19:58:44.557: I/Remoter(1326): Saved screenshot to '/data/screenshots/__pmv__-0056.jpg'
10-16 19:58:45.017: I/scp(4655): type=1400 audit(0.0:83): avc: denied { write } for name="tmp" dev="loop6" ino=65538 scontext=u:r:init_shell:s0 tcontext=u:object_r:shell_data_file:s0 tclass=dir permissive=1
10-16 19:58:45.017: I/scp(4655): type=1400 audit(0.0:84): avc: denied { add_name } for name="com.google.android.apps.mtaas.tools.apk" scontext=u:r:init_shell:s0 tcontext=u:object_r:shell_data_file:s0 tclass=dir permissive=1
10-16 19:58:45.017: I/scp(4655): type=1400 audit(0.0:85): avc: denied { create } for name="com.google.android.apps.mtaas.tools.apk" scontext=u:r:init_shell:s0 tcontext=u:object_r:shell_data_file:s0 tclass=file permissive=1
10-16 19:58:45.017: I/scp(4655): type=1400 audit(0.0:86): avc: denied { write open } for path="/data/local/tmp/com.google.android.apps.mtaas.tools.apk" dev="loop6" ino=65555 scontext=u:r:init_shell:s0 tcontext=u:object_r:shell_data_file:s0 tclass=file permissive=1
10-16 19:58:45.017: I/scp(4655): type=1400 audit(0.0:87): avc: denied { getattr } for path="/data/local/tmp/com.google.android.apps.mtaas.tools.apk" dev="loop6" ino=65555 scontext=u:r:init_shell:s0 tcontext=u:object_r:shell_data_file:s0 tclass=file permissive=1
10-16 19:58:45.533: D/AndroidRuntime(4668): >>>>>> START com.android.internal.os.RuntimeInit uid 0 <<<<<<
10-16 19:58:45.534: D/AndroidRuntime(4668): CheckJNI is OFF
10-16 19:58:45.559: E/memtrack(4668): Couldn't load memtrack module (No such file or directory)
10-16 19:58:45.560: E/android.os.Debug(4668): failed to load memtrack module: -2
10-16 19:58:45.567: D/AndroidRuntime(4668): Calling main entry com.android.commands.pm.Pm
10-16 19:58:45.583: I/ActivityManager(1690): Start proc 4678:com.android.defcontainer/u0a5 for service com.android.defcontainer/.DefaultContainerService
10-16 19:58:45.644: D/DefContainer(4678): Copying /data/local/tmp/com.google.android.apps.mtaas.tools.apk to base.apk
10-16 19:58:45.746: D/PackageManager(1690): Renaming /data/app/vmdl679314389.tmp to /data/app/com.google.android.apps.mtaas.tools-1
10-16 19:58:45.748: I/PackageManager(1690): Running dexopt on: /data/app/com.google.android.apps.mtaas.tools-1/base.apk pkg=com.google.android.apps.mtaas.tools isa=x86 vmSafeMode=false
10-16 19:58:45.758: E/cutils-trace(4696): Error opening trace file: Permission denied (13)
10-16 19:58:45.758: I/dex2oat(4696): /system/bin/dex2oat --zip-fd=6 --zip-location=/data/app/com.google.android.apps.mtaas.tools-1/base.apk --oat-fd=7 --oat-location=/data/dalvik-cache/x86/data@app@com.google.android.apps.mtaas.tools-1@base.apk@classes.dex --instruction-set=x86 --instruction-set-features=default --runtime-arg -Xms64m --runtime-arg -Xmx512m --swap-fd=8
10-16 19:58:45.783: I/Remoter(1326): Saved screenshot to '/data/screenshots/__pmv__-0057.jpg'
10-16 19:58:45.805: I/dex2oat(4696): Decided to run without swap.
10-16 19:58:46.323: I/dex2oat(4696): dex2oat took 564.982ms (threads: 2) arena alloc=63KB java alloc=2MB native alloc=5MB free=6MB
10-16 19:58:46.330: W/PackageManager(1690): Not granting permission android.permission.SET_ANIMATION_SCALE to package com.google.android.apps.mtaas.tools (protectionLevel=50 flags=0x8be44)
10-16 19:58:46.330: W/PackageManager(1690): Not granting permission android.permission.CHANGE_CONFIGURATION to package com.google.android.apps.mtaas.tools (protectionLevel=50 flags=0x8be44)
10-16 19:58:46.334: V/BackupManagerService(1690): restoreAtInstall pkg=com.google.android.apps.mtaas.tools token=1 restoreSet=0
10-16 19:58:46.334: V/BackupManagerService(1690): Finishing install immediately
10-16 19:58:46.335: W/Settings(1690): Setting install_non_market_apps has moved from android.provider.Settings.Global to android.provider.Settings.Secure, returning read-only value.
10-16 19:58:46.340: W/InputMethodInfo(1690): Duplicated subtype definition found: , voice
10-16 19:58:46.344: I/InputReader(1690): Reconfiguring input devices.  changes=0x00000010
10-16 19:58:46.361: D/BackupManagerService(1690): Received broadcast Intent { act=android.intent.action.PACKAGE_ADDED dat=package:com.google.android.apps.mtaas.tools flg=0x4000010 (has extras) }
10-16 19:58:46.363: I/ActivityManager(1690): Start proc 4699:com.google.android.partnersetup/u0a14 for broadcast com.google.android.partnersetup/.RlzPingBroadcastReceiver
10-16 19:58:46.378: D/Launcher.Workspace(2065): 11683562 - removeExtraEmptyScreen()
10-16 19:58:46.378: D/Launcher.Workspace(2065): 11683562 - convertFinalScreenToEmptyScreenIfNecessary()
10-16 19:58:46.393: I/art(1690): Explicit concurrent mark sweep GC freed 20971(1528KB) AllocSpace objects, 9(144KB) LOS objects, 33% free, 16MB/24MB, paused 1.431ms total 55.742ms
10-16 19:58:46.397: I/art(4668): System.exit called, status: 0
10-16 19:58:46.397: I/AndroidRuntime(4668): VM exiting with result code 0.
10-16 19:58:46.415: I/ActivityManager(1690): Start proc 4720:com.android.musicfx/u0a18 for broadcast com.android.musicfx/.Compatibility$Receiver
10-16 19:58:46.416: I/ActivityManager(1690): Killing 3933:com.google.android.talk/u0a15 (adj 15): empty for 49711s
10-16 19:58:46.469: I/ActivityManager(1690): Start proc 4738:com.android.vending/u0a19 for broadcast com.android.vending/com.google.android.finsky.receivers.PackageMonitorReceiver$RegisteredReceiver
10-16 19:58:46.473: I/ActivityManager(1690): Killing 2883:com.google.android.calendar/u0a31 (adj 15): empty for 13649s
10-16 19:58:46.544: D/Finsky(4738): [1] FinskyApp.onCreate: Initializing network with DFE https://android.clients.google.com/fdfe/
10-16 19:58:46.554: W/Finsky(4738): [1] FinskyApp.getCurrentAccount: No account configured on this device.
10-16 19:58:46.555: W/Finsky(4738): [1] FinskyApp.getCurrentAccount: No account configured on this device.
10-16 19:58:46.557: D/Finsky(4738): [1] DailyHygiene.goMakeHygieneIfDirty: No need to run daily hygiene.
10-16 19:58:46.573: I/ActivityManager(1690): Start proc 4778:com.google.android.gms:car/u0a9 for service com.google.android.gms/.car.CarService
10-16 19:58:46.575: W/Settings(4738): Setting download_manager_max_bytes_over_mobile has moved from android.provider.Settings.Secure to android.provider.Settings.Global.
10-16 19:58:46.576: W/Settings(4738): Setting download_manager_recommended_max_bytes_over_mobile has moved from android.provider.Settings.Secure to android.provider.Settings.Global.
10-16 19:58:46.578: W/Finsky(4738): [1] FinskyApp.getCurrentAccount: No account configured on this device.
10-16 19:58:46.578: W/Finsky(4738): [1] FinskyApp.getDfeApi: No account configured on this device.
10-16 19:58:46.581: I/ActivityManager(1690): Killing 4461:android.process.media/u0a6 (adj 15): empty for 13649s
10-16 19:58:46.586: W/ResourcesManager(4778): Asset path '/system/framework/com.android.media.remotedisplay.jar' does not exist or contains no resources.
10-16 19:58:46.586: W/ResourcesManager(4778): Asset path '/system/framework/com.android.location.provider.jar' does not exist or contains no resources.
10-16 19:58:46.601: I/LoadedApk(4778): No resource references to update in package FFFFFFFFFFFFFFFFFFFFFF
10-16 19:58:46.647: I/ActivityManager(1690): Start proc 4800:android.process.media/u0a6 for content provider com.android.providers.downloads/.DownloadProvider
10-16 19:58:46.649: I/UpdateIcingCorporaServi(2122): Updating corpora: APPS=com.google.android.apps.mtaas.tools, CONTACTS=MAYBE
10-16 19:58:46.650: W/linker(4778): libconscrypt_gmscore_jni.so: unused DT entry: type 0x1d arg 0x91
10-16 19:58:46.651: V/NativeCrypto(4778): Registering com/google/android/gms/org/conscrypt/NativeCrypto's 259 native methods...
10-16 19:58:46.656: I/art(4778): Rejecting re-init on previously-failed class java.lang.Class<com.google.android.gms.org.conscrypt.OpenSSLExtendedSessionImpl>
10-16 19:58:46.656: I/art(4778): Rejecting re-init on previously-failed class java.lang.Class<com.google.android.gms.org.conscrypt.OpenSSLExtendedSessionImpl>
10-16 19:58:46.656: I/art(4778): Rejecting re-init on previously-failed class java.lang.Class<com.google.android.gms.org.conscrypt.OpenSSLExtendedSessionImpl>
10-16 19:58:46.662: I/ProviderInstaller(4778): Installed default security provider GmsCore_OpenSSL
10-16 19:58:46.663: I/ActivityManager(1690): Start proc 4808:com.android.voicedialer/u0a25 for broadcast com.android.voicedialer/.VoiceDialerReceiver
10-16 19:58:46.669: I/Icing(2170): IndexChimeraService.getServiceInterface callingPackage=com.google.android.googlequicksearchbox componentName=null serviceId=21
10-16 19:58:46.684: I/Icing(2170): Usage reports 0 indexed 0 rejected 0 imm upload true
10-16 19:58:46.686: I/ApplicationLogger(2122): canRun() : Opted Out
10-16 19:58:46.686: I/UpdateIcingCorporaServi(2122): UpdateCorporaTask done [took 37 ms] updated apps [took 37 ms] 
10-16 19:58:46.693: I/ActivityManager(1690): Start proc 4836:com.google.android.apps.plus/u0a67 for broadcast com.google.android.apps.plus/.service.PackagesMediaMonitor
10-16 19:58:46.697: E/SQLiteLog(4800): (283) recovered 47 frames from WAL file /data/data/com.android.providers.media/databases/external.db-wal
10-16 19:58:46.701: I/art(1344): Explicit concurrent mark sweep GC freed 706(30KB) AllocSpace objects, 0(0B) LOS objects, 40% free, 7MB/11MB, paused 3.258ms total 7.780ms
10-16 19:58:46.707: W/ResourcesManager(4836): Asset path '/system/framework/com.google.android.maps.jar' does not exist or contains no resources.
10-16 19:58:46.709: I/art(1344): Explicit concurrent mark sweep GC freed 5(160B) AllocSpace objects, 0(0B) LOS objects, 40% free, 7MB/11MB, paused 56us total 6.559ms
10-16 19:58:46.716: I/art(1344): Explicit concurrent mark sweep GC freed 5(160B) AllocSpace objects, 0(0B) LOS objects, 40% free, 7MB/11MB, paused 46us total 6.575ms
10-16 19:58:46.721: D/Finsky(4738): [1] GmsCoreHelper.cleanupNlp: result=false type=4
10-16 19:58:46.726: D/Finsky(4738): [1] RestoreTracker.stopServiceIfDone: Restore complete with 0 success and 0 failed.
10-16 19:58:46.763: I/ActivityManager(1690): Killing 4139:com.google.android.gms.ui/u0a9 (adj 15): empty for 11547s
10-16 19:58:46.829: I/art(2188): Explicit concurrent mark sweep GC freed 3049(125KB) AllocSpace objects, 0(0B) LOS objects, 25% free, 8MB/10MB, paused 77us total 5.101ms
10-16 19:58:46.836: W/ConfigurationChimeraProvider(2290): Got null configs for com.google.android.gms.appinvite
10-16 19:58:46.842: I/art(4778): Rejecting re-init on previously-failed class java.lang.Class<mgn>
10-16 19:58:46.842: I/art(4778): Rejecting re-init on previously-failed class java.lang.Class<mgn>
10-16 19:58:46.849: I/FontsPackageChangeOp(2170): Package com.google.android.apps.mtaas.tools has no metadata
10-16 19:58:46.851: I/ActivityManager(1690): Killing 2673:com.google.android.gms.unstable/u0a9 (adj 15): empty for 3141s
10-16 19:58:46.909: D/Wear_Controller(2170): Received broadcast action=android.intent.action.PACKAGE_ADDED and uri=com.google.android.apps.mtaas.tools
10-16 19:58:46.910: W/ConfigurationChimeraProvider(2290): Got null configs for com.google.android.gms.chromesync
10-16 19:58:46.911: I/Icing(2170): IndexChimeraService.getServiceInterface callingPackage=com.google.android.gms componentName=AppsCorpus serviceId=36
10-16 19:58:46.911: I/Icing(2170): IndexChimeraService.getServiceInterface callingPackage=com.google.android.gms componentName=AppsCorpus serviceId=32
10-16 19:58:46.915: I/Icing(2170): Usage reports 0 indexed 0 rejected 0 imm upload false
10-16 19:58:46.917: I/DynamiteModule(4778): Considering local module com.google.android.gms.googlecertificates:4 and remote module com.google.android.gms.googlecertificates:4
10-16 19:58:46.917: I/DynamiteModule(4778): Selected local version of com.google.android.gms.googlecertificates
10-16 19:58:46.918: I/Icing(2170): Usage reports 0 indexed 0 rejected 0 imm upload false
10-16 19:58:46.948: V/Finsky(4738): [1] GearheadStateMonitor.onReady: sIsProjecting:false
10-16 19:58:46.948: I/CAR.SERVICE(4778): listener not found in list
10-16 19:58:46.965: I/Remoter(1326): Saved screenshot to '/data/screenshots/__pmv__-0058.jpg'
10-16 19:58:47.016: D/AndroidRuntime(4895): >>>>>> START com.android.internal.os.RuntimeInit uid 0 <<<<<<
10-16 19:58:47.017: D/AndroidRuntime(4895): CheckJNI is OFF
10-16 19:58:47.034: E/memtrack(4895): Couldn't load memtrack module (No such file or directory)
10-16 19:58:47.034: E/android.os.Debug(4895): failed to load memtrack module: -2
10-16 19:58:47.042: D/AndroidRuntime(4895): Calling main entry com.android.commands.pm.Pm
10-16 19:58:47.045: D/DefContainer(4678): Copying /data/local/tmp/com.google.android.apps.mtaas.loginutil.apk to base.apk
10-16 19:58:47.048: I/PackageParser(1690): com.google.android.apps.mtaas.loginutil: compat added android.permission.WRITE_EXTERNAL_STORAGE android.permission.READ_PHONE_STATE
10-16 19:58:47.062: D/PackageManager(1690): Renaming /data/app/vmdl719048672.tmp to /data/app/com.google.android.apps.mtaas.loginutil-1
10-16 19:58:47.064: I/PackageManager(1690): Running dexopt on: /data/app/com.google.android.apps.mtaas.loginutil-1/base.apk pkg=com.google.android.apps.mtaas.loginutil isa=x86 vmSafeMode=false
10-16 19:58:47.072: E/cutils-trace(4905): Error opening trace file: Permission denied (13)
10-16 19:58:47.072: I/dex2oat(4905): /system/bin/dex2oat --zip-fd=6 --zip-location=/data/app/com.google.android.apps.mtaas.loginutil-1/base.apk --oat-fd=7 --oat-location=/data/dalvik-cache/x86/data@app@com.google.android.apps.mtaas.loginutil-1@base.apk@classes.dex --instruction-set=x86 --instruction-set-features=default --runtime-arg -Xms64m --runtime-arg -Xmx512m --swap-fd=8
10-16 19:58:47.100: I/dex2oat(4905): Decided to run without swap.
10-16 19:58:47.461: I/dex2oat(4905): dex2oat took 389.228ms (threads: 2) arena alloc=603KB java alloc=1432KB native alloc=5MB free=6MB
10-16 19:58:47.471: V/BackupManagerService(1690): restoreAtInstall pkg=com.google.android.apps.mtaas.loginutil token=2 restoreSet=0
10-16 19:58:47.471: V/BackupManagerService(1690): Finishing install immediately
10-16 19:58:47.472: W/Settings(1690): Setting install_non_market_apps has moved from android.provider.Settings.Global to android.provider.Settings.Secure, returning read-only value.
10-16 19:58:47.479: I/InputReader(1690): Reconfiguring input devices.  changes=0x00000010
10-16 19:58:47.483: W/InputMethodInfo(1690): Duplicated subtype definition found: , voice
10-16 19:58:47.497: D/BackupManagerService(1690): Received broadcast Intent { act=android.intent.action.PACKAGE_ADDED dat=package:com.google.android.apps.mtaas.loginutil flg=0x4000010 (has extras) }
10-16 19:58:47.500: I/UpdateIcingCorporaServi(2122): Updating corpora: APPS=com.google.android.apps.mtaas.loginutil, CONTACTS=MAYBE
10-16 19:58:47.503: I/ApplicationLogger(2122): canRun() : Opted Out
10-16 19:58:47.503: I/UpdateIcingCorporaServi(2122): UpdateCorporaTask done [took 3 ms] updated apps [took 3 ms] 
10-16 19:58:47.523: I/art(1690): Explicit concurrent mark sweep GC freed 22723(1655KB) AllocSpace objects, 8(124KB) LOS objects, 33% free, 16MB/25MB, paused 317us total 49.037ms
10-16 19:58:47.527: I/FontsPackageChangeOp(2170): Package com.google.android.apps.mtaas.loginutil has no metadata
10-16 19:58:47.528: I/art(4895): System.exit called, status: 0
10-16 19:58:47.528: I/AndroidRuntime(4895): VM exiting with result code 0.
10-16 19:58:47.530: D/Wear_Controller(2170): Received broadcast action=android.intent.action.PACKAGE_ADDED and uri=com.google.android.apps.mtaas.loginutil
10-16 19:58:47.535: I/Icing(2170): IndexChimeraService.getServiceInterface callingPackage=com.google.android.gms componentName=AppsCorpus serviceId=36
10-16 19:58:47.536: I/Icing(2170): IndexChimeraService.getServiceInterface callingPackage=com.google.android.gms componentName=AppsCorpus serviceId=32
10-16 19:58:47.539: I/Icing(2170): Usage reports 0 indexed 0 rejected 0 imm upload false
10-16 19:58:47.541: I/Icing(2170): Usage reports 0 indexed 0 rejected 0 imm upload false
10-16 19:58:47.694: I/Icing(2170): Indexing 78809412366E3FB9E25492F12C0E3355617CA57E from com.google.android.googlequicksearchbox
10-16 19:58:47.731: I/Icing(2170): Indexing done 78809412366E3FB9E25492F12C0E3355617CA57E
10-16 19:58:47.837: I/gce_init_sshd(1659): type=1400 audit(0.0:88): avc: denied { name_connect } for dest=80 scontext=u:r:init:s0 tcontext=u:object_r:port:s0 tclass=tcp_socket permissive=1
10-16 19:58:47.926: I/Icing(2170): Indexing 5233BB6556150606E6EA2800A20D5D691B1774CC from com.google.android.gms
10-16 19:58:47.932: I/Icing(2170): Indexing done 5233BB6556150606E6EA2800A20D5D691B1774CC
10-16 19:58:48.008: D/AndroidRuntime(4934): >>>>>> START com.android.internal.os.RuntimeInit uid 0 <<<<<<
10-16 19:58:48.009: D/AndroidRuntime(4934): CheckJNI is OFF
10-16 19:58:48.028: E/memtrack(4934): Couldn't load memtrack module (No such file or directory)
10-16 19:58:48.028: E/android.os.Debug(4934): failed to load memtrack module: -2
10-16 19:58:48.041: D/AndroidRuntime(4934): Calling main entry com.android.commands.pm.Pm
10-16 19:58:48.045: D/DefContainer(4678): Copying /data/local/tmp/com.google.android.apps.mtaas.backdrop.apk to base.apk
10-16 19:58:48.078: D/PackageManager(1690): Renaming /data/app/vmdl1398447336.tmp to /data/app/com.google.android.apps.mtaas.backdrop-1
10-16 19:58:48.081: I/PackageManager(1690): Running dexopt on: /data/app/com.google.android.apps.mtaas.backdrop-1/base.apk pkg=com.google.android.apps.mtaas.backdrop isa=x86 vmSafeMode=false
10-16 19:58:48.090: E/cutils-trace(4944): Error opening trace file: Permission denied (13)
10-16 19:58:48.090: I/dex2oat(4944): /system/bin/dex2oat --zip-fd=6 --zip-location=/data/app/com.google.android.apps.mtaas.backdrop-1/base.apk --oat-fd=7 --oat-location=/data/dalvik-cache/x86/data@app@com.google.android.apps.mtaas.backdrop-1@base.apk@classes.dex --instruction-set=x86 --instruction-set-features=default --runtime-arg -Xms64m --runtime-arg -Xmx512m --swap-fd=8
10-16 19:58:48.133: I/dex2oat(4944): Decided to run without swap.
10-16 19:58:48.173: I/Remoter(1326): Saved screenshot to '/data/screenshots/__pmv__-0059.jpg'
10-16 19:58:48.544: I/Icing(2170): Indexing 5233BB6556150606E6EA2800A20D5D691B1774CC from com.google.android.gms
10-16 19:58:48.544: I/Icing(2170): Indexing done 5233BB6556150606E6EA2800A20D5D691B1774CC
10-16 19:58:48.580: I/dex2oat(4944): dex2oat took 490.368ms (threads: 2) arena alloc=36KB java alloc=1960KB native alloc=4MB free=3MB
10-16 19:58:48.592: V/BackupManagerService(1690): restoreAtInstall pkg=com.google.android.apps.mtaas.backdrop token=3 restoreSet=0
10-16 19:58:48.592: V/BackupManagerService(1690): Finishing install immediately
10-16 19:58:48.605: W/Settings(1690): Setting install_non_market_apps has moved from android.provider.Settings.Global to android.provider.Settings.Secure, returning read-only value.
10-16 19:58:48.626: D/BackupManagerService(1690): Received broadcast Intent { act=android.intent.action.PACKAGE_ADDED dat=package:com.google.android.apps.mtaas.backdrop flg=0x4000010 (has extras) }
10-16 19:58:48.626: I/InputReader(1690): Reconfiguring input devices.  changes=0x00000010
10-16 19:58:48.628: W/InputMethodInfo(1690): Duplicated subtype definition found: , voice
10-16 19:58:48.634: I/UpdateIcingCorporaServi(2122): Updating corpora: APPS=com.google.android.apps.mtaas.backdrop, CONTACTS=MAYBE
10-16 19:58:48.748: I/Icing(2170): IndexChimeraService.getServiceInterface callingPackage=com.google.android.googlequicksearchbox componentName=null serviceId=21
10-16 19:58:48.750: I/art(1690): Explicit concurrent mark sweep GC freed 23339(1653KB) AllocSpace objects, 9(144KB) LOS objects, 33% free, 16MB/24MB, paused 4.655ms total 132.150ms
10-16 19:58:48.752: I/art(4934): System.exit called, status: 0
10-16 19:58:48.752: I/AndroidRuntime(4934): VM exiting with result code 0.
10-16 19:58:48.761: I/FontsPackageChangeOp(2170): Package com.google.android.apps.mtaas.backdrop has no metadata
10-16 19:58:48.763: D/Wear_Controller(2170): Received broadcast action=android.intent.action.PACKAGE_ADDED and uri=com.google.android.apps.mtaas.backdrop
10-16 19:58:48.774: I/Icing(2170): Usage reports 0 indexed 0 rejected 0 imm upload true
10-16 19:58:48.774: I/Icing(2170): IndexChimeraService.getServiceInterface callingPackage=com.google.android.gms componentName=AppsCorpus serviceId=36
10-16 19:58:48.775: D/Launcher.Workspace(2065): 11683562 - removeExtraEmptyScreen()
10-16 19:58:48.775: D/Launcher.Workspace(2065): 11683562 - convertFinalScreenToEmptyScreenIfNecessary()
10-16 19:58:48.779: I/ApplicationLogger(2122): canRun() : Opted Out
10-16 19:58:48.779: I/UpdateIcingCorporaServi(2122): UpdateCorporaTask done [took 144 ms] updated apps [took 144 ms] 
10-16 19:58:48.782: I/Icing(2170): IndexChimeraService.getServiceInterface callingPackage=com.google.android.gms componentName=AppsCorpus serviceId=32
10-16 19:58:48.782: I/Icing(2170): Usage reports 0 indexed 0 rejected 0 imm upload false
10-16 19:58:48.784: I/Icing(2170): Usage reports 0 indexed 0 rejected 0 imm upload false
10-16 19:58:49.301: D/AndroidRuntime(4975): >>>>>> START com.android.internal.os.RuntimeInit uid 0 <<<<<<
10-16 19:58:49.302: D/AndroidRuntime(4975): CheckJNI is OFF
10-16 19:58:49.322: E/memtrack(4975): Couldn't load memtrack module (No such file or directory)
10-16 19:58:49.322: E/android.os.Debug(4975): failed to load memtrack module: -2
10-16 19:58:49.335: D/AndroidRuntime(4975): Calling main entry com.android.commands.pm.Pm
10-16 19:58:49.344: D/DefContainer(4678): Copying /data/local/tmp/com.google.android.apps.auth.test.support.apk to base.apk
10-16 19:58:49.348: I/PackageParser(1690): com.google.android.apps.auth.test.support: compat added android.permission.WRITE_EXTERNAL_STORAGE android.permission.READ_PHONE_STATE
10-16 19:58:49.349: I/Remoter(1326): Saved screenshot to '/data/screenshots/__pmv__-0060.jpg'
10-16 19:58:49.363: D/PackageManager(1690): Renaming /data/app/vmdl22864564.tmp to /data/app/com.google.android.apps.auth.test.support-1
10-16 19:58:49.366: I/PackageManager(1690): Running dexopt on: /data/app/com.google.android.apps.auth.test.support-1/base.apk pkg=com.google.android.apps.auth.test.support isa=x86 vmSafeMode=false
10-16 19:58:49.373: E/cutils-trace(4985): Error opening trace file: Permission denied (13)
10-16 19:58:49.373: I/dex2oat(4985): /system/bin/dex2oat --zip-fd=6 --zip-location=/data/app/com.google.android.apps.auth.test.support-1/base.apk --oat-fd=7 --oat-location=/data/dalvik-cache/x86/data@app@com.google.android.apps.auth.test.support-1@base.apk@classes.dex --instruction-set=x86 --instruction-set-features=default --runtime-arg -Xms64m --runtime-arg -Xmx512m --swap-fd=8
10-16 19:58:49.382: I/dex2oat(4985): Decided to run without swap.
10-16 19:58:49.507: I/dex2oat(4985): dex2oat took 133.279ms (threads: 2) arena alloc=120KB java alloc=571KB native alloc=1858KB free=6MB
10-16 19:58:49.513: W/PackageManager(1690): Unknown permission android.permission.MANAGE_ACCOUNT in package com.google.android.apps.auth.test.support
10-16 19:58:49.513: W/PackageManager(1690): Not granting permission com.google.android.providers.gsf.permission.WRITE_GSERVICES to package com.google.android.apps.auth.test.support (protectionLevel=18 flags=0x8444)
10-16 19:58:49.517: V/BackupManagerService(1690): restoreAtInstall pkg=com.google.android.apps.auth.test.support token=4 restoreSet=0
10-16 19:58:49.517: V/BackupManagerService(1690): Finishing install immediately
10-16 19:58:49.518: W/Settings(1690): Setting install_non_market_apps has moved from android.provider.Settings.Global to android.provider.Settings.Secure, returning read-only value.
10-16 19:58:49.526: I/InputReader(1690): Reconfiguring input devices.  changes=0x00000010
10-16 19:58:49.531: D/BackupManagerService(1690): Received broadcast Intent { act=android.intent.action.PACKAGE_ADDED dat=package:com.google.android.apps.auth.test.support flg=0x4000010 (has extras) }
10-16 19:58:49.531: W/InputMethodInfo(1690): Duplicated subtype definition found: , voice
10-16 19:58:49.548: I/UpdateIcingCorporaServi(2122): Updating corpora: APPS=com.google.android.apps.auth.test.support, CONTACTS=MAYBE
10-16 19:58:49.556: I/ApplicationLogger(2122): canRun() : Opted Out
10-16 19:58:49.556: I/UpdateIcingCorporaServi(2122): UpdateCorporaTask done [took 8 ms] updated apps [took 8 ms] 
10-16 19:58:49.578: D/Wear_Controller(2170): Received broadcast action=android.intent.action.PACKAGE_ADDED and uri=com.google.android.apps.auth.test.support
10-16 19:58:49.579: I/art(1690): Explicit concurrent mark sweep GC freed 32205(2MB) AllocSpace objects, 21(309KB) LOS objects, 33% free, 16MB/24MB, paused 325us total 45.847ms
10-16 19:58:49.581: I/art(4975): System.exit called, status: 0
10-16 19:58:49.581: I/AndroidRuntime(4975): VM exiting with result code 0.
10-16 19:58:49.582: I/Icing(2170): IndexChimeraService.getServiceInterface callingPackage=com.google.android.gms componentName=AppsCorpus serviceId=36
10-16 19:58:49.582: I/Icing(2170): IndexChimeraService.getServiceInterface callingPackage=com.google.android.gms componentName=AppsCorpus serviceId=32
10-16 19:58:49.589: I/Icing(2170): Usage reports 0 indexed 0 rejected 0 imm upload false
10-16 19:58:49.591: I/Icing(2170): Usage reports 0 indexed 0 rejected 0 imm upload false
10-16 19:58:49.777: I/Icing(2170): Indexing 78809412366E3FB9E25492F12C0E3355617CA57E from com.google.android.googlequicksearchbox
10-16 19:58:49.787: I/Icing(2170): Indexing done 78809412366E3FB9E25492F12C0E3355617CA57E
10-16 19:58:49.788: I/Icing(2170): Indexing 5233BB6556150606E6EA2800A20D5D691B1774CC from com.google.android.gms
10-16 19:58:49.793: I/Icing(2170): Indexing done 5233BB6556150606E6EA2800A20D5D691B1774CC
10-16 19:58:50.092: D/AndroidRuntime(5014): >>>>>> START com.android.internal.os.RuntimeInit uid 0 <<<<<<
10-16 19:58:50.093: D/AndroidRuntime(5014): CheckJNI is OFF
10-16 19:58:50.107: E/memtrack(5014): Couldn't load memtrack module (No such file or directory)
10-16 19:58:50.107: E/android.os.Debug(5014): failed to load memtrack module: -2
10-16 19:58:50.116: D/AndroidRuntime(5014): Calling main entry com.android.commands.pm.Pm
10-16 19:58:50.120: D/DefContainer(4678): Copying /data/local/tmp/com.google.android.apps.mtaas.testloop.apk to base.apk
10-16 19:58:50.145: D/PackageManager(1690): Renaming /data/app/vmdl1832203095.tmp to /data/app/com.google.android.apps.mtaas.testloop-1
10-16 19:58:50.147: I/PackageManager(1690): Running dexopt on: /data/app/com.google.android.apps.mtaas.testloop-1/base.apk pkg=com.google.android.apps.mtaas.testloop isa=x86 vmSafeMode=false
10-16 19:58:50.154: E/cutils-trace(5024): Error opening trace file: Permission denied (13)
10-16 19:58:50.154: I/dex2oat(5024): /system/bin/dex2oat --zip-fd=6 --zip-location=/data/app/com.google.android.apps.mtaas.testloop-1/base.apk --oat-fd=7 --oat-location=/data/dalvik-cache/x86/data@app@com.google.android.apps.mtaas.testloop-1@base.apk@classes.dex --instruction-set=x86 --instruction-set-features=default --runtime-arg -Xms64m --runtime-arg -Xmx512m --swap-fd=8
10-16 19:58:50.189: I/dex2oat(5024): Decided to run without swap.
10-16 19:58:50.554: I/Remoter(1326): Saved screenshot to '/data/screenshots/__pmv__-0061.jpg'
10-16 19:58:50.603: I/Icing(2170): Indexing 5233BB6556150606E6EA2800A20D5D691B1774CC from com.google.android.gms
10-16 19:58:50.603: I/Icing(2170): Indexing done 5233BB6556150606E6EA2800A20D5D691B1774CC
10-16 19:58:50.634: I/Icing(2170): IndexChimeraService.getServiceInterface callingPackage=com.google.android.inputmethod.latin componentName=null serviceId=21
10-16 19:58:50.693: I/Icing(2170): Usage reports 0 indexed 0 rejected 0 imm upload false
10-16 19:58:50.726: I/GceRil(1338): Received request 19
10-16 19:58:50.726: I/GceRil(1338): Reporting signal strength: GW=16 CDMA=-94 EVDO=-143 LTE=10
10-16 19:58:50.910: I/dex2oat(5024): dex2oat took 755.913ms (threads: 2) arena alloc=39KB java alloc=2MB native alloc=4MB free=3MB
10-16 19:58:50.921: V/BackupManagerService(1690): restoreAtInstall pkg=com.google.android.apps.mtaas.testloop token=5 restoreSet=0
10-16 19:58:50.921: V/BackupManagerService(1690): Finishing install immediately
10-16 19:58:50.921: W/Settings(1690): Setting install_non_market_apps has moved from android.provider.Settings.Global to android.provider.Settings.Secure, returning read-only value.
10-16 19:58:50.924: I/InputReader(1690): Reconfiguring input devices.  changes=0x00000010
10-16 19:58:50.949: W/InputMethodInfo(1690): Duplicated subtype definition found: , voice
10-16 19:58:50.955: D/BackupManagerService(1690): Received broadcast Intent { act=android.intent.action.PACKAGE_ADDED dat=package:com.google.android.apps.mtaas.testloop flg=0x4000010 (has extras) }
10-16 19:58:50.959: I/UpdateIcingCorporaServi(2122): Updating corpora: APPS=com.google.android.apps.mtaas.testloop, CONTACTS=MAYBE
10-16 19:58:50.962: I/art(1690): Explicit concurrent mark sweep GC freed 20372(1473KB) AllocSpace objects, 7(112KB) LOS objects, 33% free, 16MB/25MB, paused 918us total 40.446ms
10-16 19:58:50.964: I/art(5014): System.exit called, status: 0
10-16 19:58:50.964: I/AndroidRuntime(5014): VM exiting with result code 0.
10-16 19:58:50.983: I/Icing(2170): IndexChimeraService.getServiceInterface callingPackage=com.google.android.googlequicksearchbox componentName=null serviceId=21
10-16 19:58:50.989: I/FontsPackageChangeOp(2170): Package com.google.android.apps.mtaas.testloop has no metadata
10-16 19:58:50.990: I/ApplicationLogger(2122): canRun() : Opted Out
10-16 19:58:50.990: I/UpdateIcingCorporaServi(2122): UpdateCorporaTask done [took 31 ms] updated apps [took 31 ms] 
10-16 19:58:50.991: D/Wear_Controller(2170): Received broadcast action=android.intent.action.PACKAGE_ADDED and uri=com.google.android.apps.mtaas.testloop
10-16 19:58:50.995: I/Icing(2170): Usage reports 0 indexed 0 rejected 0 imm upload true
10-16 19:58:50.995: I/Icing(2170): IndexChimeraService.getServiceInterface callingPackage=com.google.android.gms componentName=AppsCorpus serviceId=36
10-16 19:58:50.995: I/Icing(2170): IndexChimeraService.getServiceInterface callingPackage=com.google.android.gms componentName=AppsCorpus serviceId=32
10-16 19:58:50.999: I/Icing(2170): Usage reports 0 indexed 0 rejected 0 imm upload false
10-16 19:58:51.002: I/Icing(2170): Usage reports 0 indexed 0 rejected 0 imm upload false
10-16 19:58:51.015: W/ResourceType(2065): No package identifier when getting value for resource number 0x00000000
10-16 19:58:51.016: W/ResourceType(2065): No package identifier when getting value for resource number 0x00000000
10-16 19:58:51.016: W/PackageManager(2065): Failure retrieving resources for com.google.android.apps.mtaas.testloop: Resource ID #0x0
10-16 19:58:51.016: W/ResourceType(2065): No package identifier when getting value for resource number 0x00000000
10-16 19:58:51.016: W/PackageManager(2065): Failure retrieving resources for com.google.android.apps.mtaas.testloop: Resource ID #0x0
10-16 19:58:51.023: D/Launcher.Workspace(2065): 11683562 - removeExtraEmptyScreen()
10-16 19:58:51.023: D/Launcher.Workspace(2065): 11683562 - convertFinalScreenToEmptyScreenIfNecessary()
10-16 19:58:51.397: D/AndroidRuntime(5053): >>>>>> START com.android.internal.os.RuntimeInit uid 0 <<<<<<
10-16 19:58:51.398: D/AndroidRuntime(5053): CheckJNI is OFF
10-16 19:58:51.414: E/memtrack(5053): Couldn't load memtrack module (No such file or directory)
10-16 19:58:51.414: E/android.os.Debug(5053): failed to load memtrack module: -2
10-16 19:58:51.422: D/AndroidRuntime(5053): Calling main entry com.android.commands.pm.Pm
10-16 19:58:51.425: D/DefContainer(4678): Copying /data/local/tmp/android.support.test.orchestrator.apk to base.apk
10-16 19:58:51.432: D/PackageManager(1690): Renaming /data/app/vmdl484615858.tmp to /data/app/android.support.test.orchestrator-1
10-16 19:58:51.435: I/PackageManager(1690): Running dexopt on: /data/app/android.support.test.orchestrator-1/base.apk pkg=android.support.test.orchestrator isa=x86 vmSafeMode=false
10-16 19:58:51.442: E/cutils-trace(5063): Error opening trace file: Permission denied (13)
10-16 19:58:51.442: I/dex2oat(5063): /system/bin/dex2oat --zip-fd=6 --zip-location=/data/app/android.support.test.orchestrator-1/base.apk --oat-fd=7 --oat-location=/data/dalvik-cache/x86/data@app@android.support.test.orchestrator-1@base.apk@classes.dex --instruction-set=x86 --instruction-set-features=default --runtime-arg -Xms64m --runtime-arg -Xmx512m --swap-fd=8
10-16 19:58:51.449: I/dex2oat(5063): Decided to run without swap.
10-16 19:58:51.521: I/dex2oat(5063): dex2oat took 78.661ms (threads: 2) arena alloc=42KB java alloc=258KB native alloc=1499KB free=6MB
10-16 19:58:51.533: V/BackupManagerService(1690): restoreAtInstall pkg=android.support.test.orchestrator token=6 restoreSet=0
10-16 19:58:51.533: V/BackupManagerService(1690): Finishing install immediately
10-16 19:58:51.539: D/BackupManagerService(1690): Received broadcast Intent { act=android.intent.action.PACKAGE_ADDED dat=package:android.support.test.orchestrator flg=0x4000010 (has extras) }
10-16 19:58:51.539: W/InputMethodInfo(1690): Duplicated subtype definition found: , voice
10-16 19:58:51.541: I/InputReader(1690): Reconfiguring input devices.  changes=0x00000010
10-16 19:58:51.542: W/Settings(1690): Setting install_non_market_apps has moved from android.provider.Settings.Global to android.provider.Settings.Secure, returning read-only value.
10-16 19:58:51.553: I/UpdateIcingCorporaServi(2122): Updating corpora: APPS=android.support.test.orchestrator, CONTACTS=MAYBE
10-16 19:58:51.568: I/ApplicationLogger(2122): canRun() : Opted Out
10-16 19:58:51.568: I/UpdateIcingCorporaServi(2122): UpdateCorporaTask done [took 14 ms] updated apps [took 14 ms] 
10-16 19:58:51.573: W/ResourcesManager(2065): Asset path '/system/framework/com.google.android.maps.jar' does not exist or contains no resources.
10-16 19:58:51.600: I/FontsPackageChangeOp(2170): Package android.support.test.orchestrator has no metadata
10-16 19:58:51.602: D/Wear_Controller(2170): Received broadcast action=android.intent.action.PACKAGE_ADDED and uri=android.support.test.orchestrator
10-16 19:58:51.637: I/Icing(2170): IndexChimeraService.getServiceInterface callingPackage=com.google.android.gms componentName=AppsCorpus serviceId=36
10-16 19:58:51.637: I/Icing(2170): IndexChimeraService.getServiceInterface callingPackage=com.google.android.gms componentName=AppsCorpus serviceId=32
10-16 19:58:51.663: I/art(1690): Explicit concurrent mark sweep GC freed 21337(1580KB) AllocSpace objects, 11(176KB) LOS objects, 33% free, 16MB/25MB, paused 512us total 78.880ms
10-16 19:58:51.664: I/Icing(2170): Usage reports 0 indexed 0 rejected 0 imm upload false
10-16 19:58:51.673: I/art(5053): System.exit called, status: 0
10-16 19:58:51.674: I/AndroidRuntime(5053): VM exiting with result code 0.
10-16 19:58:51.681: I/Icing(2170): Usage reports 0 indexed 0 rejected 0 imm upload false
10-16 19:58:51.884: I/Remoter(1326): Saved screenshot to '/data/screenshots/__pmv__-0062.jpg'
10-16 19:58:51.949: I/CAR.SERVICE(4778): Skip, no clients bound.
10-16 19:58:51.947: I/scp(5085): type=1400 audit(0.0:89): avc: denied { create } for name="android.support.test.services.apk" scontext=u:r:init_shell:s0 tcontext=u:object_r:shell_data_file:s0 tclass=file permissive=1
10-16 19:58:51.989: I/Icing(2170): Indexing 78809412366E3FB9E25492F12C0E3355617CA57E from com.google.android.googlequicksearchbox
10-16 19:58:51.947: I/scp(5085): type=1400 audit(0.0:90): avc: denied { write open } for path="/data/local/tmp/android.support.test.services.apk" dev="loop6" ino=65583 scontext=u:r:init_shell:s0 tcontext=u:object_r:shell_data_file:s0 tclass=file permissive=1
10-16 19:58:51.947: I/scp(5085): type=1400 audit(0.0:91): avc: denied { getattr } for path="/data/local/tmp/android.support.test.services.apk" dev="loop6" ino=65583 scontext=u:r:init_shell:s0 tcontext=u:object_r:shell_data_file:s0 tclass=file permissive=1
10-16 19:58:52.033: I/Icing(2170): Indexing done 78809412366E3FB9E25492F12C0E3355617CA57E
10-16 19:58:52.034: I/Icing(2170): Indexing 5233BB6556150606E6EA2800A20D5D691B1774CC from com.google.android.gms
10-16 19:58:52.038: I/Icing(2170): Indexing done 5233BB6556150606E6EA2800A20D5D691B1774CC
10-16 19:58:52.216: D/AndroidRuntime(5093): >>>>>> START com.android.internal.os.RuntimeInit uid 0 <<<<<<
10-16 19:58:52.217: D/AndroidRuntime(5093): CheckJNI is OFF
10-16 19:58:52.231: E/memtrack(5093): Couldn't load memtrack module (No such file or directory)
10-16 19:58:52.231: E/android.os.Debug(5093): failed to load memtrack module: -2
10-16 19:58:52.240: D/AndroidRuntime(5093): Calling main entry com.android.commands.pm.Pm
10-16 19:58:52.245: D/DefContainer(4678): Copying /data/local/tmp/android.support.test.services.apk to base.apk
10-16 19:58:52.285: D/PackageManager(1690): Renaming /data/app/vmdl1530411384.tmp to /data/app/android.support.test.services-1
10-16 19:58:52.288: I/PackageManager(1690): Running dexopt on: /data/app/android.support.test.services-1/base.apk pkg=android.support.test.services isa=x86 vmSafeMode=false
10-16 19:58:52.297: E/cutils-trace(5103): Error opening trace file: Permission denied (13)
10-16 19:58:52.297: I/dex2oat(5103): /system/bin/dex2oat --zip-fd=6 --zip-location=/data/app/android.support.test.services-1/base.apk --oat-fd=7 --oat-location=/data/dalvik-cache/x86/data@app@android.support.test.services-1@base.apk@classes.dex --instruction-set=x86 --instruction-set-features=default --runtime-arg -Xms64m --runtime-arg -Xmx512m --swap-fd=8
10-16 19:58:52.310: I/dex2oat(5103): Decided to run without swap.
10-16 19:58:52.312: W/dex2oat(5103): Before Android 4.1, method android.graphics.PorterDuffColorFilter android.support.graphics.drawable.VectorDrawableCompat.updateTintFilter(android.graphics.PorterDuffColorFilter, android.content.res.ColorStateList, android.graphics.PorterDuff$Mode) would have incorrectly overridden the package-private method in android.graphics.drawable.Drawable
10-16 19:58:52.549: I/dex2oat(5103): dex2oat took 251.818ms (threads: 2) arena alloc=167KB java alloc=1076KB native alloc=2MB free=5MB
10-16 19:58:52.560: V/BackupManagerService(1690): restoreAtInstall pkg=android.support.test.services token=7 restoreSet=0
10-16 19:58:52.560: V/BackupManagerService(1690): Finishing install immediately
10-16 19:58:52.564: W/Settings(1690): Setting install_non_market_apps has moved from android.provider.Settings.Global to android.provider.Settings.Secure, returning read-only value.
10-16 19:58:52.566: W/InputMethodInfo(1690): Duplicated subtype definition found: , voice
10-16 19:58:52.567: I/InputReader(1690): Reconfiguring input devices.  changes=0x00000010
10-16 19:58:52.592: D/BackupManagerService(1690): Received broadcast Intent { act=android.intent.action.PACKAGE_ADDED dat=package:android.support.test.services flg=0x4000010 (has extras) }
10-16 19:58:52.593: I/UpdateIcingCorporaServi(2122): Updating corpora: APPS=android.support.test.services, CONTACTS=MAYBE
10-16 19:58:52.598: I/ApplicationLogger(2122): canRun() : Opted Out
10-16 19:58:52.598: I/UpdateIcingCorporaServi(2122): UpdateCorporaTask done [took 5 ms] updated apps [took 5 ms] 
10-16 19:58:52.615: I/FontsPackageChangeOp(2170): Package android.support.test.services has no metadata
10-16 19:58:52.618: D/Wear_Controller(2170): Received broadcast action=android.intent.action.PACKAGE_ADDED and uri=android.support.test.services
10-16 19:58:52.624: I/Icing(2170): IndexChimeraService.getServiceInterface callingPackage=com.google.android.gms componentName=AppsCorpus serviceId=32
10-16 19:58:52.624: I/Icing(2170): IndexChimeraService.getServiceInterface callingPackage=com.google.android.gms componentName=AppsCorpus serviceId=36
10-16 19:58:52.629: I/Icing(2170): Usage reports 0 indexed 0 rejected 0 imm upload false
10-16 19:58:52.631: I/Icing(2170): Usage reports 0 indexed 0 rejected 0 imm upload false
10-16 19:58:52.638: I/art(1690): Explicit concurrent mark sweep GC freed 67198(3MB) AllocSpace objects, 27(836KB) LOS objects, 33% free, 16MB/25MB, paused 496us total 67.506ms
10-16 19:58:52.639: I/art(5093): System.exit called, status: 0
10-16 19:58:52.639: I/AndroidRuntime(5093): VM exiting with result code 0.
10-16 19:58:52.682: I/Icing(2170): Indexing 5233BB6556150606E6EA2800A20D5D691B1774CC from com.google.android.gms
10-16 19:58:52.683: I/Icing(2170): Indexing done 5233BB6556150606E6EA2800A20D5D691B1774CC
10-16 19:58:52.887: I/scp(5124): type=1400 audit(0.0:92): avc: denied { write } for name="tmp" dev="loop6" ino=65538 scontext=u:r:init_shell:s0 tcontext=u:object_r:shell_data_file:s0 tclass=dir permissive=1
10-16 19:58:52.887: I/scp(5124): type=1400 audit(0.0:93): avc: denied { add_name } for name="com.google.android.apps.mtaas.stubapp.apk" scontext=u:r:init_shell:s0 tcontext=u:object_r:shell_data_file:s0 tclass=dir permissive=1
10-16 19:58:53.044: I/Remoter(1326): Saved screenshot to '/data/screenshots/__pmv__-0063.jpg'
10-16 19:58:53.131: D/AndroidRuntime(5132): >>>>>> START com.android.internal.os.RuntimeInit uid 0 <<<<<<
10-16 19:58:53.132: D/AndroidRuntime(5132): CheckJNI is OFF
10-16 19:58:53.149: E/memtrack(5132): Couldn't load memtrack module (No such file or directory)
10-16 19:58:53.149: E/android.os.Debug(5132): failed to load memtrack module: -2
10-16 19:58:53.157: D/AndroidRuntime(5132): Calling main entry com.android.commands.pm.Pm
10-16 19:58:53.161: D/DefContainer(4678): Copying /data/local/tmp/com.google.android.apps.mtaas.stubapp.apk to base.apk
10-16 19:58:53.162: I/PackageParser(1690): com.google.android.apps.mtaas.stubapp: compat added android.permission.WRITE_EXTERNAL_STORAGE android.permission.READ_PHONE_STATE
10-16 19:58:53.165: D/PackageManager(1690): Renaming /data/app/vmdl1735098823.tmp to /data/app/com.google.android.apps.mtaas.stubapp-1
10-16 19:58:53.167: I/PackageManager(1690): Running dexopt on: /data/app/com.google.android.apps.mtaas.stubapp-1/base.apk pkg=com.google.android.apps.mtaas.stubapp isa=x86 vmSafeMode=false
10-16 19:58:53.174: E/cutils-trace(5142): Error opening trace file: Permission denied (13)
10-16 19:58:53.174: I/dex2oat(5142): /system/bin/dex2oat --zip-fd=6 --zip-location=/data/app/com.google.android.apps.mtaas.stubapp-1/base.apk --oat-fd=7 --oat-location=/data/dalvik-cache/x86/data@app@com.google.android.apps.mtaas.stubapp-1@base.apk@classes.dex --instruction-set=x86 --instruction-set-features=default --runtime-arg -Xms64m --runtime-arg -Xmx512m --swap-fd=8
10-16 19:58:53.176: I/dex2oat(5142): Decided to run without swap.
10-16 19:58:53.178: I/dex2oat(5142): dex2oat took 3.457ms (threads: 2) arena alloc=23KB java alloc=1576B native alloc=495KB free=7MB
10-16 19:58:53.188: V/BackupManagerService(1690): restoreAtInstall pkg=com.google.android.apps.mtaas.stubapp token=8 restoreSet=0
10-16 19:58:53.188: V/BackupManagerService(1690): Finishing install immediately
10-16 19:58:53.188: W/Settings(1690): Setting install_non_market_apps has moved from android.provider.Settings.Global to android.provider.Settings.Secure, returning read-only value.
10-16 19:58:53.190: I/InputReader(1690): Reconfiguring input devices.  changes=0x00000010
10-16 19:58:53.195: W/InputMethodInfo(1690): Duplicated subtype definition found: , voice
10-16 19:58:53.202: D/BackupManagerService(1690): Received broadcast Intent { act=android.intent.action.PACKAGE_ADDED dat=package:com.google.android.apps.mtaas.stubapp flg=0x4000010 (has extras) }
10-16 19:58:53.211: I/UpdateIcingCorporaServi(2122): Updating corpora: APPS=com.google.android.apps.mtaas.stubapp, CONTACTS=MAYBE
10-16 19:58:53.216: I/ApplicationLogger(2122): canRun() : Opted Out
10-16 19:58:53.216: I/UpdateIcingCorporaServi(2122): UpdateCorporaTask done [took 5 ms] updated apps [took 5 ms] 
10-16 19:58:53.230: I/FontsPackageChangeOp(2170): Package com.google.android.apps.mtaas.stubapp has no metadata
10-16 19:58:53.235: D/Wear_Controller(2170): Received broadcast action=android.intent.action.PACKAGE_ADDED and uri=com.google.android.apps.mtaas.stubapp
10-16 19:58:53.245: I/Icing(2170): IndexChimeraService.getServiceInterface callingPackage=com.google.android.gms componentName=AppsCorpus serviceId=36
10-16 19:58:53.245: I/Icing(2170): IndexChimeraService.getServiceInterface callingPackage=com.google.android.gms componentName=AppsCorpus serviceId=32
10-16 19:58:53.258: I/art(1690): Explicit concurrent mark sweep GC freed 21895(1512KB) AllocSpace objects, 11(176KB) LOS objects, 33% free, 16MB/25MB, paused 582us total 62.268ms
10-16 19:58:53.258: I/art(5132): System.exit called, status: 0
10-16 19:58:53.258: I/AndroidRuntime(5132): VM exiting with result code 0.
10-16 19:58:53.284: I/art(2170): Explicit concurrent mark sweep GC freed 59417(2MB) AllocSpace objects, 19(304KB) LOS objects, 22% free, 27MB/35MB, paused 164us total 33.122ms
10-16 19:58:53.289: I/Icing(2170): Usage reports 0 indexed 0 rejected 0 imm upload false
10-16 19:58:53.290: I/Icing(2170): Usage reports 0 indexed 0 rejected 0 imm upload false
10-16 19:58:53.361: D/AndroidRuntime(5156): >>>>>> START com.android.internal.os.RuntimeInit uid 0 <<<<<<
10-16 19:58:53.362: D/AndroidRuntime(5156): CheckJNI is OFF
10-16 19:58:53.378: E/memtrack(5156): Couldn't load memtrack module (No such file or directory)
10-16 19:58:53.378: E/android.os.Debug(5156): failed to load memtrack module: -2
10-16 19:58:53.386: D/AndroidRuntime(5156): Calling main entry com.android.commands.input.Input
10-16 19:58:53.387: I/Input(5156): injectKeyEvent: KeyEvent { action=ACTION_DOWN, keyCode=KEYCODE_MENU, scanCode=0, metaState=0, flags=0x0, repeatCount=0, eventTime=56980663, downTime=56980663, deviceId=-1, source=0x101 }
10-16 19:58:53.388: I/Input(5156): injectKeyEvent: KeyEvent { action=ACTION_UP, keyCode=KEYCODE_MENU, scanCode=0, metaState=0, flags=0x0, repeatCount=0, eventTime=56980663, downTime=56980663, deviceId=-1, source=0x101 }
10-16 19:58:53.390: D/AndroidRuntime(5156): Shutting down VM
10-16 19:58:53.413: W/AudioTrack(1779): AUDIO_OUTPUT_FLAG_FAST denied by client
10-16 19:58:53.422: D/PhoneStatusBar(1779): disable: < expand ICONS alerts SYSTEM_INFO back HOME RECENT clock SEARCH >
10-16 19:58:53.447: D/PhoneStatusBar(1779): disable: < expand icons* alerts system_info* back HOME RECENT clock SEARCH >
10-16 19:58:53.487: I/Authzen(2170): [DeviceStateSyncManager] Device state fast sync is disabled
10-16 19:58:53.537: I/CastDatabase(2170): Opening the database
10-16 19:58:53.542: I/SQLiteCastStore(2170): 0 CastNetworkInfo instances loaded, 0 CastDeviceInfo instances loaded, 0 paired guest mode devices loaded.
10-16 19:58:53.692: I/Icing(2170): Indexing 5233BB6556150606E6EA2800A20D5D691B1774CC from com.google.android.gms
10-16 19:58:53.692: I/Icing(2170): Indexing done 5233BB6556150606E6EA2800A20D5D691B1774CC
10-16 19:58:53.874: W/art(1690): Long monitor contention event with owner method=void com.android.server.wm.WindowAnimator$1.run() from WindowAnimator.java:124 waiters=0 for 160ms
10-16 19:58:54.006: D/AndroidRuntime(5174): >>>>>> START com.android.internal.os.RuntimeInit uid 0 <<<<<<
10-16 19:58:54.006: D/AndroidRuntime(5174): CheckJNI is OFF
10-16 19:58:54.032: E/memtrack(5174): Couldn't load memtrack module (No such file or directory)
10-16 19:58:54.032: E/android.os.Debug(5174): failed to load memtrack module: -2
10-16 19:58:54.036: I/art(2188): Explicit concurrent mark sweep GC freed 2193(98KB) AllocSpace objects, 0(0B) LOS objects, 24% free, 8MB/10MB, paused 106us total 7.132ms
10-16 19:58:54.074: I/CastSocket(2170): 22 >= 18. Adding new CastClientAuthKeyManager.
10-16 19:58:54.099: I/DiscoveryManager(2170): WifiGuestModeDeviceScanner enabled.
10-16 19:58:54.126: D/AndroidRuntime(5174): Calling main entry com.android.commands.pm.Pm
10-16 19:58:54.167: I/art(5174): System.exit called, status: 0
10-16 19:58:54.167: I/AndroidRuntime(5174): VM exiting with result code 0.
10-16 19:58:54.184: I/MediaRouter(2170): Found default route: MediaRouter.RouteInfo{ uniqueId=android/abu:DEFAULT_ROUTE, name=Phone, description=null, iconUri=null, enabled=true, connecting=false, connectionState=0, canDisconnect=false, playbackType=0, playbackStream=3, deviceType=0, volumeHandling=1, volume=11, volumeMax=15, presentationDisplayId=-1, extras=null, settingsIntent=null, providerPackageName=android }
10-16 19:58:54.304: I/Icing(2170): Indexing 5233BB6556150606E6EA2800A20D5D691B1774CC from com.google.android.gms
10-16 19:58:54.304: I/Icing(2170): Indexing done 5233BB6556150606E6EA2800A20D5D691B1774CC
10-16 19:58:54.373: I/Icing(2170): IndexChimeraService.getServiceInterface callingPackage=com.google.android.inputmethod.latin componentName=null serviceId=21
10-16 19:58:54.399: I/Remoter(1326): Saved screenshot to '/data/screenshots/__pmv__-0064.jpg'
10-16 19:58:54.446: D/AndroidRuntime(5189): >>>>>> START com.android.internal.os.RuntimeInit uid 0 <<<<<<
10-16 19:58:54.447: D/AndroidRuntime(5189): CheckJNI is OFF
10-16 19:58:54.475: I/art(2170): Explicit concurrent mark sweep GC freed 14369(1024KB) AllocSpace objects, 0(0B) LOS objects, 22% free, 27MB/35MB, paused 288us total 81.296ms
10-16 19:58:54.489: E/memtrack(5189): Couldn't load memtrack module (No such file or directory)
10-16 19:58:54.489: E/android.os.Debug(5189): failed to load memtrack module: -2
10-16 19:58:54.498: I/Icing(2170): Usage reports 0 indexed 0 rejected 0 imm upload false
10-16 19:58:54.509: D/AndroidRuntime(5189): Calling main entry com.android.commands.am.Am
10-16 19:58:54.511: I/ActivityManager(1690): Force stopping com.google.android.apps.mtaas.tools appid=10079 user=0: start instr
10-16 19:58:54.675: I/ActivityManager(1690): Start proc 5199:com.google.android.apps.mtaas.tools/u0a79 for added application com.google.android.apps.mtaas.tools
10-16 19:58:54.781: I/ActivityManager(1690): Config changes=2004 {1.0 310mcc260mnc es ldltr sw800dp w800dp h1207dp 320dpi xlrg port finger qwerty/v/v -nav/h s.6}
