10-16 19:58:59.221: W/Atlas(5403): Pointer 0x0, not in getPreloadedDrawables?
10-16 19:58:59.221: W/Atlas(5403): Pointer 0x0, not in getPreloadedDrawables?
10-16 19:58:59.221: W/Atlas(5403): Pointer 0x0, not in getPreloadedDrawables?
10-16 19:58:59.221: W/Atlas(5403): Pointer 0x0, not in getPreloadedDrawables?
10-16 19:58:59.221: W/Atlas(5403): Pointer 0x0, not in getPreloadedDrawables?
10-16 19:58:59.221: W/Atlas(5403): Pointer 0x0, not in getPreloadedDrawables?
10-16 19:58:59.221: W/Atlas(5403): Pointer 0x0, not in getPreloadedDrawables?
10-16 19:58:59.221: W/Atlas(5403): Pointer 0x0, not in getPreloadedDrawables?
10-16 19:58:59.221: W/Atlas(5403): Pointer 0x0, not in getPreloadedDrawables?
10-16 19:58:59.221: W/Atlas(5403): Pointer 0x0, not in getPreloadedDrawables?
10-16 19:58:59.221: W/Atlas(5403): Pointer 0x0, not in getPreloadedDrawables?
10-16 19:58:59.221: W/Atlas(5403): Pointer 0x0, not in getPreloadedDrawables?
10-16 19:58:59.221: W/Atlas(5403): Pointer 0x0, not in getPreloadedDrawables?
10-16 19:58:59.221: W/Atlas(5403): Pointer 0x0, not in getPreloadedDrawables?
10-16 19:58:59.221: W/Atlas(5403): Pointer 0x0, not in getPreloadedDrawables?
10-16 19:58:59.221: W/Atlas(5403): Pointer 0x0, not in getPreloadedDrawables?
10-16 19:58:59.221: W/Atlas(5403): Pointer 0x0, not in getPreloadedDrawables?
10-16 19:58:59.221: W/Atlas(5403): Pointer 0x0, not in getPreloadedDrawables?
10-16 19:58:59.221: W/Atlas(5403): Pointer 0x0, not in getPreloadedDrawables?
10-16 19:58:59.221: W/Atlas(5403): Pointer 0x0, not in getPreloadedDrawables?
10-16 19:58:59.221: W/Atlas(5403): Pointer 0x0, not in getPreloadedDrawables?
10-16 19:58:59.221: W/Atlas(5403): Pointer 0x0, not in getPreloadedDrawables?
10-16 19:58:59.221: W/Atlas(5403): Pointer 0x0, not in getPreloadedDrawables?
10-16 19:58:59.221: W/Atlas(5403): Pointer 0x0, not in getPreloadedDrawables?
10-16 19:58:59.221: W/Atlas(5403): Pointer 0x0, not in getPreloadedDrawables?
10-16 19:58:59.221: W/Atlas(5403): Pointer 0x0, not in getPreloadedDrawables?
10-16 19:58:59.221: W/Atlas(5403): Pointer 0x0, not in getPreloadedDrawables?
10-16 19:58:59.221: W/Atlas(5403): Pointer 0x0, not in getPreloadedDrawables?
10-16 19:58:59.221: W/Atlas(5403): Pointer 0x0, not in getPreloadedDrawables?
10-16 19:58:59.221: W/Atlas(5403): Pointer 0x0, not in getPreloadedDrawables?
10-16 19:58:59.221: W/Atlas(5403): Pointer 0x0, not in getPreloadedDrawables?
10-16 19:58:59.221: W/Atlas(5403): Pointer 0x0, not in getPreloadedDrawables?
10-16 19:58:59.221: W/Atlas(5403): Pointer 0x0, not in getPreloadedDrawables?
10-16 19:58:59.221: W/Atlas(5403): Pointer 0x0, not in getPreloadedDrawables?
10-16 19:58:59.221: W/Atlas(5403): Pointer 0x0, not in getPreloadedDrawables?
10-16 19:58:59.221: W/Atlas(5403): Pointer 0x0, not in getPreloadedDrawables?
10-16 19:58:59.221: W/Atlas(5403): Pointer 0x0, not in getPreloadedDrawables?
10-16 19:58:59.221: W/Atlas(5403): Pointer 0x0, not in getPreloadedDrawables?
10-16 19:58:59.221: W/Atlas(5403): Pointer 0x0, not in getPreloadedDrawables?
10-16 19:58:59.221: W/Atlas(5403): Pointer 0x0, not in getPreloadedDrawables?
10-16 19:58:59.221: W/Atlas(5403): Pointer 0x0, not in getPreloadedDrawables?
10-16 19:58:59.221: W/Atlas(5403): Pointer 0x0, not in getPreloadedDrawables?
10-16 19:58:59.221: W/Atlas(5403): Pointer 0x0, not in getPreloadedDrawables?
10-16 19:58:59.221: W/Atlas(5403): Pointer 0x0, not in getPreloadedDrawables?
10-16 19:58:59.221: W/Atlas(5403): Pointer 0x0, not in getPreloadedDrawables?
10-16 19:58:59.221: W/Atlas(5403): Pointer 0x0, not in getPreloadedDrawables?
10-16 19:58:59.221: W/Atlas(5403): Pointer 0x0, not in getPreloadedDrawables?
10-16 19:58:59.221: W/Atlas(5403): Pointer 0x0, not in getPreloadedDrawables?
10-16 19:58:59.221: W/Atlas(5403): Pointer 0x0, not in getPreloadedDrawables?
10-16 19:58:59.221: W/Atlas(5403): Pointer 0x0, not in getPreloadedDrawables?
10-16 19:58:59.221: W/Atlas(5403): Pointer 0x0, not in getPreloadedDrawables?
10-16 19:58:59.221: W/Atlas(5403): Pointer 0x0, not in getPreloadedDrawables?
10-16 19:58:59.221: W/Atlas(5403): Pointer 0x0, not in getPreloadedDrawables?
10-16 19:58:59.221: W/Atlas(5403): Pointer 0x0, not in getPreloadedDrawables?
10-16 19:58:59.221: W/Atlas(5403): Pointer 0x0, not in getPreloadedDrawables?
10-16 19:58:59.221: W/Atlas(5403): Pointer 0x0, not in getPreloadedDrawables?
10-16 19:58:59.221: W/Atlas(5403): Pointer 0x0, not in getPreloadedDrawables?
10-16 19:58:59.221: W/Atlas(5403): Pointer 0x0, not in getPreloadedDrawables?
10-16 19:58:59.221: W/Atlas(5403): Pointer 0x0, not in getPreloadedDrawables?
10-16 19:58:59.221: W/Atlas(5403): Pointer 0x0, not in getPreloadedDrawables?
10-16 19:58:59.221: W/Atlas(5403): Pointer 0x0, not in getPreloadedDrawables?
10-16 19:58:59.221: W/Atlas(5403): Pointer 0x0, not in getPreloadedDrawables?
10-16 19:58:59.221: W/Atlas(5403): Pointer 0x0, not in getPreloadedDrawables?
10-16 19:58:59.221: W/Atlas(5403): Pointer 0x0, not in getPreloadedDrawables?
10-16 19:58:59.221: W/Atlas(5403): Pointer 0x0, not in getPreloadedDrawables?
10-16 19:58:59.221: W/Atlas(5403): Pointer 0x0, not in getPreloadedDrawables?
10-16 19:58:59.221: W/Atlas(5403): Pointer 0x0, not in getPreloadedDrawables?
10-16 19:58:59.221: W/Atlas(5403): Pointer 0x0, not in getPreloadedDrawables?
10-16 19:58:59.221: W/Atlas(5403): Pointer 0x0, not in getPreloadedDrawables?
10-16 19:58:59.221: W/Atlas(5403): Pointer 0x0, not in getPreloadedDrawables?
10-16 19:58:59.221: W/Atlas(5403): Pointer 0x0, not in getPreloadedDrawables?
10-16 19:58:59.221: W/Atlas(5403): Pointer 0x0, not in getPreloadedDrawables?
10-16 19:58:59.221: W/Atlas(5403): Pointer 0x0, not in getPreloadedDrawables?
10-16 19:58:59.221: W/Atlas(5403): Pointer 0x0, not in getPreloadedDrawables?
10-16 19:58:59.221: W/Atlas(5403): Pointer 0x0, not in getPreloadedDrawables?
10-16 19:58:59.221: W/Atlas(5403): Pointer 0x0, not in getPreloadedDrawables?
10-16 19:58:59.221: W/Atlas(5403): Pointer 0x0, not in getPreloadedDrawables?
10-16 19:58:59.221: W/Atlas(5403): Pointer 0x0, not in getPreloadedDrawables?
10-16 19:58:59.221: W/Atlas(5403): Pointer 0x0, not in getPreloadedDrawables?
10-16 19:58:59.221: W/Atlas(5403): Pointer 0x0, not in getPreloadedDrawables?
10-16 19:58:59.221: W/Atlas(5403): Pointer 0x0, not in getPreloadedDrawables?
10-16 19:58:59.221: W/Atlas(5403): Pointer 0x0, not in getPreloadedDrawables?
10-16 19:58:59.221: W/Atlas(5403): Pointer 0x0, not in getPreloadedDrawables?
10-16 19:58:59.221: W/Atlas(5403): Pointer 0x0, not in getPreloadedDrawables?
10-16 19:58:59.221: W/Atlas(5403): Pointer 0x0, not in getPreloadedDrawables?
10-16 19:58:59.221: W/Atlas(5403): Pointer 0x0, not in getPreloadedDrawables?
10-16 19:58:59.221: W/Atlas(5403): Pointer 0x0, not in getPreloadedDrawables?
10-16 19:58:59.221: W/Atlas(5403): Pointer 0x0, not in getPreloadedDrawables?
10-16 19:58:59.221: W/Atlas(5403): Pointer 0x0, not in getPreloadedDrawables?
10-16 19:58:59.221: W/Atlas(5403): Pointer 0x0, not in getPreloadedDrawables?
10-16 19:58:59.221: W/Atlas(5403): Pointer 0x0, not in getPreloadedDrawables?
10-16 19:58:59.221: W/Atlas(5403): Pointer 0x0, not in getPreloadedDrawables?
10-16 19:58:59.221: W/Atlas(5403): Pointer 0x0, not in getPreloadedDrawables?
10-16 19:58:59.221: W/Atlas(5403): Pointer 0x0, not in getPreloadedDrawables?
10-16 19:58:59.221: W/Atlas(5403): Pointer 0x0, not in getPreloadedDrawables?
10-16 19:58:59.221: W/Atlas(5403): Pointer 0x0, not in getPreloadedDrawables?
10-16 19:58:59.221: W/Atlas(5403): Pointer 0x0, not in getPreloadedDrawables?
10-16 19:58:59.221: W/Atlas(5403): Pointer 0x0, not in getPreloadedDrawables?
10-16 19:58:59.221: W/Atlas(5403): Pointer 0x0, not in getPreloadedDrawables?
10-16 19:58:59.221: W/Atlas(5403): Pointer 0x0, not in getPreloadedDrawables?
10-16 19:58:59.221: W/Atlas(5403): Pointer 0x0, not in getPreloadedDrawables?
10-16 19:58:59.221: W/Atlas(5403): Pointer 0x0, not in getPreloadedDrawables?
10-16 19:58:59.221: W/Atlas(5403): Pointer 0x0, not in getPreloadedDrawables?
10-16 19:58:59.221: W/Atlas(5403): Pointer 0x0, not in getPreloadedDrawables?
10-16 19:58:59.221: W/Atlas(5403): Pointer 0x0, not in getPreloadedDrawables?
10-16 19:58:59.221: W/Atlas(5403): Pointer 0x0, not in getPreloadedDrawables?
10-16 19:58:59.222: W/Atlas(5403): Pointer 0x0, not in getPreloadedDrawables?
10-16 19:58:59.222: W/Atlas(5403): Pointer 0x0, not in getPreloadedDrawables?
10-16 19:58:59.222: W/Atlas(5403): Pointer 0x0, not in getPreloadedDrawables?
10-16 19:58:59.222: W/Atlas(5403): Pointer 0x0, not in getPreloadedDrawables?
10-16 19:58:59.222: W/Atlas(5403): Pointer 0x0, not in getPreloadedDrawables?
10-16 19:58:59.222: W/Atlas(5403): Pointer 0x0, not in getPreloadedDrawables?
10-16 19:58:59.222: W/Atlas(5403): Pointer 0x0, not in getPreloadedDrawables?
10-16 19:58:59.222: W/Atlas(5403): Pointer 0x0, not in getPreloadedDrawables?
10-16 19:58:59.222: W/Atlas(5403): Pointer 0x0, not in getPreloadedDrawables?
10-16 19:58:59.222: W/Atlas(5403): Pointer 0x0, not in getPreloadedDrawables?
10-16 19:58:59.222: W/Atlas(5403): Pointer 0x0, not in getPreloadedDrawables?
10-16 19:58:59.222: W/Atlas(5403): Pointer 0x0, not in getPreloadedDrawables?
10-16 19:58:59.222: W/Atlas(5403): Pointer 0x0, not in getPreloadedDrawables?
10-16 19:58:59.222: W/Atlas(5403): Pointer 0x0, not in getPreloadedDrawables?
10-16 19:58:59.222: W/Atlas(5403): Pointer 0x0, not in getPreloadedDrawables?
10-16 19:58:59.222: W/Atlas(5403): Pointer 0x0, not in getPreloadedDrawables?
10-16 19:58:59.222: W/Atlas(5403): Pointer 0x0, not in getPreloadedDrawables?
10-16 19:58:59.222: W/Atlas(5403): Pointer 0x0, not in getPreloadedDrawables?
10-16 19:58:59.222: W/Atlas(5403): Pointer 0x0, not in getPreloadedDrawables?
10-16 19:58:59.222: W/Atlas(5403): Pointer 0x0, not in getPreloadedDrawables?
10-16 19:58:59.222: W/Atlas(5403): Pointer 0x0, not in getPreloadedDrawables?
10-16 19:58:59.222: W/Atlas(5403): Pointer 0x0, not in getPreloadedDrawables?
10-16 19:58:59.222: W/Atlas(5403): Pointer 0x0, not in getPreloadedDrawables?
10-16 19:58:59.222: W/Atlas(5403): Pointer 0x0, not in getPreloadedDrawables?
10-16 19:58:59.222: W/Atlas(5403): Pointer 0x0, not in getPreloadedDrawables?
10-16 19:58:59.222: W/Atlas(5403): Pointer 0x0, not in getPreloadedDrawables?
10-16 19:58:59.222: W/Atlas(5403): Pointer 0x0, not in getPreloadedDrawables?
10-16 19:58:59.222: W/Atlas(5403): Pointer 0x0, not in getPreloadedDrawables?
10-16 19:58:59.222: W/Atlas(5403): Pointer 0x0, not in getPreloadedDrawables?
10-16 19:58:59.222: W/Atlas(5403): Pointer 0x0, not in getPreloadedDrawables?
10-16 19:58:59.222: W/Atlas(5403): Pointer 0x0, not in getPreloadedDrawables?
10-16 19:58:59.222: W/Atlas(5403): Pointer 0x0, not in getPreloadedDrawables?
10-16 19:58:59.222: W/Atlas(5403): Pointer 0x0, not in getPreloadedDrawables?
10-16 19:58:59.222: W/Atlas(5403): Pointer 0x0, not in getPreloadedDrawables?
10-16 19:58:59.222: W/Atlas(5403): Pointer 0x0, not in getPreloadedDrawables?
10-16 19:58:59.222: W/Atlas(5403): Pointer 0x0, not in getPreloadedDrawables?
10-16 19:58:59.222: W/Atlas(5403): Pointer 0x0, not in getPreloadedDrawables?
10-16 19:58:59.222: W/Atlas(5403): Pointer 0x0, not in getPreloadedDrawables?
10-16 19:58:59.222: W/Atlas(5403): Pointer 0x0, not in getPreloadedDrawables?
10-16 19:58:59.222: W/Atlas(5403): Pointer 0x0, not in getPreloadedDrawables?
10-16 19:58:59.222: W/Atlas(5403): Pointer 0x0, not in getPreloadedDrawables?
10-16 19:58:59.222: W/Atlas(5403): Pointer 0x0, not in getPreloadedDrawables?
10-16 19:58:59.222: W/Atlas(5403): Pointer 0x0, not in getPreloadedDrawables?
10-16 19:58:59.222: W/Atlas(5403): Pointer 0x0, not in getPreloadedDrawables?
10-16 19:58:59.222: W/Atlas(5403): Pointer 0x0, not in getPreloadedDrawables?
10-16 19:58:59.222: W/Atlas(5403): Pointer 0x0, not in getPreloadedDrawables?
10-16 19:58:59.222: W/Atlas(5403): Pointer 0x0, not in getPreloadedDrawables?
10-16 19:58:59.222: W/Atlas(5403): Pointer 0x0, not in getPreloadedDrawables?
10-16 19:58:59.222: W/Atlas(5403): Pointer 0x0, not in getPreloadedDrawables?
10-16 19:58:59.222: W/Atlas(5403): Pointer 0x0, not in getPreloadedDrawables?
10-16 19:58:59.222: W/Atlas(5403): Pointer 0x0, not in getPreloadedDrawables?
10-16 19:58:59.222: W/Atlas(5403): Pointer 0x0, not in getPreloadedDrawables?
10-16 19:58:59.222: W/Atlas(5403): Pointer 0x0, not in getPreloadedDrawables?
10-16 19:58:59.222: W/Atlas(5403): Pointer 0x0, not in getPreloadedDrawables?
10-16 19:58:59.222: W/Atlas(5403): Pointer 0x0, not in getPreloadedDrawables?
10-16 19:58:59.222: W/Atlas(5403): Pointer 0x0, not in getPreloadedDrawables?
10-16 19:58:59.222: W/Atlas(5403): Pointer 0x0, not in getPreloadedDrawables?
10-16 19:58:59.222: W/Atlas(5403): Pointer 0x0, not in getPreloadedDrawables?
10-16 19:58:59.222: W/Atlas(5403): Pointer 0x0, not in getPreloadedDrawables?
10-16 19:58:59.222: W/Atlas(5403): Pointer 0x0, not in getPreloadedDrawables?
10-16 19:58:59.222: W/Atlas(5403): Pointer 0x0, not in getPreloadedDrawables?
10-16 19:58:59.222: W/Atlas(5403): Pointer 0x0, not in getPreloadedDrawables?
10-16 19:58:59.222: W/Atlas(5403): Pointer 0x0, not in getPreloadedDrawables?
10-16 19:58:59.222: W/Atlas(5403): Pointer 0x0, not in getPreloadedDrawables?
10-16 19:58:59.222: W/Atlas(5403): Pointer 0x0, not in getPreloadedDrawables?
10-16 19:58:59.222: W/Atlas(5403): Pointer 0x0, not in getPreloadedDrawables?
10-16 19:58:59.222: W/Atlas(5403): Pointer 0x0, not in getPreloadedDrawables?
10-16 19:58:59.222: W/Atlas(5403): Pointer 0x0, not in getPreloadedDrawables?
10-16 19:58:59.222: W/Atlas(5403): Pointer 0x0, not in getPreloadedDrawables?
10-16 19:58:59.222: W/Atlas(5403): Pointer 0x0, not in getPreloadedDrawables?
10-16 19:58:59.222: W/Atlas(5403): Pointer 0x0, not in getPreloadedDrawables?
10-16 19:58:59.222: W/Atlas(5403): Pointer 0x0, not in getPreloadedDrawables?
10-16 19:58:59.222: W/Atlas(5403): Pointer 0x0, not in getPreloadedDrawables?
10-16 19:58:59.222: W/Atlas(5403): Pointer 0x0, not in getPreloadedDrawables?
10-16 19:58:59.222: W/Atlas(5403): Pointer 0x0, not in getPreloadedDrawables?
10-16 19:58:59.222: W/Atlas(5403): Pointer 0x0, not in getPreloadedDrawables?
10-16 19:58:59.222: W/Atlas(5403): Pointer 0x0, not in getPreloadedDrawables?
10-16 19:58:59.222: W/Atlas(5403): Pointer 0x0, not in getPreloadedDrawables?
10-16 19:58:59.222: W/Atlas(5403): Pointer 0x0, not in getPreloadedDrawables?
10-16 19:58:59.222: W/Atlas(5403): Pointer 0x0, not in getPreloadedDrawables?
10-16 19:58:59.222: W/Atlas(5403): Pointer 0x0, not in getPreloadedDrawables?
10-16 19:58:59.222: W/Atlas(5403): Pointer 0x0, not in getPreloadedDrawables?
10-16 19:58:59.222: W/Atlas(5403): Pointer 0x0, not in getPreloadedDrawables?
10-16 19:58:59.222: W/Atlas(5403): Pointer 0x0, not in getPreloadedDrawables?
10-16 19:58:59.222: W/Atlas(5403): Pointer 0x0, not in getPreloadedDrawables?
10-16 19:58:59.222: W/Atlas(5403): Pointer 0x0, not in getPreloadedDrawables?
10-16 19:58:59.222: W/Atlas(5403): Pointer 0x0, not in getPreloadedDrawables?
10-16 19:58:59.222: W/Atlas(5403): Pointer 0x0, not in getPreloadedDrawables?
10-16 19:58:59.222: W/Atlas(5403): Pointer 0x0, not in getPreloadedDrawables?
10-16 19:58:59.222: W/Atlas(5403): Pointer 0x0, not in getPreloadedDrawables?
10-16 19:58:59.222: W/Atlas(5403): Pointer 0x0, not in getPreloadedDrawables?
10-16 19:58:59.222: W/Atlas(5403): Pointer 0x0, not in getPreloadedDrawables?
10-16 19:58:59.222: W/Atlas(5403): Pointer 0x0, not in getPreloadedDrawables?
10-16 19:58:59.222: W/Atlas(5403): Pointer 0x0, not in getPreloadedDrawables?
10-16 19:58:59.222: W/Atlas(5403): Pointer 0x0, not in getPreloadedDrawables?
10-16 19:58:59.222: W/Atlas(5403): Pointer 0x0, not in getPreloadedDrawables?
10-16 19:58:59.222: W/Atlas(5403): Pointer 0x0, not in getPreloadedDrawables?
10-16 19:58:59.222: W/Atlas(5403): Pointer 0x0, not in getPreloadedDrawables?
10-16 19:58:59.222: W/Atlas(5403): Pointer 0x0, not in getPreloadedDrawables?
10-16 19:58:59.222: W/Atlas(5403): Pointer 0x0, not in getPreloadedDrawables?
10-16 19:58:59.222: W/Atlas(5403): Pointer 0x0, not in getPreloadedDrawables?
10-16 19:58:59.222: W/Atlas(5403): Pointer 0x0, not in getPreloadedDrawables?
10-16 19:58:59.222: W/Atlas(5403): Pointer 0x0, not in getPreloadedDrawables?
10-16 19:58:59.222: W/Atlas(5403): Pointer 0x0, not in getPreloadedDrawables?
10-16 19:58:59.222: W/Atlas(5403): Pointer 0x0, not in getPreloadedDrawables?
10-16 19:58:59.222: W/Atlas(5403): Pointer 0x0, not in getPreloadedDrawables?
10-16 19:58:59.222: W/Atlas(5403): Pointer 0x0, not in getPreloadedDrawables?
10-16 19:58:59.222: W/Atlas(5403): Pointer 0x0, not in getPreloadedDrawables?
10-16 19:58:59.222: W/Atlas(5403): Pointer 0x0, not in getPreloadedDrawables?
10-16 19:58:59.222: W/Atlas(5403): Pointer 0x0, not in getPreloadedDrawables?
10-16 19:58:59.222: W/Atlas(5403): Pointer 0x0, not in getPreloadedDrawables?
10-16 19:58:59.222: W/Atlas(5403): Pointer 0x0, not in getPreloadedDrawables?
10-16 19:58:59.222: W/Atlas(5403): Pointer 0x0, not in getPreloadedDrawables?
10-16 19:58:59.222: W/Atlas(5403): Pointer 0x0, not in getPreloadedDrawables?
10-16 19:58:59.222: W/Atlas(5403): Pointer 0x0, not in getPreloadedDrawables?
10-16 19:58:59.222: W/Atlas(5403): Pointer 0x0, not in getPreloadedDrawables?
10-16 19:58:59.222: W/Atlas(5403): Pointer 0x0, not in getPreloadedDrawables?
10-16 19:58:59.222: W/Atlas(5403): Pointer 0x0, not in getPreloadedDrawables?
10-16 19:58:59.222: W/Atlas(5403): Pointer 0x0, not in getPreloadedDrawables?
10-16 19:58:59.222: W/Atlas(5403): Pointer 0x0, not in getPreloadedDrawables?
10-16 19:58:59.222: W/Atlas(5403): Pointer 0x0, not in getPreloadedDrawables?
10-16 19:58:59.222: W/Atlas(5403): Pointer 0x0, not in getPreloadedDrawables?
10-16 19:58:59.222: W/Atlas(5403): Pointer 0x0, not in getPreloadedDrawables?
10-16 19:58:59.222: W/Atlas(5403): Pointer 0x0, not in getPreloadedDrawables?
10-16 19:58:59.222: W/Atlas(5403): Pointer 0x0, not in getPreloadedDrawables?
10-16 19:58:59.222: W/Atlas(5403): Pointer 0x0, not in getPreloadedDrawables?
10-16 19:58:59.222: W/Atlas(5403): Pointer 0x0, not in getPreloadedDrawables?
10-16 19:58:59.222: W/Atlas(5403): Pointer 0x0, not in getPreloadedDrawables?
10-16 19:58:59.222: W/Atlas(5403): Pointer 0x0, not in getPreloadedDrawables?
10-16 19:58:59.272: W/ResourcesManager(2065): Asset path '/system/framework/com.google.android.media.effects.jar' does not exist or contains no resources.
10-16 19:58:59.281: I/GceGrallocRegionRegistry(1334): Mapped gralloc-1334.34 hnd=0xb58380c0 fd=29 base=0xb066a000 format=RGBA_8888(0x1) width=1600 height=50
10-16 19:58:59.281: I/GceGrallocRegionRegistry(1779): Mapped gralloc-1334.34 hnd=0x9c6482c0 fd=65 base=0x99de8000 format=RGBA_8888(0x1) width=1600 height=50
10-16 19:58:59.343: E/Volley(3170): [274] xa.a: Unexpected response code 503 for https://www.googleapis.com/youtubei/v1/notification_registration/set_registration?key=AIzaSyA8eiZmM1FaDVjRy-df2KTyQ_vz_yYM39w
10-16 19:58:59.344: W/YouTube(3170): (unknown) Could not register for notifications with InnerTube: 
10-16 19:58:59.344: W/YouTube(3170): fay: java.util.concurrent.ExecutionException: wu
10-16 19:58:59.344: W/YouTube(3170): 	at ezo.a(SourceFile:103)
10-16 19:58:59.344: W/YouTube(3170): 	at fpl.run(SourceFile:57)
10-16 19:58:59.344: W/YouTube(3170): 	at java.util.concurrent.ThreadPoolExecutor.runWorker(ThreadPoolExecutor.java:1112)
10-16 19:58:59.344: W/YouTube(3170): 	at java.util.concurrent.ThreadPoolExecutor$Worker.run(ThreadPoolExecutor.java:587)
10-16 19:58:59.344: W/YouTube(3170): 	at ers.run(SourceFile:40)
10-16 19:58:59.344: W/YouTube(3170): 	at java.lang.Thread.run(Thread.java:818)
10-16 19:58:59.344: W/YouTube(3170): Caused by: java.util.concurrent.ExecutionException: wu
10-16 19:58:59.344: W/YouTube(3170): 	at xv.a(SourceFile:117)
10-16 19:58:59.344: W/YouTube(3170): 	at xv.get(SourceFile:88)
10-16 19:58:59.344: W/YouTube(3170): 	at goc.get(SourceFile:69)
10-16 19:58:59.344: W/YouTube(3170): 	at ezo.a(SourceFile:99)
10-16 19:58:59.344: W/YouTube(3170): 	... 5 more
10-16 19:58:59.344: W/YouTube(3170): Caused by: wu
10-16 19:58:59.344: W/YouTube(3170): 	at xa.a(SourceFile:145)
10-16 19:58:59.344: W/YouTube(3170): 	at gnu.a(SourceFile:49)
10-16 19:58:59.344: W/YouTube(3170): 	at wg.run(SourceFile:105)
10-16 19:58:59.545: W/ResourceType(2065): No package identifier when getting value for resource number 0x00000000
10-16 19:58:59.545: W/ResourceType(2065): No package identifier when getting value for resource number 0x00000000
10-16 19:58:59.545: W/PackageManager(2065): Failure retrieving resources for com.google.android.apps.mtaas.testloop: Resource ID #0x0
10-16 19:58:59.545: W/ResourceType(2065): No package identifier when getting value for resource number 0x00000000
10-16 19:58:59.545: W/PackageManager(2065): Failure retrieving resources for com.google.android.apps.mtaas.testloop: Resource ID #0x0
10-16 19:58:59.849: W/art(1690): Long monitor contention event with owner method=void com.android.server.wm.WindowAnimator$1.run() from WindowAnimator.java:124 waiters=0 for 298ms
10-16 19:58:59.852: V/WindowManager(1690): Adding window Window{a6e9c58 u0 com.google.android.apps.mtaas.backdrop/com.google.android.apps.mtaas.backdrop.BackdropActivity} at 2 of 8 (before Window{32140f09 u0 Starting com.google.android.apps.mtaas.backdrop})
10-16 19:58:59.852: I/Choreographer(5403): Skipped 37 frames!  The application may be doing too much work on its main thread.
10-16 19:58:59.929: I/GceGrallocRegionRegistry(1334): Unmapped gralloc-1334.32 hnd=0xaabac0c0 fd=30 base=0xa88bc000
10-16 19:59:00.003: I/OpenGLRenderer(5403): Initialized EGL, version 1.4
10-16 19:59:00.006: D/OpenGLRenderer(5403): Enabling debug mode 0
10-16 19:59:00.013: I/GceGrallocRegionRegistry(1334): Mapped gralloc-1334.35 hnd=0xb5838100 fd=30 base=0xa98f4000 format=RGBA_8888(0x1) width=1600 height=2464
10-16 19:59:00.013: I/GceGrallocRegionRegistry(1334): Mapped gralloc-1334.36 hnd=0xb58381c0 fd=34 base=0xa89e8000 format=RGBA_8888(0x1) width=1600 height=2464
10-16 19:59:00.013: I/GceGrallocRegionRegistry(1334): Mapped gralloc-1334.37 hnd=0xb5838200 fd=36 base=0xa48f4000 format=RGBA_8888(0x1) width=1600 height=2464
10-16 19:59:00.244: I/ActivityManager(1690): Start proc 5433:com.google.android.gms/u0a9 for service com.google.android.gms/.icing.service.IndexService
10-16 19:59:00.251: W/ResourcesManager(5433): Asset path '/system/framework/com.android.media.remotedisplay.jar' does not exist or contains no resources.
10-16 19:59:00.251: W/ResourcesManager(5433): Asset path '/system/framework/com.android.location.provider.jar' does not exist or contains no resources.
10-16 19:59:00.284: I/LoadedApk(5433): No resource references to update in package FFFFFFFFFFFFFFFFFFFFFF
10-16 19:59:00.355: W/linker(5433): libconscrypt_gmscore_jni.so: unused DT entry: type 0x1d arg 0x91
10-16 19:59:00.355: V/NativeCrypto(5433): Registering com/google/android/gms/org/conscrypt/NativeCrypto's 259 native methods...
10-16 19:59:00.361: I/art(5433): Rejecting re-init on previously-failed class java.lang.Class<com.google.android.gms.org.conscrypt.OpenSSLExtendedSessionImpl>
10-16 19:59:00.361: I/art(5433): Rejecting re-init on previously-failed class java.lang.Class<com.google.android.gms.org.conscrypt.OpenSSLExtendedSessionImpl>
10-16 19:59:00.361: I/art(5433): Rejecting re-init on previously-failed class java.lang.Class<com.google.android.gms.org.conscrypt.OpenSSLExtendedSessionImpl>
10-16 19:59:00.370: I/ProviderInstaller(5433): Installed default security provider GmsCore_OpenSSL
10-16 19:59:00.482: I/ActivityManager(1690): Start proc 5451:com.google.android.gms.persistent/u0a9 for content provider com.google.android.gms/.phenotype.provider.ConfigurationProvider
10-16 19:59:00.498: I/Remoter(1326): Saved screenshot to '/data/screenshots/__pmv__-0067.jpg'
10-16 19:59:00.506: W/ResourcesManager(5451): Asset path '/system/framework/com.android.media.remotedisplay.jar' does not exist or contains no resources.
10-16 19:59:00.506: W/ResourcesManager(5451): Asset path '/system/framework/com.android.location.provider.jar' does not exist or contains no resources.
10-16 19:59:00.528: I/LoadedApk(5451): No resource references to update in package FFFFFFFFFFFFFFFFFFFFFF
10-16 19:59:00.546: W/linker(5451): libconscrypt_gmscore_jni.so: unused DT entry: type 0x1d arg 0x91
10-16 19:59:00.546: V/NativeCrypto(5451): Registering com/google/android/gms/org/conscrypt/NativeCrypto's 259 native methods...
10-16 19:59:00.551: I/art(5451): Rejecting re-init on previously-failed class java.lang.Class<com.google.android.gms.org.conscrypt.OpenSSLExtendedSessionImpl>
10-16 19:59:00.551: I/art(5451): Rejecting re-init on previously-failed class java.lang.Class<com.google.android.gms.org.conscrypt.OpenSSLExtendedSessionImpl>
10-16 19:59:00.552: I/art(5451): Rejecting re-init on previously-failed class java.lang.Class<com.google.android.gms.org.conscrypt.OpenSSLExtendedSessionImpl>
10-16 19:59:00.571: I/DynamiteModule(5451): Considering local module com.google.android.gms.googlecertificates:4 and remote module com.google.android.gms.googlecertificates:4
10-16 19:59:00.572: I/DynamiteModule(5451): Selected local version of com.google.android.gms.googlecertificates
10-16 19:59:00.593: I/ProviderInstaller(5451): Installed default security provider GmsCore_OpenSSL
10-16 19:59:00.707: I/art(5451): Rejecting re-init on previously-failed class java.lang.Class<mgn>
10-16 19:59:00.707: I/art(5451): Rejecting re-init on previously-failed class java.lang.Class<mgn>
10-16 19:59:00.720: W/ChimeraUtils(5433): Non Chimera context
10-16 19:59:00.742: I/art(1690): Explicit concurrent mark sweep GC freed 13642(779KB) AllocSpace objects, 0(0B) LOS objects, 33% free, 16MB/25MB, paused 464us total 38.593ms
10-16 19:59:00.751: I/art(5451): Background partial concurrent mark sweep GC freed 7079(712KB) AllocSpace objects, 6(96KB) LOS objects, 39% free, 12MB/21MB, paused 20.262ms total 75.289ms
10-16 19:59:00.752: I/GceGrallocRegionRegistry(5403): Mapped gralloc-1334.35 hnd=0xb3fa4240 fd=27 base=0x9d0f4000 format=RGBA_8888(0x1) width=1600 height=2464
10-16 19:59:00.773: E/Volley(3170): [275] xa.a: Unexpected response code 503 for https://www.googleapis.com/youtubei/v1/notification_registration/set_registration?key=AIzaSyA8eiZmM1FaDVjRy-df2KTyQ_vz_yYM39w
10-16 19:59:00.774: W/YouTube(3170): (unknown) Could not register for notifications with InnerTube: 
10-16 19:59:00.774: W/YouTube(3170): fay: java.util.concurrent.ExecutionException: wu
10-16 19:59:00.774: W/YouTube(3170): 	at ezo.a(SourceFile:103)
10-16 19:59:00.774: W/YouTube(3170): 	at fpl.run(SourceFile:57)
10-16 19:59:00.774: W/YouTube(3170): 	at java.util.concurrent.ThreadPoolExecutor.runWorker(ThreadPoolExecutor.java:1112)
10-16 19:59:00.774: W/YouTube(3170): 	at java.util.concurrent.ThreadPoolExecutor$Worker.run(ThreadPoolExecutor.java:587)
10-16 19:59:00.774: W/YouTube(3170): 	at ers.run(SourceFile:40)
10-16 19:59:00.774: W/YouTube(3170): 	at java.lang.Thread.run(Thread.java:818)
10-16 19:59:00.774: W/YouTube(3170): Caused by: java.util.concurrent.ExecutionException: wu
10-16 19:59:00.774: W/YouTube(3170): 	at xv.a(SourceFile:117)
10-16 19:59:00.774: W/YouTube(3170): 	at xv.get(SourceFile:88)
10-16 19:59:00.774: W/YouTube(3170): 	at goc.get(SourceFile:69)
10-16 19:59:00.774: W/YouTube(3170): 	at ezo.a(SourceFile:99)
10-16 19:59:00.774: W/YouTube(3170): 	... 5 more
10-16 19:59:00.774: W/YouTube(3170): Caused by: wu
10-16 19:59:00.774: W/YouTube(3170): 	at xa.a(SourceFile:145)
10-16 19:59:00.774: W/YouTube(3170): 	at gnu.a(SourceFile:49)
10-16 19:59:00.774: W/YouTube(3170): 	at wg.run(SourceFile:105)
10-16 19:59:00.775: I/art(5451): Rejecting re-init on previously-failed class java.lang.Class<mrg>
10-16 19:59:00.775: I/art(5451): Rejecting re-init on previously-failed class java.lang.Class<mrg>
10-16 19:59:00.788: I/ActivityManager(1690): Displayed com.google.android.apps.mtaas.backdrop/.BackdropActivity: +2s236ms
10-16 19:59:00.861: I/art(5433): Rejecting re-init on previously-failed class java.lang.Class<mgn>
10-16 19:59:00.861: I/art(5433): Rejecting re-init on previously-failed class java.lang.Class<mgn>
10-16 19:59:00.876: I/art(2188): Explicit concurrent mark sweep GC freed 3621(160KB) AllocSpace objects, 0(0B) LOS objects, 40% free, 8MB/13MB, paused 434us total 9.550ms
10-16 19:59:00.926: I/GceGrallocRegionRegistry(5403): Mapped gralloc-1334.36 hnd=0xb3fa42c0 fd=29 base=0x9c1e8000 format=RGBA_8888(0x1) width=1600 height=2464
10-16 19:59:01.056: I/GAV2(5232): Thread[GAThread,5,main]: No campaign data found.
10-16 19:59:01.058: I/GAv4-SVC(5433): Google Analytics 11.5.19 is starting up.
10-16 19:59:01.083: I/art(5433): Background partial concurrent mark sweep GC freed 5132(561KB) AllocSpace objects, 3(48KB) LOS objects, 40% free, 11MB/19MB, paused 7.283ms total 118.936ms
10-16 19:59:01.090: V/BackupManagerService(1690): Connected to transport ComponentInfo{com.google.android.gms/com.google.android.gms.backup.BackupTransportService}
10-16 19:59:01.090: V/BackupManagerService(1690): Registering transport com.google.android.gms/.backup.BackupTransportService::com.google.android.gms/.backup.BackupTransportService = com.android.internal.backup.IBackupTransport$Stub$Proxy@123c21df
10-16 19:59:01.098: I/Icing(5433): Storage manager: low false usage 1.73MB avail 2.97GB capacity 3.89GB
10-16 19:59:01.105: D/WifiService(1690): New client listening to asynchronous messages
10-16 19:59:01.151: I/art(5451): Rejecting re-init on previously-failed class java.lang.Class<aniu>
10-16 19:59:01.151: I/art(5451): Rejecting re-init on previously-failed class java.lang.Class<aniu>
10-16 19:59:01.233: I/GceGrallocRegionRegistry(1690): Unmapped gralloc-1334.33 hnd=0x9b9a5900 fd=182 base=0x99be0000
10-16 19:59:01.264: I/GceGrallocRegionRegistry(5403): Mapped gralloc-1334.37 hnd=0xb3fa41c0 fd=30 base=0x9b2dc000 format=RGBA_8888(0x1) width=1600 height=2464
10-16 19:59:01.277: W/Icing(5433): city name for address is empty or is not existed. 
10-16 19:59:01.277: W/Icing(5433): street name for address is empty or is not existed. 
10-16 19:59:01.277: W/Icing(5433): transportation_script_path is empty
10-16 19:59:01.282: I/GceGrallocRegionRegistry(1334): Unmapped gralloc-1334.33 hnd=0xb58386c0 fd=18 base=0xab8f4000
10-16 19:59:01.417: W/GeofencerStateMachine(5451): Received SM_HARDWARE_GEOFENCE_CHANGED_CMD in NotInitializedState
10-16 19:59:01.442: I/GCoreNlp(5451): shouldConfirmNlp, NLP off. Ensuring opt-in disabled
10-16 19:59:01.508: W/Icing(5433): Words file  does not exist!
10-16 19:59:01.508: W/Icing(5433): WordsMap was not properly initialized
10-16 19:59:01.536: D/BluetoothManagerService(1690): Message: 20
10-16 19:59:01.536: D/BluetoothManagerService(1690): Added callback: android.bluetooth.IBluetoothManagerCallback$Stub$Proxy@9044c42:true
10-16 19:59:01.595: W/Icing(5433): Failed to connect to Lockbox API
10-16 19:59:01.595: W/Icing(5433): getSignedInAccountName: Falling back to default value
10-16 19:59:01.610: I/NetworkScheduler(5451): Using standalone scheduling engine
10-16 19:59:01.615: E/Icing(5433): Array storage bad crc 3696899448 vs 2938342372
10-16 19:59:01.615: E/Icing(5433): File /data/data/com.google.android.gms/files/AppDataSearch/main/cur/ds.docids failed to init (elt_size 4 num_elts 73 array_crc 2938342372)
10-16 19:59:01.615: E/Icing(5433): Array storage bad crc 989957754 vs 0
10-16 19:59:01.615: E/Icing(5433): File /data/data/com.google.android.gms/files/AppDataSearch/main/cur/ds.perdocdata failed to init (elt_size 26 num_elts 73 array_crc 0)
10-16 19:59:01.615: E/Icing(5433): Array storage bad crc 2168846306 vs 0
10-16 19:59:01.615: E/Icing(5433): File /data/data/com.google.android.gms/files/AppDataSearch/main/cur/ds.cscoring failed to init (elt_size 37 num_elts 7 array_crc 0)
10-16 19:59:01.673: E/Icing(5433): Array storage bad crc 2562282758 vs 0
10-16 19:59:01.673: E/Icing(5433): Trie mmap node failed
10-16 19:59:01.758: W/Icing(5433): Docstore bad crc 0xe5b1d669 vs 0xe1db32c4
10-16 19:59:01.771: D/AndroidRuntime(5513): >>>>>> START com.android.internal.os.RuntimeInit uid 0 <<<<<<
10-16 19:59:01.772: D/AndroidRuntime(5513): CheckJNI is OFF
10-16 19:59:01.791: E/memtrack(5513): Couldn't load memtrack module (No such file or directory)
10-16 19:59:01.791: E/android.os.Debug(5513): failed to load memtrack module: -2
10-16 19:59:01.796: I/art(5451): Explicit concurrent mark sweep GC freed 39769(3MB) AllocSpace objects, 6(96KB) LOS objects, 39% free, 14MB/24MB, paused 400us total 47.132ms
10-16 19:59:01.811: I/art(2188): Explicit concurrent mark sweep GC freed 3761(178KB) AllocSpace objects, 0(0B) LOS objects, 40% free, 8MB/13MB, paused 5.023ms total 12.723ms
10-16 19:59:01.815: E/Icing(5433): Array storage bad crc 2085704915 vs 0
10-16 19:59:01.815: E/Icing(5433): Trie mmap node failed
10-16 19:59:01.817: D/AndroidRuntime(5513): Calling main entry com.android.commands.am.Am
10-16 19:59:01.820: I/ActivityManager(1690): Force stopping com.google.android.apps.mtaas.loginutil appid=10080 user=0: start instr
10-16 19:59:01.881: I/ActivityManager(1690): Start proc 5532:com.google.android.apps.mtaas.loginutil/u0a80 for added application com.google.android.apps.mtaas.loginutil
10-16 19:59:01.925: I/DynamiteModule(5433): Considering local module com.google.android.gms.googlecertificates:4 and remote module com.google.android.gms.googlecertificates:4
10-16 19:59:01.925: I/DynamiteModule(5433): Selected local version of com.google.android.gms.googlecertificates
10-16 19:59:01.954: D/LoginUtil(5532): Connected to Internet
10-16 19:59:01.956: D/LoginUtil(5532): Adding Account {name=VS2WQVCOVYYT3Y3JQZUPAOQ2II-00@cloudtestlabaccounts.com, type=com.google}
10-16 19:59:01.957: I/Remoter(1326): Saved screenshot to '/data/screenshots/__pmv__-0068.jpg'
10-16 19:59:01.976: I/Backup(5451): [GmsBackupAccountManager] Backup account not found in gmscore.
10-16 19:59:01.982: I/art(2188): Explicit concurrent mark sweep GC freed 3448(153KB) AllocSpace objects, 0(0B) LOS objects, 40% free, 8MB/13MB, paused 7.675ms total 26.243ms
10-16 19:59:01.983: I/ActivityManager(1690): Start proc 5561:com.google.android.apps.auth.test.support/u0a82 for service com.google.android.apps.auth.test.support/.services.AccountService
10-16 19:59:01.989: I/GeofencerStateMachine(5451): Network location disabled.
10-16 19:59:02.001: E/ActivityThread(5561): Failed to find provider info for com.google.android.apps.common.testing.services.storage.testargs
10-16 19:59:02.001: W/AuthService(5561): [TestArgsHelper] Error when calling AndroidTestUtil.getTestArgs(). Note that this behavior might be expected.
10-16 19:59:02.005: I/AuthService(5561): [AddAccountOperation] Call GmsCore API.
10-16 19:59:02.009: I/GeofencerStateMachine(5451): sendQueryLocationOptIn
10-16 19:59:02.016: E/SQLiteLog(5451): (283) recovered 42 frames from WAL file /data/user/0/com.google.android.gms/databases/playlog.db-wal
10-16 19:59:02.023: I/Icing(5433): updateResources: need to parse tvm{com.google.android.gms}
10-16 19:59:02.072: W/ChimeraUtils(5451): Non Chimera context
10-16 19:59:02.084: I/Auth(5451): [ReflectiveChannelBinder] Successfully bound channel!
10-16 19:59:02.085: I/GeofencerStateMachine(5451): removeGeofences: removeRequest=RemoveGeofencingRequest[REMOVE_BY_PENDING_INTENT pendingIntent=PendingIntent[creatorPackage=com.google.android.gms], packageName=null]
10-16 19:59:02.093: I/GoogleURLConnFactory(5451): Using platform SSLCertificateSocketFactory
10-16 19:59:02.094: E/BaseAppContext(5451): Tried to stop global GMSCore RequestQueue. This is likely unintended, so ignoring.
10-16 19:59:02.105: I/art(1690): Explicit concurrent mark sweep GC freed 9807(876KB) AllocSpace objects, 6(290KB) LOS objects, 33% free, 16MB/25MB, paused 347us total 40.552ms
10-16 19:59:02.138: I/art(5451): Explicit concurrent mark sweep GC freed 47415(3MB) AllocSpace objects, 16(256KB) LOS objects, 40% free, 14MB/23MB, paused 440us total 24.802ms
10-16 19:59:02.141: I/Auth(5451): [ReflectiveChannelBinder] Successfully bound channel!
10-16 19:59:02.157: I/ActivityManager(1690): Start proc 5599:com.google.android.gms.unstable/u0a9 for service com.google.android.gms/.droidguard.DroidGuardService
10-16 19:59:02.174: I/art(1344): Explicit concurrent mark sweep GC freed 706(30KB) AllocSpace objects, 0(0B) LOS objects, 40% free, 7MB/11MB, paused 70us total 16.598ms
10-16 19:59:02.181: W/ResourcesManager(5599): Asset path '/system/framework/com.android.media.remotedisplay.jar' does not exist or contains no resources.
10-16 19:59:02.181: W/ResourcesManager(5599): Asset path '/system/framework/com.android.location.provider.jar' does not exist or contains no resources.
10-16 19:59:02.181: W/Settings(5451): Setting airplane_mode_on has moved from android.provider.Settings.System to android.provider.Settings.Global, returning read-only value.
10-16 19:59:02.182: I/art(1344): Explicit concurrent mark sweep GC freed 2(32B) AllocSpace objects, 0(0B) LOS objects, 39% free, 7MB/11MB, paused 73us total 5.813ms
10-16 19:59:02.188: I/art(1344): Explicit concurrent mark sweep GC freed 8(288B) AllocSpace objects, 0(0B) LOS objects, 40% free, 7MB/11MB, paused 75us total 5.583ms
10-16 19:59:02.201: W/Settings(5451): Setting airplane_mode_on has moved from android.provider.Settings.System to android.provider.Settings.Global, returning read-only value.
10-16 19:59:02.205: I/LoadedApk(5599): No resource references to update in package FFFFFFFFFFFFFFFFFFFFFF
10-16 19:59:02.211: W/linker(5599): libconscrypt_gmscore_jni.so: unused DT entry: type 0x1d arg 0x91
10-16 19:59:02.212: V/NativeCrypto(5599): Registering com/google/android/gms/org/conscrypt/NativeCrypto's 259 native methods...
10-16 19:59:02.216: I/Icing(5433): Internal init done: storage state 0
10-16 19:59:02.220: I/art(5599): Rejecting re-init on previously-failed class java.lang.Class<com.google.android.gms.org.conscrypt.OpenSSLExtendedSessionImpl>
10-16 19:59:02.220: I/art(5599): Rejecting re-init on previously-failed class java.lang.Class<com.google.android.gms.org.conscrypt.OpenSSLExtendedSessionImpl>
10-16 19:59:02.220: I/art(5599): Rejecting re-init on previously-failed class java.lang.Class<com.google.android.gms.org.conscrypt.OpenSSLExtendedSessionImpl>
10-16 19:59:02.224: I/GceRil(1338): Received request 75
10-16 19:59:02.224: I/GceRil(1338): Requesting GSM neighboring cell ids
10-16 19:59:02.278: I/ProviderInstaller(5599): Installed default security provider GmsCore_OpenSSL
10-16 19:59:02.300: I/art(2188): Explicit concurrent mark sweep GC freed 3355(148KB) AllocSpace objects, 0(0B) LOS objects, 40% free, 8MB/13MB, paused 1.225ms total 7.746ms
10-16 19:59:02.303: I/Icing(5433): 13 corpora need re-polling
10-16 19:59:02.332: I/Icing(5433): Post-init done
10-16 19:59:02.333: I/Icing(5433): Indexing 35DA9EB60AA37D7E4F079723A86D5793CA83A8B4 from com.google.android.gms
10-16 19:59:02.340: I/Icing(5433): Indexing done 35DA9EB60AA37D7E4F079723A86D5793CA83A8B4
10-16 19:59:02.341: I/Icing(5433): Indexing 6E065D39574ABA82001317242E1E0851AD27F710 from com.google.android.gms
10-16 19:59:02.347: I/art(5599): Rejecting re-init on previously-failed class java.lang.Class<mgn>
10-16 19:59:02.347: I/art(5599): Rejecting re-init on previously-failed class java.lang.Class<mgn>
10-16 19:59:02.347: I/Icing(5433): Indexing done 6E065D39574ABA82001317242E1E0851AD27F710
10-16 19:59:02.347: I/Icing(5433): Indexing 791EA6529B931E2801E7B240EE5B3AB299016D34 from com.google.android.googlequicksearchbox
10-16 19:59:02.369: E/SQLiteLog(2122): (284) automatic index on contacts(contact_id)
10-16 19:59:02.373: D/WVCdm(1340): Instantiating CDM.
10-16 19:59:02.374: I/WVCdm(1340): CdmEngine::OpenSession
10-16 19:59:02.374: I/WVCdm(1340): Level3 Library Dec  3 2014 13:06:03
10-16 19:59:02.378: I/Icing(5433): Indexing done 791EA6529B931E2801E7B240EE5B3AB299016D34
10-16 19:59:02.379: W/WVCdm(1340): Could not read /data/mediadrm/IDM1013/ay64.dat2: No such file or directory
10-16 19:59:02.379: W/WVCdm(1340): Could not load liboemcrypto.so. Falling Back to L3.  dlopen failed: library "liboemcrypto.so" not found
10-16 19:59:02.380: I/Icing(5433): Indexing BC35F9F1839BB40D4EE08528D3D77838DECEE07E from com.google.android.gms
10-16 19:59:02.382: I/Icing(5433): Indexing done BC35F9F1839BB40D4EE08528D3D77838DECEE07E
10-16 19:59:02.382: I/Icing(5433): Indexing 78809412366E3FB9E25492F12C0E3355617CA57E from com.google.android.googlequicksearchbox
10-16 19:59:02.396: I/WVCdm(1340): CdmEngine::QueryKeyControlInfo
10-16 19:59:02.397: W/WVCdm(1340): BufferReader::Read<T> : Failure during parse: Not enough bytes (4)
10-16 19:59:02.397: W/WVCdm(1340): CdmEngine::ExtractWidevinePssh: Unable to read PSSH atom size
10-16 19:59:02.397: I/WVCdm(1340): CdmEngine::GenerateKeyRequest
10-16 19:59:02.398: D/WVCdm(1340): PrepareKeyRequest: nonce=3950949689
10-16 19:59:02.405: I/Icing(5433): Indexing 489EAC0EF2842F9D6ADF1B05CC32B4AFC84C1869 from com.google.android.gms
10-16 19:59:02.406: I/Icing(5433): Indexing done 489EAC0EF2842F9D6ADF1B05CC32B4AFC84C1869
10-16 19:59:02.406: I/Icing(5433): Indexing 5233BB6556150606E6EA2800A20D5D691B1774CC from com.google.android.gms
10-16 19:59:02.423: W/asset(5433): Asset path /system/framework/com.google.android.dialer.support.jar is neither a directory nor file (type=1).
10-16 19:59:02.423: W/ResourcesManager(5433): Asset path '/system/framework/com.google.android.dialer.support.jar' does not exist or contains no resources.
10-16 19:59:02.499: I/DynamiteModule(5599): Considering local module com.google.android.gms.googlecertificates:4 and remote module com.google.android.gms.googlecertificates:4
10-16 19:59:02.499: I/DynamiteModule(5599): Selected local version of com.google.android.gms.googlecertificates
10-16 19:59:02.557: I/Binder_2(5599): type=1400 audit(0.0:98): avc: denied { getattr } for name="/" dev="tracefs" ino=1 scontext=u:r:untrusted_app:s0 tcontext=u:object_r:unlabeled:s0 tclass=filesystem permissive=1
10-16 19:59:02.587: I/sshd(4629): type=1400 audit(0.0:99): avc: denied { read } for path="socket:[136096]" dev="sockfs" ino=136096 scontext=u:r:init:s0 tcontext=u:r:init:s0 tclass=tcp_socket permissive=1
10-16 19:59:02.587: I/sshd(4629): type=1400 audit(0.0:100): avc: denied { write } for path="socket:[133834]" dev="sockfs" ino=133834 scontext=u:r:init:s0 tcontext=u:r:init:s0 tclass=tcp_socket permissive=1
10-16 19:59:02.647: I/Binder_2(5599): type=1400 audit(0.0:101): avc: denied { read } for name="/" dev="tmpfs" ino=6019 scontext=u:r:untrusted_app:s0 tcontext=u:object_r:device:s0 tclass=dir permissive=1
10-16 19:59:02.706: I/GAV2(5324): Thread[GAThread,5,main]: No campaign data found.
10-16 19:59:02.647: I/Binder_2(5599): type=1400 audit(0.0:102): avc: denied { open } for path="/dev" dev="tmpfs" ino=6019 scontext=u:r:untrusted_app:s0 tcontext=u:object_r:device:s0 tclass=dir permissive=1
10-16 19:59:02.736: E/cutils-trace(5636): Error opening trace file: Permission denied (13)
10-16 19:59:02.736: I/dex2oat(5636): /system/bin/dex2oat --runtime-arg -classpath --runtime-arg  --instruction-set=x86 --instruction-set-features=default --runtime-arg -Xrelocate --boot-image=/system/framework/boot.art --dex-file=/data/data/com.google.android.gms/app_fb/f.apk --oat-fd=39 --oat-location=/data/data/com.google.android.gms/app_fb/f.dex --runtime-arg -Xms64m --runtime-arg -Xmx512m
10-16 19:59:02.764: I/dex2oat(5636): dex2oat took 28.090ms (threads: 2) arena alloc=57KB java alloc=18KB native alloc=668KB free=7MB
10-16 19:59:02.798: W/ResourcesManager(5433): Asset path '/system/framework/com.google.android.media.effects.jar' does not exist or contains no resources.
10-16 19:59:02.897: I/gce_init_sshd(1659): type=1400 audit(0.0:103): avc: denied { create } for scontext=u:r:init:s0 tcontext=u:r:init:s0 tclass=tcp_socket permissive=1
10-16 19:59:02.897: I/gce_init_sshd(1659): type=1400 audit(0.0:104): avc: denied { connect } for scontext=u:r:init:s0 tcontext=u:r:init:s0 tclass=tcp_socket permissive=1
10-16 19:59:02.927: I/gce_init_sshd(1659): type=1400 audit(0.0:105): avc: denied { getopt } for laddr=192.168.1.10 lport=57292 faddr=169.254.169.254 fport=80 scontext=u:r:init:s0 tcontext=u:r:init:s0 tclass=tcp_socket permissive=1
10-16 19:59:02.927: I/gce_init_sshd(1659): type=1400 audit(0.0:106): avc: denied { getattr } for laddr=192.168.1.10 lport=57292 faddr=169.254.169.254 fport=80 scontext=u:r:init:s0 tcontext=u:r:init:s0 tclass=tcp_socket permissive=1
10-16 19:59:03.113: I/WVCdm(1340): CdmEngine::CloseSession
10-16 19:59:03.114: I/WVCdm(1340): L3 Terminate.
10-16 19:59:03.132: I/Remoter(1326): Saved screenshot to '/data/screenshots/__pmv__-0069.jpg'
10-16 19:59:03.279: I/Icing(5433): Indexing AEDC7AE81AC261A932754B0B8336690543BA8F1E from com.google.android.googlequicksearchbox
10-16 19:59:03.284: E/SQLiteLog(2122): (284) automatic index on postals(data_id)
10-16 19:59:03.287: I/Icing(5433): Indexing done AEDC7AE81AC261A932754B0B8336690543BA8F1E
10-16 19:59:03.288: I/Icing(5433): Indexing 4399DC1C2DD3DCC22EA95CF5AD4721D43C379C90 from com.google.android.gms
10-16 19:59:03.289: I/Icing(5433): Indexing done 4399DC1C2DD3DCC22EA95CF5AD4721D43C379C90
10-16 19:59:03.289: I/Icing(5433): Not indexing corpus from package com.android.chrome as it has never connected
10-16 19:59:03.289: E/Icing(5433): Aborting indexing of corpus omnibox
10-16 19:59:03.291: I/Icing(5433): Indexing 8D4909756A8CEE98C32284615232DA0B5EDB6A59 from com.google.android.googlequicksearchbox
10-16 19:59:03.294: E/SQLiteLog(2122): (284) automatic index on phones(data_id)
10-16 19:59:03.298: I/Icing(5433): Indexing done 8D4909756A8CEE98C32284615232DA0B5EDB6A59
10-16 19:59:03.298: I/Icing(5433): Indexing E805BB9DF3AC1CB021EDEF5651F58677FCB61170 from com.google.android.gms
10-16 19:59:03.300: I/Icing(5433): Indexing done E805BB9DF3AC1CB021EDEF5651F58677FCB61170
10-16 19:59:03.300: I/Icing(5433): Indexing F9CBF50B10A050442A5E221BF85980492C7C86A5 from com.google.android.googlequicksearchbox
10-16 19:59:03.303: E/SQLiteLog(2122): (284) automatic index on emails(data_id)
10-16 19:59:03.307: I/Icing(5433): Indexing done F9CBF50B10A050442A5E221BF85980492C7C86A5
10-16 19:59:03.309: I/Icing(5433): Indexing done 78809412366E3FB9E25492F12C0E3355617CA57E
10-16 19:59:03.311: I/Icing(5433): Indexing done 5233BB6556150606E6EA2800A20D5D691B1774CC
10-16 19:59:03.319: I/Icing(5433): IndexChimeraService.getServiceInterface callingPackage=com.google.android.inputmethod.latin componentName=null serviceId=21
10-16 19:59:03.396: I/Icing(5433): Usage reports 0 indexed 0 rejected 0 imm upload false
10-16 19:59:03.407: W/Conscrypt(5451): Could not set socket write timeout:
10-16 19:59:03.407: W/Conscrypt(5451):    java.lang.reflect.Method.invoke(Native Method)
10-16 19:59:03.407: W/Conscrypt(5451):    java.lang.reflect.Method.invoke(Method.java:372)
10-16 19:59:03.409: W/Conscrypt(5451): Could not set socket write timeout:
10-16 19:59:03.410: W/Conscrypt(5451):    java.lang.reflect.Method.invoke(Native Method)
10-16 19:59:03.410: W/Conscrypt(5451):    java.lang.reflect.Method.invoke(Method.java:372)
10-16 19:59:03.515: I/EventLogChimeraService(5433): Aggregate from 1508196859635 (log), 1508196859635 (data)
10-16 19:59:03.587: I/AccountManagerService(1690): the accounts changed, sending broadcast of android.accounts.LOGIN_ACCOUNTS_CHANGED
10-16 19:59:03.589: I/Backup(5451): [GmsBackupAccountManager] Backup account not found in gmscore.
10-16 19:59:03.590: I/AccountManagerService(1690): the accounts changed, sending broadcast of android.accounts.LOGIN_ACCOUNTS_CHANGED
10-16 19:59:03.600: I/ActivityManager(1690): Start proc 5661:com.google.android.apps.gcs/u0a8 for broadcast com.google.android.apps.gcs/.receiver.AccountsChangedReceiver
10-16 19:59:03.613: I/ContactsProvider(4486): Accounts changed
10-16 19:59:03.619: I/Auth(5451): [BroadcastManager] Broadcasting account services changed.
10-16 19:59:03.623: I/Backup(5451): [GmsBackupAccountManager] Backup account not found in gmscore.
10-16 19:59:03.626: I/AuthService(5561): [AddAccountOperation] Succeeded.
10-16 19:59:03.633: I/Icing(5433): updateResources: need to parse tvm{com.google.android.gms}
10-16 19:59:03.655: I/Auth(5451): [GoogleAccountHistoryStore] creating database.
10-16 19:59:03.656: I/MetadataService(1326): Processed 0 update/creates for instance/attributes/
10-16 19:59:03.656: I/MetadataService(1326): Processed 0 update/creates for project/attributes/
10-16 19:59:03.675: I/ContactsProvider(4486): Accounts changed
10-16 19:59:03.647: I/gce.meta.proxy(976): type=1400 audit(0.0:108): avc: denied { name_connect } for dest=80 scontext=u:r:kernel:s0 tcontext=u:object_r:port:s0 tclass=tcp_socket permissive=1
10-16 19:59:03.714: I/Icing(5433): IndexChimeraService.getServiceInterface callingPackage=com.google.android.gm componentName=null serviceId=21
10-16 19:59:03.760: I/ActivityManager(1690): Start proc 5711:com.android.vending/u0a19 for broadcast com.android.vending/com.google.android.finsky.receivers.AccountsChangedReceiver
10-16 19:59:03.785: I/AuthService(5561): [AccountService] Execution time for add account with authorization code, options: Bundle[{}] is 1783 ms.
10-16 19:59:03.796: D/LoginUtil(5532): Instrumentation completed successfully
10-16 19:59:03.799: I/ActivityManager(1690): Force stopping com.google.android.apps.mtaas.loginutil appid=10080 user=0: finished inst
10-16 19:59:03.799: I/ActivityManager(1690): Killing 5532:com.google.android.apps.mtaas.loginutil/u0a80 (adj 0): stop com.google.android.apps.mtaas.loginutil
10-16 19:59:03.801: I/GceMetadataClient(3026): Received updated metadata.
10-16 19:59:03.808: I/RlzPingService(4699): Setting next ping for 1508284743774
10-16 19:59:03.812: D/AndroidRuntime(5513): Shutting down VM
10-16 19:59:03.831: D/ContactDirectoryManager(4486): Found com.google.contacts.gal.provider
10-16 19:59:03.831: D/ContactDirectoryManager(4486): Found com.google.android.gm.exchange.directory.provider
