10-16 19:58:54.781: D/ActivityManager(1690): Storing locale es for decryption UI
10-16 19:58:54.803: I/GceGrallocRegionRegistry(1334): Mapped gralloc-1334.24 hnd=0xb1e5b180 fd=23 base=0xb5c13000 format=RGBA_8888(0x1) width=1600 height=96
10-16 19:58:54.803: I/GceGrallocRegionRegistry(1334): Mapped gralloc-1334.25 hnd=0xb1e5b1c0 fd=24 base=0xb0768000 format=RGBA_8888(0x1) width=1600 height=96
10-16 19:58:54.804: I/GceGrallocRegionRegistry(1334): Mapped gralloc-1334.26 hnd=0xb1e5b200 fd=25 base=0xb06d0000 format=RGBA_8888(0x1) width=1600 height=96
10-16 19:58:54.804: D/PhoneStatusBar(1779): disable: < expand icons alerts system_info back home* recent* clock search* >
10-16 19:58:54.804: D/PermissionCache(1334): checking android.permission.READ_FRAME_BUFFER for uid=1000 => granted (55 us)
10-16 19:58:54.805: I/GceGrallocRegionRegistry(1334): Mapped gralloc-1334.27 hnd=0xb1e5b380 fd=32 base=0x9f85e000 format=RGBA_8888(0x1) width=1600 height=2560
10-16 19:58:54.797: I/surfaceflinger(1334): type=1400 audit(0.0:94): avc: denied { execmem } for scontext=u:r:surfaceflinger:s0 tcontext=u:r:surfaceflinger:s0 tclass=process permissive=1
10-16 19:58:55.115: W/art(1690): Long monitor contention event with owner method=void com.android.server.am.ActivityManagerService.updateConfiguration(android.content.res.Configuration) from ActivityManagerService.java:16664 waiters=0 for 311ms
10-16 19:58:55.115: D/ChangeLocale(5199): Instrumentation completed successfully
10-16 19:58:55.116: I/Choreographer(1779): Skipped 91 frames!  The application may be doing too much work on its main thread.
10-16 19:58:55.119: D/AndroidRuntime(5189): Shutting down VM
10-16 19:58:55.120: I/ActivityManager(1690): Force stopping com.google.android.apps.mtaas.tools appid=10079 user=0: finished inst
10-16 19:58:55.120: I/ActivityManager(1690): Killing 5199:com.google.android.apps.mtaas.tools/u0a79 (adj 0): stop com.google.android.apps.mtaas.tools
10-16 19:58:55.122: I/GceGrallocRegionRegistry(1779): Mapped gralloc-1334.24 hnd=0xa04a5100 fd=61 base=0xa0faf000 format=RGBA_8888(0x1) width=1600 height=96
10-16 19:58:55.124: W/ResourcesManager(1690): Asset path '/system/framework/com.google.android.maps.jar' does not exist or contains no resources.
10-16 19:58:55.241: D/Finsky(4738): [1] ClearCacheReceiver.onReceive: Received android.intent.action.LOCALE_CHANGED. Clearing cache and exiting.
10-16 19:58:55.242: D/Volley(4738): [318] DiskBasedCache.clear: Cache cleared.
10-16 19:58:55.242: D/Volley(4738): [325] DiskBasedCache.clear: Cache cleared.
10-16 19:58:55.246: W/KeyphraseEnrollmentInfo(1953): Enrollment application doesn't support keyphrases
10-16 19:58:55.255: I/art(4738): System.exit called, status: 0
10-16 19:58:55.255: I/AndroidRuntime(4738): VM exiting with result code 0, cleanup skipped.
10-16 19:58:55.257: I/SearchServiceFactory(2122): refreshing internal icing corpora
10-16 19:58:55.270: E/HotwordDataManager(2122): No model available at /data/data/com.google.android.googlequicksearchbox/files/es-ES/hotword.data
10-16 19:58:55.270: E/HotwordDataManager(2122): java.io.FileNotFoundException: /data/data/com.google.android.googlequicksearchbox/files/es-ES/hotword.data: open failed: ENOENT (No such file or directory)
10-16 19:58:55.270: E/HotwordDataManager(2122): 	at libcore.io.IoBridge.open(IoBridge.java:456)
10-16 19:58:55.270: E/HotwordDataManager(2122): 	at java.io.FileInputStream.<init>(FileInputStream.java:76)
10-16 19:58:55.270: E/HotwordDataManager(2122): 	at izp.Rg(PG:102)
10-16 19:58:55.270: E/HotwordDataManager(2122): 	at izk.a(PG:249)
10-16 19:58:55.270: E/HotwordDataManager(2122): 	at izo.m(PG:197)
10-16 19:58:55.270: E/HotwordDataManager(2122): 	at dgl.jC(PG:218)
10-16 19:58:55.270: E/HotwordDataManager(2122): 	at dgn.run(PG:187)
10-16 19:58:55.270: E/HotwordDataManager(2122): 	at java.util.concurrent.Executors$RunnableAdapter.call(Executors.java:422)
10-16 19:58:55.270: E/HotwordDataManager(2122): 	at java.util.concurrent.FutureTask.run(FutureTask.java:237)
10-16 19:58:55.270: E/HotwordDataManager(2122): 	at java.util.concurrent.ScheduledThreadPoolExecutor$ScheduledFutureTask.access$201(ScheduledThreadPoolExecutor.java:152)
10-16 19:58:55.270: E/HotwordDataManager(2122): 	at java.util.concurrent.ScheduledThreadPoolExecutor$ScheduledFutureTask.run(ScheduledThreadPoolExecutor.java:265)
10-16 19:58:55.270: E/HotwordDataManager(2122): 	at java.util.concurrent.ThreadPoolExecutor.runWorker(ThreadPoolExecutor.java:1112)
10-16 19:58:55.270: E/HotwordDataManager(2122): 	at java.util.concurrent.ThreadPoolExecutor$Worker.run(ThreadPoolExecutor.java:587)
10-16 19:58:55.270: E/HotwordDataManager(2122): 	at java.lang.Thread.run(Thread.java:818)
10-16 19:58:55.270: E/HotwordDataManager(2122): 	at feg.run(PG:80)
10-16 19:58:55.270: E/HotwordDataManager(2122): Caused by: android.system.ErrnoException: open failed: ENOENT (No such file or directory)
10-16 19:58:55.270: E/HotwordDataManager(2122): 	at libcore.io.Posix.open(Native Method)
10-16 19:58:55.270: E/HotwordDataManager(2122): 	at libcore.io.BlockGuardOs.open(BlockGuardOs.java:186)
10-16 19:58:55.270: E/HotwordDataManager(2122): 	at libcore.io.IoBridge.open(IoBridge.java:442)
10-16 19:58:55.270: E/HotwordDataManager(2122): 	... 14 more
10-16 19:58:55.295: I/art(2065): Explicit concurrent mark sweep GC freed 39303(2MB) AllocSpace objects, 23(1818KB) LOS objects, 39% free, 12MB/20MB, paused 10.949ms total 56.331ms
10-16 19:58:55.305: I/art(2065): Explicit concurrent mark sweep GC freed 5414(418KB) AllocSpace objects, 5(442KB) LOS objects, 39% free, 11MB/19MB, paused 319us total 9.600ms
10-16 19:58:55.107: I/RenderThread(1779): type=1400 audit(0.0:95): avc: denied { read } for path=2F6465762F6173686D656D2F6772616C6C6F632D313333342E3234202864656C6574656429 dev="tmpfs" ino=138407 scontext=u:r:platform_app:s0 tcontext=u:object_r:surfaceflinger_tmpfs:s0 tclass=file permissive=1
10-16 19:58:55.312: I/Icing(2170): IndexChimeraService.getServiceInterface callingPackage=com.google.android.inputmethod.latin componentName=null serviceId=21
10-16 19:58:55.316: I/GceGrallocRegionRegistry(1779): Unmapped gralloc-1334.21 hnd=0xb3ff3f40 fd=53 base=0x9905e000
10-16 19:58:55.317: I/GceGrallocRegionRegistry(1779): Unmapped gralloc-1334.22 hnd=0x9c64d540 fd=56 base=0x980bc000
10-16 19:58:55.317: I/GceGrallocRegionRegistry(1779): Unmapped gralloc-1334.23 hnd=0xa04a5700 fd=57 base=0x9711a000
10-16 19:58:55.318: I/GceGrallocRegionRegistry(1334): Unmapped gralloc-1334.22 hnd=0xb58384c0 fd=15 base=0xa285e000
10-16 19:58:55.321: I/GceGrallocRegionRegistry(1334): Unmapped gralloc-1334.23 hnd=0xb5838800 fd=18 base=0xa18bc000
10-16 19:58:55.358: I/Icing(2170): Usage reports 0 indexed 0 rejected 0 imm upload false
10-16 19:58:55.364: I/ActivityManager(1690): Process com.android.vending (pid 4738) has died
10-16 19:58:55.384: I/ContactLocale(4486): AddressBook Labels [es]: [, A, B, C, D, E, F, G, H, I, J, K, L, M, N, , O, P, Q, R, S, T, U, V, W, X, Y, Z, , , , , , , , , , , , , , , , , , , , , , , , , , , , , , , , , , , , , , , , , , , , , , , , , , , , , , , , , , , , , , , , , , , , , , , , , , , , , , , , , , , , , , , , , , , , , , , , , , , , , , , , , , , , , , , , , , , , , , , , , , , , , , , , , , , , , , , , , , , , , , , , , , , , , , , , , , , , , , , , , , , , , , , , , , , , , , , , , , , , , , , , , , , , #, ]
10-16 19:58:55.419: I/GceGrallocRegionRegistry(1334): Mapped gralloc-1334.28 hnd=0xb5838800 fd=15 base=0xb7004000 format=RGBA_8888(0x1) width=1600 height=50
10-16 19:58:55.420: I/GceGrallocRegionRegistry(1779): Mapped gralloc-1334.28 hnd=0x9c64d280 fd=56 base=0xa0831000 format=RGBA_8888(0x1) width=1600 height=50
10-16 19:58:55.437: I/art(2065): Explicit concurrent mark sweep GC freed 3(96B) AllocSpace objects, 0(0B) LOS objects, 39% free, 11MB/19MB, paused 38.810ms total 131.706ms
10-16 19:58:55.553: I/ContactsProvider(4486): Locale has changed from en-US to es
10-16 19:58:55.555: I/ContactsDatabaseHelper(4486): Switching to locale es (ICU v53.1.0.1)
10-16 19:58:55.604: I/GceGrallocRegionRegistry(1334): Unmapped gralloc-1334.21 hnd=0xb58387c0 fd=16 base=0xa485e000
10-16 19:58:55.624: W/art(1690): Long monitor contention event with owner method=void com.android.server.am.ActivityManagerService$AppDeathRecipient.binderDied() from ActivityManagerService.java:1228 waiters=3 for 182ms
10-16 19:58:55.624: W/KeyphraseEnrollmentInfo(1953): Enrollment application doesn't support keyphrases
10-16 19:58:55.625: I/GceGrallocRegionRegistry(2065): Unmapped gralloc-1334.17 hnd=0x9eed0800 fd=58 base=0x9720d000
10-16 19:58:55.625: I/GceGrallocRegionRegistry(2065): Unmapped gralloc-1334.18 hnd=0x9eed0040 fd=33 base=0x9c0f7000
10-16 19:58:55.626: I/GceGrallocRegionRegistry(2065): Unmapped gralloc-1334.19 hnd=0xb3d21900 fd=44 base=0x9885e000
10-16 19:58:55.626: I/GceGrallocRegionRegistry(1334): Unmapped gralloc-1334.18 hnd=0xb5838680 fd=36 base=0xa8f9a000
10-16 19:58:55.628: I/GceGrallocRegionRegistry(1334): Unmapped gralloc-1334.19 hnd=0xb58386c0 fd=37 base=0xa7ff8000
10-16 19:58:55.632: W/Launcher(2065): setApplicationContext called twice! old=com.android.launcher3.LauncherApplication@3127e51a new=com.android.launcher3.LauncherApplication@3127e51a
10-16 19:58:55.673: I/SearchServiceFactory(2122): refreshing search history.
10-16 19:58:55.683: W/LocationOracleImpl(2122): Best location was null
10-16 19:58:55.706: W/InputMethodInfo(1690): Duplicated subtype definition found: , voice
10-16 19:58:55.713: I/InputMethodManagerService(1690): Selected default: com.google.android.inputmethod.latin/com.android.inputmethod.latin.LatinIME
10-16 19:58:55.716: W/InputMethodManagerService(1690): Illegal subtype state: old subtype = null, new subtype = android.view.inputmethod.InputMethodSubtype@30a6e00e
10-16 19:58:55.728: I/ActivityManager(1690): Start proc 5232:com.google.android.calendar/u0a31 for broadcast com.google.android.calendar/com.android.calendar.alerts.AlertReceiver
10-16 19:58:55.732: W/ResourceType(2065): Attempt to retrieve bag 0x7f0d0008 which is invalid or in a cycle.
10-16 19:58:55.735: I/Choreographer(1779): Skipped 36 frames!  The application may be doing too much work on its main thread.
10-16 19:58:55.737: W/GAV2(2122): Thread[Background Non-Blocking-2,5,main]: dispatch call queued.  Need to call GAServiceManager.getInstance().initialize().
10-16 19:58:55.741: D/Launcher(2065): 11683562 - bindAddScreens()
10-16 19:58:55.741: D/Launcher(2065): 11683562 -   orderedScreenIds: 3
10-16 19:58:55.741: D/Launcher.Workspace(2065): 11683562 - insertNewWorkspaceScreen(): 3 at index: 0
10-16 19:58:55.750: I/UpdateIcingCorporaServi(2122): Updating corpora: APPS=FORCE_ALL, CONTACTS=FORCE_ALL
10-16 19:58:55.763: W/Search.SearchUrlHelper(2122): Auth token not ready, no auth header set.
10-16 19:58:55.773: W/asset(2122): Asset path /system/framework/com.google.android.dialer.support.jar is neither a directory nor file (type=1).
10-16 19:58:55.773: W/ResourcesManager(2122): Asset path '/system/framework/com.google.android.dialer.support.jar' does not exist or contains no resources.
10-16 19:58:55.815: E/SQLiteLog(5232): (283) recovered 17 frames from WAL file /data/data/com.google.android.calendar/databases/timelydata.db-wal
10-16 19:58:55.826: W/ResourcesManager(2065): Asset path '/system/framework/com.google.android.maps.jar' does not exist or contains no resources.
10-16 19:58:55.883: I/GceGrallocRegionRegistry(1334): Mapped gralloc-1334.29 hnd=0xb1e5b280 fd=16 base=0xb280d000 format=RGBA_8888(0x1) width=1600 height=50
10-16 19:58:55.884: I/GceGrallocRegionRegistry(1779): Mapped gralloc-1334.29 hnd=0x9c64d9c0 fd=60 base=0x9fc3d000 format=RGBA_8888(0x1) width=1600 height=50
10-16 19:58:55.900: I/GceGrallocRegionRegistry(1779): Mapped gralloc-1334.25 hnd=0x9c648300 fd=63 base=0x99f68000 format=RGBA_8888(0x1) width=1600 height=96
10-16 19:58:55.933: I/ContactsDatabaseHelper(4486): Locale change completed in 378ms
10-16 19:58:55.933: I/ContactsDatabaseHelper(4486): Switching to locale es (ICU v53.1.0.1)
10-16 19:58:55.972: D/AndroidRuntime(5228): >>>>>> START com.android.internal.os.RuntimeInit uid 0 <<<<<<
10-16 19:58:55.973: D/AndroidRuntime(5228): CheckJNI is OFF
10-16 19:58:55.973: W/ResourcesManager(2122): Asset path '/system/framework/com.google.android.media.effects.jar' does not exist or contains no resources.
10-16 19:58:55.983: I/ActivityManager(1690): Start proc 5260:com.android.providers.calendar/u0a2 for content provider com.android.providers.calendar/.CalendarProvider2
10-16 19:58:56.007: I/GceGrallocRegionRegistry(1334): Unmapped gralloc-1334.17 hnd=0xb5838640 fd=34 base=0xab85e000
10-16 19:58:56.023: V/WindowManager(1690): Based on layer: Adding window Window{1012146d u0 com.android.launcher3/com.android.launcher3.Launcher} at 1 of 7
10-16 19:58:56.032: I/Choreographer(2065): Skipped 46 frames!  The application may be doing too much work on its main thread.
10-16 19:58:56.032: D/Launcher.Model(2065): 11683562 - loadWorkspace()
10-16 19:58:56.032: D/Launcher.Model(2065): 11683562 -   loadedOldDb: false
10-16 19:58:56.045: W/asset(2065): Asset path /system/framework/com.google.android.dialer.support.jar is neither a directory nor file (type=1).
10-16 19:58:56.045: W/ResourcesManager(2065): Asset path '/system/framework/com.google.android.dialer.support.jar' does not exist or contains no resources.
10-16 19:58:56.054: W/ResourcesManager(5260): Asset path '/system/framework/android.test.runner.jar' does not exist or contains no resources.
10-16 19:58:56.113: D/Launcher.Model(2065): 11683562 - loadWorkspaceScreensDb()
10-16 19:58:56.113: D/Launcher.Model(2065): 11683562 -   screens: { 0: 3 }
10-16 19:58:56.113: D/Launcher.Model(2065): 11683562 -   sBgWorkspaceScreens: 3
10-16 19:58:56.115: W/ActivityManager(1690): Unable to start service Intent { act=com.google.android.gms.playlog.service.START pkg=com.google.android.gms } U=0: not found
10-16 19:58:56.116: E/GmsClient(5232): unable to connect to service: com.google.android.gms.playlog.service.START
10-16 19:58:56.117: E/TimelyPrefService(5232): Primary account is null
10-16 19:58:56.145: W/AnalyticsLogBase(5232): PlayLogger.onLoggerFailedConnection
10-16 19:58:56.175: I/CalendarProvider2(5260): Created com.android.providers.calendar.CalendarAlarmManager@3c4de7c5(com.android.providers.calendar.CalendarProvider2@3127e51a)
10-16 19:58:56.208: V/AlarmClock(3819): AlarmInitReceiver android.intent.action.LOCALE_CHANGED
10-16 19:58:56.254: V/AlarmClock(3819): AlarmInitReceiver finished
10-16 19:58:56.282: E/memtrack(5228): Couldn't load memtrack module (No such file or directory)
10-16 19:58:56.282: E/android.os.Debug(5228): failed to load memtrack module: -2
10-16 19:58:56.311: I/ActivityManager(1690): Start proc 5284:com.google.android.apps.fitness/u0a40 for broadcast com.google.android.apps.fitness/.FitnessLocaleChangedReceiver
10-16 19:58:56.338: W/art(1690): Long monitor contention event with owner method=int com.android.server.wm.WindowManagerService.relayoutWindow(com.android.server.wm.Session, android.view.IWindow, int, android.view.WindowManager$LayoutParams, int, int, int, int, android.graphics.Rect, android.graphics.Rect, android.graphics.Rect, android.graphics.Rect, android.graphics.Rect, android.content.res.Configuration, android.view.Surface) from WindowManagerService.java:3012 waiters=0 for 184ms
10-16 19:58:56.342: I/ContactsDatabaseHelper(4486): Locale change completed in 409ms
10-16 19:58:56.344: I/Icing(2170): IndexChimeraService.getServiceInterface callingPackage=com.google.android.googlequicksearchbox componentName=null serviceId=21
10-16 19:58:56.345: I/GceGrallocRegionRegistry(1334): Mapped gralloc-1334.30 hnd=0xaabac040 fd=18 base=0xab85e000 format=RGBA_8888(0x1) width=1600 height=2560
10-16 19:58:56.345: I/GceGrallocRegionRegistry(1334): Mapped gralloc-1334.31 hnd=0xaabac080 fd=29 base=0xa985e000 format=RGBA_8888(0x1) width=1600 height=2560
10-16 19:58:56.345: I/GceGrallocRegionRegistry(1334): Mapped gralloc-1334.32 hnd=0xaabac0c0 fd=30 base=0xa88bc000 format=RGBA_8888(0x1) width=1600 height=2560
10-16 19:58:56.407: W/ActivityManager(1690): getRunningAppProcesses: caller 10078 does not hold REAL_GET_TASKS; limiting output
10-16 19:58:56.529: I/FitnessApp(5284): Validating ObjectGraph
10-16 19:58:56.536: I/GceGrallocRegionRegistry(2065): Mapped gralloc-1334.30 hnd=0x9ebbfa00 fd=52 base=0x981ce000 format=RGBA_8888(0x1) width=1600 height=2560
10-16 19:58:56.527: I/RenderThread(2065): type=1400 audit(0.0:96): avc: denied { read } for path=2F6465762F6173686D656D2F6772616C6C6F632D313333342E3330202864656C6574656429 dev="tmpfs" ino=138654 scontext=u:r:untrusted_app:s0 tcontext=u:object_r:surfaceflinger_tmpfs:s0 tclass=file permissive=1
10-16 19:58:56.591: I/ContactsFTS(4486): Rebuild contact search index in 188ms, 0 contacts
10-16 19:58:56.601: D/AndroidRuntime(5228): Calling main entry com.android.commands.settings.SettingsCmd
10-16 19:58:56.606: I/WindowManager(1690): Screen frozen for +1s802ms due to Window{1012146d u0 com.android.launcher3/com.android.launcher3.Launcher}
10-16 19:58:56.633: D/AndroidRuntime(5228): Shutting down VM
10-16 19:58:56.640: I/Icing(2170): Usage reports 0 indexed 0 rejected 0 imm upload true
10-16 19:58:56.646: I/ApplicationLogger(2122): canRun() : Opted Out
10-16 19:58:56.680: I/FitnessApp(5284): Initializers took 149 milliseconds
10-16 19:58:56.783: I/Remoter(1326): Saved screenshot to '/data/screenshots/__pmv__-0065.jpg'
10-16 19:58:56.831: I/GceGrallocRegionRegistry(2065): Mapped gralloc-1334.31 hnd=0x9eba8800 fd=51 base=0x9722c000 format=RGBA_8888(0x1) width=1600 height=2560
10-16 19:58:57.232: D/AndroidRuntime(5317): >>>>>> START com.android.internal.os.RuntimeInit uid 0 <<<<<<
10-16 19:58:57.233: D/AndroidRuntime(5317): CheckJNI is OFF
10-16 19:58:57.233: W/art(1690): Long monitor contention event with owner method=void com.android.server.wm.WindowAnimator$1.run() from WindowAnimator.java:124 waiters=1 for 340ms
10-16 19:58:57.234: W/art(1690): Long monitor contention event with owner method=void com.android.server.wm.WindowAnimator$1.run() from WindowAnimator.java:124 waiters=1 for 196ms
10-16 19:58:57.235: W/art(1690): Long monitor contention event with owner method=void com.android.server.am.ActivityManagerService.updateConfiguration(android.content.res.Configuration) from ActivityManagerService.java:16664 waiters=0 for 540ms
10-16 19:58:57.253: W/art(1690): Long monitor contention event with owner method=void com.android.server.am.ActivityManagerService.updateConfiguration(android.content.res.Configuration) from ActivityManagerService.java:16664 waiters=1 for 556ms
10-16 19:58:57.254: W/art(1690): Long monitor contention event with owner method=void com.android.server.am.ActivityManagerService.updateConfiguration(android.content.res.Configuration) from ActivityManagerService.java:16664 waiters=2 for 459ms
10-16 19:58:57.254: W/art(1690): Long monitor contention event with owner method=void com.android.server.am.ActivityManagerService.updateConfiguration(android.content.res.Configuration) from ActivityManagerService.java:16664 waiters=3 for 320ms
10-16 19:58:57.255: I/SystemBroadcastReceiver(1979): System locale changed
10-16 19:58:57.255: W/art(2170): Long monitor contention event with owner method=boolean mbu.handleMessage(android.os.Message) from :com.google.android.gms@11519270:2 waiters=0 for 400ms
10-16 19:58:57.259: I/Choreographer(2065): Skipped 35 frames!  The application may be doing too much work on its main thread.
10-16 19:58:57.266: I/ContactLogger(2122): canRun() : Opted Out
10-16 19:58:57.266: I/UpdateIcingCorporaServi(2122): UpdateCorporaTask done [took 1515 ms] updated apps [took 896 ms] updated contacts [took 619 ms]
10-16 19:58:57.266: I/UpdateIcingCorporaServi(2122): Updating corpora: APPS=MAYBE, CONTACTS=MAYBE
10-16 19:58:57.274: D/Launcher(2065): 11683562 - bindAddScreens()
10-16 19:58:57.274: D/Launcher(2065): 11683562 -   orderedScreenIds: 3
10-16 19:58:57.274: D/Launcher.Workspace(2065): 11683562 - insertNewWorkspaceScreen(): 3 at index: 0
10-16 19:58:57.288: I/ApplicationLogger(2122): canRun() : Opted Out
10-16 19:58:57.288: I/UpdateIcingCorporaServi(2122): UpdateCorporaTask done [took 21 ms] updated apps [took 21 ms] 
10-16 19:58:57.327: I/ActivityManager(1690): Start proc 5324:com.google.android.gm/u0a70 for broadcast com.google.android.gm/.MailIntentReceiver
10-16 19:58:57.340: I/CalendarProvider2(5260): Sending notification intent: Intent { act=android.intent.action.PROVIDER_CHANGED dat=content://com.android.calendar }
10-16 19:58:57.340: W/ContentResolver(5260): Failed to get type for: content://com.android.calendar (Unknown URL content://com.android.calendar)
10-16 19:58:57.359: I/IcingInternalCorpora(2170): Received calendar change notification.
10-16 19:58:57.412: I/GceGrallocRegionRegistry(1334): Unmapped gralloc-1334.27 hnd=0xb1e5b380 fd=32 base=0x9f85e000
10-16 19:58:57.429: I/GceGrallocRegionRegistry(2065): Mapped gralloc-1334.32 hnd=0x9ebbf640 fd=54 base=0x95c5e000 format=RGBA_8888(0x1) width=1600 height=2560
10-16 19:58:57.439: W/Conscrypt(2290): Could not set socket write timeout:
10-16 19:58:57.439: W/Conscrypt(2290):    java.lang.reflect.Method.invoke(Native Method)
10-16 19:58:57.439: W/Conscrypt(2290):    java.lang.reflect.Method.invoke(Method.java:372)
10-16 19:58:57.457: E/memtrack(5317): Couldn't load memtrack module (No such file or directory)
10-16 19:58:57.457: E/android.os.Debug(5317): failed to load memtrack module: -2
10-16 19:58:57.515: I/art(2290): Explicit concurrent mark sweep GC freed 79841(4MB) AllocSpace objects, 5(82KB) LOS objects, 40% free, 16MB/27MB, paused 7.230ms total 63.107ms
10-16 19:58:57.519: D/ActivityThread(5324): Loading provider com.google.android.gmail.provider;com.android.mail.notifier;com.google.android.gm.email.provider;com.google.android.gm.email.notifier: com.android.email.provider.EmailProvider
10-16 19:58:57.551: D/AndroidRuntime(5317): Calling main entry com.android.commands.settings.SettingsCmd
10-16 19:58:57.593: D/AndroidRuntime(5317): Shutting down VM
10-16 19:58:57.600: I/Gmail(5324): getAccountsCursor
10-16 19:58:57.604: E/art(5317): Thread attaching while runtime is shutting down: Binder_2
10-16 19:58:57.604: I/AndroidRuntime(5317): NOTE: attach of thread 'Binder_2' failed
10-16 19:58:57.611: W/ActivityManager(1690): Unable to start service Intent { cmp=com.google.android.gm/com.android.email.service.AttachmentService } U=0: not found
10-16 19:58:57.611: W/ActivityManager(1690): Unable to start service Intent { cmp=com.google.android.gm/com.android.email.service.AttachmentService } U=0: not found
10-16 19:58:57.619: W/GAV2(5324): Thread[main,5,main]: Need to call initialize() and be in fallback mode to start dispatch.
10-16 19:58:57.625: I/Gmail(5324): Observing account changes for notifications
10-16 19:58:57.656: I/Icing(2170): Indexing 78809412366E3FB9E25492F12C0E3355617CA57E from com.google.android.googlequicksearchbox
10-16 19:58:57.727: W/ChimeraUtils(2170): Non Chimera context
10-16 19:58:57.809: I/Icing(2170): IndexChimeraService.getServiceInterface callingPackage=com.google.android.gms componentName=AppsCorpus serviceId=36
10-16 19:58:57.809: I/Icing(2170): IndexChimeraService.getServiceInterface callingPackage=com.google.android.gms componentName=AppsCorpus serviceId=32
10-16 19:58:57.811: I/Icing(2170): Query from com.google.android.gms package restrict com.google.android.gms start 0 num 100
10-16 19:58:57.975: I/art(1690): Explicit concurrent mark sweep GC freed 24674(1687KB) AllocSpace objects, 16(700KB) LOS objects, 33% free, 16MB/25MB, paused 60.451ms total 321.610ms
10-16 19:58:57.975: W/art(1690): Long monitor contention event with owner method=void com.android.server.content.ContentService.registerContentObserver(android.net.Uri, boolean, android.database.IContentObserver, int) from ContentService.java:187 waiters=1 for 276ms
10-16 19:58:57.976: W/art(1690): Long monitor contention event with owner method=void com.android.server.content.ContentService.registerContentObserver(android.net.Uri, boolean, android.database.IContentObserver, int) from ContentService.java:187 waiters=2 for 268ms
10-16 19:58:57.980: I/Icing(2170): IndexChimeraService.getServiceInterface callingPackage=com.google.android.gm componentName=null serviceId=21
10-16 19:58:58.004: I/Icing(2170): IndexChimeraService.getServiceInterface callingPackage=com.google.android.gms componentName=AppsCorpus serviceId=32
10-16 19:58:58.005: I/Icing(2170): IndexChimeraService.getServiceInterface callingPackage=com.google.android.gms componentName=AppsCorpus serviceId=36
10-16 19:58:58.024: I/Gmail(5324): getAccountsCursor
10-16 19:58:58.027: I/NotifUtils(5324): resendNotifications cancelExisting: true, account: null, folder: null
10-16 19:58:58.046: I/NotifUtils(5324): resendNotifications cancelExisting: true, account: null, folder: null
10-16 19:58:58.055: I/Gmail(5324): getAccountsCursor
10-16 19:58:58.062: W/Conscrypt(2290): Could not set socket write timeout:
10-16 19:58:58.062: W/Conscrypt(2290):    java.lang.reflect.Method.invoke(Native Method)
10-16 19:58:58.062: W/Conscrypt(2290):    java.lang.reflect.Method.invoke(Method.java:372)
10-16 19:58:58.394: D/AndroidRuntime(5373): >>>>>> START com.android.internal.os.RuntimeInit uid 0 <<<<<<
10-16 19:58:58.395: D/AndroidRuntime(5373): CheckJNI is OFF
10-16 19:58:58.499: E/memtrack(5373): Couldn't load memtrack module (No such file or directory)
10-16 19:58:58.499: E/android.os.Debug(5373): failed to load memtrack module: -2
10-16 19:58:58.532: D/AndroidRuntime(5373): Calling main entry com.android.commands.am.Am
10-16 19:58:58.548: I/ActivityManager(1690): START u0 {flg=0x10000000 cmp=com.google.android.apps.mtaas.backdrop/.BackdropActivity} from uid 0 on display 0
10-16 19:58:58.548: V/WindowManager(1690): addAppToken: AppWindowToken{372ac1f8 token=Token{3c9cd55b ActivityRecord{26f55c6a u0 com.google.android.apps.mtaas.backdrop/.BackdropActivity t4}}} to stack=1 task=4 at 0
10-16 19:58:58.552: V/WindowManager(1690): Adding window Window{32140f09 u0 Starting com.google.android.apps.mtaas.backdrop} at 2 of 7 (after Window{1012146d u0 com.android.launcher3/com.android.launcher3.Launcher})
10-16 19:58:58.563: I/ActivityManager(1690): Start proc 5403:com.google.android.apps.mtaas.backdrop/u0a81 for activity com.google.android.apps.mtaas.backdrop/.BackdropActivity
10-16 19:58:58.565: D/AndroidRuntime(5373): Shutting down VM
10-16 19:58:58.580: W/ActivityManager(1690): getRunningAppProcesses: caller 10078 does not hold REAL_GET_TASKS; limiting output
10-16 19:58:58.709: I/GceGrallocRegionRegistry(2065): Unmapped gralloc-1334.30 hnd=0x9ebbfa00 fd=52 base=0x981ce000
10-16 19:58:58.709: I/GceGrallocRegionRegistry(2065): Unmapped gralloc-1334.31 hnd=0x9eba8800 fd=51 base=0x9722c000
10-16 19:58:58.710: I/GceGrallocRegionRegistry(2065): Unmapped gralloc-1334.32 hnd=0x9ebbf640 fd=54 base=0x95c5e000
10-16 19:58:58.710: I/GceGrallocRegionRegistry(1334): Unmapped gralloc-1334.30 hnd=0xaabac040 fd=18 base=0xab85e000
10-16 19:58:58.714: I/GceGrallocRegionRegistry(1334): Mapped gralloc-1334.33 hnd=0xb58386c0 fd=18 base=0xab8f4000 format=RGBA_8888(0x1) width=1600 height=2464
10-16 19:58:58.715: I/GceGrallocRegionRegistry(1690): Mapped gralloc-1334.33 hnd=0x9b9a5900 fd=182 base=0x99be0000 format=RGBA_8888(0x1) width=1600 height=2464
10-16 19:58:58.751: I/GceGrallocRegionRegistry(1334): Unmapped gralloc-1334.31 hnd=0xaabac080 fd=29 base=0xa985e000
10-16 19:58:58.707: I/android.display(1690): type=1400 audit(0.0:97): avc: denied { read } for path=2F6465762F6173686D656D2F6772616C6C6F632D313333342E3333202864656C6574656429 dev="tmpfs" ino=138152 scontext=u:r:system_server:s0 tcontext=u:object_r:surfaceflinger_tmpfs:s0 tclass=file permissive=1
10-16 19:58:58.755: W/art(2290): Long monitor contention event with owner method=void sxp.a(sxx, int) from :com.google.android.gms@11519270:66 waiters=0 for 330ms
10-16 19:58:58.807: I/art(2170): WaitForGcToComplete blocked for 10.510ms for cause DisableMovingGc
10-16 19:58:58.853: E/Herrevad(2170): [506] RemoteReportsRefreshChimeraService.a: want to send authenticated request, but no Google account on device
10-16 19:58:58.856: I/Icing(2170): Usage reports 0 indexed 0 rejected 0 imm upload false
10-16 19:58:58.859: I/Icing(2170): Usage reports 0 indexed 0 rejected 0 imm upload false
10-16 19:58:58.867: I/LocaleChangeIO(2290): Requesting GmsCore restart due to change in locale assets
10-16 19:58:58.868: W/ActivityManager(1690): Unable to start service Intent { act=com.google.android.gms.nearby.discovery:ACTION_LOCALE_CHANGE cmp=com.google.android.gms/.nearby.discovery.service.DiscoveryService } U=0: not found
10-16 19:58:58.868: I/Icing(2170): Usage reports 0 indexed 0 rejected 0 imm upload false
10-16 19:58:58.875: I/Process(2170): Sending signal. PID: 2170 SIG: 9
10-16 19:58:58.876: I/Process(2290): Sending signal. PID: 2290 SIG: 9
10-16 19:58:58.964: I/BackdropActivity(5403): android_id: 4315121551056739765
10-16 19:58:58.982: I/Process(4778): Sending signal. PID: 4778 SIG: 9
10-16 19:58:58.993: E/FrameworkListener(1336): read() failed (Connection reset by peer)
10-16 19:58:59.002: D/ConnectivityService(1690): ConnectivityService NetworkRequestInfo binderDied(NetworkRequest [ id=3, legacyType=-1, [ Capabilities: INTERNET&NOT_RESTRICTED&TRUSTED&NOT_VPN] ], android.os.BinderProxy@1e0bbe1f)
10-16 19:58:59.002: I/ActivityManager(1690): Process com.google.android.gms (pid 2170) has died
10-16 19:58:59.002: D/WifiService(1690): Client connection lost with reason: 4
10-16 19:58:59.002: E/lowmemorykiller(1331): Error writing /proc/2290/oom_score_adj; errno=22
10-16 19:58:59.013: D/ConnectivityService(1690): releasing NetworkRequest NetworkRequest [ id=3, legacyType=-1, [ Capabilities: INTERNET&NOT_RESTRICTED&TRUSTED&NOT_VPN] ]
10-16 19:58:59.067: I/Remoter(1326): Saved screenshot to '/data/screenshots/__pmv__-0066.jpg'
10-16 19:58:59.028: E/JavaBinder(1690): !!! FAILED BINDER TRANSACTION !!!
10-16 19:58:59.074: W/ActivityManager(1690): Exception when unbinding service com.google.android.gms/.chimera.PersistentBoundBrokerService
10-16 19:58:59.074: W/ActivityManager(1690): android.os.TransactionTooLargeException
10-16 19:58:59.074: W/ActivityManager(1690): 	at android.os.BinderProxy.transactNative(Native Method)
10-16 19:58:59.074: W/ActivityManager(1690): 	at android.os.BinderProxy.transact(Binder.java:496)
10-16 19:58:59.074: W/ActivityManager(1690): 	at android.app.ApplicationThreadProxy.scheduleUnbindService(ApplicationThreadNative.java:921)
10-16 19:58:59.074: W/ActivityManager(1690): 	at com.android.server.am.ActiveServices.removeConnectionLocked(ActiveServices.java:1795)
10-16 19:58:59.074: W/ActivityManager(1690): 	at com.android.server.am.ActiveServices.killServicesLocked(ActiveServices.java:2193)
10-16 19:58:59.074: W/ActivityManager(1690): 	at com.android.server.am.ActivityManagerService.cleanUpApplicationRecordLocked(ActivityManagerService.java:14907)
10-16 19:58:59.074: W/ActivityManager(1690): 	at com.android.server.am.ActivityManagerService.handleAppDiedLocked(ActivityManagerService.java:4557)
10-16 19:58:59.074: W/ActivityManager(1690): 	at com.android.server.am.ActivityManagerService.appDiedLocked(ActivityManagerService.java:4722)
10-16 19:58:59.074: W/ActivityManager(1690): 	at com.android.server.am.ActivityManagerService$AppDeathRecipient.binderDied(ActivityManagerService.java:1229)
10-16 19:58:59.074: W/ActivityManager(1690): 	at android.os.BinderProxy.sendDeathNotice(Binder.java:551)
10-16 19:58:59.074: E/lowmemorykiller(1331): Error opening /proc/2290/oom_score_adj; errno=2
10-16 19:58:59.074: E/lowmemorykiller(1331): Error opening /proc/2290/oom_score_adj; errno=2
10-16 19:58:59.094: E/ConnectivityService(1690): RemoteException caught trying to send a callback msg for NetworkRequest [ id=3, legacyType=-1, [ Capabilities: INTERNET&NOT_RESTRICTED&TRUSTED&NOT_VPN] ]
10-16 19:58:59.134: E/JavaBinder(1690): !!! FAILED BINDER TRANSACTION !!!
10-16 19:58:59.134: W/ActivityManager(1690): Exception when unbinding service com.google.android.gms/.lockbox.service.LockboxBrokerService
10-16 19:58:59.134: W/ActivityManager(1690): android.os.TransactionTooLargeException
10-16 19:58:59.134: W/ActivityManager(1690): 	at android.os.BinderProxy.transactNative(Native Method)
10-16 19:58:59.134: W/ActivityManager(1690): 	at android.os.BinderProxy.transact(Binder.java:496)
10-16 19:58:59.134: W/ActivityManager(1690): 	at android.app.ApplicationThreadProxy.scheduleUnbindService(ApplicationThreadNative.java:921)
10-16 19:58:59.134: W/ActivityManager(1690): 	at com.android.server.am.ActiveServices.removeConnectionLocked(ActiveServices.java:1795)
10-16 19:58:59.134: W/ActivityManager(1690): 	at com.android.server.am.ActiveServices.killServicesLocked(ActiveServices.java:2193)
10-16 19:58:59.134: W/ActivityManager(1690): 	at com.android.server.am.ActivityManagerService.cleanUpApplicationRecordLocked(ActivityManagerService.java:14907)
10-16 19:58:59.134: W/ActivityManager(1690): 	at com.android.server.am.ActivityManagerService.handleAppDiedLocked(ActivityManagerService.java:4557)
10-16 19:58:59.134: W/ActivityManager(1690): 	at com.android.server.am.ActivityManagerService.appDiedLocked(ActivityManagerService.java:4722)
10-16 19:58:59.134: W/ActivityManager(1690): 	at com.android.server.am.ActivityManagerService$AppDeathRecipient.binderDied(ActivityManagerService.java:1229)
10-16 19:58:59.134: W/ActivityManager(1690): 	at android.os.BinderProxy.sendDeathNotice(Binder.java:551)
10-16 19:58:59.135: E/lowmemorykiller(1331): Error opening /proc/2290/oom_score_adj; errno=2
10-16 19:58:59.135: E/lowmemorykiller(1331): Error opening /proc/2290/oom_score_adj; errno=2
10-16 19:58:59.143: D/GpsStatusListenerHelper(1690): Remote Listener died: android.location.IGpsStatusListener$Stub$Proxy@9e7956c
10-16 19:58:59.144: V/BackupManagerService(1690): Disconnected from transport ComponentInfo{com.google.android.gms/com.google.android.gms.backup.BackupTransportService}
10-16 19:58:59.144: V/BackupManagerService(1690): Registering transport com.google.android.gms/.backup.BackupTransportService::null = null
10-16 19:58:59.144: D/WifiService(1690): Client connection lost with reason: 4
10-16 19:58:59.153: W/ActivityManager(1690): Exception when unbinding service com.google.android.gms/.pseudonymous.service.PseudonymousIdService
10-16 19:58:59.153: W/ActivityManager(1690): android.os.DeadObjectException
10-16 19:58:59.153: W/ActivityManager(1690): 	at android.os.BinderProxy.transactNative(Native Method)
10-16 19:58:59.153: W/ActivityManager(1690): 	at android.os.BinderProxy.transact(Binder.java:496)
10-16 19:58:59.153: W/ActivityManager(1690): 	at android.app.ApplicationThreadProxy.scheduleUnbindService(ApplicationThreadNative.java:921)
10-16 19:58:59.153: W/ActivityManager(1690): 	at com.android.server.am.ActiveServices.removeConnectionLocked(ActiveServices.java:1795)
10-16 19:58:59.153: W/ActivityManager(1690): 	at com.android.server.am.ActiveServices.killServicesLocked(ActiveServices.java:2193)
10-16 19:58:59.153: W/ActivityManager(1690): 	at com.android.server.am.ActivityManagerService.cleanUpApplicationRecordLocked(ActivityManagerService.java:14907)
10-16 19:58:59.153: W/ActivityManager(1690): 	at com.android.server.am.ActivityManagerService.handleAppDiedLocked(ActivityManagerService.java:4557)
10-16 19:58:59.153: W/ActivityManager(1690): 	at com.android.server.am.ActivityManagerService.appDiedLocked(ActivityManagerService.java:4722)
10-16 19:58:59.153: W/ActivityManager(1690): 	at com.android.server.am.ActivityManagerService$AppDeathRecipient.binderDied(ActivityManagerService.java:1229)
10-16 19:58:59.153: W/ActivityManager(1690): 	at android.os.BinderProxy.sendDeathNotice(Binder.java:551)
10-16 19:58:59.153: E/lowmemorykiller(1331): Error opening /proc/2290/oom_score_adj; errno=2
10-16 19:58:59.153: E/lowmemorykiller(1331): Error opening /proc/2290/oom_score_adj; errno=2
10-16 19:58:59.154: W/ActivityManager(1690): Exception when unbinding service com.google.android.gms/.usagereporting.service.UsageReportingService
10-16 19:58:59.154: W/ActivityManager(1690): android.os.DeadObjectException
10-16 19:58:59.154: W/ActivityManager(1690): 	at android.os.BinderProxy.transactNative(Native Method)
10-16 19:58:59.154: W/ActivityManager(1690): 	at android.os.BinderProxy.transact(Binder.java:496)
10-16 19:58:59.154: W/ActivityManager(1690): 	at android.app.ApplicationThreadProxy.scheduleUnbindService(ApplicationThreadNative.java:921)
10-16 19:58:59.154: W/ActivityManager(1690): 	at com.android.server.am.ActiveServices.removeConnectionLocked(ActiveServices.java:1795)
10-16 19:58:59.154: W/ActivityManager(1690): 	at com.android.server.am.ActiveServices.killServicesLocked(ActiveServices.java:2193)
10-16 19:58:59.154: W/ActivityManager(1690): 	at com.android.server.am.ActivityManagerService.cleanUpApplicationRecordLocked(ActivityManagerService.java:14907)
10-16 19:58:59.154: W/ActivityManager(1690): 	at com.android.server.am.ActivityManagerService.handleAppDiedLocked(ActivityManagerService.java:4557)
10-16 19:58:59.154: W/ActivityManager(1690): 	at com.android.server.am.ActivityManagerService.appDiedLocked(ActivityManagerService.java:4722)
10-16 19:58:59.154: W/ActivityManager(1690): 	at com.android.server.am.ActivityManagerService$AppDeathRecipient.binderDied(ActivityManagerService.java:1229)
10-16 19:58:59.154: W/ActivityManager(1690): 	at android.os.BinderProxy.sendDeathNotice(Binder.java:551)
10-16 19:58:59.154: E/lowmemorykiller(1331): Error opening /proc/2290/oom_score_adj; errno=2
10-16 19:58:59.154: E/lowmemorykiller(1331): Error opening /proc/2290/oom_score_adj; errno=2
10-16 19:58:59.154: W/ActivityManager(1690): Exception when unbinding service com.google.android.gms/.phenotype.service.PhenotypeService
10-16 19:58:59.154: W/ActivityManager(1690): android.os.DeadObjectException
10-16 19:58:59.154: W/ActivityManager(1690): 	at android.os.BinderProxy.transactNative(Native Method)
10-16 19:58:59.154: W/ActivityManager(1690): 	at android.os.BinderProxy.transact(Binder.java:496)
10-16 19:58:59.154: W/ActivityManager(1690): 	at android.app.ApplicationThreadProxy.scheduleUnbindService(ApplicationThreadNative.java:921)
10-16 19:58:59.154: W/ActivityManager(1690): 	at com.android.server.am.ActiveServices.removeConnectionLocked(ActiveServices.java:1795)
10-16 19:58:59.154: W/ActivityManager(1690): 	at com.android.server.am.ActiveServices.killServicesLocked(ActiveServices.java:2193)
10-16 19:58:59.154: W/ActivityManager(1690): 	at com.android.server.am.ActivityManagerService.cleanUpApplicationRecordLocked(ActivityManagerService.java:14907)
10-16 19:58:59.154: W/ActivityManager(1690): 	at com.android.server.am.ActivityManagerService.handleAppDiedLocked(ActivityManagerService.java:4557)
10-16 19:58:59.154: W/ActivityManager(1690): 	at com.android.server.am.ActivityManagerService.appDiedLocked(ActivityManagerService.java:4722)
10-16 19:58:59.154: W/ActivityManager(1690): 	at com.android.server.am.ActivityManagerService$AppDeathRecipient.binderDied(ActivityManagerService.java:1229)
10-16 19:58:59.154: W/ActivityManager(1690): 	at android.os.BinderProxy.sendDeathNotice(Binder.java:551)
10-16 19:58:59.154: E/lowmemorykiller(1331): Error opening /proc/2290/oom_score_adj; errno=2
10-16 19:58:59.154: E/lowmemorykiller(1331): Error opening /proc/2290/oom_score_adj; errno=2
10-16 19:58:59.167: I/GceGrallocRegionRegistry(1779): Mapped gralloc-1334.26 hnd=0x9c64dac0 fd=64 base=0x99e4e000 format=RGBA_8888(0x1) width=1600 height=96
10-16 19:58:59.201: W/ActivityManager(1690): Exception when unbinding service com.google.android.gms/com.google.android.location.reporting.service.ReportingAndroidService
10-16 19:58:59.201: W/ActivityManager(1690): android.os.DeadObjectException
10-16 19:58:59.201: W/ActivityManager(1690): 	at android.os.BinderProxy.transactNative(Native Method)
10-16 19:58:59.201: W/ActivityManager(1690): 	at android.os.BinderProxy.transact(Binder.java:496)
10-16 19:58:59.201: W/ActivityManager(1690): 	at android.app.ApplicationThreadProxy.scheduleUnbindService(ApplicationThreadNative.java:921)
10-16 19:58:59.201: W/ActivityManager(1690): 	at com.android.server.am.ActiveServices.removeConnectionLocked(ActiveServices.java:1795)
10-16 19:58:59.201: W/ActivityManager(1690): 	at com.android.server.am.ActiveServices.killServicesLocked(ActiveServices.java:2193)
10-16 19:58:59.201: W/ActivityManager(1690): 	at com.android.server.am.ActivityManagerService.cleanUpApplicationRecordLocked(ActivityManagerService.java:14907)
10-16 19:58:59.201: W/ActivityManager(1690): 	at com.android.server.am.ActivityManagerService.handleAppDiedLocked(ActivityManagerService.java:4557)
10-16 19:58:59.201: W/ActivityManager(1690): 	at com.android.server.am.ActivityManagerService.appDiedLocked(ActivityManagerService.java:4722)
10-16 19:58:59.201: W/ActivityManager(1690): 	at com.android.server.am.ActivityManagerService$AppDeathRecipient.binderDied(ActivityManagerService.java:1229)
10-16 19:58:59.201: W/ActivityManager(1690): 	at android.os.BinderProxy.sendDeathNotice(Binder.java:551)
10-16 19:58:59.201: E/lowmemorykiller(1331): Error opening /proc/2290/oom_score_adj; errno=2
10-16 19:58:59.201: W/ActivityManager(1690): Scheduling restart of crashed service com.google.android.gms/.icing.service.IndexService in 1000ms
10-16 19:58:59.201: W/ActivityManager(1690): Scheduling restart of crashed service com.google.android.gms/.herrevad.services.RemoteReportsRefreshService in 11000ms
10-16 19:58:59.201: W/ActivityManager(1690): Scheduling restart of crashed service com.google.android.gms/.ads.identifier.service.AdvertisingIdService in 11000ms
10-16 19:58:59.201: W/ActivityManager(1690): Scheduling restart of crashed service com.google.android.gms/.icing.service.IndexWorkerService in 21000ms
10-16 19:58:59.201: W/ActivityManager(1690): Scheduling restart of crashed service com.google.android.gms/.chimera.GmsIntentOperationService in 21000ms
10-16 19:58:59.201: W/ActivityManager(1690): Scheduling restart of crashed service com.google.android.gms/.checkin.EventLogService in 21000ms
10-16 19:58:59.202: I/ActivityManager(1690): Process com.google.android.gms:car (pid 4778) has died
10-16 19:58:59.202: I/ActivityManager(1690): Process com.google.android.gms.persistent (pid 2290) has died
10-16 19:58:59.202: W/ActivityManager(1690): Scheduling restart of crashed service com.google.android.gms/.common.stats.GmsCoreStatsService in 20999ms
10-16 19:58:59.202: W/ActivityManager(1690): Scheduling restart of crashed service com.google.android.gms/.chimera.PersistentIntentOperationService in 30999ms
10-16 19:58:59.202: W/ActivityManager(1690): Scheduling restart of crashed service com.google.android.gms/com.google.android.contextmanager.service.ContextManagerService in 40999ms
10-16 19:58:59.202: W/ActivityManager(1690): Scheduling restart of crashed service com.google.android.gms/.deviceconnection.service.DeviceConnectionWatcherService in 50999ms
10-16 19:58:59.202: W/ActivityManager(1690): Scheduling restart of crashed service com.google.android.gms/.backup.BackupTransportService in 60999ms
10-16 19:58:59.202: W/ActivityManager(1690): Scheduling restart of crashed service com.google.android.gms/com.google.android.location.internal.GoogleLocationManagerService in 70999ms
10-16 19:58:59.202: W/ActivityManager(1690): Scheduling restart of crashed service com.google.android.gms/com.google.android.location.geofencer.service.GeofenceProviderService in 80999ms
10-16 19:58:59.202: W/ActivityManager(1690): Scheduling restart of crashed service com.google.android.gms/com.google.android.location.network.NetworkLocationService in 90999ms
10-16 19:58:59.202: W/ActivityManager(1690): Scheduling restart of crashed service com.google.android.gms/com.google.android.location.fused.FusedLocationService in 100999ms
10-16 19:58:59.202: W/ActivityManager(1690): Scheduling restart of crashed service com.google.android.gms/com.google.android.location.internal.server.GoogleLocationService in 110999ms
10-16 19:58:59.202: W/ActivityManager(1690): Scheduling restart of crashed service com.google.android.gms/.gcm.GcmService in 120999ms
10-16 19:58:59.202: W/ActivityManager(1690): Scheduling restart of crashed service com.google.android.gms/.auth.account.service.WorkAccountService in 130999ms
10-16 19:58:59.202: W/ActivityManager(1690): Scheduling restart of crashed service com.google.android.gms/.auth.setup.devicesignals.LockScreenService in 130999ms
10-16 19:58:59.202: W/ActivityManager(1690): Scheduling restart of crashed service com.google.android.gms/com.google.android.location.geocode.GeocodeService in 140999ms
10-16 19:58:59.218: D/OpenGLRenderer(5403): Use EGL_SWAP_BEHAVIOR_PRESERVED: true
10-16 19:58:59.219: I/GceGrallocRegionRegistry(5403): Mapped gralloc-1334.6 hnd=0xb3ed0900 fd=25 base=0xa1ca4000 format=RGBA_8888(0x1) width=768 height=768
10-16 19:58:59.220: D/Atlas(5403): Validating map...
10-16 19:58:59.220: W/Atlas(5403): Pointer 0x0, not in getPreloadedDrawables?
10-16 19:58:59.220: W/Atlas(5403): Pointer 0x0, not in getPreloadedDrawables?
10-16 19:58:59.220: W/Atlas(5403): Pointer 0x0, not in getPreloadedDrawables?
10-16 19:58:59.220: W/Atlas(5403): Pointer 0x0, not in getPreloadedDrawables?
10-16 19:58:59.220: W/Atlas(5403): Pointer 0x0, not in getPreloadedDrawables?
10-16 19:58:59.220: W/Atlas(5403): Pointer 0x0, not in getPreloadedDrawables?
10-16 19:58:59.220: W/Atlas(5403): Pointer 0x0, not in getPreloadedDrawables?
10-16 19:58:59.220: W/Atlas(5403): Pointer 0x0, not in getPreloadedDrawables?
10-16 19:58:59.221: W/Atlas(5403): Pointer 0x0, not in getPreloadedDrawables?
10-16 19:58:59.221: W/Atlas(5403): Pointer 0x0, not in getPreloadedDrawables?
10-16 19:58:59.221: W/Atlas(5403): Pointer 0x0, not in getPreloadedDrawables?
10-16 19:58:59.221: W/Atlas(5403): Pointer 0x0, not in getPreloadedDrawables?
10-16 19:58:59.221: W/Atlas(5403): Pointer 0x0, not in getPreloadedDrawables?
10-16 19:58:59.221: W/Atlas(5403): Pointer 0x0, not in getPreloadedDrawables?
10-16 19:58:59.221: W/Atlas(5403): Pointer 0x0, not in getPreloadedDrawables?
10-16 19:58:59.221: W/Atlas(5403): Pointer 0x0, not in getPreloadedDrawables?
10-16 19:58:59.221: W/Atlas(5403): Pointer 0x0, not in getPreloadedDrawables?
10-16 19:58:59.221: W/Atlas(5403): Pointer 0x0, not in getPreloadedDrawables?
10-16 19:58:59.221: W/Atlas(5403): Pointer 0x0, not in getPreloadedDrawables?
10-16 19:58:59.221: W/Atlas(5403): Pointer 0x0, not in getPreloadedDrawables?
10-16 19:58:59.221: W/Atlas(5403): Pointer 0x0, not in getPreloadedDrawables?
10-16 19:58:59.221: W/Atlas(5403): Pointer 0x0, not in getPreloadedDrawables?
10-16 19:58:59.221: W/Atlas(5403): Pointer 0x0, not in getPreloadedDrawables?
10-16 19:58:59.221: W/Atlas(5403): Pointer 0x0, not in getPreloadedDrawables?
10-16 19:58:59.221: W/Atlas(5403): Pointer 0x0, not in getPreloadedDrawables?
10-16 19:58:59.221: W/Atlas(5403): Pointer 0x0, not in getPreloadedDrawables?
10-16 19:58:59.221: W/Atlas(5403): Pointer 0x0, not in getPreloadedDrawables?
10-16 19:58:59.221: W/Atlas(5403): Pointer 0x0, not in getPreloadedDrawables?
10-16 19:58:59.221: W/Atlas(5403): Pointer 0x0, not in getPreloadedDrawables?
10-16 19:58:59.221: W/Atlas(5403): Pointer 0x0, not in getPreloadedDrawables?
10-16 19:58:59.221: W/Atlas(5403): Pointer 0x0, not in getPreloadedDrawables?
10-16 19:58:59.221: W/Atlas(5403): Pointer 0x0, not in getPreloadedDrawables?
10-16 19:58:59.221: W/Atlas(5403): Pointer 0x0, not in getPreloadedDrawables?
10-16 19:58:59.221: W/Atlas(5403): Pointer 0x0, not in getPreloadedDrawables?
10-16 19:58:59.221: W/Atlas(5403): Pointer 0x0, not in getPreloadedDrawables?
10-16 19:58:59.221: W/Atlas(5403): Pointer 0x0, not in getPreloadedDrawables?
10-16 19:58:59.221: W/Atlas(5403): Pointer 0x0, not in getPreloadedDrawables?
10-16 19:58:59.221: W/Atlas(5403): Pointer 0x0, not in getPreloadedDrawables?
10-16 19:58:59.221: W/Atlas(5403): Pointer 0x0, not in getPreloadedDrawables?
10-16 19:58:59.221: W/Atlas(5403): Pointer 0x0, not in getPreloadedDrawables?
10-16 19:58:59.221: W/Atlas(5403): Pointer 0x0, not in getPreloadedDrawables?
10-16 19:58:59.221: W/Atlas(5403): Pointer 0x0, not in getPreloadedDrawables?
10-16 19:58:59.221: W/Atlas(5403): Pointer 0x0, not in getPreloadedDrawables?
10-16 19:58:59.221: W/Atlas(5403): Pointer 0x0, not in getPreloadedDrawables?
10-16 19:58:59.221: W/Atlas(5403): Pointer 0x0, not in getPreloadedDrawables?
10-16 19:58:59.221: W/Atlas(5403): Pointer 0x0, not in getPreloadedDrawables?
10-16 19:58:59.221: W/Atlas(5403): Pointer 0x0, not in getPreloadedDrawables?
10-16 19:58:59.221: W/Atlas(5403): Pointer 0x0, not in getPreloadedDrawables?
10-16 19:58:59.221: W/Atlas(5403): Pointer 0x0, not in getPreloadedDrawables?
10-16 19:58:59.221: W/Atlas(5403): Pointer 0x0, not in getPreloadedDrawables?
10-16 19:58:59.221: W/Atlas(5403): Pointer 0x0, not in getPreloadedDrawables?
10-16 19:58:59.221: W/Atlas(5403): Pointer 0x0, not in getPreloadedDrawables?
10-16 19:58:59.221: W/Atlas(5403): Pointer 0x0, not in getPreloadedDrawables?
10-16 19:58:59.221: W/Atlas(5403): Pointer 0x0, not in getPreloadedDrawables?
10-16 19:58:59.221: W/Atlas(5403): Pointer 0x0, not in getPreloadedDrawables?
10-16 19:58:59.221: W/Atlas(5403): Pointer 0x0, not in getPreloadedDrawables?
10-16 19:58:59.221: W/Atlas(5403): Pointer 0x0, not in getPreloadedDrawables?
10-16 19:58:59.221: W/Atlas(5403): Pointer 0x0, not in getPreloadedDrawables?
10-16 19:58:59.221: W/Atlas(5403): Pointer 0x0, not in getPreloadedDrawables?
10-16 19:58:59.221: W/Atlas(5403): Pointer 0x0, not in getPreloadedDrawables?
10-16 19:58:59.221: W/Atlas(5403): Pointer 0x0, not in getPreloadedDrawables?
10-16 19:58:59.221: W/Atlas(5403): Pointer 0x0, not in getPreloadedDrawables?
10-16 19:58:59.221: W/Atlas(5403): Pointer 0x0, not in getPreloadedDrawables?
10-16 19:58:59.221: W/Atlas(5403): Pointer 0x0, not in getPreloadedDrawables?
