10-16 19:59:33.038: W/ResourcesManager(6560): Asset path '/system/framework/com.android.media.remotedisplay.jar' does not exist or contains no resources.
10-16 19:59:33.038: W/ResourcesManager(6560): Asset path '/system/framework/com.android.location.provider.jar' does not exist or contains no resources.
10-16 19:59:33.041: I/Finsky(6560): [1] com.google.android.finsky.installer.a.q.onPostExecute(16): Attempt recovery of content://downloads/my_downloads/22 200
10-16 19:59:33.041: I/Finsky(6560): [1] com.google.android.finsky.installer.a.q.onPostExecute(18): Releasing content://downloads/my_downloads/22 200
10-16 19:59:33.042: W/WearSignatureVerifier(6560): No package com.google.android.wearable.app.cn
10-16 19:59:33.048: I/Finsky(6560): [1] com.google.android.finsky.setup.bg.a(213): Restore complete with 0 success and 0 failed.
10-16 19:59:33.049: W/WearSignatureVerifier(6560): No package com.google.android.wearable.app.cn
10-16 19:59:33.049: W/WearSignatureVerifier(6560): No package com.google.android.wearable.app.cn
10-16 19:59:33.050: W/WearSignatureVerifier(6560): No package com.google.android.wearable.app.cn
10-16 19:59:33.047: I/gce_init_sshd(1659): type=1400 audit(0.0:109): avc: denied { name_connect } for dest=80 scontext=u:r:init:s0 tcontext=u:object_r:port:s0 tclass=tcp_socket permissive=1
10-16 19:59:33.076: I/WearableService(5451): Wearable Services not starting - Wear is not available on this device.
10-16 19:59:33.080: D/WearableService(5451): onGetService - Wear is not available on this device.
10-16 19:59:33.080: W/WearSignatureVerifier(6560): No package com.google.android.wearable.app.cn
10-16 19:59:33.081: E/Finsky(6560): [1] com.google.android.finsky.wear.bl.a(3): onConnectionFailed: ConnectionResult{statusCode=API_UNAVAILABLE, resolution=null, message=null}
10-16 19:59:33.081: W/Finsky(6560): [1] com.google.android.finsky.wear.aj.run(9): Dropping command=send_installed_apps due to Gms not connected
10-16 19:59:33.083: I/ActivityManager(1690): Killing 5661:com.google.android.apps.gcs/u0a8 (adj 15): empty #17
10-16 19:59:33.548: I/Icing(5433): Indexing 78809412366E3FB9E25492F12C0E3355617CA57E from com.google.android.googlequicksearchbox
10-16 19:59:33.574: I/Icing(5433): Indexing done 78809412366E3FB9E25492F12C0E3355617CA57E
10-16 19:59:33.575: I/Icing(5433): Indexing 5233BB6556150606E6EA2800A20D5D691B1774CC from com.google.android.gms
10-16 19:59:33.593: I/Icing(5433): Indexing done 5233BB6556150606E6EA2800A20D5D691B1774CC
10-16 19:59:33.685: I/MetadataService(1326): Processed 0 update/creates for instance/attributes/
10-16 19:59:33.685: I/MetadataService(1326): Processed 0 update/creates for project/attributes/
10-16 19:59:33.677: I/gce.meta.proxy(976): type=1400 audit(0.0:110): avc: denied { create } for scontext=u:r:kernel:s0 tcontext=u:r:kernel:s0 tclass=tcp_socket permissive=1
10-16 19:59:33.677: I/gce.meta.proxy(976): type=1400 audit(0.0:111): avc: denied { name_connect } for dest=80 scontext=u:r:kernel:s0 tcontext=u:object_r:port:s0 tclass=tcp_socket permissive=1
10-16 19:59:33.720: I/Remoter(1326): Saved screenshot to '/data/screenshots/__pmv__-0093.jpg'
10-16 19:59:33.730: I/Icing(5433): Indexing 5233BB6556150606E6EA2800A20D5D691B1774CC from com.google.android.gms
10-16 19:59:33.731: I/Icing(5433): Indexing done 5233BB6556150606E6EA2800A20D5D691B1774CC
10-16 19:59:33.734: I/Icing(5433): IndexChimeraService.getServiceInterface callingPackage=com.google.android.inputmethod.latin componentName=null serviceId=21
10-16 19:59:33.740: I/Icing(5433): Usage reports 0 indexed 0 rejected 0 imm upload false
10-16 19:59:33.850: I/GceMetadataClient(3026): Received updated metadata.
10-16 19:59:33.945: I/Finsky(6560): [1] com.google.android.finsky.hygiene.DailyHygiene$DailyHygieneService.onStartCommand(32): Beginning daily hygiene, foreground = false, reason = 4
10-16 19:59:33.945: I/Finsky(6560): [1] com.google.android.finsky.utils.bg.a(13): Diff version or system, clear token & cache
10-16 19:59:33.946: D/Volley(6560): [481] b.b: Cache cleared.
10-16 19:59:33.948: D/Volley(6560): [473] b.b: Cache cleared.
10-16 19:59:33.949: D/Volley(6560): [1] b.b: Cache cleared.
10-16 19:59:33.950: W/UdcContextManagerHelper(5451): Empty context buffer. Thus might mean that the context is not synced down.
10-16 19:59:33.950: W/UploadOptInStatusOp(5451): Empty context model while retrieving upload opt-in status!
10-16 19:59:33.957: I/Finsky(6560): [1] com.google.android.finsky.hygiene.DailyHygiene.a(104): Probe [pNO9ObzPejlK16Cz5STnAehdGGc] for daily hygiene pass
10-16 19:59:33.960: V/GCMRegistrar(6560): App version changed from 80321300 to 80834200; resetting registration id
10-16 19:59:33.960: V/GCMRegistrar(6560): Saving regId on app version 80834200
10-16 19:59:34.048: W/Auth(5451): [GetToken] GetToken failed with status code: INVALID_SCOPE
10-16 19:59:34.048: W/AuthSessionAuthenticato(5451): Auth related exception is being ignored: INVALID_SCOPE
10-16 19:59:34.050: W/GLSUser(5451): [DeviceKeyStore] Cannot load key: Device key file not found.
10-16 19:59:34.050: W/GLSUser(5451): [DeviceKeyStore] Cannot load key: Device key file not found.
10-16 19:59:34.051: E/ctxmgr(5451): [BaseServerTask]Server task (FetchAclSet) got error statusCode=-1.
10-16 19:59:34.051: E/ctxmgr(5451): com.android.volley.VolleyError: Unable to obtain auth token - is the device online?
10-16 19:59:34.051: E/ctxmgr(5451): 	at cjq.a(:com.google.android.gms@11519270:39)
10-16 19:59:34.051: E/ctxmgr(5451): 	at cez.run(:com.google.android.gms@11519270:2)
10-16 19:59:34.051: E/ctxmgr(5451): 	at cex.handleMessage(:com.google.android.gms@11519270:3)
10-16 19:59:34.051: E/ctxmgr(5451): 	at mmw.run(:com.google.android.gms@11519270:6)
10-16 19:59:34.051: E/ctxmgr(5451): 	at mng.run(:com.google.android.gms@11519270:25)
10-16 19:59:34.051: E/ctxmgr(5451): 	at java.util.concurrent.ThreadPoolExecutor.runWorker(ThreadPoolExecutor.java:1112)
10-16 19:59:34.051: E/ctxmgr(5451): 	at java.util.concurrent.ThreadPoolExecutor$Worker.run(ThreadPoolExecutor.java:587)
10-16 19:59:34.051: E/ctxmgr(5451): 	at mso.run(:com.google.android.gms@11519270)
10-16 19:59:34.051: E/ctxmgr(5451): 	at java.lang.Thread.run(Thread.java:818)
10-16 19:59:34.052: W/UdcContextManagerHelper(5451): Empty context buffer. Thus might mean that the context is not synced down.
10-16 19:59:34.052: W/UploadOptInStatusOp(5451): Empty context model while retrieving upload opt-in status!
10-16 19:59:34.055: E/ctxmgr(5451): [AccountAclCallback]Failed Acl fetch: network status=-1
10-16 19:59:34.063: W/UdcContextManagerHelper(5451): Empty context buffer. Thus might mean that the context is not synced down.
10-16 19:59:34.063: W/UploadOptInStatusOp(5451): Empty context model while retrieving upload opt-in status!
10-16 19:59:34.135: W/Auth(5451): [GetToken] GetToken failed with status code: INVALID_SCOPE
10-16 19:59:34.135: W/AuthSessionAuthenticato(5451): Auth related exception is being ignored: INVALID_SCOPE
10-16 19:59:34.135: W/GLSUser(5451): [DeviceKeyStore] Cannot load key: Device key file not found.
10-16 19:59:34.135: W/GLSUser(5451): [DeviceKeyStore] Cannot load key: Device key file not found.
10-16 19:59:34.136: E/ctxmgr(5451): [BaseServerTask]Server task (FetchAclSet) got error statusCode=-1.
10-16 19:59:34.136: E/ctxmgr(5451): com.android.volley.VolleyError: Unable to obtain auth token - is the device online?
10-16 19:59:34.136: E/ctxmgr(5451): 	at cjq.a(:com.google.android.gms@11519270:39)
10-16 19:59:34.136: E/ctxmgr(5451): 	at cez.run(:com.google.android.gms@11519270:2)
10-16 19:59:34.136: E/ctxmgr(5451): 	at cex.handleMessage(:com.google.android.gms@11519270:3)
10-16 19:59:34.136: E/ctxmgr(5451): 	at mmw.run(:com.google.android.gms@11519270:6)
10-16 19:59:34.136: E/ctxmgr(5451): 	at mng.run(:com.google.android.gms@11519270:25)
10-16 19:59:34.136: E/ctxmgr(5451): 	at java.util.concurrent.ThreadPoolExecutor.runWorker(ThreadPoolExecutor.java:1112)
10-16 19:59:34.136: E/ctxmgr(5451): 	at java.util.concurrent.ThreadPoolExecutor$Worker.run(ThreadPoolExecutor.java:587)
10-16 19:59:34.136: E/ctxmgr(5451): 	at mso.run(:com.google.android.gms@11519270)
10-16 19:59:34.136: E/ctxmgr(5451): 	at java.lang.Thread.run(Thread.java:818)
10-16 19:59:34.136: E/ctxmgr(5451): [AccountAclCallback]Failed Acl fetch: network status=-1
10-16 19:59:34.238: I/Finsky(6560): [1] com.google.android.finsky.cv.e.b_(44): Server requests device config token
10-16 19:59:34.242: I/Finsky(6560): [1] com.google.android.finsky.af.h.a(15): Start requesting GCM Reg Id
10-16 19:59:34.242: D/GCMRegistrar(6560): resetting backoff for com.android.vending
10-16 19:59:34.243: V/GCMRegistrar(6560): Registering app com.android.vending of senders 932144863878
10-16 19:59:34.247: W/GCM(5451): Register request missing messenger
10-16 19:59:34.252: W/Conscrypt(5451): Could not set socket write timeout:
10-16 19:59:34.252: W/Conscrypt(5451):    java.lang.reflect.Method.invoke(Native Method)
10-16 19:59:34.252: W/Conscrypt(5451):    java.lang.reflect.Method.invoke(Method.java:372)
10-16 19:59:34.253: W/Conscrypt(5451): Could not set socket write timeout:
10-16 19:59:34.253: W/Conscrypt(5451):    java.lang.reflect.Method.invoke(Native Method)
10-16 19:59:34.253: W/Conscrypt(5451):    java.lang.reflect.Method.invoke(Method.java:372)
10-16 19:59:34.358: V/GCMBroadcastReceiver(6560): onReceive: com.google.android.c2dm.intent.REGISTRATION
10-16 19:59:34.358: V/GCMBroadcastReceiver(6560): GCM IntentService class: com.android.vending.GCMIntentService
10-16 19:59:34.358: V/GCMBaseIntentService(6560): Acquiring wakelock
10-16 19:59:34.359: V/GCMBaseIntentService(6560): Intent service name: GCMIntentService-932144863878-1
10-16 19:59:34.360: E/GCMRegistrar(6560): internal error: retry receiver class not set yet
10-16 19:59:34.360: V/GCMRegistrar(6560): Registering receiver
10-16 19:59:34.361: D/GCMBaseIntentService(6560): handleRegistration: registrationId = APA91bEirSR-UmMosc8UPCSai7nuoVdHgq40hoD2-MDVTd2HH9g-fah3KUlOtEal9wIIKriNZIG6lPvuwJAzGxzYpLCFlYO4GBM6xZbC8DRoPf6hhy2gXa1FAF58TNcBh5bZZE14QoTy, error = null, unregistered = null
10-16 19:59:34.361: D/GCMRegistrar(6560): resetting backoff for com.android.vending
10-16 19:59:34.361: V/GCMRegistrar(6560): Saving regId on app version 80834200
10-16 19:59:34.362: V/GCMBaseIntentService(6560): Releasing wakelock
10-16 19:59:34.684: D/AndroidRuntime(6620): >>>>>> START com.android.internal.os.RuntimeInit uid 0 <<<<<<
10-16 19:59:34.686: D/AndroidRuntime(6620): CheckJNI is OFF
10-16 19:59:34.702: E/memtrack(6620): Couldn't load memtrack module (No such file or directory)
10-16 19:59:34.702: E/android.os.Debug(6620): failed to load memtrack module: -2
10-16 19:59:34.710: D/AndroidRuntime(6620): Calling main entry com.android.commands.am.Am
10-16 19:59:34.711: I/ActivityManager(1690): Force stopping com.google.android.apps.mtaas.tools appid=10079 user=0: start instr
10-16 19:59:34.733: I/ActivityManager(1690): Start proc 6630:com.google.android.apps.mtaas.tools/u0a79 for added application com.google.android.apps.mtaas.tools
10-16 19:59:34.770: D/DumpStaticPerfEnv(6630): Instrumentation completed successfully
10-16 19:59:34.770: I/ActivityManager(1690): Force stopping com.google.android.apps.mtaas.tools appid=10079 user=0: finished inst
10-16 19:59:34.770: D/AndroidRuntime(6620): Shutting down VM
10-16 19:59:34.770: I/ActivityManager(1690): Killing 6630:com.google.android.apps.mtaas.tools/u0a79 (adj 0): stop com.google.android.apps.mtaas.tools
10-16 19:59:34.824: I/Finsky(6560): [1] com.google.android.finsky.af.c.b_(16): Received device config token CisaKQoTNDMxNTEyMTU1MTA1NjczOTc2NRISChAxNTA4MTk4Mzc2ODQ1Njc5
10-16 19:59:34.889: W/ActivityManager(1690): Spurious death for ProcessRecord{3dee45c4 6630:com.google.android.apps.mtaas.tools/u0a79}, curProc for 6630: null
10-16 19:59:34.897: I/Remoter(1326): Saved screenshot to '/data/screenshots/__pmv__-0094.jpg'
10-16 19:59:35.064: I/Finsky(6560): [475] com.google.android.finsky.ap.a.c.a(99): Process stable target turned on mid-process: 12606677
10-16 19:59:35.064: I/Finsky(6560): [475] com.google.android.finsky.ap.a.c.a(99): Process stable target turned on mid-process: 12606765
10-16 19:59:35.064: I/Finsky(6560): [475] com.google.android.finsky.ap.a.c.a(99): Process stable target turned on mid-process: 12609510
10-16 19:59:35.065: I/Finsky(6560): [475] com.google.android.finsky.ap.a.c.a(99): Process stable target turned on mid-process: 12609522
10-16 19:59:35.065: I/Finsky(6560): [475] com.google.android.finsky.ap.a.c.a(99): Process stable target turned on mid-process: 12609703
10-16 19:59:35.065: I/Finsky(6560): [1] com.google.android.finsky.db.a.a(34): Refreshing user settings: account=[pNO9ObzPejlK16Cz5STnAehdGGc]
10-16 19:59:35.067: I/Finsky(6560): [475] com.google.android.finsky.bq.a.a(52): Enabling bucket experiment: factor=1.000, zeroDelta=0ms, forceNetwork=true
10-16 19:59:35.068: D/Volley(6560): [473] b.b: Cache cleared.
10-16 19:59:35.068: D/Volley(6560): [481] b.b: Cache cleared.
10-16 19:59:35.070: D/Volley(6560): [1] b.b: Cache cleared.
10-16 19:59:35.135: I/Finsky(6560): [1] com.google.android.finsky.cj.g.a(50): Skipping DFE self-update. Local Version [80834200] >= Server Version [-1]
10-16 19:59:35.168: I/art(1690): Explicit concurrent mark sweep GC freed 21574(1553KB) AllocSpace objects, 24(879KB) LOS objects, 33% free, 17MB/25MB, paused 338us total 22.126ms
10-16 19:59:35.175: W/ActivityManager(1690): Unable to start service Intent { act=local_action cmp=com.google.android.gms/.car.InCallService2 } U=0: not found
10-16 19:59:35.175: E/CAR.TEL.Service(5762): Failed to bind to InCallService
10-16 19:59:35.177: W/ActivityManager(1690): Unbind failed: could not find connection for android.os.BinderProxy@10c05090
10-16 19:59:35.464: I/Finsky(6560): [1] com.google.android.finsky.cz.f.a(59): Package com.google.android.talk staleness changed from 0 to 1508198375463
10-16 19:59:35.464: I/Finsky(6560): [1] com.google.android.finsky.cz.f.a(59): Package com.google.android.apps.inputmethod.zhuyin staleness changed from 0 to 1508198375464
10-16 19:59:35.464: I/Finsky(6560): [1] com.google.android.finsky.cz.f.a(59): Package com.google.android.apps.fitness staleness changed from 0 to 1508198375464
10-16 19:59:35.464: I/Finsky(6560): [1] com.google.android.finsky.cz.f.a(59): Package com.google.android.videos staleness changed from 0 to 1508198375464
10-16 19:59:35.464: I/Finsky(6560): [1] com.google.android.finsky.cz.f.a(59): Package com.google.android.youtube staleness changed from 0 to 1508198375464
10-16 19:59:35.464: I/Finsky(6560): [1] com.google.android.finsky.cz.f.a(59): Package com.google.android.apps.photos staleness changed from 0 to 1508198375464
10-16 19:59:35.464: I/Finsky(6560): [1] com.google.android.finsky.cz.f.a(59): Package com.google.android.gm.exchange staleness changed from 0 to 1508198375464
10-16 19:59:35.464: I/Finsky(6560): [1] com.google.android.finsky.cz.f.a(59): Package com.google.android.deskclock staleness changed from 0 to 1508198375464
10-16 19:59:35.464: I/Finsky(6560): [1] com.google.android.finsky.cz.f.a(59): Package com.android.chrome staleness changed from 0 to 1508198375464
10-16 19:59:35.464: I/Finsky(6560): [1] com.google.android.finsky.cz.f.a(59): Package com.google.android.tts staleness changed from 0 to 1508198375464
10-16 19:59:35.465: I/Finsky(6560): [1] com.google.android.finsky.cz.f.a(59): Package com.google.android.gm staleness changed from 0 to 1508198375464
10-16 19:59:35.465: I/Finsky(6560): [1] com.google.android.finsky.cz.f.a(59): Package com.google.android.apps.maps staleness changed from 0 to 1508198375465
10-16 19:59:35.465: I/Finsky(6560): [1] com.google.android.finsky.cz.f.a(59): Package com.google.android.apps.gcs staleness changed from 0 to 1508198375465
10-16 19:59:35.465: I/Finsky(6560): [1] com.google.android.finsky.cz.f.a(59): Package com.google.android.play.games staleness changed from 0 to 1508198375465
10-16 19:59:35.465: I/Finsky(6560): [1] com.google.android.finsky.cz.f.a(59): Package com.google.android.inputmethod.latin staleness changed from 0 to 1508198375465
10-16 19:59:35.465: I/Finsky(6560): [1] com.google.android.finsky.cz.f.a(59): Package com.google.android.calendar staleness changed from 0 to 1508198375465
10-16 19:59:35.465: I/Finsky(6560): [1] com.google.android.finsky.cz.f.a(59): Package com.google.android.apps.plus staleness changed from 0 to 1508198375465
10-16 19:59:35.465: I/Finsky(6560): [1] com.google.android.finsky.cz.f.a(59): Package com.google.android.contacts staleness changed from 0 to 1508198375465
10-16 19:59:35.465: I/Finsky(6560): [1] com.google.android.finsky.cz.f.a(59): Package com.google.android.webview staleness changed from 0 to 1508198375465
10-16 19:59:35.465: I/Finsky(6560): [1] com.google.android.finsky.cz.f.a(59): Package com.google.android.apps.cloudprint staleness changed from 0 to 1508198375465
10-16 19:59:35.465: I/Finsky(6560): [1] com.google.android.finsky.cz.f.a(59): Package com.google.android.googlequicksearchbox staleness changed from 0 to 1508198375465
10-16 19:59:35.466: I/Finsky(6560): [1] com.google.android.finsky.bl.o.a(35): com.google.android.gm.exchange available because owned, overriding [restriction=7].
10-16 19:59:35.466: I/Finsky(6560): [1] com.google.android.finsky.bl.o.a(35): com.google.android.apps.gcs available because owned, overriding [restriction=7].
10-16 19:59:35.505: W/ResourcesManager(6560): Asset path '/system/framework/com.android.media.remotedisplay.jar' does not exist or contains no resources.
10-16 19:59:35.505: W/ResourcesManager(6560): Asset path '/system/framework/com.android.location.provider.jar' does not exist or contains no resources.
10-16 19:59:35.514: W/ResourcesManager(6560): Asset path '/system/framework/com.google.android.maps.jar' does not exist or contains no resources.
10-16 19:59:35.522: I/Finsky(6560): [1] com.google.android.finsky.updatechecker.impl.ab.e(295): Notifying user [2/21] applications have updates that require approval.
10-16 19:59:35.536: I/Finsky(6560): [1] com.google.android.finsky.updatechecker.impl.ReschedulerUsingJobScheduler.a(120): Scheduling auto-update check using JobScheduler.
10-16 19:59:35.546: I/Finsky(6560): [1] com.google.android.finsky.hygiene.DailyHygiene.c(236): Logging device features
10-16 19:59:35.550: I/Finsky(6560): [1] com.google.android.finsky.datasync.g.a(14): [Cache and Sync] mode not available for any accounts.
10-16 19:59:35.561: D/Volley(6560): [1] b.b: Cache cleared.
10-16 19:59:35.566: W/Settings(6560): Setting install_non_market_apps has moved from android.provider.Settings.Global to android.provider.Settings.Secure, returning read-only value.
10-16 19:59:35.566: W/Settings(6560): Setting download_manager_max_bytes_over_mobile has moved from android.provider.Settings.Secure to android.provider.Settings.Global.
10-16 19:59:35.573: W/WearSignatureVerifier(6560): No package com.google.android.wearable.app.cn
10-16 19:59:35.574: W/WearSignatureVerifier(6560): No package com.google.android.wearable.app.cn
10-16 19:59:35.574: W/WearSignatureVerifier(6560): No package com.google.android.wearable.app.cn
10-16 19:59:35.574: W/WearSignatureVerifier(6560): No package com.google.android.wearable.app.cn
10-16 19:59:35.596: I/Finsky(6560): [1] com.google.android.finsky.verifier.impl.VerifyInstalledPackagesReceiver.a(28): Skipping verification because verify apps is not enabled
10-16 19:59:35.603: D/WearableService(5451): onGetService - Wear is not available on this device.
10-16 19:59:35.607: W/WearSignatureVerifier(6560): No package com.google.android.wearable.app.cn
10-16 19:59:35.607: E/Finsky(6560): [1] com.google.android.finsky.wear.bl.a(3): onConnectionFailed: ConnectionResult{statusCode=API_UNAVAILABLE, resolution=null, message=null}
10-16 19:59:35.607: W/Finsky(6560): [1] com.google.android.finsky.wear.aj.run(9): Dropping command=hygiene due to Gms not connected
10-16 19:59:35.611: I/Finsky(6560): [500] com.google.android.finsky.flushlogs.FlushLogsReceiver$FlushLogsService.onHandleIntent(10): Flushing event logs for [pNO9ObzPejlK16Cz5STnAehdGGc]
10-16 19:59:35.611: I/PlayCommon(6560): [469] com.google.android.play.a.h.e(248): Preparing logs for uploading
10-16 19:59:35.615: E/PlayCommon(6560): [500] com.google.android.play.a.f.<init>(14): Failed to restore PlayMetalog
10-16 19:59:35.615: E/PlayCommon(6560): [500] com.google.android.play.a.f.<init>(20): Failed to restore LogsUploadAttempt
10-16 19:59:35.616: I/PlayCommon(6560): [501] com.google.android.play.a.h.e(248): Preparing logs for uploading
10-16 19:59:35.616: I/PlayCommon(6560): [501] com.google.android.play.a.h.e(252): No file ready to send
10-16 19:59:35.619: I/PlayCommon(6560): [469] com.google.android.play.a.h.a(470): Connecting to server: https://play.googleapis.com/play/log?format=raw&proto_v2=true
10-16 19:59:35.741: I/art(2188): Explicit concurrent mark sweep GC freed 5237(227KB) AllocSpace objects, 0(0B) LOS objects, 40% free, 8MB/13MB, paused 239us total 15.177ms
10-16 19:59:35.803: I/PlayCommon(6560): [469] com.google.android.play.a.h.a(527): Successfully uploaded logs.
10-16 19:59:35.804: I/PlayCommon(6560): [469] com.google.android.play.a.h.e(248): Preparing logs for uploading
10-16 19:59:35.804: I/PlayCommon(6560): [469] com.google.android.play.a.h.e(252): No file ready to send
10-16 19:59:35.887: I/highpool[3](5433): type=1400 audit(0.0:112): avc: denied { getattr } for path="/system/xbin/su" dev="sda3" ino=1767 scontext=u:r:untrusted_app:s0 tcontext=u:object_r:su_exec:s0 tclass=file permissive=1
10-16 19:59:35.907: I/highpool[3](5433): type=1400 audit(0.0:113): avc: denied { getattr } for path="/system/bin/bootanimation" dev="sda3" ino=321 scontext=u:r:untrusted_app:s0 tcontext=u:object_r:bootanim_exec:s0 tclass=file permissive=1
10-16 19:59:35.907: I/highpool[3](5433): type=1400 audit(0.0:114): avc: denied { getattr } for path="/system/bin/clatd" dev="sda3" ino=328 scontext=u:r:untrusted_app:s0 tcontext=u:object_r:clatd_exec:s0 tclass=file permissive=1
10-16 19:59:35.907: I/highpool[3](5433): type=1400 audit(0.0:115): avc: denied { getattr } for path="/system/bin/debuggerd" dev="sda3" ino=337 scontext=u:r:untrusted_app:s0 tcontext=u:object_r:debuggerd_exec:s0 tclass=file permissive=1
10-16 19:59:35.907: I/highpool[3](5433): type=1400 audit(0.0:116): avc: denied { getattr } for path="/system/bin/dhcpcd" dev="sda3" ino=340 scontext=u:r:untrusted_app:s0 tcontext=u:object_r:dhcp_exec:s0 tclass=file permissive=1
10-16 19:59:35.907: I/highpool[3](5433): type=1400 audit(0.0:117): avc: denied { getattr } for path="/system/bin/dnsmasq" dev="sda3" ino=343 scontext=u:r:untrusted_app:s0 tcontext=u:object_r:dnsmasq_exec:s0 tclass=file permissive=1
10-16 19:59:35.907: I/highpool[3](5433): type=1400 audit(0.0:118): avc: denied { getattr } for path="/system/bin/drmserver" dev="sda3" ino=345 scontext=u:r:untrusted_app:s0 tcontext=u:object_r:drmserver_exec:s0 tclass=file permissive=1
10-16 19:59:36.116: I/art(5433): Explicit concurrent mark sweep GC freed 44627(3MB) AllocSpace objects, 15(1054KB) LOS objects, 35% free, 29MB/45MB, paused 704us total 161.293ms
10-16 19:59:35.907: I/highpool[3](5433): type=1400 audit(0.0:119): avc: denied { getattr } for path="/system/bin/dumpstate" dev="sda3" ino=347 scontext=u:r:untrusted_app:s0 tcontext=u:object_r:dumpstate_exec:s0 tclass=file permissive=1
10-16 19:59:36.146: I/Remoter(1326): Saved screenshot to '/data/screenshots/__pmv__-0095.jpg'
10-16 19:59:35.907: I/highpool[3](5433): type=1400 audit(0.0:120): avc: denied { getattr } for path="/system/bin/hostapd" dev="sda3" ino=366 scontext=u:r:untrusted_app:s0 tcontext=u:object_r:hostapd_exec:s0 tclass=file permissive=1
10-16 19:59:36.153: D/WVCdm(1340): Instantiating CDM.
10-16 19:59:36.162: I/WVCdm(1340): CdmEngine::OpenSession
10-16 19:59:36.162: I/WVCdm(1340): Level3 Library Dec  3 2014 13:06:03
10-16 19:59:36.166: W/WVCdm(1340): Could not read /data/mediadrm/IDM1013/ay64.dat2: No such file or directory
10-16 19:59:36.166: W/WVCdm(1340): Could not load liboemcrypto.so. Falling Back to L3.  dlopen failed: library "liboemcrypto.so" not found
10-16 19:59:35.907: I/highpool[3](5433): type=1400 audit(0.0:121): avc: denied { getattr } for path="/system/bin/installd" dev="sda3" ino=375 scontext=u:r:untrusted_app:s0 tcontext=u:object_r:installd_exec:s0 tclass=file permissive=1
10-16 19:59:36.186: I/WVCdm(1340): CdmEngine::QueryKeyControlInfo
10-16 19:59:36.187: W/WVCdm(1340): BufferReader::Read<T> : Failure during parse: Not enough bytes (4)
10-16 19:59:36.187: W/WVCdm(1340): CdmEngine::ExtractWidevinePssh: Unable to read PSSH atom size
10-16 19:59:36.187: I/WVCdm(1340): CdmEngine::GenerateKeyRequest
10-16 19:59:36.187: D/WVCdm(1340): PrepareKeyRequest: nonce=1576212090
10-16 19:59:35.907: I/highpool[3](5433): type=1400 audit(0.0:122): avc: denied { getattr } for path="/system/bin/keystore" dev="sda3" ino=382 scontext=u:r:untrusted_app:s0 tcontext=u:object_r:keystore_exec:s0 tclass=file permissive=1
10-16 19:59:35.907: I/highpool[3](5433): type=1400 audit(0.0:123): avc: denied { getattr } for path="/system/bin/lmkd" dev="sda3" ino=386 scontext=u:r:untrusted_app:s0 tcontext=u:object_r:lmkd_exec:s0 tclass=file permissive=1
10-16 19:59:35.907: I/highpool[3](5433): type=1400 audit(0.0:124): avc: denied { getattr } for path="/system/bin/logd" dev="sda3" ino=391 scontext=u:r:untrusted_app:s0 tcontext=u:object_r:logd_exec:s0 tclass=file permissive=1
10-16 19:59:35.907: I/highpool[3](5433): type=1400 audit(0.0:125): avc: denied { getattr } for path="/system/bin/mdnsd" dev="sda3" ino=398 scontext=u:r:untrusted_app:s0 tcontext=u:object_r:mdnsd_exec:s0 tclass=file permissive=1
10-16 19:59:35.907: I/highpool[3](5433): type=1400 audit(0.0:126): avc: denied { getattr } for path="/system/bin/mediaserver" dev="sda3" ino=400 scontext=u:r:untrusted_app:s0 tcontext=u:object_r:mediaserver_exec:s0 tclass=file permissive=1
10-16 19:59:35.907: I/highpool[3](5433): type=1400 audit(0.0:127): avc: denied { getattr } for path="/system/bin/mtpd" dev="sda3" ino=406 scontext=u:r:untrusted_app:s0 tcontext=u:object_r:mtp_exec:s0 tclass=file permissive=1
10-16 19:59:35.907: I/highpool[3](5433): type=1400 audit(0.0:128): avc: denied { getattr } for path="/system/bin/netd" dev="sda3" ino=411 scontext=u:r:untrusted_app:s0 tcontext=u:object_r:netd_exec:s0 tclass=file permissive=1
10-16 19:59:36.376: E/cutils-trace(6657): Error opening trace file: Permission denied (13)
10-16 19:59:36.376: I/dex2oat(6657): /system/bin/dex2oat --runtime-arg -classpath --runtime-arg  --instruction-set=x86 --instruction-set-features=default --runtime-arg -Xrelocate --boot-image=/system/framework/boot.art --dex-file=/data/data/com.google.android.gms/app_dg_cache/FAE8918C14E51B7EA388F4FE4AD2DB70B6A44F16/the.apk --oat-fd=39 --oat-location=/data/data/com.google.android.gms/app_dg_cache/FAE8918C14E51B7EA388F4FE4AD2DB70B6A44F16/opt/the.dex --runtime-arg -Xms64m --runtime-arg -Xmx512m
10-16 19:59:36.385: I/dex2oat(6657): dex2oat took 8.965ms (threads: 2) arena alloc=22KB java alloc=11KB native alloc=514KB free=7MB
10-16 19:59:35.907: I/highpool[3](5433): type=1400 audit(0.0:129): avc: denied { getattr } for path="/system/bin/pppd" dev="sda3" ino=423 scontext=u:r:untrusted_app:s0 tcontext=u:object_r:ppp_exec:s0 tclass=file permissive=1
10-16 19:59:35.907: I/highpool[3](5433): type=1400 audit(0.0:130): avc: denied { getattr } for path="/system/bin/racoon" dev="sda3" ino=428 scontext=u:r:untrusted_app:s0 tcontext=u:object_r:racoon_exec:s0 tclass=file permissive=1
10-16 19:59:35.907: I/highpool[3](5433): type=1400 audit(0.0:131): avc: denied { getattr } for path="/system/bin/rild" dev="sda3" ino=437 scontext=u:r:untrusted_app:s0 tcontext=u:object_r:rild_exec:s0 tclass=file permissive=1
10-16 19:59:35.907: I/highpool[3](5433): type=1400 audit(0.0:132): avc: denied { getattr } for path="/system/bin/sdcard" dev="sda3" ino=449 scontext=u:r:untrusted_app:s0 tcontext=u:object_r:sdcardd_exec:s0 tclass=file permissive=1
10-16 19:59:35.907: I/highpool[3](5433): type=1400 audit(0.0:133): avc: denied { getattr } for path="/system/bin/servicemanager" dev="sda3" ino=453 scontext=u:r:untrusted_app:s0 tcontext=u:object_r:servicemanager_exec:s0 tclass=file permissive=1
10-16 19:59:35.907: I/highpool[3](5433): type=1400 audit(0.0:134): avc: denied { getattr } for path="/system/bin/surfaceflinger" dev="sda3" ino=467 scontext=u:r:untrusted_app:s0 tcontext=u:object_r:surfaceflinger_exec:s0 tclass=file permissive=1
10-16 19:59:35.927: I/highpool[3](5433): type=1400 audit(0.0:135): avc: denied { getattr } for path="/system/bin/uncrypt" dev="sda3" ino=481 scontext=u:r:untrusted_app:s0 tcontext=u:object_r:uncrypt_exec:s0 tclass=file permissive=1
10-16 19:59:35.927: I/highpool[3](5433): type=1400 audit(0.0:136): avc: denied { getattr } for path="/system/bin/vdc" dev="sda3" ino=483 scontext=u:r:untrusted_app:s0 tcontext=u:object_r:vdc_exec:s0 tclass=file permissive=1
10-16 19:59:35.927: I/highpool[3](5433): type=1400 audit(0.0:137): avc: denied { getattr } for path="/system/bin/vold" dev="sda3" ino=487 scontext=u:r:untrusted_app:s0 tcontext=u:object_r:vold_exec:s0 tclass=file permissive=1
10-16 19:59:35.927: I/highpool[3](5433): type=1400 audit(0.0:138): avc: denied { getattr } for path="/system/bin/wpa_supplicant" dev="sda3" ino=492 scontext=u:r:untrusted_app:s0 tcontext=u:object_r:wpa_exec:s0 tclass=file permissive=1
10-16 19:59:36.447: I/Binder_1(5599): type=1400 audit(0.0:139): avc: denied { getattr } for name="/" dev="tracefs" ino=1 scontext=u:r:untrusted_app:s0 tcontext=u:object_r:unlabeled:s0 tclass=filesystem permissive=1
10-16 19:59:36.467: I/Binder_1(5599): type=1400 audit(0.0:140): avc: denied { read } for name="/" dev="tmpfs" ino=6019 scontext=u:r:untrusted_app:s0 tcontext=u:object_r:device:s0 tclass=dir permissive=1
10-16 19:59:36.467: I/Binder_1(5599): type=1400 audit(0.0:141): avc: denied { open } for path="/dev" dev="tmpfs" ino=6019 scontext=u:r:untrusted_app:s0 tcontext=u:object_r:device:s0 tclass=dir permissive=1
10-16 19:59:36.940: I/WVCdm(1340): CdmEngine::CloseSession
10-16 19:59:36.941: I/WVCdm(1340): L3 Terminate.
10-16 19:59:37.114: W/UdcContextManagerHelper(5451): Empty context buffer. Thus might mean that the context is not synced down.
10-16 19:59:37.114: W/UploadOptInStatusOp(5451): Empty context model while retrieving upload opt-in status!
10-16 19:59:37.255: W/Auth(5451): [GetToken] GetToken failed with status code: INVALID_SCOPE
10-16 19:59:37.255: W/AuthSessionAuthenticato(5451): Auth related exception is being ignored: INVALID_SCOPE
10-16 19:59:37.269: W/GLSUser(5451): [DeviceKeyStore] Cannot load key: Device key file not found.
10-16 19:59:37.269: W/GLSUser(5451): [DeviceKeyStore] Cannot load key: Device key file not found.
10-16 19:59:37.270: E/ctxmgr(5451): [BaseServerTask]Server task (FetchAclSet) got error statusCode=-1.
10-16 19:59:37.270: E/ctxmgr(5451): com.android.volley.VolleyError: Unable to obtain auth token - is the device online?
10-16 19:59:37.270: E/ctxmgr(5451): 	at cjq.a(:com.google.android.gms@11519270:39)
10-16 19:59:37.270: E/ctxmgr(5451): 	at cez.run(:com.google.android.gms@11519270:2)
10-16 19:59:37.270: E/ctxmgr(5451): 	at cex.handleMessage(:com.google.android.gms@11519270:3)
10-16 19:59:37.270: E/ctxmgr(5451): 	at mmw.run(:com.google.android.gms@11519270:6)
10-16 19:59:37.270: E/ctxmgr(5451): 	at mng.run(:com.google.android.gms@11519270:25)
10-16 19:59:37.270: E/ctxmgr(5451): 	at java.util.concurrent.ThreadPoolExecutor.runWorker(ThreadPoolExecutor.java:1112)
10-16 19:59:37.270: E/ctxmgr(5451): 	at java.util.concurrent.ThreadPoolExecutor$Worker.run(ThreadPoolExecutor.java:587)
10-16 19:59:37.270: E/ctxmgr(5451): 	at mso.run(:com.google.android.gms@11519270)
10-16 19:59:37.270: E/ctxmgr(5451): 	at java.lang.Thread.run(Thread.java:818)
10-16 19:59:37.270: E/ctxmgr(5451): [AccountAclCallback]Failed Acl fetch: network status=-1
10-16 19:59:37.285: I/ActivityManager(1690): Start proc 6662:com.google.android.apps.gcs/u0a8 for service com.google.android.apps.gcs/com.google.android.flib.nova.experiment.ExperimentUpdateService
10-16 19:59:37.338: E/Task(5451): Constructing a Task object using a parcel.
10-16 19:59:37.346: E/Task(5451): Constructing a Task object using a parcel.
10-16 19:59:37.350: I/Remoter(1326): Saved screenshot to '/data/screenshots/__pmv__-0096.jpg'
10-16 19:59:37.357: V/GoogleAuthProtoRequest(6662): [486] a.<init>: mAccountName set to: VS2WQVCOVYYT3Y3JQZUPAOQ2II-00@cloudtestlabaccounts.com
10-16 19:59:37.438: W/Auth(5451): [GetToken] GetToken failed with status code: INVALID_SCOPE
10-16 19:59:37.441: W/ExperimentUpdateService(6662): [486] ExperimentUpdateService.a: Error executing an experiment update request.  Rescheduling.
10-16 19:59:37.442: W/ExperimentUpdateService(6662): [486] ExperimentUpdateService.a: java.util.concurrent.ExecutionException: com.a.a.a: INVALID_SCOPE
10-16 19:59:37.442: W/ExperimentUpdateService(6662): java.util.concurrent.ExecutionException: com.a.a.a: INVALID_SCOPE
10-16 19:59:37.442: W/ExperimentUpdateService(6662): 	at com.a.a.a.k.a(SourceFile:117)
10-16 19:59:37.442: W/ExperimentUpdateService(6662): 	at com.a.a.a.k.get(SourceFile:97)
10-16 19:59:37.442: W/ExperimentUpdateService(6662): 	at com.google.android.flib.nova.experiment.ExperimentUpdateService.a(SourceFile:64)
10-16 19:59:37.442: W/ExperimentUpdateService(6662): 	at com.google.android.gms.gcm.c.run(Unknown Source)
10-16 19:59:37.442: W/ExperimentUpdateService(6662): Caused by: com.a.a.a: INVALID_SCOPE
10-16 19:59:37.442: W/ExperimentUpdateService(6662): 	at com.google.android.flib.a.a.a(SourceFile:170)
10-16 19:59:37.442: W/ExperimentUpdateService(6662): 	at com.a.a.a.g.a(SourceFile:79)
10-16 19:59:37.442: W/ExperimentUpdateService(6662): 	at com.a.a.a.a.a(SourceFile:93)
10-16 19:59:37.442: W/ExperimentUpdateService(6662): 	at com.a.a.k.run(SourceFile:110)
10-16 19:59:37.442: W/ExperimentUpdateService(6662): Caused by: com.google.android.gms.auth.d: INVALID_SCOPE
10-16 19:59:37.442: W/ExperimentUpdateService(6662): 	at com.google.android.gms.auth.e.a(Unknown Source)
10-16 19:59:37.442: W/ExperimentUpdateService(6662): 	at com.google.android.gms.auth.e.a(Unknown Source)
10-16 19:59:37.442: W/ExperimentUpdateService(6662): 	at com.google.android.flib.a.a.a(SourceFile:162)
10-16 19:59:37.442: W/ExperimentUpdateService(6662): 	... 3 more
10-16 19:59:37.442: E/NetworkScheduler.ATC(5451): Received callback from client for task that is already complete. ComponentInfo{com.google.android.apps.gcs/com.google.android.flib.nova.experiment.ExperimentUpdateService} oneoff_checkin_task
10-16 19:59:37.459: V/GoogleAuthProtoRequest(6662): [487] a.<init>: mAccountName set to: VS2WQVCOVYYT3Y3JQZUPAOQ2II-00@cloudtestlabaccounts.com
10-16 19:59:37.468: W/Conscrypt(5451): Could not set socket write timeout:
10-16 19:59:37.468: W/Conscrypt(5451):    java.lang.reflect.Method.invoke(Native Method)
10-16 19:59:37.468: W/Conscrypt(5451):    java.lang.reflect.Method.invoke(Method.java:372)
10-16 19:59:37.471: W/Binder(6560): Caught a RuntimeException from the binder stub implementation.
10-16 19:59:37.471: W/Binder(6560): java.lang.UnsupportedOperationException
10-16 19:59:37.471: W/Binder(6560): 	at com.google.android.gms.internal.ie.e(Unknown Source)
10-16 19:59:37.471: W/Binder(6560): 	at com.google.android.gms.internal.ih.onTransact(Unknown Source)
10-16 19:59:37.471: W/Binder(6560): 	at android.os.Binder.execTransact(Binder.java:446)
10-16 19:59:37.472: W/Conscrypt(5451): Could not set socket write timeout:
10-16 19:59:37.472: W/Conscrypt(5451):    java.lang.reflect.Method.invoke(Native Method)
10-16 19:59:37.472: W/Conscrypt(5451):    java.lang.reflect.Method.invoke(Method.java:372)
10-16 19:59:37.551: W/Auth(5451): [GetToken] GetToken failed with status code: INVALID_SCOPE
10-16 19:59:37.551: W/ExperimentUpdateService(6662): [487] ExperimentUpdateService.a: Error executing an experiment update request.  Rescheduling.
10-16 19:59:37.551: W/ExperimentUpdateService(6662): [487] ExperimentUpdateService.a: java.util.concurrent.ExecutionException: com.a.a.a: INVALID_SCOPE
10-16 19:59:37.551: W/ExperimentUpdateService(6662): java.util.concurrent.ExecutionException: com.a.a.a: INVALID_SCOPE
10-16 19:59:37.551: W/ExperimentUpdateService(6662): 	at com.a.a.a.k.a(SourceFile:117)
10-16 19:59:37.551: W/ExperimentUpdateService(6662): 	at com.a.a.a.k.get(SourceFile:97)
10-16 19:59:37.551: W/ExperimentUpdateService(6662): 	at com.google.android.flib.nova.experiment.ExperimentUpdateService.a(SourceFile:64)
10-16 19:59:37.551: W/ExperimentUpdateService(6662): 	at com.google.android.gms.gcm.c.run(Unknown Source)
10-16 19:59:37.551: W/ExperimentUpdateService(6662): Caused by: com.a.a.a: INVALID_SCOPE
10-16 19:59:37.551: W/ExperimentUpdateService(6662): 	at com.google.android.flib.a.a.a(SourceFile:170)
10-16 19:59:37.551: W/ExperimentUpdateService(6662): 	at com.a.a.a.g.a(SourceFile:79)
10-16 19:59:37.551: W/ExperimentUpdateService(6662): 	at com.a.a.a.a.a(SourceFile:93)
10-16 19:59:37.551: W/ExperimentUpdateService(6662): 	at com.a.a.k.run(SourceFile:110)
10-16 19:59:37.551: W/ExperimentUpdateService(6662): Caused by: com.google.android.gms.auth.d: INVALID_SCOPE
10-16 19:59:37.551: W/ExperimentUpdateService(6662): 	at com.google.android.gms.auth.e.a(Unknown Source)
10-16 19:59:37.551: W/ExperimentUpdateService(6662): 	at com.google.android.gms.auth.e.a(Unknown Source)
10-16 19:59:37.551: W/ExperimentUpdateService(6662): 	at com.google.android.flib.a.a.a(SourceFile:162)
10-16 19:59:37.551: W/ExperimentUpdateService(6662): 	... 3 more
10-16 19:59:37.641: W/Auth(5451): [GetToken] GetToken failed with status code: INVALID_SCOPE
10-16 19:59:37.643: I/GCM-GMS(5433): Failed to subscribe to group.
10-16 19:59:37.643: I/GCM-GMS(5433): dzw: INVALID_SCOPE
10-16 19:59:37.643: I/GCM-GMS(5433): 	at eaa.a(:com.google.android.gms@11519270:16)
10-16 19:59:37.643: I/GCM-GMS(5433): 	at dzz.a(:com.google.android.gms@11519270:2)
10-16 19:59:37.643: I/GCM-GMS(5433): 	at dzz.e(:com.google.android.gms@11519270:6)
10-16 19:59:37.643: I/GCM-GMS(5433): 	at dzz.d(:com.google.android.gms@11519270:1)
10-16 19:59:37.643: I/GCM-GMS(5433): 	at dzz.b(:com.google.android.gms@11519270:1)
10-16 19:59:37.643: I/GCM-GMS(5433): 	at dzx.a(:com.google.android.gms@11519270:1)
10-16 19:59:37.643: I/GCM-GMS(5433): 	at sve.a(:com.google.android.gms@11519270:23)
10-16 19:59:37.643: I/GCM-GMS(5433): 	at sve.a(:com.google.android.gms@11519270:44)
10-16 19:59:37.643: I/GCM-GMS(5433): 	at sve.b(:com.google.android.gms@11519270:6)
10-16 19:59:37.643: I/GCM-GMS(5433): 	at com.google.android.gms.gcm.gmsproc.GcmInGmsTaskChimeraService.a(:com.google.android.gms@11519270:8)
10-16 19:59:37.643: I/GCM-GMS(5433): 	at sto.run(:com.google.android.gms@11519270:1)
10-16 19:59:37.643: I/GCM-GMS(5433): 	at java.util.concurrent.ThreadPoolExecutor.runWorker(ThreadPoolExecutor.java:1112)
10-16 19:59:37.643: I/GCM-GMS(5433): 	at java.util.concurrent.ThreadPoolExecutor$Worker.run(ThreadPoolExecutor.java:587)
10-16 19:59:37.643: I/GCM-GMS(5433): 	at java.lang.Thread.run(Thread.java:818)
10-16 19:59:37.644: I/GCM-GMS(5433): Groups upload failed
10-16 19:59:38.082: I/WearableService(5451): Wearable Services stopping
10-16 19:59:38.503: I/Remoter(1326): Saved screenshot to '/data/screenshots/__pmv__-0097.jpg'
10-16 19:59:39.597: I/Remoter(1326): Saved screenshot to '/data/screenshots/__pmv__-0098.jpg'
10-16 19:59:40.179: I/CAR.SERVICE(5762): Skip, no clients bound.
10-16 19:59:40.735: I/Remoter(1326): Saved screenshot to '/data/screenshots/__pmv__-0099.jpg'
10-16 19:59:41.106: D/AndroidRuntime(6693): >>>>>> START com.android.internal.os.RuntimeInit uid 0 <<<<<<
10-16 19:59:41.107: D/AndroidRuntime(6693): CheckJNI is OFF
10-16 19:59:41.124: E/memtrack(6693): Couldn't load memtrack module (No such file or directory)
10-16 19:59:41.124: E/android.os.Debug(6693): failed to load memtrack module: -2
10-16 19:59:41.132: D/AndroidRuntime(6693): Calling main entry com.android.commands.pm.Pm
10-16 19:59:41.139: I/art(6693): System.exit called, status: 0
10-16 19:59:41.139: I/AndroidRuntime(6693): VM exiting with result code 0.
10-16 19:59:41.347: I/scp(6711): type=1400 audit(0.0:142): avc: denied { write } for name="tmp" dev="loop6" ino=65538 scontext=u:r:init_shell:s0 tcontext=u:object_r:shell_data_file:s0 tclass=dir permissive=1
10-16 19:59:41.347: I/scp(6711): type=1400 audit(0.0:143): avc: denied { add_name } for name="app1095618838542387656.apk" scontext=u:r:init_shell:s0 tcontext=u:object_r:shell_data_file:s0 tclass=dir permissive=1
10-16 19:59:41.347: I/scp(6711): type=1400 audit(0.0:144): avc: denied { create } for name="app1095618838542387656.apk" scontext=u:r:init_shell:s0 tcontext=u:object_r:shell_data_file:s0 tclass=file permissive=1
10-16 19:59:41.347: I/scp(6711): type=1400 audit(0.0:145): avc: denied { write open } for path="/data/local/tmp/app1095618838542387656.apk" dev="loop6" ino=65544 scontext=u:r:init_shell:s0 tcontext=u:object_r:shell_data_file:s0 tclass=file permissive=1
10-16 19:59:41.347: I/scp(6711): type=1400 audit(0.0:146): avc: denied { getattr } for path="/data/local/tmp/app1095618838542387656.apk" dev="loop6" ino=65544 scontext=u:r:init_shell:s0 tcontext=u:object_r:shell_data_file:s0 tclass=file permissive=1
10-16 19:59:41.709: D/AndroidRuntime(6719): >>>>>> START com.android.internal.os.RuntimeInit uid 0 <<<<<<
10-16 19:59:41.710: D/AndroidRuntime(6719): CheckJNI is OFF
10-16 19:59:41.727: E/memtrack(6719): Couldn't load memtrack module (No such file or directory)
10-16 19:59:41.727: E/android.os.Debug(6719): failed to load memtrack module: -2
10-16 19:59:41.735: D/AndroidRuntime(6719): Calling main entry com.android.commands.pm.Pm
10-16 19:59:41.747: D/DefContainer(4678): Copying /data/local/tmp/app1095618838542387656.apk to base.apk
10-16 19:59:41.909: I/Remoter(1326): Saved screenshot to '/data/screenshots/__pmv__-0100.jpg'
10-16 19:59:42.003: D/PackageManager(1690): Renaming /data/app/vmdl846939820.tmp to /data/app/com.google.android.apps.mtaas.crawler-1
10-16 19:59:42.007: I/PackageManager(1690): Running dexopt on: /data/app/com.google.android.apps.mtaas.crawler-1/base.apk pkg=com.google.android.apps.mtaas.crawler isa=x86 vmSafeMode=false
10-16 19:59:42.016: E/cutils-trace(6729): Error opening trace file: Permission denied (13)
10-16 19:59:42.016: I/dex2oat(6729): /system/bin/dex2oat --zip-fd=6 --zip-location=/data/app/com.google.android.apps.mtaas.crawler-1/base.apk --oat-fd=7 --oat-location=/data/dalvik-cache/x86/data@app@com.google.android.apps.mtaas.crawler-1@base.apk@classes.dex --instruction-set=x86 --instruction-set-features=default --runtime-arg -Xms64m --runtime-arg -Xmx512m --swap-fd=8
10-16 19:59:42.261: I/dex2oat(6729): Decided to run without swap.
10-16 19:59:43.114: I/Remoter(1326): Saved screenshot to '/data/screenshots/__pmv__-0101.jpg'
10-16 19:59:44.315: I/Remoter(1326): Saved screenshot to '/data/screenshots/__pmv__-0102.jpg'
10-16 19:59:45.506: I/Remoter(1326): Saved screenshot to '/data/screenshots/__pmv__-0103.jpg'
10-16 19:59:45.902: I/dex2oat(6729): dex2oat took 3.886s (threads: 2) arena alloc=568KB java alloc=8MB native alloc=19MB free=8MB
10-16 19:59:45.910: W/PackageManager(1690): Not granting permission android.permission.READ_FRAME_BUFFER to package com.google.android.apps.mtaas.crawler (protectionLevel=18 flags=0x8be44)
10-16 19:59:45.910: W/PackageManager(1690): Not granting permission android.permission.DUMP to package com.google.android.apps.mtaas.crawler (protectionLevel=50 flags=0x8be44)
10-16 19:59:45.916: V/BackupManagerService(1690): restoreAtInstall pkg=com.google.android.apps.mtaas.crawler token=b restoreSet=0
10-16 19:59:45.916: V/BackupManagerService(1690): Finishing install immediately
10-16 19:59:45.921: W/Settings(1690): Setting install_non_market_apps has moved from android.provider.Settings.Global to android.provider.Settings.Secure, returning read-only value.
10-16 19:59:45.922: I/UpdateIcingCorporaServi(2122): Updating corpora: APPS=com.android.vending, CONTACTS=MAYBE
10-16 19:59:45.924: I/InputReader(1690): Reconfiguring input devices.  changes=0x00000010
10-16 19:59:45.925: W/Launcher(2065): setApplicationContext called twice! old=com.android.launcher3.LauncherApplication@3127e51a new=com.android.launcher3.LauncherApplication@3127e51a
10-16 19:59:45.925: I/InputReader(1690): Reconfiguring input devices.  changes=0x00000010
10-16 19:59:45.930: I/ApplicationLogger(2122): canRun() : Opted Out
10-16 19:59:45.930: I/UpdateIcingCorporaServi(2122): UpdateCorporaTask done [took 9 ms] updated apps [took 9 ms] 
10-16 19:59:45.955: D/Wear_Controller(5433): Received broadcast action=android.intent.action.PACKAGE_CHANGED and uri=com.android.vending
10-16 19:59:45.964: D/BackupManagerService(1690): Received broadcast Intent { act=android.intent.action.PACKAGE_CHANGED dat=package:com.android.vending flg=0x4000010 (has extras) }
10-16 19:59:45.966: I/UpdateIcingCorporaServi(2122): Updating corpora: APPS=com.google.android.apps.mtaas.crawler, CONTACTS=MAYBE
10-16 19:59:45.972: I/Icing(5433): IndexChimeraService.getServiceInterface callingPackage=com.google.android.gms componentName=AppsCorpus serviceId=36
10-16 19:59:45.972: I/Icing(5433): IndexChimeraService.getServiceInterface callingPackage=com.google.android.gms componentName=AppsCorpus serviceId=32
10-16 19:59:45.978: D/BackupManagerService(1690): Received broadcast Intent { act=android.intent.action.PACKAGE_ADDED dat=package:com.google.android.apps.mtaas.crawler flg=0x4000010 (has extras) }
10-16 19:59:45.981: I/ApplicationLogger(2122): canRun() : Opted Out
10-16 19:59:45.981: I/UpdateIcingCorporaServi(2122): UpdateCorporaTask done [took 15 ms] updated apps [took 15 ms] 
10-16 19:59:46.015: I/FontsPackageChangeOp(5433): Package com.google.android.apps.mtaas.crawler has no metadata
10-16 19:59:46.017: D/Wear_Controller(5433): Received broadcast action=android.intent.action.PACKAGE_ADDED and uri=com.google.android.apps.mtaas.crawler
10-16 19:59:46.022: W/WearSignatureVerifier(6560): No package com.google.android.wearable.app.cn
10-16 19:59:46.023: W/WearSignatureVerifier(6560): No package com.google.android.wearable.app.cn
10-16 19:59:46.023: W/WearSignatureVerifier(6560): No package com.google.android.wearable.app.cn
10-16 19:59:46.023: W/WearSignatureVerifier(6560): No package com.google.android.wearable.app.cn
10-16 19:59:46.024: I/Finsky(6560): [1] com.google.android.finsky.externalreferrer.d.run(9): Package state data is missing for com.google.android.apps.mtaas.crawler
10-16 19:59:46.024: I/WearableService(5451): Wearable Services not starting - Wear is not available on this device.
10-16 19:59:46.026: D/WearableService(5451): onGetService - Wear is not available on this device.
10-16 19:59:46.029: I/Launcher(2065): Deferring update until onResume
10-16 19:59:46.030: W/WearSignatureVerifier(6560): No package com.google.android.wearable.app.cn
10-16 19:59:46.031: E/Finsky(6560): [1] com.google.android.finsky.wear.bl.a(3): onConnectionFailed: ConnectionResult{statusCode=API_UNAVAILABLE, resolution=null, message=null}
10-16 19:59:46.031: W/Finsky(6560): [1] com.google.android.finsky.wear.aj.run(9): Dropping command=auto_install due to Gms not connected
10-16 19:59:46.044: W/Finsky(6560): [1] com.google.android.finsky.wear.aj.run(9): Dropping command=send_installed_apps due to Gms not connected
10-16 19:59:46.071: W/ResourcesManager(2065): Asset path '/system/framework/com.google.android.maps.jar' does not exist or contains no resources.
10-16 19:59:46.074: I/Icing(5433): Usage reports 0 indexed 0 rejected 0 imm upload false
10-16 19:59:46.082: I/Icing(5433): Usage reports 0 indexed 0 rejected 0 imm upload false
10-16 19:59:46.094: I/Icing(5433): IndexChimeraService.getServiceInterface callingPackage=com.google.android.gms componentName=AppsCorpus serviceId=32
10-16 19:59:46.094: I/Icing(5433): IndexChimeraService.getServiceInterface callingPackage=com.google.android.gms componentName=AppsCorpus serviceId=36
10-16 19:59:46.095: I/Launcher(2065): Deferring update until onResume
10-16 19:59:46.102: W/InputMethodInfo(1690): Duplicated subtype definition found: , voice
10-16 19:59:46.104: I/Icing(5433): Usage reports 0 indexed 0 rejected 0 imm upload false
10-16 19:59:46.106: I/art(1690): Explicit concurrent mark sweep GC freed 75513(4MB) AllocSpace objects, 30(1357KB) LOS objects, 33% free, 17MB/26MB, paused 2.441ms total 80.580ms
10-16 19:59:46.108: I/art(6719): System.exit called, status: 0
10-16 19:59:46.108: I/AndroidRuntime(6719): VM exiting with result code 0.
10-16 19:59:46.140: I/art(5451): Explicit concurrent mark sweep GC freed 84582(4MB) AllocSpace objects, 2(32KB) LOS objects, 40% free, 16MB/27MB, paused 487us total 34.061ms
10-16 19:59:46.143: I/Launcher(2065): Deferring update until onResume
10-16 19:59:46.144: I/Icing(5433): Usage reports 0 indexed 0 rejected 0 imm upload false
10-16 19:59:46.397: I/sdcard(1317): type=1400 audit(0.0:147): avc: denied { read } for name="0" dev="loop6" ino=98305 scontext=u:r:sdcardd:s0 tcontext=u:object_r:system_data_file:s0 tclass=dir permissive=1
10-16 19:59:46.397: I/sdcard(1317): type=1400 audit(0.0:148): avc: denied { open } for path="/data/media/0" dev="loop6" ino=98305 scontext=u:r:sdcardd:s0 tcontext=u:object_r:system_data_file:s0 tclass=dir permissive=1
10-16 19:59:46.603: I/Remoter(1326): Saved screenshot to '/data/screenshots/__pmv__-0104.jpg'
10-16 19:59:47.086: I/Icing(5433): Indexing 5233BB6556150606E6EA2800A20D5D691B1774CC from com.google.android.gms
10-16 19:59:47.093: I/Icing(5433): Indexing done 5233BB6556150606E6EA2800A20D5D691B1774CC
10-16 19:59:47.145: I/Icing(5433): Indexing 5233BB6556150606E6EA2800A20D5D691B1774CC from com.google.android.gms
10-16 19:59:47.145: I/Icing(5433): Indexing done 5233BB6556150606E6EA2800A20D5D691B1774CC
10-16 19:59:47.153: I/Icing(5433): IndexChimeraService.getServiceInterface callingPackage=com.google.android.inputmethod.latin componentName=null serviceId=21
