10-16 19:59:06.929: I/Exchange(8562): needResyncCalendar: false, hasCalendarPermission: true, needResyncContacts: false, hasContactsPermission: true
10-16 19:59:06.934: I/Gmail(8562): getAccountsCursor
10-16 19:59:06.935: I/NotifUtils(8562): resendNotifications cancelExisting: true, account: null, folder: null
10-16 19:59:06.935: W/art(2124): Suspending all threads took: 17.747ms
10-16 19:59:06.944: I/art(2124): Background sticky concurrent mark sweep GC freed 40142(3MB) AllocSpace objects, 1(20KB) LOS objects, 25% free, 9MB/12MB, paused 18.321ms total 60.793ms
10-16 19:59:06.997: W/art(8599): Suspending all threads took: 6.013ms
10-16 19:59:07.015: I/Exchange(8562): RestartPingTask
10-16 19:59:07.046: W/ActivityManager(1698): Unable to start service Intent { cmp=com.google.android.gm/com.android.email.service.AttachmentService } U=0: not found
10-16 19:59:07.049: I/Gmail(8562): getAccountsCursor
10-16 19:59:07.049: I/Exchange(8562): RestartPingsTask did not start any pings.
10-16 19:59:07.050: I/Exchange(8562): onDestroy
10-16 19:59:07.053: W/art(2124): Suspending all threads took: 9.050ms
10-16 19:59:07.072: I/Gmail(8562): Observing account changes for notifications
10-16 19:59:07.075: I/Exchange(8562): EasService.onCreate
10-16 19:59:07.075: W/ActivityManager(1698): Unable to start service Intent { cmp=com.google.android.gm.exchange/com.android.exchange.service.EasService } U=0: not found
10-16 19:59:07.075: I/Exchange(8562): EasService.onCreate stoppedOldService=false
10-16 19:59:07.080: I/art(2124): Background partial concurrent mark sweep GC freed 35181(2040KB) AllocSpace objects, 3(1060KB) LOS objects, 40% free, 10MB/16MB, paused 9.612ms total 74.279ms
10-16 19:59:07.088: I/Exchange(8562): needResyncCalendar: false, hasCalendarPermission: true, needResyncContacts: false, hasContactsPermission: true
10-16 19:59:07.088: I/VideoCapabilities(8599): Unsupported profile 4 for video/mp4v-es
10-16 19:59:07.089: I/Exchange(8562): RestartPingTask
10-16 19:59:07.097: I/Exchange(8562): RestartPingsTask did not start any pings.
10-16 19:59:07.097: I/Exchange(8562): onDestroy
10-16 19:59:07.125: D/AndroidRuntime(8582): >>>>>> START com.android.internal.os.RuntimeInit uid 0 <<<<<<
10-16 19:59:07.137: D/AndroidRuntime(8582): CheckJNI is OFF
10-16 19:59:07.185: I/EventLoggerStores(8599): recordEvent APP_EVENT_WAIT_FOR_CONFIGURATION_START ClientEvent[]
10-16 19:59:07.208: I/Icing(2348): IndexChimeraService.getServiceInterface callingPackage=com.google.android.gms componentName=AppsCorpus serviceId=32
10-16 19:59:07.218: I/Icing(2348): IndexChimeraService.getServiceInterface callingPackage=com.google.android.gms componentName=AppsCorpus serviceId=36
10-16 19:59:07.229: I/EventLoggerStores(8599): recordEvent APP_EVENT_PLAY_SERVICES_DATA_DETERMINED ClientEvent[]
10-16 19:59:07.248: I/EventLoggerStores(8599): recordEvent APP_EVENT_WAIT_FOR_CONFIGURATION_END ClientEvent[]
10-16 19:59:07.273: D/ICU(8582): No timezone override file found: /data/misc/zoneinfo/current/icu/icu_tzdata.dat
10-16 19:59:07.297: I/ActivityManager(1698): Start proc 8635:com.google.android.youtube/u0a79 for broadcast com.google.android.youtube/com.google.android.apps.youtube.app.system.LocaleUpdatedReceiver
10-16 19:59:07.297: I/ActivityManager(1698): [ 10-16 19:59:07.299  8582: 8582 W/         ]
10-16 19:59:07.297: I/ActivityManager(1698): Failed to bind-mount /system/lib/x86/cpuinfo as /proc/cpuinfo: No such file or directory
10-16 19:59:07.304: I/CalendarProvider2(8501): Sending notification intent: Intent { act=android.intent.action.PROVIDER_CHANGED dat=content://com.android.calendar flg=0x20000000 }
10-16 19:59:07.304: W/ContentResolver(8501): Failed to get type for: content://com.android.calendar (Unknown URL content://com.android.calendar)
10-16 19:59:07.306: E/memtrack(8582): Couldn't load memtrack module (No such file or directory)
10-16 19:59:07.306: E/android.os.Debug(8582): failed to load memtrack module: -2
10-16 19:59:07.307: I/Radio-JNI(8582): register_android_hardware_Radio DONE
10-16 19:59:07.314: I/IcingInternalCorpora(2348): Received calendar change notification.
10-16 19:59:07.319: D/AndroidRuntime(8582): Calling main entry com.android.commands.settings.SettingsCmd
10-16 19:59:07.329: I/Remoter(1394): Saved screenshot to '/data/screenshots/__pmv__-0079.jpg'
10-16 19:59:07.338: D/AndroidRuntime(8582): Shutting down VM
10-16 19:59:07.343: W/System(8635): ClassLoader referenced unknown path: /system/app/YouTube/lib/x86
10-16 19:59:07.638: I/Icing(2348): Usage reports 1 indexed 1 rejected 0 imm upload false
10-16 19:59:07.679: E/YT(8635): flushBinderConnectionCallbacks is unverified on SDK 25
10-16 19:59:07.691: D/ApplicationLoaders(8635): ignored Vulkan layer search path /data/app/com.google.android.gms-2/lib/x86:/system/fake-libs:/data/app/com.google.android.gms-2/base.apk!/lib/x86 for namespace 0xafb7f090
10-16 19:59:07.725: W/System(8635): ClassLoader referenced unknown path: 
10-16 19:59:07.726: D/ApplicationLoaders(8635): ignored Vulkan layer search path /data/app/com.google.android.gms-2/lib/x86:/system/fake-libs:/data/app/com.google.android.gms-2/base.apk!/lib/x86 for namespace 0xafb7f0d0
10-16 19:59:07.739: V/NativeCrypto(8635): Registering com/google/android/gms/org/conscrypt/NativeCrypto's 259 native methods...
10-16 19:59:07.839: D/NetworkSecurityConfig(8635): No Network Security Config specified, using platform default
10-16 19:59:07.840: I/ProviderInstaller(8635): Installed default security provider GmsCore_OpenSSL
10-16 19:59:07.845: D/DownloadManager(8020): [36] Starting
10-16 19:59:07.851: W/System(8020): ClassLoader referenced unknown path: 
10-16 19:59:07.852: I/Icing(2348): Usage reports 0 indexed 0 rejected 0 imm upload false
10-16 19:59:07.856: D/ApplicationLoaders(8020): ignored Vulkan layer search path /data/app/com.google.android.googlequicksearchbox-1/lib/x86:/data/app/com.google.android.googlequicksearchbox-1/base.apk!/lib/x86 for namespace 0xafb7f0d0
10-16 19:59:07.861: D/NetworkSecurityConfig(8020): Using Network Security Config from resource network_security_config debugBuild: false
10-16 19:59:07.862: I/Icing(2348): Usage reports 0 indexed 0 rejected 0 imm upload false
10-16 19:59:07.866: D/NetworkSecurityConfig(8020): No Network Security Config specified, using platform default
10-16 19:59:07.876: I/Icing(2348): Usage reports 0 indexed 0 rejected 0 imm upload false
10-16 19:59:07.944: I/EventLoggerStores(8599): recordEvent APP_EVENT_HOTWORD_MODEL_DOWNLOAD_SCHEDULED ClientEvent[]
10-16 19:59:08.040: W/InstanceID/Rpc(8635): Found 10014
10-16 19:59:08.056: I/qtaguid(8635): Untagging socket -1 failed errno=-9
10-16 19:59:08.056: W/NetworkManagementSocketTagger(8635): untagSocket(-1) failed with errno -9
10-16 19:59:08.067: V/MediaRouter(8635): Adding route: RouteInfo{ name=Teléfono, description=null, status=null, category=RouteCategory{ name=null types=ROUTE_TYPE_LIVE_AUDIO ROUTE_TYPE_LIVE_VIDEO  groupable=false }, supportedTypes=ROUTE_TYPE_LIVE_AUDIO ROUTE_TYPE_LIVE_VIDEO , presentationDisplay=null }
10-16 19:59:08.069: V/MediaRouter(8635): Updating audio routes: AudioRoutesInfo{ type=SPEAKER }
10-16 19:59:08.069: V/MediaRouter(8635): Selecting route: RouteInfo{ name=Teléfono, description=null, status=null, category=RouteCategory{ name=null types=ROUTE_TYPE_LIVE_AUDIO ROUTE_TYPE_LIVE_VIDEO  groupable=false }, supportedTypes=ROUTE_TYPE_LIVE_AUDIO ROUTE_TYPE_LIVE_VIDEO , presentationDisplay=null }
10-16 19:59:08.099: W/System(8635): ClassLoader referenced unknown path: /data/user_de/0/com.google.android.gms/app_chimera/m/0000000b/n/x86
10-16 19:59:08.099: W/System(8635): ClassLoader referenced unknown path: /data/user_de/0/com.google.android.gms/app_chimera/m/0000000b/n/armeabi-v7a
10-16 19:59:08.100: W/System(8635): ClassLoader referenced unknown path: /data/user_de/0/com.google.android.gms/app_chimera/m/0000000b/n/armeabi
10-16 19:59:08.130: I/art(2124): Background partial concurrent mark sweep GC freed 35381(1948KB) AllocSpace objects, 18(6MB) LOS objects, 40% free, 10MB/18MB, paused 5.200ms total 47.828ms
10-16 19:59:08.147: V/MediaRouter(8635): Selecting route: RouteInfo{ name=Teléfono, description=null, status=null, category=RouteCategory{ name=null types=ROUTE_TYPE_LIVE_AUDIO ROUTE_TYPE_LIVE_VIDEO  groupable=false }, supportedTypes=ROUTE_TYPE_LIVE_AUDIO ROUTE_TYPE_LIVE_VIDEO , presentationDisplay=null }
10-16 19:59:08.158: I/CastMediaRouteProvider(2348): in onDiscoveryRequestChanged: request=DiscoveryRequest{ selector=MediaRouteSelector{ controlCategories=[com.google.android.gms.cast.CATEGORY_CAST/233637DE] }, activeScan=false, isValid=true }
10-16 19:59:08.159: I/DiscoveryManager(2348): Filter criteria(233637DE) scannerFlags(2)
10-16 19:59:08.159: I/Publisher(2348): onUpdateFilterCriteria [233637DE]
10-16 19:59:08.159: I/CastMediaRouteProvider(2348): onDevicesPublished with 0 devices
10-16 19:59:08.159: I/CastMediaRouteProvider(2348): Published 0 routes
10-16 19:59:08.163: I/DeviceScanner(2348): [MDNS] startScan: scannerFlags: 2 criteria=233637DE
10-16 19:59:08.194: D/DynamitePackage(8635): Instantiated singleton DynamitePackage.
10-16 19:59:08.194: D/DynamitePackage(8635): Instantiating com.google.android.gms.ads.adshield.ChimeraAdShieldCreatorImpl
10-16 19:59:08.198: I/art(8599): Do partial code cache collection, code=26KB, data=27KB
10-16 19:59:08.199: I/art(8599): After code cache collection, code=19KB, data=23KB
10-16 19:59:08.199: I/art(8599): Increasing code cache capacity to 128KB
10-16 19:59:08.200: W/MdnsClient_Cast(2348): #acquireLock. Multicast lock not held. Acquiring. Subtypes:"233637DE"
10-16 19:59:08.201: I/LocaleChangeIO(2124): Requesting GmsCore restart due to change in locale assets
10-16 19:59:08.202: I/Process(2124): Sending signal. PID: 2124 SIG: 9
10-16 19:59:08.211: I/Process(2348): Sending signal. PID: 2348 SIG: 9
10-16 19:59:08.245: W/art(8635): Suspending all threads took: 5.779ms
10-16 19:59:08.257: E/lowmemorykiller(1397): Error writing /proc/2348/oom_score_adj; errno=22
10-16 19:59:08.257: E/lowmemorykiller(1397): Error writing /proc/2124/oom_score_adj; errno=22
10-16 19:59:08.287: E/JavaBinder(1698): !!! FAILED BINDER TRANSACTION !!!  (parcel size = 2124)
10-16 19:59:08.287: W/ActivityManager(1698): Application dead when creating service ServiceRecord{8ba2043 u0 com.google.android.gms/.ads.identifier.service.AdvertisingIdService}
10-16 19:59:08.287: I/ActivityManager(1698): Process com.google.android.gms (pid 2348) has died
10-16 19:59:08.287: D/ActivityManager(1698): cleanUpApplicationRecord -- 2348
10-16 19:59:08.304: E/JavaBinder(1698): !!! FAILED BINDER TRANSACTION !!!  (parcel size = 284)
10-16 19:59:08.305: W/ActivityManager(1698): Exception when unbinding service com.google.android.gms/.pseudonymous.service.PseudonymousIdService
10-16 19:59:08.305: W/ActivityManager(1698): android.os.DeadObjectException: Transaction failed on small parcel; remote process probably died
10-16 19:59:08.305: W/ActivityManager(1698): 	at android.os.BinderProxy.transactNative(Native Method)
10-16 19:59:08.305: W/ActivityManager(1698): 	at android.os.BinderProxy.transact(Binder.java:615)
10-16 19:59:08.305: W/ActivityManager(1698): 	at android.app.ApplicationThreadProxy.scheduleUnbindService(ApplicationThreadNative.java:1016)
10-16 19:59:08.305: W/ActivityManager(1698): 	at com.android.server.am.ActiveServices.removeConnectionLocked(ActiveServices.java:2175)
10-16 19:59:08.305: W/ActivityManager(1698): 	at com.android.server.am.ActiveServices.killServicesLocked(ActiveServices.java:2551)
10-16 19:59:08.305: W/ActivityManager(1698): 	at com.android.server.am.ActivityManagerService.cleanUpApplicationRecordLocked(ActivityManagerService.java:16902)
10-16 19:59:08.305: W/ActivityManager(1698): 	at com.android.server.am.ActivityManagerService.handleAppDiedLocked(ActivityManagerService.java:5078)
10-16 19:59:08.305: W/ActivityManager(1698): 	at com.android.server.am.ActivityManagerService.appDiedLocked(ActivityManagerService.java:5241)
10-16 19:59:08.305: W/ActivityManager(1698): 	at com.android.server.am.ActivityManagerService.appDiedLocked(ActivityManagerService.java:5196)
10-16 19:59:08.305: W/ActivityManager(1698): 	at com.android.server.am.ActiveServices.realStartServiceLocked(ActiveServices.java:1824)
10-16 19:59:08.305: W/ActivityManager(1698): 	at com.android.server.am.ActiveServices.bringUpServiceLocked(ActiveServices.java:1720)
10-16 19:59:08.305: W/ActivityManager(1698): 	at com.android.server.am.ActiveServices.bindServiceLocked(ActiveServices.java:1046)
10-16 19:59:08.305: W/ActivityManager(1698): 	at com.android.server.am.ActivityManagerService.bindService(ActivityManagerService.java:17255)
10-16 19:59:08.305: W/ActivityManager(1698): 	at android.app.ActivityManagerNative.onTransact(ActivityManagerNative.java:1134)
10-16 19:59:08.305: W/ActivityManager(1698): 	at com.android.server.am.ActivityManagerService.onTransact(ActivityManagerService.java:2794)
10-16 19:59:08.305: W/ActivityManager(1698): 	at android.os.Binder.execTransact(Binder.java:565)
10-16 19:59:08.305: E/lowmemorykiller(1397): Error writing /proc/2124/oom_score_adj; errno=22
10-16 19:59:08.306: E/lowmemorykiller(1397): Error writing /proc/2124/oom_score_adj; errno=22
10-16 19:59:08.318: E/JavaBinder(1698): !!! FAILED BINDER TRANSACTION !!!  (parcel size = 280)
10-16 19:59:08.318: W/ActivityManager(1698): Exception when unbinding service com.google.android.gms/.phenotype.service.PhenotypeService
10-16 19:59:08.318: W/ActivityManager(1698): android.os.DeadObjectException: Transaction failed on small parcel; remote process probably died
10-16 19:59:08.318: W/ActivityManager(1698): 	at android.os.BinderProxy.transactNative(Native Method)
10-16 19:59:08.318: W/ActivityManager(1698): 	at android.os.BinderProxy.transact(Binder.java:615)
10-16 19:59:08.318: W/ActivityManager(1698): 	at android.app.ApplicationThreadProxy.scheduleUnbindService(ApplicationThreadNative.java:1016)
10-16 19:59:08.318: W/ActivityManager(1698): 	at com.android.server.am.ActiveServices.removeConnectionLocked(ActiveServices.java:2175)
10-16 19:59:08.318: W/ActivityManager(1698): 	at com.android.server.am.ActiveServices.killServicesLocked(ActiveServices.java:2551)
10-16 19:59:08.318: W/ActivityManager(1698): 	at com.android.server.am.ActivityManagerService.cleanUpApplicationRecordLocked(ActivityManagerService.java:16902)
10-16 19:59:08.318: W/ActivityManager(1698): 	at com.android.server.am.ActivityManagerService.handleAppDiedLocked(ActivityManagerService.java:5078)
10-16 19:59:08.318: W/ActivityManager(1698): 	at com.android.server.am.ActivityManagerService.appDiedLocked(ActivityManagerService.java:5241)
10-16 19:59:08.318: W/ActivityManager(1698): 	at com.android.server.am.ActivityManagerService.appDiedLocked(ActivityManagerService.java:5196)
10-16 19:59:08.318: W/ActivityManager(1698): 	at com.android.server.am.ActiveServices.realStartServiceLocked(ActiveServices.java:1824)
10-16 19:59:08.318: W/ActivityManager(1698): 	at com.android.server.am.ActiveServices.bringUpServiceLocked(ActiveServices.java:1720)
10-16 19:59:08.318: W/ActivityManager(1698): 	at com.android.server.am.ActiveServices.bindServiceLocked(ActiveServices.java:1046)
10-16 19:59:08.318: W/ActivityManager(1698): 	at com.android.server.am.ActivityManagerService.bindService(ActivityManagerService.java:17255)
10-16 19:59:08.318: W/ActivityManager(1698): 	at android.app.ActivityManagerNative.onTransact(ActivityManagerNative.java:1134)
10-16 19:59:08.318: W/ActivityManager(1698): 	at com.android.server.am.ActivityManagerService.onTransact(ActivityManagerService.java:2794)
10-16 19:59:08.318: W/ActivityManager(1698): 	at android.os.Binder.execTransact(Binder.java:565)
10-16 19:59:08.318: E/lowmemorykiller(1397): Error writing /proc/2124/oom_score_adj; errno=22
10-16 19:59:08.319: W/ActivityManager(1698): Scheduling restart of crashed service com.google.android.gms/.icing.service.IndexWorkerService in 1000ms
10-16 19:59:08.319: W/ActivityManager(1698): Scheduling restart of crashed service com.google.android.gms/.chimera.GmsIntentOperationService in 11000ms
10-16 19:59:08.319: W/ActivityManager(1698): Scheduling restart of crashed service com.google.android.gms/.ads.identifier.service.AdvertisingIdService in 11000ms
10-16 19:59:08.319: W/ActivityManager(1698): Scheduling restart of crashed service com.google.android.gms/.cast.media.CastMediaRouteProviderService in 21000ms
10-16 19:59:08.319: W/ActivityManager(1698): Scheduling restart of crashed service com.google.android.gms/.ads.identifier.service.AdvertisingIdService in 44000ms
10-16 19:59:08.319: W/ActivityManager(1698): Exception when starting service com.google.android.gms/.ads.identifier.service.AdvertisingIdService
10-16 19:59:08.319: W/ActivityManager(1698): android.os.DeadObjectException: Transaction failed on small parcel; remote process probably died
10-16 19:59:08.319: W/ActivityManager(1698): 	at android.os.BinderProxy.transactNative(Native Method)
10-16 19:59:08.319: W/ActivityManager(1698): 	at android.os.BinderProxy.transact(Binder.java:615)
10-16 19:59:08.319: W/ActivityManager(1698): 	at android.app.ApplicationThreadProxy.scheduleCreateService(ApplicationThreadNative.java:988)
10-16 19:59:08.319: W/ActivityManager(1698): 	at com.android.server.am.ActiveServices.realStartServiceLocked(ActiveServices.java:1817)
10-16 19:59:08.319: W/ActivityManager(1698): 	at com.android.server.am.ActiveServices.bringUpServiceLocked(ActiveServices.java:1720)
10-16 19:59:08.319: W/ActivityManager(1698): 	at com.android.server.am.ActiveServices.bindServiceLocked(ActiveServices.java:1046)
10-16 19:59:08.319: W/ActivityManager(1698): 	at com.android.server.am.ActivityManagerService.bindService(ActivityManagerService.java:17255)
10-16 19:59:08.319: W/ActivityManager(1698): 	at android.app.ActivityManagerNative.onTransact(ActivityManagerNative.java:1134)
10-16 19:59:08.319: W/ActivityManager(1698): 	at com.android.server.am.ActivityManagerService.onTransact(ActivityManagerService.java:2794)
10-16 19:59:08.319: W/ActivityManager(1698): 	at android.os.Binder.execTransact(Binder.java:565)
10-16 19:59:08.327: V/EmulatedCamera_Factory(1404): getCameraInfo: id = 0
10-16 19:59:08.327: V/EmulatedCamera_Camera(1404): getCameraInfo
10-16 19:59:08.327: V/EmulatedCamera_BaseCamera(1404): getCameraInfo
10-16 19:59:08.332: I/ActivityManager(1698): Start proc 8739:com.google.android.gms/u0a14 for service com.google.android.gms/.gass.GassService
10-16 19:59:08.345: V/EmulatedCamera_Factory(1404): getCameraInfo: id = 1
10-16 19:59:08.345: V/EmulatedCamera_Camera(1404): getCameraInfo
10-16 19:59:08.345: V/EmulatedCamera_BaseCamera(1404): getCameraInfo
10-16 19:59:08.349: W/art(8635): Before Android 4.1, method double java.util.concurrent.ThreadLocalRandom.internalNextDouble(double, double) would have incorrectly overridden the package-private method in java.util.Random
10-16 19:59:08.349: W/art(8635): Before Android 4.1, method int java.util.concurrent.ThreadLocalRandom.internalNextInt(int, int) would have incorrectly overridden the package-private method in java.util.Random
10-16 19:59:08.349: W/art(8635): Before Android 4.1, method long java.util.concurrent.ThreadLocalRandom.internalNextLong(long, long) would have incorrectly overridden the package-private method in java.util.Random
10-16 19:59:08.358: D/DownloadManager(8020): [36] Finished with status SUCCESS
10-16 19:59:08.376: D/AndroidRuntime(8681): >>>>>> START com.android.internal.os.RuntimeInit uid 0 <<<<<<
10-16 19:59:08.381: I/DownloadCompleteRrvr(8599): Download Completed
10-16 19:59:08.385: I/EventLoggerStores(8599): recordEvent APP_EVENT_HOTWORD_MODEL_DOWNLOAD_SUCCESS ClientEvent[]
10-16 19:59:08.389: D/AndroidRuntime(8681): CheckJNI is OFF
10-16 19:59:08.404: D/GnssStatusListenerHelper(1698): Remote Listener died: android.location.IGnssStatusListener$Stub$Proxy@7203dd8
10-16 19:59:08.405: V/BackupManagerService(1698): Disconnected from transport ComponentInfo{com.google.android.gms/com.google.android.gms.backup.BackupTransportService}
10-16 19:59:08.405: V/BackupManagerService(1698): Registering transport com.google.android.gms/.backup.BackupTransportService::null = null
10-16 19:59:08.405: E/WifiBackgroundScanStateMachine(1698): Failed to update schedule because WifiScanningService is not initialized
10-16 19:59:08.405: E/WifiBackgroundScanStateMachine(1698): Failed to update hotlist because WifiScanningService is not initialized
10-16 19:59:08.405: I/ActivityManager(1698): Process com.google.android.gms.persistent (pid 2124) has died
10-16 19:59:08.405: D/ActivityManager(1698): cleanUpApplicationRecord -- 2124
10-16 19:59:08.405: W/ActivityManager(1698): Scheduling restart of crashed service com.google.android.gms/com.google.android.location.internal.server.HardwareArProviderService in 1000ms
10-16 19:59:08.405: W/ActivityManager(1698): Scheduling restart of crashed service com.google.android.gms/com.google.android.location.network.NetworkLocationService in 11000ms
10-16 19:59:08.405: W/ActivityManager(1698): Scheduling restart of crashed service com.google.android.gms/.chimera.PersistentBoundBrokerService in 21000ms
10-16 19:59:08.405: W/ActivityManager(1698): Scheduling restart of crashed service com.google.android.gms/com.google.android.contextmanager.service.ContextManagerService in 31000ms
10-16 19:59:08.405: W/ActivityManager(1698): Scheduling restart of crashed service com.google.android.gms/.deviceconnection.service.DeviceConnectionWatcherService in 41000ms
10-16 19:59:08.405: W/ActivityManager(1698): Scheduling restart of crashed service com.google.android.gms/com.google.android.location.internal.GoogleLocationManagerService in 51000ms
10-16 19:59:08.405: W/ActivityManager(1698): Scheduling restart of crashed service com.google.android.gms/.nearby.messages.service.NearbyMessagesService in 61000ms
10-16 19:59:08.405: W/ActivityManager(1698): Scheduling restart of crashed service com.google.android.gms/.chimera.PersistentIntentOperationService in 71000ms
10-16 19:59:08.405: W/ActivityManager(1698): Scheduling restart of crashed service com.google.android.gms/.auth.setup.devicesignals.LockScreenService in 81000ms
10-16 19:59:08.406: W/ActivityManager(1698): Scheduling restart of crashed service com.google.android.gms/.backup.BackupTransportService in 91000ms
10-16 19:59:08.406: W/ActivityManager(1698): Scheduling restart of crashed service com.google.android.gms/.clearcut.service.ClearcutLoggerService in 101000ms
10-16 19:59:08.406: W/ActivityManager(1698): Scheduling restart of crashed service com.google.android.gms/com.google.location.nearby.direct.service.NearbyDirectService in 111000ms
10-16 19:59:08.406: W/ActivityManager(1698): Scheduling restart of crashed service com.google.android.gms/.gcm.GcmService in 110999ms
10-16 19:59:08.406: W/ActivityManager(1698): Scheduling restart of crashed service com.google.android.gms/.common.stats.GmsCoreStatsService in 120999ms
10-16 19:59:08.406: W/ActivityManager(1698): Scheduling restart of crashed service com.google.android.gms/.auth.account.service.WorkAccountService in 130999ms
10-16 19:59:08.406: W/ActivityManager(1698): Scheduling restart of crashed service com.google.android.gms/com.google.android.location.internal.server.GoogleLocationService in 130999ms
10-16 19:59:08.406: W/ActivityManager(1698): Scheduling restart of crashed service com.google.android.gms/com.google.android.location.geofencer.service.GeofenceProviderService in 140999ms
10-16 19:59:08.406: W/ActivityManager(1698): Scheduling restart of crashed service com.google.android.gms/com.google.android.location.geocode.GeocodeService in 150999ms
10-16 19:59:08.407: E/WifiService(1698): Multicaster binderDied
10-16 19:59:08.407: D/ConnectivityService(1698): ConnectivityService NetworkRequestInfo binderDied(NetworkRequest [ LISTEN id=7, [ Capabilities: INTERNET&NOT_RESTRICTED&TRUSTED&NOT_VPN] ], android.os.BinderProxy@1475f84)
10-16 19:59:08.414: E/ConnectivityService(1698): RemoteException caught trying to send a callback msg for NetworkRequest [ LISTEN id=7, [ Capabilities: INTERNET&NOT_RESTRICTED&TRUSTED&NOT_VPN] ]
10-16 19:59:08.417: I/Remoter(1394): Saved screenshot to '/data/screenshots/__pmv__-0080.jpg'
10-16 19:59:08.433: I/qtaguid(8635): Untagging socket -1 failed errno=-9
10-16 19:59:08.443: D/ICU(8681): No timezone override file found: /data/misc/zoneinfo/current/icu/icu_tzdata.dat
10-16 19:59:08.443: D/ICU(8681): [ 10-16 19:59:08.448  8681: 8681 W/         ]
10-16 19:59:08.443: D/ICU(8681): Failed to bind-mount /system/lib/x86/cpuinfo as /proc/cpuinfo: No such file or directory
10-16 19:59:08.452: I/LoadedApk(8739): No resource references to update in package FFFFFFFFFFFFFFFFFFFFFF
10-16 19:59:08.456: E/memtrack(8681): Couldn't load memtrack module (No such file or directory)
10-16 19:59:08.456: E/android.os.Debug(8681): failed to load memtrack module: -2
10-16 19:59:08.457: I/Radio-JNI(8681): register_android_hardware_Radio DONE
10-16 19:59:08.464: W/NetworkManagementSocketTagger(8635): untagSocket(-1) failed with errno -9
10-16 19:59:08.464: D/AndroidRuntime(8681): Calling main entry com.android.commands.am.Am
10-16 19:59:08.468: I/ActivityManager(1698): Start proc 8795:com.google.android.gms.persistent/u0a14 for service com.google.android.gms/.clearcut.service.ClearcutLoggerService
10-16 19:59:08.488: I/ActivityManager(1698): START u0 {flg=0x10000000 cmp=com.google.android.apps.mtaas.backdrop/.BackdropActivity} from uid 0 on display 0
10-16 19:59:08.499: D/AndroidRuntime(8681): Shutting down VM
10-16 19:59:08.703: W/art(8635): Long monitor contention with owner init4-2 (8698) at long android.database.CursorWindow.nativeCreateFromParcel(android.os.Parcel)(CursorWindow.java:-2) waiters=0 in java.lang.Object zlr.get() for 312ms
10-16 19:59:08.703: W/art(8635): Long monitor contention with owner init4-2 (8698) at long android.database.CursorWindow.nativeCreateFromParcel(android.os.Parcel)(CursorWindow.java:-2) waiters=1 in java.lang.Object zlr.get() for 276ms
10-16 19:59:08.705: W/ActivityManager(1698): Slow operation: 70ms so far, now at startProcess: returned from zygote!
10-16 19:59:08.705: W/ActivityManager(1698): Slow operation: 72ms so far, now at startProcess: done updating battery stats
10-16 19:59:08.705: W/ActivityManager(1698): Slow operation: 72ms so far, now at startProcess: building log message
10-16 19:59:08.705: I/ActivityManager(1698): Start proc 8811:com.google.android.apps.mtaas.backdrop/u0a84 for activity com.google.android.apps.mtaas.backdrop/.BackdropActivity
10-16 19:59:08.705: W/ActivityManager(1698): Slow operation: 72ms so far, now at startProcess: starting to update pids map
10-16 19:59:08.705: W/ActivityManager(1698): Slow operation: 72ms so far, now at startProcess: done updating pids map
10-16 19:59:08.705: W/ActivityManager(1698): Slow operation: 72ms so far, now at startProcess: done starting proc!
10-16 19:59:08.733: I/GceGrallocRegionRegistry(1399): Mapped gralloc-1399.42 hnd=0xacc1c3c0 fd=36 base=0xa3d8f000 format=RGBA_8888(0x1) width=1536 height=1952
10-16 19:59:08.736: I/GceGrallocRegionRegistry(1698): Mapped gralloc-1399.42 hnd=0x9211e9c0 fd=184 base=0x8c108000 format=RGBA_8888(0x1) width=1536 height=1952
10-16 19:59:08.748: I/art(1698): Background partial concurrent mark sweep GC freed 19209(1203KB) AllocSpace objects, 5(580KB) LOS objects, 33% free, 10MB/16MB, paused 391us total 277.095ms
10-16 19:59:08.726: I/android.display(1698): type=1400 audit(0.0:121): avc: denied { read } for path=2F6465762F6173686D656D2F6772616C6C6F632D313339392E3432202864656C6574656429 dev="tmpfs" ino=377302 scontext=u:r:system_server:s0 tcontext=u:object_r:surfaceflinger_tmpfs:s0 tclass=file permissive=1
10-16 19:59:08.838: V/DownloadManager(8020): Deleting /data/data/com.android.providers.downloads/cache/hotword.data via provider delete
10-16 19:59:08.840: W/System(8811): ClassLoader referenced unknown path: /data/app/com.google.android.apps.mtaas.backdrop-1/lib/x86
10-16 19:59:08.841: I/LoadedApk(8795): No resource references to update in package FFFFFFFFFFFFFFFFFFFFFF
10-16 19:59:08.909: I/GceGrallocRegionRegistry(2237): Unmapped gralloc-1399.41 hnd=0xa5bfd3c0 fd=49 base=0x8c80d000
10-16 19:59:08.911: I/GceGrallocRegionRegistry(2237): Unmapped gralloc-1399.40 hnd=0x8c6ff100 fd=45 base=0x8e37e000
10-16 19:59:08.912: I/GceGrallocRegionRegistry(2237): Unmapped gralloc-1399.39 hnd=0xa5bfd400 fd=46 base=0x8d40f000
10-16 19:59:08.912: I/GceGrallocRegionRegistry(1399): Unmapped gralloc-1399.41 hnd=0xa8d3b000 fd=27 base=0xa587e000
10-16 19:59:08.914: I/GceGrallocRegionRegistry(1399): Unmapped gralloc-1399.40 hnd=0xa8d3b080 fd=34 base=0xa07fe000
10-16 19:59:08.930: I/GceGrallocRegionRegistry(1399): Unmapped gralloc-1399.26 hnd=0xa8d3b140 fd=25 base=0xa3b6e000
10-16 19:59:08.930: I/GceGrallocRegionRegistry(1399): Mapped gralloc-1399.43 hnd=0xacc1c340 fd=25 base=0xa7d48000 format=RGBA_8888(0x1) width=1536 height=96
10-16 19:59:08.930: I/GceGrallocRegionRegistry(1796): Mapped gralloc-1399.43 hnd=0x87906140 fd=71 base=0x8b5dc000 format=RGBA_8888(0x1) width=1536 height=96
10-16 19:59:09.081: W/VncBackend(1416): Slow frame encode! (168 ms)
10-16 19:59:09.082: D/NotificationSQLiteLog(1698): Pruned event entries: 0
10-16 19:59:09.083: I/BackdropActivity(8811): android_id: 3719650476184577826
10-16 19:59:09.157: I/GceGrallocRegionRegistry(8811): Mapped gralloc-1399.2 hnd=0xab819dc0 fd=41 base=0xa3d88000 format=RGBA_8888(0x1) width=576 height=576
10-16 19:59:09.160: V/NativeCrypto(8739): Registering com/google/android/gms/org/conscrypt/NativeCrypto's 259 native methods...
10-16 19:59:09.307: D/NetworkSecurityConfig(8739): No Network Security Config specified, using platform default
10-16 19:59:09.308: I/ProviderInstaller(8739): Installed default security provider GmsCore_OpenSSL
10-16 19:59:09.437: W/art(1698): Long monitor contention with owner Binder:1698_9 (3013) at int com.android.server.wm.WindowManagerService.relayoutWindow(com.android.server.wm.Session, android.view.IWindow, int, android.view.WindowManager$LayoutParams, int, int, int, int, android.graphics.Rect, android.graphics.Rect, android.graphics.Rect, android.graphics.Rect, android.graphics.Rect, android.graphics.Rect, android.graphics.Rect, android.content.res.Configuration, android.view.Surface)(WindowManagerService.java:2850) waiters=0 in void com.android.server.wm.WindowManagerService$H.handleMessage(android.os.Message) for 133ms
10-16 19:59:09.438: I/GceGrallocRegionRegistry(1399): Mapped gralloc-1399.44 hnd=0xa146b000 fd=27 base=0xa590e000 format=RGBA_8888(0x1) width=1536 height=1952
10-16 19:59:09.438: I/GceGrallocRegionRegistry(1399): Mapped gralloc-1399.45 hnd=0xacc1c140 fd=40 base=0xa088e000 format=RGBA_8888(0x1) width=1536 height=1952
10-16 19:59:09.438: I/GceGrallocRegionRegistry(1399): Mapped gralloc-1399.46 hnd=0xa146b180 fd=41 base=0x9f08a000 format=RGBA_8888(0x1) width=1536 height=1952
10-16 19:59:09.446: I/OpenGLRenderer(8811): Initialized EGL, version 1.4
10-16 19:59:09.446: D/OpenGLRenderer(8811): Swap behavior 1
10-16 19:59:09.762: W/art(1698): Long monitor contention with owner android.bg (1711) at void com.android.server.pm.ShortcutService.saveDirtyInfo()(ShortcutService.java:1040) waiters=0 in void com.android.server.pm.ShortcutService.handleOnUidStateChanged(int, int) for 128ms
10-16 19:59:09.765: V/NativeCrypto(8795): Registering com/google/android/gms/org/conscrypt/NativeCrypto's 259 native methods...
10-16 19:59:09.914: D/NetworkSecurityConfig(8795): No Network Security Config specified, using platform default
10-16 19:59:09.914: I/ProviderInstaller(8795): Installed default security provider GmsCore_OpenSSL
10-16 19:59:09.937: E/DownloadManagerWrapper(8599): Can't find downloadId=36
10-16 19:59:09.995: I/Choreographer(1796): Skipped 51 frames!  The application may be doing too much work on its main thread.
10-16 19:59:10.028: W/art(8599): Before Android 4.1, method double java.util.concurrent.ThreadLocalRandom.internalNextDouble(double, double) would have incorrectly overridden the package-private method in java.util.Random
10-16 19:59:10.028: W/art(8599): Before Android 4.1, method int java.util.concurrent.ThreadLocalRandom.internalNextInt(int, int) would have incorrectly overridden the package-private method in java.util.Random
10-16 19:59:10.028: W/art(8599): Before Android 4.1, method long java.util.concurrent.ThreadLocalRandom.internalNextLong(long, long) would have incorrectly overridden the package-private method in java.util.Random
10-16 19:59:10.053: I/Remoter(1394): Saved screenshot to '/data/screenshots/__pmv__-0081.jpg'
10-16 19:59:10.138: W/ActivityManager(1698): Unable to start service Intent { act=com.google.android.apps.gsa.search.core.BroadcastListenerService.action.START cmp=com.google.android.googlequicksearchbox/com.google.android.apps.gsa.search.core.BroadcastListenerService } U=0: not found
10-16 19:59:10.139: I/EventLoggerStores(8599): recordEvent APP_EVENT_SEARCH_SERVICE_ON_BIND ClientEvent[]
10-16 19:59:10.144: I/EventLoggerStores(8599): recordEvent APP_EVENT_SEARCH_SERVICE_ON_START_COMMAND ClientEvent[intent_action_id=0, ]
10-16 19:59:10.144: I/EventLoggerStores(8599): recordEvent APP_EVENT_SEARCH_SERVICE_ON_START_COMMAND_END ClientEvent[]
10-16 19:59:10.234: E/WorkerLoader(8599): No worker found for workerId customtabs.
10-16 19:59:10.247: W/art(8599): Suspending all threads took: 5.975ms
10-16 19:59:10.260: I/GceGrallocRegionRegistry(1399): Unmapped gralloc-1399.46 hnd=0xa146b180 fd=41 base=0x9f08a000
10-16 19:59:10.260: I/GceGrallocRegionRegistry(1399): Mapped gralloc-1399.47 hnd=0xa146b140 fd=41 base=0x9f08a000 format=RGBA_8888(0x1) width=1536 height=1952
10-16 19:59:10.261: I/GceGrallocRegionRegistry(8811): Mapped gralloc-1399.47 hnd=0x8fa5f840 fd=42 base=0x8d30e000 format=RGBA_8888(0x1) width=1536 height=1952
10-16 19:59:10.281: I/Choreographer(8811): Skipped 50 frames!  The application may be doing too much work on its main thread.
10-16 19:59:10.283: I/ActivityManager(1698): Displayed com.google.android.apps.mtaas.backdrop/.BackdropActivity: +1s650ms
10-16 19:59:10.302: I/GceGrallocRegionRegistry(1399): Unmapped gralloc-1399.45 hnd=0xacc1c140 fd=40 base=0xa088e000
10-16 19:59:10.302: I/GceGrallocRegionRegistry(1399): Mapped gralloc-1399.48 hnd=0xa8d3b140 fd=40 base=0xa088e000 format=RGBA_8888(0x1) width=1536 height=1952
10-16 19:59:10.302: I/GceGrallocRegionRegistry(8811): Mapped gralloc-1399.48 hnd=0xaa0fa100 fd=43 base=0x8c79c000 format=RGBA_8888(0x1) width=1536 height=1952
10-16 19:59:10.309: I/DynamiteModule(8795): Considering local module com.google.android.gms.googlecertificates:4 and remote module com.google.android.gms.googlecertificates:4
10-16 19:59:10.309: I/DynamiteModule(8795): Selected local version of com.google.android.gms.googlecertificates
10-16 19:59:10.454: W/VncBackend(1416): Slow frame encode! (106 ms)
10-16 19:59:10.519: E/StrictMode(8599): A resource was acquired at attached stack trace but never released. See java.io.Closeable for information on avoiding resource leaks.
10-16 19:59:10.519: E/StrictMode(8599): java.lang.Throwable: Explicit termination method 'close' not called
10-16 19:59:10.519: E/StrictMode(8599): 	at dalvik.system.CloseGuard.open(CloseGuard.java:180)
10-16 19:59:10.519: E/StrictMode(8599): 	at android.os.ParcelFileDescriptor.<init>(ParcelFileDescriptor.java:181)
10-16 19:59:10.519: E/StrictMode(8599): 	at android.os.ParcelFileDescriptor$1.createFromParcel(ParcelFileDescriptor.java:994)
10-16 19:59:10.519: E/StrictMode(8599): 	at android.os.ParcelFileDescriptor$1.createFromParcel(ParcelFileDescriptor.java:987)
10-16 19:59:10.519: E/StrictMode(8599): 	at android.content.res.AssetFileDescriptor.<init>(AssetFileDescriptor.java:359)
10-16 19:59:10.519: E/StrictMode(8599): 	at android.content.res.AssetFileDescriptor$1.createFromParcel(AssetFileDescriptor.java:372)
10-16 19:59:10.519: E/StrictMode(8599): 	at android.content.res.AssetFileDescriptor$1.createFromParcel(AssetFileDescriptor.java:371)
10-16 19:59:10.519: E/StrictMode(8599): 	at android.content.ContentProviderProxy.openTypedAssetFile(ContentProviderNative.java:695)
10-16 19:59:10.519: E/StrictMode(8599): 	at android.content.ContentResolver.openTypedAssetFileDescriptor(ContentResolver.java:1147)
10-16 19:59:10.519: E/StrictMode(8599): 	at android.content.ContentResolver.openAssetFileDescriptor(ContentResolver.java:984)
10-16 19:59:10.519: E/StrictMode(8599): 	at android.content.ContentResolver.openInputStream(ContentResolver.java:704)
10-16 19:59:10.519: E/StrictMode(8599): 	at com.google.android.apps.gsa.speech.microdetection.w.a(SourceFile:1)
10-16 19:59:10.519: E/StrictMode(8599): 	at com.google.android.apps.gsa.speech.microdetection.w.t(SourceFile:1)
10-16 19:59:10.519: E/StrictMode(8599): 	at com.google.android.apps.gsa.speech.microdetection.a.run(SourceFile)
10-16 19:59:10.519: E/StrictMode(8599): 	at java.util.concurrent.Executors$RunnableAdapter.call(Executors.java:428)
10-16 19:59:10.519: E/StrictMode(8599): 	at java.util.concurrent.FutureTask.run(FutureTask.java:237)
10-16 19:59:10.519: E/StrictMode(8599): 	at java.util.concurrent.Executors$RunnableAdapter.call(Executors.java:428)
10-16 19:59:10.519: E/StrictMode(8599): 	at java.util.concurrent.FutureTask.run(FutureTask.java:237)
10-16 19:59:10.519: E/StrictMode(8599): 	at com.google.android.apps.gsa.shared.util.c.a.ag.run(Unknown Source)
10-16 19:59:10.519: E/StrictMode(8599): 	at com.google.android.apps.gsa.shared.util.c.a.bo.run(SourceFile:1)
10-16 19:59:10.519: E/StrictMode(8599): 	at com.google.android.apps.gsa.shared.util.c.a.bo.run(SourceFile:1)
10-16 19:59:10.519: E/StrictMode(8599): 	at java.util.concurrent.ThreadPoolExecutor.runWorker(ThreadPoolExecutor.java:1133)
10-16 19:59:10.519: E/StrictMode(8599): 	at java.util.concurrent.ThreadPoolExecutor$Worker.run(ThreadPoolExecutor.java:607)
10-16 19:59:10.519: E/StrictMode(8599): 	at java.lang.Thread.run(Thread.java:761)
10-16 19:59:10.519: E/StrictMode(8599): 	at com.google.android.apps.gsa.shared.util.c.a.ak.run(SourceFile:3)
10-16 19:59:10.519: E/StrictMode(8599): A resource was acquired at attached stack trace but never released. See java.io.Closeable for information on avoiding resource leaks.
10-16 19:59:10.519: E/StrictMode(8599): java.lang.Throwable: Explicit termination method 'close' not called
10-16 19:59:10.519: E/StrictMode(8599): 	at dalvik.system.CloseGuard.open(CloseGuard.java:180)
10-16 19:59:10.519: E/StrictMode(8599): 	at java.io.FileOutputStream.<init>(FileOutputStream.java:222)
10-16 19:59:10.519: E/StrictMode(8599): 	at java.io.FileOutputStream.<init>(FileOutputStream.java:169)
10-16 19:59:10.519: E/StrictMode(8599): 	at com.google.android.apps.gsa.speech.microdetection.w.t(SourceFile:1)
10-16 19:59:10.519: E/StrictMode(8599): 	at com.google.android.apps.gsa.speech.microdetection.a.run(SourceFile)
10-16 19:59:10.519: E/StrictMode(8599): 	at java.util.concurrent.Executors$RunnableAdapter.call(Executors.java:428)
10-16 19:59:10.519: E/StrictMode(8599): 	at java.util.concurrent.FutureTask.run(FutureTask.java:237)
10-16 19:59:10.519: E/StrictMode(8599): 	at java.util.concurrent.Executors$RunnableAdapter.call(Executors.java:428)
10-16 19:59:10.519: E/StrictMode(8599): 	at java.util.concurrent.FutureTask.run(FutureTask.java:237)
10-16 19:59:10.519: E/StrictMode(8599): 	at com.google.android.apps.gsa.shared.util.c.a.ag.run(Unknown Source)
10-16 19:59:10.519: E/StrictMode(8599): 	at com.google.android.apps.gsa.shared.util.c.a.bo.run(SourceFile:1)
10-16 19:59:10.519: E/StrictMode(8599): 	at com.google.android.apps.gsa.shared.util.c.a.bo.run(SourceFile:1)
10-16 19:59:10.519: E/StrictMode(8599): 	at java.util.concurrent.ThreadPoolExecutor.runWorker(ThreadPoolExecutor.java:1133)
10-16 19:59:10.519: E/StrictMode(8599): 	at java.util.concurrent.ThreadPoolExecutor$Worker.run(ThreadPoolExecutor.java:607)
10-16 19:59:10.519: E/StrictMode(8599): 	at java.lang.Thread.run(Thread.java:761)
10-16 19:59:10.519: E/StrictMode(8599): 	at com.google.android.apps.gsa.shared.util.c.a.ak.run(SourceFile:3)
10-16 19:59:10.528: I/GceGrallocRegionRegistry(1399): Unmapped gralloc-1399.44 hnd=0xa146b000 fd=27 base=0xa590e000
10-16 19:59:10.528: I/GceGrallocRegionRegistry(1399): Mapped gralloc-1399.49 hnd=0xa146b1c0 fd=27 base=0xa590e000 format=RGBA_8888(0x1) width=1536 height=1952
10-16 19:59:10.528: I/GceGrallocRegionRegistry(8811): Mapped gralloc-1399.49 hnd=0xaa0fa300 fd=45 base=0x8bc2a000 format=RGBA_8888(0x1) width=1536 height=1952
10-16 19:59:10.529: I/GceGrallocRegionRegistry(1698): Unmapped gralloc-1399.42 hnd=0x9211e9c0 fd=184 base=0x8c108000
10-16 19:59:10.576: I/GceGrallocRegionRegistry(1399): Unmapped gralloc-1399.42 hnd=0xacc1c3c0 fd=36 base=0xa3d8f000
10-16 19:59:10.704: I/GceGrallocRegionRegistry(1399): Unmapped gralloc-1399.39 hnd=0xa8d3bac0 fd=35 base=0x9fbfc000
10-16 19:59:10.852: I/CastDatabase(8739): Opening the database
10-16 19:59:10.890: I/GCoreNlp(8795): shouldConfirmNlp, NLP off. Ensuring opt-in disabled
10-16 19:59:10.912: I/SQLiteCastStore(8739): 0 CastNetworkInfo instances loaded, 0 CastDeviceInfo instances loaded, 0 paired guest mode devices loaded.
10-16 19:59:11.060: I/CastSocket(8739): 25 >= 18. Adding new CastClientAuthKeyManager.
10-16 19:59:11.129: I/DiscoveryManager(8739): WifiGuestModeDeviceScanner enabled.
10-16 19:59:11.221: I/CastMediaRouteProvider(8739): in onDiscoveryRequestChanged: request=DiscoveryRequest{ selector=MediaRouteSelector{ controlCategories=[com.google.android.gms.cast.CATEGORY_CAST/233637DE] }, activeScan=false, isValid=true }
10-16 19:59:11.231: I/DiscoveryManager(8739): Filter criteria(233637DE) scannerFlags(2)
10-16 19:59:11.231: I/Publisher(8739): onUpdateFilterCriteria [233637DE]
10-16 19:59:11.242: I/GAV2(8477): Thread[GAThread,5,main]: No campaign data found.
10-16 19:59:11.244: I/GAv4-SVC(8739): Google Analytics 11.5.19 is starting up.
10-16 19:59:11.283: I/CastMediaRouteProvider(8739): onDevicesPublished with 0 devices
10-16 19:59:11.283: I/CastMediaRouteProvider(8739): Published 0 routes
10-16 19:59:11.545: I/art(8739): Background sticky concurrent mark sweep GC freed 29746(2MB) AllocSpace objects, 11(220KB) LOS objects, 35% free, 4MB/6MB, paused 271us total 310.604ms
10-16 19:59:11.546: I/DeviceScanner(8739): [MDNS] startScan: scannerFlags: 2 criteria=233637DE
10-16 19:59:11.559: I/Remoter(1394): Saved screenshot to '/data/screenshots/__pmv__-0082.jpg'
10-16 19:59:11.562: W/art(8635): Long monitor contention with owner initCrit3-2 (8665) at void java.lang.Object.wait!(long, int)(Object.java:-2) waiters=0 in java.lang.String kwp.c() for 2.857s
10-16 19:59:11.569: W/MdnsClient_Cast(8739): #acquireLock. Multicast lock not held. Acquiring. Subtypes:"233637DE"
10-16 19:59:11.574: W/art(8635): Long monitor contention with owner initCrit3-2 (8665) at void java.lang.Object.wait!(long, int)(Object.java:-2) waiters=1 in java.lang.String kwp.c() for 2.820s
10-16 19:59:11.581: W/MdnsClient_Cast(8739): #acquireLock. Multicast lock not held. Acquiring. Subtypes:"233637DE"
10-16 19:59:11.583: I/DeviceScanner(8739): [GuestMode] startScan: scannerFlags: 2 criteria=233637DE
10-16 19:59:11.591: I/art(8795): Do partial code cache collection, code=25KB, data=30KB
10-16 19:59:11.591: I/qtaguid(8635): Tagging socket -1 with tag 0(0) for uid -1 failed errno=-9
10-16 19:59:11.591: I/NetworkManagementSocketTagger(8635): tagSocketFd(-1, 0, -1) failed with errno-9
10-16 19:59:11.592: I/CastMediaRouteProvider(8739): onDevicesPublished with 0 devices
10-16 19:59:11.592: I/CastMediaRouteProvider(8739): Published 0 routes
10-16 19:59:11.593: I/DeviceScanner(8739): [MDNS] startScan: scannerFlags: 2 criteria=233637DE
10-16 19:59:11.593: I/DeviceScanner(8739): [MDNS] onScanSettingsUpdated: filterCriteriaAdded: NONE
10-16 19:59:11.593: I/DeviceScanner(8739): [MDNS] onScanSettingsUpdated: filterCriteriaRemoved: NONE
10-16 19:59:11.593: I/DeviceScanner(8739): [MDNS] onScanSettingsUpdated: Did scan settings changed? false
10-16 19:59:11.593: W/MdnsClient_Cast(8739): Multicast lock held. Releasing. Subtypes:"233637DE"
10-16 19:59:11.594: I/art(8795): After code cache collection, code=25KB, data=30KB
10-16 19:59:11.594: I/art(8795): Increasing code cache capacity to 128KB
10-16 19:59:11.599: W/MdnsClient_Cast(8739): #acquireLock. Multicast lock not held. Acquiring. Subtypes:"233637DE"
10-16 19:59:11.600: W/MdnsClient_Cast(8739): Multicast lock held. Releasing. Subtypes:"233637DE"
10-16 19:59:11.602: W/MdnsClient_Cast(8739): #acquireLock. Multicast lock not held. Acquiring. Subtypes:"233637DE"
10-16 19:59:11.603: I/DeviceScanner(8739): [GuestMode] startScan: scannerFlags: 2 criteria=233637DE
10-16 19:59:11.687: I/qtaguid(8635): Untagging socket -1 failed errno=-9
10-16 19:59:11.687: W/NetworkManagementSocketTagger(8635): untagSocket(-1) failed with errno -9
10-16 19:59:11.729: W/Settings(8795): Setting airplane_mode_on has moved from android.provider.Settings.System to android.provider.Settings.Global, returning read-only value.
10-16 19:59:11.731: I/qtaguid(8635): Untagging socket -1 failed errno=-9
10-16 19:59:11.731: W/NetworkManagementSocketTagger(8635): untagSocket(-1) failed with errno -9
10-16 19:59:11.741: W/ConfigurationChimeraProvider(8795): Got null configs for com.google.android.gms.nearby
10-16 19:59:11.755: I/LocaleChangeIO(8795): Requesting GmsCore restart due to change in locale assets
10-16 19:59:11.778: V/BackupManagerService(1698): Connected to transport ComponentInfo{com.google.android.gms/com.google.android.gms.backup.BackupTransportService}
10-16 19:59:11.778: V/BackupManagerService(1698): Registering transport com.google.android.gms/.backup.BackupTransportService::com.google.android.gms/.backup.BackupTransportService = com.android.internal.backup.IBackupTransport$Stub$Proxy@8d5dd00
10-16 19:59:11.793: I/NetworkScheduler(8795): Using standalone scheduling engine
10-16 19:59:11.827: I/GAV2(8562): Thread[GAThread,5,main]: No campaign data found.
10-16 19:59:11.924: W/GeofencerStateMachine(8795): Received SM_HARDWARE_GEOFENCE_CHANGED_CMD in NotInitializedState
10-16 19:59:11.935: D/BluetoothManagerService(1698): Message: 20
10-16 19:59:11.935: D/BluetoothManagerService(1698): Added callback: android.bluetooth.IBluetoothManagerCallback$Stub$Proxy@711e706:true
10-16 19:59:11.965: I/GeofencerStateMachine(8795): Network location disabled.
10-16 19:59:12.000: D/WifiNative-HAL(1698): Failing getSupportedFeatureset because HAL isn't started
10-16 19:59:12.072: W/NearbyDiscovery(8795): android.app.NotificationChannel class is not found
10-16 19:59:12.089: I/Backup(8795): [GmsBackupAccountManager] Backup account not found in gmscore.
10-16 19:59:12.093: I/art(8795): Do partial code cache collection, code=52KB, data=57KB
10-16 19:59:12.094: I/art(8795): After code cache collection, code=48KB, data=55KB
10-16 19:59:12.094: I/art(8795): Increasing code cache capacity to 256KB
10-16 19:59:12.135: I/BeaconBle(8795): Using BLE 'L' hardware layer
10-16 19:59:12.142: W/Nearby(8795): Bind call too late - someone already tried to get: interface avxf
10-16 19:59:12.175: I/EventLogChimeraService(8739): Aggregate from 1508197768455 (log), 1508197768455 (data)
10-16 19:59:12.195: W/Settings(8795): Setting airplane_mode_on has moved from android.provider.Settings.System to android.provider.Settings.Global, returning read-only value.
10-16 19:59:12.199: I/GeofencerStateMachine(8795): removeGeofences: removeRequest=RemoveGeofencingRequest[REMOVE_BY_PENDING_INTENT pendingIntent=PendingIntent[creatorPackage=com.google.android.gms], packageName=null]
10-16 19:59:12.199: W/Settings(8795): Setting airplane_mode_on has moved from android.provider.Settings.System to android.provider.Settings.Global, returning read-only value.
10-16 19:59:12.265: W/ctxmgr(8795): [AclManager]null policy map (0) 10002, clientInfo=(accnt=account#-517948760#, com.google.android.gms(10014):com.google.android.gms.udc, vrsn=11519000, 1, 3pPkg = null ,  3pMdlId = null ,  pid = 8795)
10-16 19:59:12.273: W/UdcContextManagerHelper(8795): Failure reading udc context: 7503
10-16 19:59:12.273: W/UdcContextManagerHelper(8795): Empty context buffer. Thus might mean that the context is not synced down.
10-16 19:59:12.273: W/UploadOptInStatusOp(8795): Empty context model while retrieving upload opt-in status!
10-16 19:59:12.288: D/BluetoothAdapter(8795): STATE_ON
10-16 19:59:12.289: D/BluetoothLeScanner(8795): could not find callback wrapper
10-16 19:59:12.292: I/BeaconBle(8795): Client requested scan, settings=BleSettings [scanMode=LOW_LATENCY, callbackType=ALL_MATCHES, reportDelayMillis=0, 6 filters, 1 clients, callingClientName=Nearby]
10-16 19:59:12.310: I/BeaconBle(8795): 'L' hardware scan: 6 filters, scanMode=2, reportdelay=0, callback type=1, #clients=1
10-16 19:59:12.311: I/BeaconBle(8795): Starting scan on OS scanner. BT state: 12
10-16 19:59:12.311: D/BluetoothAdapter(8795): STATE_ON
10-16 19:59:12.312: D/BtGatt.GattService(1768): registerClient() - UUID=73d29214-b20f-44db-a121-6acc96ae19a4
10-16 19:59:12.312: D/BtGatt.GattService(1768): onClientRegistered() - UUID=73d29214-b20f-44db-a121-6acc96ae19a4, clientIf=5
10-16 19:59:12.312: D/BluetoothLeScanner(8795): onClientRegistered() - status=0 clientIf=5 mClientIf=0
10-16 19:59:12.313: D/BtGatt.GattService(1768): start scan with filters
10-16 19:59:12.313: D/BtGatt.ScanManager(1768): handling starting scan
10-16 19:59:12.314: D/BtGatt.ScanManager(1768): configureRegularScanParams() - queue=1
10-16 19:59:12.314: D/BtGatt.ScanManager(1768): configureRegularScanParams() - ScanSetting Scan mode=2 mLastConfiguredScanSetting=-2147483648
10-16 19:59:12.314: D/BtGatt.ScanManager(1768): configureRegularScanParams - scanInterval = 8000configureRegularScanParams - scanWindow = 8000
10-16 19:59:12.316: D/BtGatt.GattService(1768): onScanParamSetupCompleted : 0
10-16 19:59:12.324: I/BeaconBle(8795): Nearby requested to stop scan
10-16 19:59:12.328: I/BeaconBle(8795): Stopping scan on delegate scanner. BT state: 12
