10-16 19:58:57.185: I/FontsPackageChangeOp(2348): Package android.support.test.orchestrator has no metadata
10-16 19:58:57.188: I/Icing(2348): IndexChimeraService.getServiceInterface callingPackage=com.google.android.gms componentName=AppsCorpus serviceId=32
10-16 19:58:57.190: I/Icing(2348): IndexChimeraService.getServiceInterface callingPackage=com.google.android.gms componentName=AppsCorpus serviceId=36
10-16 19:58:57.190: D/Wear_Controller(2348): Received broadcast action=android.intent.action.PACKAGE_ADDED and uri=android.support.test.orchestrator
10-16 19:58:57.205: W/Searchables(1698): No global search activity found
10-16 19:58:57.208: I/Icing(2348): Usage reports 0 indexed 0 rejected 0 imm upload false
10-16 19:58:57.212: I/Icing(2348): Usage reports 0 indexed 0 rejected 0 imm upload false
10-16 19:58:57.430: I/Icing(2348): Indexing 241B09F6E3C69FD9792618117EAD9E8F2E42DB55 from com.google.android.gms
10-16 19:58:57.430: I/Icing(2348): Indexing done 241B09F6E3C69FD9792618117EAD9E8F2E42DB55
10-16 19:58:57.673: I/Remoter(1394): Saved screenshot to '/data/screenshots/__pmv__-0072.jpg'
10-16 19:58:57.855: D/AndroidRuntime(8300): >>>>>> START com.android.internal.os.RuntimeInit uid 0 <<<<<<
10-16 19:58:57.857: D/AndroidRuntime(8300): CheckJNI is OFF
10-16 19:58:57.886: D/ICU(8300): No timezone override file found: /data/misc/zoneinfo/current/icu/icu_tzdata.dat
10-16 19:58:57.886: D/ICU(8300): [ 10-16 19:58:57.890  8300: 8300 W/         ]
10-16 19:58:57.886: D/ICU(8300): Failed to bind-mount /system/lib/x86/cpuinfo as /proc/cpuinfo: No such file or directory
10-16 19:58:57.895: E/memtrack(8300): Couldn't load memtrack module (No such file or directory)
10-16 19:58:57.895: E/android.os.Debug(8300): failed to load memtrack module: -2
10-16 19:58:57.896: I/Radio-JNI(8300): register_android_hardware_Radio DONE
10-16 19:58:57.900: D/AndroidRuntime(8300): Calling main entry com.android.commands.pm.Pm
10-16 19:58:57.900: D/AndroidRuntime(8300): [ 10-16 19:58:57.903  1406: 1406 I/         ]
10-16 19:58:57.900: D/AndroidRuntime(8300): free_cache(808758) avail 3884355584
10-16 19:58:57.922: I/Finsky(7667): [1] com.google.android.vending.verifier.PackageVerificationReceiver.onReceive(2107): Skipping verification. Disabled by user setting
10-16 19:58:57.925: I/PackageManager.DexOptimizer(1698): Running dexopt (dex2oat) on: /data/app/vmdl711882593.tmp/base.apk pkg=android.support.test.services isa=x86 vmSafeMode=false debuggable=false target-filter=interpret-only oatDir = /data/app/vmdl711882593.tmp/oat sharedLibraries=null
10-16 19:58:57.934: W/dex2oat(8311): Mismatch between dex2oat instruction set features (ISA: X86 Feature string: smp,ssse3,sse4.1,sse4.2,-avx,-avx2,lock_add,popcnt) and those of dex2oat executable (ISA: X86 Feature string: smp,ssse3,sse4.1,sse4.2,-avx,-avx2,-lock_add,popcnt) for the command line:
10-16 19:58:57.934: W/dex2oat(8311): /system/bin/dex2oat --zip-fd=6 --zip-location=base.apk --oat-fd=7 --oat-location=/data/app/vmdl711882593.tmp/oat/x86/base.odex --instruction-set=x86 --instruction-set-variant=silvermont --instruction-set-features=default --runtime-arg -Xms64m --runtime-arg -Xmx512m --compiler-filter=interpret-only --swap-fd=8
10-16 19:58:57.934: I/dex2oat(8311): /system/bin/dex2oat --compiler-filter=interpret-only
10-16 19:58:57.934: E/cutils-trace(8311): Error opening trace file: Permission denied (13)
10-16 19:58:57.962: W/dex2oat(8311): Before Android 4.1, method android.graphics.PorterDuffColorFilter android.support.graphics.drawable.VectorDrawableCompat.updateTintFilter(android.graphics.PorterDuffColorFilter, android.content.res.ColorStateList, android.graphics.PorterDuff$Mode) would have incorrectly overridden the package-private method in android.graphics.drawable.Drawable
10-16 19:58:58.015: I/dex2oat(8311): dex2oat took 81.793ms (threads: 2) arena alloc=2320B (2320B) java alloc=757KB (776048B) native alloc=1120KB (1147816B) free=1951KB (1997912B)
10-16 19:58:58.040: D/installd(1406): Detected label change from u:object_r:system_data_file:s0 to u:object_r:app_data_file:s0:c512,c768 at /data/data/android.support.test.services; running recursive restorecon
10-16 19:58:58.041: D/installd(1406): Detected label change from u:object_r:system_data_file:s0 to u:object_r:app_data_file:s0:c512,c768 at /data/user_de/0/android.support.test.services; running recursive restorecon
10-16 19:58:58.041: V/BackupManagerService(1698): restoreAtInstall pkg=android.support.test.services token=7 restoreSet=0
10-16 19:58:58.041: V/BackupManagerService(1698): Finishing install immediately
10-16 19:58:58.043: I/art(1698): Starting a blocking GC Explicit
10-16 19:58:58.064: I/art(1698): Explicit concurrent mark sweep GC freed 59944(3MB) AllocSpace objects, 13(308KB) LOS objects, 33% free, 10MB/16MB, paused 226us total 21.071ms
10-16 19:58:58.064: I/art(1698): [ 10-16 19:58:58.065  1406: 1406 E/         ]
10-16 19:58:58.064: I/art(1698): Couldn't opendir /data/app/vmdl711882593.tmp: No such file or directory
10-16 19:58:58.068: D/BluetoothMapAppObserver(1768): onReceive
10-16 19:58:58.068: D/BluetoothMapAppObserver(1768): The installed package is: android.support.test.services
10-16 19:58:58.068: D/BluetoothMapAppObserver(1768): Found 0 application(s) with intent android.bluetooth.action.BLUETOOTH_MAP_PROVIDER
10-16 19:58:58.068: D/BluetoothMapAppObserver(1768): Found 0 application(s) with intent android.bluetooth.action.BLUETOOTH_MAP_IM_PROVIDER
10-16 19:58:58.069: D/CarrierSvcBindHelper(1862): No carrier app for: 0
10-16 19:58:58.069: D/CarrierConfigLoader(1862): mHandler: 9 phoneId: 0
10-16 19:58:58.070: I/art(8300): System.exit called, status: 0
10-16 19:58:58.070: I/AndroidRuntime(8300): VM exiting with result code 0.
10-16 19:58:58.074: I/InputReader(1698): Reconfiguring input devices.  changes=0x00000010
10-16 19:58:58.088: I/Finsky(7667): [1] com.google.android.finsky.utils.PermissionPolicies$PermissionPolicyService.onStartCommand(117): post-install permissions check for android.support.test.services
10-16 19:58:58.088: W/Finsky(7667): [1] com.google.android.finsky.FinskyApp.i(1556): No account configured on this device.
10-16 19:58:58.089: I/Finsky(7667): [1] com.google.android.finsky.utils.bn.run(1302): Package state data is missing for android.support.test.services
10-16 19:58:58.090: W/Finsky(7667): [1] com.google.android.finsky.FinskyApp.i(1556): No account configured on this device.
10-16 19:58:58.091: D/WearableService(2124): onGetService - Wear is not available on this device.
10-16 19:58:58.092: E/Finsky(7667): [1] com.google.android.finsky.wear.bo.a(838): onConnectionFailed: ConnectionResult{statusCode=API_UNAVAILABLE, resolution=null, message=null}
10-16 19:58:58.092: I/Finsky(7667): [1] com.google.android.finsky.wear.WearSupportService.a(6396): Dropping command=send_installed_apps due to Gms not connected
10-16 19:58:58.120: I/FontsPackageChangeOp(2348): Package android.support.test.services has no metadata
10-16 19:58:58.123: D/Wear_Controller(2348): Received broadcast action=android.intent.action.PACKAGE_ADDED and uri=android.support.test.services
10-16 19:58:58.135: I/Icing(2348): IndexChimeraService.getServiceInterface callingPackage=com.google.android.gms componentName=AppsCorpus serviceId=32
10-16 19:58:58.136: I/Icing(2348): IndexChimeraService.getServiceInterface callingPackage=com.google.android.gms componentName=AppsCorpus serviceId=36
10-16 19:58:58.141: W/Searchables(1698): No global search activity found
10-16 19:58:58.143: I/Icing(2348): Usage reports 0 indexed 0 rejected 0 imm upload false
10-16 19:58:58.146: I/Icing(2348): Usage reports 0 indexed 0 rejected 0 imm upload false
10-16 19:58:58.213: I/Icing(2348): Indexing 241B09F6E3C69FD9792618117EAD9E8F2E42DB55 from com.google.android.gms
10-16 19:58:58.214: I/Icing(2348): Indexing done 241B09F6E3C69FD9792618117EAD9E8F2E42DB55
10-16 19:58:58.722: D/AndroidRuntime(8341): >>>>>> START com.android.internal.os.RuntimeInit uid 0 <<<<<<
10-16 19:58:58.724: I/Remoter(1394): Saved screenshot to '/data/screenshots/__pmv__-0073.jpg'
10-16 19:58:58.724: D/AndroidRuntime(8341): CheckJNI is OFF
10-16 19:58:58.750: D/ICU(8341): No timezone override file found: /data/misc/zoneinfo/current/icu/icu_tzdata.dat
10-16 19:58:58.750: D/ICU(8341): [ 10-16 19:58:58.753  8341: 8341 W/         ]
10-16 19:58:58.750: D/ICU(8341): Failed to bind-mount /system/lib/x86/cpuinfo as /proc/cpuinfo: No such file or directory
10-16 19:58:58.758: E/memtrack(8341): Couldn't load memtrack module (No such file or directory)
10-16 19:58:58.758: E/android.os.Debug(8341): failed to load memtrack module: -2
10-16 19:58:58.759: I/Radio-JNI(8341): register_android_hardware_Radio DONE
10-16 19:58:58.763: D/AndroidRuntime(8341): Calling main entry com.android.commands.pm.Pm
10-16 19:58:58.763: D/AndroidRuntime(8341): [ 10-16 19:58:58.766  1406: 1406 I/         ]
10-16 19:58:58.763: D/AndroidRuntime(8341): free_cache(3646) avail 3882733568
10-16 19:58:58.774: I/Finsky(7667): [1] com.google.android.vending.verifier.PackageVerificationReceiver.onReceive(2107): Skipping verification. Disabled by user setting
10-16 19:58:58.775: I/PackageParser(1698): com.google.android.apps.mtaas.stubapp: compat added android.permission.WRITE_EXTERNAL_STORAGE android.permission.READ_PHONE_STATE
10-16 19:58:58.776: I/PackageManager.DexOptimizer(1698): Running dexopt (dex2oat) on: /data/app/vmdl865737431.tmp/base.apk pkg=com.google.android.apps.mtaas.stubapp isa=x86 vmSafeMode=false debuggable=false target-filter=interpret-only oatDir = /data/app/vmdl865737431.tmp/oat sharedLibraries=null
10-16 19:58:58.785: W/dex2oat(8352): Mismatch between dex2oat instruction set features (ISA: X86 Feature string: smp,ssse3,sse4.1,sse4.2,-avx,-avx2,lock_add,popcnt) and those of dex2oat executable (ISA: X86 Feature string: smp,ssse3,sse4.1,sse4.2,-avx,-avx2,-lock_add,popcnt) for the command line:
10-16 19:58:58.785: W/dex2oat(8352): /system/bin/dex2oat --zip-fd=6 --zip-location=base.apk --oat-fd=7 --oat-location=/data/app/vmdl865737431.tmp/oat/x86/base.odex --instruction-set=x86 --instruction-set-variant=silvermont --instruction-set-features=default --runtime-arg -Xms64m --runtime-arg -Xmx512m --compiler-filter=interpret-only --swap-fd=8
10-16 19:58:58.785: I/dex2oat(8352): /system/bin/dex2oat --compiler-filter=interpret-only
10-16 19:58:58.785: E/cutils-trace(8352): Error opening trace file: Permission denied (13)
10-16 19:58:58.802: I/dex2oat(8352): dex2oat took 17.733ms (threads: 2) arena alloc=792B (792B) java alloc=35KB (36376B) native alloc=730KB (748448B) free=1317KB (1348704B)
10-16 19:58:58.826: D/installd(1406): Detected label change from u:object_r:system_data_file:s0 to u:object_r:app_data_file:s0:c512,c768 at /data/data/com.google.android.apps.mtaas.stubapp; running recursive restorecon
10-16 19:58:58.827: D/installd(1406): Detected label change from u:object_r:system_data_file:s0 to u:object_r:app_data_file:s0:c512,c768 at /data/user_de/0/com.google.android.apps.mtaas.stubapp; running recursive restorecon
10-16 19:58:58.827: V/BackupManagerService(1698): restoreAtInstall pkg=com.google.android.apps.mtaas.stubapp token=8 restoreSet=0
10-16 19:58:58.828: V/BackupManagerService(1698): Finishing install immediately
10-16 19:58:58.829: I/art(1698): Starting a blocking GC Explicit
10-16 19:58:58.852: I/art(1698): Explicit concurrent mark sweep GC freed 60725(3MB) AllocSpace objects, 12(240KB) LOS objects, 33% free, 10MB/16MB, paused 227us total 21.069ms
10-16 19:58:58.852: I/art(1698): [ 10-16 19:58:58.853  1406: 1406 E/         ]
10-16 19:58:58.852: I/art(1698): Couldn't opendir /data/app/vmdl865737431.tmp: No such file or directory
10-16 19:58:58.854: I/art(8341): System.exit called, status: 0
10-16 19:58:58.854: I/AndroidRuntime(8341): VM exiting with result code 0.
10-16 19:58:58.857: I/InputReader(1698): Reconfiguring input devices.  changes=0x00000010
10-16 19:58:58.861: D/BluetoothMapAppObserver(1768): onReceive
10-16 19:58:58.861: D/BluetoothMapAppObserver(1768): The installed package is: com.google.android.apps.mtaas.stubapp
10-16 19:58:58.862: D/BluetoothMapAppObserver(1768): Found 0 application(s) with intent android.bluetooth.action.BLUETOOTH_MAP_PROVIDER
10-16 19:58:58.862: D/CarrierSvcBindHelper(1862): No carrier app for: 0
10-16 19:58:58.863: D/CarrierConfigLoader(1862): mHandler: 9 phoneId: 0
10-16 19:58:58.863: D/BluetoothMapAppObserver(1768): Found 0 application(s) with intent android.bluetooth.action.BLUETOOTH_MAP_IM_PROVIDER
10-16 19:58:58.872: I/Finsky(7667): [1] com.google.android.finsky.utils.PermissionPolicies$PermissionPolicyService.onStartCommand(117): post-install permissions check for com.google.android.apps.mtaas.stubapp
10-16 19:58:58.872: W/Finsky(7667): [1] com.google.android.finsky.FinskyApp.i(1556): No account configured on this device.
10-16 19:58:58.873: I/Finsky(7667): [1] com.google.android.finsky.utils.bn.run(1302): Package state data is missing for com.google.android.apps.mtaas.stubapp
10-16 19:58:58.873: W/Finsky(7667): [1] com.google.android.finsky.FinskyApp.i(1556): No account configured on this device.
10-16 19:58:58.874: D/WearableService(2124): onGetService - Wear is not available on this device.
10-16 19:58:58.875: E/Finsky(7667): [1] com.google.android.finsky.wear.bo.a(838): onConnectionFailed: ConnectionResult{statusCode=API_UNAVAILABLE, resolution=null, message=null}
10-16 19:58:58.875: I/Finsky(7667): [1] com.google.android.finsky.wear.WearSupportService.a(6396): Dropping command=send_installed_apps due to Gms not connected
10-16 19:58:58.897: I/FontsPackageChangeOp(2348): Package com.google.android.apps.mtaas.stubapp has no metadata
10-16 19:58:58.901: D/Wear_Controller(2348): Received broadcast action=android.intent.action.PACKAGE_ADDED and uri=com.google.android.apps.mtaas.stubapp
10-16 19:58:58.912: I/Icing(2348): IndexChimeraService.getServiceInterface callingPackage=com.google.android.gms componentName=AppsCorpus serviceId=32
10-16 19:58:58.914: I/Icing(2348): IndexChimeraService.getServiceInterface callingPackage=com.google.android.gms componentName=AppsCorpus serviceId=36
10-16 19:58:58.921: I/Icing(2348): Usage reports 0 indexed 0 rejected 0 imm upload false
10-16 19:58:58.926: I/Icing(2348): Usage reports 0 indexed 0 rejected 0 imm upload false
10-16 19:58:58.931: W/Searchables(1698): No global search activity found
10-16 19:58:59.136: D/AndroidRuntime(8367): >>>>>> START com.android.internal.os.RuntimeInit uid 0 <<<<<<
10-16 19:58:59.137: D/AndroidRuntime(8367): CheckJNI is OFF
10-16 19:58:59.147: I/Icing(2348): Indexing 241B09F6E3C69FD9792618117EAD9E8F2E42DB55 from com.google.android.gms
10-16 19:58:59.157: I/Icing(2348): Indexing done 241B09F6E3C69FD9792618117EAD9E8F2E42DB55
10-16 19:58:59.164: D/ICU(8367): No timezone override file found: /data/misc/zoneinfo/current/icu/icu_tzdata.dat
10-16 19:58:59.164: D/ICU(8367): [ 10-16 19:58:59.192  8367: 8367 W/         ]
10-16 19:58:59.164: D/ICU(8367): Failed to bind-mount /system/lib/x86/cpuinfo as /proc/cpuinfo: No such file or directory
10-16 19:58:59.196: E/memtrack(8367): Couldn't load memtrack module (No such file or directory)
10-16 19:58:59.196: E/android.os.Debug(8367): failed to load memtrack module: -2
10-16 19:58:59.197: I/Radio-JNI(8367): register_android_hardware_Radio DONE
10-16 19:58:59.201: D/AndroidRuntime(8367): Calling main entry com.android.commands.input.Input
10-16 19:58:59.201: I/Input(8367): injectKeyEvent: KeyEvent { action=ACTION_DOWN, keyCode=KEYCODE_MENU, scanCode=0, metaState=0, flags=0x0, repeatCount=0, eventTime=166776094, downTime=166776094, deviceId=-1, source=0x101 }
10-16 19:58:59.203: I/Input(8367): injectKeyEvent: KeyEvent { action=ACTION_UP, keyCode=KEYCODE_MENU, scanCode=0, metaState=0, flags=0x0, repeatCount=0, eventTime=166776094, downTime=166776094, deviceId=-1, source=0x101 }
10-16 19:58:59.205: D/AndroidRuntime(8367): Shutting down VM
10-16 19:58:59.625: W/VncBackend(1416): Slow frame encode! (100 ms)
10-16 19:58:59.855: D/PhoneStatusBar(1796): disable: < expand ICONS alerts SYSTEM_INFO back HOME RECENT clock SEARCH quick_settings >
10-16 19:58:59.936: I/Icing(2348): Indexing 241B09F6E3C69FD9792618117EAD9E8F2E42DB55 from com.google.android.gms
10-16 19:58:59.937: I/GceLights(1698): set_light: dev 0xa2646730 state 0x8fa0c260
10-16 19:59:00.146: I/main(1402): type=1400 audit(0.0:112): avc: denied { getattr } for path="/sys/kernel/debug/tracing/trace_marker" dev="tracefs" ino=1048 scontext=u:r:zygote:s0 tcontext=u:object_r:debugfs_tracing:s0 tclass=file permissive=1
10-16 19:58:59.937: I/GceLights(1698): set_light: state value -15066598
10-16 19:58:59.950: W/AudioTrack(1796): AUDIO_OUTPUT_FLAG_FAST denied by client; transfer 4, track 44100 Hz, output 48000 Hz
10-16 19:59:00.011: I/GceLights(1698): set_light: dev 0xa2646730 state 0x8fa0c260
10-16 19:59:00.011: I/GceLights(1698): set_light: state value -14803426
10-16 19:59:00.078: I/GceLights(1698): set_light: dev 0xa2646730 state 0x8fa0c260
10-16 19:59:00.078: I/GceLights(1698): set_light: state value -13290187
10-16 19:59:00.083: D/PhoneStatusBar(1796): disable: < expand icons* alerts system_info* back HOME RECENT clock SEARCH quick_settings >
10-16 19:59:00.144: I/GceLights(1698): set_light: dev 0xa2646730 state 0x8fa0c260
10-16 19:59:00.144: I/GceLights(1698): set_light: state value -13092808
10-16 19:59:00.170: I/GceLights(1698): set_light: dev 0xa2646730 state 0x8fa0c260
10-16 19:59:00.170: I/GceLights(1698): set_light: state value -12369085
10-16 19:59:00.185: D/AudioFlinger(1403): mixer(0xa8f83c00) throttle end: throttle time(10)
10-16 19:59:00.243: D/AudioFlinger(1403): mixer(0xa8f83c00) throttle end: throttle time(10)
10-16 19:59:00.244: I/GceGrallocRegionRegistry(1399): Mapped gralloc-1399.26 hnd=0xa8d3b140 fd=25 base=0xa3b6e000 format=RGBA_8888(0x1) width=1536 height=96
10-16 19:59:00.244: I/GceGrallocRegionRegistry(1399): Mapped gralloc-1399.27 hnd=0xa8d3b300 fd=27 base=0xa3adc000 format=RGBA_8888(0x1) width=1536 height=96
10-16 19:59:00.244: I/GceGrallocRegionRegistry(1399): Mapped gralloc-1399.28 hnd=0xa8d3b380 fd=28 base=0xa3a4a000 format=RGBA_8888(0x1) width=1536 height=96
10-16 19:59:00.245: I/GceLights(1698): set_light: dev 0xa2646730 state 0x8fa0c260
10-16 19:59:00.245: I/GceLights(1698): set_light: state value -11053225
10-16 19:59:00.259: W/ActivityManager(1698): Slow operation: 173ms so far, now at startProcess: returned from zygote!
10-16 19:59:00.259: W/ActivityManager(1698): Slow operation: 173ms so far, now at startProcess: done updating battery stats
10-16 19:59:00.259: W/ActivityManager(1698): Slow operation: 173ms so far, now at startProcess: building log message
10-16 19:59:00.259: I/ActivityManager(1698): Start proc 8383:com.google.android.apps.fitness/u0a48 for broadcast com.google.android.apps.fitness/.widget.TodayStatusWidgetProvider
10-16 19:59:00.259: W/ActivityManager(1698): Slow operation: 173ms so far, now at startProcess: starting to update pids map
10-16 19:59:00.259: W/ActivityManager(1698): Slow operation: 173ms so far, now at startProcess: done updating pids map
10-16 19:59:00.259: W/ActivityManager(1698): Slow operation: 173ms so far, now at startProcess: done starting proc!
10-16 19:59:00.186: I/main(8383): type=1400 audit(0.0:113): avc: denied { write } for name="trace_marker" dev="tracefs" ino=1048 scontext=u:r:zygote:s0 tcontext=u:object_r:debugfs_tracing:s0 tclass=file permissive=1
10-16 19:59:00.186: I/main(8383): type=1400 audit(0.0:114): avc: denied { open } for path="/sys/kernel/debug/tracing/trace_marker" dev="tracefs" ino=1048 scontext=u:r:zygote:s0 tcontext=u:object_r:debugfs_tracing:s0 tclass=file permissive=1
10-16 19:59:00.446: I/RenderThread(2237): type=1400 audit(0.0:115): avc: denied { read } for path=2F6465762F6173686D656D2F6772616C6C6F632D313339392E3239202864656C6574656429 dev="tmpfs" ino=375191 scontext=u:r:untrusted_app:s0:c512,c768 tcontext=u:object_r:surfaceflinger_tmpfs:s0 tclass=file permissive=1
10-16 19:59:00.876: I/RenderThread(1796): type=1400 audit(0.0:116): avc: denied { read } for path=2F6465762F6173686D656D2F6772616C6C6F632D313339392E3330202864656C6574656429 dev="tmpfs" ino=375209 scontext=u:r:platform_app:s0:c512,c768 tcontext=u:object_r:surfaceflinger_tmpfs:s0 tclass=file permissive=1
10-16 19:59:00.331: W/art(1698): Long monitor contention with owner ActivityManager (1712) at void com.android.server.am.BroadcastQueue.processNextBroadcast(boolean)(BroadcastQueue.java:760) waiters=0 in void com.android.server.am.ActivityManagerService.finishReceiver(android.os.IBinder, int, java.lang.String, android.os.Bundle, boolean, int) for 244ms
10-16 19:59:00.331: I/GceGrallocRegionRegistry(1399): Unmapped gralloc-1399.16 hnd=0xa8d41640 fd=24 base=0xa07fe000
10-16 19:59:00.331: I/GceGrallocRegionRegistry(1399): Mapped gralloc-1399.29 hnd=0xacc1c0c0 fd=24 base=0xa07fe000 format=RGBA_8888(0x1) width=1536 height=2048
10-16 19:59:00.333: W/art(1698): Long monitor contention with owner ActivityManager (1712) at void com.android.server.am.BroadcastQueue.processNextBroadcast(boolean)(BroadcastQueue.java:760) waiters=2 in boolean com.android.server.am.ActivityManagerService.isUserRunning(int, int) for 184ms
10-16 19:59:00.340: I/Icing(2348): Indexing done 241B09F6E3C69FD9792618117EAD9E8F2E42DB55
10-16 19:59:00.350: D/AudioFlinger(1403): mixer(0xa8f83c00) throttle end: throttle time(10)
10-16 19:59:00.446: I/GceLights(1698): set_light: dev 0xa2646730 state 0x8fa0c260
10-16 19:59:00.446: I/GceLights(1698): set_light: state value -10066330
10-16 19:59:00.448: W/art(1698): Long monitor contention with owner Binder:1698_6 (2109) at void com.android.server.am.ActivityManagerService.attachApplication(android.app.IApplicationThread)(ActivityManagerService.java:6668) waiters=0 in void com.android.server.am.ActivityManagerService.trimApplications() for 115ms
10-16 19:59:00.449: I/GceGrallocRegionRegistry(2237): Mapped gralloc-1399.29 hnd=0xa5bfde80 fd=49 base=0x8c80d000 format=RGBA_8888(0x1) width=1536 height=2048
10-16 19:59:00.474: I/Remoter(1394): Saved screenshot to '/data/screenshots/__pmv__-0074.jpg'
10-16 19:59:00.571: D/PhoneStatusBar(1796): disable: < expand icons alerts system_info back home* recent* clock search* quick_settings >
10-16 19:59:00.581: W/System(8383): ClassLoader referenced unknown path: /system/app/FitnessPrebuilt/lib/x86
10-16 19:59:00.593: I/Choreographer(2237): Skipped 38 frames!  The application may be doing too much work on its main thread.
10-16 19:59:00.886: I/GceGrallocRegionRegistry(1399): Unmapped gralloc-1399.28 hnd=0xa8d3b380 fd=28 base=0xa3a4a000
10-16 19:59:00.886: I/GceGrallocRegionRegistry(1399): Mapped gralloc-1399.30 hnd=0xacc1c280 fd=28 base=0xa3a4a000 format=RGBA_8888(0x1) width=1536 height=96
10-16 19:59:00.886: I/GceGrallocRegionRegistry(1796): Mapped gralloc-1399.30 hnd=0x845e6e40 fd=77 base=0x8ee1a000 format=RGBA_8888(0x1) width=1536 height=96
10-16 19:59:00.896: W/VncBackend(1416): Slow frame encode! (321 ms)
10-16 19:59:01.114: W/FingerprintManager(1796): isFingerprintHardwareDetected(): Service not connected!
10-16 19:59:01.115: I/Choreographer(2237): Skipped 31 frames!  The application may be doing too much work on its main thread.
10-16 19:59:01.116: I/Choreographer(1796): Skipped 31 frames!  The application may be doing too much work on its main thread.
10-16 19:59:01.117: I/ActivityManager(1698): Setting hasTopUi=false for pid=1796
10-16 19:59:01.118: W/IInputConnectionWrapper(1698): reportFullscreenMode on inexistent InputConnection
10-16 19:59:01.228: I/ActivityManager(1698): Killing 7211:com.google.android.gms.unstable/u0a14 (adj 906): empty for 2171s
10-16 19:59:01.230: I/GceGrallocRegionRegistry(1796): Unmapped gralloc-1399.25 hnd=0x87889b80 fd=74 base=0x820fa000
10-16 19:59:01.230: I/GceGrallocRegionRegistry(1796): Unmapped gralloc-1399.24 hnd=0x8f424140 fd=73 base=0x82cfc000
10-16 19:59:01.230: I/GceGrallocRegionRegistry(1796): Unmapped gralloc-1399.23 hnd=0x846d16c0 fd=72 base=0x838fe000
10-16 19:59:01.233: I/GceGrallocRegionRegistry(1399): Unmapped gralloc-1399.25 hnd=0xa8d3b180 fd=13 base=0xa72fe000
10-16 19:59:01.235: I/GceGrallocRegionRegistry(1399): Unmapped gralloc-1399.23 hnd=0xa8d414c0 fd=15 base=0xa3cff000
10-16 19:59:01.310: I/GceGrallocRegionRegistry(1399): Mapped gralloc-1399.31 hnd=0xa8d3bb00 fd=13 base=0xab51b000 format=RGBA_8888(0x1) width=1536 height=48
10-16 19:59:01.310: I/GceGrallocRegionRegistry(1796): Mapped gralloc-1399.31 hnd=0x84522240 fd=73 base=0x8f48c000 format=RGBA_8888(0x1) width=1536 height=48
10-16 19:59:01.348: I/CastDatabase(2348): Opening the database
10-16 19:59:01.351: I/SQLiteCastStore(2348): 0 CastNetworkInfo instances loaded, 0 CastDeviceInfo instances loaded, 0 paired guest mode devices loaded.
10-16 19:59:01.498: I/DiscoveryManager(2348): WifiGuestModeDeviceScanner enabled.
10-16 19:59:01.605: I/Authzen(2348): [DeviceStateSyncManager] The server is in sync with current state. Nothing to do
10-16 19:59:01.606: D/ActivityManager(1698): cleanUpApplicationRecord -- 7211
10-16 19:59:01.610: I/GceGrallocRegionRegistry(1399): Unmapped gralloc-1399.24 hnd=0xa8d41600 fd=14 base=0xa587e000
10-16 19:59:01.676: V/MediaRouter(2348): Adding route: RouteInfo{ name=Phone, description=null, status=null, category=RouteCategory{ name=null types=ROUTE_TYPE_LIVE_AUDIO ROUTE_TYPE_LIVE_VIDEO  groupable=false }, supportedTypes=ROUTE_TYPE_LIVE_AUDIO ROUTE_TYPE_LIVE_VIDEO , presentationDisplay=null }
10-16 19:59:01.685: V/MediaRouter(2348): Updating audio routes: AudioRoutesInfo{ type=SPEAKER }
10-16 19:59:01.747: V/MediaRouter(2348): Selecting route: RouteInfo{ name=Phone, description=null, status=null, category=RouteCategory{ name=null types=ROUTE_TYPE_LIVE_AUDIO ROUTE_TYPE_LIVE_VIDEO  groupable=false }, supportedTypes=ROUTE_TYPE_LIVE_AUDIO ROUTE_TYPE_LIVE_VIDEO , presentationDisplay=null }
10-16 19:59:01.749: I/GceGrallocRegionRegistry(1399): Mapped gralloc-1399.32 hnd=0xa8d414c0 fd=14 base=0xa7eb6000 format=RGBA_8888(0x1) width=1536 height=48
10-16 19:59:01.749: I/GceGrallocRegionRegistry(1796): Mapped gralloc-1399.32 hnd=0x8cbb41c0 fd=74 base=0x8cfb1000 format=RGBA_8888(0x1) width=1536 height=48
10-16 19:59:01.752: I/MediaRouter(2348): Found default route: MediaRouter.RouteInfo{ uniqueId=android/abd:DEFAULT_ROUTE, name=Phone, description=null, iconUri=null, enabled=true, connecting=false, connectionState=0, canDisconnect=false, playbackType=0, playbackStream=3, deviceType=0, volumeHandling=1, volume=11, volumeMax=15, presentationDisplayId=-1, extras=null, settingsIntent=null, providerPackageName=android }
10-16 19:59:01.899: I/GceGrallocRegionRegistry(1399): Mapped gralloc-1399.33 hnd=0xa8d3b380 fd=15 base=0xa7e6c000 format=RGBA_8888(0x1) width=1536 height=48
10-16 19:59:01.899: I/GceGrallocRegionRegistry(1796): Mapped gralloc-1399.33 hnd=0x8cbb08c0 fd=76 base=0x8c20f000 format=RGBA_8888(0x1) width=1536 height=48
10-16 19:59:01.900: V/MediaRouter(2348): Selecting route: RouteInfo{ name=Phone, description=null, status=null, category=RouteCategory{ name=null types=ROUTE_TYPE_LIVE_AUDIO ROUTE_TYPE_LIVE_VIDEO  groupable=false }, supportedTypes=ROUTE_TYPE_LIVE_AUDIO ROUTE_TYPE_LIVE_VIDEO , presentationDisplay=null }
10-16 19:59:01.917: I/Remoter(1394): Saved screenshot to '/data/screenshots/__pmv__-0075.jpg'
10-16 19:59:02.125: W/VncBackend(1416): Slow frame encode! (129 ms)
10-16 19:59:02.335: D/AndroidRuntime(8381): >>>>>> START com.android.internal.os.RuntimeInit uid 0 <<<<<<
10-16 19:59:02.339: D/AndroidRuntime(8381): CheckJNI is OFF
10-16 19:59:02.383: D/ICU(8381): No timezone override file found: /data/misc/zoneinfo/current/icu/icu_tzdata.dat
10-16 19:59:02.383: D/ICU(8381): [ 10-16 19:59:02.389  8381: 8381 W/         ]
10-16 19:59:02.383: D/ICU(8381): Failed to bind-mount /system/lib/x86/cpuinfo as /proc/cpuinfo: No such file or directory
10-16 19:59:02.403: E/memtrack(8381): Couldn't load memtrack module (No such file or directory)
10-16 19:59:02.403: E/android.os.Debug(8381): failed to load memtrack module: -2
10-16 19:59:02.403: I/Radio-JNI(8381): register_android_hardware_Radio DONE
10-16 19:59:02.410: D/AndroidRuntime(8381): Calling main entry com.android.commands.pm.Pm
10-16 19:59:02.412: I/art(8381): System.exit called, status: 0
10-16 19:59:02.412: I/AndroidRuntime(8381): VM exiting with result code 0.
10-16 19:59:02.674: I/Choreographer(2237): Skipped 95 frames!  The application may be doing too much work on its main thread.
10-16 19:59:02.969: I/Remoter(1394): Saved screenshot to '/data/screenshots/__pmv__-0076.jpg'
10-16 19:59:03.007: D/AndroidRuntime(8418): >>>>>> START com.android.internal.os.RuntimeInit uid 0 <<<<<<
10-16 19:59:03.008: D/AndroidRuntime(8418): CheckJNI is OFF
10-16 19:59:03.034: D/ICU(8418): No timezone override file found: /data/misc/zoneinfo/current/icu/icu_tzdata.dat
10-16 19:59:03.034: D/ICU(8418): [ 10-16 19:59:03.060  8418: 8418 W/         ]
10-16 19:59:03.034: D/ICU(8418): Failed to bind-mount /system/lib/x86/cpuinfo as /proc/cpuinfo: No such file or directory
10-16 19:59:03.066: E/memtrack(8418): Couldn't load memtrack module (No such file or directory)
10-16 19:59:03.066: E/android.os.Debug(8418): failed to load memtrack module: -2
10-16 19:59:03.066: I/Radio-JNI(8418): register_android_hardware_Radio DONE
10-16 19:59:03.071: D/AndroidRuntime(8418): Calling main entry com.android.commands.am.Am
10-16 19:59:03.072: I/ActivityManager(1698): Force stopping com.google.android.apps.mtaas.tools appid=10082 user=0: start instr
10-16 19:59:03.083: I/ActivityManager(1698): Start proc 8427:com.google.android.apps.mtaas.tools/u0a82 for added application com.google.android.apps.mtaas.tools
10-16 19:59:03.087: W/System(8427): ClassLoader referenced unknown path: /data/app/com.google.android.apps.mtaas.tools-1/lib/x86
10-16 19:59:03.091: I/ActivityManager(1698): Config changes=2004 {1.0 310mcc260mnc [es] ldltr sw768dp w768dp h952dp 320dpi xlrg port finger qwerty/v/v -nav/h s.7}
10-16 19:59:03.178: I/GceGrallocRegionRegistry(1399): Mapped gralloc-1399.34 hnd=0xacc1c380 fd=39 base=0xa587e000 format=RGBA_8888(0x1) width=1536 height=2048
10-16 19:59:03.194: D/ActivityManager(1698): Storing locale es for decryption UI
10-16 19:59:03.195: D/CryptdConnector(1698): SND -> {6 cryptfs setfield SystemLocale es}
10-16 19:59:03.288: D/ChangeLocale(8427): Instrumentation completed successfully
10-16 19:59:03.289: D/CryptdConnector(1698): RCV <- {200 6 0}
10-16 19:59:03.424: I/ActivityManager(1698): Force stopping com.google.android.apps.mtaas.tools appid=10082 user=0: finished inst
10-16 19:59:03.424: I/ActivityManager(1698): Killing 8427:com.google.android.apps.mtaas.tools/u0a82 (adj 0): stop com.google.android.apps.mtaas.tools
10-16 19:59:03.424: D/ActivityManager(1698): cleanUpApplicationRecord -- 8427
10-16 19:59:03.538: W/art(1698): Long monitor contention with owner ActivityManager (1712) at void com.android.server.am.BroadcastQueue.processNextBroadcast(boolean)(BroadcastQueue.java:760) waiters=0 in void com.android.server.am.ActivityManagerService.unregisterReceiver(android.content.IIntentReceiver) for 111ms
10-16 19:59:03.541: I/Finsky(7667): [1] com.google.android.finsky.receivers.ClearCacheReceiver.onReceive(26): Received android.intent.action.LOCALE_CHANGED. Clearing cache and exiting.
10-16 19:59:03.541: I/GceGrallocRegionRegistry(2237): Unmapped gralloc-1399.29 hnd=0xa5bfde80 fd=49 base=0x8c80d000
10-16 19:59:03.542: I/GceGrallocRegionRegistry(2237): Unmapped gralloc-1399.21 hnd=0xa5bfd0c0 fd=47 base=0x8d40f000
10-16 19:59:03.542: I/GceGrallocRegionRegistry(2237): Unmapped gralloc-1399.19 hnd=0x902ffe40 fd=44 base=0x8e37e000
10-16 19:59:03.543: I/GceGrallocRegionRegistry(1399): Unmapped gralloc-1399.21 hnd=0xa8d3b2c0 fd=34 base=0x9fbfc000
10-16 19:59:03.545: I/GceGrallocRegionRegistry(1399): Unmapped gralloc-1399.19 hnd=0xa8d3b080 fd=35 base=0x9effa000
10-16 19:59:03.547: D/AndroidRuntime(8418): Shutting down VM
10-16 19:59:03.547: W/LocalDisplayAdapter(1698): Unable to find color mode 0, ignoring request.
10-16 19:59:03.559: D/Volley(7667): [491] g.b: Cache cleared.
10-16 19:59:03.560: D/Volley(7667): [482] g.b: Cache cleared.
10-16 19:59:03.646: I/GceGrallocRegionRegistry(1399): Unmapped gralloc-1399.29 hnd=0xacc1c0c0 fd=24 base=0xa07fe000
10-16 19:59:03.721: W/Finsky(7667): [1] com.google.android.finsky.FinskyApp.i(1556): No account configured on this device.
10-16 19:59:03.722: W/Finsky(7667): [1] com.google.android.finsky.FinskyApp.i(1556): No account configured on this device.
10-16 19:59:03.722: I/ContactLocale(7981): AddressBook Labels [[es]]: […, A, B, C, D, E, F, G, H, I, J, K, L, M, N, Ñ, O, P, Q, R, S, T, U, V, W, X, Y, Z, Α, Β, Γ, Δ, Ε, Ζ, Η, Θ, Ι, Κ, Λ, Μ, Ν, Ξ, Ο, Π, Ρ, Σ, Τ, Υ, Φ, Χ, Ψ, Ω, …, А, Б, В, Г, Д, Ђ, Е, Є, Ж, З, И, І, Й, Ј, К, Л, Љ, М, Н, Њ, О, П, Р, С, Т, Ћ, У, Ф, Х, Ц, Ч, Џ, Ш, Щ, Ю, Я, …, א, ב, ג, ד, ה, ו, ז, ח, ט, י, כ, ל, מ, נ, ס, ע, פ, צ, ק, ר, ש, ת, …, ا, ب, ت, ث, ج, ح, خ, د, ذ, ر, ز, س, ش, ص, ض, ط, ظ, ع, غ, ف, ق, ك, ل, م, ن, ه, و, ي, …, ก, ข, ฃ, ค, ฅ, ฆ, ง, จ, ฉ, ช, ซ, ฌ, ญ, ฎ, ฏ, ฐ, ฑ, ฒ, ณ, ด, ต, ถ, ท, ธ, น, บ, ป, ผ, ฝ, พ, ฟ, ภ, ม, ย, ร, ฤ, ล, ฦ, ว, ศ, ษ, ส, ห, ฬ, อ, ฮ, …, ㄱ, ㄴ, ㄷ, ㄹ, ㅁ, ㅂ, ㅅ, ㅇ, ㅈ, ㅊ, ㅋ, ㅌ, ㅍ, ㅎ, …, あ, か, さ, た, な, は, ま, や, ら, わ, #, …]
10-16 19:59:03.726: I/ContactsProvider(7981): Locale has changed from [en_US] to [es]
10-16 19:59:03.727: I/ContactsDatabaseHelper(7981): Switching to locale [es] (ICU v56.1)
10-16 19:59:03.729: I/art(7667): System.exit called, status: 0
10-16 19:59:03.729: I/AndroidRuntime(7667): VM exiting with result code 0, cleanup skipped.
10-16 19:59:03.746: I/ContactsDatabaseHelper(7981): Locale change completed in 19ms
10-16 19:59:03.746: I/ContactsDatabaseHelper(7981): Switching to locale [es] (ICU v56.1)
10-16 19:59:03.754: I/ContactsDatabaseHelper(7981): Locale change completed in 8ms
10-16 19:59:03.761: I/ContactsFTS(7981): Rebuild contact search index in 6ms, 0 contacts
10-16 19:59:03.847: I/ActivityManager(1698): Process com.android.vending (pid 7667) has died
10-16 19:59:03.847: D/ActivityManager(1698): cleanUpApplicationRecord -- 7667
10-16 19:59:03.848: I/WearableService(2124): Wearable Services stopping
10-16 19:59:03.926: W/ConfigurationChimeraProvider(2124): Got null configs for com.google.android.gms.nearby
10-16 19:59:03.933: W/art(8001): Before Android 4.1, method double java.util.concurrent.ThreadLocalRandom.internalNextDouble(double, double) would have incorrectly overridden the package-private method in java.util.Random
10-16 19:59:03.933: W/art(8001): Before Android 4.1, method int java.util.concurrent.ThreadLocalRandom.internalNextInt(int, int) would have incorrectly overridden the package-private method in java.util.Random
10-16 19:59:03.933: W/art(8001): Before Android 4.1, method long java.util.concurrent.ThreadLocalRandom.internalNextLong(long, long) would have incorrectly overridden the package-private method in java.util.Random
10-16 19:59:03.936: I/ActivityManager(1698): Start proc 8451:com.google.android.apps.photos/u0a70 for broadcast com.google.android.apps.photos/com.google.android.libraries.social.notifications.impl.LocaleChangeReceiver
10-16 19:59:03.949: W/LocalDisplayAdapter(1698): Unable to find color mode 0, ignoring request.
10-16 19:59:03.952: W/System(8451): ClassLoader referenced unknown path: /system/app/Photos/lib/x86
10-16 19:59:03.955: W/View(1796): requestLayout() improperly called by com.android.systemui.statusbar.AlphaOptimizedButton{e2f064e IFED..C.. ......I. 0,0-0,0 #7f120103 app:id/alarm_status} during layout: running second layout pass
10-16 19:59:03.956: W/View(1796): requestLayout() improperly called by com.android.systemui.statusbar.AlphaOptimizedImageView{c45a36f I.ED..... ......I. 0,0-0,0 #7f12023e app:id/alarm_status_collapsed} during layout: running second layout pass
10-16 19:59:03.963: I/GceGrallocRegionRegistry(1399): Unmapped gralloc-1399.27 hnd=0xa8d3b300 fd=27 base=0xa3adc000
10-16 19:59:03.963: I/GceGrallocRegionRegistry(1399): Mapped gralloc-1399.35 hnd=0xacc1c2c0 fd=24 base=0xa7dda000 format=RGBA_8888(0x1) width=1536 height=96
10-16 19:59:03.963: I/GceGrallocRegionRegistry(1796): Mapped gralloc-1399.35 hnd=0x8788a8c0 fd=72 base=0x8b66e000 format=RGBA_8888(0x1) width=1536 height=96
10-16 19:59:04.157: W/art(1698): Long monitor contention with owner main (1698) at java.lang.String android.content.res.StringBlock.nativeGetString(long, int)(StringBlock.java:-2) waiters=0 in android.content.pm.ParceledListSlice com.android.server.appwidget.AppWidgetServiceImpl.startListening(com.android.internal.appwidget.IAppWidgetHost, java.lang.String, int, int[]) for 417ms
10-16 19:59:03.956: I/RenderThread(1796): type=1400 audit(0.0:117): avc: denied { read } for path=2F6465762F6173686D656D2F6772616C6C6F632D313339392E3335202864656C6574656429 dev="tmpfs" ino=376134 scontext=u:r:platform_app:s0:c512,c768 tcontext=u:object_r:surfaceflinger_tmpfs:s0 tclass=file permissive=1
10-16 19:59:04.306: I/MetadataService(1394): Processed 0 update/creates for instance/attributes/
10-16 19:59:04.306: I/MetadataService(1394): Processed 0 update/creates for project/attributes/
10-16 19:59:04.311: I/Choreographer(2237): Skipped 43 frames!  The application may be doing too much work on its main thread.
10-16 19:59:04.316: I/InputMethodManagerService(1698): Default found, using com.google.android.inputmethod.latin/com.android.inputmethod.latin.LatinIME
10-16 19:59:04.318: V/GridSizeMigrationTask(2237): Workspace migration completed in 7
10-16 19:59:04.318: D/Launcher.Model(2237): loadWorkspace: loading default favorites
10-16 19:59:04.332: W/InputMethodManagerService(1698): Illegal subtype state: old subtype = null, new subtype = android.view.inputmethod.InputMethodSubtype@30a6e00e
10-16 19:59:04.296: I/gce.meta.proxy(977): type=1400 audit(0.0:118): avc: denied { create } for scontext=u:r:kernel:s0 tcontext=u:r:kernel:s0 tclass=tcp_socket permissive=1
10-16 19:59:04.411: I/GceGrallocRegionRegistry(1399): Mapped gralloc-1399.36 hnd=0xa8d3bc80 fd=27 base=0xa3cff000 format=RGBA_8888(0x1) width=1536 height=2048
10-16 19:59:04.411: I/GceGrallocRegionRegistry(1399): Mapped gralloc-1399.37 hnd=0xacc1c000 fd=34 base=0xa07fe000 format=RGBA_8888(0x1) width=1536 height=2048
10-16 19:59:04.411: I/GceGrallocRegionRegistry(1399): Mapped gralloc-1399.38 hnd=0xa8d41640 fd=35 base=0x9fbfc000 format=RGBA_8888(0x1) width=1536 height=2048
10-16 19:59:04.296: I/gce.meta.proxy(977): type=1400 audit(0.0:119): avc: denied { name_connect } for dest=80 scontext=u:r:kernel:s0 tcontext=u:object_r:port:s0 tclass=tcp_socket permissive=1
10-16 19:59:04.622: I/GceGrallocRegionRegistry(1399): Unmapped gralloc-1399.38 hnd=0xa8d41640 fd=35 base=0x9fbfc000
10-16 19:59:04.622: I/GceGrallocRegionRegistry(1399): Mapped gralloc-1399.39 hnd=0xa8d3bac0 fd=35 base=0x9fbfc000 format=RGBA_8888(0x1) width=1536 height=2048
10-16 19:59:04.623: I/GceGrallocRegionRegistry(2237): Mapped gralloc-1399.39 hnd=0xa5bfd400 fd=46 base=0x8d40f000 format=RGBA_8888(0x1) width=1536 height=2048
10-16 19:59:04.629: I/Remoter(1394): Saved screenshot to '/data/screenshots/__pmv__-0077.jpg'
10-16 19:59:04.770: W/art(1698): Long monitor contention with owner android.bg (1711) at void com.android.server.pm.ShortcutService.handleLocaleChanged()(ShortcutService.java:2529) waiters=0 in void com.android.server.pm.ShortcutService.handleOnUidStateChanged(int, int) for 1.229s
10-16 19:59:04.771: W/art(1698): Long monitor contention with owner android.bg (1711) at void com.android.server.pm.ShortcutService.handleLocaleChanged()(ShortcutService.java:2529) waiters=1 in boolean com.android.server.pm.ShortcutService.hasShortcutHostPermissionInner(java.lang.String, int) for 450ms
10-16 19:59:04.776: I/WindowManager(1698): Screen frozen for +1s680ms due to Window{9576d44 u0 com.android.launcher3/com.android.launcher3.Launcher}
10-16 19:59:04.941: I/GceGrallocRegionRegistry(1399): Unmapped gralloc-1399.37 hnd=0xacc1c000 fd=34 base=0xa07fe000
10-16 19:59:04.941: I/GceGrallocRegionRegistry(1399): Mapped gralloc-1399.40 hnd=0xa8d3b080 fd=34 base=0xa07fe000 format=RGBA_8888(0x1) width=1536 height=2048
10-16 19:59:04.941: I/GceGrallocRegionRegistry(2237): Mapped gralloc-1399.40 hnd=0x8c6ff100 fd=45 base=0x8e37e000 format=RGBA_8888(0x1) width=1536 height=2048
10-16 19:59:05.060: W/VncBackend(1416): Slow frame encode! (111 ms)
10-16 19:59:04.616: I/RenderThread(2237): type=1400 audit(0.0:120): avc: denied { read } for path=2F6465762F6173686D656D2F6772616C6C6F632D313339392E3339202864656C6574656429 dev="tmpfs" ino=376144 scontext=u:r:untrusted_app:s0:c512,c768 tcontext=u:object_r:surfaceflinger_tmpfs:s0 tclass=file permissive=1
10-16 19:59:05.109: W/InstanceID/Rpc(8451): Found 10014
10-16 19:59:05.123: W/Conscrypt(2124): Could not set socket write timeout:
10-16 19:59:05.123: W/Conscrypt(2124):    java.lang.reflect.Method.invoke(Native Method)
10-16 19:59:05.123: W/Conscrypt(2124):    com.google.android.gms.org.conscrypt.Platform.setSocketWriteTimeout(:com.google.android.gms@11519470:13)
10-16 19:59:05.198: W/art(1698): Long monitor contention with owner android.display (1719) at void com.android.server.wm.WindowAnimator$1.doFrame(long)(WindowAnimator.java:144) waiters=0 in void com.android.server.wm.WindowManagerService.finishDrawingWindow(com.android.server.wm.Session, android.view.IWindow) for 133ms
10-16 19:59:05.324: I/GceGrallocRegionRegistry(1399): Unmapped gralloc-1399.34 hnd=0xacc1c380 fd=39 base=0xa587e000
10-16 19:59:05.517: I/Choreographer(2237): Skipped 42 frames!  The application may be doing too much work on its main thread.
10-16 19:59:05.520: W/VncBackend(1416): Slow frame encode! (130 ms)
10-16 19:59:05.526: I/GceMetadataClient(2580): Received updated metadata.
10-16 19:59:05.600: W/ActivityManager(1698): Slow operation: 70ms so far, now at startProcess: returned from zygote!
10-16 19:59:05.600: W/ActivityManager(1698): Slow operation: 70ms so far, now at startProcess: done updating battery stats
10-16 19:59:05.600: W/ActivityManager(1698): Slow operation: 70ms so far, now at startProcess: building log message
10-16 19:59:05.600: I/ActivityManager(1698): Start proc 8477:com.google.android.calendar/u0a39 for broadcast com.google.android.calendar/com.android.calendar.alerts.AlertReceiver
10-16 19:59:05.600: W/ActivityManager(1698): Slow operation: 70ms so far, now at startProcess: starting to update pids map
10-16 19:59:05.600: W/ActivityManager(1698): Slow operation: 70ms so far, now at startProcess: done updating pids map
10-16 19:59:05.600: W/ActivityManager(1698): Slow operation: 70ms so far, now at startProcess: done starting proc!
10-16 19:59:05.640: I/GceGrallocRegionRegistry(1399): Unmapped gralloc-1399.36 hnd=0xa8d3bc80 fd=27 base=0xa3cff000
10-16 19:59:05.640: I/GceGrallocRegionRegistry(1399): Mapped gralloc-1399.41 hnd=0xa8d3b000 fd=27 base=0xa587e000 format=RGBA_8888(0x1) width=1536 height=2048
10-16 19:59:05.641: I/GceGrallocRegionRegistry(2237): Mapped gralloc-1399.41 hnd=0xa5bfd3c0 fd=49 base=0x8c80d000 format=RGBA_8888(0x1) width=1536 height=2048
10-16 19:59:05.773: W/Conscrypt(2124): Could not set socket write timeout:
10-16 19:59:05.773: W/Conscrypt(2124):    java.lang.reflect.Method.invoke(Native Method)
10-16 19:59:05.773: W/Conscrypt(2124):    com.google.android.gms.org.conscrypt.Platform.setSocketWriteTimeout(:com.google.android.gms@11519470:13)
10-16 19:59:05.808: I/GceRil(1413): Received request 19
10-16 19:59:05.808: I/GceRil(1413): Reporting signal strength: GW=22 CDMA=-108 EVDO=-145 LTE=7
10-16 19:59:05.809: D/HeadsetPhoneState(1768): sendDeviceStateChanged. mService=1 mSignal=3 mRoam=0 mBatteryCharge=4
10-16 19:59:06.085: W/System(8477): ClassLoader referenced unknown path: /system/app/CalendarGooglePrebuilt/lib/x86
10-16 19:59:06.186: I/Remoter(1394): Saved screenshot to '/data/screenshots/__pmv__-0078.jpg'
10-16 19:59:06.213: D/AndroidRuntime(8456): >>>>>> START com.android.internal.os.RuntimeInit uid 0 <<<<<<
10-16 19:59:06.216: I/ActivityManager(1698): Start proc 8501:com.android.providers.calendar/u0a2 for content provider com.android.providers.calendar/.CalendarProvider2
10-16 19:59:06.224: D/AndroidRuntime(8456): CheckJNI is OFF
10-16 19:59:06.231: W/ActivityManager(1698): Unable to start service Intent { act=com.google.android.gms.playlog.service.START pkg=com.google.android.gms } U=0: not found
10-16 19:59:06.233: W/ActivityManager(1698): Unbind failed: could not find connection for android.os.BinderProxy@bfadda4
10-16 19:59:06.233: E/GmsClient(8477): unable to connect to service: com.google.android.gms.playlog.service.START
10-16 19:59:06.235: E/TimelyPrefService(8477): Primary account is null
10-16 19:59:06.238: W/System(8501): ClassLoader referenced unknown path: /system/priv-app/CalendarProvider/lib/x86
10-16 19:59:06.251: W/AnalyticsLogBase(8477): PlayLogger.onLoggerFailedConnection
10-16 19:59:06.261: I/CalendarProvider2(8501): Created com.android.providers.calendar.CalendarAlarmManager@f1eb359(com.android.providers.calendar.CalendarProvider2@a8dab1e)
10-16 19:59:06.270: I/ActivityManager(1698): Start proc 8528:com.google.android.deskclock/u0a73 for broadcast com.google.android.deskclock/com.android.deskclock.AlarmInitReceiver
10-16 19:59:06.289: D/ICU(8456): No timezone override file found: /data/misc/zoneinfo/current/icu/icu_tzdata.dat
10-16 19:59:06.296: W/System(8528): ClassLoader referenced unknown path: /system/app/PrebuiltDeskClockGoogle/lib/x86
10-16 19:59:06.315: I/GAv4(8528): Google Analytics 9.2.56 is starting up. To enable debug logging on a device run:
10-16 19:59:06.315: I/GAv4(8528):   adb shell setprop log.tag.GAv4 DEBUG
10-16 19:59:06.315: I/GAv4(8528):   adb logcat -s GAv4
10-16 19:59:06.324: W/GAv4(8528): AnalyticsReceiver is not registered or is disabled. Register the receiver for reliable dispatching on non-Google Play devices. See http://goo.gl/8Rd3yj for instructions.
10-16 19:59:06.326: W/GAv4(8528): CampaignTrackingReceiver is not registered, not exported or is disabled. Installation campaign tracking is not possible. See http://goo.gl/8Rd3yj for instructions.
10-16 19:59:06.328: W/GAv4(8528): AnalyticsService not registered in the app manifest. Hits might not be delivered reliably. See http://goo.gl/8Rd3yj for instructions.
10-16 19:59:06.330: I/AlarmClock(8528): AlarmInitReceiver android.intent.action.LOCALE_CHANGED
10-16 19:59:06.344: V/AlarmClock(8528): AlarmInitReceiver finished
10-16 19:59:06.345: I/DigitalWidgetProvider(8528): onReceive: Intent { act=android.intent.action.LOCALE_CHANGED flg=0x10000010 cmp=com.google.android.deskclock/com.android.alarmclock.DigitalAppWidgetProvider }
10-16 19:59:06.345: I/DigitalWidgetProvider(8528): [ 10-16 19:59:06.362  8456: 8456 W/         ]
10-16 19:59:06.345: I/DigitalWidgetProvider(8528): Failed to bind-mount /system/lib/x86/cpuinfo as /proc/cpuinfo: No such file or directory
10-16 19:59:06.367: E/memtrack(8456): Couldn't load memtrack module (No such file or directory)
10-16 19:59:06.367: E/android.os.Debug(8456): failed to load memtrack module: -2
10-16 19:59:06.367: I/Radio-JNI(8456): register_android_hardware_Radio DONE
10-16 19:59:06.371: D/AndroidRuntime(8456): Calling main entry com.android.commands.settings.SettingsCmd
10-16 19:59:06.373: D/AndroidRuntime(8456): Shutting down VM
10-16 19:59:06.654: I/ActivityManager(1698): Start proc 8562:com.google.android.gm/u0a74 for broadcast com.google.android.gm/.MailIntentReceiver
10-16 19:59:06.655: I/ActivityManager(1698): Killing 7849:com.google.android.talk:matchstick/u0a59 (adj 906): empty for 2003s
10-16 19:59:06.660: D/AppIndexApi(8528): Logging objectbew@cb18f71
10-16 19:59:06.673: W/Icing(2124): isOptedInForAppHistory: empty Account Name encountered
10-16 19:59:06.686: W/System(8562): ClassLoader referenced unknown path: /system/app/PrebuiltGmail/lib/x86
10-16 19:59:06.697: D/ActivityManager(1698): cleanUpApplicationRecord -- 7849
10-16 19:59:06.702: W/EasBundling(8562): in EasBundling.init, isBundlingEnabled=true
10-16 19:59:06.716: D/ActivityThread(8562): Loading provider com.google.android.gmail.provider;com.android.mail.notifier;com.google.android.gm.email.provider;com.google.android.gm.email.notifier: com.android.email.provider.EmailProvider
10-16 19:59:06.717: I/Gmail(8562): getAccountsCursor
10-16 19:59:06.780: I/art(1698): Starting a blocking GC Explicit
10-16 19:59:06.818: I/art(1698): Explicit concurrent mark sweep GC freed 14119(899KB) AllocSpace objects, 3(108KB) LOS objects, 33% free, 10MB/16MB, paused 409us total 36.910ms
10-16 19:59:06.821: W/GAV2(8562): Thread[main,5,main]: Need to call initialize() and be in fallback mode to start dispatch.
10-16 19:59:06.847: I/Gmail(8562): GmailApplication: Disabled account setup suggestion (7 days)
10-16 19:59:06.861: I/NotifUtils(8562): resendNotifications cancelExisting: true, account: null, folder: null
10-16 19:59:06.866: I/Gmail(8562): Initiated Service map for: [gPop3, gLegacyImap, gEas, gmail]
10-16 19:59:06.869: I/ActivityManager(1698): Start proc 8599:com.google.android.googlequicksearchbox:search/u0a32 for broadcast com.google.android.googlequicksearchbox/com.google.android.libraries.gsa.chiffon.clockwork.ClockworkLocaleChangedReceiver
10-16 19:59:06.910: I/Icing(2348): IndexChimeraService.getServiceInterface callingPackage=com.google.android.gms componentName=AppsCorpus serviceId=36
10-16 19:59:06.911: I/Icing(2348): IndexChimeraService.getServiceInterface callingPackage=com.google.android.gms componentName=AppsCorpus serviceId=32
10-16 19:59:06.916: I/Icing(2348): Query from com.google.android.gms package restrict com.google.android.gms start 0 num 100
10-16 19:59:06.926: I/Exchange(8562): EasService.onCreate
10-16 19:59:06.927: W/ActivityManager(1698): Unable to start service Intent { cmp=com.google.android.gm.exchange/com.android.exchange.service.EasService } U=0: not found
10-16 19:59:06.927: I/Exchange(8562): EasService.onCreate stoppedOldService=false
