10-16 19:59:25.028: I/art(8739): Background partial concurrent mark sweep GC freed 31337(2MB) AllocSpace objects, 2(48KB) LOS objects, 40% free, 8MB/13MB, paused 11.510ms total 67.162ms
10-16 19:59:25.184: V/EmulatedCamera_Factory(1404): getCameraInfo: id = 0
10-16 19:59:25.184: V/EmulatedCamera_Camera(1404): getCameraInfo
10-16 19:59:25.184: V/EmulatedCamera_BaseCamera(1404): getCameraInfo
10-16 19:59:25.186: I/OcrModelUpStIntentOp(8739): Updating ocr activity enabled=true (phenotypeFlag=true, lowRamDevice=false, prereqCheck=true)
10-16 19:59:25.188: I/Remoter(1394): Saved screenshot to '/data/screenshots/__pmv__-0094.jpg'
10-16 19:59:25.231: I/NetRec(8795): [699] ConfigChangedIntentOperation.onHandleIntent: Handling an overridden GServices change
10-16 19:59:25.232: I/NetRec(8795): [699] yjf.b: onConfigChanged()
10-16 19:59:25.258: I/ActivityManager(1698): Start proc 9624:com.google.android.partnersetup/u0a21 for broadcast com.google.android.partnersetup/.RlzPingBroadcastReceiver
10-16 19:59:25.259: I/GCoreUlr(8795): Starting service, intent=Intent { act=com.google.android.location.reporting.ACTION_UPDATE_WORLD cmp=com.google.android.gms/com.google.android.location.reporting.service.DispatchingService (has extras) }, extras=Bundle[{receiverAction=com.google.gservices.intent.action.GSERVICES_CHANGED}]
10-16 19:59:25.265: E/ConfigFileUtils(8739): Failed to read config file: /data/user_de/0/com.google.android.gms/app_chimera/current_modulesets.pb (No such file or directory)
10-16 19:59:25.285: W/System(9624): ClassLoader referenced unknown path: /system/priv-app/GooglePartnerSetup/lib/x86
10-16 19:59:25.310: W/ConfigurationChimeraProvider(8795): Got null configs for com.google.android.gms.chromesync
10-16 19:59:25.313: W/Conscrypt(8795): Could not set socket write timeout:
10-16 19:59:25.313: W/Conscrypt(8795):    java.lang.reflect.Method.invoke(Native Method)
10-16 19:59:25.313: W/Conscrypt(8795):    com.google.android.gms.org.conscrypt.Platform.setSocketWriteTimeout(:com.google.android.gms@11519470:13)
10-16 19:59:25.314: W/Conscrypt(8795): Could not set socket write timeout:
10-16 19:59:25.314: W/Conscrypt(8795):    java.lang.reflect.Method.invoke(Native Method)
10-16 19:59:25.314: W/Conscrypt(8795):    com.google.android.gms.org.conscrypt.Platform.setSocketWriteTimeout(:com.google.android.gms@11519470:13)
10-16 19:59:25.361: W/ActivityManager(1698): Unable to start service Intent { cmp=com.google.android.gms/.analytics.service.RefreshEnabledStateService } U=0: not found
10-16 19:59:25.377: W/InstanceID(9191): token: APA91bEfa9mLVzY3adOEiYtd7STmZfPMdp6UgeJOA9ckdI_9-D-MkWmwjsCHewnpTg5v88yvMCX-36iKi3spDgOm9DJHu83bpVsroOSKg07zT8ozhucPr8rj79feU7RUOSO3SGH_qWQLgkGlC4I7B9x44RDkqcAb8w
10-16 19:59:25.411: W/GmsModuleProvider(8739): Unknown dynamite feature flags
10-16 19:59:25.411: I/DynamiteModule(8739): Considering local module com.google.android.gms.flags:2 and remote module com.google.android.gms.flags:0
10-16 19:59:25.411: I/DynamiteModule(8739): Selected local version of com.google.android.gms.flags
10-16 19:59:25.415: I/OcrModelUpStIntentOp(8739): Downloading text recognizer
10-16 19:59:25.423: I/GeofencerStateMachine(8795): sendQueryLocationOptIn
10-16 19:59:25.426: I/Vision(8739): Supported ABIS: [x86, armeabi-v7a, armeabi]
10-16 19:59:25.427: I/GeofencerStateMachine(8795): Network location disabled.
10-16 19:59:25.461: I/GoogleURLConnFactory(8739): Using platform SSLCertificateSocketFactory
10-16 19:59:25.467: W/Auth(8795): [GetToken] GetToken failed with status code: INVALID_SCOPE
10-16 19:59:25.468: E/Auth.Api.Credentials(8739): [SyncManager] Error during the sync.
10-16 19:59:25.468: E/Auth.Api.Credentials(8739): dzf: INVALID_SCOPE
10-16 19:59:25.468: E/Auth.Api.Credentials(8739): 	at dzj.a(:com.google.android.gms@11519470:16)
10-16 19:59:25.468: E/Auth.Api.Credentials(8739): 	at dzi.a(:com.google.android.gms@11519470:2)
10-16 19:59:25.468: E/Auth.Api.Credentials(8739): 	at dzi.e(:com.google.android.gms@11519470:6)
10-16 19:59:25.468: E/Auth.Api.Credentials(8739): 	at dzi.d(:com.google.android.gms@11519470:1)
10-16 19:59:25.468: E/Auth.Api.Credentials(8739): 	at dzg.b(:com.google.android.gms@11519470:1)
10-16 19:59:25.468: E/Auth.Api.Credentials(8739): 	at mhp.b(:com.google.android.gms@11519470)
10-16 19:59:25.468: E/Auth.Api.Credentials(8739): 	at mgg.b(:com.google.android.gms@11519470:5)
10-16 19:59:25.468: E/Auth.Api.Credentials(8739): 	at mgw.b(:com.google.android.gms@11519470:9)
10-16 19:59:25.468: E/Auth.Api.Credentials(8739): 	at mgw.a(:com.google.android.gms@11519470:16)
10-16 19:59:25.468: E/Auth.Api.Credentials(8739): 	at mgw.a(:com.google.android.gms@11519470:32)
10-16 19:59:25.468: E/Auth.Api.Credentials(8739): 	at enf.b(:com.google.android.gms@11519470:45)
10-16 19:59:25.468: E/Auth.Api.Credentials(8739): 	at erg.a(:com.google.android.gms@11519470:4)
10-16 19:59:25.468: E/Auth.Api.Credentials(8739): 	at ere.a(:com.google.android.gms@11519470:84)
10-16 19:59:25.468: E/Auth.Api.Credentials(8739): 	at erd.a(:com.google.android.gms@11519470:60)
10-16 19:59:25.468: E/Auth.Api.Credentials(8739): 	at mlr.onPerformSync(:com.google.android.gms@11519470:6)
10-16 19:59:25.468: E/Auth.Api.Credentials(8739): 	at android.content.AbstractThreadedSyncAdapter$SyncThread.run(AbstractThreadedSyncAdapter.java:272)
10-16 19:59:25.472: I/GCoreUlr(8795): WorldUpdater received intent Intent { act=com.google.android.location.reporting.ACTION_UPDATE_WORLD cmp=com.google.android.gms/com.google.android.location.reporting.service.DispatchingService (has extras) } with receiverAction com.google.gservices.intent.action.GSERVICES_CHANGED
10-16 19:59:25.478: I/GeofencerStateMachine(8795): sendQueryLocationOptIn
10-16 19:59:25.478: I/GeofencerStateMachine(8795): sendQueryLocationOptIn
10-16 19:59:25.502: I/ActivityManager(1698): Killing 8383:com.google.android.apps.fitness/u0a48 (adj 906): empty #17
10-16 19:59:25.540: D/ActivityManager(1698): cleanUpApplicationRecord -- 8383
10-16 19:59:25.570: I/GeofencerStateMachine(8795): sendQueryLocationOptIn
10-16 19:59:25.570: I/GeofencerStateMachine(8795): sendQueryLocationOptIn
10-16 19:59:25.571: I/GeofencerStateMachine(8795): sendQueryLocationOptIn
10-16 19:59:25.572: I/art(8739): Do full code cache collection, code=124KB, data=114KB
10-16 19:59:25.572: I/GeofencerStateMachine(8795): sendQueryLocationOptIn
10-16 19:59:25.577: I/Vision(8739): Engine already satisfied by existing download for ocr
10-16 19:59:25.611: I/art(8739): Waiting for a blocking GC JitCodeCache
10-16 19:59:25.615: I/FontsSharedState(8739): Updating from directory version 0 to 7 from disk
10-16 19:59:25.622: I/art(1698): Background partial concurrent mark sweep GC freed 131368(6MB) AllocSpace objects, 12(864KB) LOS objects, 33% free, 11MB/17MB, paused 425us total 109.183ms
10-16 19:59:25.633: I/art(8739): Background partial concurrent mark sweep GC freed 35020(2MB) AllocSpace objects, 17(556KB) LOS objects, 39% free, 9MB/15MB, paused 1.162ms total 164.771ms
10-16 19:59:25.633: I/art(8739): WaitForGcToComplete blocked for 22.052ms for cause JitCodeCache
10-16 19:59:25.633: I/art(8739): Starting a blocking GC JitCodeCache
10-16 19:59:25.633: I/art(8739): After code cache collection, code=97KB, data=68KB
10-16 19:59:25.636: E/ConfigFileUtils(8739): Failed to read config file: /data/user_de/0/com.google.android.gms/app_chimera/current_modulesets.pb (No such file or directory)
10-16 19:59:25.657: I/MobileDataHub(8739): Using regular flags by method 1
10-16 19:59:25.768: W/Auth(8795): [GetToken] GetToken failed with status code: INVALID_SCOPE
10-16 19:59:25.785: E/PlayMovies(9191): AccountManagerWrapper.blockingGetAuthToken:310 Cannot get user auth
10-16 19:59:25.785: E/PlayMovies(9191): THROWABLE:
10-16 19:59:25.785: E/PlayMovies(9191): com.google.android.gms.auth.GoogleAuthException: INVALID_SCOPE
10-16 19:59:25.785: E/PlayMovies(9191): com.google.android.gms.auth.GoogleAuthException: INVALID_SCOPE
10-16 19:59:25.785: E/PlayMovies(9191): 	at com.google.android.gms.auth.GoogleAuthUtil.zza(Unknown Source)
10-16 19:59:25.785: E/PlayMovies(9191): 	at com.google.android.gms.auth.GoogleAuthUtil.zzc(Unknown Source)
10-16 19:59:25.785: E/PlayMovies(9191): 	at com.google.android.gms.auth.GoogleAuthUtil.zzb(Unknown Source)
10-16 19:59:25.785: E/PlayMovies(9191): 	at com.google.android.gms.auth.GoogleAuthUtil.getTokenWithNotification(Unknown Source)
10-16 19:59:25.785: E/PlayMovies(9191): 	at com.google.android.gms.auth.GoogleAuthUtil.getTokenWithNotification(Unknown Source)
10-16 19:59:25.785: E/PlayMovies(9191): 	at com.google.android.videos.service.accounts.AccountManagerWrapper.blockingGetAuthToken(SourceFile:294)
10-16 19:59:25.785: E/PlayMovies(9191): 	at com.google.android.videos.store.net.HttpAuthenticatingFunction.applyAuthToken(SourceFile:101)
10-16 19:59:25.785: E/PlayMovies(9191): 	at com.google.android.videos.store.net.HttpAuthenticatingFunction.applyWithRequiredAuthentication(SourceFile:58)
10-16 19:59:25.785: E/PlayMovies(9191): 	at com.google.android.videos.store.net.HttpAuthenticatingFunction.apply(SourceFile:50)
10-16 19:59:25.785: E/PlayMovies(9191): 	at com.google.android.videos.store.net.HttpAuthenticatingFunction.apply(SourceFile:16)
10-16 19:59:25.785: E/PlayMovies(9191): 	at com.google.android.agera.FunctionCompiler$ChainFunction.apply(SourceFile:198)
10-16 19:59:25.785: E/PlayMovies(9191): 	at com.google.android.videos.service.gcm.DefaultGcmRegistrationManager.registerWithServer(SourceFile:151)
10-16 19:59:25.785: E/PlayMovies(9191): 	at com.google.android.videos.service.gcm.DefaultGcmRegistrationManager.access$000(SourceFile:49)
10-16 19:59:25.785: E/PlayMovies(9191): 	at com.google.android.videos.service.gcm.DefaultGcmRegistrationManager$1.run(SourceFile:102)
10-16 19:59:25.785: E/PlayMovies(9191): 	at java.util.concurrent.ThreadPoolExecutor.runWorker(ThreadPoolExecutor.java:1133)
10-16 19:59:25.785: E/PlayMovies(9191): 	at java.util.concurrent.ThreadPoolExecutor$Worker.run(ThreadPoolExecutor.java:607)
10-16 19:59:25.785: E/PlayMovies(9191): 	at com.google.android.videos.utils.PriorityThreadFactory$1.run(SourceFile:42)
10-16 19:59:25.785: E/PlayMovies(9191): 	at java.lang.Thread.run(Thread.java:761)
10-16 19:59:25.819: I/GceRil(1413): Received request 19
10-16 19:59:25.819: I/GceRil(1413): Reporting signal strength: GW=22 CDMA=-108 EVDO=-144 LTE=7
10-16 19:59:25.838: E/ConfigFileUtils(8739): Failed to read config file: /data/user_de/0/com.google.android.gms/app_chimera/current_modulesets.pb (No such file or directory)
10-16 19:59:25.858: I/GCoreUlr(8795): WorldUpdater:com.google.gservices.intent.action.GSERVICES_CHANGED: Ensuring that reporting is stopped because of reasons: {account#18#=[InactiveReason{mIdentifier=10, mName='AuthError'}, InactiveReason{mIdentifier=6, mName='ReportingNotEnabled'}, InactiveReason{mIdentifier=14, mName='HistoryNotEnabled'}]}
10-16 19:59:25.861: I/CmaSystemUpdateService(8739): StartServiceIntentOperation: Intent { act=com.google.gservices.intent.action.GSERVICES_CHANGED flg=0x10 cmp=com.google.android.gms/.chimera.GmsIntentOperationService$PersistentInternalReceiver }
10-16 19:59:25.862: I/CmaSystemUpdateService(8739): receiver: Intent { act=com.google.gservices.intent.action.GSERVICES_CHANGED flg=0x10 cmp=com.google.android.gms/.chimera.GmsIntentOperationService$PersistentInternalReceiver }
10-16 19:59:25.869: I/GCoreUlr(8795): Unbound from all location providers
10-16 19:59:25.869: I/GCoreUlr(8795): Place inference reporting - stop
10-16 19:59:25.871: I/GCoreUlr(8795): Unregistering for aliased place alerts.
10-16 19:59:25.878: W/art(8739): Suspending all threads took: 13.916ms
10-16 19:59:25.880: I/SystemUpdate(8739): [Installation,ReceiverIntentOperation] Received intent: Intent { act=com.google.gservices.intent.action.GSERVICES_CHANGED flg=0x10 cmp=com.google.android.gms/.chimera.GmsIntentOperationService$PersistentInternalReceiver }.
10-16 19:59:25.881: I/GCoreUlr(8795): DispatchingService.onDestroy()
10-16 19:59:25.881: W/dex2oat(9568): Before Android 4.1, method android.graphics.PorterDuffColorFilter android.support.graphics.drawable.VectorDrawableCompat.updateTintFilter(android.graphics.PorterDuffColorFilter, android.content.res.ColorStateList, android.graphics.PorterDuff$Mode) would have incorrectly overridden the package-private method in android.graphics.drawable.Drawable
10-16 19:59:25.887: I/GCoreUlr(8795): Stopping handler for UlrDispSvcFast
10-16 19:59:25.889: I/GCoreUlr(8795): Unbound from all location providers
10-16 19:59:25.889: I/GCoreUlr(8795): Place inference reporting - stop
10-16 19:59:25.890: I/GCoreUlr(8795): Unregistering for aliased place alerts.
10-16 19:59:25.892: I/art(8739): Background partial concurrent mark sweep GC freed 23911(1767KB) AllocSpace objects, 12(668KB) LOS objects, 40% free, 9MB/15MB, paused 16.116ms total 62.955ms
10-16 19:59:25.905: I/Places(8795): ?: Couldn't find platform key file.
10-16 19:59:25.906: E/ProcessCheckinRequest(8739): CheckinNowTaskTag : Checkin Succeeded: https://android.clients.google.com/checkin (request #1): 
10-16 19:59:25.914: W/ConfigurationChimeraProvider(8795): Got null configs for com.google.android.gms.security
10-16 19:59:25.914: W/ConfigurationChimeraProvider(8795): Got null configs for com.google.android.gms.update
10-16 19:59:25.920: W/ChimeraUtils(8739): Non Chimera context
10-16 19:59:25.965: I/SystemUpdate(8739): [Execution,InstallationEventIntentOperation] Received intent with event 2.
10-16 19:59:25.971: I/SystemUpdateTask(8739): cancelUpdate (empty URL)
10-16 19:59:25.971: I/CmaSystemUpdateService(8739): active receiver: disabled
10-16 19:59:25.978: I/SystemUpdate(8739): [Execution,InstallationIntentOperation] Received intent: Intent { act=com.google.android.gms.update.INSTALL_UPDATE cat=[targeted_intent_op_prefix:.update.execution.InstallationIntentOperation] cmp=com.google.android.gms/.chimera.GmsIntentOperationService }.
10-16 19:59:26.008: D/NetworkSecurityConfig(9191): No Network Security Config specified, using platform default
10-16 19:59:26.023: I/WVCdm(1409): CdmEngine::OpenSession
10-16 19:59:26.023: I/WVCdm(1409): Level3 Library 4464 Sep 10 2016 21:49:53
10-16 19:59:26.025: W/WVCdm(1409): Could not load liboemcrypto.so. Falling back to L3.  dlopen failed: library "liboemcrypto.so" not found
10-16 19:59:26.029: I/Places(8795): ?: Couldn't find platform key file.
10-16 19:59:26.035: I/WVCdm(1409): CdmEngine::QueryKeyControlInfo
10-16 19:59:26.038: I/WVCdm(1409): CdmEngine::GenerateKeyRequest
10-16 19:59:26.038: D/WVCdm(1409): PrepareKeyRequest: nonce=2936665819
10-16 19:59:26.056: I/GeofencerStateMachine(8795): removeGeofences: removeRequest=RemoveGeofencingRequest[REMOVE_BY_PENDING_INTENT pendingIntent=PendingIntent[creatorPackage=com.google.android.gms], packageName=null]
10-16 19:59:26.058: I/GeofencerStateMachine(8795): removeGeofences: removeRequest=RemoveGeofencingRequest[REMOVE_BY_PENDING_INTENT pendingIntent=PendingIntent[creatorPackage=com.google.android.gms], packageName=null]
10-16 19:59:26.097: I/GeofencerStateMachine(8795): removeGeofences: removeRequest=RemoveGeofencingRequest[REMOVE_BY_PENDING_INTENT pendingIntent=PendingIntent[creatorPackage=com.google.android.gms], packageName=null]
10-16 19:59:26.101: I/GeofencerStateMachine(8795): removeGeofences: removeRequest=RemoveGeofencingRequest[REMOVE_BY_PENDING_INTENT pendingIntent=PendingIntent[creatorPackage=com.google.android.gms], packageName=null]
10-16 19:59:26.103: I/GeofencerStateMachine(8795): removeGeofences: removeRequest=RemoveGeofencingRequest[REMOVE_BY_PENDING_INTENT pendingIntent=PendingIntent[creatorPackage=com.google.android.gms], packageName=null]
10-16 19:59:26.106: I/GeofencerStateMachine(8795): removeGeofences: removeRequest=RemoveGeofencingRequest[REMOVE_BY_PENDING_INTENT pendingIntent=PendingIntent[creatorPackage=com.google.android.gms], packageName=null]
10-16 19:59:26.126: W/dex2oat(9568): Before Android 4.1, method int android.support.v7.widget.ListViewCompat.lookForSelectablePosition(int, boolean) would have incorrectly overridden the package-private method in android.widget.ListView
10-16 19:59:26.181: I/Icing(8739): Indexing 46F205FCB023A71BB8181F093A553468EBB51225 from com.google.android.gms
10-16 19:59:26.184: I/Icing(8739): Indexing done 46F205FCB023A71BB8181F093A553468EBB51225
10-16 19:59:26.184: I/Icing(8739): Indexing 2B3918B6139F3A0B1619F3C0FAE39DE588A18204 from com.google.android.gms
10-16 19:59:26.186: W/Auth(8795): [GetToken] GetToken failed with status code: INVALID_SCOPE
10-16 19:59:26.186: E/HeterodyneSyncer(8795): Failed to get auth token: INVALID_SCOPE
10-16 19:59:26.186: E/HeterodyneSyncer(8795): dzf: INVALID_SCOPE
10-16 19:59:26.186: E/HeterodyneSyncer(8795): 	at dzj.a(:com.google.android.gms@11519470:16)
10-16 19:59:26.186: E/HeterodyneSyncer(8795): 	at dzi.a(:com.google.android.gms@11519470:2)
10-16 19:59:26.186: E/HeterodyneSyncer(8795): 	at dzi.e(:com.google.android.gms@11519470:6)
10-16 19:59:26.186: E/HeterodyneSyncer(8795): 	at dzg.f(:com.google.android.gms@11519470:3)
10-16 19:59:26.186: E/HeterodyneSyncer(8795): 	at dzg.a(:com.google.android.gms@11519470:4)
10-16 19:59:26.186: E/HeterodyneSyncer(8795): 	at dzg.a(:com.google.android.gms@11519470:7)
10-16 19:59:26.186: E/HeterodyneSyncer(8795): 	at aazh.a(:com.google.android.gms@11519470:30)
10-16 19:59:26.186: E/HeterodyneSyncer(8795): 	at aazj.a(:com.google.android.gms@11519470:27)
10-16 19:59:26.186: E/HeterodyneSyncer(8795): 	at aazj.a(:com.google.android.gms@11519470:158)
10-16 19:59:26.186: E/HeterodyneSyncer(8795): 	at aazj.a(:com.google.android.gms@11519470:284)
10-16 19:59:26.186: E/HeterodyneSyncer(8795): 	at com.google.android.gms.phenotype.sync.HeterodyneSyncTaskChimeraService.a(:com.google.android.gms@11519470:40)
10-16 19:59:26.186: E/HeterodyneSyncer(8795): 	at com.google.android.gms.phenotype.sync.HeterodyneSyncTaskChimeraService.a(:com.google.android.gms@11519470:19)
10-16 19:59:26.186: E/HeterodyneSyncer(8795): 	at ssv.run(:com.google.android.gms@11519470:1)
10-16 19:59:26.186: E/HeterodyneSyncer(8795): 	at java.util.concurrent.ThreadPoolExecutor.runWorker(ThreadPoolExecutor.java:1133)
10-16 19:59:26.186: E/HeterodyneSyncer(8795): 	at java.util.concurrent.ThreadPoolExecutor$Worker.run(ThreadPoolExecutor.java:607)
10-16 19:59:26.186: E/HeterodyneSyncer(8795): 	at java.lang.Thread.run(Thread.java:761)
10-16 19:59:26.238: I/Icing(8739): Indexing done 2B3918B6139F3A0B1619F3C0FAE39DE588A18204
10-16 19:59:26.239: I/Icing(8739): Indexing 471CDC362AD1D1CB70C091C320E7083C34641E68 from com.google.android.gms
10-16 19:59:26.242: I/Icing(8739): Indexing done 471CDC362AD1D1CB70C091C320E7083C34641E68
10-16 19:59:26.248: I/Icing(8739): Indexing 850945EBB5973DAEEDF9F1A0D4B756D3CC293FF9 from com.google.android.gms
10-16 19:59:26.270: I/Remoter(1394): Saved screenshot to '/data/screenshots/__pmv__-0095.jpg'
10-16 19:59:26.295: W/HeterodyneSyncer(8795): Server returned 401... invalidating auth token
10-16 19:59:26.298: I/Icing(8739): Indexing done 850945EBB5973DAEEDF9F1A0D4B756D3CC293FF9
10-16 19:59:26.298: I/Icing(8739): Not indexing corpus from package com.android.chrome as it has never connected
10-16 19:59:26.298: E/Icing(8739): Aborting indexing of corpus omnibox
10-16 19:59:26.317: I/NetRec(8795): [595] ConfigChangedIntentOperation.onHandleIntent: Handling a Phenotype update
10-16 19:59:26.317: I/NetRec(8795): [595] yjf.b: onConfigChanged()
10-16 19:59:26.329: I/Icing(8739): Indexing 51C3B5AF46497F3011638FECF638F1B31437CA73 from com.google.android.gms
10-16 19:59:26.331: I/Icing(8739): Indexing done 51C3B5AF46497F3011638FECF638F1B31437CA73
10-16 19:59:26.409: I/ActivityManager(1698): Start proc 9680:com.google.android.dialer/u0a16 for broadcast com.google.android.dialer/com.google.android.apps.dialer.phenotype.UpdateBroadcastReceiver
10-16 19:59:26.453: W/System(9680): ClassLoader referenced unknown path: /system/framework/com.google.android.dialer.support.jar
10-16 19:59:26.454: W/System(9680): ClassLoader referenced unknown path: /system/priv-app/GoogleDialer/lib/x86
10-16 19:59:26.471: I/Icing(8739): Usage reports 0 indexed 0 rejected 0 imm upload false
10-16 19:59:26.490: I/Dialer(9680): ShortcutsJobScheduler.scheduleAllJobs
10-16 19:59:26.416: I/Binder:9030_4(9030): type=1400 audit(0.0:127): avc: denied { read } for name="/" dev="tmpfs" ino=6500 scontext=u:r:priv_app:s0:c512,c768 tcontext=u:object_r:device:s0 tclass=dir permissive=1
10-16 19:59:26.499: I/ActivityManager(1698): Start proc 9703:com.google.android.gms.feedback/u0a14 for service com.google.android.gms/.feedback.FeedbackService
10-16 19:59:26.537: W/dex2oat(9568): Before Android 4.1, method boolean com.facebook.share.widget.ShareButtonBase.canShare() would have incorrectly overridden the package-private method in android.widget.TextView
10-16 19:59:26.538: I/Dialer(9680): ShortcutsJobScheduler, enabling shortcuts
10-16 19:59:26.538: I/Dialer(9680): PeriodicJobService.schedulePeriodicJob
10-16 19:59:26.539: I/Dialer(9680): PeriodicJobService, job already scheduled.
10-16 19:59:26.562: I/LoadedApk(9703): No resource references to update in package FFFFFFFFFFFFFFFFFFFFFF
10-16 19:59:26.584: I/NetRec(8795): [699] ConfigChangedIntentOperation.onHandleIntent: Handling a Phenotype update
10-16 19:59:26.584: I/NetRec(8795): [699] yjf.b: onConfigChanged()
10-16 19:59:26.664: I/NetRec(8795): [703] ConfigChangedIntentOperation.onHandleIntent: Handling a Phenotype update
10-16 19:59:26.664: I/NetRec(8795): [703] yjf.b: onConfigChanged()
10-16 19:59:26.673: V/NativeCrypto(9703): Registering com/google/android/gms/org/conscrypt/NativeCrypto's 259 native methods...
10-16 19:59:26.692: I/ActivityManager(1698): Start proc 9725:com.google.android.apps.gcs/u0a13 for broadcast com.google.android.apps.gcs/com.google.android.flib.phenotype.receivers.PhenotypeExperimentsChangedReceiver
10-16 19:59:26.702: D/NetworkSecurityConfig(9703): No Network Security Config specified, using platform default
10-16 19:59:26.703: I/ProviderInstaller(9703): Installed default security provider GmsCore_OpenSSL
10-16 19:59:26.721: W/System(9725): ClassLoader referenced unknown path: /system/priv-app/GCS/lib/x86
10-16 19:59:26.772: I/WVCdm(1409): CdmEngine::CloseSession
10-16 19:59:26.789: I/Icing(8739): Indexing done 241B09F6E3C69FD9792618117EAD9E8F2E42DB55
10-16 19:59:26.838: I/HeterodyneSyncScheduler(8795): Scheduling adaptive one off task with window [14400, 604800] in seconds
10-16 19:59:26.858: I/Icing(8739): Indexing DCEAA18E558319C85E9C6151DAEE8B9BF255171A from com.google.android.videos
10-16 19:59:26.895: I/NetRec(8795): [700] ConfigChangedIntentOperation.onHandleIntent: Handling a Phenotype update
10-16 19:59:26.895: I/NetRec(8795): [700] yjf.b: onConfigChanged()
10-16 19:59:26.941: I/Icing(8739): Indexing done DCEAA18E558319C85E9C6151DAEE8B9BF255171A
10-16 19:59:26.972: I/ActivityManager(1698): Killing 8528:com.google.android.deskclock/u0a73 (adj 906): empty #17
10-16 19:59:26.975: W/InstanceID/Rpc(9725): Found 10014
10-16 19:59:26.978: I/GAv4(9725): Google Analytics 8.4.87 is starting up. To enable debug logging on a device run:
10-16 19:59:26.978: I/GAv4(9725):   adb shell setprop log.tag.GAv4 DEBUG
10-16 19:59:26.978: I/GAv4(9725):   adb logcat -s GAv4
10-16 19:59:26.987: D/ActivityManager(1698): cleanUpApplicationRecord -- 8528
10-16 19:59:26.990: I/DynamiteModule(9703): Considering local module com.google.android.gms.googlecertificates:4 and remote module com.google.android.gms.googlecertificates:4
10-16 19:59:26.990: I/DynamiteModule(9703): Selected local version of com.google.android.gms.googlecertificates
10-16 19:59:27.056: W/art(8451): Suspending all threads took: 166.939ms
10-16 19:59:27.068: W/GAv4(9725): AnalyticsReceiver is not registered or is disabled. Register the receiver for reliable dispatching on non-Google Play devices. See http://goo.gl/8Rd3yj for instructions.
10-16 19:59:27.069: W/GAv4(9725): CampaignTrackingReceiver is not registered, not exported or is disabled. Installation campaign tracking is not possible. See http://goo.gl/8Rd3yj for instructions.
10-16 19:59:27.089: W/GAv4(9725): AnalyticsService not registered in the app manifest. Hits might not be delivered reliably. See http://goo.gl/8Rd3yj for instructions.
10-16 19:59:27.091: I/ActivityManager(1698): Killing 9004:com.google.android.apps.auth.test.support/u0a85 (adj 906): empty #17
10-16 19:59:27.147: D/ActivityManager(1698): cleanUpApplicationRecord -- 9004
10-16 19:59:27.159: I/CAR.SERVICE(9460): Skip, no clients bound.
10-16 19:59:27.174: I/art(1698): Background partial concurrent mark sweep GC freed 30787(1794KB) AllocSpace objects, 2(32KB) LOS objects, 33% free, 11MB/17MB, paused 2.310ms total 193.686ms
10-16 19:59:27.230: I/PhenotypeUpdate(1773): onReceive()
10-16 19:59:27.232: I/WearableService(8795): Wearable Services stopping
10-16 19:59:27.259: W/OcrModelUpStIntentOp(8739): Invalid action: com.google.android.gms.phenotype.COMMITTED
10-16 19:59:27.259: E/IntentOperationSvc(8739): Failed to instantiate Chimera operation impl com.google.android.gms.people.service.SettingsChangedBroadcastIntentOperation, dropping operation
10-16 19:59:27.259: E/IntentOperationSvc(8739): java.lang.reflect.InvocationTargetException
10-16 19:59:27.259: E/IntentOperationSvc(8739): 	at java.lang.reflect.Constructor.newInstance0(Native Method)
10-16 19:59:27.259: E/IntentOperationSvc(8739): 	at java.lang.reflect.Constructor.newInstance(Constructor.java:430)
10-16 19:59:27.259: E/IntentOperationSvc(8739): 	at bwj.a(:com.google.android.gms@11519470:8)
10-16 19:59:27.259: E/IntentOperationSvc(8739): 	at bwk.run(:com.google.android.gms@11519470:69)
10-16 19:59:27.259: E/IntentOperationSvc(8739): 	at java.util.concurrent.ThreadPoolExecutor.runWorker(ThreadPoolExecutor.java:1133)
10-16 19:59:27.259: E/IntentOperationSvc(8739): 	at java.util.concurrent.ThreadPoolExecutor$Worker.run(ThreadPoolExecutor.java:607)
10-16 19:59:27.259: E/IntentOperationSvc(8739): 	at java.lang.Thread.run(Thread.java:761)
10-16 19:59:27.259: E/IntentOperationSvc(8739): Caused by: java.lang.NullPointerException: Attempt to invoke virtual method 'android.content.SharedPreferences android.content.Context.getSharedPreferences(java.lang.String, int)' on a null object reference
10-16 19:59:27.259: E/IntentOperationSvc(8739): 	at android.content.ContextWrapper.getSharedPreferences(ContextWrapper.java:164)
10-16 19:59:27.259: E/IntentOperationSvc(8739): 	at zbv.a(:com.google.android.gms@11519470:6)
10-16 19:59:27.259: E/IntentOperationSvc(8739): 	at com.google.android.gms.people.service.SettingsChangedBroadcastIntentOperation.<init>(:com.google.android.gms@11519470:2)
10-16 19:59:27.259: E/IntentOperationSvc(8739): 	... 7 more
10-16 19:59:27.267: E/IntentOperationSvc(8739): Failed to instantiate Chimera operation impl com.google.android.gms.people.service.SettingsChangedBroadcastIntentOperation, dropping operation
10-16 19:59:27.267: E/IntentOperationSvc(8739): java.lang.reflect.InvocationTargetException
10-16 19:59:27.267: E/IntentOperationSvc(8739): 	at java.lang.reflect.Constructor.newInstance0(Native Method)
10-16 19:59:27.267: E/IntentOperationSvc(8739): 	at java.lang.reflect.Constructor.newInstance(Constructor.java:430)
10-16 19:59:27.267: E/IntentOperationSvc(8739): 	at bwj.a(:com.google.android.gms@11519470:8)
10-16 19:59:27.267: E/IntentOperationSvc(8739): 	at bwk.run(:com.google.android.gms@11519470:69)
10-16 19:59:27.267: E/IntentOperationSvc(8739): 	at java.util.concurrent.ThreadPoolExecutor.runWorker(ThreadPoolExecutor.java:1133)
10-16 19:59:27.267: E/IntentOperationSvc(8739): 	at java.util.concurrent.ThreadPoolExecutor$Worker.run(ThreadPoolExecutor.java:607)
10-16 19:59:27.267: E/IntentOperationSvc(8739): 	at java.lang.Thread.run(Thread.java:761)
10-16 19:59:27.267: E/IntentOperationSvc(8739): Caused by: java.lang.NullPointerException: Attempt to invoke virtual method 'android.content.SharedPreferences android.content.Context.getSharedPreferences(java.lang.String, int)' on a null object reference
10-16 19:59:27.267: E/IntentOperationSvc(8739): 	at android.content.ContextWrapper.getSharedPreferences(ContextWrapper.java:164)
10-16 19:59:27.267: E/IntentOperationSvc(8739): 	at zbv.a(:com.google.android.gms@11519470:6)
10-16 19:59:27.267: E/IntentOperationSvc(8739): 	at com.google.android.gms.people.service.SettingsChangedBroadcastIntentOperation.<init>(:com.google.android.gms@11519470:2)
10-16 19:59:27.267: E/IntentOperationSvc(8739): 	... 7 more
10-16 19:59:27.267: W/OcrModelUpStIntentOp(8739): Invalid action: com.google.android.gms.phenotype.COMMITTED
10-16 19:59:27.273: I/PTCommittedOperation(8795): Receive new configuration for com.google.android.gms.people
10-16 19:59:27.305: I/PTCommittedOperation(8795): Receive new configuration for com.google.android.gms.devicedoctor
10-16 19:59:27.305: I/PTCommittedOperation(8795): Running Fixer Framework for com.google.android.gms.devicedoctor
10-16 19:59:26.436: I/Binder:9030_4(9030): type=1400 audit(0.0:128): avc: denied { open } for path="/dev" dev="tmpfs" ino=6500 scontext=u:r:priv_app:s0:c512,c768 tcontext=u:object_r:device:s0 tclass=dir permissive=1
10-16 19:59:27.342: I/Remoter(1394): Saved screenshot to '/data/screenshots/__pmv__-0096.jpg'
10-16 19:59:27.452: W/dex2oat(9568): Before Android 4.1, method void rx.internal.operators.OnSubscribeGroupJoin$ResultManager.init() would have incorrectly overridden the package-private method in java.util.HashMap
10-16 19:59:27.478: I/Icing(8739): Indexing 1B7594F4EE77AE382612EE5F93BE44937B96AFA2 from com.google.android.videos
10-16 19:59:27.517: I/Icing(8739): Indexing done 1B7594F4EE77AE382612EE5F93BE44937B96AFA2
10-16 19:59:27.542: E/IntentOperationSvc(8739): Failed to instantiate Chimera operation impl com.google.android.gms.people.service.SettingsChangedBroadcastIntentOperation, dropping operation
10-16 19:59:27.542: E/IntentOperationSvc(8739): java.lang.reflect.InvocationTargetException
10-16 19:59:27.542: E/IntentOperationSvc(8739): 	at java.lang.reflect.Constructor.newInstance0(Native Method)
10-16 19:59:27.542: E/IntentOperationSvc(8739): 	at java.lang.reflect.Constructor.newInstance(Constructor.java:430)
10-16 19:59:27.542: E/IntentOperationSvc(8739): 	at bwj.a(:com.google.android.gms@11519470:8)
10-16 19:59:27.542: E/IntentOperationSvc(8739): 	at bwk.run(:com.google.android.gms@11519470:69)
10-16 19:59:27.542: E/IntentOperationSvc(8739): 	at java.util.concurrent.ThreadPoolExecutor.runWorker(ThreadPoolExecutor.java:1133)
10-16 19:59:27.542: E/IntentOperationSvc(8739): 	at java.util.concurrent.ThreadPoolExecutor$Worker.run(ThreadPoolExecutor.java:607)
10-16 19:59:27.542: E/IntentOperationSvc(8739): 	at java.lang.Thread.run(Thread.java:761)
10-16 19:59:27.542: E/IntentOperationSvc(8739): Caused by: java.lang.NullPointerException: Attempt to invoke virtual method 'android.content.SharedPreferences android.content.Context.getSharedPreferences(java.lang.String, int)' on a null object reference
10-16 19:59:27.542: E/IntentOperationSvc(8739): 	at android.content.ContextWrapper.getSharedPreferences(ContextWrapper.java:164)
10-16 19:59:27.542: E/IntentOperationSvc(8739): 	at zbv.a(:com.google.android.gms@11519470:6)
10-16 19:59:27.542: E/IntentOperationSvc(8739): 	at com.google.android.gms.people.service.SettingsChangedBroadcastIntentOperation.<init>(:com.google.android.gms@11519470:2)
10-16 19:59:27.542: E/IntentOperationSvc(8739): 	... 7 more
10-16 19:59:27.542: W/OcrModelUpStIntentOp(8739): Invalid action: com.google.android.gms.phenotype.COMMITTED
10-16 19:59:27.546: I/PTCommittedOperation(8795): Receive new configuration for com.google.android.gms.people.ui
10-16 19:59:27.611: E/IntentOperationSvc(8739): Failed to instantiate Chimera operation impl com.google.android.gms.people.service.SettingsChangedBroadcastIntentOperation, dropping operation
10-16 19:59:27.611: E/IntentOperationSvc(8739): java.lang.reflect.InvocationTargetException
10-16 19:59:27.611: E/IntentOperationSvc(8739): 	at java.lang.reflect.Constructor.newInstance0(Native Method)
10-16 19:59:27.611: E/IntentOperationSvc(8739): 	at java.lang.reflect.Constructor.newInstance(Constructor.java:430)
10-16 19:59:27.611: E/IntentOperationSvc(8739): 	at bwj.a(:com.google.android.gms@11519470:8)
10-16 19:59:27.611: E/IntentOperationSvc(8739): 	at bwk.run(:com.google.android.gms@11519470:69)
10-16 19:59:27.611: E/IntentOperationSvc(8739): 	at java.util.concurrent.ThreadPoolExecutor.runWorker(ThreadPoolExecutor.java:1133)
10-16 19:59:27.611: E/IntentOperationSvc(8739): 	at java.util.concurrent.ThreadPoolExecutor$Worker.run(ThreadPoolExecutor.java:607)
10-16 19:59:27.611: E/IntentOperationSvc(8739): 	at java.lang.Thread.run(Thread.java:761)
10-16 19:59:27.611: E/IntentOperationSvc(8739): Caused by: java.lang.NullPointerException: Attempt to invoke virtual method 'android.content.SharedPreferences android.content.Context.getSharedPreferences(java.lang.String, int)' on a null object reference
10-16 19:59:27.611: E/IntentOperationSvc(8739): 	at android.content.ContextWrapper.getSharedPreferences(ContextWrapper.java:164)
10-16 19:59:27.611: E/IntentOperationSvc(8739): 	at zbv.a(:com.google.android.gms@11519470:6)
10-16 19:59:27.611: E/IntentOperationSvc(8739): 	at com.google.android.gms.people.service.SettingsChangedBroadcastIntentOperation.<init>(:com.google.android.gms@11519470:2)
10-16 19:59:27.611: E/IntentOperationSvc(8739): 	... 7 more
10-16 19:59:27.611: W/OcrModelUpStIntentOp(8739): Invalid action: com.google.android.gms.phenotype.COMMITTED
10-16 19:59:27.614: I/NetRec(8795): [719] ConfigChangedIntentOperation.onHandleIntent: Handling a Phenotype update
10-16 19:59:27.614: I/NetRec(8795): [719] yjf.b: onConfigChanged()
10-16 19:59:27.621: I/PTCommittedOperation(8795): Receive new configuration for com.google.android.gms.icing
10-16 19:59:27.656: W/UdcContextManagerHelper(8795): Empty context buffer. Thus might mean that the context is not synced down.
10-16 19:59:27.656: W/UploadOptInStatusOp(8795): Empty context model while retrieving upload opt-in status!
10-16 19:59:27.685: E/ctxmgr(8795): [NetworkUtil]No active synchronizable contexts.
10-16 19:59:27.687: I/NetRec(8795): [719] ConfigChangedIntentOperation.onHandleIntent: Handling a Phenotype update
10-16 19:59:27.687: I/NetRec(8795): [719] yjf.b: onConfigChanged()
10-16 19:59:27.689: E/IntentOperationSvc(8739): Failed to instantiate Chimera operation impl com.google.android.gms.people.service.SettingsChangedBroadcastIntentOperation, dropping operation
10-16 19:59:27.689: E/IntentOperationSvc(8739): java.lang.reflect.InvocationTargetException
10-16 19:59:27.689: E/IntentOperationSvc(8739): 	at java.lang.reflect.Constructor.newInstance0(Native Method)
10-16 19:59:27.689: E/IntentOperationSvc(8739): 	at java.lang.reflect.Constructor.newInstance(Constructor.java:430)
10-16 19:59:27.689: E/IntentOperationSvc(8739): 	at bwj.a(:com.google.android.gms@11519470:8)
10-16 19:59:27.689: E/IntentOperationSvc(8739): 	at bwk.run(:com.google.android.gms@11519470:69)
10-16 19:59:27.689: E/IntentOperationSvc(8739): 	at java.util.concurrent.ThreadPoolExecutor.runWorker(ThreadPoolExecutor.java:1133)
10-16 19:59:27.689: E/IntentOperationSvc(8739): 	at java.util.concurrent.ThreadPoolExecutor$Worker.run(ThreadPoolExecutor.java:607)
10-16 19:59:27.689: E/IntentOperationSvc(8739): 	at java.lang.Thread.run(Thread.java:761)
10-16 19:59:27.689: E/IntentOperationSvc(8739): Caused by: java.lang.NullPointerException: Attempt to invoke virtual method 'android.content.SharedPreferences android.content.Context.getSharedPreferences(java.lang.String, int)' on a null object reference
10-16 19:59:27.689: E/IntentOperationSvc(8739): 	at android.content.ContextWrapper.getSharedPreferences(ContextWrapper.java:164)
10-16 19:59:27.689: E/IntentOperationSvc(8739): 	at zbv.a(:com.google.android.gms@11519470:6)
10-16 19:59:27.689: E/IntentOperationSvc(8739): 	at com.google.android.gms.people.service.SettingsChangedBroadcastIntentOperation.<init>(:com.google.android.gms@11519470:2)
10-16 19:59:27.689: E/IntentOperationSvc(8739): 	... 7 more
10-16 19:59:27.690: W/OcrModelUpStIntentOp(8739): Invalid action: com.google.android.gms.phenotype.COMMITTED
10-16 19:59:27.692: I/PTCommittedOperation(8795): Receive new configuration for com.google.android.gms.magictether
10-16 19:59:27.739: I/MagicTether(8795): [HostValidator] InvalidHost. MobileData: true, Tethering: true, whitelist: false, ble: true
10-16 19:59:27.758: I/MagicTether(9361): [HostValidator] InvalidHost. MobileData: true, Tethering: true, whitelist: false, ble: true
10-16 19:59:27.764: I/NetRec(8795): [700] ConfigChangedIntentOperation.onHandleIntent: Handling a Phenotype update
10-16 19:59:27.764: I/NetRec(8795): [700] yjf.b: onConfigChanged()
10-16 19:59:27.812: I/art(8795): Do full code cache collection, code=249KB, data=226KB
10-16 19:59:27.812: I/art(8795): Starting a blocking GC JitCodeCache
10-16 19:59:27.812: I/art(8795): After code cache collection, code=237KB, data=187KB
10-16 19:59:27.815: E/IntentOperationSvc(8739): Failed to instantiate Chimera operation impl com.google.android.gms.people.service.SettingsChangedBroadcastIntentOperation, dropping operation
10-16 19:59:27.815: E/IntentOperationSvc(8739): java.lang.reflect.InvocationTargetException
10-16 19:59:27.815: E/IntentOperationSvc(8739): 	at java.lang.reflect.Constructor.newInstance0(Native Method)
10-16 19:59:27.815: E/IntentOperationSvc(8739): 	at java.lang.reflect.Constructor.newInstance(Constructor.java:430)
10-16 19:59:27.815: E/IntentOperationSvc(8739): 	at bwj.a(:com.google.android.gms@11519470:8)
10-16 19:59:27.815: E/IntentOperationSvc(8739): 	at bwk.run(:com.google.android.gms@11519470:69)
10-16 19:59:27.815: E/IntentOperationSvc(8739): 	at java.util.concurrent.ThreadPoolExecutor.runWorker(ThreadPoolExecutor.java:1133)
10-16 19:59:27.815: E/IntentOperationSvc(8739): 	at java.util.concurrent.ThreadPoolExecutor$Worker.run(ThreadPoolExecutor.java:607)
10-16 19:59:27.815: E/IntentOperationSvc(8739): 	at java.lang.Thread.run(Thread.java:761)
10-16 19:59:27.815: E/IntentOperationSvc(8739): Caused by: java.lang.NullPointerException: Attempt to invoke virtual method 'android.content.SharedPreferences android.content.Context.getSharedPreferences(java.lang.String, int)' on a null object reference
10-16 19:59:27.815: E/IntentOperationSvc(8739): 	at android.content.ContextWrapper.getSharedPreferences(ContextWrapper.java:164)
10-16 19:59:27.815: E/IntentOperationSvc(8739): 	at zbv.a(:com.google.android.gms@11519470:6)
10-16 19:59:27.815: E/IntentOperationSvc(8739): 	at com.google.android.gms.people.service.SettingsChangedBroadcastIntentOperation.<init>(:com.google.android.gms@11519470:2)
10-16 19:59:27.815: E/IntentOperationSvc(8739): 	... 7 more
10-16 19:59:27.815: W/OcrModelUpStIntentOp(8739): Invalid action: com.google.android.gms.phenotype.COMMITTED
10-16 19:59:27.819: I/PTCommittedOperation(8795): Receive new configuration for com.google.android.gms.gcm
10-16 19:59:27.840: I/NetRec(8795): [700] ConfigChangedIntentOperation.onHandleIntent: Handling a Phenotype update
10-16 19:59:27.841: I/NetRec(8795): [700] yjf.b: onConfigChanged()
10-16 19:59:27.844: E/IntentOperationSvc(8739): Failed to instantiate Chimera operation impl com.google.android.gms.people.service.SettingsChangedBroadcastIntentOperation, dropping operation
10-16 19:59:27.844: E/IntentOperationSvc(8739): java.lang.reflect.InvocationTargetException
10-16 19:59:27.844: E/IntentOperationSvc(8739): 	at java.lang.reflect.Constructor.newInstance0(Native Method)
10-16 19:59:27.844: E/IntentOperationSvc(8739): 	at java.lang.reflect.Constructor.newInstance(Constructor.java:430)
10-16 19:59:27.844: E/IntentOperationSvc(8739): 	at bwj.a(:com.google.android.gms@11519470:8)
10-16 19:59:27.844: E/IntentOperationSvc(8739): 	at bwk.run(:com.google.android.gms@11519470:69)
10-16 19:59:27.844: E/IntentOperationSvc(8739): 	at java.util.concurrent.ThreadPoolExecutor.runWorker(ThreadPoolExecutor.java:1133)
10-16 19:59:27.844: E/IntentOperationSvc(8739): 	at java.util.concurrent.ThreadPoolExecutor$Worker.run(ThreadPoolExecutor.java:607)
10-16 19:59:27.844: E/IntentOperationSvc(8739): 	at java.lang.Thread.run(Thread.java:761)
10-16 19:59:27.844: E/IntentOperationSvc(8739): Caused by: java.lang.NullPointerException: Attempt to invoke virtual method 'android.content.SharedPreferences android.content.Context.getSharedPreferences(java.lang.String, int)' on a null object reference
10-16 19:59:27.844: E/IntentOperationSvc(8739): 	at android.content.ContextWrapper.getSharedPreferences(ContextWrapper.java:164)
10-16 19:59:27.844: E/IntentOperationSvc(8739): 	at zbv.a(:com.google.android.gms@11519470:6)
10-16 19:59:27.844: E/IntentOperationSvc(8739): 	at com.google.android.gms.people.service.SettingsChangedBroadcastIntentOperation.<init>(:com.google.android.gms@11519470:2)
10-16 19:59:27.844: E/IntentOperationSvc(8739): 	... 7 more
10-16 19:59:27.844: W/OcrModelUpStIntentOp(8739): Invalid action: com.google.android.gms.phenotype.COMMITTED
10-16 19:59:27.845: I/PTCommittedOperation(8795): Receive new configuration for com.google.android.gms.ulr
10-16 19:59:27.853: I/GCoreUlr(8795): Starting service, intent=Intent { act=com.google.android.location.reporting.ACTION_UPDATE_WORLD cmp=com.google.android.gms/com.google.android.location.reporting.service.DispatchingService (has extras) }, extras=Bundle[{receiverAction=com.google.gservices.intent.action.GSERVICES_CHANGED}]
10-16 19:59:27.881: I/GCoreUlr(8795): WorldUpdater received intent Intent { act=com.google.android.location.reporting.ACTION_UPDATE_WORLD cmp=com.google.android.gms/com.google.android.location.reporting.service.DispatchingService (has extras) } with receiverAction com.google.gservices.intent.action.GSERVICES_CHANGED
10-16 19:59:27.915: W/Auth(8795): [GetToken] GetToken failed with status code: INVALID_SCOPE
10-16 19:59:27.916: W/AuthSessionAuthenticato(8795): Auth related exception is being ignored: INVALID_SCOPE
10-16 19:59:27.922: W/GLSUser(8795): [DeviceKeyStore] Cannot load key: Device key file not found.
10-16 19:59:28.201: I/NetRec(8795): [595] ConfigChangedIntentOperation.onHandleIntent: Handling a Phenotype update
10-16 19:59:28.201: I/NetRec(8795): [595] yjf.b: onConfigChanged()
10-16 19:59:28.207: E/IntentOperationSvc(8739): Failed to instantiate Chimera operation impl com.google.android.gms.people.service.SettingsChangedBroadcastIntentOperation, dropping operation
10-16 19:59:28.207: E/IntentOperationSvc(8739): java.lang.reflect.InvocationTargetException
10-16 19:59:28.207: E/IntentOperationSvc(8739): 	at java.lang.reflect.Constructor.newInstance0(Native Method)
10-16 19:59:28.207: E/IntentOperationSvc(8739): 	at java.lang.reflect.Constructor.newInstance(Constructor.java:430)
10-16 19:59:28.207: E/IntentOperationSvc(8739): 	at bwj.a(:com.google.android.gms@11519470:8)
10-16 19:59:28.207: E/IntentOperationSvc(8739): 	at bwk.run(:com.google.android.gms@11519470:69)
10-16 19:59:28.207: E/IntentOperationSvc(8739): 	at java.util.concurrent.ThreadPoolExecutor.runWorker(ThreadPoolExecutor.java:1133)
10-16 19:59:28.207: E/IntentOperationSvc(8739): 	at java.util.concurrent.ThreadPoolExecutor$Worker.run(ThreadPoolExecutor.java:607)
10-16 19:59:28.207: E/IntentOperationSvc(8739): 	at java.lang.Thread.run(Thread.java:761)
10-16 19:59:28.207: E/IntentOperationSvc(8739): Caused by: java.lang.NullPointerException: Attempt to invoke virtual method 'android.content.SharedPreferences android.content.Context.getSharedPreferences(java.lang.String, int)' on a null object reference
10-16 19:59:28.207: E/IntentOperationSvc(8739): 	at android.content.ContextWrapper.getSharedPreferences(ContextWrapper.java:164)
10-16 19:59:28.207: E/IntentOperationSvc(8739): 	at zbv.a(:com.google.android.gms@11519470:6)
10-16 19:59:28.207: E/IntentOperationSvc(8739): 	at com.google.android.gms.people.service.SettingsChangedBroadcastIntentOperation.<init>(:com.google.android.gms@11519470:2)
10-16 19:59:28.207: E/IntentOperationSvc(8739): 	... 7 more
10-16 19:59:28.207: W/OcrModelUpStIntentOp(8739): Invalid action: com.google.android.gms.phenotype.COMMITTED
10-16 19:59:28.208: I/PTCommittedOperation(8795): Receive new configuration for com.google.android.gms
10-16 19:59:28.218: I/WVCdm(1409): CdmEngine::OpenSession
10-16 19:59:28.218: I/WVCdm(1409): Level3 Library 4464 Sep 10 2016 21:49:53
10-16 19:59:28.234: W/WVCdm(1409): Could not load liboemcrypto.so. Falling back to L3.  dlopen failed: library "liboemcrypto.so" not found
10-16 19:59:28.236: I/WVCdm(1409): CdmEngine::QueryKeyControlInfo
10-16 19:59:28.241: I/WVCdm(1409): CdmEngine::GenerateKeyRequest
10-16 19:59:28.241: D/WVCdm(1409): PrepareKeyRequest: nonce=3887707653
10-16 19:59:28.244: I/GCoreUlr(8795): WorldUpdater:com.google.gservices.intent.action.GSERVICES_CHANGED: Ensuring that reporting is stopped because of reasons: {account#18#=[InactiveReason{mIdentifier=10, mName='AuthError'}, InactiveReason{mIdentifier=6, mName='ReportingNotEnabled'}, InactiveReason{mIdentifier=14, mName='HistoryNotEnabled'}]}
10-16 19:59:28.251: I/PhenotypeFlagCommitter(9725): Experiment Configs successfully retrieved for com.google.android.apps.gcs
10-16 19:59:28.255: I/NetRec(8795): [702] ConfigChangedIntentOperation.onHandleIntent: Handling a Phenotype update
10-16 19:59:28.255: I/NetRec(8795): [702] yjf.b: onConfigChanged()
10-16 19:59:28.257: E/IntentOperationSvc(8739): Failed to instantiate Chimera operation impl com.google.android.gms.people.service.SettingsChangedBroadcastIntentOperation, dropping operation
10-16 19:59:28.257: E/IntentOperationSvc(8739): java.lang.reflect.InvocationTargetException
10-16 19:59:28.257: E/IntentOperationSvc(8739): 	at java.lang.reflect.Constructor.newInstance0(Native Method)
10-16 19:59:28.257: E/IntentOperationSvc(8739): 	at java.lang.reflect.Constructor.newInstance(Constructor.java:430)
10-16 19:59:28.257: E/IntentOperationSvc(8739): 	at bwj.a(:com.google.android.gms@11519470:8)
10-16 19:59:28.257: E/IntentOperationSvc(8739): 	at bwk.run(:com.google.android.gms@11519470:69)
10-16 19:59:28.257: E/IntentOperationSvc(8739): 	at java.util.concurrent.ThreadPoolExecutor.runWorker(ThreadPoolExecutor.java:1133)
10-16 19:59:28.257: E/IntentOperationSvc(8739): 	at java.util.concurrent.ThreadPoolExecutor$Worker.run(ThreadPoolExecutor.java:607)
10-16 19:59:28.257: E/IntentOperationSvc(8739): 	at java.lang.Thread.run(Thread.java:761)
10-16 19:59:28.257: E/IntentOperationSvc(8739): Caused by: java.lang.NullPointerException: Attempt to invoke virtual method 'android.content.SharedPreferences android.content.Context.getSharedPreferences(java.lang.String, int)' on a null object reference
10-16 19:59:28.257: E/IntentOperationSvc(8739): 	at android.content.ContextWrapper.getSharedPreferences(ContextWrapper.java:164)
10-16 19:59:28.257: E/IntentOperationSvc(8739): 	at zbv.a(:com.google.android.gms@11519470:6)
10-16 19:59:28.257: E/IntentOperationSvc(8739): 	at com.google.android.gms.people.service.SettingsChangedBroadcastIntentOperation.<init>(:com.google.android.gms@11519470:2)
10-16 19:59:28.257: E/IntentOperationSvc(8739): 	... 7 more
10-16 19:59:28.258: W/OcrModelUpStIntentOp(8739): Invalid action: com.google.android.gms.phenotype.COMMITTED
10-16 19:59:28.259: I/PTCommittedOperation(8795): Receive new configuration for com.google.android.gms.tron.metrics
10-16 19:59:28.266: I/PhenotypeExpCommitSvc(9725): [646] PhenotypeExperimentCommitService.a: Successfully committed experiments for user [KZkGehx9x4vkdiKC9ytVqouUv0g]
10-16 19:59:28.281: I/GCoreUlr(8795): Unbound from all location providers
10-16 19:59:28.281: I/GCoreUlr(8795): Place inference reporting - stop
10-16 19:59:28.297: I/GCoreUlr(8795): Unregistering for aliased place alerts.
10-16 19:59:28.322: I/GCoreUlr(8795): DispatchingService.onDestroy()
10-16 19:59:28.323: I/GCoreUlr(8795): Stopping handler for UlrDispSvcFast
10-16 19:59:28.325: I/GCoreUlr(8795): Unbound from all location providers
10-16 19:59:28.325: I/GCoreUlr(8795): Place inference reporting - stop
10-16 19:59:28.325: I/GCoreUlr(8795): Unregistering for aliased place alerts.
10-16 19:59:28.380: I/NetRec(8795): [702] ConfigChangedIntentOperation.onHandleIntent: Handling a Phenotype update
10-16 19:59:28.380: I/NetRec(8795): [702] yjf.b: onConfigChanged()
10-16 19:59:28.386: E/IntentOperationSvc(8739): Failed to instantiate Chimera operation impl com.google.android.gms.people.service.SettingsChangedBroadcastIntentOperation, dropping operation
10-16 19:59:28.386: E/IntentOperationSvc(8739): java.lang.reflect.InvocationTargetException
10-16 19:59:28.386: E/IntentOperationSvc(8739): 	at java.lang.reflect.Constructor.newInstance0(Native Method)
10-16 19:59:28.386: E/IntentOperationSvc(8739): 	at java.lang.reflect.Constructor.newInstance(Constructor.java:430)
10-16 19:59:28.386: E/IntentOperationSvc(8739): 	at bwj.a(:com.google.android.gms@11519470:8)
10-16 19:59:28.386: E/IntentOperationSvc(8739): 	at bwk.run(:com.google.android.gms@11519470:69)
10-16 19:59:28.386: E/IntentOperationSvc(8739): 	at java.util.concurrent.ThreadPoolExecutor.runWorker(ThreadPoolExecutor.java:1133)
10-16 19:59:28.386: E/IntentOperationSvc(8739): 	at java.util.concurrent.ThreadPoolExecutor$Worker.run(ThreadPoolExecutor.java:607)
10-16 19:59:28.386: E/IntentOperationSvc(8739): 	at java.lang.Thread.run(Thread.java:761)
10-16 19:59:28.386: E/IntentOperationSvc(8739): Caused by: java.lang.NullPointerException: Attempt to invoke virtual method 'android.content.SharedPreferences android.content.Context.getSharedPreferences(java.lang.String, int)' on a null object reference
10-16 19:59:28.386: E/IntentOperationSvc(8739): 	at android.content.ContextWrapper.getSharedPreferences(ContextWrapper.java:164)
10-16 19:59:28.386: E/IntentOperationSvc(8739): 	at zbv.a(:com.google.android.gms@11519470:6)
10-16 19:59:28.386: E/IntentOperationSvc(8739): 	at com.google.android.gms.people.service.SettingsChangedBroadcastIntentOperation.<init>(:com.google.android.gms@11519470:2)
