10-16 19:59:21.167: W/NetworkManagementSocketTagger(9085): untagSocket(52) failed with errno -22
10-16 19:59:21.217: I/ResponseProcessCookies(9085): Cookie store not available in HTTP context
10-16 19:59:21.217: I/qtaguid(9085): Untagging socket 56 failed errno=-22
10-16 19:59:21.217: W/NetworkManagementSocketTagger(9085): untagSocket(56) failed with errno -22
10-16 19:59:21.219: I/Finsky(9085): [1] com.google.android.finsky.selfupdate.c.a(148): Starting DFE self-update from local version [80694300] to server version [80834200]
10-16 19:59:21.260: I/ActivityManager(1698): Start proc 9460:com.google.android.gms:car/u0a14 for service com.google.android.gms/.car.CarService
10-16 19:59:21.307: I/RequestAddCookies(9085): Cookie store not available in HTTP context
10-16 19:59:21.308: I/RequestAddCookies(9085): Cookie store not available in HTTP context
10-16 19:59:21.358: I/ResponseProcessCookies(9085): Cookie store not available in HTTP context
10-16 19:59:21.359: I/qtaguid(9085): Untagging socket 56 failed errno=-22
10-16 19:59:21.359: W/NetworkManagementSocketTagger(9085): untagSocket(56) failed with errno -22
10-16 19:59:21.367: I/ResponseProcessCookies(9085): Cookie store not available in HTTP context
10-16 19:59:21.367: I/qtaguid(9085): Untagging socket 52 failed errno=-22
10-16 19:59:21.367: W/NetworkManagementSocketTagger(9085): untagSocket(52) failed with errno -22
10-16 19:59:21.369: I/art(8739): Do partial code cache collection, code=61KB, data=62KB
10-16 19:59:21.377: I/Finsky(9085): [1] com.google.android.finsky.download.e.a(264): Duplicate state set for 'com.android.vending' (0). Already in that state
10-16 19:59:21.377: I/Finsky(9085): [1] com.google.android.finsky.download.x.e(145): Download com.android.vending added to DownloadQueue
10-16 19:59:21.378: W/Auth(8795): [GetToken] GetToken failed with status code: INVALID_SCOPE
10-16 19:59:21.378: I/GCM-GMS(8739): Failed to subscribe to group.
10-16 19:59:21.378: I/GCM-GMS(8739): dzf: INVALID_SCOPE
10-16 19:59:21.378: I/GCM-GMS(8739): 	at dzj.a(:com.google.android.gms@11519470:16)
10-16 19:59:21.378: I/GCM-GMS(8739): 	at dzi.a(:com.google.android.gms@11519470:2)
10-16 19:59:21.378: I/GCM-GMS(8739): 	at dzi.e(:com.google.android.gms@11519470:6)
10-16 19:59:21.378: I/GCM-GMS(8739): 	at dzi.d(:com.google.android.gms@11519470:1)
10-16 19:59:21.378: I/GCM-GMS(8739): 	at dzi.b(:com.google.android.gms@11519470:1)
10-16 19:59:21.378: I/GCM-GMS(8739): 	at dzg.a(:com.google.android.gms@11519470:1)
10-16 19:59:21.378: I/GCM-GMS(8739): 	at sul.a(:com.google.android.gms@11519470:23)
10-16 19:59:21.378: I/GCM-GMS(8739): 	at sul.a(:com.google.android.gms@11519470:44)
10-16 19:59:21.378: I/GCM-GMS(8739): 	at sul.b(:com.google.android.gms@11519470:6)
10-16 19:59:21.378: I/GCM-GMS(8739): 	at com.google.android.gms.gcm.gmsproc.GcmInGmsTaskChimeraService.a(:com.google.android.gms@11519470:8)
10-16 19:59:21.378: I/GCM-GMS(8739): 	at ssv.run(:com.google.android.gms@11519470:1)
10-16 19:59:21.378: I/GCM-GMS(8739): 	at java.util.concurrent.ThreadPoolExecutor.runWorker(ThreadPoolExecutor.java:1133)
10-16 19:59:21.378: I/GCM-GMS(8739): 	at java.util.concurrent.ThreadPoolExecutor$Worker.run(ThreadPoolExecutor.java:607)
10-16 19:59:21.378: I/GCM-GMS(8739): 	at java.lang.Thread.run(Thread.java:761)
10-16 19:59:21.379: W/Auth(8795): [GetToken] GetToken failed with status code: INVALID_SCOPE
10-16 19:59:21.396: I/Finsky(9085): [1] com.google.android.finsky.download.e.a(266): com.android.vending from 0 to 1.
10-16 19:59:21.397: E/Ads(8739): [JAMS] Failed to get OAuth token: dzf: INVALID_SCOPE
10-16 19:59:21.409: I/art(8739): After code cache collection, code=60KB, data=61KB
10-16 19:59:21.409: I/art(8739): Increasing code cache capacity to 256KB
10-16 19:59:21.409: I/art(8739): [ 10-16 19:59:21.417  1406: 1406 I/         ]
10-16 19:59:21.409: I/art(8739): free_cache(0) avail 3856769024
10-16 19:59:21.423: I/GCM-GMS(8739): Groups upload failed
10-16 19:59:21.436: I/LoadedApk(9460): No resource references to update in package FFFFFFFFFFFFFFFFFFFFFF
10-16 19:59:21.452: I/Finsky(9085): [1] com.google.android.finsky.download.ai.run(5566): Download com.android.vending starting
10-16 19:59:21.494: V/NativeCrypto(9460): Registering com/google/android/gms/org/conscrypt/NativeCrypto's 259 native methods...
10-16 19:59:21.507: D/NetworkSecurityConfig(9460): No Network Security Config specified, using platform default
10-16 19:59:21.508: I/ProviderInstaller(9460): Installed default security provider GmsCore_OpenSSL
10-16 19:59:21.517: I/WVCdm(1409): CdmEngine::CloseSession
10-16 19:59:21.539: I/Finsky(9085): [594] com.google.android.finsky.download.ae.a(1579): Enqueued com.android.vending as content://downloads/my_downloads/37
10-16 19:59:21.540: I/Finsky(9085): [1] com.google.android.finsky.download.e.a(266): com.android.vending from 1 to 2.
10-16 19:59:21.540: I/Finsky(9085): [1] com.google.android.finsky.download.x.a(644): com.android.vending: onStart
10-16 19:59:21.592: W/Conscrypt(8795): Could not set socket write timeout:
10-16 19:59:21.592: W/Conscrypt(8795):    java.lang.reflect.Method.invoke(Native Method)
10-16 19:59:21.592: W/Conscrypt(8795):    com.google.android.gms.org.conscrypt.Platform.setSocketWriteTimeout(:com.google.android.gms@11519470:13)
10-16 19:59:21.629: D/AndroidRuntime(9456): >>>>>> START com.android.internal.os.RuntimeInit uid 0 <<<<<<
10-16 19:59:21.631: D/AndroidRuntime(9456): CheckJNI is OFF
10-16 19:59:21.667: I/Finsky(9085): [1] com.google.android.finsky.download.x.b(413): com.android.vending: onProgress 0/-1 Status: 190.
10-16 19:59:21.669: W/art(8739): Before Android 4.1, method double java.util.concurrent.ThreadLocalRandom.internalNextDouble(double, double) would have incorrectly overridden the package-private method in java.util.Random
10-16 19:59:21.669: W/art(8739): Before Android 4.1, method int java.util.concurrent.ThreadLocalRandom.internalNextInt(int, int) would have incorrectly overridden the package-private method in java.util.Random
10-16 19:59:21.669: W/art(8739): Before Android 4.1, method long java.util.concurrent.ThreadLocalRandom.internalNextLong(long, long) would have incorrectly overridden the package-private method in java.util.Random
10-16 19:59:21.687: D/DownloadManager(8020): [37] Starting
10-16 19:59:21.689: W/Conscrypt(8795): Could not set socket write timeout:
10-16 19:59:21.689: W/Conscrypt(8795):    java.lang.reflect.Method.invoke(Native Method)
10-16 19:59:21.689: W/Conscrypt(8795):    com.google.android.gms.org.conscrypt.Platform.setSocketWriteTimeout(:com.google.android.gms@11519470:13)
10-16 19:59:21.713: D/ICU(9456): No timezone override file found: /data/misc/zoneinfo/current/icu/icu_tzdata.dat
10-16 19:59:21.713: D/ICU(9456): [ 10-16 19:59:21.720  9456: 9456 W/         ]
10-16 19:59:21.713: D/ICU(9456): Failed to bind-mount /system/lib/x86/cpuinfo as /proc/cpuinfo: No such file or directory
10-16 19:59:21.727: I/WVCdm(1409): CdmEngine::OpenSession
10-16 19:59:21.727: I/WVCdm(1409): Level3 Library 4464 Sep 10 2016 21:49:53
10-16 19:59:21.729: W/WVCdm(1409): Could not load liboemcrypto.so. Falling back to L3.  dlopen failed: library "liboemcrypto.so" not found
10-16 19:59:21.730: I/WVCdm(1409): CdmEngine::QueryKeyControlInfo
10-16 19:59:21.734: I/Finsky(9085): [1] com.google.android.finsky.download.x.b(413): com.android.vending: onProgress 0/-1 Status: 192.
10-16 19:59:21.742: E/memtrack(9456): Couldn't load memtrack module (No such file or directory)
10-16 19:59:21.742: E/android.os.Debug(9456): failed to load memtrack module: -2
10-16 19:59:21.742: I/Radio-JNI(9456): register_android_hardware_Radio DONE
10-16 19:59:21.764: I/Remoter(1394): Saved screenshot to '/data/screenshots/__pmv__-0091.jpg'
10-16 19:59:21.765: D/AndroidRuntime(9456): Calling main entry com.android.commands.pm.Pm
10-16 19:59:21.765: I/WVCdm(1409): CdmEngine::GenerateKeyRequest
10-16 19:59:21.765: D/WVCdm(1409): PrepareKeyRequest: nonce=4126393982
10-16 19:59:21.778: D/NetworkSecurityConfig(8020): No Network Security Config specified, using platform default
10-16 19:59:21.802: W/GLSUser(8795): [AppCertManager] IOException while requesting key: 
10-16 19:59:21.802: W/GLSUser(8795): java.io.IOException: Invalid device key response.
10-16 19:59:21.802: W/GLSUser(8795): 	at ewg.a(:com.google.android.gms@11519470:11)
10-16 19:59:21.802: W/GLSUser(8795): 	at ewg.a(:com.google.android.gms@11519470:63)
10-16 19:59:21.802: W/GLSUser(8795): 	at ewg.a(:com.google.android.gms@11519470:20)
10-16 19:59:21.802: W/GLSUser(8795): 	at ewe.a(:com.google.android.gms@11519470:4)
10-16 19:59:21.802: W/GLSUser(8795): 	at ewb.a(:com.google.android.gms@11519470:2)
10-16 19:59:21.802: W/GLSUser(8795): 	at evz.a(:com.google.android.gms@11519470:10)
10-16 19:59:21.802: W/GLSUser(8795): 	at evz.a(:com.google.android.gms@11519470:24)
10-16 19:59:21.802: W/GLSUser(8795): 	at mgg.d(:com.google.android.gms@11519470:3)
10-16 19:59:21.802: W/GLSUser(8795): 	at ciz.a(:com.google.android.gms@11519470:31)
10-16 19:59:21.802: W/GLSUser(8795): 	at cei.run(:com.google.android.gms@11519470:2)
10-16 19:59:21.802: W/GLSUser(8795): 	at ceg.handleMessage(:com.google.android.gms@11519470:3)
10-16 19:59:21.802: W/GLSUser(8795): 	at mme.run(:com.google.android.gms@11519470:6)
10-16 19:59:21.802: W/GLSUser(8795): 	at mmo.run(:com.google.android.gms@11519470:25)
10-16 19:59:21.802: W/GLSUser(8795): 	at java.util.concurrent.ThreadPoolExecutor.runWorker(ThreadPoolExecutor.java:1133)
10-16 19:59:21.802: W/GLSUser(8795): 	at java.util.concurrent.ThreadPoolExecutor$Worker.run(ThreadPoolExecutor.java:607)
10-16 19:59:21.802: W/GLSUser(8795): 	at mrv.run(:com.google.android.gms@11519470)
10-16 19:59:21.802: W/GLSUser(8795): 	at java.lang.Thread.run(Thread.java:761)
10-16 19:59:21.802: W/GLSUser(8795): [DeviceKeyStore] Cannot load key: Device key file not found.
10-16 19:59:21.802: W/GLSUser(8795): [ 10-16 19:59:21.849  1406: 1406 I/         ]
10-16 19:59:21.802: W/GLSUser(8795): free_cache(22150030) avail 3856609280
10-16 19:59:21.856: W/art(8795): Long monitor contention with owner CMEventHandler (8883) at void java.lang.Object.wait!(long, int)(Object.java:-2) waiters=0 in java.lang.String ewg.a(java.lang.String) for 1.060s
10-16 19:59:21.856: W/GLSUser(8795): [DeviceKeyStore] Cannot load key: Device key file not found.
10-16 19:59:21.856: W/GLSUser(8795): [DeviceKeyStore] Cannot load key: Device key file not found.
10-16 19:59:21.860: E/ctxmgr(8795): [BaseServerTask]Server task (FetchAclSet) got error statusCode=-1.
10-16 19:59:21.860: E/ctxmgr(8795): com.android.volley.VolleyError: Unable to obtain auth token - is the device online?
10-16 19:59:21.860: E/ctxmgr(8795): 	at ciz.a(:com.google.android.gms@11519470:39)
10-16 19:59:21.860: E/ctxmgr(8795): 	at cei.run(:com.google.android.gms@11519470:2)
10-16 19:59:21.860: E/ctxmgr(8795): 	at ceg.handleMessage(:com.google.android.gms@11519470:3)
10-16 19:59:21.860: E/ctxmgr(8795): 	at mme.run(:com.google.android.gms@11519470:6)
10-16 19:59:21.860: E/ctxmgr(8795): 	at mmo.run(:com.google.android.gms@11519470:25)
10-16 19:59:21.860: E/ctxmgr(8795): 	at java.util.concurrent.ThreadPoolExecutor.runWorker(ThreadPoolExecutor.java:1133)
10-16 19:59:21.860: E/ctxmgr(8795): 	at java.util.concurrent.ThreadPoolExecutor$Worker.run(ThreadPoolExecutor.java:607)
10-16 19:59:21.860: E/ctxmgr(8795): 	at mrv.run(:com.google.android.gms@11519470)
10-16 19:59:21.860: E/ctxmgr(8795): 	at java.lang.Thread.run(Thread.java:761)
10-16 19:59:21.861: W/ctxmgr(8795): [WorkManager]Long workInfo: pkg=com.google.android.gms, lbl=NetworkManager#getAcl, start=2017-10-16 19:59:18.669-0400, stop=2017-10-16 19:59:21.861-0400, durtn=3192ms
10-16 19:59:21.928: I/art(1698): Background partial concurrent mark sweep GC freed 18337(1227KB) AllocSpace objects, 10(280KB) LOS objects, 33% free, 11MB/16MB, paused 580us total 148.667ms
10-16 19:59:21.931: I/DynamiteModule(9460): Considering local module com.google.android.gms.googlecertificates:4 and remote module com.google.android.gms.googlecertificates:4
10-16 19:59:21.931: I/DynamiteModule(9460): Selected local version of com.google.android.gms.googlecertificates
10-16 19:59:21.986: W/UdcContextManagerHelper(8795): Empty context buffer. Thus might mean that the context is not synced down.
10-16 19:59:21.987: W/UploadOptInStatusOp(8795): Empty context model while retrieving upload opt-in status!
10-16 19:59:22.022: I/System.out(8739): Error inflating SSL session: error:100000a0:SSL routines:OPENSSL_internal:INVALID_SSL_SESSION
10-16 19:59:22.023: W/Conscrypt(8739): Could not set socket write timeout:
10-16 19:59:22.023: W/Conscrypt(8739):    java.lang.reflect.Method.invoke(Native Method)
10-16 19:59:22.023: W/Conscrypt(8739):    com.google.android.gms.org.conscrypt.Platform.setSocketWriteTimeout(:com.google.android.gms@11519470:13)
10-16 19:59:22.043: E/ctxmgr(8795): [AccountAclCallback]Failed Acl fetch: network status=-1
10-16 19:59:22.081: W/ActivityManager(1698): Unable to start service Intent { act=local_action cmp=com.google.android.gms/.car.InCallService2 } U=0: not found
10-16 19:59:22.081: E/CAR.TEL.Service(9460): Failed to bind to InCallService
10-16 19:59:22.086: I/Finsky(9085): [1] com.google.android.finsky.services.DailyHygiene.d(738): Logging device features
10-16 19:59:22.099: I/Finsky(9085): [1] com.google.android.finsky.selfupdate.SelfUpdateCheckerScheduler.a(59): Cancelling accelerated self-Update check
10-16 19:59:22.109: W/InstanceID/Rpc(9085): Found 10014
10-16 19:59:22.110: W/UdcContextManagerHelper(8795): Empty context buffer. Thus might mean that the context is not synced down.
10-16 19:59:22.111: W/UploadOptInStatusOp(8795): Empty context model while retrieving upload opt-in status!
10-16 19:59:22.131: I/WVCdm(1409): CdmEngine::CloseSession
10-16 19:59:22.153: W/ActivityManager(1698): Unbind failed: could not find connection for android.os.BinderProxy@e65589d
10-16 19:59:22.166: I/Finsky(9085): [1] com.google.android.vending.verifier.VerifyInstalledPackagesReceiver.onReceive(42): Verify installed apps requested
10-16 19:59:22.168: I/Finsky(9085): [607] com.google.android.vending.verifier.ac.a(103): Verifying installed packages
10-16 19:59:22.171: I/WearableService(8795): Wearable Services not starting - Wear is not available on this device.
10-16 19:59:22.201: D/WearableService(8795): onGetService - Wear is not available on this device.
10-16 19:59:22.201: E/Finsky(9085): [1] com.google.android.finsky.wear.bo.a(838): onConnectionFailed: ConnectionResult{statusCode=API_UNAVAILABLE, resolution=null, message=null}
10-16 19:59:22.202: I/Finsky(9085): [1] com.google.android.finsky.wear.WearSupportService.a(6396): Dropping command=hygiene due to Gms not connected
10-16 19:59:22.212: W/Conscrypt(8739): Could not set socket write timeout:
10-16 19:59:22.212: W/Conscrypt(8739):    java.lang.reflect.Method.invoke(Native Method)
10-16 19:59:22.212: W/Conscrypt(8739):    com.google.android.gms.org.conscrypt.Platform.setSocketWriteTimeout(:com.google.android.gms@11519470:13)
10-16 19:59:22.221: I/Finsky(9085): [617] com.google.android.finsky.receivers.FlushLogsReceiver$FlushLogsService.onHandleIntent(163): Flushing event logs for [KZkGehx9x4vkdiKC9ytVqouUv0g]
10-16 19:59:22.222: I/PlayCommon(9085): [603] com.google.android.play.a.l.e(787): Preparing logs for uploading
10-16 19:59:22.225: E/ctxmgr(8795): [NetworkUtil]No active synchronizable contexts.
10-16 19:59:22.309: I/PlayCommon(9085): [603] com.google.android.play.a.l.a(927): Connecting to server: https://play.googleapis.com/play/log?format=raw&proto_v2=true
10-16 19:59:22.334: I/PlayCommon(9085): [618] com.google.android.play.a.l.e(787): Preparing logs for uploading
10-16 19:59:22.335: W/PlayCommon(9085): [618] com.google.android.play.a.l.a(1128): No account for auth token provided
10-16 19:59:22.335: I/PlayCommon(9085): [618] com.google.android.play.a.l.a(927): Connecting to server: https://play.googleapis.com/play/log?format=raw&proto_v2=true
10-16 19:59:22.400: I/Finsky(9085): [1] com.google.android.vending.verifier.ac.b(136): Done verifying installed packages
10-16 19:59:22.402: I/GoogleURLConnFactory(8795): Using platform SSLCertificateSocketFactory
10-16 19:59:22.454: I/Icing(8739): IndexChimeraService.getServiceInterface callingPackage=com.google.android.videos componentName=null serviceId=36
10-16 19:59:22.471: W/Auth(8795): [GetToken] GetToken failed with status code: INVALID_SCOPE
10-16 19:59:22.471: W/AuthSessionAuthenticato(8795): Auth related exception is being ignored: INVALID_SCOPE
10-16 19:59:22.537: W/GLSUser(8795): [DeviceKeyStore] Cannot load key: Device key file not found.
10-16 19:59:22.537: W/GLSUser(8795): [DeviceKeyStore] Cannot load key: Device key file not found.
10-16 19:59:22.547: E/ctxmgr(8795): [BaseServerTask]Server task (FetchAclSet) got error statusCode=-1.
10-16 19:59:22.547: E/ctxmgr(8795): com.android.volley.VolleyError: Unable to obtain auth token - is the device online?
10-16 19:59:22.547: E/ctxmgr(8795): 	at ciz.a(:com.google.android.gms@11519470:39)
10-16 19:59:22.547: E/ctxmgr(8795): 	at cei.run(:com.google.android.gms@11519470:2)
10-16 19:59:22.547: E/ctxmgr(8795): 	at ceg.handleMessage(:com.google.android.gms@11519470:3)
10-16 19:59:22.547: E/ctxmgr(8795): 	at mme.run(:com.google.android.gms@11519470:6)
10-16 19:59:22.547: E/ctxmgr(8795): 	at mmo.run(:com.google.android.gms@11519470:25)
10-16 19:59:22.547: E/ctxmgr(8795): 	at java.util.concurrent.ThreadPoolExecutor.runWorker(ThreadPoolExecutor.java:1133)
10-16 19:59:22.547: E/ctxmgr(8795): 	at java.util.concurrent.ThreadPoolExecutor$Worker.run(ThreadPoolExecutor.java:607)
10-16 19:59:22.547: E/ctxmgr(8795): 	at mrv.run(:com.google.android.gms@11519470)
10-16 19:59:22.547: E/ctxmgr(8795): 	at java.lang.Thread.run(Thread.java:761)
10-16 19:59:22.590: D/Babel(7817): RefCountedService(com.google.android.apps.hangouts.requestwriter.RequestWriter) onDestroy (count=0, startId=1 stopped=true)
10-16 19:59:22.598: E/ctxmgr(8795): [AccountAclCallback]Failed Acl fetch: network status=-1
10-16 19:59:22.647: I/Icing(8739): Internal init done: storage state 0
10-16 19:59:22.709: E/MS_RegisterService(8739): Exception during register request.
10-16 19:59:22.709: E/MS_RegisterService(8739): bafm: INVALID_ARGUMENT: Application credential header not valid. Please fix the client to pass a valid application credential header.
10-16 19:59:22.709: E/MS_RegisterService(8739): 	at bafi.c(:com.google.android.gms@11519470:3)
10-16 19:59:22.709: E/MS_RegisterService(8739): 	at mgv.a(:com.google.android.gms@11519470:66)
10-16 19:59:22.709: E/MS_RegisterService(8739): 	at com.google.android.libraries.matchstick.net.SilentRegisterIntentOperation.a(:com.google.android.gms@11519470:226)
10-16 19:59:22.709: E/MS_RegisterService(8739): 	at com.google.android.libraries.matchstick.net.SilentRegisterIntentOperation.onHandleIntent(:com.google.android.gms@11519470:291)
10-16 19:59:22.709: E/MS_RegisterService(8739): 	at com.google.android.chimera.IntentOperation.onHandleIntent(:com.google.android.gms@11519470:2)
10-16 19:59:22.709: E/MS_RegisterService(8739): 	at bwh.run(:com.google.android.gms@11519470:10)
10-16 19:59:22.709: E/MS_RegisterService(8739): 	at bwe.run(:com.google.android.gms@11519470:14)
10-16 19:59:22.709: E/MS_RegisterService(8739): 	at java.util.concurrent.ThreadPoolExecutor.runWorker(ThreadPoolExecutor.java:1133)
10-16 19:59:22.709: E/MS_RegisterService(8739): 	at java.util.concurrent.ThreadPoolExecutor$Worker.run(ThreadPoolExecutor.java:607)
10-16 19:59:22.709: E/MS_RegisterService(8739): 	at java.lang.Thread.run(Thread.java:761)
10-16 19:59:22.709: I/art(1698): Background partial concurrent mark sweep GC freed 53960(2MB) AllocSpace objects, 3(400KB) LOS objects, 33% free, 15MB/22MB, paused 787us total 133.380ms
10-16 19:59:22.738: I/PlayCommon(9085): [603] com.google.android.play.a.l.a(1002): Successfully uploaded logs.
10-16 19:59:22.739: I/PlayCommon(9085): [603] com.google.android.play.a.l.e(787): Preparing logs for uploading
10-16 19:59:22.739: I/PlayCommon(9085): [603] com.google.android.play.a.l.e(789): No file ready to send
10-16 19:59:22.793: I/PlayCommon(9085): [618] com.google.android.play.a.l.a(1002): Successfully uploaded logs.
10-16 19:59:22.793: I/PlayCommon(9085): [618] com.google.android.play.a.l.e(787): Preparing logs for uploading
10-16 19:59:22.793: I/PlayCommon(9085): [618] com.google.android.play.a.l.e(789): No file ready to send
10-16 19:59:22.807: I/ActivityManager(1698): Killing 7964:com.android.musicfx/u0a23 (adj 906): empty #17
10-16 19:59:22.927: D/ActivityManager(1698): cleanUpApplicationRecord -- 7964
10-16 19:59:22.929: I/Icing(8739): 11 corpora need re-polling
10-16 19:59:22.995: I/Remoter(1394): Saved screenshot to '/data/screenshots/__pmv__-0092.jpg'
10-16 19:59:23.084: I/art(8739): Background partial concurrent mark sweep GC freed 146947(7MB) AllocSpace objects, 44(2MB) LOS objects, 40% free, 7MB/13MB, paused 5.029ms total 251.652ms
10-16 19:59:23.155: I/Icing(8739): Post-init done
10-16 19:59:23.156: I/Icing(8739): Not indexing corpus from package com.google.android.gm as it has never connected
10-16 19:59:23.156: E/Icing(8739): Aborting indexing of corpus messages/com.google/VS2WQVCOVYYT3Y3JQZUPAOQ2II-01%40cloudtestlabaccounts.com
10-16 19:59:23.641: I/ActivityManager(1698): Killing 8057:com.google.android.partnersetup/u0a21 (adj 906): empty #17
10-16 19:59:23.651: E/Icing(8739): Failed to update per-doc-data with usage report
10-16 19:59:23.651: I/Icing(8739): App usage reports: 1
10-16 19:59:23.659: I/Icing(8739): Usage reports 1 indexed 0 rejected 0 imm upload false
10-16 19:59:23.689: I/Icing(8739): Indexing 5FCAEE6439BC0A89825D09234A1B8940FCEE4892 from com.google.android.gms
10-16 19:59:23.694: I/Icing(8739): IndexChimeraService.getServiceInterface callingPackage=com.google.android.videos componentName=null serviceId=36
10-16 19:59:23.717: D/ActivityManager(1698): cleanUpApplicationRecord -- 8057
10-16 19:59:23.758: I/Icing(8739): Indexing done 5FCAEE6439BC0A89825D09234A1B8940FCEE4892
10-16 19:59:23.761: I/Icing(8739): Indexing DCEAA18E558319C85E9C6151DAEE8B9BF255171A from com.google.android.videos
10-16 19:59:23.839: I/Icing(8739): Indexing done DCEAA18E558319C85E9C6151DAEE8B9BF255171A
10-16 19:59:23.839: I/Icing(8739): Indexing 1B7594F4EE77AE382612EE5F93BE44937B96AFA2 from com.google.android.videos
10-16 19:59:23.899: W/System(8739): Ignoring header Cookie because its value was null.
10-16 19:59:23.899: I/ProcessCheckinRequest(8739): set cookie as: null
10-16 19:59:23.920: I/Icing(8739): Indexing done 1B7594F4EE77AE382612EE5F93BE44937B96AFA2
10-16 19:59:23.933: W/Conscrypt(8739): Could not set socket write timeout:
10-16 19:59:23.933: W/Conscrypt(8739):    java.lang.reflect.Method.invoke(Native Method)
10-16 19:59:23.933: W/Conscrypt(8739):    com.google.android.gms.org.conscrypt.Platform.setSocketWriteTimeout(:com.google.android.gms@11519470:13)
10-16 19:59:23.933: I/Icing(8739): Indexing 241B09F6E3C69FD9792618117EAD9E8F2E42DB55 from com.google.android.gms
10-16 19:59:23.944: I/Auth(8795): [ReflectiveChannelBinder] Successfully bound channel!
10-16 19:59:23.946: W/Conscrypt(8739): Could not set socket write timeout:
10-16 19:59:23.946: W/Conscrypt(8739):    java.lang.reflect.Method.invoke(Native Method)
10-16 19:59:23.946: W/Conscrypt(8739):    com.google.android.gms.org.conscrypt.Platform.setSocketWriteTimeout(:com.google.android.gms@11519470:13)
10-16 19:59:24.073: W/Conscrypt(8795): Could not set socket write timeout:
10-16 19:59:24.073: W/Conscrypt(8795):    java.lang.reflect.Method.invoke(Native Method)
10-16 19:59:24.073: W/Conscrypt(8795):    com.google.android.gms.org.conscrypt.Platform.setSocketWriteTimeout(:com.google.android.gms@11519470:13)
10-16 19:59:24.076: I/Remoter(1394): Saved screenshot to '/data/screenshots/__pmv__-0093.jpg'
10-16 19:59:24.083: W/art(1698): Long monitor contention with owner PackageInstaller (1724) at void java.lang.System.arraycopyByteUnchecked!(byte[], int, byte[], int, int)(System.java:-2) waiters=0 in android.content.pm.PackageInstaller$SessionInfo com.android.server.pm.PackageInstallerSession.generateInfo() for 1.816s
10-16 19:59:24.092: W/Conscrypt(8795): Could not set socket write timeout:
10-16 19:59:24.092: W/Conscrypt(8795):    java.lang.reflect.Method.invoke(Native Method)
10-16 19:59:24.092: W/Conscrypt(8795):    com.google.android.gms.org.conscrypt.Platform.setSocketWriteTimeout(:com.google.android.gms@11519470:13)
10-16 19:59:24.094: I/ActivityManager(1698): Start proc 9553:com.android.defcontainer/u0a8 for service com.android.defcontainer/.DefaultContainerService
10-16 19:59:24.115: D/DownloadManager(8020): [37] Finished with status SUCCESS
10-16 19:59:24.131: I/ProcessCheckinRequest(8739): REQUEST: c: "020000000000"
10-16 19:59:24.131: I/ProcessCheckinRequest(8739): d: "wifi"
10-16 19:59:24.131: I/ProcessCheckinRequest(8739): g: 3719650476184577826
10-16 19:59:24.131: I/ProcessCheckinRequest(8739): h: 451322181306790630
10-16 19:59:24.131: I/ProcessCheckinRequest(8739): i: "1-946881c0d0ee8e44b9cf1f0d130cfa795f118afc"
10-16 19:59:24.131: I/ProcessCheckinRequest(8739): j: "es"
10-16 19:59:24.131: I/ProcessCheckinRequest(8739): k <
10-16 19:59:24.131: I/ProcessCheckinRequest(8739):   a <
10-16 19:59:24.131: I/ProcessCheckinRequest(8739):     a: "generic/gce_x86_phone/gce_x86:7.1.1/NMF26V.NZG52/3751176:userdebug/test-keys"
10-16 19:59:24.131: I/ProcessCheckinRequest(8739):     c: "unknown"
10-16 19:59:24.131: I/ProcessCheckinRequest(8739):     d: "gce_x86"
10-16 19:59:24.131: I/ProcessCheckinRequest(8739):     e: "generic"
10-16 19:59:24.131: I/ProcessCheckinRequest(8739):     f: "unknown"
10-16 19:59:24.131: I/ProcessCheckinRequest(8739):     g: 1487675698
10-16 19:59:24.131: I/ProcessCheckinRequest(8739):     h: 11519470
10-16 19:59:24.131: I/ProcessCheckinRequest(8739):     i: 25
10-16 19:59:24.131: I/ProcessCheckinRequest(8739):     j: "gce_x86"
10-16 19:59:24.131: I/ProcessCheckinRequest(8739):     k: "GCE x86 phone"
10-16 19:59:24.131: I/ProcessCheckinRequest(8739):     l: "unknown"
10-16 19:59:24.131: I/ProcessCheckinRequest(8739):     m: "gce_x86_phone"
10-16 19:59:24.131: I/ProcessCheckinRequest(8739):     n: false
10-16 19:59:24.131: I/ProcessCheckinRequest(8739):     o <
10-16 19:59:24.131: I/ProcessCheckinRequest(8739):       a: 2
10-16 19:59:24.131: I/ProcessCheckinRequest(8739):       b: "tablet-unknown"
10-16 19:59:24.131: I/ProcessCheckinRequest(8739):     >
10-16 19:59:24.131: I/ProcessCheckinRequest(8739):     o <
10-16 19:59:24.131: I/ProcessCheckinRequest(8739):       a: 1
10-16 19:59:24.131: I/ProcessCheckinRequest(8739):       b: "unknown"
10-16 19:59:24.131: I/ProcessCheckinRequest(8739):     >
10-16 19:59:24.131: I/ProcessCheckinRequest(8739):     o <
10-16 19:59:24.131: I/ProcessCheckinRequest(8739):       a: 4
10-16 19:59:24.131: I/ProcessCheckinRequest(8739):       b: "gmm-unknown"
10-16 19:59:24.131: I/ProcessCheckinRequest(8739):     >
10-16 19:59:24.131: I/ProcessCheckinRequest(8739):     o <
10-16 19:59:24.131: I/ProcessCheckinRequest(8739):       a: 5
10-16 19:59:24.131: I/ProcessCheckinRequest(8739):       b: "mvapp-unknown"
10-16 19:59:24.131: I/ProcessCheckinRequest(8739):     >
10-16 19:59:24.131: I/ProcessCheckinRequest(8739):     o <
10-16 19:59:24.131: I/ProcessCheckinRequest(8739):       a: 6
10-16 19:59:24.131: I/ProcessCheckinRequest(8739):       b: "am-unknown"
10-16 19:59:24.131: I/ProcessCheckinRequest(8739):     >
10-16 19:59:24.131: I/ProcessCheckinRequest(8739):     o <
10-16 19:59:24.131: I/ProcessCheckinRequest(8739):       a: 9
10-16 19:59:24.131: I/ProcessCheckinRequest(8739):       b: "tablet-unknown"
10-16 19:59:24.131: I/ProcessCheckinRequest(8739):     >
10-16 19:59:24.131: I/ProcessCheckinRequest(8739):     q: "2017-01-05"
10-16 19:59:24.131: I/ProcessCheckinRequest(8739):   >
10-16 19:59:24.131: I/ProcessCheckinRequest(8739):   b: 1508031670029
10-16 19:59:24.131: I/ProcessCheckinRequest(8739):   e: "310260"
10-16 19:59:24.131: I/ProcessCheckinRequest(8739):   f: "310260"
10-16 19:59:24.131: I/ProcessCheckinRequest(8739):   g: "MOBILE:LTE:"
10-16 19:59:24.131: I/ProcessCheckinRequest(8739):   h: true
10-16 19:59:24.131: I/ProcessCheckinRequest(8739):   i: 0
10-16 19:59:24.131: I/ProcessCheckinRequest(8739):   j: 1
10-16 19:59:24.131: I/ProcessCheckinRequest(8739):   k <
10-16 19:59:24.131: I/ProcessCheckinRequest(8739):     a: 4
10-16 19:59:24.131: I/ProcessCheckinRequest(8739):     b: 1
10-16 19:59:24.131: I/ProcessCheckinRequest(8739):     c: "unspecified"
10-16 19:59:24.131: I/ProcessCheckinRequest(8739):     d: ""
10-16 19:59:24.131: I/ProcessCheckinRequest(8739):     e: false
10-16 19:59:24.131: I/ProcessCheckinRequest(8739):   >
10-16 19:59:24.131: I/ProcessCheckinRequest(8739):   l <
10-16 19:59:24.131: I/ProcessCheckinRequest(8739):     a: "310260"
10-16 19:59:24.131: I/ProcessCheckinRequest(8739):     b: "Android"
10-16 19:59:24.131: I/ProcessCheckinRequest(8739):     c: "0"
10-16 19:59:24.131: I/ProcessCheckinRequest(8739):     d: 0
10-16 19:59:24.131: I/ProcessCheckinRequest(8739):     d: 1
10-16 19:59:24.131: I/ProcessCheckinRequest(8739):     d: 2
10-16 19:59:24.131: I/ProcessCheckinRequest(8739):     e: "310260123400000"
10-16 19:59:24.131: I/ProcessCheckinRequest(8739):     g: "\244\240"
10-16 19:59:24.131: I/ProcessCheckinRequest(8739):   >
10-16 19:59:24.131: I/ProcessCheckinRequest(8739): >
10-16 19:59:24.131: I/ProcessCheckinRequest(8739): l: "[VS2WQVCOVYYT3Y3JQZUPAOQ2II-01@cloudtestlabaccounts.com]"
10-16 19:59:24.131: I/ProcessCheckinRequest(8739): m: "America/New_York"
10-16 19:59:24.131: I/ProcessCheckinRequest(8739): n: 2244396717048110102
10-16 19:59:24.131: I/ProcessCheckinRequest(8739): o: 3
10-16 19:59:24.131: I/ProcessCheckinRequest(8739): p: "71Q6Rn2DDZl1zPDVaaeEHItd+Yg="
10-16 19:59:24.131: I/ProcessCheckinRequest(8739): q <
10-16 19:59:24.131: I/ProcessCheckinRequest(8739):   a: 3
10-16 19:59:24.131: I/ProcessCheckinRequest(8739):   b: 2
10-16 19:59:24.131: I/ProcessCheckinRequest(8739):   c: 1
10-16 19:59:24.131: I/ProcessCheckinRequest(8739):   d: 4
10-16 19:59:24.131: I/ProcessCheckinRequest(8739):   e: true
10-16 19:59:24.131: I/ProcessCheckinRequest(8739):   f: false
10-16 19:59:24.131: I/ProcessCheckinRequest(8739):   g: 320
10-16 19:59:24.131: I/ProcessCheckinRequest(8739):   h: 1536
10-16 19:59:24.131: I/ProcessCheckinRequest(8739):   i: 1952
10-16 19:59:24.131: I/ProcessCheckinRequest(8739):   j: 131072
10-16 19:59:24.131: I/ProcessCheckinRequest(8739):   k: "android.ext.services"
10-16 19:59:24.131: I/ProcessCheckinRequest(8739):   k: "android.ext.shared"
10-16 19:59:24.131: I/ProcessCheckinRequest(8739):   k: "android.test.runner"
10-16 19:59:24.131: I/ProcessCheckinRequest(8739):   k: "com.android.future.usb.accessory"
10-16 19:59:24.131: I/ProcessCheckinRequest(8739):   k: "com.android.location.provider"
10-16 19:59:24.131: I/ProcessCheckinRequest(8739):   k: "com.android.media.remotedisplay"
10-16 19:59:24.131: I/ProcessCheckinRequest(8739):   k: "com.android.mediadrm.signer"
10-16 19:59:24.131: I/ProcessCheckinRequest(8739):   k: "com.google.android.camera2"
10-16 19:59:24.131: I/ProcessCheckinRequest(8739):   k: "com.google.android.dialer.support"
10-16 19:59:24.131: I/ProcessCheckinRequest(8739):   k: "com.google.android.gms"
10-16 19:59:24.131: I/ProcessCheckinRequest(8739):   k: "com.google.android.maps"
10-16 19:59:24.131: I/ProcessCheckinRequest(8739):   k: "com.google.android.media.effects"
10-16 19:59:24.131: I/ProcessCheckinRequest(8739):   k: "javax.obex"
10-16 19:59:24.131: I/ProcessCheckinRequest(8739):   k: "org.apache.http.legacy"
10-16 19:59:24.131: I/ProcessCheckinRequest(8739):   l: "android.hardware.audio.low_latency"
10-16 19:59:24.131: I/ProcessCheckinRequest(8739):   l: "android.hardware.audio.output"
10-16 19:59:24.131: I/ProcessCheckinRequest(8739):   l: "android.hardware.bluetooth"
10-16 19:59:24.131: I/ProcessCheckinRequest(8739):   l: "android.hardware.bluetooth_le"
10-16 19:59:24.131: I/ProcessCheckinRequest(8739):   l: "android.hardware.camera"
10-16 19:59:24.131: I/ProcessCheckinRequest(8739):   l: "android.hardware.camera.any"
10-16 19:59:24.131: I/ProcessCheckinRequest(8739):   l: "android.hardware.camera.autofocus"
10-16 19:59:24.131: I/ProcessCheckinRequest(8739):   l: "android.hardware.camera.flash"
10-16 19:59:24.131: I/ProcessCheckinRequest(8739):   l: "android.hardware.camera.front"
10-16 19:59:24.131: I/ProcessCheckinRequest(8739):   l: "android.hardware.ethernet"
10-16 19:59:24.131: I/ProcessCheckinRequest(8739):   l: "android.hardware.faketouch"
10-16 19:59:24.131: I/ProcessCheckinRequest(8739):   l: "android.hardware.location"
10-16 19:59:24.131: I/ProcessCheckinRequest(8739):   l: "android.hardware.location.gps"
10-16 19:59:24.131: I/ProcessCheckinRequest(8739):   l: "android.hardware.location.network"
10-16 19:59:24.131: I/ProcessCheckinRequest(8739):   l: "android.hardware.microphone"
10-16 19:59:24.131: I/ProcessCheckinRequest(8739):   l: "android.hardware.screen.landscape"
10-16 19:59:24.131: I/ProcessCheckinRequest(8739):   l: "android.hardware.screen.portrait"
10-16 19:59:24.131: I/ProcessCheckinRequest(8739):   l: "android.hardware.sensor.accelerometer"
10-16 19:59:24.131: I/ProcessCheckinRequest(8739):   l: "android.hardware.sensor.barometer"
10-16 19:59:24.131: I/ProcessCheckinRequest(8739):   l: "android.hardware.sensor.compass"
10-16 19:59:24.131: I/ProcessCheckinRequest(8739):   l: "android.hardware.sensor.light"
10-16 19:59:24.131: I/ProcessCheckinRequest(8739):   l: "android.hardware.sensor.proximity"
10-16 19:59:24.131: I/ProcessCheckinRequest(8739):   l: "android.hardware.telephony"
10-16 19:59:24.131: I/ProcessCheckinRequest(8739):   l: "android.hardware.telephony.gsm"
10-16 19:59:24.131: I/ProcessCheckinRequest(8739):   l: "android.hardware.touchscreen"
10-16 19:59:24.131: I/ProcessCheckinRequest(8739):   l: "android.hardware.usb.accessory"
10-16 19:59:24.131: I/ProcessCheckinRequest(8739):   l: "android.hardware.wifi"
10-16 19:59:24.131: I/ProcessCheckinRequest(8739):   l: "android.software.app_widgets"
10-16 19:59:24.131: I/ProcessCheckinRequest(8739):   l: "android.software.backup"
10-16 19:59:24.131: I/ProcessCheckinRequest(8739):   l: "android.software.connectionservice"
10-16 19:59:24.131: I/ProcessCheckinRequest(8739):   l: "android.software.device_admin"
10-16 19:59:24.131: I/ProcessCheckinRequest(8739):   l: "android.software.home_screen"
10-16 19:59:24.131: I/ProcessCheckinRequest(8739):   l: "android.software.input_methods"
10-16 19:59:24.131: I/ProcessCheckinRequest(8739):   l: "android.software.live_wallpaper"
10-16 19:59:24.131: I/ProcessCheckinRequest(8739):   l: "android.software.managed_users"
10-16 19:59:24.131: I/ProcessCheckinRequest(8739):   l: "android.software.print"
10-16 19:59:24.131: I/ProcessCheckinRequest(8739):   l: "android.software.voice_recognizers"
10-16 19:59:24.131: I/ProcessCheckinRequest(8739):   l: "android.software.webview"
10-16 19:59:24.131: I/ProcessCheckinRequest(8739):   l: "com.google.android.feature.EXCHANGE_6_2"
10-16 19:59:24.131: I/ProcessCheckinRequest(8739):   l: "com.google.android.feature.GOOGLE_BUILD"
10-16 19:59:24.131: I/ProcessCheckinRequest(8739):   l: "com.google.android.feature.GOOGLE_EXPERIENCE"
10-16 19:59:24.131: I/ProcessCheckinRequest(8739):   m <
10-16 19:59:24.131: I/ProcessCheckinRequest(8739):     a: "android.hardware.audio.low_latency"
10-16 19:59:24.131: I/ProcessCheckinRequest(8739):     b: 0
10-16 19:59:24.131: I/ProcessCheckinRequest(8739):   >
10-16 19:59:24.131: I/ProcessCheckinRequest(8739):   m <
10-16 19:59:24.131: I/ProcessCheckinRequest(8739):     a: "android.hardware.audio.output"
10-16 19:59:24.131: I/ProcessCheckinRequest(8739):     b: 0
10-16 19:59:24.131: I/ProcessCheckinRequest(8739):   >
10-16 19:59:24.131: I/ProcessCheckinRequest(8739):   m <
10-16 19:59:24.131: I/ProcessCheckinRequest(8739):     a: "android.hardware.bluetooth"
10-16 19:59:24.131: I/ProcessCheckinRequest(8739):     b: 0
10-16 19:59:24.131: I/ProcessCheckinRequest(8739):   >
10-16 19:59:24.131: I/ProcessCheckinRequest(8739):   m <
10-16 19:59:24.131: I/ProcessCheckinRequest(8739):     a: "android.hardware.bluetooth_le"
10-16 19:59:24.131: I/ProcessCheckinRequest(8739):     b: 0
10-16 19:59:24.131: I/ProcessCheckinRequest(8739):   >
10-16 19:59:24.131: I/ProcessCheckinRequest(8739):   m <
10-16 19:59:24.131: I/ProcessCheckinRequest(8739):     a: "android.hardware.camera"
10-16 19:59:24.131: I/ProcessCheckinRequest(8739):     b: 0
10-16 19:59:24.131: I/ProcessCheckinRequest(8739):   >
10-16 19:59:24.131: I/ProcessCheckinRequest(8739):   m <
10-16 19:59:24.131: I/ProcessCheckinRequest(8739):     a: "android.hardware.camera.any"
10-16 19:59:24.131: I/ProcessCheckinRequest(8739):     b: 0
10-16 19:59:24.131: I/ProcessCheckinRequest(8739):   >
10-16 19:59:24.131: I/ProcessCheckinRequest(8739):   m <
10-16 19:59:24.131: I/ProcessCheckinRequest(8739):     a: "android.hardware.camera.autofocus"
10-16 19:59:24.131: I/ProcessCheckinRequest(8739):     b: 0
10-16 19:59:24.131: I/ProcessCheckinRequest(8739):   >
10-16 19:59:24.131: I/ProcessCheckinRequest(8739):   m <
10-16 19:59:24.131: I/ProcessCheckinRequest(8739):     a: "android.hardware.camera.flash"
10-16 19:59:24.131: I/ProcessCheckinRequest(8739):     b: 0
10-16 19:59:24.131: I/ProcessCheckinRequest(8739):   >
10-16 19:59:24.131: I/ProcessCheckinRequest(8739):   m <
10-16 19:59:24.131: I/ProcessCheckinRequest(8739):     a: "android.hardware.camera.front"
10-16 19:59:24.131: I/ProcessCheckinRequest(8739):     b: 0
10-16 19:59:24.131: I/ProcessCheckinRequest(8739):   >
10-16 19:59:24.131: I/ProcessCheckinRequest(8739):   m <
10-16 19:59:24.131: I/ProcessCheckinRequest(8739):     a: "android.hardware.ethernet"
10-16 19:59:24.131: I/ProcessCheckinRequest(8739):     b: 0
10-16 19:59:24.131: I/ProcessCheckinRequest(8739):   >
10-16 19:59:24.131: I/ProcessCheckinRequest(8739):   m <
10-16 19:59:24.131: I/ProcessCheckinRequest(8739):     a: "android.hardware.faketouch"
10-16 19:59:24.131: I/ProcessCheckinRequest(8739):     b: 0
10-16 19:59:24.131: I/ProcessCheckinRequest(8739):   >
10-16 19:59:24.131: I/ProcessCheckinRequest(8739):   m <
10-16 19:59:24.131: I/ProcessCheckinRequest(8739):     a: "android.hardware.location"
10-16 19:59:24.131: I/ProcessCheckinRequest(8739):     b: 0
10-16 19:59:24.131: I/ProcessCheckinRequest(8739):   >
10-16 19:59:24.131: I/ProcessCheckinRequest(8739):   m <
10-16 19:59:24.131: I/ProcessCheckinRequest(8739):     a: "android.hardware.location.gps"
10-16 19:59:24.131: I/ProcessCheckinRequest(8739):     b: 0
10-16 19:59:24.131: I/ProcessCheckinRequest(8739):   >
10-16 19:59:24.131: I/ProcessCheckinRequest(8739):   m <
10-16 19:59:24.131: I/ProcessCheckinRequest(8739):     a: "a
10-16 19:59:24.136: I/Finsky(9085): [1] com.google.android.finsky.download.DownloadBroadcastReceiver.a(46): Intent received at DownloadBroadcastReceiver
10-16 19:59:24.139: I/Finsky(9085): [1] com.google.android.finsky.download.x.b(413): com.android.vending: onProgress 17661732/17661732 Status: 200.
10-16 19:59:24.203: W/Auth(8795): [GetToken] GetToken failed with status code: INVALID_SCOPE
10-16 19:59:24.204: E/HeterodyneSyncer(8795): Failed to get auth token: INVALID_SCOPE
10-16 19:59:24.204: E/HeterodyneSyncer(8795): dzf: INVALID_SCOPE
10-16 19:59:24.204: E/HeterodyneSyncer(8795): 	at dzj.a(:com.google.android.gms@11519470:16)
10-16 19:59:24.204: E/HeterodyneSyncer(8795): 	at dzi.a(:com.google.android.gms@11519470:2)
10-16 19:59:24.204: E/HeterodyneSyncer(8795): 	at dzi.e(:com.google.android.gms@11519470:6)
10-16 19:59:24.204: E/HeterodyneSyncer(8795): 	at dzg.f(:com.google.android.gms@11519470:3)
10-16 19:59:24.204: E/HeterodyneSyncer(8795): 	at dzg.a(:com.google.android.gms@11519470:4)
10-16 19:59:24.204: E/HeterodyneSyncer(8795): 	at dzg.a(:com.google.android.gms@11519470:7)
10-16 19:59:24.204: E/HeterodyneSyncer(8795): 	at aazh.a(:com.google.android.gms@11519470:30)
10-16 19:59:24.204: E/HeterodyneSyncer(8795): 	at aazj.a(:com.google.android.gms@11519470:26)
10-16 19:59:24.204: E/HeterodyneSyncer(8795): 	at aazj.a(:com.google.android.gms@11519470:158)
10-16 19:59:24.204: E/HeterodyneSyncer(8795): 	at aazj.a(:com.google.android.gms@11519470:282)
10-16 19:59:24.204: E/HeterodyneSyncer(8795): 	at com.google.android.gms.phenotype.sync.HeterodyneSyncTaskChimeraService.a(:com.google.android.gms@11519470:40)
10-16 19:59:24.204: E/HeterodyneSyncer(8795): 	at com.google.android.gms.phenotype.sync.HeterodyneSyncTaskChimeraService.a(:com.google.android.gms@11519470:19)
10-16 19:59:24.204: E/HeterodyneSyncer(8795): 	at ssv.run(:com.google.android.gms@11519470:1)
10-16 19:59:24.204: E/HeterodyneSyncer(8795): 	at java.util.concurrent.ThreadPoolExecutor.runWorker(ThreadPoolExecutor.java:1133)
10-16 19:59:24.204: E/HeterodyneSyncer(8795): 	at java.util.concurrent.ThreadPoolExecutor$Worker.run(ThreadPoolExecutor.java:607)
10-16 19:59:24.204: E/HeterodyneSyncer(8795): 	at java.lang.Thread.run(Thread.java:761)
10-16 19:59:24.205: I/Finsky(9085): [1] com.google.android.vending.verifier.PackageVerificationReceiver.onReceive(2107): Skipping verification. Disabled by user setting
10-16 19:59:24.206: I/Finsky(9085): [1] com.google.android.finsky.download.e.a(266): com.android.vending from 2 to 3.
10-16 19:59:24.206: I/Finsky(9085): [1] com.google.android.finsky.download.x.b(612): com.android.vending: onComplete
10-16 19:59:24.206: I/Finsky(9085): [1] com.google.android.finsky.download.x.i(343): Download com.android.vending removed from DownloadQueue
10-16 19:59:24.209: I/Finsky(9085): [1] com.google.android.finsky.selfupdate.a.b.a(4220): Self-update ready to be installed, waiting for market to close.
10-16 19:59:24.210: W/PackageParser(1698): Ignoring duplicate uses-permissions/uses-permissions-sdk-m: android.permission.WRITE_EXTERNAL_STORAGE in package: com.habitrpg.android.habitica at: Binary XML file line #20
10-16 19:59:24.210: W/PackageParser(1698): Unknown element under <manifest>: meta-data at /data/app/vmdl1881806390.tmp/base.apk Binary XML file line #22
10-16 19:59:24.221: I/PackageManager.DexOptimizer(1698): Running dexopt (dex2oat) on: /data/app/vmdl1881806390.tmp/base.apk pkg=com.habitrpg.android.habitica isa=x86 vmSafeMode=false debuggable=false target-filter=interpret-only oatDir = /data/app/vmdl1881806390.tmp/oat sharedLibraries=null
10-16 19:59:24.279: W/dex2oat(9568): Mismatch between dex2oat instruction set features (ISA: X86 Feature string: smp,ssse3,sse4.1,sse4.2,-avx,-avx2,lock_add,popcnt) and those of dex2oat executable (ISA: X86 Feature string: smp,ssse3,sse4.1,sse4.2,-avx,-avx2,-lock_add,popcnt) for the command line:
10-16 19:59:24.279: W/dex2oat(9568): /system/bin/dex2oat --zip-fd=6 --zip-location=base.apk --oat-fd=7 --oat-location=/data/app/vmdl1881806390.tmp/oat/x86/base.odex --instruction-set=x86 --instruction-set-variant=silvermont --instruction-set-features=default --runtime-arg -Xms64m --runtime-arg -Xmx512m --compiler-filter=interpret-only --swap-fd=8
10-16 19:59:24.279: I/dex2oat(9568): /system/bin/dex2oat --compiler-filter=interpret-only
10-16 19:59:24.279: E/cutils-trace(9568): Error opening trace file: Permission denied (13)
10-16 19:59:24.334: I/CheckinResponseProcess(8739): From server: 1466 gservices [full]
10-16 19:59:24.382: W/Auth(8795): [GetToken] GetToken failed with status code: INVALID_SCOPE
10-16 19:59:24.592: W/UdcContextManagerHelper(8795): Empty context buffer. Thus might mean that the context is not synced down.
10-16 19:59:24.592: W/UploadOptInStatusOp(8795): Empty context model while retrieving upload opt-in status!
10-16 19:59:24.608: E/ctxmgr(8795): [NetworkUtil]No active synchronizable contexts.
10-16 19:59:24.633: I/ActivityManager(1698): Waited long enough for: ServiceRecord{e3cfe6f u0 com.google.android.googlequicksearchbox/com.google.android.apps.gsa.tasks.VelvetBackgroundTasksIntentService}
10-16 19:59:24.638: I/GservicesProvider(2203): main update completed
10-16 19:59:24.667: I/Telecom(1698): PhoneAccountRegistrar: SimCallManager queried, returning: null: TSI.gSCM@AHY
10-16 19:59:24.668: I/Babel_telephony(7817): TeleModule.updateConnectionManagerRegistration, registration preference changed from false to false
10-16 19:59:24.668: W/Babel(7817): BAM#gBA: invalid account id: -1
10-16 19:59:24.668: W/Babel(7817): BAM#gBA: invalid account id: -1
10-16 19:59:24.668: I/Babel_telephony(7817): TeleModule.updateIncomingCallRegistration, preferred account for incoming calls changed from: null to null
10-16 19:59:24.669: I/ActivityManager(1698): Start proc 9580:com.google.android.configupdater/u0a5 for broadcast com.google.android.configupdater/.CertPin.CertPinUpdateRequestReceiver
10-16 19:59:24.700: I/CheckinRequestBuilder(8739): Checkin reason type: 4 attempt count: 1
10-16 19:59:24.708: W/System(9580): ClassLoader referenced unknown path: /system/priv-app/ConfigUpdater/lib/x86
10-16 19:59:24.730: E/ActivityThread(8739): Failed to find provider info for com.google.android.wearable.settings
10-16 19:59:24.780: W/Auth(8795): [GetToken] GetToken failed with status code: INVALID_SCOPE
10-16 19:59:24.790: W/AuthSessionAuthenticato(8795): Auth related exception is being ignored: INVALID_SCOPE
10-16 19:59:24.794: E/ConfigUpdater(9580): Received malformed URL while handling Gservices.CHANGED_ACTION intent_firewall: null null
10-16 19:59:24.807: E/ConfigUpdater(9580): Received malformed URL while handling Gservices.CHANGED_ACTION apn_db: null null
10-16 19:59:24.815: E/ConfigUpdater(9580): Received malformed URL while handling Gservices.CHANGED_ACTION tzdata: null null
10-16 19:59:24.817: W/GLSUser(8795): [DeviceKeyStore] Cannot load key: Device key file not found.
10-16 19:59:24.825: E/ConfigUpdater(9580): Received malformed URL while handling Gservices.CHANGED_ACTION selinux: null null
10-16 19:59:24.832: W/GLSUser(8795): [DeviceKeyStore] Cannot load key: Device key file not found.
10-16 19:59:24.832: E/ConfigUpdater(9580): Received malformed URL while handling Gservices.CHANGED_ACTION carrier_provisioning_urls: null null
10-16 19:59:24.848: E/ctxmgr(8795): [BaseServerTask]Server task (FetchAclSet) got error statusCode=-1.
10-16 19:59:24.848: E/ctxmgr(8795): com.android.volley.VolleyError: Unable to obtain auth token - is the device online?
10-16 19:59:24.848: E/ctxmgr(8795): 	at ciz.a(:com.google.android.gms@11519470:39)
10-16 19:59:24.848: E/ctxmgr(8795): 	at cei.run(:com.google.android.gms@11519470:2)
10-16 19:59:24.848: E/ctxmgr(8795): 	at ceg.handleMessage(:com.google.android.gms@11519470:3)
10-16 19:59:24.848: E/ctxmgr(8795): 	at mme.run(:com.google.android.gms@11519470:6)
10-16 19:59:24.848: E/ctxmgr(8795): 	at mmo.run(:com.google.android.gms@11519470:25)
10-16 19:59:24.848: E/ctxmgr(8795): 	at java.util.concurrent.ThreadPoolExecutor.runWorker(ThreadPoolExecutor.java:1133)
10-16 19:59:24.848: E/ctxmgr(8795): 	at java.util.concurrent.ThreadPoolExecutor$Worker.run(ThreadPoolExecutor.java:607)
10-16 19:59:24.848: E/ctxmgr(8795): 	at mrv.run(:com.google.android.gms@11519470)
10-16 19:59:24.848: E/ctxmgr(8795): 	at java.lang.Thread.run(Thread.java:761)
10-16 19:59:24.879: E/ctxmgr(8795): [AccountAclCallback]Failed Acl fetch: network status=-1
10-16 19:59:24.994: W/Auth(8795): [GetToken] GetToken failed with status code: INVALID_SCOPE
10-16 19:59:24.997: E/ChimeraProxyRslvr(8739): Failed to instantiate com.google.android.gms.checkin.CheckinChimeraService$Receiver: java.lang.ClassNotFoundException: Didn't find class "com.google.android.gms.checkin.CheckinChimeraService$Receiver" on path: DexPathList[[zip file "/system/framework/com.android.location.provider.jar", zip file "/system/framework/com.android.media.remotedisplay.jar", zip file "/data/app/com.google.android.gms-2/base.apk"],nativeLibraryDirectories=[/data/app/com.google.android.gms-2/lib/x86, /system/fake-libs, /data/app/com.google.android.gms-2/base.apk!/lib/x86, /system/lib, /vendor/lib]]
10-16 19:59:24.997: E/ChimeraRcvrProxy(8739): com.google.android.gms.checkin.CheckinServiceReceiver dropping broadcast com.google.gservices.intent.action.GSERVICES_CHANGED
10-16 19:59:24.997: E/CheckinRequestBuilder(8739): Unrecoverable authentication exception: INVALID_SCOPE
10-16 19:59:24.997: E/CheckinRequestBuilder(8739): dzf: INVALID_SCOPE
10-16 19:59:24.997: E/CheckinRequestBuilder(8739): 	at dzj.a(:com.google.android.gms@11519470:16)
10-16 19:59:24.997: E/CheckinRequestBuilder(8739): 	at dzi.a(:com.google.android.gms@11519470:2)
10-16 19:59:24.997: E/CheckinRequestBuilder(8739): 	at dzi.e(:com.google.android.gms@11519470:6)
10-16 19:59:24.997: E/CheckinRequestBuilder(8739): 	at dzg.f(:com.google.android.gms@11519470:3)
10-16 19:59:24.997: E/CheckinRequestBuilder(8739): 	at dzg.a(:com.google.android.gms@11519470:4)
10-16 19:59:24.997: E/CheckinRequestBuilder(8739): 	at kbi.a(:com.google.android.gms@11519470:203)
10-16 19:59:24.997: E/CheckinRequestBuilder(8739): 	at kci.a(:com.google.android.gms@11519470:17)
10-16 19:59:24.997: E/CheckinRequestBuilder(8739): 	at kci.a(:com.google.android.gms@11519470:181)
10-16 19:59:24.997: E/CheckinRequestBuilder(8739): 	at com.google.android.gms.checkin.CheckinChimeraService.a(:com.google.android.gms@11519470:148)
10-16 19:59:24.997: E/CheckinRequestBuilder(8739): 	at kbe.run(:com.google.android.gms@11519470:2)
10-16 19:59:24.997: E/CheckinRequestBuilder(8739): 	at mmo.run(:com.google.android.gms@11519470:25)
10-16 19:59:24.997: E/CheckinRequestBuilder(8739): 	at java.util.concurrent.ThreadPoolExecutor.runWorker(ThreadPoolExecutor.java:1133)
10-16 19:59:24.997: E/CheckinRequestBuilder(8739): 	at java.util.concurrent.ThreadPoolExecutor$Worker.run(ThreadPoolExecutor.java:607)
10-16 19:59:24.997: E/CheckinRequestBuilder(8739): 	at mrv.run(:com.google.android.gms@11519470)
10-16 19:59:24.997: E/CheckinRequestBuilder(8739): 	at java.lang.Thread.run(Thread.java:761)
10-16 19:59:25.011: W/art(8739): Suspending all threads took: 9.755ms
