10-16 19:59:02.531: I/GceGrallocRegionRegistry(1401): Mapped gralloc-1401.40 hnd=0xa6a8c940 fd=30 base=0xa4d5d000 format=RGBA_8888(0x1) width=1440 height=2560
10-16 19:59:02.532: I/GceGrallocRegionRegistry(2255): Mapped gralloc-1401.40 hnd=0xa59e4b80 fd=45 base=0x8db6e000 format=RGBA_8888(0x1) width=1440 height=2560
10-16 19:59:02.702: I/Remoter(1395): Saved screenshot to '/data/screenshots/__pmv__-0072.jpg'
10-16 19:59:02.725: I/GceGrallocRegionRegistry(1401): Unmapped gralloc-1401.36 hnd=0xa6a8ca40 fd=13 base=0xa996e000
10-16 19:59:02.725: I/GceGrallocRegionRegistry(1401): Mapped gralloc-1401.41 hnd=0xa6a8c980 fd=13 base=0xa996e000 format=RGBA_8888(0x1) width=1440 height=2560
10-16 19:59:02.725: I/GceGrallocRegionRegistry(2255): Mapped gralloc-1401.41 hnd=0x9e8f4ec0 fd=50 base=0x8b881000 format=RGBA_8888(0x1) width=1440 height=2560
10-16 19:59:02.767: D/ConnectivityService(1697): Returning blocked NetworkInfo to uid=10070
10-16 19:59:02.891: D/AndroidRuntime(10027): >>>>>> START com.android.internal.os.RuntimeInit uid 0 <<<<<<
10-16 19:59:02.893: D/AndroidRuntime(10027): CheckJNI is OFF
10-16 19:59:02.937: D/ICU(10027): No timezone override file found: /data/misc/zoneinfo/current/icu/icu_tzdata.dat
10-16 19:59:03.032: W/ActivityManager(1697): Slow operation: 91ms so far, now at startProcess: returned from zygote!
10-16 19:59:03.032: W/ActivityManager(1697): Slow operation: 91ms so far, now at startProcess: done updating battery stats
10-16 19:59:03.032: W/ActivityManager(1697): Slow operation: 91ms so far, now at startProcess: building log message
10-16 19:59:03.032: I/ActivityManager(1697): Start proc 10050:com.google.android.calendar/u0a39 for broadcast com.google.android.calendar/com.android.calendar.alerts.AlertReceiver
10-16 19:59:03.032: W/ActivityManager(1697): Slow operation: 91ms so far, now at startProcess: starting to update pids map
10-16 19:59:03.032: W/ActivityManager(1697): Slow operation: 91ms so far, now at startProcess: done updating pids map
10-16 19:59:03.032: W/ActivityManager(1697): Slow operation: 91ms so far, now at startProcess: done starting proc!
10-16 19:59:03.060: W/System(10050): ClassLoader referenced unknown path: /system/app/CalendarGooglePrebuilt/lib/x86
10-16 19:59:03.104: W/art(9572): Suspending all threads took: 29.294ms
10-16 19:59:03.210: W/InstanceID/Rpc(10028): Found 10014
10-16 19:59:03.233: W/Conscrypt(2103): Could not set socket write timeout:
10-16 19:59:03.233: W/Conscrypt(2103):    java.lang.reflect.Method.invoke(Native Method)
10-16 19:59:03.233: W/Conscrypt(2103):    com.google.android.gms.org.conscrypt.Platform.setSocketWriteTimeout(:com.google.android.gms@11519470:13)
10-16 19:59:03.233: W/Conscrypt(2103): [ 10-16 19:59:03.245 10027:10027 W/         ]
10-16 19:59:03.233: W/Conscrypt(2103): Failed to bind-mount /system/lib/x86/cpuinfo as /proc/cpuinfo: No such file or directory
10-16 19:59:03.267: E/memtrack(10027): Couldn't load memtrack module (No such file or directory)
10-16 19:59:03.267: E/android.os.Debug(10027): failed to load memtrack module: -2
10-16 19:59:03.350: I/Radio-JNI(10027): register_android_hardware_Radio DONE
10-16 19:59:03.356: D/AndroidRuntime(10027): Calling main entry com.android.commands.settings.SettingsCmd
10-16 19:59:03.363: D/AndroidRuntime(10027): Shutting down VM
10-16 19:59:03.455: W/art(10027): Thread attaching while runtime is shutting down: Binder:10027_2
10-16 19:59:03.455: I/AndroidRuntime(10027): NOTE: attach of thread 'Binder:10027_2' failed
10-16 19:59:03.456: I/art(2255): Background sticky concurrent mark sweep GC freed 17259(1231KB) AllocSpace objects, 21(2MB) LOS objects, 18% free, 15MB/19MB, paused 117us total 186.377ms
10-16 19:59:03.546: W/ActivityManager(1697): Slow operation: 91ms so far, now at startProcess: returned from zygote!
10-16 19:59:03.546: W/ActivityManager(1697): Slow operation: 91ms so far, now at startProcess: done updating battery stats
10-16 19:59:03.546: W/ActivityManager(1697): Slow operation: 91ms so far, now at startProcess: building log message
10-16 19:59:03.546: I/ActivityManager(1697): Start proc 10079:com.android.providers.calendar/u0a2 for content provider com.android.providers.calendar/.CalendarProvider2
10-16 19:59:03.546: W/ActivityManager(1697): Slow operation: 91ms so far, now at startProcess: starting to update pids map
10-16 19:59:03.546: W/ActivityManager(1697): Slow operation: 91ms so far, now at startProcess: done updating pids map
10-16 19:59:03.546: W/ActivityManager(1697): Slow operation: 91ms so far, now at startProcess: done starting proc!
10-16 19:59:03.546: W/ActivityManager(1697): Slow operation: 92ms so far, now at getContentProviderImpl: after start process
10-16 19:59:03.546: W/ActivityManager(1697): Slow operation: 92ms so far, now at getContentProviderImpl: updating data structures
10-16 19:59:03.547: W/ActivityManager(1697): Slow operation: 92ms so far, now at getContentProviderImpl: done!
10-16 19:59:03.652: W/System(10079): ClassLoader referenced unknown path: /system/priv-app/CalendarProvider/lib/x86
10-16 19:59:03.661: W/ActivityManager(1697): Unable to start service Intent { act=com.google.android.gms.playlog.service.START pkg=com.google.android.gms } U=0: not found
10-16 19:59:03.664: W/ActivityManager(1697): Unbind failed: could not find connection for android.os.BinderProxy@a801bfc
10-16 19:59:03.664: E/GmsClient(10050): unable to connect to service: com.google.android.gms.playlog.service.START
10-16 19:59:03.668: E/TimelyPrefService(10050): Primary account is null
10-16 19:59:03.672: I/CalendarProvider2(10079): Created com.android.providers.calendar.CalendarAlarmManager@281d943(com.android.providers.calendar.CalendarProvider2@e4e1bc0)
10-16 19:59:03.683: W/Conscrypt(2103): Could not set socket write timeout:
10-16 19:59:03.683: W/Conscrypt(2103):    java.lang.reflect.Method.invoke(Native Method)
10-16 19:59:03.683: W/Conscrypt(2103):    com.google.android.gms.org.conscrypt.Platform.setSocketWriteTimeout(:com.google.android.gms@11519470:13)
10-16 19:59:03.687: W/AnalyticsLogBase(10050): PlayLogger.onLoggerFailedConnection
10-16 19:59:03.703: I/ActivityManager(1697): Start proc 10106:com.google.android.deskclock/u0a73 for broadcast com.google.android.deskclock/com.android.deskclock.AlarmInitReceiver
10-16 19:59:03.722: I/art(1697): Starting a blocking GC Explicit
10-16 19:59:03.773: W/System(10106): ClassLoader referenced unknown path: /system/app/PrebuiltDeskClockGoogle/lib/x86
10-16 19:59:03.778: I/art(1697): Explicit concurrent mark sweep GC freed 86338(3MB) AllocSpace objects, 13(356KB) LOS objects, 33% free, 15MB/22MB, paused 373us total 55.949ms
10-16 19:59:03.835: I/GAv4(10106): Google Analytics 9.2.56 is starting up. To enable debug logging on a device run:
10-16 19:59:03.835: I/GAv4(10106):   adb shell setprop log.tag.GAv4 DEBUG
10-16 19:59:03.835: I/GAv4(10106):   adb logcat -s GAv4
10-16 19:59:03.849: W/GAv4(10106): AnalyticsReceiver is not registered or is disabled. Register the receiver for reliable dispatching on non-Google Play devices. See http://goo.gl/8Rd3yj for instructions.
10-16 19:59:03.849: I/AlarmClock(10106): AlarmInitReceiver android.intent.action.LOCALE_CHANGED
10-16 19:59:03.872: W/GAv4(10106): CampaignTrackingReceiver is not registered, not exported or is disabled. Installation campaign tracking is not possible. See http://goo.gl/8Rd3yj for instructions.
10-16 19:59:03.873: I/Remoter(1395): Saved screenshot to '/data/screenshots/__pmv__-0073.jpg'
10-16 19:59:03.877: W/GAv4(10106): AnalyticsService not registered in the app manifest. Hits might not be delivered reliably. See http://goo.gl/8Rd3yj for instructions.
10-16 19:59:03.904: V/AlarmClock(10106): AlarmInitReceiver finished
10-16 19:59:03.905: I/DigitalWidgetProvider(10106): onReceive: Intent { act=android.intent.action.LOCALE_CHANGED flg=0x10000010 cmp=com.google.android.deskclock/com.android.alarmclock.DigitalAppWidgetProvider }
10-16 19:59:04.084: I/ActivityManager(1697): Start proc 10138:com.google.android.gm/u0a74 for broadcast com.google.android.gm/.MailIntentReceiver
10-16 19:59:04.104: D/AppIndexApi(10106): Logging objectbew@5e2259b
10-16 19:59:04.116: W/System(10138): ClassLoader referenced unknown path: /system/app/PrebuiltGmail/lib/x86
10-16 19:59:04.125: D/AndroidRuntime(10129): >>>>>> START com.android.internal.os.RuntimeInit uid 0 <<<<<<
10-16 19:59:04.127: D/AndroidRuntime(10129): CheckJNI is OFF
10-16 19:59:04.158: W/Icing(2103): isOptedInForAppHistory: empty Account Name encountered
10-16 19:59:04.165: W/EasBundling(10138): in EasBundling.init, isBundlingEnabled=true
10-16 19:59:04.177: I/Gmail(10138): getAccountsCursor
10-16 19:59:04.180: D/ActivityThread(10138): Loading provider com.google.android.gmail.provider;com.android.mail.notifier;com.google.android.gm.email.provider;com.google.android.gm.email.notifier: com.android.email.provider.EmailProvider
10-16 19:59:04.186: D/ICU(10129): No timezone override file found: /data/misc/zoneinfo/current/icu/icu_tzdata.dat
10-16 19:59:04.186: D/ICU(10129): [ 10-16 19:59:04.201 10129:10129 W/         ]
10-16 19:59:04.186: D/ICU(10129): Failed to bind-mount /system/lib/x86/cpuinfo as /proc/cpuinfo: No such file or directory
10-16 19:59:04.209: E/memtrack(10129): Couldn't load memtrack module (No such file or directory)
10-16 19:59:04.209: E/android.os.Debug(10129): failed to load memtrack module: -2
10-16 19:59:04.210: I/Radio-JNI(10129): register_android_hardware_Radio DONE
10-16 19:59:04.216: D/AndroidRuntime(10129): Calling main entry com.android.commands.settings.SettingsCmd
10-16 19:59:04.307: I/MetadataService(1395): Processed 0 update/creates for instance/attributes/
10-16 19:59:04.307: I/MetadataService(1395): Processed 0 update/creates for project/attributes/
10-16 19:59:04.302: I/gce.meta.proxy(977): type=1400 audit(0.0:128): avc: denied { create } for scontext=u:r:kernel:s0 tcontext=u:r:kernel:s0 tclass=tcp_socket permissive=1
10-16 19:59:04.422: D/AndroidRuntime(10129): Shutting down VM
10-16 19:59:04.526: W/GAV2(10138): Thread[main,5,main]: Need to call initialize() and be in fallback mode to start dispatch.
10-16 19:59:04.302: I/gce.meta.proxy(977): type=1400 audit(0.0:129): avc: denied { name_connect } for dest=80 scontext=u:r:kernel:s0 tcontext=u:object_r:port:s0 tclass=tcp_socket permissive=1
10-16 19:59:04.625: I/Gmail(10138): GmailApplication: Disabled account setup suggestion (7 days)
10-16 19:59:04.643: I/NotifUtils(10138): resendNotifications cancelExisting: true, account: null, folder: null
10-16 19:59:04.645: I/NotifUtils(10138): resendNotifications cancelExisting: true, account: null, folder: null
10-16 19:59:04.656: I/ActivityManager(1697): Start proc 10179:com.google.android.googlequicksearchbox:search/u0a32 for broadcast com.google.android.googlequicksearchbox/com.google.android.libraries.gsa.chiffon.clockwork.ClockworkLocaleChangedReceiver
10-16 19:59:04.684: I/CalendarProvider2(10079): Sending notification intent: Intent { act=android.intent.action.PROVIDER_CHANGED dat=content://com.android.calendar flg=0x20000000 }
10-16 19:59:04.684: W/ContentResolver(10079): Failed to get type for: content://com.android.calendar (Unknown URL content://com.android.calendar)
10-16 19:59:04.700: W/ChimeraUtils(2293): Non Chimera context
10-16 19:59:04.717: I/Icing(2293): IndexChimeraService.getServiceInterface callingPackage=com.google.android.gms componentName=AppsCorpus serviceId=36
10-16 19:59:04.717: I/Icing(2293): IndexChimeraService.getServiceInterface callingPackage=com.google.android.gms componentName=AppsCorpus serviceId=32
10-16 19:59:04.723: I/IcingInternalCorpora(2293): Received calendar change notification.
10-16 19:59:04.724: I/Icing(2293): Query from com.google.android.gms package restrict com.google.android.gms start 0 num 100
10-16 19:59:04.734: I/Gmail(10138): Initiated Service map for: [gPop3, gLegacyImap, gEas, gmail]
10-16 19:59:04.768: I/Gmail(10138): getAccountsCursor
10-16 19:59:04.768: I/Exchange(10138): EasService.onCreate
10-16 19:59:04.771: W/ActivityManager(1697): Unable to start service Intent { cmp=com.google.android.gm.exchange/com.android.exchange.service.EasService } U=0: not found
10-16 19:59:04.775: I/Exchange(10138): EasService.onCreate stoppedOldService=false
10-16 19:59:04.789: I/Exchange(10138): needResyncCalendar: false, hasCalendarPermission: true, needResyncContacts: false, hasContactsPermission: true
10-16 19:59:04.837: I/Exchange(10138): RestartPingTask
10-16 19:59:04.877: I/Icing(2293): IndexChimeraService.getServiceInterface callingPackage=com.google.android.gms componentName=AppsCorpus serviceId=32
10-16 19:59:04.877: I/Icing(2293): IndexChimeraService.getServiceInterface callingPackage=com.google.android.gms componentName=AppsCorpus serviceId=36
10-16 19:59:04.892: W/art(10138): Long monitor contention with owner AsyncTask #2 (10156) at android.database.sqlite.SQLiteDatabase com.android.email.provider.EmailProvider.a(android.content.Context)(SourceFile:722) waiters=0 in void com.android.email.provider.EmailProvider.i() for 584ms
10-16 19:59:04.917: I/Gmail(10138): getAccountsCursor
10-16 19:59:04.919: W/ActivityManager(1697): Unable to start service Intent { cmp=com.google.android.gm/com.android.email.service.AttachmentService } U=0: not found
10-16 19:59:04.926: I/Exchange(10138): RestartPingsTask did not start any pings.
10-16 19:59:04.926: I/Exchange(10138): onDestroy
10-16 19:59:04.930: I/Exchange(10138): EasService.onCreate
10-16 19:59:04.931: W/ActivityManager(1697): Unable to start service Intent { cmp=com.google.android.gm.exchange/com.android.exchange.service.EasService } U=0: not found
10-16 19:59:04.931: I/Exchange(10138): EasService.onCreate stoppedOldService=false
10-16 19:59:04.945: I/Exchange(10138): needResyncCalendar: false, hasCalendarPermission: true, needResyncContacts: false, hasContactsPermission: true
10-16 19:59:04.945: I/Exchange(10138): RestartPingTask
10-16 19:59:04.947: I/Exchange(10138): RestartPingsTask did not start any pings.
10-16 19:59:04.948: I/Exchange(10138): onDestroy
10-16 19:59:04.957: I/Gmail(10138): Observing account changes for notifications
10-16 19:59:05.030: I/VideoCapabilities(10179): Unsupported profile 4 for video/mp4v-es
10-16 19:59:05.052: I/GceMetadataClient(2620): Received updated metadata.
10-16 19:59:05.077: I/Remoter(1395): Saved screenshot to '/data/screenshots/__pmv__-0074.jpg'
10-16 19:59:05.138: I/Icing(2293): Usage reports 1 indexed 1 rejected 0 imm upload false
10-16 19:59:05.198: I/EventLoggerStores(10179): recordEvent APP_EVENT_PLAY_SERVICES_DATA_DETERMINED ClientEvent[]
10-16 19:59:05.207: I/Icing(2293): Usage reports 0 indexed 0 rejected 0 imm upload false
10-16 19:59:05.228: I/ActivityManager(1697): Start proc 10220:com.google.android.youtube/u0a79 for broadcast com.google.android.youtube/com.google.android.apps.youtube.app.system.LocaleUpdatedReceiver
10-16 19:59:05.243: I/Icing(2293): Usage reports 0 indexed 0 rejected 0 imm upload false
10-16 19:59:05.318: I/Icing(2293): Usage reports 0 indexed 0 rejected 0 imm upload false
10-16 19:59:05.375: W/System(10220): ClassLoader referenced unknown path: /system/app/YouTube/lib/x86
10-16 19:59:05.408: D/ConnectivityService(1697): Returning blocked NetworkInfo to uid=10032
10-16 19:59:05.507: W/art(10179): Suspending all threads took: 20.575ms
10-16 19:59:05.597: D/AndroidRuntime(10204): >>>>>> START com.android.internal.os.RuntimeInit uid 0 <<<<<<
10-16 19:59:05.600: D/AndroidRuntime(10204): CheckJNI is OFF
10-16 19:59:05.641: E/YT(10220): flushBinderConnectionCallbacks is unverified on SDK 25
10-16 19:59:05.685: I/EventLoggerStores(10179): recordEvent APP_EVENT_HOTWORD_MODEL_DOWNLOAD_SCHEDULED ClientEvent[]
10-16 19:59:05.691: D/ApplicationLoaders(10220): ignored Vulkan layer search path /data/app/com.google.android.gms-2/lib/x86:/system/fake-libs:/data/app/com.google.android.gms-2/base.apk!/lib/x86 for namespace 0xaf899090
10-16 19:59:05.709: D/ICU(10204): No timezone override file found: /data/misc/zoneinfo/current/icu/icu_tzdata.dat
10-16 19:59:05.718: V/NativeCrypto(10220): Registering com/google/android/gms/org/conscrypt/NativeCrypto's 259 native methods...
10-16 19:59:05.718: V/NativeCrypto(10220): [ 10-16 19:59:05.727 10204:10204 W/         ]
10-16 19:59:05.718: V/NativeCrypto(10220): Failed to bind-mount /system/lib/x86/cpuinfo as /proc/cpuinfo: No such file or directory
10-16 19:59:05.735: E/memtrack(10204): Couldn't load memtrack module (No such file or directory)
10-16 19:59:05.735: E/android.os.Debug(10204): failed to load memtrack module: -2
10-16 19:59:05.736: I/Radio-JNI(10204): register_android_hardware_Radio DONE
10-16 19:59:05.738: I/LocaleChangeIO(2103): Requesting GmsCore restart due to change in locale assets
10-16 19:59:05.739: I/Process(2103): Sending signal. PID: 2103 SIG: 9
10-16 19:59:05.739: I/Process(2293): Sending signal. PID: 2293 SIG: 9
10-16 19:59:05.747: I/Process(8243): Sending signal. PID: 8243 SIG: 9
10-16 19:59:05.748: W/System(10220): ClassLoader referenced unknown path: 
10-16 19:59:05.748: D/ApplicationLoaders(10220): ignored Vulkan layer search path /data/app/com.google.android.gms-2/lib/x86:/system/fake-libs:/data/app/com.google.android.gms-2/base.apk!/lib/x86 for namespace 0xaf8990d0
10-16 19:59:05.754: D/NetworkSecurityConfig(10220): No Network Security Config specified, using platform default
10-16 19:59:05.755: I/ProviderInstaller(10220): Installed default security provider GmsCore_OpenSSL
10-16 19:59:05.760: D/AndroidRuntime(10204): Calling main entry com.android.commands.am.Am
10-16 19:59:05.766: I/ActivityManager(1697): START u0 {flg=0x10000000 cmp=com.google.android.apps.mtaas.backdrop/.BackdropActivity} from uid 0 on display 0
10-16 19:59:05.776: D/AndroidRuntime(10204): Shutting down VM
10-16 19:59:05.948: W/ActivityManager(1697): Slow operation: 172ms so far, now at startProcess: returned from zygote!
10-16 19:59:05.948: W/ActivityManager(1697): Slow operation: 172ms so far, now at startProcess: done updating battery stats
10-16 19:59:05.948: W/ActivityManager(1697): Slow operation: 172ms so far, now at startProcess: building log message
10-16 19:59:05.948: I/ActivityManager(1697): Start proc 10276:com.google.android.apps.mtaas.backdrop/u0a84 for activity com.google.android.apps.mtaas.backdrop/.BackdropActivity
10-16 19:59:05.948: W/ActivityManager(1697): Slow operation: 172ms so far, now at startProcess: starting to update pids map
10-16 19:59:05.948: W/ActivityManager(1697): Slow operation: 172ms so far, now at startProcess: done updating pids map
10-16 19:59:05.948: W/ActivityManager(1697): Slow operation: 172ms so far, now at startProcess: done starting proc!
10-16 19:59:06.040: W/art(1697): Long monitor contention with owner Binder:1697_1 (1708) at void com.android.server.am.ActivityManagerService.activityPaused(android.os.IBinder)(ActivityManagerService.java:6915) waiters=0 in void com.android.server.am.ActivityManagerService.dispatchUidsChanged() for 264ms
10-16 19:59:06.119: I/ActivityManager(1697): Process com.google.android.gms.unstable (pid 8243) has died
10-16 19:59:06.119: D/ActivityManager(1697): cleanUpApplicationRecord -- 8243
10-16 19:59:06.131: I/GceGrallocRegionRegistry(1401): Mapped gralloc-1401.42 hnd=0xa6a8ce00 fd=37 base=0xa11bd000 format=RGBA_8888(0x1) width=1440 height=2392
10-16 19:59:06.132: I/GceGrallocRegionRegistry(1697): Mapped gralloc-1401.42 hnd=0x8c1a7040 fd=186 base=0x8ae36000 format=RGBA_8888(0x1) width=1440 height=2392
10-16 19:59:06.292: I/art(10179): Do partial code cache collection, code=27KB, data=28KB
10-16 19:59:06.292: I/art(10179): After code cache collection, code=19KB, data=23KB
10-16 19:59:06.292: I/art(10179): Increasing code cache capacity to 128KB
10-16 19:59:06.370: W/System(10276): ClassLoader referenced unknown path: /data/app/com.google.android.apps.mtaas.backdrop-1/lib/x86
10-16 19:59:06.377: D/ConnectivityService(1697): ConnectivityService NetworkRequestInfo binderDied(NetworkRequest [ LISTEN id=8, [ Capabilities: INTERNET&NOT_RESTRICTED&TRUSTED&NOT_VPN] ], android.os.BinderProxy@99ce57f)
10-16 19:59:06.385: E/ConnectivityService(1697): RemoteException caught trying to send a callback msg for NetworkRequest [ LISTEN id=8, [ Capabilities: INTERNET&NOT_RESTRICTED&TRUSTED&NOT_VPN] ]
10-16 19:59:06.385: I/ActivityManager(1697): Process com.google.android.gms (pid 2293) has died
10-16 19:59:06.385: D/ActivityManager(1697): cleanUpApplicationRecord -- 2293
10-16 19:59:06.385: E/lowmemorykiller(1399): Error writing /proc/2103/oom_score_adj; errno=22
10-16 19:59:06.477: E/JavaBinder(1697): !!! FAILED BINDER TRANSACTION !!!  (parcel size = 284)
10-16 19:59:06.477: I/GceGrallocRegionRegistry(2255): Unmapped gralloc-1401.41 hnd=0x9e8f4ec0 fd=50 base=0x8b881000
10-16 19:59:06.477: W/ActivityManager(1697): Exception when unbinding service com.google.android.gms/.pseudonymous.service.PseudonymousIdService
10-16 19:59:06.477: W/ActivityManager(1697): android.os.DeadObjectException: Transaction failed on small parcel; remote process probably died
10-16 19:59:06.477: W/ActivityManager(1697): 	at android.os.BinderProxy.transactNative(Native Method)
10-16 19:59:06.477: W/ActivityManager(1697): 	at android.os.BinderProxy.transact(Binder.java:615)
10-16 19:59:06.477: W/ActivityManager(1697): 	at android.app.ApplicationThreadProxy.scheduleUnbindService(ApplicationThreadNative.java:1016)
10-16 19:59:06.477: W/ActivityManager(1697): 	at com.android.server.am.ActiveServices.removeConnectionLocked(ActiveServices.java:2175)
10-16 19:59:06.477: W/ActivityManager(1697): 	at com.android.server.am.ActiveServices.killServicesLocked(ActiveServices.java:2551)
10-16 19:59:06.477: W/ActivityManager(1697): 	at com.android.server.am.ActivityManagerService.cleanUpApplicationRecordLocked(ActivityManagerService.java:16902)
10-16 19:59:06.477: W/ActivityManager(1697): 	at com.android.server.am.ActivityManagerService.handleAppDiedLocked(ActivityManagerService.java:5078)
10-16 19:59:06.477: W/ActivityManager(1697): 	at com.android.server.am.ActivityManagerService.appDiedLocked(ActivityManagerService.java:5241)
10-16 19:59:06.477: W/ActivityManager(1697): 	at com.android.server.am.ActivityManagerService$AppDeathRecipient.binderDied(ActivityManagerService.java:1475)
10-16 19:59:06.477: W/ActivityManager(1697): 	at android.os.BinderProxy.sendDeathNotice(Binder.java:688)
10-16 19:59:06.477: E/lowmemorykiller(1399): Error writing /proc/2103/oom_score_adj; errno=22
10-16 19:59:06.477: E/lowmemorykiller(1399): Error writing /proc/2103/oom_score_adj; errno=22
10-16 19:59:06.487: I/GceGrallocRegionRegistry(2255): Unmapped gralloc-1401.40 hnd=0xa59e4b80 fd=45 base=0x8db6e000
10-16 19:59:06.487: I/GceGrallocRegionRegistry(2255): Unmapped gralloc-1401.39 hnd=0xa59e4c00 fd=48 base=0x8cb71000
10-16 19:59:06.497: E/JavaBinder(1697): !!! FAILED BINDER TRANSACTION !!!  (parcel size = 280)
10-16 19:59:06.497: W/ActivityManager(1697): Exception when unbinding service com.google.android.gms/.phenotype.service.PhenotypeService
10-16 19:59:06.497: W/ActivityManager(1697): android.os.DeadObjectException: Transaction failed on small parcel; remote process probably died
10-16 19:59:06.497: W/ActivityManager(1697): 	at android.os.BinderProxy.transactNative(Native Method)
10-16 19:59:06.497: W/ActivityManager(1697): 	at android.os.BinderProxy.transact(Binder.java:615)
10-16 19:59:06.497: W/ActivityManager(1697): 	at android.app.ApplicationThreadProxy.scheduleUnbindService(ApplicationThreadNative.java:1016)
10-16 19:59:06.497: W/ActivityManager(1697): 	at com.android.server.am.ActiveServices.removeConnectionLocked(ActiveServices.java:2175)
10-16 19:59:06.497: W/ActivityManager(1697): 	at com.android.server.am.ActiveServices.killServicesLocked(ActiveServices.java:2551)
10-16 19:59:06.497: W/ActivityManager(1697): 	at com.android.server.am.ActivityManagerService.cleanUpApplicationRecordLocked(ActivityManagerService.java:16902)
10-16 19:59:06.497: W/ActivityManager(1697): 	at com.android.server.am.ActivityManagerService.handleAppDiedLocked(ActivityManagerService.java:5078)
10-16 19:59:06.497: W/ActivityManager(1697): 	at com.android.server.am.ActivityManagerService.appDiedLocked(ActivityManagerService.java:5241)
10-16 19:59:06.497: W/ActivityManager(1697): 	at com.android.server.am.ActivityManagerService$AppDeathRecipient.binderDied(ActivityManagerService.java:1475)
10-16 19:59:06.497: W/ActivityManager(1697): 	at android.os.BinderProxy.sendDeathNotice(Binder.java:688)
10-16 19:59:06.497: E/lowmemorykiller(1399): Error writing /proc/2103/oom_score_adj; errno=22
10-16 19:59:06.497: W/ActivityManager(1697): Scheduling restart of crashed service com.google.android.gms/.icing.service.IndexWorkerService in 1000ms
10-16 19:59:06.497: W/ActivityManager(1697): Scheduling restart of crashed service com.google.android.gms/.chimera.GmsIntentOperationService in 11000ms
10-16 19:59:06.497: W/VncBackend(1397): Slow frame encode! (124 ms)
10-16 19:59:06.503: I/GceGrallocRegionRegistry(1401): Unmapped gralloc-1401.41 hnd=0xa6a8c980 fd=13 base=0xa996e000
10-16 19:59:06.506: I/GceGrallocRegionRegistry(1401): Unmapped gralloc-1401.40 hnd=0xa6a8c940 fd=30 base=0xa4d5d000
10-16 19:59:06.692: I/GceGrallocRegionRegistry(1401): Unmapped gralloc-1401.27 hnd=0xafb21180 fd=25 base=0x9e187000
10-16 19:59:06.692: I/GceGrallocRegionRegistry(1401): Mapped gralloc-1401.43 hnd=0xa6a8cb40 fd=13 base=0xaa687000 format=RGBA_8888(0x1) width=1440 height=168
10-16 19:59:06.693: I/GceGrallocRegionRegistry(1795): Mapped gralloc-1401.43 hnd=0x8bc89280 fd=71 base=0x89883000 format=RGBA_8888(0x1) width=1440 height=168
10-16 19:59:06.709: I/BackdropActivity(10276): android_id: 3719650476184577826
10-16 19:59:06.713: I/Remoter(1395): Saved screenshot to '/data/screenshots/__pmv__-0075.jpg'
10-16 19:59:06.717: D/NotificationSQLiteLog(1697): Pruned event entries: 0
10-16 19:59:06.930: W/art(10220): Suspending all threads took: 210.074ms
10-16 19:59:06.932: W/art(1697): Long monitor contention with owner android.display (1718) at void com.android.server.wm.WindowAnimator$1.doFrame(long)(WindowAnimator.java:144) waiters=0 in float com.android.server.wm.WindowManagerService.getCurrentAnimatorScale() for 131ms
10-16 19:59:07.170: D/GnssStatusListenerHelper(1697): Remote Listener died: android.location.IGnssStatusListener$Stub$Proxy@3dc7e11
10-16 19:59:07.171: V/BackupManagerService(1697): Disconnected from transport ComponentInfo{com.google.android.gms/com.google.android.gms.backup.BackupTransportService}
10-16 19:59:07.171: V/BackupManagerService(1697): Registering transport com.google.android.gms/.backup.BackupTransportService::null = null
10-16 19:59:07.172: I/ActivityManager(1697): Process com.google.android.gms.persistent (pid 2103) has died
10-16 19:59:07.172: D/ActivityManager(1697): cleanUpApplicationRecord -- 2103
10-16 19:59:07.172: W/ActivityManager(1697): Scheduling restart of crashed service com.google.android.gms/.chimera.PersistentIntentOperationService in 10325ms
10-16 19:59:07.173: W/ActivityManager(1697): Scheduling restart of crashed service com.google.android.gms/com.google.location.nearby.direct.service.NearbyDirectService in 20325ms
10-16 19:59:07.173: W/ActivityManager(1697): Scheduling restart of crashed service com.google.android.gms/.deviceconnection.service.DeviceConnectionWatcherService in 20325ms
10-16 19:59:07.173: W/ActivityManager(1697): Scheduling restart of crashed service com.google.android.gms/.gcm.GcmService in 30325ms
10-16 19:59:07.173: W/ActivityManager(1697): Scheduling restart of crashed service com.google.android.gms/.chimera.PersistentBoundBrokerService in 40325ms
10-16 19:59:07.173: W/ActivityManager(1697): Scheduling restart of crashed service com.google.android.gms/.auth.account.service.WorkAccountService in 50325ms
10-16 19:59:07.173: W/ActivityManager(1697): Scheduling restart of crashed service com.google.android.gms/.backup.BackupTransportService in 50325ms
10-16 19:59:07.173: W/ActivityManager(1697): Scheduling restart of crashed service com.google.android.gms/com.google.android.location.geofencer.service.GeofenceProviderService in 60325ms
10-16 19:59:07.173: W/ActivityManager(1697): Scheduling restart of crashed service com.google.android.gms/com.google.android.location.internal.GoogleLocationManagerService in 70325ms
10-16 19:59:07.173: W/ActivityManager(1697): Scheduling restart of crashed service com.google.android.gms/.clearcut.service.ClearcutLoggerService in 80325ms
10-16 19:59:07.173: W/ActivityManager(1697): Scheduling restart of crashed service com.google.android.gms/com.google.android.location.network.NetworkLocationService in 90325ms
10-16 19:59:07.173: W/ActivityManager(1697): Scheduling restart of crashed service com.google.android.gms/.nearby.messages.service.NearbyMessagesService in 100324ms
10-16 19:59:07.173: W/ActivityManager(1697): Scheduling restart of crashed service com.google.android.gms/com.google.android.location.internal.server.HardwareArProviderService in 110324ms
10-16 19:59:07.173: W/ActivityManager(1697): Scheduling restart of crashed service com.google.android.gms/com.google.android.contextmanager.service.ContextManagerService in 120324ms
10-16 19:59:07.173: W/ActivityManager(1697): Scheduling restart of crashed service com.google.android.gms/.common.stats.GmsCoreStatsService in 130324ms
10-16 19:59:07.173: W/ActivityManager(1697): Scheduling restart of crashed service com.google.android.gms/com.google.android.location.geocode.GeocodeService in 140324ms
10-16 19:59:07.173: W/ActivityManager(1697): Scheduling restart of crashed service com.google.android.gms/com.google.android.location.internal.server.GoogleLocationService in 150324ms
10-16 19:59:07.173: W/ActivityManager(1697): Scheduling restart of crashed service com.google.android.gms/.auth.setup.devicesignals.LockScreenService in 160324ms
10-16 19:59:07.178: I/GceGrallocRegionRegistry(10276): Mapped gralloc-1401.2 hnd=0x9e89c440 fd=41 base=0x90126000 format=RGBA_8888(0x1) width=576 height=576
10-16 19:59:07.185: E/WifiBackgroundScanStateMachine(1697): Failed to update schedule because WifiScanningService is not initialized
10-16 19:59:07.185: E/WifiBackgroundScanStateMachine(1697): Failed to update hotlist because WifiScanningService is not initialized
10-16 19:59:07.349: W/VncBackend(1397): Slow frame encode! (420 ms)
10-16 19:59:07.355: W/ActivityManager(1697): Slow operation: 89ms so far, now at startProcess: returned from zygote!
10-16 19:59:07.355: W/ActivityManager(1697): Slow operation: 89ms so far, now at startProcess: done updating battery stats
10-16 19:59:07.355: W/ActivityManager(1697): Slow operation: 89ms so far, now at startProcess: building log message
10-16 19:59:07.355: I/ActivityManager(1697): Start proc 10307:com.google.android.gms/u0a14 for broadcast com.google.android.gms/.stats.service.DropBoxEntryAddedReceiver
10-16 19:59:07.355: W/ActivityManager(1697): Slow operation: 89ms so far, now at startProcess: starting to update pids map
10-16 19:59:07.355: W/ActivityManager(1697): Slow operation: 89ms so far, now at startProcess: done updating pids map
10-16 19:59:07.355: W/ActivityManager(1697): Slow operation: 90ms so far, now at startProcess: done starting proc!
10-16 19:59:07.370: I/ActivityManager(1697): Start proc 10314:com.google.android.gms.persistent/u0a14 for service com.google.android.gms/.clearcut.service.ClearcutLoggerService
10-16 19:59:07.427: V/EmulatedCamera_Factory(1408): getCameraInfo: id = 0
10-16 19:59:07.427: V/EmulatedCamera_Camera(1408): getCameraInfo
10-16 19:59:07.427: V/EmulatedCamera_BaseCamera(1408): getCameraInfo
10-16 19:59:07.427: V/EmulatedCamera_Factory(1408): getCameraInfo: id = 1
10-16 19:59:07.427: V/EmulatedCamera_Camera(1408): getCameraInfo
10-16 19:59:07.427: V/EmulatedCamera_BaseCamera(1408): getCameraInfo
10-16 19:59:07.516: I/OpenGLRenderer(10276): Initialized EGL, version 1.4
10-16 19:59:07.516: D/OpenGLRenderer(10276): Swap behavior 1
10-16 19:59:07.521: I/GceGrallocRegionRegistry(1401): Mapped gralloc-1401.44 hnd=0xa6a8c2c0 fd=25 base=0xa9956000 format=RGBA_8888(0x1) width=1440 height=2392
10-16 19:59:07.521: I/GceGrallocRegionRegistry(1401): Mapped gralloc-1401.45 hnd=0xa6a8cac0 fd=40 base=0xa4e3e000 format=RGBA_8888(0x1) width=1440 height=2392
10-16 19:59:07.521: I/GceGrallocRegionRegistry(1401): Mapped gralloc-1401.46 hnd=0xa6a8ca00 fd=41 base=0xa048c000 format=RGBA_8888(0x1) width=1440 height=2392
10-16 19:59:07.693: I/LoadedApk(10307): No resource references to update in package FFFFFFFFFFFFFFFFFFFFFF
10-16 19:59:07.708: W/InstanceID/Rpc(10220): Found 10014
10-16 19:59:07.736: I/LoadedApk(10314): No resource references to update in package FFFFFFFFFFFFFFFFFFFFFF
10-16 19:59:07.809: V/MediaRouter(10220): Adding route: RouteInfo{ name=Teléfono, description=null, status=null, category=RouteCategory{ name=null types=ROUTE_TYPE_LIVE_AUDIO ROUTE_TYPE_LIVE_VIDEO  groupable=false }, supportedTypes=ROUTE_TYPE_LIVE_AUDIO ROUTE_TYPE_LIVE_VIDEO , presentationDisplay=null }
10-16 19:59:07.811: V/MediaRouter(10220): Updating audio routes: AudioRoutesInfo{ type=SPEAKER }
10-16 19:59:07.815: V/NativeCrypto(10314): Registering com/google/android/gms/org/conscrypt/NativeCrypto's 259 native methods...
10-16 19:59:07.827: V/MediaRouter(10220): Selecting route: RouteInfo{ name=Teléfono, description=null, status=null, category=RouteCategory{ name=null types=ROUTE_TYPE_LIVE_AUDIO ROUTE_TYPE_LIVE_VIDEO  groupable=false }, supportedTypes=ROUTE_TYPE_LIVE_AUDIO ROUTE_TYPE_LIVE_VIDEO , presentationDisplay=null }
10-16 19:59:07.833: V/NativeCrypto(10307): Registering com/google/android/gms/org/conscrypt/NativeCrypto's 259 native methods...
10-16 19:59:07.855: D/NetworkSecurityConfig(10314): No Network Security Config specified, using platform default
10-16 19:59:07.855: I/ProviderInstaller(10314): Installed default security provider GmsCore_OpenSSL
10-16 19:59:07.889: D/NetworkSecurityConfig(10307): No Network Security Config specified, using platform default
10-16 19:59:07.890: I/ProviderInstaller(10307): Installed default security provider GmsCore_OpenSSL
10-16 19:59:07.897: I/art(1697): Background partial concurrent mark sweep GC freed 26440(1809KB) AllocSpace objects, 8(672KB) LOS objects, 33% free, 15MB/22MB, paused 409us total 200.208ms
10-16 19:59:07.968: V/MediaRouter(10220): Selecting route: RouteInfo{ name=Teléfono, description=null, status=null, category=RouteCategory{ name=null types=ROUTE_TYPE_LIVE_AUDIO ROUTE_TYPE_LIVE_VIDEO  groupable=false }, supportedTypes=ROUTE_TYPE_LIVE_AUDIO ROUTE_TYPE_LIVE_VIDEO , presentationDisplay=null }
10-16 19:59:06.122: I/android.display(1697): type=1400 audit(0.0:130): avc: denied { read } for path=2F6465762F6173686D656D2F6772616C6C6F632D313430312E3432202864656C6574656429 dev="tmpfs" ino=476598 scontext=u:r:system_server:s0 tcontext=u:object_r:surfaceflinger_tmpfs:s0 tclass=file permissive=1
10-16 19:59:08.069: I/Choreographer(1795): Skipped 81 frames!  The application may be doing too much work on its main thread.
10-16 19:59:08.110: I/GceGrallocRegionRegistry(1401): Unmapped gralloc-1401.46 hnd=0xa6a8ca00 fd=41 base=0xa048c000
10-16 19:59:08.110: I/GceGrallocRegionRegistry(1401): Mapped gralloc-1401.47 hnd=0xa6a8ca40 fd=41 base=0xa048c000 format=RGBA_8888(0x1) width=1440 height=2392
10-16 19:59:08.110: I/GceGrallocRegionRegistry(10276): Mapped gralloc-1401.47 hnd=0x8f0b1940 fd=42 base=0x8c34f000 format=RGBA_8888(0x1) width=1440 height=2392
10-16 19:59:08.142: I/ActivityManager(1697): Displayed com.google.android.apps.mtaas.backdrop/.BackdropActivity: +2s365ms
10-16 19:59:08.143: I/Choreographer(10276): Skipped 34 frames!  The application may be doing too much work on its main thread.
10-16 19:59:08.160: W/System(10220): ClassLoader referenced unknown path: /data/user_de/0/com.google.android.gms/app_chimera/m/0000000b/n/x86
10-16 19:59:08.160: W/System(10220): ClassLoader referenced unknown path: /data/user_de/0/com.google.android.gms/app_chimera/m/0000000b/n/armeabi-v7a
10-16 19:59:08.161: W/System(10220): ClassLoader referenced unknown path: /data/user_de/0/com.google.android.gms/app_chimera/m/0000000b/n/armeabi
10-16 19:59:08.161: I/GceGrallocRegionRegistry(1401): Unmapped gralloc-1401.45 hnd=0xa6a8cac0 fd=40 base=0xa4e3e000
10-16 19:59:08.161: I/GceGrallocRegionRegistry(1401): Mapped gralloc-1401.48 hnd=0xa6a8c880 fd=40 base=0xa4e3e000 format=RGBA_8888(0x1) width=1440 height=2392
10-16 19:59:08.161: I/GceGrallocRegionRegistry(10276): Mapped gralloc-1401.48 hnd=0xab568e40 fd=44 base=0x8b61e000 format=RGBA_8888(0x1) width=1440 height=2392
10-16 19:59:08.165: I/Remoter(1395): Saved screenshot to '/data/screenshots/__pmv__-0076.jpg'
10-16 19:59:08.178: D/DynamitePackage(10220): Instantiated singleton DynamitePackage.
10-16 19:59:08.178: D/DynamitePackage(10220): Instantiating com.google.android.gms.ads.adshield.ChimeraAdShieldCreatorImpl
10-16 19:59:08.231: I/GceGrallocRegionRegistry(1401): Unmapped gralloc-1401.39 hnd=0xafb21280 fd=31 base=0xa1eee000
10-16 19:59:08.307: W/art(10220): Before Android 4.1, method double java.util.concurrent.ThreadLocalRandom.internalNextDouble(double, double) would have incorrectly overridden the package-private method in java.util.Random
10-16 19:59:08.307: W/art(10220): Before Android 4.1, method int java.util.concurrent.ThreadLocalRandom.internalNextInt(int, int) would have incorrectly overridden the package-private method in java.util.Random
10-16 19:59:08.307: W/art(10220): Before Android 4.1, method long java.util.concurrent.ThreadLocalRandom.internalNextLong(long, long) would have incorrectly overridden the package-private method in java.util.Random
10-16 19:59:08.410: I/DynamiteModule(10314): Considering local module com.google.android.gms.googlecertificates:4 and remote module com.google.android.gms.googlecertificates:4
10-16 19:59:08.410: I/DynamiteModule(10314): Selected local version of com.google.android.gms.googlecertificates
10-16 19:59:08.454: I/GceGrallocRegionRegistry(1697): Unmapped gralloc-1401.42 hnd=0x8c1a7040 fd=186 base=0x8ae36000
10-16 19:59:08.467: I/GceGrallocRegionRegistry(1401): Unmapped gralloc-1401.42 hnd=0xa6a8ce00 fd=37 base=0xa11bd000
10-16 19:59:08.560: W/art(1697): Long monitor contention with owner PackageManager (1722) at void com.android.server.pm.PackageManagerService$PackageHandler.doHandleMessage(android.os.Message)(PackageManagerService.java:1469) waiters=0 in android.content.pm.PackageInfo com.android.server.pm.PackageManagerService.getPackageInfo(java.lang.String, int, int) for 150ms
10-16 19:59:08.560: W/art(1697): Long monitor contention with owner PackageManager (1722) at void com.android.server.pm.PackageManagerService$PackageHandler.doHandleMessage(android.os.Message)(PackageManagerService.java:1469) waiters=1 in java.util.List com.android.server.pm.PackageManagerService.queryIntentServicesInternal(android.content.Intent, java.lang.String, int, int) for 101ms
10-16 19:59:08.664: I/GAV2(10050): Thread[GAThread,5,main]: No campaign data found.
10-16 19:59:06.682: I/RenderThread(1795): type=1400 audit(0.0:131): avc: denied { read } for path=2F6465762F6173686D656D2F6772616C6C6F632D313430312E3433202864656C6574656429 dev="tmpfs" ino=476614 scontext=u:r:platform_app:s0:c512,c768 tcontext=u:object_r:surfaceflinger_tmpfs:s0 tclass=file permissive=1
10-16 19:59:07.172: I/.mtaas.backdrop(10276): type=1400 audit(0.0:132): avc: denied { read } for path=2F6465762F6173686D656D2F6772616C6C6F632D313430312E32202864656C6574656429 dev="tmpfs" ino=10722 scontext=u:r:untrusted_app:s0:c512,c768 tcontext=u:object_r:surfaceflinger_tmpfs:s0 tclass=file permissive=1
10-16 19:59:08.775: I/LocaleChangeIO(10314): Requesting GmsCore restart due to change in locale assets
10-16 19:59:08.793: I/CastDatabase(10307): Opening the database
10-16 19:59:08.809: I/SQLiteCastStore(10307): 0 CastNetworkInfo instances loaded, 0 CastDeviceInfo instances loaded, 0 paired guest mode devices loaded.
10-16 19:59:08.825: I/art(10307): Do partial code cache collection, code=29KB, data=17KB
10-16 19:59:08.878: I/NetworkScheduler(10314): Using standalone scheduling engine
10-16 19:59:08.970: I/art(10307): After code cache collection, code=29KB, data=18KB
10-16 19:59:08.970: I/art(10307): Increasing code cache capacity to 128KB
10-16 19:59:09.003: I/CastSocket(10307): 25 >= 18. Adding new CastClientAuthKeyManager.
10-16 19:59:09.008: I/DiscoveryManager(10307): WifiGuestModeDeviceScanner enabled.
10-16 19:59:09.016: I/GAv4-SVC(10307): Google Analytics 11.5.19 is starting up.
10-16 19:59:09.032: I/art(10314): Do partial code cache collection, code=30KB, data=25KB
10-16 19:59:09.032: I/art(10314): After code cache collection, code=29KB, data=25KB
10-16 19:59:09.032: I/art(10314): Increasing code cache capacity to 128KB
10-16 19:59:09.056: I/CastMediaRouteProvider(10307): in onDiscoveryRequestChanged: request=DiscoveryRequest{ selector=MediaRouteSelector{ controlCategories=[com.google.android.gms.cast.CATEGORY_CAST/233637DE] }, activeScan=false, isValid=true }
10-16 19:59:09.064: I/DiscoveryManager(10307): Filter criteria(233637DE) scannerFlags(2)
10-16 19:59:09.065: I/Publisher(10307): onUpdateFilterCriteria [233637DE]
10-16 19:59:09.107: I/CastMediaRouteProvider(10307): onDevicesPublished with 0 devices
10-16 19:59:09.108: I/CastMediaRouteProvider(10307): Published 0 routes
10-16 19:59:09.143: I/DeviceScanner(10307): [MDNS] startScan: scannerFlags: 2 criteria=233637DE
10-16 19:59:09.150: W/MdnsClient_Cast(10307): #acquireLock. Multicast lock not held. Acquiring. Subtypes:"233637DE"
10-16 19:59:09.155: V/BackupManagerService(1697): Connected to transport ComponentInfo{com.google.android.gms/com.google.android.gms.backup.BackupTransportService}
10-16 19:59:09.155: V/BackupManagerService(1697): Registering transport com.google.android.gms/.backup.BackupTransportService::com.google.android.gms/.backup.BackupTransportService = com.android.internal.backup.IBackupTransport$Stub$Proxy@160cee8
10-16 19:59:09.165: W/MdnsClient_Cast(10307): #acquireLock. Multicast lock not held. Acquiring. Subtypes:"233637DE"
10-16 19:59:09.166: I/DeviceScanner(10307): [GuestMode] startScan: scannerFlags: 2 criteria=233637DE
10-16 19:59:09.168: I/CastMediaRouteProvider(10307): onDevicesPublished with 0 devices
10-16 19:59:09.168: I/CastMediaRouteProvider(10307): Published 0 routes
10-16 19:59:09.168: I/DeviceScanner(10307): [MDNS] startScan: scannerFlags: 2 criteria=233637DE
10-16 19:59:09.169: I/DeviceScanner(10307): [MDNS] onScanSettingsUpdated: filterCriteriaAdded: NONE
10-16 19:59:09.169: I/DeviceScanner(10307): [MDNS] onScanSettingsUpdated: filterCriteriaRemoved: NONE
10-16 19:59:09.169: I/DeviceScanner(10307): [MDNS] onScanSettingsUpdated: Did scan settings changed? false
10-16 19:59:09.169: W/MdnsClient_Cast(10307): Multicast lock held. Releasing. Subtypes:"233637DE"
10-16 19:59:09.183: I/GceGrallocRegionRegistry(1401): Unmapped gralloc-1401.44 hnd=0xa6a8c2c0 fd=25 base=0xa9956000
10-16 19:59:09.183: I/GceGrallocRegionRegistry(1401): Mapped gralloc-1401.49 hnd=0xab790100 fd=25 base=0xa9956000 format=RGBA_8888(0x1) width=1440 height=2392
10-16 19:59:09.183: I/GceGrallocRegionRegistry(10276): Mapped gralloc-1401.49 hnd=0xa58b4080 fd=45 base=0x8a8ed000 format=RGBA_8888(0x1) width=1440 height=2392
10-16 19:59:09.187: W/art(10314): Suspending all threads took: 21.838ms
10-16 19:59:09.194: I/art(10314): Background partial concurrent mark sweep GC freed 32163(3MB) AllocSpace objects, 8(160KB) LOS objects, 39% free, 8MB/14MB, paused 23.593ms total 40.651ms
10-16 19:59:09.211: W/MdnsClient_Cast(10307): #acquireLock. Multicast lock not held. Acquiring. Subtypes:"233637DE"
10-16 19:59:09.259: W/MdnsClient_Cast(10307): Multicast lock held. Releasing. Subtypes:"233637DE"
10-16 19:59:09.289: W/MdnsClient_Cast(10307): #acquireLock. Multicast lock not held. Acquiring. Subtypes:"233637DE"
10-16 19:59:09.304: I/DeviceScanner(10307): [GuestMode] startScan: scannerFlags: 2 criteria=233637DE
10-16 19:59:09.313: I/Remoter(1395): Saved screenshot to '/data/screenshots/__pmv__-0077.jpg'
10-16 19:59:09.318: I/GCM(10314): Ack for not saved message 5
10-16 19:59:09.605: W/ActivityManager(1697): Slow operation: 165ms so far, now at startProcess: returned from zygote!
10-16 19:59:09.605: W/ActivityManager(1697): Slow operation: 165ms so far, now at startProcess: done updating battery stats
10-16 19:59:09.605: W/ActivityManager(1697): Slow operation: 165ms so far, now at startProcess: building log message
10-16 19:59:09.605: I/ActivityManager(1697): Start proc 10470:com.android.vending/u0a24 for service com.android.vending/com.google.android.finsky.services.ContentSyncService
10-16 19:59:09.605: W/ActivityManager(1697): Slow operation: 165ms so far, now at startProcess: starting to update pids map
10-16 19:59:09.605: W/ActivityManager(1697): Slow operation: 165ms so far, now at startProcess: done updating pids map
10-16 19:59:09.605: W/ActivityManager(1697): Slow operation: 165ms so far, now at startProcess: done starting proc!
10-16 19:59:09.606: W/art(1697): Long monitor contention with owner AlarmManager (1731) at int com.android.server.am.PendingIntentRecord.sendInner(int, android.content.Intent, java.lang.String, android.content.IIntentReceiver, java.lang.String, android.os.IBinder, java.lang.String, int, int, int, android.os.Bundle, android.app.IActivityContainer)(PendingIntentRecord.java:223) waiters=1 in void com.android.server.am.ActivityManagerService.dispatchUidsChanged() for 124ms
10-16 19:59:09.636: I/GAV2(10138): Thread[GAThread,5,main]: No campaign data found.
10-16 19:59:09.709: W/Settings(10314): Setting airplane_mode_on has moved from android.provider.Settings.System to android.provider.Settings.Global, returning read-only value.
10-16 19:59:09.715: W/System(10470): ClassLoader referenced unknown path: /system/priv-app/Phonesky/lib/x86
10-16 19:59:09.789: I/GCoreNlp(10314): shouldConfirmNlp, NLP off. Ensuring opt-in disabled
10-16 19:59:09.808: W/Finsky(10470): [1] com.google.android.finsky.FinskyApp.i(1556): No account configured on this device.
10-16 19:59:09.813: W/Finsky(10470): [1] com.google.android.finsky.FinskyApp.i(1556): No account configured on this device.
10-16 19:59:09.814: W/Finsky(10470): [1] com.google.android.finsky.FinskyApp.i(1556): No account configured on this device.
10-16 19:59:09.814: W/Finsky(10470): [1] com.google.android.finsky.FinskyApp.i(1556): No account configured on this device.
10-16 19:59:09.815: W/Finsky(10470): [1] com.google.android.finsky.FinskyApp.i(1556): No account configured on this device.
10-16 19:59:09.816: W/Finsky(10470): [1] com.google.android.finsky.FinskyApp.i(1556): No account configured on this device.
10-16 19:59:09.817: W/Finsky(10470): [1] com.google.android.finsky.FinskyApp.i(1556): No account configured on this device.
10-16 19:59:09.826: W/Finsky(10470): [1] com.google.android.finsky.FinskyApp.i(1556): No account configured on this device.
10-16 19:59:09.827: W/Finsky(10470): [1] com.google.android.finsky.FinskyApp.i(1556): No account configured on this device.
10-16 19:59:09.829: W/Finsky(10470): [1] com.google.android.finsky.FinskyApp.i(1556): No account configured on this device.
10-16 19:59:09.833: W/ConfigurationChimeraProvider(10314): Got null configs for com.google.android.gms.nearby
10-16 19:59:09.833: W/Finsky(10470): [1] com.google.android.finsky.FinskyApp.i(1556): No account configured on this device.
10-16 19:59:09.847: W/Finsky(10470): [1] com.google.android.finsky.FinskyApp.i(1556): No account configured on this device.
10-16 19:59:09.848: W/Finsky(10470): [1] com.google.android.finsky.FinskyApp.i(1556): No account configured on this device.
10-16 19:59:09.849: W/Finsky(10470): [1] com.google.android.finsky.FinskyApp.i(1556): No account configured on this device.
10-16 19:59:09.850: W/Finsky(10470): [1] com.google.android.finsky.FinskyApp.i(1556): No account configured on this device.
10-16 19:59:09.850: W/Finsky(10470): [1] com.google.android.finsky.FinskyApp.i(1556): No account configured on this device.
10-16 19:59:09.852: W/Finsky(10470): [1] com.google.android.finsky.FinskyApp.i(1556): No account configured on this device.
10-16 19:59:09.852: W/Finsky(10470): [1] com.google.android.finsky.FinskyApp.i(1556): No account configured on this device.
10-16 19:59:09.872: W/Finsky(10470): [1] com.google.android.finsky.FinskyApp.i(1556): No account configured on this device.
10-16 19:59:09.872: W/Finsky(10470): [1] com.google.android.finsky.FinskyApp.i(1556): No account configured on this device.
10-16 19:59:09.873: W/Finsky(10470): [1] com.google.android.finsky.FinskyApp.i(1556): No account configured on this device.
10-16 19:59:09.873: W/Finsky(10470): [1] com.google.android.finsky.FinskyApp.i(1556): No account configured on this device.
10-16 19:59:09.873: W/Finsky(10470): [1] com.google.android.finsky.FinskyApp.i(1556): No account configured on this device.
10-16 19:59:09.875: W/Finsky(10470): [1] com.google.android.finsky.FinskyApp.i(1556): No account configured on this device.
10-16 19:59:09.875: I/Finsky(10470): [1] com.google.android.finsky.services.DailyHygiene.a(220): No need to run daily hygiene.
10-16 19:59:09.882: W/Settings(10470): Setting download_manager_max_bytes_over_mobile has moved from android.provider.Settings.Secure to android.provider.Settings.Global.
10-16 19:59:09.883: W/Settings(10470): Setting download_manager_recommended_max_bytes_over_mobile has moved from android.provider.Settings.Secure to android.provider.Settings.Global.
10-16 19:59:09.885: W/Finsky(10470): [1] com.google.android.finsky.FinskyApp.i(1556): No account configured on this device.
10-16 19:59:09.887: W/Finsky(10470): [1] com.google.android.finsky.FinskyApp.i(1556): No account configured on this device.
10-16 19:59:09.888: W/Finsky(10470): [1] com.google.android.finsky.FinskyApp.i(1556): No account configured on this device.
10-16 19:59:09.888: W/Finsky(10470): [1] com.google.android.finsky.FinskyApp.i(1556): No account configured on this device.
