10-16 19:59:23.496: I/ProcessCheckinRequest(10307):     c: "0"
10-16 19:59:23.496: I/ProcessCheckinRequest(10307):     d: 0
10-16 19:59:23.496: I/ProcessCheckinRequest(10307):     d: 1
10-16 19:59:23.496: I/ProcessCheckinRequest(10307):     d: 2
10-16 19:59:23.496: I/ProcessCheckinRequest(10307):     e: "310260123400000"
10-16 19:59:23.496: I/ProcessCheckinRequest(10307):     g: "\244\240"
10-16 19:59:23.496: I/ProcessCheckinRequest(10307):   >
10-16 19:59:23.496: I/ProcessCheckinRequest(10307): >
10-16 19:59:23.496: I/ProcessCheckinRequest(10307): l: "[VS2WQVCOVYYT3Y3JQZUPAOQ2II-01@cloudtestlabaccounts.com]"
10-16 19:59:23.496: I/ProcessCheckinRequest(10307): m: "America/New_York"
10-16 19:59:23.496: I/ProcessCheckinRequest(10307): n: 2244396717048110102
10-16 19:59:23.496: I/ProcessCheckinRequest(10307): o: 3
10-16 19:59:23.496: I/ProcessCheckinRequest(10307): p: "71Q6Rn2DDZl1zPDVaaeEHItd+Yg="
10-16 19:59:23.496: I/ProcessCheckinRequest(10307): q <
10-16 19:59:23.496: I/ProcessCheckinRequest(10307):   a: 3
10-16 19:59:23.496: I/ProcessCheckinRequest(10307):   b: 2
10-16 19:59:23.496: I/ProcessCheckinRequest(10307):   c: 1
10-16 19:59:23.496: I/ProcessCheckinRequest(10307):   d: 2
10-16 19:59:23.496: I/ProcessCheckinRequest(10307):   e: true
10-16 19:59:23.496: I/ProcessCheckinRequest(10307):   f: false
10-16 19:59:23.496: I/ProcessCheckinRequest(10307):   g: 560
10-16 19:59:23.496: I/ProcessCheckinRequest(10307):   h: 1440
10-16 19:59:23.496: I/ProcessCheckinRequest(10307):   i: 2392
10-16 19:59:23.496: I/ProcessCheckinRequest(10307):   j: 131072
10-16 19:59:23.496: I/ProcessCheckinRequest(10307):   k: "android.ext.services"
10-16 19:59:23.496: I/ProcessCheckinRequest(10307):   k: "android.ext.shared"
10-16 19:59:23.496: I/ProcessCheckinRequest(10307):   k: "android.test.runner"
10-16 19:59:23.496: I/ProcessCheckinRequest(10307):   k: "com.android.future.usb.accessory"
10-16 19:59:23.496: I/ProcessCheckinRequest(10307):   k: "com.android.location.provider"
10-16 19:59:23.496: I/ProcessCheckinRequest(10307):   k: "com.android.media.remotedisplay"
10-16 19:59:23.496: I/ProcessCheckinRequest(10307):   k: "com.android.mediadrm.signer"
10-16 19:59:23.496: I/ProcessCheckinRequest(10307):   k: "com.google.android.camera2"
10-16 19:59:23.496: I/ProcessCheckinRequest(10307):   k: "com.google.android.dialer.support"
10-16 19:59:23.496: I/ProcessCheckinRequest(10307):   k: "com.google.android.gms"
10-16 19:59:23.496: I/ProcessCheckinRequest(10307):   k: "com.google.android.maps"
10-16 19:59:23.496: I/ProcessCheckinRequest(10307):   k: "com.google.android.media.effects"
10-16 19:59:23.496: I/ProcessCheckinRequest(10307):   k: "javax.obex"
10-16 19:59:23.496: I/ProcessCheckinRequest(10307):   k: "org.apache.http.legacy"
10-16 19:59:23.496: I/ProcessCheckinRequest(10307):   l: "android.hardware.audio.low_latency"
10-16 19:59:23.496: I/ProcessCheckinRequest(10307):   l: "android.hardware.audio.output"
10-16 19:59:23.496: I/ProcessCheckinRequest(10307):   l: "android.hardware.bluetooth"
10-16 19:59:23.496: I/ProcessCheckinRequest(10307):   l: "android.hardware.bluetooth_le"
10-16 19:59:23.496: I/ProcessCheckinRequest(10307):   l: "android.hardware.camera"
10-16 19:59:23.496: I/ProcessCheckinRequest(10307):   l: "android.hardware.camera.any"
10-16 19:59:23.496: I/ProcessCheckinRequest(10307):   l: "android.hardware.camera.autofocus"
10-16 19:59:23.496: I/ProcessCheckinRequest(10307):   l: "android.hardware.camera.flash"
10-16 19:59:23.496: I/ProcessCheckinRequest(10307):   l: "android.hardware.camera.front"
10-16 19:59:23.496: I/ProcessCheckinRequest(10307):   l: "android.hardware.ethernet"
10-16 19:59:23.496: I/ProcessCheckinRequest(10307):   l: "android.hardware.faketouch"
10-16 19:59:23.496: I/ProcessCheckinRequest(10307):   l: "android.hardware.location"
10-16 19:59:23.496: I/ProcessCheckinRequest(10307):   l: "android.hardware.location.gps"
10-16 19:59:23.496: I/ProcessCheckinRequest(10307):   l: "android.hardware.location.network"
10-16 19:59:23.496: I/ProcessCheckinRequest(10307):   l: "android.hardware.microphone"
10-16 19:59:23.496: I/ProcessCheckinRequest(10307):   l: "android.hardware.screen.landscape"
10-16 19:59:23.496: I/ProcessCheckinRequest(10307):   l: "android.hardware.screen.portrait"
10-16 19:59:23.496: I/ProcessCheckinRequest(10307):   l: "android.hardware.sensor.accelerometer"
10-16 19:59:23.496: I/ProcessCheckinRequest(10307):   l: "android.hardware.sensor.barometer"
10-16 19:59:23.496: I/ProcessCheckinRequest(10307):   l: "android.hardware.sensor.compass"
10-16 19:59:23.496: I/ProcessCheckinRequest(10307):   l: "android.hardware.sensor.light"
10-16 19:59:23.496: I/ProcessCheckinRequest(10307):   l: "android.hardware.sensor.proximity"
10-16 19:59:23.496: I/ProcessCheckinRequest(10307):   l: "android.hardware.telephony"
10-16 19:59:23.496: I/ProcessCheckinRequest(10307):   l: "android.hardware.telephony.gsm"
10-16 19:59:23.496: I/ProcessCheckinRequest(10307):   l: "android.hardware.touchscreen"
10-16 19:59:23.496: I/ProcessCheckinRequest(10307):   l: "android.hardware.usb.accessory"
10-16 19:59:23.496: I/ProcessCheckinRequest(10307):   l: "android.hardware.wifi"
10-16 19:59:23.496: I/ProcessCheckinRequest(10307):   l: "android.software.app_widgets"
10-16 19:59:23.496: I/ProcessCheckinRequest(10307):   l: "android.software.backup"
10-16 19:59:23.496: I/ProcessCheckinRequest(10307):   l: "android.software.connectionservice"
10-16 19:59:23.496: I/ProcessCheckinRequest(10307):   l: "android.software.device_admin"
10-16 19:59:23.496: I/ProcessCheckinRequest(10307):   l: "android.software.home_screen"
10-16 19:59:23.496: I/ProcessCheckinRequest(10307):   l: "android.software.input_methods"
10-16 19:59:23.496: I/ProcessCheckinRequest(10307):   l: "android.software.live_wallpaper"
10-16 19:59:23.496: I/ProcessCheckinRequest(10307):   l: "android.software.managed_users"
10-16 19:59:23.496: I/ProcessCheckinRequest(10307):   l: "android.software.print"
10-16 19:59:23.496: I/ProcessCheckinRequest(10307):   l: "android.software.voice_recognizers"
10-16 19:59:23.496: I/ProcessCheckinRequest(10307):   l: "android.software.webview"
10-16 19:59:23.496: I/ProcessCheckinRequest(10307):   l: "com.google.android.feature.EXCHANGE_6_2"
10-16 19:59:23.496: I/ProcessCheckinRequest(10307):   l: "com.google.android.feature.GOOGLE_BUILD"
10-16 19:59:23.496: I/ProcessCheckinRequest(10307):   l: "com.google.android.feature.GOOGLE_EXPERIENCE"
10-16 19:59:23.496: I/ProcessCheckinRequest(10307):   m <
10-16 19:59:23.496: I/ProcessCheckinRequest(10307):     a: "android.hardware.audio.low_latency"
10-16 19:59:23.496: I/ProcessCheckinRequest(10307):     b: 0
10-16 19:59:23.496: I/ProcessCheckinRequest(10307):   >
10-16 19:59:23.496: I/ProcessCheckinRequest(10307):   m <
10-16 19:59:23.496: I/ProcessCheckinRequest(10307):     a: "android.hardware.audio.output"
10-16 19:59:23.496: I/ProcessCheckinRequest(10307):     b: 0
10-16 19:59:23.496: I/ProcessCheckinRequest(10307):   >
10-16 19:59:23.496: I/ProcessCheckinRequest(10307):   m <
10-16 19:59:23.496: I/ProcessCheckinRequest(10307):     a: "android.hardware.bluetooth"
10-16 19:59:23.496: I/ProcessCheckinRequest(10307):     b: 0
10-16 19:59:23.496: I/ProcessCheckinRequest(10307):   >
10-16 19:59:23.496: I/ProcessCheckinRequest(10307):   m <
10-16 19:59:23.496: I/ProcessCheckinRequest(10307):     a: "android.hardware.bluetooth_le"
10-16 19:59:23.496: I/ProcessCheckinRequest(10307):     b: 0
10-16 19:59:23.496: I/ProcessCheckinRequest(10307):   >
10-16 19:59:23.496: I/ProcessCheckinRequest(10307):   m <
10-16 19:59:23.496: I/ProcessCheckinRequest(10307):     a: "android.hardware.camera"
10-16 19:59:23.496: I/ProcessCheckinRequest(10307):     b: 0
10-16 19:59:23.496: I/ProcessCheckinRequest(10307):   >
10-16 19:59:23.496: I/ProcessCheckinRequest(10307):   m <
10-16 19:59:23.496: I/ProcessCheckinRequest(10307):     a: "android.hardware.camera.any"
10-16 19:59:23.496: I/ProcessCheckinRequest(10307):     b: 0
10-16 19:59:23.496: I/ProcessCheckinRequest(10307):   >
10-16 19:59:23.496: I/ProcessCheckinRequest(10307):   m <
10-16 19:59:23.496: I/ProcessCheckinRequest(10307):     a: "android.hardware.camera.autofocus"
10-16 19:59:23.496: I/ProcessCheckinRequest(10307):     b: 0
10-16 19:59:23.496: I/ProcessCheckinRequest(10307):   >
10-16 19:59:23.496: I/ProcessCheckinRequest(10307):   m <
10-16 19:59:23.496: I/ProcessCheckinRequest(10307):     a: "android.hardware.camera.flash"
10-16 19:59:23.496: I/ProcessCheckinRequest(10307):     b: 0
10-16 19:59:23.496: I/ProcessCheckinRequest(10307):   >
10-16 19:59:23.496: I/ProcessCheckinRequest(10307):   m <
10-16 19:59:23.496: I/ProcessCheckinRequest(10307):     a: "android.hardware.camera.front"
10-16 19:59:23.496: I/ProcessCheckinRequest(10307):     b: 0
10-16 19:59:23.496: I/ProcessCheckinRequest(10307):   >
10-16 19:59:23.496: I/ProcessCheckinRequest(10307):   m <
10-16 19:59:23.496: I/ProcessCheckinRequest(10307):     a: "android.hardware.ethernet"
10-16 19:59:23.496: I/ProcessCheckinRequest(10307):     b: 0
10-16 19:59:23.496: I/ProcessCheckinRequest(10307):   >
10-16 19:59:23.496: I/ProcessCheckinRequest(10307):   m <
10-16 19:59:23.496: I/ProcessCheckinRequest(10307):     a: "android.hardware.faketouch"
10-16 19:59:23.496: I/ProcessCheckinRequest(10307):     b: 0
10-16 19:59:23.496: I/ProcessCheckinRequest(10307):   >
10-16 19:59:23.496: I/ProcessCheckinRequest(10307):   m <
10-16 19:59:23.496: I/ProcessCheckinRequest(10307):     a: "android.hardware.location"
10-16 19:59:23.496: I/ProcessCheckinRequest(10307):     b: 0
10-16 19:59:23.496: I/ProcessCheckinRequest(10307):   >
10-16 19:59:23.496: I/ProcessCheckinRequest(10307):   m <
10-16 19:59:23.496: I/ProcessCheckinRequest(10307):     a: "android.hardware.location.gps"
10-16 19:59:23.496: I/ProcessCheckinRequest(10307):     b: 0
10-16 19:59:23.496: I/ProcessCheckinRequest(10307):   >
10-16 19:59:23.496: I/ProcessCheckinRequest(10307):   m <
10-16 19:59:23.496: I/ProcessCheckinRequest(10307):     a: "android.h
10-16 19:59:23.589: I/Remoter(1395): Saved screenshot to '/data/screenshots/__pmv__-0089.jpg'
10-16 19:59:23.810: I/CheckinResponseProcess(10307): From server: 1479 gservices [full]
10-16 19:59:24.033: I/GservicesProvider(2208): main update completed
10-16 19:59:24.062: I/ActivityManager(1697): Start proc 11143:com.google.android.configupdater/u0a5 for broadcast com.google.android.configupdater/.CertPin.CertPinUpdateRequestReceiver
10-16 19:59:24.075: I/CheckinRequestBuilder(10307): Checkin reason type: 4 attempt count: 1
10-16 19:59:24.082: I/Telecom(1697): PhoneAccountRegistrar: SimCallManager queried, returning: null: TSI.gSCM@AGU
10-16 19:59:24.083: I/Babel_telephony(8831): TeleModule.updateConnectionManagerRegistration, registration preference changed from false to false
10-16 19:59:24.083: W/Babel(8831): BAM#gBA: invalid account id: -1
10-16 19:59:24.083: W/Babel(8831): BAM#gBA: invalid account id: -1
10-16 19:59:24.083: I/Babel_telephony(8831): TeleModule.updateIncomingCallRegistration, preferred account for incoming calls changed from: null to null
10-16 19:59:24.097: I/Babel_ConcService(8831): Acquired partial wake lock to keep ConcurrentService alive
10-16 19:59:24.097: I/Babel_ConcService(8831): Released partial wake lock as ConcurrentService became idle
10-16 19:59:24.110: W/System(11143): ClassLoader referenced unknown path: /system/priv-app/ConfigUpdater/lib/x86
10-16 19:59:24.183: E/ActivityThread(10307): Failed to find provider info for com.google.android.wearable.settings
10-16 19:59:24.187: D/DownloadManager(8924): [56] Starting
10-16 19:59:24.203: W/dex2oat(11108): Before Android 4.1, method android.graphics.PorterDuffColorFilter android.support.graphics.drawable.VectorDrawableCompat.updateTintFilter(android.graphics.PorterDuffColorFilter, android.content.res.ColorStateList, android.graphics.PorterDuff$Mode) would have incorrectly overridden the package-private method in android.graphics.drawable.Drawable
10-16 19:59:24.227: W/DownloadManager(8924): [56] Stop requested with status WAITING_FOR_NETWORK: No network associated with requesting UID
10-16 19:59:24.235: D/DownloadManager(8924): [56] Finished with status WAITING_FOR_NETWORK
10-16 19:59:24.246: E/ConfigUpdater(11143): Received malformed URL while handling Gservices.CHANGED_ACTION intent_firewall: null null
10-16 19:59:24.261: E/ConfigUpdater(11143): Received malformed URL while handling Gservices.CHANGED_ACTION apn_db: null null
10-16 19:59:24.271: E/ConfigUpdater(11143): Received malformed URL while handling Gservices.CHANGED_ACTION tzdata: null null
10-16 19:59:24.272: I/art(10307): Do full code cache collection, code=124KB, data=108KB
10-16 19:59:24.276: E/ConfigUpdater(11143): Received malformed URL while handling Gservices.CHANGED_ACTION selinux: null null
10-16 19:59:24.283: E/ConfigUpdater(11143): Received malformed URL while handling Gservices.CHANGED_ACTION carrier_provisioning_urls: null null
10-16 19:59:24.293: I/art(10307): Starting a blocking GC JitCodeCache
10-16 19:59:24.293: I/art(10307): After code cache collection, code=91KB, data=61KB
10-16 19:59:24.314: W/dex2oat(11108): Before Android 4.1, method int android.support.v7.widget.ListViewCompat.lookForSelectablePosition(int, boolean) would have incorrectly overridden the package-private method in android.widget.ListView
10-16 19:59:24.400: W/dex2oat(11108): Before Android 4.1, method boolean com.facebook.share.widget.ShareButtonBase.canShare() would have incorrectly overridden the package-private method in android.widget.TextView
10-16 19:59:24.432: E/ChimeraProxyRslvr(10307): Failed to instantiate com.google.android.gms.checkin.CheckinChimeraService$Receiver: java.lang.ClassNotFoundException: Didn't find class "com.google.android.gms.checkin.CheckinChimeraService$Receiver" on path: DexPathList[[zip file "/system/framework/com.android.location.provider.jar", zip file "/system/framework/com.android.media.remotedisplay.jar", zip file "/data/app/com.google.android.gms-2/base.apk"],nativeLibraryDirectories=[/data/app/com.google.android.gms-2/lib/x86, /system/fake-libs, /data/app/com.google.android.gms-2/base.apk!/lib/x86, /system/lib, /vendor/lib]]
10-16 19:59:24.432: E/ChimeraRcvrProxy(10307): com.google.android.gms.checkin.CheckinServiceReceiver dropping broadcast com.google.gservices.intent.action.GSERVICES_CHANGED
10-16 19:59:24.632: I/NetRec(10314): [762] ConfigChangedIntentOperation.onHandleIntent: Handling an overridden GServices change
10-16 19:59:24.632: I/NetRec(10314): [762] yjf.b: onConfigChanged()
10-16 19:59:24.667: W/dex2oat(11108): Before Android 4.1, method void rx.internal.operators.OnSubscribeGroupJoin$ResultManager.init() would have incorrectly overridden the package-private method in java.util.HashMap
10-16 19:59:24.677: E/ConfigFileUtils(10307): Failed to read config file: /data/user_de/0/com.google.android.gms/app_chimera/current_modulesets.pb (No such file or directory)
10-16 19:59:24.702: I/GCoreUlr(10314): Starting service, intent=Intent { act=com.google.android.location.reporting.ACTION_UPDATE_WORLD cmp=com.google.android.gms/com.google.android.location.reporting.service.DispatchingService (has extras) }, extras=Bundle[{receiverAction=com.google.gservices.intent.action.GSERVICES_CHANGED}]
10-16 19:59:24.714: I/Remoter(1395): Saved screenshot to '/data/screenshots/__pmv__-0090.jpg'
10-16 19:59:24.714: I/ActivityManager(1697): Start proc 11188:com.google.android.partnersetup/u0a21 for broadcast com.google.android.partnersetup/.RlzPingBroadcastReceiver
10-16 19:59:24.804: W/ActivityManager(1697): Unable to start service Intent { cmp=com.google.android.gms/.analytics.service.RefreshEnabledStateService } U=0: not found
10-16 19:59:24.858: W/GmsModuleProvider(10307): Unknown dynamite feature flags
10-16 19:59:24.858: I/DynamiteModule(10307): Considering local module com.google.android.gms.flags:2 and remote module com.google.android.gms.flags:0
10-16 19:59:24.858: I/DynamiteModule(10307): Selected local version of com.google.android.gms.flags
10-16 19:59:24.897: W/art(10314): Suspending all threads took: 17.190ms
10-16 19:59:24.909: W/System(11188): ClassLoader referenced unknown path: /system/priv-app/GooglePartnerSetup/lib/x86
10-16 19:59:24.912: I/art(10314): Background partial concurrent mark sweep GC freed 53214(3MB) AllocSpace objects, 8(948KB) LOS objects, 40% free, 10MB/18MB, paused 18.051ms total 110.658ms
10-16 19:59:25.016: W/Conscrypt(10314): Could not set socket write timeout:
10-16 19:59:25.016: W/Conscrypt(10314):    java.lang.reflect.Method.invoke(Native Method)
10-16 19:59:25.016: W/Conscrypt(10314):    com.google.android.gms.org.conscrypt.Platform.setSocketWriteTimeout(:com.google.android.gms@11519470:13)
10-16 19:59:25.020: W/Conscrypt(10314): Could not set socket write timeout:
10-16 19:59:25.020: W/Conscrypt(10314):    java.lang.reflect.Method.invoke(Native Method)
10-16 19:59:25.020: W/Conscrypt(10314):    com.google.android.gms.org.conscrypt.Platform.setSocketWriteTimeout(:com.google.android.gms@11519470:13)
10-16 19:59:25.030: I/GoogleURLConnFactory(10307): Using platform SSLCertificateSocketFactory
10-16 19:59:25.032: E/ConfigFileUtils(10307): Failed to read config file: /data/user_de/0/com.google.android.gms/app_chimera/current_modulesets.pb (No such file or directory)
10-16 19:59:25.048: I/GCoreUlr(10314): WorldUpdater received intent Intent { act=com.google.android.location.reporting.ACTION_UPDATE_WORLD cmp=com.google.android.gms/com.google.android.location.reporting.service.DispatchingService (has extras) } with receiverAction com.google.gservices.intent.action.GSERVICES_CHANGED
10-16 19:59:25.089: I/FontsSharedState(10307): Updating from directory version 0 to 7 from disk
10-16 19:59:25.097: W/ConfigurationChimeraProvider(10314): Got null configs for com.google.android.gms.chromesync
10-16 19:59:25.118: W/Auth(10314): [GetToken] GetToken failed with status code: INVALID_SCOPE
10-16 19:59:25.182: I/GeofencerStateMachine(10314): sendQueryLocationOptIn
10-16 19:59:25.182: I/GeofencerStateMachine(10314): Network location disabled.
10-16 19:59:25.186: I/MobileDataHub(10307): Using regular flags by method 1
10-16 19:59:25.191: W/ConfigurationChimeraProvider(10314): Got null configs for com.google.android.gms.security
10-16 19:59:25.192: E/CheckinRequestBuilder(10307): Unrecoverable authentication exception: INVALID_SCOPE
10-16 19:59:25.192: E/CheckinRequestBuilder(10307): dzf: INVALID_SCOPE
10-16 19:59:25.192: E/CheckinRequestBuilder(10307): 	at dzj.a(:com.google.android.gms@11519470:16)
10-16 19:59:25.192: E/CheckinRequestBuilder(10307): 	at dzi.a(:com.google.android.gms@11519470:2)
10-16 19:59:25.192: E/CheckinRequestBuilder(10307): 	at dzi.e(:com.google.android.gms@11519470:6)
10-16 19:59:25.192: E/CheckinRequestBuilder(10307): 	at dzg.f(:com.google.android.gms@11519470:3)
10-16 19:59:25.192: E/CheckinRequestBuilder(10307): 	at dzg.a(:com.google.android.gms@11519470:4)
10-16 19:59:25.192: E/CheckinRequestBuilder(10307): 	at kbi.a(:com.google.android.gms@11519470:203)
10-16 19:59:25.192: E/CheckinRequestBuilder(10307): 	at kci.a(:com.google.android.gms@11519470:17)
10-16 19:59:25.192: E/CheckinRequestBuilder(10307): 	at kci.a(:com.google.android.gms@11519470:181)
10-16 19:59:25.192: E/CheckinRequestBuilder(10307): 	at com.google.android.gms.checkin.CheckinChimeraService.a(:com.google.android.gms@11519470:148)
10-16 19:59:25.192: E/CheckinRequestBuilder(10307): 	at kbe.run(:com.google.android.gms@11519470:2)
10-16 19:59:25.192: E/CheckinRequestBuilder(10307): 	at mmo.run(:com.google.android.gms@11519470:25)
10-16 19:59:25.192: E/CheckinRequestBuilder(10307): 	at java.util.concurrent.ThreadPoolExecutor.runWorker(ThreadPoolExecutor.java:1133)
10-16 19:59:25.192: E/CheckinRequestBuilder(10307): 	at java.util.concurrent.ThreadPoolExecutor$Worker.run(ThreadPoolExecutor.java:607)
10-16 19:59:25.192: E/CheckinRequestBuilder(10307): 	at mrv.run(:com.google.android.gms@11519470)
10-16 19:59:25.192: E/CheckinRequestBuilder(10307): 	at java.lang.Thread.run(Thread.java:761)
10-16 19:59:25.203: W/Auth(10314): [GetToken] GetToken failed with status code: INVALID_SCOPE
10-16 19:59:25.208: E/Auth.Api.Credentials(10307): [SyncManager] Error during the sync.
10-16 19:59:25.208: E/Auth.Api.Credentials(10307): dzf: INVALID_SCOPE
10-16 19:59:25.208: E/Auth.Api.Credentials(10307): 	at dzj.a(:com.google.android.gms@11519470:16)
10-16 19:59:25.208: E/Auth.Api.Credentials(10307): 	at dzi.a(:com.google.android.gms@11519470:2)
10-16 19:59:25.208: E/Auth.Api.Credentials(10307): 	at dzi.e(:com.google.android.gms@11519470:6)
10-16 19:59:25.208: E/Auth.Api.Credentials(10307): 	at dzi.d(:com.google.android.gms@11519470:1)
10-16 19:59:25.208: E/Auth.Api.Credentials(10307): 	at dzg.b(:com.google.android.gms@11519470:1)
10-16 19:59:25.208: E/Auth.Api.Credentials(10307): 	at mhp.b(:com.google.android.gms@11519470)
10-16 19:59:25.208: E/Auth.Api.Credentials(10307): 	at mgg.b(:com.google.android.gms@11519470:5)
10-16 19:59:25.208: E/Auth.Api.Credentials(10307): 	at mgw.b(:com.google.android.gms@11519470:9)
10-16 19:59:25.208: E/Auth.Api.Credentials(10307): 	at mgw.a(:com.google.android.gms@11519470:16)
10-16 19:59:25.208: E/Auth.Api.Credentials(10307): 	at mgw.a(:com.google.android.gms@11519470:32)
10-16 19:59:25.208: E/Auth.Api.Credentials(10307): 	at enf.b(:com.google.android.gms@11519470:45)
10-16 19:59:25.208: E/Auth.Api.Credentials(10307): 	at erg.a(:com.google.android.gms@11519470:4)
10-16 19:59:25.208: E/Auth.Api.Credentials(10307): 	at ere.a(:com.google.android.gms@11519470:84)
10-16 19:59:25.208: E/Auth.Api.Credentials(10307): 	at erd.a(:com.google.android.gms@11519470:60)
10-16 19:59:25.208: E/Auth.Api.Credentials(10307): 	at mlr.onPerformSync(:com.google.android.gms@11519470:6)
10-16 19:59:25.208: E/Auth.Api.Credentials(10307): 	at android.content.AbstractThreadedSyncAdapter$SyncThread.run(AbstractThreadedSyncAdapter.java:272)
10-16 19:59:25.213: I/GeofencerStateMachine(10314): sendQueryLocationOptIn
10-16 19:59:25.215: I/GeofencerStateMachine(10314): sendQueryLocationOptIn
10-16 19:59:25.217: I/GeofencerStateMachine(10314): sendQueryLocationOptIn
10-16 19:59:25.218: I/GeofencerStateMachine(10314): sendQueryLocationOptIn
10-16 19:59:25.218: I/GeofencerStateMachine(10314): sendQueryLocationOptIn
10-16 19:59:25.221: I/GeofencerStateMachine(10314): sendQueryLocationOptIn
10-16 19:59:25.223: I/ActivityManager(1697): Killing 10106:com.google.android.deskclock/u0a73 (adj 906): empty #17
10-16 19:59:25.232: I/CmaSystemUpdateService(10307): StartServiceIntentOperation: Intent { act=com.google.gservices.intent.action.GSERVICES_CHANGED flg=0x10 cmp=com.google.android.gms/.chimera.GmsIntentOperationService$PersistentInternalReceiver }
10-16 19:59:25.232: I/CmaSystemUpdateService(10307): receiver: Intent { act=com.google.gservices.intent.action.GSERVICES_CHANGED flg=0x10 cmp=com.google.android.gms/.chimera.GmsIntentOperationService$PersistentInternalReceiver }
10-16 19:59:25.240: I/SystemUpdate(10307): [Installation,ReceiverIntentOperation] Received intent: Intent { act=com.google.gservices.intent.action.GSERVICES_CHANGED flg=0x10 cmp=com.google.android.gms/.chimera.GmsIntentOperationService$PersistentInternalReceiver }.
10-16 19:59:25.246: W/ConfigurationChimeraProvider(10314): Got null configs for com.google.android.gms.update
10-16 19:59:25.247: W/dex2oat(11108): Verification of void android.support.design.widget.BaseTransientBottomBar.<clinit>() took 116.238ms
10-16 19:59:25.260: W/ChimeraUtils(10307): Non Chimera context
10-16 19:59:25.270: D/ActivityManager(1697): cleanUpApplicationRecord -- 10106
10-16 19:59:25.288: I/SystemUpdate(10307): [Execution,InstallationEventIntentOperation] Received intent with event 2.
10-16 19:59:25.298: I/CmaSystemUpdateService(10307): connectivity change: Intent { act=android.net.conn.CONNECTIVITY_CHANGE flg=0x4000010 (has extras) }
10-16 19:59:25.298: I/CmaSystemUpdateService(10307): receiver: Intent { act=android.net.conn.CONNECTIVITY_CHANGE flg=0x4000010 (has extras) }
10-16 19:59:25.306: I/CheckinUtil(10307): Classify the device as Phone.
10-16 19:59:25.309: V/EmulatedCamera_Factory(1408): getCameraInfo: id = 0
10-16 19:59:25.309: V/EmulatedCamera_Camera(1408): getCameraInfo
10-16 19:59:25.309: V/EmulatedCamera_BaseCamera(1408): getCameraInfo
10-16 19:59:25.311: I/OcrModelUpStIntentOp(10307): Updating ocr activity enabled=true (phenotypeFlag=true, lowRamDevice=false, prereqCheck=true)
10-16 19:59:25.319: I/SystemUpdate(10307): [Execution,InstallationIntentOperation] Received intent: Intent { act=com.google.android.gms.update.INSTALL_UPDATE cat=[targeted_intent_op_prefix:.update.execution.InstallationIntentOperation] cmp=com.google.android.gms/.chimera.GmsIntentOperationService }.
10-16 19:59:25.325: I/SystemUpdateTask(10307): cancelUpdate (empty URL)
10-16 19:59:25.326: I/CmaSystemUpdateService(10307): active receiver: disabled
10-16 19:59:25.336: W/art(10307): Suspending all threads took: 7.873ms
10-16 19:59:25.344: I/art(10307): Background partial concurrent mark sweep GC freed 19714(1537KB) AllocSpace objects, 15(608KB) LOS objects, 39% free, 13MB/21MB, paused 9.236ms total 70.507ms
10-16 19:59:25.412: E/ConfigFileUtils(10307): Failed to read config file: /data/user_de/0/com.google.android.gms/app_chimera/current_modulesets.pb (No such file or directory)
10-16 19:59:25.438: W/dex2oat(11108): Verification of void android.support.design.widget.CoordinatorLayout.onMeasure(int, int) took 103.984ms
10-16 19:59:25.444: I/GCoreUlr(10314): WorldUpdater:com.google.gservices.intent.action.GSERVICES_CHANGED: Ensuring that reporting is stopped because of reasons: {account#18#=[InactiveReason{mIdentifier=10, mName='AuthError'}, InactiveReason{mIdentifier=6, mName='ReportingNotEnabled'}, InactiveReason{mIdentifier=14, mName='HistoryNotEnabled'}]}
10-16 19:59:25.448: I/SystemUpdateTask(10307): cancelUpdate (empty URL)
10-16 19:59:25.448: I/CmaSystemUpdateService(10307): active receiver: disabled
10-16 19:59:25.464: I/GCoreUlr(10314): Unbound from all location providers
10-16 19:59:25.464: I/GCoreUlr(10314): Place inference reporting - stop
10-16 19:59:25.465: I/GCoreUlr(10314): Unregistering for aliased place alerts.
10-16 19:59:25.478: I/GCoreUlr(10314): DispatchingService.onDestroy()
10-16 19:59:25.482: I/GCoreUlr(10314): Stopping handler for UlrDispSvcFast
10-16 19:59:25.484: I/GCoreUlr(10314): Unbound from all location providers
10-16 19:59:25.484: I/GCoreUlr(10314): Place inference reporting - stop
10-16 19:59:25.486: I/OcrModelUpStIntentOp(10307): Downloading text recognizer
10-16 19:59:25.489: I/Vision(10307): Supported ABIS: [x86, armeabi-v7a, armeabi]
10-16 19:59:25.504: I/Vision(10307): Engine already satisfied by existing download for ocr
10-16 19:59:25.504: I/GCoreUlr(10314): Unregistering for aliased place alerts.
10-16 19:59:25.505: I/Icing(10307): Indexing 46F205FCB023A71BB8181F093A553468EBB51225 from com.google.android.gms
10-16 19:59:25.508: I/Places(10314): ?: Couldn't find platform key file.
10-16 19:59:25.510: I/Icing(10307): Indexing done 46F205FCB023A71BB8181F093A553468EBB51225
10-16 19:59:25.511: I/Icing(10307): Indexing 2B3918B6139F3A0B1619F3C0FAE39DE588A18204 from com.google.android.gms
10-16 19:59:25.513: I/Icing(10307): Indexing done 2B3918B6139F3A0B1619F3C0FAE39DE588A18204
10-16 19:59:25.514: I/Icing(10307): Indexing 471CDC362AD1D1CB70C091C320E7083C34641E68 from com.google.android.gms
10-16 19:59:25.546: I/Icing(10307): Indexing done 471CDC362AD1D1CB70C091C320E7083C34641E68
10-16 19:59:25.555: I/Icing(10307): Indexing 850945EBB5973DAEEDF9F1A0D4B756D3CC293FF9 from com.google.android.gms
10-16 19:59:25.626: I/Icing(10307): Indexing done 850945EBB5973DAEEDF9F1A0D4B756D3CC293FF9
10-16 19:59:25.628: I/Icing(10307): Not indexing corpus from package com.android.chrome as it has never connected
10-16 19:59:25.628: E/Icing(10307): Aborting indexing of corpus omnibox
10-16 19:59:25.631: I/GeofencerStateMachine(10314): removeGeofences: removeRequest=RemoveGeofencingRequest[REMOVE_BY_PENDING_INTENT pendingIntent=PendingIntent[creatorPackage=com.google.android.gms], packageName=null]
10-16 19:59:25.632: I/GeofencerStateMachine(10314): removeGeofences: removeRequest=RemoveGeofencingRequest[REMOVE_BY_PENDING_INTENT pendingIntent=PendingIntent[creatorPackage=com.google.android.gms], packageName=null]
10-16 19:59:25.638: I/Places(10314): ?: Couldn't find platform key file.
10-16 19:59:25.645: I/Icing(10307): Indexing 51C3B5AF46497F3011638FECF638F1B31437CA73 from com.google.android.gms
10-16 19:59:25.664: W/Auth(10314): [GetToken] GetToken failed with status code: INVALID_SCOPE
10-16 19:59:25.665: E/HeterodyneSyncer(10314): Failed to get auth token: INVALID_SCOPE
10-16 19:59:25.665: E/HeterodyneSyncer(10314): dzf: INVALID_SCOPE
10-16 19:59:25.665: E/HeterodyneSyncer(10314): 	at dzj.a(:com.google.android.gms@11519470:16)
10-16 19:59:25.665: E/HeterodyneSyncer(10314): 	at dzi.a(:com.google.android.gms@11519470:2)
10-16 19:59:25.665: E/HeterodyneSyncer(10314): 	at dzi.e(:com.google.android.gms@11519470:6)
10-16 19:59:25.665: E/HeterodyneSyncer(10314): 	at dzg.f(:com.google.android.gms@11519470:3)
10-16 19:59:25.665: E/HeterodyneSyncer(10314): 	at dzg.a(:com.google.android.gms@11519470:4)
10-16 19:59:25.665: E/HeterodyneSyncer(10314): 	at dzg.a(:com.google.android.gms@11519470:7)
10-16 19:59:25.665: E/HeterodyneSyncer(10314): 	at aazh.a(:com.google.android.gms@11519470:30)
10-16 19:59:25.665: E/HeterodyneSyncer(10314): 	at aazj.a(:com.google.android.gms@11519470:27)
10-16 19:59:25.665: E/HeterodyneSyncer(10314): 	at aazj.a(:com.google.android.gms@11519470:158)
10-16 19:59:25.665: E/HeterodyneSyncer(10314): 	at aazj.a(:com.google.android.gms@11519470:284)
10-16 19:59:25.665: E/HeterodyneSyncer(10314): 	at com.google.android.gms.phenotype.sync.HeterodyneSyncTaskChimeraService.a(:com.google.android.gms@11519470:40)
10-16 19:59:25.665: E/HeterodyneSyncer(10314): 	at com.google.android.gms.phenotype.sync.HeterodyneSyncTaskChimeraService.a(:com.google.android.gms@11519470:19)
10-16 19:59:25.665: E/HeterodyneSyncer(10314): 	at ssv.run(:com.google.android.gms@11519470:1)
10-16 19:59:25.665: E/HeterodyneSyncer(10314): 	at java.util.concurrent.ThreadPoolExecutor.runWorker(ThreadPoolExecutor.java:1133)
10-16 19:59:25.665: E/HeterodyneSyncer(10314): 	at java.util.concurrent.ThreadPoolExecutor$Worker.run(ThreadPoolExecutor.java:607)
10-16 19:59:25.665: E/HeterodyneSyncer(10314): 	at java.lang.Thread.run(Thread.java:761)
10-16 19:59:25.668: I/GeofencerStateMachine(10314): removeGeofences: removeRequest=RemoveGeofencingRequest[REMOVE_BY_PENDING_INTENT pendingIntent=PendingIntent[creatorPackage=com.google.android.gms], packageName=null]
10-16 19:59:25.671: I/GeofencerStateMachine(10314): removeGeofences: removeRequest=RemoveGeofencingRequest[REMOVE_BY_PENDING_INTENT pendingIntent=PendingIntent[creatorPackage=com.google.android.gms], packageName=null]
10-16 19:59:25.672: I/GeofencerStateMachine(10314): removeGeofences: removeRequest=RemoveGeofencingRequest[REMOVE_BY_PENDING_INTENT pendingIntent=PendingIntent[creatorPackage=com.google.android.gms], packageName=null]
10-16 19:59:25.679: I/Icing(10307): Indexing done 51C3B5AF46497F3011638FECF638F1B31437CA73
10-16 19:59:25.686: I/GeofencerStateMachine(10314): removeGeofences: removeRequest=RemoveGeofencingRequest[REMOVE_BY_PENDING_INTENT pendingIntent=PendingIntent[creatorPackage=com.google.android.gms], packageName=null]
10-16 19:59:25.711: W/HeterodyneSyncer(10314): Server returned 401... invalidating auth token
10-16 19:59:25.739: I/Icing(10307): Usage reports 0 indexed 0 rejected 0 imm upload false
10-16 19:59:25.750: I/NetRec(10314): [633] ConfigChangedIntentOperation.onHandleIntent: Handling a Phenotype update
10-16 19:59:25.750: I/NetRec(10314): [633] yjf.b: onConfigChanged()
10-16 19:59:25.849: W/dex2oat(11108): Verification of void android.support.v4.media.MediaBrowserCompat$MediaBrowserImplBase.subscribe(java.lang.String, android.os.Bundle, android.support.v4.media.MediaBrowserCompat$SubscriptionCallback) took 138.002ms
10-16 19:59:25.865: I/WVCdm(1413): CdmEngine::OpenSession
10-16 19:59:25.865: I/WVCdm(1413): Level3 Library 4464 Sep 10 2016 21:49:53
10-16 19:59:25.869: I/ActivityManager(1697): Start proc 11245:com.google.android.dialer/u0a16 for broadcast com.google.android.dialer/com.google.android.apps.dialer.phenotype.UpdateBroadcastReceiver
10-16 19:59:25.893: I/Remoter(1395): Saved screenshot to '/data/screenshots/__pmv__-0091.jpg'
10-16 19:59:25.899: W/WVCdm(1413): Could not load liboemcrypto.so. Falling back to L3.  dlopen failed: library "liboemcrypto.so" not found
10-16 19:59:25.900: I/WVCdm(1413): CdmEngine::QueryKeyControlInfo
10-16 19:59:25.906: I/WVCdm(1413): CdmEngine::GenerateKeyRequest
10-16 19:59:25.906: D/WVCdm(1413): PrepareKeyRequest: nonce=1184696878
10-16 19:59:25.920: W/UdcContextManagerHelper(10314): Empty context buffer. Thus might mean that the context is not synced down.
10-16 19:59:25.920: W/UploadOptInStatusOp(10314): Empty context model while retrieving upload opt-in status!
10-16 19:59:26.009: W/System(11245): ClassLoader referenced unknown path: /system/framework/com.google.android.dialer.support.jar
10-16 19:59:26.011: W/System(11245): ClassLoader referenced unknown path: /system/priv-app/GoogleDialer/lib/x86
10-16 19:59:26.042: E/ctxmgr(10314): [NetworkUtil]No active synchronizable contexts.
10-16 19:59:26.049: I/NetRec(10314): [633] ConfigChangedIntentOperation.onHandleIntent: Handling a Phenotype update
10-16 19:59:26.049: I/NetRec(10314): [633] yjf.b: onConfigChanged()
10-16 19:59:26.065: I/NetRec(10314): [761] ConfigChangedIntentOperation.onHandleIntent: Handling a Phenotype update
10-16 19:59:26.065: I/NetRec(10314): [761] yjf.b: onConfigChanged()
10-16 19:59:26.087: E/ProcessCheckinRequest(10307): CheckinNowTaskTag : Checkin Succeeded: https://android.clients.google.com/checkin (request #1): 
10-16 19:59:26.131: I/Dialer(11245): ShortcutsJobScheduler.scheduleAllJobs
10-16 19:59:26.132: I/ActivityManager(1697): Start proc 11272:com.google.android.gms.feedback/u0a14 for service com.google.android.gms/.feedback.FeedbackService
10-16 19:59:26.137: I/Dialer(11245): ShortcutsJobScheduler, enabling shortcuts
10-16 19:59:26.137: I/Dialer(11245): PeriodicJobService.schedulePeriodicJob
10-16 19:59:26.138: I/Dialer(11245): PeriodicJobService, job already scheduled.
10-16 19:59:26.163: I/Icing(10307): Indexing done 241B09F6E3C69FD9792618117EAD9E8F2E42DB55
10-16 19:59:26.164: I/Icing(10307): Indexing DCEAA18E558319C85E9C6151DAEE8B9BF255171A from com.google.android.videos
10-16 19:59:26.301: I/ActivityManager(1697): Start proc 11300:com.google.android.apps.gcs/u0a13 for broadcast com.google.android.apps.gcs/com.google.android.flib.phenotype.receivers.PhenotypeExperimentsChangedReceiver
10-16 19:59:26.333: I/NetRec(10314): [764] ConfigChangedIntentOperation.onHandleIntent: Handling a Phenotype update
10-16 19:59:26.333: I/NetRec(10314): [764] yjf.b: onConfigChanged()
10-16 19:59:26.340: I/LoadedApk(11272): No resource references to update in package FFFFFFFFFFFFFFFFFFFFFF
10-16 19:59:26.232: I/Binder:10599_4(10599): type=1400 audit(0.0:138): avc: denied { read } for name="/" dev="tmpfs" ino=6501 scontext=u:r:priv_app:s0:c512,c768 tcontext=u:object_r:device:s0 tclass=dir permissive=1
10-16 19:59:26.397: I/Icing(10307): Indexing done DCEAA18E558319C85E9C6151DAEE8B9BF255171A
10-16 19:59:26.488: W/dex2oat(11108): Verification of void android.support.v7.widget.ActionBarOverlayLayout.dismissPopups() took 121.199ms
10-16 19:59:26.492: W/System(11300): ClassLoader referenced unknown path: /system/priv-app/GCS/lib/x86
10-16 19:59:26.499: V/NativeCrypto(11272): Registering com/google/android/gms/org/conscrypt/NativeCrypto's 259 native methods...
10-16 19:59:26.507: W/dex2oat(11108): Verification of void android.support.v7.widget.AppCompatAutoCompleteTextView.<init>(android.content.Context) took 110.278ms
10-16 19:59:26.520: D/NetworkSecurityConfig(11272): No Network Security Config specified, using platform default
10-16 19:59:26.521: I/ProviderInstaller(11272): Installed default security provider GmsCore_OpenSSL
10-16 19:59:26.575: W/Auth(10314): [GetToken] GetToken failed with status code: INVALID_SCOPE
10-16 19:59:26.576: W/AuthSessionAuthenticato(10314): Auth related exception is being ignored: INVALID_SCOPE
10-16 19:59:26.602: W/GLSUser(10314): [DeviceKeyStore] Cannot load key: Device key file not found.
10-16 19:59:26.618: W/GLSUser(10314): [DeviceKeyStore] Cannot load key: Device key file not found.
10-16 19:59:26.625: E/ctxmgr(10314): [BaseServerTask]Server task (FetchAclSet) got error statusCode=-1.
10-16 19:59:26.625: E/ctxmgr(10314): com.android.volley.VolleyError: Unable to obtain auth token - is the device online?
10-16 19:59:26.625: E/ctxmgr(10314): 	at ciz.a(:com.google.android.gms@11519470:39)
10-16 19:59:26.625: E/ctxmgr(10314): 	at cei.run(:com.google.android.gms@11519470:2)
10-16 19:59:26.625: E/ctxmgr(10314): 	at ceg.handleMessage(:com.google.android.gms@11519470:3)
10-16 19:59:26.625: E/ctxmgr(10314): 	at mme.run(:com.google.android.gms@11519470:6)
10-16 19:59:26.625: E/ctxmgr(10314): 	at mmo.run(:com.google.android.gms@11519470:25)
10-16 19:59:26.625: E/ctxmgr(10314): 	at java.util.concurrent.ThreadPoolExecutor.runWorker(ThreadPoolExecutor.java:1133)
10-16 19:59:26.625: E/ctxmgr(10314): 	at java.util.concurrent.ThreadPoolExecutor$Worker.run(ThreadPoolExecutor.java:607)
10-16 19:59:26.625: E/ctxmgr(10314): 	at mrv.run(:com.google.android.gms@11519470)
10-16 19:59:26.625: E/ctxmgr(10314): 	at java.lang.Thread.run(Thread.java:761)
10-16 19:59:26.701: W/InstanceID/Rpc(11300): Found 10014
10-16 19:59:26.709: I/GAv4(11300): Google Analytics 8.4.87 is starting up. To enable debug logging on a device run:
10-16 19:59:26.709: I/GAv4(11300):   adb shell setprop log.tag.GAv4 DEBUG
10-16 19:59:26.709: I/GAv4(11300):   adb logcat -s GAv4
10-16 19:59:26.719: W/GAv4(11300): AnalyticsReceiver is not registered or is disabled. Register the receiver for reliable dispatching on non-Google Play devices. See http://goo.gl/8Rd3yj for instructions.
10-16 19:59:26.738: W/GAv4(11300): CampaignTrackingReceiver is not registered, not exported or is disabled. Installation campaign tracking is not possible. See http://goo.gl/8Rd3yj for instructions.
10-16 19:59:26.747: E/ctxmgr(10314): [AccountAclCallback]Failed Acl fetch: network status=-1
10-16 19:59:26.757: W/GAv4(11300): AnalyticsService not registered in the app manifest. Hits might not be delivered reliably. See http://goo.gl/8Rd3yj for instructions.
10-16 19:59:26.757: I/ActivityManager(1697): Killing 10556:com.google.android.apps.auth.test.support/u0a85 (adj 906): empty #17
10-16 19:59:26.793: W/OcrModelUpStIntentOp(10307): Invalid action: com.google.android.gms.phenotype.COMMITTED
10-16 19:59:26.793: E/IntentOperationSvc(10307): Failed to instantiate Chimera operation impl com.google.android.gms.people.service.SettingsChangedBroadcastIntentOperation, dropping operation
10-16 19:59:26.793: E/IntentOperationSvc(10307): java.lang.reflect.InvocationTargetException
10-16 19:59:26.793: E/IntentOperationSvc(10307): 	at java.lang.reflect.Constructor.newInstance0(Native Method)
10-16 19:59:26.793: E/IntentOperationSvc(10307): 	at java.lang.reflect.Constructor.newInstance(Constructor.java:430)
10-16 19:59:26.793: E/IntentOperationSvc(10307): 	at bwj.a(:com.google.android.gms@11519470:8)
10-16 19:59:26.793: E/IntentOperationSvc(10307): 	at bwk.run(:com.google.android.gms@11519470:69)
10-16 19:59:26.793: E/IntentOperationSvc(10307): 	at java.util.concurrent.ThreadPoolExecutor.runWorker(ThreadPoolExecutor.java:1133)
10-16 19:59:26.793: E/IntentOperationSvc(10307): 	at java.util.concurrent.ThreadPoolExecutor$Worker.run(ThreadPoolExecutor.java:607)
10-16 19:59:26.793: E/IntentOperationSvc(10307): 	at java.lang.Thread.run(Thread.java:761)
10-16 19:59:26.793: E/IntentOperationSvc(10307): Caused by: java.lang.NullPointerException: Attempt to invoke virtual method 'android.content.SharedPreferences android.content.Context.getSharedPreferences(java.lang.String, int)' on a null object reference
10-16 19:59:26.793: E/IntentOperationSvc(10307): 	at android.content.ContextWrapper.getSharedPreferences(ContextWrapper.java:164)
10-16 19:59:26.793: E/IntentOperationSvc(10307): 	at zbv.a(:com.google.android.gms@11519470:6)
10-16 19:59:26.793: E/IntentOperationSvc(10307): 	at com.google.android.gms.people.service.SettingsChangedBroadcastIntentOperation.<init>(:com.google.android.gms@11519470:2)
10-16 19:59:26.793: E/IntentOperationSvc(10307): 	... 7 more
10-16 19:59:26.798: D/ActivityManager(1697): cleanUpApplicationRecord -- 10556
10-16 19:59:26.800: I/PTCommittedOperation(10314): Receive new configuration for com.google.android.gms.people
10-16 19:59:26.817: E/IntentOperationSvc(10307): Failed to instantiate Chimera operation impl com.google.android.gms.people.service.SettingsChangedBroadcastIntentOperation, dropping operation
10-16 19:59:26.817: E/IntentOperationSvc(10307): java.lang.reflect.InvocationTargetException
10-16 19:59:26.817: E/IntentOperationSvc(10307): 	at java.lang.reflect.Constructor.newInstance0(Native Method)
10-16 19:59:26.817: E/IntentOperationSvc(10307): 	at java.lang.reflect.Constructor.newInstance(Constructor.java:430)
10-16 19:59:26.817: E/IntentOperationSvc(10307): 	at bwj.a(:com.google.android.gms@11519470:8)
10-16 19:59:26.817: E/IntentOperationSvc(10307): 	at bwk.run(:com.google.android.gms@11519470:69)
10-16 19:59:26.817: E/IntentOperationSvc(10307): 	at java.util.concurrent.ThreadPoolExecutor.runWorker(ThreadPoolExecutor.java:1133)
10-16 19:59:26.817: E/IntentOperationSvc(10307): 	at java.util.concurrent.ThreadPoolExecutor$Worker.run(ThreadPoolExecutor.java:607)
10-16 19:59:26.817: E/IntentOperationSvc(10307): 	at java.lang.Thread.run(Thread.java:761)
10-16 19:59:26.817: E/IntentOperationSvc(10307): Caused by: java.lang.NullPointerException: Attempt to invoke virtual method 'android.content.SharedPreferences android.content.Context.getSharedPreferences(java.lang.String, int)' on a null object reference
10-16 19:59:26.817: E/IntentOperationSvc(10307): 	at android.content.ContextWrapper.getSharedPreferences(ContextWrapper.java:164)
10-16 19:59:26.817: E/IntentOperationSvc(10307): 	at zbv.a(:com.google.android.gms@11519470:6)
10-16 19:59:26.817: E/IntentOperationSvc(10307): 	at com.google.android.gms.people.service.SettingsChangedBroadcastIntentOperation.<init>(:com.google.android.gms@11519470:2)
10-16 19:59:26.817: E/IntentOperationSvc(10307): 	... 7 more
10-16 19:59:26.817: W/OcrModelUpStIntentOp(10307): Invalid action: com.google.android.gms.phenotype.COMMITTED
10-16 19:59:26.818: W/art(11272): Suspending all threads took: 5.588ms
10-16 19:59:26.821: I/PTCommittedOperation(10314): Receive new configuration for com.google.android.gms.devicedoctor
10-16 19:59:26.821: I/PTCommittedOperation(10314): Running Fixer Framework for com.google.android.gms.devicedoctor
10-16 19:59:26.885: W/dex2oat(11108): Verification of void bolts.WebViewAppLinkResolver$2.<init>(bolts.WebViewAppLinkResolver, bolts.Capture, android.net.Uri, bolts.Capture) took 178.623ms
10-16 19:59:26.888: I/Icing(10307): Indexing 1B7594F4EE77AE382612EE5F93BE44937B96AFA2 from com.google.android.videos
10-16 19:59:26.911: I/ActivityManager(1697): Killing 10781:com.google.android.play.games.ui/u0a71 (adj 906): empty #17
10-16 19:59:26.920: I/DynamiteModule(11272): Considering local module com.google.android.gms.googlecertificates:4 and remote module com.google.android.gms.googlecertificates:4
10-16 19:59:26.920: I/DynamiteModule(11272): Selected local version of com.google.android.gms.googlecertificates
10-16 19:59:26.960: W/dex2oat(11108): Verification of long com.amplitude.api.AmplitudeClient.logEvent(java.lang.String, org.json.JSONObject, org.json.JSONObject, org.json.JSONObject, org.json.JSONObject, long, boolean) took 193.078ms
10-16 19:59:27.038: I/art(10314): Do full code cache collection, code=242KB, data=222KB
10-16 19:59:27.039: I/art(10314): Starting a blocking GC JitCodeCache
10-16 19:59:27.039: I/art(10314): After code cache collection, code=224KB, data=182KB
10-16 19:59:27.039: I/Remoter(1395): Saved screenshot to '/data/screenshots/__pmv__-0092.jpg'
10-16 19:59:27.063: I/WVCdm(1413): CdmEngine::CloseSession
10-16 19:59:27.063: D/ActivityManager(1697): cleanUpApplicationRecord -- 10781
10-16 19:59:27.064: I/Icing(10307): Indexing done 1B7594F4EE77AE382612EE5F93BE44937B96AFA2
10-16 19:59:27.069: W/ConfigurationChimeraProvider(10314): Got null configs for com.google.android.gms.ads
10-16 19:59:27.196: I/PhenotypeUpdate(1773): onReceive()
10-16 19:59:27.243: I/HeterodyneSyncScheduler(10314): Scheduling adaptive one off task with window [14400, 604800] in seconds
10-16 19:59:27.248: I/NetRec(10314): [761] ConfigChangedIntentOperation.onHandleIntent: Handling a Phenotype update
10-16 19:59:27.248: I/NetRec(10314): [761] yjf.b: onConfigChanged()
10-16 19:59:27.278: E/IntentOperationSvc(10307): Failed to instantiate Chimera operation impl com.google.android.gms.people.service.SettingsChangedBroadcastIntentOperation, dropping operation
10-16 19:59:27.278: E/IntentOperationSvc(10307): java.lang.reflect.InvocationTargetException
10-16 19:59:27.278: E/IntentOperationSvc(10307): 	at java.lang.reflect.Constructor.newInstance0(Native Method)
10-16 19:59:27.278: E/IntentOperationSvc(10307): 	at java.lang.reflect.Constructor.newInstance(Constructor.java:430)
10-16 19:59:27.278: E/IntentOperationSvc(10307): 	at bwj.a(:com.google.android.gms@11519470:8)
10-16 19:59:27.278: E/IntentOperationSvc(10307): 	at bwk.run(:com.google.android.gms@11519470:69)
10-16 19:59:27.278: E/IntentOperationSvc(10307): 	at java.util.concurrent.ThreadPoolExecutor.runWorker(ThreadPoolExecutor.java:1133)
10-16 19:59:27.278: E/IntentOperationSvc(10307): 	at java.util.concurrent.ThreadPoolExecutor$Worker.run(ThreadPoolExecutor.java:607)
10-16 19:59:27.278: E/IntentOperationSvc(10307): 	at java.lang.Thread.run(Thread.java:761)
10-16 19:59:27.278: E/IntentOperationSvc(10307): Caused by: java.lang.NullPointerException: Attempt to invoke virtual method 'android.content.SharedPreferences android.content.Context.getSharedPreferences(java.lang.String, int)' on a null object reference
10-16 19:59:27.278: E/IntentOperationSvc(10307): 	at android.content.ContextWrapper.getSharedPreferences(ContextWrapper.java:164)
10-16 19:59:27.278: E/IntentOperationSvc(10307): 	at zbv.a(:com.google.android.gms@11519470:6)
10-16 19:59:27.278: E/IntentOperationSvc(10307): 	at com.google.android.gms.people.service.SettingsChangedBroadcastIntentOperation.<init>(:com.google.android.gms@11519470:2)
10-16 19:59:27.278: E/IntentOperationSvc(10307): 	... 7 more
10-16 19:59:27.278: W/OcrModelUpStIntentOp(10307): Invalid action: com.google.android.gms.phenotype.COMMITTED
10-16 19:59:27.282: I/PTCommittedOperation(10314): Receive new configuration for com.google.android.gms.icing
10-16 19:59:27.288: W/dex2oat(11108): Verification of boolean com.crashlytics.android.core.CrashlyticsCore.verifyPinning(java.net.URL) took 251.189ms
10-16 19:59:26.232: I/Binder:10599_4(10599): type=1400 audit(0.0:139): avc: denied { open } for path="/dev" dev="tmpfs" ino=6501 scontext=u:r:priv_app:s0:c512,c768 tcontext=u:object_r:device:s0 tclass=dir permissive=1
10-16 19:59:27.417: W/dex2oat(11108): Verification of android.util.Pair com.facebook.imageutils.WebpUtil.getVP8LDimension(java.io.InputStream) took 123.919ms
10-16 19:59:27.433: W/dex2oat(11108): Verification of void com.facebook.imagepipeline.producers.NetworkFetchProducer$1.<init>(com.facebook.imagepipeline.producers.NetworkFetchProducer, com.facebook.imagepipeline.producers.FetchState) took 156.104ms
10-16 19:59:27.440: W/UdcContextManagerHelper(10314): Empty context buffer. Thus might mean that the context is not synced down.
10-16 19:59:27.440: W/UploadOptInStatusOp(10314): Empty context model while retrieving upload opt-in status!
10-16 19:59:27.447: E/ctxmgr(10314): [NetworkUtil]No active synchronizable contexts.
10-16 19:59:27.488: I/NetRec(10314): [781] ConfigChangedIntentOperation.onHandleIntent: Handling a Phenotype update
10-16 19:59:27.489: I/NetRec(10314): [781] yjf.b: onConfigChanged()
10-16 19:59:27.491: W/OcrModelUpStIntentOp(10307): Invalid action: com.google.android.gms.phenotype.COMMITTED
10-16 19:59:27.495: I/PTCommittedOperation(10314): Receive new configuration for com.google.android.gms.magictether
10-16 19:59:27.496: E/IntentOperationSvc(10307): Failed to instantiate Chimera operation impl com.google.android.gms.people.service.SettingsChangedBroadcastIntentOperation, dropping operation
10-16 19:59:27.496: E/IntentOperationSvc(10307): java.lang.reflect.InvocationTargetException
10-16 19:59:27.496: E/IntentOperationSvc(10307): 	at java.lang.reflect.Constructor.newInstance0(Native Method)
10-16 19:59:27.496: E/IntentOperationSvc(10307): 	at java.lang.reflect.Constructor.newInstance(Constructor.java:430)
10-16 19:59:27.496: E/IntentOperationSvc(10307): 	at bwj.a(:com.google.android.gms@11519470:8)
10-16 19:59:27.496: E/IntentOperationSvc(10307): 	at bwk.run(:com.google.android.gms@11519470:69)
10-16 19:59:27.496: E/IntentOperationSvc(10307): 	at java.util.concurrent.ThreadPoolExecutor.runWorker(ThreadPoolExecutor.java:1133)
10-16 19:59:27.496: E/IntentOperationSvc(10307): 	at java.util.concurrent.ThreadPoolExecutor$Worker.run(ThreadPoolExecutor.java:607)
10-16 19:59:27.496: E/IntentOperationSvc(10307): 	at java.lang.Thread.run(Thread.java:761)
10-16 19:59:27.496: E/IntentOperationSvc(10307): Caused by: java.lang.NullPointerException: Attempt to invoke virtual method 'android.content.SharedPreferences android.content.Context.getSharedPreferences(java.lang.String, int)' on a null object reference
10-16 19:59:27.496: E/IntentOperationSvc(10307): 	at android.content.ContextWrapper.getSharedPreferences(ContextWrapper.java:164)
