10-16 19:59:27.496: E/IntentOperationSvc(10307): 	at zbv.a(:com.google.android.gms@11519470:6)
10-16 19:59:27.496: E/IntentOperationSvc(10307): 	at com.google.android.gms.people.service.SettingsChangedBroadcastIntentOperation.<init>(:com.google.android.gms@11519470:2)
10-16 19:59:27.496: E/IntentOperationSvc(10307): 	... 7 more
10-16 19:59:27.499: E/IntentOperationSvc(10307): Failed to instantiate Chimera operation impl com.google.android.gms.people.service.SettingsChangedBroadcastIntentOperation, dropping operation
10-16 19:59:27.499: E/IntentOperationSvc(10307): java.lang.reflect.InvocationTargetException
10-16 19:59:27.499: E/IntentOperationSvc(10307): 	at java.lang.reflect.Constructor.newInstance0(Native Method)
10-16 19:59:27.499: E/IntentOperationSvc(10307): 	at java.lang.reflect.Constructor.newInstance(Constructor.java:430)
10-16 19:59:27.499: E/IntentOperationSvc(10307): 	at bwj.a(:com.google.android.gms@11519470:8)
10-16 19:59:27.499: E/IntentOperationSvc(10307): 	at bwk.run(:com.google.android.gms@11519470:69)
10-16 19:59:27.499: E/IntentOperationSvc(10307): 	at java.util.concurrent.ThreadPoolExecutor.runWorker(ThreadPoolExecutor.java:1133)
10-16 19:59:27.499: E/IntentOperationSvc(10307): 	at java.util.concurrent.ThreadPoolExecutor$Worker.run(ThreadPoolExecutor.java:607)
10-16 19:59:27.499: E/IntentOperationSvc(10307): 	at java.lang.Thread.run(Thread.java:761)
10-16 19:59:27.499: E/IntentOperationSvc(10307): Caused by: java.lang.NullPointerException: Attempt to invoke virtual method 'android.content.SharedPreferences android.content.Context.getSharedPreferences(java.lang.String, int)' on a null object reference
10-16 19:59:27.499: E/IntentOperationSvc(10307): 	at android.content.ContextWrapper.getSharedPreferences(ContextWrapper.java:164)
10-16 19:59:27.499: E/IntentOperationSvc(10307): 	at zbv.a(:com.google.android.gms@11519470:6)
10-16 19:59:27.499: E/IntentOperationSvc(10307): 	at com.google.android.gms.people.service.SettingsChangedBroadcastIntentOperation.<init>(:com.google.android.gms@11519470:2)
10-16 19:59:27.499: E/IntentOperationSvc(10307): 	... 7 more
10-16 19:59:27.572: I/ActivityManager(1697): Killing 10651:com.android.chrome/u0a43 (adj 906): empty #17
10-16 19:59:27.579: W/OcrModelUpStIntentOp(10307): Invalid action: com.google.android.gms.phenotype.COMMITTED
10-16 19:59:27.594: W/Auth(10314): [GetToken] GetToken failed with status code: INVALID_SCOPE
10-16 19:59:27.596: W/AuthSessionAuthenticato(10314): Auth related exception is being ignored: INVALID_SCOPE
10-16 19:59:27.606: I/MagicTether(10314): [HostValidator] InvalidHost. MobileData: true, Tethering: true, whitelist: false, ble: true
10-16 19:59:27.613: W/GLSUser(10314): [DeviceKeyStore] Cannot load key: Device key file not found.
10-16 19:59:27.613: W/GLSUser(10314): [DeviceKeyStore] Cannot load key: Device key file not found.
10-16 19:59:27.615: I/PTCommittedOperation(10314): Receive new configuration for com.google.android.gms.people.ui
10-16 19:59:27.616: I/MagicTether(11043): [HostValidator] InvalidHost. MobileData: true, Tethering: true, whitelist: false, ble: true
10-16 19:59:27.620: D/ActivityManager(1697): cleanUpApplicationRecord -- 10651
10-16 19:59:27.624: E/ctxmgr(10314): [BaseServerTask]Server task (FetchAclSet) got error statusCode=-1.
10-16 19:59:27.624: E/ctxmgr(10314): com.android.volley.VolleyError: Unable to obtain auth token - is the device online?
10-16 19:59:27.624: E/ctxmgr(10314): 	at ciz.a(:com.google.android.gms@11519470:39)
10-16 19:59:27.624: E/ctxmgr(10314): 	at cei.run(:com.google.android.gms@11519470:2)
10-16 19:59:27.624: E/ctxmgr(10314): 	at ceg.handleMessage(:com.google.android.gms@11519470:3)
10-16 19:59:27.624: E/ctxmgr(10314): 	at mme.run(:com.google.android.gms@11519470:6)
10-16 19:59:27.624: E/ctxmgr(10314): 	at mmo.run(:com.google.android.gms@11519470:25)
10-16 19:59:27.624: E/ctxmgr(10314): 	at java.util.concurrent.ThreadPoolExecutor.runWorker(ThreadPoolExecutor.java:1133)
10-16 19:59:27.624: E/ctxmgr(10314): 	at java.util.concurrent.ThreadPoolExecutor$Worker.run(ThreadPoolExecutor.java:607)
10-16 19:59:27.624: E/ctxmgr(10314): 	at mrv.run(:com.google.android.gms@11519470)
10-16 19:59:27.624: E/ctxmgr(10314): 	at java.lang.Thread.run(Thread.java:761)
10-16 19:59:27.643: I/NetRec(10314): [781] ConfigChangedIntentOperation.onHandleIntent: Handling a Phenotype update
10-16 19:59:27.643: I/NetRec(10314): [781] yjf.b: onConfigChanged()
10-16 19:59:27.646: E/IntentOperationSvc(10307): Failed to instantiate Chimera operation impl com.google.android.gms.people.service.SettingsChangedBroadcastIntentOperation, dropping operation
10-16 19:59:27.646: E/IntentOperationSvc(10307): java.lang.reflect.InvocationTargetException
10-16 19:59:27.646: E/IntentOperationSvc(10307): 	at java.lang.reflect.Constructor.newInstance0(Native Method)
10-16 19:59:27.646: E/IntentOperationSvc(10307): 	at java.lang.reflect.Constructor.newInstance(Constructor.java:430)
10-16 19:59:27.646: E/IntentOperationSvc(10307): 	at bwj.a(:com.google.android.gms@11519470:8)
10-16 19:59:27.646: E/IntentOperationSvc(10307): 	at bwk.run(:com.google.android.gms@11519470:69)
10-16 19:59:27.646: E/IntentOperationSvc(10307): 	at java.util.concurrent.ThreadPoolExecutor.runWorker(ThreadPoolExecutor.java:1133)
10-16 19:59:27.646: E/IntentOperationSvc(10307): 	at java.util.concurrent.ThreadPoolExecutor$Worker.run(ThreadPoolExecutor.java:607)
10-16 19:59:27.646: E/IntentOperationSvc(10307): 	at java.lang.Thread.run(Thread.java:761)
10-16 19:59:27.646: E/IntentOperationSvc(10307): Caused by: java.lang.NullPointerException: Attempt to invoke virtual method 'android.content.SharedPreferences android.content.Context.getSharedPreferences(java.lang.String, int)' on a null object reference
10-16 19:59:27.646: E/IntentOperationSvc(10307): 	at android.content.ContextWrapper.getSharedPreferences(ContextWrapper.java:164)
10-16 19:59:27.646: E/IntentOperationSvc(10307): 	at zbv.a(:com.google.android.gms@11519470:6)
10-16 19:59:27.646: E/IntentOperationSvc(10307): 	at com.google.android.gms.people.service.SettingsChangedBroadcastIntentOperation.<init>(:com.google.android.gms@11519470:2)
10-16 19:59:27.646: E/IntentOperationSvc(10307): 	... 7 more
10-16 19:59:27.647: W/OcrModelUpStIntentOp(10307): Invalid action: com.google.android.gms.phenotype.COMMITTED
10-16 19:59:27.650: I/PTCommittedOperation(10314): Receive new configuration for com.google.android.gms.gcm
10-16 19:59:27.655: E/ctxmgr(10314): [AccountAclCallback]Failed Acl fetch: network status=-1
10-16 19:59:27.776: I/NetRec(10314): [764] ConfigChangedIntentOperation.onHandleIntent: Handling a Phenotype update
10-16 19:59:27.776: I/NetRec(10314): [764] yjf.b: onConfigChanged()
10-16 19:59:27.779: W/OcrModelUpStIntentOp(10307): Invalid action: com.google.android.gms.phenotype.COMMITTED
10-16 19:59:27.779: E/IntentOperationSvc(10307): Failed to instantiate Chimera operation impl com.google.android.gms.people.service.SettingsChangedBroadcastIntentOperation, dropping operation
10-16 19:59:27.779: E/IntentOperationSvc(10307): java.lang.reflect.InvocationTargetException
10-16 19:59:27.779: E/IntentOperationSvc(10307): 	at java.lang.reflect.Constructor.newInstance0(Native Method)
10-16 19:59:27.779: E/IntentOperationSvc(10307): 	at java.lang.reflect.Constructor.newInstance(Constructor.java:430)
10-16 19:59:27.779: E/IntentOperationSvc(10307): 	at bwj.a(:com.google.android.gms@11519470:8)
10-16 19:59:27.779: E/IntentOperationSvc(10307): 	at bwk.run(:com.google.android.gms@11519470:69)
10-16 19:59:27.779: E/IntentOperationSvc(10307): 	at java.util.concurrent.ThreadPoolExecutor.runWorker(ThreadPoolExecutor.java:1133)
10-16 19:59:27.779: E/IntentOperationSvc(10307): 	at java.util.concurrent.ThreadPoolExecutor$Worker.run(ThreadPoolExecutor.java:607)
10-16 19:59:27.779: E/IntentOperationSvc(10307): 	at java.lang.Thread.run(Thread.java:761)
10-16 19:59:27.779: E/IntentOperationSvc(10307): Caused by: java.lang.NullPointerException: Attempt to invoke virtual method 'android.content.SharedPreferences android.content.Context.getSharedPreferences(java.lang.String, int)' on a null object reference
10-16 19:59:27.779: E/IntentOperationSvc(10307): 	at android.content.ContextWrapper.getSharedPreferences(ContextWrapper.java:164)
10-16 19:59:27.779: E/IntentOperationSvc(10307): 	at zbv.a(:com.google.android.gms@11519470:6)
10-16 19:59:27.779: E/IntentOperationSvc(10307): 	at com.google.android.gms.people.service.SettingsChangedBroadcastIntentOperation.<init>(:com.google.android.gms@11519470:2)
10-16 19:59:27.779: E/IntentOperationSvc(10307): 	... 7 more
10-16 19:59:27.781: I/PTCommittedOperation(10314): Receive new configuration for com.google.android.gms.ulr
10-16 19:59:27.791: I/GCoreUlr(10314): Starting service, intent=Intent { act=com.google.android.location.reporting.ACTION_UPDATE_WORLD cmp=com.google.android.gms/com.google.android.location.reporting.service.DispatchingService (has extras) }, extras=Bundle[{receiverAction=com.google.gservices.intent.action.GSERVICES_CHANGED}]
10-16 19:59:27.822: I/GCoreUlr(10314): WorldUpdater received intent Intent { act=com.google.android.location.reporting.ACTION_UPDATE_WORLD cmp=com.google.android.gms/com.google.android.location.reporting.service.DispatchingService (has extras) } with receiverAction com.google.gservices.intent.action.GSERVICES_CHANGED
10-16 19:59:27.832: I/NetRec(10314): [762] ConfigChangedIntentOperation.onHandleIntent: Handling a Phenotype update
10-16 19:59:27.832: I/NetRec(10314): [762] yjf.b: onConfigChanged()
10-16 19:59:27.833: W/OcrModelUpStIntentOp(10307): Invalid action: com.google.android.gms.phenotype.COMMITTED
10-16 19:59:27.833: E/IntentOperationSvc(10307): Failed to instantiate Chimera operation impl com.google.android.gms.people.service.SettingsChangedBroadcastIntentOperation, dropping operation
10-16 19:59:27.833: E/IntentOperationSvc(10307): java.lang.reflect.InvocationTargetException
10-16 19:59:27.833: E/IntentOperationSvc(10307): 	at java.lang.reflect.Constructor.newInstance0(Native Method)
10-16 19:59:27.833: E/IntentOperationSvc(10307): 	at java.lang.reflect.Constructor.newInstance(Constructor.java:430)
10-16 19:59:27.833: E/IntentOperationSvc(10307): 	at bwj.a(:com.google.android.gms@11519470:8)
10-16 19:59:27.833: E/IntentOperationSvc(10307): 	at bwk.run(:com.google.android.gms@11519470:69)
10-16 19:59:27.833: E/IntentOperationSvc(10307): 	at java.util.concurrent.ThreadPoolExecutor.runWorker(ThreadPoolExecutor.java:1133)
10-16 19:59:27.833: E/IntentOperationSvc(10307): 	at java.util.concurrent.ThreadPoolExecutor$Worker.run(ThreadPoolExecutor.java:607)
10-16 19:59:27.833: E/IntentOperationSvc(10307): 	at java.lang.Thread.run(Thread.java:761)
10-16 19:59:27.833: E/IntentOperationSvc(10307): Caused by: java.lang.NullPointerException: Attempt to invoke virtual method 'android.content.SharedPreferences android.content.Context.getSharedPreferences(java.lang.String, int)' on a null object reference
10-16 19:59:27.833: E/IntentOperationSvc(10307): 	at android.content.ContextWrapper.getSharedPreferences(ContextWrapper.java:164)
10-16 19:59:27.833: E/IntentOperationSvc(10307): 	at zbv.a(:com.google.android.gms@11519470:6)
10-16 19:59:27.833: E/IntentOperationSvc(10307): 	at com.google.android.gms.people.service.SettingsChangedBroadcastIntentOperation.<init>(:com.google.android.gms@11519470:2)
10-16 19:59:27.833: E/IntentOperationSvc(10307): 	... 7 more
10-16 19:59:27.838: I/PTCommittedOperation(10314): Receive new configuration for com.google.android.gms
10-16 19:59:27.869: I/GCoreUlr(10314): WorldUpdater:com.google.gservices.intent.action.GSERVICES_CHANGED: Ensuring that reporting is stopped because of reasons: {account#18#=[InactiveReason{mIdentifier=10, mName='AuthError'}, InactiveReason{mIdentifier=6, mName='ReportingNotEnabled'}, InactiveReason{mIdentifier=14, mName='HistoryNotEnabled'}]}
10-16 19:59:27.892: I/GCoreUlr(10314): Unbound from all location providers
10-16 19:59:27.892: I/GCoreUlr(10314): Place inference reporting - stop
10-16 19:59:27.893: I/GCoreUlr(10314): Unregistering for aliased place alerts.
10-16 19:59:27.896: I/GCoreUlr(10314): DispatchingService.onDestroy()
10-16 19:59:27.897: I/GCoreUlr(10314): Stopping handler for UlrDispSvcFast
10-16 19:59:27.899: I/GCoreUlr(10314): Unbound from all location providers
10-16 19:59:27.899: I/GCoreUlr(10314): Place inference reporting - stop
10-16 19:59:27.901: I/GCoreUlr(10314): Unregistering for aliased place alerts.
10-16 19:59:27.920: I/Places(10314): ?: Couldn't find platform key file.
10-16 19:59:27.923: I/NetRec(10314): [762] ConfigChangedIntentOperation.onHandleIntent: Handling a Phenotype update
10-16 19:59:27.923: I/NetRec(10314): [762] yjf.b: onConfigChanged()
10-16 19:59:28.001: W/OcrModelUpStIntentOp(10307): Invalid action: com.google.android.gms.phenotype.COMMITTED
10-16 19:59:28.001: E/IntentOperationSvc(10307): Failed to instantiate Chimera operation impl com.google.android.gms.people.service.SettingsChangedBroadcastIntentOperation, dropping operation
10-16 19:59:28.001: E/IntentOperationSvc(10307): java.lang.reflect.InvocationTargetException
10-16 19:59:28.001: E/IntentOperationSvc(10307): 	at java.lang.reflect.Constructor.newInstance0(Native Method)
10-16 19:59:28.001: E/IntentOperationSvc(10307): 	at java.lang.reflect.Constructor.newInstance(Constructor.java:430)
10-16 19:59:28.001: E/IntentOperationSvc(10307): 	at bwj.a(:com.google.android.gms@11519470:8)
10-16 19:59:28.001: E/IntentOperationSvc(10307): 	at bwk.run(:com.google.android.gms@11519470:69)
10-16 19:59:28.001: E/IntentOperationSvc(10307): 	at java.util.concurrent.ThreadPoolExecutor.runWorker(ThreadPoolExecutor.java:1133)
10-16 19:59:28.001: E/IntentOperationSvc(10307): 	at java.util.concurrent.ThreadPoolExecutor$Worker.run(ThreadPoolExecutor.java:607)
10-16 19:59:28.001: E/IntentOperationSvc(10307): 	at java.lang.Thread.run(Thread.java:761)
10-16 19:59:28.001: E/IntentOperationSvc(10307): Caused by: java.lang.NullPointerException: Attempt to invoke virtual method 'android.content.SharedPreferences android.content.Context.getSharedPreferences(java.lang.String, int)' on a null object reference
10-16 19:59:28.001: E/IntentOperationSvc(10307): 	at android.content.ContextWrapper.getSharedPreferences(ContextWrapper.java:164)
10-16 19:59:28.001: E/IntentOperationSvc(10307): 	at zbv.a(:com.google.android.gms@11519470:6)
10-16 19:59:28.001: E/IntentOperationSvc(10307): 	at com.google.android.gms.people.service.SettingsChangedBroadcastIntentOperation.<init>(:com.google.android.gms@11519470:2)
10-16 19:59:28.001: E/IntentOperationSvc(10307): 	... 7 more
10-16 19:59:28.004: I/PTCommittedOperation(10314): Receive new configuration for com.google.android.gms.tron.metrics
10-16 19:59:28.005: I/GeofencerStateMachine(10314): removeGeofences: removeRequest=RemoveGeofencingRequest[REMOVE_BY_PENDING_INTENT pendingIntent=PendingIntent[creatorPackage=com.google.android.gms], packageName=null]
10-16 19:59:28.006: I/GeofencerStateMachine(10314): removeGeofences: removeRequest=RemoveGeofencingRequest[REMOVE_BY_PENDING_INTENT pendingIntent=PendingIntent[creatorPackage=com.google.android.gms], packageName=null]
10-16 19:59:28.011: I/Places(10314): ?: Couldn't find platform key file.
10-16 19:59:28.061: I/NetRec(10314): [762] ConfigChangedIntentOperation.onHandleIntent: Handling a Phenotype update
10-16 19:59:28.061: I/NetRec(10314): [762] yjf.b: onConfigChanged()
10-16 19:59:28.066: I/GeofencerStateMachine(10314): removeGeofences: removeRequest=RemoveGeofencingRequest[REMOVE_BY_PENDING_INTENT pendingIntent=PendingIntent[creatorPackage=com.google.android.gms], packageName=null]
10-16 19:59:28.069: E/IntentOperationSvc(10307): Failed to instantiate Chimera operation impl com.google.android.gms.people.service.SettingsChangedBroadcastIntentOperation, dropping operation
10-16 19:59:28.069: E/IntentOperationSvc(10307): java.lang.reflect.InvocationTargetException
10-16 19:59:28.069: E/IntentOperationSvc(10307): 	at java.lang.reflect.Constructor.newInstance0(Native Method)
10-16 19:59:28.069: E/IntentOperationSvc(10307): 	at java.lang.reflect.Constructor.newInstance(Constructor.java:430)
10-16 19:59:28.069: E/IntentOperationSvc(10307): 	at bwj.a(:com.google.android.gms@11519470:8)
10-16 19:59:28.069: E/IntentOperationSvc(10307): 	at bwk.run(:com.google.android.gms@11519470:69)
10-16 19:59:28.069: E/IntentOperationSvc(10307): 	at java.util.concurrent.ThreadPoolExecutor.runWorker(ThreadPoolExecutor.java:1133)
10-16 19:59:28.069: E/IntentOperationSvc(10307): 	at java.util.concurrent.ThreadPoolExecutor$Worker.run(ThreadPoolExecutor.java:607)
10-16 19:59:28.069: E/IntentOperationSvc(10307): 	at java.lang.Thread.run(Thread.java:761)
10-16 19:59:28.069: E/IntentOperationSvc(10307): Caused by: java.lang.NullPointerException: Attempt to invoke virtual method 'android.content.SharedPreferences android.content.Context.getSharedPreferences(java.lang.String, int)' on a null object reference
10-16 19:59:28.069: E/IntentOperationSvc(10307): 	at android.content.ContextWrapper.getSharedPreferences(ContextWrapper.java:164)
10-16 19:59:28.069: E/IntentOperationSvc(10307): 	at zbv.a(:com.google.android.gms@11519470:6)
10-16 19:59:28.069: E/IntentOperationSvc(10307): 	at com.google.android.gms.people.service.SettingsChangedBroadcastIntentOperation.<init>(:com.google.android.gms@11519470:2)
10-16 19:59:28.069: E/IntentOperationSvc(10307): 	... 7 more
10-16 19:59:28.070: W/OcrModelUpStIntentOp(10307): Invalid action: com.google.android.gms.phenotype.COMMITTED
10-16 19:59:28.072: I/GeofencerStateMachine(10314): removeGeofences: removeRequest=RemoveGeofencingRequest[REMOVE_BY_PENDING_INTENT pendingIntent=PendingIntent[creatorPackage=com.google.android.gms], packageName=null]
10-16 19:59:28.074: I/GeofencerStateMachine(10314): removeGeofences: removeRequest=RemoveGeofencingRequest[REMOVE_BY_PENDING_INTENT pendingIntent=PendingIntent[creatorPackage=com.google.android.gms], packageName=null]
10-16 19:59:28.077: I/PTCommittedOperation(10314): Receive new configuration for com.google.android.location
10-16 19:59:28.088: I/GeofencerStateMachine(10314): removeGeofences: removeRequest=RemoveGeofencingRequest[REMOVE_BY_PENDING_INTENT pendingIntent=PendingIntent[creatorPackage=com.google.android.gms], packageName=null]
10-16 19:59:28.193: E/IntentOperationSvc(10307): Failed to instantiate Chimera operation impl com.google.android.gms.people.service.SettingsChangedBroadcastIntentOperation, dropping operation
10-16 19:59:28.193: E/IntentOperationSvc(10307): java.lang.reflect.InvocationTargetException
10-16 19:59:28.193: E/IntentOperationSvc(10307): 	at java.lang.reflect.Constructor.newInstance0(Native Method)
10-16 19:59:28.193: E/IntentOperationSvc(10307): 	at java.lang.reflect.Constructor.newInstance(Constructor.java:430)
10-16 19:59:28.193: E/IntentOperationSvc(10307): 	at bwj.a(:com.google.android.gms@11519470:8)
10-16 19:59:28.193: E/IntentOperationSvc(10307): 	at bwk.run(:com.google.android.gms@11519470:69)
10-16 19:59:28.193: E/IntentOperationSvc(10307): 	at java.util.concurrent.ThreadPoolExecutor.runWorker(ThreadPoolExecutor.java:1133)
10-16 19:59:28.193: E/IntentOperationSvc(10307): 	at java.util.concurrent.ThreadPoolExecutor$Worker.run(ThreadPoolExecutor.java:607)
10-16 19:59:28.193: E/IntentOperationSvc(10307): 	at java.lang.Thread.run(Thread.java:761)
10-16 19:59:28.193: E/IntentOperationSvc(10307): Caused by: java.lang.NullPointerException: Attempt to invoke virtual method 'android.content.SharedPreferences android.content.Context.getSharedPreferences(java.lang.String, int)' on a null object reference
10-16 19:59:28.193: E/IntentOperationSvc(10307): 	at android.content.ContextWrapper.getSharedPreferences(ContextWrapper.java:164)
10-16 19:59:28.193: E/IntentOperationSvc(10307): 	at zbv.a(:com.google.android.gms@11519470:6)
10-16 19:59:28.193: E/IntentOperationSvc(10307): 	at com.google.android.gms.people.service.SettingsChangedBroadcastIntentOperation.<init>(:com.google.android.gms@11519470:2)
10-16 19:59:28.193: E/IntentOperationSvc(10307): 	... 7 more
10-16 19:59:28.194: I/NetRec(10314): [633] ConfigChangedIntentOperation.onHandleIntent: Handling a Phenotype update
10-16 19:59:28.194: I/NetRec(10314): [633] yjf.b: onConfigChanged()
10-16 19:59:28.195: W/OcrModelUpStIntentOp(10307): Invalid action: com.google.android.gms.phenotype.COMMITTED
10-16 19:59:28.200: I/PTCommittedOperation(10314): Receive new configuration for com.google.android.gms.telephonyspam
10-16 19:59:28.219: I/Remoter(1395): Saved screenshot to '/data/screenshots/__pmv__-0093.jpg'
10-16 19:59:28.219: W/dex2oat(11108): Verification of int[] com.google.zxing.oned.ITFReader.findGuardPattern(com.google.zxing.common.BitArray, int, int[]) took 116.304ms
10-16 19:59:28.227: W/dex2oat(11108): Verification of int com.google.zxing.pdf417.decoder.DecodedBitStreamParser.decodeMacroBlock(int[], int, com.google.zxing.pdf417.PDF417ResultMetadata) took 110.108ms
10-16 19:59:28.241: I/art(10314): Do partial code cache collection, code=237KB, data=199KB
10-16 19:59:28.241: I/art(10314): After code cache collection, code=235KB, data=198KB
10-16 19:59:28.241: I/art(10314): Increasing code cache capacity to 1024KB
10-16 19:59:28.244: E/IntentOperationSvc(10307): Failed to instantiate Chimera operation impl com.google.android.gms.people.service.SettingsChangedBroadcastIntentOperation, dropping operation
10-16 19:59:28.244: E/IntentOperationSvc(10307): java.lang.reflect.InvocationTargetException
10-16 19:59:28.244: E/IntentOperationSvc(10307): 	at java.lang.reflect.Constructor.newInstance0(Native Method)
10-16 19:59:28.244: E/IntentOperationSvc(10307): 	at java.lang.reflect.Constructor.newInstance(Constructor.java:430)
10-16 19:59:28.244: E/IntentOperationSvc(10307): 	at bwj.a(:com.google.android.gms@11519470:8)
10-16 19:59:28.244: E/IntentOperationSvc(10307): 	at bwk.run(:com.google.android.gms@11519470:69)
10-16 19:59:28.244: E/IntentOperationSvc(10307): 	at java.util.concurrent.ThreadPoolExecutor.runWorker(ThreadPoolExecutor.java:1133)
10-16 19:59:28.244: E/IntentOperationSvc(10307): 	at java.util.concurrent.ThreadPoolExecutor$Worker.run(ThreadPoolExecutor.java:607)
10-16 19:59:28.244: E/IntentOperationSvc(10307): 	at java.lang.Thread.run(Thread.java:761)
10-16 19:59:28.244: E/IntentOperationSvc(10307): Caused by: java.lang.NullPointerException: Attempt to invoke virtual method 'android.content.SharedPreferences android.content.Context.getSharedPreferences(java.lang.String, int)' on a null object reference
10-16 19:59:28.244: E/IntentOperationSvc(10307): 	at android.content.ContextWrapper.getSharedPreferences(ContextWrapper.java:164)
10-16 19:59:28.244: E/IntentOperationSvc(10307): 	at zbv.a(:com.google.android.gms@11519470:6)
10-16 19:59:28.244: E/IntentOperationSvc(10307): 	at com.google.android.gms.people.service.SettingsChangedBroadcastIntentOperation.<init>(:com.google.android.gms@11519470:2)
10-16 19:59:28.244: E/IntentOperationSvc(10307): 	... 7 more
10-16 19:59:28.245: W/OcrModelUpStIntentOp(10307): Invalid action: com.google.android.gms.phenotype.COMMITTED
10-16 19:59:28.245: I/NetRec(10314): [762] ConfigChangedIntentOperation.onHandleIntent: Handling a Phenotype update
10-16 19:59:28.245: I/NetRec(10314): [762] yjf.b: onConfigChanged()
10-16 19:59:28.248: I/PTCommittedOperation(10314): Receive new configuration for com.google.android.gms.herrevad
10-16 19:59:28.262: I/NetRec(10314): [762] ConfigChangedIntentOperation.onHandleIntent: Handling a Phenotype update
10-16 19:59:28.262: I/NetRec(10314): [762] yjf.b: onConfigChanged()
10-16 19:59:28.276: W/UdcContextManagerHelper(10314): Empty context buffer. Thus might mean that the context is not synced down.
10-16 19:59:28.276: W/UploadOptInStatusOp(10314): Empty context model while retrieving upload opt-in status!
10-16 19:59:28.281: E/ctxmgr(10314): [NetworkUtil]No active synchronizable contexts.
10-16 19:59:28.321: E/IntentOperationSvc(10307): Failed to instantiate Chimera operation impl com.google.android.gms.people.service.SettingsChangedBroadcastIntentOperation, dropping operation
10-16 19:59:28.321: E/IntentOperationSvc(10307): java.lang.reflect.InvocationTargetException
10-16 19:59:28.321: E/IntentOperationSvc(10307): 	at java.lang.reflect.Constructor.newInstance0(Native Method)
10-16 19:59:28.321: E/IntentOperationSvc(10307): 	at java.lang.reflect.Constructor.newInstance(Constructor.java:430)
10-16 19:59:28.321: E/IntentOperationSvc(10307): 	at bwj.a(:com.google.android.gms@11519470:8)
10-16 19:59:28.321: E/IntentOperationSvc(10307): 	at bwk.run(:com.google.android.gms@11519470:69)
10-16 19:59:28.321: E/IntentOperationSvc(10307): 	at java.util.concurrent.ThreadPoolExecutor.runWorker(ThreadPoolExecutor.java:1133)
10-16 19:59:28.321: E/IntentOperationSvc(10307): 	at java.util.concurrent.ThreadPoolExecutor$Worker.run(ThreadPoolExecutor.java:607)
10-16 19:59:28.321: E/IntentOperationSvc(10307): 	at java.lang.Thread.run(Thread.java:761)
10-16 19:59:28.321: E/IntentOperationSvc(10307): Caused by: java.lang.NullPointerException: Attempt to invoke virtual method 'android.content.SharedPreferences android.content.Context.getSharedPreferences(java.lang.String, int)' on a null object reference
10-16 19:59:28.321: E/IntentOperationSvc(10307): 	at android.content.ContextWrapper.getSharedPreferences(ContextWrapper.java:164)
10-16 19:59:28.321: E/IntentOperationSvc(10307): 	at zbv.a(:com.google.android.gms@11519470:6)
10-16 19:59:28.321: E/IntentOperationSvc(10307): 	at com.google.android.gms.people.service.SettingsChangedBroadcastIntentOperation.<init>(:com.google.android.gms@11519470:2)
10-16 19:59:28.321: E/IntentOperationSvc(10307): 	... 7 more
10-16 19:59:28.321: I/NetRec(10314): [762] ConfigChangedIntentOperation.onHandleIntent: Handling a Phenotype update
10-16 19:59:28.321: W/OcrModelUpStIntentOp(10307): Invalid action: com.google.android.gms.phenotype.COMMITTED
10-16 19:59:28.321: I/NetRec(10314): [762] yjf.b: onConfigChanged()
10-16 19:59:28.331: I/PTCommittedOperation(10314): Receive new configuration for com.google.android.gms.udc
10-16 19:59:28.427: W/Auth(10314): [GetToken] GetToken failed with status code: INVALID_SCOPE
10-16 19:59:28.427: W/AuthSessionAuthenticato(10314): Auth related exception is being ignored: INVALID_SCOPE
10-16 19:59:28.439: E/IntentOperationSvc(10307): Failed to instantiate Chimera operation impl com.google.android.gms.people.service.SettingsChangedBroadcastIntentOperation, dropping operation
10-16 19:59:28.439: E/IntentOperationSvc(10307): java.lang.reflect.InvocationTargetException
10-16 19:59:28.439: E/IntentOperationSvc(10307): 	at java.lang.reflect.Constructor.newInstance0(Native Method)
10-16 19:59:28.439: E/IntentOperationSvc(10307): 	at java.lang.reflect.Constructor.newInstance(Constructor.java:430)
10-16 19:59:28.439: E/IntentOperationSvc(10307): 	at bwj.a(:com.google.android.gms@11519470:8)
10-16 19:59:28.439: E/IntentOperationSvc(10307): 	at bwk.run(:com.google.android.gms@11519470:69)
10-16 19:59:28.439: E/IntentOperationSvc(10307): 	at java.util.concurrent.ThreadPoolExecutor.runWorker(ThreadPoolExecutor.java:1133)
10-16 19:59:28.439: E/IntentOperationSvc(10307): 	at java.util.concurrent.ThreadPoolExecutor$Worker.run(ThreadPoolExecutor.java:607)
10-16 19:59:28.439: E/IntentOperationSvc(10307): 	at java.lang.Thread.run(Thread.java:761)
10-16 19:59:28.439: E/IntentOperationSvc(10307): Caused by: java.lang.NullPointerException: Attempt to invoke virtual method 'android.content.SharedPreferences android.content.Context.getSharedPreferences(java.lang.String, int)' on a null object reference
10-16 19:59:28.439: E/IntentOperationSvc(10307): 	at android.content.ContextWrapper.getSharedPreferences(ContextWrapper.java:164)
10-16 19:59:28.439: E/IntentOperationSvc(10307): 	at zbv.a(:com.google.android.gms@11519470:6)
10-16 19:59:28.439: E/IntentOperationSvc(10307): 	at com.google.android.gms.people.service.SettingsChangedBroadcastIntentOperation.<init>(:com.google.android.gms@11519470:2)
10-16 19:59:28.439: E/IntentOperationSvc(10307): 	... 7 more
10-16 19:59:28.439: I/NetRec(10314): [633] ConfigChangedIntentOperation.onHandleIntent: Handling a Phenotype update
10-16 19:59:28.439: I/NetRec(10314): [633] yjf.b: onConfigChanged()
10-16 19:59:28.440: W/OcrModelUpStIntentOp(10307): Invalid action: com.google.android.gms.phenotype.COMMITTED
10-16 19:59:28.445: I/PTCommittedOperation(10314): Receive new configuration for com.google.android.gms.octarine
10-16 19:59:28.451: W/GLSUser(10314): [DeviceKeyStore] Cannot load key: Device key file not found.
10-16 19:59:28.451: W/GLSUser(10314): [DeviceKeyStore] Cannot load key: Device key file not found.
10-16 19:59:28.455: E/ctxmgr(10314): [BaseServerTask]Server task (FetchAclSet) got error statusCode=-1.
10-16 19:59:28.455: E/ctxmgr(10314): com.android.volley.VolleyError: Unable to obtain auth token - is the device online?
10-16 19:59:28.455: E/ctxmgr(10314): 	at ciz.a(:com.google.android.gms@11519470:39)
10-16 19:59:28.455: E/ctxmgr(10314): 	at cei.run(:com.google.android.gms@11519470:2)
10-16 19:59:28.455: E/ctxmgr(10314): 	at ceg.handleMessage(:com.google.android.gms@11519470:3)
10-16 19:59:28.455: E/ctxmgr(10314): 	at mme.run(:com.google.android.gms@11519470:6)
10-16 19:59:28.455: E/ctxmgr(10314): 	at mmo.run(:com.google.android.gms@11519470:25)
10-16 19:59:28.455: E/ctxmgr(10314): 	at java.util.concurrent.ThreadPoolExecutor.runWorker(ThreadPoolExecutor.java:1133)
10-16 19:59:28.455: E/ctxmgr(10314): 	at java.util.concurrent.ThreadPoolExecutor$Worker.run(ThreadPoolExecutor.java:607)
10-16 19:59:28.455: E/ctxmgr(10314): 	at mrv.run(:com.google.android.gms@11519470)
10-16 19:59:28.455: E/ctxmgr(10314): 	at java.lang.Thread.run(Thread.java:761)
10-16 19:59:28.487: E/ctxmgr(10314): [AccountAclCallback]Failed Acl fetch: network status=-1
10-16 19:59:28.513: E/IntentOperationSvc(10307): Failed to instantiate Chimera operation impl com.google.android.gms.people.service.SettingsChangedBroadcastIntentOperation, dropping operation
10-16 19:59:28.513: E/IntentOperationSvc(10307): java.lang.reflect.InvocationTargetException
10-16 19:59:28.513: E/IntentOperationSvc(10307): 	at java.lang.reflect.Constructor.newInstance0(Native Method)
10-16 19:59:28.513: E/IntentOperationSvc(10307): 	at java.lang.reflect.Constructor.newInstance(Constructor.java:430)
10-16 19:59:28.513: E/IntentOperationSvc(10307): 	at bwj.a(:com.google.android.gms@11519470:8)
10-16 19:59:28.513: E/IntentOperationSvc(10307): 	at bwk.run(:com.google.android.gms@11519470:69)
10-16 19:59:28.513: E/IntentOperationSvc(10307): 	at java.util.concurrent.ThreadPoolExecutor.runWorker(ThreadPoolExecutor.java:1133)
10-16 19:59:28.513: E/IntentOperationSvc(10307): 	at java.util.concurrent.ThreadPoolExecutor$Worker.run(ThreadPoolExecutor.java:607)
10-16 19:59:28.513: E/IntentOperationSvc(10307): 	at java.lang.Thread.run(Thread.java:761)
10-16 19:59:28.513: E/IntentOperationSvc(10307): Caused by: java.lang.NullPointerException: Attempt to invoke virtual method 'android.content.SharedPreferences android.content.Context.getSharedPreferences(java.lang.String, int)' on a null object reference
10-16 19:59:28.513: E/IntentOperationSvc(10307): 	at android.content.ContextWrapper.getSharedPreferences(ContextWrapper.java:164)
10-16 19:59:28.513: E/IntentOperationSvc(10307): 	at zbv.a(:com.google.android.gms@11519470:6)
10-16 19:59:28.513: E/IntentOperationSvc(10307): 	at com.google.android.gms.people.service.SettingsChangedBroadcastIntentOperation.<init>(:com.google.android.gms@11519470:2)
10-16 19:59:28.513: E/IntentOperationSvc(10307): 	... 7 more
10-16 19:59:28.513: W/OcrModelUpStIntentOp(10307): Invalid action: com.google.android.gms.phenotype.COMMITTED
10-16 19:59:28.514: I/NetRec(10314): [781] ConfigChangedIntentOperation.onHandleIntent: Handling a Phenotype update
10-16 19:59:28.514: I/NetRec(10314): [781] yjf.b: onConfigChanged()
10-16 19:59:28.519: I/PTCommittedOperation(10314): Receive new configuration for com.google.android.gms.auth.api.credentials
10-16 19:59:28.543: I/NetRec(10314): [781] ConfigChangedIntentOperation.onHandleIntent: Handling a Phenotype update
10-16 19:59:28.543: I/NetRec(10314): [781] yjf.b: onConfigChanged()
10-16 19:59:28.602: I/PhenotypeFlagCommitter(11300): Experiment Configs successfully retrieved for com.google.android.apps.gcs
10-16 19:59:28.608: E/IntentOperationSvc(10307): Failed to instantiate Chimera operation impl com.google.android.gms.people.service.SettingsChangedBroadcastIntentOperation, dropping operation
10-16 19:59:28.608: E/IntentOperationSvc(10307): java.lang.reflect.InvocationTargetException
10-16 19:59:28.608: E/IntentOperationSvc(10307): 	at java.lang.reflect.Constructor.newInstance0(Native Method)
10-16 19:59:28.608: E/IntentOperationSvc(10307): 	at java.lang.reflect.Constructor.newInstance(Constructor.java:430)
10-16 19:59:28.608: E/IntentOperationSvc(10307): 	at bwj.a(:com.google.android.gms@11519470:8)
10-16 19:59:28.608: E/IntentOperationSvc(10307): 	at bwk.run(:com.google.android.gms@11519470:69)
10-16 19:59:28.608: E/IntentOperationSvc(10307): 	at java.util.concurrent.ThreadPoolExecutor.runWorker(ThreadPoolExecutor.java:1133)
10-16 19:59:28.608: E/IntentOperationSvc(10307): 	at java.util.concurrent.ThreadPoolExecutor$Worker.run(ThreadPoolExecutor.java:607)
10-16 19:59:28.608: E/IntentOperationSvc(10307): 	at java.lang.Thread.run(Thread.java:761)
10-16 19:59:28.608: E/IntentOperationSvc(10307): Caused by: java.lang.NullPointerException: Attempt to invoke virtual method 'android.content.SharedPreferences android.content.Context.getSharedPreferences(java.lang.String, int)' on a null object reference
10-16 19:59:28.608: E/IntentOperationSvc(10307): 	at android.content.ContextWrapper.getSharedPreferences(ContextWrapper.java:164)
10-16 19:59:28.608: E/IntentOperationSvc(10307): 	at zbv.a(:com.google.android.gms@11519470:6)
10-16 19:59:28.608: E/IntentOperationSvc(10307): 	at com.google.android.gms.people.service.SettingsChangedBroadcastIntentOperation.<init>(:com.google.android.gms@11519470:2)
10-16 19:59:28.608: E/IntentOperationSvc(10307): 	... 7 more
10-16 19:59:28.608: I/NetRec(10314): [781] ConfigChangedIntentOperation.onHandleIntent: Handling a Phenotype update
10-16 19:59:28.609: W/OcrModelUpStIntentOp(10307): Invalid action: com.google.android.gms.phenotype.COMMITTED
10-16 19:59:28.609: I/NetRec(10314): [781] yjf.b: onConfigChanged()
10-16 19:59:28.612: I/PTCommittedOperation(10314): Receive new configuration for com.google.android.gms.cast
10-16 19:59:28.620: I/PhenotypeExpCommitSvc(11300): [702] PhenotypeExperimentCommitService.a: Successfully committed experiments for user [KZkGehx9x4vkdiKC9ytVqouUv0g]
10-16 19:59:28.650: E/IntentOperationSvc(10307): Failed to instantiate Chimera operation impl com.google.android.gms.people.service.SettingsChangedBroadcastIntentOperation, dropping operation
10-16 19:59:28.650: E/IntentOperationSvc(10307): java.lang.reflect.InvocationTargetException
10-16 19:59:28.650: E/IntentOperationSvc(10307): 	at java.lang.reflect.Constructor.newInstance0(Native Method)
10-16 19:59:28.650: E/IntentOperationSvc(10307): 	at java.lang.reflect.Constructor.newInstance(Constructor.java:430)
10-16 19:59:28.650: E/IntentOperationSvc(10307): 	at bwj.a(:com.google.android.gms@11519470:8)
10-16 19:59:28.650: E/IntentOperationSvc(10307): 	at bwk.run(:com.google.android.gms@11519470:69)
10-16 19:59:28.650: E/IntentOperationSvc(10307): 	at java.util.concurrent.ThreadPoolExecutor.runWorker(ThreadPoolExecutor.java:1133)
10-16 19:59:28.650: E/IntentOperationSvc(10307): 	at java.util.concurrent.ThreadPoolExecutor$Worker.run(ThreadPoolExecutor.java:607)
10-16 19:59:28.650: E/IntentOperationSvc(10307): 	at java.lang.Thread.run(Thread.java:761)
10-16 19:59:28.650: E/IntentOperationSvc(10307): Caused by: java.lang.NullPointerException: Attempt to invoke virtual method 'android.content.SharedPreferences android.content.Context.getSharedPreferences(java.lang.String, int)' on a null object reference
10-16 19:59:28.650: E/IntentOperationSvc(10307): 	at android.content.ContextWrapper.getSharedPreferences(ContextWrapper.java:164)
10-16 19:59:28.650: E/IntentOperationSvc(10307): 	at zbv.a(:com.google.android.gms@11519470:6)
10-16 19:59:28.650: E/IntentOperationSvc(10307): 	at com.google.android.gms.people.service.SettingsChangedBroadcastIntentOperation.<init>(:com.google.android.gms@11519470:2)
10-16 19:59:28.650: E/IntentOperationSvc(10307): 	... 7 more
10-16 19:59:28.650: I/NetRec(10314): [781] ConfigChangedIntentOperation.onHandleIntent: Handling a Phenotype update
10-16 19:59:28.650: I/NetRec(10314): [781] yjf.b: onConfigChanged()
10-16 19:59:28.650: W/OcrModelUpStIntentOp(10307): Invalid action: com.google.android.gms.phenotype.COMMITTED
10-16 19:59:28.655: I/PTCommittedOperation(10314): Receive new configuration for com.google.android.gms.wallet
10-16 19:59:28.713: I/NetRec(10314): [781] ConfigChangedIntentOperation.onHandleIntent: Handling a Phenotype update
10-16 19:59:28.713: I/NetRec(10314): [781] yjf.b: onConfigChanged()
10-16 19:59:28.715: E/IntentOperationSvc(10307): Failed to instantiate Chimera operation impl com.google.android.gms.people.service.SettingsChangedBroadcastIntentOperation, dropping operation
10-16 19:59:28.715: E/IntentOperationSvc(10307): java.lang.reflect.InvocationTargetException
10-16 19:59:28.715: E/IntentOperationSvc(10307): 	at java.lang.reflect.Constructor.newInstance0(Native Method)
10-16 19:59:28.715: E/IntentOperationSvc(10307): 	at java.lang.reflect.Constructor.newInstance(Constructor.java:430)
10-16 19:59:28.715: E/IntentOperationSvc(10307): 	at bwj.a(:com.google.android.gms@11519470:8)
10-16 19:59:28.715: E/IntentOperationSvc(10307): 	at bwk.run(:com.google.android.gms@11519470:69)
10-16 19:59:28.715: E/IntentOperationSvc(10307): 	at java.util.concurrent.ThreadPoolExecutor.runWorker(ThreadPoolExecutor.java:1133)
10-16 19:59:28.715: E/IntentOperationSvc(10307): 	at java.util.concurrent.ThreadPoolExecutor$Worker.run(ThreadPoolExecutor.java:607)
10-16 19:59:28.715: E/IntentOperationSvc(10307): 	at java.lang.Thread.run(Thread.java:761)
10-16 19:59:28.715: E/IntentOperationSvc(10307): Caused by: java.lang.NullPointerException: Attempt to invoke virtual method 'android.content.SharedPreferences android.content.Context.getSharedPreferences(java.lang.String, int)' on a null object reference
10-16 19:59:28.715: E/IntentOperationSvc(10307): 	at android.content.ContextWrapper.getSharedPreferences(ContextWrapper.java:164)
10-16 19:59:28.715: E/IntentOperationSvc(10307): 	at zbv.a(:com.google.android.gms@11519470:6)
10-16 19:59:28.715: E/IntentOperationSvc(10307): 	at com.google.android.gms.people.service.SettingsChangedBroadcastIntentOperation.<init>(:com.google.android.gms@11519470:2)
10-16 19:59:28.715: E/IntentOperationSvc(10307): 	... 7 more
10-16 19:59:28.715: W/OcrModelUpStIntentOp(10307): Invalid action: com.google.android.gms.phenotype.COMMITTED
10-16 19:59:28.718: I/PTCommittedOperation(10314): Receive new configuration for com.google.android.gms.audit
10-16 19:59:28.813: E/IntentOperationSvc(10307): Failed to instantiate Chimera operation impl com.google.android.gms.people.service.SettingsChangedBroadcastIntentOperation, dropping operation
10-16 19:59:28.813: E/IntentOperationSvc(10307): java.lang.reflect.InvocationTargetException
10-16 19:59:28.813: E/IntentOperationSvc(10307): 	at java.lang.reflect.Constructor.newInstance0(Native Method)
10-16 19:59:28.813: E/IntentOperationSvc(10307): 	at java.lang.reflect.Constructor.newInstance(Constructor.java:430)
10-16 19:59:28.813: E/IntentOperationSvc(10307): 	at bwj.a(:com.google.android.gms@11519470:8)
10-16 19:59:28.813: E/IntentOperationSvc(10307): 	at bwk.run(:com.google.android.gms@11519470:69)
10-16 19:59:28.813: E/IntentOperationSvc(10307): 	at java.util.concurrent.ThreadPoolExecutor.runWorker(ThreadPoolExecutor.java:1133)
10-16 19:59:28.813: E/IntentOperationSvc(10307): 	at java.util.concurrent.ThreadPoolExecutor$Worker.run(ThreadPoolExecutor.java:607)
10-16 19:59:28.813: E/IntentOperationSvc(10307): 	at java.lang.Thread.run(Thread.java:761)
10-16 19:59:28.813: E/IntentOperationSvc(10307): Caused by: java.lang.NullPointerException: Attempt to invoke virtual method 'android.content.SharedPreferences android.content.Context.getSharedPreferences(java.lang.String, int)' on a null object reference
10-16 19:59:28.813: E/IntentOperationSvc(10307): 	at android.content.ContextWrapper.getSharedPreferences(ContextWrapper.java:164)
10-16 19:59:28.813: E/IntentOperationSvc(10307): 	at zbv.a(:com.google.android.gms@11519470:6)
10-16 19:59:28.813: E/IntentOperationSvc(10307): 	at com.google.android.gms.people.service.SettingsChangedBroadcastIntentOperation.<init>(:com.google.android.gms@11519470:2)
10-16 19:59:28.813: E/IntentOperationSvc(10307): 	... 7 more
10-16 19:59:28.813: W/OcrModelUpStIntentOp(10307): Invalid action: com.google.android.gms.phenotype.COMMITTED
10-16 19:59:28.814: I/NetRec(10314): [764] ConfigChangedIntentOperation.onHandleIntent: Handling a Phenotype update
10-16 19:59:28.814: I/NetRec(10314): [764] yjf.b: onConfigChanged()
10-16 19:59:28.816: I/PTCommittedOperation(10314): Receive new configuration for com.google.android.gms.smart_profile
10-16 19:59:28.881: I/NetRec(10314): [762] ConfigChangedIntentOperation.onHandleIntent: Handling a Phenotype update
10-16 19:59:28.881: I/NetRec(10314): [762] yjf.b: onConfigChanged()
10-16 19:59:28.883: E/IntentOperationSvc(10307): Failed to instantiate Chimera operation impl com.google.android.gms.people.service.SettingsChangedBroadcastIntentOperation, dropping operation
10-16 19:59:28.883: E/IntentOperationSvc(10307): java.lang.reflect.InvocationTargetException
10-16 19:59:28.883: E/IntentOperationSvc(10307): 	at java.lang.reflect.Constructor.newInstance0(Native Method)
10-16 19:59:28.883: E/IntentOperationSvc(10307): 	at java.lang.reflect.Constructor.newInstance(Constructor.java:430)
10-16 19:59:28.883: E/IntentOperationSvc(10307): 	at bwj.a(:com.google.android.gms@11519470:8)
10-16 19:59:28.883: E/IntentOperationSvc(10307): 	at bwk.run(:com.google.android.gms@11519470:69)
10-16 19:59:28.883: E/IntentOperationSvc(10307): 	at java.util.concurrent.ThreadPoolExecutor.runWorker(ThreadPoolExecutor.java:1133)
10-16 19:59:28.883: E/IntentOperationSvc(10307): 	at java.util.concurrent.ThreadPoolExecutor$Worker.run(ThreadPoolExecutor.java:607)
10-16 19:59:28.883: E/IntentOperationSvc(10307): 	at java.lang.Thread.run(Thread.java:761)
10-16 19:59:28.883: E/IntentOperationSvc(10307): Caused by: java.lang.NullPointerException: Attempt to invoke virtual method 'android.content.SharedPreferences android.content.Context.getSharedPreferences(java.lang.String, int)' on a null object reference
10-16 19:59:28.883: E/IntentOperationSvc(10307): 	at android.content.ContextWrapper.getSharedPreferences(ContextWrapper.java:164)
10-16 19:59:28.883: E/IntentOperationSvc(10307): 	at zbv.a(:com.google.android.gms@11519470:6)
10-16 19:59:28.883: E/IntentOperationSvc(10307): 	at com.google.android.gms.people.service.SettingsChangedBroadcastIntentOperation.<init>(:com.google.android.gms@11519470:2)
10-16 19:59:28.883: E/IntentOperationSvc(10307): 	... 7 more
10-16 19:59:28.883: W/OcrModelUpStIntentOp(10307): Invalid action: com.google.android.gms.phenotype.COMMITTED
10-16 19:59:28.885: I/PTCommittedOperation(10314): Receive new configuration for com.google.android.gms.romanesco
10-16 19:59:28.928: I/NetRec(10314): [633] ConfigChangedIntentOperation.onHandleIntent: Handling a Phenotype update
10-16 19:59:28.928: I/NetRec(10314): [633] yjf.b: onConfigChanged()
10-16 19:59:28.930: E/IntentOperationSvc(10307): Failed to instantiate Chimera operation impl com.google.android.gms.people.service.SettingsChangedBroadcastIntentOperation, dropping operation
10-16 19:59:28.930: E/IntentOperationSvc(10307): java.lang.reflect.InvocationTargetException
10-16 19:59:28.930: E/IntentOperationSvc(10307): 	at java.lang.reflect.Constructor.newInstance0(Native Method)
10-16 19:59:28.930: E/IntentOperationSvc(10307): 	at java.lang.reflect.Constructor.newInstance(Constructor.java:430)
10-16 19:59:28.930: E/IntentOperationSvc(10307): 	at bwj.a(:com.google.android.gms@11519470:8)
10-16 19:59:28.930: E/IntentOperationSvc(10307): 	at bwk.run(:com.google.android.gms@11519470:69)
10-16 19:59:28.930: E/IntentOperationSvc(10307): 	at java.util.concurrent.ThreadPoolExecutor.runWorker(ThreadPoolExecutor.java:1133)
10-16 19:59:28.930: E/IntentOperationSvc(10307): 	at java.util.concurrent.ThreadPoolExecutor$Worker.run(ThreadPoolExecutor.java:607)
10-16 19:59:28.930: E/IntentOperationSvc(10307): 	at java.lang.Thread.run(Thread.java:761)
10-16 19:59:28.930: E/IntentOperationSvc(10307): Caused by: java.lang.NullPointerException: Attempt to invoke virtual method 'android.content.SharedPreferences android.content.Context.getSharedPreferences(java.lang.String, int)' on a null object reference
10-16 19:59:28.930: E/IntentOperationSvc(10307): 	at android.content.ContextWrapper.getSharedPreferences(ContextWrapper.java:164)
10-16 19:59:28.930: E/IntentOperationSvc(10307): 	at zbv.a(:com.google.android.gms@11519470:6)
10-16 19:59:28.930: E/IntentOperationSvc(10307): 	at com.google.android.gms.people.service.SettingsChangedBroadcastIntentOperation.<init>(:com.google.android.gms@11519470:2)
10-16 19:59:28.930: E/IntentOperationSvc(10307): 	... 7 more
10-16 19:59:28.939: I/PTCommittedOperation(10314): Receive new configuration for com.google.android.gms.ocr
10-16 19:59:28.948: V/EmulatedCamera_Factory(1408): getCameraInfo: id = 0
10-16 19:59:28.948: V/EmulatedCamera_Camera(1408): getCameraInfo
10-16 19:59:28.948: V/EmulatedCamera_BaseCamera(1408): getCameraInfo
10-16 19:59:28.948: I/OcrModelUpStIntentOp(10307): Updating ocr activity enabled=true (phenotypeFlag=true, lowRamDevice=false, prereqCheck=true)
10-16 19:59:29.013: I/NetRec(10314): [633] ConfigChangedIntentOperation.onHandleIntent: Handling a Phenotype update
10-16 19:59:29.013: I/NetRec(10314): [633] yjf.b: onConfigChanged()
10-16 19:59:29.015: I/PTCommittedOperation(10314): Receive new configuration for com.google.android.gms.beacon
10-16 19:59:29.016: E/IntentOperationSvc(10307): Failed to instantiate Chimera operation impl com.google.android.gms.people.service.SettingsChangedBroadcastIntentOperation, dropping operation
10-16 19:59:29.016: E/IntentOperationSvc(10307): java.lang.reflect.InvocationTargetException
10-16 19:59:29.016: E/IntentOperationSvc(10307): 	at java.lang.reflect.Constructor.newInstance0(Native Method)
10-16 19:59:29.016: E/IntentOperationSvc(10307): 	at java.lang.reflect.Constructor.newInstance(Constructor.java:430)
10-16 19:59:29.016: E/IntentOperationSvc(10307): 	at bwj.a(:com.google.android.gms@11519470:8)
10-16 19:59:29.016: E/IntentOperationSvc(10307): 	at bwk.run(:com.google.android.gms@11519470:69)
10-16 19:59:29.016: E/IntentOperationSvc(10307): 	at java.util.concurrent.ThreadPoolExecutor.runWorker(ThreadPoolExecutor.java:1133)
10-16 19:59:29.016: E/IntentOperationSvc(10307): 	at java.util.concurrent.ThreadPoolExecutor$Worker.run(ThreadPoolExecutor.java:607)
10-16 19:59:29.016: E/IntentOperationSvc(10307): 	at java.lang.Thread.run(Thread.java:761)
10-16 19:59:29.016: E/IntentOperationSvc(10307): Caused by: java.lang.NullPointerException: Attempt to invoke virtual method 'android.content.SharedPreferences android.content.Context.getSharedPreferences(java.lang.String, int)' on a null object reference
10-16 19:59:29.016: E/IntentOperationSvc(10307): 	at android.content.ContextWrapper.getSharedPreferences(ContextWrapper.java:164)
10-16 19:59:29.016: E/IntentOperationSvc(10307): 	at zbv.a(:com.google.android.gms@11519470:6)
10-16 19:59:29.016: E/IntentOperationSvc(10307): 	at com.google.android.gms.people.service.SettingsChangedBroadcastIntentOperation.<init>(:com.google.android.gms@11519470:2)
10-16 19:59:29.016: E/IntentOperationSvc(10307): 	... 7 more
10-16 19:59:29.034: I/NetRec(10314): [633] ConfigChangedIntentOperation.onHandleIntent: Handling a Phenotype update
10-16 19:59:29.035: I/NetRec(10314): [633] yjf.b: onConfigChanged()
10-16 19:59:29.041: I/OcrModelUpStIntentOp(10307): Downloading text recognizer
10-16 19:59:29.044: W/OcrModelUpStIntentOp(10307): Invalid action: com.google.android.gms.phenotype.COMMITTED
10-16 19:59:29.078: I/Vision(10307): Engine already satisfied by existing download for ocr
10-16 19:59:29.082: I/NetRec(10314): [633] ConfigChangedIntentOperation.onHandleIntent: Handling a Phenotype update
10-16 19:59:29.082: I/NetRec(10314): [633] yjf.b: onConfigChanged()
10-16 19:59:29.083: E/IntentOperationSvc(10307): Failed to instantiate Chimera operation impl com.google.android.gms.people.service.SettingsChangedBroadcastIntentOperation, dropping operation
10-16 19:59:29.083: E/IntentOperationSvc(10307): java.lang.reflect.InvocationTargetException
10-16 19:59:29.083: E/IntentOperationSvc(10307): 	at java.lang.reflect.Constructor.newInstance0(Native Method)
10-16 19:59:29.083: E/IntentOperationSvc(10307): 	at java.lang.reflect.Constructor.newInstance(Constructor.java:430)
10-16 19:59:29.083: E/IntentOperationSvc(10307): 	at bwj.a(:com.google.android.gms@11519470:8)
10-16 19:59:29.083: E/IntentOperationSvc(10307): 	at bwk.run(:com.google.android.gms@11519470:69)
10-16 19:59:29.083: E/IntentOperationSvc(10307): 	at java.util.concurrent.ThreadPoolExecutor.runWorker(ThreadPoolExecutor.java:1133)
10-16 19:59:29.083: E/IntentOperationSvc(10307): 	at java.util.concurrent.ThreadPoolExecutor$Worker.run(ThreadPoolExecutor.java:607)
10-16 19:59:29.083: E/IntentOperationSvc(10307): 	at java.lang.Thread.run(Thread.java:761)
10-16 19:59:29.083: E/IntentOperationSvc(10307): Caused by: java.lang.NullPointerException: Attempt to invoke virtual method 'android.content.SharedPreferences android.content.Context.getSharedPreferences(java.lang.String, int)' on a null object reference
