10-16 19:59:14.729: W/System.err(10307): 	at com.android.volley.toolbox.BasicNetwork.performRequest(:com.google.android.gms@11519470:7)
10-16 19:59:14.730: W/System.err(10307): 	at mgz.performRequest(:com.google.android.gms@11519470:4)
10-16 19:59:14.730: W/System.err(10307): 	at com.android.volley.NetworkDispatcher.run(:com.google.android.gms@11519470:12)
10-16 19:59:14.730: W/System.err(10307): Caused by: java.lang.AssertionError: Unexpected type ID: 3
10-16 19:59:14.730: W/System.err(10307): 	... 27 more
10-16 19:59:14.731: I/Babel(8831): Valid account: true Logged in: falsetrue
10-16 19:59:14.731: I/Babel(8831): deleted: false for 0
10-16 19:59:14.732: I/Babel(8831): BAM#account updated: 0
10-16 19:59:14.732: I/Babel(8831): BAM, cleanup: 0
10-16 19:59:14.738: I/Babel_StickerModule(8831): Account change update: 0
10-16 19:59:14.738: W/Babel_StickerModule(8831): Null account update.
10-16 19:59:14.739: I/Remoter(1395): Saved screenshot to '/data/screenshots/__pmv__-0082.jpg'
10-16 19:59:14.740: I/Babel_ConcService(8831): Released partial wake lock as ConcurrentService became idle
10-16 19:59:14.783: D/Babel(8831): onCreate: Shutdown runnable posted in onCreate with a delay of 5000 ms.
10-16 19:59:14.791: D/ApplicationLoaders(8831): ignored Vulkan layer search path /data/app/com.google.android.gms-2/lib/x86:/system/fake-libs:/data/app/com.google.android.gms-2/base.apk!/lib/x86 for namespace 0xaf899090
10-16 19:59:14.837: V/NativeCrypto(8831): Registering com/google/android/gms/org/conscrypt/NativeCrypto's 259 native methods...
10-16 19:59:14.848: D/NetworkSecurityConfig(8831): No Network Security Config specified, using platform default
10-16 19:59:14.849: I/ProviderInstaller(8831): Installed default security provider GmsCore_OpenSSL
10-16 19:59:14.854: D/Babel(8831): Idle: Shutdown runnable posted in release with a delay of 5000 ms.
10-16 19:59:14.974: I/ActivityManager(1697): Start proc 10781:com.google.android.play.games.ui/u0a71 for service com.google.android.play.games/com.google.android.gms.games.service.PlayGamesBridgeService
10-16 19:59:14.976: D/Babel(8831): Idle: Shutdown runnable posted in release with a delay of 5000 ms.
10-16 19:59:14.977: I/qtaguid(10470): Untagging socket 55 failed errno=-22
10-16 19:59:14.977: W/NetworkManagementSocketTagger(10470): untagSocket(55) failed with errno -22
10-16 19:59:14.978: I/Finsky(10470): [1] com.google.android.finsky.utils.cx.a_(1198): Server requests device config token
10-16 19:59:14.984: I/Finsky(10470): [1] com.google.android.finsky.utils.cj.a(42): Start requesting GCM Reg Id
10-16 19:59:14.984: D/GCMRegistrar(10470): resetting backoff for com.android.vending
10-16 19:59:14.989: W/System(10781): ClassLoader referenced unknown path: /system/app/PlayGames/lib/x86
10-16 19:59:14.990: V/GCMRegistrar(10470): Registering app com.android.vending of senders 932144863878
10-16 19:59:15.043: W/GCM(10314): Register request missing messenger
10-16 19:59:15.058: W/Conscrypt(10314): Could not set socket write timeout:
10-16 19:59:15.058: W/Conscrypt(10314):    java.lang.reflect.Method.invoke(Native Method)
10-16 19:59:15.058: W/Conscrypt(10314):    com.google.android.gms.org.conscrypt.Platform.setSocketWriteTimeout(:com.google.android.gms@11519470:13)
10-16 19:59:15.079: W/Conscrypt(10314): Could not set socket write timeout:
10-16 19:59:15.079: W/Conscrypt(10314):    java.lang.reflect.Method.invoke(Native Method)
10-16 19:59:15.079: W/Conscrypt(10314):    com.google.android.gms.org.conscrypt.Platform.setSocketWriteTimeout(:com.google.android.gms@11519470:13)
10-16 19:59:15.091: I/GamesSyncAdapter(10307): Sync duration for 4be5ed2: 780
10-16 19:59:15.092: E/PopupManager(10307): No content view usable to display popups. Popups will not be displayed in response to this client's calls. Use setViewForPopups() to set your content view.
10-16 19:59:15.093: W/GamesServiceBroker(10307): Client connected with SDK 8487000, Services 11519470, and Games 37240876
10-16 19:59:15.096: D/SyncManager(1697): handleSyncHandlerMessage: dropping since the sync is no longer active: startTime 213698128, mTimeoutStartTime 213698128, mHistoryRowId 0, syncOperation JobId: 104126, VS2WQVCOVYYT3Y3JQZUPAOQ2II-01@cloudtestlabaccounts.com u0 (com.google), com.google.android.gms.games.background, SERVER, reason: AutoSync
10-16 19:59:15.435: I/WearableService(10314): Wearable Services stopping
10-16 19:59:15.490: I/EventLoggerStores(10179): recordEvent APP_EVENT_TOKEN_FETCH_INITIATED ClientEvent[]
10-16 19:59:15.491: I/EventLoggerStores(10179): recordEvent APP_EVENT_TOKEN_FETCH_INITIATED ClientEvent[]
10-16 19:59:15.555: W/Auth(10314): [GetToken] GetToken failed with status code: INVALID_SCOPE
10-16 19:59:15.556: W/Auth(10314): [GetToken] GetToken failed with status code: INVALID_SCOPE
10-16 19:59:15.556: W/Search.LoginHelper(10179): Google auth exception for scope: oauth2:https://www.googleapis.com/auth/googlenow
10-16 19:59:15.556: W/Search.LoginHelper(10179): com.google.android.gms.auth.a: INVALID_SCOPE
10-16 19:59:15.556: W/Search.LoginHelper(10179): 	at com.google.android.gms.auth.d.f(Unknown Source)
10-16 19:59:15.556: W/Search.LoginHelper(10179): 	at com.google.android.gms.auth.c.a(Unknown Source)
10-16 19:59:15.556: W/Search.LoginHelper(10179): 	at com.google.android.gms.auth.c.b(Unknown Source)
10-16 19:59:15.556: W/Search.LoginHelper(10179): 	at com.google.android.gms.auth.b.a(Unknown Source)
10-16 19:59:15.556: W/Search.LoginHelper(10179): 	at com.google.android.gms.auth.b.a(Unknown Source)
10-16 19:59:15.556: W/Search.LoginHelper(10179): 	at com.google.android.apps.gsa.search.core.k.c.o.b(SourceFile:5)
10-16 19:59:15.556: W/Search.LoginHelper(10179): 	at com.google.android.apps.gsa.search.core.k.c.k.b(SourceFile:2)
10-16 19:59:15.556: W/Search.LoginHelper(10179): 	at com.google.android.apps.gsa.search.core.k.c.h.a(SourceFile:7)
10-16 19:59:15.556: W/Search.LoginHelper(10179): 	at com.google.android.apps.gsa.search.core.k.c.h.b(SourceFile:1)
10-16 19:59:15.556: W/Search.LoginHelper(10179): 	at com.google.android.apps.gsa.search.core.k.c.q.a(SourceFile:26)
10-16 19:59:15.556: W/Search.LoginHelper(10179): 	at com.google.android.apps.gsa.search.core.k.c.z.call(SourceFile:4)
10-16 19:59:15.556: W/Search.LoginHelper(10179): 	at java.util.concurrent.FutureTask.run(FutureTask.java:237)
10-16 19:59:15.556: W/Search.LoginHelper(10179): 	at java.util.concurrent.Executors$RunnableAdapter.call(Executors.java:428)
10-16 19:59:15.556: W/Search.LoginHelper(10179): 	at java.util.concurrent.FutureTask.run(FutureTask.java:237)
10-16 19:59:15.556: W/Search.LoginHelper(10179): 	at com.google.android.apps.gsa.shared.util.c.a.ag.run(Unknown Source)
10-16 19:59:15.556: W/Search.LoginHelper(10179): 	at com.google.android.apps.gsa.shared.util.c.a.bo.run(SourceFile:1)
10-16 19:59:15.556: W/Search.LoginHelper(10179): 	at com.google.android.apps.gsa.shared.util.c.a.bo.run(SourceFile:1)
10-16 19:59:15.556: W/Search.LoginHelper(10179): 	at java.util.concurrent.ThreadPoolExecutor.runWorker(ThreadPoolExecutor.java:1133)
10-16 19:59:15.556: W/Search.LoginHelper(10179): 	at java.util.concurrent.ThreadPoolExecutor$Worker.run(ThreadPoolExecutor.java:607)
10-16 19:59:15.556: W/Search.LoginHelper(10179): 	at java.lang.Thread.run(Thread.java:761)
10-16 19:59:15.556: W/Search.LoginHelper(10179): 	at com.google.android.apps.gsa.shared.util.c.a.ak.run(SourceFile:3)
10-16 19:59:15.556: I/EventLoggerStores(10179): recordEvent APP_EVENT_TOKEN_FETCHED ClientEvent[]
10-16 19:59:15.557: W/FetchOptInNamedRunnable(10179): Unable to fetch opt-in status for all required permissions
10-16 19:59:15.557: W/Search.LoginHelper(10179): Google auth exception for scope: oauth2:https://www.googleapis.com/auth/googlenow
10-16 19:59:15.557: W/Search.LoginHelper(10179): com.google.android.gms.auth.a: INVALID_SCOPE
10-16 19:59:15.557: W/Search.LoginHelper(10179): 	at com.google.android.gms.auth.d.f(Unknown Source)
10-16 19:59:15.557: W/Search.LoginHelper(10179): 	at com.google.android.gms.auth.c.a(Unknown Source)
10-16 19:59:15.557: W/Search.LoginHelper(10179): 	at com.google.android.gms.auth.c.b(Unknown Source)
10-16 19:59:15.557: W/Search.LoginHelper(10179): 	at com.google.android.gms.auth.b.a(Unknown Source)
10-16 19:59:15.557: W/Search.LoginHelper(10179): 	at com.google.android.gms.auth.b.a(Unknown Source)
10-16 19:59:15.557: W/Search.LoginHelper(10179): 	at com.google.android.apps.gsa.search.core.k.c.o.b(SourceFile:5)
10-16 19:59:15.557: W/Search.LoginHelper(10179): 	at com.google.android.apps.gsa.search.core.k.c.k.b(SourceFile:2)
10-16 19:59:15.557: W/Search.LoginHelper(10179): 	at com.google.android.apps.gsa.search.core.k.c.h.a(SourceFile:7)
10-16 19:59:15.557: W/Search.LoginHelper(10179): 	at com.google.android.apps.gsa.search.core.k.c.h.b(SourceFile:1)
10-16 19:59:15.557: W/Search.LoginHelper(10179): 	at com.google.android.apps.gsa.search.core.k.c.q.a(SourceFile:26)
10-16 19:59:15.557: W/Search.LoginHelper(10179): 	at com.google.android.apps.gsa.search.core.k.c.z.call(SourceFile:4)
10-16 19:59:15.557: W/Search.LoginHelper(10179): 	at java.util.concurrent.FutureTask.run(FutureTask.java:237)
10-16 19:59:15.557: W/Search.LoginHelper(10179): 	at java.util.concurrent.Executors$RunnableAdapter.call(Executors.java:428)
10-16 19:59:15.557: W/Search.LoginHelper(10179): 	at java.util.concurrent.FutureTask.run(FutureTask.java:237)
10-16 19:59:15.557: W/Search.LoginHelper(10179): 	at com.google.android.apps.gsa.shared.util.c.a.ag.run(Unknown Source)
10-16 19:59:15.557: W/Search.LoginHelper(10179): 	at com.google.android.apps.gsa.shared.util.c.a.bo.run(SourceFile:1)
10-16 19:59:15.557: W/Search.LoginHelper(10179): 	at com.google.android.apps.gsa.shared.util.c.a.bo.run(SourceFile:1)
10-16 19:59:15.557: W/Search.LoginHelper(10179): 	at java.util.concurrent.ThreadPoolExecutor.runWorker(ThreadPoolExecutor.java:1133)
10-16 19:59:15.557: W/Search.LoginHelper(10179): 	at java.util.concurrent.ThreadPoolExecutor$Worker.run(ThreadPoolExecutor.java:607)
10-16 19:59:15.557: W/Search.LoginHelper(10179): 	at java.lang.Thread.run(Thread.java:761)
10-16 19:59:15.557: W/Search.LoginHelper(10179): 	at com.google.android.apps.gsa.shared.util.c.a.ak.run(SourceFile:3)
10-16 19:59:15.557: I/EventLoggerStores(10179): recordEvent APP_EVENT_TOKEN_FETCHED ClientEvent[]
10-16 19:59:15.558: E/com.google.common.i.a.s(10179): Got more than one input Future failure. Logging failures after the first
10-16 19:59:15.558: E/com.google.common.i.a.s(10179): com.google.android.libraries.gsa.chiffon.clockwork.g.k
10-16 19:59:15.558: E/com.google.common.i.a.s(10179): 	at com.google.android.libraries.gsa.chiffon.clockwork.g.j.ad(SourceFile:2)
10-16 19:59:15.558: E/com.google.common.i.a.s(10179): 	at com.google.android.apps.gsa.search.core.m.c.onPostExecute(SourceFile:3)
10-16 19:59:15.558: E/com.google.common.i.a.s(10179): 	at com.google.android.apps.gsa.shared.util.c.h.run(SourceFile)
10-16 19:59:15.558: E/com.google.common.i.a.s(10179): 	at android.os.Handler.handleCallback(Handler.java:751)
10-16 19:59:15.558: E/com.google.common.i.a.s(10179): 	at android.os.Handler.dispatchMessage(Handler.java:95)
10-16 19:59:15.558: E/com.google.common.i.a.s(10179): 	at android.os.Looper.loop(Looper.java:154)
10-16 19:59:15.558: E/com.google.common.i.a.s(10179): 	at android.app.ActivityThread.main(ActivityThread.java:6119)
10-16 19:59:15.558: E/com.google.common.i.a.s(10179): 	at java.lang.reflect.Method.invoke(Native Method)
10-16 19:59:15.558: E/com.google.common.i.a.s(10179): 	at com.android.internal.os.ZygoteInit$MethodAndArgsCaller.run(ZygoteInit.java:886)
10-16 19:59:15.558: E/com.google.common.i.a.s(10179): 	at com.android.internal.os.ZygoteInit.main(ZygoteInit.java:776)
10-16 19:59:15.593: V/Avrcp(1768): Active sessions changed, 0 sessions
10-16 19:59:15.678: V/MediaRouter(10727): Adding route: RouteInfo{ name=Teléfono, description=null, status=null, category=RouteCategory{ name=null types=ROUTE_TYPE_LIVE_AUDIO ROUTE_TYPE_LIVE_VIDEO  groupable=false }, supportedTypes=ROUTE_TYPE_LIVE_AUDIO ROUTE_TYPE_LIVE_VIDEO , presentationDisplay=null }
10-16 19:59:15.680: V/MediaRouter(10727): Updating audio routes: AudioRoutesInfo{ type=SPEAKER }
10-16 19:59:15.681: V/MediaRouter(10727): Selecting route: RouteInfo{ name=Teléfono, description=null, status=null, category=RouteCategory{ name=null types=ROUTE_TYPE_LIVE_AUDIO ROUTE_TYPE_LIVE_VIDEO  groupable=false }, supportedTypes=ROUTE_TYPE_LIVE_AUDIO ROUTE_TYPE_LIVE_VIDEO , presentationDisplay=null }
10-16 19:59:15.685: I/MediaRouter(10727): Found default route: MediaRouter.RouteInfo{ uniqueId=android/.support.v7.media.SystemMediaRouteProvider:DEFAULT_ROUTE, name=Teléfono, description=null, iconUri=null, enabled=true, connecting=false, connectionState=0, canDisconnect=false, playbackType=0, playbackStream=3, deviceType=0, volumeHandling=1, volume=11, volumeMax=15, presentationDisplayId=-1, extras=null, settingsIntent=null, providerPackageName=android }
10-16 19:59:15.779: D/AndroidRuntime(10816): >>>>>> START com.android.internal.os.RuntimeInit uid 0 <<<<<<
10-16 19:59:15.781: D/AndroidRuntime(10816): CheckJNI is OFF
10-16 19:59:15.861: I/qtaguid(10470): Untagging socket 55 failed errno=-22
10-16 19:59:15.861: W/NetworkManagementSocketTagger(10470): untagSocket(55) failed with errno -22
10-16 19:59:15.863: I/Finsky(10470): [1] com.google.android.finsky.utils.bb.a_(1261): Received device config token CisaKQoTMzcxOTY1MDQ3NjE4NDU3NzgyNhISChAxNTA4MTk4MzU1NzgyMzAw
10-16 19:59:15.866: D/ICU(10816): No timezone override file found: /data/misc/zoneinfo/current/icu/icu_tzdata.dat
10-16 19:59:15.866: D/ICU(10816): [ 10-16 19:59:15.871 10816:10816 W/         ]
10-16 19:59:15.866: D/ICU(10816): Failed to bind-mount /system/lib/x86/cpuinfo as /proc/cpuinfo: No such file or directory
10-16 19:59:15.879: I/Remoter(1395): Saved screenshot to '/data/screenshots/__pmv__-0083.jpg'
10-16 19:59:15.879: E/memtrack(10816): Couldn't load memtrack module (No such file or directory)
10-16 19:59:15.880: E/android.os.Debug(10816): failed to load memtrack module: -2
10-16 19:59:15.881: I/Radio-JNI(10816): register_android_hardware_Radio DONE
10-16 19:59:15.886: D/AndroidRuntime(10816): Calling main entry com.android.commands.pm.Pm
10-16 19:59:15.890: I/art(10816): System.exit called, status: 0
10-16 19:59:15.890: I/AndroidRuntime(10816): VM exiting with result code 0.
10-16 19:59:16.038: I/qtaguid(10470): Untagging socket 55 failed errno=-22
10-16 19:59:16.038: W/NetworkManagementSocketTagger(10470): untagSocket(55) failed with errno -22
10-16 19:59:16.043: I/Finsky(10470): [630] com.google.android.finsky.utils.bq.a(177): Enabling bucket experiment: factor=1.000, zeroDelta=0ms, forceNetwork=true
10-16 19:59:16.044: I/Finsky(10470): [630] com.google.android.finsky.h.b.a(5810): Process stable target turned on mid-process: 12602748
10-16 19:59:16.046: I/Finsky(10470): [1] com.google.android.finsky.utils.ki.a(126): Refreshing user settings: account=[KZkGehx9x4vkdiKC9ytVqouUv0g]
10-16 19:59:16.126: I/Finsky(10470): [1] com.google.android.finsky.selfupdate.c.a(148): Starting DFE self-update from local version [80694300] to server version [80834200]
10-16 19:59:16.149: I/ActivityManager(1697): Start proc 10840:com.google.android.gms:car/u0a14 for service com.google.android.gms/.car.CarService
10-16 19:59:16.188: I/LoadedApk(10840): No resource references to update in package FFFFFFFFFFFFFFFFFFFFFF
10-16 19:59:16.232: I/qtaguid(10470): Untagging socket 55 failed errno=-22
10-16 19:59:16.232: W/NetworkManagementSocketTagger(10470): untagSocket(55) failed with errno -22
10-16 19:59:16.243: I/qtaguid(10470): Untagging socket 59 failed errno=-22
10-16 19:59:16.243: W/NetworkManagementSocketTagger(10470): untagSocket(59) failed with errno -22
10-16 19:59:16.254: V/NativeCrypto(10840): Registering com/google/android/gms/org/conscrypt/NativeCrypto's 259 native methods...
10-16 19:59:16.270: D/NetworkSecurityConfig(10840): No Network Security Config specified, using platform default
10-16 19:59:16.272: I/ProviderInstaller(10840): Installed default security provider GmsCore_OpenSSL
10-16 19:59:16.321: I/Finsky(10470): [1] com.google.android.finsky.download.e.a(264): Duplicate state set for 'com.android.vending' (0). Already in that state
10-16 19:59:16.321: I/Finsky(10470): [1] com.google.android.finsky.download.x.e(145): Download com.android.vending added to DownloadQueue
10-16 19:59:16.340: I/Finsky(10470): [1] com.google.android.finsky.download.e.a(266): com.android.vending from 0 to 1.
10-16 19:59:16.340: I/Finsky(10470): [ 10-16 19:59:16.341  1410: 1410 I/         ]
10-16 19:59:16.340: I/Finsky(10470): free_cache(0) avail 3872133120
10-16 19:59:16.347: I/Finsky(10470): [1] com.google.android.finsky.download.ai.run(5566): Download com.android.vending starting
10-16 19:59:16.362: I/qtaguid(10470): Untagging socket 59 failed errno=-22
10-16 19:59:16.362: W/NetworkManagementSocketTagger(10470): untagSocket(59) failed with errno -22
10-16 19:59:16.472: I/Finsky(10470): [634] com.google.android.finsky.download.ae.a(1579): Enqueued com.android.vending as content://downloads/my_downloads/58
10-16 19:59:16.473: I/Finsky(10470): [1] com.google.android.finsky.download.e.a(266): com.android.vending from 1 to 2.
10-16 19:59:16.473: I/Finsky(10470): [1] com.google.android.finsky.download.x.a(644): com.android.vending: onStart
10-16 19:59:16.500: D/DownloadManager(8924): [58] Starting
10-16 19:59:16.539: I/Finsky(10470): [1] com.google.android.finsky.download.x.b(413): com.android.vending: onProgress 0/-1 Status: 192.
10-16 19:59:16.539: W/System(8924): ClassLoader referenced unknown path: 
10-16 19:59:16.539: W/System(8924): ClassLoader referenced unknown path: /system/priv-app/Phonesky/lib/x86
10-16 19:59:16.540: D/ApplicationLoaders(8924): ignored Vulkan layer search path /system/priv-app/Phonesky/lib/x86:/system/priv-app/Phonesky/Phonesky.apk!/lib/x86:/system/lib:/vendor/lib for namespace 0xaf8990d0
10-16 19:59:16.657: D/NetworkSecurityConfig(8924): No Network Security Config specified, using platform default
10-16 19:59:16.691: D/NetworkSecurityConfig(8924): No Network Security Config specified, using platform default
10-16 19:59:16.726: W/InstanceID/Rpc(10727): Found 10014
10-16 19:59:16.729: I/DynamiteModule(10840): Considering local module com.google.android.gms.googlecertificates:4 and remote module com.google.android.gms.googlecertificates:4
10-16 19:59:16.729: I/DynamiteModule(10840): Selected local version of com.google.android.gms.googlecertificates
10-16 19:59:16.753: I/PlayMovies(10727): AccountsChangedTaskService.scheduleCleanup:93 Scheduled task AccountsChangedTaskService
10-16 19:59:16.765: V/MediaRouter(10727): Selecting route: RouteInfo{ name=Teléfono, description=null, status=null, category=RouteCategory{ name=null types=ROUTE_TYPE_LIVE_AUDIO ROUTE_TYPE_LIVE_VIDEO  groupable=false }, supportedTypes=ROUTE_TYPE_LIVE_AUDIO ROUTE_TYPE_LIVE_VIDEO , presentationDisplay=null }
10-16 19:59:16.769: I/Finsky(10470): [622] com.google.android.finsky.utils.ja.a(269): Apps signed by first-party test keys will be allowed
10-16 19:59:16.771: I/Finsky(10470): [622] com.google.android.finsky.services.e.a(60): Received content filters request from com.google.android.videos
10-16 19:59:16.776: D/PlayMovies(10727): PersistentCache.cleanup:104 Cache is below limit, no need to shrink: [size=0, limit=5242880]
10-16 19:59:16.789: D/PlayMovies(10727): TransferService.onCreate:59 creating transfer service
10-16 19:59:16.792: D/Volley(10470): [629] g.b: Cache cleared.
10-16 19:59:16.792: D/Volley(10470): [638] g.b: Cache cleared.
10-16 19:59:16.797: I/Finsky(10470): [1] com.google.android.finsky.receivers.UpdateWidgetsReceiver.onReceive(39): Updated 0 MarketWidgetProvider widgets (android.accounts.LOGIN_ACCOUNTS_CHANGED)
10-16 19:59:16.798: I/Finsky(10470): [1] com.google.android.finsky.receivers.UpdateWidgetsReceiver.onReceive(39): Updated 0 RecommendedWidgetProvider widgets (android.accounts.LOGIN_ACCOUNTS_CHANGED)
10-16 19:59:16.799: I/Finsky(10470): [1] com.google.android.finsky.receivers.UpdateWidgetsReceiver.onReceive(39): Updated 0 NowPlayingWidgetProvider widgets (android.accounts.LOGIN_ACCOUNTS_CHANGED)
10-16 19:59:16.812: I/GmailIS(10138): Receive LOGIN_ACCOUNTS_CHANGED intent: Intent { act=android.accounts.LOGIN_ACCOUNTS_CHANGED flg=0x4000010 cmp=com.google.android.gm/.GmailIntentService }
10-16 19:59:16.817: I/Exchange(10138): Accounts changed - requesting FolderSync for unsynced accounts
10-16 19:59:16.818: I/Gmail(10138): System accounts updated.
10-16 19:59:16.830: I/Exchange(10138): EasService.onCreate
10-16 19:59:16.832: W/ActivityManager(1697): Unable to start service Intent { cmp=com.google.android.gm.exchange/com.android.exchange.service.EasService } U=0: not found
10-16 19:59:16.832: I/Exchange(10138): EasService.onCreate stoppedOldService=false
10-16 19:59:16.834: I/Exchange(10138): needResyncCalendar: false, hasCalendarPermission: true, needResyncContacts: false, hasContactsPermission: true
10-16 19:59:16.835: I/Exchange(10138): RestartPingTask
10-16 19:59:16.839: I/Exchange(10138): RestartPingsTask did not start any pings.
10-16 19:59:16.840: I/Exchange(10138): onDestroy
10-16 19:59:16.846: I/Exchange(10138): EasService.onCreate
10-16 19:59:16.847: W/ActivityManager(1697): Unable to start service Intent { cmp=com.google.android.gm.exchange/com.android.exchange.service.EasService } U=0: not found
10-16 19:59:16.847: I/Exchange(10138): EasService.onCreate stoppedOldService=false
10-16 19:59:16.848: I/NotifActionUtils(10138): resendNotifications account: null, folder: null
10-16 19:59:16.852: I/Babel_ConcService(8831): Acquired partial wake lock to keep ConcurrentService alive
10-16 19:59:16.853: I/Exchange(10138): needResyncCalendar: false, hasCalendarPermission: true, needResyncContacts: false, hasContactsPermission: true
10-16 19:59:16.853: I/Exchange(10138): RestartPingTask
10-16 19:59:16.856: I/Exchange(10138): RestartPingsTask did not start any pings.
10-16 19:59:16.857: I/Exchange(10138): onDestroy
10-16 19:59:16.858: I/qtaguid(10470): Untagging socket 59 failed errno=-22
10-16 19:59:16.858: W/NetworkManagementSocketTagger(10470): untagSocket(59) failed with errno -22
10-16 19:59:16.864: I/PmtsSwAccountIntentOp(10307): Processing intent action=android.accounts.LOGIN_ACCOUNTS_CHANGED
10-16 19:59:16.864: I/PmtsSwAccountIntentOp(10307): Account added has already been processed
10-16 19:59:16.875: I/Auth(10314): [GoogleAccountHistoryStore] creating database.
10-16 19:59:16.881: I/art(1697): Background partial concurrent mark sweep GC freed 18518(1352KB) AllocSpace objects, 9(724KB) LOS objects, 33% free, 15MB/23MB, paused 3.763ms total 103.797ms
10-16 19:59:16.898: W/WakefulBroadcastReceiver(10314): No active wake lock id #2
10-16 19:59:16.901: I/HeterodyneSyncScheduler(10314): Scheduling Phenotype for a PhenotypeSyncImmediately(5, null) one off with window [1, 2] in seconds
10-16 19:59:16.904: I/Babel_ConcService(8831): Released partial wake lock as ConcurrentService became idle
10-16 19:59:16.912: D/ConnectivityService(1697): Returning blocked NetworkInfo to uid=10076
10-16 19:59:16.912: I/NotifUtils(10138): resendNotifications cancelExisting: false, account: null, folder: null
10-16 19:59:16.913: I/Gmail(10138): getAccountsCursor
10-16 19:59:16.918: I/EventLoggerStores(10179): recordEvent APP_EVENT_TOKEN_FETCH_INITIATED ClientEvent[]
10-16 19:59:16.928: I/VideoCapabilities(10727): Unsupported profile 4 for video/mp4v-es
10-16 19:59:16.950: I/PlayMovies(10727): AccountsChangedTaskService.scheduleCleanup:93 Scheduled task AccountsChangedTaskService
10-16 19:59:16.966: I/PlayMovies(10727): GservicesConfig.preferModularDrm:1134 force_prefer_modular_drm
10-16 19:59:16.966: I/PlayMovies(10727): GservicesConfig.supportsAdaptivePlayback:1176 decoderInfo.adaptive true
10-16 19:59:16.966: I/PlayMovies(10727): GservicesConfig.useDashForStreaming:1109 true
10-16 19:59:16.978: I/Finsky(10470): [1] com.google.android.finsky.widget.a.onReceive(139): Received ACTION_APPWIDGET_UPDATE, updating 0 widgets.
10-16 19:59:16.983: I/IcingInternalCorpora(10307): Received calendar change notification.
10-16 19:59:16.983: I/Finsky(10470): [1] com.google.android.finsky.widget.a.onReceive(139): Received ACTION_APPWIDGET_UPDATE, updating 0 widgets.
10-16 19:59:16.984: W/Auth(10314): [GetToken] GetToken failed with status code: INVALID_SCOPE
10-16 19:59:16.985: W/Search.LoginHelper(10179): Google auth exception for scope: oauth2:https://www.googleapis.com/auth/googlenow
10-16 19:59:16.985: W/Search.LoginHelper(10179): com.google.android.gms.auth.a: INVALID_SCOPE
10-16 19:59:16.985: W/Search.LoginHelper(10179): 	at com.google.android.gms.auth.d.f(Unknown Source)
10-16 19:59:16.985: W/Search.LoginHelper(10179): 	at com.google.android.gms.auth.c.a(Unknown Source)
10-16 19:59:16.985: W/Search.LoginHelper(10179): 	at com.google.android.gms.auth.c.b(Unknown Source)
10-16 19:59:16.985: W/Search.LoginHelper(10179): 	at com.google.android.gms.auth.b.a(Unknown Source)
10-16 19:59:16.985: W/Search.LoginHelper(10179): 	at com.google.android.gms.auth.b.a(Unknown Source)
10-16 19:59:16.985: W/Search.LoginHelper(10179): 	at com.google.android.apps.gsa.search.core.k.c.o.b(SourceFile:5)
10-16 19:59:16.985: W/Search.LoginHelper(10179): 	at com.google.android.apps.gsa.search.core.k.c.k.b(SourceFile:2)
10-16 19:59:16.985: W/Search.LoginHelper(10179): 	at com.google.android.apps.gsa.search.core.k.c.h.a(SourceFile:7)
10-16 19:59:16.985: W/Search.LoginHelper(10179): 	at com.google.android.apps.gsa.search.core.k.c.h.b(SourceFile:1)
10-16 19:59:16.985: W/Search.LoginHelper(10179): 	at com.google.android.apps.gsa.search.core.k.c.q.a(SourceFile:26)
10-16 19:59:16.985: W/Search.LoginHelper(10179): 	at com.google.android.apps.gsa.search.core.k.c.z.call(SourceFile:4)
10-16 19:59:16.985: W/Search.LoginHelper(10179): 	at java.util.concurrent.FutureTask.run(FutureTask.java:237)
10-16 19:59:16.985: W/Search.LoginHelper(10179): 	at java.util.concurrent.Executors$RunnableAdapter.call(Executors.java:428)
10-16 19:59:16.985: W/Search.LoginHelper(10179): 	at java.util.concurrent.FutureTask.run(FutureTask.java:237)
10-16 19:59:16.985: W/Search.LoginHelper(10179): 	at com.google.android.apps.gsa.shared.util.c.a.ag.run(Unknown Source)
10-16 19:59:16.985: W/Search.LoginHelper(10179): 	at com.google.android.apps.gsa.shared.util.c.a.bo.run(SourceFile:1)
10-16 19:59:16.985: W/Search.LoginHelper(10179): 	at com.google.android.apps.gsa.shared.util.c.a.bo.run(SourceFile:1)
10-16 19:59:16.985: W/Search.LoginHelper(10179): 	at java.util.concurrent.ThreadPoolExecutor.runWorker(ThreadPoolExecutor.java:1133)
10-16 19:59:16.985: W/Search.LoginHelper(10179): 	at java.util.concurrent.ThreadPoolExecutor$Worker.run(ThreadPoolExecutor.java:607)
10-16 19:59:16.985: W/Search.LoginHelper(10179): 	at java.lang.Thread.run(Thread.java:761)
10-16 19:59:16.985: W/Search.LoginHelper(10179): 	at com.google.android.apps.gsa.shared.util.c.a.ak.run(SourceFile:3)
10-16 19:59:16.985: I/EventLoggerStores(10179): recordEvent APP_EVENT_TOKEN_FETCHED ClientEvent[]
10-16 19:59:16.986: I/EventLoggerStores(10179): recordEvent APP_EVENT_TOKEN_FETCH_INITIATED ClientEvent[]
10-16 19:59:17.006: I/Finsky(10470): [1] com.google.android.finsky.widget.a.onReceive(139): Received ACTION_APPWIDGET_UPDATE, updating 0 widgets.
10-16 19:59:17.049: W/Auth(10314): [GetToken] GetToken failed with status code: INVALID_SCOPE
10-16 19:59:17.050: W/Search.LoginHelper(10179): Google auth exception for scope: oauth2:https://www.googleapis.com/auth/googlenow
10-16 19:59:17.050: W/Search.LoginHelper(10179): com.google.android.gms.auth.a: INVALID_SCOPE
10-16 19:59:17.050: W/Search.LoginHelper(10179): 	at com.google.android.gms.auth.d.f(Unknown Source)
10-16 19:59:17.050: W/Search.LoginHelper(10179): 	at com.google.android.gms.auth.c.a(Unknown Source)
10-16 19:59:17.050: W/Search.LoginHelper(10179): 	at com.google.android.gms.auth.c.b(Unknown Source)
10-16 19:59:17.050: W/Search.LoginHelper(10179): 	at com.google.android.gms.auth.b.a(Unknown Source)
10-16 19:59:17.050: W/Search.LoginHelper(10179): 	at com.google.android.gms.auth.b.a(Unknown Source)
10-16 19:59:17.050: W/Search.LoginHelper(10179): 	at com.google.android.apps.gsa.search.core.k.c.o.b(SourceFile:5)
10-16 19:59:17.050: W/Search.LoginHelper(10179): 	at com.google.android.apps.gsa.search.core.k.c.k.b(SourceFile:2)
10-16 19:59:17.050: W/Search.LoginHelper(10179): 	at com.google.android.apps.gsa.search.core.k.c.h.a(SourceFile:7)
10-16 19:59:17.050: W/Search.LoginHelper(10179): 	at com.google.android.apps.gsa.search.core.k.c.h.b(SourceFile:1)
10-16 19:59:17.050: W/Search.LoginHelper(10179): 	at com.google.android.apps.gsa.search.core.k.c.q.a(SourceFile:26)
10-16 19:59:17.050: W/Search.LoginHelper(10179): 	at com.google.android.apps.gsa.search.core.k.c.z.call(SourceFile:4)
10-16 19:59:17.050: W/Search.LoginHelper(10179): 	at java.util.concurrent.FutureTask.run(FutureTask.java:237)
10-16 19:59:17.050: W/Search.LoginHelper(10179): 	at java.util.concurrent.Executors$RunnableAdapter.call(Executors.java:428)
10-16 19:59:17.050: W/Search.LoginHelper(10179): 	at java.util.concurrent.FutureTask.run(FutureTask.java:237)
10-16 19:59:17.050: W/Search.LoginHelper(10179): 	at com.google.android.apps.gsa.shared.util.c.a.ag.run(Unknown Source)
10-16 19:59:17.050: W/Search.LoginHelper(10179): 	at com.google.android.apps.gsa.shared.util.c.a.bo.run(SourceFile:1)
10-16 19:59:17.050: W/Search.LoginHelper(10179): 	at com.google.android.apps.gsa.shared.util.c.a.bo.run(SourceFile:1)
10-16 19:59:17.050: W/Search.LoginHelper(10179): 	at java.util.concurrent.ThreadPoolExecutor.runWorker(ThreadPoolExecutor.java:1133)
10-16 19:59:17.050: W/Search.LoginHelper(10179): 	at java.util.concurrent.ThreadPoolExecutor$Worker.run(ThreadPoolExecutor.java:607)
10-16 19:59:17.050: W/Search.LoginHelper(10179): 	at java.lang.Thread.run(Thread.java:761)
10-16 19:59:17.050: W/Search.LoginHelper(10179): 	at com.google.android.apps.gsa.shared.util.c.a.ak.run(SourceFile:3)
10-16 19:59:17.050: I/EventLoggerStores(10179): recordEvent APP_EVENT_TOKEN_FETCHED ClientEvent[]
10-16 19:59:17.052: I/ActivityManager(1697): Start proc 10928:com.google.android.talk:matchstick/u0a59 for broadcast com.google.android.talk/com.google.android.libraries.matchstick.net.MatchstickInProcessReceiver
10-16 19:59:17.060: W/ActivityManager(1697): Unable to start service Intent { act=local_action cmp=com.google.android.gms/.car.InCallService2 } U=0: not found
10-16 19:59:17.060: E/CAR.TEL.Service(10840): Failed to bind to InCallService
10-16 19:59:17.068: I/Finsky(10470): [1] com.google.android.finsky.services.DailyHygiene.d(738): Logging device features
10-16 19:59:17.069: W/ChimeraUtils(10307): Non Chimera context
10-16 19:59:17.076: I/Finsky(10470): [1] com.google.android.finsky.selfupdate.SelfUpdateCheckerScheduler.a(59): Cancelling accelerated self-Update check
10-16 19:59:17.012: I/main(1406): type=1400 audit(0.0:135): avc: denied { getattr } for path="/sys/kernel/debug/tracing/trace_marker" dev="tracefs" ino=1043 scontext=u:r:zygote:s0 tcontext=u:object_r:debugfs_tracing:s0 tclass=file permissive=1
10-16 19:59:17.052: I/main(10928): type=1400 audit(0.0:136): avc: denied { write } for name="trace_marker" dev="tracefs" ino=1043 scontext=u:r:zygote:s0 tcontext=u:object_r:debugfs_tracing:s0 tclass=file permissive=1
10-16 19:59:17.084: W/InstanceID/Rpc(10470): Found 10014
10-16 19:59:17.139: W/ActivityManager(1697): Unbind failed: could not find connection for android.os.BinderProxy@ca377e
10-16 19:59:17.153: I/WearableService(10314): Wearable Services not starting - Wear is not available on this device.
10-16 19:59:17.163: W/System(10928): ClassLoader referenced unknown path: /system/app/Hangouts/lib/x86
10-16 19:59:17.168: I/Icing(10307): Storage manager: low false usage 1.71MB avail 3.59GB capacity 3.89GB
10-16 19:59:17.247: I/Remoter(1395): Saved screenshot to '/data/screenshots/__pmv__-0084.jpg'
10-16 19:59:17.286: D/WearableService(10314): onGetService - Wear is not available on this device.
10-16 19:59:17.287: E/Finsky(10470): [1] com.google.android.finsky.wear.bo.a(838): onConnectionFailed: ConnectionResult{statusCode=API_UNAVAILABLE, resolution=null, message=null}
10-16 19:59:17.287: I/Finsky(10470): [1] com.google.android.finsky.wear.WearSupportService.a(6396): Dropping command=hygiene due to Gms not connected
10-16 19:59:17.290: I/ActivityManager(1697): Killing 9533:com.android.musicfx/u0a23 (adj 906): empty #17
10-16 19:59:17.290: I/ActivityManager(1697): Killing 9471:com.android.defcontainer/u0a8 (adj 906): empty #18
10-16 19:59:17.307: D/ActivityManager(1697): cleanUpApplicationRecord -- 9471
10-16 19:59:17.307: D/ActivityManager(1697): cleanUpApplicationRecord -- 9533
10-16 19:59:17.326: W/UdcContextManagerHelper(10314): Empty context buffer. Thus might mean that the context is not synced down.
10-16 19:59:17.326: W/UploadOptInStatusOp(10314): Empty context model while retrieving upload opt-in status!
10-16 19:59:17.338: W/ConfigurationChimeraProvider(10314): Got null configs for com.google.android.gms.ads
10-16 19:59:17.351: I/MS_RegisterService(10928): RegisterService intent:Intent { act=register_intent_action flg=0x10 cmp=com.google.android.talk/com.google.android.libraries.matchstick.net.SilentRegisterService } isPeriodic:false
10-16 19:59:17.368: W/Icing(10307): city name for address is empty or is not existed. 
10-16 19:59:17.368: W/Icing(10307): street name for address is empty or is not existed. 
10-16 19:59:17.368: W/Icing(10307): transportation_script_path is empty
10-16 19:59:17.372: W/Icing(10307): Words file  does not exist!
10-16 19:59:17.372: W/Icing(10307): WordsMap was not properly initialized
10-16 19:59:17.375: I/CheckinCompat(10307): Disabling old GoogleServicesFramework version
10-16 19:59:17.438: D/ApplicationLoaders(10928): ignored Vulkan layer search path /data/app/com.google.android.gms-2/lib/x86:/system/fake-libs:/data/app/com.google.android.gms-2/base.apk!/lib/x86 for namespace 0xaf899090
10-16 19:59:17.446: W/ConfigurationChimeraProvider(10314): Got null configs for com.google.android.gms.mdm
10-16 19:59:17.475: I/Auth(10307): [FRP,FrpUpdateIntentOperation] Frp is not supported for this device / user
10-16 19:59:17.477: I/Authzen(10314): [AccountChangeProcessingIntentOperation] Received onHandleIntent() call: Intent { act=com.google.android.gms.auth.GOOGLE_ACCOUNT_CHANGE cat=[com.google.android.gms.auth.category.ACCOUNT_ADDED] flg=0x10 cmp=com.google.android.gms/.chimera.GmsIntentOperationService$PersistentInternalReceiver (has extras) }
10-16 19:59:17.478: I/Authzen(10314): [AccountChangeProcessingIntentOperation] Handling added account: <ELLIDED:1215685764>
10-16 19:59:17.481: V/NativeCrypto(10928): Registering com/google/android/gms/org/conscrypt/NativeCrypto's 259 native methods...
10-16 19:59:17.485: I/GCoreUlr(10314): Starting service, intent=Intent { act=com.google.android.location.reporting.ACTION_UPDATE_WORLD cmp=com.google.android.gms/com.google.android.location.reporting.service.DispatchingService (has extras) }, extras=Bundle[{receiverAction=com.google.android.gms.auth.GOOGLE_ACCOUNT_CHANGE, accountsAdded=[Account {name=VS2WQVCOVYYT3Y3JQZUPAOQ2II-01@cloudtestlabaccounts.com, type=com.google}]}]
10-16 19:59:17.496: D/NetworkSecurityConfig(10928): No Network Security Config specified, using platform default
10-16 19:59:17.504: I/ProviderInstaller(10928): Installed default security provider GmsCore_OpenSSL
10-16 19:59:17.504: I/MS_RegisterService(10928): Not registered and not enabled. Doing nothing.
10-16 19:59:17.505: I/ActivityManager(1697): Killing 9614:com.google.android.partnersetup/u0a21 (adj 906): empty #17
10-16 19:59:17.519: I/Authzen(10314): [SyncManager] Sync requested for event 100, account VS2WQVCOVYYT3Y3JQZUPAOQ2II-01@cloudtestlabaccounts.com, and components 3, with reason 7
10-16 19:59:17.519: I/Authzen(10314): [SyncManager] Triggering AuthZen registration...
10-16 19:59:17.522: I/Authzen(10314): [RegistrationManager] Fetching signing key...
10-16 19:59:17.529: I/Authzen(10314): [KeyService] Creating new signing Keys for handle: device_key
10-16 19:59:17.531: I/Authzen(10314): [SqliteKeyStorage] Adding new credential
10-16 19:59:17.534: I/Authzen(10314): [RegistrationManager] Signing key fetched successfully!
10-16 19:59:17.542: I/Authzen(10314): [RegistrationManager] Starting Enrollment...
10-16 19:59:17.052: I/main(10928): type=1400 audit(0.0:137): avc: denied { open } for path="/sys/kernel/debug/tracing/trace_marker" dev="tracefs" ino=1043 scontext=u:r:zygote:s0 tcontext=u:object_r:debugfs_tracing:s0 tclass=file permissive=1
10-16 19:59:17.557: D/ActivityManager(1697): cleanUpApplicationRecord -- 9614
10-16 19:59:17.574: E/ctxmgr(10314): [NetworkUtil]No active synchronizable contexts.
10-16 19:59:17.575: E/Icing(10307): Array storage bad crc 4085308714 vs 1885753801
10-16 19:59:17.575: E/Icing(10307): File /data/data/com.google.android.gms/files/AppDataSearch/main/cur/ds.docids failed to init (elt_size 4 num_elts 32 array_crc 1885753801)
10-16 19:59:17.575: E/Icing(10307): Array storage bad crc 3268590389 vs 1099858964
10-16 19:59:17.575: E/Icing(10307): File /data/data/com.google.android.gms/files/AppDataSearch/main/cur/ds.perdocdata failed to init (elt_size 26 num_elts 32 array_crc 1099858964)
10-16 19:59:17.576: E/SyncManager(1697): Job params not found for 105136
10-16 19:59:17.577: E/Icing(10307): Array storage bad crc 2906549679 vs 0
10-16 19:59:17.577: E/Icing(10307): File /data/data/com.google.android.gms/files/AppDataSearch/main/cur/ds.cscoring failed to init (elt_size 37 num_elts 14 array_crc 0)
10-16 19:59:17.587: E/Icing(10307): Array storage bad crc 2576673567 vs 3875651786
10-16 19:59:17.587: E/Icing(10307): Trie mmap suffix failed
10-16 19:59:17.604: I/EventLogChimeraService(10307): Accumulating logs since 1508197263330
10-16 19:59:17.669: W/Auth(10314): [GetToken] GetToken failed with status code: INVALID_SCOPE
10-16 19:59:17.671: E/Authzen(10314): [RegistrationManager] Failed to do enrollment for account: <ELLIDED:79584978>
10-16 19:59:17.674: V/GCMBroadcastReceiver(10470): onReceive: com.google.android.c2dm.intent.REGISTRATION
10-16 19:59:17.674: V/GCMBroadcastReceiver(10470): GCM IntentService class: com.android.vending.GCMIntentService
10-16 19:59:17.674: V/GCMBaseIntentService(10470): Acquiring wakelock
10-16 19:59:17.676: V/GCMBaseIntentService(10470): Intent service name: GCMIntentService-932144863878-1
10-16 19:59:17.676: W/Icing(10307): Docstore bad crc 0x03de3668 vs 0xef6987df
10-16 19:59:17.697: I/Authzen(10314): [exw] Syncing data for account <ELLIDED:79584978>
10-16 19:59:17.700: I/Finsky(10470): [1] com.google.android.finsky.widget.a.onReceive(139): Received ACTION_APPWIDGET_UPDATE, updating 0 widgets.
10-16 19:59:17.700: I/Finsky(10470): [1] com.google.android.finsky.widget.a.onReceive(139): Received ACTION_APPWIDGET_UPDATE, updating 0 widgets.
10-16 19:59:17.701: E/GCMRegistrar(10470): internal error: retry receiver class not set yet
10-16 19:59:17.701: V/GCMRegistrar(10470): Registering receiver
10-16 19:59:17.701: I/Finsky(10470): [1] com.google.android.finsky.widget.a.onReceive(139): Received ACTION_APPWIDGET_UPDATE, updating 0 widgets.
10-16 19:59:17.702: D/GCMBaseIntentService(10470): handleRegistration: registrationId = APA91bHFenrR8lPomKEXiNTWoJbTgPV5YbSKt1tS-jhDWKW7eg7vTA3OFLeFJErPgfLW8SqL_GKiDyAxGOMnmuRUdT4G-KZh3HpOVTxemY3TUs_u1mgKOB2Z1IINZatUmmj_JOl2b-0V, error = null, unregistered = null
10-16 19:59:17.702: D/GCMRegistrar(10470): resetting backoff for com.android.vending
10-16 19:59:17.702: V/GCMRegistrar(10470): Saving regId on app version 80694300
10-16 19:59:17.707: V/GCMBaseIntentService(10470): Releasing wakelock
10-16 19:59:17.708: I/Finsky(10470): [1] com.google.android.finsky.utils.cj.a(66): Uploading GcmRegistration Id because not registered yet
10-16 19:59:17.717: I/art(10314): Background sticky concurrent mark sweep GC freed 66362(5MB) AllocSpace objects, 7(140KB) LOS objects, 33% free, 11MB/16MB, paused 368us total 112.265ms
10-16 19:59:17.720: I/MS_RegisterService(10928): RegisterService intent:Intent { act=register_intent_action flg=0x10 cmp=com.google.android.talk/com.google.android.libraries.matchstick.net.SilentRegisterService } isPeriodic:false
10-16 19:59:17.730: I/Finsky(10470): [1] com.google.android.vending.verifier.VerifyInstalledPackagesReceiver.onReceive(42): Verify installed apps requested
10-16 19:59:17.732: I/Finsky(10470): [647] com.google.android.vending.verifier.ac.a(103): Verifying installed packages
10-16 19:59:17.739: I/Finsky(10470): [659] com.google.android.finsky.receivers.FlushLogsReceiver$FlushLogsService.onHandleIntent(163): Flushing event logs for [KZkGehx9x4vkdiKC9ytVqouUv0g]
10-16 19:59:17.739: I/MS_RegisterService(10928): Not registered and not enabled. Doing nothing.
10-16 19:59:17.739: I/PlayCommon(10470): [653] com.google.android.play.a.l.e(787): Preparing logs for uploading
10-16 19:59:17.739: I/PlayCommon(10470): [643] com.google.android.play.a.l.e(787): Preparing logs for uploading
10-16 19:59:17.775: W/Auth(10314): [GetToken] GetToken failed with status code: INVALID_SCOPE
10-16 19:59:17.775: E/Authzen(10314): [exw] Failed to authenticate account: <ELLIDED:79584978>. Clearing data.
10-16 19:59:17.778: I/Authzen(10314): [fcc] Opening database auth.proximity.permit_store...
10-16 19:59:17.780: I/Authzen(10314): [SyncManager] sync failed for 100
10-16 19:59:17.783: W/PlayCommon(10470): [643] com.google.android.play.a.l.a(1128): No account for auth token provided
10-16 19:59:17.783: I/PlayCommon(10470): [643] com.google.android.play.a.l.a(927): Connecting to server: https://play.googleapis.com/play/log?format=raw&proto_v2=true
10-16 19:59:17.791: I/PlayCommon(10470): [653] com.google.android.play.a.l.a(927): Connecting to server: https://play.googleapis.com/play/log?format=raw&proto_v2=true
10-16 19:59:17.796: D/AndroidRuntime(10924): >>>>>> START com.android.internal.os.RuntimeInit uid 0 <<<<<<
10-16 19:59:17.799: I/Authzen(10314): [SyncManager] Setting up sync 115640674ms later.
10-16 19:59:17.800: E/GCoreUlr(10314): Create new device tag of -865218079 without device reboot
10-16 19:59:17.807: D/AndroidRuntime(10924): CheckJNI is OFF
10-16 19:59:17.821: I/Authzen(10307): [PermitStore] Getting all permits...
10-16 19:59:17.823: I/Authzen(10307): [fcc] Opening database auth.proximity.permit_store...
10-16 19:59:17.827: E/Icing(10307): Array storage bad crc 2366219033 vs 0
10-16 19:59:17.827: E/Icing(10307): Trie mmap node failed
10-16 19:59:17.896: W/Auth(10314): [GetToken] GetToken failed with status code: INVALID_SCOPE
10-16 19:59:17.897: W/AuthSessionAuthenticato(10314): Auth related exception is being ignored: INVALID_SCOPE
10-16 19:59:17.911: D/ICU(10924): No timezone override file found: /data/misc/zoneinfo/current/icu/icu_tzdata.dat
10-16 19:59:17.911: D/ICU(10924): [ 10-16 19:59:17.916 10924:10924 W/         ]
10-16 19:59:17.911: D/ICU(10924): Failed to bind-mount /system/lib/x86/cpuinfo as /proc/cpuinfo: No such file or directory
10-16 19:59:17.918: I/GCoreUlr(10314): WorldUpdater received intent Intent { act=com.google.android.location.reporting.ACTION_UPDATE_WORLD cmp=com.google.android.gms/com.google.android.location.reporting.service.DispatchingService (has extras) } with receiverAction com.google.android.gms.auth.GOOGLE_ACCOUNT_CHANGE
10-16 19:59:17.932: E/memtrack(10924): Couldn't load memtrack module (No such file or directory)
10-16 19:59:17.932: E/android.os.Debug(10924): failed to load memtrack module: -2
10-16 19:59:17.933: I/Radio-JNI(10924): register_android_hardware_Radio DONE
10-16 19:59:17.941: D/AndroidRuntime(10924): Calling main entry com.android.commands.pm.Pm
10-16 19:59:17.946: I/Finsky(10470): [1] com.google.android.vending.verifier.ac.b(136): Done verifying installed packages
10-16 19:59:17.947: I/DynamiteModule(10307): Considering local module com.google.android.gms.googlecertificates:4 and remote module com.google.android.gms.googlecertificates:4
10-16 19:59:17.947: I/DynamiteModule(10307): Selected local version of com.google.android.gms.googlecertificates
10-16 19:59:17.947: I/DynamiteModule(10307): [ 10-16 19:59:17.958  1410: 1410 I/         ]
10-16 19:59:17.947: I/DynamiteModule(10307): free_cache(22150030) avail 3855446016
10-16 19:59:17.963: I/PlayCommon(10470): [653] com.google.android.play.a.l.a(1002): Successfully uploaded logs.
10-16 19:59:17.971: W/GLSUser(10314): [DeviceKeyStore] Cannot load key: Device key file not found.
10-16 19:59:17.975: I/PlayCommon(10470): [653] com.google.android.play.a.l.e(787): Preparing logs for uploading
10-16 19:59:17.975: I/PlayCommon(10470): [653] com.google.android.play.a.l.e(789): No file ready to send
10-16 19:59:17.987: I/qtaguid(10470): Untagging socket 59 failed errno=-22
10-16 19:59:17.987: W/NetworkManagementSocketTagger(10470): untagSocket(59) failed with errno -22
10-16 19:59:18.063: I/art(10599): Do partial code cache collection, code=30KB, data=23KB
10-16 19:59:18.063: I/art(10599): After code cache collection, code=30KB, data=23KB
10-16 19:59:18.063: I/art(10599): Increasing code cache capacity to 128KB
10-16 19:59:18.064: I/GCoreUlr(10314): AutoEnableManager setIneligible for account#18#
10-16 19:59:18.113: I/WVCdm(1413): CdmEngine::OpenSession
10-16 19:59:18.113: I/WVCdm(1413): Level3 Library 4464 Sep 10 2016 21:49:53
10-16 19:59:18.115: W/WVCdm(1413): Could not load liboemcrypto.so. Falling back to L3.  dlopen failed: library "liboemcrypto.so" not found
10-16 19:59:18.133: I/art(10599): Background partial concurrent mark sweep GC freed 51776(3MB) AllocSpace objects, 12(488KB) LOS objects, 39% free, 8MB/13MB, paused 326us total 104.733ms
10-16 19:59:18.167: W/JobInfo(1697): Specified flex for 107540 is +57m36s0ms. Clamped to +1h12m0s0ms
10-16 19:59:18.171: I/WVCdm(1413): CdmEngine::QueryKeyControlInfo
10-16 19:59:18.194: I/WVCdm(1413): CdmEngine::GenerateKeyRequest
10-16 19:59:18.194: D/WVCdm(1413): PrepareKeyRequest: nonce=3530839115
10-16 19:59:18.199: I/GCoreUlr(10314): WorldUpdater:com.google.android.gms.auth.GOOGLE_ACCOUNT_CHANGE: Ensuring that reporting is stopped because of reasons: {account#18#=[InactiveReason{mIdentifier=6, mName='ReportingNotEnabled'}, InactiveReason{mIdentifier=14, mName='HistoryNotEnabled'}]}
10-16 19:59:18.231: I/PlayCommon(10470): [643] com.google.android.play.a.l.a(1002): Successfully uploaded logs.
10-16 19:59:18.232: I/PlayCommon(10470): [643] com.google.android.play.a.l.e(787): Preparing logs for uploading
10-16 19:59:18.232: I/PlayCommon(10470): [643] com.google.android.play.a.l.e(789): No file ready to send
10-16 19:59:18.233: W/art(10314): Long monitor contention with owner netscheduler-queue-handler (10425) at void sww.a(sxe, int)(:com.google.android.gms@11519470:66) waiters=0 in void sww.a(swg, boolean) for 315ms
10-16 19:59:18.320: I/GCoreUlr(10314): Unbound from all location providers
10-16 19:59:18.320: I/GCoreUlr(10314): Place inference reporting - stop
10-16 19:59:18.326: I/GCoreUlr(10314): Unregistering for aliased place alerts.
10-16 19:59:18.342: W/Auth(10314): [GetToken] GetToken failed with status code: INVALID_SCOPE
10-16 19:59:18.344: E/Auth.Api.Credentials(10307): [SyncManager] Error during the sync.
10-16 19:59:18.344: E/Auth.Api.Credentials(10307): dzf: INVALID_SCOPE
10-16 19:59:18.344: E/Auth.Api.Credentials(10307): 	at dzj.a(:com.google.android.gms@11519470:16)
10-16 19:59:18.344: E/Auth.Api.Credentials(10307): 	at dzi.a(:com.google.android.gms@11519470:2)
10-16 19:59:18.344: E/Auth.Api.Credentials(10307): 	at dzi.e(:com.google.android.gms@11519470:6)
10-16 19:59:18.344: E/Auth.Api.Credentials(10307): 	at dzi.d(:com.google.android.gms@11519470:1)
10-16 19:59:18.344: E/Auth.Api.Credentials(10307): 	at dzg.b(:com.google.android.gms@11519470:1)
10-16 19:59:18.344: E/Auth.Api.Credentials(10307): 	at mhp.b(:com.google.android.gms@11519470)
10-16 19:59:18.344: E/Auth.Api.Credentials(10307): 	at mgg.b(:com.google.android.gms@11519470:5)
10-16 19:59:18.344: E/Auth.Api.Credentials(10307): 	at mgw.b(:com.google.android.gms@11519470:9)
10-16 19:59:18.344: E/Auth.Api.Credentials(10307): 	at mgw.a(:com.google.android.gms@11519470:16)
10-16 19:59:18.344: E/Auth.Api.Credentials(10307): 	at mgw.a(:com.google.android.gms@11519470:32)
10-16 19:59:18.344: E/Auth.Api.Credentials(10307): 	at enf.b(:com.google.android.gms@11519470:45)
10-16 19:59:18.344: E/Auth.Api.Credentials(10307): 	at erg.a(:com.google.android.gms@11519470:4)
10-16 19:59:18.344: E/Auth.Api.Credentials(10307): 	at ere.a(:com.google.android.gms@11519470:84)
10-16 19:59:18.344: E/Auth.Api.Credentials(10307): 	at erd.a(:com.google.android.gms@11519470:60)
10-16 19:59:18.344: E/Auth.Api.Credentials(10307): 	at mlr.onPerformSync(:com.google.android.gms@11519470:6)
10-16 19:59:18.344: E/Auth.Api.Credentials(10307): 	at android.content.AbstractThreadedSyncAdapter$SyncThread.run(AbstractThreadedSyncAdapter.java:272)
10-16 19:59:18.363: I/GCoreUlr(10314): DispatchingService.onDestroy()
10-16 19:59:18.396: I/EventLoggerStores(10179): recordEvent APP_EVENT_TOKEN_FETCH_INITIATED ClientEvent[]
10-16 19:59:18.396: I/EventLoggerStores(10179): recordEvent APP_EVENT_TOKEN_FETCH_INITIATED ClientEvent[]
10-16 19:59:18.406: I/GCoreUlr(10314): Stopping handler for UlrDispSvcFast
10-16 19:59:18.411: I/PlayMovies(10727): AccountsChangedTaskService.onRunTask:47 Got task AccountsChangedTaskService
10-16 19:59:18.427: I/GCoreUlr(10314): Unbound from all location providers
10-16 19:59:18.427: I/GCoreUlr(10314): Place inference reporting - stop
10-16 19:59:18.432: I/IcingInternalCorpora(10307): EventIndexer: starting incremental update
10-16 19:59:18.432: I/IcingInternalCorpora(10307): EventIndexer: 0 added, 0 removed, 0 changed, 0 unchanged, 0 errors.
10-16 19:59:18.436: I/GCoreUlr(10314): Unregistering for aliased place alerts.
10-16 19:59:18.490: W/Auth(10314): [GetToken] GetToken failed with status code: INVALID_SCOPE
