10-13 09:25:49.431: I/GceGrallocRegionRegistry(1759): Unmapped gralloc-1328.14 hnd=0xb89271e0 fd=66 base=0x7c65e000
10-13 09:25:49.431: I/GceGrallocRegionRegistry(1759): Unmapped gralloc-1328.16 hnd=0xb8734930 fd=68 base=0x7c230000
10-13 09:25:49.431: I/GceGrallocRegionRegistry(1328): Unmapped gralloc-1328.14 hnd=0xb812fd50 fd=24 base=0xb2e55000
10-13 09:25:49.431: I/GceGrallocRegionRegistry(1328): Unmapped gralloc-1328.16 hnd=0xb7f7caa0 fd=39 base=0xb06e7000
10-13 09:25:49.441: D/PhoneStatusBar(1759): disable: < expand icons alerts ticker system_info back* home* recent* clock* search >
10-13 09:25:49.441: I/Icing(2012): Indexing B7DEFBCF98179CD36ABD6B5AFB7EAB077224B473 from com.google.android.gms
10-13 09:25:49.441: I/Icing(2012): Indexing done B7DEFBCF98179CD36ABD6B5AFB7EAB077224B473
10-13 09:25:49.441: D/AndroidRuntime(4566): Shutting down VM
10-13 09:25:49.441: D/dalvikvm(4566): GC_CONCURRENT freed 96K, 15% free 554K/652K, paused 0ms+0ms, total 0ms
10-13 09:25:49.451: D/dalvikvm(1705): GC_CONCURRENT freed 1245K, 19% free 7995K/9824K, paused 1ms+1ms, total 21ms
10-13 09:25:49.451: D/dalvikvm(1705): WAIT_FOR_CONCURRENT_GC blocked 17ms
10-13 09:25:49.481: I/Authzen(2012): [DeviceStateSyncManager] Device state fast sync is disabled
10-13 09:25:49.531: I/DiscoveryManager(2012): WifiGuestModeDeviceScanner enabled.
10-13 09:25:49.531: I/CastDatabase(2012): Opening the database
10-13 09:25:49.541: I/SQLiteCastStore(2012): 0 CastNetworkInfo instances loaded, 0 CastDeviceInfo instances loaded, 0 paired guest mode devices loaded.
10-13 09:25:49.551: D/dalvikvm(1705): GC_FOR_ALLOC freed 292K, 19% free 7970K/9824K, paused 17ms, total 18ms
10-13 09:25:49.551: I/dalvikvm-heap(1705): Grow heap (frag case) to 8.019MB for 191694-byte allocation
10-13 09:25:49.611: D/dalvikvm(1705): GC_FOR_ALLOC freed 5K, 19% free 8152K/10012K, paused 64ms, total 64ms
10-13 09:25:49.641: D/dalvikvm(1705): GC_FOR_ALLOC freed 140K, 20% free 8028K/10012K, paused 20ms, total 20ms
10-13 09:25:49.651: I/ActivityManager(1705): Delay finish: com.google.android.gms/.stats.service.DropBoxEntryAddedReceiver
10-13 09:25:49.711: I/ActivityManager(1705): Resuming delayed broadcast
10-13 09:25:49.781: D/AndroidRuntime(4587): >>>>>> AndroidRuntime START com.android.internal.os.RuntimeInit <<<<<<
10-13 09:25:49.781: W/linker(4587): libdvm.so has text relocations. This is wasting memory and is a security risk. Please fix.
10-13 09:25:49.781: D/AndroidRuntime(4587): CheckJNI is OFF
10-13 09:25:49.791: D/dalvikvm(4587): Trying to load lib libjavacore.so 0x0
10-13 09:25:49.791: D/dalvikvm(4587): Added shared lib libjavacore.so 0x0
10-13 09:25:49.791: D/dalvikvm(4587): Trying to load lib libnativehelper.so 0x0
10-13 09:25:49.791: D/dalvikvm(4587): Added shared lib libnativehelper.so 0x0
10-13 09:25:49.791: D/dalvikvm(4587): No JNI_OnLoad found in libnativehelper.so 0x0, skipping init
10-13 09:25:49.801: D/dalvikvm(4587): Note: class Landroid/app/ActivityManagerNative; has 179 unimplemented (abstract) methods
10-13 09:25:49.861: I/GceGrallocRegionRegistry(1328): Unmapped gralloc-1328.11 hnd=0xb807def0 fd=37 base=0xb0ad1000
10-13 09:25:50.041: E/memtrack(4587): Couldn't load memtrack module (No such file or directory)
10-13 09:25:50.041: E/android.os.Debug(4587): failed to load memtrack module: -2
10-13 09:25:50.141: D/AndroidRuntime(4587): Calling main entry com.android.commands.pm.Pm
10-13 09:25:50.201: D/AndroidRuntime(4587): Shutting down VM
10-13 09:25:50.201: D/dalvikvm(4587): GC_CONCURRENT freed 92K, 15% free 548K/644K, paused 1ms+0ms, total 1ms
10-13 09:25:50.201: I/Icing(2012): Indexing B7DEFBCF98179CD36ABD6B5AFB7EAB077224B473 from com.google.android.gms
10-13 09:25:50.201: I/Icing(2012): Indexing done B7DEFBCF98179CD36ABD6B5AFB7EAB077224B473
10-13 09:25:50.311: I/Remoter(1339): Saved screenshot to '/data/screenshots/__pmv__-0070.jpg'
10-13 09:25:50.511: D/AndroidRuntime(4601): >>>>>> AndroidRuntime START com.android.internal.os.RuntimeInit <<<<<<
10-13 09:25:50.511: W/linker(4601): libdvm.so has text relocations. This is wasting memory and is a security risk. Please fix.
10-13 09:25:50.511: D/AndroidRuntime(4601): CheckJNI is OFF
10-13 09:25:50.521: D/dalvikvm(4601): Trying to load lib libjavacore.so 0x0
10-13 09:25:50.521: D/dalvikvm(4601): Added shared lib libjavacore.so 0x0
10-13 09:25:50.521: D/dalvikvm(4601): Trying to load lib libnativehelper.so 0x0
10-13 09:25:50.521: D/dalvikvm(4601): Added shared lib libnativehelper.so 0x0
10-13 09:25:50.521: D/dalvikvm(4601): No JNI_OnLoad found in libnativehelper.so 0x0, skipping init
10-13 09:25:50.561: D/dalvikvm(4601): Note: class Landroid/app/ActivityManagerNative; has 179 unimplemented (abstract) methods
10-13 09:25:50.591: E/memtrack(4601): Couldn't load memtrack module (No such file or directory)
10-13 09:25:50.591: E/android.os.Debug(4601): failed to load memtrack module: -2
10-13 09:25:50.601: D/AndroidRuntime(4601): Calling main entry com.android.commands.am.Am
10-13 09:25:50.611: I/ActivityManager(1705): Force stopping com.google.android.apps.mtaas.tools appid=10066 user=0: start instr
10-13 09:25:50.621: I/ActivityManager(1705): Start proc com.google.android.apps.mtaas.tools for added application com.google.android.apps.mtaas.tools: pid=4612 uid=10066 gids={50066, 1028, 1015, 3003}
10-13 09:25:50.641: I/ActivityManager(1705): Config changes=2004 {1.0 310mcc260mnc es ldltr sw600dp w600dp h888dp 213dpi lrg port finger qwerty/v/v -nav/h s.6}
10-13 09:25:50.641: I/GceGrallocRegionRegistry(1328): Mapped gralloc-1328.18 hnd=0xb807def0 fd=41 base=0xb0ad1000 format=RGBA_8888(0x1) width=800 height=1280
10-13 09:25:50.661: D/dalvikvm(1759): GC_FOR_ALLOC freed 1989K, 24% free 13053K/17160K, paused 5ms, total 5ms
10-13 09:25:50.691: I/LatinIME:LogUtils(1833): Dictionary info: dictionary = PersonalizationPredictionDictio ; version = ? ; date = 1507901150
10-13 09:25:50.691: I/LatinIME:LogUtils(1833): Dictionary info: dictionary = personalization.es.dict ; version = ? ; date = 1507901150
10-13 09:25:50.761: D/Finsky(2542): [1] ClearCacheReceiver.onReceive: Received android.intent.action.LOCALE_CHANGED. Clearing cache and exiting.
10-13 09:25:50.761: D/Volley(2542): [92] DiskBasedCache.clear: Cache cleared.
10-13 09:25:50.761: D/Volley(2542): [96] DiskBasedCache.clear: Cache cleared.
10-13 09:25:50.761: I/AndroidRuntime(2542): VM exiting with result code 0, cleanup skipped.
10-13 09:25:50.781: D/ChangeLocale(4612): Instrumentation completed successfully
10-13 09:25:50.781: D/AndroidRuntime(4601): Shutting down VM
10-13 09:25:50.781: D/dalvikvm(4601): GC_CONCURRENT freed 95K, 15% free 557K/656K, paused 0ms+0ms, total 1ms
10-13 09:25:50.831: D/PhoneStatusBar(1759): mSettingsPanelGravity = 8388661
10-13 09:25:50.941: W/ResourceType(1705): Failure getting entry for 0x7f060000 (t=5 e=0) in package 0 (error -75)
10-13 09:25:51.001: I/ActivityManager(1705): Force stopping com.google.android.apps.mtaas.tools appid=10066 user=0: finished inst
10-13 09:25:51.001: I/ActivityManager(1705): Killing 4612:com.google.android.apps.mtaas.tools/u0a66 (adj 0): stop com.google.android.apps.mtaas.tools
10-13 09:25:51.001: I/ActivityManager(1705): Process com.android.vending (pid 2542) has died.
10-13 09:25:51.001: W/ActivityManager(1705): Scheduling restart of crashed service com.android.vending/com.google.android.finsky.services.DailyHygiene in 1000ms
10-13 09:25:51.011: W/ConfigurationChimeraProvider(1844): Got null configs for com.google.android.gms.nearby
10-13 09:25:51.011: I/Icing.InternalIcingCorporaProvider(4247): Updating corpora: A: FORCE_ALL, C: FORCE_ALL
10-13 09:25:51.021: W/ResourceType(1705): Failure getting entry for 0x7f060000 (t=5 e=0) in package 0 (error -75)
10-13 09:25:51.021: W/ResourceType(1705): Failure getting entry for 0x7f060000 (t=5 e=0) in package 0 (error -75)
10-13 09:25:51.021: W/InputMethodUtils(1705): Found no subtypes in a system IME: com.android.inputmethod.pinyin
10-13 09:25:51.021: I/InputMethodManagerService(1705): Selected default: com.google.android.inputmethod.latin/com.android.inputmethod.latin.LatinIME
10-13 09:25:51.021: I/ActivityManager(1705): Start proc com.google.android.calendar for broadcast com.google.android.calendar/com.android.calendar.alerts.AlertReceiver: pid=4634 uid=10027 gids={50027, 3003}
10-13 09:25:51.021: W/InputMethodManagerService(1705): Illegal subtype state: old subtype = null, new subtype = android.view.inputmethod.InputMethodSubtype@30a6e00e
10-13 09:25:51.051: I/GceGrallocRegionRegistry(1877): Unmapped gralloc-1328.6 hnd=0xb8590c80 fd=50 base=0x7caa2000
10-13 09:25:51.051: I/GceGrallocRegionRegistry(1877): Unmapped gralloc-1328.7 hnd=0xb8720ce0 fd=51 base=0x7c6b8000
10-13 09:25:51.051: I/GceGrallocRegionRegistry(1877): Unmapped gralloc-1328.8 hnd=0xb87e6010 fd=55 base=0x7af81000
10-13 09:25:51.051: I/GceGrallocRegionRegistry(1328): Unmapped gralloc-1328.6 hnd=0xb8116090 fd=31 base=0xb1fa3000
10-13 09:25:51.051: I/GceGrallocRegionRegistry(1328): Unmapped gralloc-1328.8 hnd=0xb80312c0 fd=35 base=0xb0ebb000
10-13 09:25:51.051: W/Launcher(1877): setApplicationContext called twice! old=com.android.launcher3.LauncherApplication@95039b60 new=com.android.launcher3.LauncherApplication@95039b60
10-13 09:25:51.061: D/AlertReceiver(4634): onReceive: a=android.intent.action.LOCALE_CHANGED Intent { act=android.intent.action.LOCALE_CHANGED flg=0x10000010 cmp=com.google.android.calendar/com.android.calendar.alerts.AlertReceiver }
10-13 09:25:51.091: D/dalvikvm(4247): GC_CONCURRENT freed 265K, 10% free 3336K/3692K, paused 0ms+14ms, total 16ms
10-13 09:25:51.101: D/AlertService(4634): 0 Action = android.intent.action.LOCALE_CHANGED
10-13 09:25:51.101: D/AlertService(4634): Beginning updateAlertNotification
10-13 09:25:51.101: I/GceGrallocRegionRegistry(1328): Unmapped gralloc-1328.7 hnd=0xb8099b00 fd=33 base=0xb12a5000
10-13 09:25:51.151: D/dalvikvm(1329): GC_EXPLICIT freed 40K, 4% free 2793K/2888K, paused 1ms+0ms, total 5ms
10-13 09:25:51.151: D/dalvikvm(1329): GC_EXPLICIT freed <1K, 4% free 2793K/2888K, paused 0ms+1ms, total 3ms
10-13 09:25:51.151: I/ActivityManager(1705): Start proc com.android.providers.calendar for content provider com.android.providers.calendar/.CalendarProvider2: pid=4659 uid=10001 gids={50001, 3003, 1028, 1015}
10-13 09:25:51.161: D/dalvikvm(1705): GC_CONCURRENT freed 1335K, 22% free 7894K/10012K, paused 0ms+1ms, total 79ms
10-13 09:25:51.161: D/dalvikvm(1329): GC_EXPLICIT freed <1K, 4% free 2793K/2888K, paused 0ms+1ms, total 12ms
10-13 09:25:51.171: V/AlarmClock(2673): AlarmInitReceiver android.intent.action.LOCALE_CHANGED
10-13 09:25:51.181: D/dalvikvm(1877): GC_CONCURRENT freed 492K, 10% free 5256K/5796K, paused 0ms+2ms, total 6ms
10-13 09:25:51.181: D/Launcher(1877): 11683562 - bindAddScreens()
10-13 09:25:51.181: D/Launcher(1877): 11683562 -   orderedScreenIds: 3
10-13 09:25:51.181: D/Launcher.Workspace(1877): 11683562 - insertNewWorkspaceScreen(): 3 at index: 0
10-13 09:25:51.181: I/AlarmClock(2673): Displaying next alarm time: ''
10-13 09:25:51.181: V/AlarmClock(2673): AlarmInitReceiver finished
10-13 09:25:51.231: D/dalvikvm(1844): GC_FOR_ALLOC freed 878K, 20% free 6582K/8152K, paused 18ms, total 18ms
10-13 09:25:51.231: I/dalvikvm-heap(1844): Grow heap (frag case) to 7.001MB for 487156-byte allocation
10-13 09:25:51.231: I/CalendarProvider2(4659): Created com.android.providers.calendar.CalendarAlarmManager@95052dc0(com.android.providers.calendar.CalendarProvider2@95049e40)
10-13 09:25:51.241: I/Icing(2012): IndexChimeraService.getServiceInterface callingPackage=com.google.android.googlequicksearchbox componentName=null serviceId=21
10-13 09:25:51.241: D/AndroidRuntime(4665): >>>>>> AndroidRuntime START com.android.internal.os.RuntimeInit <<<<<<
10-13 09:25:51.241: W/linker(4665): libdvm.so has text relocations. This is wasting memory and is a security risk. Please fix.
10-13 09:25:51.241: I/dalvikvm(2012): Could not find method android.app.Notification$Builder.setColor, referenced from method ahex.a
10-13 09:25:51.241: W/dalvikvm(2012): VFY: unable to resolve virtual method 27649: Landroid/app/Notification$Builder;.setColor (I)Landroid/app/Notification$Builder;
10-13 09:25:51.241: D/dalvikvm(2012): VFY: replacing opcode 0x6e at 0x006c
10-13 09:25:51.241: I/dalvikvm(2012): Could not find method android.app.Notification$Builder.addExtras, referenced from method ahex.a
10-13 09:25:51.241: W/dalvikvm(2012): VFY: unable to resolve virtual method 27644: Landroid/app/Notification$Builder;.addExtras (Landroid/os/Bundle;)Landroid/app/Notification$Builder;
10-13 09:25:51.241: D/dalvikvm(2012): VFY: replacing opcode 0x6e at 0x00a0
10-13 09:25:51.241: D/AndroidRuntime(4665): CheckJNI is OFF
10-13 09:25:51.241: I/dalvikvm(2012): Could not find method android.graphics.drawable.Icon.createWithBitmap, referenced from method ahex.a
10-13 09:25:51.241: W/dalvikvm(2012): VFY: unable to resolve static method 28330: Landroid/graphics/drawable/Icon;.createWithBitmap (Landroid/graphics/Bitmap;)Landroid/graphics/drawable/Icon;
10-13 09:25:51.241: D/dalvikvm(2012): VFY: replacing opcode 0x71 at 0x0008
10-13 09:25:51.241: I/dalvikvm(2012): Could not find method android.app.Notification$Builder.addPerson, referenced from method ahex.a
10-13 09:25:51.241: W/dalvikvm(2012): VFY: unable to resolve virtual method 27645: Landroid/app/Notification$Builder;.addPerson (Ljava/lang/String;)Landroid/app/Notification$Builder;
10-13 09:25:51.241: D/dalvikvm(2012): VFY: replacing opcode 0x6e at 0x01ca
10-13 09:25:51.241: I/dalvikvm(2012): Could not find method android.app.NotificationManager.areNotificationsEnabled, referenced from method ahex.a
10-13 09:25:51.241: W/dalvikvm(2012): VFY: unable to resolve virtual method 27668: Landroid/app/NotificationManager;.areNotificationsEnabled ()Z
10-13 09:25:51.241: D/dalvikvm(2012): VFY: replacing opcode 0x6e at 0x0204
10-13 09:25:51.251: I/Icing(2012): IndexChimeraService.getServiceInterface callingPackage=com.google.android.gms componentName=AppsCorpus serviceId=32
10-13 09:25:51.251: I/Icing(2012): IndexChimeraService.getServiceInterface callingPackage=com.google.android.gms componentName=AppsCorpus serviceId=36
10-13 09:25:51.251: D/dalvikvm(1844): GC_FOR_ALLOC freed 0K, 19% free 7058K/8628K, paused 21ms, total 21ms
10-13 09:25:51.251: W/ChimeraUtils(2012): Non Chimera context
10-13 09:25:51.251: D/dalvikvm(4665): Trying to load lib libjavacore.so 0x0
10-13 09:25:51.251: D/dalvikvm(4665): Added shared lib libjavacore.so 0x0
10-13 09:25:51.261: D/dalvikvm(4665): Trying to load lib libnativehelper.so 0x0
10-13 09:25:51.261: D/dalvikvm(4665): Added shared lib libnativehelper.so 0x0
10-13 09:25:51.261: D/dalvikvm(4665): No JNI_OnLoad found in libnativehelper.so 0x0, skipping init
10-13 09:25:51.271: D/dalvikvm(1844): GC_FOR_ALLOC freed 0K, 19% free 7066K/8628K, paused 18ms, total 18ms
10-13 09:25:51.271: I/dalvikvm-heap(1844): Grow heap (frag case) to 7.474MB for 487156-byte allocation
10-13 09:25:51.281: D/dalvikvm(1844): GC_FOR_ALLOC freed 531K, 23% free 7010K/9104K, paused 10ms, total 10ms
10-13 09:25:51.281: I/ActivityManager(1705): Delay finish: com.google.android.calendar/com.android.calendar.widget.CalendarAppWidgetProvider
10-13 09:25:51.301: D/dalvikvm(1911): GC_CONCURRENT freed 858K, 23% free 5195K/6724K, paused 1ms+3ms, total 10ms
10-13 09:25:51.311: D/dalvikvm(4665): Note: class Landroid/app/ActivityManagerNative; has 179 unimplemented (abstract) methods
10-13 09:25:51.321: D/dalvikvm(1844): GC_FOR_ALLOC freed 585K, 29% free 6531K/9104K, paused 21ms, total 21ms
10-13 09:25:51.331: D/Launcher.Model(1877): 11683562 - loadWorkspace()
10-13 09:25:51.331: D/Launcher.Model(1877): 11683562 -   loadedOldDb: false
10-13 09:25:51.341: D/AlertService(4634): No fired or scheduled alerts
10-13 09:25:51.341: I/ContactLocale(2772): AddressBook Labels [es]: [, A, B, C, D, E, F, G, H, I, J, K, L, M, N, , O, P, Q, R, S, T, U, V, W, X, Y, Z, , , , , , , , , , , , , , , , , , , , , , , , , , , , , , , , , , , , , , , , , , , , , , , , , , , , , , , , , , , , , , , , , , , , , , , , , , , , , , , , , , , , , , , , , , , , , , , , , , , , , , , , , , , , , , , , , , , , , , , , , , , , , , , , , , , , , , , , , , , , , , , , , , , , , , , , , , , , , , , , , , , , , , , , , , , , , , , , , , , , , , #, ]
10-13 09:25:51.351: I/ContactsProvider(2772): Locale has changed from en_US to es
10-13 09:25:51.351: D/Launcher.Model(1877): 11683562 - loadWorkspaceScreensDb()
10-13 09:25:51.351: I/ActivityManager(1705): Resuming delayed broadcast
10-13 09:25:51.361: D/Launcher.Model(1877): 11683562 -   screens: { 0: 3 }
10-13 09:25:51.361: D/Launcher.Model(1877): 11683562 -   sBgWorkspaceScreens: 3
10-13 09:25:51.381: I/ContactsDatabaseHelper(2772): Switching to locale es (ICU v51.1.0.1)
10-13 09:25:51.381: D/AlertService(4634): Scheduling next alarm with AlarmScheduler. sEventReminderReceived: null
10-13 09:25:51.391: D/dalvikvm(4634): GC_CONCURRENT freed 300K, 11% free 2879K/3232K, paused 0ms+0ms, total 3ms
10-13 09:25:51.401: W/ResourceType(1877): No package identifier when getting name for resource number 0x00000001
10-13 09:25:51.401: W/View(1877): requestLayout() improperly called by com.android.launcher3.BubbleTextView{95071468 VFED..CL ......ID 266,555-399,740 #1} during layout: running second layout pass
10-13 09:25:51.411: D/dalvikvm(1844): GC_FOR_ALLOC freed 7K, 19% free 7451K/9104K, paused 23ms, total 23ms
10-13 09:25:51.421: I/dalvikvm-heap(1844): Grow heap (frag case) to 9.386MB for 2098212-byte allocation
10-13 09:25:51.431: D/AlarmScheduler(4634): No events found starting within 1 week.
10-13 09:25:51.431: D/dalvikvm(1844): GC_FOR_ALLOC freed <1K, 15% free 9500K/11156K, paused 9ms, total 9ms
10-13 09:25:51.441: D/dalvikvm(1844): GC_CONCURRENT freed <1K, 15% free 9499K/11156K, paused 1ms+1ms, total 9ms
10-13 09:25:51.511: I/Icing(2012): Query from com.google.android.gms package restrict com.google.android.gms start 0 num 100
10-13 09:25:51.511: E/memtrack(4665): Couldn't load memtrack module (No such file or directory)
10-13 09:25:51.511: E/android.os.Debug(4665): failed to load memtrack module: -2
10-13 09:25:51.521: I/Remoter(1339): Saved screenshot to '/data/screenshots/__pmv__-0071.jpg'
10-13 09:25:51.551: D/AndroidRuntime(4665): Calling main entry com.android.commands.settings.SettingsCmd
10-13 09:25:51.561: I/Icing(2012): IndexChimeraService.getServiceInterface callingPackage=com.google.android.gms componentName=AppsCorpus serviceId=36
10-13 09:25:51.561: I/Icing(2012): IndexChimeraService.getServiceInterface callingPackage=com.google.android.gms componentName=AppsCorpus serviceId=32
10-13 09:25:51.561: D/AndroidRuntime(4665): Shutting down VM
10-13 09:25:51.561: D/dalvikvm(4665): GC_CONCURRENT freed 94K, 16% free 553K/652K, paused 0ms+1ms, total 1ms
10-13 09:25:51.581: I/ContactsDatabaseHelper(2772): Locale change completed in 201ms
10-13 09:25:51.581: I/Icing(2012): Usage reports 0 indexed 0 rejected 0 imm upload false
10-13 09:25:51.591: I/ContactsDatabaseHelper(2772): Switching to locale es (ICU v51.1.0.1)
10-13 09:25:51.611: I/Icing(2012): Usage reports 0 indexed 0 rejected 0 imm upload false
10-13 09:25:51.611: I/Icing(2012): Usage reports 0 indexed 0 rejected 0 imm upload true
10-13 09:25:51.621: I/ContactsDatabaseHelper(2772): Locale change completed in 30ms
10-13 09:25:51.621: I/ContactLoggerTask(4247): canRun() : Disabled
10-13 09:25:51.621: I/Icing.InternalIcingCorporaProvider(4247): UpdateCorporaTask done [took 613 ms] updated apps [took 607 ms] updated contacts [took 6 ms]
10-13 09:25:51.621: I/ActivityManager(1705): Killing 4029:android.process.media/u0a6 (adj 15): empty for 11638s
10-13 09:25:51.631: I/Icing(2012): Usage reports 0 indexed 0 rejected 0 imm upload false
10-13 09:25:51.631: I/GceGrallocRegionRegistry(1328): Mapped gralloc-1328.19 hnd=0xb8099b00 fd=24 base=0xb2d44000 format=RGBA_8888(0x1) width=800 height=1280
10-13 09:25:51.631: I/GceGrallocRegionRegistry(1877): Mapped gralloc-1328.19 hnd=0xb8780c30 fd=55 base=0x7bb98000 format=RGBA_8888(0x1) width=800 height=1280
10-13 09:25:51.641: I/Icing(2012): Usage reports 0 indexed 0 rejected 0 imm upload false
10-13 09:25:51.681: I/WindowManager(1705): Screen frozen for +1s37ms due to Window{953c70d8 u0 com.android.launcher3/com.android.launcher3.Launcher}
10-13 09:25:51.811: I/ContactsFTS(2772): Rebuild contact search index in 163ms, 0 contacts
10-13 09:25:51.991: D/dalvikvm(1844): GC_CONCURRENT freed 3940K, 35% free 7692K/11748K, paused 9ms+42ms, total 60ms
10-13 09:25:52.011: I/GceGrallocRegionRegistry(1328): Mapped gralloc-1328.20 hnd=0xb80a2140 fd=31 base=0xb12a5000 format=RGBA_8888(0x1) width=800 height=1280
10-13 09:25:52.011: I/GceGrallocRegionRegistry(1877): Mapped gralloc-1328.20 hnd=0xb858dd10 fd=59 base=0x7af81000 format=RGBA_8888(0x1) width=800 height=1280
10-13 09:25:52.021: D/AndroidRuntime(4696): >>>>>> AndroidRuntime START com.android.internal.os.RuntimeInit <<<<<<
10-13 09:25:52.021: W/linker(4696): libdvm.so has text relocations. This is wasting memory and is a security risk. Please fix.
10-13 09:25:52.041: D/AndroidRuntime(4696): CheckJNI is OFF
10-13 09:25:52.051: D/dalvikvm(4696): Trying to load lib libjavacore.so 0x0
10-13 09:25:52.071: D/dalvikvm(4696): Added shared lib libjavacore.so 0x0
10-13 09:25:52.071: D/dalvikvm(4696): Trying to load lib libnativehelper.so 0x0
10-13 09:25:52.071: D/dalvikvm(4696): Added shared lib libnativehelper.so 0x0
10-13 09:25:52.071: D/dalvikvm(4696): No JNI_OnLoad found in libnativehelper.so 0x0, skipping init
10-13 09:25:52.101: D/dalvikvm(4696): Note: class Landroid/app/ActivityManagerNative; has 179 unimplemented (abstract) methods
10-13 09:25:52.211: I/GceGrallocRegionRegistry(1328): Unmapped gralloc-1328.18 hnd=0xb807def0 fd=41 base=0xb0ad1000
10-13 09:25:52.211: D/Launcher(1877): 11683562 - bindAddScreens()
10-13 09:25:52.211: D/Launcher(1877): 11683562 -   orderedScreenIds: 3
10-13 09:25:52.211: D/Launcher.Workspace(1877): 11683562 - insertNewWorkspaceScreen(): 3 at index: 0
10-13 09:25:52.211: I/Choreographer(1877): Skipped 32 frames!  The application may be doing too much work on its main thread.
10-13 09:25:52.261: E/memtrack(4696): Couldn't load memtrack module (No such file or directory)
10-13 09:25:52.261: E/android.os.Debug(4696): failed to load memtrack module: -2
10-13 09:25:52.281: D/AndroidRuntime(4696): Calling main entry com.android.commands.settings.SettingsCmd
10-13 09:25:52.281: I/CalendarProvider2(4659): Sending notification intent: Intent { act=android.intent.action.PROVIDER_CHANGED dat=content://com.android.calendar }
10-13 09:25:52.281: W/ContentResolver(4659): Failed to get type for: content://com.android.calendar (Unknown URL content://com.android.calendar)
10-13 09:25:52.281: D/AlertReceiver(4634): onReceive: a=android.intent.action.PROVIDER_CHANGED Intent { act=android.intent.action.PROVIDER_CHANGED dat=content://com.android.calendar flg=0x10 cmp=com.google.android.calendar/com.android.calendar.alerts.AlertReceiver }
10-13 09:25:52.291: D/AndroidRuntime(4696): Shutting down VM
10-13 09:25:52.291: D/dalvikvm(4696): GC_CONCURRENT freed 94K, 16% free 553K/652K, paused 0ms+0ms, total 1ms
10-13 09:25:52.291: D/AlertService(4634): 0 Action = android.intent.action.PROVIDER_CHANGED
10-13 09:25:52.291: I/IcingInternalCorpora(2012): Received calendar change notification.
10-13 09:25:52.321: D/dalvikvm(1844): GC_CONCURRENT freed 673K, 27% free 8676K/11748K, paused 1ms+1ms, total 20ms
10-13 09:25:52.321: D/dalvikvm(1844): WAIT_FOR_CONCURRENT_GC blocked 6ms
10-13 09:25:52.321: I/GceGrallocRegionRegistry(1328): Mapped gralloc-1328.21 hnd=0xb7f5c830 fd=33 base=0xb0ad2000 format=RGBA_8888(0x1) width=800 height=1280
10-13 09:25:52.321: I/GceGrallocRegionRegistry(1877): Mapped gralloc-1328.21 hnd=0xb87a64b0 fd=60 base=0x7a1d6000 format=RGBA_8888(0x1) width=800 height=1280
10-13 09:25:52.401: D/dalvikvm(1844): GC_FOR_ALLOC freed 1431K, 23% free 9083K/11748K, paused 12ms, total 12ms
10-13 09:25:52.411: D/dalvikvm(1844): GC_FOR_ALLOC freed 1434K, 25% free 8856K/11748K, paused 11ms, total 11ms
10-13 09:25:52.431: D/dalvikvm(1877): GC_CONCURRENT freed 616K, 12% free 5363K/6040K, paused 2ms+0ms, total 6ms
10-13 09:25:52.511: D/dalvikvm(1844): GC_CONCURRENT freed 894K, 16% free 9971K/11748K, paused 2ms+6ms, total 52ms
10-13 09:25:52.611: D/AndroidRuntime(4714): >>>>>> AndroidRuntime START com.android.internal.os.RuntimeInit <<<<<<
10-13 09:25:52.611: W/linker(4714): libdvm.so has text relocations. This is wasting memory and is a security risk. Please fix.
10-13 09:25:52.621: I/Icing(2012): Indexing C45B6D3A7E72D386F280413F85D056EC1830AAD9 from com.google.android.googlequicksearchbox
10-13 09:25:52.621: D/AndroidRuntime(4714): CheckJNI is OFF
10-13 09:25:52.621: D/dalvikvm(1844): GC_FOR_ALLOC freed 1916K, 22% free 9611K/12260K, paused 43ms, total 43ms
10-13 09:25:52.631: D/dalvikvm(4714): Trying to load lib libjavacore.so 0x0
10-13 09:25:52.631: D/dalvikvm(4714): Added shared lib libjavacore.so 0x0
10-13 09:25:52.631: D/dalvikvm(4714): Trying to load lib libnativehelper.so 0x0
10-13 09:25:52.631: D/dalvikvm(4714): Added shared lib libnativehelper.so 0x0
10-13 09:25:52.631: D/dalvikvm(4714): No JNI_OnLoad found in libnativehelper.so 0x0, skipping init
10-13 09:25:52.631: D/dalvikvm(1877): GC_FOR_ALLOC freed 248K, 14% free 5411K/6240K, paused 73ms, total 73ms
10-13 09:25:52.641: D/dalvikvm(4714): Note: class Landroid/app/ActivityManagerNative; has 179 unimplemented (abstract) methods
10-13 09:25:52.651: D/dalvikvm(1844): GC_FOR_ALLOC freed 509K, 22% free 9610K/12260K, paused 30ms, total 30ms
10-13 09:25:52.651: I/dalvikvm-heap(1844): Grow heap (frag case) to 10.967MB for 1544756-byte allocation
10-13 09:25:52.661: I/Remoter(1339): Saved screenshot to '/data/screenshots/__pmv__-0072.jpg'
10-13 09:25:52.661: D/dalvikvm(1844): GC_FOR_ALLOC freed 999K, 27% free 10120K/13772K, paused 11ms, total 11ms
10-13 09:25:52.671: I/LocaleChangeIO(1844): Requesting GmsCore restart due to change in locale assets
10-13 09:25:52.671: I/Process(2308): Sending signal. PID: 2308 SIG: 9
10-13 09:25:52.671: I/Process(1844): Sending signal. PID: 1844 SIG: 9
10-13 09:25:52.671: I/Process(1911): Sending signal. PID: 1911 SIG: 9
10-13 09:25:52.671: I/Process(2012): Sending signal. PID: 2012 SIG: 9
10-13 09:25:52.701: I/Process(3717): Sending signal. PID: 3717 SIG: 9
10-13 09:25:52.721: D/dalvikvm(1877): GC_FOR_ALLOC freed 158K, 13% free 5521K/6320K, paused 3ms, total 3ms
10-13 09:25:52.731: I/ActivityManager(1705): Process com.google.android.gms.persistent (pid 1844) has died.
10-13 09:25:52.731: W/ActivityManager(1705): Scheduling restart of crashed service com.google.android.gms/.lockbox.service.LockboxBrokerService in 1000ms
10-13 09:25:52.731: W/ActivityManager(1705): Scheduling restart of crashed service com.google.android.gms/com.google.android.location.fused.FusedLocationService in 11000ms
10-13 09:25:52.731: W/ActivityManager(1705): Scheduling restart of crashed service com.google.android.gms/com.google.android.contextmanager.service.ContextManagerService in 21000ms
10-13 09:25:52.731: W/ActivityManager(1705): Scheduling restart of crashed service com.google.android.gms/.nearby.messages.service.NearbyMessagesService in 31000ms
10-13 09:25:52.731: W/ActivityManager(1705): Scheduling restart of crashed service com.google.android.gms/com.google.android.location.geofencer.service.GeofenceProviderService in 41000ms
10-13 09:25:52.731: W/ActivityManager(1705): Scheduling restart of crashed service com.google.android.gms/com.google.location.nearby.direct.service.NearbyDirectService in 51000ms
10-13 09:25:52.731: W/ActivityManager(1705): Scheduling restart of crashed service com.google.android.gms/com.google.android.location.fused.service.FusedProviderService in 51000ms
10-13 09:25:52.731: W/ActivityManager(1705): Scheduling restart of crashed service com.google.android.gms/com.google.android.location.network.NetworkLocationService in 61000ms
10-13 09:25:52.731: A/ActivityManager(1705): Service ServiceRecord{9551cd18 u0 com.google.android.gms/.beacon.BleService} in process ProcessRecord{954812c0 1844:com.google.android.gms.persistent/u0a8} not same as in map: null
10-13 09:25:52.731: W/ActivityManager(1705): Scheduling restart of crashed service com.google.android.gms/.chimera.PersistentIntentOperationService in 70998ms
10-13 09:25:52.731: W/ActivityManager(1705): Scheduling restart of crashed service com.google.android.gms/.clearcut.service.ClearcutLoggerService in 80998ms
10-13 09:25:52.731: W/ActivityManager(1705): Scheduling restart of crashed service com.google.android.gms/com.google.android.location.geocode.GeocodeService in 90998ms
10-13 09:25:52.731: W/ActivityManager(1705): Scheduling restart of crashed service com.google.android.gms/com.google.android.location.internal.GoogleLocationManagerService in 100998ms
10-13 09:25:52.731: W/ActivityManager(1705): Scheduling restart of crashed service com.google.android.gms/.pseudonymous.service.PseudonymousIdService in 110998ms
10-13 09:25:52.731: W/ActivityManager(1705): Scheduling restart of crashed service com.google.android.gms/com.google.android.location.internal.server.GoogleLocationService in 120998ms
10-13 09:25:52.731: W/ActivityManager(1705): Scheduling restart of crashed service com.google.android.gms/.common.stats.GmsCoreStatsService in 130998ms
10-13 09:25:52.731: W/ActivityManager(1705): Scheduling restart of crashed service com.google.android.gms/.deviceconnection.service.DeviceConnectionWatcherService in 140998ms
10-13 09:25:52.741: E/memtrack(4714): Couldn't load memtrack module (No such file or directory)
10-13 09:25:52.741: E/android.os.Debug(4714): failed to load memtrack module: -2
10-13 09:25:52.741: A/ProcessStats(1705): Starting service ServiceState{9539ac60 com.google.android.gms.deviceconnection.service.DeviceConnectionWatcherService pkg=com.google.android.gms proc=9539ac60} without owner
10-13 09:25:52.741: A/ProcessStats(1705): Starting service ServiceState{95489f38 com.google.android.location.geocode.GeocodeService pkg=com.google.android.gms proc=95489f38} without owner
10-13 09:25:52.741: A/ProcessStats(1705): Starting service ServiceState{9548f088 com.google.android.location.fused.service.FusedProviderService pkg=com.google.android.gms proc=9548f088} without owner
10-13 09:25:52.741: A/ProcessStats(1705): Starting service ServiceState{95452cb8 com.google.android.gms.pseudonymous.service.PseudonymousIdService pkg=com.google.android.gms proc=95452cb8} without owner
10-13 09:25:52.741: A/ProcessStats(1705): Starting service ServiceState{954861a8 com.google.android.location.fused.FusedLocationService pkg=com.google.android.gms proc=954861a8} without owner
10-13 09:25:52.741: A/ProcessStats(1705): Starting service ServiceState{95493e48 com.google.android.location.geofencer.service.GeofenceProviderService pkg=com.google.android.gms proc=95493e48} without owner
10-13 09:25:52.741: A/ProcessStats(1705): Starting service ServiceState{9552be10 com.google.android.gms.chimera.PersistentIntentOperationService pkg=com.google.android.gms proc=9552be10} without owner
10-13 09:25:52.741: A/ProcessStats(1705): Starting service ServiceState{954e7888 com.google.android.gms.nearby.messages.service.NearbyMessagesService pkg=com.google.android.gms proc=954e7888} without owner
10-13 09:25:52.741: A/ProcessStats(1705): Starting service ServiceState{95454ee8 com.google.android.location.internal.server.GoogleLocationService pkg=com.google.android.gms proc=95454ee8} without owner
10-13 09:25:52.741: A/ProcessStats(1705): Starting service ServiceState{9536d0d8 com.google.android.contextmanager.service.ContextManagerService pkg=com.google.android.gms proc=9536d0d8} without owner
10-13 09:25:52.741: A/ProcessStats(1705): Starting service ServiceState{95480c80 com.google.android.location.network.NetworkLocationService pkg=com.google.android.gms proc=95480c80} without owner
10-13 09:25:52.741: A/ProcessStats(1705): Starting service ServiceState{9540fe18 com.google.android.location.internal.GoogleLocationManagerService pkg=com.google.android.gms proc=9540fe18} without owner
10-13 09:25:52.741: A/ProcessStats(1705): Starting service ServiceState{9555ac78 com.google.android.gms.lockbox.service.LockboxBrokerService pkg=com.google.android.gms proc=9555ac78} without owner
10-13 09:25:52.751: A/ProcessStats(1705): Starting service ServiceState{9539f190 com.google.android.gms.common.stats.GmsCoreStatsService pkg=com.google.android.gms proc=9539f190} without owner
10-13 09:25:52.751: A/ProcessStats(1705): Starting service ServiceState{9546de28 com.google.android.gms.clearcut.service.ClearcutLoggerService pkg=com.google.android.gms proc=9546de28} without owner
10-13 09:25:52.791: D/AndroidRuntime(4714): Calling main entry com.android.commands.settings.SettingsCmd
10-13 09:25:52.801: W/BroadcastQueue(1705): Exception when sending broadcast to ComponentInfo{com.google.android.gms/com.google.android.gms.stats.service.DropBoxEntryAddedReceiver}
10-13 09:25:52.801: W/BroadcastQueue(1705): android.os.DeadObjectException
10-13 09:25:52.801: W/BroadcastQueue(1705): 	at android.os.BinderProxy.transact(Native Method)
10-13 09:25:52.801: W/BroadcastQueue(1705): 	at android.app.ApplicationThreadProxy.scheduleReceiver(ApplicationThreadNative.java:814)
10-13 09:25:52.801: W/BroadcastQueue(1705): 	at com.android.server.am.BroadcastQueue.processCurBroadcastLocked(BroadcastQueue.java:236)
10-13 09:25:52.801: W/BroadcastQueue(1705): 	at com.android.server.am.BroadcastQueue.processNextBroadcast(BroadcastQueue.java:879)
10-13 09:25:52.801: W/BroadcastQueue(1705): 	at com.android.server.am.BroadcastQueue$1.handleMessage(BroadcastQueue.java:141)
10-13 09:25:52.801: W/BroadcastQueue(1705): 	at android.os.Handler.dispatchMessage(Handler.java:102)
10-13 09:25:52.801: W/BroadcastQueue(1705): 	at android.os.Looper.loop(Looper.java:136)
10-13 09:25:52.801: W/BroadcastQueue(1705): 	at com.android.server.am.ActivityManagerService$AThread.run(ActivityManagerService.java:1870)
10-13 09:25:52.801: A/ActivityManager(1705): Service ServiceRecord{95648250 u0 com.google.android.gms/.cast.firstparty.CastFirstPartyService} in process ProcessRecord{9546fba0 2012:com.google.android.gms/u0a8} not same as in map: null
10-13 09:25:52.801: W/ActivityManager(1705): Scheduling restart of crashed service com.google.android.gms/.icing.service.IndexWorkerService in 150927ms
10-13 09:25:52.801: A/ActivityManager(1705): Service ServiceRecord{95567948 u0 com.google.android.gms/.icing.service.AppIndexingService} in process ProcessRecord{9546fba0 2012:com.google.android.gms/u0a8} not same as in map: null
10-13 09:25:52.811: D/dalvikvm(1877): GC_FOR_ALLOC freed 158K, 13% free 5667K/6480K, paused 4ms, total 4ms
10-13 09:25:52.811: W/ActivityManager(1705): Scheduling restart of crashed service com.google.android.gms/.chimera.GmsIntentOperationService in 160924ms
10-13 09:25:52.811: W/ActivityManager(1705): Scheduling restart of crashed service com.google.android.gms/.icing.service.IndexService in 160924ms
10-13 09:25:52.821: I/ActivityManager(1705): Start proc com.google.android.gms for broadcast com.google.android.gms/.stats.service.DropBoxEntryAddedReceiver: pid=4726 uid=10008 gids={50008, 3003, 1007, 1028, 1015, 3002, 3001, 3007, 2001, 3006}
10-13 09:25:52.821: I/ActivityManager(1705): Process com.google.android.gms.ui (pid 3717) has died.
10-13 09:25:52.821: I/ActivityManager(1705): Process com.google.android.gms (pid 2012) has died and restarted (pid 4726).
10-13 09:25:52.821: I/ActivityManager(1705): Process com.google.process.gapps (pid 1911) has died.
10-13 09:25:52.821: W/ActivityManager(1705): Scheduling restart of crashed service com.google.android.gms/.gcm.GcmService in 170912ms
10-13 09:25:52.821: W/ActivityManager(1705): Scheduling restart of crashed service com.google.android.gms/.auth.setup.devicesignals.LockScreenService in 180912ms
10-13 09:25:52.821: W/ActivityManager(1705): Scheduling restart of crashed service com.google.android.gms/.auth.account.service.WorkAccountService in 190912ms
10-13 09:25:52.821: I/ActivityManager(1705): Process com.google.android.gms.unstable (pid 2308) has died.
10-13 09:25:52.821: D/AndroidRuntime(4714): Shutting down VM
10-13 09:25:52.831: D/dalvikvm(4714): GC_CONCURRENT freed 94K, 16% free 553K/652K, paused 0ms+0ms, total 0ms
10-13 09:25:52.831: D/dalvikvm(1705): GC_CONCURRENT freed 1141K, 21% free 7944K/10012K, paused 0ms+1ms, total 26ms
10-13 09:25:52.841: D/dalvikvm(1877): GC_FOR_ALLOC freed 159K, 12% free 5849K/6640K, paused 3ms, total 3ms
10-13 09:25:52.851: W/dalvikvm(4726): VFY: unable to resolve static field 332 (PR_SET_DUMPABLE) in Landroid/system/OsConstants;
10-13 09:25:52.851: D/dalvikvm(4726): VFY: replacing opcode 0x60 at 0x0009
10-13 09:25:52.851: I/dalvikvm(4726): Could not find method android.content.Context.getSystemService, referenced from method ni.a
10-13 09:25:52.851: W/dalvikvm(4726): VFY: unable to resolve virtual method 715: Landroid/content/Context;.getSystemService (Ljava/lang/Class;)Ljava/lang/Object;
10-13 09:25:52.851: D/dalvikvm(4726): VFY: replacing opcode 0x6e at 0x0008
10-13 09:25:52.851: I/dalvikvm(4726): Could not find method android.content.Context.createDeviceProtectedStorageContext, referenced from method iyb.a
10-13 09:25:52.851: W/dalvikvm(4726): VFY: unable to resolve virtual method 689: Landroid/content/Context;.createDeviceProtectedStorageContext ()Landroid/content/Context;
10-13 09:25:52.851: D/dalvikvm(4726): VFY: replacing opcode 0x6e at 0x0029
10-13 09:25:52.851: I/dalvikvm(4726): Could not find method android.content.Context.getSystemService, referenced from method iyb.b
10-13 09:25:52.851: W/dalvikvm(4726): VFY: unable to resolve virtual method 715: Landroid/content/Context;.getSystemService (Ljava/lang/Class;)Ljava/lang/Object;
10-13 09:25:52.851: D/dalvikvm(4726): VFY: replacing opcode 0x6e at 0x000b
10-13 09:25:52.851: I/dalvikvm(4726): Could not find method android.content.Context.isDeviceProtectedStorage, referenced from method xtw.a
10-13 09:25:52.851: W/dalvikvm(4726): VFY: unable to resolve virtual method 720: Landroid/content/Context;.isDeviceProtectedStorage ()Z
10-13 09:25:52.851: D/dalvikvm(4726): VFY: replacing opcode 0x6e at 0x0009
10-13 09:25:52.851: I/dalvikvm(4726): Could not find method android.content.Context.isDeviceProtectedStorage, referenced from method xtw.c
10-13 09:25:52.851: W/dalvikvm(4726): VFY: unable to resolve virtual method 720: Landroid/content/Context;.isDeviceProtectedStorage ()Z
10-13 09:25:52.851: D/dalvikvm(4726): VFY: replacing opcode 0x6e at 0x0063
10-13 09:25:52.851: I/dalvikvm(4726): Could not find method android.os.PowerManager.isInteractive, referenced from method ivo.a
10-13 09:25:52.851: W/dalvikvm(4726): VFY: unable to resolve virtual method 1266: Landroid/os/PowerManager;.isInteractive ()Z
10-13 09:25:52.851: D/dalvikvm(4726): VFY: replacing opcode 0x6e at 0x0012
10-13 09:25:52.851: I/dalvikvm(4726): Could not find method android.content.ContextWrapper.createCredentialProtectedStorageContext, referenced from method com.google.android.chimera.ModuleContext.createCredentialProtectedStorageContext
10-13 09:25:52.851: W/dalvikvm(4726): VFY: unable to resolve virtual method 738: Landroid/content/ContextWrapper;.createCredentialProtectedStorageContext ()Landroid/content/Context;
10-13 09:25:52.851: D/dalvikvm(4726): VFY: replacing opcode 0x6f at 0x0002
10-13 09:25:52.851: I/dalvikvm(4726): Could not find method android.content.ContextWrapper.createDeviceProtectedStorageContext, referenced from method com.google.android.chimera.ModuleContext.createDeviceProtectedStorageContext
10-13 09:25:52.851: W/dalvikvm(4726): VFY: unable to resolve virtual method 739: Landroid/content/ContextWrapper;.createDeviceProtectedStorageContext ()Landroid/content/Context;
10-13 09:25:52.851: D/dalvikvm(4726): VFY: replacing opcode 0x6f at 0x0002
10-13 09:25:52.851: I/dalvikvm(4726): Could not find method android.content.Context.isCredentialProtectedStorage, referenced from method buu.a
10-13 09:25:52.851: W/dalvikvm(4726): VFY: unable to resolve virtual method 719: Landroid/content/Context;.isCredentialProtectedStorage ()Z
10-13 09:25:52.851: D/dalvikvm(4726): VFY: replacing opcode 0x6e at 0x0000
10-13 09:25:52.851: I/dalvikvm(4726): Could not find method android.os.UserManager.isUserUnlocked, referenced from method buu.a
10-13 09:25:52.851: W/dalvikvm(4726): VFY: unable to resolve virtual method 1312: Landroid/os/UserManager;.isUserUnlocked ()Z
10-13 09:25:52.851: D/dalvikvm(4726): VFY: replacing opcode 0x6e at 0x001a
10-13 09:25:52.851: I/dalvikvm(4726): Could not find method android.content.Context.isDeviceProtectedStorage, referenced from method buu.b
10-13 09:25:52.851: W/dalvikvm(4726): VFY: unable to resolve virtual method 720: Landroid/content/Context;.isDeviceProtectedStorage ()Z
10-13 09:25:52.851: D/dalvikvm(4726): VFY: replacing opcode 0x6e at 0x0000
10-13 09:25:52.851: I/dalvikvm(4726): Could not find method android.content.Context.isDeviceProtectedStorage, referenced from method buu.c
10-13 09:25:52.851: W/dalvikvm(4726): VFY: unable to resolve virtual method 720: Landroid/content/Context;.isDeviceProtectedStorage ()Z
10-13 09:25:52.851: D/dalvikvm(4726): VFY: replacing opcode 0x6e at 0x0000
10-13 09:25:52.851: I/MultiDex(4726): VM with version 1.6.0 does not have multidex support
10-13 09:25:52.851: I/MultiDex(4726): install
10-13 09:25:52.851: I/MultiDex(4726): MultiDexExtractor.load(/data/app/com.google.android.gms-1.apk, false)
10-13 09:25:52.851: I/MultiDex(4726): Blocking on lock /data/user/0/com.google.android.gms/code_cache/secondary-dexes/MultiDex.lock
10-13 09:25:52.851: I/MultiDex(4726): /data/user/0/com.google.android.gms/code_cache/secondary-dexes/MultiDex.lock locked
10-13 09:25:52.861: I/MultiDex(4726): loading existing secondary dex files
10-13 09:25:52.861: I/MultiDex(4726): load found 4 secondary dex files
10-13 09:25:52.861: I/MultiDex(4726): install done
10-13 09:25:52.871: D/dalvikvm(4726): GC_CONCURRENT freed 262K, 10% free 2938K/3252K, paused 0ms+0ms, total 3ms
10-13 09:25:52.871: I/dalvikvm(4726): Could not find method android.content.Context.isDeviceProtectedStorage, referenced from method jrg.d
10-13 09:25:52.871: W/dalvikvm(4726): VFY: unable to resolve virtual method 720: Landroid/content/Context;.isDeviceProtectedStorage ()Z
10-13 09:25:52.871: D/dalvikvm(4726): VFY: replacing opcode 0x6e at 0x0006
10-13 09:25:52.871: I/dalvikvm(4726): Could not find method android.os.UserHandle.isOwner, referenced from method jrg.h
10-13 09:25:52.871: W/dalvikvm(4726): VFY: unable to resolve virtual method 1305: Landroid/os/UserHandle;.isOwner ()Z
10-13 09:25:52.871: D/dalvikvm(4726): VFY: replacing opcode 0x6e at 0x000a
10-13 09:25:52.891: I/ActivityManager(1705): Start proc com.google.process.gapps for content provider com.google.android.gsf/.gservices.GservicesProvider: pid=4743 uid=10008 gids={50008, 3003, 1007, 1028, 1015, 3002, 3001, 3007, 2001, 3006}
10-13 09:25:52.901: D/dalvikvm(1877): GC_FOR_ALLOC freed 198K, 13% free 6032K/6880K, paused 3ms, total 3ms
10-13 09:25:52.931: I/GservicesProvider(4743): Gservices pushing to system: true; secure/global: true
10-13 09:25:53.001: D/dalvikvm(4743): GC_CONCURRENT freed 221K, 9% free 3068K/3340K, paused 2ms+1ms, total 4ms
10-13 09:25:53.011: D/dalvikvm(4743): GC_CONCURRENT freed 119K, 5% free 3387K/3560K, paused 1ms+0ms, total 3ms
10-13 09:25:53.021: W/dalvikvm(4743): VFY: unable to resolve static field 332 (PR_SET_DUMPABLE) in Landroid/system/OsConstants;
10-13 09:25:53.021: D/dalvikvm(4743): VFY: replacing opcode 0x60 at 0x0009
10-13 09:25:53.021: I/dalvikvm(4726): Could not find method android.content.pm.PackageManager.isInstantApp, referenced from method jwv.a
10-13 09:25:53.021: W/dalvikvm(4726): VFY: unable to resolve virtual method 836: Landroid/content/pm/PackageManager;.isInstantApp (Ljava/lang/String;)Z
10-13 09:25:53.021: D/dalvikvm(4726): VFY: replacing opcode 0x6e at 0x002d
10-13 09:25:53.021: I/dalvikvm(4743): Could not find method android.content.Context.getSystemService, referenced from method ni.a
10-13 09:25:53.021: W/dalvikvm(4743): VFY: unable to resolve virtual method 715: Landroid/content/Context;.getSystemService (Ljava/lang/Class;)Ljava/lang/Object;
10-13 09:25:53.021: D/dalvikvm(4743): VFY: replacing opcode 0x6e at 0x0008
10-13 09:25:53.021: I/dalvikvm(4743): Could not find method android.content.Context.createDeviceProtectedStorageContext, referenced from method iyb.a
10-13 09:25:53.021: W/dalvikvm(4743): VFY: unable to resolve virtual method 689: Landroid/content/Context;.createDeviceProtectedStorageContext ()Landroid/content/Context;
10-13 09:25:53.021: D/dalvikvm(4743): VFY: replacing opcode 0x6e at 0x0029
10-13 09:25:53.021: I/dalvikvm(4743): Could not find method android.content.Context.getSystemService, referenced from method iyb.b
10-13 09:25:53.021: W/dalvikvm(4743): VFY: unable to resolve virtual method 715: Landroid/content/Context;.getSystemService (Ljava/lang/Class;)Ljava/lang/Object;
10-13 09:25:53.021: D/dalvikvm(4743): VFY: replacing opcode 0x6e at 0x000b
10-13 09:25:53.021: I/dalvikvm(4726): Could not find method android.content.ContextWrapper.createCredentialProtectedStorageContext, referenced from method jjp.createCredentialProtectedStorageContext
10-13 09:25:53.021: W/dalvikvm(4726): VFY: unable to resolve virtual method 738: Landroid/content/ContextWrapper;.createCredentialProtectedStorageContext ()Landroid/content/Context;
10-13 09:25:53.021: D/dalvikvm(4726): VFY: replacing opcode 0x6f at 0x0002
10-13 09:25:53.021: I/dalvikvm(4726): Could not find method android.content.ContextWrapper.createDeviceProtectedStorageContext, referenced from method jjp.createDeviceProtectedStorageContext
10-13 09:25:53.021: W/dalvikvm(4726): VFY: unable to resolve virtual method 739: Landroid/content/ContextWrapper;.createDeviceProtectedStorageContext ()Landroid/content/Context;
10-13 09:25:53.021: D/dalvikvm(4726): VFY: replacing opcode 0x6f at 0x0002
10-13 09:25:53.021: I/dalvikvm(4743): Could not find method android.content.Context.isDeviceProtectedStorage, referenced from method xtw.a
10-13 09:25:53.021: W/dalvikvm(4743): VFY: unable to resolve virtual method 720: Landroid/content/Context;.isDeviceProtectedStorage ()Z
10-13 09:25:53.021: D/dalvikvm(4743): VFY: replacing opcode 0x6e at 0x0009
10-13 09:25:53.021: I/dalvikvm(4743): Could not find method android.content.Context.isDeviceProtectedStorage, referenced from method xtw.c
10-13 09:25:53.021: W/dalvikvm(4743): VFY: unable to resolve virtual method 720: Landroid/content/Context;.isDeviceProtectedStorage ()Z
10-13 09:25:53.021: D/dalvikvm(4743): VFY: replacing opcode 0x6e at 0x0063
10-13 09:25:53.021: D/dalvikvm(4726): DexOpt: couldn't find static field Landroid/os/Build;.SUPPORTED_ABIS
10-13 09:25:53.021: W/dalvikvm(4726): VFY: unable to resolve static field 313 (SUPPORTED_ABIS) in Landroid/os/Build;
10-13 09:25:53.021: D/dalvikvm(4726): VFY: replacing opcode 0x62 at 0x0008
10-13 09:25:53.021: I/dalvikvm(4743): Could not find method android.os.PowerManager.isInteractive, referenced from method ivo.a
10-13 09:25:53.021: W/dalvikvm(4743): VFY: unable to resolve virtual method 1266: Landroid/os/PowerManager;.isInteractive ()Z
10-13 09:25:53.021: D/dalvikvm(4743): VFY: replacing opcode 0x6e at 0x0012
10-13 09:25:53.021: D/dalvikvm(4726): DexOpt: couldn't find static field Landroid/os/Build;.SUPPORTED_ABIS
10-13 09:25:53.021: W/dalvikvm(4726): VFY: unable to resolve static field 313 (SUPPORTED_ABIS) in Landroid/os/Build;
10-13 09:25:53.021: D/dalvikvm(4726): VFY: replacing opcode 0x62 at 0x0097
10-13 09:25:53.021: D/dalvikvm(4726): DexOpt: couldn't find field Landroid/content/pm/ApplicationInfo;.splitSourceDirs
10-13 09:25:53.021: W/dalvikvm(4726): VFY: unable to resolve instance field 243
10-13 09:25:53.021: D/dalvikvm(4726): VFY: replacing opcode 0x54 at 0x0053
10-13 09:25:53.021: I/dalvikvm(4743): Could not find method android.content.ContextWrapper.createCredentialProtectedStorageContext, referenced from method com.google.android.chimera.ModuleContext.createCredentialProtectedStorageContext
10-13 09:25:53.021: W/dalvikvm(4743): VFY: unable to resolve virtual method 738: Landroid/content/ContextWrapper;.createCredentialProtectedStorageContext ()Landroid/content/Context;
10-13 09:25:53.021: D/dalvikvm(4743): VFY: replacing opcode 0x6f at 0x0002
10-13 09:25:53.021: I/dalvikvm(4743): Could not find method android.content.ContextWrapper.createDeviceProtectedStorageContext, referenced from method com.google.android.chimera.ModuleContext.createDeviceProtectedStorageContext
10-13 09:25:53.021: W/dalvikvm(4743): VFY: unable to resolve virtual method 739: Landroid/content/ContextWrapper;.createDeviceProtectedStorageContext ()Landroid/content/Context;
10-13 09:25:53.021: D/dalvikvm(4743): VFY: replacing opcode 0x6f at 0x0002
10-13 09:25:53.021: I/dalvikvm(4743): Could not find method android.content.Context.isCredentialProtectedStorage, referenced from method buu.a
10-13 09:25:53.021: W/dalvikvm(4743): VFY: unable to resolve virtual method 719: Landroid/content/Context;.isCredentialProtectedStorage ()Z
10-13 09:25:53.021: D/dalvikvm(4743): VFY: replacing opcode 0x6e at 0x0000
10-13 09:25:53.021: D/dalvikvm(4726): Trying to load lib /data/app-lib/com.google.android.gms-1/libgmscore.so 0x950447b8
10-13 09:25:53.021: I/dalvikvm(4743): Could not find method android.os.UserManager.isUserUnlocked, referenced from method buu.a
10-13 09:25:53.021: W/dalvikvm(4743): VFY: unable to resolve virtual method 1312: Landroid/os/UserManager;.isUserUnlocked ()Z
10-13 09:25:53.021: D/dalvikvm(4743): VFY: replacing opcode 0x6e at 0x001a
10-13 09:25:53.021: I/dalvikvm(4743): Could not find method android.content.Context.isDeviceProtectedStorage, referenced from method buu.b
10-13 09:25:53.021: W/dalvikvm(4743): VFY: unable to resolve virtual method 720: Landroid/content/Context;.isDeviceProtectedStorage ()Z
