10-13 09:26:02.991: E/IntentOperationSvc(4726): 	at java.lang.reflect.Constructor.constructNative(Native Method)
10-13 09:26:02.991: E/IntentOperationSvc(4726): 	at java.lang.reflect.Constructor.newInstance(Constructor.java:423)
10-13 09:26:02.991: E/IntentOperationSvc(4726): 	at bvt.a(:com.google.android.gms@11519070:8)
10-13 09:26:02.991: E/IntentOperationSvc(4726): 	at bvu.run(:com.google.android.gms@11519070:69)
10-13 09:26:02.991: E/IntentOperationSvc(4726): 	at java.util.concurrent.ThreadPoolExecutor.runWorker(ThreadPoolExecutor.java:1112)
10-13 09:26:02.991: E/IntentOperationSvc(4726): 	at java.util.concurrent.ThreadPoolExecutor$Worker.run(ThreadPoolExecutor.java:587)
10-13 09:26:02.991: E/IntentOperationSvc(4726): 	at java.lang.Thread.run(Thread.java:841)
10-13 09:26:02.991: E/IntentOperationSvc(4726): Caused by: java.lang.NullPointerException
10-13 09:26:02.991: E/IntentOperationSvc(4726): 	at android.content.ContextWrapper.getSharedPreferences(ContextWrapper.java:173)
10-13 09:26:02.991: E/IntentOperationSvc(4726): 	at wae.a(:com.google.android.gms@11519070:6)
10-13 09:26:02.991: E/IntentOperationSvc(4726): 	at com.google.android.gms.people.service.SettingsChangedBroadcastIntentOperation.<init>(:com.google.android.gms@11519070:2)
10-13 09:26:02.991: E/IntentOperationSvc(4726): 	... 7 more
10-13 09:26:02.991: W/OcrModelUpStIntentOp(4726): Invalid action: com.google.android.gms.phenotype.COMMITTED
10-13 09:26:03.001: I/PTCommittedOperation(4764): Receive new configuration for com.google.android.gms.octarine
10-13 09:26:03.021: W/NetRec(4764): [207] ConfigChangedIntentOperation.onHandleIntent: Device does not support scoring, exiting
10-13 09:26:03.031: E/IntentOperationSvc(4726): Failed to instantiate Chimera operation impl com.google.android.gms.people.service.SettingsChangedBroadcastIntentOperation, dropping operation
10-13 09:26:03.031: E/IntentOperationSvc(4726): java.lang.reflect.InvocationTargetException
10-13 09:26:03.031: E/IntentOperationSvc(4726): 	at java.lang.reflect.Constructor.constructNative(Native Method)
10-13 09:26:03.031: E/IntentOperationSvc(4726): 	at java.lang.reflect.Constructor.newInstance(Constructor.java:423)
10-13 09:26:03.031: E/IntentOperationSvc(4726): 	at bvt.a(:com.google.android.gms@11519070:8)
10-13 09:26:03.031: E/IntentOperationSvc(4726): 	at bvu.run(:com.google.android.gms@11519070:69)
10-13 09:26:03.031: E/IntentOperationSvc(4726): 	at java.util.concurrent.ThreadPoolExecutor.runWorker(ThreadPoolExecutor.java:1112)
10-13 09:26:03.031: E/IntentOperationSvc(4726): 	at java.util.concurrent.ThreadPoolExecutor$Worker.run(ThreadPoolExecutor.java:587)
10-13 09:26:03.031: E/IntentOperationSvc(4726): 	at java.lang.Thread.run(Thread.java:841)
10-13 09:26:03.031: E/IntentOperationSvc(4726): Caused by: java.lang.NullPointerException
10-13 09:26:03.031: E/IntentOperationSvc(4726): 	at android.content.ContextWrapper.getSharedPreferences(ContextWrapper.java:173)
10-13 09:26:03.031: E/IntentOperationSvc(4726): 	at wae.a(:com.google.android.gms@11519070:6)
10-13 09:26:03.031: E/IntentOperationSvc(4726): 	at com.google.android.gms.people.service.SettingsChangedBroadcastIntentOperation.<init>(:com.google.android.gms@11519070:2)
10-13 09:26:03.031: E/IntentOperationSvc(4726): 	... 7 more
10-13 09:26:03.031: W/OcrModelUpStIntentOp(4726): Invalid action: com.google.android.gms.phenotype.COMMITTED
10-13 09:26:03.031: I/PTCommittedOperation(4764): Receive new configuration for com.google.android.gms.matchstick
10-13 09:26:03.051: D/dalvikvm(4743): GC_CONCURRENT freed 777K, 17% free 5324K/6384K, paused 0ms+1ms, total 8ms
10-13 09:26:03.081: D/dalvikvm(1705): GC_FOR_ALLOC freed 605K, 12% free 9229K/10476K, paused 24ms, total 24ms
10-13 09:26:03.101: D/dalvikvm(1705): GC_FOR_ALLOC freed 448K, 15% free 9316K/10888K, paused 19ms, total 19ms
10-13 09:26:03.111: W/NetRec(4764): [207] ConfigChangedIntentOperation.onHandleIntent: Device does not support scoring, exiting
10-13 09:26:03.111: E/MS_RegisterService(4726): Exception during register request.
10-13 09:26:03.111: E/MS_RegisterService(4726): awbu: INVALID_ARGUMENT: Application credential header not valid. Please fix the client to pass a valid application credential header.
10-13 09:26:03.111: E/MS_RegisterService(4726): 	at awbq.c(:com.google.android.gms@11519070:3)
10-13 09:26:03.111: E/MS_RegisterService(4726): 	at jkh.a(:com.google.android.gms@11519070:63)
10-13 09:26:03.111: E/MS_RegisterService(4726): 	at com.google.android.libraries.matchstick.net.SilentRegisterIntentOperation.a(:com.google.android.gms@11519070:226)
10-13 09:26:03.111: E/MS_RegisterService(4726): 	at com.google.android.libraries.matchstick.net.SilentRegisterIntentOperation.onHandleIntent(:com.google.android.gms@11519070:291)
10-13 09:26:03.111: E/MS_RegisterService(4726): 	at com.google.android.chimera.IntentOperation.onHandleIntent(:com.google.android.gms@11519070:2)
10-13 09:26:03.111: E/MS_RegisterService(4726): 	at bvr.run(:com.google.android.gms@11519070:10)
10-13 09:26:03.111: E/MS_RegisterService(4726): 	at bvo.run(:com.google.android.gms@11519070:14)
10-13 09:26:03.111: E/MS_RegisterService(4726): 	at java.util.concurrent.ThreadPoolExecutor.runWorker(ThreadPoolExecutor.java:1112)
10-13 09:26:03.111: E/MS_RegisterService(4726): 	at java.util.concurrent.ThreadPoolExecutor$Worker.run(ThreadPoolExecutor.java:587)
10-13 09:26:03.111: E/MS_RegisterService(4726): 	at java.lang.Thread.run(Thread.java:841)
10-13 09:26:03.111: E/IntentOperationSvc(4726): Failed to instantiate Chimera operation impl com.google.android.gms.people.service.SettingsChangedBroadcastIntentOperation, dropping operation
10-13 09:26:03.111: E/IntentOperationSvc(4726): java.lang.reflect.InvocationTargetException
10-13 09:26:03.111: E/IntentOperationSvc(4726): 	at java.lang.reflect.Constructor.constructNative(Native Method)
10-13 09:26:03.111: E/IntentOperationSvc(4726): 	at java.lang.reflect.Constructor.newInstance(Constructor.java:423)
10-13 09:26:03.111: E/IntentOperationSvc(4726): 	at bvt.a(:com.google.android.gms@11519070:8)
10-13 09:26:03.111: E/IntentOperationSvc(4726): 	at bvu.run(:com.google.android.gms@11519070:69)
10-13 09:26:03.111: E/IntentOperationSvc(4726): 	at java.util.concurrent.ThreadPoolExecutor.runWorker(ThreadPoolExecutor.java:1112)
10-13 09:26:03.111: E/IntentOperationSvc(4726): 	at java.util.concurrent.ThreadPoolExecutor$Worker.run(ThreadPoolExecutor.java:587)
10-13 09:26:03.111: E/IntentOperationSvc(4726): 	at java.lang.Thread.run(Thread.java:841)
10-13 09:26:03.111: E/IntentOperationSvc(4726): Caused by: java.lang.NullPointerException
10-13 09:26:03.111: E/IntentOperationSvc(4726): 	at android.content.ContextWrapper.getSharedPreferences(ContextWrapper.java:173)
10-13 09:26:03.111: E/IntentOperationSvc(4726): 	at wae.a(:com.google.android.gms@11519070:6)
10-13 09:26:03.111: E/IntentOperationSvc(4726): 	at com.google.android.gms.people.service.SettingsChangedBroadcastIntentOperation.<init>(:com.google.android.gms@11519070:2)
10-13 09:26:03.111: E/IntentOperationSvc(4726): 	... 7 more
10-13 09:26:03.111: W/OcrModelUpStIntentOp(4726): Invalid action: com.google.android.gms.phenotype.COMMITTED
10-13 09:26:03.111: I/PTCommittedOperation(4764): Receive new configuration for com.google.android.gms.ulr
10-13 09:26:03.111: D/dalvikvm(5027): GC_CONCURRENT freed 145K, 4% free 5011K/5208K, paused 1ms+1ms, total 19ms
10-13 09:26:03.121: I/GCoreUlr(4764): Starting service, intent=Intent { act=com.google.android.location.reporting.ACTION_UPDATE_WORLD cmp=com.google.android.gms/com.google.android.location.reporting.service.DispatchingService (has extras) }, extras=Bundle[{receiverAction=com.google.gservices.intent.action.GSERVICES_CHANGED}]
10-13 09:26:03.141: D/dalvikvm(1705): GC_FOR_ALLOC freed 226K, 13% free 9505K/10888K, paused 21ms, total 21ms
10-13 09:26:03.171: D/dalvikvm(4764): GC_CONCURRENT freed 1231K, 18% free 6476K/7884K, paused 2ms+2ms, total 16ms
10-13 09:26:03.171: D/dalvikvm(4764): WAIT_FOR_CONCURRENT_GC blocked 6ms
10-13 09:26:03.181: D/dalvikvm(4764): WAIT_FOR_CONCURRENT_GC blocked 9ms
10-13 09:26:03.181: W/NetRec(4764): [207] ConfigChangedIntentOperation.onHandleIntent: Device does not support scoring, exiting
10-13 09:26:03.201: D/dalvikvm(5027): GC_CONCURRENT freed 458K, 9% free 5185K/5696K, paused 2ms+0ms, total 8ms
10-13 09:26:03.221: D/dalvikvm(1705): GC_FOR_ALLOC freed 591K, 14% free 9582K/11140K, paused 26ms, total 27ms
10-13 09:26:03.221: I/GAV2(4247): Thread[GAThread,5,main]: No campaign data found.
10-13 09:26:03.231: D/dalvikvm(5027): GC_CONCURRENT freed 315K, 7% free 5556K/5924K, paused 0ms+1ms, total 6ms
10-13 09:26:03.241: D/dalvikvm(1705): GC_FOR_ALLOC freed 455K, 15% free 9630K/11296K, paused 19ms, total 19ms
10-13 09:26:03.241: W/NetRec(4764): [207] ConfigChangedIntentOperation.onHandleIntent: Device does not support scoring, exiting
10-13 09:26:03.241: I/PTCommittedOperation(4764): Receive new configuration for com.google.android.gms.romanesco
10-13 09:26:03.251: I/PTCommittedOperation(4764): Receive new configuration for com.google.android.gms.devicedoctor
10-13 09:26:03.251: I/PTCommittedOperation(4764): Running Fixer Framework for com.google.android.gms.devicedoctor
10-13 09:26:03.251: I/GAv4-SVC(4726): Google Analytics 11.5.19 is starting up.
10-13 09:26:03.291: D/Volley(5027): [1] Request.finish: 3316 ms: [ ] https://android.clients.google.com/fdfe/replicateLibrary 0xe8d195d1 NORMAL 3
10-13 09:26:03.291: D/Finsky(5027): [1] 3.onMutationsApplied: App library has changed, requesting content sync.
10-13 09:26:03.301: E/dalvikvm(4726): Could not find class 'android.app.job.JobScheduler', referenced from method dcf.c
10-13 09:26:03.301: W/dalvikvm(4726): VFY: unable to resolve check-cast 831 (Landroid/app/job/JobScheduler;) in Ldcf;
10-13 09:26:03.301: D/dalvikvm(4726): VFY: replacing opcode 0x1f at 0x001c
10-13 09:26:03.301: D/Finsky(5027): [1] CheckWifiAndAutoUpdate.cancelCheck: Cancelling auto-update wifi check.
10-13 09:26:03.301: I/GCoreUlr(4764): WorldUpdater received intent Intent { act=com.google.android.location.reporting.ACTION_UPDATE_WORLD cmp=com.google.android.gms/com.google.android.location.reporting.service.DispatchingService (has extras) } with receiverAction com.google.gservices.intent.action.GSERVICES_CHANGED
10-13 09:26:03.311: W/NetRec(4764): [207] ConfigChangedIntentOperation.onHandleIntent: Device does not support scoring, exiting
10-13 09:26:03.311: W/System(4726): Ignoring header Cookie because its value was null.
10-13 09:26:03.311: I/ProcessCheckinRequest(4726): set cookie as: null
10-13 09:26:03.311: I/PTCommittedOperation(4764): Receive new configuration for com.google.android.gms.herrevad
10-13 09:26:03.321: E/IntentOperationSvc(4726): Failed to instantiate Chimera operation impl com.google.android.gms.people.service.SettingsChangedBroadcastIntentOperation, dropping operation
10-13 09:26:03.321: E/IntentOperationSvc(4726): java.lang.reflect.InvocationTargetException
10-13 09:26:03.321: E/IntentOperationSvc(4726): 	at java.lang.reflect.Constructor.constructNative(Native Method)
10-13 09:26:03.321: E/IntentOperationSvc(4726): 	at java.lang.reflect.Constructor.newInstance(Constructor.java:423)
10-13 09:26:03.321: E/IntentOperationSvc(4726): 	at bvt.a(:com.google.android.gms@11519070:8)
10-13 09:26:03.321: E/IntentOperationSvc(4726): 	at bvu.run(:com.google.android.gms@11519070:69)
10-13 09:26:03.321: E/IntentOperationSvc(4726): 	at java.util.concurrent.ThreadPoolExecutor.runWorker(ThreadPoolExecutor.java:1112)
10-13 09:26:03.321: E/IntentOperationSvc(4726): 	at java.util.concurrent.ThreadPoolExecutor$Worker.run(ThreadPoolExecutor.java:587)
10-13 09:26:03.321: E/IntentOperationSvc(4726): 	at java.lang.Thread.run(Thread.java:841)
10-13 09:26:03.321: E/IntentOperationSvc(4726): Caused by: java.lang.NullPointerException
10-13 09:26:03.321: E/IntentOperationSvc(4726): 	at android.content.ContextWrapper.getSharedPreferences(ContextWrapper.java:173)
10-13 09:26:03.321: E/IntentOperationSvc(4726): 	at wae.a(:com.google.android.gms@11519070:6)
10-13 09:26:03.321: E/IntentOperationSvc(4726): 	at com.google.android.gms.people.service.SettingsChangedBroadcastIntentOperation.<init>(:com.google.android.gms@11519070:2)
10-13 09:26:03.321: E/IntentOperationSvc(4726): 	... 7 more
10-13 09:26:03.321: E/IntentOperationSvc(4726): Failed to instantiate Chimera operation impl com.google.android.gms.people.service.SettingsChangedBroadcastIntentOperation, dropping operation
10-13 09:26:03.321: E/IntentOperationSvc(4726): java.lang.reflect.InvocationTargetException
10-13 09:26:03.321: E/IntentOperationSvc(4726): 	at java.lang.reflect.Constructor.constructNative(Native Method)
10-13 09:26:03.321: E/IntentOperationSvc(4726): 	at java.lang.reflect.Constructor.newInstance(Constructor.java:423)
10-13 09:26:03.321: E/IntentOperationSvc(4726): 	at bvt.a(:com.google.android.gms@11519070:8)
10-13 09:26:03.321: E/IntentOperationSvc(4726): 	at bvu.run(:com.google.android.gms@11519070:69)
10-13 09:26:03.321: E/IntentOperationSvc(4726): 	at java.util.concurrent.ThreadPoolExecutor.runWorker(ThreadPoolExecutor.java:1112)
10-13 09:26:03.321: E/IntentOperationSvc(4726): 	at java.util.concurrent.ThreadPoolExecutor$Worker.run(ThreadPoolExecutor.java:587)
10-13 09:26:03.321: E/IntentOperationSvc(4726): 	at java.lang.Thread.run(Thread.java:841)
10-13 09:26:03.321: E/IntentOperationSvc(4726): Caused by: java.lang.NullPointerException
10-13 09:26:03.321: E/IntentOperationSvc(4726): 	at android.content.ContextWrapper.getSharedPreferences(ContextWrapper.java:173)
10-13 09:26:03.321: E/IntentOperationSvc(4726): 	at wae.a(:com.google.android.gms@11519070:6)
10-13 09:26:03.321: E/IntentOperationSvc(4726): 	at com.google.android.gms.people.service.SettingsChangedBroadcastIntentOperation.<init>(:com.google.android.gms@11519070:2)
10-13 09:26:03.321: E/IntentOperationSvc(4726): 	... 7 more
10-13 09:26:03.321: E/IntentOperationSvc(4726): Failed to instantiate Chimera operation impl com.google.android.gms.people.service.SettingsChangedBroadcastIntentOperation, dropping operation
10-13 09:26:03.321: E/IntentOperationSvc(4726): java.lang.reflect.InvocationTargetException
10-13 09:26:03.321: E/IntentOperationSvc(4726): 	at java.lang.reflect.Constructor.constructNative(Native Method)
10-13 09:26:03.321: E/IntentOperationSvc(4726): 	at java.lang.reflect.Constructor.newInstance(Constructor.java:423)
10-13 09:26:03.321: E/IntentOperationSvc(4726): 	at bvt.a(:com.google.android.gms@11519070:8)
10-13 09:26:03.321: E/IntentOperationSvc(4726): 	at bvu.run(:com.google.android.gms@11519070:69)
10-13 09:26:03.321: E/IntentOperationSvc(4726): 	at java.util.concurrent.ThreadPoolExecutor.runWorker(ThreadPoolExecutor.java:1112)
10-13 09:26:03.321: E/IntentOperationSvc(4726): 	at java.util.concurrent.ThreadPoolExecutor$Worker.run(ThreadPoolExecutor.java:587)
10-13 09:26:03.321: E/IntentOperationSvc(4726): 	at java.lang.Thread.run(Thread.java:841)
10-13 09:26:03.321: E/IntentOperationSvc(4726): Caused by: java.lang.NullPointerException
10-13 09:26:03.321: E/IntentOperationSvc(4726): 	at android.content.ContextWrapper.getSharedPreferences(ContextWrapper.java:173)
10-13 09:26:03.321: E/IntentOperationSvc(4726): 	at wae.a(:com.google.android.gms@11519070:6)
10-13 09:26:03.321: E/IntentOperationSvc(4726): 	at com.google.android.gms.people.service.SettingsChangedBroadcastIntentOperation.<init>(:com.google.android.gms@11519070:2)
10-13 09:26:03.321: E/IntentOperationSvc(4726): 	... 7 more
10-13 09:26:03.321: W/OcrModelUpStIntentOp(4726): Invalid action: com.google.android.gms.phenotype.COMMITTED
10-13 09:26:03.321: W/OcrModelUpStIntentOp(4726): Invalid action: com.google.android.gms.phenotype.COMMITTED
10-13 09:26:03.321: W/Conscrypt(4726): Could not set socket write timeout:
10-13 09:26:03.321: W/Conscrypt(4726):    java.lang.reflect.Method.invokeNative(Native Method)
10-13 09:26:03.321: W/Conscrypt(4726):    java.lang.reflect.Method.invoke(Method.java:515)
10-13 09:26:03.321: W/OcrModelUpStIntentOp(4726): Invalid action: com.google.android.gms.phenotype.COMMITTED
10-13 09:26:03.321: W/NetRec(4764): [207] ConfigChangedIntentOperation.onHandleIntent: Device does not support scoring, exiting
10-13 09:26:03.341: W/Conscrypt(4726): Could not set socket write timeout:
10-13 09:26:03.341: W/Conscrypt(4726):    java.lang.reflect.Method.invokeNative(Native Method)
10-13 09:26:03.341: W/Conscrypt(4726):    java.lang.reflect.Method.invoke(Method.java:515)
10-13 09:26:03.371: W/NetRec(4764): [292] ConfigChangedIntentOperation.onHandleIntent: Device does not support scoring, exiting
10-13 09:26:03.391: D/dalvikvm(4764): GC_CONCURRENT freed 1253K, 19% free 6452K/7884K, paused 2ms+5ms, total 28ms
10-13 09:26:03.391: D/dalvikvm(4764): WAIT_FOR_CONCURRENT_GC blocked 9ms
10-13 09:26:03.401: D/dalvikvm(5027): GC_CONCURRENT freed 1003K, 17% free 5359K/6452K, paused 0ms+0ms, total 7ms
10-13 09:26:03.401: W/NetRec(4764): [292] ConfigChangedIntentOperation.onHandleIntent: Device does not support scoring, exiting
10-13 09:26:03.401: I/PTCommittedOperation(4764): Receive new configuration for com.google.android.gms.udc
10-13 09:26:03.401: W/OcrModelUpStIntentOp(4726): Invalid action: com.google.android.gms.phenotype.COMMITTED
10-13 09:26:03.411: E/IntentOperationSvc(4726): Failed to instantiate Chimera operation impl com.google.android.gms.people.service.SettingsChangedBroadcastIntentOperation, dropping operation
10-13 09:26:03.411: E/IntentOperationSvc(4726): java.lang.reflect.InvocationTargetException
10-13 09:26:03.411: E/IntentOperationSvc(4726): 	at java.lang.reflect.Constructor.constructNative(Native Method)
10-13 09:26:03.411: E/IntentOperationSvc(4726): 	at java.lang.reflect.Constructor.newInstance(Constructor.java:423)
10-13 09:26:03.411: E/IntentOperationSvc(4726): 	at bvt.a(:com.google.android.gms@11519070:8)
10-13 09:26:03.411: E/IntentOperationSvc(4726): 	at bvu.run(:com.google.android.gms@11519070:69)
10-13 09:26:03.411: E/IntentOperationSvc(4726): 	at java.util.concurrent.ThreadPoolExecutor.runWorker(ThreadPoolExecutor.java:1112)
10-13 09:26:03.411: E/IntentOperationSvc(4726): 	at java.util.concurrent.ThreadPoolExecutor$Worker.run(ThreadPoolExecutor.java:587)
10-13 09:26:03.411: E/IntentOperationSvc(4726): 	at java.lang.Thread.run(Thread.java:841)
10-13 09:26:03.411: E/IntentOperationSvc(4726): Caused by: java.lang.NullPointerException
10-13 09:26:03.411: E/IntentOperationSvc(4726): 	at android.content.ContextWrapper.getSharedPreferences(ContextWrapper.java:173)
10-13 09:26:03.411: E/IntentOperationSvc(4726): 	at wae.a(:com.google.android.gms@11519070:6)
10-13 09:26:03.411: E/IntentOperationSvc(4726): 	at com.google.android.gms.people.service.SettingsChangedBroadcastIntentOperation.<init>(:com.google.android.gms@11519070:2)
10-13 09:26:03.411: E/IntentOperationSvc(4726): 	... 7 more
10-13 09:26:03.421: I/ProcessCheckinRequest(4726): REQUEST: b: "12345678902468"
10-13 09:26:03.421: I/ProcessCheckinRequest(4726): g: 3661257140027891324
10-13 09:26:03.421: I/ProcessCheckinRequest(4726): h: -4874556802792982532
10-13 09:26:03.421: I/ProcessCheckinRequest(4726): i: "1-24f435fe6722a216f8477f108677c65c0f5f0f85"
10-13 09:26:03.421: I/ProcessCheckinRequest(4726): j: "es"
10-13 09:26:03.421: I/ProcessCheckinRequest(4726): k <
10-13 09:26:03.421: I/ProcessCheckinRequest(4726):   a <
10-13 09:26:03.421: I/ProcessCheckinRequest(4726):     a: "generic/gce_x86_phone/gce_x86:4.4.4/KTU84P.KXG52/3751183:userdebug/test-keys"
10-13 09:26:03.421: I/ProcessCheckinRequest(4726):     b: "AVD_R1.0.0"
10-13 09:26:03.421: I/ProcessCheckinRequest(4726):     c: "unknown"
10-13 09:26:03.421: I/ProcessCheckinRequest(4726):     d: "gce_x86"
10-13 09:26:03.421: I/ProcessCheckinRequest(4726):     e: "generic"
10-13 09:26:03.421: I/ProcessCheckinRequest(4726):     f: "unknown"
10-13 09:26:03.421: I/ProcessCheckinRequest(4726):     g: 1487676095
10-13 09:26:03.421: I/ProcessCheckinRequest(4726):     h: 11519070
10-13 09:26:03.421: I/ProcessCheckinRequest(4726):     i: 19
10-13 09:26:03.421: I/ProcessCheckinRequest(4726):     j: "gce_x86"
10-13 09:26:03.421: I/ProcessCheckinRequest(4726):     k: "GCE x86 phone"
10-13 09:26:03.421: I/ProcessCheckinRequest(4726):     l: "unknown"
10-13 09:26:03.421: I/ProcessCheckinRequest(4726):     m: "gce_x86_phone"
10-13 09:26:03.421: I/ProcessCheckinRequest(4726):     n: false
10-13 09:26:03.421: I/ProcessCheckinRequest(4726):     o <
10-13 09:26:03.421: I/ProcessCheckinRequest(4726):       a: 2
10-13 09:26:03.421: I/ProcessCheckinRequest(4726):       b: "tablet-unknown"
10-13 09:26:03.421: I/ProcessCheckinRequest(4726):     >
10-13 09:26:03.421: I/ProcessCheckinRequest(4726):     o <
10-13 09:26:03.421: I/ProcessCheckinRequest(4726):       a: 4
10-13 09:26:03.421: I/ProcessCheckinRequest(4726):       b: "gmm-unknown"
10-13 09:26:03.421: I/ProcessCheckinRequest(4726):     >
10-13 09:26:03.421: I/ProcessCheckinRequest(4726):     o <
10-13 09:26:03.421: I/ProcessCheckinRequest(4726):       a: 6
10-13 09:26:03.421: I/ProcessCheckinRequest(4726):       b: "am-unknown"
10-13 09:26:03.421: I/ProcessCheckinRequest(4726):     >
10-13 09:26:03.421: I/ProcessCheckinRequest(4726):     o <
10-13 09:26:03.421: I/ProcessCheckinRequest(4726):       a: 1
10-13 09:26:03.421: I/ProcessCheckinRequest(4726):       b: "unknown"
10-13 09:26:03.421: I/ProcessCheckinRequest(4726):     >
10-13 09:26:03.421: I/ProcessCheckinRequest(4726):     o <
10-13 09:26:03.421: I/ProcessCheckinRequest(4726):       a: 9
10-13 09:26:03.421: I/ProcessCheckinRequest(4726):       b: "tablet-unknown"
10-13 09:26:03.421: I/ProcessCheckinRequest(4726):     >
10-13 09:26:03.421: I/ProcessCheckinRequest(4726):     o <
10-13 09:26:03.421: I/ProcessCheckinRequest(4726):       a: 5
10-13 09:26:03.421: I/ProcessCheckinRequest(4726):       b: "mvapp-unknown"
10-13 09:26:03.421: I/ProcessCheckinRequest(4726):     >
10-13 09:26:03.421: I/ProcessCheckinRequest(4726):   >
10-13 09:26:03.421: I/ProcessCheckinRequest(4726):   b: 1507846281160
10-13 09:26:03.421: I/ProcessCheckinRequest(4726):   e: "310260"
10-13 09:26:03.421: I/ProcessCheckinRequest(4726):   f: "310260"
10-13 09:26:03.421: I/ProcessCheckinRequest(4726):   g: "mobile:UMTS:"
10-13 09:26:03.421: I/ProcessCheckinRequest(4726):   i: 0
10-13 09:26:03.421: I/ProcessCheckinRequest(4726):   j: 1
10-13 09:26:03.421: I/ProcessCheckinRequest(4726):   k <
10-13 09:26:03.421: I/ProcessCheckinRequest(4726):     a: 4
10-13 09:26:03.421: I/ProcessCheckinRequest(4726):     b: 1
10-13 09:26:03.421: I/ProcessCheckinRequest(4726):     c: "unspecified"
10-13 09:26:03.421: I/ProcessCheckinRequest(4726):     d: ""
10-13 09:26:03.421: I/ProcessCheckinRequest(4726):     e: false
10-13 09:26:03.421: I/ProcessCheckinRequest(4726):   >
10-13 09:26:03.421: I/ProcessCheckinRequest(4726):   l <
10-13 09:26:03.421: I/ProcessCheckinRequest(4726):     a: "310260"
10-13 09:26:03.421: I/ProcessCheckinRequest(4726):     b: "Android"
10-13 09:26:03.421: I/ProcessCheckinRequest(4726):     c: "0"
10-13 09:26:03.421: I/ProcessCheckinRequest(4726):     d: 0
10-13 09:26:03.421: I/ProcessCheckinRequest(4726):     d: 1
10-13 09:26:03.421: I/ProcessCheckinRequest(4726):     d: 2
10-13 09:26:03.421: I/ProcessCheckinRequest(4726):     e: "310260123400000"
10-13 09:26:03.421: I/ProcessCheckinRequest(4726):     g: "\244\240"
10-13 09:26:03.421: I/ProcessCheckinRequest(4726):   >
10-13 09:26:03.421: I/ProcessCheckinRequest(4726): >
10-13 09:26:03.421: I/ProcessCheckinRequest(4726): l: "[4A2NI7OQOTX46RNLLDCZ5QQEKA-00@cloudtestlabaccounts.com]"
10-13 09:26:03.421: I/ProcessCheckinRequest(4726): m: "America/New_York"
10-13 09:26:03.421: I/ProcessCheckinRequest(4726): n: 7099841250262253686
10-13 09:26:03.421: I/ProcessCheckinRequest(4726): o: 3
10-13 09:26:03.421: I/ProcessCheckinRequest(4726): p: "71Q6Rn2DDZl1zPDVaaeEHItd+Yg="
10-13 09:26:03.421: I/ProcessCheckinRequest(4726): q <
10-13 09:26:03.421: I/ProcessCheckinRequest(4726):   a: 3
10-13 09:26:03.421: I/ProcessCheckinRequest(4726):   b: 2
10-13 09:26:03.421: I/ProcessCheckinRequest(4726):   c: 1
10-13 09:26:03.421: I/ProcessCheckinRequest(4726):   d: 3
10-13 09:26:03.421: I/ProcessCheckinRequest(4726):   e: true
10-13 09:26:03.421: I/ProcessCheckinRequest(4726):   f: false
10-13 09:26:03.421: I/ProcessCheckinRequest(4726):   g: 213
10-13 09:26:03.421: I/ProcessCheckinRequest(4726):   h: 800
10-13 09:26:03.421: I/ProcessCheckinRequest(4726):   i: 1216
10-13 09:26:03.421: I/ProcessCheckinRequest(4726):   j: 131072
10-13 09:26:03.421: I/ProcessCheckinRequest(4726):   k: "android.test.runner"
10-13 09:26:03.421: I/ProcessCheckinRequest(4726):   k: "com.android.future.usb.accessory"
10-13 09:26:03.421: I/ProcessCheckinRequest(4726):   k: "com.android.location.provider"
10-13 09:26:03.421: I/ProcessCheckinRequest(4726):   k: "com.android.media.remotedisplay"
10-13 09:26:03.421: I/ProcessCheckinRequest(4726):   k: "com.google.android.camera2"
10-13 09:26:03.421: I/ProcessCheckinRequest(4726):   k: "com.google.android.gms"
10-13 09:26:03.421: I/ProcessCheckinRequest(4726):   k: "com.google.android.maps"
10-13 09:26:03.421: I/ProcessCheckinRequest(4726):   k: "com.google.android.media.effects"
10-13 09:26:03.421: I/ProcessCheckinRequest(4726):   k: "javax.obex"
10-13 09:26:03.421: I/ProcessCheckinRequest(4726):   l: "android.hardware.bluetooth"
10-13 09:26:03.421: I/ProcessCheckinRequest(4726):   l: "android.hardware.bluetooth_le"
10-13 09:26:03.421: I/ProcessCheckinRequest(4726):   l: "android.hardware.camera"
10-13 09:26:03.421: I/ProcessCheckinRequest(4726):   l: "android.hardware.camera.any"
10-13 09:26:03.421: I/ProcessCheckinRequest(4726):   l: "android.hardware.camera.autofocus"
10-13 09:26:03.421: I/ProcessCheckinRequest(4726):   l: "android.hardware.camera.flash"
10-13 09:26:03.421: I/ProcessCheckinRequest(4726):   l: "android.hardware.camera.front"
10-13 09:26:03.421: I/ProcessCheckinRequest(4726):   l: "android.hardware.faketouch"
10-13 09:26:03.421: I/ProcessCheckinRequest(4726):   l: "android.hardware.location"
10-13 09:26:03.421: I/ProcessCheckinRequest(4726):   l: "android.hardware.location.gps"
10-13 09:26:03.421: I/ProcessCheckinRequest(4726):   l: "android.hardware.location.network"
10-13 09:26:03.421: I/ProcessCheckinRequest(4726):   l: "android.hardware.microphone"
10-13 09:26:03.421: I/ProcessCheckinRequest(4726):   l: "android.hardware.screen.landscape"
10-13 09:26:03.421: I/ProcessCheckinRequest(4726):   l: "android.hardware.screen.portrait"
10-13 09:26:03.421: I/ProcessCheckinRequest(4726):   l: "android.hardware.sensor.accelerometer"
10-13 09:26:03.421: I/ProcessCheckinRequest(4726):   l: "android.hardware.sensor.barometer"
10-13 09:26:03.421: I/ProcessCheckinRequest(4726):   l: "android.hardware.sensor.compass"
10-13 09:26:03.421: I/ProcessCheckinRequest(4726):   l: "android.hardware.sensor.light"
10-13 09:26:03.421: I/ProcessCheckinRequest(4726):   l: "android.hardware.sensor.proximity"
10-13 09:26:03.421: I/ProcessCheckinRequest(4726):   l: "android.hardware.telephony"
10-13 09:26:03.421: I/ProcessCheckinRequest(4726):   l: "android.hardware.telephony.gsm"
10-13 09:26:03.421: I/ProcessCheckinRequest(4726):   l: "android.hardware.touchscreen"
10-13 09:26:03.421: I/ProcessCheckinRequest(4726):   l: "android.hardware.usb.accessory"
10-13 09:26:03.421: I/ProcessCheckinRequest(4726):   l: "android.hardware.wifi"
10-13 09:26:03.421: I/ProcessCheckinRequest(4726):   l: "android.software.app_widgets"
10-13 09:26:03.421: I/ProcessCheckinRequest(4726):   l: "android.software.device_admin"
10-13 09:26:03.421: I/ProcessCheckinRequest(4726):   l: "android.software.home_screen"
10-13 09:26:03.421: I/ProcessCheckinRequest(4726):   l: "android.software.input_methods"
10-13 09:26:03.421: I/ProcessCheckinRequest(4726):   l: "android.software.live_wallpaper"
10-13 09:26:03.421: I/ProcessCheckinRequest(4726):   l: "com.google.android.feature.EXCHANGE_6_2"
10-13 09:26:03.421: I/ProcessCheckinRequest(4726):   l: "com.google.android.feature.GOOGLE_BUILD"
10-13 09:26:03.421: I/ProcessCheckinRequest(4726):   l: "com.google.android.feature.GOOGLE_EXPERIENCE"
10-13 09:26:03.421: I/ProcessCheckinRequest(4726):   m <
10-13 09:26:03.421: I/ProcessCheckinRequest(4726):     a: "android.hardware.bluetooth"
10-13 09:26:03.421: I/ProcessCheckinRequest(4726):     b: 0
10-13 09:26:03.421: I/ProcessCheckinRequest(4726):   >
10-13 09:26:03.421: I/ProcessCheckinRequest(4726):   m <
10-13 09:26:03.421: I/ProcessCheckinRequest(4726):     a: "android.hardware.bluetooth_le"
10-13 09:26:03.421: I/ProcessCheckinRequest(4726):     b: 0
10-13 09:26:03.421: I/ProcessCheckinRequest(4726):   >
10-13 09:26:03.421: I/ProcessCheckinRequest(4726):   m <
10-13 09:26:03.421: I/ProcessCheckinRequest(4726):     a: "android.hardware.camera"
10-13 09:26:03.421: I/ProcessCheckinRequest(4726):     b: 0
10-13 09:26:03.421: I/ProcessCheckinRequest(4726):   >
10-13 09:26:03.421: I/ProcessCheckinRequest(4726):   m <
10-13 09:26:03.421: I/ProcessCheckinRequest(4726):     a: "android.hardware.camera.any"
10-13 09:26:03.421: I/ProcessCheckinRequest(4726):     b: 0
10-13 09:26:03.421: I/ProcessCheckinRequest(4726):   >
10-13 09:26:03.421: I/ProcessCheckinRequest(4726):   m <
10-13 09:26:03.421: I/ProcessCheckinRequest(4726):     a: "android.hardware.camera.autofocus"
10-13 09:26:03.421: I/ProcessCheckinRequest(4726):     b: 0
10-13 09:26:03.421: I/ProcessCheckinRequest(4726):   >
10-13 09:26:03.421: I/ProcessCheckinRequest(4726):   m <
10-13 09:26:03.421: I/ProcessCheckinRequest(4726):     a: "android.hardware.camera.flash"
10-13 09:26:03.421: I/ProcessCheckinRequest(4726):     b: 0
10-13 09:26:03.421: I/ProcessCheckinRequest(4726):   >
10-13 09:26:03.421: I/ProcessCheckinRequest(4726):   m <
10-13 09:26:03.421: I/ProcessCheckinRequest(4726):     a: "android.hardware.camera.front"
10-13 09:26:03.421: I/ProcessCheckinRequest(4726):     b: 0
10-13 09:26:03.421: I/ProcessCheckinRequest(4726):   >
10-13 09:26:03.421: I/ProcessCheckinRequest(4726):   m <
10-13 09:26:03.421: I/ProcessCheckinRequest(4726):     a: "android.hardware.faketouch"
10-13 09:26:03.421: I/ProcessCheckinRequest(4726):     b: 0
10-13 09:26:03.421: I/ProcessCheckinRequest(4726):   >
10-13 09:26:03.421: I/ProcessCheckinRequest(4726):   m <
10-13 09:26:03.421: I/ProcessCheckinRequest(4726):     a: "android.hardware.location"
10-13 09:26:03.421: I/ProcessCheckinRequest(4726):     b: 0
10-13 09:26:03.421: I/ProcessCheckinRequest(4726):   >
10-13 09:26:03.421: I/ProcessCheckinRequest(4726):   m <
10-13 09:26:03.421: I/ProcessCheckinRequest(4726):     a: "android.hardware.location.gps"
10-13 09:26:03.421: I/ProcessCheckinRequest(4726):     b: 0
10-13 09:26:03.421: I/ProcessCheckinRequest(4726):   >
10-13 09:26:03.421: I/ProcessCheckinRequest(4726):   m <
10-13 09:26:03.421: I/ProcessCheckinRequest(4726):     a: "android.hardware.location.network"
10-13 09:26:03.421: I/ProcessCheckinRequest(4726):     b: 0
10-13 09:26:03.421: I/ProcessCheckinRequest(4726):   >
10-13 09:26:03.421: I/ProcessCheckinRequest(4726):   m <
10-13 09:26:03.421: I/ProcessCheckinRequest(4726):     a: "android.hardware.microphone"
10-13 09:26:03.421: I/ProcessCheckinRequest(4726):     b: 0
10-13 09:26:03.421: I/ProcessCheckinRequest(4726):   >
10-13 09:26:03.421: I/ProcessCheckinRequest(4726):   m <
10-13 09:26:03.421: I/ProcessCheckinRequest(4726):     a: "android.hardware.screen.landscape"
10-13 09:26:03.421: I/ProcessCheckinRequest(4726):     b: 0
10-13 09:26:03.421: I/ProcessCheckinRequest(4726):   >
10-13 09:26:03.421: I/ProcessCheckinRequest(4726):   m <
10-13 09:26:03.421: I/ProcessCheckinRequest(4726):     a: "android.hardware.screen.portrait"
10-13 09:26:03.421: I/ProcessCheckinRequest(4726):     b: 0
10-13 09:26:03.421: I/ProcessCheckinRequest(4726):   >
10-13 09:26:03.421: I/ProcessCheckinRequest(4726):   m <
10-13 09:26:03.421: I/ProcessCheckinRequest(4726):     a: "android.hardware.sensor.accelerometer"
10-13 09:26:03.421: I/ProcessCheckinRequest(4726):     b: 0
10-13 09:26:03.421: I/ProcessCheckinRequest(4726):   >
10-13 09:26:03.421: I/ProcessCheckinRequest(4726):   m <
10-13 09:26:03.421: I/ProcessCheckinRequest(4726):     a: "android.hardware.sensor.barometer"
10-13 09:26:03.421: I/ProcessCheckinRequest(4726):     b: 0
10-13 09:26:03.421: I/ProcessCheckinRequest(4726):   >
10-13 09:26:03.421: I/ProcessCheckinRequest(4726):   m <
10-13 09:26:03.421: I/ProcessCheckinRequest(4726):     a: "android.hardware.sensor.compass"
10-13 09:26:03.421: I/ProcessCheckinRequest(4726):     b: 0
10-13 09:26:03.421: I/ProcessCheckinRequest(4726):   >
10-13 09:26:03.421: I/ProcessCheckinRequest(4726):   m <
10-13 09:26:03.421: I/ProcessCheckinRequest(4726):     a: "android.hardware.sensor.light"
10-13 09:26:03.421: I/ProcessCheckinRequest(4726):     b: 0
10-13 09:26:03.421: I/ProcessCheckinRequest(4726):   >
10-13 09:26:03.421: I/ProcessCheckinRequest(4726):   m <
10-13 09:26:03.421: I/ProcessCheckinRequest(4726):     a: "android.hardware.sensor.proximity"
10-13 09:26:03.421: I/ProcessCheckinRequest(4726):     b: 0
10-13 09:26:03.421: I/ProcessCheckinRequest(4726):   >
10-13 09:26:03.421: I/ProcessCheckinRequest(4726):   m <
10-13 09:26:03.421: I/ProcessCheckinRequest(4726):     a: "android.hardware.telephony"
10-13 09:26:03.421: I/ProcessCheckinRequest(4726):     b: 0
10-13 09:26:03.421: I/ProcessCheckinRequest(4726):   >
10-13 09:26:03.421: I/ProcessCheckinRequest(4726):   m <
10-13 09:26:03.421: I/ProcessCheckinRequest(4726):     a: "android.hardware.telephony.gsm"
10-13 09:26:03.421: I/ProcessCheckinRequest(4726):     b: 0
10-13 09:26:03.421: I/ProcessCheckinRequest(4726):   >
10-13 09:26:03.421: I/ProcessCheckinRequest(4726):   m <
10-13 09:26:03.421: I/ProcessCheckinRequest(4726):     a: "android.hardware.touchsc
10-13 09:26:03.431: I/Auth(4743): [ReflectiveChannelBinder] Successfully bound channel!
10-13 09:26:03.441: W/NetRec(4764): [207] ConfigChangedIntentOperation.onHandleIntent: Device does not support scoring, exiting
10-13 09:26:03.441: E/IntentOperationSvc(4726): Failed to instantiate Chimera operation impl com.google.android.gms.people.service.SettingsChangedBroadcastIntentOperation, dropping operation
10-13 09:26:03.441: E/IntentOperationSvc(4726): java.lang.reflect.InvocationTargetException
10-13 09:26:03.441: E/IntentOperationSvc(4726): 	at java.lang.reflect.Constructor.constructNative(Native Method)
10-13 09:26:03.441: E/IntentOperationSvc(4726): 	at java.lang.reflect.Constructor.newInstance(Constructor.java:423)
10-13 09:26:03.441: E/IntentOperationSvc(4726): 	at bvt.a(:com.google.android.gms@11519070:8)
10-13 09:26:03.441: E/IntentOperationSvc(4726): 	at bvu.run(:com.google.android.gms@11519070:69)
10-13 09:26:03.441: E/IntentOperationSvc(4726): 	at java.util.concurrent.ThreadPoolExecutor.runWorker(ThreadPoolExecutor.java:1112)
10-13 09:26:03.441: E/IntentOperationSvc(4726): 	at java.util.concurrent.ThreadPoolExecutor$Worker.run(ThreadPoolExecutor.java:587)
10-13 09:26:03.441: E/IntentOperationSvc(4726): 	at java.lang.Thread.run(Thread.java:841)
10-13 09:26:03.441: E/IntentOperationSvc(4726): Caused by: java.lang.NullPointerException
10-13 09:26:03.441: E/IntentOperationSvc(4726): 	at android.content.ContextWrapper.getSharedPreferences(ContextWrapper.java:173)
10-13 09:26:03.441: E/IntentOperationSvc(4726): 	at wae.a(:com.google.android.gms@11519070:6)
10-13 09:26:03.441: E/IntentOperationSvc(4726): 	at com.google.android.gms.people.service.SettingsChangedBroadcastIntentOperation.<init>(:com.google.android.gms@11519070:2)
10-13 09:26:03.441: E/IntentOperationSvc(4726): 	... 7 more
10-13 09:26:03.441: W/OcrModelUpStIntentOp(4726): Invalid action: com.google.android.gms.phenotype.COMMITTED
10-13 09:26:03.441: I/PTCommittedOperation(4764): Receive new configuration for com.google.android.gms.wallet
10-13 09:26:03.461: W/NetRec(4764): [292] ConfigChangedIntentOperation.onHandleIntent: Device does not support scoring, exiting
10-13 09:26:03.461: E/IntentOperationSvc(4726): Failed to instantiate Chimera operation impl com.google.android.gms.people.service.SettingsChangedBroadcastIntentOperation, dropping operation
10-13 09:26:03.461: E/IntentOperationSvc(4726): java.lang.reflect.InvocationTargetException
10-13 09:26:03.461: E/IntentOperationSvc(4726): 	at java.lang.reflect.Constructor.constructNative(Native Method)
10-13 09:26:03.461: E/IntentOperationSvc(4726): 	at java.lang.reflect.Constructor.newInstance(Constructor.java:423)
10-13 09:26:03.461: E/IntentOperationSvc(4726): 	at bvt.a(:com.google.android.gms@11519070:8)
10-13 09:26:03.461: E/IntentOperationSvc(4726): 	at bvu.run(:com.google.android.gms@11519070:69)
10-13 09:26:03.461: E/IntentOperationSvc(4726): 	at java.util.concurrent.ThreadPoolExecutor.runWorker(ThreadPoolExecutor.java:1112)
10-13 09:26:03.461: E/IntentOperationSvc(4726): 	at java.util.concurrent.ThreadPoolExecutor$Worker.run(ThreadPoolExecutor.java:587)
10-13 09:26:03.461: E/IntentOperationSvc(4726): 	at java.lang.Thread.run(Thread.java:841)
10-13 09:26:03.461: E/IntentOperationSvc(4726): Caused by: java.lang.NullPointerException
10-13 09:26:03.461: E/IntentOperationSvc(4726): 	at android.content.ContextWrapper.getSharedPreferences(ContextWrapper.java:173)
10-13 09:26:03.461: E/IntentOperationSvc(4726): 	at wae.a(:com.google.android.gms@11519070:6)
10-13 09:26:03.461: E/IntentOperationSvc(4726): 	at com.google.android.gms.people.service.SettingsChangedBroadcastIntentOperation.<init>(:com.google.android.gms@11519070:2)
10-13 09:26:03.461: E/IntentOperationSvc(4726): 	... 7 more
10-13 09:26:03.461: W/OcrModelUpStIntentOp(4726): Invalid action: com.google.android.gms.phenotype.COMMITTED
10-13 09:26:03.461: I/PTCommittedOperation(4764): Receive new configuration for com.google.android.gms.smart_profile
10-13 09:26:03.501: D/dalvikvm(1705): GC_FOR_ALLOC freed 817K, 9% free 10391K/11296K, paused 15ms, total 15ms
10-13 09:26:03.501: W/NetRec(4764): [292] ConfigChangedIntentOperation.onHandleIntent: Device does not support scoring, exiting
10-13 09:26:03.511: I/PTCommittedOperation(4764): Receive new configuration for com.google.android.gms.beacon
10-13 09:26:03.511: E/IntentOperationSvc(4726): Failed to instantiate Chimera operation impl com.google.android.gms.people.service.SettingsChangedBroadcastIntentOperation, dropping operation
10-13 09:26:03.511: E/IntentOperationSvc(4726): java.lang.reflect.InvocationTargetException
10-13 09:26:03.511: E/IntentOperationSvc(4726): 	at java.lang.reflect.Constructor.constructNative(Native Method)
10-13 09:26:03.511: E/IntentOperationSvc(4726): 	at java.lang.reflect.Constructor.newInstance(Constructor.java:423)
10-13 09:26:03.511: E/IntentOperationSvc(4726): 	at bvt.a(:com.google.android.gms@11519070:8)
10-13 09:26:03.511: E/IntentOperationSvc(4726): 	at bvu.run(:com.google.android.gms@11519070:69)
10-13 09:26:03.511: E/IntentOperationSvc(4726): 	at java.util.concurrent.ThreadPoolExecutor.runWorker(ThreadPoolExecutor.java:1112)
10-13 09:26:03.511: E/IntentOperationSvc(4726): 	at java.util.concurrent.ThreadPoolExecutor$Worker.run(ThreadPoolExecutor.java:587)
10-13 09:26:03.511: E/IntentOperationSvc(4726): 	at java.lang.Thread.run(Thread.java:841)
10-13 09:26:03.511: E/IntentOperationSvc(4726): Caused by: java.lang.NullPointerException
10-13 09:26:03.511: E/IntentOperationSvc(4726): 	at android.content.ContextWrapper.getSharedPreferences(ContextWrapper.java:173)
10-13 09:26:03.511: E/IntentOperationSvc(4726): 	at wae.a(:com.google.android.gms@11519070:6)
10-13 09:26:03.511: E/IntentOperationSvc(4726): 	at com.google.android.gms.people.service.SettingsChangedBroadcastIntentOperation.<init>(:com.google.android.gms@11519070:2)
10-13 09:26:03.511: E/IntentOperationSvc(4726): 	... 7 more
10-13 09:26:03.511: W/OcrModelUpStIntentOp(4726): Invalid action: com.google.android.gms.phenotype.COMMITTED
10-13 09:26:03.521: W/NetRec(4764): [292] ConfigChangedIntentOperation.onHandleIntent: Device does not support scoring, exiting
10-13 09:26:03.521: E/IntentOperationSvc(4726): Failed to instantiate Chimera operation impl com.google.android.gms.people.service.SettingsChangedBroadcastIntentOperation, dropping operation
10-13 09:26:03.521: E/IntentOperationSvc(4726): java.lang.reflect.InvocationTargetException
10-13 09:26:03.521: E/IntentOperationSvc(4726): 	at java.lang.reflect.Constructor.constructNative(Native Method)
10-13 09:26:03.521: E/IntentOperationSvc(4726): 	at java.lang.reflect.Constructor.newInstance(Constructor.java:423)
10-13 09:26:03.521: E/IntentOperationSvc(4726): 	at bvt.a(:com.google.android.gms@11519070:8)
10-13 09:26:03.521: E/IntentOperationSvc(4726): 	at bvu.run(:com.google.android.gms@11519070:69)
10-13 09:26:03.521: E/IntentOperationSvc(4726): 	at java.util.concurrent.ThreadPoolExecutor.runWorker(ThreadPoolExecutor.java:1112)
10-13 09:26:03.521: E/IntentOperationSvc(4726): 	at java.util.concurrent.ThreadPoolExecutor$Worker.run(ThreadPoolExecutor.java:587)
10-13 09:26:03.521: E/IntentOperationSvc(4726): 	at java.lang.Thread.run(Thread.java:841)
10-13 09:26:03.521: E/IntentOperationSvc(4726): Caused by: java.lang.NullPointerException
10-13 09:26:03.521: E/IntentOperationSvc(4726): 	at android.content.ContextWrapper.getSharedPreferences(ContextWrapper.java:173)
10-13 09:26:03.521: E/IntentOperationSvc(4726): 	at wae.a(:com.google.android.gms@11519070:6)
10-13 09:26:03.521: E/IntentOperationSvc(4726): 	at com.google.android.gms.people.service.SettingsChangedBroadcastIntentOperation.<init>(:com.google.android.gms@11519070:2)
10-13 09:26:03.521: E/IntentOperationSvc(4726): 	... 7 more
10-13 09:26:03.521: W/OcrModelUpStIntentOp(4726): Invalid action: com.google.android.gms.phenotype.COMMITTED
10-13 09:26:03.521: I/PTCommittedOperation(4764): Receive new configuration for com.google.android.gms.contextmanager
10-13 09:26:03.551: D/dalvikvm(4764): GC_CONCURRENT freed 1050K, 18% free 6496K/7884K, paused 2ms+1ms, total 12ms
10-13 09:26:03.551: W/NetRec(4764): [292] ConfigChangedIntentOperation.onHandleIntent: Device does not support scoring, exiting
10-13 09:26:03.561: E/IntentOperationSvc(4726): Failed to instantiate Chimera operation impl com.google.android.gms.people.service.SettingsChangedBroadcastIntentOperation, dropping operation
10-13 09:26:03.561: E/IntentOperationSvc(4726): java.lang.reflect.InvocationTargetException
10-13 09:26:03.561: E/IntentOperationSvc(4726): 	at java.lang.reflect.Constructor.constructNative(Native Method)
10-13 09:26:03.561: E/IntentOperationSvc(4726): 	at java.lang.reflect.Constructor.newInstance(Constructor.java:423)
10-13 09:26:03.561: E/IntentOperationSvc(4726): 	at bvt.a(:com.google.android.gms@11519070:8)
10-13 09:26:03.561: E/IntentOperationSvc(4726): 	at bvu.run(:com.google.android.gms@11519070:69)
10-13 09:26:03.561: E/IntentOperationSvc(4726): 	at java.util.concurrent.ThreadPoolExecutor.runWorker(ThreadPoolExecutor.java:1112)
10-13 09:26:03.561: E/IntentOperationSvc(4726): 	at java.util.concurrent.ThreadPoolExecutor$Worker.run(ThreadPoolExecutor.java:587)
10-13 09:26:03.561: E/IntentOperationSvc(4726): 	at java.lang.Thread.run(Thread.java:841)
10-13 09:26:03.561: E/IntentOperationSvc(4726): Caused by: java.lang.NullPointerException
10-13 09:26:03.561: E/IntentOperationSvc(4726): 	at android.content.ContextWrapper.getSharedPreferences(ContextWrapper.java:173)
10-13 09:26:03.561: E/IntentOperationSvc(4726): 	at wae.a(:com.google.android.gms@11519070:6)
10-13 09:26:03.561: E/IntentOperationSvc(4726): 	at com.google.android.gms.people.service.SettingsChangedBroadcastIntentOperation.<init>(:com.google.android.gms@11519070:2)
10-13 09:26:03.561: E/IntentOperationSvc(4726): 	... 7 more
10-13 09:26:03.561: W/OcrModelUpStIntentOp(4726): Invalid action: com.google.android.gms.phenotype.COMMITTED
10-13 09:26:03.561: I/PTCommittedOperation(4764): Receive new configuration for com.google.android.gms.gcm
10-13 09:26:03.591: I/GCoreUlr(4764): WorldUpdater:com.google.gservices.intent.action.GSERVICES_CHANGED: Ensuring that reporting is stopped because of reasons: {account#19#=[InactiveReason{mIdentifier=10, mName='AuthError'}, InactiveReason{mIdentifier=6, mName='ReportingNotEnabled'}, InactiveReason{mIdentifier=14, mName='HistoryNotEnabled'}]}
10-13 09:26:03.601: I/GCoreUlr(4764): Unbound from all location providers
10-13 09:26:03.601: I/GCoreUlr(4764): Place inference reporting - stop
10-13 09:26:03.601: W/NetRec(4764): [292] ConfigChangedIntentOperation.onHandleIntent: Device does not support scoring, exiting
10-13 09:26:03.601: E/IntentOperationSvc(4726): Failed to instantiate Chimera operation impl com.google.android.gms.people.service.SettingsChangedBroadcastIntentOperation, dropping operation
10-13 09:26:03.601: E/IntentOperationSvc(4726): java.lang.reflect.InvocationTargetException
10-13 09:26:03.601: E/IntentOperationSvc(4726): 	at java.lang.reflect.Constructor.constructNative(Native Method)
10-13 09:26:03.601: E/IntentOperationSvc(4726): 	at java.lang.reflect.Constructor.newInstance(Constructor.java:423)
10-13 09:26:03.601: E/IntentOperationSvc(4726): 	at bvt.a(:com.google.android.gms@11519070:8)
10-13 09:26:03.601: E/IntentOperationSvc(4726): 	at bvu.run(:com.google.android.gms@11519070:69)
10-13 09:26:03.601: E/IntentOperationSvc(4726): 	at java.util.concurrent.ThreadPoolExecutor.runWorker(ThreadPoolExecutor.java:1112)
10-13 09:26:03.601: E/IntentOperationSvc(4726): 	at java.util.concurrent.ThreadPoolExecutor$Worker.run(ThreadPoolExecutor.java:587)
10-13 09:26:03.601: E/IntentOperationSvc(4726): 	at java.lang.Thread.run(Thread.java:841)
10-13 09:26:03.601: E/IntentOperationSvc(4726): Caused by: java.lang.NullPointerException
10-13 09:26:03.601: E/IntentOperationSvc(4726): 	at android.content.ContextWrapper.getSharedPreferences(ContextWrapper.java:173)
10-13 09:26:03.601: E/IntentOperationSvc(4726): 	at wae.a(:com.google.android.gms@11519070:6)
10-13 09:26:03.601: E/IntentOperationSvc(4726): 	at com.google.android.gms.people.service.SettingsChangedBroadcastIntentOperation.<init>(:com.google.android.gms@11519070:2)
10-13 09:26:03.601: E/IntentOperationSvc(4726): 	... 7 more
10-13 09:26:03.601: W/OcrModelUpStIntentOp(4726): Invalid action: com.google.android.gms.phenotype.COMMITTED
10-13 09:26:03.601: I/PTCommittedOperation(4764): Receive new configuration for com.google.android.gms
10-13 09:26:03.611: I/GCoreUlr(4764): Unregistering for aliased place alerts.
10-13 09:26:03.611: I/qtaguid(5027): Failed write_ctrl(u 51) res=-1 errno=22
10-13 09:26:03.611: I/qtaguid(5027): Untagging socket 51 failed errno=-22
10-13 09:26:03.611: W/NetworkManagementSocketTagger(5027): untagSocket(51) failed with errno -22
10-13 09:26:03.611: D/Finsky(5027): [1] MultiWayUpdateController.captureVariesByAccount: Change varies-by-account for com.google.android.gms to true
10-13 09:26:03.611: D/Finsky(5027): [1] MultiWayUpdateController.captureAutoAcquireTags: Change auto-acquire tags for com.google.android.gms from  to d_AAAAAAADF8w=
10-13 09:26:03.621: D/Finsky(5027): [1] DailyHygiene.flushEventLogs: Flushing event logs for [kQDN-dxCel_N0rHZYP1Y1D5t2ac]
10-13 09:26:03.631: I/CheckinResponseProcess(4726): From server: 1 gservices updates and 1 deletes
10-13 09:26:03.631: D/Finsky(5027): [1] DailyHygiene.reschedule: Scheduling first run in 23.2 hours
10-13 09:26:03.631: I/Remoter(1339): Saved screenshot to '/data/screenshots/__pmv__-0082.jpg'
10-13 09:26:03.641: I/GCoreUlr(4764): DispatchingService.onDestroy()
10-13 09:26:03.641: I/GCoreUlr(4764): Stopping handler for UlrDispSvcFast
10-13 09:26:03.641: I/GCoreUlr(4764): Unbound from all location providers
10-13 09:26:03.641: I/GCoreUlr(4764): Place inference reporting - stop
10-13 09:26:03.641: I/GCoreUlr(4764): Unregistering for aliased place alerts.
10-13 09:26:03.651: I/Places(4764): ?: Couldn't find platform key file.
10-13 09:26:03.661: W/NetRec(4764): [208] ConfigChangedIntentOperation.onHandleIntent: Device does not support scoring, exiting
10-13 09:26:03.701: D/dalvikvm(4764): GC_CONCURRENT freed 1193K, 18% free 6540K/7884K, paused 2ms+2ms, total 30ms
10-13 09:26:03.701: D/dalvikvm(4764): WAIT_FOR_CONCURRENT_GC blocked 11ms
10-13 09:26:03.701: D/dalvikvm(4764): WAIT_FOR_CONCURRENT_GC blocked 12ms
10-13 09:26:03.721: E/IntentOperationSvc(4726): Failed to instantiate Chimera operation impl com.google.android.gms.people.service.SettingsChangedBroadcastIntentOperation, dropping operation
10-13 09:26:03.721: E/IntentOperationSvc(4726): java.lang.reflect.InvocationTargetException
10-13 09:26:03.721: E/IntentOperationSvc(4726): 	at java.lang.reflect.Constructor.constructNative(Native Method)
10-13 09:26:03.721: E/IntentOperationSvc(4726): 	at java.lang.reflect.Constructor.newInstance(Constructor.java:423)
10-13 09:26:03.721: E/IntentOperationSvc(4726): 	at bvt.a(:com.google.android.gms@11519070:8)
10-13 09:26:03.721: E/IntentOperationSvc(4726): 	at bvu.run(:com.google.android.gms@11519070:69)
10-13 09:26:03.721: E/IntentOperationSvc(4726): 	at java.util.concurrent.ThreadPoolExecutor.runWorker(ThreadPoolExecutor.java:1112)
10-13 09:26:03.721: E/IntentOperationSvc(4726): 	at java.util.concurrent.ThreadPoolExecutor$Worker.run(ThreadPoolExecutor.java:587)
10-13 09:26:03.721: E/IntentOperationSvc(4726): 	at java.lang.Thread.run(Thread.java:841)
10-13 09:26:03.721: E/IntentOperationSvc(4726): Caused by: java.lang.NullPointerException
10-13 09:26:03.721: E/IntentOperationSvc(4726): 	at android.content.ContextWrapper.getSharedPreferences(ContextWrapper.java:173)
10-13 09:26:03.721: E/IntentOperationSvc(4726): 	at wae.a(:com.google.android.gms@11519070:6)
10-13 09:26:03.721: E/IntentOperationSvc(4726): 	at com.google.android.gms.people.service.SettingsChangedBroadcastIntentOperation.<init>(:com.google.android.gms@11519070:2)
10-13 09:26:03.721: E/IntentOperationSvc(4726): 	... 7 more
10-13 09:26:03.721: W/OcrModelUpStIntentOp(4726): Invalid action: com.google.android.gms.phenotype.COMMITTED
10-13 09:26:03.721: I/PTCommittedOperation(4764): Receive new configuration for com.google.android.gms.netrec
