10-13 09:25:40.941: I/Remoter(1339): Saved screenshot to '/data/screenshots/__pmv__-0061.jpg'
10-13 09:25:41.971: I/Remoter(1339): Saved screenshot to '/data/screenshots/__pmv__-0062.jpg'
10-13 09:25:42.211: D/AndroidRuntime(4191): >>>>>> AndroidRuntime START com.android.internal.os.RuntimeInit <<<<<<
10-13 09:25:42.211: W/linker(4191): libdvm.so has text relocations. This is wasting memory and is a security risk. Please fix.
10-13 09:25:42.211: D/AndroidRuntime(4191): CheckJNI is OFF
10-13 09:25:42.211: D/dalvikvm(4191): Trying to load lib libjavacore.so 0x0
10-13 09:25:42.211: D/dalvikvm(4191): Added shared lib libjavacore.so 0x0
10-13 09:25:42.211: D/dalvikvm(4191): Trying to load lib libnativehelper.so 0x0
10-13 09:25:42.211: D/dalvikvm(4191): Added shared lib libnativehelper.so 0x0
10-13 09:25:42.211: D/dalvikvm(4191): No JNI_OnLoad found in libnativehelper.so 0x0, skipping init
10-13 09:25:42.271: D/dalvikvm(4191): Note: class Landroid/app/ActivityManagerNative; has 179 unimplemented (abstract) methods
10-13 09:25:42.301: E/memtrack(4191): Couldn't load memtrack module (No such file or directory)
10-13 09:25:42.301: E/android.os.Debug(4191): failed to load memtrack module: -2
10-13 09:25:42.311: D/AndroidRuntime(4191): Calling main entry com.android.commands.pm.Pm
10-13 09:25:42.321: I/ActivityManager(1705): Start proc com.android.defcontainer for service com.android.defcontainer/.DefaultContainerService: pid=4201 uid=10005 gids={50005, 1028, 1015, 1023, 2001, 1035}
10-13 09:25:42.341: W/ActivityManager(1705): No content provider found for permission revoke: file:///data/local/tmp/com.google.android.apps.mtaas.tools.apk
10-13 09:25:42.341: W/ActivityManager(1705): No content provider found for permission revoke: file:///data/local/tmp/com.google.android.apps.mtaas.tools.apk
10-13 09:25:42.341: I/PackageManager(1705): Copying native libraries to /data/app-lib/vmdl-1689104751
10-13 09:25:42.381: I/PackageManager(1705): Running dexopt on: com.google.android.apps.mtaas.tools
10-13 09:25:42.381: W/linker(4215): libdvm.so has text relocations. This is wasting memory and is a security risk. Please fix.
10-13 09:25:42.421: D/dalvikvm(4215): DexOpt: 'Landroid/content/pm/IPackageStatsObserver;' has an earlier definition; blocking out
10-13 09:25:42.421: D/dalvikvm(4215): DexOpt: 'Ljunit/extensions/ActiveTestSuite$1;' has an earlier definition; blocking out
10-13 09:25:42.421: D/dalvikvm(4215): DexOpt: 'Ljunit/framework/Assert;' has an earlier definition; blocking out
10-13 09:25:42.421: D/dalvikvm(4215): DexOpt: 'Ljunit/framework/AssertionFailedError;' has an earlier definition; blocking out
10-13 09:25:42.421: D/dalvikvm(4215): DexOpt: 'Ljunit/framework/ComparisonCompactor;' has an earlier definition; blocking out
10-13 09:25:42.421: D/dalvikvm(4215): DexOpt: 'Ljunit/framework/Protectable;' has an earlier definition; blocking out
10-13 09:25:42.421: D/dalvikvm(4215): DexOpt: 'Ljunit/framework/Test;' has an earlier definition; blocking out
10-13 09:25:42.421: D/dalvikvm(4215): DexOpt: 'Ljunit/framework/TestFailure;' has an earlier definition; blocking out
10-13 09:25:42.421: D/dalvikvm(4215): DexOpt: 'Ljunit/framework/TestListener;' has an earlier definition; blocking out
10-13 09:25:42.421: D/dalvikvm(4215): DexOpt: 'Ljunit/framework/TestResult;' has an earlier definition; blocking out
10-13 09:25:42.421: D/dalvikvm(4215): DexOpt: 'Landroid/content/pm/IPackageStatsObserver$Stub$Proxy;' has an earlier definition; blocking out
10-13 09:25:42.421: D/dalvikvm(4215): DexOpt: 'Landroid/content/pm/IPackageStatsObserver$Stub;' has an earlier definition; blocking out
10-13 09:25:42.431: D/dalvikvm(4215): DexOpt: 'Ljunit/extensions/TestDecorator;' has an earlier definition; blocking out
10-13 09:25:42.431: D/dalvikvm(4215): DexOpt: 'Ljunit/extensions/TestSetup$1;' has an earlier definition; blocking out
10-13 09:25:42.431: D/dalvikvm(4215): DexOpt: 'Ljunit/framework/ComparisonFailure;' has an earlier definition; blocking out
10-13 09:25:42.431: D/dalvikvm(4215): DexOpt: 'Ljunit/framework/TestCase;' has an earlier definition; blocking out
10-13 09:25:42.431: D/dalvikvm(4215): DexOpt: 'Ljunit/framework/TestResult$1;' has an earlier definition; blocking out
10-13 09:25:42.431: D/dalvikvm(4215): DexOpt: 'Ljunit/framework/TestSuite;' has an earlier definition; blocking out
10-13 09:25:42.431: D/dalvikvm(4215): DexOpt: 'Ljunit/extensions/ActiveTestSuite;' has an earlier definition; blocking out
10-13 09:25:42.431: D/dalvikvm(4215): DexOpt: 'Ljunit/extensions/RepeatedTest;' has an earlier definition; blocking out
10-13 09:25:42.431: D/dalvikvm(4215): DexOpt: 'Ljunit/extensions/TestSetup;' has an earlier definition; blocking out
10-13 09:25:42.431: D/dalvikvm(4215): DexOpt: 'Ljunit/framework/TestSuite$1;' has an earlier definition; blocking out
10-13 09:25:42.431: D/dalvikvm(4215): DexOpt: not verifying/optimizing 'Landroid/content/pm/IPackageStatsObserver;': multiple definitions
10-13 09:25:42.441: I/dalvikvm(4215): DexOpt: not resolving ambiguous class 'Ljunit/framework/Test;'
10-13 09:25:42.441: I/dalvikvm(4215): DexOpt: not resolving ambiguous class 'Ljunit/framework/TestCase;'
10-13 09:25:42.441: I/dalvikvm(4215): DexOpt: not resolving ambiguous class 'Ljunit/framework/Assert;'
10-13 09:25:42.441: D/dalvikvm(4215): Note: class Landroid/app/ActivityManagerNative; has 179 unimplemented (abstract) methods
10-13 09:25:42.461: D/dalvikvm(4215): DexOpt: not verifying/optimizing 'Ljunit/extensions/ActiveTestSuite$1;': multiple definitions
10-13 09:25:42.461: D/dalvikvm(4215): DexOpt: not verifying/optimizing 'Ljunit/framework/Assert;': multiple definitions
10-13 09:25:42.461: D/dalvikvm(4215): DexOpt: not verifying/optimizing 'Ljunit/framework/AssertionFailedError;': multiple definitions
10-13 09:25:42.461: D/dalvikvm(4215): DexOpt: not verifying/optimizing 'Ljunit/framework/ComparisonCompactor;': multiple definitions
10-13 09:25:42.461: I/dalvikvm(4215): DexOpt: not resolving ambiguous class 'Ljunit/framework/Test;'
10-13 09:25:42.461: D/dalvikvm(4215): DexOpt: not verifying/optimizing 'Ljunit/framework/Protectable;': multiple definitions
10-13 09:25:42.461: D/dalvikvm(4215): DexOpt: not verifying/optimizing 'Ljunit/framework/Test;': multiple definitions
10-13 09:25:42.461: D/dalvikvm(4215): DexOpt: not verifying/optimizing 'Ljunit/framework/TestFailure;': multiple definitions
10-13 09:25:42.461: D/dalvikvm(4215): DexOpt: not verifying/optimizing 'Ljunit/framework/TestListener;': multiple definitions
10-13 09:25:42.461: D/dalvikvm(4215): DexOpt: not verifying/optimizing 'Ljunit/framework/TestResult;': multiple definitions
10-13 09:25:42.461: I/dalvikvm(4215): DexOpt: not resolving ambiguous class 'Ljunit/framework/TestSuite;'
10-13 09:25:42.461: D/dalvikvm(4215): DexOpt: not verifying/optimizing 'Landroid/content/pm/IPackageStatsObserver$Stub$Proxy;': multiple definitions
10-13 09:25:42.461: D/dalvikvm(4215): DexOpt: not verifying/optimizing 'Landroid/content/pm/IPackageStatsObserver$Stub;': multiple definitions
10-13 09:25:42.461: I/dalvikvm(4215): DexOpt: not resolving ambiguous class 'Ljunit/framework/TestSuite;'
10-13 09:25:42.461: I/dalvikvm(4215): DexOpt: not resolving ambiguous class 'Ljunit/framework/TestResult;'
10-13 09:25:42.461: I/dalvikvm(4215): DexOpt: not resolving ambiguous class 'Ljunit/framework/TestCase;'
10-13 09:25:42.461: I/dalvikvm(4215): DexOpt: not resolving ambiguous class 'Ljunit/framework/Test;'
10-13 09:25:42.471: I/dalvikvm(4215): DexOpt: not resolving ambiguous class 'Landroid/content/pm/IPackageStatsObserver;'
10-13 09:25:42.481: D/dalvikvm(4215): DexOpt: not verifying/optimizing 'Ljunit/extensions/TestDecorator;': multiple definitions
10-13 09:25:42.481: D/dalvikvm(4215): DexOpt: not verifying/optimizing 'Ljunit/extensions/TestSetup$1;': multiple definitions
10-13 09:25:42.481: D/dalvikvm(4215): DexOpt: not verifying/optimizing 'Ljunit/framework/ComparisonFailure;': multiple definitions
10-13 09:25:42.481: I/dalvikvm(4215): DexOpt: not resolving ambiguous class 'Ljunit/framework/TestResult;'
10-13 09:25:42.481: D/dalvikvm(4215): DexOpt: not verifying/optimizing 'Ljunit/framework/TestCase;': multiple definitions
10-13 09:25:42.481: D/dalvikvm(4215): DexOpt: not verifying/optimizing 'Ljunit/framework/TestResult$1;': multiple definitions
10-13 09:25:42.481: D/dalvikvm(4215): DexOpt: not verifying/optimizing 'Ljunit/framework/TestSuite;': multiple definitions
10-13 09:25:42.481: I/dalvikvm(4215): DexOpt: not resolving ambiguous class 'Ljunit/framework/TestSuite;'
10-13 09:25:42.481: I/dalvikvm(4215): DexOpt: not resolving ambiguous class 'Ljunit/framework/TestFailure;'
10-13 09:25:42.481: I/dalvikvm(4215): DexOpt: not resolving ambiguous class 'Ljunit/framework/TestCase;'
10-13 09:25:42.481: I/dalvikvm(4215): DexOpt: not resolving ambiguous class 'Ljunit/framework/TestCase;'
10-13 09:25:42.481: I/dalvikvm(4215): DexOpt: not resolving ambiguous class 'Ljunit/framework/TestSuite;'
10-13 09:25:42.481: I/dalvikvm(4215): DexOpt: not resolving ambiguous class 'Ljunit/framework/Protectable;'
10-13 09:25:42.481: I/dalvikvm(4215): DexOpt: not resolving ambiguous class 'Ljunit/framework/TestSuite;'
10-13 09:25:42.481: I/dalvikvm(4215): DexOpt: not resolving ambiguous class 'Ljunit/framework/TestSuite;'
10-13 09:25:42.481: I/dalvikvm(4215): DexOpt: not resolving ambiguous class 'Ljunit/framework/TestSuite;'
10-13 09:25:42.481: I/dalvikvm(4215): DexOpt: not resolving ambiguous class 'Landroid/content/pm/IPackageStatsObserver$Stub;'
10-13 09:25:42.491: D/dalvikvm(4215): DexOpt: not verifying/optimizing 'Ljunit/extensions/ActiveTestSuite;': multiple definitions
10-13 09:25:42.491: D/dalvikvm(4215): DexOpt: not verifying/optimizing 'Ljunit/extensions/RepeatedTest;': multiple definitions
10-13 09:25:42.491: D/dalvikvm(4215): DexOpt: not verifying/optimizing 'Ljunit/extensions/TestSetup;': multiple definitions
10-13 09:25:42.491: D/dalvikvm(4215): DexOpt: not verifying/optimizing 'Ljunit/framework/TestSuite$1;': multiple definitions
10-13 09:25:42.491: I/dalvikvm(4215): DexOpt: not resolving ambiguous class 'Ljunit/framework/TestResult;'
10-13 09:25:42.491: I/dalvikvm(4215): DexOpt: not resolving ambiguous class 'Ljunit/framework/TestSuite;'
10-13 09:25:42.491: I/dalvikvm(4215): DexOpt: not resolving ambiguous class 'Ljunit/framework/TestSuite;'
10-13 09:25:42.491: I/dalvikvm(4215): DexOpt: not resolving ambiguous class 'Ljunit/framework/Test;'
10-13 09:25:42.501: I/dalvikvm(4215): DexOpt: not resolving ambiguous class 'Ljunit/framework/TestSuite;'
10-13 09:25:42.501: D/dalvikvm(4215): DexOpt: load 14ms, verify+opt 67ms, 1679476 bytes
10-13 09:25:42.511: I/ActivityManager(1705): Force stopping com.google.android.apps.mtaas.tools appid=10066 user=-1: update pkg
10-13 09:25:42.521: W/PackageManager(1705): Not granting permission android.permission.SET_ANIMATION_SCALE to package com.google.android.apps.mtaas.tools (protectionLevel=50 flags=0x8be44)
10-13 09:25:42.521: W/PackageManager(1705): Not granting permission android.permission.CHANGE_CONFIGURATION to package com.google.android.apps.mtaas.tools (protectionLevel=50 flags=0x8be44)
10-13 09:25:42.541: D/dalvikvm(1705): GC_FOR_ALLOC freed 1069K, 16% free 7794K/9240K, paused 11ms, total 12ms
10-13 09:25:42.561: I/InputReader(1705): Reconfiguring input devices.  changes=0x00000010
10-13 09:25:42.561: I/PackageManager(1705):   Action: "android.intent.action.SENDTO"
10-13 09:25:42.561: I/PackageManager(1705):   Category: "android.intent.category.DEFAULT"
10-13 09:25:42.561: I/PackageManager(1705):   Scheme: "sms"
10-13 09:25:42.561: D/Launcher.Model(1877): shortcutWasRestored is false for com.google.android.apps.mtaas.tools/com.google.android.apps.mtaas.tools.activities.MainActivity
10-13 09:25:42.561: D/Launcher.Workspace(1877): 11683562 - removeExtraEmptyScreen()
10-13 09:25:42.561: D/Launcher.Workspace(1877): 11683562 - convertFinalScreenToEmptyScreenIfNecessary()
10-13 09:25:42.561: D/dalvikvm(1877): GC_CONCURRENT freed 564K, 12% free 5026K/5700K, paused 1ms+0ms, total 4ms
10-13 09:25:42.561: I/PackageManager(1705): Adding preferred activity ComponentInfo{com.android.mms/com.android.mms.ui.ComposeMessageActivity} for user 0 :
10-13 09:25:42.571: D/BackupManagerService(1705): Received broadcast Intent { act=android.intent.action.PACKAGE_ADDED dat=package:com.google.android.apps.mtaas.tools flg=0x4000010 (has extras) }
10-13 09:25:42.571: I/PackageManager(1705):   Action: "android.intent.action.SENDTO"
10-13 09:25:42.571: I/PackageManager(1705):   Category: "android.intent.category.DEFAULT"
10-13 09:25:42.571: I/PackageManager(1705):   Scheme: "smsto"
10-13 09:25:42.571: V/BackupManagerService(1705): addPackageParticipantsLocked: #1
10-13 09:25:42.571: I/PackageManager(1705): Adding preferred activity ComponentInfo{com.android.mms/com.android.mms.ui.ComposeMessageActivity} for user 0 :
10-13 09:25:42.621: I/PackageManager(1705):   Action: "android.intent.action.SENDTO"
10-13 09:25:42.621: I/PackageManager(1705):   Category: "android.intent.category.DEFAULT"
10-13 09:25:42.621: I/PackageManager(1705):   Scheme: "mms"
10-13 09:25:42.621: W/ResourceType(1705): Failure getting entry for 0x7f060000 (t=5 e=0) in package 0 (error -75)
10-13 09:25:42.621: I/ActivityManager(1705): Start proc com.google.android.partnersetup for broadcast com.google.android.partnersetup/.RlzPingBroadcastReceiver: pid=4216 uid=10012 gids={50012, 3003}
10-13 09:25:42.621: I/PackageManager(1705): Adding preferred activity ComponentInfo{com.android.mms/com.android.mms.ui.ComposeMessageActivity} for user 0 :
10-13 09:25:42.631: D/dalvikvm(1860): GC_FOR_ALLOC freed 347K, 13% free 3443K/3916K, paused 3ms, total 3ms
10-13 09:25:42.631: D/dalvikvm(1860): GC_CONCURRENT freed <1K, 12% free 3449K/3916K, paused 1ms+1ms, total 4ms
10-13 09:25:42.631: I/PackageManager(1705):   Action: "android.intent.action.SENDTO"
10-13 09:25:42.631: I/PackageManager(1705):   Category: "android.intent.category.DEFAULT"
10-13 09:25:42.631: I/PackageManager(1705):   Scheme: "mmsto"
10-13 09:25:42.631: I/PackageManager(1705): Adding preferred activity ComponentInfo{com.android.mms/com.android.mms.ui.ComposeMessageActivity} for user 0 :
10-13 09:25:42.631: I/PackageManager(1705):   Action: "android.intent.action.SENDTO"
10-13 09:25:42.631: I/PackageManager(1705):   Category: "android.intent.category.DEFAULT"
10-13 09:25:42.631: I/PackageManager(1705):   Scheme: "sms"
10-13 09:25:42.631: I/PackageManager(1705): Adding preferred activity ComponentInfo{com.android.mms/com.android.mms.ui.ComposeMessageActivity} for user 0 :
10-13 09:25:42.641: D/dalvikvm(1705): GC_EXPLICIT freed 1195K, 16% free 7853K/9240K, paused 0ms+3ms, total 94ms
10-13 09:25:42.641: D/AndroidRuntime(4191): Shutting down VM
10-13 09:25:42.641: D/dalvikvm(1705): WAIT_FOR_CONCURRENT_GC blocked 7ms
10-13 09:25:42.651: D/dalvikvm(1705): WAIT_FOR_CONCURRENT_GC blocked 9ms
10-13 09:25:42.651: D/dalvikvm(4191): GC_CONCURRENT freed 93K, 15% free 552K/648K, paused 0ms+0ms, total 0ms
10-13 09:25:42.651: I/PackageManager(1705):   Action: "android.intent.action.SENDTO"
10-13 09:25:42.651: I/PackageManager(1705):   Category: "android.intent.category.DEFAULT"
10-13 09:25:42.651: I/PackageManager(1705):   Scheme: "smsto"
10-13 09:25:42.651: I/PackageManager(1705): Adding preferred activity ComponentInfo{com.android.mms/com.android.mms.ui.ComposeMessageActivity} for user 0 :
10-13 09:25:42.661: D/dalvikvm(1860): GC_FOR_ALLOC freed 363K, 15% free 3442K/4012K, paused 4ms, total 6ms
10-13 09:25:42.661: I/PackageManager(1705):   Action: "android.intent.action.SENDTO"
10-13 09:25:42.661: I/PackageManager(1705):   Category: "android.intent.category.DEFAULT"
10-13 09:25:42.661: I/PackageManager(1705):   Scheme: "mms"
10-13 09:25:42.661: I/PackageManager(1705):   Action: "android.intent.action.SENDTO"
10-13 09:25:42.661: I/PackageManager(1705):   Category: "android.intent.category.DEFAULT"
10-13 09:25:42.661: I/PackageManager(1705):   Scheme: "mmsto"
10-13 09:25:42.661: I/PackageManager(1705): Adding preferred activity ComponentInfo{com.android.mms/com.android.mms.ui.ComposeMessageActivity} for user 0 :
10-13 09:25:42.661: I/PackageManager(1705): Adding preferred activity ComponentInfo{com.android.mms/com.android.mms.ui.ComposeMessageActivity} for user 0 :
10-13 09:25:42.671: I/ActivityManager(1705): Start proc com.android.musicfx for broadcast com.android.musicfx/.Compatibility$Receiver: pid=4231 uid=10015 gids={50015, 3003, 3002}
10-13 09:25:42.691: D/dalvikvm(1705): GC_FOR_ALLOC freed 855K, 17% free 7758K/9240K, paused 18ms, total 18ms
10-13 09:25:42.691: I/dalvikvm-heap(1705): Grow heap (frag case) to 7.673MB for 46456-byte allocation
10-13 09:25:42.701: D/dalvikvm(1705): GC_FOR_ALLOC freed 7K, 17% free 7796K/9288K, paused 12ms, total 12ms
10-13 09:25:42.701: I/ActivityManager(1705): Killing 3191:com.android.voicedialer/u0a21 (adj 15): empty for 54790s
10-13 09:25:42.721: D/dalvikvm(1705): GC_FOR_ALLOC freed 49K, 17% free 7766K/9288K, paused 9ms, total 9ms
10-13 09:25:42.721: I/dalvikvm-heap(1705): Grow heap (frag case) to 7.704MB for 69682-byte allocation
10-13 09:25:42.731: D/dalvikvm(1705): GC_FOR_ALLOC freed <1K, 17% free 7834K/9360K, paused 13ms, total 13ms
10-13 09:25:42.741: I/ActivityManager(1705): Start proc com.google.android.googlequicksearchbox:search for broadcast com.google.android.googlequicksearchbox/com.google.android.search.core.summons.icing.InternalIcingCorporaProvider$CorporaChangedReceiver: pid=4247 uid=10020 gids={50020, 3003, 1028, 3002, 1015}
10-13 09:25:42.741: I/ActivityManager(1705): Killing 2383:com.android.providers.calendar/u0a1 (adj 15): empty for 33942s
10-13 09:25:42.761: I/Icing.InternalIcingCorporaProvider(4247): Updating corpora: A: com.google.android.apps.mtaas.tools, C: MAYBE
10-13 09:25:42.771: I/ActivityManager(1705): Start proc com.android.voicedialer for broadcast com.android.voicedialer/.VoiceDialerReceiver: pid=4262 uid=10021 gids={50021, 3002}
10-13 09:25:42.801: D/dalvikvm(4247): GC_CONCURRENT freed 229K, 9% free 3019K/3300K, paused 1ms+2ms, total 8ms
10-13 09:25:42.811: W/ConfigurationChimeraProvider(1844): Got null configs for com.google.android.gms.appinvite
10-13 09:25:42.821: I/FontsPackageChangeOp(2012): Package com.google.android.apps.mtaas.tools has no metadata
10-13 09:25:42.831: D/Wear_Controller(2012): Received broadcast action=android.intent.action.PACKAGE_ADDED and uri=com.google.android.apps.mtaas.tools
10-13 09:25:42.831: I/Icing(2012): IndexChimeraService.getServiceInterface callingPackage=com.google.android.gms componentName=AppsCorpus serviceId=36
10-13 09:25:42.831: I/Icing(2012): IndexChimeraService.getServiceInterface callingPackage=com.google.android.gms componentName=AppsCorpus serviceId=32
10-13 09:25:42.841: I/Icing(2012): IndexChimeraService.getServiceInterface callingPackage=com.google.android.googlequicksearchbox componentName=null serviceId=21
10-13 09:25:42.851: I/Icing(2012): Usage reports 0 indexed 0 rejected 0 imm upload false
10-13 09:25:42.851: W/ConfigurationChimeraProvider(1844): Got null configs for com.google.android.gms.chromesync
10-13 09:25:42.851: I/Icing(2012): Usage reports 0 indexed 0 rejected 0 imm upload false
10-13 09:25:42.861: I/dalvikvm(2012): Could not find method fx.getMediaController, referenced from method com.google.android.chimera.Activity.getMediaController
10-13 09:25:42.861: W/dalvikvm(2012): VFY: unable to resolve virtual method 10818: Lfx;.getMediaController ()Landroid/media/session/MediaController;
10-13 09:25:42.861: D/dalvikvm(2012): VFY: replacing opcode 0x6e at 0x0002
10-13 09:25:42.861: I/dalvikvm(2012): Could not find method fx.getSearchEvent, referenced from method com.google.android.chimera.Activity.getSearchEvent
10-13 09:25:42.861: W/dalvikvm(2012): VFY: unable to resolve virtual method 10824: Lfx;.getSearchEvent ()Landroid/view/SearchEvent;
10-13 09:25:42.861: D/dalvikvm(2012): VFY: replacing opcode 0x6e at 0x0002
10-13 09:25:42.861: W/dalvikvm(2012): VFY: unable to find class referenced in signature (Landroid/app/VoiceInteractor;)
10-13 09:25:42.861: W/dalvikvm(2012): VFY: unable to find class referenced in signature (Landroid/app/VoiceInteractor;)
10-13 09:25:42.861: W/dalvikvm(2012): VFY: unable to find class referenced in signature (Landroid/os/PersistableBundle;)
10-13 09:25:42.861: W/dalvikvm(2012): VFY: unable to find class referenced in signature (Landroid/os/PersistableBundle;)
10-13 09:25:42.861: W/dalvikvm(2012): VFY: unable to find class referenced in signature (Landroid/os/PersistableBundle;)
10-13 09:25:42.861: W/dalvikvm(2012): VFY: unable to find class referenced in signature (Landroid/os/PersistableBundle;)
10-13 09:25:42.861: I/Icing(2012): Usage reports 0 indexed 0 rejected 0 imm upload true
10-13 09:25:42.861: W/dalvikvm(2012): VFY: unable to find class referenced in signature (Landroid/app/assist/AssistContent;)
10-13 09:25:42.861: W/dalvikvm(2012): VFY: unable to find class referenced in signature (Landroid/app/assist/AssistContent;)
10-13 09:25:42.861: W/dalvikvm(2012): VFY: unable to find class referenced in signature (Landroid/os/PersistableBundle;)
10-13 09:25:42.861: W/dalvikvm(2012): VFY: unable to find class referenced in signature (Landroid/os/PersistableBundle;)
10-13 09:25:42.861: W/dalvikvm(2012): VFY: unable to find class referenced in signature (Landroid/os/PersistableBundle;)
10-13 09:25:42.861: W/dalvikvm(2012): VFY: unable to find class referenced in signature (Landroid/os/PersistableBundle;)
10-13 09:25:42.861: W/dalvikvm(2012): VFY: unable to find class referenced in signature (Landroid/view/SearchEvent;)
10-13 09:25:42.861: W/dalvikvm(2012): VFY: unable to find class referenced in signature (Landroid/view/SearchEvent;)
10-13 09:25:42.861: I/dalvikvm(2012): Could not find method fx.requestPermissions, referenced from method com.google.android.chimera.Activity.requestPermissions
10-13 09:25:42.861: W/dalvikvm(2012): VFY: unable to resolve virtual method 10928: Lfx;.requestPermissions ([Ljava/lang/String;I)V
10-13 09:25:42.861: D/dalvikvm(2012): VFY: replacing opcode 0x6e at 0x0002
10-13 09:25:42.861: W/dalvikvm(2012): VFY: unable to find class referenced in signature (Landroid/media/session/MediaController;)
10-13 09:25:42.861: I/dalvikvm(2012): Could not find method fx.setMediaController, referenced from method com.google.android.chimera.Activity.setMediaController
10-13 09:25:42.861: W/dalvikvm(2012): VFY: unable to resolve virtual method 10942: Lfx;.setMediaController (Landroid/media/session/MediaController;)V
10-13 09:25:42.861: D/dalvikvm(2012): VFY: replacing opcode 0x6e at 0x0002
10-13 09:25:42.891: D/dalvikvm(4247): GC_CONCURRENT freed 230K, 9% free 3183K/3464K, paused 0ms+0ms, total 2ms
10-13 09:25:42.901: I/Icing(2012): IndexChimeraService.getServiceInterface callingPackage=com.google.android.googlequicksearchbox componentName=null serviceId=21
10-13 09:25:42.901: I/Icing.InternalIcingCorporaProvider(4247): UpdateCorporaTask done [took 88 ms] updated apps [took 88 ms] 
10-13 09:25:42.901: I/Icing(2012): Usage reports 0 indexed 0 rejected 0 imm upload true
10-13 09:25:42.901: I/ActivityManager(1705): Killing 3806:com.google.android.calendar/u0a27 (adj 15): empty for 33942s
10-13 09:25:43.001: I/Remoter(1339): Saved screenshot to '/data/screenshots/__pmv__-0063.jpg'
10-13 09:25:43.331: D/AndroidRuntime(4316): >>>>>> AndroidRuntime START com.android.internal.os.RuntimeInit <<<<<<
10-13 09:25:43.331: W/linker(4316): libdvm.so has text relocations. This is wasting memory and is a security risk. Please fix.
10-13 09:25:43.341: D/AndroidRuntime(4316): CheckJNI is OFF
10-13 09:25:43.341: D/dalvikvm(4316): Trying to load lib libjavacore.so 0x0
10-13 09:25:43.341: D/dalvikvm(4316): Added shared lib libjavacore.so 0x0
10-13 09:25:43.341: D/dalvikvm(4316): Trying to load lib libnativehelper.so 0x0
10-13 09:25:43.341: D/dalvikvm(4316): Added shared lib libnativehelper.so 0x0
10-13 09:25:43.341: D/dalvikvm(4316): No JNI_OnLoad found in libnativehelper.so 0x0, skipping init
10-13 09:25:43.351: D/dalvikvm(4316): Note: class Landroid/app/ActivityManagerNative; has 179 unimplemented (abstract) methods
10-13 09:25:43.371: E/memtrack(4316): Couldn't load memtrack module (No such file or directory)
10-13 09:25:43.371: E/android.os.Debug(4316): failed to load memtrack module: -2
10-13 09:25:43.381: D/AndroidRuntime(4316): Calling main entry com.android.commands.pm.Pm
10-13 09:25:43.391: W/ActivityManager(1705): No content provider found for permission revoke: file:///data/local/tmp/com.google.android.apps.mtaas.loginutil.apk
10-13 09:25:43.391: W/ActivityManager(1705): No content provider found for permission revoke: file:///data/local/tmp/com.google.android.apps.mtaas.loginutil.apk
10-13 09:25:43.391: I/PackageManager(1705): Copying native libraries to /data/app-lib/vmdl648609753
10-13 09:25:43.391: I/PackageParser(1705): com.google.android.apps.mtaas.loginutil: compat added android.permission.WRITE_EXTERNAL_STORAGE android.permission.READ_PHONE_STATE
10-13 09:25:43.411: I/PackageManager(1705): Running dexopt on: com.google.android.apps.mtaas.loginutil
10-13 09:25:43.411: W/linker(4326): libdvm.so has text relocations. This is wasting memory and is a security risk. Please fix.
10-13 09:25:43.491: D/dalvikvm(4326): DexOpt: load 6ms, verify+opt 51ms, 1028796 bytes
10-13 09:25:43.501: I/ActivityManager(1705): Force stopping com.google.android.apps.mtaas.loginutil appid=10067 user=-1: update pkg
10-13 09:25:43.521: I/InputReader(1705): Reconfiguring input devices.  changes=0x00000010
10-13 09:25:43.521: I/PackageManager(1705):   Action: "android.intent.action.SENDTO"
10-13 09:25:43.521: I/PackageManager(1705):   Category: "android.intent.category.DEFAULT"
10-13 09:25:43.521: I/PackageManager(1705):   Scheme: "sms"
10-13 09:25:43.521: I/PackageManager(1705): Adding preferred activity ComponentInfo{com.android.mms/com.android.mms.ui.ComposeMessageActivity} for user 0 :
10-13 09:25:43.531: I/PackageManager(1705):   Action: "android.intent.action.SENDTO"
10-13 09:25:43.531: I/PackageManager(1705):   Category: "android.intent.category.DEFAULT"
10-13 09:25:43.531: I/PackageManager(1705):   Scheme: "smsto"
10-13 09:25:43.531: I/ActivityManager(1705): Delay finish: com.google.android.partnersetup/.RlzPingBroadcastReceiver
10-13 09:25:43.531: I/PackageManager(1705): Adding preferred activity ComponentInfo{com.android.mms/com.android.mms.ui.ComposeMessageActivity} for user 0 :
10-13 09:25:43.541: D/dalvikvm(1860): GC_CONCURRENT freed 432K, 15% free 3415K/4012K, paused 0ms+1ms, total 3ms
10-13 09:25:43.541: D/dalvikvm(1860): WAIT_FOR_CONCURRENT_GC blocked 3ms
10-13 09:25:43.541: I/PackageManager(1705):   Action: "android.intent.action.SENDTO"
10-13 09:25:43.541: I/PackageManager(1705):   Category: "android.intent.category.DEFAULT"
10-13 09:25:43.541: I/PackageManager(1705):   Scheme: "mms"
10-13 09:25:43.541: I/PackageManager(1705): Adding preferred activity ComponentInfo{com.android.mms/com.android.mms.ui.ComposeMessageActivity} for user 0 :
10-13 09:25:43.551: I/ActivityManager(1705): Resuming delayed broadcast
10-13 09:25:43.561: D/dalvikvm(1705): GC_EXPLICIT freed 1203K, 16% free 7895K/9360K, paused 0ms+2ms, total 37ms
10-13 09:25:43.561: D/dalvikvm(1705): WAIT_FOR_CONCURRENT_GC blocked 9ms
10-13 09:25:43.561: D/dalvikvm(1705): WAIT_FOR_CONCURRENT_GC blocked 14ms
10-13 09:25:43.561: D/AndroidRuntime(4316): Shutting down VM
10-13 09:25:43.561: D/dalvikvm(1705): WAIT_FOR_CONCURRENT_GC blocked 13ms
10-13 09:25:43.561: D/dalvikvm(4316): GC_CONCURRENT freed 93K, 15% free 552K/648K, paused 0ms+0ms, total 0ms
10-13 09:25:43.561: D/dalvikvm(1705): WAIT_FOR_CONCURRENT_GC blocked 14ms
10-13 09:25:43.561: D/BackupManagerService(1705): Received broadcast Intent { act=android.intent.action.PACKAGE_ADDED dat=package:com.google.android.apps.mtaas.loginutil flg=0x4000010 (has extras) }
10-13 09:25:43.571: I/PackageManager(1705):   Action: "android.intent.action.SENDTO"
10-13 09:25:43.571: I/PackageManager(1705):   Category: "android.intent.category.DEFAULT"
10-13 09:25:43.571: I/PackageManager(1705):   Scheme: "mmsto"
10-13 09:25:43.571: I/PackageManager(1705):   Action: "android.intent.action.SENDTO"
10-13 09:25:43.571: I/PackageManager(1705):   Category: "android.intent.category.DEFAULT"
10-13 09:25:43.571: I/PackageManager(1705):   Scheme: "sms"
10-13 09:25:43.571: W/ResourceType(1705): Failure getting entry for 0x7f060000 (t=5 e=0) in package 0 (error -75)
10-13 09:25:43.571: V/BackupManagerService(1705): addPackageParticipantsLocked: #1
10-13 09:25:43.571: I/PackageManager(1705): Adding preferred activity ComponentInfo{com.android.mms/com.android.mms.ui.ComposeMessageActivity} for user 0 :
10-13 09:25:43.571: I/ActivityManager(1705): Delay finish: com.google.android.partnersetup/.AppInstalledReceiver
10-13 09:25:43.571: I/PackageManager(1705): Adding preferred activity ComponentInfo{com.android.mms/com.android.mms.ui.ComposeMessageActivity} for user 0 :
10-13 09:25:43.571: I/ActivityManager(1705): Resuming delayed broadcast
10-13 09:25:43.581: D/dalvikvm(1860): GC_FOR_ALLOC freed 398K, 15% free 3439K/4012K, paused 2ms, total 2ms
10-13 09:25:43.581: I/PackageManager(1705):   Action: "android.intent.action.SENDTO"
10-13 09:25:43.581: I/PackageManager(1705):   Category: "android.intent.category.DEFAULT"
10-13 09:25:43.581: I/PackageManager(1705):   Scheme: "smsto"
10-13 09:25:43.581: D/dalvikvm(1860): GC_CONCURRENT freed 19K, 15% free 3428K/4012K, paused 1ms+0ms, total 4ms
10-13 09:25:43.581: I/ActivityManager(1705): Delay finish: com.android.musicfx/.Compatibility$Receiver
10-13 09:25:43.581: I/PackageManager(1705): Adding preferred activity ComponentInfo{com.android.mms/com.android.mms.ui.ComposeMessageActivity} for user 0 :
10-13 09:25:43.591: I/PackageManager(1705):   Action: "android.intent.action.SENDTO"
10-13 09:25:43.591: I/PackageManager(1705):   Category: "android.intent.category.DEFAULT"
10-13 09:25:43.591: I/PackageManager(1705):   Scheme: "mms"
10-13 09:25:43.591: I/PackageManager(1705):   Action: "android.intent.action.SENDTO"
10-13 09:25:43.591: I/PackageManager(1705):   Category: "android.intent.category.DEFAULT"
10-13 09:25:43.591: I/PackageManager(1705):   Scheme: "mmsto"
10-13 09:25:43.591: I/PackageManager(1705): Adding preferred activity ComponentInfo{com.android.mms/com.android.mms.ui.ComposeMessageActivity} for user 0 :
10-13 09:25:43.591: I/ActivityManager(1705): Resuming delayed broadcast
10-13 09:25:43.591: I/PackageManager(1705): Adding preferred activity ComponentInfo{com.android.mms/com.android.mms.ui.ComposeMessageActivity} for user 0 :
10-13 09:25:43.601: I/ActivityManager(1705): Delay finish: com.google.android.googlequicksearchbox/com.google.android.search.core.summons.icing.InternalIcingCorporaProvider$CorporaChangedReceiver
10-13 09:25:43.611: I/Icing.InternalIcingCorporaProvider(4247): Updating corpora: A: com.google.android.apps.mtaas.loginutil, C: MAYBE
10-13 09:25:43.611: D/dalvikvm(1705): GC_CONCURRENT freed 1192K, 16% free 7948K/9360K, paused 1ms+2ms, total 18ms
10-13 09:25:43.611: D/dalvikvm(1705): WAIT_FOR_CONCURRENT_GC blocked 18ms
10-13 09:25:43.611: I/dalvikvm-heap(1705): Grow heap (frag case) to 7.915MB for 104520-byte allocation
10-13 09:25:43.631: D/dalvikvm(1705): GC_FOR_ALLOC freed 195K, 18% free 7854K/9464K, paused 17ms, total 17ms
10-13 09:25:43.651: I/Icing.InternalIcingCorporaProvider(4247): UpdateCorporaTask done [took 40 ms] updated apps [took 40 ms] 
10-13 09:25:43.651: I/ActivityManager(1705): Resuming delayed broadcast
10-13 09:25:43.661: I/FontsPackageChangeOp(2012): Package com.google.android.apps.mtaas.loginutil has no metadata
10-13 09:25:43.661: D/Wear_Controller(2012): Received broadcast action=android.intent.action.PACKAGE_ADDED and uri=com.google.android.apps.mtaas.loginutil
10-13 09:25:43.661: I/ActivityManager(1705): Delay finish: com.google.android.gms/.chimera.GmsIntentOperationService$PersistentTrustedReceiver
10-13 09:25:43.681: I/Icing(2012): IndexChimeraService.getServiceInterface callingPackage=com.google.android.gms componentName=AppsCorpus serviceId=36
10-13 09:25:43.681: I/Icing(2012): IndexChimeraService.getServiceInterface callingPackage=com.google.android.gms componentName=AppsCorpus serviceId=32
10-13 09:25:43.681: I/ActivityManager(1705): Resuming delayed broadcast
10-13 09:25:43.681: D/ConnectivityService(1705): Sampling interval elapsed, updating statistics ..
10-13 09:25:43.681: D/ConnectivityService(1705): Done.
10-13 09:25:43.681: D/ConnectivityService(1705): Setting timer for 720seconds
10-13 09:25:43.711: I/Icing(2012): Usage reports 0 indexed 0 rejected 0 imm upload false
10-13 09:25:43.721: I/Icing(2012): Usage reports 0 indexed 0 rejected 0 imm upload false
10-13 09:25:43.721: I/EventLogChimeraService(2012): Aggregate from 1507898688657 (log), 1507898688657 (data)
10-13 09:25:43.731: I/ActivityManager(1705): Delay finish: com.google.android.gms/.stats.service.DropBoxEntryAddedReceiver
10-13 09:25:43.741: I/ActivityManager(1705): Resuming delayed broadcast
10-13 09:25:43.751: D/dalvikvm(1911): GC_CONCURRENT freed 649K, 21% free 5316K/6724K, paused 1ms+0ms, total 7ms
10-13 09:25:43.771: I/WVCdm(1331): CdmEngine::OpenSession
10-13 09:25:43.771: I/WVCdm(1331): CdmEngine::QueryKeyControlInfo
10-13 09:25:43.771: I/WVCdm(1331): CdmEngine::GenerateKeyRequest
10-13 09:25:43.791: D/WVCdm(1331): PrepareKeyRequest: nonce=547483185
10-13 09:25:43.801: I/WVCdm(1331): CdmEngine::CloseSession
10-13 09:25:43.841: I/GceRil(1327): Received request 19
10-13 09:25:43.841: I/GceRil(1327): Reporting signal strength: GW=21 CDMA=-103 EVDO=-79 LTE=18
10-13 09:25:43.861: I/Icing(2012): Indexing B7DEFBCF98179CD36ABD6B5AFB7EAB077224B473 from com.google.android.gms
10-13 09:25:43.861: I/Icing(2012): Indexing done B7DEFBCF98179CD36ABD6B5AFB7EAB077224B473
10-13 09:25:43.901: I/Icing(2012): Indexing C45B6D3A7E72D386F280413F85D056EC1830AAD9 from com.google.android.googlequicksearchbox
10-13 09:25:43.921: D/dalvikvm(4247): GC_CONCURRENT freed 414K, 13% free 3193K/3660K, paused 0ms+1ms, total 3ms
10-13 09:25:43.921: I/Icing(2012): Indexing done C45B6D3A7E72D386F280413F85D056EC1830AAD9
10-13 09:25:43.951: D/dalvikvm(2308): GC_CONCURRENT freed 1066K, 19% free 6100K/7504K, paused 2ms+0ms, total 10ms
10-13 09:25:44.041: I/Remoter(1339): Saved screenshot to '/data/screenshots/__pmv__-0064.jpg'
10-13 09:25:44.281: D/AndroidRuntime(4361): >>>>>> AndroidRuntime START com.android.internal.os.RuntimeInit <<<<<<
10-13 09:25:44.281: W/linker(4361): libdvm.so has text relocations. This is wasting memory and is a security risk. Please fix.
10-13 09:25:44.281: D/AndroidRuntime(4361): CheckJNI is OFF
10-13 09:25:44.281: D/dalvikvm(4361): Trying to load lib libjavacore.so 0x0
10-13 09:25:44.281: D/dalvikvm(4361): Added shared lib libjavacore.so 0x0
10-13 09:25:44.281: D/dalvikvm(4361): Trying to load lib libnativehelper.so 0x0
10-13 09:25:44.281: D/dalvikvm(4361): Added shared lib libnativehelper.so 0x0
10-13 09:25:44.281: D/dalvikvm(4361): No JNI_OnLoad found in libnativehelper.so 0x0, skipping init
10-13 09:25:44.291: D/dalvikvm(4361): Note: class Landroid/app/ActivityManagerNative; has 179 unimplemented (abstract) methods
10-13 09:25:44.331: E/memtrack(4361): Couldn't load memtrack module (No such file or directory)
10-13 09:25:44.331: E/android.os.Debug(4361): failed to load memtrack module: -2
10-13 09:25:44.351: D/AndroidRuntime(4361): Calling main entry com.android.commands.pm.Pm
10-13 09:25:44.351: W/ActivityManager(1705): No content provider found for permission revoke: file:///data/local/tmp/com.google.android.apps.mtaas.backdrop.apk
10-13 09:25:44.361: W/ActivityManager(1705): No content provider found for permission revoke: file:///data/local/tmp/com.google.android.apps.mtaas.backdrop.apk
10-13 09:25:44.361: I/PackageManager(1705): Copying native libraries to /data/app-lib/vmdl354382775
10-13 09:25:44.411: D/dalvikvm(1705): GC_FOR_ALLOC freed 878K, 16% free 7977K/9464K, paused 14ms, total 15ms
10-13 09:25:44.421: I/PackageManager(1705): Running dexopt on: com.google.android.apps.mtaas.backdrop
10-13 09:25:44.421: W/linker(4373): libdvm.so has text relocations. This is wasting memory and is a security risk. Please fix.
10-13 09:25:44.541: D/dalvikvm(4373): DexOpt: load 14ms, verify+opt 68ms, 1463348 bytes
10-13 09:25:44.551: I/ActivityManager(1705): Force stopping com.google.android.apps.mtaas.backdrop appid=10068 user=-1: update pkg
10-13 09:25:44.561: W/Settings(2308): Setting install_non_market_apps has moved from android.provider.Settings.Secure to android.provider.Settings.Global.
10-13 09:25:44.591: D/dalvikvm(1705): GC_EXPLICIT freed 605K, 16% free 7969K/9464K, paused 1ms+1ms, total 16ms
10-13 09:25:44.591: D/AndroidRuntime(4361): Shutting down VM
10-13 09:25:44.591: D/dalvikvm(4361): GC_CONCURRENT freed 93K, 15% free 552K/648K, paused 0ms+0ms, total 1ms
10-13 09:25:44.601: I/InputReader(1705): Reconfiguring input devices.  changes=0x00000010
10-13 09:25:44.621: I/PackageManager(1705):   Action: "android.intent.action.SENDTO"
10-13 09:25:44.621: I/PackageManager(1705):   Category: "android.intent.category.DEFAULT"
10-13 09:25:44.621: I/PackageManager(1705):   Scheme: "sms"
10-13 09:25:44.621: D/Launcher.Model(1877): shortcutWasRestored is false for com.google.android.apps.mtaas.backdrop/com.google.android.apps.mtaas.backdrop.BackdropActivity
10-13 09:25:44.621: D/Launcher.Workspace(1877): 11683562 - removeExtraEmptyScreen()
10-13 09:25:44.621: D/Launcher.Workspace(1877): 11683562 - convertFinalScreenToEmptyScreenIfNecessary()
10-13 09:25:44.621: I/ActivityManager(1705): Delay finish: com.android.providers.contacts/.PackageIntentReceiver
10-13 09:25:44.621: I/PackageManager(1705): Adding preferred activity ComponentInfo{com.android.mms/com.android.mms.ui.ComposeMessageActivity} for user 0 :
10-13 09:25:44.631: D/dalvikvm(1860): GC_CONCURRENT freed 465K, 16% free 3390K/4012K, paused 4ms+1ms, total 9ms
10-13 09:25:44.631: D/dalvikvm(1860): WAIT_FOR_CONCURRENT_GC blocked 5ms
10-13 09:25:44.641: I/PackageManager(1705):   Action: "android.intent.action.SENDTO"
10-13 09:25:44.641: I/PackageManager(1705):   Category: "android.intent.category.DEFAULT"
10-13 09:25:44.641: I/PackageManager(1705):   Scheme: "smsto"
10-13 09:25:44.641: I/PackageManager(1705):   Action: "android.intent.action.SENDTO"
10-13 09:25:44.641: I/PackageManager(1705):   Category: "android.intent.category.DEFAULT"
10-13 09:25:44.641: I/PackageManager(1705):   Scheme: "mms"
10-13 09:25:44.641: I/PackageManager(1705): Adding preferred activity ComponentInfo{com.android.mms/com.android.mms.ui.ComposeMessageActivity} for user 0 :
10-13 09:25:44.641: I/PackageManager(1705): Adding preferred activity ComponentInfo{com.android.mms/com.android.mms.ui.ComposeMessageActivity} for user 0 :
10-13 09:25:44.651: I/PackageManager(1705):   Action: "android.intent.action.SENDTO"
10-13 09:25:44.651: I/PackageManager(1705):   Category: "android.intent.category.DEFAULT"
10-13 09:25:44.651: I/PackageManager(1705):   Scheme: "mmsto"
10-13 09:25:44.651: I/PackageManager(1705): Adding preferred activity ComponentInfo{com.android.mms/com.android.mms.ui.ComposeMessageActivity} for user 0 :
10-13 09:25:44.651: D/BackupManagerService(1705): Received broadcast Intent { act=android.intent.action.PACKAGE_ADDED dat=package:com.google.android.apps.mtaas.backdrop flg=0x4000010 (has extras) }
10-13 09:25:44.651: V/BackupManagerService(1705): addPackageParticipantsLocked: #1
10-13 09:25:44.661: W/ResourceType(1705): Failure getting entry for 0x7f060000 (t=5 e=0) in package 0 (error -75)
10-13 09:25:44.661: D/dalvikvm(1860): GC_CONCURRENT freed 375K, 15% free 3427K/4012K, paused 0ms+1ms, total 4ms
10-13 09:25:44.661: W/Conscrypt(1911): Could not set socket write timeout:
10-13 09:25:44.661: W/Conscrypt(1911):    java.lang.reflect.Method.invokeNative(Native Method)
10-13 09:25:44.661: W/Conscrypt(1911):    java.lang.reflect.Method.invoke(Method.java:515)
10-13 09:25:44.661: I/PackageManager(1705):   Action: "android.intent.action.SENDTO"
10-13 09:25:44.661: I/PackageManager(1705):   Category: "android.intent.category.DEFAULT"
10-13 09:25:44.661: I/PackageManager(1705):   Scheme: "sms"
10-13 09:25:44.661: W/Conscrypt(1911): Could not set socket write timeout:
10-13 09:25:44.661: W/Conscrypt(1911):    java.lang.reflect.Method.invokeNative(Native Method)
10-13 09:25:44.661: W/Conscrypt(1911):    java.lang.reflect.Method.invoke(Method.java:515)
10-13 09:25:44.661: I/PackageManager(1705):   Action: "android.intent.action.SENDTO"
10-13 09:25:44.661: I/PackageManager(1705):   Category: "android.intent.category.DEFAULT"
10-13 09:25:44.661: I/PackageManager(1705):   Scheme: "smsto"
10-13 09:25:44.661: I/PackageManager(1705): Adding preferred activity ComponentInfo{com.android.mms/com.android.mms.ui.ComposeMessageActivity} for user 0 :
10-13 09:25:44.661: I/PackageManager(1705): Adding preferred activity ComponentInfo{com.android.mms/com.android.mms.ui.ComposeMessageActivity} for user 0 :
10-13 09:25:44.671: W/GLSUser(1911): [AppCertManager] IOException while requesting key: 
10-13 09:25:44.671: W/GLSUser(1911): java.io.IOException: Invalid device key response.
10-13 09:25:44.671: W/GLSUser(1911): 	at evl.a(:com.google.android.gms@11519070:11)
10-13 09:25:44.671: W/GLSUser(1911): 	at evl.a(:com.google.android.gms@11519070:63)
10-13 09:25:44.671: W/GLSUser(1911): 	at evj.a(:com.google.android.gms@11519070:8)
10-13 09:25:44.671: W/GLSUser(1911): 	at evf.a(:com.google.android.gms@11519070:1)
10-13 09:25:44.671: W/GLSUser(1911): 	at eve.a(:com.google.android.gms@11519070:10)
10-13 09:25:44.671: W/GLSUser(1911): 	at com.google.android.gms.auth.account.be.legacy.AuthCronChimeraService.b(:com.google.android.gms@11519070:7)
10-13 09:25:44.671: W/GLSUser(1911): 	at ebf.call(:com.google.android.gms@11519070:3)
10-13 09:25:44.671: W/GLSUser(1911): 	at java.util.concurrent.FutureTask.run(FutureTask.java:237)
10-13 09:25:44.671: W/GLSUser(1911): 	at jqa.run(:com.google.android.gms@11519070:25)
10-13 09:25:44.671: W/GLSUser(1911): 	at java.util.concurrent.ThreadPoolExecutor.runWorker(ThreadPoolExecutor.java:1112)
10-13 09:25:44.671: W/GLSUser(1911): 	at java.util.concurrent.ThreadPoolExecutor$Worker.run(ThreadPoolExecutor.java:587)
10-13 09:25:44.671: W/GLSUser(1911): 	at jvj.run(:com.google.android.gms@11519070)
10-13 09:25:44.671: W/GLSUser(1911): 	at java.lang.Thread.run(Thread.java:841)
10-13 09:25:44.681: I/PackageManager(1705):   Action: "android.intent.action.SENDTO"
10-13 09:25:44.681: I/PackageManager(1705):   Category: "android.intent.category.DEFAULT"
10-13 09:25:44.681: I/PackageManager(1705):   Scheme: "mms"
10-13 09:25:44.681: I/PackageManager(1705): Adding preferred activity ComponentInfo{com.android.mms/com.android.mms.ui.ComposeMessageActivity} for user 0 :
10-13 09:25:44.681: D/dalvikvm(1705): GC_CONCURRENT freed 1230K, 16% free 8036K/9464K, paused 2ms+1ms, total 17ms
10-13 09:25:44.681: D/dalvikvm(1705): WAIT_FOR_CONCURRENT_GC blocked 7ms
10-13 09:25:44.691: I/PackageManager(1705):   Action: "android.intent.action.SENDTO"
10-13 09:25:44.691: I/PackageManager(1705):   Category: "android.intent.category.DEFAULT"
10-13 09:25:44.691: I/PackageManager(1705):   Scheme: "mmsto"
10-13 09:25:44.691: I/ActivityManager(1705): Resuming delayed broadcast
10-13 09:25:44.691: I/ActivityManager(1705): Delay finish: com.google.android.partnersetup/.RlzPingBroadcastReceiver
10-13 09:25:44.691: I/PackageManager(1705): Adding preferred activity ComponentInfo{com.android.mms/com.android.mms.ui.ComposeMessageActivity} for user 0 :
10-13 09:25:44.691: I/ActivityManager(1705): Resuming delayed broadcast
10-13 09:25:44.701: D/dalvikvm(1860): GC_CONCURRENT freed 382K, 15% free 3449K/4012K, paused 0ms+0ms, total 4ms
10-13 09:25:44.701: D/dalvikvm(1860): WAIT_FOR_CONCURRENT_GC blocked 3ms
10-13 09:25:44.701: I/ActivityManager(1705): Delay finish: com.google.android.partnersetup/.AppInstalledReceiver
10-13 09:25:44.711: D/dalvikvm(1705): GC_FOR_ALLOC freed 443K, 17% free 7917K/9464K, paused 15ms, total 15ms
10-13 09:25:44.711: I/dalvikvm-heap(1705): Grow heap (frag case) to 7.933MB for 156778-byte allocation
10-13 09:25:44.721: I/Icing(2012): Indexing B7DEFBCF98179CD36ABD6B5AFB7EAB077224B473 from com.google.android.gms
10-13 09:25:44.721: I/Icing(2012): Indexing done B7DEFBCF98179CD36ABD6B5AFB7EAB077224B473
10-13 09:25:44.731: D/dalvikvm(1705): GC_FOR_ALLOC freed 106K, 18% free 7963K/9620K, paused 10ms, total 10ms
10-13 09:25:44.731: I/ActivityManager(1705): Resuming delayed broadcast
10-13 09:25:44.731: I/ActivityManager(1705): Delay finish: com.android.musicfx/.Compatibility$Receiver
10-13 09:25:44.731: I/ActivityManager(1705): Resuming delayed broadcast
10-13 09:25:44.741: I/Icing.InternalIcingCorporaProvider(4247): Updating corpora: A: com.google.android.apps.mtaas.backdrop, C: MAYBE
10-13 09:25:44.751: I/FontsPackageChangeOp(2012): Package com.google.android.apps.mtaas.backdrop has no metadata
10-13 09:25:44.751: D/Wear_Controller(2012): Received broadcast action=android.intent.action.PACKAGE_ADDED and uri=com.google.android.apps.mtaas.backdrop
10-13 09:25:44.771: I/Icing(2012): IndexChimeraService.getServiceInterface callingPackage=com.google.android.googlequicksearchbox componentName=null serviceId=21
10-13 09:25:44.771: I/Icing.InternalIcingCorporaProvider(4247): UpdateCorporaTask done [took 37 ms] updated apps [took 37 ms] 
10-13 09:25:44.781: I/Icing(2012): IndexChimeraService.getServiceInterface callingPackage=com.google.android.gms componentName=AppsCorpus serviceId=32
10-13 09:25:44.781: I/Icing(2012): IndexChimeraService.getServiceInterface callingPackage=com.google.android.gms componentName=AppsCorpus serviceId=36
10-13 09:25:44.781: I/Icing(2012): Usage reports 0 indexed 0 rejected 0 imm upload true
10-13 09:25:44.781: I/Icing(2012): Usage reports 0 indexed 0 rejected 0 imm upload false
10-13 09:25:44.781: I/Icing(2012): Usage reports 0 indexed 0 rejected 0 imm upload false
10-13 09:25:45.071: I/Remoter(1339): Saved screenshot to '/data/screenshots/__pmv__-0065.jpg'
10-13 09:25:45.291: D/AndroidRuntime(4400): >>>>>> AndroidRuntime START com.android.internal.os.RuntimeInit <<<<<<
10-13 09:25:45.291: W/linker(4400): libdvm.so has text relocations. This is wasting memory and is a security risk. Please fix.
10-13 09:25:45.291: D/AndroidRuntime(4400): CheckJNI is OFF
10-13 09:25:45.291: D/dalvikvm(4400): Trying to load lib libjavacore.so 0x0
10-13 09:25:45.301: D/dalvikvm(4400): Added shared lib libjavacore.so 0x0
10-13 09:25:45.301: D/dalvikvm(4400): Trying to load lib libnativehelper.so 0x0
10-13 09:25:45.301: D/dalvikvm(4400): Added shared lib libnativehelper.so 0x0
10-13 09:25:45.301: D/dalvikvm(4400): No JNI_OnLoad found in libnativehelper.so 0x0, skipping init
10-13 09:25:45.301: D/dalvikvm(4400): Note: class Landroid/app/ActivityManagerNative; has 179 unimplemented (abstract) methods
10-13 09:25:45.341: E/memtrack(4400): Couldn't load memtrack module (No such file or directory)
10-13 09:25:45.341: E/android.os.Debug(4400): failed to load memtrack module: -2
10-13 09:25:45.351: D/AndroidRuntime(4400): Calling main entry com.android.commands.pm.Pm
10-13 09:25:45.351: W/ActivityManager(1705): No content provider found for permission revoke: file:///data/local/tmp/com.google.android.apps.auth.test.support.apk
10-13 09:25:45.351: W/ActivityManager(1705): No content provider found for permission revoke: file:///data/local/tmp/com.google.android.apps.auth.test.support.apk
10-13 09:25:45.351: I/PackageManager(1705): Copying native libraries to /data/app-lib/vmdl1825154713
10-13 09:25:45.351: I/PackageParser(1705): com.google.android.apps.auth.test.support: compat added android.permission.WRITE_EXTERNAL_STORAGE android.permission.READ_PHONE_STATE
10-13 09:25:45.381: D/dalvikvm(1705): GC_FOR_ALLOC freed 864K, 16% free 8150K/9620K, paused 11ms, total 11ms
10-13 09:25:45.401: D/dalvikvm(1705): GC_FOR_ALLOC freed 625K, 16% free 8131K/9620K, paused 10ms, total 10ms
10-13 09:25:45.411: I/PackageManager(1705): Running dexopt on: com.google.android.apps.auth.test.support
10-13 09:25:45.411: W/linker(4410): libdvm.so has text relocations. This is wasting memory and is a security risk. Please fix.
10-13 09:25:45.441: D/dalvikvm(4410): DexOpt: load 2ms, verify+opt 14ms, 499956 bytes
10-13 09:25:45.441: I/ActivityManager(1705): Force stopping com.google.android.apps.auth.test.support appid=10069 user=-1: update pkg
10-13 09:25:45.461: W/PackageManager(1705): Unknown permission android.permission.MANAGE_ACCOUNT in package com.google.android.apps.auth.test.support
10-13 09:25:45.461: W/PackageManager(1705): Not granting permission com.google.android.providers.gsf.permission.WRITE_GSERVICES to package com.google.android.apps.auth.test.support (protectionLevel=18 flags=0x8444)
10-13 09:25:45.471: I/InputReader(1705): Reconfiguring input devices.  changes=0x00000010
10-13 09:25:45.471: I/ActivityManager(1705): Delay finish: com.google.android.partnersetup/.RlzPingBroadcastReceiver
10-13 09:25:45.471: I/ActivityManager(1705): Resuming delayed broadcast
10-13 09:25:45.481: I/PackageManager(1705):   Action: "android.intent.action.SENDTO"
10-13 09:25:45.481: I/PackageManager(1705):   Category: "android.intent.category.DEFAULT"
10-13 09:25:45.481: I/PackageManager(1705):   Scheme: "sms"
10-13 09:25:45.481: I/PackageManager(1705): Adding preferred activity ComponentInfo{com.android.mms/com.android.mms.ui.ComposeMessageActivity} for user 0 :
10-13 09:25:45.491: D/dalvikvm(1877): GC_CONCURRENT freed 571K, 12% free 5087K/5720K, paused 5ms+1ms, total 13ms
10-13 09:25:45.491: I/PackageManager(1705):   Action: "android.intent.action.SENDTO"
10-13 09:25:45.491: I/PackageManager(1705):   Category: "android.intent.category.DEFAULT"
10-13 09:25:45.491: I/PackageManager(1705):   Scheme: "smsto"
10-13 09:25:45.491: I/ActivityManager(1705): Delay finish: com.google.android.partnersetup/.AppInstalledReceiver
