10-13 09:26:03.721: I/GeofencerStateMachine(4764): removeGeofences: removeRequest=RemoveGeofencingRequest[REMOVE_BY_PENDING_INTENT pendingIntent=PendingIntent[creatorPackage=com.google.android.gms], packageName=null]
10-13 09:26:03.721: I/GeofencerStateMachine(4764): removeGeofences: removeRequest=RemoveGeofencingRequest[REMOVE_BY_PENDING_INTENT pendingIntent=PendingIntent[creatorPackage=com.google.android.gms], packageName=null]
10-13 09:26:03.721: I/Places(4764): ?: Couldn't find platform key file.
10-13 09:26:03.741: W/NetRec(4764): [207] ConfigChangedIntentOperation.onHandleIntent: Device does not support scoring, exiting
10-13 09:26:03.761: I/GeofencerStateMachine(4764): removeGeofences: removeRequest=RemoveGeofencingRequest[REMOVE_BY_PENDING_INTENT pendingIntent=PendingIntent[creatorPackage=com.google.android.gms], packageName=null]
10-13 09:26:03.761: E/IntentOperationSvc(4726): Failed to instantiate Chimera operation impl com.google.android.gms.people.service.SettingsChangedBroadcastIntentOperation, dropping operation
10-13 09:26:03.761: E/IntentOperationSvc(4726): java.lang.reflect.InvocationTargetException
10-13 09:26:03.761: E/IntentOperationSvc(4726): 	at java.lang.reflect.Constructor.constructNative(Native Method)
10-13 09:26:03.761: E/IntentOperationSvc(4726): 	at java.lang.reflect.Constructor.newInstance(Constructor.java:423)
10-13 09:26:03.761: E/IntentOperationSvc(4726): 	at bvt.a(:com.google.android.gms@11519070:8)
10-13 09:26:03.761: E/IntentOperationSvc(4726): 	at bvu.run(:com.google.android.gms@11519070:69)
10-13 09:26:03.761: E/IntentOperationSvc(4726): 	at java.util.concurrent.ThreadPoolExecutor.runWorker(ThreadPoolExecutor.java:1112)
10-13 09:26:03.761: E/IntentOperationSvc(4726): 	at java.util.concurrent.ThreadPoolExecutor$Worker.run(ThreadPoolExecutor.java:587)
10-13 09:26:03.761: E/IntentOperationSvc(4726): 	at java.lang.Thread.run(Thread.java:841)
10-13 09:26:03.761: E/IntentOperationSvc(4726): Caused by: java.lang.NullPointerException
10-13 09:26:03.761: E/IntentOperationSvc(4726): 	at android.content.ContextWrapper.getSharedPreferences(ContextWrapper.java:173)
10-13 09:26:03.761: E/IntentOperationSvc(4726): 	at wae.a(:com.google.android.gms@11519070:6)
10-13 09:26:03.761: E/IntentOperationSvc(4726): 	at com.google.android.gms.people.service.SettingsChangedBroadcastIntentOperation.<init>(:com.google.android.gms@11519070:2)
10-13 09:26:03.761: E/IntentOperationSvc(4726): 	... 7 more
10-13 09:26:03.761: W/OcrModelUpStIntentOp(4726): Invalid action: com.google.android.gms.phenotype.COMMITTED
10-13 09:26:03.761: I/PTCommittedOperation(4764): Receive new configuration for com.google.android.gms.places
10-13 09:26:03.761: I/GeofencerStateMachine(4764): removeGeofences: removeRequest=RemoveGeofencingRequest[REMOVE_BY_PENDING_INTENT pendingIntent=PendingIntent[creatorPackage=com.google.android.gms], packageName=null]
10-13 09:26:03.761: I/GeofencerStateMachine(4764): removeGeofences: removeRequest=RemoveGeofencingRequest[REMOVE_BY_PENDING_INTENT pendingIntent=PendingIntent[creatorPackage=com.google.android.gms], packageName=null]
10-13 09:26:03.761: I/GeofencerStateMachine(4764): removeGeofences: removeRequest=RemoveGeofencingRequest[REMOVE_BY_PENDING_INTENT pendingIntent=PendingIntent[creatorPackage=com.google.android.gms], packageName=null]
10-13 09:26:03.771: I/CertBlacklister(1705): Certificate blacklist changed, updating...
10-13 09:26:03.771: I/CertBlacklister(1705): Certificate blacklist updated
10-13 09:26:03.781: I/GservicesProvider(4743): main difference update completed
10-13 09:26:03.791: I/ActivityManager(1705): Start proc com.google.android.configupdater for broadcast com.google.android.configupdater/.CertPin.CertPinUpdateRequestReceiver: pid=5539 uid=10002 gids={50002, 3003, 2001}
10-13 09:26:03.831: D/dalvikvm(4764): GC_CONCURRENT freed 1375K, 19% free 6416K/7884K, paused 1ms+3ms, total 24ms
10-13 09:26:03.831: D/dalvikvm(4659): GC_CONCURRENT freed 211K, 9% free 2992K/3256K, paused 0ms+0ms, total 4ms
10-13 09:26:03.831: D/dalvikvm(4764): WAIT_FOR_CONCURRENT_GC blocked 17ms
10-13 09:26:03.841: I/ProcessCheckinRequest(4726): updateCheckinIdTokenFileFromResponse, Reading existing AID
10-13 09:26:03.841: I/CheckinRequestBuilder(4726): Checkin reason type: 4 attempt count: 1
10-13 09:26:03.841: W/ContextImpl(5539): Implicit intents with startService are not safe: Intent { act=com.google.android.configupdater.CertPin.START (has extras) } android.content.ContextWrapper.startService:494 android.content.ContextWrapper.startService:494 com.google.android.configupdater.UpdateRequestReceiver.startUpdate:219 
10-13 09:26:03.841: I/UpdateFetcherService(5539): Update started
10-13 09:26:03.841: E/ActivityThread(4726): Failed to find provider info for com.google.android.wearable.settings
10-13 09:26:03.841: I/ActivityManager(1705): Delay finish: com.google.android.configupdater/.CertPin.CertPinUpdateRequestReceiver
10-13 09:26:03.851: I/GceRil(1327): Received request 19
10-13 09:26:03.851: I/GceRil(1327): Reporting signal strength: GW=20 CDMA=-104 EVDO=-79 LTE=19
10-13 09:26:03.851: W/ConfigurationChimeraProvider(4764): Got null configs for com.google.android.gms.nearby
10-13 09:26:03.861: D/dalvikvm(1705): GC_CONCURRENT freed 1561K, 14% free 10737K/12356K, paused 1ms+2ms, total 55ms
10-13 09:26:03.871: D/dalvikvm(1705): WAIT_FOR_CONCURRENT_GC blocked 18ms
10-13 09:26:03.871: D/dalvikvm(1705): WAIT_FOR_CONCURRENT_GC blocked 17ms
10-13 09:26:03.871: D/dalvikvm(1705): WAIT_FOR_CONCURRENT_GC blocked 15ms
10-13 09:26:03.871: D/dalvikvm(1705): WAIT_FOR_CONCURRENT_GC blocked 15ms
10-13 09:26:03.871: D/dalvikvm(1705): WAIT_FOR_CONCURRENT_GC blocked 11ms
10-13 09:26:03.911: D/dalvikvm(5539): GC_CONCURRENT freed 361K, 13% free 2844K/3264K, paused 7ms+1ms, total 10ms
10-13 09:26:03.911: D/dalvikvm(4743): GC_CONCURRENT freed 729K, 17% free 5338K/6384K, paused 1ms+0ms, total 11ms
10-13 09:26:03.921: D/dalvikvm(5084): GC_CONCURRENT freed 231K, 9% free 2947K/3232K, paused 2ms+0ms, total 6ms
10-13 09:26:03.931: I/DownloadManager(5084): Download 29 starting
10-13 09:26:03.931: W/ActivityThread(5084): ClassLoader.loadClass: The class loader returned by Thread.getContextClassLoader() may fail for processes that host multiple applications. You should explicitly specify a context class loader. For example: Thread.setContextClassLoader(getClass().getClassLoader());
10-13 09:26:03.941: W/Conscrypt(4743): Could not set socket write timeout:
10-13 09:26:03.941: W/Conscrypt(4743):    java.lang.reflect.Method.invokeNative(Native Method)
10-13 09:26:03.941: W/Conscrypt(4743):    java.lang.reflect.Method.invoke(Method.java:515)
10-13 09:26:03.941: W/Conscrypt(4743): Could not set socket write timeout:
10-13 09:26:03.951: W/Conscrypt(4743):    java.lang.reflect.Method.invokeNative(Native Method)
10-13 09:26:03.951: W/Conscrypt(4743):    java.lang.reflect.Method.invoke(Method.java:515)
10-13 09:26:03.971: D/dalvikvm(5084): GC_CONCURRENT freed 200K, 8% free 3156K/3408K, paused 1ms+2ms, total 5ms
10-13 09:26:03.991: D/dalvikvm(1705): GC_FOR_ALLOC freed 1736K, 17% free 10675K/12788K, paused 17ms, total 19ms
10-13 09:26:04.031: D/dalvikvm(1705): GC_FOR_ALLOC freed 1707K, 17% free 10672K/12788K, paused 17ms, total 18ms
10-13 09:26:04.041: W/Auth(4743): [GetToken] GetToken failed with status code: INVALID_SCOPE
10-13 09:26:04.041: E/CheckinRequestBuilder(4726): Unrecoverable authentication exception: INVALID_SCOPE
10-13 09:26:04.041: E/CheckinRequestBuilder(4726): dyj: INVALID_SCOPE
10-13 09:26:04.041: E/CheckinRequestBuilder(4726): 	at dyn.a(:com.google.android.gms@11519070:16)
10-13 09:26:04.041: E/CheckinRequestBuilder(4726): 	at dym.a(:com.google.android.gms@11519070:2)
10-13 09:26:04.041: E/CheckinRequestBuilder(4726): 	at dym.e(:com.google.android.gms@11519070:6)
10-13 09:26:04.041: E/CheckinRequestBuilder(4726): 	at dyk.f(:com.google.android.gms@11519070:3)
10-13 09:26:04.041: E/CheckinRequestBuilder(4726): 	at dyk.a(:com.google.android.gms@11519070:4)
10-13 09:26:04.041: E/CheckinRequestBuilder(4726): 	at hfb.a(:com.google.android.gms@11519070:219)
10-13 09:26:04.041: E/CheckinRequestBuilder(4726): 	at hgb.a(:com.google.android.gms@11519070:18)
10-13 09:26:04.041: E/CheckinRequestBuilder(4726): 	at hgb.a(:com.google.android.gms@11519070:182)
10-13 09:26:04.041: E/CheckinRequestBuilder(4726): 	at com.google.android.gms.checkin.CheckinChimeraService.a(:com.google.android.gms@11519070:149)
10-13 09:26:04.041: E/CheckinRequestBuilder(4726): 	at hex.run(:com.google.android.gms@11519070:2)
10-13 09:26:04.041: E/CheckinRequestBuilder(4726): 	at jqa.run(:com.google.android.gms@11519070:25)
10-13 09:26:04.041: E/CheckinRequestBuilder(4726): 	at java.util.concurrent.ThreadPoolExecutor.runWorker(ThreadPoolExecutor.java:1112)
10-13 09:26:04.041: E/CheckinRequestBuilder(4726): 	at java.util.concurrent.ThreadPoolExecutor$Worker.run(ThreadPoolExecutor.java:587)
10-13 09:26:04.041: E/CheckinRequestBuilder(4726): 	at jvj.run(:com.google.android.gms@11519070)
10-13 09:26:04.041: E/CheckinRequestBuilder(4726): 	at java.lang.Thread.run(Thread.java:841)
10-13 09:26:04.061: I/DownloadManager(5084): Ignoring Content-Length since Transfer-Encoding is also defined
10-13 09:26:04.101: D/dalvikvm(1705): GC_FOR_ALLOC freed 1734K, 17% free 10686K/12788K, paused 34ms, total 35ms
10-13 09:26:04.101: D/dalvikvm(4726): GC_CONCURRENT freed 3397K, 20% free 14376K/17824K, paused 2ms+2ms, total 50ms
10-13 09:26:04.121: I/DownloadManager(5084): Download 29 finished with status SUCCESS
10-13 09:26:04.121: E/UpdateRequestReceiver(5539): Received malformed URL while handling Gservices.CHANGED_ACTION
10-13 09:26:04.121: I/ActivityManager(1705): Resuming delayed broadcast
10-13 09:26:04.131: W/ContextImpl(5539): Implicit intents with startService are not safe: Intent { act=com.google.android.configupdater.SmsShortCodes.START (has extras) } android.content.ContextWrapper.startService:494 android.content.ContextWrapper.startService:494 com.google.android.configupdater.UpdateRequestReceiver.startUpdate:219 
10-13 09:26:04.131: I/UpdateFetcherService(5539): Update started
10-13 09:26:04.131: I/ActivityManager(1705): Delay finish: com.google.android.configupdater/.SmsShortCodes.SmsShortCodesUpdateRequestReceiver
10-13 09:26:04.141: D/dalvikvm(5084): GC_CONCURRENT freed 374K, 12% free 3173K/3600K, paused 1ms+0ms, total 6ms
10-13 09:26:04.161: D/dalvikvm(1705): GC_FOR_ALLOC freed 1798K, 17% free 10694K/12788K, paused 17ms, total 18ms
10-13 09:26:04.171: E/ProcessCheckinRequest(4726): CheckinNowTaskTag : Checkin Succeeded: https://android.clients.google.com/checkin (request #1): 
10-13 09:26:04.171: I/DownloadManager(5084): Download 30 starting
10-13 09:26:04.181: I/GAV2(5324): Thread[GAThread,5,main]: No campaign data found.
10-13 09:26:04.181: E/UpdateRequestReceiver(5539): Received malformed URL while handling Gservices.CHANGED_ACTION
10-13 09:26:04.181: E/UpdateRequestReceiver(5539): Received malformed URL while handling Gservices.CHANGED_ACTION
10-13 09:26:04.181: D/AlertService(4634): Beginning updateAlertNotification
10-13 09:26:04.181: I/ActivityManager(1705): Resuming delayed broadcast
10-13 09:26:04.191: E/UpdateRequestReceiver(5539): Received malformed URL while handling Gservices.CHANGED_ACTION
10-13 09:26:04.191: I/DownloadManager(5084): Ignoring Content-Length since Transfer-Encoding is also defined
10-13 09:26:04.191: D/AlertService(4634): No fired or scheduled alerts
10-13 09:26:04.191: D/AlertService(4634): Scheduling next alarm with AlarmScheduler. sEventReminderReceived: null
10-13 09:26:04.191: I/ActivityManager(1705): Delay finish: com.google.android.partnersetup/.GservicesChangedReceiver
10-13 09:26:04.201: D/dalvikvm(4216): GC_CONCURRENT freed 353K, 13% free 2898K/3304K, paused 0ms+1ms, total 3ms
10-13 09:26:04.201: I/GeofencerStateMachine(4764): sendQueryLocationOptIn
10-13 09:26:04.201: I/GeofencerStateMachine(4764): Network location disabled.
10-13 09:26:04.211: I/GeofencerStateMachine(4764): sendQueryLocationOptIn
10-13 09:26:04.211: I/GeofencerStateMachine(4764): sendQueryLocationOptIn
10-13 09:26:04.211: I/GeofencerStateMachine(4764): sendQueryLocationOptIn
10-13 09:26:04.221: D/AlarmScheduler(4634): No events found starting within 1 week.
10-13 09:26:04.221: I/GeofencerStateMachine(4764): sendQueryLocationOptIn
10-13 09:26:04.221: I/GeofencerStateMachine(4764): sendQueryLocationOptIn
10-13 09:26:04.221: I/ActivityManager(1705): Resuming delayed broadcast
10-13 09:26:04.231: I/GeofencerStateMachine(4764): sendQueryLocationOptIn
10-13 09:26:04.251: D/dalvikvm(1705): GC_FOR_ALLOC freed 1832K, 17% free 10664K/12788K, paused 16ms, total 16ms
10-13 09:26:04.261: I/DownloadManager(5084): Download 30 finished with status SUCCESS
10-13 09:26:04.261: I/Search.GservicesUpdateTask(4247): Updating Gservices keys
10-13 09:26:04.271: E/ChimeraProxyRslvr(4726): Failed to instantiate com.google.android.gms.checkin.CheckinChimeraService$Receiver: java.lang.ClassNotFoundException: Didn't find class "com.google.android.gms.checkin.CheckinChimeraService$Receiver" on path: DexPathList[[zip file "/system/framework/com.android.media.remotedisplay.jar", zip file "/system/framework/com.android.location.provider.jar", zip file "/data/app/com.google.android.gms-1.apk", zip file "/data/user/0/com.google.android.gms/code_cache/secondary-dexes/com.google.android.gms-1.apk.classes2.zip", zip file "/data/user/0/com.google.android.gms/code_cache/secondary-dexes/com.google.android.gms-1.apk.classes3.zip", zip file "/data/user/0/com.google.android.gms/code_cache/secondary-dexes/com.google.android.gms-1.apk.classes4.zip", zip file "/data/user/0/com.google.android.gms/code_cache/secondary-dexes/com.google.android.gms-1.apk.classes5.zip"],nativeLibraryDirectories=[/data/app-lib/com.google.android.gms-1, /data/app-lib/com.google.android.gms-1, /data/app-lib/com.google.android.gms-1, /data/app-lib/com.google.android.gms-1, /data/app-lib/com.google.android.gms-1, /vendor/lib, /system/lib]]
10-13 09:26:04.271: E/ChimeraRcvrProxy(4726): com.google.android.gms.checkin.CheckinServiceReceiver dropping broadcast com.google.gservices.intent.action.GSERVICES_CHANGED
10-13 09:26:04.301: D/dalvikvm(4743): GC_CONCURRENT freed 683K, 15% free 5439K/6384K, paused 2ms+1ms, total 30ms
10-13 09:26:04.331: W/NetRec(4764): [211] ConfigChangedIntentOperation.onHandleIntent: Device does not support scoring, exiting
10-13 09:26:04.331: I/GCoreUlr(4764): Starting service, intent=Intent { act=com.google.android.location.reporting.ACTION_UPDATE_WORLD cmp=com.google.android.gms/com.google.android.location.reporting.service.DispatchingService (has extras) }, extras=Bundle[{receiverAction=com.google.gservices.intent.action.GSERVICES_CHANGED}]
10-13 09:26:04.331: W/ConfigurationChimeraProvider(4764): Got null configs for com.google.android.gms.chromesync
10-13 09:26:04.351: D/dalvikvm(1705): GC_FOR_ALLOC freed 1717K, 17% free 10734K/12788K, paused 15ms, total 16ms
10-13 09:26:04.351: I/dalvikvm(4726): Could not find method android.system.Os.symlink, referenced from method buy.a
10-13 09:26:04.351: W/dalvikvm(4726): VFY: unable to resolve static method 1334: Landroid/system/Os;.symlink (Ljava/lang/String;Ljava/lang/String;)V
10-13 09:26:04.351: D/dalvikvm(4726): VFY: replacing opcode 0x71 at 0x002c
10-13 09:26:04.371: E/ConfigFileUtils(4726): Failed to read config file: /data/data/com.google.android.gms/app_chimera/current_modulesets.pb: open failed: ENOENT (No such file or directory)
10-13 09:26:04.401: D/dalvikvm(4764): GC_CONCURRENT freed 1147K, 19% free 6445K/7884K, paused 2ms+2ms, total 38ms
10-13 09:26:04.401: D/dalvikvm(5539): GC_CONCURRENT freed 367K, 13% free 2866K/3284K, paused 0ms+0ms, total 3ms
10-13 09:26:04.411: W/ActivityManager(1705): Unable to start service Intent { cmp=com.google.android.gms/.analytics.service.RefreshEnabledStateService } U=0: not found
10-13 09:26:04.421: W/ConfigurationChimeraProvider(4764): Got null configs for com.google.android.gms.ads
10-13 09:26:04.451: D/dalvikvm(4743): GC_EXPLICIT freed 305K, 16% free 5387K/6384K, paused 0ms+1ms, total 37ms
10-13 09:26:04.451: D/dalvikvm(1705): GC_FOR_ALLOC freed 1750K, 17% free 10691K/12788K, paused 21ms, total 21ms
10-13 09:26:04.481: W/ContextImpl(5539): Implicit intents with startService are not safe: Intent { act=com.google.android.configupdater.CertPin.NEW_METADATA (has extras) } android.content.ContextWrapper.startService:494 android.content.ContextWrapper.startService:494 com.google.android.configupdater.UpdateRequestReceiver.handleMetadataDownload:244 
10-13 09:26:04.491: D/dalvikvm(1705): GC_FOR_ALLOC freed 1692K, 17% free 10697K/12788K, paused 20ms, total 20ms
10-13 09:26:04.501: D/dalvikvm(4726): GC_FOR_ALLOC freed 1248K, 19% free 14523K/17824K, paused 64ms, total 67ms
10-13 09:26:04.501: I/dalvikvm-heap(4726): Grow heap (frag case) to 15.229MB for 1048588-byte allocation
10-13 09:26:04.521: I/GCoreUlr(4764): WorldUpdater received intent Intent { act=com.google.android.location.reporting.ACTION_UPDATE_WORLD cmp=com.google.android.gms/com.google.android.location.reporting.service.DispatchingService (has extras) } with receiverAction com.google.gservices.intent.action.GSERVICES_CHANGED
10-13 09:26:04.531: D/dalvikvm(5539): GC_CONCURRENT freed 398K, 14% free 2872K/3328K, paused 0ms+0ms, total 3ms
10-13 09:26:04.531: I/ActivityManager(1705): Delay finish: com.google.android.gsf/.settings.GoogleLocationSettings$LocationSettingsChangedListener
10-13 09:26:04.531: I/ActivityManager(1705): Resuming delayed broadcast
10-13 09:26:04.551: D/dalvikvm(4726): GC_FOR_ALLOC freed 4K, 18% free 15542K/18852K, paused 50ms, total 50ms
10-13 09:26:04.561: V/EmulatedCamera_Factory(1331): getCameraInfo: id = 0
10-13 09:26:04.561: V/EmulatedCamera_Camera(1331): getCameraInfo
10-13 09:26:04.561: V/EmulatedCamera_BaseCamera(1331): getCameraInfo
10-13 09:26:04.561: I/OcrModelUpStIntentOp(4726): Updating ocr activity enabled=true (phenotypeFlag=true, lowRamDevice=false, prereqCheck=true)
10-13 09:26:04.591: W/ContextImpl(5539): Implicit intents with startService are not safe: Intent { act=com.google.android.configupdater.SmsShortCodes.NEW_METADATA (has extras) } android.content.ContextWrapper.startService:494 android.content.ContextWrapper.startService:494 com.google.android.configupdater.UpdateRequestReceiver.handleMetadataDownload:244 
10-13 09:26:04.591: I/DownloadManager(5084): Download 31 starting
10-13 09:26:04.591: I/ActivityManager(1705): Delay finish: com.google.android.configupdater/.SmsShortCodes.SmsShortCodesUpdateRequestReceiver
10-13 09:26:04.601: D/dalvikvm(5539): GC_CONCURRENT freed 386K, 14% free 2887K/3348K, paused 1ms+0ms, total 3ms
10-13 09:26:04.611: I/Auth(4743): [BroadcastManager] Broadcasting account services changed.
10-13 09:26:04.621: D/dalvikvm(4726): GC_FOR_ALLOC freed 1829K, 25% free 14482K/19208K, paused 42ms, total 43ms
10-13 09:26:04.621: I/ActivityManager(1705): Resuming delayed broadcast
10-13 09:26:04.651: W/GmsModuleProvider(4726): Unknown dynamite feature flags
10-13 09:26:04.651: I/DynamiteModule(4726): Considering local module com.google.android.gms.flags:2 and remote module com.google.android.gms.flags:0
10-13 09:26:04.651: I/DynamiteModule(4726): Selected local version of com.google.android.gms.flags
10-13 09:26:04.651: I/GoogleURLConnFactory(4726): Using platform SSLCertificateSocketFactory
10-13 09:26:04.671: D/dalvikvm(5084): GC_CONCURRENT freed 298K, 10% free 3268K/3620K, paused 4ms+1ms, total 7ms
10-13 09:26:04.681: I/DownloadManager(5084): Ignoring Content-Length since Transfer-Encoding is also defined
10-13 09:26:04.701: D/dalvikvm(4726): GC_FOR_ALLOC freed 1480K, 25% free 14509K/19208K, paused 31ms, total 31ms
10-13 09:26:04.731: I/Remoter(1339): Saved screenshot to '/data/screenshots/__pmv__-0083.jpg'
10-13 09:26:04.741: W/Auth(4743): [GetToken] GetToken failed with status code: INVALID_SCOPE
10-13 09:26:04.741: W/Search.LoginHelper(4247): Google auth exception for scope: oauth2:https://www.googleapis.com/auth/googlenow
10-13 09:26:04.761: D/dalvikvm(4726): GC_FOR_ALLOC freed 1107K, 25% free 14484K/19208K, paused 32ms, total 32ms
10-13 09:26:04.781: W/Conscrypt(4743): Could not set socket write timeout:
10-13 09:26:04.781: W/Conscrypt(4743):    java.lang.reflect.Method.invokeNative(Native Method)
10-13 09:26:04.781: W/Conscrypt(4743):    java.lang.reflect.Method.invoke(Method.java:515)
10-13 09:26:04.781: D/dalvikvm(1705): GC_CONCURRENT freed 1930K, 16% free 10748K/12788K, paused 11ms+2ms, total 68ms
10-13 09:26:04.781: D/dalvikvm(1705): WAIT_FOR_CONCURRENT_GC blocked 5ms
10-13 09:26:04.781: D/dalvikvm(1705): WAIT_FOR_CONCURRENT_GC blocked 3ms
10-13 09:26:04.781: D/dalvikvm(1705): WAIT_FOR_CONCURRENT_GC blocked 3ms
10-13 09:26:04.781: D/dalvikvm(1705): WAIT_FOR_CONCURRENT_GC blocked 6ms
10-13 09:26:04.781: I/DownloadManager(5084): Download 32 starting
10-13 09:26:04.801: I/DownloadManager(5084): Ignoring Content-Length since Transfer-Encoding is also defined
10-13 09:26:04.801: W/Conscrypt(4743): Could not set socket write timeout:
10-13 09:26:04.801: W/Conscrypt(4743):    java.lang.reflect.Method.invokeNative(Native Method)
10-13 09:26:04.801: W/Conscrypt(4743):    java.lang.reflect.Method.invoke(Method.java:515)
10-13 09:26:04.801: I/DownloadManager(5084): Download 31 finished with status SUCCESS
10-13 09:26:04.811: D/dalvikvm(4726): GC_FOR_ALLOC freed 1027K, 25% free 14482K/19208K, paused 38ms, total 38ms
10-13 09:26:04.811: W/Auth(4743): [GetToken] GetToken failed with status code: INVALID_SCOPE
10-13 09:26:04.821: W/Search.LoginHelper(4247): Google auth exception for scope: oauth2:https://www.googleapis.com/auth/googlenow
10-13 09:26:04.831: D/dalvikvm(4247): GC_CONCURRENT freed 400K, 11% free 3704K/4156K, paused 0ms+0ms, total 4ms
10-13 09:26:04.841: W/ContextImpl(5539): Implicit intents with startService are not safe: Intent { act=com.google.android.configupdater.CertPin.NEW_CONTENT (has extras) } android.content.ContextWrapper.startService:494 android.content.ContextWrapper.startService:494 com.google.android.configupdater.UpdateRequestReceiver.handleContentDownload:231 
10-13 09:26:04.841: D/dalvikvm(4726): GC_FOR_ALLOC freed 776K, 25% free 14487K/19208K, paused 28ms, total 28ms
10-13 09:26:04.851: D/dalvikvm(5539): GC_CONCURRENT freed 404K, 14% free 2920K/3376K, paused 0ms+1ms, total 5ms
10-13 09:26:04.861: I/UpdateFetcherService(5539): Update downloaded, starting installation
10-13 09:26:04.861: I/UpdateFetcherService(5539): Started installation
10-13 09:26:04.871: I/ConfigUpdateInstallReceiver(1705): Not installing, new version is <= current version
10-13 09:26:04.881: D/dalvikvm(4726): GC_FOR_ALLOC freed 1031K, 25% free 14482K/19208K, paused 25ms, total 25ms
10-13 09:26:04.881: I/DownloadManager(5084): Download 32 finished with status SUCCESS
10-13 09:26:04.881: E/ConfigFileUtils(4726): Failed to read config file: /data/data/com.google.android.gms/app_chimera/current_modulesets.pb: open failed: ENOENT (No such file or directory)
10-13 09:26:04.891: D/dalvikvm(4743): GC_EXPLICIT freed 841K, 16% free 5428K/6388K, paused 1ms+1ms, total 139ms
10-13 09:26:04.901: I/GCoreUlr(4764): WorldUpdater:com.google.gservices.intent.action.GSERVICES_CHANGED: Ensuring that reporting is stopped because of reasons: {account#19#=[InactiveReason{mIdentifier=10, mName='AuthError'}, InactiveReason{mIdentifier=6, mName='ReportingNotEnabled'}, InactiveReason{mIdentifier=14, mName='HistoryNotEnabled'}]}
10-13 09:26:04.931: W/ContextImpl(5539): Implicit intents with startService are not safe: Intent { act=com.google.android.configupdater.SmsShortCodes.NEW_CONTENT (has extras) } android.content.ContextWrapper.startService:494 android.content.ContextWrapper.startService:494 com.google.android.configupdater.UpdateRequestReceiver.handleContentDownload:231 
10-13 09:26:04.941: D/dalvikvm(5539): GC_CONCURRENT freed 505K, 16% free 2920K/3476K, paused 1ms+0ms, total 3ms
10-13 09:26:04.951: I/GCoreUlr(4764): Unbound from all location providers
10-13 09:26:04.951: I/GCoreUlr(4764): Place inference reporting - stop
10-13 09:26:04.951: I/GCoreUlr(4764): Unregistering for aliased place alerts.
10-13 09:26:04.951: D/dalvikvm(4726): GC_FOR_ALLOC freed 1005K, 24% free 14692K/19208K, paused 38ms, total 38ms
10-13 09:26:04.951: W/Auth(4743): [GetToken] GetToken failed with status code: INVALID_SCOPE
10-13 09:26:04.961: I/OcrModelUpStIntentOp(4726): Downloading text recognizer
10-13 09:26:04.961: I/UpdateFetcherService(5539): Update downloaded, starting installation
10-13 09:26:04.961: I/UpdateFetcherService(5539): Started installation
10-13 09:26:04.961: E/Auth.Api.Credentials(4726): [SyncManager] Error during the sync.
10-13 09:26:04.961: E/Auth.Api.Credentials(4726): dyj: INVALID_SCOPE
10-13 09:26:04.961: E/Auth.Api.Credentials(4726): 	at dyn.a(:com.google.android.gms@11519070:16)
10-13 09:26:04.961: E/Auth.Api.Credentials(4726): 	at dym.a(:com.google.android.gms@11519070:2)
10-13 09:26:04.961: E/Auth.Api.Credentials(4726): 	at dym.e(:com.google.android.gms@11519070:6)
10-13 09:26:04.961: E/Auth.Api.Credentials(4726): 	at dym.d(:com.google.android.gms@11519070:1)
10-13 09:26:04.961: E/Auth.Api.Credentials(4726): 	at dyk.b(:com.google.android.gms@11519070:1)
10-13 09:26:04.961: E/Auth.Api.Credentials(4726): 	at jlb.b(:com.google.android.gms@11519070)
10-13 09:26:04.961: E/Auth.Api.Credentials(4726): 	at jjs.b(:com.google.android.gms@11519070:5)
10-13 09:26:04.961: E/Auth.Api.Credentials(4726): 	at jki.b(:com.google.android.gms@11519070:9)
10-13 09:26:04.961: E/Auth.Api.Credentials(4726): 	at jki.a(:com.google.android.gms@11519070:16)
10-13 09:26:04.961: E/Auth.Api.Credentials(4726): 	at jki.a(:com.google.android.gms@11519070:32)
10-13 09:26:04.961: E/Auth.Api.Credentials(4726): 	at emk.b(:com.google.android.gms@11519070:45)
10-13 09:26:04.961: E/Auth.Api.Credentials(4726): 	at eql.a(:com.google.android.gms@11519070:4)
10-13 09:26:04.961: E/Auth.Api.Credentials(4726): 	at eqj.a(:com.google.android.gms@11519070:84)
10-13 09:26:04.961: E/Auth.Api.Credentials(4726): 	at eqi.a(:com.google.android.gms@11519070:60)
10-13 09:26:04.961: E/Auth.Api.Credentials(4726): 	at jpd.onPerformSync(:com.google.android.gms@11519070:6)
10-13 09:26:04.961: E/Auth.Api.Credentials(4726): 	at android.content.AbstractThreadedSyncAdapter$SyncThread.run(AbstractThreadedSyncAdapter.java:259)
10-13 09:26:04.981: I/GCoreUlr(4764): DispatchingService.onDestroy()
10-13 09:26:04.981: I/GCoreUlr(4764): Stopping handler for UlrDispSvcFast
10-13 09:26:04.981: I/ConfigUpdateInstallReceiver(1705): Not installing, new version is <= current version
10-13 09:26:04.991: D/DownloadManager(5084): Download 32 already finished; skipping
10-13 09:26:04.991: I/Places(4764): ?: Couldn't find platform key file.
10-13 09:26:04.991: I/GCoreUlr(4764): Unbound from all location providers
10-13 09:26:04.991: I/GCoreUlr(4764): Place inference reporting - stop
10-13 09:26:04.991: I/GCoreUlr(4764): Unregistering for aliased place alerts.
10-13 09:26:04.991: W/UdcContextManagerHelper(4764): Empty context buffer. Thus might mean that the context is not synced down.
10-13 09:26:04.991: W/UploadOptInStatusOp(4764): Empty context model while retrieving upload opt-in status!
10-13 09:26:05.021: D/dalvikvm(4726): GC_FOR_ALLOC freed 1812K, 23% free 14859K/19208K, paused 36ms, total 36ms
10-13 09:26:05.031: I/dalvikvm(4726): Could not find method android.bluetooth.BluetoothAdapter.isBleScanAlwaysAvailable, referenced from method jte.b
10-13 09:26:05.031: W/dalvikvm(4726): VFY: unable to resolve virtual method 3234: Landroid/bluetooth/BluetoothAdapter;.isBleScanAlwaysAvailable ()Z
10-13 09:26:05.031: D/dalvikvm(4726): VFY: replacing opcode 0x6e at 0x000e
10-13 09:26:05.031: I/GeofencerStateMachine(4764): removeGeofences: removeRequest=RemoveGeofencingRequest[REMOVE_BY_PENDING_INTENT pendingIntent=PendingIntent[creatorPackage=com.google.android.gms], packageName=null]
10-13 09:26:05.041: I/GeofencerStateMachine(4764): removeGeofences: removeRequest=RemoveGeofencingRequest[REMOVE_BY_PENDING_INTENT pendingIntent=PendingIntent[creatorPackage=com.google.android.gms], packageName=null]
10-13 09:26:05.041: I/GeofencerStateMachine(4764): removeGeofences: removeRequest=RemoveGeofencingRequest[REMOVE_BY_PENDING_INTENT pendingIntent=PendingIntent[creatorPackage=com.google.android.gms], packageName=null]
10-13 09:26:05.051: I/FontsSharedState(4726): Updating from directory version 0 to 7 from disk
10-13 09:26:05.061: E/ctxmgr(4764): [NetworkUtil]No active synchronizable contexts.
10-13 09:26:05.061: I/Places(4764): ?: Couldn't find platform key file.
10-13 09:26:05.081: D/dalvikvm(1705): GC_CONCURRENT freed 1928K, 16% free 10767K/12788K, paused 2ms+1ms, total 34ms
10-13 09:26:05.091: D/dalvikvm(4726): GC_FOR_ALLOC freed 1515K, 22% free 15078K/19208K, paused 24ms, total 24ms
10-13 09:26:05.111: I/Vision(4726): Engine already satisfied by existing download for ocr
10-13 09:26:05.111: I/GeofencerStateMachine(4764): removeGeofences: removeRequest=RemoveGeofencingRequest[REMOVE_BY_PENDING_INTENT pendingIntent=PendingIntent[creatorPackage=com.google.android.gms], packageName=null]
10-13 09:26:05.111: I/GeofencerStateMachine(4764): removeGeofences: removeRequest=RemoveGeofencingRequest[REMOVE_BY_PENDING_INTENT pendingIntent=PendingIntent[creatorPackage=com.google.android.gms], packageName=null]
10-13 09:26:05.131: I/ActivityManager(1705): Killing 2673:com.google.android.deskclock/u0a31 (adj 15): empty #17
10-13 09:26:05.141: D/dalvikvm(4764): GC_CONCURRENT freed 944K, 16% free 6637K/7884K, paused 2ms+17ms, total 41ms
10-13 09:26:05.141: D/dalvikvm(4764): WAIT_FOR_CONCURRENT_GC blocked 32ms
10-13 09:26:05.151: D/dalvikvm(4726): GC_FOR_ALLOC freed 1081K, 22% free 15073K/19208K, paused 41ms, total 42ms
10-13 09:26:05.161: D/dalvikvm(4764): GC_EXPLICIT freed 311K, 20% free 6325K/7884K, paused 1ms+8ms, total 28ms
10-13 09:26:05.171: W/ConfigurationChimeraProvider(4764): Got null configs for com.google.android.gms.security
10-13 09:26:05.171: I/GeofencerStateMachine(4764): removeGeofences: removeRequest=RemoveGeofencingRequest[REMOVE_BY_PENDING_INTENT pendingIntent=PendingIntent[creatorPackage=com.google.android.gms], packageName=null]
10-13 09:26:05.181: D/dalvikvm(4743): GC_EXPLICIT freed 270K, 16% free 5380K/6388K, paused 0ms+1ms, total 95ms
10-13 09:26:05.191: D/dalvikvm(4726): GC_FOR_ALLOC freed 1036K, 22% free 15068K/19208K, paused 24ms, total 24ms
10-13 09:26:05.191: W/ConfigurationChimeraProvider(4764): Got null configs for com.google.android.gms.mdm
10-13 09:26:05.201: I/Auth(4743): [ReflectiveChannelBinder] Successfully bound channel!
10-13 09:26:05.221: D/dalvikvm(4726): GC_FOR_ALLOC freed 792K, 22% free 15075K/19208K, paused 24ms, total 24ms
10-13 09:26:05.221: W/Conscrypt(4743): Could not set socket write timeout:
10-13 09:26:05.221: W/Conscrypt(4743):    java.lang.reflect.Method.invokeNative(Native Method)
10-13 09:26:05.221: W/Conscrypt(4743):    java.lang.reflect.Method.invoke(Method.java:515)
10-13 09:26:05.231: W/Conscrypt(4743): Could not set socket write timeout:
10-13 09:26:05.231: W/Conscrypt(4743):    java.lang.reflect.Method.invokeNative(Native Method)
10-13 09:26:05.231: W/Conscrypt(4743):    java.lang.reflect.Method.invoke(Method.java:515)
10-13 09:26:05.231: I/PackageManager(1705): Running dexopt on: org.gnucash.android
10-13 09:26:05.231: W/linker(5627): libdvm.so has text relocations. This is wasting memory and is a security risk. Please fix.
10-13 09:26:05.251: D/dalvikvm(4726): GC_FOR_ALLOC freed 1051K, 22% free 15068K/19208K, paused 23ms, total 23ms
10-13 09:26:05.261: E/ConfigFileUtils(4726): Failed to read config file: /data/data/com.google.android.gms/app_chimera/current_modulesets.pb: open failed: ENOENT (No such file or directory)
10-13 09:26:05.261: I/CmaSystemUpdateService(4726): StartServiceIntentOperation: Intent { act=com.google.gservices.intent.action.GSERVICES_CHANGED flg=0x10 cmp=com.google.android.gms/.chimera.GmsIntentOperationService$PersistentInternalReceiver }
10-13 09:26:05.271: W/dalvikvm(4726): VFY: unable to find class referenced in signature (Landroid/os/UpdateEngineCallback;)
10-13 09:26:05.271: I/CmaSystemUpdateService(4726): receiver: Intent { act=com.google.gservices.intent.action.GSERVICES_CHANGED flg=0x10 cmp=com.google.android.gms/.chimera.GmsIntentOperationService$PersistentInternalReceiver }
10-13 09:26:05.281: I/SystemUpdate(4726): [Installation,ReceiverIntentOperation] Received intent: Intent { act=com.google.gservices.intent.action.GSERVICES_CHANGED flg=0x10 cmp=com.google.android.gms/.chimera.GmsIntentOperationService$PersistentInternalReceiver }.
10-13 09:26:05.301: I/dalvikvm(4726): Could not find method android.os.PowerManager.isDeviceIdleMode, referenced from method aegh.a
10-13 09:26:05.301: W/dalvikvm(4726): VFY: unable to resolve virtual method 28872: Landroid/os/PowerManager;.isDeviceIdleMode ()Z
10-13 09:26:05.301: D/dalvikvm(4726): VFY: replacing opcode 0x6e at 0x000e
10-13 09:26:05.301: W/ConfigurationChimeraProvider(4764): Got null configs for com.google.android.gms.update
10-13 09:26:05.311: W/ChimeraUtils(4726): Non Chimera context
10-13 09:26:05.311: W/Auth(4743): [GetToken] GetToken failed with status code: INVALID_SCOPE
10-13 09:26:05.311: W/AuthSessionAuthenticato(4764): Auth related exception is being ignored: INVALID_SCOPE
10-13 09:26:05.311: W/GLSUser(4743): [DeviceKeyStore] Cannot load key: Device key file not found.
10-13 09:26:05.311: W/dalvikvm(4726): VFY: unable to find class referenced in signature (Landroid/app/admin/SystemUpdatePolicy;)
10-13 09:26:05.311: I/dalvikvm(4726): Could not find method android.app.admin.SystemUpdatePolicy.getPolicyType, referenced from method aegj.b
10-13 09:26:05.311: W/dalvikvm(4726): VFY: unable to resolve virtual method 27695: Landroid/app/admin/SystemUpdatePolicy;.getPolicyType ()I
10-13 09:26:05.311: D/dalvikvm(4726): VFY: replacing opcode 0x6e at 0x004e
10-13 09:26:05.311: W/dalvikvm(4726): VFY: unable to find class referenced in signature (Landroid/app/admin/SystemUpdatePolicy;)
10-13 09:26:05.311: I/dalvikvm(4726): Could not find method android.app.admin.DevicePolicyManager.getSystemUpdatePolicy, referenced from method aegj.b
10-13 09:26:05.311: W/dalvikvm(4726): VFY: unable to resolve virtual method 27692: Landroid/app/admin/DevicePolicyManager;.getSystemUpdatePolicy ()Landroid/app/admin/SystemUpdatePolicy;
10-13 09:26:05.311: D/dalvikvm(4726): VFY: replacing opcode 0x6e at 0x0011
10-13 09:26:05.311: W/dalvikvm(4726): VFY: unable to find class referenced in signature (Landroid/app/admin/SystemUpdatePolicy;)
10-13 09:26:05.311: W/GLSUser(4743): [DeviceKeyStore] Cannot load key: Device key file not found.
10-13 09:26:05.311: W/dalvikvm(4726): Unable to resolve superclass of Laeje; (6315)
10-13 09:26:05.311: W/dalvikvm(4726): Link of class 'Laeje;' failed
10-13 09:26:05.321: W/dalvikvm(4726): Unable to resolve superclass of Laeje; (6315)
10-13 09:26:05.321: W/dalvikvm(4726): Link of class 'Laeje;' failed
10-13 09:26:05.321: W/dalvikvm(4726): Unable to resolve superclass of Laeje; (6315)
10-13 09:26:05.321: W/dalvikvm(4726): Link of class 'Laeje;' failed
10-13 09:26:05.321: W/dalvikvm(4726): Unable to resolve superclass of Laeje; (6315)
10-13 09:26:05.321: W/dalvikvm(4726): Link of class 'Laeje;' failed
10-13 09:26:05.321: I/dalvikvm(4726): Could not find method aeje.c, referenced from method aega.a
10-13 09:26:05.321: W/dalvikvm(4726): VFY: unable to resolve virtual method 789: Laeje;.c ()Z
10-13 09:26:05.321: D/dalvikvm(4726): VFY: replacing opcode 0x6e at 0x003c
10-13 09:26:05.321: I/dalvikvm(4726): Could not find method com.google.android.gms.update.ChimeraSystemUpdateService.getColor, referenced from method aega.a
10-13 09:26:05.321: W/dalvikvm(4726): VFY: unable to resolve virtual method 52052: Lcom/google/android/gms/update/ChimeraSystemUpdateService;.getColor (I)I
10-13 09:26:05.321: D/dalvikvm(4726): VFY: replacing opcode 0x6e at 0x0374
10-13 09:26:05.341: W/dalvikvm(4726): Unable to resolve superclass of Laeje; (6315)
10-13 09:26:05.341: W/dalvikvm(4726): Link of class 'Laeje;' failed
10-13 09:26:05.341: W/dalvikvm(4726): Unable to resolve superclass of Laeje; (6315)
10-13 09:26:05.341: W/dalvikvm(4726): Link of class 'Laeje;' failed
10-13 09:26:05.341: W/dalvikvm(4726): Unable to resolve superclass of Laeje; (6315)
10-13 09:26:05.341: W/dalvikvm(4726): Link of class 'Laeje;' failed
10-13 09:26:05.341: W/dalvikvm(4726): Unable to resolve superclass of Laeje; (6315)
10-13 09:26:05.341: W/dalvikvm(4726): Link of class 'Laeje;' failed
10-13 09:26:05.341: I/dalvikvm(4726): Could not find method aeje.d, referenced from method aega.c
10-13 09:26:05.341: W/dalvikvm(4726): VFY: unable to resolve virtual method 790: Laeje;.d ()V
10-13 09:26:05.341: D/dalvikvm(4726): VFY: replacing opcode 0x6e at 0x000c
10-13 09:26:05.341: W/dalvikvm(4726): Unable to resolve superclass of Laeje; (6315)
10-13 09:26:05.341: E/ctxmgr(4764): [BaseServerTask]Server task (FetchAclSet) got error statusCode=-1.
10-13 09:26:05.341: E/ctxmgr(4764): com.android.volley.VolleyError: Unable to obtain auth token - is the device online?
10-13 09:26:05.341: E/ctxmgr(4764): 	at chx.a(:com.google.android.gms@11519070:39)
10-13 09:26:05.341: E/ctxmgr(4764): 	at cdg.run(:com.google.android.gms@11519070:2)
10-13 09:26:05.341: E/ctxmgr(4764): 	at cde.handleMessage(:com.google.android.gms@11519070:3)
10-13 09:26:05.341: E/ctxmgr(4764): 	at jpq.run(:com.google.android.gms@11519070:6)
10-13 09:26:05.341: E/ctxmgr(4764): 	at jqa.run(:com.google.android.gms@11519070:25)
10-13 09:26:05.341: E/ctxmgr(4764): 	at java.util.concurrent.ThreadPoolExecutor.runWorker(ThreadPoolExecutor.java:1112)
10-13 09:26:05.341: E/ctxmgr(4764): 	at java.util.concurrent.ThreadPoolExecutor$Worker.run(ThreadPoolExecutor.java:587)
10-13 09:26:05.341: E/ctxmgr(4764): 	at jvj.run(:com.google.android.gms@11519070)
10-13 09:26:05.341: E/ctxmgr(4764): 	at java.lang.Thread.run(Thread.java:841)
10-13 09:26:05.341: W/dalvikvm(4726): Link of class 'Laeje;' failed
10-13 09:26:05.341: W/dalvikvm(4726): Unable to resolve superclass of Laeje; (6315)
10-13 09:26:05.341: W/dalvikvm(4726): Link of class 'Laeje;' failed
10-13 09:26:05.341: W/dalvikvm(4726): Unable to resolve superclass of Laeje; (6315)
10-13 09:26:05.351: W/dalvikvm(4726): Link of class 'Laeje;' failed
10-13 09:26:05.351: I/dalvikvm(4726): Could not find method aeje.b, referenced from method aega.r
10-13 09:26:05.351: W/dalvikvm(4726): VFY: unable to resolve virtual method 788: Laeje;.b ()Landroid/net/Network;
10-13 09:26:05.351: D/dalvikvm(4726): VFY: replacing opcode 0x6e at 0x0034
10-13 09:26:05.351: W/dalvikvm(4726): Unable to resolve superclass of Laeje; (6315)
10-13 09:26:05.351: W/dalvikvm(4726): Link of class 'Laeje;' failed
10-13 09:26:05.351: W/dalvikvm(4726): Unable to resolve superclass of Laeiw; (183)
10-13 09:26:05.351: W/dalvikvm(4726): Link of class 'Laeiw;' failed
10-13 09:26:05.351: I/dalvikvm(4726): Could not find method aeiw.a, referenced from method aega.t
10-13 09:26:05.351: W/dalvikvm(4726): VFY: unable to resolve static method 761: Laeiw;.a (Landroid/content/Context;Ljava/util/List;Z)Laeiw;
10-13 09:26:05.351: D/dalvikvm(4726): VFY: replacing opcode 0x71 at 0x001c
10-13 09:26:05.351: W/dalvikvm(4726): Unable to resolve superclass of Laeje; (6315)
10-13 09:26:05.351: W/dalvikvm(4726): Link of class 'Laeje;' failed
10-13 09:26:05.351: W/dalvikvm(4726): Unable to resolve superclass of Laejg; (183)
10-13 09:26:05.351: W/dalvikvm(4726): Link of class 'Laejg;' failed
10-13 09:26:05.351: I/dalvikvm(4726): Could not find method aejg.a, referenced from method aega.t
10-13 09:26:05.351: W/dalvikvm(4726): VFY: unable to resolve static method 796: Laejg;.a (Landroid/content/Context;)Laejg;
10-13 09:26:05.351: D/dalvikvm(4726): VFY: replacing opcode 0x71 at 0x005e
10-13 09:26:05.351: W/dalvikvm(4726): Unable to resolve superclass of Laeje; (6315)
10-13 09:26:05.351: W/dalvikvm(4726): Link of class 'Laeje;' failed
10-13 09:26:05.351: I/dalvikvm(4726): Could not find method android.net.ConnectivityManager.getActiveNetwork, referenced from method aegi.d
10-13 09:26:05.351: W/dalvikvm(4726): VFY: unable to resolve virtual method 28537: Landroid/net/ConnectivityManager;.getActiveNetwork ()Landroid/net/Network;
10-13 09:26:05.351: D/dalvikvm(4726): VFY: replacing opcode 0x6e at 0x0021
10-13 09:26:05.361: W/UdcContextManagerHelper(4764): Empty context buffer. Thus might mean that the context is not synced down.
10-13 09:26:05.381: I/SystemUpdate(4726): [Execution,InstallationEventIntentOperation] Received intent with event 2.
10-13 09:26:05.381: I/dalvikvm(4726): Could not find method android.os.RecoverySystem.cancelScheduledUpdate, referenced from method aehg.a
10-13 09:26:05.381: W/dalvikvm(4726): VFY: unable to resolve static method 28884: Landroid/os/RecoverySystem;.cancelScheduledUpdate (Landroid/content/Context;)V
10-13 09:26:05.381: D/dalvikvm(4726): VFY: replacing opcode 0x71 at 0x002c
10-13 09:26:05.381: W/dalvikvm(4726): Unable to resolve superclass of Laeij; (6392)
10-13 09:26:05.381: W/dalvikvm(4726): Link of class 'Laeij;' failed
10-13 09:26:05.381: E/dalvikvm(4726): Could not find class 'aeij', referenced from method aehg.a
10-13 09:26:05.381: W/dalvikvm(4726): VFY: unable to resolve new-instance 162 (Laeij;) in Laehg;
10-13 09:26:05.381: D/dalvikvm(4726): VFY: replacing opcode 0x22 at 0x0035
10-13 09:26:05.381: W/dalvikvm(4726): Unable to resolve superclass of Laeij; (6392)
10-13 09:26:05.381: W/dalvikvm(4726): Link of class 'Laeij;' failed
10-13 09:26:05.381: D/dalvikvm(4726): DexOpt: unable to opt direct call 0x02bd at 0x37 in Laehg;.a
10-13 09:26:05.381: I/SystemUpdateTask(4726): cancelUpdate (empty URL)
10-13 09:26:05.381: I/CmaSystemUpdateService(4726): active receiver: disabled
10-13 09:26:05.391: W/dalvikvm(4726): Unable to resolve superclass of Laeje; (6315)
10-13 09:26:05.391: W/dalvikvm(4726): Link of class 'Laeje;' failed
10-13 09:26:05.391: W/dalvikvm(4726): Unable to resolve superclass of Laeiw; (183)
10-13 09:26:05.391: W/dalvikvm(4726): Link of class 'Laeiw;' failed
10-13 09:26:05.391: I/dalvikvm(4726): Could not find method aeiw.a, referenced from method aeew.b
10-13 09:26:05.391: W/dalvikvm(4726): VFY: unable to resolve static method 761: Laeiw;.a (Landroid/content/Context;Ljava/util/List;Z)Laeiw;
10-13 09:26:05.391: D/dalvikvm(4726): VFY: replacing opcode 0x71 at 0x00eb
10-13 09:26:05.391: W/dalvikvm(4726): Unable to resolve superclass of Laeje; (6315)
10-13 09:26:05.391: W/dalvikvm(4726): Link of class 'Laeje;' failed
10-13 09:26:05.391: I/dalvikvm(4726): Could not find method aeje.d, referenced from method aeew.b
10-13 09:26:05.391: W/dalvikvm(4726): VFY: unable to resolve virtual method 790: Laeje;.d ()V
10-13 09:26:05.391: D/dalvikvm(4726): VFY: replacing opcode 0x6e at 0x0377
10-13 09:26:05.391: W/dalvikvm(4726): VFY: unable to find class referenced in signature (Landroid/net/Network;)
10-13 09:26:05.391: W/dalvikvm(4726): Unable to resolve superclass of Laeje; (6315)
10-13 09:26:05.391: W/dalvikvm(4726): Link of class 'Laeje;' failed
10-13 09:26:05.391: I/dalvikvm(4726): Could not find method aeje.d, referenced from method aeew.b
10-13 09:26:05.391: W/dalvikvm(4726): VFY: unable to resolve virtual method 790: Laeje;.d ()V
10-13 09:26:05.391: D/dalvikvm(4726): VFY: replacing opcode 0x6e at 0x0321
10-13 09:26:05.391: W/dalvikvm(4726): Unable to resolve superclass of Laeje; (6315)
10-13 09:26:05.391: W/dalvikvm(4726): Link of class 'Laeje;' failed
10-13 09:26:05.391: I/dalvikvm(4726): Could not find method aeje.d, referenced from method aeew.b
10-13 09:26:05.391: W/dalvikvm(4726): VFY: unable to resolve virtual method 790: Laeje;.d ()V
10-13 09:26:05.391: D/dalvikvm(4726): VFY: replacing opcode 0x6e at 0x03e6
10-13 09:26:05.391: W/dalvikvm(4726): Unable to resolve superclass of Laeje; (6315)
10-13 09:26:05.391: W/dalvikvm(4726): Link of class 'Laeje;' failed
10-13 09:26:05.391: I/dalvikvm(4726): Could not find method aeje.d, referenced from method aeew.b
10-13 09:26:05.391: W/dalvikvm(4726): VFY: unable to resolve virtual method 790: Laeje;.d ()V
10-13 09:26:05.391: D/dalvikvm(4726): VFY: replacing opcode 0x6e at 0x0596
10-13 09:26:05.391: W/dalvikvm(4726): Unable to resolve superclass of Laeje; (6315)
10-13 09:26:05.391: W/dalvikvm(4726): Link of class 'Laeje;' failed
10-13 09:26:05.391: I/dalvikvm(4726): Could not find method aeje.d, referenced from method aeew.b
10-13 09:26:05.391: W/dalvikvm(4726): VFY: unable to resolve virtual method 790: Laeje;.d ()V
10-13 09:26:05.391: D/dalvikvm(4726): VFY: replacing opcode 0x6e at 0x05ec
10-13 09:26:05.391: E/ctxmgr(4764): [AccountAclCallback]Failed Acl fetch: network status=-1
10-13 09:26:05.401: W/UploadOptInStatusOp(4764): Empty context model while retrieving upload opt-in status!
10-13 09:26:05.411: D/dalvikvm(4743): GC_EXPLICIT freed 541K, 14% free 5497K/6388K, paused 2ms+9ms, total 31ms
10-13 09:26:05.411: I/SystemUpdate(4726): [Execution,InstallationIntentOperation] Received intent: Intent { act=com.google.android.gms.update.INSTALL_UPDATE cat=[targeted_intent_op_prefix:.update.execution.InstallationIntentOperation] cmp=com.google.android.gms/.chimera.GmsIntentOperationService }.
10-13 09:26:05.421: W/dalvikvm(4726): Unable to resolve superclass of Laeje; (6315)
10-13 09:26:05.421: W/dalvikvm(4726): Link of class 'Laeje;' failed
10-13 09:26:05.421: I/dalvikvm(4726): Could not find method aeje.d, referenced from method aeew.b
10-13 09:26:05.421: W/dalvikvm(4726): VFY: unable to resolve virtual method 790: Laeje;.d ()V
10-13 09:26:05.421: D/dalvikvm(4726): VFY: replacing opcode 0x6e at 0x077f
10-13 09:26:05.421: I/dalvikvm(4726): Could not find method android.system.Os.getuid, referenced from method aeew.b
10-13 09:26:05.421: W/dalvikvm(4726): VFY: unable to resolve static method 29036: Landroid/system/Os;.getuid ()I
10-13 09:26:05.421: D/dalvikvm(4726): VFY: replacing opcode 0x71 at 0x07a9
10-13 09:26:05.431: W/dalvikvm(4726): Unable to resolve superclass of Laeje; (6315)
10-13 09:26:05.431: W/dalvikvm(4726): Link of class 'Laeje;' failed
10-13 09:26:05.431: I/dalvikvm(4726): Could not find method aeje.d, referenced from method aeew.b
10-13 09:26:05.431: W/dalvikvm(4726): VFY: unable to resolve virtual method 790: Laeje;.d ()V
10-13 09:26:05.431: D/dalvikvm(4726): VFY: replacing opcode 0x6e at 0x0811
10-13 09:26:05.441: I/WVCdm(1331): CdmEngine::OpenSession
10-13 09:26:05.441: I/WVCdm(1331): CdmEngine::QueryKeyControlInfo
10-13 09:26:05.441: I/WVCdm(1331): CdmEngine::GenerateKeyRequest
10-13 09:26:05.481: D/WVCdm(1331): PrepareKeyRequest: nonce=1168393279
10-13 09:26:05.511: I/WVCdm(1331): CdmEngine::CloseSession
10-13 09:26:05.561: W/dalvikvm(5627): method Landroid/support/v7/widget/ListViewCompat;.lookForSelectablePosition incorrectly overrides package-private method with same name in Landroid/widget/ListView;
10-13 09:26:05.601: D/dalvikvm(5627): DexOpt: 'Lorg/apache/commons/codec/Decoder;' has an earlier definition; blocking out
10-13 09:26:05.601: D/dalvikvm(5627): DexOpt: 'Lorg/apache/commons/codec/BinaryDecoder;' has an earlier definition; blocking out
10-13 09:26:05.601: D/dalvikvm(5627): DexOpt: 'Lorg/apache/commons/codec/Encoder;' has an earlier definition; blocking out
10-13 09:26:05.601: D/dalvikvm(5627): DexOpt: 'Lorg/apache/commons/codec/BinaryEncoder;' has an earlier definition; blocking out
10-13 09:26:05.601: D/dalvikvm(5627): DexOpt: 'Lorg/apache/commons/codec/DecoderException;' has an earlier definition; blocking out
10-13 09:26:05.601: D/dalvikvm(5627): DexOpt: 'Lorg/apache/commons/codec/EncoderException;' has an earlier definition; blocking out
10-13 09:26:05.601: D/dalvikvm(5627): DexOpt: 'Lorg/apache/commons/codec/StringDecoder;' has an earlier definition; blocking out
10-13 09:26:05.601: D/dalvikvm(5627): DexOpt: 'Lorg/apache/commons/codec/StringEncoder;' has an earlier definition; blocking out
10-13 09:26:05.601: D/dalvikvm(5627): DexOpt: 'Lorg/apache/commons/codec/StringEncoderComparator;' has an earlier definition; blocking out
10-13 09:26:05.601: D/dalvikvm(5627): DexOpt: 'Lorg/apache/commons/codec/binary/Base64;' has an earlier definition; blocking out
10-13 09:26:05.601: D/dalvikvm(5627): DexOpt: 'Lorg/apache/commons/codec/binary/BinaryCodec;' has an earlier definition; blocking out
10-13 09:26:05.601: D/dalvikvm(5627): DexOpt: 'Lorg/apache/commons/codec/binary/Hex;' has an earlier definition; blocking out
10-13 09:26:05.601: D/dalvikvm(5627): DexOpt: 'Lorg/apache/commons/codec/language/DoubleMetaphone$DoubleMetaphoneResult;' has an earlier definition; blocking out
10-13 09:26:05.601: D/dalvikvm(5627): DexOpt: 'Lorg/apache/commons/codec/language/DoubleMetaphone;' has an earlier definition; blocking out
10-13 09:26:05.601: D/dalvikvm(5627): DexOpt: 'Lorg/apache/commons/codec/language/Metaphone;' has an earlier definition; blocking out
10-13 09:26:05.601: D/dalvikvm(5627): DexOpt: 'Lorg/apache/commons/codec/language/RefinedSoundex;' has an earlier definition; blocking out
10-13 09:26:05.601: D/dalvikvm(5627): DexOpt: 'Lorg/apache/commons/codec/language/Soundex;' has an earlier definition; blocking out
10-13 09:26:05.601: D/dalvikvm(5627): DexOpt: 'Lorg/apache/commons/codec/language/SoundexUtils;' has an earlier definition; blocking out
10-13 09:26:05.601: D/dalvikvm(5627): DexOpt: 'Lorg/apache/commons/codec/net/RFC1522Codec;' has an earlier definition; blocking out
10-13 09:26:05.601: D/dalvikvm(5627): DexOpt: 'Lorg/apache/commons/codec/net/BCodec;' has an earlier definition; blocking out
10-13 09:26:05.601: D/dalvikvm(5627): DexOpt: 'Lorg/apache/commons/codec/net/QCodec;' has an earlier definition; blocking out
10-13 09:26:05.601: D/dalvikvm(5627): DexOpt: 'Lorg/apache/commons/codec/net/QuotedPrintableCodec;' has an earlier definition; blocking out
10-13 09:26:05.601: D/dalvikvm(5627): DexOpt: 'Lorg/apache/commons/codec/net/StringEncodings;' has an earlier definition; blocking out
