10-16 19:59:21.609: V/GCMBroadcastReceiver(5843): onReceive: com.google.android.c2dm.intent.REGISTRATION
10-16 19:59:21.609: V/GCMBroadcastReceiver(5843): GCM IntentService class: com.android.vending.GCMIntentService
10-16 19:59:21.620: I/IcingInternalCorpora(5568): Received calendar change notification.
10-16 19:59:21.623: V/GCMBaseIntentService(5843): Acquiring wakelock
10-16 19:59:21.624: W/linker(4867): /data/app/com.google.android.gms-1/lib/x86/libconscrypt_gmscore_jni.so: unused DT entry: type 0x1d arg 0x91
10-16 19:59:21.625: V/GCMBaseIntentService(5843): Intent service name: GCMIntentService-932144863878-1
10-16 19:59:21.632: V/NativeCrypto(4867): Registering com/google/android/gms/org/conscrypt/NativeCrypto's 259 native methods...
10-16 19:59:21.646: E/GCMRegistrar(5843): internal error: retry receiver class not set yet
10-16 19:59:21.646: V/GCMRegistrar(5843): Registering receiver
10-16 19:59:21.647: W/UdcContextManagerHelper(5527): Empty context buffer. Thus might mean that the context is not synced down.
10-16 19:59:21.647: W/UploadOptInStatusOp(5527): Empty context model while retrieving upload opt-in status!
10-16 19:59:21.648: D/GCMBaseIntentService(5843): handleRegistration: registrationId = APA91bE8ormY-2GGPL4FgB7dFZ5cwkdX1tjMU8ATQCC4CGNUylsylaf0TzzX5TIA186_jQaeBSaoFC35OKE_4iW0wfq4EjuInxItBJLESpTHl6eGNRmUpVhI_RIu00euwWj06ltV0ZPA, error = null, unregistered = null
10-16 19:59:21.648: D/GCMRegistrar(5843): resetting backoff for com.android.vending
10-16 19:59:21.648: V/DownloadManager(5894): Deleting /data/data/com.android.providers.downloads/cache/hotword.data via provider delete
10-16 19:59:21.649: V/GCMRegistrar(5843): Saving regId on app version 80420700
10-16 19:59:21.650: W/Auth(5527): [GetToken] GetToken failed with status code: INVALID_SCOPE
10-16 19:59:21.654: W/ConfigurationChimeraProvider(5527): Got null configs for com.google.android.gms.ads
10-16 19:59:21.657: W/Search.LoginHelper(4867): Google auth exception for scope: oauth2:https://www.googleapis.com/auth/googlenow
10-16 19:59:21.657: W/Search.LoginHelper(4867): com.google.android.gms.auth.a: INVALID_SCOPE
10-16 19:59:21.657: W/Search.LoginHelper(4867): 	at com.google.android.gms.auth.b.a(Unknown Source)
10-16 19:59:21.657: W/Search.LoginHelper(4867): 	at com.google.android.gms.auth.b.b(Unknown Source)
10-16 19:59:21.657: W/Search.LoginHelper(4867): 	at com.google.android.gms.auth.b.a(Unknown Source)
10-16 19:59:21.657: W/Search.LoginHelper(4867): 	at com.google.android.apps.gsa.search.core.google.c.m.a(GoogleAuthAdapterImpl.java:29)
10-16 19:59:21.657: W/Search.LoginHelper(4867): 	at com.google.android.apps.gsa.search.core.google.c.k.a(FallingBackGoogleAuthAdapter.java:93)
10-16 19:59:21.657: W/Search.LoginHelper(4867): 	at com.google.android.apps.gsa.search.core.google.c.g.a(CachingGoogleAuthAdapter.java:72)
10-16 19:59:21.657: W/Search.LoginHelper(4867): 	at com.google.android.apps.gsa.search.core.google.c.n.b(LoginHelper.java:829)
10-16 19:59:21.657: W/Search.LoginHelper(4867): 	at com.google.android.apps.gsa.search.core.google.c.n$5.Pe(LoginHelper.java:715)
10-16 19:59:21.657: W/Search.LoginHelper(4867): 	at com.google.android.apps.gsa.search.core.google.c.n$5.call(LoginHelper.java:712)
10-16 19:59:21.657: W/Search.LoginHelper(4867): 	at java.util.concurrent.FutureTask.run(FutureTask.java:237)
10-16 19:59:21.657: W/Search.LoginHelper(4867): 	at java.util.concurrent.Executors$RunnableAdapter.call(Executors.java:423)
10-16 19:59:21.657: W/Search.LoginHelper(4867): 	at java.util.concurrent.FutureTask.run(FutureTask.java:237)
10-16 19:59:21.657: W/Search.LoginHelper(4867): 	at java.util.concurrent.ThreadPoolExecutor.runWorker(ThreadPoolExecutor.java:1113)
10-16 19:59:21.657: W/Search.LoginHelper(4867): 	at java.util.concurrent.ThreadPoolExecutor$Worker.run(ThreadPoolExecutor.java:588)
10-16 19:59:21.657: W/Search.LoginHelper(4867): 	at java.lang.Thread.run(Thread.java:818)
10-16 19:59:21.657: W/Search.LoginHelper(4867): 	at com.google.android.apps.gsa.shared.util.concurrent.a.q$1.run(GsaThreadFactory.java:99)
10-16 19:59:21.657: E/VelvetNetworkClient(4867): Failed to get auth token
10-16 19:59:21.658: V/GCMBaseIntentService(5843): Releasing wakelock
10-16 19:59:21.658: D/Finsky(5843): [1] GcmRegistrationIdHelper.uploadIfNotRegistered: Uploading GcmRegistration Id because not registered yet
10-16 19:59:21.660: I/art(4867): Rejecting re-init on previously-failed class java.lang.Class<com.google.android.gms.org.conscrypt.OpenSSLExtendedSessionImpl>
10-16 19:59:21.660: I/art(4867): Rejecting re-init on previously-failed class java.lang.Class<com.google.android.gms.org.conscrypt.OpenSSLExtendedSessionImpl>
10-16 19:59:21.660: I/art(4867): Rejecting re-init on previously-failed class java.lang.Class<com.google.android.gms.org.conscrypt.OpenSSLExtendedSessionImpl>
10-16 19:59:21.677: I/ProviderInstaller(4867): Installed default security provider GmsCore_OpenSSL
10-16 19:59:21.687: E/BlobDownloadManager(4867): Download ID not found in active set: 28
10-16 19:59:21.692: I/CheckinCompat(5568): Disabling old GoogleServicesFramework version
10-16 19:59:21.732: W/ConfigurationChimeraProvider(5527): Got null configs for com.google.android.gms.mdm
10-16 19:59:21.746: W/Auth(5527): [GetToken] GetToken failed with status code: INVALID_SCOPE
10-16 19:59:21.747: W/Search.LoginHelper(4867): Google auth exception for scope: oauth2:https://www.googleapis.com/auth/googlenow
10-16 19:59:21.747: W/Search.LoginHelper(4867): com.google.android.gms.auth.a: INVALID_SCOPE
10-16 19:59:21.747: W/Search.LoginHelper(4867): 	at com.google.android.gms.auth.b.a(Unknown Source)
10-16 19:59:21.747: W/Search.LoginHelper(4867): 	at com.google.android.gms.auth.b.b(Unknown Source)
10-16 19:59:21.747: W/Search.LoginHelper(4867): 	at com.google.android.gms.auth.b.a(Unknown Source)
10-16 19:59:21.747: W/Search.LoginHelper(4867): 	at com.google.android.apps.gsa.search.core.google.c.m.a(GoogleAuthAdapterImpl.java:29)
10-16 19:59:21.747: W/Search.LoginHelper(4867): 	at com.google.android.apps.gsa.search.core.google.c.k.a(FallingBackGoogleAuthAdapter.java:93)
10-16 19:59:21.747: W/Search.LoginHelper(4867): 	at com.google.android.apps.gsa.search.core.google.c.g.a(CachingGoogleAuthAdapter.java:72)
10-16 19:59:21.747: W/Search.LoginHelper(4867): 	at com.google.android.apps.gsa.search.core.google.c.n.b(LoginHelper.java:829)
10-16 19:59:21.747: W/Search.LoginHelper(4867): 	at com.google.android.apps.gsa.search.core.google.c.n$5.Pe(LoginHelper.java:715)
10-16 19:59:21.747: W/Search.LoginHelper(4867): 	at com.google.android.apps.gsa.search.core.google.c.n$5.call(LoginHelper.java:712)
10-16 19:59:21.747: W/Search.LoginHelper(4867): 	at java.util.concurrent.FutureTask.run(FutureTask.java:237)
10-16 19:59:21.747: W/Search.LoginHelper(4867): 	at java.util.concurrent.Executors$RunnableAdapter.call(Executors.java:423)
10-16 19:59:21.747: W/Search.LoginHelper(4867): 	at java.util.concurrent.FutureTask.run(FutureTask.java:237)
10-16 19:59:21.747: W/Search.LoginHelper(4867): 	at java.util.concurrent.ThreadPoolExecutor.runWorker(ThreadPoolExecutor.java:1113)
10-16 19:59:21.747: W/Search.LoginHelper(4867): 	at java.util.concurrent.ThreadPoolExecutor$Worker.run(ThreadPoolExecutor.java:588)
10-16 19:59:21.747: W/Search.LoginHelper(4867): 	at java.lang.Thread.run(Thread.java:818)
10-16 19:59:21.747: W/Search.LoginHelper(4867): 	at com.google.android.apps.gsa.shared.util.concurrent.a.q$1.run(GsaThreadFactory.java:99)
10-16 19:59:21.747: E/VelvetNetworkClient(4867): Failed to get auth token
10-16 19:59:21.754: E/ctxmgr(5527): [NetworkUtil]No active synchronizable contexts.
10-16 19:59:21.754: E/libEGL(4867): validate_display:255 error 3008 (EGL_BAD_DISPLAY)
10-16 19:59:21.757: D/Finsky(5843): [1] BaseWidgetProvider.onReceive: Received ACTION_APPWIDGET_UPDATE, updating 0 widgets.
10-16 19:59:21.758: I/Authzen(5527): [AccountChangeProcessingIntentOperation] Received onHandleIntent() call: Intent { act=com.google.android.gms.auth.GOOGLE_ACCOUNT_CHANGE cat=[com.google.android.gms.auth.category.ACCOUNT_ADDED] flg=0x10 cmp=com.google.android.gms/.chimera.GmsIntentOperationService$PersistentInternalReceiver (has extras) }
10-16 19:59:21.758: I/Authzen(5527): [AccountChangeProcessingIntentOperation] Handling added account: <ELLIDED:-2054587611>
10-16 19:59:21.759: D/Finsky(5843): [1] BaseWidgetProvider.onReceive: Received ACTION_APPWIDGET_UPDATE, updating 0 widgets.
10-16 19:59:21.760: D/Finsky(5843): [1] BaseWidgetProvider.onReceive: Received ACTION_APPWIDGET_UPDATE, updating 0 widgets.
10-16 19:59:21.771: I/GCoreUlr(5527): Starting service, intent=Intent { act=com.google.android.location.reporting.ACTION_UPDATE_WORLD cmp=com.google.android.gms/com.google.android.location.reporting.service.DispatchingService (has extras) }, extras=Bundle[{receiverAction=com.google.android.gms.auth.GOOGLE_ACCOUNT_CHANGE, accountsAdded=[Account {name=VS2WQVCOVYYT3Y3JQZUPAOQ2II-00@cloudtestlabaccounts.com, type=com.google}]}]
10-16 19:59:21.775: I/Auth(5568): [FRP,FrpUpdateIntentOperation] Frp is not supported for this device / user
10-16 19:59:21.797: I/Authzen(5527): [SyncManager] Sync requested for event 100, account VS2WQVCOVYYT3Y3JQZUPAOQ2II-00@cloudtestlabaccounts.com, and components 3, with reason 7
10-16 19:59:21.797: I/Authzen(5527): [SyncManager] Triggering AuthZen registration...
10-16 19:59:21.814: I/VideoCapabilities(4867): Unsupported profile 4 for video/mp4v-es
10-16 19:59:21.826: I/Authzen(5527): [RegistrationManager] Fetching signing key...
10-16 19:59:21.846: I/Authzen(5527): [KeyService] Creating new signing Keys for handle: device_key
10-16 19:59:21.848: I/Authzen(5527): [SqliteKeyStorage] Adding new credential
10-16 19:59:21.853: I/Authzen(5527): [RegistrationManager] Signing key fetched successfully!
10-16 19:59:21.866: W/ThreadPoolDumper(4867): Queue length for executor AudioRouter with 1 threads is now 8. Perhaps some tasks are too long, or the pool is too small.
10-16 19:59:21.882: I/Authzen(5527): [RegistrationManager] Starting Enrollment...
10-16 19:59:21.935: I/EventLogChimeraService(5568): Accumulating logs since 1508197021413
10-16 19:59:21.949: I/GCoreUlr(5527): WorldUpdater received intent Intent { act=com.google.android.location.reporting.ACTION_UPDATE_WORLD cmp=com.google.android.gms/com.google.android.location.reporting.service.DispatchingService (has extras) } with receiverAction com.google.android.gms.auth.GOOGLE_ACCOUNT_CHANGE
10-16 19:59:21.967: W/Auth(5527): [GetToken] GetToken failed with status code: INVALID_SCOPE
10-16 19:59:21.967: W/AuthSessionAuthenticato(5527): Auth related exception is being ignored: INVALID_SCOPE
10-16 19:59:21.993: W/Auth(5527): [GetToken] GetToken failed with status code: INVALID_SCOPE
10-16 19:59:21.993: E/Authzen(5527): [RegistrationManager] Failed to do enrollment for account: <ELLIDED:48565171>
10-16 19:59:21.994: W/GLSUser(5527): [DeviceKeyStore] Cannot load key: Device key file not found.
10-16 19:59:21.995: W/GLSUser(5527): [DeviceKeyStore] Cannot load key: Device key file not found.
10-16 19:59:21.998: E/ctxmgr(5527): [BaseServerTask]Server task (FetchAclSet) got error statusCode=-1.
10-16 19:59:21.998: E/ctxmgr(5527): com.android.volley.VolleyError: Unable to obtain auth token - is the device online?
10-16 19:59:21.998: E/ctxmgr(5527): 	at ciz.a(:com.google.android.gms@11519470:39)
10-16 19:59:21.998: E/ctxmgr(5527): 	at cei.run(:com.google.android.gms@11519470:2)
10-16 19:59:21.998: E/ctxmgr(5527): 	at ceg.handleMessage(:com.google.android.gms@11519470:3)
10-16 19:59:21.998: E/ctxmgr(5527): 	at mme.run(:com.google.android.gms@11519470:6)
10-16 19:59:21.998: E/ctxmgr(5527): 	at mmo.run(:com.google.android.gms@11519470:25)
10-16 19:59:21.998: E/ctxmgr(5527): 	at java.util.concurrent.ThreadPoolExecutor.runWorker(ThreadPoolExecutor.java:1113)
10-16 19:59:21.998: E/ctxmgr(5527): 	at java.util.concurrent.ThreadPoolExecutor$Worker.run(ThreadPoolExecutor.java:588)
10-16 19:59:21.998: E/ctxmgr(5527): 	at mrv.run(:com.google.android.gms@11519470)
10-16 19:59:21.998: E/ctxmgr(5527): 	at java.lang.Thread.run(Thread.java:818)
10-16 19:59:22.025: E/ctxmgr(5527): [AccountAclCallback]Failed Acl fetch: network status=-1
10-16 19:59:22.025: W/UdcContextManagerHelper(5527): Empty context buffer. Thus might mean that the context is not synced down.
10-16 19:59:22.025: W/UploadOptInStatusOp(5527): Empty context model while retrieving upload opt-in status!
10-16 19:59:22.026: I/Authzen(5527): [exw] Syncing data for account <ELLIDED:48565171>
10-16 19:59:22.045: I/GCoreUlr(5527): AutoEnableManager setIneligible for account#11#
10-16 19:59:22.092: I/GamesDatabaseHelper(5568): Bootstrapping database version: 1403
10-16 19:59:22.121: W/Auth(5527): [GetToken] GetToken failed with status code: INVALID_SCOPE
10-16 19:59:22.121: E/Authzen(5527): [exw] Failed to authenticate account: <ELLIDED:48565171>. Clearing data.
10-16 19:59:22.123: I/Authzen(5527): [fcc] Opening database auth.proximity.permit_store...
10-16 19:59:22.137: I/GCoreUlr(5527): WorldUpdater:com.google.android.gms.auth.GOOGLE_ACCOUNT_CHANGE: Ensuring that reporting is stopped because of reasons: {account#11#=[InactiveReason{mIdentifier=6, mName='ReportingNotEnabled'}, InactiveReason{mIdentifier=14, mName='HistoryNotEnabled'}]}
10-16 19:59:22.163: I/Authzen(5527): [SyncManager] sync failed for 100
10-16 19:59:22.196: W/cr_BindingManager(4867): Cannot call determinedVisibility() - never saw a connection for the pid: 4867
10-16 19:59:22.203: W/art(5527): Long monitor contention event with owner method=void sww.a(sxe, int) from :com.google.android.gms@11519470:66 waiters=0 for 239ms
10-16 19:59:22.204: I/Authzen(5527): [SyncManager] Setting up sync 60646017ms later.
10-16 19:59:22.207: I/GCoreUlr(5527): Unbound from all location providers
10-16 19:59:22.208: I/GCoreUlr(5527): Place inference reporting - stop
10-16 19:59:22.215: I/Authzen(5568): [PermitStore] Getting all permits...
10-16 19:59:22.216: I/Authzen(5568): [fcc] Opening database auth.proximity.permit_store...
10-16 19:59:22.219: I/GCoreUlr(5527): Unregistering for aliased place alerts.
10-16 19:59:22.224: I/GCoreUlr(5527): DispatchingService.onDestroy()
10-16 19:59:22.225: I/GCoreUlr(5527): Stopping handler for UlrDispSvcFast
10-16 19:59:22.226: I/GCoreUlr(5527): Unbound from all location providers
10-16 19:59:22.226: I/GCoreUlr(5527): Place inference reporting - stop
10-16 19:59:22.253: I/Auth(5527): [ReflectiveChannelBinder] Successfully bound channel!
10-16 19:59:22.259: I/ProcessCheckinRequest(5568): Get token from PseudonymousIdApi: 114=KwD_m5Nn2IwzEVSUnxiKE4MwMMUAMAz_PGeEt3tWGXA965dG2jDe2dEIoHedW6HqccOQ-W0on2XRTpqYor-Cqx7wIl6TE8tSGnwxS4OwK0AgvKPBg5XQ0peqj-AeNHoW
10-16 19:59:22.262: I/CheckinRequestBuilder(5568): Checkin reason type: 4 attempt count: 1
10-16 19:59:22.263: I/GCoreUlr(5527): Unregistering for aliased place alerts.
10-16 19:59:22.264: W/com.google.a.a.b.d.a(5993): Application name is not set. Call Builder#setApplicationName.
10-16 19:59:22.288: I/Remoter(1334): Saved screenshot to '/data/screenshots/__pmv__-0089.jpg'
10-16 19:59:22.290: D/WifiService(1718): New client listening to asynchronous messages
10-16 19:59:22.293: D/BluetoothManagerService(1718): Added callback: android.bluetooth.IBluetoothManagerCallback$Stub$Proxy@90dc7b:true
10-16 19:59:22.327: E/ActivityThread(5568): Failed to find provider info for com.google.android.wearable.settings
10-16 19:59:22.338: I/GCoreUlr(5527): Uploading GCM registration ID for account#11#
10-16 19:59:22.346: W/Conscrypt(5527): Could not set socket write timeout:
10-16 19:59:22.346: W/Conscrypt(5527):    java.lang.reflect.Method.invoke(Native Method)
10-16 19:59:22.346: W/Conscrypt(5527):    com.google.android.gms.org.conscrypt.Platform.setSocketWriteTimeout(:com.google.android.gms@11519470:13)
10-16 19:59:22.347: W/Conscrypt(5527): Could not set socket write timeout:
10-16 19:59:22.347: W/Conscrypt(5527):    java.lang.reflect.Method.invoke(Native Method)
10-16 19:59:22.347: W/Conscrypt(5527):    com.google.android.gms.org.conscrypt.Platform.setSocketWriteTimeout(:com.google.android.gms@11519470:13)
10-16 19:59:22.351: W/Conscrypt(5527): Could not set socket write timeout:
10-16 19:59:22.351: W/Conscrypt(5527):    java.lang.reflect.Method.invoke(Native Method)
10-16 19:59:22.351: W/Conscrypt(5527):    com.google.android.gms.org.conscrypt.Platform.setSocketWriteTimeout(:com.google.android.gms@11519470:13)
10-16 19:59:22.364: W/InstanceID/Rpc(5568): Found 10010
10-16 19:59:22.375: I/Places(5527): ?: Couldn't find platform key file.
10-16 19:59:22.379: W/Conscrypt(5527): Could not set socket write timeout:
10-16 19:59:22.379: W/Conscrypt(5527):    java.lang.reflect.Method.invoke(Native Method)
10-16 19:59:22.379: W/Conscrypt(5527):    com.google.android.gms.org.conscrypt.Platform.setSocketWriteTimeout(:com.google.android.gms@11519470:13)
10-16 19:59:22.382: W/UdcContextManagerHelper(5527): Empty context buffer. Thus might mean that the context is not synced down.
10-16 19:59:22.382: W/UploadOptInStatusOp(5527): Empty context model while retrieving upload opt-in status!
10-16 19:59:22.398: E/ctxmgr(5527): [NetworkUtil]No active synchronizable contexts.
10-16 19:59:22.428: D/Finsky(5843): [1] DailyHygiene.onStartCommand: Beginning daily hygiene
10-16 19:59:22.429: D/Finsky(5843): [1] GcmRegistrationIdHelper.uploadIfNotRegistered: Uploading GcmRegistration Id because not registered yet
10-16 19:59:22.441: I/GeofencerStateMachine(5527): removeGeofences: removeRequest=RemoveGeofencingRequest[REMOVE_BY_PENDING_INTENT pendingIntent=PendingIntent[creatorPackage=com.google.android.gms], packageName=null]
10-16 19:59:22.442: I/GeofencerStateMachine(5527): removeGeofences: removeRequest=RemoveGeofencingRequest[REMOVE_BY_PENDING_INTENT pendingIntent=PendingIntent[creatorPackage=com.google.android.gms], packageName=null]
10-16 19:59:22.446: I/GeofencerStateMachine(5527): removeGeofences: removeRequest=RemoveGeofencingRequest[REMOVE_BY_PENDING_INTENT pendingIntent=PendingIntent[creatorPackage=com.google.android.gms], packageName=null]
10-16 19:59:22.448: I/Places(5527): ?: Couldn't find platform key file.
10-16 19:59:22.452: W/Auth(5527): [GetToken] GetToken failed with status code: INVALID_SCOPE
10-16 19:59:22.453: W/Auth(5527): [GetToken] GetToken failed with status code: INVALID_SCOPE
10-16 19:59:22.454: E/Auth.Api.Credentials(5568): [SyncManager] Error during the sync.
10-16 19:59:22.454: E/Auth.Api.Credentials(5568): dzf: INVALID_SCOPE
10-16 19:59:22.454: E/Auth.Api.Credentials(5568): 	at dzj.a(:com.google.android.gms@11519470:16)
10-16 19:59:22.454: E/Auth.Api.Credentials(5568): 	at dzi.a(:com.google.android.gms@11519470:2)
10-16 19:59:22.454: E/Auth.Api.Credentials(5568): 	at dzi.e(:com.google.android.gms@11519470:6)
10-16 19:59:22.454: E/Auth.Api.Credentials(5568): 	at dzi.d(:com.google.android.gms@11519470:1)
10-16 19:59:22.454: E/Auth.Api.Credentials(5568): 	at dzg.b(:com.google.android.gms@11519470:1)
10-16 19:59:22.454: E/Auth.Api.Credentials(5568): 	at mhp.b(:com.google.android.gms@11519470)
10-16 19:59:22.454: E/Auth.Api.Credentials(5568): 	at mgg.b(:com.google.android.gms@11519470:5)
10-16 19:59:22.454: E/Auth.Api.Credentials(5568): 	at mgw.b(:com.google.android.gms@11519470:9)
10-16 19:59:22.454: E/Auth.Api.Credentials(5568): 	at mgw.a(:com.google.android.gms@11519470:16)
10-16 19:59:22.454: E/Auth.Api.Credentials(5568): 	at mgw.a(:com.google.android.gms@11519470:32)
10-16 19:59:22.454: E/Auth.Api.Credentials(5568): 	at enf.b(:com.google.android.gms@11519470:45)
10-16 19:59:22.454: E/Auth.Api.Credentials(5568): 	at erg.a(:com.google.android.gms@11519470:4)
10-16 19:59:22.454: E/Auth.Api.Credentials(5568): 	at ere.a(:com.google.android.gms@11519470:84)
10-16 19:59:22.454: E/Auth.Api.Credentials(5568): 	at erd.a(:com.google.android.gms@11519470:60)
10-16 19:59:22.454: E/Auth.Api.Credentials(5568): 	at mlr.onPerformSync(:com.google.android.gms@11519470:6)
10-16 19:59:22.454: E/Auth.Api.Credentials(5568): 	at android.content.AbstractThreadedSyncAdapter$SyncThread.run(AbstractThreadedSyncAdapter.java:272)
10-16 19:59:22.459: I/GCM-GMS(5568): Failed to subscribe to group.
10-16 19:59:22.459: I/GCM-GMS(5568): dzf: INVALID_SCOPE
10-16 19:59:22.459: I/GCM-GMS(5568): 	at dzj.a(:com.google.android.gms@11519470:16)
10-16 19:59:22.459: I/GCM-GMS(5568): 	at dzi.a(:com.google.android.gms@11519470:2)
10-16 19:59:22.459: I/GCM-GMS(5568): 	at dzi.e(:com.google.android.gms@11519470:6)
10-16 19:59:22.459: I/GCM-GMS(5568): 	at dzi.d(:com.google.android.gms@11519470:1)
10-16 19:59:22.459: I/GCM-GMS(5568): 	at dzi.b(:com.google.android.gms@11519470:1)
10-16 19:59:22.459: I/GCM-GMS(5568): 	at dzg.a(:com.google.android.gms@11519470:1)
10-16 19:59:22.459: I/GCM-GMS(5568): 	at sul.a(:com.google.android.gms@11519470:23)
10-16 19:59:22.459: I/GCM-GMS(5568): 	at sul.a(:com.google.android.gms@11519470:44)
10-16 19:59:22.459: I/GCM-GMS(5568): 	at sul.b(:com.google.android.gms@11519470:6)
10-16 19:59:22.459: I/GCM-GMS(5568): 	at com.google.android.gms.gcm.gmsproc.GcmInGmsTaskChimeraService.a(:com.google.android.gms@11519470:8)
10-16 19:59:22.459: I/GCM-GMS(5568): 	at ssv.run(:com.google.android.gms@11519470:1)
10-16 19:59:22.459: I/GCM-GMS(5568): 	at java.util.concurrent.ThreadPoolExecutor.runWorker(ThreadPoolExecutor.java:1113)
10-16 19:59:22.459: I/GCM-GMS(5568): 	at java.util.concurrent.ThreadPoolExecutor$Worker.run(ThreadPoolExecutor.java:588)
10-16 19:59:22.459: I/GCM-GMS(5568): 	at java.lang.Thread.run(Thread.java:818)
10-16 19:59:22.468: I/GeofencerStateMachine(5527): removeGeofences: removeRequest=RemoveGeofencingRequest[REMOVE_BY_PENDING_INTENT pendingIntent=PendingIntent[creatorPackage=com.google.android.gms], packageName=null]
10-16 19:59:22.468: I/GeofencerStateMachine(5527): removeGeofences: removeRequest=RemoveGeofencingRequest[REMOVE_BY_PENDING_INTENT pendingIntent=PendingIntent[creatorPackage=com.google.android.gms], packageName=null]
10-16 19:59:22.472: I/GeofencerStateMachine(5527): removeGeofences: removeRequest=RemoveGeofencingRequest[REMOVE_BY_PENDING_INTENT pendingIntent=PendingIntent[creatorPackage=com.google.android.gms], packageName=null]
10-16 19:59:22.489: W/Conscrypt(5527): Could not set socket write timeout:
10-16 19:59:22.489: W/Conscrypt(5527):    java.lang.reflect.Method.invoke(Native Method)
10-16 19:59:22.489: W/Conscrypt(5527):    com.google.android.gms.org.conscrypt.Platform.setSocketWriteTimeout(:com.google.android.gms@11519470:13)
10-16 19:59:22.513: D/Finsky(5843): [1] GetTocHelper$3.onResponse: Server requests device config token
10-16 19:59:22.531: W/Auth(5527): [GetToken] GetToken failed with status code: INVALID_SCOPE
10-16 19:59:22.531: E/Ads(5568): [JAMS] Failed to get OAuth token: dzf: INVALID_SCOPE
10-16 19:59:22.535: W/Auth(5527): [GetToken] GetToken failed with status code: INVALID_SCOPE
10-16 19:59:22.536: W/AuthSessionAuthenticato(5527): Auth related exception is being ignored: INVALID_SCOPE
10-16 19:59:22.556: W/GLSUser(5527): [DeviceKeyStore] Cannot load key: Device key file not found.
10-16 19:59:22.557: W/GLSUser(5527): [DeviceKeyStore] Cannot load key: Device key file not found.
10-16 19:59:22.563: E/ctxmgr(5527): [BaseServerTask]Server task (FetchAclSet) got error statusCode=-1.
10-16 19:59:22.563: E/ctxmgr(5527): com.android.volley.VolleyError: Unable to obtain auth token - is the device online?
10-16 19:59:22.563: E/ctxmgr(5527): 	at ciz.a(:com.google.android.gms@11519470:39)
10-16 19:59:22.563: E/ctxmgr(5527): 	at cei.run(:com.google.android.gms@11519470:2)
10-16 19:59:22.563: E/ctxmgr(5527): 	at ceg.handleMessage(:com.google.android.gms@11519470:3)
10-16 19:59:22.563: E/ctxmgr(5527): 	at mme.run(:com.google.android.gms@11519470:6)
10-16 19:59:22.563: E/ctxmgr(5527): 	at mmo.run(:com.google.android.gms@11519470:25)
10-16 19:59:22.563: E/ctxmgr(5527): 	at java.util.concurrent.ThreadPoolExecutor.runWorker(ThreadPoolExecutor.java:1113)
10-16 19:59:22.563: E/ctxmgr(5527): 	at java.util.concurrent.ThreadPoolExecutor$Worker.run(ThreadPoolExecutor.java:588)
10-16 19:59:22.563: E/ctxmgr(5527): 	at mrv.run(:com.google.android.gms@11519470)
10-16 19:59:22.563: E/ctxmgr(5527): 	at java.lang.Thread.run(Thread.java:818)
10-16 19:59:22.565: E/ctxmgr(5527): [AccountAclCallback]Failed Acl fetch: network status=-1
10-16 19:59:22.567: W/Conscrypt(5527): Could not set socket write timeout:
10-16 19:59:22.568: W/Conscrypt(5527):    java.lang.reflect.Method.invoke(Native Method)
10-16 19:59:22.568: W/Conscrypt(5527):    com.google.android.gms.org.conscrypt.Platform.setSocketWriteTimeout(:com.google.android.gms@11519470:13)
10-16 19:59:22.571: E/Auth.Api.Credentials(5568): [CredentialSyncAdapter] Unknown sync event.
10-16 19:59:22.605: W/cr_ScreenOrientation(4867): Removing an inexistent observer!
10-16 19:59:22.605: D/ConnectivityService(1718): releasing NetworkRequest NetworkRequest [ id=5, legacyType=-1, [ Capabilities: INTERNET&NOT_RESTRICTED&TRUSTED] ]
10-16 19:59:22.626: V/AccountUtils(5568): 0 accounts found with uca feature
10-16 19:59:22.626: I/GamesSyncAdapter(5568): Starting sync for 2e50bb3
10-16 19:59:22.642: W/Auth(5527): [GetToken] GetToken failed with status code: INVALID_SCOPE
10-16 19:59:22.643: E/CheckinRequestBuilder(5568): Unrecoverable authentication exception: INVALID_SCOPE
10-16 19:59:22.643: E/CheckinRequestBuilder(5568): dzf: INVALID_SCOPE
10-16 19:59:22.643: E/CheckinRequestBuilder(5568): 	at dzj.a(:com.google.android.gms@11519470:16)
10-16 19:59:22.643: E/CheckinRequestBuilder(5568): 	at dzi.a(:com.google.android.gms@11519470:2)
10-16 19:59:22.643: E/CheckinRequestBuilder(5568): 	at dzi.e(:com.google.android.gms@11519470:6)
10-16 19:59:22.643: E/CheckinRequestBuilder(5568): 	at dzg.f(:com.google.android.gms@11519470:3)
10-16 19:59:22.643: E/CheckinRequestBuilder(5568): 	at dzg.a(:com.google.android.gms@11519470:4)
10-16 19:59:22.643: E/CheckinRequestBuilder(5568): 	at kbi.a(:com.google.android.gms@11519470:203)
10-16 19:59:22.643: E/CheckinRequestBuilder(5568): 	at kci.a(:com.google.android.gms@11519470:17)
10-16 19:59:22.643: E/CheckinRequestBuilder(5568): 	at kci.a(:com.google.android.gms@11519470:181)
10-16 19:59:22.643: E/CheckinRequestBuilder(5568): 	at com.google.android.gms.checkin.CheckinChimeraService.a(:com.google.android.gms@11519470:148)
10-16 19:59:22.643: E/CheckinRequestBuilder(5568): 	at kbe.run(:com.google.android.gms@11519470:2)
10-16 19:59:22.643: E/CheckinRequestBuilder(5568): 	at mmo.run(:com.google.android.gms@11519470:25)
10-16 19:59:22.643: E/CheckinRequestBuilder(5568): 	at java.util.concurrent.ThreadPoolExecutor.runWorker(ThreadPoolExecutor.java:1113)
10-16 19:59:22.643: E/CheckinRequestBuilder(5568): 	at java.util.concurrent.ThreadPoolExecutor$Worker.run(ThreadPoolExecutor.java:588)
10-16 19:59:22.643: E/CheckinRequestBuilder(5568): 	at mrv.run(:com.google.android.gms@11519470)
10-16 19:59:22.643: E/CheckinRequestBuilder(5568): 	at java.lang.Thread.run(Thread.java:818)
10-16 19:59:22.645: W/Auth(5527): [GetToken] GetToken failed with status code: INVALID_SCOPE
10-16 19:59:22.645: E/GCoreUlr(5527): The Account {name=VS2WQVCOVYYT3Y3JQZUPAOQ2II-00@cloudtestlabaccounts.com, type=com.google} has been under authentication error for 0 minutes
10-16 19:59:22.655: E/GCoreUlr(5527): syncNotDefinedYet() auth exception: dzf: INVALID_SCOPE
10-16 19:59:22.655: E/GCoreUlr(5527): dzf: INVALID_SCOPE
10-16 19:59:22.655: E/GCoreUlr(5527): 	at dzj.a(:com.google.android.gms@11519470:16)
10-16 19:59:22.655: E/GCoreUlr(5527): 	at dzi.a(:com.google.android.gms@11519470:2)
10-16 19:59:22.655: E/GCoreUlr(5527): 	at dzi.e(:com.google.android.gms@11519470:6)
10-16 19:59:22.655: E/GCoreUlr(5527): 	at dzi.d(:com.google.android.gms@11519470:1)
10-16 19:59:22.655: E/GCoreUlr(5527): 	at dzg.b(:com.google.android.gms@11519470:1)
10-16 19:59:22.655: E/GCoreUlr(5527): 	at mhp.b(:com.google.android.gms@11519470)
10-16 19:59:22.655: E/GCoreUlr(5527): 	at mgg.b(:com.google.android.gms@11519470:5)
10-16 19:59:22.655: E/GCoreUlr(5527): 	at mgs.b(:com.google.android.gms@11519470:1)
10-16 19:59:22.655: E/GCoreUlr(5527): 	at mgs.a(:com.google.android.gms@11519470:7)
10-16 19:59:22.655: E/GCoreUlr(5527): 	at mgs.a(:com.google.android.gms@11519470:6)
10-16 19:59:22.655: E/GCoreUlr(5527): 	at anyl.a(:com.google.android.gms@11519470:177)
10-16 19:59:22.655: E/GCoreUlr(5527): 	at anyr.a(:com.google.android.gms@11519470:103)
10-16 19:59:22.655: E/GCoreUlr(5527): 	at anzy.b(:com.google.android.gms@11519470:34)
10-16 19:59:22.655: E/GCoreUlr(5527): 	at anzy.a(:com.google.android.gms@11519470:22)
10-16 19:59:22.655: E/GCoreUlr(5527): 	at anzx.a(:com.google.android.gms@11519470:10)
10-16 19:59:22.655: E/GCoreUlr(5527): 	at mlr.onPerformSync(:com.google.android.gms@11519470:6)
10-16 19:59:22.655: E/GCoreUlr(5527): 	at android.content.AbstractThreadedSyncAdapter$SyncThread.run(AbstractThreadedSyncAdapter.java:272)
10-16 19:59:22.658: I/GamesSyncAdapter(5568): Sync duration for 2e50bb3: 32
10-16 19:59:22.659: D/SyncManager(1718): failed sync operation VS2WQVCOVYYT3Y3JQZUPAOQ2II-00@cloudtestlabaccounts.com u0 (com.google), com.google.android.location.reporting, SERVER, currentRunTime 8134308, reason: AutoSync, SyncResult: stats [ numAuthExceptions: 1]
10-16 19:59:22.666: D/SyncManager(1718): not retrying sync operation because the error is a hard error: VS2WQVCOVYYT3Y3JQZUPAOQ2II-00@cloudtestlabaccounts.com u0 (com.google), com.google.android.location.reporting, SERVER, currentRunTime 8165747, reason: AutoSync
10-16 19:59:22.756: I/IcingInternalCorpora(5568): EventIndexer: starting incremental update
10-16 19:59:22.756: I/IcingInternalCorpora(5568): EventIndexer: 0 added, 0 removed, 0 changed, 0 unchanged, 0 errors.
10-16 19:59:22.756: I/IcingInternalCorpora(5568): EventIndexer: finished after 0 ms.
10-16 19:59:22.770: I/WVCdm(1345): CdmEngine::OpenSession
10-16 19:59:22.770: I/WVCdm(1345): Level3 Library Jun 15 2015 14:09:10
10-16 19:59:22.771: W/WVCdm(1345): Could not read /data/mediadrm/IDM1013/ay64.dat2: No such file or directory
10-16 19:59:22.771: W/WVCdm(1345): Could not load liboemcrypto.so. Falling back to L3.  dlopen failed: library "liboemcrypto.so" not found
10-16 19:59:22.775: W/ActivityManager(1718): Unable to start service Intent { act=com.google.android.gms.playlog.service.START pkg=com.google.android.gms } U=0: not found
10-16 19:59:22.775: W/ActivityManager(1718): Unbind failed: could not find connection for android.os.BinderProxy@a0b8f58
10-16 19:59:22.775: E/GmsClient(5568): unable to connect to service: com.google.android.gms.playlog.service.START
10-16 19:59:22.775: W/OneTimePlayLogger(5568): logger connection failed
10-16 19:59:22.777: I/WVCdm(1345): CdmEngine::QueryKeyControlInfo
10-16 19:59:22.801: W/WVCdm(1345): BufferReader::Read<T> : Failure during parse: Not enough bytes (4)
10-16 19:59:22.801: W/WVCdm(1345): CdmEngine::ExtractWidevinePssh: Unable to read atom size.
10-16 19:59:22.801: I/WVCdm(1345): CdmEngine::GenerateKeyRequest
10-16 19:59:22.802: D/WVCdm(1345): PrepareKeyRequest: nonce=726539745
10-16 19:59:22.821: W/art(5568): Long monitor contention event with owner method=long com.google.android.gms.org.conscrypt.NativeCrypto.RSA_generate_key_ex(int, byte[]) from :com.google.android.gms@11519470:4294967294 waiters=0 for 329ms
10-16 19:59:22.823: I/GCM-GMS(5568): Groups upload failed
10-16 19:59:22.833: I/Ads(5568): Accounts have changed: com.google.android.gms.auth.GOOGLE_ACCOUNT_CHANGE
10-16 19:59:22.843: W/constellation(5568): [gaia_id_checker] GAIA id checker has been disabled by gservice flag.
10-16 19:59:22.866: I/ActivityManager(1718): Start proc 6386:com.google.android.gms.ui/u0a10 for service com.google.android.gms/.chimera.UiIntentOperationService
10-16 19:59:22.893: W/Auth(5527): [GetToken] GetToken failed with status code: INVALID_SCOPE
10-16 19:59:22.893: I/Ads(5568): Immediate DSID task failed. Scheduling one-off
10-16 19:59:22.956: I/MS_RegisterService(5568): RegisterService intent:Intent { act=com.google.android.gms.matchstick.register_intent_google_account_change cat=[targeted_intent_op_prefix:com.google.android.libraries.matchstick.net.SilentRegisterIntentOperation] cmp=com.google.android.gms/.chimera.GmsIntentOperationService } isPeriodic:false
10-16 19:59:22.960: I/GoogleURLConnFactory(5527): Using platform SSLCertificateSocketFactory
10-16 19:59:22.964: I/MagicTether(5527): [HostValidator] InvalidHost. MobileData: true, Tethering: false, whitelist: false, ble: true
10-16 19:59:22.965: I/MS_PhoneUtils(5568): Phone type: 1
10-16 19:59:22.975: I/MS_RegisterService(5568): Doing full registration.
10-16 19:59:22.991: W/ChimeraUtils(5527): Non Chimera context
10-16 19:59:23.020: I/LoadedApk(6386): No resource references to update in package FFFFFFFFFFFFFFFFFFFFFF
10-16 19:59:23.098: W/linker(6386): /data/app/com.google.android.gms-1/lib/x86/libconscrypt_gmscore_jni.so: unused DT entry: type 0x1d arg 0x91
10-16 19:59:23.101: V/NativeCrypto(6386): Registering com/google/android/gms/org/conscrypt/NativeCrypto's 259 native methods...
10-16 19:59:23.151: I/art(6386): Rejecting re-init on previously-failed class java.lang.Class<com.google.android.gms.org.conscrypt.OpenSSLExtendedSessionImpl>
10-16 19:59:23.151: I/art(6386): Rejecting re-init on previously-failed class java.lang.Class<com.google.android.gms.org.conscrypt.OpenSSLExtendedSessionImpl>
10-16 19:59:23.152: I/art(6386): Rejecting re-init on previously-failed class java.lang.Class<com.google.android.gms.org.conscrypt.OpenSSLExtendedSessionImpl>
10-16 19:59:23.169: I/ProviderInstaller(6386): Installed default security provider GmsCore_OpenSSL
10-16 19:59:23.460: I/Remoter(1334): Saved screenshot to '/data/screenshots/__pmv__-0090.jpg'
10-16 19:59:23.518: W/art(5568): Suspending all threads took: 16.589ms
10-16 19:59:23.576: I/art(5568): Background partial concurrent mark sweep GC freed 50140(2MB) AllocSpace objects, 5(2MB) LOS objects, 33% free, 31MB/47MB, paused 17.986ms total 131.196ms
10-16 19:59:23.587: I/MagicTether(6386): [HostValidator] InvalidHost. MobileData: true, Tethering: false, whitelist: false, ble: true
10-16 19:59:23.601: I/qtaguid(5843): Failed write_ctrl(u 30) res=-1 errno=22
10-16 19:59:23.601: I/qtaguid(5843): Untagging socket 30 failed errno=-22
10-16 19:59:23.601: W/NetworkManagementSocketTagger(5843): untagSocket(30) failed with errno -22
10-16 19:59:23.601: D/Volley(5843): [406] BasicNetwork.performRequest: HTTP response for request=<[ ] https://android.clients.google.com/fdfe/uploadDeviceConfig 0xe8d195d1 NORMAL 4> [lifetime=3060], [size=102], [rc=200], [retryCount=0]
10-16 19:59:23.602: D/Finsky(5843): [1] DeviceConfigurationHelper$1.onResponse: Received device config token CisaKQoTNDAyNzYwOTcwNjE0NDkyMDQyORISChAxNTA4MTk4MzYzNTU5OTgw
10-16 19:59:23.723: I/qtaguid(5843): Failed write_ctrl(u 30) res=-1 errno=22
10-16 19:59:23.723: I/qtaguid(5843): Untagging socket 30 failed errno=-22
10-16 19:59:23.723: W/NetworkManagementSocketTagger(5843): untagSocket(30) failed with errno -22
10-16 19:59:23.742: D/Finsky(5843): [405] FinskyExperiments.setTargets: Process stable target turned on mid-process: 12602374
10-16 19:59:23.742: D/Finsky(5843): [405] ExperimentsChangeHandler.triggerRunOnApplicationClose: Application close deferrer set because of stale process stable experiments
10-16 19:59:23.778: I/WVCdm(1345): CdmEngine::CloseSession
10-16 19:59:23.792: I/WVCdm(1345): CdmEngine::OpenSession
10-16 19:59:23.792: I/WVCdm(1345): Level3 Library Jun 15 2015 14:09:10
10-16 19:59:23.792: W/WVCdm(1345): Could not read /data/mediadrm/IDM1013/ay64.dat2: No such file or directory
10-16 19:59:23.792: W/WVCdm(1345): Could not load liboemcrypto.so. Falling back to L3.  dlopen failed: library "liboemcrypto.so" not found
10-16 19:59:23.802: I/WVCdm(1345): CdmEngine::QueryKeyControlInfo
10-16 19:59:23.808: W/WVCdm(1345): BufferReader::Read<T> : Failure during parse: Not enough bytes (4)
10-16 19:59:23.808: W/WVCdm(1345): CdmEngine::ExtractWidevinePssh: Unable to read atom size.
10-16 19:59:23.808: I/WVCdm(1345): CdmEngine::GenerateKeyRequest
10-16 19:59:23.808: D/WVCdm(1345): PrepareKeyRequest: nonce=2037308695
10-16 19:59:23.823: I/qtaguid(5843): Failed write_ctrl(u 30) res=-1 errno=22
10-16 19:59:23.823: I/qtaguid(5843): Untagging socket 30 failed errno=-22
10-16 19:59:23.823: W/NetworkManagementSocketTagger(5843): untagSocket(30) failed with errno -22
10-16 19:59:23.823: D/Finsky(5843): [1] SelfUpdateScheduler.checkForSelfUpdate: Starting DFE self-update from local version [80420700] to server version [80834200]
10-16 19:59:23.851: I/ActivityManager(1718): Start proc 6426:com.google.android.gms:car/u0a10 for service com.google.android.gms/.car.CarService
10-16 19:59:23.880: W/Auth(5527): [GetToken] GetToken failed with status code: INVALID_SCOPE
10-16 19:59:23.881: E/HeterodyneSyncer(5527): Failed to get auth token: INVALID_SCOPE
10-16 19:59:23.881: E/HeterodyneSyncer(5527): dzf: INVALID_SCOPE
10-16 19:59:23.881: E/HeterodyneSyncer(5527): 	at dzj.a(:com.google.android.gms@11519470:16)
10-16 19:59:23.881: E/HeterodyneSyncer(5527): 	at dzi.a(:com.google.android.gms@11519470:2)
10-16 19:59:23.881: E/HeterodyneSyncer(5527): 	at dzi.e(:com.google.android.gms@11519470:6)
10-16 19:59:23.881: E/HeterodyneSyncer(5527): 	at dzg.f(:com.google.android.gms@11519470:3)
10-16 19:59:23.881: E/HeterodyneSyncer(5527): 	at dzg.a(:com.google.android.gms@11519470:4)
10-16 19:59:23.881: E/HeterodyneSyncer(5527): 	at dzg.a(:com.google.android.gms@11519470:7)
10-16 19:59:23.881: E/HeterodyneSyncer(5527): 	at aazh.a(:com.google.android.gms@11519470:30)
10-16 19:59:23.881: E/HeterodyneSyncer(5527): 	at aazj.a(:com.google.android.gms@11519470:26)
10-16 19:59:23.881: E/HeterodyneSyncer(5527): 	at aazj.a(:com.google.android.gms@11519470:158)
10-16 19:59:23.881: E/HeterodyneSyncer(5527): 	at aazj.a(:com.google.android.gms@11519470:282)
10-16 19:59:23.881: E/HeterodyneSyncer(5527): 	at com.google.android.gms.phenotype.sync.HeterodyneSyncTaskChimeraService.a(:com.google.android.gms@11519470:40)
10-16 19:59:23.881: E/HeterodyneSyncer(5527): 	at com.google.android.gms.phenotype.sync.HeterodyneSyncTaskChimeraService.a(:com.google.android.gms@11519470:19)
10-16 19:59:23.881: E/HeterodyneSyncer(5527): 	at ssv.run(:com.google.android.gms@11519470:1)
10-16 19:59:23.881: E/HeterodyneSyncer(5527): 	at java.util.concurrent.ThreadPoolExecutor.runWorker(ThreadPoolExecutor.java:1113)
10-16 19:59:23.881: E/HeterodyneSyncer(5527): 	at java.util.concurrent.ThreadPoolExecutor$Worker.run(ThreadPoolExecutor.java:588)
10-16 19:59:23.881: E/HeterodyneSyncer(5527): 	at java.lang.Thread.run(Thread.java:818)
10-16 19:59:23.898: I/WVCdm(1345): CdmEngine::CloseSession
10-16 19:59:23.899: I/WVCdm(1345): CdmEngine::OpenSession
10-16 19:59:23.899: I/WVCdm(1345): Level3 Library Jun 15 2015 14:09:10
10-16 19:59:23.899: W/WVCdm(1345): Could not read /data/mediadrm/IDM1013/ay64.dat2: No such file or directory
10-16 19:59:23.899: W/WVCdm(1345): Could not load liboemcrypto.so. Falling back to L3.  dlopen failed: library "liboemcrypto.so" not found
10-16 19:59:23.901: I/WVCdm(1345): CdmEngine::QueryKeyControlInfo
10-16 19:59:23.901: W/WVCdm(1345): BufferReader::Read<T> : Failure during parse: Not enough bytes (4)
10-16 19:59:23.901: W/WVCdm(1345): CdmEngine::ExtractWidevinePssh: Unable to read atom size.
10-16 19:59:23.901: I/WVCdm(1345): CdmEngine::GenerateKeyRequest
10-16 19:59:23.901: D/WVCdm(1345): PrepareKeyRequest: nonce=1058902057
10-16 19:59:23.905: W/Auth(5527): [GetToken] GetToken failed with status code: INVALID_SCOPE
10-16 19:59:23.905: E/MS_NetworkUtils(5568): GoogleAuthException getting authtoken for: VS2WQVCOVYYT3Y3JQZUPAOQ2II-00@cloudtestlabaccounts.com message:
10-16 19:59:23.905: E/MS_NetworkUtils(5568): dzf: INVALID_SCOPE
10-16 19:59:23.905: E/MS_NetworkUtils(5568): 	at dzj.a(:com.google.android.gms@11519470:16)
10-16 19:59:23.905: E/MS_NetworkUtils(5568): 	at dzi.a(:com.google.android.gms@11519470:2)
10-16 19:59:23.905: E/MS_NetworkUtils(5568): 	at dzi.e(:com.google.android.gms@11519470:6)
10-16 19:59:23.905: E/MS_NetworkUtils(5568): 	at dzi.d(:com.google.android.gms@11519470:1)
10-16 19:59:23.905: E/MS_NetworkUtils(5568): 	at dzi.b(:com.google.android.gms@11519470:1)
10-16 19:59:23.905: E/MS_NetworkUtils(5568): 	at dzg.a(:com.google.android.gms@11519470:1)
10-16 19:59:23.905: E/MS_NetworkUtils(5568): 	at albh.a(:com.google.android.gms@11519470:28)
10-16 19:59:23.905: E/MS_NetworkUtils(5568): 	at com.google.android.libraries.matchstick.net.SilentRegisterIntentOperation.a(:com.google.android.gms@11519470:214)
10-16 19:59:23.905: E/MS_NetworkUtils(5568): 	at com.google.android.libraries.matchstick.net.SilentRegisterIntentOperation.onHandleIntent(:com.google.android.gms@11519470:291)
10-16 19:59:23.905: E/MS_NetworkUtils(5568): 	at com.google.android.chimera.IntentOperation.onHandleIntent(:com.google.android.gms@11519470:2)
10-16 19:59:23.905: E/MS_NetworkUtils(5568): 	at bwh.run(:com.google.android.gms@11519470:10)
10-16 19:59:23.905: E/MS_NetworkUtils(5568): 	at bwe.run(:com.google.android.gms@11519470:14)
10-16 19:59:23.905: E/MS_NetworkUtils(5568): 	at java.util.concurrent.ThreadPoolExecutor.runWorker(ThreadPoolExecutor.java:1113)
10-16 19:59:23.905: E/MS_NetworkUtils(5568): 	at java.util.concurrent.ThreadPoolExecutor$Worker.run(ThreadPoolExecutor.java:588)
10-16 19:59:23.905: E/MS_NetworkUtils(5568): 	at java.lang.Thread.run(Thread.java:818)
10-16 19:59:23.950: W/GLSUser(5527): [DeviceKeyStore] Cannot load key: Device key file not found.
10-16 19:59:23.950: W/GLSUser(5527): [DeviceKeyStore] Cannot load key: Device key file not found.
10-16 19:59:23.970: I/System.out(5568): Error inflating SSL session: error:100000a0:SSL routines:OPENSSL_internal:INVALID_SSL_SESSION
10-16 19:59:23.970: W/Conscrypt(5568): Could not set socket write timeout:
10-16 19:59:23.970: W/Conscrypt(5568):    java.lang.reflect.Method.invoke(Native Method)
10-16 19:59:23.970: W/Conscrypt(5568):    com.google.android.gms.org.conscrypt.Platform.setSocketWriteTimeout(:com.google.android.gms@11519470:13)
10-16 19:59:23.983: W/Auth(5527): [GetToken] GetToken failed with status code: INVALID_SCOPE
10-16 19:59:24.002: I/LoadedApk(6426): No resource references to update in package FFFFFFFFFFFFFFFFFFFFFF
10-16 19:59:24.010: I/qtaguid(5843): Failed write_ctrl(u 30) res=-1 errno=22
10-16 19:59:24.010: I/qtaguid(5843): Untagging socket 30 failed errno=-22
10-16 19:59:24.010: W/NetworkManagementSocketTagger(5843): untagSocket(30) failed with errno -22
10-16 19:59:24.014: D/Finsky(5843): [1] DownloadImpl.setState: Duplicate state set for 'com.android.vending' (0). Already in that state
10-16 19:59:24.014: D/Finsky(5843): [1] DownloadQueueImpl.add: Download com.android.vending added to DownloadQueue
10-16 19:59:24.032: D/Finsky(5843): [1] DownloadImpl.setState: com.android.vending from 0 to 1.
10-16 19:59:24.033: I/installd(1346): free_cache(0) avail 3800055808
10-16 19:59:24.037: D/Finsky(5843): [1] StartNextDownloadRunnable.run: Download com.android.vending starting
10-16 19:59:24.051: I/WVCdm(1345): CdmEngine::CloseSession
10-16 19:59:24.059: W/linker(6426): /data/app/com.google.android.gms-1/lib/x86/libconscrypt_gmscore_jni.so: unused DT entry: type 0x1d arg 0x91
10-16 19:59:24.059: D/Finsky(5843): [408] DownloadQueueImpl$7.run: Enqueued com.android.vending as content://downloads/my_downloads/29
10-16 19:59:24.060: D/Finsky(5843): [1] DownloadImpl.setState: com.android.vending from 1 to 2.
10-16 19:59:24.060: D/Finsky(5843): [1] DownloadQueueImpl.onStart: com.android.vending: onStart
10-16 19:59:24.067: V/NativeCrypto(6426): Registering com/google/android/gms/org/conscrypt/NativeCrypto's 259 native methods...
10-16 19:59:24.075: I/art(6426): Rejecting re-init on previously-failed class java.lang.Class<com.google.android.gms.org.conscrypt.OpenSSLExtendedSessionImpl>
10-16 19:59:24.075: I/art(6426): Rejecting re-init on previously-failed class java.lang.Class<com.google.android.gms.org.conscrypt.OpenSSLExtendedSessionImpl>
10-16 19:59:24.075: I/art(6426): Rejecting re-init on previously-failed class java.lang.Class<com.google.android.gms.org.conscrypt.OpenSSLExtendedSessionImpl>
10-16 19:59:24.086: I/ProviderInstaller(6426): Installed default security provider GmsCore_OpenSSL
10-16 19:59:24.109: W/Conscrypt(5568): Could not set socket write timeout:
10-16 19:59:24.116: I/qtaguid(5843): Failed write_ctrl(u 30) res=-1 errno=22
10-16 19:59:24.116: I/qtaguid(5843): Untagging socket 30 failed errno=-22
10-16 19:59:24.116: W/NetworkManagementSocketTagger(5843): untagSocket(30) failed with errno -22
10-16 19:59:24.145: D/Finsky(5843): [1] DownloadQueueImpl.notifyProgress: com.android.vending: onProgress 0/-1 Status: 192.
10-16 19:59:24.160: W/Conscrypt(5568):    java.lang.reflect.Method.invoke(Native Method)
10-16 19:59:24.160: W/Conscrypt(5568):    com.google.android.gms.org.conscrypt.Platform.setSocketWriteTimeout(:com.google.android.gms@11519470:13)
10-16 19:59:24.188: D/DownloadManager(5894): [29] Starting
10-16 19:59:24.201: I/CheckinUtil(5568): Classify the device as Phone.
10-16 19:59:24.206: E/MS_RegisterService(5568): Exception during register request.
10-16 19:59:24.206: E/MS_RegisterService(5568): bafm: INVALID_ARGUMENT: Application credential header not valid. Please fix the client to pass a valid application credential header.
10-16 19:59:24.206: E/MS_RegisterService(5568): 	at bafi.c(:com.google.android.gms@11519470:3)
10-16 19:59:24.206: E/MS_RegisterService(5568): 	at mgv.a(:com.google.android.gms@11519470:66)
10-16 19:59:24.206: E/MS_RegisterService(5568): 	at com.google.android.libraries.matchstick.net.SilentRegisterIntentOperation.a(:com.google.android.gms@11519470:226)
10-16 19:59:24.206: E/MS_RegisterService(5568): 	at com.google.android.libraries.matchstick.net.SilentRegisterIntentOperation.onHandleIntent(:com.google.android.gms@11519470:291)
10-16 19:59:24.206: E/MS_RegisterService(5568): 	at com.google.android.chimera.IntentOperation.onHandleIntent(:com.google.android.gms@11519470:2)
10-16 19:59:24.206: E/MS_RegisterService(5568): 	at bwh.run(:com.google.android.gms@11519470:10)
10-16 19:59:24.206: E/MS_RegisterService(5568): 	at bwe.run(:com.google.android.gms@11519470:14)
10-16 19:59:24.206: E/MS_RegisterService(5568): 	at java.util.concurrent.ThreadPoolExecutor.runWorker(ThreadPoolExecutor.java:1113)
10-16 19:59:24.206: E/MS_RegisterService(5568): 	at java.util.concurrent.ThreadPoolExecutor$Worker.run(ThreadPoolExecutor.java:588)
10-16 19:59:24.206: E/MS_RegisterService(5568): 	at java.lang.Thread.run(Thread.java:818)
10-16 19:59:24.226: W/ActivityThread(5894): ClassLoader.loadClass: The class loader returned by Thread.getContextClassLoader() may fail for processes that host multiple applications. You should explicitly specify a context class loader. For example: Thread.setContextClassLoader(getClass().getClassLoader());
10-16 19:59:24.248: I/DynamiteModule(6426): Considering local module com.google.android.gms.googlecertificates:4 and remote module com.google.android.gms.googlecertificates:4
10-16 19:59:24.248: I/DynamiteModule(6426): Selected local version of com.google.android.gms.googlecertificates
10-16 19:59:24.278: W/System(5568): Ignoring header Cookie because its value was null.
10-16 19:59:24.278: I/ProcessCheckinRequest(5568): set cookie as: null
10-16 19:59:24.283: W/ActivityManager(1718): Unable to start service Intent { act=local_action cmp=com.google.android.gms/.car.InCallService2 } U=0: not found
10-16 19:59:24.284: W/Conscrypt(5568): Could not set socket write timeout:
10-16 19:59:24.284: E/CAR.TEL.Service(6426): Failed to bind to InCallService
10-16 19:59:24.284: W/Conscrypt(5568):    java.lang.reflect.Method.invoke(Native Method)
10-16 19:59:24.284: W/Conscrypt(5568):    com.google.android.gms.org.conscrypt.Platform.setSocketWriteTimeout(:com.google.android.gms@11519470:13)
10-16 19:59:24.286: V/Finsky(5843): [1] GearheadStateMonitor.access$100: mIsProjecting:false
10-16 19:59:24.286: W/ActivityManager(1718): Unbind failed: could not find connection for android.os.BinderProxy@6293b4d
10-16 19:59:24.289: W/Conscrypt(5568): Could not set socket write timeout:
10-16 19:59:24.289: W/Conscrypt(5568):    java.lang.reflect.Method.invoke(Native Method)
10-16 19:59:24.289: W/Conscrypt(5568):    com.google.android.gms.org.conscrypt.Platform.setSocketWriteTimeout(:com.google.android.gms@11519470:13)
10-16 19:59:24.371: I/ProcessCheckinRequest(5568): REQUEST: b: "12345678902468"
10-16 19:59:24.371: I/ProcessCheckinRequest(5568): c: "020000000000"
10-16 19:59:24.371: I/ProcessCheckinRequest(5568): d: "wifi"
10-16 19:59:24.371: I/ProcessCheckinRequest(5568): g: 4027609706144920429
10-16 19:59:24.371: I/ProcessCheckinRequest(5568): h: 2938676646712947721
10-16 19:59:24.371: I/ProcessCheckinRequest(5568): i: "1-272fb4397ea97d378448a64a8c4f253b5a851770"
10-16 19:59:24.371: I/ProcessCheckinRequest(5568): j: "es"
10-16 19:59:24.371: I/ProcessCheckinRequest(5568): k <
10-16 19:59:24.371: I/ProcessCheckinRequest(5568):   a <
10-16 19:59:24.371: I/ProcessCheckinRequest(5568):     a: "generic/gce_x86_phone/gce_x86:6.0.1/MOB31Q.MZG52/3751182:userdebug/test-keys"
10-16 19:59:24.371: I/ProcessCheckinRequest(5568):     b: "AVD_R1.0.0"
10-16 19:59:24.371: I/ProcessCheckinRequest(5568):     c: "unknown"
10-16 19:59:24.371: I/ProcessCheckinRequest(5568):     d: "gce_x86"
10-16 19:59:24.371: I/ProcessCheckinRequest(5568):     e: "generic"
10-16 19:59:24.371: I/ProcessCheckinRequest(5568):     f: "unknown"
10-16 19:59:24.371: I/ProcessCheckinRequest(5568):     g: 1487676091
10-16 19:59:24.371: I/ProcessCheckinRequest(5568):     h: 11519470
10-16 19:59:24.371: I/ProcessCheckinRequest(5568):     i: 23
10-16 19:59:24.371: I/ProcessCheckinRequest(5568):     j: "gce_x86"
10-16 19:59:24.371: I/ProcessCheckinRequest(5568):     k: "GCE x86 phone"
10-16 19:59:24.371: I/ProcessCheckinRequest(5568):     l: "unknown"
10-16 19:59:24.371: I/ProcessCheckinRequest(5568):     m: "gce_x86_phone"
