10-16 19:59:14.124: D/ICU(5519): No timezone override file found: /data/misc/zoneinfo/current/icu/icu_tzdata.dat
10-16 19:59:14.124: D/ICU(5519): [ 10-16 19:59:14.128  5519: 5519 W/         ]
10-16 19:59:14.124: D/ICU(5519): Failed to bind-mount /system/lib/x86/cpuinfo as /proc/cpuinfo: No such file or directory
10-16 19:59:14.136: E/memtrack(5519): Couldn't load memtrack module (No such file or directory)
10-16 19:59:14.136: E/android.os.Debug(5519): failed to load memtrack module: -2
10-16 19:59:14.137: I/Radio-JNI(5519): register_android_hardware_Radio DONE
10-16 19:59:14.146: I/WVCdm(1345): CdmEngine::CloseSession
10-16 19:59:14.149: D/AndroidRuntime(5519): Calling main entry com.android.commands.am.Am
10-16 19:59:14.150: I/ActivityManager(1718): START u0 {flg=0x10000000 cmp=com.google.android.apps.mtaas.backdrop/.BackdropActivity} from uid 0 on display 0
10-16 19:59:14.159: D/AndroidRuntime(5519): Shutting down VM
10-16 19:59:14.181: I/ActivityManager(1718): Start proc 5548:com.google.android.apps.mtaas.backdrop/u0a78 for activity com.google.android.apps.mtaas.backdrop/.BackdropActivity
10-16 19:59:14.234: I/GceGrallocRegionRegistry(1339): Mapped gralloc-1339.36 hnd=0xb6c94180 fd=31 base=0xb161f000 format=RGBA_8888(0x1) width=1080 height=1776
10-16 19:59:14.234: I/GceGrallocRegionRegistry(1718): Mapped gralloc-1339.36 hnd=0x94ff3c00 fd=143 base=0x9988e000 format=RGBA_8888(0x1) width=1080 height=1776
10-16 19:59:14.302: I/LoadedApk(5527): No resource references to update in package FFFFFFFFFFFFFFFFFFFFFF
10-16 19:59:14.305: W/art(1718): Long monitor contention event with owner method=void com.android.server.am.ActivityManagerService.activityPaused(android.os.IBinder) from ActivityManagerService.java:6521 waiters=2 for 142ms
10-16 19:59:14.229: I/android.display(1718): type=1400 audit(0.0:164): avc: denied { read } for path=2F6465762F6173686D656D2F6772616C6C6F632D313333392E3336202864656C6574656429 dev="tmpfs" ino=45779 scontext=u:r:system_server:s0 tcontext=u:object_r:surfaceflinger_tmpfs:s0 tclass=file permissive=1
10-16 19:59:14.381: W/linker(5527): /data/app/com.google.android.gms-1/lib/x86/libconscrypt_gmscore_jni.so: unused DT entry: type 0x1d arg 0x91
10-16 19:59:14.422: W/System(5548): ClassLoader referenced unknown path: /data/app/com.google.android.apps.mtaas.backdrop-1/lib/x86
10-16 19:59:14.425: V/NativeCrypto(5527): Registering com/google/android/gms/org/conscrypt/NativeCrypto's 259 native methods...
10-16 19:59:14.473: I/GceGrallocRegionRegistry(1339): Mapped gralloc-1339.37 hnd=0xb3610800 fd=35 base=0xb2aea000 format=RGBA_8888(0x1) width=1080 height=72
10-16 19:59:14.473: I/GceGrallocRegionRegistry(1803): Mapped gralloc-1339.37 hnd=0x9c6c7c80 fd=57 base=0x9a4df000 format=RGBA_8888(0x1) width=1080 height=72
10-16 19:59:14.546: I/GceGrallocRegionRegistry(2074): Unmapped gralloc-1339.33 hnd=0x9eadadc0 fd=32 base=0x99ae9000
10-16 19:59:14.546: I/GceGrallocRegionRegistry(2074): Unmapped gralloc-1339.34 hnd=0x9ce1cf00 fd=31 base=0x9a2e3000
10-16 19:59:14.546: I/GceGrallocRegionRegistry(2074): Unmapped gralloc-1339.35 hnd=0xaa076d40 fd=28 base=0x9aadd000
10-16 19:59:14.547: I/GceGrallocRegionRegistry(1339): Unmapped gralloc-1339.33 hnd=0xb3610140 fd=27 base=0xaf2c6000
10-16 19:59:14.552: W/art(5527): Verification of void com.google.android.gms.org.conscrypt.Platform.setParametersSniHostname(javax.net.ssl.SSLParameters, com.google.android.gms.org.conscrypt.SSLParametersImpl, com.google.android.gms.org.conscrypt.OpenSSLEngineImpl) took 120.425ms
10-16 19:59:14.554: I/art(5527): Rejecting re-init on previously-failed class java.lang.Class<com.google.android.gms.org.conscrypt.OpenSSLExtendedSessionImpl>
10-16 19:59:14.555: I/art(5527): Rejecting re-init on previously-failed class java.lang.Class<com.google.android.gms.org.conscrypt.OpenSSLExtendedSessionImpl>
10-16 19:59:14.555: I/art(5527): Rejecting re-init on previously-failed class java.lang.Class<com.google.android.gms.org.conscrypt.OpenSSLExtendedSessionImpl>
10-16 19:59:14.560: I/ProviderInstaller(5527): Installed default security provider GmsCore_OpenSSL
10-16 19:59:14.566: I/BackdropActivity(5548): android_id: 4027609706144920429
10-16 19:59:14.570: D/OpenGLRenderer(5548): Use EGL_SWAP_BEHAVIOR_PRESERVED: true
10-16 19:59:14.572: I/GceGrallocRegionRegistry(5548): Mapped gralloc-1339.5 hnd=0xaa0659c0 fd=23 base=0x9f954000 format=RGBA_8888(0x1) width=832 height=2048
10-16 19:59:14.469: I/RenderThread(1803): type=1400 audit(0.0:165): avc: denied { read } for path=2F6465762F6173686D656D2F6772616C6C6F632D313333392E3337202864656C6574656429 dev="tmpfs" ino=45837 scontext=u:r:platform_app:s0:c512,c768 tcontext=u:object_r:surfaceflinger_tmpfs:s0 tclass=file permissive=1
10-16 19:59:14.559: I/Binder_3(1339): type=1400 audit(0.0:166): avc: denied { ioctl } for path="socket:[45844]" dev="sockfs" ino=45844 ioctlcmd=7704 scontext=u:r:surfaceflinger:s0 tcontext=u:r:surfaceflinger:s0 tclass=unix_stream_socket permissive=1
10-16 19:59:14.559: I/Binder_3(1339): type=1400 audit(0.0:167): avc: denied { ioctl } for path="socket:[45844]" dev="sockfs" ino=45844 ioctlcmd=7704 scontext=u:r:surfaceflinger:s0 tcontext=u:r:surfaceflinger:s0 tclass=unix_stream_socket permissive=1
10-16 19:59:14.559: I/Binder_2(1339): type=1400 audit(0.0:168): avc: denied { ioctl } for path="socket:[45849]" dev="sockfs" ino=45849 ioctlcmd=7704 scontext=u:r:surfaceflinger:s0 tcontext=u:r:surfaceflinger:s0 tclass=unix_stream_socket permissive=1
10-16 19:59:14.559: I/Binder_2(1339): type=1400 audit(0.0:169): avc: denied { ioctl } for path="socket:[45849]" dev="sockfs" ino=45849 ioctlcmd=7704 scontext=u:r:surfaceflinger:s0 tcontext=u:r:surfaceflinger:s0 tclass=unix_stream_socket permissive=1
10-16 19:59:14.569: I/Binder_6(1718): type=1400 audit(0.0:170): avc: denied { ioctl } for path="socket:[45854]" dev="sockfs" ino=45854 ioctlcmd=7704 scontext=u:r:system_server:s0 tcontext=u:r:system_server:s0 tclass=unix_stream_socket permissive=1
10-16 19:59:14.622: I/GceGrallocRegionRegistry(1339): Unmapped gralloc-1339.35 hnd=0xb3610640 fd=32 base=0xae2d2000
10-16 19:59:14.628: I/ActivityManager(1718): Start proc 5568:com.google.android.gms/u0a10 for content provider com.google.android.gms/.chimera.container.GmsModuleProvider
10-16 19:59:14.735: I/OpenGLRenderer(5548): Initialized EGL, version 1.4
10-16 19:59:14.738: I/GceGrallocRegionRegistry(1339): Mapped gralloc-1339.38 hnd=0xb36104c0 fd=27 base=0xaf35f000 format=RGBA_8888(0x1) width=1080 height=1776
10-16 19:59:14.739: I/GceGrallocRegionRegistry(1339): Mapped gralloc-1339.39 hnd=0xb3610140 fd=32 base=0xae36b000 format=RGBA_8888(0x1) width=1080 height=1776
10-16 19:59:14.739: I/GceGrallocRegionRegistry(1339): Mapped gralloc-1339.40 hnd=0xb3610980 fd=39 base=0xad377000 format=RGBA_8888(0x1) width=1080 height=1776
10-16 19:59:14.854: I/LoadedApk(5568): No resource references to update in package FFFFFFFFFFFFFFFFFFFFFF
10-16 19:59:14.911: I/DynamiteModule(5527): Considering local module com.google.android.gms.googlecertificates:4 and remote module com.google.android.gms.googlecertificates:4
10-16 19:59:14.911: I/DynamiteModule(5527): Selected local version of com.google.android.gms.googlecertificates
10-16 19:59:14.962: D/NotificationSQLiteLog(1718): Pruned event entries: 0
10-16 19:59:14.992: W/linker(5568): /data/app/com.google.android.gms-1/lib/x86/libconscrypt_gmscore_jni.so: unused DT entry: type 0x1d arg 0x91
10-16 19:59:15.052: V/NativeCrypto(5568): Registering com/google/android/gms/org/conscrypt/NativeCrypto's 259 native methods...
10-16 19:59:15.058: I/art(5568): Rejecting re-init on previously-failed class java.lang.Class<com.google.android.gms.org.conscrypt.OpenSSLExtendedSessionImpl>
10-16 19:59:15.058: I/art(5568): Rejecting re-init on previously-failed class java.lang.Class<com.google.android.gms.org.conscrypt.OpenSSLExtendedSessionImpl>
10-16 19:59:15.058: I/art(5568): Rejecting re-init on previously-failed class java.lang.Class<com.google.android.gms.org.conscrypt.OpenSSLExtendedSessionImpl>
10-16 19:59:15.204: I/ProviderInstaller(5568): Installed default security provider GmsCore_OpenSSL
10-16 19:59:15.247: I/GceGrallocRegionRegistry(1339): Unmapped gralloc-1339.34 hnd=0xb36105c0 fd=30 base=0xaeacc000
10-16 19:59:14.569: I/Binder_6(1718): type=1400 audit(0.0:171): avc: denied { ioctl } for path="socket:[45854]" dev="sockfs" ino=45854 ioctlcmd=7704 scontext=u:r:system_server:s0 tcontext=u:r:system_server:s0 tclass=unix_stream_socket permissive=1
10-16 19:59:15.358: I/GAv4-SVC(5568): Google Analytics 11.5.19 is starting up.
10-16 19:59:15.442: I/art(5527): Background sticky concurrent mark sweep GC freed 46596(3MB) AllocSpace objects, 11(348KB) LOS objects, 23% free, 19MB/25MB, paused 900us total 104.723ms
10-16 19:59:15.473: W/ChimeraUtils(5568): Non Chimera context
10-16 19:59:15.511: D/WifiService(1718): New client listening to asynchronous messages
10-16 19:59:15.525: I/Remoter(1334): Saved screenshot to '/data/screenshots/__pmv__-0083.jpg'
10-16 19:59:15.531: D/BluetoothManagerService(1718): Added callback: android.bluetooth.IBluetoothManagerCallback$Stub$Proxy@5938a26:true
10-16 19:59:15.549: I/art(5527): Rejecting re-init on previously-failed class java.lang.Class<anhy>
10-16 19:59:15.549: I/art(5527): Rejecting re-init on previously-failed class java.lang.Class<anhy>
10-16 19:59:15.665: I/Icing(5568): Storage manager: low false usage 1.72MB avail 3.54GB capacity 3.89GB
10-16 19:59:15.693: I/LocaleChangeIO(5527): Requesting GmsCore restart due to change in locale assets
10-16 19:59:15.726: I/NetworkScheduler(5527): Using standalone scheduling engine
10-16 19:59:15.754: I/GceGrallocRegionRegistry(5548): Mapped gralloc-1339.40 hnd=0xad8392c0 fd=24 base=0x9cf9f000 format=RGBA_8888(0x1) width=1080 height=1776
10-16 19:59:15.770: D/WifiNative-HAL(1718): Failing getSupportedFeatureset because HAL isn't started
10-16 19:59:15.792: I/ActivityManager(1718): Displayed com.google.android.apps.mtaas.backdrop/.BackdropActivity: +1s631ms
10-16 19:59:15.844: I/Keyboard.Facilitator(2045): onFinishInput()
10-16 19:59:15.789: I/Binder_5(1718): type=1400 audit(0.0:172): avc: denied { ioctl } for path="socket:[47135]" dev="sockfs" ino=47135 ioctlcmd=7704 scontext=u:r:system_server:s0 tcontext=u:r:system_server:s0 tclass=unix_stream_socket permissive=1
10-16 19:59:15.789: I/Binder_5(1718): type=1400 audit(0.0:173): avc: denied { ioctl } for path="socket:[47135]" dev="sockfs" ino=47135 ioctlcmd=7704 scontext=u:r:system_server:s0 tcontext=u:r:system_server:s0 tclass=unix_stream_socket permissive=1
10-16 19:59:15.876: I/GceGrallocRegionRegistry(5548): Mapped gralloc-1339.39 hnd=0xad839340 fd=26 base=0x9c83e000 format=RGBA_8888(0x1) width=1080 height=1776
10-16 19:59:15.819: I/Binder_C(1718): type=1400 audit(0.0:174): avc: denied { ioctl } for path="socket:[47134]" dev="sockfs" ino=47134 ioctlcmd=7704 scontext=u:r:system_server:s0 tcontext=u:r:system_server:s0 tclass=unix_stream_socket permissive=1
10-16 19:59:15.819: I/Binder_C(1718): type=1400 audit(0.0:175): avc: denied { ioctl } for path="socket:[47134]" dev="sockfs" ino=47134 ioctlcmd=7704 scontext=u:r:system_server:s0 tcontext=u:r:system_server:s0 tclass=unix_stream_socket permissive=1
10-16 19:59:15.997: W/Icing(5568): city name for address is empty or is not existed. 
10-16 19:59:15.997: W/Icing(5568): street name for address is empty or is not existed. 
10-16 19:59:15.997: W/Icing(5568): transportation_script_path is empty
10-16 19:59:16.002: W/Icing(5568): Words file  does not exist!
10-16 19:59:16.002: W/Icing(5568): WordsMap was not properly initialized
10-16 19:59:16.056: I/GceGrallocRegionRegistry(1718): Unmapped gralloc-1339.36 hnd=0x94ff3c00 fd=143 base=0x9988e000
10-16 19:59:16.086: I/GceGrallocRegionRegistry(1339): Unmapped gralloc-1339.36 hnd=0xb6c94180 fd=31 base=0xb161f000
10-16 19:59:16.173: I/DynamiteModule(5568): Considering local module com.google.android.gms.googlecertificates:4 and remote module com.google.android.gms.googlecertificates:4
10-16 19:59:16.174: I/DynamiteModule(5568): Selected local version of com.google.android.gms.googlecertificates
10-16 19:59:16.232: W/Icing(5568): Failed to connect to Lockbox API
10-16 19:59:16.232: W/Icing(5568): getSignedInAccountName: Falling back to default value
10-16 19:59:16.238: I/GceGrallocRegionRegistry(5548): Mapped gralloc-1339.38 hnd=0xad839380 fd=27 base=0x9c0dd000 format=RGBA_8888(0x1) width=1080 height=1776
10-16 19:59:16.337: W/ConfigurationChimeraProvider(5527): Got null configs for com.google.android.gms.nearby
10-16 19:59:16.371: I/Icing(5568): updateResources: need to parse tut{com.google.android.gms}
10-16 19:59:16.406: I/GCM(5527): Ack for not saved message 2
10-16 19:59:16.458: I/GCoreNlp(5527): shouldConfirmNlp, NLP off. Ensuring opt-in disabled
10-16 19:59:16.471: I/art(1718): Starting a blocking GC Explicit
10-16 19:59:16.491: I/art(1718): Explicit concurrent mark sweep GC freed 7497(754KB) AllocSpace objects, 4(120KB) LOS objects, 33% free, 23MB/34MB, paused 351us total 19.113ms
10-16 19:59:16.502: I/GAV2(5302): Thread[GAThread,5,main]: No campaign data found.
10-16 19:59:16.519: V/BackupManagerService(1718): Connected to transport ComponentInfo{com.google.android.gms/com.google.android.gms.backup.BackupTransportService}
10-16 19:59:16.519: V/BackupManagerService(1718): Registering transport com.google.android.gms/.backup.BackupTransportService::com.google.android.gms/.backup.BackupTransportService = com.android.internal.backup.IBackupTransport$Stub$Proxy@3c9276e
10-16 19:59:16.652: I/Remoter(1334): Saved screenshot to '/data/screenshots/__pmv__-0084.jpg'
10-16 19:59:16.666: I/GeofencerStateMachine(5527): Network location disabled.
10-16 19:59:16.682: W/NearbyDiscovery(5527): android.app.NotificationChannel class is not found
10-16 19:59:16.717: I/GeofencerStateMachine(5527): sendQueryLocationOptIn
10-16 19:59:16.722: I/Backup(5527): [GmsBackupAccountManager] Backup account not found in gmscore.
10-16 19:59:16.742: I/GeofencerStateMachine(5527): removeGeofences: removeRequest=RemoveGeofencingRequest[REMOVE_BY_PENDING_INTENT pendingIntent=PendingIntent[creatorPackage=com.google.android.gms], packageName=null]
10-16 19:59:16.748: I/BeaconBle(5527): Using BLE 'L' hardware layer
10-16 19:59:16.752: W/Nearby(5527): Bind call too late - someone already tried to get: interface avxf
10-16 19:59:16.753: I/Icing(5568): Internal init done: storage state 0
10-16 19:59:16.789: W/Settings(5527): Setting airplane_mode_on has moved from android.provider.Settings.System to android.provider.Settings.Global, returning read-only value.
10-16 19:59:16.791: W/Settings(5527): Setting airplane_mode_on has moved from android.provider.Settings.System to android.provider.Settings.Global, returning read-only value.
10-16 19:59:16.798: I/Icing(5568): Post-init done
10-16 19:59:16.862: I/GceRil(1343): Received request 75
10-16 19:59:16.862: I/GceRil(1343): Requesting GSM neighboring cell ids
10-16 19:59:16.871: D/BluetoothAdapter(5527): STATE_ON
10-16 19:59:16.871: D/BluetoothLeScanner(5527): could not find callback wrapper
10-16 19:59:16.872: I/BeaconBle(5527): Client requested scan, settings=BleSettings [scanMode=LOW_LATENCY, callbackType=ALL_MATCHES, reportDelayMillis=0, 6 filters, 1 clients, callingClientName=Nearby]
10-16 19:59:16.892: I/BeaconBle(5527): 'L' hardware scan: 6 filters, scanMode=2, reportdelay=0, callback type=1, #clients=1
10-16 19:59:16.892: I/BeaconBle(5527): Starting scan on OS scanner. BT state: 12
10-16 19:59:16.892: D/BluetoothAdapter(5527): STATE_ON
10-16 19:59:16.893: D/BtGatt.GattService(2542): registerClient() - UUID=0e240a1e-232b-4e77-bda3-0d65dda2a1b8
10-16 19:59:16.893: D/BtGatt.GattService(2542): onClientRegistered() - UUID=0e240a1e-232b-4e77-bda3-0d65dda2a1b8, clientIf=5
10-16 19:59:16.895: D/BluetoothLeScanner(5527): onClientRegistered() - status=0 clientIf=5
10-16 19:59:16.897: D/BtGatt.GattService(2542): start scan with filters
10-16 19:59:16.898: D/BtGatt.ScanManager(2542): handling starting scan
10-16 19:59:16.899: D/BtGatt.ScanManager(2542): configureRegularScanParams() - queue=1
10-16 19:59:16.899: D/BtGatt.ScanManager(2542): configureRegularScanParams() - ScanSetting Scan mode=2 mLastConfiguredScanSetting=-2147483648
10-16 19:59:16.899: D/BtGatt.ScanManager(2542): configureRegularScanParams - scanInterval = 8000configureRegularScanParams - scanWindow = 8000
10-16 19:59:16.899: D/BtGatt.GattService(2542): onScanParamSetupCompleted : 0
10-16 19:59:16.928: I/BeaconBle(5527): Nearby requested to stop scan
10-16 19:59:16.931: I/BeaconBle(5527): Stopping scan on delegate scanner. BT state: 12
10-16 19:59:16.932: D/BluetoothAdapter(5527): STATE_ON
10-16 19:59:16.932: D/BtGatt.GattService(2542): stopScan() - queue size =1
10-16 19:59:16.932: D/BtGatt.ScanManager(2542): stop scan
10-16 19:59:16.932: D/BtGatt.ScanManager(2542): configureRegularScanParams() - queue=0
10-16 19:59:16.932: D/BtGatt.ScanManager(2542): configureRegularScanParams() - ScanSetting Scan mode=-2147483648 mLastConfiguredScanSetting=2
10-16 19:59:16.932: D/BtGatt.GattService(2542): unregisterClient() - clientIf=5
10-16 19:59:16.932: D/BtGatt.ScanManager(2542): configureRegularScanParams() - queue emtpy, scan stopped
10-16 19:59:16.937: I/BeaconBle(5527): Resetting - new scanner available: true
10-16 19:59:16.937: I/BeaconBle(5527): 'L' hardware scan: scan stopped, no clients
10-16 19:59:16.937: I/BeaconBle(5527): Scan canceled successfully.
10-16 19:59:16.938: D/BluetoothAdapter(5527): STATE_ON
10-16 19:59:16.938: D/BluetoothLeScanner(5527): could not find callback wrapper
10-16 19:59:16.958: D/BluetoothAdapter(5527): STATE_ON
10-16 19:59:16.958: D/BluetoothLeScanner(5527): could not find callback wrapper
10-16 19:59:16.960: I/BeaconBle(5527): Client requested scan, settings=BleSettings [scanMode=LOW_LATENCY, callbackType=ALL_MATCHES, reportDelayMillis=0, 6 filters, 1 clients, callingClientName=Nearby]
10-16 19:59:16.961: I/BeaconBle(5527): updateOsScan() called too quickly, retry in 300 ms
10-16 19:59:16.972: W/NearbyMessages(5527): LocationProvider returns null
10-16 19:59:17.082: D/AndroidRuntime(5691): >>>>>> START com.android.internal.os.RuntimeInit uid 0 <<<<<<
10-16 19:59:17.083: D/AndroidRuntime(5691): CheckJNI is OFF
10-16 19:59:17.094: D/ICU(5691): No timezone override file found: /data/misc/zoneinfo/current/icu/icu_tzdata.dat
10-16 19:59:17.094: D/ICU(5691): [ 10-16 19:59:17.098  5691: 5691 W/         ]
10-16 19:59:17.094: D/ICU(5691): Failed to bind-mount /system/lib/x86/cpuinfo as /proc/cpuinfo: No such file or directory
10-16 19:59:17.104: E/memtrack(5691): Couldn't load memtrack module (No such file or directory)
10-16 19:59:17.104: E/android.os.Debug(5691): failed to load memtrack module: -2
10-16 19:59:17.105: I/Radio-JNI(5691): register_android_hardware_Radio DONE
10-16 19:59:17.112: D/AndroidRuntime(5691): Calling main entry com.android.commands.am.Am
10-16 19:59:17.113: I/ActivityManager(1718): Force stopping com.google.android.apps.mtaas.loginutil appid=10077 user=0: start instr
10-16 19:59:17.124: I/ActivityManager(1718): Start proc 5703:com.google.android.apps.mtaas.loginutil/u0a77 for added application com.google.android.apps.mtaas.loginutil
10-16 19:59:17.200: W/System(5703): ClassLoader referenced unknown path: /data/app/com.google.android.apps.mtaas.loginutil-1/lib/x86
10-16 19:59:17.200: W/System(5703): ClassLoader referenced unknown path: /data/app/com.google.android.apps.mtaas.loginutil-1/lib/x86
10-16 19:59:17.212: D/LoginUtil(5703): Connected to Internet
10-16 19:59:17.213: D/LoginUtil(5703): Adding Account {name=VS2WQVCOVYYT3Y3JQZUPAOQ2II-00@cloudtestlabaccounts.com, type=com.google}
10-16 19:59:17.227: I/ActivityManager(1718): Start proc 5719:com.google.android.apps.auth.test.support/u0a79 for service com.google.android.apps.auth.test.support/.services.AccountService
10-16 19:59:17.263: I/BeaconBle(5527): 'L' hardware scan: 6 filters, scanMode=2, reportdelay=0, callback type=1, #clients=1
10-16 19:59:17.264: I/BeaconBle(5527): Starting scan on OS scanner. BT state: 12
10-16 19:59:17.264: D/BluetoothAdapter(5527): STATE_ON
10-16 19:59:17.265: D/BtGatt.GattService(2542): registerClient() - UUID=83b1c9b5-5f6b-4f52-83b7-5e42d57026a9
10-16 19:59:17.265: D/BtGatt.GattService(2542): onClientRegistered() - UUID=83b1c9b5-5f6b-4f52-83b7-5e42d57026a9, clientIf=5
10-16 19:59:17.265: D/BluetoothLeScanner(5527): onClientRegistered() - status=0 clientIf=5
10-16 19:59:17.265: D/BtGatt.GattService(2542): start scan with filters
10-16 19:59:17.266: D/BtGatt.ScanManager(2542): handling starting scan
10-16 19:59:17.266: D/BtGatt.ScanManager(2542): configureRegularScanParams() - queue=1
10-16 19:59:17.266: D/BtGatt.ScanManager(2542): configureRegularScanParams() - ScanSetting Scan mode=2 mLastConfiguredScanSetting=-2147483648
10-16 19:59:17.267: D/BtGatt.ScanManager(2542): configureRegularScanParams - scanInterval = 8000configureRegularScanParams - scanWindow = 8000
10-16 19:59:17.267: D/BtGatt.GattService(2542): onScanParamSetupCompleted : 0
10-16 19:59:17.300: W/System(5719): ClassLoader referenced unknown path: /data/app/com.google.android.apps.auth.test.support-1/lib/x86
10-16 19:59:17.303: E/ActivityThread(5719): Failed to find provider info for com.google.android.apps.common.testing.services.storage.testargs
10-16 19:59:17.303: W/AuthService(5719): [TestArgsHelper] Error when calling AndroidTestUtil.getTestArgs(). Note that this behavior might be expected.
10-16 19:59:17.307: I/AuthService(5719): [AddAccountOperation] Call GmsCore API.
10-16 19:59:17.311: W/ChimeraUtils(5527): Non Chimera context
10-16 19:59:17.317: I/Auth(5527): [ReflectiveChannelBinder] Successfully bound channel!
10-16 19:59:17.318: I/GoogleURLConnFactory(5527): Using platform SSLCertificateSocketFactory
10-16 19:59:17.320: E/BaseAppContext(5527): Tried to stop global GMSCore RequestQueue. This is likely unintended, so ignoring.
10-16 19:59:17.333: I/Auth(5527): [ReflectiveChannelBinder] Successfully bound channel!
10-16 19:59:17.346: I/ActivityManager(1718): Start proc 5745:com.google.android.gms.unstable/u0a10 for service com.google.android.gms/.droidguard.DroidGuardService
10-16 19:59:17.422: I/LoadedApk(5745): No resource references to update in package FFFFFFFFFFFFFFFFFFFFFF
10-16 19:59:17.460: W/linker(5745): /data/app/com.google.android.gms-1/lib/x86/libconscrypt_gmscore_jni.so: unused DT entry: type 0x1d arg 0x91
10-16 19:59:17.463: V/NativeCrypto(5745): Registering com/google/android/gms/org/conscrypt/NativeCrypto's 259 native methods...
10-16 19:59:17.468: I/art(5745): Rejecting re-init on previously-failed class java.lang.Class<com.google.android.gms.org.conscrypt.OpenSSLExtendedSessionImpl>
10-16 19:59:17.468: I/art(5745): Rejecting re-init on previously-failed class java.lang.Class<com.google.android.gms.org.conscrypt.OpenSSLExtendedSessionImpl>
10-16 19:59:17.468: I/art(5745): Rejecting re-init on previously-failed class java.lang.Class<com.google.android.gms.org.conscrypt.OpenSSLExtendedSessionImpl>
10-16 19:59:17.472: I/ProviderInstaller(5745): Installed default security provider GmsCore_OpenSSL
10-16 19:59:17.531: D/WVCdm(1345): Instantiating CDM.
10-16 19:59:17.531: I/WVCdm(1345): CdmEngine::OpenSession
10-16 19:59:17.531: I/WVCdm(1345): Level3 Library Jun 15 2015 14:09:10
10-16 19:59:17.533: W/WVCdm(1345): Could not read /data/mediadrm/IDM1013/ay64.dat2: No such file or directory
10-16 19:59:17.533: W/WVCdm(1345): Could not load liboemcrypto.so. Falling back to L3.  dlopen failed: library "liboemcrypto.so" not found
10-16 19:59:17.536: I/WVCdm(1345): CdmEngine::QueryKeyControlInfo
10-16 19:59:17.537: W/WVCdm(1345): BufferReader::Read<T> : Failure during parse: Not enough bytes (4)
10-16 19:59:17.537: W/WVCdm(1345): CdmEngine::ExtractWidevinePssh: Unable to read atom size.
10-16 19:59:17.537: I/WVCdm(1345): CdmEngine::GenerateKeyRequest
10-16 19:59:17.537: D/WVCdm(1345): PrepareKeyRequest: nonce=4174854711
10-16 19:59:17.605: I/DynamiteModule(5745): Considering local module com.google.android.gms.googlecertificates:4 and remote module com.google.android.gms.googlecertificates:4
10-16 19:59:17.605: I/DynamiteModule(5745): Selected local version of com.google.android.gms.googlecertificates
10-16 19:59:17.630: I/WVCdm(1345): CdmEngine::CloseSession
10-16 19:59:17.687: I/ActivityManager(1718): Killing 4498:com.google.android.play.games/u0a65 (adj 15): empty #17
10-16 19:59:17.699: I/Binder_3(5745): type=1400 audit(0.0:176): avc: denied { getattr } for name="/" dev="tracefs" ino=1 scontext=u:r:untrusted_app:s0:c512,c768 tcontext=u:object_r:unlabeled:s0 tclass=filesystem permissive=1
10-16 19:59:17.743: I/Remoter(1334): Saved screenshot to '/data/screenshots/__pmv__-0085.jpg'
10-16 19:59:17.699: I/Binder_3(5745): type=1400 audit(0.0:177): avc: denied { search } for name="1348" dev="proc" ino=291 scontext=u:r:untrusted_app:s0:c512,c768 tcontext=u:r:zygote:s0 tclass=dir permissive=1
10-16 19:59:17.747: D/ActivityManager(1718): cleanUpApplicationRecord -- 4498
10-16 19:59:17.699: I/Binder_3(5745): type=1400 audit(0.0:178): avc: denied { read } for name="stat" dev="proc" ino=7829 scontext=u:r:untrusted_app:s0:c512,c768 tcontext=u:r:zygote:s0 tclass=file permissive=1
10-16 19:59:17.699: I/Binder_3(5745): type=1400 audit(0.0:179): avc: denied { open } for path="/proc/1348/stat" dev="proc" ino=7829 scontext=u:r:untrusted_app:s0:c512,c768 tcontext=u:r:zygote:s0 tclass=file permissive=1
10-16 19:59:17.833: I/dex2oat(5776): /system/bin/dex2oat --dex-file=/data/user/0/com.google.android.gms/app_fb/f.apk --oat-file=/data/user/0/com.google.android.gms/app_fb/f.dex
10-16 19:59:17.833: E/cutils-trace(5776): Error opening trace file: Permission denied (13)
10-16 19:59:17.869: I/dex2oat(5776): dex2oat took 36.333ms (threads: 2) arena alloc=51KB java alloc=51KB native alloc=1345KB free=1214KB
10-16 19:59:17.871: W/System(5745): ClassLoader referenced unknown path: 
10-16 19:59:18.190: W/Conscrypt(5527): Could not set socket write timeout:
10-16 19:59:18.190: W/Conscrypt(5527):    java.lang.reflect.Method.invoke(Native Method)
10-16 19:59:18.190: W/Conscrypt(5527):    com.google.android.gms.org.conscrypt.Platform.setSocketWriteTimeout(:com.google.android.gms@11519470:13)
10-16 19:59:18.200: W/Conscrypt(5527): Could not set socket write timeout:
10-16 19:59:18.200: W/Conscrypt(5527):    java.lang.reflect.Method.invoke(Native Method)
10-16 19:59:18.200: W/Conscrypt(5527):    com.google.android.gms.org.conscrypt.Platform.setSocketWriteTimeout(:com.google.android.gms@11519470:13)
10-16 19:59:18.273: I/ActivityManager(1718): Killing 4779:com.google.process.gapps/u0a43 (adj 15): empty #17
10-16 19:59:18.303: D/ActivityManager(1718): cleanUpApplicationRecord -- 4779
10-16 19:59:18.315: I/WVCdm(1345): CdmEngine::OpenSession
10-16 19:59:18.315: I/WVCdm(1345): Level3 Library Jun 15 2015 14:09:10
10-16 19:59:18.315: W/WVCdm(1345): Could not read /data/mediadrm/IDM1013/ay64.dat2: No such file or directory
10-16 19:59:18.315: W/WVCdm(1345): Could not load liboemcrypto.so. Falling back to L3.  dlopen failed: library "liboemcrypto.so" not found
10-16 19:59:18.317: I/WVCdm(1345): CdmEngine::QueryKeyControlInfo
10-16 19:59:18.317: W/WVCdm(1345): BufferReader::Read<T> : Failure during parse: Not enough bytes (4)
10-16 19:59:18.317: W/WVCdm(1345): CdmEngine::ExtractWidevinePssh: Unable to read atom size.
10-16 19:59:18.317: I/WVCdm(1345): CdmEngine::GenerateKeyRequest
10-16 19:59:18.317: D/WVCdm(1345): PrepareKeyRequest: nonce=662734918
10-16 19:59:18.396: I/WVCdm(1345): CdmEngine::CloseSession
10-16 19:59:18.421: I/AccountManagerService(1718): the accounts changed, sending broadcast of android.accounts.LOGIN_ACCOUNTS_CHANGED
10-16 19:59:18.423: I/Backup(5527): [GmsBackupAccountManager] Backup account not found in gmscore.
10-16 19:59:18.423: I/AccountManagerService(1718): the accounts changed, sending broadcast of android.accounts.LOGIN_ACCOUNTS_CHANGED
10-16 19:59:18.433: I/ActivityManager(1718): Start proc 5795:com.google.android.apps.gcs/u0a9 for broadcast com.google.android.apps.gcs/.receiver.AccountsChangedReceiver
10-16 19:59:18.445: I/ContactsProvider(4704): Accounts changed
10-16 19:59:18.446: I/Auth(5527): [BroadcastManager] Broadcasting account services changed.
10-16 19:59:18.451: I/AuthService(5719): [AddAccountOperation] Succeeded.
10-16 19:59:18.486: I/Backup(5527): [GmsBackupAccountManager] Backup account not found in gmscore.
10-16 19:59:18.488: I/Icing(5568): updateResources: need to parse tut{com.google.android.gms}
10-16 19:59:18.512: I/ContactsProvider(4704): Accounts changed
10-16 19:59:18.567: I/AuthService(5719): [AccountService] Execution time for add account with authorization code, options: Bundle[{}] is 1262 ms.
10-16 19:59:18.585: D/LoginUtil(5703): Instrumentation completed successfully
10-16 19:59:18.588: I/ActivityManager(1718): Force stopping com.google.android.apps.mtaas.loginutil appid=10077 user=0: finished inst
10-16 19:59:18.588: I/ActivityManager(1718): Killing 5703:com.google.android.apps.mtaas.loginutil/u0a77 (adj 0): stop com.google.android.apps.mtaas.loginutil
10-16 19:59:18.589: D/AndroidRuntime(5691): Shutting down VM
10-16 19:59:18.609: W/System(5795): ClassLoader referenced unknown path: /system/priv-app/GCS/lib/x86
10-16 19:59:18.632: D/ContactDirectoryManager(4704): Found com.google.contacts.gal.provider
10-16 19:59:18.632: D/ContactDirectoryManager(4704): Found com.google.android.gm.exchange.directory.provider
10-16 19:59:18.635: D/ActivityManager(1718): cleanUpApplicationRecord -- 5703
10-16 19:59:18.698: W/ActivityManager(1718): Spurious death for ProcessRecord{59913c4 0:com.google.android.apps.mtaas.loginutil/u0a77}, curProc for 5703: null
10-16 19:59:18.713: W/ActivityManager(1718): Unable to start service Intent { act=com.google.android.gms.playlog.service.START pkg=com.google.android.gms } U=0: not found
10-16 19:59:18.717: I/Auth(5527): [GoogleAccountHistoryStore] creating database.
10-16 19:59:18.718: W/ActivityManager(1718): Unbind failed: could not find connection for android.os.BinderProxy@fea2484
10-16 19:59:18.718: E/GmsClient(5302): unable to connect to service: com.google.android.gms.playlog.service.START
10-16 19:59:18.723: W/ClientExperimentManager(5795): [1] d.a: com.google.android.apps.gcs does not have permission com.google.android.apps.gcs.WRITE_EXPERIMENTS; disabling overrides
10-16 19:59:18.723: W/ActivityManager(1718): Unable to start service Intent { cmp=com.google.android.apps.gcs/.service.a } U=0: not found
10-16 19:59:18.733: I/Icing(5568): updateResources: need to parse tut{com.google.android.gms}
10-16 19:59:18.734: I/ActivityManager(1718): Start proc 5837:com.google.process.gapps/u0a43 for content provider com.google.android.syncadapters.contacts/.GalProvider
10-16 19:59:18.747: I/ActivityManager(1718): Start proc 5843:com.android.vending/u0a20 for broadcast com.android.vending/com.google.android.finsky.receivers.AccountsChangedReceiver
10-16 19:59:18.749: W/AnalyticsLogBase(5302): PlayLogger.onLoggerFailedConnection
10-16 19:59:18.833: I/RlzPingService(4725): Setting next ping for 1508284758799
10-16 19:59:18.851: W/System(5843): ClassLoader referenced unknown path: /system/priv-app/Phonesky/lib/x86
10-16 19:59:18.878: I/ActivityManager(1718): Killing 4732:com.google.android.gm.exchange/u0a68 (adj 15): empty #17
10-16 19:59:18.897: I/Remoter(1334): Saved screenshot to '/data/screenshots/__pmv__-0086.jpg'
10-16 19:59:18.943: I/ActivityManager(1718): Killing 4874:android.process.media/u0a7 (adj 15): empty #17
10-16 19:59:18.995: D/ActivityManager(1718): cleanUpApplicationRecord -- 4732
10-16 19:59:18.997: D/ActivityManager(1718): cleanUpApplicationRecord -- 4874
10-16 19:59:18.999: W/System(5837): ClassLoader referenced unknown path: /system/app/GoogleContactsSyncAdapter/lib/x86
10-16 19:59:19.004: I/GoogleHttpClient(5837): GMS http client unavailable, use old client
10-16 19:59:19.013: W/Conscrypt(5527): Could not set socket write timeout:
10-16 19:59:19.013: W/Conscrypt(5527):    java.lang.reflect.Method.invoke(Native Method)
10-16 19:59:19.013: W/Conscrypt(5527):    com.google.android.gms.org.conscrypt.Platform.setSocketWriteTimeout(:com.google.android.gms@11519470:13)
10-16 19:59:19.015: I/ContactDirectoryManager(4704): deleted 0 stale rows which don't have any relevant directory
10-16 19:59:19.015: D/Finsky(5843): [1] FinskyApp.onCreate: Initializing network with DFE https://android.clients.google.com/fdfe/
10-16 19:59:19.016: I/ContactDirectoryManager(4704): Discovered 1 contact directories in 439ms
10-16 19:59:19.021: W/Conscrypt(5527): Could not set socket write timeout:
10-16 19:59:19.021: W/Conscrypt(5527):    java.lang.reflect.Method.invoke(Native Method)
10-16 19:59:19.021: W/Conscrypt(5527):    com.google.android.gms.org.conscrypt.Platform.setSocketWriteTimeout(:com.google.android.gms@11519470:13)
10-16 19:59:19.032: W/GLSUser(5527): [AppCertManager] IOException while requesting key: 
10-16 19:59:19.032: W/GLSUser(5527): java.io.IOException: Invalid device key response.
10-16 19:59:19.032: W/GLSUser(5527): 	at ewg.a(:com.google.android.gms@11519470:11)
10-16 19:59:19.032: W/GLSUser(5527): 	at ewg.a(:com.google.android.gms@11519470:63)
10-16 19:59:19.032: W/GLSUser(5527): 	at ewe.a(:com.google.android.gms@11519470:8)
10-16 19:59:19.032: W/GLSUser(5527): 	at ewa.a(:com.google.android.gms@11519470:1)
10-16 19:59:19.032: W/GLSUser(5527): 	at evz.a(:com.google.android.gms@11519470:10)
10-16 19:59:19.032: W/GLSUser(5527): 	at com.google.android.gms.auth.account.be.legacy.AuthCronChimeraService.b(:com.google.android.gms@11519470:7)
10-16 19:59:19.032: W/GLSUser(5527): 	at ecb.call(:com.google.android.gms@11519470:3)
10-16 19:59:19.032: W/GLSUser(5527): 	at java.util.concurrent.FutureTask.run(FutureTask.java:237)
10-16 19:59:19.032: W/GLSUser(5527): 	at mmo.run(:com.google.android.gms@11519470:25)
10-16 19:59:19.032: W/GLSUser(5527): 	at java.util.concurrent.ThreadPoolExecutor.runWorker(ThreadPoolExecutor.java:1113)
10-16 19:59:19.032: W/GLSUser(5527): 	at java.util.concurrent.ThreadPoolExecutor$Worker.run(ThreadPoolExecutor.java:588)
10-16 19:59:19.032: W/GLSUser(5527): 	at mrv.run(:com.google.android.gms@11519470)
10-16 19:59:19.032: W/GLSUser(5527): 	at java.lang.Thread.run(Thread.java:818)
10-16 19:59:19.065: D/Finsky(5843): [1] DailyHygiene.goMakeHygieneIfDirty: No need to run daily hygiene.
10-16 19:59:19.068: W/Settings(5843): Setting download_manager_max_bytes_over_mobile has moved from android.provider.Settings.Secure to android.provider.Settings.Global.
10-16 19:59:19.068: W/Settings(5843): Setting download_manager_recommended_max_bytes_over_mobile has moved from android.provider.Settings.Secure to android.provider.Settings.Global.
10-16 19:59:19.097: I/ActivityManager(1718): Start proc 5894:android.process.media/u0a7 for content provider com.android.providers.downloads/.DownloadProvider
10-16 19:59:19.100: D/Finsky(5843): [1] VpaService.startVpaForNewAccount: Setting start-downloads flag, which was cleared
10-16 19:59:19.102: D/Volley(5843): [404] DiskBasedCache.clear: Cache cleared.
10-16 19:59:19.102: D/Volley(5843): [411] DiskBasedCache.clear: Cache cleared.
10-16 19:59:19.103: D/Ads(5843): Skipping gmscore version check
10-16 19:59:19.125: D/Finsky(5843): [1] Libraries$2.run: Loaded library for account: [pNO9ObzPejlK16Cz5STnAehdGGc]
10-16 19:59:19.125: D/Finsky(5843): [1] Libraries$2.run: Finished loading 1 libraries.
10-16 19:59:19.126: D/Finsky(5843): [1] UpdateWidgetsReceiver.onReceive: Updated 0 MarketWidgetProvider widgets (android.accounts.LOGIN_ACCOUNTS_CHANGED)
10-16 19:59:19.127: D/Finsky(5843): [1] UpdateWidgetsReceiver.onReceive: Updated 0 RecommendedWidgetProvider widgets (android.accounts.LOGIN_ACCOUNTS_CHANGED)
10-16 19:59:19.127: D/Finsky(5843): [1] UpdateWidgetsReceiver.onReceive: Updated 0 NowPlayingWidgetProvider widgets (android.accounts.LOGIN_ACCOUNTS_CHANGED)
10-16 19:59:19.134: D/Finsky(5843): [1] VpaService$2.onPostExecute: No VPA stub found - stopping service
10-16 19:59:19.143: I/NowOptInSettings(4867): onAccountChanged() : Account {name=VS2WQVCOVYYT3Y3JQZUPAOQ2II-00@cloudtestlabaccounts.com, type=com.google}
10-16 19:59:19.169: I/ActivityManager(1718): Start proc 5925:com.android.chrome/u0a36 for broadcast com.android.chrome/org.chromium.chrome.browser.services.AccountsChangedReceiver
10-16 19:59:19.176: I/WebViewFactory(4867): Loading com.google.android.webview version 53.0.2785.124 (code 278512410)
10-16 19:59:19.178: W/LocationOracleImpl(4867): Best location was null
10-16 19:59:19.191: D/WifiService(1718): New client listening to asynchronous messages
10-16 19:59:19.193: W/Conscrypt(5527): Could not set socket write timeout:
10-16 19:59:19.193: W/Conscrypt(5527):    java.lang.reflect.Method.invoke(Native Method)
10-16 19:59:19.193: W/Conscrypt(5527):    com.google.android.gms.org.conscrypt.Platform.setSocketWriteTimeout(:com.google.android.gms@11519470:13)
10-16 19:59:19.195: W/Conscrypt(5527): Could not set socket write timeout:
10-16 19:59:19.195: W/Conscrypt(5527):    java.lang.reflect.Method.invoke(Native Method)
10-16 19:59:19.195: W/Conscrypt(5527):    com.google.android.gms.org.conscrypt.Platform.setSocketWriteTimeout(:com.google.android.gms@11519470:13)
10-16 19:59:19.197: W/System(5894): ClassLoader referenced unknown path: /system/priv-app/DownloadProvider/lib/x86
10-16 19:59:19.198: W/System(5894): ClassLoader referenced unknown path: /system/priv-app/MediaProvider/lib/x86
10-16 19:59:19.204: W/Conscrypt(5527): Could not set socket write timeout:
10-16 19:59:19.208: W/Conscrypt(5527): Could not set socket write timeout:
10-16 19:59:19.208: W/Conscrypt(5527):    java.lang.reflect.Method.invoke(Native Method)
10-16 19:59:19.208: W/Conscrypt(5527):    com.google.android.gms.org.conscrypt.Platform.setSocketWriteTimeout(:com.google.android.gms@11519470:13)
10-16 19:59:19.210: W/Conscrypt(5527):    java.lang.reflect.Method.invoke(Native Method)
10-16 19:59:19.210: W/Conscrypt(5527):    com.google.android.gms.org.conscrypt.Platform.setSocketWriteTimeout(:com.google.android.gms@11519470:13)
10-16 19:59:19.243: E/GCoreUlr(5527): Create new device tag of -412299743 without device reboot
10-16 19:59:19.248: I/Auth(5527): [BroadcastManager] Broadcasting account services changed.
10-16 19:59:19.268: W/System(4867): ClassLoader referenced unknown path: /system/app/WebViewGoogle/lib/x86
10-16 19:59:19.271: I/art(4867): Rejecting re-init on previously-failed class java.lang.Class<com.android.webview.chromium.ServiceWorkerControllerAdapter>
10-16 19:59:19.271: I/art(4867): Rejecting re-init on previously-failed class java.lang.Class<com.android.webview.chromium.ServiceWorkerControllerAdapter>
10-16 19:59:19.274: W/Auth(5527): [GetToken] GetToken failed with status code: INVALID_SCOPE
10-16 19:59:19.275: W/Search.LoginHelper(4867): Google auth exception for scope: oauth2:https://www.googleapis.com/auth/googlenow
10-16 19:59:19.275: W/Search.LoginHelper(4867): com.google.android.gms.auth.a: INVALID_SCOPE
10-16 19:59:19.275: W/Search.LoginHelper(4867): 	at com.google.android.gms.auth.b.a(Unknown Source)
10-16 19:59:19.275: W/Search.LoginHelper(4867): 	at com.google.android.gms.auth.b.b(Unknown Source)
10-16 19:59:19.275: W/Search.LoginHelper(4867): 	at com.google.android.gms.auth.b.a(Unknown Source)
10-16 19:59:19.275: W/Search.LoginHelper(4867): 	at com.google.android.apps.gsa.search.core.google.c.m.a(GoogleAuthAdapterImpl.java:29)
10-16 19:59:19.275: W/Search.LoginHelper(4867): 	at com.google.android.apps.gsa.search.core.google.c.k.a(FallingBackGoogleAuthAdapter.java:93)
10-16 19:59:19.275: W/Search.LoginHelper(4867): 	at com.google.android.apps.gsa.search.core.google.c.g.a(CachingGoogleAuthAdapter.java:72)
10-16 19:59:19.275: W/Search.LoginHelper(4867): 	at com.google.android.apps.gsa.search.core.google.c.n.b(LoginHelper.java:829)
10-16 19:59:19.275: W/Search.LoginHelper(4867): 	at com.google.android.apps.gsa.search.core.google.c.n$5.Pe(LoginHelper.java:715)
10-16 19:59:19.275: W/Search.LoginHelper(4867): 	at com.google.android.apps.gsa.search.core.google.c.n$5.call(LoginHelper.java:712)
10-16 19:59:19.275: W/Search.LoginHelper(4867): 	at java.util.concurrent.FutureTask.run(FutureTask.java:237)
10-16 19:59:19.275: W/Search.LoginHelper(4867): 	at java.util.concurrent.Executors$RunnableAdapter.call(Executors.java:423)
10-16 19:59:19.275: W/Search.LoginHelper(4867): 	at java.util.concurrent.FutureTask.run(FutureTask.java:237)
10-16 19:59:19.275: W/Search.LoginHelper(4867): 	at java.util.concurrent.ThreadPoolExecutor.runWorker(ThreadPoolExecutor.java:1113)
10-16 19:59:19.275: W/Search.LoginHelper(4867): 	at java.util.concurrent.ThreadPoolExecutor$Worker.run(ThreadPoolExecutor.java:588)
10-16 19:59:19.275: W/Search.LoginHelper(4867): 	at java.lang.Thread.run(Thread.java:818)
10-16 19:59:19.275: W/Search.LoginHelper(4867): 	at com.google.android.apps.gsa.shared.util.concurrent.a.q$1.run(GsaThreadFactory.java:99)
10-16 19:59:19.284: W/Auth(5527): [GetToken] GetToken failed with status code: INVALID_SCOPE
10-16 19:59:19.303: I/art(4867): Rejecting re-init on previously-failed class java.lang.Class<com.android.webview.chromium.TokenBindingManagerAdapter>
10-16 19:59:19.303: I/art(4867): Rejecting re-init on previously-failed class java.lang.Class<com.android.webview.chromium.TokenBindingManagerAdapter>
10-16 19:59:19.305: W/Search.LoginHelper(4867): Google auth exception for scope: oauth2:https://www.googleapis.com/auth/googlenow
10-16 19:59:19.305: W/Search.LoginHelper(4867): com.google.android.gms.auth.a: INVALID_SCOPE
10-16 19:59:19.305: W/Search.LoginHelper(4867): 	at com.google.android.gms.auth.b.a(Unknown Source)
10-16 19:59:19.305: W/Search.LoginHelper(4867): 	at com.google.android.gms.auth.b.b(Unknown Source)
10-16 19:59:19.305: W/Search.LoginHelper(4867): 	at com.google.android.gms.auth.b.a(Unknown Source)
10-16 19:59:19.305: W/Search.LoginHelper(4867): 	at com.google.android.apps.gsa.search.core.google.c.m.a(GoogleAuthAdapterImpl.java:29)
10-16 19:59:19.305: W/Search.LoginHelper(4867): 	at com.google.android.apps.gsa.search.core.google.c.k.a(FallingBackGoogleAuthAdapter.java:93)
10-16 19:59:19.305: W/Search.LoginHelper(4867): 	at com.google.android.apps.gsa.search.core.google.c.g.a(CachingGoogleAuthAdapter.java:72)
10-16 19:59:19.305: W/Search.LoginHelper(4867): 	at com.google.android.apps.gsa.search.core.google.c.n.b(LoginHelper.java:829)
10-16 19:59:19.305: W/Search.LoginHelper(4867): 	at com.google.android.apps.gsa.search.core.google.c.n$5.Pe(LoginHelper.java:715)
10-16 19:59:19.305: W/Search.LoginHelper(4867): 	at com.google.android.apps.gsa.search.core.google.c.n$5.call(LoginHelper.java:712)
10-16 19:59:19.305: W/Search.LoginHelper(4867): 	at java.util.concurrent.FutureTask.run(FutureTask.java:237)
10-16 19:59:19.305: W/Search.LoginHelper(4867): 	at java.util.concurrent.Executors$RunnableAdapter.call(Executors.java:423)
10-16 19:59:19.305: W/Search.LoginHelper(4867): 	at java.util.concurrent.FutureTask.run(FutureTask.java:237)
10-16 19:59:19.305: W/Search.LoginHelper(4867): 	at java.util.concurrent.ThreadPoolExecutor.runWorker(ThreadPoolExecutor.java:1113)
10-16 19:59:19.305: W/Search.LoginHelper(4867): 	at java.util.concurrent.ThreadPoolExecutor$Worker.run(ThreadPoolExecutor.java:588)
10-16 19:59:19.305: W/Search.LoginHelper(4867): 	at java.lang.Thread.run(Thread.java:818)
10-16 19:59:19.305: W/Search.LoginHelper(4867): 	at com.google.android.apps.gsa.shared.util.concurrent.a.q$1.run(GsaThreadFactory.java:99)
10-16 19:59:19.316: D/Finsky(5843): [1] GmsCoreHelper.cleanupNlp: result=false type=4
10-16 19:59:19.325: I/cr_LibraryLoader(4867): Time to load native libraries: 18 ms (timestamps 1545-1563)
10-16 19:59:19.325: D/Finsky(5843): [1] RestoreTracker.stopServiceIfDone: Restore complete with 0 success and 0 failed.
10-16 19:59:19.326: I/cr_LibraryLoader(4867): Expected native library version number "53.0.2785.124", actual native library version number "53.0.2785.124"
10-16 19:59:19.327: W/UdcContextManagerHelper(5527): Empty context buffer. Thus might mean that the context is not synced down.
10-16 19:59:19.328: W/UploadOptInStatusOp(5527): Empty context model while retrieving upload opt-in status!
10-16 19:59:19.339: W/Auth(5527): [GetToken] GetToken failed with status code: INVALID_SCOPE
10-16 19:59:19.339: W/Search.LoginHelper(4867): Google auth exception for scope: oauth2:https://www.googleapis.com/auth/googlenow
10-16 19:59:19.339: W/Search.LoginHelper(4867): com.google.android.gms.auth.a: INVALID_SCOPE
10-16 19:59:19.339: W/Search.LoginHelper(4867): 	at com.google.android.gms.auth.b.a(Unknown Source)
10-16 19:59:19.339: W/Search.LoginHelper(4867): 	at com.google.android.gms.auth.b.b(Unknown Source)
10-16 19:59:19.339: W/Search.LoginHelper(4867): 	at com.google.android.gms.auth.b.a(Unknown Source)
10-16 19:59:19.339: W/Search.LoginHelper(4867): 	at com.google.android.apps.gsa.search.core.google.c.m.a(GoogleAuthAdapterImpl.java:29)
10-16 19:59:19.339: W/Search.LoginHelper(4867): 	at com.google.android.apps.gsa.search.core.google.c.k.a(FallingBackGoogleAuthAdapter.java:93)
10-16 19:59:19.339: W/Search.LoginHelper(4867): 	at com.google.android.apps.gsa.search.core.google.c.g.a(CachingGoogleAuthAdapter.java:72)
10-16 19:59:19.339: W/Search.LoginHelper(4867): 	at com.google.android.apps.gsa.search.core.google.c.n.b(LoginHelper.java:829)
10-16 19:59:19.339: W/Search.LoginHelper(4867): 	at com.google.android.apps.gsa.search.core.google.c.n$5.Pe(LoginHelper.java:715)
10-16 19:59:19.339: W/Search.LoginHelper(4867): 	at com.google.android.apps.gsa.search.core.google.c.n$5.call(LoginHelper.java:712)
10-16 19:59:19.339: W/Search.LoginHelper(4867): 	at java.util.concurrent.FutureTask.run(FutureTask.java:237)
10-16 19:59:19.339: W/Search.LoginHelper(4867): 	at java.util.concurrent.Executors$RunnableAdapter.call(Executors.java:423)
10-16 19:59:19.339: W/Search.LoginHelper(4867): 	at java.util.concurrent.FutureTask.run(FutureTask.java:237)
10-16 19:59:19.339: W/Search.LoginHelper(4867): 	at java.util.concurrent.ThreadPoolExecutor.runWorker(ThreadPoolExecutor.java:1113)
10-16 19:59:19.339: W/Search.LoginHelper(4867): 	at java.util.concurrent.ThreadPoolExecutor$Worker.run(ThreadPoolExecutor.java:588)
10-16 19:59:19.339: W/Search.LoginHelper(4867): 	at java.lang.Thread.run(Thread.java:818)
10-16 19:59:19.339: W/Search.LoginHelper(4867): 	at com.google.android.apps.gsa.shared.util.concurrent.a.q$1.run(GsaThreadFactory.java:99)
10-16 19:59:19.340: E/VelvetNetworkClient(4867): Failed to get auth token
10-16 19:59:19.340: W/NowOptInSettings(4867): Failed to fetch default configuration
10-16 19:59:19.354: D/DownloadManager(5894): [28] Starting
10-16 19:59:19.355: E/ctxmgr(5527): [NetworkUtil]No active synchronizable contexts.
10-16 19:59:19.361: W/Search.SearchUrlHelper(4867): Auth token not ready, no auth header set.
10-16 19:59:19.363: W/Search.SearchUrlHelper(4867): Auth token not ready, no auth header set.
10-16 19:59:19.397: I/ActivityManager(1718): Start proc 5993:com.google.android.apps.maps/u0a56 for broadcast com.google.android.apps.maps/com.google.android.apps.gmm.ulr.UlrSettingsReceiver
10-16 19:59:19.399: W/Auth(5527): [GetToken] GetToken failed with status code: INVALID_SCOPE
10-16 19:59:19.399: W/Search.LoginHelper(4867): Google auth exception for scope: oauth2:https://www.googleapis.com/auth/googlenow
10-16 19:59:19.399: W/Search.LoginHelper(4867): com.google.android.gms.auth.a: INVALID_SCOPE
10-16 19:59:19.399: W/Search.LoginHelper(4867): 	at com.google.android.gms.auth.b.a(Unknown Source)
10-16 19:59:19.399: W/Search.LoginHelper(4867): 	at com.google.android.gms.auth.b.b(Unknown Source)
10-16 19:59:19.399: W/Search.LoginHelper(4867): 	at com.google.android.gms.auth.b.a(Unknown Source)
10-16 19:59:19.399: W/Search.LoginHelper(4867): 	at com.google.android.apps.gsa.search.core.google.c.m.a(GoogleAuthAdapterImpl.java:29)
10-16 19:59:19.399: W/Search.LoginHelper(4867): 	at com.google.android.apps.gsa.search.core.google.c.k.a(FallingBackGoogleAuthAdapter.java:93)
10-16 19:59:19.399: W/Search.LoginHelper(4867): 	at com.google.android.apps.gsa.search.core.google.c.g.a(CachingGoogleAuthAdapter.java:72)
10-16 19:59:19.399: W/Search.LoginHelper(4867): 	at com.google.android.apps.gsa.search.core.google.c.n.b(LoginHelper.java:829)
10-16 19:59:19.399: W/Search.LoginHelper(4867): 	at com.google.android.apps.gsa.search.core.google.c.n$5.Pe(LoginHelper.java:715)
10-16 19:59:19.399: W/Search.LoginHelper(4867): 	at com.google.android.apps.gsa.search.core.google.c.n$5.call(LoginHelper.java:712)
10-16 19:59:19.399: W/Search.LoginHelper(4867): 	at java.util.concurrent.FutureTask.run(FutureTask.java:237)
10-16 19:59:19.399: W/Search.LoginHelper(4867): 	at java.util.concurrent.Executors$RunnableAdapter.call(Executors.java:423)
10-16 19:59:19.399: W/Search.LoginHelper(4867): 	at java.util.concurrent.FutureTask.run(FutureTask.java:237)
10-16 19:59:19.399: W/Search.LoginHelper(4867): 	at java.util.concurrent.ThreadPoolExecutor.runWorker(ThreadPoolExecutor.java:1113)
10-16 19:59:19.399: W/Search.LoginHelper(4867): 	at java.util.concurrent.ThreadPoolExecutor$Worker.run(ThreadPoolExecutor.java:588)
10-16 19:59:19.399: W/Search.LoginHelper(4867): 	at java.lang.Thread.run(Thread.java:818)
10-16 19:59:19.399: W/Search.LoginHelper(4867): 	at com.google.android.apps.gsa.shared.util.concurrent.a.q$1.run(GsaThreadFactory.java:99)
10-16 19:59:19.401: I/GoogleHttpClient(5837): GMS http client unavailable, use old client
10-16 19:59:19.425: W/Auth(5527): [GetToken] GetToken failed with status code: INVALID_SCOPE
10-16 19:59:19.426: W/Search.LoginHelper(4867): Google auth exception for scope: oauth2:https://www.googleapis.com/auth/googlenow
10-16 19:59:19.426: W/Search.LoginHelper(4867): com.google.android.gms.auth.a: INVALID_SCOPE
10-16 19:59:19.426: W/Search.LoginHelper(4867): 	at com.google.android.gms.auth.b.a(Unknown Source)
