10-16 19:59:19.426: W/Search.LoginHelper(4867): 	at com.google.android.gms.auth.b.b(Unknown Source)
10-16 19:59:19.426: W/Search.LoginHelper(4867): 	at com.google.android.gms.auth.b.a(Unknown Source)
10-16 19:59:19.426: W/Search.LoginHelper(4867): 	at com.google.android.apps.gsa.search.core.google.c.m.a(GoogleAuthAdapterImpl.java:29)
10-16 19:59:19.426: W/Search.LoginHelper(4867): 	at com.google.android.apps.gsa.search.core.google.c.k.a(FallingBackGoogleAuthAdapter.java:93)
10-16 19:59:19.426: W/Search.LoginHelper(4867): 	at com.google.android.apps.gsa.search.core.google.c.g.a(CachingGoogleAuthAdapter.java:72)
10-16 19:59:19.426: W/Search.LoginHelper(4867): 	at com.google.android.apps.gsa.search.core.google.c.n.b(LoginHelper.java:829)
10-16 19:59:19.426: W/Search.LoginHelper(4867): 	at com.google.android.apps.gsa.search.core.google.c.n$5.Pe(LoginHelper.java:715)
10-16 19:59:19.426: W/Search.LoginHelper(4867): 	at com.google.android.apps.gsa.search.core.google.c.n$5.call(LoginHelper.java:712)
10-16 19:59:19.426: W/Search.LoginHelper(4867): 	at java.util.concurrent.FutureTask.run(FutureTask.java:237)
10-16 19:59:19.426: W/Search.LoginHelper(4867): 	at java.util.concurrent.Executors$RunnableAdapter.call(Executors.java:423)
10-16 19:59:19.426: W/Search.LoginHelper(4867): 	at java.util.concurrent.FutureTask.run(FutureTask.java:237)
10-16 19:59:19.426: W/Search.LoginHelper(4867): 	at java.util.concurrent.ThreadPoolExecutor.runWorker(ThreadPoolExecutor.java:1113)
10-16 19:59:19.426: W/Search.LoginHelper(4867): 	at java.util.concurrent.ThreadPoolExecutor$Worker.run(ThreadPoolExecutor.java:588)
10-16 19:59:19.426: W/Search.LoginHelper(4867): 	at java.lang.Thread.run(Thread.java:818)
10-16 19:59:19.426: W/Search.LoginHelper(4867): 	at com.google.android.apps.gsa.shared.util.concurrent.a.q$1.run(GsaThreadFactory.java:99)
10-16 19:59:19.426: E/VelvetNetworkClient(4867): Failed to get auth token
10-16 19:59:19.434: D/DownloadManager(5894): [28] Finished with status SUCCESS
10-16 19:59:19.441: I/ActivityManager(1718): Killing 4751:com.android.musicfx/u0a19 (adj 15): empty #17
10-16 19:59:19.453: W/Auth(5527): [GetToken] GetToken failed with status code: INVALID_SCOPE
10-16 19:59:19.453: W/Search.LoginHelper(4867): Google auth exception for scope: oauth2:https://www.googleapis.com/auth/googlenow
10-16 19:59:19.453: W/Search.LoginHelper(4867): com.google.android.gms.auth.a: INVALID_SCOPE
10-16 19:59:19.453: W/Search.LoginHelper(4867): 	at com.google.android.gms.auth.b.a(Unknown Source)
10-16 19:59:19.453: W/Search.LoginHelper(4867): 	at com.google.android.gms.auth.b.b(Unknown Source)
10-16 19:59:19.453: W/Search.LoginHelper(4867): 	at com.google.android.gms.auth.b.a(Unknown Source)
10-16 19:59:19.453: W/Search.LoginHelper(4867): 	at com.google.android.apps.gsa.search.core.google.c.m.a(GoogleAuthAdapterImpl.java:29)
10-16 19:59:19.453: W/Search.LoginHelper(4867): 	at com.google.android.apps.gsa.search.core.google.c.k.a(FallingBackGoogleAuthAdapter.java:93)
10-16 19:59:19.453: W/Search.LoginHelper(4867): 	at com.google.android.apps.gsa.search.core.google.c.g.a(CachingGoogleAuthAdapter.java:72)
10-16 19:59:19.453: W/Search.LoginHelper(4867): 	at com.google.android.apps.gsa.search.core.google.c.n.b(LoginHelper.java:829)
10-16 19:59:19.453: W/Search.LoginHelper(4867): 	at com.google.android.apps.gsa.search.core.google.c.n$5.Pe(LoginHelper.java:715)
10-16 19:59:19.453: W/Search.LoginHelper(4867): 	at com.google.android.apps.gsa.search.core.google.c.n$5.call(LoginHelper.java:712)
10-16 19:59:19.453: W/Search.LoginHelper(4867): 	at java.util.concurrent.FutureTask.run(FutureTask.java:237)
10-16 19:59:19.453: W/Search.LoginHelper(4867): 	at java.util.concurrent.Executors$RunnableAdapter.call(Executors.java:423)
10-16 19:59:19.453: W/Search.LoginHelper(4867): 	at java.util.concurrent.FutureTask.run(FutureTask.java:237)
10-16 19:59:19.453: W/Search.LoginHelper(4867): 	at java.util.concurrent.ThreadPoolExecutor.runWorker(ThreadPoolExecutor.java:1113)
10-16 19:59:19.453: W/Search.LoginHelper(4867): 	at java.util.concurrent.ThreadPoolExecutor$Worker.run(ThreadPoolExecutor.java:588)
10-16 19:59:19.453: W/Search.LoginHelper(4867): 	at java.lang.Thread.run(Thread.java:818)
10-16 19:59:19.453: W/Search.LoginHelper(4867): 	at com.google.android.apps.gsa.shared.util.concurrent.a.q$1.run(GsaThreadFactory.java:99)
10-16 19:59:19.458: W/Auth(5527): [GetToken] GetToken failed with status code: INVALID_SCOPE
10-16 19:59:19.459: W/AuthSessionAuthenticato(5527): Auth related exception is being ignored: INVALID_SCOPE
10-16 19:59:19.460: W/GLSUser(5527): [DeviceKeyStore] Cannot load key: Device key file not found.
10-16 19:59:19.460: W/GLSUser(5527): [DeviceKeyStore] Cannot load key: Device key file not found.
10-16 19:59:19.461: E/ctxmgr(5527): [BaseServerTask]Server task (FetchAclSet) got error statusCode=-1.
10-16 19:59:19.461: E/ctxmgr(5527): com.android.volley.VolleyError: Unable to obtain auth token - is the device online?
10-16 19:59:19.461: E/ctxmgr(5527): 	at ciz.a(:com.google.android.gms@11519470:39)
10-16 19:59:19.461: E/ctxmgr(5527): 	at cei.run(:com.google.android.gms@11519470:2)
10-16 19:59:19.461: E/ctxmgr(5527): 	at ceg.handleMessage(:com.google.android.gms@11519470:3)
10-16 19:59:19.461: E/ctxmgr(5527): 	at mme.run(:com.google.android.gms@11519470:6)
10-16 19:59:19.461: E/ctxmgr(5527): 	at mmo.run(:com.google.android.gms@11519470:25)
10-16 19:59:19.461: E/ctxmgr(5527): 	at java.util.concurrent.ThreadPoolExecutor.runWorker(ThreadPoolExecutor.java:1113)
10-16 19:59:19.461: E/ctxmgr(5527): 	at java.util.concurrent.ThreadPoolExecutor$Worker.run(ThreadPoolExecutor.java:588)
10-16 19:59:19.461: E/ctxmgr(5527): 	at mrv.run(:com.google.android.gms@11519470)
10-16 19:59:19.461: E/ctxmgr(5527): 	at java.lang.Thread.run(Thread.java:818)
10-16 19:59:19.461: E/ctxmgr(5527): [AccountAclCallback]Failed Acl fetch: network status=-1
10-16 19:59:19.488: I/CalendarProvider2(5323): Sending notification intent: Intent { act=android.intent.action.PROVIDER_CHANGED dat=content://com.android.calendar flg=0x20000000 }
10-16 19:59:19.489: W/ContentResolver(5323): Failed to get type for: content://com.android.calendar (Unknown URL content://com.android.calendar)
10-16 19:59:19.496: D/ActivityManager(1718): cleanUpApplicationRecord -- 4751
10-16 19:59:19.501: I/CalendarProvider2(5323): Sending notification intent: Intent { act=android.intent.action.PROVIDER_CHANGED dat=content://com.android.calendar flg=0x20000000 }
10-16 19:59:19.501: W/ContentResolver(5323): Failed to get type for: content://com.android.calendar (Unknown URL content://com.android.calendar)
10-16 19:59:19.502: I/ActivityManager(1718): Killing 5232:com.google.android.apps.fitness/u0a40 (adj 15): empty #17
10-16 19:59:19.506: W/System(5993): ClassLoader referenced unknown path: /system/app/Maps/lib/x86
10-16 19:59:19.556: D/ActivityManager(1718): cleanUpApplicationRecord -- 5232
10-16 19:59:19.605: W/Auth(5527): [GetToken] GetToken failed with status code: INVALID_SCOPE
10-16 19:59:19.606: W/Search.LoginHelper(4867): Google auth exception for scope: oauth2:https://www.google.com/accounts/OAuthLogin
10-16 19:59:19.606: W/Search.LoginHelper(4867): com.google.android.gms.auth.a: INVALID_SCOPE
10-16 19:59:19.606: W/Search.LoginHelper(4867): 	at com.google.android.gms.auth.b.a(Unknown Source)
10-16 19:59:19.606: W/Search.LoginHelper(4867): 	at com.google.android.gms.auth.b.b(Unknown Source)
10-16 19:59:19.606: W/Search.LoginHelper(4867): 	at com.google.android.gms.auth.b.a(Unknown Source)
10-16 19:59:19.606: W/Search.LoginHelper(4867): 	at com.google.android.apps.gsa.search.core.google.c.m.a(GoogleAuthAdapterImpl.java:29)
10-16 19:59:19.606: W/Search.LoginHelper(4867): 	at com.google.android.apps.gsa.search.core.google.c.k.a(FallingBackGoogleAuthAdapter.java:93)
10-16 19:59:19.606: W/Search.LoginHelper(4867): 	at com.google.android.apps.gsa.search.core.google.c.g.a(CachingGoogleAuthAdapter.java:72)
10-16 19:59:19.606: W/Search.LoginHelper(4867): 	at com.google.android.apps.gsa.search.core.google.c.n.b(LoginHelper.java:829)
10-16 19:59:19.606: W/Search.LoginHelper(4867): 	at com.google.android.apps.gsa.search.core.google.c.n$5.Pe(LoginHelper.java:715)
10-16 19:59:19.606: W/Search.LoginHelper(4867): 	at com.google.android.apps.gsa.search.core.google.c.n$5.call(LoginHelper.java:712)
10-16 19:59:19.606: W/Search.LoginHelper(4867): 	at java.util.concurrent.FutureTask.run(FutureTask.java:237)
10-16 19:59:19.606: W/Search.LoginHelper(4867): 	at java.util.concurrent.Executors$RunnableAdapter.call(Executors.java:423)
10-16 19:59:19.606: W/Search.LoginHelper(4867): 	at java.util.concurrent.FutureTask.run(FutureTask.java:237)
10-16 19:59:19.606: W/Search.LoginHelper(4867): 	at java.util.concurrent.ThreadPoolExecutor.runWorker(ThreadPoolExecutor.java:1113)
10-16 19:59:19.606: W/Search.LoginHelper(4867): 	at java.util.concurrent.ThreadPoolExecutor$Worker.run(ThreadPoolExecutor.java:588)
10-16 19:59:19.606: W/Search.LoginHelper(4867): 	at java.lang.Thread.run(Thread.java:818)
10-16 19:59:19.606: W/Search.LoginHelper(4867): 	at com.google.android.apps.gsa.shared.util.concurrent.a.q$1.run(GsaThreadFactory.java:99)
10-16 19:59:19.608: D/StrictMode(5993): StrictMode policy violation; ~duration=43 ms: android.os.StrictMode$StrictModeDiskReadViolation: policy=65567 violation=2
10-16 19:59:19.608: D/StrictMode(5993): 	at android.os.StrictMode$AndroidBlockGuardPolicy.onReadFromDisk(StrictMode.java:1263)
10-16 19:59:19.608: D/StrictMode(5993): 	at libcore.io.BlockGuardOs.access(BlockGuardOs.java:67)
10-16 19:59:19.608: D/StrictMode(5993): 	at java.io.File.doAccess(File.java:281)
10-16 19:59:19.608: D/StrictMode(5993): 	at java.io.File.exists(File.java:361)
10-16 19:59:19.608: D/StrictMode(5993): 	at android.app.ContextImpl.createFilesDirLocked(ContextImpl.java:418)
10-16 19:59:19.608: D/StrictMode(5993): 	at android.app.ContextImpl.getFilesDir(ContextImpl.java:441)
10-16 19:59:19.608: D/StrictMode(5993): 	at android.app.ContextImpl.openFileInput(ContextImpl.java:383)
10-16 19:59:19.608: D/StrictMode(5993): 	at android.content.ContextWrapper.openFileInput(ContextWrapper.java:177)
10-16 19:59:19.608: D/StrictMode(5993): 	at com.google.android.apps.gmm.shared.i.h.a(PG:250)
10-16 19:59:19.608: D/StrictMode(5993): 	at com.google.android.apps.gmm.map.m.q.a(PG:8693)
10-16 19:59:19.608: D/StrictMode(5993): 	at com.google.android.apps.gmm.shared.f.a.a(PG:48)
10-16 19:59:19.608: D/StrictMode(5993): 	at com.google.android.apps.gmm.map.m.e.a(PG:1531)
10-16 19:59:19.608: D/StrictMode(5993): 	at com.google.android.apps.gmm.base.app.a.a(PG:244)
10-16 19:59:19.608: D/StrictMode(5993): 	at com.google.android.apps.gmm.base.app.a.a(PG:2265)
10-16 19:59:19.608: D/StrictMode(5993): 	at com.google.android.apps.gmm.base.app.GoogleMapsApplication.a(PG:206)
10-16 19:59:19.608: D/StrictMode(5993): 	at com.google.android.apps.gmm.base.app.GoogleMapsApplication.onCreate(PG:174)
10-16 19:59:19.608: D/StrictMode(5993): 	at android.app.Instrumentation.callApplicationOnCreate(Instrumentation.java:1013)
10-16 19:59:19.608: D/StrictMode(5993): 	at android.app.ActivityThread.handleBindApplication(ActivityThread.java:4707)
10-16 19:59:19.608: D/StrictMode(5993): 	at android.app.ActivityThread.-wrap1(ActivityThread.java)
10-16 19:59:19.608: D/StrictMode(5993): 	at android.app.ActivityThread$H.handleMessage(ActivityThread.java:1405)
10-16 19:59:19.608: D/StrictMode(5993): 	at android.os.Handler.dispatchMessage(Handler.java:102)
10-16 19:59:19.608: D/StrictMode(5993): 	at android.os.Looper.loop(Looper.java:148)
10-16 19:59:19.608: D/StrictMode(5993): 	at android.app.ActivityThread.main(ActivityThread.java:5417)
10-16 19:59:19.608: D/StrictMode(5993): 	at java.lang.reflect.Method.invoke(Native Method)
10-16 19:59:19.608: D/StrictMode(5993): 	at com.android.internal.os.ZygoteInit$MethodAndArgsCaller.run(ZygoteInit.java:726)
10-16 19:59:19.608: D/StrictMode(5993): 	at com.android.internal.os.ZygoteInit.main(ZygoteInit.java:616)
10-16 19:59:19.608: D/StrictMode(5993): StrictMode policy violation; ~duration=43 ms: android.os.StrictMode$StrictModeDiskReadViolation: policy=65567 violation=2
10-16 19:59:19.608: D/StrictMode(5993): 	at android.os.StrictMode$AndroidBlockGuardPolicy.onReadFromDisk(StrictMode.java:1263)
10-16 19:59:19.608: D/StrictMode(5993): 	at libcore.io.BlockGuardOs.open(BlockGuardOs.java:182)
10-16 19:59:19.608: D/StrictMode(5993): 	at libcore.io.IoBridge.open(IoBridge.java:438)
10-16 19:59:19.608: D/StrictMode(5993): 	at java.io.FileInputStream.<init>(FileInputStream.java:76)
10-16 19:59:19.608: D/StrictMode(5993): 	at android.app.ContextImpl.openFileInput(ContextImpl.java:384)
10-16 19:59:19.608: D/StrictMode(5993): 	at android.content.ContextWrapper.openFileInput(ContextWrapper.java:177)
10-16 19:59:19.608: D/StrictMode(5993): 	at com.google.android.apps.gmm.shared.i.h.a(PG:250)
10-16 19:59:19.608: D/StrictMode(5993): 	at com.google.android.apps.gmm.map.m.q.a(PG:8693)
10-16 19:59:19.608: D/StrictMode(5993): 	at com.google.android.apps.gmm.shared.f.a.a(PG:48)
10-16 19:59:19.608: D/StrictMode(5993): 	at com.google.android.apps.gmm.map.m.e.a(PG:1531)
10-16 19:59:19.608: D/StrictMode(5993): 	at com.google.android.apps.gmm.base.app.a.a(PG:244)
10-16 19:59:19.608: D/StrictMode(5993): 	at com.google.android.apps.gmm.base.app.a.a(PG:2265)
10-16 19:59:19.608: D/StrictMode(5993): 	at com.google.android.apps.gmm.base.app.GoogleMapsApplication.a(PG:206)
10-16 19:59:19.608: D/StrictMode(5993): 	at com.google.android.apps.gmm.base.app.GoogleMapsApplication.onCreate(PG:174)
10-16 19:59:19.608: D/StrictMode(5993): 	at android.app.Instrumentation.callApplicationOnCreate(Instrumentation.java:1013)
10-16 19:59:19.608: D/StrictMode(5993): 	at android.app.ActivityThread.handleBindApplication(ActivityThread.java:4707)
10-16 19:59:19.608: D/StrictMode(5993): 	at android.app.ActivityThread.-wrap1(ActivityThread.java)
10-16 19:59:19.608: D/StrictMode(5993): 	at android.app.ActivityThread$H.handleMessage(ActivityThread.java:1405)
10-16 19:59:19.608: D/StrictMode(5993): 	at android.os.Handler.dispatchMessage(Handler.java:102)
10-16 19:59:19.608: D/StrictMode(5993): 	at android.os.Looper.loop(Looper.java:148)
10-16 19:59:19.608: D/StrictMode(5993): 	at android.app.ActivityThread.main(ActivityThread.java:5417)
10-16 19:59:19.608: D/StrictMode(5993): 	at java.lang.reflect.Method.invoke(Native Method)
10-16 19:59:19.608: D/StrictMode(5993): 	at com.android.internal.os.ZygoteInit$MethodAndArgsCaller.run(ZygoteInit.java:726)
10-16 19:59:19.608: D/StrictMode(5993): 	at com.android.internal.os.ZygoteInit.main(ZygoteInit.java:616)
10-16 19:59:19.609: D/StrictMode(5993): StrictMode policy violation; ~duration=42 ms: android.os.StrictMode$StrictModeDiskReadViolation: policy=65567 violation=2
10-16 19:59:19.609: D/StrictMode(5993): 	at android.os.StrictMode$AndroidBlockGuardPolicy.onReadFromDisk(StrictMode.java:1263)
10-16 19:59:19.609: D/StrictMode(5993): 	at libcore.io.BlockGuardOs.fstat(BlockGuardOs.java:132)
10-16 19:59:19.609: D/StrictMode(5993): 	at libcore.io.IoBridge.open(IoBridge.java:441)
10-16 19:59:19.609: D/StrictMode(5993): 	at java.io.FileInputStream.<init>(FileInputStream.java:76)
10-16 19:59:19.609: D/StrictMode(5993): 	at android.app.ContextImpl.openFileInput(ContextImpl.java:384)
10-16 19:59:19.609: D/StrictMode(5993): 	at android.content.ContextWrapper.openFileInput(ContextWrapper.java:177)
10-16 19:59:19.609: D/StrictMode(5993): 	at com.google.android.apps.gmm.shared.i.h.a(PG:250)
10-16 19:59:19.609: D/StrictMode(5993): 	at com.google.android.apps.gmm.map.m.q.a(PG:8693)
10-16 19:59:19.609: D/StrictMode(5993): 	at com.google.android.apps.gmm.shared.f.a.a(PG:48)
10-16 19:59:19.609: D/StrictMode(5993): 	at com.google.android.apps.gmm.map.m.e.a(PG:1531)
10-16 19:59:19.609: D/StrictMode(5993): 	at com.google.android.apps.gmm.base.app.a.a(PG:244)
10-16 19:59:19.609: D/StrictMode(5993): 	at com.google.android.apps.gmm.base.app.a.a(PG:2265)
10-16 19:59:19.609: D/StrictMode(5993): 	at com.google.android.apps.gmm.base.app.GoogleMapsApplication.a(PG:206)
10-16 19:59:19.609: D/StrictMode(5993): 	at com.google.android.apps.gmm.base.app.GoogleMapsApplication.onCreate(PG:174)
10-16 19:59:19.609: D/StrictMode(5993): 	at android.app.Instrumentation.callApplicationOnCreate(Instrumentation.java:1013)
10-16 19:59:19.609: D/StrictMode(5993): 	at android.app.ActivityThread.handleBindApplication(ActivityThread.java:4707)
10-16 19:59:19.609: D/StrictMode(5993): 	at android.app.ActivityThread.-wrap1(ActivityThread.java)
10-16 19:59:19.609: D/StrictMode(5993): 	at android.app.ActivityThread$H.handleMessage(ActivityThread.java:1405)
10-16 19:59:19.609: D/StrictMode(5993): 	at android.os.Handler.dispatchMessage(Handler.java:102)
10-16 19:59:19.609: D/StrictMode(5993): 	at android.os.Looper.loop(Looper.java:148)
10-16 19:59:19.609: D/StrictMode(5993): 	at android.app.ActivityThread.main(ActivityThread.java:5417)
10-16 19:59:19.609: D/StrictMode(5993): 	at java.lang.reflect.Method.invoke(Native Method)
10-16 19:59:19.609: D/StrictMode(5993): 	at com.android.internal.os.ZygoteInit$MethodAndArgsCaller.run(ZygoteInit.java:726)
10-16 19:59:19.609: D/StrictMode(5993): 	at com.android.internal.os.ZygoteInit.main(ZygoteInit.java:616)
10-16 19:59:19.609: D/StrictMode(5993): StrictMode policy violation; ~duration=40 ms: android.os.StrictMode$StrictModeDiskReadViolation: policy=65567 violation=2
10-16 19:59:19.609: D/StrictMode(5993): 	at android.os.StrictMode$AndroidBlockGuardPolicy.onReadFromDisk(StrictMode.java:1263)
10-16 19:59:19.609: D/StrictMode(5993): 	at libcore.io.BlockGuardOs.read(BlockGuardOs.java:229)
10-16 19:59:19.609: D/StrictMode(5993): 	at libcore.io.IoBridge.read(IoBridge.java:468)
10-16 19:59:19.609: D/StrictMode(5993): 	at java.io.FileInputStream.read(FileInputStream.java:177)
10-16 19:59:19.609: D/StrictMode(5993): 	at java.io.BufferedInputStream.read(BufferedInputStream.java:290)
10-16 19:59:19.609: D/StrictMode(5993): 	at java.io.DataInputStream.read(DataInputStream.java:63)
10-16 19:59:19.609: D/StrictMode(5993): 	at com.google.r.k.d(PG:1187)
10-16 19:59:19.609: D/StrictMode(5993): 	at com.google.r.k.a(PG:2107)
10-16 19:59:19.609: D/StrictMode(5993): 	at com.google.w.a.a.do.<init>(PG:23)
10-16 19:59:19.609: D/StrictMode(5993): 	at com.google.w.a.a.do.a(PG:405)
10-16 19:59:19.609: D/StrictMode(5993): 	at com.google.r.v.a(PG:1161)
10-16 19:59:19.609: D/StrictMode(5993): 	at com.google.r.y.a(PG:2188)
10-16 19:59:19.609: D/StrictMode(5993): 	at com.google.r.e.b(PG:170)
10-16 19:59:19.609: D/StrictMode(5993): 	at com.google.r.e.b(PG:15188)
10-16 19:59:19.609: D/StrictMode(5993): 	at com.google.android.apps.gmm.shared.i.h.a(PG:251)
10-16 19:59:19.609: D/StrictMode(5993): 	at com.google.android.apps.gmm.map.m.q.a(PG:8693)
10-16 19:59:19.609: D/StrictMode(5993): 	at com.google.android.apps.gmm.shared.f.a.a(PG:48)
10-16 19:59:19.609: D/StrictMode(5993): 	at com.google.android.apps.gmm.map.m.e.a(PG:1531)
10-16 19:59:19.609: D/StrictMode(5993): 	at com.google.android.apps.gmm.base.app.a.a(PG:244)
10-16 19:59:19.609: D/StrictMode(5993): 	at com.google.android.apps.gmm.base.app.a.a(PG:2265)
10-16 19:59:19.609: D/StrictMode(5993): 	at com.google.android.apps.gmm.base.app.GoogleMapsApplication.a(PG:206)
10-16 19:59:19.609: D/StrictMode(5993): 	at com.google.android.apps.gmm.base.app.GoogleMapsApplication.onCreate(PG:174)
10-16 19:59:19.609: D/StrictMode(5993): 	at android.app.Instrumentation.callApplicationOnCreate(Instrumentation.java:1013)
10-16 19:59:19.609: D/StrictMode(5993): 	at android.app.ActivityThread.handleBindApplication(ActivityThread.java:4707)
10-16 19:59:19.609: D/StrictMode(5993): 	at android.app.ActivityThread.-wrap1(ActivityThread.java)
10-16 19:59:19.609: D/StrictMode(5993): 	at android.app.ActivityThread$H.handleMessage(ActivityThread.java:1405)
10-16 19:59:19.609: D/StrictMode(5993): 	at android.os.Handler.dispatchMessage(Handler.java:102)
10-16 19:59:19.609: D/StrictMode(5993): 	at android.os.Looper.loop(Looper.java:148)
10-16 19:59:19.609: D/StrictMode(5993): 	at android.app.ActivityThread.main(ActivityThread.java:5417)
10-16 19:59:19.609: D/StrictMode(5993): 	at java.lang.reflect.Method.invoke(Native Method)
10-16 19:59:19.609: D/StrictMode(5993): 	at com.android.internal.os.ZygoteInit$MethodAndArgsCaller.run(ZygoteInit.java:726)
10-16 19:59:19.609: D/StrictMode(5993): 	at com.android.internal.os.ZygoteInit.main(ZygoteInit.java:616)
10-16 19:59:19.609: D/StrictMode(5993): StrictMode policy violation; ~duration=40 ms: android.os.StrictMode$StrictModeDiskReadViolation: policy=65567 violation=2
10-16 19:59:19.609: D/StrictMode(5993): 	at android.os.StrictMode$AndroidBlockGuardPolicy.onReadFromDisk(StrictMode.java:1263)
10-16 19:59:19.609: D/StrictMode(5993): 	at libcore.io.BlockGuardOs.read(BlockGuardOs.java:229)
10-16 19:59:19.609: D/StrictMode(5993): 	at libcore.io.IoBridge.read(IoBridge.java:468)
10-16 19:59:19.609: D/StrictMode(5993): 	at java.io.FileInputStream.read(FileInputStream.java:177)
10-16 19:59:19.609: D/StrictMode(5993): 	at java.io.BufferedInputStream.read(BufferedInputStream.java:290)
10-16 19:59:19.609: D/StrictMode(5993): 	at java.io.DataInputStream.read(DataInputStream.java:63)
10-16 19:59:19.609: D/StrictMode(5993): 	at com.google.r.k.d(PG:1187)
10-16 19:59:19.609: D/StrictMode(5993): 	at com.google.r.k.c(PG:18147)
10-16 19:59:19.609: D/StrictMode(5993): 	at com.google.r.k.d(PG:583)
10-16 19:59:19.609: D/StrictMode(5993): 	at com.google.w.a.a.do.<init>(PG:40)
10-16 19:59:19.609: D/StrictMode(5993): 	at com.google.w.a.a.do.a(PG:405)
10-16 19:59:19.609: D/StrictMode(5993): 	at com.google.r.v.a(PG:1161)
10-16 19:59:19.609: D/StrictMode(5993): 	at com.google.r.y.a(PG:2188)
10-16 19:59:19.609: D/StrictMode(5993): 	at com.google.r.e.b(PG:170)
10-16 19:59:19.609: D/StrictMode(5993): 	at com.google.r.e.b(PG:15188)
10-16 19:59:19.609: D/StrictMode(5993): 	at com.google.android.apps.gmm.shared.i.h.a(PG:251)
10-16 19:59:19.609: D/StrictMode(5993): 	at com.google.android.apps.gmm.map.m.q.a(PG:8693)
10-16 19:59:19.609: D/StrictMode(5993): 	at com.google.android.apps.gmm.shared.f.a.a(PG:48)
10-16 19:59:19.609: D/StrictMode(5993): 	at com.google.android.apps.gmm.map.m.e.a(PG:1531)
10-16 19:59:19.609: D/StrictMode(5993): 	at com.google.android.apps.gmm.base.app.a.a(PG:244)
10-16 19:59:19.609: D/StrictMode(5993): 	at com.google.android.apps.gmm.base.app.a.a(PG:2265)
10-16 19:59:19.609: D/StrictMode(5993): 	at com.google.android.apps.gmm.base.app.GoogleMapsApplication.a(PG:206)
10-16 19:59:19.609: D/StrictMode(5993): 	at com.google.android.apps.gmm.base.app.GoogleMapsApplication.onCreate(PG:174)
10-16 19:59:19.609: D/StrictMode(5993): 	at android.app.Instrumentation.callApplicationOnCreate(Instrumentation.java:1013)
10-16 19:59:19.609: D/StrictMode(5993): 	at android.app.ActivityThread.handleBindApplication(ActivityThread.java:4707)
10-16 19:59:19.609: D/StrictMode(5993): 	at android.app.ActivityThread.-wrap1(ActivityThread.java)
10-16 19:59:19.609: D/StrictMode(5993): 	at android.app.ActivityThread$H.handleMessage(ActivityThread.java:1405)
10-16 19:59:19.609: D/StrictMode(5993): 	at android.os.Handler.dispatchMessage(Handler.java:102)
10-16 19:59:19.609: D/StrictMode(5993): 	at android.os.Looper.loop(Looper.java:148)
10-16 19:59:19.609: D/StrictMode(5993): 	at android.app.ActivityThread.main(ActivityThread.java:5417)
10-16 19:59:19.609: D/StrictMode(5993): 	at java.lang.reflect.Method.invoke(Native Method)
10-16 19:59:19.609: D/StrictMode(5993): 	at com.android.internal.os.ZygoteInit$MethodAndArgsCaller.run(ZygoteInit.java:726)
10-16 19:59:19.609: D/StrictMode(5993): 	at com.android.internal.os.ZygoteInit.main(ZygoteInit.java:616)
10-16 19:59:19.609: D/StrictMode(5993): StrictMode policy violation; ~duration=33 ms: android.os.StrictMode$StrictModeDiskReadViolation: policy=65567 violation=2
10-16 19:59:19.609: D/StrictMode(5993): 	at android.os.StrictMode$AndroidBlockGuardPolicy.onReadFromDisk(StrictMode.java:1263)
10-16 19:59:19.609: D/StrictMode(5993): 	at libcore.io.BlockGuardOs.access(BlockGuardOs.java:67)
10-16 19:59:19.609: D/StrictMode(5993): 	at java.io.File.doAccess(File.java:281)
10-16 19:59:19.609: D/StrictMode(5993): 	at java.io.File.exists(File.java:361)
10-16 19:59:19.609: D/StrictMode(5993): 	at android.app.ContextImpl.createFilesDirLocked(ContextImpl.java:418)
10-16 19:59:19.609: D/StrictMode(5993): 	at android.app.ContextImpl.getFilesDir(ContextImpl.java:441)
10-16 19:59:19.609: D/StrictMode(5993): 	at android.app.ContextImpl.getFileStreamPath(ContextImpl.java:549)
10-16 19:59:19.609: D/StrictMode(5993): 	at android.content.ContextWrapper.getFileStreamPath(ContextWrapper.java:193)
10-16 19:59:19.609: D/StrictMode(5993): 	at com.google.android.apps.gmm.map.m.q.a(PG:8701)
10-16 19:59:19.609: D/StrictMode(5993): 	at com.google.android.apps.gmm.shared.f.a.a(PG:48)
10-16 19:59:19.609: D/StrictMode(5993): 	at com.google.android.apps.gmm.map.m.e.a(PG:1531)
10-16 19:59:19.609: D/StrictMode(5993): 	at com.google.android.apps.gmm.base.app.a.a(PG:244)
10-16 19:59:19.609: D/StrictMode(5993): 	at com.google.android.apps.gmm.base.app.a.a(PG:2265)
10-16 19:59:19.609: D/StrictMode(5993): 	at com.google.android.apps.gmm.base.app.GoogleMapsApplication.a(PG:206)
10-16 19:59:19.609: D/StrictMode(5993): 	at com.google.android.apps.gmm.base.app.GoogleMapsApplication.onCreate(PG:174)
10-16 19:59:19.609: D/StrictMode(5993): 	at android.app.Instrumentation.callApplicationOnCreate(Instrumentation.java:1013)
10-16 19:59:19.609: D/StrictMode(5993): 	at android.app.ActivityThread.handleBindApplication(ActivityThread.java:4707)
10-16 19:59:19.609: D/StrictMode(5993): 	at android.app.ActivityThread.-wrap1(ActivityThread.java)
10-16 19:59:19.609: D/StrictMode(5993): 	at android.app.ActivityThread$H.handleMessage(ActivityThread.java:1405)
10-16 19:59:19.609: D/StrictMode(5993): 	at android.os.Handler.dispatchMessage(Handler.java:102)
10-16 19:59:19.609: D/StrictMode(5993): 	at android.os.Looper.loop(Looper.java:148)
10-16 19:59:19.609: D/StrictMode(5993): 	at android.app.ActivityThread.main(ActivityThread.java:5417)
10-16 19:59:19.609: D/StrictMode(5993): 	at java.lang.reflect.Method.invoke(Native Method)
10-16 19:59:19.609: D/StrictMode(5993): 	at com.android.internal.os.ZygoteInit$MethodAndArgsCaller.run(ZygoteInit.java:726)
10-16 19:59:19.609: D/StrictMode(5993): 	at com.android.internal.os.ZygoteInit.main(ZygoteInit.java:616)
10-16 19:59:19.610: D/StrictMode(5993): StrictMode policy violation; ~duration=33 ms: android.os.StrictMode$StrictModeDiskReadViolation: policy=65567 violation=2
10-16 19:59:19.610: D/StrictMode(5993): 	at android.os.StrictMode$AndroidBlockGuardPolicy.onReadFromDisk(StrictMode.java:1263)
10-16 19:59:19.610: D/StrictMode(5993): 	at libcore.io.BlockGuardOs.access(BlockGuardOs.java:67)
10-16 19:59:19.610: D/StrictMode(5993): 	at java.io.File.doAccess(File.java:281)
10-16 19:59:19.610: D/StrictMode(5993): 	at java.io.File.exists(File.java:361)
10-16 19:59:19.610: D/StrictMode(5993): 	at com.google.android.apps.gmm.map.m.q.a(PG:8703)
10-16 19:59:19.610: D/StrictMode(5993): 	at com.google.android.apps.gmm.shared.f.a.a(PG:48)
10-16 19:59:19.610: D/StrictMode(5993): 	at com.google.android.apps.gmm.map.m.e.a(PG:1531)
10-16 19:59:19.610: D/StrictMode(5993): 	at com.google.android.apps.gmm.base.app.a.a(PG:244)
10-16 19:59:19.610: D/StrictMode(5993): 	at com.google.android.apps.gmm.base.app.a.a(PG:2265)
10-16 19:59:19.610: D/StrictMode(5993): 	at com.google.android.apps.gmm.base.app.GoogleMapsApplication.a(PG:206)
10-16 19:59:19.610: D/StrictMode(5993): 	at com.google.android.apps.gmm.base.app.GoogleMapsApplication.onCreate(PG:174)
10-16 19:59:19.610: D/StrictMode(5993): 	at android.app.Instrumentation.callApplicationOnCreate(Instrumentation.java:1013)
10-16 19:59:19.610: D/StrictMode(5993): 	at android.app.ActivityThread.handleBindApplication(ActivityThread.java:4707)
10-16 19:59:19.610: D/StrictMode(5993): 	at android.app.ActivityThread.-wrap1(ActivityThread.java)
10-16 19:59:19.610: D/StrictMode(5993): 	at android.app.ActivityThread$H.handleMessage(ActivityThread.java:1405)
10-16 19:59:19.610: D/StrictMode(5993): 	at android.os.Handler.dispatchMessage(Handler.java:102)
10-16 19:59:19.610: D/StrictMode(5993): 	at android.os.Looper.loop(Looper.java:148)
10-16 19:59:19.610: D/StrictMode(5993): 	at android.app.ActivityThread.main(ActivityThread.java:5417)
10-16 19:59:19.610: D/StrictMode(5993): 	at java.lang.reflect.Method.invoke(Native Method)
10-16 19:59:19.610: D/StrictMode(5993): 	at com.android.internal.os.ZygoteInit$MethodAndArgsCaller.run(ZygoteInit.java:726)
10-16 19:59:19.610: D/StrictMode(5993): 	at com.android.internal.os.ZygoteInit.main(ZygoteInit.java:616)
10-16 19:59:19.610: W/Search.OAuthCookieFetch(4867): Failed to retrieve OAuth token and / or GAIA ID
10-16 19:59:19.610: W/ErrorReporter(4867): reportError [type: 477, code: 1441793]: null
10-16 19:59:19.610: W/RefreshDomainCookieTask(4867): OAuth cookie refresh failed. Falling back to WebView.
10-16 19:59:19.695: V/WebViewChromiumFactoryProvider(4867): Binding Chromium to main looper Looper (main, tid 1) {704c57c}
10-16 19:59:19.695: I/cr_LibraryLoader(4867): Expected native library version number "53.0.2785.124", actual native library version number "53.0.2785.124"
10-16 19:59:19.737: I/ActivityManager(1718): Start proc 6041:com.google.android.gm.exchange/u0a68 for broadcast com.google.android.gm.exchange/com.android.exchange.ExchangeBroadcastReceiver
10-16 19:59:19.800: W/System(6041): ClassLoader referenced unknown path: /system/app/PrebuiltExchange3Google/lib/x86
10-16 19:59:19.807: W/GAV2(6041): Thread[main,5,main]: Need to call initialize() and be in fallback mode to start dispatch.
10-16 19:59:19.810: I/Exchange(6041): Accounts changed - requesting FolderSync for unsynced accounts
10-16 19:59:19.828: I/ActivityManager(1718): Killing 4453:com.google.android.deskclock/u0a67 (adj 15): empty #17
10-16 19:59:19.864: D/ActivityManager(1718): cleanUpApplicationRecord -- 4453
10-16 19:59:19.866: I/GmailIS(4769): Receive LOGIN_ACCOUNTS_CHANGED intent: Intent { act=android.accounts.LOGIN_ACCOUNTS_CHANGED flg=0x4000010 cmp=com.google.android.gm/.GmailIntentService }
10-16 19:59:19.866: I/Gmail(4769): System accounts updated.
10-16 19:59:19.877: I/chromium(4867): [INFO:library_loader_hooks.cc(151)] Chromium logging enabled: level = 0, default verbosity = 0
10-16 19:59:19.887: D/BluetoothAdapter(5527): STATE_ON
10-16 19:59:19.887: D/BluetoothLeScanner(5527): could not find callback wrapper
10-16 19:59:19.892: I/BeaconBle(5527): Client requested scan, settings=BleSettings [scanMode=ZERO_POWER, callbackType=ALL_MATCHES, reportDelayMillis=0, 6 filters, 1 clients, callingClientName=Nearby]
10-16 19:59:19.901: I/BeaconBle(5527): Stopping scan on delegate scanner. BT state: 12
10-16 19:59:19.902: D/BluetoothAdapter(5527): STATE_ON
10-16 19:59:19.902: D/BtGatt.GattService(2542): stopScan() - queue size =1
10-16 19:59:19.902: D/BtGatt.ScanManager(2542): stop scan
10-16 19:59:19.902: D/BtGatt.ScanManager(2542): configureRegularScanParams() - queue=0
10-16 19:59:19.902: D/BtGatt.ScanManager(2542): configureRegularScanParams() - ScanSetting Scan mode=-2147483648 mLastConfiguredScanSetting=2
10-16 19:59:19.902: D/BtGatt.ScanManager(2542): configureRegularScanParams() - queue emtpy, scan stopped
10-16 19:59:19.902: D/BtGatt.GattService(2542): unregisterClient() - clientIf=5
10-16 19:59:19.903: I/BeaconBle(5527): Resetting - new scanner available: true
10-16 19:59:19.903: I/BeaconBle(5527): ZERO_POWER is disabled.
10-16 19:59:19.903: I/BeaconBle(5527): 'L' hardware scan: scan stopped, no powered clients
10-16 19:59:19.907: I/ActivityManager(1718): Start proc 6059:com.google.android.videos/u0a71 for broadcast com.google.android.videos/.accounts.AccountsChangedService$AccountsChangedReceiver
10-16 19:59:19.908: I/cr_BrowserStartup(4867): Initializing chromium process, singleProcess=true
10-16 19:59:19.913: I/Gmail(4769): getAccountsCursor
10-16 19:59:19.933: I/Exchange(6041): EasService.onCreate
10-16 19:59:19.936: I/Exchange(6041): RestartPingTask
10-16 19:59:19.938: I/Exchange(6041): RestartPingsTask did not start any pings.
10-16 19:59:19.938: I/Exchange(6041): PSS stopIfIdle
10-16 19:59:19.938: I/Exchange(6041): PSS has no active accounts; stopping service.
10-16 19:59:19.938: I/Exchange(6041): onDestroy
10-16 19:59:19.943: I/NotifActionUtils(4769): resendNotifications account: null, folder: null
10-16 19:59:19.945: I/NotifUtils(4769): resendNotifications cancelExisting: false, account: null, folder: null
10-16 19:59:19.946: I/ActivityManager(1718): Killing 5399:com.google.android.youtube/u0a74 (adj 15): empty #17
10-16 19:59:19.965: I/Remoter(1334): Saved screenshot to '/data/screenshots/__pmv__-0087.jpg'
10-16 19:59:19.982: D/ActivityManager(1718): cleanUpApplicationRecord -- 5399
10-16 19:59:19.987: W/System(6059): ClassLoader referenced unknown path: /system/app/Videos/lib/x86
10-16 19:59:20.101: D/Finsky(5843): [1] DailyHygiene.onStartCommand: Beginning daily hygiene
10-16 19:59:20.142: W/Auth(5527): [GetToken] GetToken failed with status code: INVALID_SCOPE
10-16 19:59:20.166: I/Auth(5527): [BroadcastManager] Broadcasting account services changed.
10-16 19:59:20.172: I/CheckinChimeraService(5568): android.os.VintfObject class not found : android.os.VintfObject
10-16 19:59:20.177: E/HttpOperation(4522): [contacts/getselfinfo] Unexpected exception
10-16 19:59:20.177: E/HttpOperation(4522): java.io.IOException: Cannot obtain authentication token
10-16 19:59:20.177: E/HttpOperation(4522): 	at gqg.a(SourceFile:82)
10-16 19:59:20.177: E/HttpOperation(4522): 	at gpr.o(SourceFile:406)
10-16 19:59:20.177: E/HttpOperation(4522): 	at gpm.a(SourceFile:1379)
10-16 19:59:20.177: E/HttpOperation(4522): 	at gkm.call(SourceFile:1299)
10-16 19:59:20.177: E/HttpOperation(4522): 	at java.util.concurrent.FutureTask.run(FutureTask.java:237)
10-16 19:59:20.177: E/HttpOperation(4522): 	at java.util.concurrent.ThreadPoolExecutor.runWorker(ThreadPoolExecutor.java:1113)
10-16 19:59:20.177: E/HttpOperation(4522): 	at java.util.concurrent.ThreadPoolExecutor$Worker.run(ThreadPoolExecutor.java:588)
10-16 19:59:20.177: E/HttpOperation(4522): 	at java.lang.Thread.run(Thread.java:818)
10-16 19:59:20.177: E/HttpOperation(4522): Caused by: android.accounts.AuthenticatorException: Cannot get Oauth2 token from GMS
10-16 19:59:20.177: E/HttpOperation(4522): 	at fkx.a(SourceFile:27)
10-16 19:59:20.177: E/HttpOperation(4522): 	at gqe.a(SourceFile:3086)
10-16 19:59:20.177: E/HttpOperation(4522): 	at gqe.a(SourceFile:1125)
10-16 19:59:20.177: E/HttpOperation(4522): 	at gqg.a(SourceFile:77)
10-16 19:59:20.177: E/HttpOperation(4522): 	... 7 more
10-16 19:59:20.177: E/HttpOperation(4522): Caused by: efo: INVALID_SCOPE
10-16 19:59:20.177: E/HttpOperation(4522): 	at efp.a(Unknown Source)
10-16 19:59:20.177: E/HttpOperation(4522): 	at efp.a(Unknown Source)
10-16 19:59:20.177: E/HttpOperation(4522): 	at efp.b(Unknown Source)
10-16 19:59:20.177: E/HttpOperation(4522): 	at efp.b(Unknown Source)
10-16 19:59:20.177: E/HttpOperation(4522): 	at fkx.a(SourceFile:24)
10-16 19:59:20.177: E/HttpOperation(4522): 	... 10 more
10-16 19:59:20.178: E/LoginManager(4522): Account update failed
10-16 19:59:20.178: E/LoginManager(4522): java.io.IOException: Rpc failed
10-16 19:59:20.178: E/LoginManager(4522): 	at gki.a(SourceFile:3529)
10-16 19:59:20.178: E/LoginManager(4522): 	at gkm.call(SourceFile:1300)
10-16 19:59:20.178: E/LoginManager(4522): 	at java.util.concurrent.FutureTask.run(FutureTask.java:237)
10-16 19:59:20.178: E/LoginManager(4522): 	at java.util.concurrent.ThreadPoolExecutor.runWorker(ThreadPoolExecutor.java:1113)
10-16 19:59:20.178: E/LoginManager(4522): 	at java.util.concurrent.ThreadPoolExecutor$Worker.run(ThreadPoolExecutor.java:588)
10-16 19:59:20.178: E/LoginManager(4522): 	at java.lang.Thread.run(Thread.java:818)
10-16 19:59:20.178: E/LoginManager(4522): Caused by: java.io.IOException: Cannot obtain authentication token
10-16 19:59:20.178: E/LoginManager(4522): 	at gqg.a(SourceFile:82)
10-16 19:59:20.178: E/LoginManager(4522): 	at gpr.o(SourceFile:406)
10-16 19:59:20.178: E/LoginManager(4522): 	at gpm.a(SourceFile:1379)
10-16 19:59:20.178: E/LoginManager(4522): 	at gkm.call(SourceFile:1299)
10-16 19:59:20.178: E/LoginManager(4522): 	... 4 more
10-16 19:59:20.178: E/LoginManager(4522): Caused by: android.accounts.AuthenticatorException: Cannot get Oauth2 token from GMS
10-16 19:59:20.178: E/LoginManager(4522): 	at fkx.a(SourceFile:27)
10-16 19:59:20.178: E/LoginManager(4522): 	at gqe.a(SourceFile:3086)
10-16 19:59:20.178: E/LoginManager(4522): 	at gqe.a(SourceFile:1125)
10-16 19:59:20.178: E/LoginManager(4522): 	at gqg.a(SourceFile:77)
10-16 19:59:20.178: E/LoginManager(4522): 	... 7 more
10-16 19:59:20.178: E/LoginManager(4522): Caused by: efo: INVALID_SCOPE
10-16 19:59:20.178: E/LoginManager(4522): 	at efp.a(Unknown Source)
10-16 19:59:20.178: E/LoginManager(4522): 	at efp.a(Unknown Source)
10-16 19:59:20.178: E/LoginManager(4522): 	at efp.b(Unknown Source)
10-16 19:59:20.178: E/LoginManager(4522): 	at efp.b(Unknown Source)
10-16 19:59:20.178: E/LoginManager(4522): 	at fkx.a(SourceFile:24)
10-16 19:59:20.178: E/LoginManager(4522): 	... 10 more
10-16 19:59:20.180: I/Babel(4522): BAM created 0
10-16 19:59:20.206: I/Babel(4522): BAM#account updated: 0
10-16 19:59:20.206: I/Babel(4522): BAM, cleanup: 0
10-16 19:59:20.300: I/Babel(4522): Account update: 0 logged off
10-16 19:59:20.301: I/Babel(4522): deleted: false for 0
10-16 19:59:20.303: I/Babel_StickerModule(4522): Account change update: 0
10-16 19:59:20.303: W/Babel_StickerModule(4522): Null account update.
10-16 19:59:20.303: I/Babel(4522): Account not valid for babel. Skip device registration.
10-16 19:59:20.321: D/Finsky(5843): [1] GetTocHelper$3.onResponse: Server requests device config token
10-16 19:59:20.537: D/Finsky(5843): [1] GcmRegistrationIdHelper.getRegistrationId: Start requesting GCM Reg Id
10-16 19:59:20.537: D/GCMRegistrar(5843): resetting backoff for com.android.vending
10-16 19:59:20.540: V/GCMRegistrar(5843): Registering app com.android.vending of senders 932144863878
10-16 19:59:20.545: W/GCM(5527): Register request missing messenger
10-16 19:59:20.550: W/Conscrypt(5527): Could not set socket write timeout:
10-16 19:59:20.550: W/Conscrypt(5527):    java.lang.reflect.Method.invoke(Native Method)
10-16 19:59:20.550: W/Conscrypt(5527):    com.google.android.gms.org.conscrypt.Platform.setSocketWriteTimeout(:com.google.android.gms@11519470:13)
10-16 19:59:20.551: W/Conscrypt(5527): Could not set socket write timeout:
10-16 19:59:20.551: W/Conscrypt(5527):    java.lang.reflect.Method.invoke(Native Method)
10-16 19:59:20.551: W/Conscrypt(5527):    com.google.android.gms.org.conscrypt.Platform.setSocketWriteTimeout(:com.google.android.gms@11519470:13)
10-16 19:59:20.725: D/BluetoothManagerService(1718): Added callback: android.bluetooth.IBluetoothManagerCallback$Stub$Proxy@2a59735:true
10-16 19:59:20.817: D/ConnectivityService(1718): listenForNetwork for Listen from uid/pid:10026/4867 for NetworkRequest [ id=5, legacyType=-1, [ Capabilities: INTERNET&NOT_RESTRICTED&TRUSTED] ]
10-16 19:59:20.809: I/Binder_1(1339): type=1400 audit(0.0:180): avc: denied { ioctl } for path="socket:[49056]" dev="sockfs" ino=49056 ioctlcmd=7704 scontext=u:r:surfaceflinger:s0 tcontext=u:r:surfaceflinger:s0 tclass=unix_stream_socket permissive=1
10-16 19:59:20.809: I/Binder_1(1339): type=1400 audit(0.0:181): avc: denied { ioctl } for path="socket:[49056]" dev="sockfs" ino=49056 ioctlcmd=7704 scontext=u:r:surfaceflinger:s0 tcontext=u:r:surfaceflinger:s0 tclass=unix_stream_socket permissive=1
10-16 19:59:20.888: W/cr_AwContents(4867): onDetachedFromWindow called when already detached. Ignoring
10-16 19:59:20.925: I/cr_Ime(4867): ImeThread is not enabled.
10-16 19:59:20.927: I/RefreshDomainCookieTask(4867): refreshing cookies
10-16 19:59:20.930: D/ConnectivityService(1718): listenForNetwork for Listen from uid/pid:10026/4867 for NetworkRequest [ id=6, legacyType=-1, [ Capabilities: INTERNET&NOT_RESTRICTED&TRUSTED] ]
10-16 19:59:20.944: I/ActivityManager(1718): Start proc 6121:com.google.android.youtube/u0a74 for broadcast com.google.android.youtube/com.google.android.libraries.youtube.account.AccountsChangedReceiver
10-16 19:59:20.987: W/PlayMovies(6059): SyncCallback.getResponse:78 SyncCallback from main thread might cause ANR
10-16 19:59:21.023: W/System(6121): ClassLoader referenced unknown path: /system/app/YouTube/lib/x86
10-16 19:59:21.029: I/Remoter(1334): Saved screenshot to '/data/screenshots/__pmv__-0088.jpg'
10-16 19:59:21.043: W/PlayMovies(6059): SyncCallback.getResponse:78 SyncCallback from main thread might cause ANR
10-16 19:59:21.057: D/PlayMovies(6059): TransferService.onCreate:60 creating transfer service
10-16 19:59:21.062: D/PlayMovies(6059): PersistentCache.cleanup:94 Cache is below limit, no need to shrink: [size=0, limit=5242880]
10-16 19:59:21.127: W/linker(6121): /data/app/com.google.android.gms-1/lib/x86/libconscrypt_gmscore_jni.so: unused DT entry: type 0x1d arg 0x91
10-16 19:59:21.130: I/VideoCapabilities(6059): Unsupported profile 4 for video/mp4v-es
10-16 19:59:21.134: V/NativeCrypto(6121): Registering com/google/android/gms/org/conscrypt/NativeCrypto's 259 native methods...
10-16 19:59:21.136: W/MediaCodecUtil(6059): MediaCodecList API didn't list secure decoder for: video/avc. Assuming: OMX.google.h264.decoder.secure
10-16 19:59:21.144: I/WVCdm(1345): CdmEngine::QueryStatus
10-16 19:59:21.144: I/WVCdm(1345): Level3 Library Jun 15 2015 14:09:10
10-16 19:59:21.144: W/WVCdm(1345): Could not read /data/mediadrm/IDM1013/ay64.dat2: No such file or directory
10-16 19:59:21.144: W/WVCdm(1345): Could not load liboemcrypto.so. Falling back to L3.  dlopen failed: library "liboemcrypto.so" not found
10-16 19:59:21.147: I/art(6121): Rejecting re-init on previously-failed class java.lang.Class<com.google.android.gms.org.conscrypt.OpenSSLExtendedSessionImpl>
10-16 19:59:21.148: I/art(6121): Rejecting re-init on previously-failed class java.lang.Class<com.google.android.gms.org.conscrypt.OpenSSLExtendedSessionImpl>
10-16 19:59:21.148: I/art(6121): Rejecting re-init on previously-failed class java.lang.Class<com.google.android.gms.org.conscrypt.OpenSSLExtendedSessionImpl>
10-16 19:59:21.158: I/ProviderInstaller(6121): Installed default security provider GmsCore_OpenSSL
10-16 19:59:21.171: W/System.err(6121): YouTube MDX: Bogus value in shared preferences for key MdxServerSelection value , returning default value.
10-16 19:59:21.181: W/System(6121): ClassLoader referenced unknown path: /data/data/com.google.android.gms/app_chimera/m/00000002/n/x86
10-16 19:59:21.181: W/System(6121): ClassLoader referenced unknown path: /data/data/com.google.android.gms/app_chimera/m/00000002/n/armeabi-v7a
10-16 19:59:21.182: W/System(6121): ClassLoader referenced unknown path: /data/data/com.google.android.gms/app_chimera/m/00000002/n/armeabi
10-16 19:59:21.186: D/DynamitePackage(6121): Instantiated singleton DynamitePackage.
10-16 19:59:21.186: D/DynamitePackage(6121): Instantiating com.google.android.gms.ads.adshield.ChimeraAdShieldCreatorImpl
10-16 19:59:21.224: W/Auth(5527): [GetToken] GetToken failed with status code: INVALID_SCOPE
10-16 19:59:21.225: E/PlayMovies(6059): AccountManagerWrapper.blockingGetAuthToken:253 Cannot get user auth
10-16 19:59:21.225: E/PlayMovies(6059): THROWABLE:
10-16 19:59:21.225: E/PlayMovies(6059): com.google.android.gms.auth.GoogleAuthException: INVALID_SCOPE
10-16 19:59:21.225: E/PlayMovies(6059): com.google.android.gms.auth.GoogleAuthException: INVALID_SCOPE
10-16 19:59:21.225: E/PlayMovies(6059): 	at com.google.android.gms.auth.GoogleAuthUtil.zza(Unknown Source)
10-16 19:59:21.225: E/PlayMovies(6059): 	at com.google.android.gms.auth.GoogleAuthUtil.zzc(Unknown Source)
10-16 19:59:21.225: E/PlayMovies(6059): 	at com.google.android.gms.auth.GoogleAuthUtil.zzb(Unknown Source)
10-16 19:59:21.225: E/PlayMovies(6059): 	at com.google.android.gms.auth.GoogleAuthUtil.getTokenWithNotification(Unknown Source)
10-16 19:59:21.225: E/PlayMovies(6059): 	at com.google.android.gms.auth.GoogleAuthUtil.getTokenWithNotification(Unknown Source)
10-16 19:59:21.225: E/PlayMovies(6059): 	at com.google.android.videos.accounts.AccountManagerWrapper.blockingGetAuthToken(SourceFile:237)
10-16 19:59:21.225: E/PlayMovies(6059): 	at com.google.android.videos.async.AuthenticatingRequester.getAuthToken(SourceFile:62)
10-16 19:59:21.225: E/PlayMovies(6059): 	at com.google.android.videos.async.AuthenticatingRequester.request(SourceFile:39)
10-16 19:59:21.225: E/PlayMovies(6059): 	at com.google.android.videos.async.AuthenticatingRequester.request(SourceFile:26)
10-16 19:59:21.225: E/PlayMovies(6059): 	at com.google.android.videos.gcm.DefaultGcmRegistrationManager.registerWithServer(SourceFile:151)
10-16 19:59:21.225: E/PlayMovies(6059): 	at com.google.android.videos.gcm.DefaultGcmRegistrationManager.access$000(SourceFile:48)
10-16 19:59:21.225: E/PlayMovies(6059): 	at com.google.android.videos.gcm.DefaultGcmRegistrationManager$1.run(SourceFile:101)
10-16 19:59:21.225: E/PlayMovies(6059): 	at java.util.concurrent.ThreadPoolExecutor.runWorker(ThreadPoolExecutor.java:1113)
10-16 19:59:21.225: E/PlayMovies(6059): 	at java.util.concurrent.ThreadPoolExecutor$Worker.run(ThreadPoolExecutor.java:588)
10-16 19:59:21.225: E/PlayMovies(6059): 	at com.google.android.videos.utils.PriorityThreadFactory$1.run(SourceFile:42)
10-16 19:59:21.225: E/PlayMovies(6059): 	at java.lang.Thread.run(Thread.java:818)
10-16 19:59:21.279: W/InstanceID/Rpc(6121): Found 10010
10-16 19:59:21.287: W/System(5568): ClassLoader referenced unknown path: /system/app/PlayGames/lib/x86
10-16 19:59:21.301: I/Auth(5527): [BroadcastManager] Broadcasting account change.
10-16 19:59:21.302: W/WakefulBroadcastReceiver(5527): No active wake lock id #1
10-16 19:59:21.357: I/ActivityManager(1718): Killing 4684:com.android.defcontainer/u0a6 (adj 15): empty #17
10-16 19:59:21.393: D/ActivityManager(1718): cleanUpApplicationRecord -- 4684
10-16 19:59:21.425: W/ActivityManager(1718): Unable to start service Intent { cmp=com.google.android.apps.gcs/.service.a } U=0: not found
10-16 19:59:21.430: D/Volley(5843): [404] DiskBasedCache.clear: Cache cleared.
10-16 19:59:21.430: D/Volley(5843): [411] DiskBasedCache.clear: Cache cleared.
10-16 19:59:21.432: D/Finsky(5843): [1] UpdateWidgetsReceiver.onReceive: Updated 0 MarketWidgetProvider widgets (android.accounts.LOGIN_ACCOUNTS_CHANGED)
10-16 19:59:21.432: D/Finsky(5843): [1] UpdateWidgetsReceiver.onReceive: Updated 0 RecommendedWidgetProvider widgets (android.accounts.LOGIN_ACCOUNTS_CHANGED)
10-16 19:59:21.433: D/Finsky(5843): [1] UpdateWidgetsReceiver.onReceive: Updated 0 NowPlayingWidgetProvider widgets (android.accounts.LOGIN_ACCOUNTS_CHANGED)
10-16 19:59:21.448: I/HeterodyneSyncScheduler(5527): Scheduling Phenotype for a PhenotypeSyncImmediately(5, null) one off with window [1, 2] in seconds
10-16 19:59:21.459: I/PmtsSwAccountIntentOp(5568): Processing intent action=android.accounts.LOGIN_ACCOUNTS_CHANGED
10-16 19:59:21.459: I/PmtsSwAccountIntentOp(5568): Device isn't of sufficient API level
10-16 19:59:21.468: I/Exchange(6041): Accounts changed - requesting FolderSync for unsynced accounts
10-16 19:59:21.469: I/BroadcastQueue(1718): Delay finish: com.google.android.gm/.AccountsChangedReceiver
10-16 19:59:21.471: I/BroadcastQueue(1718): Resuming delayed broadcast
10-16 19:59:21.475: I/GmailIS(4769): Receive LOGIN_ACCOUNTS_CHANGED intent: Intent { act=android.accounts.LOGIN_ACCOUNTS_CHANGED flg=0x4000010 cmp=com.google.android.gm/.GmailIntentService }
10-16 19:59:21.476: I/BroadcastQueue(1718): Delay finish: com.google.android.gm/com.android.email.service.EmailBroadcastReceiver
10-16 19:59:21.476: I/BroadcastQueue(1718): Resuming delayed broadcast
10-16 19:59:21.478: I/BroadcastQueue(1718): Delay finish: com.google.android.videos/.accounts.AccountsChangedService$AccountsChangedReceiver
10-16 19:59:21.481: I/BroadcastQueue(1718): Resuming delayed broadcast
10-16 19:59:21.485: I/Gmail(4769): System accounts updated.
10-16 19:59:21.492: I/Gmail(4769): getAccountsCursor
10-16 19:59:21.496: I/Exchange(6041): EasService.onCreate
10-16 19:59:21.497: I/NotifActionUtils(4769): resendNotifications account: null, folder: null
10-16 19:59:21.499: I/NotifUtils(4769): resendNotifications cancelExisting: false, account: null, folder: null
10-16 19:59:21.500: I/Exchange(6041): RestartPingTask
10-16 19:59:21.522: D/Finsky(5843): [1] BaseWidgetProvider.onReceive: Received ACTION_APPWIDGET_UPDATE, updating 0 widgets.
10-16 19:59:21.524: I/HeterodyneSyncScheduler(5527): Scheduling Phenotype for a PhenotypeSyncImmediately(5, null) one off with window [1, 2] in seconds
10-16 19:59:21.526: D/Finsky(5843): [1] BaseWidgetProvider.onReceive: Received ACTION_APPWIDGET_UPDATE, updating 0 widgets.
10-16 19:59:21.526: D/Finsky(5843): [1] BaseWidgetProvider.onReceive: Received ACTION_APPWIDGET_UPDATE, updating 0 widgets.
10-16 19:59:21.541: I/GoogleURLConnFactory(5568): Using platform SSLCertificateSocketFactory
10-16 19:59:21.541: E/BaseAppContext(5568): Tried to stop global GMSCore RequestQueue. This is likely unintended, so ignoring.
10-16 19:59:21.543: W/WakefulBroadcastReceiver(5527): No active wake lock id #2
10-16 19:59:21.547: I/Exchange(6041): RestartPingsTask did not start any pings.
10-16 19:59:21.547: I/Exchange(6041): PSS stopIfIdle
10-16 19:59:21.547: I/Exchange(6041): PSS has no active accounts; stopping service.
10-16 19:59:21.550: I/Exchange(6041): onDestroy
10-16 19:59:21.590: I/PmtsSwAccountIntentOp(5568): Processing intent action=android.accounts.LOGIN_ACCOUNTS_CHANGED
10-16 19:59:21.590: I/PmtsSwAccountIntentOp(5568): Device isn't of sufficient API level
10-16 19:59:21.590: E/LanguagePackUpdateController(4867): Download ID not found in active set :28
