10-16 19:59:25.878: I/SystemUpdate(5568): [Installation,ReceiverIntentOperation] Received intent: Intent { act=com.google.gservices.intent.action.GSERVICES_CHANGED flg=0x10 cmp=com.google.android.gms/.chimera.GmsIntentOperationService$PersistentInternalReceiver }.
10-16 19:59:25.928: E/ConfigFileUtils(5568): Failed to read config file: /data/data/com.google.android.gms/app_chimera/current_modulesets.pb: open failed: ENOENT (No such file or directory)
10-16 19:59:25.935: I/art(5527): Background partial concurrent mark sweep GC freed 61410(4MB) AllocSpace objects, 4(80KB) LOS objects, 40% free, 22MB/36MB, paused 5.379ms total 132.551ms
10-16 19:59:25.967: W/art(5527): Long monitor contention event with owner method=android.content.IContentProvider android.app.ActivityThread.acquireExistingProvider(android.content.Context, java.lang.String, int, boolean) from ActivityThread.java:4864 waiters=0 for 123ms
10-16 19:59:25.969: W/ConfigurationChimeraProvider(5527): Got null configs for com.google.android.gms.update
10-16 19:59:25.980: W/ChimeraUtils(5568): Non Chimera context
10-16 19:59:25.986: I/SystemUpdate(5568): [Execution,InstallationEventIntentOperation] Received intent with event 2.
10-16 19:59:25.986: I/CmaSystemUpdateService(5568): connectivity change: Intent { act=android.net.conn.CONNECTIVITY_CHANGE flg=0x4000010 (has extras) }
10-16 19:59:25.986: I/CmaSystemUpdateService(5568): receiver: Intent { act=android.net.conn.CONNECTIVITY_CHANGE flg=0x4000010 (has extras) }
10-16 19:59:25.987: I/art(5568): Rejecting re-init on previously-failed class java.lang.Class<aibo>
10-16 19:59:25.987: I/art(5568): Rejecting re-init on previously-failed class java.lang.Class<aibo>
10-16 19:59:25.993: I/SystemUpdate(5568): [Execution,InstallationIntentOperation] Received intent: Intent { act=com.google.android.gms.update.INSTALL_UPDATE cat=[targeted_intent_op_prefix:.update.execution.InstallationIntentOperation] cmp=com.google.android.gms/.chimera.GmsIntentOperationService }.
10-16 19:59:26.004: I/SystemUpdateTask(5568): cancelUpdate (empty URL)
10-16 19:59:26.004: I/CmaSystemUpdateService(5568): active receiver: disabled
10-16 19:59:26.038: I/NetRec(5527): [485] ConfigChangedIntentOperation.onHandleIntent: Handling a Phenotype update
10-16 19:59:26.038: I/NetRec(5527): [485] yjf.b: onConfigChanged()
10-16 19:59:26.038: I/SystemUpdateTask(5568): cancelUpdate (empty URL)
10-16 19:59:26.038: I/CmaSystemUpdateService(5568): active receiver: disabled
10-16 19:59:26.039: W/OcrModelUpStIntentOp(5568): Invalid action: com.google.android.gms.phenotype.COMMITTED
10-16 19:59:26.039: E/IntentOperationSvc(5568): Failed to instantiate Chimera operation impl com.google.android.gms.people.service.SettingsChangedBroadcastIntentOperation, dropping operation
10-16 19:59:26.039: E/IntentOperationSvc(5568): java.lang.reflect.InvocationTargetException
10-16 19:59:26.039: E/IntentOperationSvc(5568): 	at java.lang.reflect.Constructor.newInstance(Native Method)
10-16 19:59:26.039: E/IntentOperationSvc(5568): 	at bwj.a(:com.google.android.gms@11519470:8)
10-16 19:59:26.039: E/IntentOperationSvc(5568): 	at bwk.run(:com.google.android.gms@11519470:69)
10-16 19:59:26.039: E/IntentOperationSvc(5568): 	at java.util.concurrent.ThreadPoolExecutor.runWorker(ThreadPoolExecutor.java:1113)
10-16 19:59:26.039: E/IntentOperationSvc(5568): 	at java.util.concurrent.ThreadPoolExecutor$Worker.run(ThreadPoolExecutor.java:588)
10-16 19:59:26.039: E/IntentOperationSvc(5568): 	at java.lang.Thread.run(Thread.java:818)
10-16 19:59:26.039: E/IntentOperationSvc(5568): Caused by: java.lang.NullPointerException: Attempt to invoke virtual method 'android.content.SharedPreferences android.content.Context.getSharedPreferences(java.lang.String, int)' on a null object reference
10-16 19:59:26.039: E/IntentOperationSvc(5568): 	at android.content.ContextWrapper.getSharedPreferences(ContextWrapper.java:171)
10-16 19:59:26.039: E/IntentOperationSvc(5568): 	at zbv.a(:com.google.android.gms@11519470:6)
10-16 19:59:26.039: E/IntentOperationSvc(5568): 	at com.google.android.gms.people.service.SettingsChangedBroadcastIntentOperation.<init>(:com.google.android.gms@11519470:2)
10-16 19:59:26.039: E/IntentOperationSvc(5568): 	... 6 more
10-16 19:59:26.042: I/PTCommittedOperation(5527): Receive new configuration for com.google.android.location
10-16 19:59:26.053: I/NetRec(5527): [485] yjf.b: Cancelling all NetRec GCM tasks
10-16 19:59:26.070: I/NetRec(5527): [392] ClearDatabaseService.onHandleIntent: Clearing score cache
10-16 19:59:26.075: D/DownloadManager(5894): [29] Finished with status SUCCESS
10-16 19:59:26.083: I/GCoreUlr(5527): WorldUpdater:com.google.gservices.intent.action.GSERVICES_CHANGED: Ensuring that reporting is stopped because of reasons: {account#11#=[InactiveReason{mIdentifier=10, mName='AuthError'}, InactiveReason{mIdentifier=6, mName='ReportingNotEnabled'}, InactiveReason{mIdentifier=14, mName='HistoryNotEnabled'}]}
10-16 19:59:26.090: D/Finsky(5843): [1] DownloadBroadcastReceiver.onReceive: Intent received at DownloadBroadcastReceiver
10-16 19:59:26.093: I/GCoreUlr(5527): Unbound from all location providers
10-16 19:59:26.093: I/GCoreUlr(5527): Place inference reporting - stop
10-16 19:59:26.093: I/GCoreUlr(5527): Unregistering for aliased place alerts.
10-16 19:59:26.098: D/Finsky(5843): [1] DownloadQueueImpl.notifyProgress: com.android.vending: onProgress 17661732/17661732 Status: 200.
10-16 19:59:26.099: I/ActivityManager(1718): Killing 5837:com.google.process.gapps/u0a43 (adj 13): empty #17
10-16 19:59:26.109: E/ConfigFileUtils(5568): Failed to read config file: /data/data/com.google.android.gms/app_chimera/current_modulesets.pb: open failed: ENOENT (No such file or directory)
10-16 19:59:26.173: D/ActivityManager(1718): cleanUpApplicationRecord -- 5837
10-16 19:59:26.176: D/Finsky(5843): [1] DownloadImpl.setState: com.android.vending from 2 to 3.
10-16 19:59:26.176: D/Finsky(5843): [1] DownloadQueueImpl.onComplete: com.android.vending: onComplete
10-16 19:59:26.176: D/Finsky(5843): [1] DownloadQueueImpl.remove: Download com.android.vending removed from DownloadQueue
10-16 19:59:26.177: I/installd(1346): free_cache(0) avail 3781718016
10-16 19:59:26.177: D/Finsky(5843): [1] SelfUpdateScheduler.onComplete: Self-update ready to be installed, waiting for market to close.
10-16 19:59:26.179: I/GCoreUlr(5527): WorldUpdater received intent Intent { act=com.google.android.location.reporting.ACTION_UPDATE_WORLD cmp=com.google.android.gms/com.google.android.location.reporting.service.DispatchingService (has extras) } with receiverAction com.google.gservices.intent.action.GSERVICES_CHANGED
10-16 19:59:26.181: W/UdcContextManagerHelper(5527): Empty context buffer. Thus might mean that the context is not synced down.
10-16 19:59:26.181: W/UploadOptInStatusOp(5527): Empty context model while retrieving upload opt-in status!
10-16 19:59:26.190: I/GCoreUlr(5527): WorldUpdater:com.google.gservices.intent.action.GSERVICES_CHANGED: Ensuring that reporting is stopped because of reasons: {account#11#=[InactiveReason{mIdentifier=10, mName='AuthError'}, InactiveReason{mIdentifier=6, mName='ReportingNotEnabled'}, InactiveReason{mIdentifier=14, mName='HistoryNotEnabled'}]}
10-16 19:59:26.190: I/Places(5527): ?: Couldn't find platform key file.
10-16 19:59:26.192: I/GCoreUlr(5527): Unbound from all location providers
10-16 19:59:26.192: I/GCoreUlr(5527): Place inference reporting - stop
10-16 19:59:26.196: I/NetRec(5527): [485] ConfigChangedIntentOperation.onHandleIntent: Handling a Phenotype update
10-16 19:59:26.196: I/NetRec(5527): [485] yjf.b: onConfigChanged()
10-16 19:59:26.198: I/GCoreUlr(5527): Unregistering for aliased place alerts.
10-16 19:59:26.206: I/NetRec(5527): [485] yjf.b: Cancelling all NetRec GCM tasks
10-16 19:59:26.214: E/ctxmgr(5527): [NetworkUtil]No active synchronizable contexts.
10-16 19:59:26.229: I/NetRec(5527): [515] ConfigChangedIntentOperation.onHandleIntent: Handling a Phenotype update
10-16 19:59:26.229: I/NetRec(5527): [515] yjf.b: onConfigChanged()
10-16 19:59:26.234: I/NetRec(5527): [515] yjf.b: Cancelling all NetRec GCM tasks
10-16 19:59:26.237: I/NetRec(5527): [515] ConfigChangedIntentOperation.onHandleIntent: Handling a Phenotype update
10-16 19:59:26.237: I/NetRec(5527): [515] yjf.b: onConfigChanged()
10-16 19:59:26.237: E/IntentOperationSvc(5568): Failed to instantiate Chimera operation impl com.google.android.gms.people.service.SettingsChangedBroadcastIntentOperation, dropping operation
10-16 19:59:26.237: E/IntentOperationSvc(5568): java.lang.reflect.InvocationTargetException
10-16 19:59:26.237: E/IntentOperationSvc(5568): 	at java.lang.reflect.Constructor.newInstance(Native Method)
10-16 19:59:26.237: E/IntentOperationSvc(5568): 	at bwj.a(:com.google.android.gms@11519470:8)
10-16 19:59:26.237: E/IntentOperationSvc(5568): 	at bwk.run(:com.google.android.gms@11519470:69)
10-16 19:59:26.237: E/IntentOperationSvc(5568): 	at java.util.concurrent.ThreadPoolExecutor.runWorker(ThreadPoolExecutor.java:1113)
10-16 19:59:26.237: E/IntentOperationSvc(5568): 	at java.util.concurrent.ThreadPoolExecutor$Worker.run(ThreadPoolExecutor.java:588)
10-16 19:59:26.237: E/IntentOperationSvc(5568): 	at java.lang.Thread.run(Thread.java:818)
10-16 19:59:26.237: E/IntentOperationSvc(5568): Caused by: java.lang.NullPointerException: Attempt to invoke virtual method 'android.content.SharedPreferences android.content.Context.getSharedPreferences(java.lang.String, int)' on a null object reference
10-16 19:59:26.237: E/IntentOperationSvc(5568): 	at android.content.ContextWrapper.getSharedPreferences(ContextWrapper.java:171)
10-16 19:59:26.237: E/IntentOperationSvc(5568): 	at zbv.a(:com.google.android.gms@11519470:6)
10-16 19:59:26.237: E/IntentOperationSvc(5568): 	at com.google.android.gms.people.service.SettingsChangedBroadcastIntentOperation.<init>(:com.google.android.gms@11519470:2)
10-16 19:59:26.237: E/IntentOperationSvc(5568): 	... 6 more
10-16 19:59:26.238: W/OcrModelUpStIntentOp(5568): Invalid action: com.google.android.gms.phenotype.COMMITTED
10-16 19:59:26.241: I/NetRec(5527): [516] ClearDatabaseService.onHandleIntent: Clearing score cache
10-16 19:59:26.242: I/GCoreUlr(5527): DispatchingService.onDestroy()
10-16 19:59:26.243: I/NetRec(5527): [515] yjf.b: Cancelling all NetRec GCM tasks
10-16 19:59:26.252: I/GCoreUlr(5527): Stopping handler for UlrDispSvcFast
10-16 19:59:26.253: I/GCoreUlr(5527): Unbound from all location providers
10-16 19:59:26.253: I/GCoreUlr(5527): Place inference reporting - stop
10-16 19:59:26.255: I/NetRec(5527): [516] ClearDatabaseService.onHandleIntent: Clearing score cache
10-16 19:59:26.261: I/PTCommittedOperation(5527): Receive new configuration for com.google.android.gms.telephonyspam
10-16 19:59:26.265: I/NetRec(5527): [392] ClearDatabaseService.onHandleIntent: Clearing score cache
10-16 19:59:26.265: I/GeofencerStateMachine(5527): removeGeofences: removeRequest=RemoveGeofencingRequest[REMOVE_BY_PENDING_INTENT pendingIntent=PendingIntent[creatorPackage=com.google.android.gms], packageName=null]
10-16 19:59:26.267: I/GeofencerStateMachine(5527): removeGeofences: removeRequest=RemoveGeofencingRequest[REMOVE_BY_PENDING_INTENT pendingIntent=PendingIntent[creatorPackage=com.google.android.gms], packageName=null]
10-16 19:59:26.267: I/GCoreUlr(5527): Unregistering for aliased place alerts.
10-16 19:59:26.270: I/Places(5527): ?: Couldn't find platform key file.
10-16 19:59:26.288: W/OcrModelUpStIntentOp(5568): Invalid action: com.google.android.gms.phenotype.COMMITTED
10-16 19:59:26.288: E/IntentOperationSvc(5568): Failed to instantiate Chimera operation impl com.google.android.gms.people.service.SettingsChangedBroadcastIntentOperation, dropping operation
10-16 19:59:26.288: E/IntentOperationSvc(5568): java.lang.reflect.InvocationTargetException
10-16 19:59:26.288: E/IntentOperationSvc(5568): 	at java.lang.reflect.Constructor.newInstance(Native Method)
10-16 19:59:26.288: E/IntentOperationSvc(5568): 	at bwj.a(:com.google.android.gms@11519470:8)
10-16 19:59:26.288: E/IntentOperationSvc(5568): 	at bwk.run(:com.google.android.gms@11519470:69)
10-16 19:59:26.288: E/IntentOperationSvc(5568): 	at java.util.concurrent.ThreadPoolExecutor.runWorker(ThreadPoolExecutor.java:1113)
10-16 19:59:26.288: E/IntentOperationSvc(5568): 	at java.util.concurrent.ThreadPoolExecutor$Worker.run(ThreadPoolExecutor.java:588)
10-16 19:59:26.288: E/IntentOperationSvc(5568): 	at java.lang.Thread.run(Thread.java:818)
10-16 19:59:26.288: E/IntentOperationSvc(5568): Caused by: java.lang.NullPointerException: Attempt to invoke virtual method 'android.content.SharedPreferences android.content.Context.getSharedPreferences(java.lang.String, int)' on a null object reference
10-16 19:59:26.288: E/IntentOperationSvc(5568): 	at android.content.ContextWrapper.getSharedPreferences(ContextWrapper.java:171)
10-16 19:59:26.288: E/IntentOperationSvc(5568): 	at zbv.a(:com.google.android.gms@11519470:6)
10-16 19:59:26.288: E/IntentOperationSvc(5568): 	at com.google.android.gms.people.service.SettingsChangedBroadcastIntentOperation.<init>(:com.google.android.gms@11519470:2)
10-16 19:59:26.288: E/IntentOperationSvc(5568): 	... 6 more
10-16 19:59:26.295: I/NetRec(5527): [515] ConfigChangedIntentOperation.onHandleIntent: Handling a Phenotype update
10-16 19:59:26.295: I/NetRec(5527): [515] yjf.b: onConfigChanged()
10-16 19:59:26.299: I/NetRec(5527): [515] yjf.b: Cancelling all NetRec GCM tasks
10-16 19:59:26.315: I/GeofencerStateMachine(5527): removeGeofences: removeRequest=RemoveGeofencingRequest[REMOVE_BY_PENDING_INTENT pendingIntent=PendingIntent[creatorPackage=com.google.android.gms], packageName=null]
10-16 19:59:26.316: I/PTCommittedOperation(5527): Receive new configuration for com.google.android.gms.herrevad
10-16 19:59:26.325: I/NetRec(5527): [515] ClearDatabaseService.onHandleIntent: Clearing score cache
10-16 19:59:26.354: I/Places(5527): ?: Couldn't find platform key file.
10-16 19:59:26.357: I/GeofencerStateMachine(5527): removeGeofences: removeRequest=RemoveGeofencingRequest[REMOVE_BY_PENDING_INTENT pendingIntent=PendingIntent[creatorPackage=com.google.android.gms], packageName=null]
10-16 19:59:26.358: I/GeofencerStateMachine(5527): removeGeofences: removeRequest=RemoveGeofencingRequest[REMOVE_BY_PENDING_INTENT pendingIntent=PendingIntent[creatorPackage=com.google.android.gms], packageName=null]
10-16 19:59:26.366: W/OcrModelUpStIntentOp(5568): Invalid action: com.google.android.gms.phenotype.COMMITTED
10-16 19:59:26.366: E/IntentOperationSvc(5568): Failed to instantiate Chimera operation impl com.google.android.gms.people.service.SettingsChangedBroadcastIntentOperation, dropping operation
10-16 19:59:26.366: E/IntentOperationSvc(5568): java.lang.reflect.InvocationTargetException
10-16 19:59:26.366: E/IntentOperationSvc(5568): 	at java.lang.reflect.Constructor.newInstance(Native Method)
10-16 19:59:26.366: E/IntentOperationSvc(5568): 	at bwj.a(:com.google.android.gms@11519470:8)
10-16 19:59:26.366: E/IntentOperationSvc(5568): 	at bwk.run(:com.google.android.gms@11519470:69)
10-16 19:59:26.366: E/IntentOperationSvc(5568): 	at java.util.concurrent.ThreadPoolExecutor.runWorker(ThreadPoolExecutor.java:1113)
10-16 19:59:26.366: E/IntentOperationSvc(5568): 	at java.util.concurrent.ThreadPoolExecutor$Worker.run(ThreadPoolExecutor.java:588)
10-16 19:59:26.366: E/IntentOperationSvc(5568): 	at java.lang.Thread.run(Thread.java:818)
10-16 19:59:26.366: E/IntentOperationSvc(5568): Caused by: java.lang.NullPointerException: Attempt to invoke virtual method 'android.content.SharedPreferences android.content.Context.getSharedPreferences(java.lang.String, int)' on a null object reference
10-16 19:59:26.366: E/IntentOperationSvc(5568): 	at android.content.ContextWrapper.getSharedPreferences(ContextWrapper.java:171)
10-16 19:59:26.366: E/IntentOperationSvc(5568): 	at zbv.a(:com.google.android.gms@11519470:6)
10-16 19:59:26.366: E/IntentOperationSvc(5568): 	at com.google.android.gms.people.service.SettingsChangedBroadcastIntentOperation.<init>(:com.google.android.gms@11519470:2)
10-16 19:59:26.366: E/IntentOperationSvc(5568): 	... 6 more
10-16 19:59:26.370: I/GeofencerStateMachine(5527): removeGeofences: removeRequest=RemoveGeofencingRequest[REMOVE_BY_PENDING_INTENT pendingIntent=PendingIntent[creatorPackage=com.google.android.gms], packageName=null]
10-16 19:59:26.371: I/PTCommittedOperation(5527): Receive new configuration for com.google.android.gms.udc
10-16 19:59:26.380: I/GeofencerStateMachine(5527): removeGeofences: removeRequest=RemoveGeofencingRequest[REMOVE_BY_PENDING_INTENT pendingIntent=PendingIntent[creatorPackage=com.google.android.gms], packageName=null]
10-16 19:59:26.382: I/GeofencerStateMachine(5527): removeGeofences: removeRequest=RemoveGeofencingRequest[REMOVE_BY_PENDING_INTENT pendingIntent=PendingIntent[creatorPackage=com.google.android.gms], packageName=null]
10-16 19:59:26.389: I/GeofencerStateMachine(5527): removeGeofences: removeRequest=RemoveGeofencingRequest[REMOVE_BY_PENDING_INTENT pendingIntent=PendingIntent[creatorPackage=com.google.android.gms], packageName=null]
10-16 19:59:26.394: I/Auth(5527): [ReflectiveChannelBinder] Successfully bound channel!
10-16 19:59:26.397: E/IntentOperationSvc(5568): Failed to instantiate Chimera operation impl com.google.android.gms.people.service.SettingsChangedBroadcastIntentOperation, dropping operation
10-16 19:59:26.397: E/IntentOperationSvc(5568): java.lang.reflect.InvocationTargetException
10-16 19:59:26.397: E/IntentOperationSvc(5568): 	at java.lang.reflect.Constructor.newInstance(Native Method)
10-16 19:59:26.397: E/IntentOperationSvc(5568): 	at bwj.a(:com.google.android.gms@11519470:8)
10-16 19:59:26.397: E/IntentOperationSvc(5568): 	at bwk.run(:com.google.android.gms@11519470:69)
10-16 19:59:26.397: E/IntentOperationSvc(5568): 	at java.util.concurrent.ThreadPoolExecutor.runWorker(ThreadPoolExecutor.java:1113)
10-16 19:59:26.397: E/IntentOperationSvc(5568): 	at java.util.concurrent.ThreadPoolExecutor$Worker.run(ThreadPoolExecutor.java:588)
10-16 19:59:26.397: E/IntentOperationSvc(5568): 	at java.lang.Thread.run(Thread.java:818)
10-16 19:59:26.397: E/IntentOperationSvc(5568): Caused by: java.lang.NullPointerException: Attempt to invoke virtual method 'android.content.SharedPreferences android.content.Context.getSharedPreferences(java.lang.String, int)' on a null object reference
10-16 19:59:26.397: E/IntentOperationSvc(5568): 	at android.content.ContextWrapper.getSharedPreferences(ContextWrapper.java:171)
10-16 19:59:26.397: E/IntentOperationSvc(5568): 	at zbv.a(:com.google.android.gms@11519470:6)
10-16 19:59:26.397: E/IntentOperationSvc(5568): 	at com.google.android.gms.people.service.SettingsChangedBroadcastIntentOperation.<init>(:com.google.android.gms@11519470:2)
10-16 19:59:26.397: E/IntentOperationSvc(5568): 	... 6 more
10-16 19:59:26.398: W/OcrModelUpStIntentOp(5568): Invalid action: com.google.android.gms.phenotype.COMMITTED
10-16 19:59:26.399: I/NetRec(5527): [485] ConfigChangedIntentOperation.onHandleIntent: Handling a Phenotype update
10-16 19:59:26.399: I/NetRec(5527): [485] yjf.b: onConfigChanged()
10-16 19:59:26.400: I/PTCommittedOperation(5527): Receive new configuration for com.google.android.gms.octarine
10-16 19:59:26.413: I/NetRec(5527): [516] ClearDatabaseService.onHandleIntent: Clearing score cache
10-16 19:59:26.414: I/NetRec(5527): [485] yjf.b: Cancelling all NetRec GCM tasks
10-16 19:59:26.435: W/Conscrypt(5527): Could not set socket write timeout:
10-16 19:59:26.435: W/Conscrypt(5527):    java.lang.reflect.Method.invoke(Native Method)
10-16 19:59:26.435: W/Conscrypt(5527):    com.google.android.gms.org.conscrypt.Platform.setSocketWriteTimeout(:com.google.android.gms@11519470:13)
10-16 19:59:26.438: W/OcrModelUpStIntentOp(5568): Invalid action: com.google.android.gms.phenotype.COMMITTED
10-16 19:59:26.438: E/IntentOperationSvc(5568): Failed to instantiate Chimera operation impl com.google.android.gms.people.service.SettingsChangedBroadcastIntentOperation, dropping operation
10-16 19:59:26.438: E/IntentOperationSvc(5568): java.lang.reflect.InvocationTargetException
10-16 19:59:26.438: E/IntentOperationSvc(5568): 	at java.lang.reflect.Constructor.newInstance(Native Method)
10-16 19:59:26.438: E/IntentOperationSvc(5568): 	at bwj.a(:com.google.android.gms@11519470:8)
10-16 19:59:26.438: E/IntentOperationSvc(5568): 	at bwk.run(:com.google.android.gms@11519470:69)
10-16 19:59:26.438: E/IntentOperationSvc(5568): 	at java.util.concurrent.ThreadPoolExecutor.runWorker(ThreadPoolExecutor.java:1113)
10-16 19:59:26.438: E/IntentOperationSvc(5568): 	at java.util.concurrent.ThreadPoolExecutor$Worker.run(ThreadPoolExecutor.java:588)
10-16 19:59:26.438: E/IntentOperationSvc(5568): 	at java.lang.Thread.run(Thread.java:818)
10-16 19:59:26.438: E/IntentOperationSvc(5568): Caused by: java.lang.NullPointerException: Attempt to invoke virtual method 'android.content.SharedPreferences android.content.Context.getSharedPreferences(java.lang.String, int)' on a null object reference
10-16 19:59:26.438: E/IntentOperationSvc(5568): 	at android.content.ContextWrapper.getSharedPreferences(ContextWrapper.java:171)
10-16 19:59:26.438: E/IntentOperationSvc(5568): 	at zbv.a(:com.google.android.gms@11519470:6)
10-16 19:59:26.438: E/IntentOperationSvc(5568): 	at com.google.android.gms.people.service.SettingsChangedBroadcastIntentOperation.<init>(:com.google.android.gms@11519470:2)
10-16 19:59:26.438: E/IntentOperationSvc(5568): 	... 6 more
10-16 19:59:26.439: I/NetRec(5527): [485] ConfigChangedIntentOperation.onHandleIntent: Handling a Phenotype update
10-16 19:59:26.439: I/NetRec(5527): [485] yjf.b: onConfigChanged()
10-16 19:59:26.439: I/PTCommittedOperation(5527): Receive new configuration for com.google.android.gms.auth.api.credentials
10-16 19:59:26.450: I/NetRec(5527): [515] ClearDatabaseService.onHandleIntent: Clearing score cache
10-16 19:59:26.454: I/NetRec(5527): [485] yjf.b: Cancelling all NetRec GCM tasks
10-16 19:59:26.465: W/Conscrypt(5527): Could not set socket write timeout:
10-16 19:59:26.465: W/Conscrypt(5527):    java.lang.reflect.Method.invoke(Native Method)
10-16 19:59:26.465: W/Conscrypt(5527):    com.google.android.gms.org.conscrypt.Platform.setSocketWriteTimeout(:com.google.android.gms@11519470:13)
10-16 19:59:26.474: E/IntentOperationSvc(5568): Failed to instantiate Chimera operation impl com.google.android.gms.people.service.SettingsChangedBroadcastIntentOperation, dropping operation
10-16 19:59:26.474: E/IntentOperationSvc(5568): java.lang.reflect.InvocationTargetException
10-16 19:59:26.474: E/IntentOperationSvc(5568): 	at java.lang.reflect.Constructor.newInstance(Native Method)
10-16 19:59:26.474: E/IntentOperationSvc(5568): 	at bwj.a(:com.google.android.gms@11519470:8)
10-16 19:59:26.474: E/IntentOperationSvc(5568): 	at bwk.run(:com.google.android.gms@11519470:69)
10-16 19:59:26.474: E/IntentOperationSvc(5568): 	at java.util.concurrent.ThreadPoolExecutor.runWorker(ThreadPoolExecutor.java:1113)
10-16 19:59:26.474: E/IntentOperationSvc(5568): 	at java.util.concurrent.ThreadPoolExecutor$Worker.run(ThreadPoolExecutor.java:588)
10-16 19:59:26.474: E/IntentOperationSvc(5568): 	at java.lang.Thread.run(Thread.java:818)
10-16 19:59:26.474: E/IntentOperationSvc(5568): Caused by: java.lang.NullPointerException: Attempt to invoke virtual method 'android.content.SharedPreferences android.content.Context.getSharedPreferences(java.lang.String, int)' on a null object reference
10-16 19:59:26.474: E/IntentOperationSvc(5568): 	at android.content.ContextWrapper.getSharedPreferences(ContextWrapper.java:171)
10-16 19:59:26.474: E/IntentOperationSvc(5568): 	at zbv.a(:com.google.android.gms@11519470:6)
10-16 19:59:26.474: E/IntentOperationSvc(5568): 	at com.google.android.gms.people.service.SettingsChangedBroadcastIntentOperation.<init>(:com.google.android.gms@11519470:2)
10-16 19:59:26.474: E/IntentOperationSvc(5568): 	... 6 more
10-16 19:59:26.474: W/OcrModelUpStIntentOp(5568): Invalid action: com.google.android.gms.phenotype.COMMITTED
10-16 19:59:26.476: I/NetRec(5527): [485] ConfigChangedIntentOperation.onHandleIntent: Handling a Phenotype update
10-16 19:59:26.476: I/NetRec(5527): [485] yjf.b: onConfigChanged()
10-16 19:59:26.476: I/PTCommittedOperation(5527): Receive new configuration for com.google.android.gms.cast
10-16 19:59:26.485: I/NetRec(5527): [392] ClearDatabaseService.onHandleIntent: Clearing score cache
10-16 19:59:26.490: I/NetRec(5527): [485] yjf.b: Cancelling all NetRec GCM tasks
10-16 19:59:26.497: I/NetRec(5527): [485] ConfigChangedIntentOperation.onHandleIntent: Handling a Phenotype update
10-16 19:59:26.497: I/NetRec(5527): [485] yjf.b: onConfigChanged()
10-16 19:59:26.499: I/NetRec(5527): [479] ClearDatabaseService.onHandleIntent: Clearing score cache
10-16 19:59:26.501: I/NetRec(5527): [485] yjf.b: Cancelling all NetRec GCM tasks
10-16 19:59:26.518: W/OcrModelUpStIntentOp(5568): Invalid action: com.google.android.gms.phenotype.COMMITTED
10-16 19:59:26.518: E/IntentOperationSvc(5568): Failed to instantiate Chimera operation impl com.google.android.gms.people.service.SettingsChangedBroadcastIntentOperation, dropping operation
10-16 19:59:26.518: E/IntentOperationSvc(5568): java.lang.reflect.InvocationTargetException
10-16 19:59:26.518: E/IntentOperationSvc(5568): 	at java.lang.reflect.Constructor.newInstance(Native Method)
10-16 19:59:26.518: E/IntentOperationSvc(5568): 	at bwj.a(:com.google.android.gms@11519470:8)
10-16 19:59:26.518: E/IntentOperationSvc(5568): 	at bwk.run(:com.google.android.gms@11519470:69)
10-16 19:59:26.518: E/IntentOperationSvc(5568): 	at java.util.concurrent.ThreadPoolExecutor.runWorker(ThreadPoolExecutor.java:1113)
10-16 19:59:26.518: E/IntentOperationSvc(5568): 	at java.util.concurrent.ThreadPoolExecutor$Worker.run(ThreadPoolExecutor.java:588)
10-16 19:59:26.518: E/IntentOperationSvc(5568): 	at java.lang.Thread.run(Thread.java:818)
10-16 19:59:26.518: E/IntentOperationSvc(5568): Caused by: java.lang.NullPointerException: Attempt to invoke virtual method 'android.content.SharedPreferences android.content.Context.getSharedPreferences(java.lang.String, int)' on a null object reference
10-16 19:59:26.518: E/IntentOperationSvc(5568): 	at android.content.ContextWrapper.getSharedPreferences(ContextWrapper.java:171)
10-16 19:59:26.518: E/IntentOperationSvc(5568): 	at zbv.a(:com.google.android.gms@11519470:6)
10-16 19:59:26.518: E/IntentOperationSvc(5568): 	at com.google.android.gms.people.service.SettingsChangedBroadcastIntentOperation.<init>(:com.google.android.gms@11519470:2)
10-16 19:59:26.518: E/IntentOperationSvc(5568): 	... 6 more
10-16 19:59:26.519: I/NetRec(5527): [485] ConfigChangedIntentOperation.onHandleIntent: Handling a Phenotype update
10-16 19:59:26.519: I/NetRec(5527): [485] yjf.b: onConfigChanged()
10-16 19:59:26.520: I/PTCommittedOperation(5527): Receive new configuration for com.google.android.gms.audit
10-16 19:59:26.521: D/AndroidRuntime(6568): >>>>>> START com.android.internal.os.RuntimeInit uid 0 <<<<<<
10-16 19:59:26.522: D/AndroidRuntime(6568): CheckJNI is OFF
10-16 19:59:26.557: W/Auth(5527): [GetToken] GetToken failed with status code: INVALID_SCOPE
10-16 19:59:26.558: W/AuthSessionAuthenticato(5527): Auth related exception is being ignored: INVALID_SCOPE
10-16 19:59:26.559: I/NetRec(5527): [515] ClearDatabaseService.onHandleIntent: Clearing score cache
10-16 19:59:26.561: I/NetRec(5527): [485] yjf.b: Cancelling all NetRec GCM tasks
10-16 19:59:26.561: D/ICU(6568): No timezone override file found: /data/misc/zoneinfo/current/icu/icu_tzdata.dat
10-16 19:59:26.561: D/ICU(6568): [ 10-16 19:59:26.566  6568: 6568 W/         ]
10-16 19:59:26.561: D/ICU(6568): Failed to bind-mount /system/lib/x86/cpuinfo as /proc/cpuinfo: No such file or directory
10-16 19:59:26.574: W/GLSUser(5527): [DeviceKeyStore] Cannot load key: Device key file not found.
10-16 19:59:26.579: E/memtrack(6568): Couldn't load memtrack module (No such file or directory)
10-16 19:59:26.579: E/android.os.Debug(6568): failed to load memtrack module: -2
10-16 19:59:26.581: I/NetRec(5527): [485] ConfigChangedIntentOperation.onHandleIntent: Handling a Phenotype update
10-16 19:59:26.581: I/NetRec(5527): [485] yjf.b: onConfigChanged()
10-16 19:59:26.582: W/OcrModelUpStIntentOp(5568): Invalid action: com.google.android.gms.phenotype.COMMITTED
10-16 19:59:26.582: E/IntentOperationSvc(5568): Failed to instantiate Chimera operation impl com.google.android.gms.people.service.SettingsChangedBroadcastIntentOperation, dropping operation
10-16 19:59:26.582: E/IntentOperationSvc(5568): java.lang.reflect.InvocationTargetException
10-16 19:59:26.582: E/IntentOperationSvc(5568): 	at java.lang.reflect.Constructor.newInstance(Native Method)
10-16 19:59:26.582: E/IntentOperationSvc(5568): 	at bwj.a(:com.google.android.gms@11519470:8)
10-16 19:59:26.582: E/IntentOperationSvc(5568): 	at bwk.run(:com.google.android.gms@11519470:69)
10-16 19:59:26.582: E/IntentOperationSvc(5568): 	at java.util.concurrent.ThreadPoolExecutor.runWorker(ThreadPoolExecutor.java:1113)
10-16 19:59:26.582: E/IntentOperationSvc(5568): 	at java.util.concurrent.ThreadPoolExecutor$Worker.run(ThreadPoolExecutor.java:588)
10-16 19:59:26.582: E/IntentOperationSvc(5568): 	at java.lang.Thread.run(Thread.java:818)
10-16 19:59:26.582: E/IntentOperationSvc(5568): Caused by: java.lang.NullPointerException: Attempt to invoke virtual method 'android.content.SharedPreferences android.content.Context.getSharedPreferences(java.lang.String, int)' on a null object reference
10-16 19:59:26.582: E/IntentOperationSvc(5568): 	at android.content.ContextWrapper.getSharedPreferences(ContextWrapper.java:171)
10-16 19:59:26.582: E/IntentOperationSvc(5568): 	at zbv.a(:com.google.android.gms@11519470:6)
10-16 19:59:26.582: E/IntentOperationSvc(5568): 	at com.google.android.gms.people.service.SettingsChangedBroadcastIntentOperation.<init>(:com.google.android.gms@11519470:2)
10-16 19:59:26.582: E/IntentOperationSvc(5568): 	... 6 more
10-16 19:59:26.582: I/Radio-JNI(6568): register_android_hardware_Radio DONE
10-16 19:59:26.584: I/PTCommittedOperation(5527): Receive new configuration for com.google.android.gms.wallet
10-16 19:59:26.592: D/AndroidRuntime(6568): Calling main entry com.android.commands.pm.Pm
10-16 19:59:26.593: I/NetRec(5527): [516] ClearDatabaseService.onHandleIntent: Clearing score cache
10-16 19:59:26.595: I/NetRec(5527): [485] yjf.b: Cancelling all NetRec GCM tasks
10-16 19:59:26.597: W/GLSUser(5527): [DeviceKeyStore] Cannot load key: Device key file not found.
10-16 19:59:26.604: E/ctxmgr(5527): [BaseServerTask]Server task (FetchAclSet) got error statusCode=-1.
10-16 19:59:26.604: E/ctxmgr(5527): com.android.volley.VolleyError: Unable to obtain auth token - is the device online?
10-16 19:59:26.604: E/ctxmgr(5527): 	at ciz.a(:com.google.android.gms@11519470:39)
10-16 19:59:26.604: E/ctxmgr(5527): 	at cei.run(:com.google.android.gms@11519470:2)
10-16 19:59:26.604: E/ctxmgr(5527): 	at ceg.handleMessage(:com.google.android.gms@11519470:3)
10-16 19:59:26.604: E/ctxmgr(5527): 	at mme.run(:com.google.android.gms@11519470:6)
10-16 19:59:26.604: E/ctxmgr(5527): 	at mmo.run(:com.google.android.gms@11519470:25)
10-16 19:59:26.604: E/ctxmgr(5527): 	at java.util.concurrent.ThreadPoolExecutor.runWorker(ThreadPoolExecutor.java:1113)
10-16 19:59:26.604: E/ctxmgr(5527): 	at java.util.concurrent.ThreadPoolExecutor$Worker.run(ThreadPoolExecutor.java:588)
10-16 19:59:26.604: E/ctxmgr(5527): 	at mrv.run(:com.google.android.gms@11519470)
10-16 19:59:26.604: E/ctxmgr(5527): 	at java.lang.Thread.run(Thread.java:818)
10-16 19:59:26.605: I/art(6568): System.exit called, status: 0
10-16 19:59:26.605: I/AndroidRuntime(6568): VM exiting with result code 0.
10-16 19:59:26.618: I/NetRec(5527): [485] ConfigChangedIntentOperation.onHandleIntent: Handling a Phenotype update
10-16 19:59:26.618: I/NetRec(5527): [485] yjf.b: onConfigChanged()
10-16 19:59:26.620: I/PTCommittedOperation(5527): Receive new configuration for com.google.android.gms.smart_profile
10-16 19:59:26.629: E/IntentOperationSvc(5568): Failed to instantiate Chimera operation impl com.google.android.gms.people.service.SettingsChangedBroadcastIntentOperation, dropping operation
10-16 19:59:26.629: E/IntentOperationSvc(5568): java.lang.reflect.InvocationTargetException
10-16 19:59:26.629: E/IntentOperationSvc(5568): 	at java.lang.reflect.Constructor.newInstance(Native Method)
10-16 19:59:26.629: E/IntentOperationSvc(5568): 	at bwj.a(:com.google.android.gms@11519470:8)
10-16 19:59:26.629: E/IntentOperationSvc(5568): 	at bwk.run(:com.google.android.gms@11519470:69)
10-16 19:59:26.629: E/IntentOperationSvc(5568): 	at java.util.concurrent.ThreadPoolExecutor.runWorker(ThreadPoolExecutor.java:1113)
10-16 19:59:26.629: E/IntentOperationSvc(5568): 	at java.util.concurrent.ThreadPoolExecutor$Worker.run(ThreadPoolExecutor.java:588)
10-16 19:59:26.629: E/IntentOperationSvc(5568): 	at java.lang.Thread.run(Thread.java:818)
10-16 19:59:26.629: E/IntentOperationSvc(5568): Caused by: java.lang.NullPointerException: Attempt to invoke virtual method 'android.content.SharedPreferences android.content.Context.getSharedPreferences(java.lang.String, int)' on a null object reference
10-16 19:59:26.629: E/IntentOperationSvc(5568): 	at android.content.ContextWrapper.getSharedPreferences(ContextWrapper.java:171)
10-16 19:59:26.629: E/IntentOperationSvc(5568): 	at zbv.a(:com.google.android.gms@11519470:6)
10-16 19:59:26.629: E/IntentOperationSvc(5568): 	at com.google.android.gms.people.service.SettingsChangedBroadcastIntentOperation.<init>(:com.google.android.gms@11519470:2)
10-16 19:59:26.629: E/IntentOperationSvc(5568): 	... 6 more
10-16 19:59:26.629: W/OcrModelUpStIntentOp(5568): Invalid action: com.google.android.gms.phenotype.COMMITTED
10-16 19:59:26.631: I/NetRec(5527): [515] ClearDatabaseService.onHandleIntent: Clearing score cache
10-16 19:59:26.631: I/NetRec(5527): [485] yjf.b: Cancelling all NetRec GCM tasks
10-16 19:59:26.632: D/WVCdm(1345): Instantiating CDM.
10-16 19:59:26.633: I/WVCdm(1345): CdmEngine::OpenSession
10-16 19:59:26.633: I/WVCdm(1345): Level3 Library Jun 15 2015 14:09:10
10-16 19:59:26.634: W/WVCdm(1345): Could not read /data/mediadrm/IDM1013/ay64.dat2: No such file or directory
10-16 19:59:26.634: W/WVCdm(1345): Could not load liboemcrypto.so. Falling back to L3.  dlopen failed: library "liboemcrypto.so" not found
10-16 19:59:26.643: W/UdcContextManagerHelper(5527): Empty context buffer. Thus might mean that the context is not synced down.
10-16 19:59:26.643: W/UploadOptInStatusOp(5527): Empty context model while retrieving upload opt-in status!
10-16 19:59:26.648: E/ctxmgr(5527): [AccountAclCallback]Failed Acl fetch: network status=-1
10-16 19:59:26.651: I/WVCdm(1345): CdmEngine::QueryKeyControlInfo
10-16 19:59:26.652: I/ActivityManager(1718): Killing 4522:com.google.android.talk/u0a50 (adj 15): empty #17
10-16 19:59:26.656: W/WVCdm(1345): BufferReader::Read<T> : Failure during parse: Not enough bytes (4)
10-16 19:59:26.656: W/WVCdm(1345): CdmEngine::ExtractWidevinePssh: Unable to read atom size.
10-16 19:59:26.656: I/WVCdm(1345): CdmEngine::GenerateKeyRequest
10-16 19:59:26.657: D/WVCdm(1345): PrepareKeyRequest: nonce=1812895960
10-16 19:59:26.705: D/ActivityManager(1718): cleanUpApplicationRecord -- 4522
10-16 19:59:26.708: E/IntentOperationSvc(5568): Failed to instantiate Chimera operation impl com.google.android.gms.people.service.SettingsChangedBroadcastIntentOperation, dropping operation
10-16 19:59:26.708: E/IntentOperationSvc(5568): java.lang.reflect.InvocationTargetException
10-16 19:59:26.708: E/IntentOperationSvc(5568): 	at java.lang.reflect.Constructor.newInstance(Native Method)
10-16 19:59:26.708: E/IntentOperationSvc(5568): 	at bwj.a(:com.google.android.gms@11519470:8)
10-16 19:59:26.708: E/IntentOperationSvc(5568): 	at bwk.run(:com.google.android.gms@11519470:69)
10-16 19:59:26.708: E/IntentOperationSvc(5568): 	at java.util.concurrent.ThreadPoolExecutor.runWorker(ThreadPoolExecutor.java:1113)
10-16 19:59:26.708: E/IntentOperationSvc(5568): 	at java.util.concurrent.ThreadPoolExecutor$Worker.run(ThreadPoolExecutor.java:588)
10-16 19:59:26.708: E/IntentOperationSvc(5568): 	at java.lang.Thread.run(Thread.java:818)
10-16 19:59:26.708: E/IntentOperationSvc(5568): Caused by: java.lang.NullPointerException: Attempt to invoke virtual method 'android.content.SharedPreferences android.content.Context.getSharedPreferences(java.lang.String, int)' on a null object reference
10-16 19:59:26.708: E/IntentOperationSvc(5568): 	at android.content.ContextWrapper.getSharedPreferences(ContextWrapper.java:171)
10-16 19:59:26.708: E/IntentOperationSvc(5568): 	at zbv.a(:com.google.android.gms@11519470:6)
10-16 19:59:26.708: E/IntentOperationSvc(5568): 	at com.google.android.gms.people.service.SettingsChangedBroadcastIntentOperation.<init>(:com.google.android.gms@11519470:2)
10-16 19:59:26.708: E/IntentOperationSvc(5568): 	... 6 more
10-16 19:59:26.709: W/OcrModelUpStIntentOp(5568): Invalid action: com.google.android.gms.phenotype.COMMITTED
10-16 19:59:26.710: I/PTCommittedOperation(5527): Receive new configuration for com.google.android.gms.romanesco
10-16 19:59:26.711: I/NetRec(5527): [485] ConfigChangedIntentOperation.onHandleIntent: Handling a Phenotype update
10-16 19:59:26.711: I/NetRec(5527): [485] yjf.b: onConfigChanged()
10-16 19:59:26.720: I/NetRec(5527): [392] ClearDatabaseService.onHandleIntent: Clearing score cache
10-16 19:59:26.722: I/NetRec(5527): [485] yjf.b: Cancelling all NetRec GCM tasks
10-16 19:59:26.810: E/IntentOperationSvc(5568): Failed to instantiate Chimera operation impl com.google.android.gms.people.service.SettingsChangedBroadcastIntentOperation, dropping operation
10-16 19:59:26.810: E/IntentOperationSvc(5568): java.lang.reflect.InvocationTargetException
10-16 19:59:26.810: E/IntentOperationSvc(5568): 	at java.lang.reflect.Constructor.newInstance(Native Method)
10-16 19:59:26.810: E/IntentOperationSvc(5568): 	at bwj.a(:com.google.android.gms@11519470:8)
10-16 19:59:26.810: E/IntentOperationSvc(5568): 	at bwk.run(:com.google.android.gms@11519470:69)
10-16 19:59:26.810: E/IntentOperationSvc(5568): 	at java.util.concurrent.ThreadPoolExecutor.runWorker(ThreadPoolExecutor.java:1113)
10-16 19:59:26.810: E/IntentOperationSvc(5568): 	at java.util.concurrent.ThreadPoolExecutor$Worker.run(ThreadPoolExecutor.java:588)
10-16 19:59:26.810: E/IntentOperationSvc(5568): 	at java.lang.Thread.run(Thread.java:818)
10-16 19:59:26.810: E/IntentOperationSvc(5568): Caused by: java.lang.NullPointerException: Attempt to invoke virtual method 'android.content.SharedPreferences android.content.Context.getSharedPreferences(java.lang.String, int)' on a null object reference
10-16 19:59:26.810: E/IntentOperationSvc(5568): 	at android.content.ContextWrapper.getSharedPreferences(ContextWrapper.java:171)
10-16 19:59:26.810: E/IntentOperationSvc(5568): 	at zbv.a(:com.google.android.gms@11519470:6)
10-16 19:59:26.810: E/IntentOperationSvc(5568): 	at com.google.android.gms.people.service.SettingsChangedBroadcastIntentOperation.<init>(:com.google.android.gms@11519470:2)
10-16 19:59:26.810: E/IntentOperationSvc(5568): 	... 6 more
10-16 19:59:26.812: I/NetRec(5527): [485] ConfigChangedIntentOperation.onHandleIntent: Handling a Phenotype update
10-16 19:59:26.812: I/NetRec(5527): [485] yjf.b: onConfigChanged()
10-16 19:59:26.813: I/PTCommittedOperation(5527): Receive new configuration for com.google.android.gms.ocr
10-16 19:59:26.821: V/EmulatedCamera_Factory(1345): getCameraInfo: id = 0
10-16 19:59:26.821: V/EmulatedCamera_Camera(1345): getCameraInfo
10-16 19:59:26.821: V/EmulatedCamera_BaseCamera(1345): getCameraInfo
10-16 19:59:26.822: I/OcrModelUpStIntentOp(5568): Updating ocr activity enabled=true (phenotypeFlag=true, lowRamDevice=false, prereqCheck=true)
10-16 19:59:26.825: I/NetRec(5527): [516] ClearDatabaseService.onHandleIntent: Clearing score cache
10-16 19:59:26.827: I/NetRec(5527): [485] yjf.b: Cancelling all NetRec GCM tasks
10-16 19:59:26.885: I/OcrModelUpStIntentOp(5568): Downloading text recognizer
10-16 19:59:26.894: I/NetRec(5527): [485] ConfigChangedIntentOperation.onHandleIntent: Handling a Phenotype update
10-16 19:59:26.894: I/NetRec(5527): [485] yjf.b: onConfigChanged()
10-16 19:59:26.896: E/IntentOperationSvc(5568): Failed to instantiate Chimera operation impl com.google.android.gms.people.service.SettingsChangedBroadcastIntentOperation, dropping operation
10-16 19:59:26.896: E/IntentOperationSvc(5568): java.lang.reflect.InvocationTargetException
10-16 19:59:26.896: E/IntentOperationSvc(5568): 	at java.lang.reflect.Constructor.newInstance(Native Method)
10-16 19:59:26.896: E/IntentOperationSvc(5568): 	at bwj.a(:com.google.android.gms@11519470:8)
10-16 19:59:26.896: E/IntentOperationSvc(5568): 	at bwk.run(:com.google.android.gms@11519470:69)
10-16 19:59:26.896: E/IntentOperationSvc(5568): 	at java.util.concurrent.ThreadPoolExecutor.runWorker(ThreadPoolExecutor.java:1113)
10-16 19:59:26.896: E/IntentOperationSvc(5568): 	at java.util.concurrent.ThreadPoolExecutor$Worker.run(ThreadPoolExecutor.java:588)
10-16 19:59:26.896: E/IntentOperationSvc(5568): 	at java.lang.Thread.run(Thread.java:818)
10-16 19:59:26.896: E/IntentOperationSvc(5568): Caused by: java.lang.NullPointerException: Attempt to invoke virtual method 'android.content.SharedPreferences android.content.Context.getSharedPreferences(java.lang.String, int)' on a null object reference
10-16 19:59:26.896: E/IntentOperationSvc(5568): 	at android.content.ContextWrapper.getSharedPreferences(ContextWrapper.java:171)
10-16 19:59:26.896: E/IntentOperationSvc(5568): 	at zbv.a(:com.google.android.gms@11519470:6)
10-16 19:59:26.896: E/IntentOperationSvc(5568): 	at com.google.android.gms.people.service.SettingsChangedBroadcastIntentOperation.<init>(:com.google.android.gms@11519470:2)
10-16 19:59:26.896: E/IntentOperationSvc(5568): 	... 6 more
10-16 19:59:26.897: W/OcrModelUpStIntentOp(5568): Invalid action: com.google.android.gms.phenotype.COMMITTED
10-16 19:59:26.897: I/PTCommittedOperation(5527): Receive new configuration for com.google.android.gms.beacon
10-16 19:59:26.906: I/Vision(5568): Engine already satisfied by existing download for ocr
10-16 19:59:26.907: I/NetRec(5527): [392] ClearDatabaseService.onHandleIntent: Clearing score cache
10-16 19:59:26.909: I/NetRec(5527): [485] yjf.b: Cancelling all NetRec GCM tasks
10-16 19:59:26.913: I/NetRec(5527): [392] ConfigChangedIntentOperation.onHandleIntent: Handling a Phenotype update
10-16 19:59:26.913: I/NetRec(5527): [392] yjf.b: onConfigChanged()
10-16 19:59:26.914: I/NetRec(5527): [392] yjf.b: Cancelling all NetRec GCM tasks
10-16 19:59:26.916: I/NetRec(5527): [479] ClearDatabaseService.onHandleIntent: Clearing score cache
10-16 19:59:26.999: W/UdcContextManagerHelper(5527): Empty context buffer. Thus might mean that the context is not synced down.
10-16 19:59:26.999: W/UploadOptInStatusOp(5527): Empty context model while retrieving upload opt-in status!
10-16 19:59:27.021: I/Remoter(1334): Saved screenshot to '/data/screenshots/__pmv__-0093.jpg'
10-16 19:59:27.022: E/ctxmgr(5527): [NetworkUtil]No active synchronizable contexts.
10-16 19:59:27.029: I/NetRec(5527): [515] ConfigChangedIntentOperation.onHandleIntent: Handling a Phenotype update
10-16 19:59:27.029: I/NetRec(5527): [515] yjf.b: onConfigChanged()
10-16 19:59:27.034: W/OcrModelUpStIntentOp(5568): Invalid action: com.google.android.gms.phenotype.COMMITTED
10-16 19:59:27.034: E/IntentOperationSvc(5568): Failed to instantiate Chimera operation impl com.google.android.gms.people.service.SettingsChangedBroadcastIntentOperation, dropping operation
10-16 19:59:27.034: E/IntentOperationSvc(5568): java.lang.reflect.InvocationTargetException
10-16 19:59:27.034: E/IntentOperationSvc(5568): 	at java.lang.reflect.Constructor.newInstance(Native Method)
10-16 19:59:27.034: E/IntentOperationSvc(5568): 	at bwj.a(:com.google.android.gms@11519470:8)
10-16 19:59:27.034: E/IntentOperationSvc(5568): 	at bwk.run(:com.google.android.gms@11519470:69)
10-16 19:59:27.034: E/IntentOperationSvc(5568): 	at java.util.concurrent.ThreadPoolExecutor.runWorker(ThreadPoolExecutor.java:1113)
10-16 19:59:27.034: E/IntentOperationSvc(5568): 	at java.util.concurrent.ThreadPoolExecutor$Worker.run(ThreadPoolExecutor.java:588)
10-16 19:59:27.034: E/IntentOperationSvc(5568): 	at java.lang.Thread.run(Thread.java:818)
10-16 19:59:27.034: E/IntentOperationSvc(5568): Caused by: java.lang.NullPointerException: Attempt to invoke virtual method 'android.content.SharedPreferences android.content.Context.getSharedPreferences(java.lang.String, int)' on a null object reference
10-16 19:59:27.034: E/IntentOperationSvc(5568): 	at android.content.ContextWrapper.getSharedPreferences(ContextWrapper.java:171)
10-16 19:59:27.034: E/IntentOperationSvc(5568): 	at zbv.a(:com.google.android.gms@11519470:6)
10-16 19:59:27.034: E/IntentOperationSvc(5568): 	at com.google.android.gms.people.service.SettingsChangedBroadcastIntentOperation.<init>(:com.google.android.gms@11519470:2)
10-16 19:59:27.034: E/IntentOperationSvc(5568): 	... 6 more
10-16 19:59:27.036: I/PTCommittedOperation(5527): Receive new configuration for com.google.android.gms.places
10-16 19:59:26.899: I/sshd(6591): type=1400 audit(0.0:185): avc: denied { read open } for path="/system/bin/sh" dev="sda3" ino=499 scontext=u:r:gcelogwrapper:s0 tcontext=u:object_r:shell_exec:s0 tclass=file permissive=1
10-16 19:59:27.049: I/NetRec(5527): [515] yjf.b: Cancelling all NetRec GCM tasks
10-16 19:59:27.057: I/NetRec(5527): [515] ClearDatabaseService.onHandleIntent: Clearing score cache
10-16 19:59:27.073: E/IntentOperationSvc(5568): Failed to instantiate Chimera operation impl com.google.android.gms.people.service.SettingsChangedBroadcastIntentOperation, dropping operation
10-16 19:59:27.073: E/IntentOperationSvc(5568): java.lang.reflect.InvocationTargetException
10-16 19:59:27.073: E/IntentOperationSvc(5568): 	at java.lang.reflect.Constructor.newInstance(Native Method)
10-16 19:59:27.073: E/IntentOperationSvc(5568): 	at bwj.a(:com.google.android.gms@11519470:8)
10-16 19:59:27.073: E/IntentOperationSvc(5568): 	at bwk.run(:com.google.android.gms@11519470:69)
10-16 19:59:27.073: E/IntentOperationSvc(5568): 	at java.util.concurrent.ThreadPoolExecutor.runWorker(ThreadPoolExecutor.java:1113)
10-16 19:59:27.073: E/IntentOperationSvc(5568): 	at java.util.concurrent.ThreadPoolExecutor$Worker.run(ThreadPoolExecutor.java:588)
10-16 19:59:27.073: E/IntentOperationSvc(5568): 	at java.lang.Thread.run(Thread.java:818)
10-16 19:59:27.073: E/IntentOperationSvc(5568): Caused by: java.lang.NullPointerException: Attempt to invoke virtual method 'android.content.SharedPreferences android.content.Context.getSharedPreferences(java.lang.String, int)' on a null object reference
10-16 19:59:27.073: E/IntentOperationSvc(5568): 	at android.content.ContextWrapper.getSharedPreferences(ContextWrapper.java:171)
10-16 19:59:27.073: E/IntentOperationSvc(5568): 	at zbv.a(:com.google.android.gms@11519470:6)
10-16 19:59:27.073: E/IntentOperationSvc(5568): 	at com.google.android.gms.people.service.SettingsChangedBroadcastIntentOperation.<init>(:com.google.android.gms@11519470:2)
10-16 19:59:27.073: E/IntentOperationSvc(5568): 	... 6 more
10-16 19:59:27.073: W/OcrModelUpStIntentOp(5568): Invalid action: com.google.android.gms.phenotype.COMMITTED
10-16 19:59:27.075: I/NetRec(5527): [516] ConfigChangedIntentOperation.onHandleIntent: Handling a Phenotype update
10-16 19:59:27.075: I/NetRec(5527): [516] yjf.b: onConfigChanged()
10-16 19:59:27.083: I/NetRec(5527): [516] yjf.b: Cancelling all NetRec GCM tasks
10-16 19:59:27.085: I/PTCommittedOperation(5527): Receive new configuration for com.google.android.gms.matchstick
10-16 19:59:27.085: I/NetRec(5527): [479] ClearDatabaseService.onHandleIntent: Clearing score cache
10-16 19:59:26.919: I/sshd(6591): type=1400 audit(0.0:186): avc: denied { execute_no_trans } for path="/system/bin/sh" dev="sda3" ino=499 scontext=u:r:gcelogwrapper:s0 tcontext=u:object_r:shell_exec:s0 tclass=file permissive=1
10-16 19:59:26.939: I/scp(6591): type=1400 audit(0.0:187): avc: denied { write } for name="tmp" dev="loop6" ino=65538 scontext=u:r:gcelogwrapper:s0 tcontext=u:object_r:shell_data_file:s0 tclass=dir permissive=1
10-16 19:59:27.245: I/WVCdm(1345): CdmEngine::CloseSession
10-16 19:59:27.246: W/Auth(5527): [GetToken] GetToken failed with status code: INVALID_SCOPE
10-16 19:59:27.246: W/AuthSessionAuthenticato(5527): Auth related exception is being ignored: INVALID_SCOPE
10-16 19:59:27.250: I/NetRec(5527): [392] ConfigChangedIntentOperation.onHandleIntent: Handling a Phenotype update
10-16 19:59:27.250: I/NetRec(5527): [392] yjf.b: onConfigChanged()
10-16 19:59:26.939: I/scp(6591): type=1400 audit(0.0:188): avc: denied { add_name } for name="app2812794904818544186.apk" scontext=u:r:gcelogwrapper:s0 tcontext=u:object_r:shell_data_file:s0 tclass=dir permissive=1
10-16 19:59:27.260: I/NetRec(5527): [392] yjf.b: Cancelling all NetRec GCM tasks
10-16 19:59:27.265: I/NetRec(5527): [515] ClearDatabaseService.onHandleIntent: Clearing score cache
10-16 19:59:27.265: I/PTCommittedOperation(5527): Receive new configuration for com.google.android.gms.netrec
10-16 19:59:27.269: W/GLSUser(5527): [DeviceKeyStore] Cannot load key: Device key file not found.
10-16 19:59:27.269: W/GLSUser(5527): [DeviceKeyStore] Cannot load key: Device key file not found.
10-16 19:59:27.276: E/ctxmgr(5527): [BaseServerTask]Server task (FetchAclSet) got error statusCode=-1.
10-16 19:59:27.276: E/ctxmgr(5527): com.android.volley.VolleyError: Unable to obtain auth token - is the device online?
10-16 19:59:27.276: E/ctxmgr(5527): 	at ciz.a(:com.google.android.gms@11519470:39)
10-16 19:59:27.276: E/ctxmgr(5527): 	at cei.run(:com.google.android.gms@11519470:2)
10-16 19:59:27.276: E/ctxmgr(5527): 	at ceg.handleMessage(:com.google.android.gms@11519470:3)
