10-11 21:54:36.887: W/GLSUser(5466): 	at mng.run(:com.google.android.gms@11519270:25)
10-11 21:54:36.887: W/GLSUser(5466): 	at java.util.concurrent.ThreadPoolExecutor.runWorker(ThreadPoolExecutor.java:1112)
10-11 21:54:36.887: W/GLSUser(5466): 	at java.util.concurrent.ThreadPoolExecutor$Worker.run(ThreadPoolExecutor.java:587)
10-11 21:54:36.887: W/GLSUser(5466): 	at mso.run(:com.google.android.gms@11519270)
10-11 21:54:36.887: W/GLSUser(5466): 	at java.lang.Thread.run(Thread.java:818)
10-11 21:54:36.887: W/GLSUser(5466): [DeviceKeyStore] Cannot load key: Device key file not found.
10-11 21:54:36.905: E/ctxmgr(5466): [BaseServerTask]Server task (FetchAclSet) got error statusCode=-1.
10-11 21:54:36.905: E/ctxmgr(5466): com.android.volley.VolleyError: Unable to obtain auth token - is the device online?
10-11 21:54:36.905: E/ctxmgr(5466): 	at cjq.a(:com.google.android.gms@11519270:39)
10-11 21:54:36.905: E/ctxmgr(5466): 	at cez.run(:com.google.android.gms@11519270:2)
10-11 21:54:36.905: E/ctxmgr(5466): 	at cex.handleMessage(:com.google.android.gms@11519270:3)
10-11 21:54:36.905: E/ctxmgr(5466): 	at mmw.run(:com.google.android.gms@11519270:6)
10-11 21:54:36.905: E/ctxmgr(5466): 	at mng.run(:com.google.android.gms@11519270:25)
10-11 21:54:36.905: E/ctxmgr(5466): 	at java.util.concurrent.ThreadPoolExecutor.runWorker(ThreadPoolExecutor.java:1112)
10-11 21:54:36.905: E/ctxmgr(5466): 	at java.util.concurrent.ThreadPoolExecutor$Worker.run(ThreadPoolExecutor.java:587)
10-11 21:54:36.905: E/ctxmgr(5466): 	at mso.run(:com.google.android.gms@11519270)
10-11 21:54:36.905: E/ctxmgr(5466): 	at java.lang.Thread.run(Thread.java:818)
10-11 21:54:36.911: W/ctxmgr(5466): [WorkManager]Long workInfo: pkg=com.google.android.gms, lbl=NetworkManager#getAcl, start=2017-10-11 21:54:35.190-0400, stop=2017-10-11 21:54:36.905-0400, durtn=1715ms
10-11 21:54:36.912: E/ctxmgr(5466): [AccountAclCallback]Failed Acl fetch: network status=-1
10-11 21:54:36.960: W/Auth(5466): [GetToken] GetToken failed with status code: INVALID_SCOPE
10-11 21:54:36.969: E/CheckinRequestBuilder(5448): Unrecoverable authentication exception: INVALID_SCOPE
10-11 21:54:36.969: E/CheckinRequestBuilder(5448): dzw: INVALID_SCOPE
10-11 21:54:36.969: E/CheckinRequestBuilder(5448): 	at eaa.a(:com.google.android.gms@11519270:16)
10-11 21:54:36.969: E/CheckinRequestBuilder(5448): 	at dzz.a(:com.google.android.gms@11519270:2)
10-11 21:54:36.969: E/CheckinRequestBuilder(5448): 	at dzz.e(:com.google.android.gms@11519270:6)
10-11 21:54:36.969: E/CheckinRequestBuilder(5448): 	at dzx.f(:com.google.android.gms@11519270:3)
10-11 21:54:36.969: E/CheckinRequestBuilder(5448): 	at dzx.a(:com.google.android.gms@11519270:4)
10-11 21:54:36.969: E/CheckinRequestBuilder(5448): 	at kbz.a(:com.google.android.gms@11519270:207)
10-11 21:54:36.969: E/CheckinRequestBuilder(5448): 	at kcz.a(:com.google.android.gms@11519270:17)
10-11 21:54:36.969: E/CheckinRequestBuilder(5448): 	at kcz.a(:com.google.android.gms@11519270:181)
10-11 21:54:36.969: E/CheckinRequestBuilder(5448): 	at com.google.android.gms.checkin.CheckinChimeraService.a(:com.google.android.gms@11519270:149)
10-11 21:54:36.969: E/CheckinRequestBuilder(5448): 	at kbv.run(:com.google.android.gms@11519270:2)
10-11 21:54:36.969: E/CheckinRequestBuilder(5448): 	at mng.run(:com.google.android.gms@11519270:25)
10-11 21:54:36.969: E/CheckinRequestBuilder(5448): 	at java.util.concurrent.ThreadPoolExecutor.runWorker(ThreadPoolExecutor.java:1112)
10-11 21:54:36.969: E/CheckinRequestBuilder(5448): 	at java.util.concurrent.ThreadPoolExecutor$Worker.run(ThreadPoolExecutor.java:587)
10-11 21:54:36.969: E/CheckinRequestBuilder(5448): 	at mso.run(:com.google.android.gms@11519270)
10-11 21:54:36.969: E/CheckinRequestBuilder(5448): 	at java.lang.Thread.run(Thread.java:818)
10-11 21:54:36.976: W/chromium(2156): [WARNING:simple_index_file.cc(337)] Could not map Simple Index file.
10-11 21:54:37.039: D/Finsky(5757): [1] GcmRegistrationIdHelper.getRegistrationId: Start requesting GCM Reg Id
10-11 21:54:37.039: D/GCMRegistrar(5757): resetting backoff for com.android.vending
10-11 21:54:37.041: V/GCMRegistrar(5757): Registering app com.android.vending of senders 932144863878
10-11 21:54:37.045: D/Finsky(5757): [1] BaseWidgetProvider.onReceive: Received ACTION_APPWIDGET_UPDATE, updating 0 widgets.
10-11 21:54:37.095: W/GCM(5466): Register request missing messenger
10-11 21:54:37.102: I/Authzen(5448): [PermitStore] Getting all permits...
10-11 21:54:37.102: I/Authzen(5448): [fct] Opening database auth.proximity.permit_store...
10-11 21:54:37.103: W/UdcContextManagerHelper(5466): Empty context buffer. Thus might mean that the context is not synced down.
10-11 21:54:37.103: W/UploadOptInStatusOp(5466): Empty context model while retrieving upload opt-in status!
10-11 21:54:37.119: I/art(5448): Explicit concurrent mark sweep GC freed 49300(3MB) AllocSpace objects, 24(384KB) LOS objects, 40% free, 13MB/22MB, paused 338us total 114.085ms
10-11 21:54:37.131: E/ctxmgr(5466): [NetworkUtil]No active synchronizable contexts.
10-11 21:54:37.135: I/Auth(5466): [BroadcastManager] Broadcasting account services changed.
10-11 21:54:37.156: V/GCMBroadcastReceiver(5757): onReceive: com.google.android.c2dm.intent.REGISTRATION
10-11 21:54:37.156: V/GCMBroadcastReceiver(5757): GCM IntentService class: com.android.vending.GCMIntentService
10-11 21:54:37.157: V/GCMBaseIntentService(5757): Acquiring wakelock
10-11 21:54:37.183: V/GCMBaseIntentService(5757): Intent service name: GCMIntentService-932144863878-1
10-11 21:54:37.209: E/GCMRegistrar(5757): internal error: retry receiver class not set yet
10-11 21:54:37.209: V/GCMRegistrar(5757): Registering receiver
10-11 21:54:37.210: D/GCMBaseIntentService(5757): handleRegistration: registrationId = APA91bEXRU9GGHNsJ8HByT4cEsSsKPjeNHCtUAA3IQUp-6T3DSB_Q-2c1OZX3lAXQ3kxznJF_o69qG_UqHAQkaS2I7iDMgwcy-0lmDgldbjLSapcVAqRcWWATVbWbTXKygcXT1Z_-TDL, error = null, unregistered = null
10-11 21:54:37.210: D/GCMRegistrar(5757): resetting backoff for com.android.vending
10-11 21:54:37.213: V/GCMRegistrar(5757): Saving regId on app version 80321300
10-11 21:54:37.214: V/GCMBaseIntentService(5757): Releasing wakelock
10-11 21:54:37.215: D/Finsky(5757): [1] GcmRegistrationIdHelper.uploadIfNotRegistered: Uploading GcmRegistration Id because not registered yet
10-11 21:54:37.227: I/WVCdm(1344): CdmEngine::OpenSession
10-11 21:54:37.227: I/WVCdm(1344): Level3 Library Dec  3 2014 13:06:03
10-11 21:54:37.235: W/WVCdm(1344): Could not read /data/mediadrm/IDM1013/ay64.dat2: No such file or directory
10-11 21:54:37.235: W/WVCdm(1344): Could not load liboemcrypto.so. Falling Back to L3.  dlopen failed: library "liboemcrypto.so" not found
10-11 21:54:37.262: I/IcingInternalCorpora(5448): EventIndexer: starting incremental update
10-11 21:54:37.262: I/IcingInternalCorpora(5448): EventIndexer: 0 added, 0 removed, 0 changed, 0 unchanged, 0 errors.
10-11 21:54:37.262: I/IcingInternalCorpora(5448): EventIndexer: finished after 0 ms.
10-11 21:54:37.271: W/Auth(5466): [GetToken] GetToken failed with status code: INVALID_SCOPE
10-11 21:54:37.271: W/AuthSessionAuthenticato(5466): Auth related exception is being ignored: INVALID_SCOPE
10-11 21:54:37.271: W/GLSUser(5466): [DeviceKeyStore] Cannot load key: Device key file not found.
10-11 21:54:37.271: W/GLSUser(5466): [DeviceKeyStore] Cannot load key: Device key file not found.
10-11 21:54:37.273: E/ctxmgr(5466): [BaseServerTask]Server task (FetchAclSet) got error statusCode=-1.
10-11 21:54:37.273: E/ctxmgr(5466): com.android.volley.VolleyError: Unable to obtain auth token - is the device online?
10-11 21:54:37.273: E/ctxmgr(5466): 	at cjq.a(:com.google.android.gms@11519270:39)
10-11 21:54:37.273: E/ctxmgr(5466): 	at cez.run(:com.google.android.gms@11519270:2)
10-11 21:54:37.273: E/ctxmgr(5466): 	at cex.handleMessage(:com.google.android.gms@11519270:3)
10-11 21:54:37.273: E/ctxmgr(5466): 	at mmw.run(:com.google.android.gms@11519270:6)
10-11 21:54:37.273: E/ctxmgr(5466): 	at mng.run(:com.google.android.gms@11519270:25)
10-11 21:54:37.273: E/ctxmgr(5466): 	at java.util.concurrent.ThreadPoolExecutor.runWorker(ThreadPoolExecutor.java:1112)
10-11 21:54:37.273: E/ctxmgr(5466): 	at java.util.concurrent.ThreadPoolExecutor$Worker.run(ThreadPoolExecutor.java:587)
10-11 21:54:37.273: E/ctxmgr(5466): 	at mso.run(:com.google.android.gms@11519270)
10-11 21:54:37.273: E/ctxmgr(5466): 	at java.lang.Thread.run(Thread.java:818)
10-11 21:54:37.280: E/ctxmgr(5466): [AccountAclCallback]Failed Acl fetch: network status=-1
10-11 21:54:37.280: W/UdcContextManagerHelper(5466): Empty context buffer. Thus might mean that the context is not synced down.
10-11 21:54:37.280: W/UploadOptInStatusOp(5466): Empty context model while retrieving upload opt-in status!
10-11 21:54:37.297: I/WVCdm(1344): CdmEngine::QueryKeyControlInfo
10-11 21:54:37.298: W/WVCdm(1344): BufferReader::Read<T> : Failure during parse: Not enough bytes (4)
10-11 21:54:37.298: W/WVCdm(1344): CdmEngine::ExtractWidevinePssh: Unable to read PSSH atom size
10-11 21:54:37.298: I/WVCdm(1344): CdmEngine::GenerateKeyRequest
10-11 21:54:37.298: D/WVCdm(1344): PrepareKeyRequest: nonce=1670817030
10-11 21:54:37.310: I/Remoter(1326): Saved screenshot to '/data/screenshots/__pmv__-0075.jpg'
10-11 21:54:37.322: W/Auth(5466): [GetToken] GetToken failed with status code: INVALID_SCOPE
10-11 21:54:37.329: I/GCM-GMS(5448): Failed to subscribe to group.
10-11 21:54:37.329: I/GCM-GMS(5448): dzw: INVALID_SCOPE
10-11 21:54:37.329: I/GCM-GMS(5448): 	at eaa.a(:com.google.android.gms@11519270:16)
10-11 21:54:37.329: I/GCM-GMS(5448): 	at dzz.a(:com.google.android.gms@11519270:2)
10-11 21:54:37.329: I/GCM-GMS(5448): 	at dzz.e(:com.google.android.gms@11519270:6)
10-11 21:54:37.329: I/GCM-GMS(5448): 	at dzz.d(:com.google.android.gms@11519270:1)
10-11 21:54:37.329: I/GCM-GMS(5448): 	at dzz.b(:com.google.android.gms@11519270:1)
10-11 21:54:37.329: I/GCM-GMS(5448): 	at dzx.a(:com.google.android.gms@11519270:1)
10-11 21:54:37.329: I/GCM-GMS(5448): 	at sve.a(:com.google.android.gms@11519270:23)
10-11 21:54:37.329: I/GCM-GMS(5448): 	at sve.a(:com.google.android.gms@11519270:44)
10-11 21:54:37.329: I/GCM-GMS(5448): 	at sve.b(:com.google.android.gms@11519270:6)
10-11 21:54:37.329: I/GCM-GMS(5448): 	at com.google.android.gms.gcm.gmsproc.GcmInGmsTaskChimeraService.a(:com.google.android.gms@11519270:8)
10-11 21:54:37.329: I/GCM-GMS(5448): 	at sto.run(:com.google.android.gms@11519270:1)
10-11 21:54:37.329: I/GCM-GMS(5448): 	at java.util.concurrent.ThreadPoolExecutor.runWorker(ThreadPoolExecutor.java:1112)
10-11 21:54:37.329: I/GCM-GMS(5448): 	at java.util.concurrent.ThreadPoolExecutor$Worker.run(ThreadPoolExecutor.java:587)
10-11 21:54:37.329: I/GCM-GMS(5448): 	at java.lang.Thread.run(Thread.java:818)
10-11 21:54:37.377: I/WVCdm(1344): CdmEngine::OpenSession
10-11 21:54:37.404: I/System(5448): Loaded time zone names for "es" in 130ms (130ms in ICU)
10-11 21:54:37.467: W/Auth(5466): [GetToken] GetToken failed with status code: INVALID_SCOPE
10-11 21:54:37.469: E/Ads(5448): [JAMS] Failed to get OAuth token: dzw: INVALID_SCOPE
10-11 21:54:37.620: I/GCM-GMS(5448): Groups upload failed
10-11 21:54:37.624: I/Ads(5448): Accounts have changed: com.google.android.gms.auth.GOOGLE_ACCOUNT_CHANGE
10-11 21:54:37.627: W/constellation(5448): [gaia_id_checker] GAIA id checker has been disabled by gservice flag.
10-11 21:54:37.650: I/ActivityManager(1690): Start proc 6112:com.google.android.gms.ui/u0a9 for service com.google.android.gms/.chimera.UiIntentOperationService
10-11 21:54:37.656: W/ScreenOrientationListener(2156): Removing an inexistent observer!
10-11 21:54:37.669: W/Auth(5466): [GetToken] GetToken failed with status code: INVALID_SCOPE
10-11 21:54:37.669: I/Ads(5448): Immediate DSID task failed. Scheduling one-off
10-11 21:54:37.683: I/MS_RegisterService(5448): RegisterService intent:Intent { act=com.google.android.gms.matchstick.register_intent_google_account_change cat=[targeted_intent_op_prefix:com.google.android.libraries.matchstick.net.SilentRegisterIntentOperation] cmp=com.google.android.gms/.chimera.GmsIntentOperationService } isPeriodic:false
10-11 21:54:37.688: I/MS_PhoneUtils(5448): Phone type: 1
10-11 21:54:37.693: W/ResourcesManager(6112): Asset path '/system/framework/com.android.media.remotedisplay.jar' does not exist or contains no resources.
10-11 21:54:37.693: W/ResourcesManager(6112): Asset path '/system/framework/com.android.location.provider.jar' does not exist or contains no resources.
10-11 21:54:37.694: I/MS_RegisterService(5448): Doing full registration.
10-11 21:54:37.785: I/LoadedApk(6112): No resource references to update in package FFFFFFFFFFFFFFFFFFFFFF
10-11 21:54:37.803: I/art(1690): Explicit concurrent mark sweep GC freed 20095(943KB) AllocSpace objects, 8(279KB) LOS objects, 33% free, 17MB/25MB, paused 390us total 81.306ms
10-11 21:54:37.806: W/linker(6112): libconscrypt_gmscore_jni.so: unused DT entry: type 0x1d arg 0x91
10-11 21:54:37.807: V/NativeCrypto(6112): Registering com/google/android/gms/org/conscrypt/NativeCrypto's 259 native methods...
10-11 21:54:37.813: I/art(6112): Rejecting re-init on previously-failed class java.lang.Class<com.google.android.gms.org.conscrypt.OpenSSLExtendedSessionImpl>
10-11 21:54:37.813: I/art(6112): Rejecting re-init on previously-failed class java.lang.Class<com.google.android.gms.org.conscrypt.OpenSSLExtendedSessionImpl>
10-11 21:54:37.813: I/art(6112): Rejecting re-init on previously-failed class java.lang.Class<com.google.android.gms.org.conscrypt.OpenSSLExtendedSessionImpl>
10-11 21:54:37.823: I/MagicTether(5466): [HostValidator] InvalidHost. MobileData: true, Tethering: false, whitelist: false, ble: false
10-11 21:54:37.840: W/ChimeraUtils(5466): Non Chimera context
10-11 21:54:37.845: I/ProviderInstaller(6112): Installed default security provider GmsCore_OpenSSL
10-11 21:54:37.868: I/art(2119): Explicit concurrent mark sweep GC freed 3490(159KB) AllocSpace objects, 0(0B) LOS objects, 39% free, 8MB/13MB, paused 522us total 7.408ms
10-11 21:54:38.022: I/MagicTether(6112): [HostValidator] InvalidHost. MobileData: true, Tethering: false, whitelist: false, ble: false
10-11 21:54:38.213: D/Finsky(5757): [1] 1.onResponse: Received device config token CisaKQoTNDMxNTEyMTU1MTA1NjczOTc2NRISChAxNTA3NzczMjgzMDk4NDg2
10-11 21:54:38.288: I/qtaguid(5757): Failed write_ctrl(u 37) res=-1 errno=22
10-11 21:54:38.288: I/qtaguid(5757): Untagging socket 37 failed errno=-22
10-11 21:54:38.288: W/NetworkManagementSocketTagger(5757): untagSocket(37) failed with errno -22
10-11 21:54:38.289: D/Finsky(5757): [1] SelfUpdateScheduler.checkForSelfUpdate: Starting DFE self-update from local version [80321300] to server version [80834200]
10-11 21:54:38.370: I/qtaguid(5757): Failed write_ctrl(u 37) res=-1 errno=22
10-11 21:54:38.370: I/qtaguid(5757): Untagging socket 37 failed errno=-22
10-11 21:54:38.370: W/NetworkManagementSocketTagger(5757): untagSocket(37) failed with errno -22
10-11 21:54:38.473: W/Auth(5466): [GetToken] GetToken failed with status code: INVALID_SCOPE
10-11 21:54:38.473: E/MS_NetworkUtils(5448): GoogleAuthException getting authtoken for: VS2WQVCOVYYT3Y3JQZUPAOQ2II-00@cloudtestlabaccounts.com message:
10-11 21:54:38.473: E/MS_NetworkUtils(5448): dzw: INVALID_SCOPE
10-11 21:54:38.473: E/MS_NetworkUtils(5448): 	at eaa.a(:com.google.android.gms@11519270:16)
10-11 21:54:38.473: E/MS_NetworkUtils(5448): 	at dzz.a(:com.google.android.gms@11519270:2)
10-11 21:54:38.473: E/MS_NetworkUtils(5448): 	at dzz.e(:com.google.android.gms@11519270:6)
10-11 21:54:38.473: E/MS_NetworkUtils(5448): 	at dzz.d(:com.google.android.gms@11519270:1)
10-11 21:54:38.473: E/MS_NetworkUtils(5448): 	at dzz.b(:com.google.android.gms@11519270:1)
10-11 21:54:38.473: E/MS_NetworkUtils(5448): 	at dzx.a(:com.google.android.gms@11519270:1)
10-11 21:54:38.473: E/MS_NetworkUtils(5448): 	at alcb.a(:com.google.android.gms@11519270:28)
10-11 21:54:38.473: E/MS_NetworkUtils(5448): 	at com.google.android.libraries.matchstick.net.SilentRegisterIntentOperation.a(:com.google.android.gms@11519270:214)
10-11 21:54:38.473: E/MS_NetworkUtils(5448): 	at com.google.android.libraries.matchstick.net.SilentRegisterIntentOperation.onHandleIntent(:com.google.android.gms@11519270:291)
10-11 21:54:38.473: E/MS_NetworkUtils(5448): 	at com.google.android.chimera.IntentOperation.onHandleIntent(:com.google.android.gms@11519270:2)
10-11 21:54:38.473: E/MS_NetworkUtils(5448): 	at bwy.run(:com.google.android.gms@11519270:10)
10-11 21:54:38.473: E/MS_NetworkUtils(5448): 	at bwv.run(:com.google.android.gms@11519270:14)
10-11 21:54:38.473: E/MS_NetworkUtils(5448): 	at java.util.concurrent.ThreadPoolExecutor.runWorker(ThreadPoolExecutor.java:1112)
10-11 21:54:38.473: E/MS_NetworkUtils(5448): 	at java.util.concurrent.ThreadPoolExecutor$Worker.run(ThreadPoolExecutor.java:587)
10-11 21:54:38.473: E/MS_NetworkUtils(5448): 	at java.lang.Thread.run(Thread.java:818)
10-11 21:54:38.489: W/GLSUser(5466): [DeviceKeyStore] Cannot load key: Device key file not found.
10-11 21:54:38.489: W/GLSUser(5466): [DeviceKeyStore] Cannot load key: Device key file not found.
10-11 21:54:38.507: I/System.out(5448): Error inflating SSL session: error:100000a0:SSL routines:OPENSSL_internal:INVALID_SSL_SESSION
10-11 21:54:38.508: W/Conscrypt(5448): Could not set socket write timeout:
10-11 21:54:38.508: W/Conscrypt(5448):    java.lang.reflect.Method.invoke(Native Method)
10-11 21:54:38.508: W/Conscrypt(5448):    java.lang.reflect.Method.invoke(Method.java:372)
10-11 21:54:38.519: I/GoogleURLConnFactory(5466): Using platform SSLCertificateSocketFactory
10-11 21:54:38.525: I/Remoter(1326): Saved screenshot to '/data/screenshots/__pmv__-0076.jpg'
10-11 21:54:38.577: I/qtaguid(5757): Failed write_ctrl(u 42) res=-1 errno=22
10-11 21:54:38.577: I/qtaguid(5757): Untagging socket 42 failed errno=-22
10-11 21:54:38.577: W/NetworkManagementSocketTagger(5757): untagSocket(42) failed with errno -22
10-11 21:54:38.578: D/Finsky(5757): [1] DownloadImpl.setState: self-update-download from null to UNQUEUED.
10-11 21:54:38.578: D/Finsky(5757): [1] DownloadQueueImpl.add: Download self-update-download added to DownloadQueue
10-11 21:54:38.580: D/Finsky(5757): [1] DownloadImpl.setState: self-update-download from UNQUEUED to QUEUED.
10-11 21:54:38.581: I/installd(1345): free_cache(0) avail 3191549952
10-11 21:54:38.589: W/Auth(5466): [GetToken] GetToken failed with status code: INVALID_SCOPE
10-11 21:54:38.592: W/Conscrypt(5448): Could not set socket write timeout:
10-11 21:54:38.592: W/Conscrypt(5448):    java.lang.reflect.Method.invoke(Native Method)
10-11 21:54:38.592: W/Conscrypt(5448):    java.lang.reflect.Method.invoke(Method.java:372)
10-11 21:54:38.595: D/Finsky(5757): [1] DownloadQueueImpl.startDownload: Download self-update-download starting
10-11 21:54:38.604: I/ActivityManager(1690): Start proc 6154:android.process.media/u0a6 for content provider com.android.providers.downloads/.DownloadProvider
10-11 21:54:38.624: D/Finsky(5757): [1] DailyHygiene.logDeviceFeaturesAndContinue: Logging device features
10-11 21:54:38.625: I/art(1348): Explicit concurrent mark sweep GC freed 703(30KB) AllocSpace objects, 0(0B) LOS objects, 40% free, 7MB/11MB, paused 77us total 20.409ms
10-11 21:54:38.630: D/Finsky(5757): [1] DailyHygiene.flushEventLogsAndContinue: Flushing event logs for [pNO9ObzPejlK16Cz5STnAehdGGc]
10-11 21:54:38.635: I/art(1348): Explicit concurrent mark sweep GC freed 8(256B) AllocSpace objects, 0(0B) LOS objects, 40% free, 7MB/11MB, paused 82us total 9.387ms
10-11 21:54:38.641: I/art(1348): Explicit concurrent mark sweep GC freed 5(160B) AllocSpace objects, 0(0B) LOS objects, 40% free, 7MB/11MB, paused 72us total 6.128ms
10-11 21:54:38.653: D/Finsky(5757): [1] VerifyInstalledPackagesReceiver.checkPrerequisites: Skipping verification because verify apps is not enabled
10-11 21:54:38.677: E/SQLiteLog(6154): (283) recovered 47 frames from WAL file /data/data/com.android.providers.media/databases/external.db-wal
10-11 21:54:38.690: I/WVCdm(1344): CdmEngine::CloseSession
10-11 21:54:38.704: I/WVCdm(1344): CdmEngine::QueryKeyControlInfo
10-11 21:54:38.704: W/WVCdm(1344): BufferReader::Read<T> : Failure during parse: Not enough bytes (4)
10-11 21:54:38.704: W/WVCdm(1344): CdmEngine::ExtractWidevinePssh: Unable to read PSSH atom size
10-11 21:54:38.704: I/WVCdm(1344): CdmEngine::GenerateKeyRequest
10-11 21:54:38.705: I/WVCdm(1344): CdmEngine::OpenSession
10-11 21:54:38.705: D/WVCdm(1344): PrepareKeyRequest: nonce=3023646161
10-11 21:54:38.720: D/Finsky(5757): [423] 7.run: Enqueued self-update-download as content://downloads/my_downloads/22
10-11 21:54:38.721: D/Finsky(5757): [1] DownloadImpl.setState: self-update-download from QUEUED to DOWNLOADING.
10-11 21:54:38.721: D/Finsky(5757): [1] DownloadQueueImpl.onStart: self-update-download: onStart
10-11 21:54:38.724: D/Finsky(5757): [1] DownloadQueueImpl.notifyProgress: self-update-download: onProgress 0/-1 Status: 190.
10-11 21:54:38.726: D/Finsky(5757): [1] DownloadQueueImpl.notifyProgress: self-update-download: onProgress 0/-1 Status: 192.
10-11 21:54:38.773: W/Auth(5466): [GetToken] GetToken failed with status code: INVALID_SCOPE
10-11 21:54:38.773: E/HeterodyneSyncer(5466): Failed to get auth token: INVALID_SCOPE
10-11 21:54:38.773: E/HeterodyneSyncer(5466): dzw: INVALID_SCOPE
10-11 21:54:38.773: E/HeterodyneSyncer(5466): 	at eaa.a(:com.google.android.gms@11519270:16)
10-11 21:54:38.773: E/HeterodyneSyncer(5466): 	at dzz.a(:com.google.android.gms@11519270:2)
10-11 21:54:38.773: E/HeterodyneSyncer(5466): 	at dzz.e(:com.google.android.gms@11519270:6)
10-11 21:54:38.773: E/HeterodyneSyncer(5466): 	at dzx.f(:com.google.android.gms@11519270:3)
10-11 21:54:38.773: E/HeterodyneSyncer(5466): 	at dzx.a(:com.google.android.gms@11519270:4)
10-11 21:54:38.773: E/HeterodyneSyncer(5466): 	at dzx.a(:com.google.android.gms@11519270:7)
10-11 21:54:38.773: E/HeterodyneSyncer(5466): 	at abaa.a(:com.google.android.gms@11519270:30)
10-11 21:54:38.773: E/HeterodyneSyncer(5466): 	at abac.a(:com.google.android.gms@11519270:26)
10-11 21:54:38.773: E/HeterodyneSyncer(5466): 	at abac.a(:com.google.android.gms@11519270:158)
10-11 21:54:38.773: E/HeterodyneSyncer(5466): 	at abac.a(:com.google.android.gms@11519270:282)
10-11 21:54:38.773: E/HeterodyneSyncer(5466): 	at com.google.android.gms.phenotype.sync.HeterodyneSyncTaskChimeraService.a(:com.google.android.gms@11519270:40)
10-11 21:54:38.773: E/HeterodyneSyncer(5466): 	at com.google.android.gms.phenotype.sync.HeterodyneSyncTaskChimeraService.a(:com.google.android.gms@11519270:19)
10-11 21:54:38.773: E/HeterodyneSyncer(5466): 	at sto.run(:com.google.android.gms@11519270:1)
10-11 21:54:38.773: E/HeterodyneSyncer(5466): 	at java.util.concurrent.ThreadPoolExecutor.runWorker(ThreadPoolExecutor.java:1112)
10-11 21:54:38.773: E/HeterodyneSyncer(5466): 	at java.util.concurrent.ThreadPoolExecutor$Worker.run(ThreadPoolExecutor.java:587)
10-11 21:54:38.773: E/HeterodyneSyncer(5466): 	at java.lang.Thread.run(Thread.java:818)
10-11 21:54:38.789: D/DownloadManager(6154): [22] Starting
10-11 21:54:38.792: W/ActivityThread(6154): ClassLoader.loadClass: The class loader returned by Thread.getContextClassLoader() may fail for processes that host multiple applications. You should explicitly specify a context class loader. For example: Thread.setContextClassLoader(getClass().getClassLoader());
10-11 21:54:38.825: E/MS_RegisterService(5448): Exception during register request.
10-11 21:54:38.825: E/MS_RegisterService(5448): bagi: INVALID_ARGUMENT: Application credential header not valid. Please fix the client to pass a valid application credential header.
10-11 21:54:38.825: E/MS_RegisterService(5448): 	at bage.c(:com.google.android.gms@11519270:3)
10-11 21:54:38.825: E/MS_RegisterService(5448): 	at mhn.a(:com.google.android.gms@11519270:66)
10-11 21:54:38.825: E/MS_RegisterService(5448): 	at com.google.android.libraries.matchstick.net.SilentRegisterIntentOperation.a(:com.google.android.gms@11519270:226)
10-11 21:54:38.825: E/MS_RegisterService(5448): 	at com.google.android.libraries.matchstick.net.SilentRegisterIntentOperation.onHandleIntent(:com.google.android.gms@11519270:291)
10-11 21:54:38.825: E/MS_RegisterService(5448): 	at com.google.android.chimera.IntentOperation.onHandleIntent(:com.google.android.gms@11519270:2)
10-11 21:54:38.825: E/MS_RegisterService(5448): 	at bwy.run(:com.google.android.gms@11519270:10)
10-11 21:54:38.825: E/MS_RegisterService(5448): 	at bwv.run(:com.google.android.gms@11519270:14)
10-11 21:54:38.825: E/MS_RegisterService(5448): 	at java.util.concurrent.ThreadPoolExecutor.runWorker(ThreadPoolExecutor.java:1112)
10-11 21:54:38.825: E/MS_RegisterService(5448): 	at java.util.concurrent.ThreadPoolExecutor$Worker.run(ThreadPoolExecutor.java:587)
10-11 21:54:38.825: E/MS_RegisterService(5448): 	at java.lang.Thread.run(Thread.java:818)
10-11 21:54:39.058: W/UdcContextManagerHelper(5466): Empty context buffer. Thus might mean that the context is not synced down.
10-11 21:54:39.058: W/UploadOptInStatusOp(5466): Empty context model while retrieving upload opt-in status!
10-11 21:54:39.071: I/WVCdm(1344): CdmEngine::CloseSession
10-11 21:54:39.072: E/ctxmgr(5466): [NetworkUtil]No active synchronizable contexts.
10-11 21:54:39.107: I/WVCdm(1344): CdmEngine::QueryKeyControlInfo
10-11 21:54:39.123: W/WVCdm(1344): BufferReader::Read<T> : Failure during parse: Not enough bytes (4)
10-11 21:54:39.123: W/WVCdm(1344): CdmEngine::ExtractWidevinePssh: Unable to read PSSH atom size
10-11 21:54:39.123: I/WVCdm(1344): CdmEngine::GenerateKeyRequest
10-11 21:54:39.124: D/WVCdm(1344): PrepareKeyRequest: nonce=1367330129
10-11 21:54:39.143: W/Auth(5466): [GetToken] GetToken failed with status code: INVALID_SCOPE
10-11 21:54:39.143: W/AuthSessionAuthenticato(5466): Auth related exception is being ignored: INVALID_SCOPE
10-11 21:54:39.193: W/GLSUser(5466): [DeviceKeyStore] Cannot load key: Device key file not found.
10-11 21:54:39.193: W/GLSUser(5466): [DeviceKeyStore] Cannot load key: Device key file not found.
10-11 21:54:39.197: E/ctxmgr(5466): [BaseServerTask]Server task (FetchAclSet) got error statusCode=-1.
10-11 21:54:39.197: E/ctxmgr(5466): com.android.volley.VolleyError: Unable to obtain auth token - is the device online?
10-11 21:54:39.197: E/ctxmgr(5466): 	at cjq.a(:com.google.android.gms@11519270:39)
10-11 21:54:39.197: E/ctxmgr(5466): 	at cez.run(:com.google.android.gms@11519270:2)
10-11 21:54:39.197: E/ctxmgr(5466): 	at cex.handleMessage(:com.google.android.gms@11519270:3)
10-11 21:54:39.197: E/ctxmgr(5466): 	at mmw.run(:com.google.android.gms@11519270:6)
10-11 21:54:39.197: E/ctxmgr(5466): 	at mng.run(:com.google.android.gms@11519270:25)
10-11 21:54:39.197: E/ctxmgr(5466): 	at java.util.concurrent.ThreadPoolExecutor.runWorker(ThreadPoolExecutor.java:1112)
10-11 21:54:39.197: E/ctxmgr(5466): 	at java.util.concurrent.ThreadPoolExecutor$Worker.run(ThreadPoolExecutor.java:587)
10-11 21:54:39.197: E/ctxmgr(5466): 	at mso.run(:com.google.android.gms@11519270)
10-11 21:54:39.197: E/ctxmgr(5466): 	at java.lang.Thread.run(Thread.java:818)
10-11 21:54:39.197: E/ctxmgr(5466): [AccountAclCallback]Failed Acl fetch: network status=-1
10-11 21:54:39.436: D/AndroidRuntime(6190): >>>>>> START com.android.internal.os.RuntimeInit uid 0 <<<<<<
10-11 21:54:39.437: D/AndroidRuntime(6190): CheckJNI is OFF
10-11 21:54:39.467: E/memtrack(6190): Couldn't load memtrack module (No such file or directory)
10-11 21:54:39.467: E/android.os.Debug(6190): failed to load memtrack module: -2
10-11 21:54:39.497: D/AndroidRuntime(6190): Calling main entry com.android.commands.pm.Pm
10-11 21:54:39.516: I/art(6190): System.exit called, status: 0
10-11 21:54:39.516: I/AndroidRuntime(6190): VM exiting with result code 0.
10-11 21:54:39.619: W/art(5466): Long monitor contention event with owner method=void android.os.MessageQueue.nativeWake(long) from MessageQueue.java:4294967294 waiters=0 for 130ms
10-11 21:54:39.838: I/Remoter(1326): Saved screenshot to '/data/screenshots/__pmv__-0077.jpg'
10-11 21:54:40.170: W/Auth(5466): [GetToken] GetToken failed with status code: INVALID_SCOPE
10-11 21:54:40.170: E/HeterodyneSyncer(5466): Failed to get auth token: INVALID_SCOPE
10-11 21:54:40.170: E/HeterodyneSyncer(5466): dzw: INVALID_SCOPE
10-11 21:54:40.170: E/HeterodyneSyncer(5466): 	at eaa.a(:com.google.android.gms@11519270:16)
10-11 21:54:40.170: E/HeterodyneSyncer(5466): 	at dzz.a(:com.google.android.gms@11519270:2)
10-11 21:54:40.170: E/HeterodyneSyncer(5466): 	at dzz.e(:com.google.android.gms@11519270:6)
10-11 21:54:40.170: E/HeterodyneSyncer(5466): 	at dzx.f(:com.google.android.gms@11519270:3)
10-11 21:54:40.170: E/HeterodyneSyncer(5466): 	at dzx.a(:com.google.android.gms@11519270:4)
10-11 21:54:40.170: E/HeterodyneSyncer(5466): 	at dzx.a(:com.google.android.gms@11519270:7)
10-11 21:54:40.170: E/HeterodyneSyncer(5466): 	at abaa.a(:com.google.android.gms@11519270:30)
10-11 21:54:40.170: E/HeterodyneSyncer(5466): 	at abac.a(:com.google.android.gms@11519270:27)
10-11 21:54:40.170: E/HeterodyneSyncer(5466): 	at abac.a(:com.google.android.gms@11519270:158)
10-11 21:54:40.170: E/HeterodyneSyncer(5466): 	at abac.a(:com.google.android.gms@11519270:284)
10-11 21:54:40.170: E/HeterodyneSyncer(5466): 	at com.google.android.gms.phenotype.sync.HeterodyneSyncTaskChimeraService.a(:com.google.android.gms@11519270:40)
10-11 21:54:40.170: E/HeterodyneSyncer(5466): 	at com.google.android.gms.phenotype.sync.HeterodyneSyncTaskChimeraService.a(:com.google.android.gms@11519270:19)
10-11 21:54:40.170: E/HeterodyneSyncer(5466): 	at sto.run(:com.google.android.gms@11519270:1)
10-11 21:54:40.170: E/HeterodyneSyncer(5466): 	at java.util.concurrent.ThreadPoolExecutor.runWorker(ThreadPoolExecutor.java:1112)
10-11 21:54:40.170: E/HeterodyneSyncer(5466): 	at java.util.concurrent.ThreadPoolExecutor$Worker.run(ThreadPoolExecutor.java:587)
10-11 21:54:40.170: E/HeterodyneSyncer(5466): 	at java.lang.Thread.run(Thread.java:818)
10-11 21:54:40.179: I/art(1690): Explicit concurrent mark sweep GC freed 17225(766KB) AllocSpace objects, 3(166KB) LOS objects, 33% free, 16MB/25MB, paused 747us total 94.893ms
10-11 21:54:40.223: I/CAR.SERVICE(5812): Skip, no clients bound.
10-11 21:54:40.256: W/System(5448): Ignoring header Cookie because its value was null.
10-11 21:54:40.256: I/ProcessCheckinRequest(5448): set cookie as: null
10-11 21:54:40.263: W/Conscrypt(5448): Could not set socket write timeout:
10-11 21:54:40.263: W/Conscrypt(5448):    java.lang.reflect.Method.invoke(Native Method)
10-11 21:54:40.263: W/Conscrypt(5448):    java.lang.reflect.Method.invoke(Method.java:372)
10-11 21:54:40.264: W/HeterodyneSyncer(5466): Server returned 401... invalidating auth token
10-11 21:54:40.269: W/Conscrypt(5448): Could not set socket write timeout:
10-11 21:54:40.269: W/Conscrypt(5448):    java.lang.reflect.Method.invoke(Native Method)
10-11 21:54:40.269: W/Conscrypt(5448):    java.lang.reflect.Method.invoke(Method.java:372)
10-11 21:54:40.277: I/NetRec(5466): [464] ConfigChangedIntentOperation.onHandleIntent: Handling a Phenotype update
10-11 21:54:40.277: I/NetRec(5466): [464] yjy.b: onConfigChanged()
10-11 21:54:40.296: I/NetRec(5466): [464] yjy.b: Cancelling all NetRec GCM tasks
10-11 21:54:40.297: I/NetRec(5466): [467] ClearDatabaseService.onHandleIntent: Clearing score cache
10-11 21:54:40.390: I/ProcessCheckinRequest(5448): REQUEST: b: "12345678902468"
10-11 21:54:40.390: I/ProcessCheckinRequest(5448): g: 4315121551056739765
10-11 21:54:40.390: I/ProcessCheckinRequest(5448): h: -4157215810804011038
10-11 21:54:40.390: I/ProcessCheckinRequest(5448): i: "1-af3d216c3953f17bc86834fc1d45286b32c15c3e"
10-11 21:54:40.390: I/ProcessCheckinRequest(5448): j: "es"
10-11 21:54:40.390: I/ProcessCheckinRequest(5448): k <
10-11 21:54:40.390: I/ProcessCheckinRequest(5448):   a <
10-11 21:54:40.390: I/ProcessCheckinRequest(5448):     a: "generic/gce_x86_phone/gce_x86:5.1.1/LMY49R.LZG52/3751180:userdebug/test-keys"
10-11 21:54:40.390: I/ProcessCheckinRequest(5448):     b: "AVD_R1.0.0"
10-11 21:54:40.390: I/ProcessCheckinRequest(5448):     c: "unknown"
10-11 21:54:40.390: I/ProcessCheckinRequest(5448):     d: "gce_x86"
10-11 21:54:40.390: I/ProcessCheckinRequest(5448):     e: "generic"
10-11 21:54:40.390: I/ProcessCheckinRequest(5448):     f: "unknown"
10-11 21:54:40.390: I/ProcessCheckinRequest(5448):     g: 1487676802
10-11 21:54:40.390: I/ProcessCheckinRequest(5448):     h: 11519270
10-11 21:54:40.390: I/ProcessCheckinRequest(5448):     i: 22
10-11 21:54:40.390: I/ProcessCheckinRequest(5448):     j: "gce_x86"
10-11 21:54:40.390: I/ProcessCheckinRequest(5448):     k: "GCE x86 phone"
10-11 21:54:40.390: I/ProcessCheckinRequest(5448):     l: "unknown"
10-11 21:54:40.390: I/ProcessCheckinRequest(5448):     m: "gce_x86_phone"
10-11 21:54:40.390: I/ProcessCheckinRequest(5448):     n: false
10-11 21:54:40.390: I/ProcessCheckinRequest(5448):     o <
10-11 21:54:40.390: I/ProcessCheckinRequest(5448):       a: 2
10-11 21:54:40.390: I/ProcessCheckinRequest(5448):       b: "tablet-unknown"
10-11 21:54:40.390: I/ProcessCheckinRequest(5448):     >
10-11 21:54:40.390: I/ProcessCheckinRequest(5448):     o <
10-11 21:54:40.390: I/ProcessCheckinRequest(5448):       a: 1
10-11 21:54:40.390: I/ProcessCheckinRequest(5448):       b: "unknown"
10-11 21:54:40.390: I/ProcessCheckinRequest(5448):     >
10-11 21:54:40.390: I/ProcessCheckinRequest(5448):     o <
10-11 21:54:40.390: I/ProcessCheckinRequest(5448):       a: 4
10-11 21:54:40.390: I/ProcessCheckinRequest(5448):       b: "gmm-unknown"
10-11 21:54:40.390: I/ProcessCheckinRequest(5448):     >
10-11 21:54:40.390: I/ProcessCheckinRequest(5448):     o <
10-11 21:54:40.390: I/ProcessCheckinRequest(5448):       a: 5
10-11 21:54:40.390: I/ProcessCheckinRequest(5448):       b: "mvapp-unknown"
10-11 21:54:40.390: I/ProcessCheckinRequest(5448):     >
10-11 21:54:40.390: I/ProcessCheckinRequest(5448):     o <
10-11 21:54:40.390: I/ProcessCheckinRequest(5448):       a: 6
10-11 21:54:40.390: I/ProcessCheckinRequest(5448):       b: "am-unknown"
10-11 21:54:40.390: I/ProcessCheckinRequest(5448):     >
10-11 21:54:40.390: I/ProcessCheckinRequest(5448):     o <
10-11 21:54:40.390: I/ProcessCheckinRequest(5448):       a: 9
10-11 21:54:40.390: I/ProcessCheckinRequest(5448):       b: "tablet-unknown"
10-11 21:54:40.390: I/ProcessCheckinRequest(5448):     >
10-11 21:54:40.390: I/ProcessCheckinRequest(5448):     q: "2016-09-05"
10-11 21:54:40.390: I/ProcessCheckinRequest(5448):   >
10-11 21:54:40.390: I/ProcessCheckinRequest(5448):   b: 1507715771175
10-11 21:54:40.390: I/ProcessCheckinRequest(5448):   e: "310260"
10-11 21:54:40.390: I/ProcessCheckinRequest(5448):   f: "310260"
10-11 21:54:40.390: I/ProcessCheckinRequest(5448):   g: "MOBILE:LTE:"
10-11 21:54:40.390: I/ProcessCheckinRequest(5448):   h: true
10-11 21:54:40.390: I/ProcessCheckinRequest(5448):   i: 0
10-11 21:54:40.390: I/ProcessCheckinRequest(5448):   j: 1
10-11 21:54:40.390: I/ProcessCheckinRequest(5448):   k <
10-11 21:54:40.390: I/ProcessCheckinRequest(5448):     a: 4
10-11 21:54:40.390: I/ProcessCheckinRequest(5448):     b: 1
10-11 21:54:40.390: I/ProcessCheckinRequest(5448):     c: "unspecified"
10-11 21:54:40.390: I/ProcessCheckinRequest(5448):     d: ""
10-11 21:54:40.390: I/ProcessCheckinRequest(5448):     e: false
10-11 21:54:40.390: I/ProcessCheckinRequest(5448):   >
10-11 21:54:40.390: I/ProcessCheckinRequest(5448):   l <
10-11 21:54:40.390: I/ProcessCheckinRequest(5448):     a: "310260"
10-11 21:54:40.390: I/ProcessCheckinRequest(5448):     b: "Android Virtual Operator"
10-11 21:54:40.390: I/ProcessCheckinRequest(5448):     c: "0"
10-11 21:54:40.390: I/ProcessCheckinRequest(5448):     d: 0
10-11 21:54:40.390: I/ProcessCheckinRequest(5448):     d: 1
10-11 21:54:40.390: I/ProcessCheckinRequest(5448):     d: 2
10-11 21:54:40.390: I/ProcessCheckinRequest(5448):     e: "310260123400000"
10-11 21:54:40.390: I/ProcessCheckinRequest(5448):     g: "\244\240"
10-11 21:54:40.390: I/ProcessCheckinRequest(5448):   >
10-11 21:54:40.390: I/ProcessCheckinRequest(5448): >
10-11 21:54:40.390: I/ProcessCheckinRequest(5448): l: "[VS2WQVCOVYYT3Y3JQZUPAOQ2II-00@cloudtestlabaccounts.com]"
10-11 21:54:40.390: I/ProcessCheckinRequest(5448): m: "America/New_York"
10-11 21:54:40.390: I/ProcessCheckinRequest(5448): n: 7245554933031089430
10-11 21:54:40.390: I/ProcessCheckinRequest(5448): o: 3
10-11 21:54:40.390: I/ProcessCheckinRequest(5448): p: "71Q6Rn2DDZl1zPDVaaeEHItd+Yg="
10-11 21:54:40.390: I/ProcessCheckinRequest(5448): q <
10-11 21:54:40.390: I/ProcessCheckinRequest(5448):   a: 3
10-11 21:54:40.390: I/ProcessCheckinRequest(5448):   b: 2
10-11 21:54:40.390: I/ProcessCheckinRequest(5448):   c: 1
10-11 21:54:40.390: I/ProcessCheckinRequest(5448):   d: 4
10-11 21:54:40.390: I/ProcessCheckinRequest(5448):   e: true
10-11 21:54:40.390: I/ProcessCheckinRequest(5448):   f: false
10-11 21:54:40.390: I/ProcessCheckinRequest(5448):   g: 320
10-11 21:54:40.390: I/ProcessCheckinRequest(5448):   h: 1600
10-11 21:54:40.390: I/ProcessCheckinRequest(5448):   i: 2464
10-11 21:54:40.390: I/ProcessCheckinRequest(5448):   j: 131072
10-11 21:54:40.390: I/ProcessCheckinRequest(5448):   k: "android.test.runner"
10-11 21:54:40.390: I/ProcessCheckinRequest(5448):   k: "com.android.future.usb.accessory"
10-11 21:54:40.390: I/ProcessCheckinRequest(5448):   k: "com.android.location.provider"
10-11 21:54:40.390: I/ProcessCheckinRequest(5448):   k: "com.android.media.remotedisplay"
10-11 21:54:40.390: I/ProcessCheckinRequest(5448):   k: "com.android.mediadrm.signer"
10-11 21:54:40.390: I/ProcessCheckinRequest(5448):   k: "com.google.android.camera2"
10-11 21:54:40.390: I/ProcessCheckinRequest(5448):   k: "com.google.android.dialer.support"
10-11 21:54:40.390: I/ProcessCheckinRequest(5448):   k: "com.google.android.gms"
10-11 21:54:40.390: I/ProcessCheckinRequest(5448):   k: "com.google.android.maps"
10-11 21:54:40.390: I/ProcessCheckinRequest(5448):   k: "com.google.android.media.effects"
10-11 21:54:40.390: I/ProcessCheckinRequest(5448):   k: "javax.obex"
10-11 21:54:40.390: I/ProcessCheckinRequest(5448):   l: "android.hardware.audio.output"
10-11 21:54:40.390: I/ProcessCheckinRequest(5448):   l: "android.hardware.bluetooth"
10-11 21:54:40.390: I/ProcessCheckinRequest(5448):   l: "android.hardware.camera"
10-11 21:54:40.390: I/ProcessCheckinRequest(5448):   l: "android.hardware.camera.any"
10-11 21:54:40.390: I/ProcessCheckinRequest(5448):   l: "android.hardware.camera.autofocus"
10-11 21:54:40.390: I/ProcessCheckinRequest(5448):   l: "android.hardware.camera.flash"
10-11 21:54:40.390: I/ProcessCheckinRequest(5448):   l: "android.hardware.camera.front"
10-11 21:54:40.390: I/ProcessCheckinRequest(5448):   l: "android.hardware.ethernet"
10-11 21:54:40.390: I/ProcessCheckinRequest(5448):   l: "android.hardware.faketouch"
10-11 21:54:40.390: I/ProcessCheckinRequest(5448):   l: "android.hardware.location"
10-11 21:54:40.390: I/ProcessCheckinRequest(5448):   l: "android.hardware.location.gps"
10-11 21:54:40.390: I/ProcessCheckinRequest(5448):   l: "android.hardware.location.network"
10-11 21:54:40.390: I/ProcessCheckinRequest(5448):   l: "android.hardware.microphone"
10-11 21:54:40.390: I/ProcessCheckinRequest(5448):   l: "android.hardware.screen.landscape"
10-11 21:54:40.390: I/ProcessCheckinRequest(5448):   l: "android.hardware.screen.portrait"
10-11 21:54:40.390: I/ProcessCheckinRequest(5448):   l: "android.hardware.sensor.accelerometer"
10-11 21:54:40.390: I/ProcessCheckinRequest(5448):   l: "android.hardware.sensor.barometer"
10-11 21:54:40.390: I/ProcessCheckinRequest(5448):   l: "android.hardware.sensor.compass"
10-11 21:54:40.390: I/ProcessCheckinRequest(5448):   l: "android.hardware.sensor.light"
10-11 21:54:40.390: I/ProcessCheckinRequest(5448):   l: "android.hardware.sensor.proximity"
10-11 21:54:40.390: I/ProcessCheckinRequest(5448):   l: "android.hardware.telephony"
10-11 21:54:40.390: I/ProcessCheckinRequest(5448):   l: "android.hardware.telephony.gsm"
10-11 21:54:40.390: I/ProcessCheckinRequest(5448):   l: "android.hardware.touchscreen"
10-11 21:54:40.390: I/ProcessCheckinRequest(5448):   l: "android.hardware.usb.accessory"
10-11 21:54:40.390: I/ProcessCheckinRequest(5448):   l: "android.hardware.wifi"
10-11 21:54:40.390: I/ProcessCheckinRequest(5448):   l: "android.software.app_widgets"
10-11 21:54:40.390: I/ProcessCheckinRequest(5448):   l: "android.software.backup"
10-11 21:54:40.390: I/ProcessCheckinRequest(5448):   l: "android.software.connectionservice"
10-11 21:54:40.390: I/ProcessCheckinRequest(5448):   l: "android.software.device_admin"
10-11 21:54:40.390: I/ProcessCheckinRequest(5448):   l: "android.software.home_screen"
10-11 21:54:40.390: I/ProcessCheckinRequest(5448):   l: "android.software.input_methods"
10-11 21:54:40.390: I/ProcessCheckinRequest(5448):   l: "android.software.live_wallpaper"
10-11 21:54:40.390: I/ProcessCheckinRequest(5448):   l: "android.software.managed_users"
10-11 21:54:40.390: I/ProcessCheckinRequest(5448):   l: "android.software.print"
10-11 21:54:40.390: I/ProcessCheckinRequest(5448):   l: "android.software.voice_recognizers"
10-11 21:54:40.390: I/ProcessCheckinRequest(5448):   l: "android.software.webview"
10-11 21:54:40.390: I/ProcessCheckinRequest(5448):   l: "com.google.android.feature.EXCHANGE_6_2"
10-11 21:54:40.390: I/ProcessCheckinRequest(5448):   l: "com.google.android.feature.GOOGLE_BUILD"
10-11 21:54:40.390: I/ProcessCheckinRequest(5448):   l: "com.google.android.feature.GOOGLE_EXPERIENCE"
10-11 21:54:40.390: I/ProcessCheckinRequest(5448):   m <
10-11 21:54:40.390: I/ProcessCheckinRequest(5448):     a: "android.hardware.audio.output"
10-11 21:54:40.390: I/ProcessCheckinRequest(5448):     b: 0
10-11 21:54:40.390: I/ProcessCheckinRequest(5448):   >
10-11 21:54:40.390: I/ProcessCheckinRequest(5448):   m <
10-11 21:54:40.390: I/ProcessCheckinRequest(5448):     a: "android.hardware.bluetooth"
10-11 21:54:40.390: I/ProcessCheckinRequest(5448):     b: 0
10-11 21:54:40.390: I/ProcessCheckinRequest(5448):   >
10-11 21:54:40.390: I/ProcessCheckinRequest(5448):   m <
10-11 21:54:40.390: I/ProcessCheckinRequest(5448):     a: "android.hardware.camera"
10-11 21:54:40.390: I/ProcessCheckinRequest(5448):     b: 0
10-11 21:54:40.390: I/ProcessCheckinRequest(5448):   >
10-11 21:54:40.390: I/ProcessCheckinRequest(5448):   m <
10-11 21:54:40.390: I/ProcessCheckinRequest(5448):     a: "android.hardware.camera.any"
10-11 21:54:40.390: I/ProcessCheckinRequest(5448):     b: 0
10-11 21:54:40.390: I/ProcessCheckinRequest(5448):   >
10-11 21:54:40.390: I/ProcessCheckinRequest(5448):   m <
10-11 21:54:40.390: I/ProcessCheckinRequest(5448):     a: "android.hardware.camera.autofocus"
10-11 21:54:40.390: I/ProcessCheckinRequest(5448):     b: 0
10-11 21:54:40.390: I/ProcessCheckinRequest(5448):   >
10-11 21:54:40.390: I/ProcessCheckinRequest(5448):   m <
10-11 21:54:40.390: I/ProcessCheckinRequest(5448):     a: "android.hardware.camera.flash"
10-11 21:54:40.390: I/ProcessCheckinRequest(5448):     b: 0
10-11 21:54:40.390: I/ProcessCheckinRequest(5448):   >
10-11 21:54:40.390: I/ProcessCheckinRequest(5448):   m <
10-11 21:54:40.390: I/ProcessCheckinRequest(5448):     a: "android.hardware.camera.front"
10-11 21:54:40.390: I/ProcessCheckinRequest(5448):     b: 0
10-11 21:54:40.390: I/ProcessCheckinRequest(5448):   >
10-11 21:54:40.390: I/ProcessCheckinRequest(5448):   m <
10-11 21:54:40.390: I/ProcessCheckinRequest(5448):     a: "android.hardware.ethernet"
10-11 21:54:40.390: I/ProcessCheckinRequest(5448):     b: 0
10-11 21:54:40.390: I/ProcessCheckinRequest(5448):   >
10-11 21:54:40.390: I/ProcessCheckinRequest(5448):   m <
10-11 21:54:40.390: I/ProcessCheckinRequest(5448):     a: "android.hardware.faketouch"
10-11 21:54:40.390: I/ProcessCheckinRequest(5448):     b: 0
10-11 21:54:40.390: I/ProcessCheckinRequest(5448):   >
10-11 21:54:40.390: I/ProcessCheckinRequest(5448):   m <
10-11 21:54:40.390: I/ProcessCheckinRequest(5448):     a: "android.hardware.location"
10-11 21:54:40.390: I/ProcessCheckinRequest(5448):     b: 0
10-11 21:54:40.390: I/ProcessCheckinRequest(5448):   >
10-11 21:54:40.390: I/ProcessCheckinRequest(5448):   m <
10-11 21:54:40.390: I/ProcessCheckinRequest(5448):     a: "android.hardware.location.gps"
10-11 21:54:40.390: I/ProcessCheckinRequest(5448):     b: 0
10-11 21:54:40.390: I/ProcessCheckinRequest(5448):   >
10-11 21:54:40.390: I/ProcessCheckinRequest(5448):   m <
10-11 21:54:40.390: I/ProcessCheckinRequest(5448):     a: "android.hardware.location.network"
10-11 21:54:40.390: I/ProcessCheckinRequest(5448):     b: 0
10-11 21:54:40.390: I/ProcessCheckinRequest(5448):   >
10-11 21:54:40.390: I/ProcessCheckinRequest(5448):   m <
10-11 21:54:40.390: I/ProcessCheckinRequest(5448):     a: "android.hardware.microphone"
10-11 21:54:40.390: I/ProcessCheckinRequest(5448):     b: 0
10-11 21:54:40.390: I/ProcessCheckinRequest(5448):   >
10-11 21:54:40.390: I/ProcessCheckinRequest(5448):   m <
10-11 21:54:40.390: I/ProcessCheckinRequest(5448):     a: "android.hardware.screen.landscape"
10-11 21:54:40.390: I/ProcessCheckinRequest(5448):     b: 0
10-11 21:54:40.390: I/ProcessCheckinRequest(5448):   >
10-11 21:54:40.390: I/ProcessCheckinRequest(5448):   m <
10-11 21:54:40.390: I/ProcessCheckinRequest(5448):     a: "android.hardware.screen.portrait"
10-11 21:54:40.390: I/ProcessCheckinRequest(5448):     b: 0
10-11 21:54:40.390: I/ProcessCheckinRequest(5448):   >
10-11 21:54:40.390: I/ProcessCheckinRequest(5448):   m <
10-11 21:54:40.390: I/ProcessCheckinRequest(5448):     a: "android.hardware.sens
10-11 21:54:40.417: I/NetRec(5466): [464] ConfigChangedIntentOperation.onHandleIntent: Handling a Phenotype update
10-11 21:54:40.417: I/NetRec(5466): [464] yjy.b: onConfigChanged()
10-11 21:54:40.419: E/IntentOperationSvc(5448): Failed to instantiate Chimera operation impl com.google.android.gms.people.service.SettingsChangedBroadcastIntentOperation, dropping operation
10-11 21:54:40.419: E/IntentOperationSvc(5448): java.lang.reflect.InvocationTargetException
10-11 21:54:40.419: E/IntentOperationSvc(5448): 	at java.lang.reflect.Constructor.newInstance(Native Method)
10-11 21:54:40.419: E/IntentOperationSvc(5448): 	at java.lang.reflect.Constructor.newInstance(Constructor.java:288)
10-11 21:54:40.419: E/IntentOperationSvc(5448): 	at bxa.a(:com.google.android.gms@11519270:8)
10-11 21:54:40.419: E/IntentOperationSvc(5448): 	at bxb.run(:com.google.android.gms@11519270:69)
10-11 21:54:40.419: E/IntentOperationSvc(5448): 	at java.util.concurrent.ThreadPoolExecutor.runWorker(ThreadPoolExecutor.java:1112)
10-11 21:54:40.419: E/IntentOperationSvc(5448): 	at java.util.concurrent.ThreadPoolExecutor$Worker.run(ThreadPoolExecutor.java:587)
10-11 21:54:40.419: E/IntentOperationSvc(5448): 	at java.lang.Thread.run(Thread.java:818)
10-11 21:54:40.419: E/IntentOperationSvc(5448): Caused by: java.lang.NullPointerException: Attempt to invoke virtual method 'android.content.SharedPreferences android.content.Context.getSharedPreferences(java.lang.String, int)' on a null object reference
10-11 21:54:40.419: E/IntentOperationSvc(5448): 	at android.content.ContextWrapper.getSharedPreferences(ContextWrapper.java:170)
10-11 21:54:40.419: E/IntentOperationSvc(5448): 	at zco.a(:com.google.android.gms@11519270:6)
10-11 21:54:40.419: E/IntentOperationSvc(5448): 	at com.google.android.gms.people.service.SettingsChangedBroadcastIntentOperation.<init>(:com.google.android.gms@11519270:2)
10-11 21:54:40.419: E/IntentOperationSvc(5448): 	... 7 more
10-11 21:54:40.419: W/OcrModelUpStIntentOp(5448): Invalid action: com.google.android.gms.phenotype.COMMITTED
10-11 21:54:40.425: I/MobileDataHub(5448): Using regular flags by method 1
10-11 21:54:40.436: I/PTCommittedOperation(5466): Receive new configuration for com.google.android.gms.devicedoctor
10-11 21:54:40.444: I/PTCommittedOperation(5466): Running Fixer Framework for com.google.android.gms.devicedoctor
10-11 21:54:40.447: W/OcrModelUpStIntentOp(5448): Invalid action: com.google.android.gms.phenotype.COMMITTED
10-11 21:54:40.447: E/IntentOperationSvc(5448): Failed to instantiate Chimera operation impl com.google.android.gms.people.service.SettingsChangedBroadcastIntentOperation, dropping operation
10-11 21:54:40.447: E/IntentOperationSvc(5448): java.lang.reflect.InvocationTargetException
10-11 21:54:40.447: E/IntentOperationSvc(5448): 	at java.lang.reflect.Constructor.newInstance(Native Method)
10-11 21:54:40.447: E/IntentOperationSvc(5448): 	at java.lang.reflect.Constructor.newInstance(Constructor.java:288)
10-11 21:54:40.447: E/IntentOperationSvc(5448): 	at bxa.a(:com.google.android.gms@11519270:8)
10-11 21:54:40.447: E/IntentOperationSvc(5448): 	at bxb.run(:com.google.android.gms@11519270:69)
10-11 21:54:40.447: E/IntentOperationSvc(5448): 	at java.util.concurrent.ThreadPoolExecutor.runWorker(ThreadPoolExecutor.java:1112)
10-11 21:54:40.447: E/IntentOperationSvc(5448): 	at java.util.concurrent.ThreadPoolExecutor$Worker.run(ThreadPoolExecutor.java:587)
10-11 21:54:40.447: E/IntentOperationSvc(5448): 	at java.lang.Thread.run(Thread.java:818)
10-11 21:54:40.447: E/IntentOperationSvc(5448): Caused by: java.lang.NullPointerException: Attempt to invoke virtual method 'android.content.SharedPreferences android.content.Context.getSharedPreferences(java.lang.String, int)' on a null object reference
10-11 21:54:40.447: E/IntentOperationSvc(5448): 	at android.content.ContextWrapper.getSharedPreferences(ContextWrapper.java:170)
10-11 21:54:40.447: E/IntentOperationSvc(5448): 	at zco.a(:com.google.android.gms@11519270:6)
10-11 21:54:40.447: E/IntentOperationSvc(5448): 	at com.google.android.gms.people.service.SettingsChangedBroadcastIntentOperation.<init>(:com.google.android.gms@11519270:2)
10-11 21:54:40.447: E/IntentOperationSvc(5448): 	... 7 more
10-11 21:54:40.452: I/NetRec(5466): [464] yjy.b: Cancelling all NetRec GCM tasks
