10-11 21:55:06.514: W/Finsky(6573): [1] com.google.android.finsky.wear.aj.run(9): Dropping command=hygiene due to Gms not connected
10-11 21:55:06.517: I/Finsky(6573): [510] com.google.android.finsky.flushlogs.FlushLogsReceiver$FlushLogsService.onHandleIntent(10): Flushing event logs for [pNO9ObzPejlK16Cz5STnAehdGGc]
10-11 21:55:06.517: I/PlayCommon(6573): [479] com.google.android.play.a.h.e(248): Preparing logs for uploading
10-11 21:55:06.520: E/PlayCommon(6573): [510] com.google.android.play.a.f.<init>(14): Failed to restore PlayMetalog
10-11 21:55:06.520: E/PlayCommon(6573): [510] com.google.android.play.a.f.<init>(20): Failed to restore LogsUploadAttempt
10-11 21:55:06.521: I/PlayCommon(6573): [511] com.google.android.play.a.h.e(248): Preparing logs for uploading
10-11 21:55:06.521: I/PlayCommon(6573): [511] com.google.android.play.a.h.e(252): No file ready to send
10-11 21:55:06.524: I/PlayCommon(6573): [479] com.google.android.play.a.h.a(470): Connecting to server: https://play.googleapis.com/play/log?format=raw&proto_v2=true
10-11 21:55:06.534: I/art(2119): Explicit concurrent mark sweep GC freed 3852(170KB) AllocSpace objects, 0(0B) LOS objects, 40% free, 8MB/13MB, paused 222us total 8.166ms
10-11 21:55:06.569: I/PlayCommon(6573): [479] com.google.android.play.a.h.a(527): Successfully uploaded logs.
10-11 21:55:06.571: I/PlayCommon(6573): [479] com.google.android.play.a.h.e(248): Preparing logs for uploading
10-11 21:55:06.571: I/PlayCommon(6573): [479] com.google.android.play.a.h.e(252): No file ready to send
10-11 21:55:06.684: I/art(5448): Explicit concurrent mark sweep GC freed 33854(1872KB) AllocSpace objects, 6(96KB) LOS objects, 38% free, 25MB/41MB, paused 384us total 75.492ms
10-11 21:55:06.730: I/WVCdm(1344): CdmEngine::OpenSession
10-11 21:55:06.730: I/WVCdm(1344): Level3 Library Dec  3 2014 13:06:03
10-11 21:55:06.733: W/WVCdm(1344): Could not read /data/mediadrm/IDM1013/ay64.dat2: No such file or directory
10-11 21:55:06.733: W/WVCdm(1344): Could not load liboemcrypto.so. Falling Back to L3.  dlopen failed: library "liboemcrypto.so" not found
10-11 21:55:06.703: I/highpool[1](5448): type=1400 audit(0.0:118): avc: denied { getattr } for path="/system/xbin/su" dev="sda3" ino=1767 scontext=u:r:untrusted_app:s0 tcontext=u:object_r:su_exec:s0 tclass=file permissive=1
10-11 21:55:06.743: I/WVCdm(1344): CdmEngine::QueryKeyControlInfo
10-11 21:55:06.744: W/WVCdm(1344): BufferReader::Read<T> : Failure during parse: Not enough bytes (4)
10-11 21:55:06.744: W/WVCdm(1344): CdmEngine::ExtractWidevinePssh: Unable to read PSSH atom size
10-11 21:55:06.744: I/WVCdm(1344): CdmEngine::GenerateKeyRequest
10-11 21:55:06.744: D/WVCdm(1344): PrepareKeyRequest: nonce=1024825426
10-11 21:55:06.703: I/highpool[1](5448): type=1400 audit(0.0:119): avc: denied { getattr } for path="/system/bin/bootanimation" dev="sda3" ino=321 scontext=u:r:untrusted_app:s0 tcontext=u:object_r:bootanim_exec:s0 tclass=file permissive=1
10-11 21:55:06.703: I/highpool[1](5448): type=1400 audit(0.0:120): avc: denied { getattr } for path="/system/bin/clatd" dev="sda3" ino=328 scontext=u:r:untrusted_app:s0 tcontext=u:object_r:clatd_exec:s0 tclass=file permissive=1
10-11 21:55:06.703: I/highpool[1](5448): type=1400 audit(0.0:121): avc: denied { getattr } for path="/system/bin/debuggerd" dev="sda3" ino=337 scontext=u:r:untrusted_app:s0 tcontext=u:object_r:debuggerd_exec:s0 tclass=file permissive=1
10-11 21:55:06.703: I/highpool[1](5448): type=1400 audit(0.0:122): avc: denied { getattr } for path="/system/bin/dhcpcd" dev="sda3" ino=340 scontext=u:r:untrusted_app:s0 tcontext=u:object_r:dhcp_exec:s0 tclass=file permissive=1
10-11 21:55:06.703: I/highpool[1](5448): type=1400 audit(0.0:123): avc: denied { getattr } for path="/system/bin/dnsmasq" dev="sda3" ino=343 scontext=u:r:untrusted_app:s0 tcontext=u:object_r:dnsmasq_exec:s0 tclass=file permissive=1
10-11 21:55:06.863: E/cutils-trace(6678): Error opening trace file: Permission denied (13)
10-11 21:55:06.863: I/dex2oat(6678): /system/bin/dex2oat --runtime-arg -classpath --runtime-arg  --instruction-set=x86 --instruction-set-features=default --runtime-arg -Xrelocate --boot-image=/system/framework/boot.art --dex-file=/data/data/com.google.android.gms/app_dg_cache/FAE8918C14E51B7EA388F4FE4AD2DB70B6A44F16/the.apk --oat-fd=39 --oat-location=/data/data/com.google.android.gms/app_dg_cache/FAE8918C14E51B7EA388F4FE4AD2DB70B6A44F16/opt/the.dex --runtime-arg -Xms64m --runtime-arg -Xmx512m
10-11 21:55:06.871: I/dex2oat(6678): dex2oat took 8.242ms (threads: 2) arena alloc=22KB java alloc=11KB native alloc=514KB free=7MB
10-11 21:55:06.703: I/highpool[1](5448): type=1400 audit(0.0:124): avc: denied { getattr } for path="/system/bin/drmserver" dev="sda3" ino=345 scontext=u:r:untrusted_app:s0 tcontext=u:object_r:drmserver_exec:s0 tclass=file permissive=1
10-11 21:55:06.703: I/highpool[1](5448): type=1400 audit(0.0:125): avc: denied { getattr } for path="/system/bin/dumpstate" dev="sda3" ino=347 scontext=u:r:untrusted_app:s0 tcontext=u:object_r:dumpstate_exec:s0 tclass=file permissive=1
10-11 21:55:06.703: I/highpool[1](5448): type=1400 audit(0.0:126): avc: denied { getattr } for path="/system/bin/hostapd" dev="sda3" ino=366 scontext=u:r:untrusted_app:s0 tcontext=u:object_r:hostapd_exec:s0 tclass=file permissive=1
10-11 21:55:06.703: I/highpool[1](5448): type=1400 audit(0.0:127): avc: denied { getattr } for path="/system/bin/installd" dev="sda3" ino=375 scontext=u:r:untrusted_app:s0 tcontext=u:object_r:installd_exec:s0 tclass=file permissive=1
10-11 21:55:06.703: I/highpool[1](5448): type=1400 audit(0.0:128): avc: denied { getattr } for path="/system/bin/keystore" dev="sda3" ino=382 scontext=u:r:untrusted_app:s0 tcontext=u:object_r:keystore_exec:s0 tclass=file permissive=1
10-11 21:55:06.703: I/highpool[1](5448): type=1400 audit(0.0:129): avc: denied { getattr } for path="/system/bin/lmkd" dev="sda3" ino=386 scontext=u:r:untrusted_app:s0 tcontext=u:object_r:lmkd_exec:s0 tclass=file permissive=1
10-11 21:55:06.703: I/highpool[1](5448): type=1400 audit(0.0:130): avc: denied { getattr } for path="/system/bin/logd" dev="sda3" ino=391 scontext=u:r:untrusted_app:s0 tcontext=u:object_r:logd_exec:s0 tclass=file permissive=1
10-11 21:55:06.703: I/highpool[1](5448): type=1400 audit(0.0:131): avc: denied { getattr } for path="/system/bin/mdnsd" dev="sda3" ino=398 scontext=u:r:untrusted_app:s0 tcontext=u:object_r:mdnsd_exec:s0 tclass=file permissive=1
10-11 21:55:06.703: I/highpool[1](5448): type=1400 audit(0.0:132): avc: denied { getattr } for path="/system/bin/mediaserver" dev="sda3" ino=400 scontext=u:r:untrusted_app:s0 tcontext=u:object_r:mediaserver_exec:s0 tclass=file permissive=1
10-11 21:55:06.703: I/highpool[1](5448): type=1400 audit(0.0:133): avc: denied { getattr } for path="/system/bin/mtpd" dev="sda3" ino=406 scontext=u:r:untrusted_app:s0 tcontext=u:object_r:mtp_exec:s0 tclass=file permissive=1
10-11 21:55:06.703: I/highpool[1](5448): type=1400 audit(0.0:134): avc: denied { getattr } for path="/system/bin/netd" dev="sda3" ino=411 scontext=u:r:untrusted_app:s0 tcontext=u:object_r:netd_exec:s0 tclass=file permissive=1
10-11 21:55:06.703: I/highpool[1](5448): type=1400 audit(0.0:135): avc: denied { getattr } for path="/system/bin/pppd" dev="sda3" ino=423 scontext=u:r:untrusted_app:s0 tcontext=u:object_r:ppp_exec:s0 tclass=file permissive=1
10-11 21:55:06.703: I/highpool[1](5448): type=1400 audit(0.0:136): avc: denied { getattr } for path="/system/bin/racoon" dev="sda3" ino=428 scontext=u:r:untrusted_app:s0 tcontext=u:object_r:racoon_exec:s0 tclass=file permissive=1
10-11 21:55:07.260: I/Remoter(1326): Saved screenshot to '/data/screenshots/__pmv__-0099.jpg'
10-11 21:55:06.703: I/highpool[1](5448): type=1400 audit(0.0:137): avc: denied { getattr } for path="/system/bin/rild" dev="sda3" ino=437 scontext=u:r:untrusted_app:s0 tcontext=u:object_r:rild_exec:s0 tclass=file permissive=1
10-11 21:55:06.703: I/highpool[1](5448): type=1400 audit(0.0:138): avc: denied { getattr } for path="/system/bin/sdcard" dev="sda3" ino=449 scontext=u:r:untrusted_app:s0 tcontext=u:object_r:sdcardd_exec:s0 tclass=file permissive=1
10-11 21:55:06.703: I/highpool[1](5448): type=1400 audit(0.0:139): avc: denied { getattr } for path="/system/bin/servicemanager" dev="sda3" ino=453 scontext=u:r:untrusted_app:s0 tcontext=u:object_r:servicemanager_exec:s0 tclass=file permissive=1
10-11 21:55:06.703: I/highpool[1](5448): type=1400 audit(0.0:140): avc: denied { getattr } for path="/system/bin/surfaceflinger" dev="sda3" ino=467 scontext=u:r:untrusted_app:s0 tcontext=u:object_r:surfaceflinger_exec:s0 tclass=file permissive=1
10-11 21:55:06.703: I/highpool[1](5448): type=1400 audit(0.0:141): avc: denied { getattr } for path="/system/bin/uncrypt" dev="sda3" ino=481 scontext=u:r:untrusted_app:s0 tcontext=u:object_r:uncrypt_exec:s0 tclass=file permissive=1
10-11 21:55:06.703: I/highpool[1](5448): type=1400 audit(0.0:142): avc: denied { getattr } for path="/system/bin/vdc" dev="sda3" ino=483 scontext=u:r:untrusted_app:s0 tcontext=u:object_r:vdc_exec:s0 tclass=file permissive=1
10-11 21:55:06.703: I/highpool[1](5448): type=1400 audit(0.0:143): avc: denied { getattr } for path="/system/bin/vold" dev="sda3" ino=487 scontext=u:r:untrusted_app:s0 tcontext=u:object_r:vold_exec:s0 tclass=file permissive=1
10-11 21:55:07.553: W/Auth(5466): [GetToken] GetToken failed with status code: INVALID_SCOPE
10-11 21:55:07.553: W/AuthSessionAuthenticato(5466): Auth related exception is being ignored: INVALID_SCOPE
10-11 21:55:07.554: W/GLSUser(5466): [DeviceKeyStore] Cannot load key: Device key file not found.
10-11 21:55:07.554: W/GLSUser(5466): [DeviceKeyStore] Cannot load key: Device key file not found.
10-11 21:55:07.554: E/ctxmgr(5466): [BaseServerTask]Server task (WriteInterestRecordTask) got error statusCode=-1.
10-11 21:55:07.554: E/ctxmgr(5466): com.android.volley.VolleyError: Unable to obtain auth token - is the device online?
10-11 21:55:07.554: E/ctxmgr(5466): 	at cjq.a(:com.google.android.gms@11519270:39)
10-11 21:55:07.554: E/ctxmgr(5466): 	at cez.run(:com.google.android.gms@11519270:2)
10-11 21:55:07.554: E/ctxmgr(5466): 	at cex.handleMessage(:com.google.android.gms@11519270:3)
10-11 21:55:07.554: E/ctxmgr(5466): 	at mmw.run(:com.google.android.gms@11519270:6)
10-11 21:55:07.554: E/ctxmgr(5466): 	at mng.run(:com.google.android.gms@11519270:25)
10-11 21:55:07.554: E/ctxmgr(5466): 	at java.util.concurrent.ThreadPoolExecutor.runWorker(ThreadPoolExecutor.java:1112)
10-11 21:55:07.554: E/ctxmgr(5466): 	at java.util.concurrent.ThreadPoolExecutor$Worker.run(ThreadPoolExecutor.java:587)
10-11 21:55:07.554: E/ctxmgr(5466): 	at mso.run(:com.google.android.gms@11519270)
10-11 21:55:07.554: E/ctxmgr(5466): 	at java.lang.Thread.run(Thread.java:818)
10-11 21:55:07.570: E/ctxmgr(5466): [SyncServerInterestRecordsOperation]Failed WriteInterestRecord: network status=-1
10-11 21:55:07.570: W/UdcContextManagerHelper(5466): Empty context buffer. Thus might mean that the context is not synced down.
10-11 21:55:07.570: W/UploadOptInStatusOp(5466): Empty context model while retrieving upload opt-in status!
10-11 21:55:07.634: I/WVCdm(1344): CdmEngine::CloseSession
10-11 21:55:07.634: I/WVCdm(1344): L3 Terminate.
10-11 21:55:07.677: W/Auth(5466): [GetToken] GetToken failed with status code: INVALID_SCOPE
10-11 21:55:07.677: W/AuthSessionAuthenticato(5466): Auth related exception is being ignored: INVALID_SCOPE
10-11 21:55:07.686: W/GLSUser(5466): [DeviceKeyStore] Cannot load key: Device key file not found.
10-11 21:55:07.686: W/GLSUser(5466): [DeviceKeyStore] Cannot load key: Device key file not found.
10-11 21:55:07.687: E/ctxmgr(5466): [BaseServerTask]Server task (FetchAclSet) got error statusCode=-1.
10-11 21:55:07.687: E/ctxmgr(5466): com.android.volley.VolleyError: Unable to obtain auth token - is the device online?
10-11 21:55:07.687: E/ctxmgr(5466): 	at cjq.a(:com.google.android.gms@11519270:39)
10-11 21:55:07.687: E/ctxmgr(5466): 	at cez.run(:com.google.android.gms@11519270:2)
10-11 21:55:07.687: E/ctxmgr(5466): 	at cex.handleMessage(:com.google.android.gms@11519270:3)
10-11 21:55:07.687: E/ctxmgr(5466): 	at mmw.run(:com.google.android.gms@11519270:6)
10-11 21:55:07.687: E/ctxmgr(5466): 	at mng.run(:com.google.android.gms@11519270:25)
10-11 21:55:07.687: E/ctxmgr(5466): 	at java.util.concurrent.ThreadPoolExecutor.runWorker(ThreadPoolExecutor.java:1112)
10-11 21:55:07.687: E/ctxmgr(5466): 	at java.util.concurrent.ThreadPoolExecutor$Worker.run(ThreadPoolExecutor.java:587)
10-11 21:55:07.687: E/ctxmgr(5466): 	at mso.run(:com.google.android.gms@11519270)
10-11 21:55:07.687: E/ctxmgr(5466): 	at java.lang.Thread.run(Thread.java:818)
10-11 21:55:07.697: E/ctxmgr(5466): [AccountAclCallback]Failed Acl fetch: network status=-1
10-11 21:55:08.004: W/Binder(6573): Caught a RuntimeException from the binder stub implementation.
10-11 21:55:08.004: W/Binder(6573): java.lang.UnsupportedOperationException
10-11 21:55:08.004: W/Binder(6573): 	at com.google.android.gms.internal.ie.e(Unknown Source)
10-11 21:55:08.004: W/Binder(6573): 	at com.google.android.gms.internal.ih.onTransact(Unknown Source)
10-11 21:55:08.004: W/Binder(6573): 	at android.os.Binder.execTransact(Binder.java:446)
10-11 21:55:08.166: I/WearableService(5466): Wearable Services stopping
10-11 21:55:08.390: I/Remoter(1326): Saved screenshot to '/data/screenshots/__pmv__-0100.jpg'
10-11 21:55:09.535: I/Remoter(1326): Saved screenshot to '/data/screenshots/__pmv__-0101.jpg'
10-11 21:55:10.626: I/Remoter(1326): Saved screenshot to '/data/screenshots/__pmv__-0102.jpg'
10-11 21:55:11.258: I/CAR.SERVICE(5812): Skip, no clients bound.
10-11 21:55:11.719: E/Volley(3174): [273] xa.a: Unexpected response code 503 for https://www.googleapis.com/youtubei/v1/notification_registration/set_registration?key=AIzaSyA8eiZmM1FaDVjRy-df2KTyQ_vz_yYM39w
10-11 21:55:11.721: W/YouTube(3174): (unknown) Could not register for notifications with InnerTube: 
10-11 21:55:11.721: W/YouTube(3174): fay: java.util.concurrent.ExecutionException: wu
10-11 21:55:11.721: W/YouTube(3174): 	at ezo.a(SourceFile:103)
10-11 21:55:11.721: W/YouTube(3174): 	at fpl.run(SourceFile:57)
10-11 21:55:11.721: W/YouTube(3174): 	at java.util.concurrent.ThreadPoolExecutor.runWorker(ThreadPoolExecutor.java:1112)
10-11 21:55:11.721: W/YouTube(3174): 	at java.util.concurrent.ThreadPoolExecutor$Worker.run(ThreadPoolExecutor.java:587)
10-11 21:55:11.721: W/YouTube(3174): 	at ers.run(SourceFile:40)
10-11 21:55:11.721: W/YouTube(3174): 	at java.lang.Thread.run(Thread.java:818)
10-11 21:55:11.721: W/YouTube(3174): Caused by: java.util.concurrent.ExecutionException: wu
10-11 21:55:11.721: W/YouTube(3174): 	at xv.a(SourceFile:117)
10-11 21:55:11.721: W/YouTube(3174): 	at xv.get(SourceFile:88)
10-11 21:55:11.721: W/YouTube(3174): 	at goc.get(SourceFile:69)
10-11 21:55:11.721: W/YouTube(3174): 	at ezo.a(SourceFile:99)
10-11 21:55:11.721: W/YouTube(3174): 	... 5 more
10-11 21:55:11.721: W/YouTube(3174): Caused by: wu
10-11 21:55:11.721: W/YouTube(3174): 	at xa.a(SourceFile:145)
10-11 21:55:11.721: W/YouTube(3174): 	at gnu.a(SourceFile:49)
10-11 21:55:11.721: W/YouTube(3174): 	at wg.run(SourceFile:105)
10-11 21:55:11.766: I/Remoter(1326): Saved screenshot to '/data/screenshots/__pmv__-0103.jpg'
10-11 21:55:12.856: I/Remoter(1326): Saved screenshot to '/data/screenshots/__pmv__-0104.jpg'
10-11 21:55:13.092: I/InputReader(1690): Reconfiguring input devices.  changes=0x00000010
10-11 21:55:13.109: I/UpdateIcingCorporaServi(2156): Updating corpora: APPS=com.android.vending, CONTACTS=MAYBE
10-11 21:55:13.113: W/Launcher(2021): setApplicationContext called twice! old=com.android.launcher3.LauncherApplication@384990f8 new=com.android.launcher3.LauncherApplication@384990f8
10-11 21:55:13.117: I/ApplicationLogger(2156): canRun() : Opted Out
10-11 21:55:13.117: I/UpdateIcingCorporaServi(2156): UpdateCorporaTask done [took 8 ms] updated apps [took 8 ms] 
10-11 21:55:13.126: D/BackupManagerService(1690): Received broadcast Intent { act=android.intent.action.PACKAGE_CHANGED dat=package:com.android.vending flg=0x4000010 (has extras) }
10-11 21:55:13.152: D/Wear_Controller(5448): Received broadcast action=android.intent.action.PACKAGE_CHANGED and uri=com.android.vending
10-11 21:55:13.156: I/Icing(5448): IndexChimeraService.getServiceInterface callingPackage=com.google.android.gms componentName=AppsCorpus serviceId=32
10-11 21:55:13.157: I/Icing(5448): IndexChimeraService.getServiceInterface callingPackage=com.google.android.gms componentName=AppsCorpus serviceId=36
10-11 21:55:13.162: I/Icing(5448): Usage reports 0 indexed 0 rejected 0 imm upload false
10-11 21:55:13.164: I/Icing(5448): Usage reports 0 indexed 0 rejected 0 imm upload false
10-11 21:55:13.171: I/Launcher(2021): Deferring update until onResume
10-11 21:55:13.177: W/ResourcesManager(2021): Asset path '/system/framework/com.google.android.maps.jar' does not exist or contains no resources.
10-11 21:55:13.181: I/Launcher(2021): Deferring update until onResume
10-11 21:55:13.209: D/AndroidRuntime(6692): >>>>>> START com.android.internal.os.RuntimeInit uid 0 <<<<<<
10-11 21:55:13.209: D/AndroidRuntime(6692): CheckJNI is OFF
10-11 21:55:13.224: E/memtrack(6692): Couldn't load memtrack module (No such file or directory)
10-11 21:55:13.224: E/android.os.Debug(6692): failed to load memtrack module: -2
10-11 21:55:13.232: D/AndroidRuntime(6692): Calling main entry com.android.commands.pm.Pm
10-11 21:55:13.238: I/art(6692): System.exit called, status: 0
10-11 21:55:13.238: I/AndroidRuntime(6692): VM exiting with result code 0.
10-11 21:55:13.443: I/scp(6721): type=1400 audit(0.0:145): avc: denied { write } for name="tmp" dev="loop6" ino=65538 scontext=u:r:init_shell:s0 tcontext=u:object_r:shell_data_file:s0 tclass=dir permissive=1
10-11 21:55:13.443: I/scp(6721): type=1400 audit(0.0:146): avc: denied { add_name } for name="app2505381098095406661.apk" scontext=u:r:init_shell:s0 tcontext=u:object_r:shell_data_file:s0 tclass=dir permissive=1
10-11 21:55:13.443: I/scp(6721): type=1400 audit(0.0:147): avc: denied { create } for name="app2505381098095406661.apk" scontext=u:r:init_shell:s0 tcontext=u:object_r:shell_data_file:s0 tclass=file permissive=1
10-11 21:55:13.443: I/scp(6721): type=1400 audit(0.0:148): avc: denied { write open } for path="/data/local/tmp/app2505381098095406661.apk" dev="loop6" ino=65589 scontext=u:r:init_shell:s0 tcontext=u:object_r:shell_data_file:s0 tclass=file permissive=1
10-11 21:55:13.443: I/scp(6721): type=1400 audit(0.0:149): avc: denied { getattr } for path="/data/local/tmp/app2505381098095406661.apk" dev="loop6" ino=65589 scontext=u:r:init_shell:s0 tcontext=u:object_r:shell_data_file:s0 tclass=file permissive=1
10-11 21:55:13.760: D/AndroidRuntime(6729): >>>>>> START com.android.internal.os.RuntimeInit uid 0 <<<<<<
10-11 21:55:13.761: D/AndroidRuntime(6729): CheckJNI is OFF
10-11 21:55:13.776: E/memtrack(6729): Couldn't load memtrack module (No such file or directory)
10-11 21:55:13.776: E/android.os.Debug(6729): failed to load memtrack module: -2
10-11 21:55:13.785: D/AndroidRuntime(6729): Calling main entry com.android.commands.pm.Pm
10-11 21:55:13.791: D/DefContainer(4671): Copying /data/local/tmp/app2505381098095406661.apk to base.apk
10-11 21:55:13.960: D/PackageManager(1690): Renaming /data/app/vmdl1106108205.tmp to /data/app/com.google.android.apps.mtaas.crawler-1
10-11 21:55:13.965: I/PackageManager(1690): Running dexopt on: /data/app/com.google.android.apps.mtaas.crawler-1/base.apk pkg=com.google.android.apps.mtaas.crawler isa=x86 vmSafeMode=false
10-11 21:55:14.017: E/cutils-trace(6740): Error opening trace file: Permission denied (13)
10-11 21:55:14.017: I/dex2oat(6740): /system/bin/dex2oat --zip-fd=6 --zip-location=/data/app/com.google.android.apps.mtaas.crawler-1/base.apk --oat-fd=7 --oat-location=/data/dalvik-cache/x86/data@app@com.google.android.apps.mtaas.crawler-1@base.apk@classes.dex --instruction-set=x86 --instruction-set-features=default --runtime-arg -Xms64m --runtime-arg -Xmx512m --swap-fd=8
10-11 21:55:14.013: I/sshd(4622): type=1400 audit(0.0:150): avc: denied { read } for path="socket:[135623]" dev="sockfs" ino=135623 scontext=u:r:init:s0 tcontext=u:r:init:s0 tclass=tcp_socket permissive=1
10-11 21:55:14.013: I/sshd(4622): type=1400 audit(0.0:151): avc: denied { write } for path="socket:[135577]" dev="sockfs" ino=135577 scontext=u:r:init:s0 tcontext=u:r:init:s0 tclass=tcp_socket permissive=1
10-11 21:55:14.150: I/Remoter(1326): Saved screenshot to '/data/screenshots/__pmv__-0105.jpg'
10-11 21:55:14.165: I/Icing(5448): Indexing 5233BB6556150606E6EA2800A20D5D691B1774CC from com.google.android.gms
10-11 21:55:14.174: I/Icing(5448): Indexing done 5233BB6556150606E6EA2800A20D5D691B1774CC
10-11 21:55:14.179: I/Icing(5448): IndexChimeraService.getServiceInterface callingPackage=com.google.android.inputmethod.latin componentName=null serviceId=21
10-11 21:55:14.183: I/Icing(5448): Usage reports 0 indexed 0 rejected 0 imm upload false
10-11 21:55:14.203: I/gce_init_sshd(1679): type=1400 audit(0.0:152): avc: denied { create } for scontext=u:r:init:s0 tcontext=u:r:init:s0 tclass=tcp_socket permissive=1
10-11 21:55:14.203: I/gce_init_sshd(1679): type=1400 audit(0.0:153): avc: denied { connect } for scontext=u:r:init:s0 tcontext=u:r:init:s0 tclass=tcp_socket permissive=1
10-11 21:55:14.223: I/gce_init_sshd(1679): type=1400 audit(0.0:154): avc: denied { getopt } for laddr=192.168.1.10 lport=40564 faddr=169.254.169.254 fport=80 scontext=u:r:init:s0 tcontext=u:r:init:s0 tclass=tcp_socket permissive=1
10-11 21:55:14.223: I/gce_init_sshd(1679): type=1400 audit(0.0:155): avc: denied { getattr } for laddr=192.168.1.10 lport=40564 faddr=169.254.169.254 fport=80 scontext=u:r:init:s0 tcontext=u:r:init:s0 tclass=tcp_socket permissive=1
10-11 21:55:14.362: I/dex2oat(6740): Decided to run without swap.
10-11 21:55:14.453: I/GceRil(1342): Received request 19
10-11 21:55:14.453: I/GceRil(1342): Reporting signal strength: GW=18 CDMA=-94 EVDO=-146 LTE=18
10-11 21:55:15.358: I/Remoter(1326): Saved screenshot to '/data/screenshots/__pmv__-0106.jpg'
10-11 21:55:16.569: I/Remoter(1326): Saved screenshot to '/data/screenshots/__pmv__-0107.jpg'
10-11 21:55:17.753: I/Remoter(1326): Saved screenshot to '/data/screenshots/__pmv__-0108.jpg'
10-11 21:55:17.806: I/dex2oat(6740): dex2oat took 3.789s (threads: 2) arena alloc=555KB java alloc=8MB native alloc=19MB free=8MB
10-11 21:55:17.814: W/PackageManager(1690): Not granting permission android.permission.READ_FRAME_BUFFER to package com.google.android.apps.mtaas.crawler (protectionLevel=18 flags=0x8be44)
10-11 21:55:17.814: W/PackageManager(1690): Not granting permission android.permission.DUMP to package com.google.android.apps.mtaas.crawler (protectionLevel=50 flags=0x8be44)
10-11 21:55:17.818: V/BackupManagerService(1690): restoreAtInstall pkg=com.google.android.apps.mtaas.crawler token=b restoreSet=0
10-11 21:55:17.818: V/BackupManagerService(1690): Finishing install immediately
10-11 21:55:17.819: W/Settings(1690): Setting install_non_market_apps has moved from android.provider.Settings.Global to android.provider.Settings.Secure, returning read-only value.
10-11 21:55:17.822: I/InputReader(1690): Reconfiguring input devices.  changes=0x00000010
10-11 21:55:17.823: W/InputMethodInfo(1690): Duplicated subtype definition found: , voice
10-11 21:55:17.828: D/BackupManagerService(1690): Received broadcast Intent { act=android.intent.action.PACKAGE_ADDED dat=package:com.google.android.apps.mtaas.crawler flg=0x4000010 (has extras) }
10-11 21:55:17.839: I/UpdateIcingCorporaServi(2156): Updating corpora: APPS=com.google.android.apps.mtaas.crawler, CONTACTS=MAYBE
10-11 21:55:17.844: I/ApplicationLogger(2156): canRun() : Opted Out
10-11 21:55:17.844: I/UpdateIcingCorporaServi(2156): UpdateCorporaTask done [took 5 ms] updated apps [took 5 ms] 
10-11 21:55:17.851: I/Launcher(2021): Deferring update until onResume
10-11 21:55:17.864: I/FontsPackageChangeOp(5448): Package com.google.android.apps.mtaas.crawler has no metadata
10-11 21:55:17.868: D/Wear_Controller(5448): Received broadcast action=android.intent.action.PACKAGE_ADDED and uri=com.google.android.apps.mtaas.crawler
10-11 21:55:17.872: I/Finsky(6573): [1] com.google.android.finsky.externalreferrer.d.run(9): Package state data is missing for com.google.android.apps.mtaas.crawler
10-11 21:55:17.886: I/Icing(5448): IndexChimeraService.getServiceInterface callingPackage=com.google.android.gms componentName=AppsCorpus serviceId=32
10-11 21:55:17.886: I/Icing(5448): IndexChimeraService.getServiceInterface callingPackage=com.google.android.gms componentName=AppsCorpus serviceId=36
10-11 21:55:17.889: W/WearSignatureVerifier(6573): No package com.google.android.wearable.app.cn
10-11 21:55:17.890: W/WearSignatureVerifier(6573): No package com.google.android.wearable.app.cn
10-11 21:55:17.890: W/WearSignatureVerifier(6573): No package com.google.android.wearable.app.cn
10-11 21:55:17.911: W/WearSignatureVerifier(6573): No package com.google.android.wearable.app.cn
10-11 21:55:17.913: I/WearableService(5466): Wearable Services not starting - Wear is not available on this device.
10-11 21:55:17.919: D/WearableService(5466): onGetService - Wear is not available on this device.
10-11 21:55:17.920: W/WearSignatureVerifier(6573): No package com.google.android.wearable.app.cn
10-11 21:55:17.920: E/Finsky(6573): [1] com.google.android.finsky.wear.bl.a(3): onConnectionFailed: ConnectionResult{statusCode=API_UNAVAILABLE, resolution=null, message=null}
10-11 21:55:17.920: W/Finsky(6573): [1] com.google.android.finsky.wear.aj.run(9): Dropping command=auto_install due to Gms not connected
10-11 21:55:17.921: W/Finsky(6573): [1] com.google.android.finsky.wear.aj.run(9): Dropping command=send_installed_apps due to Gms not connected
10-11 21:55:17.923: I/Icing(5448): Usage reports 0 indexed 0 rejected 0 imm upload false
10-11 21:55:17.939: I/art(1690): Explicit concurrent mark sweep GC freed 74973(4MB) AllocSpace objects, 32(1399KB) LOS objects, 33% free, 17MB/25MB, paused 9.090ms total 70.409ms
10-11 21:55:17.939: I/Icing(5448): Usage reports 0 indexed 0 rejected 0 imm upload false
10-11 21:55:17.949: I/art(6729): System.exit called, status: 0
10-11 21:55:17.949: I/AndroidRuntime(6729): VM exiting with result code 0.
10-11 21:55:18.733: I/sdcard(1317): type=1400 audit(0.0:156): avc: denied { read } for name="0" dev="loop6" ino=98305 scontext=u:r:sdcardd:s0 tcontext=u:object_r:system_data_file:s0 tclass=dir permissive=1
10-11 21:55:18.733: I/sdcard(1317): type=1400 audit(0.0:157): avc: denied { open } for path="/data/media/0" dev="loop6" ino=98305 scontext=u:r:sdcardd:s0 tcontext=u:object_r:system_data_file:s0 tclass=dir permissive=1
10-11 21:55:18.865: I/Remoter(1326): Saved screenshot to '/data/screenshots/__pmv__-0109.jpg'
10-11 21:55:18.943: I/Icing(5448): Indexing 5233BB6556150606E6EA2800A20D5D691B1774CC from com.google.android.gms
10-11 21:55:18.944: I/Icing(5448): Indexing done 5233BB6556150606E6EA2800A20D5D691B1774CC
10-11 21:55:20.054: I/Remoter(1326): Saved screenshot to '/data/screenshots/__pmv__-0110.jpg'
10-11 21:55:21.203: I/Remoter(1326): Saved screenshot to '/data/screenshots/__pmv__-0111.jpg'
10-11 21:55:21.490: I/ActivityManager(1690): Waited long enough for: ServiceRecord{183b7df4 u0 com.android.vending/com.google.android.finsky.verifier.impl.PackageVerificationService}
10-11 21:55:21.551: V/StudioProfiler(6785): Event Service Setup Properly
10-11 21:55:22.294: I/Remoter(1326): Saved screenshot to '/data/screenshots/__pmv__-0112.jpg'
10-11 21:55:22.929: I/WearableService(5466): Wearable Services stopping
10-11 21:55:23.419: I/Remoter(1326): Saved screenshot to '/data/screenshots/__pmv__-0113.jpg'
10-11 21:55:24.515: I/Remoter(1326): Saved screenshot to '/data/screenshots/__pmv__-0114.jpg'
10-11 21:55:25.637: I/Remoter(1326): Saved screenshot to '/data/screenshots/__pmv__-0115.jpg'
10-11 21:55:26.783: I/Remoter(1326): Saved screenshot to '/data/screenshots/__pmv__-0116.jpg'
10-11 21:55:27.888: I/Remoter(1326): Saved screenshot to '/data/screenshots/__pmv__-0117.jpg'
10-11 21:55:28.570: I/MetadataService(1326): Processed 0 update/creates for instance/attributes/
10-11 21:55:28.570: I/MetadataService(1326): Processed 0 update/creates for project/attributes/
10-11 21:55:28.563: I/gce.meta.proxy(978): type=1400 audit(0.0:158): avc: denied { create } for scontext=u:r:kernel:s0 tcontext=u:r:kernel:s0 tclass=tcp_socket permissive=1
10-11 21:55:29.094: I/Remoter(1326): Saved screenshot to '/data/screenshots/__pmv__-0118.jpg'
10-11 21:55:30.221: I/Remoter(1326): Saved screenshot to '/data/screenshots/__pmv__-0119.jpg'
10-11 21:55:30.331: I/hwcomposer(1334): Sent 3598 syncs in 60s
10-11 21:55:30.396: I/GceMetadataClient(3016): Received updated metadata.
10-11 21:55:31.311: I/Remoter(1326): Saved screenshot to '/data/screenshots/__pmv__-0120.jpg'
10-11 21:55:32.442: I/Remoter(1326): Saved screenshot to '/data/screenshots/__pmv__-0121.jpg'
10-11 21:55:32.906: W/ActivityManager(1690): getRunningAppProcesses: caller 10078 does not hold REAL_GET_TASKS; limiting output
10-11 21:55:33.021: D/AndroidRuntime(7097): >>>>>> START com.android.internal.os.RuntimeInit uid 0 <<<<<<
10-11 21:55:33.021: D/AndroidRuntime(7097): CheckJNI is OFF
10-11 21:55:33.035: E/memtrack(7097): Couldn't load memtrack module (No such file or directory)
10-11 21:55:33.035: E/android.os.Debug(7097): failed to load memtrack module: -2
10-11 21:55:33.043: D/AndroidRuntime(7097): Calling main entry com.android.commands.settings.SettingsCmd
10-11 21:55:33.046: D/AndroidRuntime(7097): Shutting down VM
10-11 21:55:33.426: D/AndroidRuntime(7128): >>>>>> START com.android.internal.os.RuntimeInit uid 0 <<<<<<
10-11 21:55:33.426: D/AndroidRuntime(7128): CheckJNI is OFF
10-11 21:55:33.440: E/memtrack(7128): Couldn't load memtrack module (No such file or directory)
10-11 21:55:33.440: E/android.os.Debug(7128): failed to load memtrack module: -2
10-11 21:55:33.448: D/AndroidRuntime(7128): Calling main entry com.android.commands.settings.SettingsCmd
10-11 21:55:33.450: D/AndroidRuntime(7128): Shutting down VM
10-11 21:55:33.454: E/art(7128): Thread attaching while runtime is shutting down: Binder_1
10-11 21:55:33.454: I/AndroidRuntime(7128): NOTE: attach of thread 'Binder_1' failed
10-11 21:55:33.540: I/Remoter(1326): Saved screenshot to '/data/screenshots/__pmv__-0122.jpg'
10-11 21:55:33.824: D/AndroidRuntime(7156): >>>>>> START com.android.internal.os.RuntimeInit uid 0 <<<<<<
10-11 21:55:33.825: D/AndroidRuntime(7156): CheckJNI is OFF
10-11 21:55:33.839: E/memtrack(7156): Couldn't load memtrack module (No such file or directory)
10-11 21:55:33.839: E/android.os.Debug(7156): failed to load memtrack module: -2
10-11 21:55:33.847: D/AndroidRuntime(7156): Calling main entry com.android.commands.am.Am
10-11 21:55:33.860: I/ActivityManager(1690): Start proc 7170:com.google.android.apps.mtaas.crawler:robov2crawldriver/u0a88 for service com.google.android.apps.mtaas.crawler/.controller.CrawlDriver
10-11 21:55:33.860: D/AndroidRuntime(7156): Shutting down VM
10-11 21:55:33.865: W/ResourcesManager(7170): Asset path '/system/framework/android.test.runner.jar' does not exist or contains no resources.
10-11 21:55:33.899: I/System.out(7170): INFO: onStartCommand
10-11 21:55:34.234: D/AndroidRuntime(7200): >>>>>> START com.android.internal.os.RuntimeInit uid 0 <<<<<<
10-11 21:55:34.234: D/AndroidRuntime(7200): CheckJNI is OFF
10-11 21:55:34.249: E/memtrack(7200): Couldn't load memtrack module (No such file or directory)
10-11 21:55:34.249: E/android.os.Debug(7200): failed to load memtrack module: -2
10-11 21:55:34.257: D/AndroidRuntime(7200): Calling main entry com.android.commands.am.Am
10-11 21:55:34.258: I/ActivityManager(1690): Force stopping com.habitrpg.android.habitica appid=10087 user=0: start instr
10-11 21:55:34.269: I/ActivityManager(1690): Start proc 7214:com.habitrpg.android.habitica/u0a87 for added application com.habitrpg.android.habitica
10-11 21:55:34.281: I/MultiDex(7214): VM with version 2.1.0 has multidex support
10-11 21:55:34.281: I/MultiDex(7214): install
10-11 21:55:34.281: I/MultiDex(7214): VM has multidex support, MultiDex support library is disabled.
10-11 21:55:34.284: D/FirebaseApp(7214): com.google.firebase.auth.FirebaseAuth is not linked. Skipping initialization.
10-11 21:55:34.285: W/InstanceID/Rpc(7214): Found 10009
10-11 21:55:34.286: D/FirebaseApp(7214): com.google.firebase.crash.FirebaseCrash is not linked. Skipping initialization.
10-11 21:55:34.288: I/FA(7214): App measurement is starting up, version: 10298
10-11 21:55:34.288: I/FA(7214): To enable debug logging run: adb shell setprop log.tag.FA VERBOSE
10-11 21:55:34.295: I/FA(7214): To enable faster debug mode event logging run:
10-11 21:55:34.295: I/FA(7214):   adb shell setprop debug.firebase.analytics.app com.habitrpg.android.habitica
10-11 21:55:34.299: I/FirebaseInitProvider(7214): FirebaseApp initialization successful
10-11 21:55:34.305: W/ActivityManager(1690): getRunningAppProcesses: caller 10087 does not hold REAL_GET_TASKS; limiting output
10-11 21:55:34.305: I/MonitoringInstr(7214): Instrumentation started on process com.habitrpg.android.habitica
10-11 21:55:34.305: I/MonitoringInstr(7214): Setting context classloader to 'dalvik.system.PathClassLoader[DexPathList[[zip file "/system/framework/android.test.runner.jar", zip file "/data/app/com.google.android.apps.mtaas.crawler-1/base.apk", zip file "/data/app/com.habitrpg.android.habitica-1/base.apk"],nativeLibraryDirectories=[/data/app/com.habitrpg.android.habitica-1/lib/x86, /vendor/lib, /system/lib]]]', Original: 'dalvik.system.PathClassLoader[DexPathList[[zip file "/system/framework/android.test.runner.jar", zip file "/data/app/com.google.android.apps.mtaas.crawler-1/base.apk", zip file "/data/app/com.habitrpg.android.habitica-1/base.apk"],nativeLibraryDirectories=[/data/app/com.habitrpg.android.habitica-1/lib/x86, /vendor/lib, /system/lib]]]'
10-11 21:55:34.306: D/ApplicationLifecycleMonitorImpl(7214): running callback: com.google.android.apps.mtaas.crawler.SignaturePatchingCallback@34c59209
10-11 21:55:34.319: D/ApplicationLifecycleMonitorImpl(7214): callback completes: com.google.android.apps.mtaas.crawler.SignaturePatchingCallback@34c59209
10-11 21:55:34.398: I/CrashlyticsCore(7214): Initializing Crashlytics 2.3.17.dev
10-11 21:55:34.413: E/com.amplitude.api.AmplitudeClient(7214): context cannot be null, set context with initialize() before calling setUserId()
10-11 21:55:34.449: W/ResourcesManager(7214): Asset path '/system/framework/com.android.media.remotedisplay.jar' does not exist or contains no resources.
10-11 21:55:34.449: W/ResourcesManager(7214): Asset path '/system/framework/com.android.location.provider.jar' does not exist or contains no resources.
10-11 21:55:34.456: I/GceRil(1342): Received request 19
10-11 21:55:34.456: I/GceRil(1342): Reporting signal strength: GW=17 CDMA=-93 EVDO=-145 LTE=17
10-11 21:55:34.464: D/ApplicationLifecycleMonitorImpl(7214): running callback: com.google.android.apps.mtaas.crawler.SignaturePatchingCallback@34c59209
10-11 21:55:34.464: D/ApplicationLifecycleMonitorImpl(7214): callback completes: com.google.android.apps.mtaas.crawler.SignaturePatchingCallback@34c59209
10-11 21:55:34.464: I/MonitoringInstr(7214): No JSBridge.
10-11 21:55:34.466: I/MonitoringInstr(7214): Setting context classloader to 'dalvik.system.PathClassLoader[DexPathList[[zip file "/system/framework/android.test.runner.jar", zip file "/data/app/com.google.android.apps.mtaas.crawler-1/base.apk", zip file "/data/app/com.habitrpg.android.habitica-1/base.apk"],nativeLibraryDirectories=[/data/app/com.habitrpg.android.habitica-1/lib/x86, /vendor/lib, /system/lib]]]', Original: 'dalvik.system.PathClassLoader[DexPathList[[zip file "/system/framework/android.test.runner.jar", zip file "/data/app/com.google.android.apps.mtaas.crawler-1/base.apk", zip file "/data/app/com.habitrpg.android.habitica-1/base.apk"],nativeLibraryDirectories=[/data/app/com.habitrpg.android.habitica-1/lib/x86, /vendor/lib, /system/lib]]]'
10-11 21:55:34.471: I/UsageTrackerFacilitator(7214): Usage tracking disabled
10-11 21:55:34.472: D/TestExecutor(7214): Adding listener android.support.test.internal.runner.listener.LogRunListener
10-11 21:55:34.472: D/TestExecutor(7214): Adding listener android.support.test.internal.runner.listener.InstrumentationResultPrinter
10-11 21:55:34.472: D/TestExecutor(7214): Adding listener android.support.test.internal.runner.listener.ActivityFinisherRunListener
10-11 21:55:34.480: I/TestRunner(7214): run started: 1 tests
10-11 21:55:34.480: I/TestRunner(7214): started: testEntry(com.google.android.apps.mtaas.crawler.CrawlPlatform)
10-11 21:55:34.483: I/MonitoringInstr(7214): Activities that are still in CREATED to STOPPED: 0
10-11 21:55:34.526: I/System.out(7170): INFO: onBind
10-11 21:55:34.528: I/System.out(7170): Current launcher Package Name: com.android.launcher3
10-11 21:55:34.531: I/System.out(7170): INFO: Robo script file is absent.
10-11 21:55:34.531: I/System.out(7170): INFO: Received 0 Robo script actions.
10-11 21:55:34.596: I/System.out(7170): INFO: RandomSeed of 1234 used in crawler.
10-11 21:55:34.596: I/System.out(7170): INFO: Depth First Search Crawler Strategy Employed.
10-11 21:55:34.652: I/System.out(7170): INFO: Platform is ready.
10-11 21:55:34.654: I/System.out(7170): WARNING: Current package [INITIAL_SCREEN_PACKAGE_NAME] is out of whitelisted packages
10-11 21:55:34.654: I/System.out(7170): INFO: New Screen: Optional.of(ScreenNode {Id=0, PackageName=INITIAL_SCREEN_PACKAGE_NAME, ActivityName=Optional.absent()})
10-11 21:55:34.664: I/LogcatReader(7170): Executing logcat command: /system/bin/logcat -v time *:V
10-11 21:55:34.603: I/sdcard(1317): type=1400 audit(0.0:159): avc: denied { write } for name="0" dev="loop6" ino=98305 scontext=u:r:sdcardd:s0 tcontext=u:object_r:system_data_file:s0 tclass=dir permissive=1
10-11 21:55:34.680: D/MonitoringInstr(7214): execStartActivity(context, ibinder, ibinder, activity, intent, int, bundle
10-11 21:55:34.680: I/ActivityManager(1690): START u0 {act=android.intent.action.MAIN cat=[android.intent.category.LAUNCHER] flg=0x14000000 pkg=com.habitrpg.android.habitica cmp=com.habitrpg.android.habitica/.ui.activities.MainActivity} from uid 10087 on display 0
10-11 21:55:34.682: V/WindowManager(1690): addAppToken: AppWindowToken{2f18253b token=Token{3cce7fca ActivityRecord{2e387f35 u0 com.habitrpg.android.habitica/.ui.activities.MainActivity t5}}} to stack=1 task=5 at 0
10-11 21:55:34.703: I/GceGrallocRegionRegistry(1334): Mapped gralloc-1334.39 hnd=0xb1eb64c0 fd=41 base=0xb04da000 format=RGBA_8888(0x1) width=840 height=840
10-11 21:55:34.703: I/GceGrallocRegionRegistry(1690): Mapped gralloc-1334.39 hnd=0x9b315cc0 fd=175 base=0x9d91c000 format=RGBA_8888(0x1) width=840 height=840
10-11 21:55:34.703: I/GceGrallocRegionRegistry(1334): Unmapped gralloc-1334.39 hnd=0xb1eb64c0 fd=41 base=0xb04da000
10-11 21:55:34.603: I/sdcard(1317): type=1400 audit(0.0:160): avc: denied { add_name } for name="app_firebase_test_lab" scontext=u:r:sdcardd:s0 tcontext=u:object_r:system_data_file:s0 tclass=dir permissive=1
10-11 21:55:34.730: I/GceGrallocRegionRegistry(1334): Mapped gralloc-1334.39 hnd=0xb1eb6500 fd=42 base=0xb04da000 format=RGBA_8888(0x1) width=840 height=840
10-11 21:55:34.693: I/Binder_D(1690): type=1400 audit(0.0:161): avc: denied { read } for path=2F6465762F6173686D656D2F6772616C6C6F632D313333342E3339202864656C6574656429 dev="tmpfs" ino=148573 scontext=u:r:system_server:s0 tcontext=u:object_r:surfaceflinger_tmpfs:s0 tclass=file permissive=1
10-11 21:55:34.763: I/surfaceflinger(1334): type=1400 audit(0.0:162): avc: denied { execmem } for scontext=u:r:surfaceflinger:s0 tcontext=u:r:surfaceflinger:s0 tclass=process permissive=1
10-11 21:55:34.793: I/GceGrallocRegionRegistry(1334): Unmapped gralloc-1334.39 hnd=0xb1eb6500 fd=42 base=0xb04da000
10-11 21:55:34.794: V/WindowManager(1690): Adding window Window{2c6f3e22 u0 Starting com.habitrpg.android.habitica} at 3 of 8 (after Window{3f57d215 u0 com.google.android.apps.mtaas.backdrop/com.google.android.apps.mtaas.backdrop.BackdropActivity})
10-11 21:55:34.810: I/GceGrallocRegionRegistry(1690): Unmapped gralloc-1334.39 hnd=0x9b315cc0 fd=175 base=0x9d91c000
10-11 21:55:34.823: I/surfaceflinger(1334): type=1400 audit(0.0:163): avc: denied { ioctl } for path="/dev/userspace_framebuffer" dev="tmpfs" ino=6012 ioctlcmd=7702 scontext=u:r:surfaceflinger:s0 tcontext=u:object_r:device:s0 tclass=file permissive=1
10-11 21:55:34.929: W/art(1690): Long monitor contention event with owner method=int com.android.server.am.ActivityStackSupervisor.startActivityMayWait(android.app.IApplicationThread, int, java.lang.String, android.content.Intent, java.lang.String, android.service.voice.IVoiceInteractionSession, com.android.internal.app.IVoiceInteractor, android.os.IBinder, java.lang.String, int, int, android.app.ProfilerInfo, android.app.IActivityManager$WaitResult, android.content.res.Configuration, android.os.Bundle, int, android.app.IActivityContainer, com.android.server.am.TaskRecord) from ActivityStackSupervisor.java:857 waiters=0 for 136ms
10-11 21:55:34.930: W/art(1690): Long monitor contention event with owner method=int com.android.server.am.ActivityStackSupervisor.startActivityMayWait(android.app.IApplicationThread, int, java.lang.String, android.content.Intent, java.lang.String, android.service.voice.IVoiceInteractionSession, com.android.internal.app.IVoiceInteractor, android.os.IBinder, java.lang.String, int, int, android.app.ProfilerInfo, android.app.IActivityManager$WaitResult, android.content.res.Configuration, android.os.Bundle, int, android.app.IActivityContainer, com.android.server.am.TaskRecord) from ActivityStackSupervisor.java:857 waiters=1 for 101ms
10-11 21:55:34.932: I/GceGrallocRegionRegistry(1334): Mapped gralloc-1334.40 hnd=0xb6039240 fd=31 base=0xa985e000 format=RGBA_8888(0x1) width=1600 height=2560
10-11 21:55:34.932: I/GceGrallocRegionRegistry(1690): Mapped gralloc-1334.40 hnd=0x9bfe4c40 fd=189 base=0x96c5e000 format=RGBA_8888(0x1) width=1600 height=2560
10-11 21:55:34.979: I/art(7214): Background sticky concurrent mark sweep GC freed 70929(4MB) AllocSpace objects, 13(254KB) LOS objects, 13% free, 17MB/19MB, paused 15.640ms total 85.653ms
10-11 21:55:34.981: D/LifecycleMonitor(7214): Lifecycle status change: com.habitrpg.android.habitica.ui.activities.MainActivity@359bbe3f in: PRE_ON_CREATE
10-11 21:55:34.983: W/art(7214): Before Android 4.1, method android.graphics.PorterDuffColorFilter android.support.graphics.drawable.VectorDrawableCompat.updateTintFilter(android.graphics.PorterDuffColorFilter, android.content.res.ColorStateList, android.graphics.PorterDuff$Mode) would have incorrectly overridden the package-private method in android.graphics.drawable.Drawable
10-11 21:55:34.990: I/GceGrallocRegionRegistry(5427): Unmapped gralloc-1334.36 hnd=0xb3faf180 fd=27 base=0x9d0f4000
10-11 21:55:34.990: I/GceGrallocRegionRegistry(5427): Unmapped gralloc-1334.37 hnd=0xb3faf200 fd=29 base=0x9c1e8000
10-11 21:55:34.991: I/GceGrallocRegionRegistry(5427): Unmapped gralloc-1334.38 hnd=0xb3faf0c0 fd=30 base=0x9b2dc000
10-11 21:55:34.991: I/GceGrallocRegionRegistry(1334): Unmapped gralloc-1334.36 hnd=0xb6039180 fd=32 base=0xab8f4000
10-11 21:55:34.993: I/GceGrallocRegionRegistry(1334): Unmapped gralloc-1334.37 hnd=0xb1eb6600 fd=37 base=0xa8952000
10-11 21:55:35.326: W/art(7214): Suspending all threads took: 42.630ms
10-11 21:55:35.391: I/art(7214): Background partial concurrent mark sweep GC freed 58044(2MB) AllocSpace objects, 0(0B) LOS objects, 40% free, 20MB/34MB, paused 45.206ms total 301.976ms
10-11 21:55:35.481: D/MonitoringInstr(7214): execStartActivity(context, ibinder, ibinder, activity, intent, int, bundle
10-11 21:55:35.481: I/ActivityManager(1690): START u0 {flg=0x14008000 cmp=com.habitrpg.android.habitica/.ui.activities.IntroActivity} from uid 10087 on display 0
10-11 21:55:35.657: I/Remoter(1326): Saved screenshot to '/data/screenshots/__pmv__-0123.jpg'
10-11 21:55:35.879: W/art(1690): Long monitor contention event with owner method=void com.android.server.wm.WindowAnimator$1.run() from WindowAnimator.java:124 waiters=2 for 398ms
10-11 21:55:35.879: W/art(1690): Long monitor contention event with owner method=void com.android.server.wm.WindowAnimator$1.run() from WindowAnimator.java:124 waiters=2 for 297ms
10-11 21:55:35.914: W/SurfaceFlinger(1334): couldn't log to binary event log: overflow.
10-11 21:55:35.914: I/GceGrallocRegionRegistry(1334): Unmapped gralloc-1334.38 hnd=0xb1eb6540 fd=38 base=0xa7a46000
10-11 21:55:36.181: I/WindowManager(1690): Screenshot max retries 4 of Token{3cce7fca ActivityRecord{2e387f35 u0 com.habitrpg.android.habitica/.ui.activities.MainActivity t5 f}} appWin=Window{2c6f3e22 u0 Starting com.habitrpg.android.habitica} drawState=4
10-11 21:55:36.182: V/WindowManager(1690): addAppToken: AppWindowToken{23c40034 token=Token{28f7707 ActivityRecord{37640946 u0 com.habitrpg.android.habitica/.ui.activities.IntroActivity t5}}} to stack=1 task=5 at 1
10-11 21:55:36.182: W/art(1690): Long monitor contention event with owner method=int com.android.server.am.ActivityStackSupervisor.startActivityMayWait(android.app.IApplicationThread, int, java.lang.String, android.content.Intent, java.lang.String, android.service.voice.IVoiceInteractionSession, com.android.internal.app.IVoiceInteractor, android.os.IBinder, java.lang.String, int, int, android.app.ProfilerInfo, android.app.IActivityManager$WaitResult, android.content.res.Configuration, android.os.Bundle, int, android.app.IActivityContainer, com.android.server.am.TaskRecord) from ActivityStackSupervisor.java:857 waiters=0 for 618ms
10-11 21:55:36.182: W/art(1690): Long monitor contention event with owner method=int com.android.server.am.ActivityStackSupervisor.startActivityMayWait(android.app.IApplicationThread, int, java.lang.String, android.content.Intent, java.lang.String, android.service.voice.IVoiceInteractionSession, com.android.internal.app.IVoiceInteractor, android.os.IBinder, java.lang.String, int, int, android.app.ProfilerInfo, android.app.IActivityManager$WaitResult, android.content.res.Configuration, android.os.Bundle, int, android.app.IActivityContainer, com.android.server.am.TaskRecord) from ActivityStackSupervisor.java:857 waiters=1 for 415ms
10-11 21:55:36.185: D/LifecycleMonitor(7214): Lifecycle status change: com.habitrpg.android.habitica.ui.activities.MainActivity@359bbe3f in: CREATED
10-11 21:55:36.199: D/LifecycleMonitor(7214): Lifecycle status change: com.habitrpg.android.habitica.ui.activities.MainActivity@359bbe3f in: STARTED
10-11 21:55:36.203: V/WindowManager(1690): Adding window Window{4563fff u0 Starting com.habitrpg.android.habitica} at 4 of 9 (after Window{2c6f3e22 u0 Starting com.habitrpg.android.habitica})
10-11 21:55:36.235: D/LifecycleMonitor(7214): Lifecycle status change: com.habitrpg.android.habitica.ui.activities.MainActivity@359bbe3f in: RESUMED
10-11 21:55:36.252: I/GceGrallocRegionRegistry(1334): Mapped gralloc-1334.41 hnd=0xb1eb6600 fd=32 base=0xab85e000 format=RGBA_8888(0x1) width=1600 height=2560
10-11 21:55:36.252: I/GceGrallocRegionRegistry(1690): Mapped gralloc-1334.41 hnd=0x9bffc780 fd=193 base=0x95cbc000 format=RGBA_8888(0x1) width=1600 height=2560
10-11 21:55:36.267: D/OpenGLRenderer(7214): Use EGL_SWAP_BEHAVIOR_PRESERVED: true
10-11 21:55:36.268: I/GceGrallocRegionRegistry(7214): Mapped gralloc-1334.6 hnd=0x9e4c7940 fd=80 base=0x9c6f0000 format=RGBA_8888(0x1) width=768 height=768
10-11 21:55:36.253: I/ndroid.habitica(7214): type=1400 audit(0.0:164): avc: denied { read } for path=2F6465762F6173686D656D2F6772616C6C6F632D313333342E36202864656C6574656429 dev="tmpfs" ino=7408 scontext=u:r:untrusted_app:s0 tcontext=u:object_r:surfaceflinger_tmpfs:s0 tclass=file permissive=1
10-11 21:55:36.329: D/Atlas(7214): Validating map...
10-11 21:55:36.330: W/Atlas(7214): Pointer 0x0, not in getPreloadedDrawables?
10-11 21:55:36.330: W/Atlas(7214): Pointer 0x0, not in getPreloadedDrawables?
10-11 21:55:36.330: W/Atlas(7214): Pointer 0x0, not in getPreloadedDrawables?
10-11 21:55:36.330: W/Atlas(7214): Pointer 0x0, not in getPreloadedDrawables?
10-11 21:55:36.330: W/Atlas(7214): Pointer 0x0, not in getPreloadedDrawables?
10-11 21:55:36.330: W/Atlas(7214): Pointer 0x0, not in getPreloadedDrawables?
10-11 21:55:36.330: W/Atlas(7214): Pointer 0x0, not in getPreloadedDrawables?
10-11 21:55:36.330: W/Atlas(7214): Pointer 0x0, not in getPreloadedDrawables?
10-11 21:55:36.330: W/Atlas(7214): Pointer 0x0, not in getPreloadedDrawables?
10-11 21:55:36.330: W/Atlas(7214): Pointer 0x0, not in getPreloadedDrawables?
10-11 21:55:36.330: W/Atlas(7214): Pointer 0x0, not in getPreloadedDrawables?
10-11 21:55:36.330: W/Atlas(7214): Pointer 0x0, not in getPreloadedDrawables?
10-11 21:55:36.330: W/Atlas(7214): Pointer 0x0, not in getPreloadedDrawables?
10-11 21:55:36.330: W/Atlas(7214): Pointer 0x0, not in getPreloadedDrawables?
10-11 21:55:36.330: W/Atlas(7214): Pointer 0x0, not in getPreloadedDrawables?
10-11 21:55:36.330: W/Atlas(7214): Pointer 0x0, not in getPreloadedDrawables?
10-11 21:55:36.330: W/Atlas(7214): Pointer 0x0, not in getPreloadedDrawables?
10-11 21:55:36.330: W/Atlas(7214): Pointer 0x0, not in getPreloadedDrawables?
10-11 21:55:36.330: W/Atlas(7214): Pointer 0x0, not in getPreloadedDrawables?
10-11 21:55:36.330: W/Atlas(7214): Pointer 0x0, not in getPreloadedDrawables?
10-11 21:55:36.330: W/Atlas(7214): Pointer 0x0, not in getPreloadedDrawables?
10-11 21:55:36.330: W/Atlas(7214): Pointer 0x0, not in getPreloadedDrawables?
10-11 21:55:36.330: W/Atlas(7214): Pointer 0x0, not in getPreloadedDrawables?
10-11 21:55:36.330: W/Atlas(7214): Pointer 0x0, not in getPreloadedDrawables?
10-11 21:55:36.330: W/Atlas(7214): Pointer 0x0, not in getPreloadedDrawables?
