10-11 21:54:24.469: W/art(1690): Long monitor contention event with owner method=int com.android.server.wm.WindowManagerService.relayoutWindow(com.android.server.wm.Session, android.view.IWindow, int, android.view.WindowManager$LayoutParams, int, int, int, int, android.graphics.Rect, android.graphics.Rect, android.graphics.Rect, android.graphics.Rect, android.graphics.Rect, android.content.res.Configuration, android.view.Surface) from WindowManagerService.java:3012 waiters=0 for 164ms
10-11 21:54:24.472: I/GceGrallocRegionRegistry(1334): Mapped gralloc-1334.25 hnd=0xb1eb6100 fd=24 base=0xb186e000 format=RGBA_8888(0x1) width=1600 height=96
10-11 21:54:24.472: I/GceGrallocRegionRegistry(1334): Mapped gralloc-1334.26 hnd=0xb1eb6280 fd=29 base=0xae66a000 format=RGBA_8888(0x1) width=1600 height=96
10-11 21:54:24.472: I/GceGrallocRegionRegistry(1334): Mapped gralloc-1334.27 hnd=0xb1eb6300 fd=30 base=0xae5d2000 format=RGBA_8888(0x1) width=1600 height=96
10-11 21:54:24.472: D/PhoneStatusBar(1780): disable: < expand icons alerts system_info back home* recent* clock search* >
10-11 21:54:24.473: I/Choreographer(1780): Skipped 69 frames!  The application may be doing too much work on its main thread.
10-11 21:54:24.476: I/GceGrallocRegionRegistry(1780): Mapped gralloc-1334.25 hnd=0x9d7b5600 fd=62 base=0xa10bb000 format=RGBA_8888(0x1) width=1600 height=96
10-11 21:54:24.597: E/memtrack(5185): Couldn't load memtrack module (No such file or directory)
10-11 21:54:24.597: E/android.os.Debug(5185): failed to load memtrack module: -2
10-11 21:54:24.615: D/AndroidRuntime(5185): Calling main entry com.android.commands.am.Am
10-11 21:54:24.616: I/ActivityManager(1690): Force stopping com.google.android.apps.mtaas.tools appid=10079 user=0: start instr
10-11 21:54:24.463: I/RenderThread(1780): type=1400 audit(0.0:97): avc: denied { read } for path=2F6465762F6173686D656D2F6772616C6C6F632D313333342E3235202864656C6574656429 dev="tmpfs" ino=136967 scontext=u:r:platform_app:s0 tcontext=u:object_r:surfaceflinger_tmpfs:s0 tclass=file permissive=1
10-11 21:54:24.719: I/ActivityManager(1690): Start proc 5195:com.google.android.apps.mtaas.tools/u0a79 for added application com.google.android.apps.mtaas.tools
10-11 21:54:24.761: I/Remoter(1326): Saved screenshot to '/data/screenshots/__pmv__-0067.jpg'
10-11 21:54:24.819: I/GceGrallocRegionRegistry(1780): Unmapped gralloc-1334.22 hnd=0xb3f09200 fd=53 base=0x9905e000
10-11 21:54:24.819: I/GceGrallocRegionRegistry(1780): Unmapped gralloc-1334.23 hnd=0xb3f095c0 fd=56 base=0x980bc000
10-11 21:54:24.819: I/GceGrallocRegionRegistry(1780): Unmapped gralloc-1334.24 hnd=0x9d7bb880 fd=57 base=0x9711a000
10-11 21:54:24.820: I/GceGrallocRegionRegistry(1334): Unmapped gralloc-1334.22 hnd=0xb1eb6800 fd=17 base=0xa285e000
10-11 21:54:24.822: I/GceGrallocRegionRegistry(1334): Unmapped gralloc-1334.24 hnd=0xb60393c0 fd=23 base=0xab85e000
10-11 21:54:24.839: I/GceGrallocRegionRegistry(1334): Mapped gralloc-1334.28 hnd=0xb1eb6340 fd=17 base=0xb645b000 format=RGBA_8888(0x1) width=1600 height=50
10-11 21:54:24.840: I/GceGrallocRegionRegistry(1780): Mapped gralloc-1334.28 hnd=0x9d7b7a80 fd=56 base=0xa1055000 format=RGBA_8888(0x1) width=1600 height=50
10-11 21:54:24.849: I/GceGrallocRegionRegistry(1334): Mapped gralloc-1334.29 hnd=0xb1eb6440 fd=23 base=0xb1808000 format=RGBA_8888(0x1) width=1600 height=50
10-11 21:54:24.849: I/GceGrallocRegionRegistry(1780): Mapped gralloc-1334.29 hnd=0x9fb1d540 fd=57 base=0xa0cf5000 format=RGBA_8888(0x1) width=1600 height=50
10-11 21:54:24.880: I/ActivityManager(1690): Config changes=2004 {1.0 310mcc260mnc es ldltr sw800dp w800dp h1207dp 320dpi xlrg port finger qwerty/v/v -nav/h s.6}
10-11 21:54:24.880: I/UsageStatsService(1690): User[0] Rolling over usage stats
10-11 21:54:24.880: I/UsageStatsService(1690): User[0] Flushing usage stats to disk
10-11 21:54:24.882: D/ActivityManager(1690): Storing locale es for decryption UI
10-11 21:54:24.929: I/UsageStatsService(1690): User[0] Rollover scheduled @ 2017-10-12 20:00:00(1507852800000)
10-11 21:54:24.929: I/UsageStatsService(1690): User[0] Flushing usage stats to disk
10-11 21:54:24.961: I/UsageStatsService(1690): User[0] Rolling over usage stats complete. Took 81 milliseconds
10-11 21:54:24.995: I/GceGrallocRegionRegistry(1334): Unmapped gralloc-1334.23 hnd=0xb6039280 fd=15 base=0xaf85e000
10-11 21:54:25.090: I/GceGrallocRegionRegistry(1780): Mapped gralloc-1334.26 hnd=0x9ec9e640 fd=61 base=0x9fe07000 format=RGBA_8888(0x1) width=1600 height=96
10-11 21:54:25.092: I/GceGrallocRegionRegistry(1334): Mapped gralloc-1334.30 hnd=0xb1eb6480 fd=15 base=0xb079a000 format=RGBA_8888(0x1) width=1600 height=50
10-11 21:54:25.092: I/GceGrallocRegionRegistry(1780): Mapped gralloc-1334.30 hnd=0x9d7b5580 fd=63 base=0xa0819000 format=RGBA_8888(0x1) width=1600 height=50
10-11 21:54:25.097: I/GceGrallocRegionRegistry(1780): Mapped gralloc-1334.27 hnd=0x9d7f17c0 fd=64 base=0x99f68000 format=RGBA_8888(0x1) width=1600 height=96
10-11 21:54:25.207: D/PermissionCache(1334): checking android.permission.READ_FRAME_BUFFER for uid=1000 => granted (33 us)
10-11 21:54:25.296: I/GceGrallocRegionRegistry(1334): Mapped gralloc-1334.31 hnd=0xb1eb6680 fd=34 base=0xab85e000 format=RGBA_8888(0x1) width=1600 height=2560
10-11 21:54:25.293: I/surfaceflinger(1334): type=1400 audit(0.0:98): avc: denied { execmem } for scontext=u:r:surfaceflinger:s0 tcontext=u:r:surfaceflinger:s0 tclass=process permissive=1
10-11 21:54:25.528: W/art(1690): Long monitor contention event with owner method=void com.android.server.wm.WindowManagerService.startAppFreezingScreen(android.os.IBinder, int) from WindowManagerService.java:4732 waiters=0 for 422ms
10-11 21:54:25.529: W/art(1690): Long monitor contention event with owner method=void com.android.server.am.ActivityManagerService.updateConfiguration(android.content.res.Configuration) from ActivityManagerService.java:16664 waiters=0 for 577ms
10-11 21:54:25.530: D/ChangeLocale(5195): Instrumentation completed successfully
10-11 21:54:25.530: W/art(1690): Long monitor contention event with owner method=void com.android.server.am.ActivityManagerService.updateConfiguration(android.content.res.Configuration) from ActivityManagerService.java:16664 waiters=1 for 542ms
10-11 21:54:25.532: I/ActivityManager(1690): Force stopping com.google.android.apps.mtaas.tools appid=10079 user=0: finished inst
10-11 21:54:25.532: I/ActivityManager(1690): Killing 5195:com.google.android.apps.mtaas.tools/u0a79 (adj 0): stop com.google.android.apps.mtaas.tools
10-11 21:54:25.532: D/AndroidRuntime(5185): Shutting down VM
10-11 21:54:25.537: W/ResourcesManager(1690): Asset path '/system/framework/com.google.android.maps.jar' does not exist or contains no resources.
10-11 21:54:25.648: W/art(1690): Long monitor contention event with owner method=void com.android.server.am.ActivityManagerService.updateConfiguration(android.content.res.Configuration) from ActivityManagerService.java:16664 waiters=2 for 547ms
10-11 21:54:25.648: W/art(1690): Long monitor contention event with owner method=void com.android.server.am.ActivityManagerService.finishInstrumentation(android.app.IApplicationThread, int, android.os.Bundle) from ActivityManagerService.java:16596 waiters=1 for 118ms
10-11 21:54:25.665: W/ActivityManager(1690): Spurious death for ProcessRecord{1baef9ab 5195:com.google.android.apps.mtaas.tools/u0a79}, curProc for 5195: null
10-11 21:54:25.670: D/Finsky(4730): [1] ClearCacheReceiver.onReceive: Received android.intent.action.LOCALE_CHANGED. Clearing cache and exiting.
10-11 21:54:25.670: D/Volley(4730): [323] DiskBasedCache.clear: Cache cleared.
10-11 21:54:25.671: D/Volley(4730): [330] DiskBasedCache.clear: Cache cleared.
10-11 21:54:25.676: W/KeyphraseEnrollmentInfo(1941): Enrollment application doesn't support keyphrases
10-11 21:54:25.709: W/KeyphraseEnrollmentInfo(1941): Enrollment application doesn't support keyphrases
10-11 21:54:25.731: I/UpdateIcingCorporaServi(2156): Updating corpora: APPS=FORCE_ALL, CONTACTS=FORCE_ALL
10-11 21:54:25.739: I/SearchServiceFactory(2156): refreshing internal icing corpora
10-11 21:54:25.743: I/ContactLocale(4480): AddressBook Labels [es]: [, A, B, C, D, E, F, G, H, I, J, K, L, M, N, , O, P, Q, R, S, T, U, V, W, X, Y, Z, , , , , , , , , , , , , , , , , , , , , , , , , , , , , , , , , , , , , , , , , , , , , , , , , , , , , , , , , , , , , , , , , , , , , , , , , , , , , , , , , , , , , , , , , , , , , , , , , , , , , , , , , , , , , , , , , , , , , , , , , , , , , , , , , , , , , , , , , , , , , , , , , , , , , , , , , , , , , , , , , , , , , , , , , , , , , , , , , , , , , , , , , , , , #, ]
10-11 21:54:25.745: E/HotwordDataManager(2156): No model available at /data/data/com.google.android.googlequicksearchbox/files/es-ES/hotword.data
10-11 21:54:25.745: E/HotwordDataManager(2156): java.io.FileNotFoundException: /data/data/com.google.android.googlequicksearchbox/files/es-ES/hotword.data: open failed: ENOENT (No such file or directory)
10-11 21:54:25.745: E/HotwordDataManager(2156): 	at libcore.io.IoBridge.open(IoBridge.java:456)
10-11 21:54:25.745: E/HotwordDataManager(2156): 	at java.io.FileInputStream.<init>(FileInputStream.java:76)
10-11 21:54:25.745: E/HotwordDataManager(2156): 	at izp.Rg(PG:102)
10-11 21:54:25.745: E/HotwordDataManager(2156): 	at izk.a(PG:249)
10-11 21:54:25.745: E/HotwordDataManager(2156): 	at izo.m(PG:197)
10-11 21:54:25.745: E/HotwordDataManager(2156): 	at dgl.jC(PG:218)
10-11 21:54:25.745: E/HotwordDataManager(2156): 	at dgn.run(PG:187)
10-11 21:54:25.745: E/HotwordDataManager(2156): 	at java.util.concurrent.Executors$RunnableAdapter.call(Executors.java:422)
10-11 21:54:25.745: E/HotwordDataManager(2156): 	at java.util.concurrent.FutureTask.run(FutureTask.java:237)
10-11 21:54:25.745: E/HotwordDataManager(2156): 	at java.util.concurrent.ScheduledThreadPoolExecutor$ScheduledFutureTask.access$201(ScheduledThreadPoolExecutor.java:152)
10-11 21:54:25.745: E/HotwordDataManager(2156): 	at java.util.concurrent.ScheduledThreadPoolExecutor$ScheduledFutureTask.run(ScheduledThreadPoolExecutor.java:265)
10-11 21:54:25.745: E/HotwordDataManager(2156): 	at java.util.concurrent.ThreadPoolExecutor.runWorker(ThreadPoolExecutor.java:1112)
10-11 21:54:25.745: E/HotwordDataManager(2156): 	at java.util.concurrent.ThreadPoolExecutor$Worker.run(ThreadPoolExecutor.java:587)
10-11 21:54:25.745: E/HotwordDataManager(2156): 	at java.lang.Thread.run(Thread.java:818)
10-11 21:54:25.745: E/HotwordDataManager(2156): 	at feg.run(PG:80)
10-11 21:54:25.745: E/HotwordDataManager(2156): Caused by: android.system.ErrnoException: open failed: ENOENT (No such file or directory)
10-11 21:54:25.745: E/HotwordDataManager(2156): 	at libcore.io.Posix.open(Native Method)
10-11 21:54:25.745: E/HotwordDataManager(2156): 	at libcore.io.BlockGuardOs.open(BlockGuardOs.java:186)
10-11 21:54:25.745: E/HotwordDataManager(2156): 	at libcore.io.IoBridge.open(IoBridge.java:442)
10-11 21:54:25.745: E/HotwordDataManager(2156): 	... 14 more
10-11 21:54:25.746: I/ActivityManager(1690): Start proc 5219:com.google.android.calendar/u0a31 for broadcast com.google.android.calendar/com.android.calendar.alerts.AlertReceiver
10-11 21:54:25.749: I/Choreographer(1780): Skipped 39 frames!  The application may be doing too much work on its main thread.
10-11 21:54:25.760: I/art(4730): System.exit called, status: 0
10-11 21:54:25.760: I/AndroidRuntime(4730): VM exiting with result code 0, cleanup skipped.
10-11 21:54:25.795: I/art(2021): Explicit concurrent mark sweep GC freed 34345(2MB) AllocSpace objects, 27(2MB) LOS objects, 40% free, 12MB/20MB, paused 58.341ms total 128.688ms
10-11 21:54:25.806: W/asset(2156): Asset path /system/framework/com.google.android.dialer.support.jar is neither a directory nor file (type=1).
10-11 21:54:25.806: W/ResourcesManager(2156): Asset path '/system/framework/com.google.android.dialer.support.jar' does not exist or contains no resources.
10-11 21:54:25.827: E/SQLiteLog(5219): (283) recovered 17 frames from WAL file /data/data/com.google.android.calendar/databases/timelydata.db-wal
10-11 21:54:25.894: I/ActivityManager(1690): Process com.android.vending (pid 4730) has died
10-11 21:54:25.895: W/art(2156): Long monitor contention event with owner method=boolean com.google.android.velvet.VelvetBackgroundTasksImpl.aNm() from PG:159 waiters=0 for 150ms
10-11 21:54:25.901: W/InputMethodInfo(1690): Duplicated subtype definition found: , voice
10-11 21:54:25.913: I/InputMethodManagerService(1690): Selected default: com.google.android.inputmethod.latin/com.android.inputmethod.latin.LatinIME
10-11 21:54:25.930: W/InputMethodManagerService(1690): Illegal subtype state: old subtype = null, new subtype = android.view.inputmethod.InputMethodSubtype@30a6e00e
10-11 21:54:25.957: I/art(2021): Explicit concurrent mark sweep GC freed 5437(437KB) AllocSpace objects, 5(442KB) LOS objects, 40% free, 11MB/18MB, paused 122.847ms total 131.532ms
10-11 21:54:25.963: I/SearchServiceFactory(2156): refreshing search history.
10-11 21:54:25.965: W/GAV2(2156): Thread[Background Non-Blocking-3,5,main]: dispatch call queued.  Need to call GAServiceManager.getInstance().initialize().
10-11 21:54:25.965: W/LocationOracleImpl(2156): Best location was null
10-11 21:54:25.984: W/Search.SearchUrlHelper(2156): Auth token not ready, no auth header set.
10-11 21:54:25.998: I/ContactsProvider(4480): Locale has changed from en-US to es
10-11 21:54:26.012: I/ActivityManager(1690): Start proc 5253:com.android.providers.calendar/u0a2 for content provider com.android.providers.calendar/.CalendarProvider2
10-11 21:54:26.013: I/art(2021): Explicit concurrent mark sweep GC freed 7(280B) AllocSpace objects, 0(0B) LOS objects, 40% free, 11MB/18MB, paused 311us total 56.008ms
10-11 21:54:26.034: I/ContactsDatabaseHelper(4480): Switching to locale es (ICU v53.1.0.1)
10-11 21:54:26.070: W/ActivityManager(1690): Unable to start service Intent { act=com.google.android.gms.playlog.service.START pkg=com.google.android.gms } U=0: not found
10-11 21:54:26.070: E/GmsClient(5219): unable to connect to service: com.google.android.gms.playlog.service.START
10-11 21:54:26.072: E/TimelyPrefService(5219): Primary account is null
10-11 21:54:26.078: I/GceGrallocRegionRegistry(2021): Unmapped gralloc-1334.18 hnd=0xb3fdaec0 fd=47 base=0x9785e000
10-11 21:54:26.078: I/GceGrallocRegionRegistry(2021): Unmapped gralloc-1334.19 hnd=0xb3d21a00 fd=39 base=0x9b45e000
10-11 21:54:26.079: I/GceGrallocRegionRegistry(2021): Unmapped gralloc-1334.20 hnd=0xa03490c0 fd=40 base=0x968bc000
10-11 21:54:26.080: I/GceGrallocRegionRegistry(1334): Unmapped gralloc-1334.18 hnd=0xb1eb6580 fd=35 base=0xa8f9a000
10-11 21:54:26.081: I/GceGrallocRegionRegistry(1334): Unmapped gralloc-1334.20 hnd=0xb1eb6600 fd=38 base=0xa7056000
10-11 21:54:26.108: W/Launcher(2021): setApplicationContext called twice! old=com.android.launcher3.LauncherApplication@384990f8 new=com.android.launcher3.LauncherApplication@384990f8
10-11 21:54:26.118: W/ResourcesManager(2156): Asset path '/system/framework/com.google.android.media.effects.jar' does not exist or contains no resources.
10-11 21:54:26.119: W/ResourcesManager(5253): Asset path '/system/framework/android.test.runner.jar' does not exist or contains no resources.
10-11 21:54:26.127: I/Icing(2227): IndexChimeraService.getServiceInterface callingPackage=com.google.android.inputmethod.latin componentName=null serviceId=21
10-11 21:54:26.135: W/ResourceType(2021): Attempt to retrieve bag 0x7f0d0008 which is invalid or in a cycle.
10-11 21:54:26.153: W/AnalyticsLogBase(5219): PlayLogger.onLoggerFailedConnection
10-11 21:54:26.210: I/CalendarProvider2(5253): Created com.android.providers.calendar.CalendarAlarmManager@cc9805b(com.android.providers.calendar.CalendarProvider2@384990f8)
10-11 21:54:26.255: D/Launcher(2021): 11683562 - bindAddScreens()
10-11 21:54:26.255: D/Launcher(2021): 11683562 -   orderedScreenIds: 3
10-11 21:54:26.255: D/Launcher.Workspace(2021): 11683562 - insertNewWorkspaceScreen(): 3 at index: 0
10-11 21:54:26.261: V/AlarmClock(3835): AlarmInitReceiver android.intent.action.LOCALE_CHANGED
10-11 21:54:26.267: W/ResourcesManager(2021): Asset path '/system/framework/com.google.android.maps.jar' does not exist or contains no resources.
10-11 21:54:26.338: I/GceGrallocRegionRegistry(1334): Unmapped gralloc-1334.19 hnd=0xb1eb65c0 fd=37 base=0xa7ff8000
10-11 21:54:26.422: V/AlarmClock(3835): AlarmInitReceiver finished
10-11 21:54:26.424: V/WindowManager(1690): Based on layer: Adding window Window{1b71514 u0 com.android.launcher3/com.android.launcher3.Launcher} at 1 of 6
10-11 21:54:26.459: I/ActivityManager(1690): Start proc 5278:com.google.android.apps.fitness/u0a40 for broadcast com.google.android.apps.fitness/.FitnessLocaleChangedReceiver
10-11 21:54:26.465: D/AndroidRuntime(5241): >>>>>> START com.android.internal.os.RuntimeInit uid 0 <<<<<<
10-11 21:54:26.466: D/AndroidRuntime(5241): CheckJNI is OFF
10-11 21:54:26.479: I/Choreographer(2021): Skipped 48 frames!  The application may be doing too much work on its main thread.
10-11 21:54:26.480: D/Launcher.Model(2021): 11683562 - loadWorkspace()
10-11 21:54:26.480: D/Launcher.Model(2021): 11683562 -   loadedOldDb: false
10-11 21:54:26.485: W/asset(2021): Asset path /system/framework/com.google.android.dialer.support.jar is neither a directory nor file (type=1).
10-11 21:54:26.485: W/ResourcesManager(2021): Asset path '/system/framework/com.google.android.dialer.support.jar' does not exist or contains no resources.
10-11 21:54:26.499: D/Launcher.Model(2021): 11683562 - loadWorkspaceScreensDb()
10-11 21:54:26.499: D/Launcher.Model(2021): 11683562 -   screens: { 0: 3 }
10-11 21:54:26.499: D/Launcher.Model(2021): 11683562 -   sBgWorkspaceScreens: 3
10-11 21:54:26.531: I/GceGrallocRegionRegistry(1334): Mapped gralloc-1334.32 hnd=0xb1eb6640 fd=31 base=0xa985e000 format=RGBA_8888(0x1) width=1600 height=2560
10-11 21:54:26.531: I/GceGrallocRegionRegistry(1334): Mapped gralloc-1334.33 hnd=0xb1eb6600 fd=32 base=0xa88bc000 format=RGBA_8888(0x1) width=1600 height=2560
10-11 21:54:26.531: I/GceGrallocRegionRegistry(1334): Mapped gralloc-1334.34 hnd=0xb1eb6580 fd=33 base=0xa791a000 format=RGBA_8888(0x1) width=1600 height=2560
10-11 21:54:26.576: I/FitnessApp(5278): Validating ObjectGraph
10-11 21:54:26.599: I/ContactsDatabaseHelper(4480): Locale change completed in 565ms
10-11 21:54:26.599: I/ContactsDatabaseHelper(4480): Switching to locale es (ICU v53.1.0.1)
10-11 21:54:26.634: E/memtrack(5241): Couldn't load memtrack module (No such file or directory)
10-11 21:54:26.634: E/android.os.Debug(5241): failed to load memtrack module: -2
10-11 21:54:26.739: D/AndroidRuntime(5241): Calling main entry com.android.commands.settings.SettingsCmd
10-11 21:54:26.746: I/FitnessApp(5278): Initializers took 104 milliseconds
10-11 21:54:26.749: I/SystemBroadcastReceiver(1972): System locale changed
10-11 21:54:26.761: D/SettingsProvider(1690): User 0 external modification to /data/data/com.android.providers.settings/databases/settings.db; event=2
10-11 21:54:26.761: D/SettingsProvider(1690): User 0 updating our caches for /data/data/com.android.providers.settings/databases/settings.db
10-11 21:54:26.765: D/AndroidRuntime(5241): Shutting down VM
10-11 21:54:26.769: E/art(5241): Thread attaching while runtime is shutting down: Binder_2
10-11 21:54:26.769: I/AndroidRuntime(5241): NOTE: attach of thread 'Binder_2' failed
10-11 21:54:26.854: I/GceGrallocRegionRegistry(2021): Mapped gralloc-1334.32 hnd=0x9f2569c0 fd=50 base=0x9785e000 format=RGBA_8888(0x1) width=1600 height=2560
10-11 21:54:26.883: W/art(2227): Long monitor contention event with owner method=usj usg.a(usj, long) from :com.google.android.gms@11519270:7 waiters=0 for 509ms
10-11 21:54:26.899: I/ActivityManager(1690): Start proc 5310:com.google.android.gm/u0a70 for broadcast com.google.android.gm/.MailIntentReceiver
10-11 21:54:26.843: I/RenderThread(2021): type=1400 audit(0.0:99): avc: denied { read } for path=2F6465762F6173686D656D2F6772616C6C6F632D313333342E3332202864656C6574656429 dev="tmpfs" ino=137728 scontext=u:r:untrusted_app:s0 tcontext=u:object_r:surfaceflinger_tmpfs:s0 tclass=file permissive=1
10-11 21:54:26.911: I/Icing(2227): IndexChimeraService.getServiceInterface callingPackage=com.google.android.googlequicksearchbox componentName=null serviceId=21
10-11 21:54:26.922: I/Remoter(1326): Saved screenshot to '/data/screenshots/__pmv__-0068.jpg'
10-11 21:54:26.957: D/ActivityThread(5310): Loading provider com.google.android.gmail.provider;com.android.mail.notifier;com.google.android.gm.email.provider;com.google.android.gm.email.notifier: com.android.email.provider.EmailProvider
10-11 21:54:26.957: I/ContactsDatabaseHelper(4480): Locale change completed in 358ms
10-11 21:54:26.988: I/ActivityManager(1690): Start proc 5338:com.google.android.gm.exchange/u0a69 for service com.google.android.gm.exchange/com.android.exchange.service.EasService
10-11 21:54:26.997: W/GAV2(5310): Thread[main,5,main]: Need to call initialize() and be in fallback mode to start dispatch.
10-11 21:54:27.016: W/Conscrypt(2283): Could not set socket write timeout:
10-11 21:54:27.017: W/Conscrypt(2283):    java.lang.reflect.Method.invoke(Native Method)
10-11 21:54:27.017: W/Conscrypt(2283):    java.lang.reflect.Method.invoke(Method.java:372)
10-11 21:54:27.025: I/WindowManager(1690): Screen frozen for +1s919ms due to Window{1b71514 u0 com.android.launcher3/com.android.launcher3.Launcher}
10-11 21:54:27.124: I/Icing(2227): IndexChimeraService.getServiceInterface callingPackage=com.google.android.gm componentName=null serviceId=21
10-11 21:54:27.186: W/ChimeraUtils(2227): Non Chimera context
10-11 21:54:27.252: I/Icing(2227): IndexChimeraService.getServiceInterface callingPackage=com.google.android.gms componentName=AppsCorpus serviceId=36
10-11 21:54:27.252: I/Icing(2227): IndexChimeraService.getServiceInterface callingPackage=com.google.android.gms componentName=AppsCorpus serviceId=32
10-11 21:54:27.255: I/Icing(2227): Query from com.google.android.gms package restrict com.google.android.gms start 0 num 100
10-11 21:54:27.270: I/art(2283): Explicit concurrent mark sweep GC freed 80891(4MB) AllocSpace objects, 4(64KB) LOS objects, 40% free, 17MB/29MB, paused 550us total 343.822ms
10-11 21:54:27.272: I/Icing(2227): Usage reports 0 indexed 0 rejected 0 imm upload false
10-11 21:54:27.274: I/Icing(2227): Usage reports 0 indexed 0 rejected 0 imm upload true
10-11 21:54:27.319: I/ApplicationLogger(2156): canRun() : Opted Out
10-11 21:54:27.321: I/Icing(2227): Usage reports 0 indexed 0 rejected 0 imm upload false
10-11 21:54:27.351: I/Icing(2227): IndexChimeraService.getServiceInterface callingPackage=com.google.android.gms componentName=AppsCorpus serviceId=32
10-11 21:54:27.352: I/Icing(2227): IndexChimeraService.getServiceInterface callingPackage=com.google.android.gms componentName=AppsCorpus serviceId=36
10-11 21:54:27.356: I/NotifUtils(5310): resendNotifications cancelExisting: true, account: null, folder: null
10-11 21:54:27.357: I/NotifUtils(5310): resendNotifications cancelExisting: true, account: null, folder: null
10-11 21:54:27.358: I/Gmail(5310): getAccountsCursor
10-11 21:54:27.386: I/CalendarProvider2(5253): Sending notification intent: Intent { act=android.intent.action.PROVIDER_CHANGED dat=content://com.android.calendar }
10-11 21:54:27.386: W/ContentResolver(5253): Failed to get type for: content://com.android.calendar (Unknown URL content://com.android.calendar)
10-11 21:54:27.429: W/art(5310): Long monitor contention event with owner method=void android.database.sqlite.SQLiteConnection.nativeExecute(long, long) from SQLiteConnection.java:4294967294 waiters=1 for 288ms
10-11 21:54:27.429: I/ContactsFTS(4480): Rebuild contact search index in 454ms, 0 contacts
10-11 21:54:27.436: I/Exchange(5338): EasService.onCreate
10-11 21:54:27.450: I/IcingInternalCorpora(2227): Received calendar change notification.
10-11 21:54:27.497: I/art(1690): Explicit concurrent mark sweep GC freed 28859(1997KB) AllocSpace objects, 26(864KB) LOS objects, 33% free, 16MB/25MB, paused 351us total 79.618ms
10-11 21:54:27.504: I/Exchange(5338): RestartPingTask
10-11 21:54:27.509: W/art(2227): Long monitor contention event with owner method=void tvr.a(java.lang.String, twl, twc) from :com.google.android.gms@11519270:282 waiters=0 for 157ms
10-11 21:54:27.509: W/ActivityManager(1690): Unable to start service Intent { cmp=com.google.android.gm/com.android.email.service.AttachmentService } U=0: not found
10-11 21:54:27.538: I/ContactLogger(2156): canRun() : Opted Out
10-11 21:54:27.538: I/UpdateIcingCorporaServi(2156): UpdateCorporaTask done [took 1807 ms] updated apps [took 1588 ms] updated contacts [took 219 ms]
10-11 21:54:27.560: I/UpdateIcingCorporaServi(2156): Updating corpora: APPS=MAYBE, CONTACTS=MAYBE
10-11 21:54:27.565: I/ApplicationLogger(2156): canRun() : Opted Out
10-11 21:54:27.565: I/UpdateIcingCorporaServi(2156): UpdateCorporaTask done [took 5 ms] updated apps [took 5 ms] 
10-11 21:54:27.569: I/Exchange(5338): RestartPingsTask did not start any pings.
10-11 21:54:27.569: I/Exchange(5338): PSS stopIfIdle
10-11 21:54:27.569: I/Exchange(5338): PSS has no active accounts; stopping service.
10-11 21:54:27.569: W/ActivityManager(1690): Unable to start service Intent { cmp=com.google.android.gm/com.android.email.service.AttachmentService } U=0: not found
10-11 21:54:27.571: I/Gmail(5310): getAccountsCursor
10-11 21:54:27.574: I/Exchange(5338): onDestroy
10-11 21:54:27.587: I/Gmail(5310): Observing account changes for notifications
10-11 21:54:27.597: D/AndroidRuntime(5362): >>>>>> START com.android.internal.os.RuntimeInit uid 0 <<<<<<
10-11 21:54:27.598: D/AndroidRuntime(5362): CheckJNI is OFF
10-11 21:54:27.661: I/Gmail(5310): getAccountsCursor
10-11 21:54:27.701: I/Icing(2227): Usage reports 0 indexed 0 rejected 0 imm upload false
10-11 21:54:27.729: I/Icing(2227): Usage reports 0 indexed 0 rejected 0 imm upload false
10-11 21:54:27.737: I/Icing(2227): Usage reports 0 indexed 0 rejected 0 imm upload false
10-11 21:54:27.751: I/Icing(2227): Usage reports 0 indexed 0 rejected 0 imm upload false
10-11 21:54:27.769: E/memtrack(5362): Couldn't load memtrack module (No such file or directory)
10-11 21:54:27.769: E/android.os.Debug(5362): failed to load memtrack module: -2
10-11 21:54:27.798: D/AndroidRuntime(5362): Calling main entry com.android.commands.settings.SettingsCmd
10-11 21:54:27.839: W/art(1690): Long monitor contention event with owner method=void com.android.server.wm.WindowManagerService$H.handleMessage(android.os.Message) from WindowManagerService.java:7695 waiters=0 for 813ms
10-11 21:54:27.844: I/Choreographer(2021): Skipped 77 frames!  The application may be doing too much work on its main thread.
10-11 21:54:27.847: D/AndroidRuntime(5362): Shutting down VM
10-11 21:54:27.879: W/Conscrypt(2283): Could not set socket write timeout:
10-11 21:54:27.879: W/Conscrypt(2283):    java.lang.reflect.Method.invoke(Native Method)
10-11 21:54:27.879: W/Conscrypt(2283):    java.lang.reflect.Method.invoke(Method.java:372)
10-11 21:54:27.905: E/art(5362): Thread attaching while runtime is shutting down: Binder_1
10-11 21:54:27.905: I/AndroidRuntime(5362): NOTE: attach of thread 'Binder_1' failed
10-11 21:54:28.009: I/GceGrallocRegionRegistry(2021): Mapped gralloc-1334.33 hnd=0x9f250f00 fd=52 base=0x968bc000 format=RGBA_8888(0x1) width=1600 height=2560
10-11 21:54:28.266: W/art(1690): Long monitor contention event with owner method=void com.android.server.wm.WindowAnimator$1.run() from WindowAnimator.java:124 waiters=0 for 197ms
10-11 21:54:28.341: I/Icing(2227): Indexing 78809412366E3FB9E25492F12C0E3355617CA57E from com.google.android.googlequicksearchbox
10-11 21:54:28.389: W/ActivityManager(1690): getRunningAppProcesses: caller 10078 does not hold REAL_GET_TASKS; limiting output
10-11 21:54:28.485: W/art(1690): Long monitor contention event with owner method=void com.android.server.wm.WindowAnimator$1.run() from WindowAnimator.java:124 waiters=0 for 219ms
10-11 21:54:28.544: I/MetadataService(1326): Processed 0 update/creates for instance/attributes/
10-11 21:54:28.544: I/MetadataService(1326): Processed 0 update/creates for project/attributes/
10-11 21:54:28.589: I/GceGrallocRegionRegistry(1334): Unmapped gralloc-1334.31 hnd=0xb1eb6680 fd=34 base=0xab85e000
10-11 21:54:28.600: I/Choreographer(2021): Skipped 44 frames!  The application may be doing too much work on its main thread.
10-11 21:54:28.608: D/Launcher(2021): 11683562 - bindAddScreens()
10-11 21:54:28.608: D/Launcher(2021): 11683562 -   orderedScreenIds: 3
10-11 21:54:28.608: D/Launcher.Workspace(2021): 11683562 - insertNewWorkspaceScreen(): 3 at index: 0
10-11 21:54:28.640: I/art(2283): Background sticky concurrent mark sweep GC freed 94449(4MB) AllocSpace objects, 21(5MB) LOS objects, 22% free, 23MB/29MB, paused 672us total 113.745ms
10-11 21:54:28.533: I/gce.meta.proxy(978): type=1400 audit(0.0:100): avc: denied { create } for scontext=u:r:kernel:s0 tcontext=u:r:kernel:s0 tclass=tcp_socket permissive=1
10-11 21:54:28.729: I/LocaleChangeIO(2283): Requesting GmsCore restart due to change in locale assets
10-11 21:54:28.731: I/Process(2283): Sending signal. PID: 2283 SIG: 9
10-11 21:54:28.739: I/Process(2227): Sending signal. PID: 2227 SIG: 9
10-11 21:54:28.742: D/AndroidRuntime(5395): >>>>>> START com.android.internal.os.RuntimeInit uid 0 <<<<<<
10-11 21:54:28.743: D/AndroidRuntime(5395): CheckJNI is OFF
10-11 21:54:28.749: D/GpsStatusListenerHelper(1690): Remote Listener died: android.location.IGpsStatusListener$Stub$Proxy@23087c04
10-11 21:54:28.750: V/BackupManagerService(1690): Disconnected from transport ComponentInfo{com.google.android.gms/com.google.android.gms.backup.BackupTransportService}
10-11 21:54:28.750: V/BackupManagerService(1690): Registering transport com.google.android.gms/.backup.BackupTransportService::null = null
10-11 21:54:28.750: D/WifiService(1690): Client connection lost with reason: 4
10-11 21:54:28.533: I/gce.meta.proxy(978): type=1400 audit(0.0:101): avc: denied { name_connect } for dest=80 scontext=u:r:kernel:s0 tcontext=u:object_r:port:s0 tclass=tcp_socket permissive=1
10-11 21:54:28.784: I/Process(4767): Sending signal. PID: 4767 SIG: 9
10-11 21:54:28.786: E/memtrack(5395): Couldn't load memtrack module (No such file or directory)
10-11 21:54:28.786: E/android.os.Debug(5395): failed to load memtrack module: -2
10-11 21:54:28.789: I/GceGrallocRegionRegistry(2021): Mapped gralloc-1334.34 hnd=0x9f256740 fd=53 base=0x9591a000 format=RGBA_8888(0x1) width=1600 height=2560
10-11 21:54:28.800: D/ConnectivityService(1690): ConnectivityService NetworkRequestInfo binderDied(NetworkRequest [ id=3, legacyType=-1, [ Capabilities: INTERNET&NOT_RESTRICTED&TRUSTED&NOT_VPN] ], android.os.BinderProxy@2f7e35ed)
10-11 21:54:28.800: D/ConnectivityService(1690): releasing NetworkRequest NetworkRequest [ id=3, legacyType=-1, [ Capabilities: INTERNET&NOT_RESTRICTED&TRUSTED&NOT_VPN] ]
10-11 21:54:28.807: E/ConnectivityService(1690): RemoteException caught trying to send a callback msg for NetworkRequest [ id=3, legacyType=-1, [ Capabilities: INTERNET&NOT_RESTRICTED&TRUSTED&NOT_VPN] ]
10-11 21:54:28.807: D/WifiService(1690): Client connection lost with reason: 4
10-11 21:54:28.807: I/ActivityManager(1690): Process com.google.android.gms.persistent (pid 2283) has died
10-11 21:54:28.808: W/ActivityManager(1690): Scheduling restart of crashed service com.google.android.gms/.usagereporting.service.UsageReportingService in 1000ms
10-11 21:54:28.808: W/ActivityManager(1690): Scheduling restart of crashed service com.google.android.gms/com.google.android.location.internal.GoogleLocationManagerService in 11000ms
10-11 21:54:28.808: W/ActivityManager(1690): Scheduling restart of crashed service com.google.android.gms/.pseudonymous.service.PseudonymousIdService in 21000ms
10-11 21:54:28.808: W/ActivityManager(1690): Scheduling restart of crashed service com.google.android.gms/.phenotype.service.PhenotypeService in 31000ms
10-11 21:54:28.808: W/ActivityManager(1690): Scheduling restart of crashed service com.google.android.gms/com.google.android.contextmanager.service.ContextManagerService in 40999ms
10-11 21:54:28.808: W/ActivityManager(1690): Scheduling restart of crashed service com.google.android.gms/com.google.android.location.network.NetworkLocationService in 50999ms
10-11 21:54:28.808: W/ActivityManager(1690): Scheduling restart of crashed service com.google.android.gms/com.google.android.location.internal.server.GoogleLocationService in 60999ms
10-11 21:54:28.808: W/ActivityManager(1690): Scheduling restart of crashed service com.google.android.gms/.common.stats.GmsCoreStatsService in 70999ms
10-11 21:54:28.808: W/ActivityManager(1690): Scheduling restart of crashed service com.google.android.gms/com.google.android.location.reporting.service.ReportingAndroidService in 80999ms
10-11 21:54:28.808: W/ActivityManager(1690): Scheduling restart of crashed service com.google.android.gms/.auth.setup.devicesignals.LockScreenService in 90999ms
10-11 21:54:28.808: W/ActivityManager(1690): Scheduling restart of crashed service com.google.android.gms/.backup.BackupTransportService in 100999ms
10-11 21:54:28.808: W/ActivityManager(1690): Scheduling restart of crashed service com.google.android.gms/.lockbox.service.LockboxBrokerService in 110999ms
10-11 21:54:28.808: W/ActivityManager(1690): Scheduling restart of crashed service com.google.android.gms/com.google.android.location.geofencer.service.GeofenceProviderService in 120999ms
10-11 21:54:28.808: W/ActivityManager(1690): Scheduling restart of crashed service com.google.android.gms/.gcm.GcmService in 130999ms
10-11 21:54:28.808: W/ActivityManager(1690): Scheduling restart of crashed service com.google.android.gms/com.google.android.location.geocode.GeocodeService in 140999ms
10-11 21:54:28.808: W/ActivityManager(1690): Scheduling restart of crashed service com.google.android.gms/.deviceconnection.service.DeviceConnectionWatcherService in 150999ms
10-11 21:54:28.808: W/ActivityManager(1690): Scheduling restart of crashed service com.google.android.gms/.clearcut.service.ClearcutLoggerService in 160999ms
10-11 21:54:28.808: W/ActivityManager(1690): Scheduling restart of crashed service com.google.android.gms/.chimera.PersistentIntentOperationService in 170999ms
10-11 21:54:28.808: W/ActivityManager(1690): Scheduling restart of crashed service com.google.android.gms/com.google.android.location.fused.FusedLocationService in 180999ms
10-11 21:54:28.808: W/ActivityManager(1690): Scheduling restart of crashed service com.google.android.gms/.auth.account.service.WorkAccountService in 190999ms
10-11 21:54:28.812: D/AndroidRuntime(5395): Calling main entry com.android.commands.am.Am
10-11 21:54:28.839: E/Volley(3174): [274] xa.a: Unexpected response code 503 for https://www.googleapis.com/youtubei/v1/notification_registration/set_registration?key=AIzaSyA8eiZmM1FaDVjRy-df2KTyQ_vz_yYM39w
10-11 21:54:28.842: I/ActivityManager(1690): Process com.google.android.gms:car (pid 4767) has died
10-11 21:54:28.842: I/ActivityManager(1690): Process com.google.android.gms (pid 2227) has died
10-11 21:54:28.842: W/ActivityManager(1690): Scheduling restart of crashed service com.google.android.gms/.ads.identifier.service.AdvertisingIdService in 20965ms
10-11 21:54:28.842: W/ActivityManager(1690): Scheduling restart of crashed service com.google.android.gms/.icing.service.IndexWorkerService in 190965ms
10-11 21:54:28.843: W/ActivityManager(1690): Scheduling restart of crashed service com.google.android.gms/.icing.service.IndexService in 190965ms
10-11 21:54:28.843: W/ActivityManager(1690): Scheduling restart of crashed service com.google.android.gms/.chimera.GmsIntentOperationService in 200965ms
10-11 21:54:28.843: W/YouTube(3174): (unknown) Could not register for notifications with InnerTube: 
10-11 21:54:28.843: W/YouTube(3174): fay: java.util.concurrent.ExecutionException: wu
10-11 21:54:28.843: W/YouTube(3174): 	at ezo.a(SourceFile:103)
10-11 21:54:28.843: W/YouTube(3174): 	at fpl.run(SourceFile:57)
10-11 21:54:28.843: W/YouTube(3174): 	at java.util.concurrent.ThreadPoolExecutor.runWorker(ThreadPoolExecutor.java:1112)
10-11 21:54:28.843: W/YouTube(3174): 	at java.util.concurrent.ThreadPoolExecutor$Worker.run(ThreadPoolExecutor.java:587)
10-11 21:54:28.843: W/YouTube(3174): 	at ers.run(SourceFile:40)
10-11 21:54:28.843: W/YouTube(3174): 	at java.lang.Thread.run(Thread.java:818)
10-11 21:54:28.843: W/YouTube(3174): Caused by: java.util.concurrent.ExecutionException: wu
10-11 21:54:28.843: W/YouTube(3174): 	at xv.a(SourceFile:117)
10-11 21:54:28.843: W/YouTube(3174): 	at xv.get(SourceFile:88)
10-11 21:54:28.843: W/YouTube(3174): 	at goc.get(SourceFile:69)
10-11 21:54:28.843: W/YouTube(3174): 	at ezo.a(SourceFile:99)
10-11 21:54:28.843: W/YouTube(3174): 	... 5 more
10-11 21:54:28.843: W/YouTube(3174): Caused by: wu
10-11 21:54:28.843: W/YouTube(3174): 	at xa.a(SourceFile:145)
10-11 21:54:28.843: W/YouTube(3174): 	at gnu.a(SourceFile:49)
10-11 21:54:28.843: W/YouTube(3174): 	at wg.run(SourceFile:105)
10-11 21:54:28.843: I/ActivityManager(1690): START u0 {flg=0x10000000 cmp=com.google.android.apps.mtaas.backdrop/.BackdropActivity} from uid 0 on display 0
10-11 21:54:28.844: V/WindowManager(1690): addAppToken: AppWindowToken{3f935470 token=Token{350ac6b3 ActivityRecord{f795c22 u0 com.google.android.apps.mtaas.backdrop/.BackdropActivity t4}}} to stack=1 task=4 at 0
10-11 21:54:28.847: V/WindowManager(1690): Adding window Window{11288721 u0 Starting com.google.android.apps.mtaas.backdrop} at 2 of 7 (after Window{1b71514 u0 com.android.launcher3/com.android.launcher3.Launcher})
10-11 21:54:28.847: D/AndroidRuntime(5395): Shutting down VM
10-11 21:54:29.136: I/GceGrallocRegionRegistry(1334): Mapped gralloc-1334.35 hnd=0xb1eb63c0 fd=34 base=0xaf88e000 format=RGBA_8888(0x1) width=1600 height=2464
10-11 21:54:29.137: I/GceGrallocRegionRegistry(1690): Mapped gralloc-1334.35 hnd=0x9bffe440 fd=175 base=0x97157000 format=RGBA_8888(0x1) width=1600 height=2464
10-11 21:54:29.172: I/ActivityManager(1690): Start proc 5427:com.google.android.apps.mtaas.backdrop/u0a81 for activity com.google.android.apps.mtaas.backdrop/.BackdropActivity
10-11 21:54:29.174: I/Launcher(2021): Deferring update until onResume
10-11 21:54:29.174: I/Launcher(2021): Deferring update until onResume
10-11 21:54:29.123: I/android.display(1690): type=1400 audit(0.0:102): avc: denied { read } for path=2F6465762F6173686D656D2F6772616C6C6F632D313333342E3335202864656C6574656429 dev="tmpfs" ino=137928 scontext=u:r:system_server:s0 tcontext=u:object_r:surfaceflinger_tmpfs:s0 tclass=file permissive=1
10-11 21:54:29.276: I/GceGrallocRegionRegistry(2021): Unmapped gralloc-1334.32 hnd=0x9f2569c0 fd=50 base=0x9785e000
10-11 21:54:29.277: I/GceGrallocRegionRegistry(2021): Unmapped gralloc-1334.33 hnd=0x9f250f00 fd=52 base=0x968bc000
10-11 21:54:29.277: I/GceGrallocRegionRegistry(2021): Unmapped gralloc-1334.34 hnd=0x9f256740 fd=53 base=0x9591a000
10-11 21:54:29.278: I/GceGrallocRegionRegistry(1334): Unmapped gralloc-1334.33 hnd=0xb1eb6600 fd=32 base=0xa88bc000
10-11 21:54:29.332: I/hwcomposer(1334): Sent 3630 syncs in 60s
10-11 21:54:29.333: I/Remoter(1326): Saved screenshot to '/data/screenshots/__pmv__-0069.jpg'
10-11 21:54:29.398: I/GceGrallocRegionRegistry(1334): Unmapped gralloc-1334.34 hnd=0xb1eb6580 fd=33 base=0xa791a000
10-11 21:54:29.406: I/BackdropActivity(5427): android_id: 4315121551056739765
10-11 21:54:29.409: D/OpenGLRenderer(5427): Use EGL_SWAP_BEHAVIOR_PRESERVED: true
10-11 21:54:29.419: I/GceGrallocRegionRegistry(5427): Mapped gralloc-1334.6 hnd=0xb3ed1940 fd=25 base=0xa1c66000 format=RGBA_8888(0x1) width=768 height=768
10-11 21:54:29.420: D/Atlas(5427): Validating map...
10-11 21:54:29.421: W/Atlas(5427): Pointer 0x0, not in getPreloadedDrawables?
10-11 21:54:29.421: W/Atlas(5427): Pointer 0x0, not in getPreloadedDrawables?
10-11 21:54:29.421: W/Atlas(5427): Pointer 0x0, not in getPreloadedDrawables?
10-11 21:54:29.421: W/Atlas(5427): Pointer 0x0, not in getPreloadedDrawables?
10-11 21:54:29.421: W/Atlas(5427): Pointer 0x0, not in getPreloadedDrawables?
10-11 21:54:29.421: W/Atlas(5427): Pointer 0x0, not in getPreloadedDrawables?
10-11 21:54:29.421: W/Atlas(5427): Pointer 0x0, not in getPreloadedDrawables?
10-11 21:54:29.421: W/Atlas(5427): Pointer 0x0, not in getPreloadedDrawables?
10-11 21:54:29.421: W/Atlas(5427): Pointer 0x0, not in getPreloadedDrawables?
10-11 21:54:29.421: W/Atlas(5427): Pointer 0x0, not in getPreloadedDrawables?
10-11 21:54:29.421: W/Atlas(5427): Pointer 0x0, not in getPreloadedDrawables?
10-11 21:54:29.421: W/Atlas(5427): Pointer 0x0, not in getPreloadedDrawables?
10-11 21:54:29.421: W/Atlas(5427): Pointer 0x0, not in getPreloadedDrawables?
10-11 21:54:29.421: W/Atlas(5427): Pointer 0x0, not in getPreloadedDrawables?
10-11 21:54:29.421: W/Atlas(5427): Pointer 0x0, not in getPreloadedDrawables?
10-11 21:54:29.421: W/Atlas(5427): Pointer 0x0, not in getPreloadedDrawables?
10-11 21:54:29.421: W/Atlas(5427): Pointer 0x0, not in getPreloadedDrawables?
10-11 21:54:29.421: W/Atlas(5427): Pointer 0x0, not in getPreloadedDrawables?
10-11 21:54:29.421: W/Atlas(5427): Pointer 0x0, not in getPreloadedDrawables?
10-11 21:54:29.421: W/Atlas(5427): Pointer 0x0, not in getPreloadedDrawables?
10-11 21:54:29.421: W/Atlas(5427): Pointer 0x0, not in getPreloadedDrawables?
10-11 21:54:29.421: W/Atlas(5427): Pointer 0x0, not in getPreloadedDrawables?
10-11 21:54:29.421: W/Atlas(5427): Pointer 0x0, not in getPreloadedDrawables?
10-11 21:54:29.421: W/Atlas(5427): Pointer 0x0, not in getPreloadedDrawables?
10-11 21:54:29.421: W/Atlas(5427): Pointer 0x0, not in getPreloadedDrawables?
10-11 21:54:29.421: W/Atlas(5427): Pointer 0x0, not in getPreloadedDrawables?
10-11 21:54:29.421: W/Atlas(5427): Pointer 0x0, not in getPreloadedDrawables?
10-11 21:54:29.421: W/Atlas(5427): Pointer 0x0, not in getPreloadedDrawables?
10-11 21:54:29.421: W/Atlas(5427): Pointer 0x0, not in getPreloadedDrawables?
10-11 21:54:29.421: W/Atlas(5427): Pointer 0x0, not in getPreloadedDrawables?
10-11 21:54:29.421: W/Atlas(5427): Pointer 0x0, not in getPreloadedDrawables?
10-11 21:54:29.421: W/Atlas(5427): Pointer 0x0, not in getPreloadedDrawables?
10-11 21:54:29.421: W/Atlas(5427): Pointer 0x0, not in getPreloadedDrawables?
10-11 21:54:29.421: W/Atlas(5427): Pointer 0x0, not in getPreloadedDrawables?
10-11 21:54:29.421: W/Atlas(5427): Pointer 0x0, not in getPreloadedDrawables?
10-11 21:54:29.421: W/Atlas(5427): Pointer 0x0, not in getPreloadedDrawables?
10-11 21:54:29.421: W/Atlas(5427): Pointer 0x0, not in getPreloadedDrawables?
10-11 21:54:29.421: W/Atlas(5427): Pointer 0x0, not in getPreloadedDrawables?
10-11 21:54:29.421: W/Atlas(5427): Pointer 0x0, not in getPreloadedDrawables?
10-11 21:54:29.421: W/Atlas(5427): Pointer 0x0, not in getPreloadedDrawables?
10-11 21:54:29.421: W/Atlas(5427): Pointer 0x0, not in getPreloadedDrawables?
10-11 21:54:29.421: W/Atlas(5427): Pointer 0x0, not in getPreloadedDrawables?
10-11 21:54:29.421: W/Atlas(5427): Pointer 0x0, not in getPreloadedDrawables?
10-11 21:54:29.421: W/Atlas(5427): Pointer 0x0, not in getPreloadedDrawables?
10-11 21:54:29.421: W/Atlas(5427): Pointer 0x0, not in getPreloadedDrawables?
10-11 21:54:29.421: W/Atlas(5427): Pointer 0x0, not in getPreloadedDrawables?
10-11 21:54:29.421: W/Atlas(5427): Pointer 0x0, not in getPreloadedDrawables?
10-11 21:54:29.421: W/Atlas(5427): Pointer 0x0, not in getPreloadedDrawables?
10-11 21:54:29.421: W/Atlas(5427): Pointer 0x0, not in getPreloadedDrawables?
10-11 21:54:29.421: W/Atlas(5427): Pointer 0x0, not in getPreloadedDrawables?
10-11 21:54:29.421: W/Atlas(5427): Pointer 0x0, not in getPreloadedDrawables?
10-11 21:54:29.421: W/Atlas(5427): Pointer 0x0, not in getPreloadedDrawables?
10-11 21:54:29.421: W/Atlas(5427): Pointer 0x0, not in getPreloadedDrawables?
10-11 21:54:29.421: W/Atlas(5427): Pointer 0x0, not in getPreloadedDrawables?
10-11 21:54:29.421: W/Atlas(5427): Pointer 0x0, not in getPreloadedDrawables?
10-11 21:54:29.421: W/Atlas(5427): Pointer 0x0, not in getPreloadedDrawables?
10-11 21:54:29.421: W/Atlas(5427): Pointer 0x0, not in getPreloadedDrawables?
10-11 21:54:29.421: W/Atlas(5427): Pointer 0x0, not in getPreloadedDrawables?
10-11 21:54:29.421: W/Atlas(5427): Pointer 0x0, not in getPreloadedDrawables?
10-11 21:54:29.421: W/Atlas(5427): Pointer 0x0, not in getPreloadedDrawables?
10-11 21:54:29.421: W/Atlas(5427): Pointer 0x0, not in getPreloadedDrawables?
10-11 21:54:29.421: W/Atlas(5427): Pointer 0x0, not in getPreloadedDrawables?
10-11 21:54:29.421: W/Atlas(5427): Pointer 0x0, not in getPreloadedDrawables?
10-11 21:54:29.421: W/Atlas(5427): Pointer 0x0, not in getPreloadedDrawables?
10-11 21:54:29.421: W/Atlas(5427): Pointer 0x0, not in getPreloadedDrawables?
10-11 21:54:29.421: W/Atlas(5427): Pointer 0x0, not in getPreloadedDrawables?
10-11 21:54:29.421: W/Atlas(5427): Pointer 0x0, not in getPreloadedDrawables?
10-11 21:54:29.421: W/Atlas(5427): Pointer 0x0, not in getPreloadedDrawables?
10-11 21:54:29.421: W/Atlas(5427): Pointer 0x0, not in getPreloadedDrawables?
10-11 21:54:29.421: W/Atlas(5427): Pointer 0x0, not in getPreloadedDrawables?
10-11 21:54:29.421: W/Atlas(5427): Pointer 0x0, not in getPreloadedDrawables?
10-11 21:54:29.421: W/Atlas(5427): Pointer 0x0, not in getPreloadedDrawables?
10-11 21:54:29.421: W/Atlas(5427): Pointer 0x0, not in getPreloadedDrawables?
10-11 21:54:29.421: W/Atlas(5427): Pointer 0x0, not in getPreloadedDrawables?
10-11 21:54:29.421: W/Atlas(5427): Pointer 0x0, not in getPreloadedDrawables?
10-11 21:54:29.421: W/Atlas(5427): Pointer 0x0, not in getPreloadedDrawables?
10-11 21:54:29.421: W/Atlas(5427): Pointer 0x0, not in getPreloadedDrawables?
10-11 21:54:29.421: W/Atlas(5427): Pointer 0x0, not in getPreloadedDrawables?
10-11 21:54:29.421: W/Atlas(5427): Pointer 0x0, not in getPreloadedDrawables?
10-11 21:54:29.421: W/Atlas(5427): Pointer 0x0, not in getPreloadedDrawables?
10-11 21:54:29.421: W/Atlas(5427): Pointer 0x0, not in getPreloadedDrawables?
10-11 21:54:29.421: W/Atlas(5427): Pointer 0x0, not in getPreloadedDrawables?
10-11 21:54:29.421: W/Atlas(5427): Pointer 0x0, not in getPreloadedDrawables?
10-11 21:54:29.421: W/Atlas(5427): Pointer 0x0, not in getPreloadedDrawables?
10-11 21:54:29.421: W/Atlas(5427): Pointer 0x0, not in getPreloadedDrawables?
10-11 21:54:29.421: W/Atlas(5427): Pointer 0x0, not in getPreloadedDrawables?
10-11 21:54:29.421: W/Atlas(5427): Pointer 0x0, not in getPreloadedDrawables?
10-11 21:54:29.421: W/Atlas(5427): Pointer 0x0, not in getPreloadedDrawables?
10-11 21:54:29.421: W/Atlas(5427): Pointer 0x0, not in getPreloadedDrawables?
10-11 21:54:29.421: W/Atlas(5427): Pointer 0x0, not in getPreloadedDrawables?
10-11 21:54:29.421: W/Atlas(5427): Pointer 0x0, not in getPreloadedDrawables?
10-11 21:54:29.421: W/Atlas(5427): Pointer 0x0, not in getPreloadedDrawables?
10-11 21:54:29.421: W/Atlas(5427): Pointer 0x0, not in getPreloadedDrawables?
10-11 21:54:29.393: I/sshd(4622): type=1400 audit(0.0:103): avc: denied { read } for path="socket:[135623]" dev="sockfs" ino=135623 scontext=u:r:init:s0 tcontext=u:r:init:s0 tclass=tcp_socket permissive=1
10-11 21:54:29.421: W/Atlas(5427): Pointer 0x0, not in getPreloadedDrawables?
10-11 21:54:29.421: W/Atlas(5427): Pointer 0x0, not in getPreloadedDrawables?
10-11 21:54:29.421: W/Atlas(5427): Pointer 0x0, not in getPreloadedDrawables?
10-11 21:54:29.421: W/Atlas(5427): Pointer 0x0, not in getPreloadedDrawables?
10-11 21:54:29.421: W/Atlas(5427): Pointer 0x0, not in getPreloadedDrawables?
10-11 21:54:29.421: W/Atlas(5427): Pointer 0x0, not in getPreloadedDrawables?
10-11 21:54:29.421: W/Atlas(5427): Pointer 0x0, not in getPreloadedDrawables?
10-11 21:54:29.421: W/Atlas(5427): Pointer 0x0, not in getPreloadedDrawables?
10-11 21:54:29.421: W/Atlas(5427): Pointer 0x0, not in getPreloadedDrawables?
10-11 21:54:29.421: W/Atlas(5427): Pointer 0x0, not in getPreloadedDrawables?
10-11 21:54:29.421: W/Atlas(5427): Pointer 0x0, not in getPreloadedDrawables?
10-11 21:54:29.421: W/Atlas(5427): Pointer 0x0, not in getPreloadedDrawables?
10-11 21:54:29.421: W/Atlas(5427): Pointer 0x0, not in getPreloadedDrawables?
10-11 21:54:29.421: W/Atlas(5427): Pointer 0x0, not in getPreloadedDrawables?
10-11 21:54:29.421: W/Atlas(5427): Pointer 0x0, not in getPreloadedDrawables?
10-11 21:54:29.421: W/Atlas(5427): Pointer 0x0, not in getPreloadedDrawables?
10-11 21:54:29.421: W/Atlas(5427): Pointer 0x0, not in getPreloadedDrawables?
10-11 21:54:29.421: W/Atlas(5427): Pointer 0x0, not in getPreloadedDrawables?
10-11 21:54:29.421: W/Atlas(5427): Pointer 0x0, not in getPreloadedDrawables?
10-11 21:54:29.421: W/Atlas(5427): Pointer 0x0, not in getPreloadedDrawables?
10-11 21:54:29.421: W/Atlas(5427): Pointer 0x0, not in getPreloadedDrawables?
10-11 21:54:29.421: W/Atlas(5427): Pointer 0x0, not in getPreloadedDrawables?
10-11 21:54:29.421: W/Atlas(5427): Pointer 0x0, not in getPreloadedDrawables?
10-11 21:54:29.421: W/Atlas(5427): Pointer 0x0, not in getPreloadedDrawables?
10-11 21:54:29.421: W/Atlas(5427): Pointer 0x0, not in getPreloadedDrawables?
10-11 21:54:29.421: W/Atlas(5427): Pointer 0x0, not in getPreloadedDrawables?
10-11 21:54:29.421: W/Atlas(5427): Pointer 0x0, not in getPreloadedDrawables?
10-11 21:54:29.421: W/Atlas(5427): Pointer 0x0, not in getPreloadedDrawables?
10-11 21:54:29.421: W/Atlas(5427): Pointer 0x0, not in getPreloadedDrawables?
10-11 21:54:29.421: W/Atlas(5427): Pointer 0x0, not in getPreloadedDrawables?
10-11 21:54:29.421: W/Atlas(5427): Pointer 0x0, not in getPreloadedDrawables?
10-11 21:54:29.421: W/Atlas(5427): Pointer 0x0, not in getPreloadedDrawables?
10-11 21:54:29.421: W/Atlas(5427): Pointer 0x0, not in getPreloadedDrawables?
10-11 21:54:29.421: W/Atlas(5427): Pointer 0x0, not in getPreloadedDrawables?
