10-11 21:54:40.458: I/PTCommittedOperation(5466): Receive new configuration for com.google.android.gms.people
10-11 21:54:40.460: I/NetRec(5466): [422] ClearDatabaseService.onHandleIntent: Clearing score cache
10-11 21:54:40.473: I/NetRec(5466): [466] ConfigChangedIntentOperation.onHandleIntent: Handling a Phenotype update
10-11 21:54:40.473: I/NetRec(5466): [466] yjy.b: onConfigChanged()
10-11 21:54:40.481: I/NetRec(5466): [466] yjy.b: Cancelling all NetRec GCM tasks
10-11 21:54:40.498: I/NetRec(5466): [466] ClearDatabaseService.onHandleIntent: Clearing score cache
10-11 21:54:40.535: D/AndroidRuntime(6230): >>>>>> START com.android.internal.os.RuntimeInit uid 0 <<<<<<
10-11 21:54:40.579: D/AndroidRuntime(6230): CheckJNI is OFF
10-11 21:54:40.627: E/memtrack(6230): Couldn't load memtrack module (No such file or directory)
10-11 21:54:40.627: E/android.os.Debug(6230): failed to load memtrack module: -2
10-11 21:54:40.643: D/AndroidRuntime(6230): Calling main entry com.android.commands.pm.Pm
10-11 21:54:40.651: W/OcrModelUpStIntentOp(5448): Invalid action: com.google.android.gms.phenotype.COMMITTED
10-11 21:54:40.651: I/PTCommittedOperation(5466): Receive new configuration for com.google.android.gms.people.ui
10-11 21:54:40.652: E/IntentOperationSvc(5448): Failed to instantiate Chimera operation impl com.google.android.gms.people.service.SettingsChangedBroadcastIntentOperation, dropping operation
10-11 21:54:40.652: E/IntentOperationSvc(5448): java.lang.reflect.InvocationTargetException
10-11 21:54:40.652: E/IntentOperationSvc(5448): 	at java.lang.reflect.Constructor.newInstance(Native Method)
10-11 21:54:40.652: E/IntentOperationSvc(5448): 	at java.lang.reflect.Constructor.newInstance(Constructor.java:288)
10-11 21:54:40.652: E/IntentOperationSvc(5448): 	at bxa.a(:com.google.android.gms@11519270:8)
10-11 21:54:40.652: E/IntentOperationSvc(5448): 	at bxb.run(:com.google.android.gms@11519270:69)
10-11 21:54:40.652: E/IntentOperationSvc(5448): 	at java.util.concurrent.ThreadPoolExecutor.runWorker(ThreadPoolExecutor.java:1112)
10-11 21:54:40.652: E/IntentOperationSvc(5448): 	at java.util.concurrent.ThreadPoolExecutor$Worker.run(ThreadPoolExecutor.java:587)
10-11 21:54:40.652: E/IntentOperationSvc(5448): 	at java.lang.Thread.run(Thread.java:818)
10-11 21:54:40.652: E/IntentOperationSvc(5448): Caused by: java.lang.NullPointerException: Attempt to invoke virtual method 'android.content.SharedPreferences android.content.Context.getSharedPreferences(java.lang.String, int)' on a null object reference
10-11 21:54:40.652: E/IntentOperationSvc(5448): 	at android.content.ContextWrapper.getSharedPreferences(ContextWrapper.java:170)
10-11 21:54:40.652: E/IntentOperationSvc(5448): 	at zco.a(:com.google.android.gms@11519270:6)
10-11 21:54:40.652: E/IntentOperationSvc(5448): 	at com.google.android.gms.people.service.SettingsChangedBroadcastIntentOperation.<init>(:com.google.android.gms@11519270:2)
10-11 21:54:40.652: E/IntentOperationSvc(5448): 	... 7 more
10-11 21:54:40.669: I/WVCdm(1344): CdmEngine::CloseSession
10-11 21:54:40.671: I/CheckinResponseProcess(5448): From server: 1441 gservices [full]
10-11 21:54:40.672: I/WVCdm(1344): L3 Terminate.
10-11 21:54:40.673: I/HeterodyneSyncScheduler(5466): Scheduling adaptive one off task with window [14400, 604800] in seconds
10-11 21:54:40.696: I/NetRec(5466): [464] ConfigChangedIntentOperation.onHandleIntent: Handling a Phenotype update
10-11 21:54:40.696: I/NetRec(5466): [464] yjy.b: onConfigChanged()
10-11 21:54:40.697: E/IntentOperationSvc(5448): Failed to instantiate Chimera operation impl com.google.android.gms.people.service.SettingsChangedBroadcastIntentOperation, dropping operation
10-11 21:54:40.697: E/IntentOperationSvc(5448): java.lang.reflect.InvocationTargetException
10-11 21:54:40.697: E/IntentOperationSvc(5448): 	at java.lang.reflect.Constructor.newInstance(Native Method)
10-11 21:54:40.697: E/IntentOperationSvc(5448): 	at java.lang.reflect.Constructor.newInstance(Constructor.java:288)
10-11 21:54:40.697: E/IntentOperationSvc(5448): 	at bxa.a(:com.google.android.gms@11519270:8)
10-11 21:54:40.697: E/IntentOperationSvc(5448): 	at bxb.run(:com.google.android.gms@11519270:69)
10-11 21:54:40.697: E/IntentOperationSvc(5448): 	at java.util.concurrent.ThreadPoolExecutor.runWorker(ThreadPoolExecutor.java:1112)
10-11 21:54:40.697: E/IntentOperationSvc(5448): 	at java.util.concurrent.ThreadPoolExecutor$Worker.run(ThreadPoolExecutor.java:587)
10-11 21:54:40.697: E/IntentOperationSvc(5448): 	at java.lang.Thread.run(Thread.java:818)
10-11 21:54:40.697: E/IntentOperationSvc(5448): Caused by: java.lang.NullPointerException: Attempt to invoke virtual method 'android.content.SharedPreferences android.content.Context.getSharedPreferences(java.lang.String, int)' on a null object reference
10-11 21:54:40.697: E/IntentOperationSvc(5448): 	at android.content.ContextWrapper.getSharedPreferences(ContextWrapper.java:170)
10-11 21:54:40.697: E/IntentOperationSvc(5448): 	at zco.a(:com.google.android.gms@11519270:6)
10-11 21:54:40.697: E/IntentOperationSvc(5448): 	at com.google.android.gms.people.service.SettingsChangedBroadcastIntentOperation.<init>(:com.google.android.gms@11519270:2)
10-11 21:54:40.697: E/IntentOperationSvc(5448): 	... 7 more
10-11 21:54:40.697: W/OcrModelUpStIntentOp(5448): Invalid action: com.google.android.gms.phenotype.COMMITTED
10-11 21:54:40.698: I/PTCommittedOperation(5466): Receive new configuration for com.google.android.gms.icing
10-11 21:54:40.704: I/NetRec(5466): [464] yjy.b: Cancelling all NetRec GCM tasks
10-11 21:54:40.706: I/NetRec(5466): [422] ClearDatabaseService.onHandleIntent: Clearing score cache
10-11 21:54:40.710: W/UdcContextManagerHelper(5466): Empty context buffer. Thus might mean that the context is not synced down.
10-11 21:54:40.710: W/UploadOptInStatusOp(5466): Empty context model while retrieving upload opt-in status!
10-11 21:54:40.715: D/DownloadManager(6154): [22] Finished with status SUCCESS
10-11 21:54:40.717: E/ctxmgr(5466): [NetworkUtil]No active synchronizable contexts.
10-11 21:54:40.723: I/NetRec(5466): [464] ConfigChangedIntentOperation.onHandleIntent: Handling a Phenotype update
10-11 21:54:40.723: I/NetRec(5466): [464] yjy.b: onConfigChanged()
10-11 21:54:40.725: D/Finsky(5757): [1] DownloadBroadcastReceiver.onReceive: Intent received at DownloadBroadcastReceiver
10-11 21:54:40.728: I/NetRec(5466): [464] yjy.b: Cancelling all NetRec GCM tasks
10-11 21:54:40.730: D/Finsky(5757): [1] DownloadQueueImpl.notifyProgress: self-update-download: onProgress 17661732/17661732 Status: 200.
10-11 21:54:40.733: I/NetRec(5466): [464] ClearDatabaseService.onHandleIntent: Clearing score cache
10-11 21:54:40.734: D/Finsky(5757): [1] DownloadImpl.setState: self-update-download from DOWNLOADING to SUCCESS.
10-11 21:54:40.734: D/Finsky(5757): [1] DownloadQueueImpl.onComplete: self-update-download: onComplete
10-11 21:54:40.734: D/Finsky(5757): [1] DownloadQueueImpl.remove: Download self-update-download removed from DownloadQueue
10-11 21:54:40.735: D/Finsky(5757): [1] SelfUpdateScheduler.onComplete: Self-update ready to be installed, waiting for market to close.
10-11 21:54:40.801: D/DefContainer(4671): Copying /data/local/tmp/app6235447971384549743.apk to base.apk
10-11 21:54:40.812: I/NetRec(5466): [499] ConfigChangedIntentOperation.onHandleIntent: Handling a Phenotype update
10-11 21:54:40.812: I/NetRec(5466): [499] yjy.b: onConfigChanged()
10-11 21:54:40.812: W/OcrModelUpStIntentOp(5448): Invalid action: com.google.android.gms.phenotype.COMMITTED
10-11 21:54:40.813: E/IntentOperationSvc(5448): Failed to instantiate Chimera operation impl com.google.android.gms.people.service.SettingsChangedBroadcastIntentOperation, dropping operation
10-11 21:54:40.813: E/IntentOperationSvc(5448): java.lang.reflect.InvocationTargetException
10-11 21:54:40.813: E/IntentOperationSvc(5448): 	at java.lang.reflect.Constructor.newInstance(Native Method)
10-11 21:54:40.813: E/IntentOperationSvc(5448): 	at java.lang.reflect.Constructor.newInstance(Constructor.java:288)
10-11 21:54:40.813: E/IntentOperationSvc(5448): 	at bxa.a(:com.google.android.gms@11519270:8)
10-11 21:54:40.813: E/IntentOperationSvc(5448): 	at bxb.run(:com.google.android.gms@11519270:69)
10-11 21:54:40.813: E/IntentOperationSvc(5448): 	at java.util.concurrent.ThreadPoolExecutor.runWorker(ThreadPoolExecutor.java:1112)
10-11 21:54:40.813: E/IntentOperationSvc(5448): 	at java.util.concurrent.ThreadPoolExecutor$Worker.run(ThreadPoolExecutor.java:587)
10-11 21:54:40.813: E/IntentOperationSvc(5448): 	at java.lang.Thread.run(Thread.java:818)
10-11 21:54:40.813: E/IntentOperationSvc(5448): Caused by: java.lang.NullPointerException: Attempt to invoke virtual method 'android.content.SharedPreferences android.content.Context.getSharedPreferences(java.lang.String, int)' on a null object reference
10-11 21:54:40.813: E/IntentOperationSvc(5448): 	at android.content.ContextWrapper.getSharedPreferences(ContextWrapper.java:170)
10-11 21:54:40.813: E/IntentOperationSvc(5448): 	at zco.a(:com.google.android.gms@11519270:6)
10-11 21:54:40.813: E/IntentOperationSvc(5448): 	at com.google.android.gms.people.service.SettingsChangedBroadcastIntentOperation.<init>(:com.google.android.gms@11519270:2)
10-11 21:54:40.813: E/IntentOperationSvc(5448): 	... 7 more
10-11 21:54:40.814: I/PTCommittedOperation(5466): Receive new configuration for com.google.android.gms.magictether
10-11 21:54:40.818: I/NetRec(5466): [425] ClearDatabaseService.onHandleIntent: Clearing score cache
10-11 21:54:40.819: I/NetRec(5466): [499] yjy.b: Cancelling all NetRec GCM tasks
10-11 21:54:40.830: I/MagicTether(5466): [HostValidator] InvalidHost. MobileData: true, Tethering: false, whitelist: false, ble: false
10-11 21:54:40.839: W/Auth(5466): [GetToken] GetToken failed with status code: INVALID_SCOPE
10-11 21:54:40.839: W/AuthSessionAuthenticato(5466): Auth related exception is being ignored: INVALID_SCOPE
10-11 21:54:40.840: W/GLSUser(5466): [DeviceKeyStore] Cannot load key: Device key file not found.
10-11 21:54:40.840: W/GLSUser(5466): [DeviceKeyStore] Cannot load key: Device key file not found.
10-11 21:54:40.841: I/CertBlacklister(1690): Certificate blacklist changed, updating...
10-11 21:54:40.842: I/CertBlacklister(1690): Certificate blacklist updated
10-11 21:54:40.852: I/MagicTether(6112): [HostValidator] InvalidHost. MobileData: true, Tethering: false, whitelist: false, ble: false
10-11 21:54:40.861: E/ctxmgr(5466): [BaseServerTask]Server task (FetchAclSet) got error statusCode=-1.
10-11 21:54:40.861: E/ctxmgr(5466): com.android.volley.VolleyError: Unable to obtain auth token - is the device online?
10-11 21:54:40.861: E/ctxmgr(5466): 	at cjq.a(:com.google.android.gms@11519270:39)
10-11 21:54:40.861: E/ctxmgr(5466): 	at cez.run(:com.google.android.gms@11519270:2)
10-11 21:54:40.861: E/ctxmgr(5466): 	at cex.handleMessage(:com.google.android.gms@11519270:3)
10-11 21:54:40.861: E/ctxmgr(5466): 	at mmw.run(:com.google.android.gms@11519270:6)
10-11 21:54:40.861: E/ctxmgr(5466): 	at mng.run(:com.google.android.gms@11519270:25)
10-11 21:54:40.861: E/ctxmgr(5466): 	at java.util.concurrent.ThreadPoolExecutor.runWorker(ThreadPoolExecutor.java:1112)
10-11 21:54:40.861: E/ctxmgr(5466): 	at java.util.concurrent.ThreadPoolExecutor$Worker.run(ThreadPoolExecutor.java:587)
10-11 21:54:40.861: E/ctxmgr(5466): 	at mso.run(:com.google.android.gms@11519270)
10-11 21:54:40.861: E/ctxmgr(5466): 	at java.lang.Thread.run(Thread.java:818)
10-11 21:54:40.864: I/GservicesProvider(2119): main update completed
10-11 21:54:40.873: I/ActivityManager(1690): Delay finish: com.google.android.partnersetup/.GservicesChangedReceiver
10-11 21:54:40.887: I/ActivityManager(1690): Resuming delayed broadcast
10-11 21:54:40.889: I/GeofencerStateMachine(5466): sendQueryLocationOptIn
10-11 21:54:40.892: I/GeofencerStateMachine(5466): sendQueryLocationOptIn
10-11 21:54:40.893: I/GeofencerStateMachine(5466): Network location disabled.
10-11 21:54:40.894: I/GeofencerStateMachine(5466): sendQueryLocationOptIn
10-11 21:54:40.904: I/GeofencerStateMachine(5466): sendQueryLocationOptIn
10-11 21:54:40.909: I/GeofencerStateMachine(5466): sendQueryLocationOptIn
10-11 21:54:40.909: I/GeofencerStateMachine(5466): sendQueryLocationOptIn
10-11 21:54:40.909: I/GeofencerStateMachine(5466): sendQueryLocationOptIn
10-11 21:54:40.918: I/ActivityManager(1690): Start proc 6282:com.google.android.configupdater/u0a36 for broadcast com.google.android.configupdater/.CertPin.CertPinUpdateRequestReceiver
10-11 21:54:40.925: I/Search.GservicesUpdateTask(2156): Updating Gservices keys
10-11 21:54:40.928: I/art(2119): Explicit concurrent mark sweep GC freed 24271(1272KB) AllocSpace objects, 0(0B) LOS objects, 40% free, 8MB/13MB, paused 337us total 52.365ms
10-11 21:54:40.935: I/NetRec(5466): [499] ConfigChangedIntentOperation.onHandleIntent: Handling a Phenotype update
10-11 21:54:40.935: I/NetRec(5466): [499] yjy.b: onConfigChanged()
10-11 21:54:40.975: I/CheckinRequestBuilder(5448): Checkin reason type: 4 attempt count: 1
10-11 21:54:40.976: I/NetRec(5466): [464] ClearDatabaseService.onHandleIntent: Clearing score cache
10-11 21:54:40.978: I/NetRec(5466): [499] yjy.b: Cancelling all NetRec GCM tasks
10-11 21:54:41.021: E/UpdateRequestReceiver(6282): Received malformed URL while handling Gservices.CHANGED_ACTION
10-11 21:54:41.030: E/ActivityThread(5448): Failed to find provider info for com.google.android.wearable.settings
10-11 21:54:41.040: E/UpdateRequestReceiver(6282): Received malformed URL while handling Gservices.CHANGED_ACTION
10-11 21:54:41.053: E/UpdateRequestReceiver(6282): Received malformed URL while handling Gservices.CHANGED_ACTION
10-11 21:54:41.055: E/UpdateRequestReceiver(6282): Received malformed URL while handling Gservices.CHANGED_ACTION
10-11 21:54:41.066: E/ctxmgr(5466): [AccountAclCallback]Failed Acl fetch: network status=-1
10-11 21:54:41.082: E/ChimeraProxyRslvr(5448): Failed to instantiate com.google.android.gms.checkin.CheckinChimeraService$Receiver: java.lang.ClassNotFoundException: Didn't find class "com.google.android.gms.checkin.CheckinChimeraService$Receiver" on path: DexPathList[[zip file "/system/framework/com.android.location.provider.jar", zip file "/system/framework/com.android.media.remotedisplay.jar", zip file "/data/app/com.google.android.gms-2/base.apk"],nativeLibraryDirectories=[/data/app/com.google.android.gms-2/lib/x86, /data/app/com.google.android.gms-2/lib/x86, /data/app/com.google.android.gms-2/lib/x86, /data/app/com.google.android.gms-2/lib/x86, /data/app/com.google.android.gms-2/lib/x86, /vendor/lib, /system/lib]]
10-11 21:54:41.082: E/ChimeraRcvrProxy(5448): com.google.android.gms.checkin.CheckinServiceReceiver dropping broadcast com.google.gservices.intent.action.GSERVICES_CHANGED
10-11 21:54:41.139: I/art(2119): Explicit concurrent mark sweep GC freed 4833(228KB) AllocSpace objects, 0(0B) LOS objects, 39% free, 8MB/13MB, paused 209us total 7.735ms
10-11 21:54:41.149: I/NetRec(5466): [499] ConfigChangedIntentOperation.onHandleIntent: Handling a Phenotype update
10-11 21:54:41.149: I/NetRec(5466): [499] yjy.b: onConfigChanged()
10-11 21:54:41.151: I/NetRec(5466): [499] yjy.b: Cancelling all NetRec GCM tasks
10-11 21:54:41.205: V/EmulatedCamera_Factory(1344): getCameraInfo: id = 0
10-11 21:54:41.205: V/EmulatedCamera_Camera(1344): getCameraInfo
10-11 21:54:41.205: V/EmulatedCamera_BaseCamera(1344): getCameraInfo
10-11 21:54:41.206: I/OcrModelUpStIntentOp(5448): Updating ocr activity enabled=true (phenotypeFlag=true, lowRamDevice=false, prereqCheck=true)
10-11 21:54:41.222: W/art(5448): Suspending all threads took: 6.682ms
10-11 21:54:41.236: I/art(5448): Explicit concurrent mark sweep GC freed 110780(5MB) AllocSpace objects, 41(2MB) LOS objects, 40% free, 23MB/39MB, paused 8.387ms total 144.308ms
10-11 21:54:41.239: I/art(2119): Explicit concurrent mark sweep GC freed 3588(155KB) AllocSpace objects, 0(0B) LOS objects, 39% free, 8MB/13MB, paused 2.636ms total 9.574ms
10-11 21:54:41.250: I/NetRec(5466): [422] ClearDatabaseService.onHandleIntent: Clearing score cache
10-11 21:54:41.258: I/NetRec(5466): [464] ConfigChangedIntentOperation.onHandleIntent: Handling an overridden GServices change
10-11 21:54:41.258: I/NetRec(5466): [464] yjy.b: onConfigChanged()
10-11 21:54:41.260: I/NetRec(5466): [466] ClearDatabaseService.onHandleIntent: Clearing score cache
10-11 21:54:41.262: I/NetRec(5466): [464] yjy.b: Cancelling all NetRec GCM tasks
10-11 21:54:41.275: I/GCoreUlr(5466): Starting service, intent=Intent { act=com.google.android.location.reporting.ACTION_UPDATE_WORLD cmp=com.google.android.gms/com.google.android.location.reporting.service.DispatchingService (has extras) }, extras=Bundle[{receiverAction=com.google.gservices.intent.action.GSERVICES_CHANGED}]
10-11 21:54:41.276: I/PTCommittedOperation(5466): Receive new configuration for com.google.android.gms.gcm
10-11 21:54:41.283: E/IntentOperationSvc(5448): Failed to instantiate Chimera operation impl com.google.android.gms.people.service.SettingsChangedBroadcastIntentOperation, dropping operation
10-11 21:54:41.283: E/IntentOperationSvc(5448): java.lang.reflect.InvocationTargetException
10-11 21:54:41.283: E/IntentOperationSvc(5448): 	at java.lang.reflect.Constructor.newInstance(Native Method)
10-11 21:54:41.283: E/IntentOperationSvc(5448): 	at java.lang.reflect.Constructor.newInstance(Constructor.java:288)
10-11 21:54:41.283: E/IntentOperationSvc(5448): 	at bxa.a(:com.google.android.gms@11519270:8)
10-11 21:54:41.283: E/IntentOperationSvc(5448): 	at bxb.run(:com.google.android.gms@11519270:69)
10-11 21:54:41.283: E/IntentOperationSvc(5448): 	at java.util.concurrent.ThreadPoolExecutor.runWorker(ThreadPoolExecutor.java:1112)
10-11 21:54:41.283: E/IntentOperationSvc(5448): 	at java.util.concurrent.ThreadPoolExecutor$Worker.run(ThreadPoolExecutor.java:587)
10-11 21:54:41.283: E/IntentOperationSvc(5448): 	at java.lang.Thread.run(Thread.java:818)
10-11 21:54:41.283: E/IntentOperationSvc(5448): Caused by: java.lang.NullPointerException: Attempt to invoke virtual method 'android.content.SharedPreferences android.content.Context.getSharedPreferences(java.lang.String, int)' on a null object reference
10-11 21:54:41.283: E/IntentOperationSvc(5448): 	at android.content.ContextWrapper.getSharedPreferences(ContextWrapper.java:170)
10-11 21:54:41.283: E/IntentOperationSvc(5448): 	at zco.a(:com.google.android.gms@11519270:6)
10-11 21:54:41.283: E/IntentOperationSvc(5448): 	at com.google.android.gms.people.service.SettingsChangedBroadcastIntentOperation.<init>(:com.google.android.gms@11519270:2)
10-11 21:54:41.283: E/IntentOperationSvc(5448): 	... 7 more
10-11 21:54:41.284: W/ConfigurationChimeraProvider(5466): Got null configs for com.google.android.gms.chromesync
10-11 21:54:41.314: I/NetRec(5466): [499] ConfigChangedIntentOperation.onHandleIntent: Handling a Phenotype update
10-11 21:54:41.314: I/NetRec(5466): [499] yjy.b: onConfigChanged()
10-11 21:54:41.327: E/ConfigFileUtils(5448): Failed to read config file: /data/data/com.google.android.gms/app_chimera/current_modulesets.pb: open failed: ENOENT (No such file or directory)
10-11 21:54:41.330: I/NetRec(5466): [499] yjy.b: Cancelling all NetRec GCM tasks
10-11 21:54:41.353: I/art(1690): Explicit concurrent mark sweep GC freed 29290(1484KB) AllocSpace objects, 3(61KB) LOS objects, 33% free, 17MB/25MB, paused 365us total 53.290ms
10-11 21:54:41.354: E/Volley(3174): [272] xa.a: Unexpected response code 503 for https://www.googleapis.com/youtubei/v1/notification_registration/set_registration?key=AIzaSyA8eiZmM1FaDVjRy-df2KTyQ_vz_yYM39w
10-11 21:54:41.355: W/YouTube(3174): (unknown) Could not register for notifications with InnerTube: 
10-11 21:54:41.355: W/YouTube(3174): fay: java.util.concurrent.ExecutionException: wu
10-11 21:54:41.355: W/YouTube(3174): 	at ezo.a(SourceFile:103)
10-11 21:54:41.355: W/YouTube(3174): 	at fpl.run(SourceFile:57)
10-11 21:54:41.355: W/YouTube(3174): 	at java.util.concurrent.ThreadPoolExecutor.runWorker(ThreadPoolExecutor.java:1112)
10-11 21:54:41.355: W/YouTube(3174): 	at java.util.concurrent.ThreadPoolExecutor$Worker.run(ThreadPoolExecutor.java:587)
10-11 21:54:41.355: W/YouTube(3174): 	at ers.run(SourceFile:40)
10-11 21:54:41.355: W/YouTube(3174): 	at java.lang.Thread.run(Thread.java:818)
10-11 21:54:41.355: W/YouTube(3174): Caused by: java.util.concurrent.ExecutionException: wu
10-11 21:54:41.355: W/YouTube(3174): 	at xv.a(SourceFile:117)
10-11 21:54:41.355: W/YouTube(3174): 	at xv.get(SourceFile:88)
10-11 21:54:41.355: W/YouTube(3174): 	at goc.get(SourceFile:69)
10-11 21:54:41.355: W/YouTube(3174): 	at ezo.a(SourceFile:99)
10-11 21:54:41.355: W/YouTube(3174): 	... 5 more
10-11 21:54:41.355: W/YouTube(3174): Caused by: wu
10-11 21:54:41.355: W/YouTube(3174): 	at xa.a(SourceFile:145)
10-11 21:54:41.355: W/YouTube(3174): 	at gnu.a(SourceFile:49)
10-11 21:54:41.355: W/YouTube(3174): 	at wg.run(SourceFile:105)
10-11 21:54:41.357: W/ActivityManager(1690): Unable to start service Intent { cmp=com.google.android.gms/.analytics.service.RefreshEnabledStateService } U=0: not found
10-11 21:54:41.367: I/Remoter(1326): Saved screenshot to '/data/screenshots/__pmv__-0078.jpg'
10-11 21:54:41.385: W/ConfigurationChimeraProvider(5466): Got null configs for com.google.android.gms.ads
10-11 21:54:41.395: I/NetRec(5466): [422] ClearDatabaseService.onHandleIntent: Clearing score cache
10-11 21:54:41.455: I/art(5466): Explicit concurrent mark sweep GC freed 73175(4MB) AllocSpace objects, 5(80KB) LOS objects, 40% free, 16MB/27MB, paused 534us total 84.588ms
10-11 21:54:41.469: E/IntentOperationSvc(5448): Failed to instantiate Chimera operation impl com.google.android.gms.people.service.SettingsChangedBroadcastIntentOperation, dropping operation
10-11 21:54:41.469: E/IntentOperationSvc(5448): java.lang.reflect.InvocationTargetException
10-11 21:54:41.469: E/IntentOperationSvc(5448): 	at java.lang.reflect.Constructor.newInstance(Native Method)
10-11 21:54:41.469: E/IntentOperationSvc(5448): 	at java.lang.reflect.Constructor.newInstance(Constructor.java:288)
10-11 21:54:41.469: E/IntentOperationSvc(5448): 	at bxa.a(:com.google.android.gms@11519270:8)
10-11 21:54:41.469: E/IntentOperationSvc(5448): 	at bxb.run(:com.google.android.gms@11519270:69)
10-11 21:54:41.469: E/IntentOperationSvc(5448): 	at java.util.concurrent.ThreadPoolExecutor.runWorker(ThreadPoolExecutor.java:1112)
10-11 21:54:41.469: E/IntentOperationSvc(5448): 	at java.util.concurrent.ThreadPoolExecutor$Worker.run(ThreadPoolExecutor.java:587)
10-11 21:54:41.469: E/IntentOperationSvc(5448): 	at java.lang.Thread.run(Thread.java:818)
10-11 21:54:41.469: E/IntentOperationSvc(5448): Caused by: java.lang.NullPointerException: Attempt to invoke virtual method 'android.content.SharedPreferences android.content.Context.getSharedPreferences(java.lang.String, int)' on a null object reference
10-11 21:54:41.469: E/IntentOperationSvc(5448): 	at android.content.ContextWrapper.getSharedPreferences(ContextWrapper.java:170)
10-11 21:54:41.469: E/IntentOperationSvc(5448): 	at zco.a(:com.google.android.gms@11519270:6)
10-11 21:54:41.469: E/IntentOperationSvc(5448): 	at com.google.android.gms.people.service.SettingsChangedBroadcastIntentOperation.<init>(:com.google.android.gms@11519270:2)
10-11 21:54:41.469: E/IntentOperationSvc(5448): 	... 7 more
10-11 21:54:41.473: I/NetRec(5466): [499] ConfigChangedIntentOperation.onHandleIntent: Handling a Phenotype update
10-11 21:54:41.473: I/NetRec(5466): [499] yjy.b: onConfigChanged()
10-11 21:54:41.476: I/OcrModelUpStIntentOp(5448): Downloading text recognizer
10-11 21:54:41.476: W/art(5448): Long monitor contention event with owner method=void java.lang.Object.wait!(long, int) from Object.java:4294967294 waiters=0 for 190ms
10-11 21:54:41.476: W/OcrModelUpStIntentOp(5448): Invalid action: com.google.android.gms.phenotype.COMMITTED
10-11 21:54:41.480: I/PTCommittedOperation(5466): Receive new configuration for com.google.android.gms.ulr
10-11 21:54:41.490: W/OcrModelUpStIntentOp(5448): Invalid action: com.google.android.gms.phenotype.COMMITTED
10-11 21:54:41.497: E/IntentOperationSvc(5448): Failed to instantiate Chimera operation impl com.google.android.gms.people.service.SettingsChangedBroadcastIntentOperation, dropping operation
10-11 21:54:41.497: E/IntentOperationSvc(5448): java.lang.reflect.InvocationTargetException
10-11 21:54:41.497: E/IntentOperationSvc(5448): 	at java.lang.reflect.Constructor.newInstance(Native Method)
10-11 21:54:41.497: E/IntentOperationSvc(5448): 	at java.lang.reflect.Constructor.newInstance(Constructor.java:288)
10-11 21:54:41.497: E/IntentOperationSvc(5448): 	at bxa.a(:com.google.android.gms@11519270:8)
10-11 21:54:41.497: E/IntentOperationSvc(5448): 	at bxb.run(:com.google.android.gms@11519270:69)
10-11 21:54:41.497: E/IntentOperationSvc(5448): 	at java.util.concurrent.ThreadPoolExecutor.runWorker(ThreadPoolExecutor.java:1112)
10-11 21:54:41.497: E/IntentOperationSvc(5448): 	at java.util.concurrent.ThreadPoolExecutor$Worker.run(ThreadPoolExecutor.java:587)
10-11 21:54:41.497: E/IntentOperationSvc(5448): 	at java.lang.Thread.run(Thread.java:818)
10-11 21:54:41.497: E/IntentOperationSvc(5448): Caused by: java.lang.NullPointerException: Attempt to invoke virtual method 'android.content.SharedPreferences android.content.Context.getSharedPreferences(java.lang.String, int)' on a null object reference
10-11 21:54:41.497: E/IntentOperationSvc(5448): 	at android.content.ContextWrapper.getSharedPreferences(ContextWrapper.java:170)
10-11 21:54:41.497: E/IntentOperationSvc(5448): 	at zco.a(:com.google.android.gms@11519270:6)
10-11 21:54:41.497: E/IntentOperationSvc(5448): 	at com.google.android.gms.people.service.SettingsChangedBroadcastIntentOperation.<init>(:com.google.android.gms@11519270:2)
10-11 21:54:41.497: E/IntentOperationSvc(5448): 	... 7 more
10-11 21:54:41.497: W/OcrModelUpStIntentOp(5448): Invalid action: com.google.android.gms.phenotype.COMMITTED
10-11 21:54:41.498: I/GCoreUlr(5466): WorldUpdater received intent Intent { act=com.google.android.location.reporting.ACTION_UPDATE_WORLD cmp=com.google.android.gms/com.google.android.location.reporting.service.DispatchingService (has extras) } with receiverAction com.google.gservices.intent.action.GSERVICES_CHANGED
10-11 21:54:41.500: I/NetRec(5466): [499] yjy.b: Cancelling all NetRec GCM tasks
10-11 21:54:41.506: I/NetRec(5466): [425] ClearDatabaseService.onHandleIntent: Clearing score cache
10-11 21:54:41.508: E/IntentOperationSvc(5448): Failed to instantiate Chimera operation impl com.google.android.gms.people.service.SettingsChangedBroadcastIntentOperation, dropping operation
10-11 21:54:41.508: E/IntentOperationSvc(5448): java.lang.reflect.InvocationTargetException
10-11 21:54:41.508: E/IntentOperationSvc(5448): 	at java.lang.reflect.Constructor.newInstance(Native Method)
10-11 21:54:41.508: E/IntentOperationSvc(5448): 	at java.lang.reflect.Constructor.newInstance(Constructor.java:288)
10-11 21:54:41.508: E/IntentOperationSvc(5448): 	at bxa.a(:com.google.android.gms@11519270:8)
10-11 21:54:41.508: E/IntentOperationSvc(5448): 	at bxb.run(:com.google.android.gms@11519270:69)
10-11 21:54:41.508: E/IntentOperationSvc(5448): 	at java.util.concurrent.ThreadPoolExecutor.runWorker(ThreadPoolExecutor.java:1112)
10-11 21:54:41.508: E/IntentOperationSvc(5448): 	at java.util.concurrent.ThreadPoolExecutor$Worker.run(ThreadPoolExecutor.java:587)
10-11 21:54:41.508: E/IntentOperationSvc(5448): 	at java.lang.Thread.run(Thread.java:818)
10-11 21:54:41.508: E/IntentOperationSvc(5448): Caused by: java.lang.NullPointerException: Attempt to invoke virtual method 'android.content.SharedPreferences android.content.Context.getSharedPreferences(java.lang.String, int)' on a null object reference
10-11 21:54:41.508: E/IntentOperationSvc(5448): 	at android.content.ContextWrapper.getSharedPreferences(ContextWrapper.java:170)
10-11 21:54:41.508: E/IntentOperationSvc(5448): 	at zco.a(:com.google.android.gms@11519270:6)
10-11 21:54:41.508: E/IntentOperationSvc(5448): 	at com.google.android.gms.people.service.SettingsChangedBroadcastIntentOperation.<init>(:com.google.android.gms@11519270:2)
10-11 21:54:41.508: E/IntentOperationSvc(5448): 	... 7 more
10-11 21:54:41.508: W/OcrModelUpStIntentOp(5448): Invalid action: com.google.android.gms.phenotype.COMMITTED
10-11 21:54:41.517: I/art(2119): Explicit concurrent mark sweep GC freed 3312(150KB) AllocSpace objects, 0(0B) LOS objects, 40% free, 8MB/13MB, paused 161us total 7.184ms
10-11 21:54:41.519: I/Vision(5448): Supported ABIS: [x86]
10-11 21:54:41.530: W/GmsModuleProvider(5448): Unknown dynamite feature flags
10-11 21:54:41.530: I/DynamiteModule(5448): Considering local module com.google.android.gms.flags:2 and remote module com.google.android.gms.flags:0
10-11 21:54:41.530: I/DynamiteModule(5448): Selected local version of com.google.android.gms.flags
10-11 21:54:41.534: E/ConfigFileUtils(5448): Failed to read config file: /data/data/com.google.android.gms/app_chimera/current_modulesets.pb: open failed: ENOENT (No such file or directory)
10-11 21:54:41.534: I/GCoreUlr(5466): Starting service, intent=Intent { act=com.google.android.location.reporting.ACTION_UPDATE_WORLD cmp=com.google.android.gms/com.google.android.location.reporting.service.DispatchingService (has extras) }, extras=Bundle[{receiverAction=com.google.gservices.intent.action.GSERVICES_CHANGED}]
10-11 21:54:41.541: I/PTCommittedOperation(5466): Receive new configuration for com.google.android.gms
10-11 21:54:41.542: I/NetRec(5466): [499] ConfigChangedIntentOperation.onHandleIntent: Handling a Phenotype update
10-11 21:54:41.542: I/NetRec(5466): [499] yjy.b: onConfigChanged()
10-11 21:54:41.542: I/PTCommittedOperation(5466): Receive new configuration for com.google.android.gms.tron.metrics
10-11 21:54:41.547: I/GoogleURLConnFactory(5448): Using platform SSLCertificateSocketFactory
10-11 21:54:41.550: I/NetRec(5466): [499] yjy.b: Cancelling all NetRec GCM tasks
10-11 21:54:41.605: I/FontsSharedState(5448): Updating from directory version 0 to 7 from disk
10-11 21:54:41.631: I/NetRec(5466): [522] ClearDatabaseService.onHandleIntent: Clearing score cache
10-11 21:54:41.632: I/PTCommittedOperation(5466): Receive new configuration for com.google.android.location
10-11 21:54:41.643: I/NetRec(5466): [499] ConfigChangedIntentOperation.onHandleIntent: Handling a Phenotype update
10-11 21:54:41.644: I/NetRec(5466): [499] yjy.b: onConfigChanged()
10-11 21:54:41.644: I/PTCommittedOperation(5466): Receive new configuration for com.google.android.gms.telephonyspam
10-11 21:54:41.650: I/NetRec(5466): [499] yjy.b: Cancelling all NetRec GCM tasks
10-11 21:54:41.652: I/NetRec(5466): [467] ClearDatabaseService.onHandleIntent: Clearing score cache
10-11 21:54:41.703: I/NetRec(5466): [499] ConfigChangedIntentOperation.onHandleIntent: Handling a Phenotype update
10-11 21:54:41.703: I/NetRec(5466): [499] yjy.b: onConfigChanged()
10-11 21:54:41.704: I/PTCommittedOperation(5466): Receive new configuration for com.google.android.gms.herrevad
10-11 21:54:41.708: I/art(5448): Explicit concurrent mark sweep GC freed 21558(1507KB) AllocSpace objects, 38(11MB) LOS objects, 36% free, 28MB/44MB, paused 2.378ms total 84.390ms
10-11 21:54:41.708: E/IntentOperationSvc(5448): Failed to instantiate Chimera operation impl com.google.android.gms.people.service.SettingsChangedBroadcastIntentOperation, dropping operation
10-11 21:54:41.708: E/IntentOperationSvc(5448): java.lang.reflect.InvocationTargetException
10-11 21:54:41.708: E/IntentOperationSvc(5448): 	at java.lang.reflect.Constructor.newInstance(Native Method)
10-11 21:54:41.708: E/IntentOperationSvc(5448): 	at java.lang.reflect.Constructor.newInstance(Constructor.java:288)
10-11 21:54:41.708: E/IntentOperationSvc(5448): 	at bxa.a(:com.google.android.gms@11519270:8)
10-11 21:54:41.708: E/IntentOperationSvc(5448): 	at bxb.run(:com.google.android.gms@11519270:69)
10-11 21:54:41.708: E/IntentOperationSvc(5448): 	at java.util.concurrent.ThreadPoolExecutor.runWorker(ThreadPoolExecutor.java:1112)
10-11 21:54:41.708: E/IntentOperationSvc(5448): 	at java.util.concurrent.ThreadPoolExecutor$Worker.run(ThreadPoolExecutor.java:587)
10-11 21:54:41.708: E/IntentOperationSvc(5448): 	at java.lang.Thread.run(Thread.java:818)
10-11 21:54:41.708: E/IntentOperationSvc(5448): Caused by: java.lang.NullPointerException: Attempt to invoke virtual method 'android.content.SharedPreferences android.content.Context.getSharedPreferences(java.lang.String, int)' on a null object reference
10-11 21:54:41.708: E/IntentOperationSvc(5448): 	at android.content.ContextWrapper.getSharedPreferences(ContextWrapper.java:170)
10-11 21:54:41.708: E/IntentOperationSvc(5448): 	at zco.a(:com.google.android.gms@11519270:6)
10-11 21:54:41.708: E/IntentOperationSvc(5448): 	at com.google.android.gms.people.service.SettingsChangedBroadcastIntentOperation.<init>(:com.google.android.gms@11519270:2)
10-11 21:54:41.708: E/IntentOperationSvc(5448): 	... 7 more
10-11 21:54:41.709: W/OcrModelUpStIntentOp(5448): Invalid action: com.google.android.gms.phenotype.COMMITTED
10-11 21:54:41.711: I/NetRec(5466): [499] yjy.b: Cancelling all NetRec GCM tasks
10-11 21:54:41.711: I/NetRec(5466): [467] ClearDatabaseService.onHandleIntent: Clearing score cache
10-11 21:54:41.712: E/IntentOperationSvc(5448): Failed to instantiate Chimera operation impl com.google.android.gms.people.service.SettingsChangedBroadcastIntentOperation, dropping operation
10-11 21:54:41.712: E/IntentOperationSvc(5448): java.lang.reflect.InvocationTargetException
10-11 21:54:41.712: E/IntentOperationSvc(5448): 	at java.lang.reflect.Constructor.newInstance(Native Method)
10-11 21:54:41.712: E/IntentOperationSvc(5448): 	at java.lang.reflect.Constructor.newInstance(Constructor.java:288)
10-11 21:54:41.712: E/IntentOperationSvc(5448): 	at bxa.a(:com.google.android.gms@11519270:8)
10-11 21:54:41.712: E/IntentOperationSvc(5448): 	at bxb.run(:com.google.android.gms@11519270:69)
10-11 21:54:41.712: E/IntentOperationSvc(5448): 	at java.util.concurrent.ThreadPoolExecutor.runWorker(ThreadPoolExecutor.java:1112)
10-11 21:54:41.712: E/IntentOperationSvc(5448): 	at java.util.concurrent.ThreadPoolExecutor$Worker.run(ThreadPoolExecutor.java:587)
10-11 21:54:41.712: E/IntentOperationSvc(5448): 	at java.lang.Thread.run(Thread.java:818)
10-11 21:54:41.712: E/IntentOperationSvc(5448): Caused by: java.lang.NullPointerException: Attempt to invoke virtual method 'android.content.SharedPreferences android.content.Context.getSharedPreferences(java.lang.String, int)' on a null object reference
10-11 21:54:41.712: E/IntentOperationSvc(5448): 	at android.content.ContextWrapper.getSharedPreferences(ContextWrapper.java:170)
10-11 21:54:41.712: E/IntentOperationSvc(5448): 	at zco.a(:com.google.android.gms@11519270:6)
10-11 21:54:41.712: E/IntentOperationSvc(5448): 	at com.google.android.gms.people.service.SettingsChangedBroadcastIntentOperation.<init>(:com.google.android.gms@11519270:2)
10-11 21:54:41.712: E/IntentOperationSvc(5448): 	... 7 more
10-11 21:54:41.712: E/IntentOperationSvc(5448): Failed to instantiate Chimera operation impl com.google.android.gms.people.service.SettingsChangedBroadcastIntentOperation, dropping operation
10-11 21:54:41.712: E/IntentOperationSvc(5448): java.lang.reflect.InvocationTargetException
10-11 21:54:41.712: E/IntentOperationSvc(5448): 	at java.lang.reflect.Constructor.newInstance(Native Method)
10-11 21:54:41.712: E/IntentOperationSvc(5448): 	at java.lang.reflect.Constructor.newInstance(Constructor.java:288)
10-11 21:54:41.712: E/IntentOperationSvc(5448): 	at bxa.a(:com.google.android.gms@11519270:8)
10-11 21:54:41.712: E/IntentOperationSvc(5448): 	at bxb.run(:com.google.android.gms@11519270:69)
10-11 21:54:41.712: E/IntentOperationSvc(5448): 	at java.util.concurrent.ThreadPoolExecutor.runWorker(ThreadPoolExecutor.java:1112)
10-11 21:54:41.712: E/IntentOperationSvc(5448): 	at java.util.concurrent.ThreadPoolExecutor$Worker.run(ThreadPoolExecutor.java:587)
10-11 21:54:41.712: E/IntentOperationSvc(5448): 	at java.lang.Thread.run(Thread.java:818)
10-11 21:54:41.712: E/IntentOperationSvc(5448): Caused by: java.lang.NullPointerException: Attempt to invoke virtual method 'android.content.SharedPreferences android.content.Context.getSharedPreferences(java.lang.String, int)' on a null object reference
10-11 21:54:41.712: E/IntentOperationSvc(5448): 	at android.content.ContextWrapper.getSharedPreferences(ContextWrapper.java:170)
10-11 21:54:41.712: E/IntentOperationSvc(5448): 	at zco.a(:com.google.android.gms@11519270:6)
10-11 21:54:41.712: E/IntentOperationSvc(5448): 	at com.google.android.gms.people.service.SettingsChangedBroadcastIntentOperation.<init>(:com.google.android.gms@11519270:2)
10-11 21:54:41.712: E/IntentOperationSvc(5448): 	... 7 more
10-11 21:54:41.713: W/OcrModelUpStIntentOp(5448): Invalid action: com.google.android.gms.phenotype.COMMITTED
10-11 21:54:41.715: W/OcrModelUpStIntentOp(5448): Invalid action: com.google.android.gms.phenotype.COMMITTED
10-11 21:54:41.716: I/Vision(5448): Engine already satisfied by existing download for ocr
10-11 21:54:41.719: E/ConfigFileUtils(5448): Failed to read config file: /data/data/com.google.android.gms/app_chimera/current_modulesets.pb: open failed: ENOENT (No such file or directory)
10-11 21:54:41.730: I/NetRec(5466): [499] ConfigChangedIntentOperation.onHandleIntent: Handling a Phenotype update
10-11 21:54:41.731: I/NetRec(5466): [499] yjy.b: onConfigChanged()
10-11 21:54:41.732: I/NetRec(5466): [499] yjy.b: Cancelling all NetRec GCM tasks
10-11 21:54:41.732: I/NetRec(5466): [467] ClearDatabaseService.onHandleIntent: Clearing score cache
10-11 21:54:41.741: W/ConfigurationChimeraProvider(5466): Got null configs for com.google.android.gms.security
10-11 21:54:41.743: I/art(2119): Explicit concurrent mark sweep GC freed 4516(199KB) AllocSpace objects, 0(0B) LOS objects, 39% free, 8MB/13MB, paused 715us total 99.606ms
10-11 21:54:41.747: I/Auth(5466): [ReflectiveChannelBinder] Successfully bound channel!
10-11 21:54:41.748: I/installd(1345): free_cache(0) avail 3124924416
10-11 21:54:41.749: I/GCoreUlr(5466): WorldUpdater:com.google.gservices.intent.action.GSERVICES_CHANGED: Ensuring that reporting is stopped because of reasons: {account#11#=[InactiveReason{mIdentifier=10, mName='AuthError'}, InactiveReason{mIdentifier=6, mName='ReportingNotEnabled'}, InactiveReason{mIdentifier=14, mName='HistoryNotEnabled'}]}
10-11 21:54:41.752: W/ConfigurationChimeraProvider(5466): Got null configs for com.google.android.gms.mdm
10-11 21:54:41.770: I/PTCommittedOperation(5466): Receive new configuration for com.google.android.gms.udc
10-11 21:54:41.770: I/NetRec(5466): [467] ConfigChangedIntentOperation.onHandleIntent: Handling a Phenotype update
10-11 21:54:41.770: I/NetRec(5466): [467] yjy.b: onConfigChanged()
10-11 21:54:41.788: E/IntentOperationSvc(5448): Failed to instantiate Chimera operation impl com.google.android.gms.people.service.SettingsChangedBroadcastIntentOperation, dropping operation
10-11 21:54:41.788: E/IntentOperationSvc(5448): java.lang.reflect.InvocationTargetException
10-11 21:54:41.788: E/IntentOperationSvc(5448): 	at java.lang.reflect.Constructor.newInstance(Native Method)
10-11 21:54:41.788: E/IntentOperationSvc(5448): 	at java.lang.reflect.Constructor.newInstance(Constructor.java:288)
10-11 21:54:41.788: E/IntentOperationSvc(5448): 	at bxa.a(:com.google.android.gms@11519270:8)
10-11 21:54:41.788: E/IntentOperationSvc(5448): 	at bxb.run(:com.google.android.gms@11519270:69)
10-11 21:54:41.788: E/IntentOperationSvc(5448): 	at java.util.concurrent.ThreadPoolExecutor.runWorker(ThreadPoolExecutor.java:1112)
10-11 21:54:41.788: E/IntentOperationSvc(5448): 	at java.util.concurrent.ThreadPoolExecutor$Worker.run(ThreadPoolExecutor.java:587)
10-11 21:54:41.788: E/IntentOperationSvc(5448): 	at java.lang.Thread.run(Thread.java:818)
10-11 21:54:41.788: E/IntentOperationSvc(5448): Caused by: java.lang.NullPointerException: Attempt to invoke virtual method 'android.content.SharedPreferences android.content.Context.getSharedPreferences(java.lang.String, int)' on a null object reference
10-11 21:54:41.788: E/IntentOperationSvc(5448): 	at android.content.ContextWrapper.getSharedPreferences(ContextWrapper.java:170)
10-11 21:54:41.788: E/IntentOperationSvc(5448): 	at zco.a(:com.google.android.gms@11519270:6)
10-11 21:54:41.788: E/IntentOperationSvc(5448): 	at com.google.android.gms.people.service.SettingsChangedBroadcastIntentOperation.<init>(:com.google.android.gms@11519270:2)
10-11 21:54:41.788: E/IntentOperationSvc(5448): 	... 7 more
10-11 21:54:41.788: W/OcrModelUpStIntentOp(5448): Invalid action: com.google.android.gms.phenotype.COMMITTED
10-11 21:54:41.790: I/NetRec(5466): [467] yjy.b: Cancelling all NetRec GCM tasks
10-11 21:54:41.793: I/NetRec(5466): [425] ClearDatabaseService.onHandleIntent: Clearing score cache
10-11 21:54:41.795: I/CmaSystemUpdateService(5448): StartServiceIntentOperation: Intent { act=com.google.gservices.intent.action.GSERVICES_CHANGED flg=0x10 cmp=com.google.android.gms/.chimera.GmsIntentOperationService$PersistentInternalReceiver }
10-11 21:54:41.795: I/CmaSystemUpdateService(5448): receiver: Intent { act=com.google.gservices.intent.action.GSERVICES_CHANGED flg=0x10 cmp=com.google.android.gms/.chimera.GmsIntentOperationService$PersistentInternalReceiver }
10-11 21:54:41.796: I/SystemUpdate(5448): [Installation,ReceiverIntentOperation] Received intent: Intent { act=com.google.gservices.intent.action.GSERVICES_CHANGED flg=0x10 cmp=com.google.android.gms/.chimera.GmsIntentOperationService$PersistentInternalReceiver }.
10-11 21:54:41.820: I/GCoreUlr(5466): Unbound from all location providers
10-11 21:54:41.820: I/GCoreUlr(5466): Place inference reporting - stop
10-11 21:54:41.820: I/GCoreUlr(5466): Unregistering for aliased place alerts.
10-11 21:54:41.825: W/ConfigurationChimeraProvider(5466): Got null configs for com.google.android.gms.update
10-11 21:54:41.826: W/ChimeraUtils(5448): Non Chimera context
10-11 21:54:41.834: W/PackageParser(1690): Unknown element under <manifest>: meta-data at /data/app/vmdl1939061679.tmp/base.apk Binary XML file line #22
10-11 21:54:41.875: I/art(2119): Explicit concurrent mark sweep GC freed 3916(175KB) AllocSpace objects, 0(0B) LOS objects, 40% free, 8MB/13MB, paused 231us total 7.875ms
10-11 21:54:41.877: I/art(5448): Explicit concurrent mark sweep GC freed 15954(1139KB) AllocSpace objects, 15(3MB) LOS objects, 38% free, 25MB/41MB, paused 748us total 46.836ms
10-11 21:54:41.882: I/SystemUpdate(5448): [Execution,InstallationEventIntentOperation] Received intent with event 2.
10-11 21:54:41.885: I/NetRec(5466): [467] ConfigChangedIntentOperation.onHandleIntent: Handling a Phenotype update
10-11 21:54:41.885: I/NetRec(5466): [467] yjy.b: onConfigChanged()
10-11 21:54:41.888: I/PTCommittedOperation(5466): Receive new configuration for com.google.android.gms.octarine
10-11 21:54:41.892: I/CmaSystemUpdateService(5448): connectivity change: Intent { act=android.net.conn.CONNECTIVITY_CHANGE flg=0x4000010 (has extras) }
10-11 21:54:41.892: I/CmaSystemUpdateService(5448): receiver: Intent { act=android.net.conn.CONNECTIVITY_CHANGE flg=0x4000010 (has extras) }
10-11 21:54:41.894: I/SystemUpdate(5448): [Execution,InstallationIntentOperation] Received intent: Intent { act=com.google.android.gms.update.INSTALL_UPDATE cat=[targeted_intent_op_prefix:.update.execution.InstallationIntentOperation] cmp=com.google.android.gms/.chimera.GmsIntentOperationService }.
10-11 21:54:41.894: E/IntentOperationSvc(5448): Failed to instantiate Chimera operation impl com.google.android.gms.people.service.SettingsChangedBroadcastIntentOperation, dropping operation
10-11 21:54:41.894: E/IntentOperationSvc(5448): java.lang.reflect.InvocationTargetException
10-11 21:54:41.894: E/IntentOperationSvc(5448): 	at java.lang.reflect.Constructor.newInstance(Native Method)
10-11 21:54:41.894: E/IntentOperationSvc(5448): 	at java.lang.reflect.Constructor.newInstance(Constructor.java:288)
10-11 21:54:41.894: E/IntentOperationSvc(5448): 	at bxa.a(:com.google.android.gms@11519270:8)
10-11 21:54:41.894: E/IntentOperationSvc(5448): 	at bxb.run(:com.google.android.gms@11519270:69)
10-11 21:54:41.894: E/IntentOperationSvc(5448): 	at java.util.concurrent.ThreadPoolExecutor.runWorker(ThreadPoolExecutor.java:1112)
10-11 21:54:41.894: E/IntentOperationSvc(5448): 	at java.util.concurrent.ThreadPoolExecutor$Worker.run(ThreadPoolExecutor.java:587)
10-11 21:54:41.894: E/IntentOperationSvc(5448): 	at java.lang.Thread.run(Thread.java:818)
10-11 21:54:41.894: E/IntentOperationSvc(5448): Caused by: java.lang.NullPointerException: Attempt to invoke virtual method 'android.content.SharedPreferences android.content.Context.getSharedPreferences(java.lang.String, int)' on a null object reference
10-11 21:54:41.894: E/IntentOperationSvc(5448): 	at android.content.ContextWrapper.getSharedPreferences(ContextWrapper.java:170)
10-11 21:54:41.894: E/IntentOperationSvc(5448): 	at zco.a(:com.google.android.gms@11519270:6)
10-11 21:54:41.894: E/IntentOperationSvc(5448): 	at com.google.android.gms.people.service.SettingsChangedBroadcastIntentOperation.<init>(:com.google.android.gms@11519270:2)
10-11 21:54:41.894: E/IntentOperationSvc(5448): 	... 7 more
10-11 21:54:41.894: W/OcrModelUpStIntentOp(5448): Invalid action: com.google.android.gms.phenotype.COMMITTED
10-11 21:54:41.898: I/NetRec(5466): [466] ClearDatabaseService.onHandleIntent: Clearing score cache
10-11 21:54:41.899: I/NetRec(5466): [467] yjy.b: Cancelling all NetRec GCM tasks
10-11 21:54:41.902: I/SystemUpdateTask(5448): cancelUpdate (empty URL)
10-11 21:54:41.902: I/CmaSystemUpdateService(5448): active receiver: disabled
10-11 21:54:41.908: W/Conscrypt(5466): Could not set socket write timeout:
10-11 21:54:41.908: W/Conscrypt(5466):    java.lang.reflect.Method.invoke(Native Method)
10-11 21:54:41.908: W/Conscrypt(5466):    java.lang.reflect.Method.invoke(Method.java:372)
10-11 21:54:41.909: W/Conscrypt(5466): Could not set socket write timeout:
10-11 21:54:41.909: W/Conscrypt(5466):    java.lang.reflect.Method.invoke(Native Method)
10-11 21:54:41.909: W/Conscrypt(5466):    java.lang.reflect.Method.invoke(Method.java:372)
10-11 21:54:41.911: W/Conscrypt(5466): Could not set socket write timeout:
10-11 21:54:41.911: W/Conscrypt(5466):    java.lang.reflect.Method.invoke(Native Method)
10-11 21:54:41.911: W/Conscrypt(5466):    java.lang.reflect.Method.invoke(Method.java:372)
10-11 21:54:41.912: W/Conscrypt(5466): Could not set socket write timeout:
10-11 21:54:41.912: W/Conscrypt(5466):    java.lang.reflect.Method.invoke(Native Method)
10-11 21:54:41.912: W/Conscrypt(5466):    java.lang.reflect.Method.invoke(Method.java:372)
10-11 21:54:41.915: I/Places(5466): ?: Couldn't find platform key file.
10-11 21:54:41.921: I/SystemUpdateTask(5448): cancelUpdate (empty URL)
10-11 21:54:41.921: I/CmaSystemUpdateService(5448): active receiver: disabled
10-11 21:54:41.931: I/NetRec(5466): [467] ConfigChangedIntentOperation.onHandleIntent: Handling a Phenotype update
10-11 21:54:41.931: I/NetRec(5466): [467] yjy.b: onConfigChanged()
10-11 21:54:41.938: I/NetRec(5466): [467] yjy.b: Cancelling all NetRec GCM tasks
10-11 21:54:41.939: I/NetRec(5466): [467] ConfigChangedIntentOperation.onHandleIntent: Handling a Phenotype update
10-11 21:54:41.939: I/NetRec(5466): [467] yjy.b: onConfigChanged()
10-11 21:54:41.941: I/NetRec(5466): [467] yjy.b: Cancelling all NetRec GCM tasks
10-11 21:54:41.948: I/GCoreUlr(5466): WorldUpdater received intent Intent { act=com.google.android.location.reporting.ACTION_UPDATE_WORLD cmp=com.google.android.gms/com.google.android.location.reporting.service.DispatchingService (has extras) } with receiverAction com.google.gservices.intent.action.GSERVICES_CHANGED
10-11 21:54:41.969: E/IntentOperationSvc(5448): Failed to instantiate Chimera operation impl com.google.android.gms.people.service.SettingsChangedBroadcastIntentOperation, dropping operation
10-11 21:54:41.969: E/IntentOperationSvc(5448): java.lang.reflect.InvocationTargetException
10-11 21:54:41.969: E/IntentOperationSvc(5448): 	at java.lang.reflect.Constructor.newInstance(Native Method)
10-11 21:54:41.969: E/IntentOperationSvc(5448): 	at java.lang.reflect.Constructor.newInstance(Constructor.java:288)
10-11 21:54:41.969: E/IntentOperationSvc(5448): 	at bxa.a(:com.google.android.gms@11519270:8)
10-11 21:54:41.969: E/IntentOperationSvc(5448): 	at bxb.run(:com.google.android.gms@11519270:69)
10-11 21:54:41.969: E/IntentOperationSvc(5448): 	at java.util.concurrent.ThreadPoolExecutor.runWorker(ThreadPoolExecutor.java:1112)
10-11 21:54:41.969: E/IntentOperationSvc(5448): 	at java.util.concurrent.ThreadPoolExecutor$Worker.run(ThreadPoolExecutor.java:587)
10-11 21:54:41.969: E/IntentOperationSvc(5448): 	at java.lang.Thread.run(Thread.java:818)
10-11 21:54:41.969: E/IntentOperationSvc(5448): Caused by: java.lang.NullPointerException: Attempt to invoke virtual method 'android.content.SharedPreferences android.content.Context.getSharedPreferences(java.lang.String, int)' on a null object reference
10-11 21:54:41.969: E/IntentOperationSvc(5448): 	at android.content.ContextWrapper.getSharedPreferences(ContextWrapper.java:170)
10-11 21:54:41.969: E/IntentOperationSvc(5448): 	at zco.a(:com.google.android.gms@11519270:6)
10-11 21:54:41.969: E/IntentOperationSvc(5448): 	at com.google.android.gms.people.service.SettingsChangedBroadcastIntentOperation.<init>(:com.google.android.gms@11519270:2)
10-11 21:54:41.969: E/IntentOperationSvc(5448): 	... 7 more
10-11 21:54:41.969: W/OcrModelUpStIntentOp(5448): Invalid action: com.google.android.gms.phenotype.COMMITTED
10-11 21:54:41.972: I/NetRec(5466): [467] ClearDatabaseService.onHandleIntent: Clearing score cache
10-11 21:54:41.972: I/PTCommittedOperation(5466): Receive new configuration for com.google.android.gms.auth.api.credentials
