10-12 01:54:30.163: W/Settings(5329): Setting download_manager_max_bytes_over_mobile has moved from android.provider.Settings.Secure to android.provider.Settings.Global.
10-12 01:54:30.163: W/Settings(5329): Setting download_manager_recommended_max_bytes_over_mobile has moved from android.provider.Settings.Secure to android.provider.Settings.Global.
10-12 01:54:30.164: W/Finsky(5329): [2] com.google.android.finsky.application.FinskyAppImpl.at(1142): No account configured on this device.
10-12 01:54:30.166: I/Icing(2237): Usage reports 1 indexed 1 rejected 0 imm upload false
10-12 01:54:30.168: W/Finsky(5329): [2] com.google.android.finsky.application.FinskyAppImpl.at(1142): No account configured on this device.
10-12 01:54:30.195: I/chatty(5329): uid=10026(u0_a26) com.android.vending identical 18 lines
10-12 01:54:30.199: W/Finsky(5329): [2] com.google.android.finsky.application.FinskyAppImpl.at(1142): No account configured on this device.
10-12 01:54:30.199: W/Finsky(5329): [2] com.google.android.finsky.application.FinskyAppImpl.a(890): No account configured on this device.
10-12 01:54:30.204: I/Icing(2237): Usage reports 0 indexed 0 rejected 0 imm upload false
10-12 01:54:30.210: W/Finsky(5329): [2] com.google.android.finsky.application.FinskyAppImpl.at(1142): No account configured on this device.
10-12 01:54:30.216: I/chatty(5329): uid=10026(u0_a26) com.android.vending identical 9 lines
10-12 01:54:30.216: W/Finsky(5329): [2] com.google.android.finsky.application.FinskyAppImpl.at(1142): No account configured on this device.
10-12 01:54:30.222: W/Finsky(5329): [339] com.google.android.finsky.application.FinskyAppImpl.at(1142): No account configured on this device.
10-12 01:54:30.225: I/Finsky(5329): [339] com.google.android.finsky.bk.a.a(60): Apps signed by first-party test keys will be allowed
10-12 01:54:30.226: I/Finsky(5329): [339] com.google.android.finsky.contentfilter.impl.q.a(8): Received content filters request from com.google.android.videos
10-12 01:54:30.228: W/Finsky(5329): [339] com.google.android.finsky.application.FinskyAppImpl.at(1142): No account configured on this device.
10-12 01:54:30.229: W/Finsky(5329): [2] com.google.android.finsky.application.FinskyAppImpl.at(1142): No account configured on this device.
10-12 01:54:30.234: W/Finsky(5329): [365] com.google.android.finsky.application.FinskyAppImpl.at(1142): No account configured on this device.
10-12 01:54:30.265: I/Icing(2237): Usage reports 0 indexed 0 rejected 0 imm upload false
10-12 01:54:30.267: I/WearableService(2173): Wearable Services not starting - Wear is not available on this device.
10-12 01:54:30.282: D/WearableService(2173): onGetService - Wear is not available on this device.
10-12 01:54:30.283: E/Finsky(5329): [2] com.google.android.finsky.wear.bl.a(3): onConnectionFailed: ConnectionResult{statusCode=API_UNAVAILABLE, resolution=null, message=null}
10-12 01:54:30.283: W/Finsky(5329): [2] com.google.android.finsky.wear.aj.run(9): Dropping command=send_installed_apps due to Gms not connected
10-12 01:54:30.285: I/ActivityManager(1627): Killing 3271:com.google.android.gms.unstable/u0a14 (adj 904): empty #17
10-12 01:54:30.295: V/MediaRouter(5344): Adding route: RouteInfo{ name=Telfono, description=null, status=null, category=RouteCategory{ name=Sistema types=ROUTE_TYPE_LIVE_AUDIO ROUTE_TYPE_LIVE_VIDEO  groupable=false }, supportedTypes=ROUTE_TYPE_LIVE_AUDIO ROUTE_TYPE_LIVE_VIDEO , presentationDisplay=null }
10-12 01:54:30.301: V/MediaRouter(5344): Selecting route: RouteInfo{ name=Telfono, description=null, status=null, category=RouteCategory{ name=Sistema types=ROUTE_TYPE_LIVE_AUDIO ROUTE_TYPE_LIVE_VIDEO  groupable=false }, supportedTypes=ROUTE_TYPE_LIVE_AUDIO ROUTE_TYPE_LIVE_VIDEO , presentationDisplay=null }
10-12 01:54:30.308: I/Icing(2237): Usage reports 0 indexed 0 rejected 0 imm upload false
10-12 01:54:30.314: W/Finsky(5329): [2] com.google.android.finsky.application.FinskyAppImpl.at(1142): No account configured on this device.
10-12 01:54:30.315: W/Finsky(5329): [2] com.google.android.finsky.application.FinskyAppImpl.at(1142): No account configured on this device.
10-12 01:54:30.315: I/Finsky(5329): [2] com.google.android.finsky.h.a.a.a(14): result=false type=4
10-12 01:54:30.316: W/Finsky(5329): [2] com.google.android.finsky.application.FinskyAppImpl.at(1142): No account configured on this device.
10-12 01:54:30.319: I/chatty(5329): uid=10026(u0_a26) com.android.vending identical 6 lines
10-12 01:54:30.320: W/Finsky(5329): [2] com.google.android.finsky.application.FinskyAppImpl.at(1142): No account configured on this device.
10-12 01:54:30.323: E/YouTube(5344): flushBinderConnectionCallbacks is unverified on SDK 26
10-12 01:54:30.335: I/Finsky(5329): [2] com.google.android.finsky.setup.as.a(221): Restore complete with 0 success and 0 failed.
10-12 01:54:30.377: I/zygote(2173): Background concurrent copying GC freed 88270(3MB) AllocSpace objects, 8(4MB) LOS objects, 50% free, 10MB/21MB, paused 133us total 202.292ms
10-12 01:54:30.397: W/Finsky(5329): [365] com.google.android.finsky.application.FinskyAppImpl.at(1142): No account configured on this device.
10-12 01:54:30.400: W/Finsky(5329): [365] com.google.android.finsky.application.FinskyAppImpl.at(1142): No account configured on this device.
10-12 01:54:30.401: V/EmulatedCamera_Factory(1488): getCameraInfo: id = 0
10-12 01:54:30.401: V/EmulatedCamera_Camera(1488): getCameraInfo
10-12 01:54:30.401: V/EmulatedCamera_BaseCamera(1488): getCameraInfo
10-12 01:54:30.411: V/EmulatedCamera_Factory(1488): getCameraInfo: id = 1
10-12 01:54:30.411: V/EmulatedCamera_Camera(1488): getCameraInfo
10-12 01:54:30.411: V/EmulatedCamera_BaseCamera(1488): getCameraInfo
10-12 01:54:30.416: W/Finsky(5329): [365] com.google.android.finsky.application.FinskyAppImpl.at(1142): No account configured on this device.
10-12 01:54:30.460: D/NetworkSecurityConfig(5344): No Network Security Config specified, using platform default
10-12 01:54:30.468: I/LocaleChangeIO(2173): Requesting GmsCore restart due to change in locale assets
10-12 01:54:30.469: I/Process(2237): Sending signal. PID: 2237 SIG: 9
10-12 01:54:30.469: I/Process(2173): Sending signal. PID: 2173 SIG: 9
10-12 01:54:30.469: I/Process(2237): Sending signal. PID: 2237 SIG: 9
10-12 01:54:30.474: I/Process(2569): Sending signal. PID: 2569 SIG: 9
10-12 01:54:30.514: I/ActivityManager(1627): Process com.google.android.gms.feedback (pid 2569) has died: prcp IMPB
10-12 01:54:30.515: W/ActivityManager(1627): Scheduling restart of crashed service com.google.android.gms/.feedback.FeedbackService in 1000ms
10-12 01:54:30.515: D/GnssStatusListenerHelper(1627): Remote Listener died: android.location.IGnssStatusListener$Stub$Proxy@12769f8
10-12 01:54:30.515: D/PackageManager(1627): Binder to instant app resolver died
10-12 01:54:30.515: D/ConnectivityService(1627): ConnectivityService NetworkRequestInfo binderDied(NetworkRequest [ LISTEN id=7, [ Transports: WIFI Capabilities: INTERNET&NOT_RESTRICTED&NOT_VPN] ], android.os.BinderProxy@de1ded1)
10-12 01:54:30.516: E/WifiBackgroundScanStateMachine(1627): Failed to update schedule because WifiScanningService is not initialized
10-12 01:54:30.525: E/ConnectivityService(1627): RemoteException caught trying to send a callback msg for NetworkRequest [ LISTEN id=7, [ Transports: WIFI Capabilities: INTERNET&NOT_RESTRICTED&NOT_VPN] ]
10-12 01:54:30.541: D/PackageManager(1627): Disconnected from instant app resolver
10-12 01:54:30.541: W/BackupTransportManager(1627): Disconnected from transport com.google.android.gms/.backup.component.D2dTransportService
10-12 01:54:30.542: D/BackupTransportManager(1627): Scheduled explicit rebinding for com.google.android.gms/.backup.component.D2dTransportService in 300000ms
10-12 01:54:30.542: W/BackupTransportManager(1627): Disconnected from transport com.google.android.gms/.backup.BackupTransportService
10-12 01:54:30.542: D/BackupTransportManager(1627): Scheduled explicit rebinding for com.google.android.gms/.backup.BackupTransportService in 300000ms
10-12 01:54:30.543: I/ActivityManager(1627): Process com.google.android.gms.persistent (pid 2173) has died: fore BFGS
10-12 01:54:30.543: W/ActivityManager(1627): Scheduling restart of crashed service com.google.android.gms/com.google.android.location.reporting.service.ReportingAndroidService in 10972ms
10-12 01:54:30.543: W/ActivityManager(1627): Scheduling restart of crashed service com.google.android.gms/.tapandpay.service.TapAndPayService in 20972ms
10-12 01:54:30.543: W/ActivityManager(1627): Scheduling restart of crashed service com.google.android.gms/com.google.android.location.internal.GoogleLocationManagerService in 30972ms
10-12 01:54:30.543: W/ActivityManager(1627): Scheduling restart of crashed service com.google.android.gms/.usagereporting.service.UsageReportingService in 40972ms
10-12 01:54:30.543: W/ActivityManager(1627): Scheduling restart of crashed service com.google.android.gms/com.google.android.location.geocode.GeocodeService in 50972ms
10-12 01:54:30.544: W/ActivityManager(1627): Scheduling restart of crashed service com.google.android.gms/.nearby.discovery.service.DiscoveryService in 60972ms
10-12 01:54:30.544: W/ActivityManager(1627): Scheduling restart of crashed service com.google.android.gms/.backup.BackupTransportService in 70972ms
10-12 01:54:30.544: W/ActivityManager(1627): Scheduling restart of crashed service com.google.android.gms/.nearby.messages.service.NearbyMessagesService in 80972ms
10-12 01:54:30.544: W/ActivityManager(1627): Scheduling restart of crashed service com.google.android.gms/.deviceconnection.service.DeviceConnectionWatcherService in 90972ms
10-12 01:54:30.544: W/ActivityManager(1627): Scheduling restart of crashed service com.google.android.gms/.chimera.PersistentIntentOperationService in 100972ms
10-12 01:54:30.544: W/ActivityManager(1627): Scheduling restart of crashed service com.google.android.gms/com.google.android.location.network.NetworkLocationService in 110972ms
10-12 01:54:30.544: W/ActivityManager(1627): Scheduling restart of crashed service com.google.android.gms/.common.stats.GmsCoreStatsService in 120972ms
10-12 01:54:30.544: W/ActivityManager(1627): Scheduling restart of crashed service com.google.android.gms/.auth.account.service.WorkAccountService in 130972ms
10-12 01:54:30.544: W/ActivityManager(1627): Scheduling restart of crashed service com.google.android.gms/com.google.location.nearby.direct.service.NearbyDirectService in 130972ms
10-12 01:54:30.544: W/ActivityManager(1627): Scheduling restart of crashed service com.google.android.gms/.chimera.PersistentBoundBrokerService in 130972ms
10-12 01:54:30.544: W/ActivityManager(1627): Scheduling restart of crashed service com.google.android.gms/.clearcut.service.ClearcutLoggerService in 140972ms
10-12 01:54:30.544: W/ActivityManager(1627): Scheduling restart of crashed service com.google.android.gms/com.google.android.location.internal.server.HardwareArProviderService in 150972ms
10-12 01:54:30.544: W/ActivityManager(1627): Scheduling restart of crashed service com.google.android.gms/.auth.setup.devicesignals.LockScreenService in 160972ms
10-12 01:54:30.544: W/ActivityManager(1627): Scheduling restart of crashed service com.google.android.gms/com.google.android.location.internal.server.GoogleLocationService in 170972ms
10-12 01:54:30.544: W/ActivityManager(1627): Scheduling restart of crashed service com.google.android.gms/.trustagent.speech.service.VoiceUnlockService in 180972ms
10-12 01:54:30.544: W/ActivityManager(1627): Scheduling restart of crashed service com.google.android.gms/.pseudonymous.service.PseudonymousIdService in 190972ms
10-12 01:54:30.544: W/ActivityManager(1627): Scheduling restart of crashed service com.google.android.gms/.wearable.service.WearableService in 200972ms
10-12 01:54:30.544: W/ActivityManager(1627): Scheduling restart of crashed service com.google.android.gms/.backup.component.D2dTransportService in 210972ms
10-12 01:54:30.544: W/ActivityManager(1627): Scheduling restart of crashed service com.google.android.gms/.gcm.GcmService in 220972ms
10-12 01:54:30.544: W/ActivityManager(1627): Scheduling restart of crashed service com.google.android.gms/com.google.android.contextmanager.service.ContextManagerService in 230972ms
10-12 01:54:30.544: W/ActivityManager(1627): Scheduling restart of crashed service com.google.android.gms/com.google.android.location.geofencer.service.GeofenceProviderService in 240972ms
10-12 01:54:30.544: W/ActivityManager(1627): Scheduling restart of crashed service com.google.android.gms/.lockbox.service.LockboxBrokerService in 250972ms
10-12 01:54:30.544: W/ActivityManager(1627): Scheduling restart of crashed service com.google.android.gms/.phenotype.service.PhenotypeService in 260972ms
10-12 01:54:30.563: E/JavaBinder(1627): !!! FAILED BINDER TRANSACTION !!!  (parcel size = 96)
10-12 01:54:30.563: D/ConnectivityService(1627): ConnectivityService NetworkRequestInfo binderDied(NetworkRequest [ LISTEN id=9, [ Capabilities: INTERNET&NOT_RESTRICTED&TRUSTED&NOT_VPN] ], android.os.BinderProxy@82134b)
10-12 01:54:30.570: E/ConnectivityService(1627): RemoteException caught trying to send a callback msg for NetworkRequest [ LISTEN id=9, [ Capabilities: INTERNET&NOT_RESTRICTED&TRUSTED&NOT_VPN] ]
10-12 01:54:30.580: I/ActivityManager(1627): Process com.google.android.gms (pid 2237) has died: vis  SVC 
10-12 01:54:30.580: W/ActivityManager(1627): Scheduling restart of crashed service com.google.android.gms/.ads.identifier.service.AdvertisingIdService in 270936ms
10-12 01:54:30.580: W/ActivityManager(1627): Scheduling restart of crashed service com.google.android.gms/.chimera.GmsIntentOperationService in 280936ms
10-12 01:54:30.580: W/ActivityManager(1627): Scheduling restart of crashed service com.google.android.gms/.icing.service.IndexWorkerService in 280936ms
10-12 01:54:30.583: W/PhenotypeWorker(2453): Calling registerSync api failed.
10-12 01:54:30.596: I/ActivityManager(1627): Start proc 5453:com.google.android.gms.persistent/u0a14 for broadcast com.google.android.gms/.gcm.nts.SchedulerReceiver
10-12 01:54:30.598: I/ActivityManager(1627): Killing 4638:com.android.defcontainer/u0a8 (adj 906): empty #17
10-12 01:54:30.599: V/MediaRouter(5344): Selecting route: RouteInfo{ name=Telfono, description=null, status=null, category=RouteCategory{ name=Sistema types=ROUTE_TYPE_LIVE_AUDIO ROUTE_TYPE_LIVE_VIDEO  groupable=false }, supportedTypes=ROUTE_TYPE_LIVE_AUDIO ROUTE_TYPE_LIVE_VIDEO , presentationDisplay=null }
10-12 01:54:30.606: W/zygote(5453): Unexpected CPU variant for X86 using defaults: x86
10-12 01:54:30.644: I/ActivityManager(1627): Start proc 5471:com.google.android.gms/u0a14 for service com.google.android.gms/.cast.media.CastMediaRouteProviderService
10-12 01:54:30.650: W/zygote(5471): Unexpected CPU variant for X86 using defaults: x86
10-12 01:54:30.663: I/LoadedApk(5453): No resource references to update in package FFFFFFFFFFFFFFFFFFFFFF
10-12 01:54:30.668: W/YouTube(5344): ECatcher disabled: level: WARNING, category: initialization, message: Initialization Exception
10-12 01:54:30.668: W/YouTube(5344): java.lang.IllegalArgumentException
10-12 01:54:30.668: W/YouTube(5344): 	at adac.a(SourceFile:2)
10-12 01:54:30.668: W/YouTube(5344): 	at poo.a(SourceFile:4)
10-12 01:54:30.668: W/YouTube(5344): 	at poa.a(SourceFile:1)
10-12 01:54:30.668: W/YouTube(5344): 	at vlj.g(SourceFile:107)
10-12 01:54:30.668: W/YouTube(5344): 	at vlj.c(SourceFile:90)
10-12 01:54:30.668: W/YouTube(5344): 	at vfr.c(SourceFile:53)
10-12 01:54:30.668: W/YouTube(5344): 	at eiy.a(SourceFile:10)
10-12 01:54:30.668: W/YouTube(5344): 	at cfw.run(SourceFile:4)
10-12 01:54:30.668: W/YouTube(5344): 	at java.util.concurrent.Executors$RunnableAdapter.call(Executors.java:457)
10-12 01:54:30.668: W/YouTube(5344): 	at java.util.concurrent.FutureTask.run(FutureTask.java:266)
10-12 01:54:30.668: W/YouTube(5344): 	at java.util.concurrent.ScheduledThreadPoolExecutor$ScheduledFutureTask.run(ScheduledThreadPoolExecutor.java:301)
10-12 01:54:30.668: W/YouTube(5344): 	at java.util.concurrent.ThreadPoolExecutor.runWorker(ThreadPoolExecutor.java:1162)
10-12 01:54:30.668: W/YouTube(5344): 	at java.util.concurrent.ThreadPoolExecutor$Worker.run(ThreadPoolExecutor.java:636)
10-12 01:54:30.668: W/YouTube(5344): 	at poc.run(SourceFile:24)
10-12 01:54:30.668: W/YouTube(5344): 	at java.lang.Thread.run(Thread.java:764)
10-12 01:54:30.687: I/Remoter(1476): Saved screenshot to '/data/screenshots/__pmv__-0076.jpg'
10-12 01:54:30.702: V/NativeCrypto(5453): Registering com/google/android/gms/org/conscrypt/NativeCrypto's 259 native methods...
10-12 01:54:30.715: V/NativeCrypto(5344): Registering com/google/android/gms/org/conscrypt/NativeCrypto's 259 native methods...
10-12 01:54:30.721: D/NetworkSecurityConfig(5453): No Network Security Config specified, using platform default
10-12 01:54:30.727: I/LoadedApk(5471): No resource references to update in package FFFFFFFFFFFFFFFFFFFFFF
10-12 01:54:30.754: I/ProviderInstaller(5453): Installed default security provider GmsCore_OpenSSL
10-12 01:54:30.770: V/NativeCrypto(5471): Registering com/google/android/gms/org/conscrypt/NativeCrypto's 259 native methods...
10-12 01:54:30.806: D/NetworkSecurityConfig(5471): No Network Security Config specified, using platform default
10-12 01:54:30.806: I/ProviderInstaller(5471): Installed default security provider GmsCore_OpenSSL
10-12 01:54:30.818: I/zygote(1627): Background concurrent copying GC freed 31091(2MB) AllocSpace objects, 8(344KB) LOS objects, 42% free, 9MB/16MB, paused 167us total 158.187ms
10-12 01:54:30.911: I/DynamiteModule(5453): Considering local module com.google.android.gms.googlecertificates:4 and remote module com.google.android.gms.googlecertificates:4
10-12 01:54:30.911: I/DynamiteModule(5453): Selected local version of com.google.android.gms.googlecertificates
10-12 01:54:30.920: W/zygote(5344): Skipping duplicate class check due to unrecognized classloader
10-12 01:54:30.937: I/ProviderInstaller(5344): Installed default security provider GmsCore_OpenSSL
10-12 01:54:30.981: D/DynamitePackage(5344): Instantiated singleton DynamitePackage.
10-12 01:54:30.990: D/DynamitePackage(5344): Instantiating com.google.android.gms.ads.adshield.ChimeraAdShieldCreatorImpl
10-12 01:54:31.029: W/zygote(5344): Skipping duplicate class check due to unrecognized classloader
10-12 01:54:31.056: I/CastDatabase(5471): Opening the database
10-12 01:54:31.102: I/SQLiteCastStore(5471): 0 CastNetworkInfo instances loaded, 0 CastDeviceInfo instances loaded, 0 paired guest mode devices loaded.
10-12 01:54:31.162: W/zygote(5344): Long monitor contention with owner initCrit3-2 (5373) at java.lang.String axkc.f()(:com.google.android.gms@11519470:10) waiters=0 in java.lang.Object pnf.get() for 411ms
10-12 01:54:31.196: I/zygote(5453): Do partial code cache collection, code=30KB, data=19KB
10-12 01:54:31.204: D/ContextHubService(1627): Added callback, total callbacks 1
10-12 01:54:31.207: I/NetworkScheduler(5453): Using standalone scheduling engine
10-12 01:54:31.223: D/ContextHubService(1627): System supports 0 hubs
10-12 01:54:31.223: I/zygote(5453): After code cache collection, code=30KB, data=19KB
10-12 01:54:31.223: I/zygote(5453): Increasing code cache capacity to 128KB
10-12 01:54:31.259: I/CastSocket(5471): 26 >= 18. Adding new CastClientAuthKeyManager.
10-12 01:54:31.266: D/AndroidRuntime(5504): >>>>>> START com.android.internal.os.RuntimeInit uid 0 <<<<<<
10-12 01:54:31.268: D/AndroidRuntime(5504): CheckJNI is OFF
10-12 01:54:31.268: E/cutils-trace(5504): Error opening trace file: No such file or directory (2)
10-12 01:54:31.278: I/DiscoveryManager(5471): WifiGuestModeDeviceScanner enabled.
10-12 01:54:31.279: I/zygote(5471): Do partial code cache collection, code=30KB, data=18KB
10-12 01:54:31.279: I/zygote(5471): After code cache collection, code=30KB, data=18KB
10-12 01:54:31.279: I/zygote(5471): Increasing code cache capacity to 128KB
10-12 01:54:31.294: W/Settings(5453): Setting airplane_mode_on has moved from android.provider.Settings.System to android.provider.Settings.Global, returning read-only value.
10-12 01:54:31.325: I/CastMediaRouteProvider(5471): in onDiscoveryRequestChanged: request=DiscoveryRequest{ selector=MediaRouteSelector{ controlCategories=[com.google.android.gms.cast.CATEGORY_CAST/233637DE] }, activeScan=false, isValid=true }
10-12 01:54:31.337: I/DiscoveryManager(5471): Filter criteria(233637DE) scannerFlags(2)
10-12 01:54:31.337: I/Publisher(5471): onUpdateFilterCriteria [233637DE]
10-12 01:54:31.342: I/CastMediaRouteProvider(5471): onDevicesPublished with 0 devices
10-12 01:54:31.343: I/CastMediaRouteProvider(5471): Published 0 routes
10-12 01:54:31.352: W/app_process(5504): Unexpected CPU variant for X86 using defaults: x86
10-12 01:54:31.355: W/nativebridge(5504): Failed to bind-mount /system/lib/x86/cpuinfo as /proc/cpuinfo: No such file or directory
10-12 01:54:31.376: I/Radio-JNI(5504): register_android_hardware_Radio DONE
10-12 01:54:31.377: W/zygote(5344): Long monitor contention with owner initCrit3-2 (5373) at void java.lang.Object.wait(long, int)(Object.java:-2) waiters=0 in java.lang.String npi.c() for 194ms
10-12 01:54:31.384: D/AndroidRuntime(5504): Calling main entry com.android.commands.am.Am
10-12 01:54:31.388: I/ActivityManager(1627): Force stopping com.google.android.apps.mtaas.loginutil appid=10085 user=0: start instr
10-12 01:54:31.395: W/ConfigurationChimeraProvider(5453): Got null configs for com.google.android.gms.nearby
10-12 01:54:31.396: W/zygote(5584): Unexpected CPU variant for X86 using defaults: x86
10-12 01:54:31.399: I/ActivityManager(1627): Start proc 5584:com.google.android.apps.mtaas.loginutil/u0a85 for added application com.google.android.apps.mtaas.loginutil
10-12 01:54:31.412: W/zygote(5601): Unexpected CPU variant for X86 using defaults: x86
10-12 01:54:31.414: D/NetworkSecurityConfig(5584): No Network Security Config specified, using platform default
10-12 01:54:31.415: I/ActivityManager(1627): Start proc 5601:com.google.android.apps.gcs/u0a15 for service com.google.android.apps.gcs/com.google.android.flib.phenotype.services.PhenotypeExperimentCommitService
10-12 01:54:31.421: D/LoginUtil(5584): Connected to Internet
10-12 01:54:31.424: D/LoginUtil(5584): Adding Account {name=VS2WQVCOVYYT3Y3JQZUPAOQ2II-00@cloudtestlabaccounts.com, type=com.google}
10-12 01:54:31.436: W/zygote(5622): Unexpected CPU variant for X86 using defaults: x86
10-12 01:54:31.439: I/ActivityManager(1627): Start proc 5622:com.google.android.apps.auth.test.support/u0a87 for service com.google.android.apps.auth.test.support/.services.AccountService
10-12 01:54:31.441: I/DeviceScanner(5471): [MDNS] startScan: scannerFlags: 2 criteria=233637DE
10-12 01:54:31.445: W/Binder(1627): Outgoing transactions from this process must be FLAG_ONEWAY
10-12 01:54:31.445: W/Binder(1627): java.lang.Throwable
10-12 01:54:31.445: W/Binder(1627): 	at android.os.BinderProxy.transact(Binder.java:736)
10-12 01:54:31.445: W/Binder(1627): 	at com.android.internal.backup.IBackupTransport$Stub$Proxy.name(IBackupTransport.java:369)
10-12 01:54:31.445: W/Binder(1627): 	at com.android.server.backup.TransportManager$TransportConnection.onServiceConnected(TransportManager.java:339)
10-12 01:54:31.445: W/Binder(1627): 	at android.app.LoadedApk$ServiceDispatcher.doConnected(LoadedApk.java:1611)
10-12 01:54:31.445: W/Binder(1627): 	at android.app.LoadedApk$ServiceDispatcher$RunConnection.run(LoadedApk.java:1640)
10-12 01:54:31.445: W/Binder(1627): 	at android.os.Handler.handleCallback(Handler.java:769)
10-12 01:54:31.445: W/Binder(1627): 	at android.os.Handler.dispatchMessage(Handler.java:98)
10-12 01:54:31.445: W/Binder(1627): 	at android.os.Looper.loop(Looper.java:164)
10-12 01:54:31.445: W/Binder(1627): 	at com.android.server.SystemServer.run(SystemServer.java:419)
10-12 01:54:31.445: W/Binder(1627): 	at com.android.server.SystemServer.main(SystemServer.java:258)
10-12 01:54:31.445: W/Binder(1627): 	at java.lang.reflect.Method.invoke(Native Method)
10-12 01:54:31.445: W/Binder(1627): 	at com.android.internal.os.Zygote$MethodAndArgsCaller.run(Zygote.java:240)
10-12 01:54:31.445: W/Binder(1627): 	at com.android.internal.os.ZygoteInit.main(ZygoteInit.java:767)
10-12 01:54:31.445: D/BackupTransportManager(1627): Bound to transport: com.google.android.gms/.backup.BackupTransportService
10-12 01:54:31.468: E/ActivityThread(5622): Failed to find provider info for com.google.android.apps.common.testing.services.storage.testargs
10-12 01:54:31.468: W/AuthService(5622): [TestArgsHelper] Error when calling AndroidTestUtil.getTestArgs(). Note that this behavior might be expected.
10-12 01:54:31.472: I/Stn.AppLifecycle(5601): [2] b.a: onConfigChanged()
10-12 01:54:31.480: I/AuthService(5622): [AddAccountOperation] Call GmsCore API.
10-12 01:54:31.493: W/MdnsClient_Cast(5471): #acquireLock. Multicast lock not held. Acquiring. Subtypes:"233637DE"
10-12 01:54:31.499: W/MdnsClient_Cast(5471): #acquireLock. Multicast lock not held. Acquiring. Subtypes:"233637DE"
10-12 01:54:31.500: I/DeviceScanner(5471): [GuestMode] startScan: scannerFlags: 2 criteria=233637DE
10-12 01:54:31.502: I/CastMediaRouteProvider(5471): onDevicesPublished with 0 devices
10-12 01:54:31.502: I/CastMediaRouteProvider(5471): Published 0 routes
10-12 01:54:31.503: I/DeviceScanner(5471): [MDNS] startScan: scannerFlags: 2 criteria=233637DE
10-12 01:54:31.503: I/DeviceScanner(5471): [MDNS] onScanSettingsUpdated: filterCriteriaAdded: NONE
10-12 01:54:31.503: I/DeviceScanner(5471): [MDNS] onScanSettingsUpdated: filterCriteriaRemoved: NONE
10-12 01:54:31.503: I/DeviceScanner(5471): [MDNS] onScanSettingsUpdated: Did scan settings changed? false
10-12 01:54:31.503: W/MdnsClient_Cast(5471): Multicast lock held. Releasing. Subtypes:"233637DE"
10-12 01:54:31.509: I/GCoreNlp(5453): shouldConfirmNlp, NLP off. Ensuring opt-in disabled
10-12 01:54:31.511: W/Gcs.AccountsChgRcvr(5601): [2] g.b: No accounts available. WFA has been deactivated
10-12 01:54:31.521: W/zygote(5658): Unexpected CPU variant for X86 using defaults: x86
10-12 01:54:31.525: I/ActivityManager(1627): Start proc 5658:com.google.android.gms.feedback/u0a14 for service com.google.android.gms/.feedback.FeedbackService
10-12 01:54:31.528: W/MdnsClient_Cast(5471): #acquireLock. Multicast lock not held. Acquiring. Subtypes:"233637DE"
10-12 01:54:31.530: W/Binder(1627): Outgoing transactions from this process must be FLAG_ONEWAY
10-12 01:54:31.530: W/Binder(1627): java.lang.Throwable
10-12 01:54:31.530: W/Binder(1627): 	at android.os.BinderProxy.transact(Binder.java:736)
10-12 01:54:31.530: W/Binder(1627): 	at com.android.internal.location.ILocationProvider$Stub$Proxy.getProperties(ILocationProvider.java:232)
10-12 01:54:31.530: W/Binder(1627): 	at com.android.server.location.LocationProviderProxy$1.run(LocationProviderProxy.java:119)
10-12 01:54:31.530: W/Binder(1627): 	at android.os.Handler.handleCallback(Handler.java:769)
10-12 01:54:31.530: W/Binder(1627): 	at android.os.Handler.dispatchMessage(Handler.java:98)
10-12 01:54:31.530: W/Binder(1627): 	at android.os.Looper.loop(Looper.java:164)
10-12 01:54:31.530: W/Binder(1627): 	at android.os.HandlerThread.run(HandlerThread.java:65)
10-12 01:54:31.532: W/MdnsClient_Cast(5471): Multicast lock held. Releasing. Subtypes:"233637DE"
10-12 01:54:31.539: I/GAv4(5601): Google Analytics 10.9.00 is starting up. To enable debug logging on a device run:
10-12 01:54:31.539: I/GAv4(5601):   adb shell setprop log.tag.GAv4 DEBUG
10-12 01:54:31.539: I/GAv4(5601):   adb logcat -s GAv4
10-12 01:54:31.548: W/MdnsClient_Cast(5471): #acquireLock. Multicast lock not held. Acquiring. Subtypes:"233637DE"
10-12 01:54:31.556: I/DeviceScanner(5471): [GuestMode] startScan: scannerFlags: 2 criteria=233637DE
10-12 01:54:31.564: W/GAv4(5601): AnalyticsReceiver is not registered or is disabled. Register the receiver for reliable dispatching on non-Google Play devices. See http://goo.gl/8Rd3yj for instructions.
10-12 01:54:31.571: I/InstantApps(5453): HashPrefixFilterImpl: Registered O hash prefix filter.
10-12 01:54:31.572: D/PackageManager(1627): Connected to instant app resolver
10-12 01:54:31.573: W/GAv4(5601): CampaignTrackingReceiver is not registered, not exported or is disabled. Installation campaign tracking is not possible. See http://goo.gl/8Rd3yj for instructions.
10-12 01:54:31.575: I/NetRec(5453): [2] NetworkRecommendationService.onCreate: Creating service.
10-12 01:54:31.578: D/Primes(5601): Package metric disabled.
10-12 01:54:31.578: D/Primes(5601): Battery metric disabled
10-12 01:54:31.578: D/Primes(5601): MagicEye logging metric disabled
10-12 01:54:31.578: I/LoadedApk(5658): No resource references to update in package FFFFFFFFFFFFFFFFFFFFFF
10-12 01:54:31.584: W/GAv4(5601): AnalyticsService not registered in the app manifest. Hits might not be delivered reliably. See http://goo.gl/8Rd3yj for instructions.
10-12 01:54:31.598: V/NativeCrypto(5658): Registering com/google/android/gms/org/conscrypt/NativeCrypto's 259 native methods...
10-12 01:54:31.607: W/ResourceType(5453): No package identifier when getting value for resource number 0x00000000
10-12 01:54:31.608: W/ChimeraUtils(5453): Module com.google.android.gms.netrec missing resource netrec_module_display_name(0)
10-12 01:54:31.619: I/NetRec(5453): [2] yip.onChange: Starting service.
10-12 01:54:31.619: I/NetRec(5453): [2] yle.a: Now the active scorer.
10-12 01:54:31.622: I/zygote(5453): Deoptimizing java.lang.Object aavn.c() due to JIT inline cache
10-12 01:54:31.629: D/NetworkSecurityConfig(5658): No Network Security Config specified, using platform default
10-12 01:54:31.629: I/ProviderInstaller(5658): Installed default security provider GmsCore_OpenSSL
10-12 01:54:31.723: I/WearableService(5453): Wearable Services not starting - Wear is not available on this device.
10-12 01:54:31.748: W/Binder(1627): Outgoing transactions from this process must be FLAG_ONEWAY
10-12 01:54:31.748: W/Binder(1627): java.lang.Throwable
10-12 01:54:31.748: W/Binder(1627): 	at android.os.BinderProxy.transact(Binder.java:736)
10-12 01:54:31.748: W/Binder(1627): 	at com.android.internal.backup.IBackupTransport$Stub$Proxy.name(IBackupTransport.java:369)
10-12 01:54:31.748: W/Binder(1627): 	at com.android.server.backup.TransportManager$TransportConnection.onServiceConnected(TransportManager.java:339)
10-12 01:54:31.748: W/Binder(1627): 	at android.app.LoadedApk$ServiceDispatcher.doConnected(LoadedApk.java:1611)
10-12 01:54:31.748: W/Binder(1627): 	at android.app.LoadedApk$ServiceDispatcher$RunConnection.run(LoadedApk.java:1640)
10-12 01:54:31.748: W/Binder(1627): 	at android.os.Handler.handleCallback(Handler.java:769)
10-12 01:54:31.748: W/Binder(1627): 	at android.os.Handler.dispatchMessage(Handler.java:98)
10-12 01:54:31.748: W/Binder(1627): 	at android.os.Looper.loop(Looper.java:164)
10-12 01:54:31.748: W/Binder(1627): 	at com.android.server.SystemServer.run(SystemServer.java:419)
10-12 01:54:31.748: W/Binder(1627): 	at com.android.server.SystemServer.main(SystemServer.java:258)
10-12 01:54:31.748: W/Binder(1627): 	at java.lang.reflect.Method.invoke(Native Method)
10-12 01:54:31.748: W/Binder(1627): 	at com.android.internal.os.Zygote$MethodAndArgsCaller.run(Zygote.java:240)
10-12 01:54:31.748: W/Binder(1627): 	at com.android.internal.os.ZygoteInit.main(ZygoteInit.java:767)
10-12 01:54:31.751: D/BackupTransportManager(1627): Bound to transport: com.google.android.gms/.backup.component.D2dTransportService
10-12 01:54:31.780: I/Remoter(1476): Saved screenshot to '/data/screenshots/__pmv__-0077.jpg'
10-12 01:54:31.807: E/HalDeviceManager(1627): getAllChipInfo: called but mWifi is null!?
10-12 01:54:31.807: E/HalDeviceManager(1627): getSupportedIfaceTypesInternal: no chip info found
10-12 01:54:31.822: I/zygote(5453): Do partial code cache collection, code=62KB, data=45KB
10-12 01:54:31.822: I/zygote(5453): After code cache collection, code=59KB, data=44KB
10-12 01:54:31.822: I/zygote(5453): Increasing code cache capacity to 256KB
10-12 01:54:31.914: W/GeofencerStateMachine(5453): Received SM_HARDWARE_GEOFENCE_CHANGED_CMD in NotInitializedState
10-12 01:54:31.918: E/GnsSdk(5185): [GnsTaskScheduledService] Handler not found for tag: scheduled_sync_reg_status
10-12 01:54:31.924: I/GCM(5453): Ack for not saved message 2
10-12 01:54:31.925: I/GCM(5453): Ack for not saved message 3
10-12 01:54:31.925: I/GCM(5453): Ack for not saved message 4
10-12 01:54:31.925: I/GCM(5453): Ack for not saved message 5
10-12 01:54:31.925: I/GCM(5453): Ack for not saved message 6
10-12 01:54:31.929: I/GeofencerStateMachine(5453): Network location disabled.
10-12 01:54:31.946: I/Backup(5453): [GmsBackupAccountManager] Backup account not found in gmscore.
10-12 01:54:31.963: W/ChimeraUtils(5453): Non Chimera context
10-12 01:54:31.963: W/ChimeraUtils(5453): Non Chimera context
10-12 01:54:31.970: I/Auth(5453): [ReflectiveChannelBinder] Successfully bound channel!
10-12 01:54:31.972: I/GoogleURLConnFactory(5453): Using platform SSLCertificateSocketFactory
10-12 01:54:31.973: E/BaseAppContext(5453): Tried to stop global GMSCore RequestQueue. This is likely unintended, so ignoring.
10-12 01:54:31.982: I/GeofencerStateMachine(5453): sendQueryLocationOptIn
10-12 01:54:31.991: I/zygote(5453): Deoptimizing boolean bxm.a(android.content.Context, bxo) due to JIT inline cache
10-12 01:54:32.000: W/ChimeraUtils(5453): Module com.google.android.gms.backup has empty metadata display_name_string_id
10-12 01:54:32.005: I/GeofencerStateMachine(5453): removeGeofences: removeRequest=RemoveGeofencingRequest[REMOVE_BY_PENDING_INTENT pendingIntent=PendingIntent[creatorPackage=com.google.android.gms], packageName=null]
10-12 01:54:32.019: I/zygote(5453): Deoptimizing boolean nn.add(java.lang.Object) due to JIT inline cache
10-12 01:54:32.047: I/BeaconBle(5453): Using BLE 'L' hardware layer
10-12 01:54:32.056: W/Nearby(5453): Bind call too late - someone already tried to get: interface avxf
10-12 01:54:32.064: I/Auth(5453): [ReflectiveChannelBinder] Successfully bound channel!
10-12 01:54:32.075: W/zygote(5736): Unexpected CPU variant for X86 using defaults: x86
10-12 01:54:32.078: I/ActivityManager(1627): Start proc 5736:com.google.android.gms.unstable/u0a14 for service com.google.android.gms/.droidguard.DroidGuardService
10-12 01:54:32.114: I/LoadedApk(5736): No resource references to update in package FFFFFFFFFFFFFFFFFFFFFF
10-12 01:54:32.116: I/PhenotypeExpCommitSvc(5601): [371] PhenotypeExperimentCommitService.a: Successfully committed experiments for user 
10-12 01:54:32.117: I/Stn.AppLifecycle(5601): [2] b.a: onConfigChanged()
10-12 01:54:32.125: V/NativeCrypto(5736): Registering com/google/android/gms/org/conscrypt/NativeCrypto's 259 native methods...
10-12 01:54:32.135: D/NetworkSecurityConfig(5736): No Network Security Config specified, using platform default
10-12 01:54:32.136: I/ProviderInstaller(5736): Installed default security provider GmsCore_OpenSSL
10-12 01:54:32.145: I/ActivityManager(1627): Killing 5045:com.android.carrierdefaultapp/u0a42 (adj 906): empty #17
10-12 01:54:32.207: W/Settings(5453): Setting airplane_mode_on has moved from android.provider.Settings.System to android.provider.Settings.Global, returning read-only value.
10-12 01:54:32.221: W/Settings(5453): Setting airplane_mode_on has moved from android.provider.Settings.System to android.provider.Settings.Global, returning read-only value.
10-12 01:54:32.230: E/SQLiteDatabase(5453): Error inserting period=30000 target_class=com.google.android.flib.phenotype.services.PhenotypeExperimentCommitService required_network_type=2 runtime=1507773272148 extras={"force_full_commit":{"false":3},"mendel_package":{"com.google.android.apps.gcs":4}} source=4 target_package=com.google.android.apps.gcs source_version=10900000 last_runtime=0 user_id=0 job_id=-1 requires_charging=0 tag=PhenotypeExpCommitSvc flex_time=0 task_type=0 retry_strategy={"maximum_backoff_seconds":{"3600":0},"initial_backoff_seconds":{"30":0},"retry_policy":{"0":0}}
10-12 01:54:32.230: E/SQLiteDatabase(5453): android.database.sqlite.SQLiteConstraintException: UNIQUE constraint failed: pending_ops.tag, pending_ops.target_class, pending_ops.target_package, pending_ops.user_id (code 2067)
10-12 01:54:32.230: E/SQLiteDatabase(5453): 	at android.database.sqlite.SQLiteConnection.nativeExecuteForLastInsertedRowId(Native Method)
10-12 01:54:32.230: E/SQLiteDatabase(5453): 	at android.database.sqlite.SQLiteConnection.executeForLastInsertedRowId(SQLiteConnection.java:782)
10-12 01:54:32.230: E/SQLiteDatabase(5453): 	at android.database.sqlite.SQLiteSession.executeForLastInsertedRowId(SQLiteSession.java:788)
10-12 01:54:32.230: E/SQLiteDatabase(5453): 	at android.database.sqlite.SQLiteStatement.executeInsert(SQLiteStatement.java:86)
10-12 01:54:32.230: E/SQLiteDatabase(5453): 	at android.database.sqlite.SQLiteDatabase.insertWithOnConflict(SQLiteDatabase.java:1474)
10-12 01:54:32.230: E/SQLiteDatabase(5453): 	at android.database.sqlite.SQLiteDatabase.insert(SQLiteDatabase.java:1343)
10-12 01:54:32.230: E/SQLiteDatabase(5453): 	at svp.a(:com.google.android.gms@11519470:208)
10-12 01:54:32.230: E/SQLiteDatabase(5453): 	at sww.a(:com.google.android.gms@11519470:64)
10-12 01:54:32.230: E/SQLiteDatabase(5453): 	at sww.a(:com.google.android.gms@11519470:7)
10-12 01:54:32.230: E/SQLiteDatabase(5453): 	at sww.a(:com.google.android.gms@11519470:58)
10-12 01:54:32.230: E/SQLiteDatabase(5453): 	at svm.run(:com.google.android.gms@11519470:3)
10-12 01:54:32.230: E/SQLiteDatabase(5453): 	at mmo.run(:com.google.android.gms@11519470:25)
10-12 01:54:32.230: E/SQLiteDatabase(5453): 	at java.util.concurrent.ThreadPoolExecutor.runWorker(ThreadPoolExecutor.java:1162)
10-12 01:54:32.230: E/SQLiteDatabase(5453): 	at java.util.concurrent.ThreadPoolExecutor$Worker.run(ThreadPoolExecutor.java:636)
10-12 01:54:32.230: E/SQLiteDatabase(5453): 	at mrv.run(Unknown Source:7)
10-12 01:54:32.230: E/SQLiteDatabase(5453): 	at java.lang.Thread.run(Thread.java:764)
10-12 01:54:32.252: E/NetworkScheduler(5453): Error persisting task: com.google.android.apps.gcs/com.google.android.flib.phenotype.services.PhenotypeExperimentCommitService{u=0 tag="PhenotypeExpCommitSvc" trigger=window{start=0s,end=30s,earliest=0s,latest=29s} requirements=[NET_ANY] attributes=[PERSISTED] scheduled=0s last_run=N/A jid=N/A status=PENDING retries=0}
10-12 01:54:32.259: I/zygote(5453): Deoptimizing void sww.a(sxe, int) due to JIT inline cache
10-12 01:54:32.301: D/BluetoothAdapter(5453): isLeEnabled(): ON
10-12 01:54:32.302: D/BluetoothLeScanner(5453): could not find callback wrapper
10-12 01:54:32.303: I/BeaconBle(5453): Client requested scan, settings=BleSettings [scanMode=LOW_LATENCY, callbackType=ALL_MATCHES, reportDelayMillis=0, 6 filters, 1 clients, callingClientName=Nearby]
10-12 01:54:32.317: I/BeaconBle(5453): 'L' hardware scan: 6 filters, scanMode=2, reportdelay=0, callback type=1, #clients=1
10-12 01:54:32.318: I/BeaconBle(5453): Starting scan on OS scanner. BT state: 12
10-12 01:54:32.318: D/BluetoothAdapter(5453): isLeEnabled(): ON
10-12 01:54:32.319: D/BtGatt.GattService(1725): registerScanner() - UUID=e2e3b6a5-80a6-41b6-bb2e-173fd660042b
10-12 01:54:32.320: D/BtGatt.GattService(1725): onScannerRegistered() - UUID=e2e3b6a5-80a6-41b6-bb2e-173fd660042b, scannerId=5, status=0
10-12 01:54:32.323: D/BluetoothLeScanner(5453): onScannerRegistered() - status=0 scannerId=5 mScannerId=0
10-12 01:54:32.323: D/BtGatt.GattService(1725): start scan with filters
10-12 01:54:32.329: D/BtGatt.ScanManager(1725): handling starting scan
10-12 01:54:32.332: D/BtGatt.ScanManager(1725): configureRegularScanParams() - queue=1
10-12 01:54:32.332: D/BtGatt.ScanManager(1725): configureRegularScanParams() - ScanSetting Scan mode=2 mLastConfiguredScanSetting=-2147483648
10-12 01:54:32.332: D/BtGatt.ScanManager(1725): configureRegularScanParams - scanInterval = 8000configureRegularScanParams - scanWindow = 8000
10-12 01:54:32.332: D/BtGatt.GattService(1725): onScanParamSetupCompleted : 0
10-12 01:54:32.332: I/dual_mode_controller(1478): Command opcode: 0x200B, OGF: 0x0008, OCF: 0x000B
10-12 01:54:32.332: I/dual_mode_controller(1478): Controller performing command: LE SetScanParameters
10-12 01:54:32.333: I/dual_mode_controller(1478): Command opcode: 0x200C, OGF: 0x0008, OCF: 0x000C
10-12 01:54:32.334: I/dual_mode_controller(1478): Controller performing command: LE SetScanEnable
10-12 01:54:32.334: I/dual_mode_controller(1478): Command opcode: 0x200C, OGF: 0x0008, OCF: 0x000C
10-12 01:54:32.334: I/dual_mode_controller(1478): Controller performing command: LE SetScanEnable
10-12 01:54:32.334: I/dual_mode_controller(1478): Command opcode: 0x200B, OGF: 0x0008, OCF: 0x000B
10-12 01:54:32.334: I/dual_mode_controller(1478): Controller performing command: LE SetScanParameters
10-12 01:54:32.335: I/dual_mode_controller(1478): Command opcode: 0x200B, OGF: 0x0008, OCF: 0x000B
10-12 01:54:32.335: I/dual_mode_controller(1478): Controller performing command: LE SetScanParameters
10-12 01:54:32.335: I/dual_mode_controller(1478): Command opcode: 0x200C, OGF: 0x0008, OCF: 0x000C
10-12 01:54:32.335: I/dual_mode_controller(1478): Controller performing command: LE SetScanEnable
10-12 01:54:32.339: I/DrmHal(1492): makeDrmFactories: using default drm instance
10-12 01:54:32.340: D/WVCdm(1492): Instantiating CDM.
10-12 01:54:32.340: I/WVCdm(1492): CdmEngine::OpenSession
10-12 01:54:32.340: I/WVCdm(1492): Level3 Library 4464 May  2 2017 11:53:46
10-12 01:54:32.342: W/WVCdm(1492): Could not load liboemcrypto.so. Falling back to L3.  dlopen failed: library "liboemcrypto.so" not found
10-12 01:54:32.342: W/WVCdm(1492): DeviceFiles::RetrieveUsageTableInfo: not initialized
10-12 01:54:32.346: I/WVCdm(1492): CdmEngine::QueryOemCryptoSessionId
10-12 01:54:32.346: I/WVCdm(1492): CdmEngine::GenerateKeyRequest
10-12 01:54:32.346: W/WVCdm(1492): OEMCrypto_GetCurrentSRMVersion fails with 25
10-12 01:54:32.346: D/WVCdm(1492): PrepareKeyRequest: nonce=3308852755
10-12 01:54:32.388: I/BeaconBle(5453): Nearby requested to stop scan
10-12 01:54:32.392: I/BeaconBle(5453): Stopping scan on delegate scanner. BT state: 12
10-12 01:54:32.392: D/BluetoothAdapter(5453): isLeEnabled(): ON
10-12 01:54:32.392: D/BtGatt.GattService(1725): stopScan() - queue size =1
10-12 01:54:32.393: D/BtGatt.ScanManager(1725): stop scan
10-12 01:54:32.393: I/dual_mode_controller(1478): Command opcode: 0x200C, OGF: 0x0008, OCF: 0x000C
10-12 01:54:32.393: I/dual_mode_controller(1478): Controller performing command: LE SetScanEnable
10-12 01:54:32.395: D/BtGatt.GattService(1725): unregisterScanner() - scannerId=5
10-12 01:54:32.396: I/dual_mode_controller(1478): Command opcode: 0x200B, OGF: 0x0008, OCF: 0x000B
10-12 01:54:32.396: I/dual_mode_controller(1478): Controller performing command: LE SetScanParameters
10-12 01:54:32.396: D/BtGatt.ScanManager(1725): configureRegularScanParams() - queue=0
10-12 01:54:32.396: D/BtGatt.ScanManager(1725): configureRegularScanParams() - ScanSetting Scan mode=-2147483648 mLastConfiguredScanSetting=2
10-12 01:54:32.396: D/BtGatt.ScanManager(1725): configureRegularScanParams() - queue emtpy, scan stopped
10-12 01:54:32.416: I/BeaconBle(5453): Resetting - new scanner available: true
10-12 01:54:32.416: I/BeaconBle(5453): 'L' hardware scan: scan stopped, no clients
10-12 01:54:32.416: I/BeaconBle(5453): Scan canceled successfully.
10-12 01:54:32.418: D/BluetoothAdapter(5453): isLeEnabled(): ON
10-12 01:54:32.418: D/BluetoothLeScanner(5453): could not find callback wrapper
10-12 01:54:32.444: I/GAv4-SVC(5471): Google Analytics 11.5.19 is starting up.
10-12 01:54:32.447: I/DynamiteModule(5736): Considering local module com.google.android.gms.googlecertificates:4 and remote module com.google.android.gms.googlecertificates:4
10-12 01:54:32.447: I/DynamiteModule(5736): Selected local version of com.google.android.gms.googlecertificates
10-12 01:54:32.488: W/zygote(5736): Skipping duplicate class check due to unrecognized classloader
10-12 01:54:32.507: I/WVCdm(1492): CdmEngine::CloseSession
10-12 01:54:32.512: I/zygote(5453): Do full code cache collection, code=125KB, data=91KB
10-12 01:54:32.512: I/zygote(5453): After code cache collection, code=81KB, data=49KB
10-12 01:54:32.523: E/NetworkScheduler.ATC(5453): Received callback from client for task that is already complete. ComponentInfo{com.google.android.apps.gcs/com.google.android.apps.gcs.service.UtilUpdaterTaskService} UtilUpdTask
10-12 01:54:32.532: D/BluetoothAdapter(5453): isLeEnabled(): ON
10-12 01:54:32.532: D/BluetoothLeScanner(5453): could not find callback wrapper
10-12 01:54:32.534: I/BeaconBle(5453): Client requested scan, settings=BleSettings [scanMode=LOW_LATENCY, callbackType=ALL_MATCHES, reportDelayMillis=0, 6 filters, 1 clients, callingClientName=Nearby]
10-12 01:54:32.539: I/BeaconBle(5453): updateOsScan() called too quickly, retry in 300 ms
10-12 01:54:32.540: W/NearbyMessages(5453): LocationProvider returns null
10-12 01:54:32.613: I/zygote(5736): Do partial code cache collection, code=30KB, data=20KB
10-12 01:54:32.614: I/zygote(5736): After code cache collection, code=30KB, data=20KB
10-12 01:54:32.614: I/zygote(5736): Increasing code cache capacity to 128KB
10-12 01:54:32.627: W/dex2oat(5794): Unexpected CPU variant for X86 using defaults: x86
10-12 01:54:32.627: W/dex2oat(5794): Mismatch between dex2oat instruction set features (ISA: X86 Feature string: -ssse3,-sse4.1,-sse4.2,-avx,-avx2,-popcnt) and those of dex2oat executable (ISA: X86 Feature string: ssse3,-sse4.1,-sse4.2,-avx,-avx2,-popcnt) for the command line:
10-12 01:54:32.627: W/dex2oat(5794): /system/bin/dex2oat --runtime-arg -classpath --runtime-arg & --instruction-set=x86 --instruction-set-features=ssse3,-sse4.1,-sse4.2,-avx,-avx2,-popcnt --runtime-arg -Xrelocate --boot-image=/system/framework/boot.art --runtime-arg -Xms64m --runtime-arg -Xmx512m --instruction-set-variant=x86 --instruction-set-features=default --dex-file=/data/data/com.google.android.gms/app_fb/f.apk --output-vdex-fd=47 --oat-fd=48 --oat-location=/data/data/com.google.android.gms/app_fb/oat/x86/f.odex
10-12 01:54:32.627: I/dex2oat(5794): /system/bin/dex2oat --dex-file=/data/data/com.google.android.gms/app_fb/f.apk --output-vdex-fd=47 --oat-fd=48 --oat-location=/data/data/com.google.android.gms/app_fb/oat/x86/f.odex
10-12 01:54:32.627: E/cutils-trace(5794): Error opening trace file: No such file or directory (2)
10-12 01:54:32.658: I/dex2oat(5794): dex2oat took 31.751ms (38.521ms cpu) (threads: 2) arena alloc=180KB (184912B) java alloc=32KB (33344B) native alloc=1263KB (1293864B) free=2MB (2376152B)
10-12 01:54:32.661: W/zygote(5736): Skipping duplicate class check due to unrecognized classloader
10-12 01:54:32.820: I/Remoter(1476): Saved screenshot to '/data/screenshots/__pmv__-0078.jpg'
10-12 01:54:32.841: I/BeaconBle(5453): 'L' hardware scan: 6 filters, scanMode=2, reportdelay=0, callback type=1, #clients=1
10-12 01:54:32.842: I/BeaconBle(5453): Starting scan on OS scanner. BT state: 12
10-12 01:54:32.842: D/BluetoothAdapter(5453): isLeEnabled(): ON
10-12 01:54:32.843: D/BtGatt.GattService(1725): registerScanner() - UUID=e3dad51c-12ef-4cd4-ab11-c93efd22d28a
10-12 01:54:32.844: D/BtGatt.GattService(1725): onScannerRegistered() - UUID=e3dad51c-12ef-4cd4-ab11-c93efd22d28a, scannerId=5, status=0
10-12 01:54:32.844: D/BluetoothLeScanner(5453): onScannerRegistered() - status=0 scannerId=5 mScannerId=0
10-12 01:54:32.844: D/BtGatt.GattService(1725): start scan with filters
10-12 01:54:32.845: D/BtGatt.ScanManager(1725): handling starting scan
10-12 01:54:32.846: D/BtGatt.ScanManager(1725): configureRegularScanParams() - queue=1
10-12 01:54:32.846: I/dual_mode_controller(1478): Command opcode: 0x200B, OGF: 0x0008, OCF: 0x000B
10-12 01:54:32.846: I/dual_mode_controller(1478): Controller performing command: LE SetScanParameters
10-12 01:54:32.846: D/BtGatt.ScanManager(1725): configureRegularScanParams() - ScanSetting Scan mode=2 mLastConfiguredScanSetting=-2147483648
10-12 01:54:32.846: D/BtGatt.ScanManager(1725): configureRegularScanParams - scanInterval = 8000configureRegularScanParams - scanWindow = 8000
10-12 01:54:32.846: D/BtGatt.GattService(1725): onScanParamSetupCompleted : 0
10-12 01:54:32.847: I/dual_mode_controller(1478): Command opcode: 0x200C, OGF: 0x0008, OCF: 0x000C
10-12 01:54:32.847: I/dual_mode_controller(1478): Controller performing command: LE SetScanEnable
10-12 01:54:32.847: I/dual_mode_controller(1478): Command opcode: 0x200C, OGF: 0x0008, OCF: 0x000C
10-12 01:54:32.847: I/dual_mode_controller(1478): Controller performing command: LE SetScanEnable
10-12 01:54:32.847: I/dual_mode_controller(1478): Command opcode: 0x200B, OGF: 0x0008, OCF: 0x000B
10-12 01:54:32.847: I/dual_mode_controller(1478): Controller performing command: LE SetScanParameters
10-12 01:54:32.848: I/dual_mode_controller(1478): Command opcode: 0x200B, OGF: 0x0008, OCF: 0x000B
10-12 01:54:32.848: I/dual_mode_controller(1478): Controller performing command: LE SetScanParameters
10-12 01:54:32.848: I/dual_mode_controller(1478): Command opcode: 0x200C, OGF: 0x0008, OCF: 0x000C
10-12 01:54:32.848: I/dual_mode_controller(1478): Controller performing command: LE SetScanEnable
10-12 01:54:32.979: W/SystemServiceRegistry(5736): No service published for: persistent_data_block
10-12 01:54:33.000: W/Conscrypt(5453): Could not set socket write timeout:
10-12 01:54:33.000: W/Conscrypt(5453):    java.lang.reflect.Method.invoke(Native Method)
10-12 01:54:33.000: W/Conscrypt(5453):    com.google.android.gms.org.conscrypt.Platform.setSocketWriteTimeout(:com.google.android.gms@11519470:13)
10-12 01:54:33.003: W/Conscrypt(5453): Could not set socket write timeout:
10-12 01:54:33.003: W/Conscrypt(5453):    java.lang.reflect.Method.invoke(Native Method)
