10-12 01:54:43.814: I/GCoreUlr(5453): Unregistering for aliased place alerts.
10-12 01:54:43.815: I/GeofencerStateMachine(5453): removeGeofences: removeRequest=RemoveGeofencingRequest[REMOVE_BY_PENDING_INTENT pendingIntent=PendingIntent[creatorPackage=com.google.android.gms], packageName=null]
10-12 01:54:43.816: I/chatty(5453): uid=10014(u0_a14) com.google.android.gms.persistent identical 1 line
10-12 01:54:43.819: I/GeofencerStateMachine(5453): removeGeofences: removeRequest=RemoveGeofencingRequest[REMOVE_BY_PENDING_INTENT pendingIntent=PendingIntent[creatorPackage=com.google.android.gms], packageName=null]
10-12 01:54:43.821: I/Places(5453): ?: Couldn't find platform key file.
10-12 01:54:43.825: I/NetRec(5453): [498] ConfigChangedIntentOperation.onHandleIntent: Handling a Phenotype update
10-12 01:54:43.825: I/NetRec(5453): [498] yjf.b: onConfigChanged()
10-12 01:54:43.849: I/NetRec(5453): [498] ConfigChangedIntentOperation.onHandleIntent: Handling a Phenotype update
10-12 01:54:43.849: I/NetRec(5453): [498] yjf.b: onConfigChanged()
10-12 01:54:43.872: W/OcrModelUpStIntentOp(5471): Invalid action: com.google.android.gms.phenotype.COMMITTED
10-12 01:54:43.872: E/IntentOperationSvc(5471): Failed to instantiate Chimera operation impl com.google.android.gms.people.service.SettingsChangedBroadcastIntentOperation, dropping operation
10-12 01:54:43.872: E/IntentOperationSvc(5471): java.lang.reflect.InvocationTargetException
10-12 01:54:43.872: E/IntentOperationSvc(5471): 	at java.lang.reflect.Constructor.newInstance0(Native Method)
10-12 01:54:43.872: E/IntentOperationSvc(5471): 	at java.lang.reflect.Constructor.newInstance(Constructor.java:334)
10-12 01:54:43.872: E/IntentOperationSvc(5471): 	at bwj.a(:com.google.android.gms@11519470:8)
10-12 01:54:43.872: E/IntentOperationSvc(5471): 	at bwk.run(:com.google.android.gms@11519470:69)
10-12 01:54:43.872: E/IntentOperationSvc(5471): 	at java.util.concurrent.ThreadPoolExecutor.runWorker(ThreadPoolExecutor.java:1162)
10-12 01:54:43.872: E/IntentOperationSvc(5471): 	at java.util.concurrent.ThreadPoolExecutor$Worker.run(ThreadPoolExecutor.java:636)
10-12 01:54:43.872: E/IntentOperationSvc(5471): 	at java.lang.Thread.run(Thread.java:764)
10-12 01:54:43.872: E/IntentOperationSvc(5471): Caused by: java.lang.NullPointerException: Attempt to invoke virtual method 'android.content.SharedPreferences android.content.Context.getSharedPreferences(java.lang.String, int)' on a null object reference
10-12 01:54:43.872: E/IntentOperationSvc(5471): 	at android.content.ContextWrapper.getSharedPreferences(ContextWrapper.java:167)
10-12 01:54:43.872: E/IntentOperationSvc(5471): 	at zbv.a(:com.google.android.gms@11519470:6)
10-12 01:54:43.872: E/IntentOperationSvc(5471): 	at com.google.android.gms.people.service.SettingsChangedBroadcastIntentOperation.<init>(:com.google.android.gms@11519470:2)
10-12 01:54:43.872: E/IntentOperationSvc(5471): 	... 7 more
10-12 01:54:43.875: I/PTCommittedOperation(5453): Receive new configuration for com.google.android.gms.netrec
10-12 01:54:43.877: W/OcrModelUpStIntentOp(5471): Invalid action: com.google.android.gms.phenotype.COMMITTED
10-12 01:54:43.877: E/IntentOperationSvc(5471): Failed to instantiate Chimera operation impl com.google.android.gms.people.service.SettingsChangedBroadcastIntentOperation, dropping operation
10-12 01:54:43.877: E/IntentOperationSvc(5471): java.lang.reflect.InvocationTargetException
10-12 01:54:43.877: E/IntentOperationSvc(5471): 	at java.lang.reflect.Constructor.newInstance0(Native Method)
10-12 01:54:43.877: E/IntentOperationSvc(5471): 	at java.lang.reflect.Constructor.newInstance(Constructor.java:334)
10-12 01:54:43.877: E/IntentOperationSvc(5471): 	at bwj.a(:com.google.android.gms@11519470:8)
10-12 01:54:43.877: E/IntentOperationSvc(5471): 	at bwk.run(:com.google.android.gms@11519470:69)
10-12 01:54:43.877: E/IntentOperationSvc(5471): 	at java.util.concurrent.ThreadPoolExecutor.runWorker(ThreadPoolExecutor.java:1162)
10-12 01:54:43.877: E/IntentOperationSvc(5471): 	at java.util.concurrent.ThreadPoolExecutor$Worker.run(ThreadPoolExecutor.java:636)
10-12 01:54:43.877: E/IntentOperationSvc(5471): 	at java.lang.Thread.run(Thread.java:764)
10-12 01:54:43.877: E/IntentOperationSvc(5471): Caused by: java.lang.NullPointerException: Attempt to invoke virtual method 'android.content.SharedPreferences android.content.Context.getSharedPreferences(java.lang.String, int)' on a null object reference
10-12 01:54:43.877: E/IntentOperationSvc(5471): 	at android.content.ContextWrapper.getSharedPreferences(ContextWrapper.java:167)
10-12 01:54:43.877: E/IntentOperationSvc(5471): 	at zbv.a(:com.google.android.gms@11519470:6)
10-12 01:54:43.877: E/IntentOperationSvc(5471): 	at com.google.android.gms.people.service.SettingsChangedBroadcastIntentOperation.<init>(:com.google.android.gms@11519470:2)
10-12 01:54:43.877: E/IntentOperationSvc(5471): 	... 7 more
10-12 01:54:43.884: I/ActivityManager(1627): Killing 5883:com.google.android.talk/u0a63 (adj 906): empty #17
10-12 01:54:43.885: I/GeofencerStateMachine(5453): removeGeofences: removeRequest=RemoveGeofencingRequest[REMOVE_BY_PENDING_INTENT pendingIntent=PendingIntent[creatorPackage=com.google.android.gms], packageName=null]
10-12 01:54:43.886: I/GeofencerStateMachine(5453): removeGeofences: removeRequest=RemoveGeofencingRequest[REMOVE_BY_PENDING_INTENT pendingIntent=PendingIntent[creatorPackage=com.google.android.gms], packageName=null]
10-12 01:54:43.887: I/PTCommittedOperation(5453): Receive new configuration for com.google.android.gms.octarine
10-12 01:54:43.889: I/GeofencerStateMachine(5453): removeGeofences: removeRequest=RemoveGeofencingRequest[REMOVE_BY_PENDING_INTENT pendingIntent=PendingIntent[creatorPackage=com.google.android.gms], packageName=null]
10-12 01:54:43.916: I/NetRec(5453): [521] ConfigChangedIntentOperation.onHandleIntent: Handling a Phenotype update
10-12 01:54:43.916: I/NetRec(5453): [521] yjf.b: onConfigChanged()
10-12 01:54:43.917: I/PTCommittedOperation(5453): Receive new configuration for com.google.android.gms.tron.metrics
10-12 01:54:43.918: W/OcrModelUpStIntentOp(5471): Invalid action: com.google.android.gms.phenotype.COMMITTED
10-12 01:54:43.918: E/IntentOperationSvc(5471): Failed to instantiate Chimera operation impl com.google.android.gms.people.service.SettingsChangedBroadcastIntentOperation, dropping operation
10-12 01:54:43.918: E/IntentOperationSvc(5471): java.lang.reflect.InvocationTargetException
10-12 01:54:43.918: E/IntentOperationSvc(5471): 	at java.lang.reflect.Constructor.newInstance0(Native Method)
10-12 01:54:43.918: E/IntentOperationSvc(5471): 	at java.lang.reflect.Constructor.newInstance(Constructor.java:334)
10-12 01:54:43.918: E/IntentOperationSvc(5471): 	at bwj.a(:com.google.android.gms@11519470:8)
10-12 01:54:43.918: E/IntentOperationSvc(5471): 	at bwk.run(:com.google.android.gms@11519470:69)
10-12 01:54:43.918: E/IntentOperationSvc(5471): 	at java.util.concurrent.ThreadPoolExecutor.runWorker(ThreadPoolExecutor.java:1162)
10-12 01:54:43.918: E/IntentOperationSvc(5471): 	at java.util.concurrent.ThreadPoolExecutor$Worker.run(ThreadPoolExecutor.java:636)
10-12 01:54:43.918: E/IntentOperationSvc(5471): 	at java.lang.Thread.run(Thread.java:764)
10-12 01:54:43.918: E/IntentOperationSvc(5471): Caused by: java.lang.NullPointerException: Attempt to invoke virtual method 'android.content.SharedPreferences android.content.Context.getSharedPreferences(java.lang.String, int)' on a null object reference
10-12 01:54:43.918: E/IntentOperationSvc(5471): 	at android.content.ContextWrapper.getSharedPreferences(ContextWrapper.java:167)
10-12 01:54:43.918: E/IntentOperationSvc(5471): 	at zbv.a(:com.google.android.gms@11519470:6)
10-12 01:54:43.918: E/IntentOperationSvc(5471): 	at com.google.android.gms.people.service.SettingsChangedBroadcastIntentOperation.<init>(:com.google.android.gms@11519470:2)
10-12 01:54:43.918: E/IntentOperationSvc(5471): 	... 7 more
10-12 01:54:43.952: I/NetRec(5453): [521] ConfigChangedIntentOperation.onHandleIntent: Handling a Phenotype update
10-12 01:54:43.952: I/NetRec(5453): [521] yjf.b: onConfigChanged()
10-12 01:54:43.956: E/IntentOperationSvc(5471): Failed to instantiate Chimera operation impl com.google.android.gms.people.service.SettingsChangedBroadcastIntentOperation, dropping operation
10-12 01:54:43.956: E/IntentOperationSvc(5471): java.lang.reflect.InvocationTargetException
10-12 01:54:43.956: E/IntentOperationSvc(5471): 	at java.lang.reflect.Constructor.newInstance0(Native Method)
10-12 01:54:43.956: E/IntentOperationSvc(5471): 	at java.lang.reflect.Constructor.newInstance(Constructor.java:334)
10-12 01:54:43.956: E/IntentOperationSvc(5471): 	at bwj.a(:com.google.android.gms@11519470:8)
10-12 01:54:43.956: E/IntentOperationSvc(5471): 	at bwk.run(:com.google.android.gms@11519470:69)
10-12 01:54:43.956: E/IntentOperationSvc(5471): 	at java.util.concurrent.ThreadPoolExecutor.runWorker(ThreadPoolExecutor.java:1162)
10-12 01:54:43.956: E/IntentOperationSvc(5471): 	at java.util.concurrent.ThreadPoolExecutor$Worker.run(ThreadPoolExecutor.java:636)
10-12 01:54:43.956: E/IntentOperationSvc(5471): 	at java.lang.Thread.run(Thread.java:764)
10-12 01:54:43.956: E/IntentOperationSvc(5471): Caused by: java.lang.NullPointerException: Attempt to invoke virtual method 'android.content.SharedPreferences android.content.Context.getSharedPreferences(java.lang.String, int)' on a null object reference
10-12 01:54:43.956: E/IntentOperationSvc(5471): 	at android.content.ContextWrapper.getSharedPreferences(ContextWrapper.java:167)
10-12 01:54:43.956: E/IntentOperationSvc(5471): 	at zbv.a(:com.google.android.gms@11519470:6)
10-12 01:54:43.956: E/IntentOperationSvc(5471): 	at com.google.android.gms.people.service.SettingsChangedBroadcastIntentOperation.<init>(:com.google.android.gms@11519470:2)
10-12 01:54:43.956: E/IntentOperationSvc(5471): 	... 7 more
10-12 01:54:43.956: W/OcrModelUpStIntentOp(5471): Invalid action: com.google.android.gms.phenotype.COMMITTED
10-12 01:54:43.959: I/PTCommittedOperation(5453): Receive new configuration for com.google.android.gms.places
10-12 01:54:43.979: I/NetRec(5453): [517] ConfigChangedIntentOperation.onHandleIntent: Handling a Phenotype update
10-12 01:54:43.979: I/NetRec(5453): [517] yjf.b: onConfigChanged()
10-12 01:54:43.981: E/IntentOperationSvc(5471): Failed to instantiate Chimera operation impl com.google.android.gms.people.service.SettingsChangedBroadcastIntentOperation, dropping operation
10-12 01:54:43.981: E/IntentOperationSvc(5471): java.lang.reflect.InvocationTargetException
10-12 01:54:43.981: E/IntentOperationSvc(5471): 	at java.lang.reflect.Constructor.newInstance0(Native Method)
10-12 01:54:43.981: E/IntentOperationSvc(5471): 	at java.lang.reflect.Constructor.newInstance(Constructor.java:334)
10-12 01:54:43.981: E/IntentOperationSvc(5471): 	at bwj.a(:com.google.android.gms@11519470:8)
10-12 01:54:43.981: E/IntentOperationSvc(5471): 	at bwk.run(:com.google.android.gms@11519470:69)
10-12 01:54:43.981: E/IntentOperationSvc(5471): 	at java.util.concurrent.ThreadPoolExecutor.runWorker(ThreadPoolExecutor.java:1162)
10-12 01:54:43.981: E/IntentOperationSvc(5471): 	at java.util.concurrent.ThreadPoolExecutor$Worker.run(ThreadPoolExecutor.java:636)
10-12 01:54:43.981: E/IntentOperationSvc(5471): 	at java.lang.Thread.run(Thread.java:764)
10-12 01:54:43.981: E/IntentOperationSvc(5471): Caused by: java.lang.NullPointerException: Attempt to invoke virtual method 'android.content.SharedPreferences android.content.Context.getSharedPreferences(java.lang.String, int)' on a null object reference
10-12 01:54:43.981: E/IntentOperationSvc(5471): 	at android.content.ContextWrapper.getSharedPreferences(ContextWrapper.java:167)
10-12 01:54:43.981: E/IntentOperationSvc(5471): 	at zbv.a(:com.google.android.gms@11519470:6)
10-12 01:54:43.981: E/IntentOperationSvc(5471): 	at com.google.android.gms.people.service.SettingsChangedBroadcastIntentOperation.<init>(:com.google.android.gms@11519470:2)
10-12 01:54:43.981: E/IntentOperationSvc(5471): 	... 7 more
10-12 01:54:43.981: W/OcrModelUpStIntentOp(5471): Invalid action: com.google.android.gms.phenotype.COMMITTED
10-12 01:54:43.984: I/PTCommittedOperation(5453): Receive new configuration for com.google.android.gms.telephonyspam
10-12 01:54:43.990: I/NetRec(5453): [498] ConfigChangedIntentOperation.onHandleIntent: Handling a Phenotype update
10-12 01:54:43.990: I/NetRec(5453): [498] yjf.b: onConfigChanged()
10-12 01:54:44.000: I/NetRec(5453): [498] ConfigChangedIntentOperation.onHandleIntent: Handling a Phenotype update
10-12 01:54:44.000: I/NetRec(5453): [498] yjf.b: onConfigChanged()
10-12 01:54:44.002: W/OcrModelUpStIntentOp(5471): Invalid action: com.google.android.gms.phenotype.COMMITTED
10-12 01:54:44.003: E/IntentOperationSvc(5471): Failed to instantiate Chimera operation impl com.google.android.gms.people.service.SettingsChangedBroadcastIntentOperation, dropping operation
10-12 01:54:44.003: E/IntentOperationSvc(5471): java.lang.reflect.InvocationTargetException
10-12 01:54:44.003: E/IntentOperationSvc(5471): 	at java.lang.reflect.Constructor.newInstance0(Native Method)
10-12 01:54:44.003: E/IntentOperationSvc(5471): 	at java.lang.reflect.Constructor.newInstance(Constructor.java:334)
10-12 01:54:44.003: E/IntentOperationSvc(5471): 	at bwj.a(:com.google.android.gms@11519470:8)
10-12 01:54:44.003: E/IntentOperationSvc(5471): 	at bwk.run(:com.google.android.gms@11519470:69)
10-12 01:54:44.003: E/IntentOperationSvc(5471): 	at java.util.concurrent.ThreadPoolExecutor.runWorker(ThreadPoolExecutor.java:1162)
10-12 01:54:44.003: E/IntentOperationSvc(5471): 	at java.util.concurrent.ThreadPoolExecutor$Worker.run(ThreadPoolExecutor.java:636)
10-12 01:54:44.003: E/IntentOperationSvc(5471): 	at java.lang.Thread.run(Thread.java:764)
10-12 01:54:44.003: E/IntentOperationSvc(5471): Caused by: java.lang.NullPointerException: Attempt to invoke virtual method 'android.content.SharedPreferences android.content.Context.getSharedPreferences(java.lang.String, int)' on a null object reference
10-12 01:54:44.003: E/IntentOperationSvc(5471): 	at android.content.ContextWrapper.getSharedPreferences(ContextWrapper.java:167)
10-12 01:54:44.003: E/IntentOperationSvc(5471): 	at zbv.a(:com.google.android.gms@11519470:6)
10-12 01:54:44.003: E/IntentOperationSvc(5471): 	at com.google.android.gms.people.service.SettingsChangedBroadcastIntentOperation.<init>(:com.google.android.gms@11519470:2)
10-12 01:54:44.003: E/IntentOperationSvc(5471): 	... 7 more
10-12 01:54:44.004: I/PTCommittedOperation(5453): Receive new configuration for com.google.android.gms.udc
10-12 01:54:44.012: I/NetRec(5453): [521] ConfigChangedIntentOperation.onHandleIntent: Handling a Phenotype update
10-12 01:54:44.012: I/NetRec(5453): [521] yjf.b: onConfigChanged()
10-12 01:54:44.015: I/NetRec(5453): [521] ConfigChangedIntentOperation.onHandleIntent: Handling a Phenotype update
10-12 01:54:44.015: I/NetRec(5453): [521] yjf.b: onConfigChanged()
10-12 01:54:44.025: I/NetRec(5453): [497] ConfigChangedIntentOperation.onHandleIntent: Handling a Phenotype update
10-12 01:54:44.025: I/NetRec(5453): [497] yjf.b: onConfigChanged()
10-12 01:54:44.039: I/NetRec(5453): [520] ConfigChangedIntentOperation.onHandleIntent: Handling a Phenotype update
10-12 01:54:44.039: I/NetRec(5453): [520] yjf.b: onConfigChanged()
10-12 01:54:44.041: E/IntentOperationSvc(5471): Failed to instantiate Chimera operation impl com.google.android.gms.people.service.SettingsChangedBroadcastIntentOperation, dropping operation
10-12 01:54:44.041: E/IntentOperationSvc(5471): java.lang.reflect.InvocationTargetException
10-12 01:54:44.041: E/IntentOperationSvc(5471): 	at java.lang.reflect.Constructor.newInstance0(Native Method)
10-12 01:54:44.041: E/IntentOperationSvc(5471): 	at java.lang.reflect.Constructor.newInstance(Constructor.java:334)
10-12 01:54:44.041: E/IntentOperationSvc(5471): 	at bwj.a(:com.google.android.gms@11519470:8)
10-12 01:54:44.041: E/IntentOperationSvc(5471): 	at bwk.run(:com.google.android.gms@11519470:69)
10-12 01:54:44.041: E/IntentOperationSvc(5471): 	at java.util.concurrent.ThreadPoolExecutor.runWorker(ThreadPoolExecutor.java:1162)
10-12 01:54:44.041: E/IntentOperationSvc(5471): 	at java.util.concurrent.ThreadPoolExecutor$Worker.run(ThreadPoolExecutor.java:636)
10-12 01:54:44.041: E/IntentOperationSvc(5471): 	at java.lang.Thread.run(Thread.java:764)
10-12 01:54:44.041: E/IntentOperationSvc(5471): Caused by: java.lang.NullPointerException: Attempt to invoke virtual method 'android.content.SharedPreferences android.content.Context.getSharedPreferences(java.lang.String, int)' on a null object reference
10-12 01:54:44.041: E/IntentOperationSvc(5471): 	at android.content.ContextWrapper.getSharedPreferences(ContextWrapper.java:167)
10-12 01:54:44.041: E/IntentOperationSvc(5471): 	at zbv.a(:com.google.android.gms@11519470:6)
10-12 01:54:44.041: E/IntentOperationSvc(5471): 	at com.google.android.gms.people.service.SettingsChangedBroadcastIntentOperation.<init>(:com.google.android.gms@11519470:2)
10-12 01:54:44.041: E/IntentOperationSvc(5471): 	... 7 more
10-12 01:54:44.044: I/PTCommittedOperation(5453): Receive new configuration for com.google.android.gms.ocr
10-12 01:54:44.062: V/EmulatedCamera_Factory(1488): getCameraInfo: id = 0
10-12 01:54:44.062: V/EmulatedCamera_Camera(1488): getCameraInfo
10-12 01:54:44.062: V/EmulatedCamera_BaseCamera(1488): getCameraInfo
10-12 01:54:44.062: I/OcrModelUpStIntentOp(5471): Updating ocr activity enabled=true (phenotypeFlag=true, lowRamDevice=false, prereqCheck=true)
10-12 01:54:44.115: I/NetRec(5453): [521] ConfigChangedIntentOperation.onHandleIntent: Handling a Phenotype update
10-12 01:54:44.115: I/NetRec(5453): [521] yjf.b: onConfigChanged()
10-12 01:54:44.118: I/PTCommittedOperation(5453): Receive new configuration for com.google.android.gms.cast
10-12 01:54:44.123: E/IntentOperationSvc(5471): Failed to instantiate Chimera operation impl com.google.android.gms.people.service.SettingsChangedBroadcastIntentOperation, dropping operation
10-12 01:54:44.123: E/IntentOperationSvc(5471): java.lang.reflect.InvocationTargetException
10-12 01:54:44.123: E/IntentOperationSvc(5471): 	at java.lang.reflect.Constructor.newInstance0(Native Method)
10-12 01:54:44.123: E/IntentOperationSvc(5471): 	at java.lang.reflect.Constructor.newInstance(Constructor.java:334)
10-12 01:54:44.123: E/IntentOperationSvc(5471): 	at bwj.a(:com.google.android.gms@11519470:8)
10-12 01:54:44.123: E/IntentOperationSvc(5471): 	at bwk.run(:com.google.android.gms@11519470:69)
10-12 01:54:44.123: E/IntentOperationSvc(5471): 	at java.util.concurrent.ThreadPoolExecutor.runWorker(ThreadPoolExecutor.java:1162)
10-12 01:54:44.123: E/IntentOperationSvc(5471): 	at java.util.concurrent.ThreadPoolExecutor$Worker.run(ThreadPoolExecutor.java:636)
10-12 01:54:44.123: E/IntentOperationSvc(5471): 	at java.lang.Thread.run(Thread.java:764)
10-12 01:54:44.123: E/IntentOperationSvc(5471): Caused by: java.lang.NullPointerException: Attempt to invoke virtual method 'android.content.SharedPreferences android.content.Context.getSharedPreferences(java.lang.String, int)' on a null object reference
10-12 01:54:44.123: E/IntentOperationSvc(5471): 	at android.content.ContextWrapper.getSharedPreferences(ContextWrapper.java:167)
10-12 01:54:44.123: E/IntentOperationSvc(5471): 	at zbv.a(:com.google.android.gms@11519470:6)
10-12 01:54:44.123: E/IntentOperationSvc(5471): 	at com.google.android.gms.people.service.SettingsChangedBroadcastIntentOperation.<init>(:com.google.android.gms@11519470:2)
10-12 01:54:44.123: E/IntentOperationSvc(5471): 	... 7 more
10-12 01:54:44.140: E/IntentOperationSvc(5471): Failed to instantiate Chimera operation impl com.google.android.gms.people.service.SettingsChangedBroadcastIntentOperation, dropping operation
10-12 01:54:44.140: E/IntentOperationSvc(5471): java.lang.reflect.InvocationTargetException
10-12 01:54:44.140: E/IntentOperationSvc(5471): 	at java.lang.reflect.Constructor.newInstance0(Native Method)
10-12 01:54:44.140: E/IntentOperationSvc(5471): 	at java.lang.reflect.Constructor.newInstance(Constructor.java:334)
10-12 01:54:44.140: E/IntentOperationSvc(5471): 	at bwj.a(:com.google.android.gms@11519470:8)
10-12 01:54:44.140: E/IntentOperationSvc(5471): 	at bwk.run(:com.google.android.gms@11519470:69)
10-12 01:54:44.140: E/IntentOperationSvc(5471): 	at java.util.concurrent.ThreadPoolExecutor.runWorker(ThreadPoolExecutor.java:1162)
10-12 01:54:44.140: E/IntentOperationSvc(5471): 	at java.util.concurrent.ThreadPoolExecutor$Worker.run(ThreadPoolExecutor.java:636)
10-12 01:54:44.140: E/IntentOperationSvc(5471): 	at java.lang.Thread.run(Thread.java:764)
10-12 01:54:44.140: E/IntentOperationSvc(5471): Caused by: java.lang.NullPointerException: Attempt to invoke virtual method 'android.content.SharedPreferences android.content.Context.getSharedPreferences(java.lang.String, int)' on a null object reference
10-12 01:54:44.140: E/IntentOperationSvc(5471): 	at android.content.ContextWrapper.getSharedPreferences(ContextWrapper.java:167)
10-12 01:54:44.140: E/IntentOperationSvc(5471): 	at zbv.a(:com.google.android.gms@11519470:6)
10-12 01:54:44.140: E/IntentOperationSvc(5471): 	at com.google.android.gms.people.service.SettingsChangedBroadcastIntentOperation.<init>(:com.google.android.gms@11519470:2)
10-12 01:54:44.140: E/IntentOperationSvc(5471): 	... 7 more
10-12 01:54:44.140: I/NetRec(5453): [498] ConfigChangedIntentOperation.onHandleIntent: Handling a Phenotype update
10-12 01:54:44.140: I/NetRec(5453): [498] yjf.b: onConfigChanged()
10-12 01:54:44.147: I/PTCommittedOperation(5453): Receive new configuration for com.google.android.gms.wallet
10-12 01:54:44.166: I/OcrModelUpStIntentOp(5471): Downloading text recognizer
10-12 01:54:44.168: W/OcrModelUpStIntentOp(5471): Invalid action: com.google.android.gms.phenotype.COMMITTED
10-12 01:54:44.169: W/OcrModelUpStIntentOp(5471): Invalid action: com.google.android.gms.phenotype.COMMITTED
10-12 01:54:44.176: I/Vision(5471): Engine already satisfied by existing download for ocr
10-12 01:54:44.179: E/Icing(5471): Array storage bad crc 3272699620 vs 3353417933
10-12 01:54:44.179: E/Icing(5471): Trie mmap node failed
10-12 01:54:44.187: I/NetRec(5453): [498] ConfigChangedIntentOperation.onHandleIntent: Handling a Phenotype update
10-12 01:54:44.187: I/NetRec(5453): [498] yjf.b: onConfigChanged()
10-12 01:54:44.188: E/IntentOperationSvc(5471): Failed to instantiate Chimera operation impl com.google.android.gms.people.service.SettingsChangedBroadcastIntentOperation, dropping operation
10-12 01:54:44.188: E/IntentOperationSvc(5471): java.lang.reflect.InvocationTargetException
10-12 01:54:44.188: E/IntentOperationSvc(5471): 	at java.lang.reflect.Constructor.newInstance0(Native Method)
10-12 01:54:44.188: E/IntentOperationSvc(5471): 	at java.lang.reflect.Constructor.newInstance(Constructor.java:334)
10-12 01:54:44.188: E/IntentOperationSvc(5471): 	at bwj.a(:com.google.android.gms@11519470:8)
10-12 01:54:44.188: E/IntentOperationSvc(5471): 	at bwk.run(:com.google.android.gms@11519470:69)
10-12 01:54:44.188: E/IntentOperationSvc(5471): 	at java.util.concurrent.ThreadPoolExecutor.runWorker(ThreadPoolExecutor.java:1162)
10-12 01:54:44.188: E/IntentOperationSvc(5471): 	at java.util.concurrent.ThreadPoolExecutor$Worker.run(ThreadPoolExecutor.java:636)
10-12 01:54:44.188: E/IntentOperationSvc(5471): 	at java.lang.Thread.run(Thread.java:764)
10-12 01:54:44.188: E/IntentOperationSvc(5471): Caused by: java.lang.NullPointerException: Attempt to invoke virtual method 'android.content.SharedPreferences android.content.Context.getSharedPreferences(java.lang.String, int)' on a null object reference
10-12 01:54:44.188: E/IntentOperationSvc(5471): 	at android.content.ContextWrapper.getSharedPreferences(ContextWrapper.java:167)
10-12 01:54:44.188: E/IntentOperationSvc(5471): 	at zbv.a(:com.google.android.gms@11519470:6)
10-12 01:54:44.188: E/IntentOperationSvc(5471): 	at com.google.android.gms.people.service.SettingsChangedBroadcastIntentOperation.<init>(:com.google.android.gms@11519470:2)
10-12 01:54:44.188: E/IntentOperationSvc(5471): 	... 7 more
10-12 01:54:44.189: W/OcrModelUpStIntentOp(5471): Invalid action: com.google.android.gms.phenotype.COMMITTED
10-12 01:54:44.192: I/PTCommittedOperation(5453): Receive new configuration for com.google.android.gms.romanesco
10-12 01:54:44.214: I/Icing(5471): updateResources: need to parse tut{com.google.android.gm}
10-12 01:54:44.233: I/NetRec(5453): [517] ConfigChangedIntentOperation.onHandleIntent: Handling a Phenotype update
10-12 01:54:44.233: I/NetRec(5453): [517] yjf.b: onConfigChanged()
10-12 01:54:44.234: E/IntentOperationSvc(5471): Failed to instantiate Chimera operation impl com.google.android.gms.people.service.SettingsChangedBroadcastIntentOperation, dropping operation
10-12 01:54:44.234: E/IntentOperationSvc(5471): java.lang.reflect.InvocationTargetException
10-12 01:54:44.234: E/IntentOperationSvc(5471): 	at java.lang.reflect.Constructor.newInstance0(Native Method)
10-12 01:54:44.234: E/IntentOperationSvc(5471): 	at java.lang.reflect.Constructor.newInstance(Constructor.java:334)
10-12 01:54:44.234: E/IntentOperationSvc(5471): 	at bwj.a(:com.google.android.gms@11519470:8)
10-12 01:54:44.234: E/IntentOperationSvc(5471): 	at bwk.run(:com.google.android.gms@11519470:69)
10-12 01:54:44.234: E/IntentOperationSvc(5471): 	at java.util.concurrent.ThreadPoolExecutor.runWorker(ThreadPoolExecutor.java:1162)
10-12 01:54:44.234: E/IntentOperationSvc(5471): 	at java.util.concurrent.ThreadPoolExecutor$Worker.run(ThreadPoolExecutor.java:636)
10-12 01:54:44.234: E/IntentOperationSvc(5471): 	at java.lang.Thread.run(Thread.java:764)
10-12 01:54:44.234: E/IntentOperationSvc(5471): Caused by: java.lang.NullPointerException: Attempt to invoke virtual method 'android.content.SharedPreferences android.content.Context.getSharedPreferences(java.lang.String, int)' on a null object reference
10-12 01:54:44.234: E/IntentOperationSvc(5471): 	at android.content.ContextWrapper.getSharedPreferences(ContextWrapper.java:167)
10-12 01:54:44.234: E/IntentOperationSvc(5471): 	at zbv.a(:com.google.android.gms@11519470:6)
10-12 01:54:44.234: E/IntentOperationSvc(5471): 	at com.google.android.gms.people.service.SettingsChangedBroadcastIntentOperation.<init>(:com.google.android.gms@11519470:2)
10-12 01:54:44.234: E/IntentOperationSvc(5471): 	... 7 more
10-12 01:54:44.235: W/OcrModelUpStIntentOp(5471): Invalid action: com.google.android.gms.phenotype.COMMITTED
10-12 01:54:44.241: I/PTCommittedOperation(5453): Receive new configuration for com.google.android.gms.smart_profile
10-12 01:54:44.252: I/NetRec(5453): [517] ConfigChangedIntentOperation.onHandleIntent: Handling a Phenotype update
10-12 01:54:44.252: I/NetRec(5453): [517] yjf.b: onConfigChanged()
10-12 01:54:44.338: I/zygote(5453): Deoptimizing boolean nn.add(java.lang.Object) due to JIT inline cache
10-12 01:54:44.367: I/NetRec(5453): [520] ConfigChangedIntentOperation.onHandleIntent: Handling a Phenotype update
10-12 01:54:44.367: I/NetRec(5453): [520] yjf.b: onConfigChanged()
10-12 01:54:44.368: E/IntentOperationSvc(5471): Failed to instantiate Chimera operation impl com.google.android.gms.people.service.SettingsChangedBroadcastIntentOperation, dropping operation
10-12 01:54:44.368: E/IntentOperationSvc(5471): java.lang.reflect.InvocationTargetException
10-12 01:54:44.368: E/IntentOperationSvc(5471): 	at java.lang.reflect.Constructor.newInstance0(Native Method)
10-12 01:54:44.368: E/IntentOperationSvc(5471): 	at java.lang.reflect.Constructor.newInstance(Constructor.java:334)
10-12 01:54:44.368: E/IntentOperationSvc(5471): 	at bwj.a(:com.google.android.gms@11519470:8)
10-12 01:54:44.368: E/IntentOperationSvc(5471): 	at bwk.run(:com.google.android.gms@11519470:69)
10-12 01:54:44.368: E/IntentOperationSvc(5471): 	at java.util.concurrent.ThreadPoolExecutor.runWorker(ThreadPoolExecutor.java:1162)
10-12 01:54:44.368: E/IntentOperationSvc(5471): 	at java.util.concurrent.ThreadPoolExecutor$Worker.run(ThreadPoolExecutor.java:636)
10-12 01:54:44.368: E/IntentOperationSvc(5471): 	at java.lang.Thread.run(Thread.java:764)
10-12 01:54:44.368: E/IntentOperationSvc(5471): Caused by: java.lang.NullPointerException: Attempt to invoke virtual method 'android.content.SharedPreferences android.content.Context.getSharedPreferences(java.lang.String, int)' on a null object reference
10-12 01:54:44.368: E/IntentOperationSvc(5471): 	at android.content.ContextWrapper.getSharedPreferences(ContextWrapper.java:167)
10-12 01:54:44.368: E/IntentOperationSvc(5471): 	at zbv.a(:com.google.android.gms@11519470:6)
10-12 01:54:44.368: E/IntentOperationSvc(5471): 	at com.google.android.gms.people.service.SettingsChangedBroadcastIntentOperation.<init>(:com.google.android.gms@11519470:2)
10-12 01:54:44.368: E/IntentOperationSvc(5471): 	... 7 more
10-12 01:54:44.369: W/OcrModelUpStIntentOp(5471): Invalid action: com.google.android.gms.phenotype.COMMITTED
10-12 01:54:44.371: I/PTCommittedOperation(5453): Receive new configuration for com.google.android.gms.magictether
10-12 01:54:44.401: I/NetRec(5453): [520] ConfigChangedIntentOperation.onHandleIntent: Handling a Phenotype update
10-12 01:54:44.401: I/NetRec(5453): [520] yjf.b: onConfigChanged()
10-12 01:54:44.402: I/MagicTether(5453): [HostValidator] InvalidHost. MobileData: true, Tethering: true, whitelist: false, ble: true
10-12 01:54:44.407: W/OcrModelUpStIntentOp(5471): Invalid action: com.google.android.gms.phenotype.COMMITTED
10-12 01:54:44.410: E/IntentOperationSvc(5471): Failed to instantiate Chimera operation impl com.google.android.gms.people.service.SettingsChangedBroadcastIntentOperation, dropping operation
10-12 01:54:44.410: E/IntentOperationSvc(5471): java.lang.reflect.InvocationTargetException
10-12 01:54:44.410: E/IntentOperationSvc(5471): 	at java.lang.reflect.Constructor.newInstance0(Native Method)
10-12 01:54:44.410: E/IntentOperationSvc(5471): 	at java.lang.reflect.Constructor.newInstance(Constructor.java:334)
10-12 01:54:44.410: E/IntentOperationSvc(5471): 	at bwj.a(:com.google.android.gms@11519470:8)
10-12 01:54:44.410: E/IntentOperationSvc(5471): 	at bwk.run(:com.google.android.gms@11519470:69)
10-12 01:54:44.410: E/IntentOperationSvc(5471): 	at java.util.concurrent.ThreadPoolExecutor.runWorker(ThreadPoolExecutor.java:1162)
10-12 01:54:44.410: E/IntentOperationSvc(5471): 	at java.util.concurrent.ThreadPoolExecutor$Worker.run(ThreadPoolExecutor.java:636)
10-12 01:54:44.410: E/IntentOperationSvc(5471): 	at java.lang.Thread.run(Thread.java:764)
10-12 01:54:44.410: E/IntentOperationSvc(5471): Caused by: java.lang.NullPointerException: Attempt to invoke virtual method 'android.content.SharedPreferences android.content.Context.getSharedPreferences(java.lang.String, int)' on a null object reference
10-12 01:54:44.410: E/IntentOperationSvc(5471): 	at android.content.ContextWrapper.getSharedPreferences(ContextWrapper.java:167)
10-12 01:54:44.410: E/IntentOperationSvc(5471): 	at zbv.a(:com.google.android.gms@11519470:6)
10-12 01:54:44.410: E/IntentOperationSvc(5471): 	at com.google.android.gms.people.service.SettingsChangedBroadcastIntentOperation.<init>(:com.google.android.gms@11519470:2)
10-12 01:54:44.410: E/IntentOperationSvc(5471): 	... 7 more
10-12 01:54:44.411: I/MagicTether(6195): [HostValidator] InvalidHost. MobileData: true, Tethering: true, whitelist: false, ble: true
10-12 01:54:44.419: I/PTCommittedOperation(5453): Receive new configuration for com.google.android.gms.matchstick
10-12 01:54:44.434: I/Icing(5471): updateResources: need to parse tut{com.google.android.gms}
10-12 01:54:44.439: W/UdcContextManagerHelper(5453): Empty context buffer. Thus might mean that the context is not synced down.
10-12 01:54:44.441: W/UploadOptInStatusOp(5453): Empty context model while retrieving upload opt-in status!
10-12 01:54:44.444: E/ctxmgr(5453): [NetworkUtil]No active synchronizable contexts.
10-12 01:54:44.456: I/NetRec(5453): [520] ConfigChangedIntentOperation.onHandleIntent: Handling a Phenotype update
10-12 01:54:44.457: I/NetRec(5453): [520] yjf.b: onConfigChanged()
10-12 01:54:44.457: E/IntentOperationSvc(5471): Failed to instantiate Chimera operation impl com.google.android.gms.people.service.SettingsChangedBroadcastIntentOperation, dropping operation
10-12 01:54:44.457: E/IntentOperationSvc(5471): java.lang.reflect.InvocationTargetException
10-12 01:54:44.457: E/IntentOperationSvc(5471): 	at java.lang.reflect.Constructor.newInstance0(Native Method)
10-12 01:54:44.457: E/IntentOperationSvc(5471): 	at java.lang.reflect.Constructor.newInstance(Constructor.java:334)
10-12 01:54:44.457: E/IntentOperationSvc(5471): 	at bwj.a(:com.google.android.gms@11519470:8)
10-12 01:54:44.457: E/IntentOperationSvc(5471): 	at bwk.run(:com.google.android.gms@11519470:69)
10-12 01:54:44.457: E/IntentOperationSvc(5471): 	at java.util.concurrent.ThreadPoolExecutor.runWorker(ThreadPoolExecutor.java:1162)
10-12 01:54:44.457: E/IntentOperationSvc(5471): 	at java.util.concurrent.ThreadPoolExecutor$Worker.run(ThreadPoolExecutor.java:636)
10-12 01:54:44.457: E/IntentOperationSvc(5471): 	at java.lang.Thread.run(Thread.java:764)
10-12 01:54:44.457: E/IntentOperationSvc(5471): Caused by: java.lang.NullPointerException: Attempt to invoke virtual method 'android.content.SharedPreferences android.content.Context.getSharedPreferences(java.lang.String, int)' on a null object reference
10-12 01:54:44.457: E/IntentOperationSvc(5471): 	at android.content.ContextWrapper.getSharedPreferences(ContextWrapper.java:167)
10-12 01:54:44.457: E/IntentOperationSvc(5471): 	at zbv.a(:com.google.android.gms@11519470:6)
10-12 01:54:44.457: E/IntentOperationSvc(5471): 	at com.google.android.gms.people.service.SettingsChangedBroadcastIntentOperation.<init>(:com.google.android.gms@11519470:2)
10-12 01:54:44.457: E/IntentOperationSvc(5471): 	... 7 more
10-12 01:54:44.458: W/OcrModelUpStIntentOp(5471): Invalid action: com.google.android.gms.phenotype.COMMITTED
10-12 01:54:44.461: I/PTCommittedOperation(5453): Receive new configuration for com.google.android.gms.audit
10-12 01:54:44.495: I/NetRec(5453): [520] ConfigChangedIntentOperation.onHandleIntent: Handling a Phenotype update
10-12 01:54:44.495: I/NetRec(5453): [520] yjf.b: onConfigChanged()
10-12 01:54:44.499: W/OcrModelUpStIntentOp(5471): Invalid action: com.google.android.gms.phenotype.COMMITTED
10-12 01:54:44.499: E/IntentOperationSvc(5471): Failed to instantiate Chimera operation impl com.google.android.gms.people.service.SettingsChangedBroadcastIntentOperation, dropping operation
10-12 01:54:44.499: E/IntentOperationSvc(5471): java.lang.reflect.InvocationTargetException
10-12 01:54:44.499: E/IntentOperationSvc(5471): 	at java.lang.reflect.Constructor.newInstance0(Native Method)
10-12 01:54:44.499: E/IntentOperationSvc(5471): 	at java.lang.reflect.Constructor.newInstance(Constructor.java:334)
10-12 01:54:44.499: E/IntentOperationSvc(5471): 	at bwj.a(:com.google.android.gms@11519470:8)
10-12 01:54:44.499: E/IntentOperationSvc(5471): 	at bwk.run(:com.google.android.gms@11519470:69)
10-12 01:54:44.499: E/IntentOperationSvc(5471): 	at java.util.concurrent.ThreadPoolExecutor.runWorker(ThreadPoolExecutor.java:1162)
10-12 01:54:44.499: E/IntentOperationSvc(5471): 	at java.util.concurrent.ThreadPoolExecutor$Worker.run(ThreadPoolExecutor.java:636)
10-12 01:54:44.499: E/IntentOperationSvc(5471): 	at java.lang.Thread.run(Thread.java:764)
10-12 01:54:44.499: E/IntentOperationSvc(5471): Caused by: java.lang.NullPointerException: Attempt to invoke virtual method 'android.content.SharedPreferences android.content.Context.getSharedPreferences(java.lang.String, int)' on a null object reference
10-12 01:54:44.499: E/IntentOperationSvc(5471): 	at android.content.ContextWrapper.getSharedPreferences(ContextWrapper.java:167)
10-12 01:54:44.499: E/IntentOperationSvc(5471): 	at zbv.a(:com.google.android.gms@11519470:6)
10-12 01:54:44.499: E/IntentOperationSvc(5471): 	at com.google.android.gms.people.service.SettingsChangedBroadcastIntentOperation.<init>(:com.google.android.gms@11519470:2)
10-12 01:54:44.499: E/IntentOperationSvc(5471): 	... 7 more
10-12 01:54:44.501: I/PTCommittedOperation(5453): Receive new configuration for com.google.android.gms.auth.api.credentials
10-12 01:54:44.521: I/NetRec(5453): [520] ConfigChangedIntentOperation.onHandleIntent: Handling a Phenotype update
10-12 01:54:44.521: I/NetRec(5453): [520] yjf.b: onConfigChanged()
10-12 01:54:44.524: E/IntentOperationSvc(5471): Failed to instantiate Chimera operation impl com.google.android.gms.people.service.SettingsChangedBroadcastIntentOperation, dropping operation
10-12 01:54:44.524: E/IntentOperationSvc(5471): java.lang.reflect.InvocationTargetException
10-12 01:54:44.524: E/IntentOperationSvc(5471): 	at java.lang.reflect.Constructor.newInstance0(Native Method)
10-12 01:54:44.524: E/IntentOperationSvc(5471): 	at java.lang.reflect.Constructor.newInstance(Constructor.java:334)
10-12 01:54:44.524: E/IntentOperationSvc(5471): 	at bwj.a(:com.google.android.gms@11519470:8)
10-12 01:54:44.524: E/IntentOperationSvc(5471): 	at bwk.run(:com.google.android.gms@11519470:69)
10-12 01:54:44.524: E/IntentOperationSvc(5471): 	at java.util.concurrent.ThreadPoolExecutor.runWorker(ThreadPoolExecutor.java:1162)
10-12 01:54:44.524: E/IntentOperationSvc(5471): 	at java.util.concurrent.ThreadPoolExecutor$Worker.run(ThreadPoolExecutor.java:636)
10-12 01:54:44.524: E/IntentOperationSvc(5471): 	at java.lang.Thread.run(Thread.java:764)
10-12 01:54:44.524: E/IntentOperationSvc(5471): Caused by: java.lang.NullPointerException: Attempt to invoke virtual method 'android.content.SharedPreferences android.content.Context.getSharedPreferences(java.lang.String, int)' on a null object reference
10-12 01:54:44.524: E/IntentOperationSvc(5471): 	at android.content.ContextWrapper.getSharedPreferences(ContextWrapper.java:167)
10-12 01:54:44.524: E/IntentOperationSvc(5471): 	at zbv.a(:com.google.android.gms@11519470:6)
10-12 01:54:44.524: E/IntentOperationSvc(5471): 	at com.google.android.gms.people.service.SettingsChangedBroadcastIntentOperation.<init>(:com.google.android.gms@11519470:2)
10-12 01:54:44.524: E/IntentOperationSvc(5471): 	... 7 more
10-12 01:54:44.524: W/OcrModelUpStIntentOp(5471): Invalid action: com.google.android.gms.phenotype.COMMITTED
10-12 01:54:44.526: I/PTCommittedOperation(5453): Receive new configuration for com.google.android.gms.gcm
10-12 01:54:44.535: W/OkHttpClient(5453): A connection to https://www.googleapis.com/ was leaked. Did you forget to close a response body?
10-12 01:54:44.539: W/Auth(5453): [GetToken] GetToken failed with status code: INVALID_SCOPE
10-12 01:54:44.539: W/AuthSessionAuthenticato(5453): Auth related exception is being ignored: INVALID_SCOPE
10-12 01:54:44.544: W/GLSUser(5453): [DeviceKeyStore] Cannot load key: Device key file not found.
10-12 01:54:44.544: W/GLSUser(5453): [DeviceKeyStore] Cannot load key: Device key file not found.
10-12 01:54:44.552: E/ctxmgr(5453): [BaseServerTask]Server task (FetchAclSet) got error statusCode=-1.
10-12 01:54:44.552: E/ctxmgr(5453): com.android.volley.VolleyError: Unable to obtain auth token - is the device online?
10-12 01:54:44.552: E/ctxmgr(5453): 	at ciz.a(:com.google.android.gms@11519470:39)
10-12 01:54:44.552: E/ctxmgr(5453): 	at cei.run(:com.google.android.gms@11519470:2)
10-12 01:54:44.552: E/ctxmgr(5453): 	at ceg.handleMessage(:com.google.android.gms@11519470:3)
10-12 01:54:44.552: E/ctxmgr(5453): 	at mme.run(:com.google.android.gms@11519470:6)
10-12 01:54:44.552: E/ctxmgr(5453): 	at mmo.run(:com.google.android.gms@11519470:25)
10-12 01:54:44.552: E/ctxmgr(5453): 	at java.util.concurrent.ThreadPoolExecutor.runWorker(ThreadPoolExecutor.java:1162)
10-12 01:54:44.552: E/ctxmgr(5453): 	at java.util.concurrent.ThreadPoolExecutor$Worker.run(ThreadPoolExecutor.java:636)
10-12 01:54:44.552: E/ctxmgr(5453): 	at mrv.run(Unknown Source:7)
10-12 01:54:44.552: E/ctxmgr(5453): 	at java.lang.Thread.run(Thread.java:764)
10-12 01:54:44.574: E/ctxmgr(5453): [AccountAclCallback]Failed Acl fetch: network status=-1
10-12 01:54:44.592: I/NetRec(5453): [497] ConfigChangedIntentOperation.onHandleIntent: Handling a Phenotype update
10-12 01:54:44.592: I/NetRec(5453): [497] yjf.b: onConfigChanged()
10-12 01:54:44.598: E/IntentOperationSvc(5471): Failed to instantiate Chimera operation impl com.google.android.gms.people.service.SettingsChangedBroadcastIntentOperation, dropping operation
10-12 01:54:44.598: E/IntentOperationSvc(5471): java.lang.reflect.InvocationTargetException
10-12 01:54:44.598: E/IntentOperationSvc(5471): 	at java.lang.reflect.Constructor.newInstance0(Native Method)
10-12 01:54:44.598: E/IntentOperationSvc(5471): 	at java.lang.reflect.Constructor.newInstance(Constructor.java:334)
10-12 01:54:44.598: E/IntentOperationSvc(5471): 	at bwj.a(:com.google.android.gms@11519470:8)
10-12 01:54:44.598: E/IntentOperationSvc(5471): 	at bwk.run(:com.google.android.gms@11519470:69)
10-12 01:54:44.598: E/IntentOperationSvc(5471): 	at java.util.concurrent.ThreadPoolExecutor.runWorker(ThreadPoolExecutor.java:1162)
10-12 01:54:44.598: E/IntentOperationSvc(5471): 	at java.util.concurrent.ThreadPoolExecutor$Worker.run(ThreadPoolExecutor.java:636)
10-12 01:54:44.598: E/IntentOperationSvc(5471): 	at java.lang.Thread.run(Thread.java:764)
10-12 01:54:44.598: E/IntentOperationSvc(5471): Caused by: java.lang.NullPointerException: Attempt to invoke virtual method 'android.content.SharedPreferences android.content.Context.getSharedPreferences(java.lang.String, int)' on a null object reference
10-12 01:54:44.598: E/IntentOperationSvc(5471): 	at android.content.ContextWrapper.getSharedPreferences(ContextWrapper.java:167)
10-12 01:54:44.598: E/IntentOperationSvc(5471): 	at zbv.a(:com.google.android.gms@11519470:6)
10-12 01:54:44.598: E/IntentOperationSvc(5471): 	at com.google.android.gms.people.service.SettingsChangedBroadcastIntentOperation.<init>(:com.google.android.gms@11519470:2)
10-12 01:54:44.598: E/IntentOperationSvc(5471): 	... 7 more
10-12 01:54:44.598: W/OcrModelUpStIntentOp(5471): Invalid action: com.google.android.gms.phenotype.COMMITTED
10-12 01:54:44.601: I/PTCommittedOperation(5453): Receive new configuration for com.google.android.gms.devicedoctor
10-12 01:54:44.601: I/PTCommittedOperation(5453): Running Fixer Framework for com.google.android.gms.devicedoctor
10-12 01:54:44.606: I/ActivityManager(1627): Killing 5344:com.google.android.youtube/u0a83 (adj 906): empty #17
10-12 01:54:44.611: I/NetRec(5453): [520] ConfigChangedIntentOperation.onHandleIntent: Handling a Phenotype update
10-12 01:54:44.611: I/NetRec(5453): [520] yjf.b: onConfigChanged()
10-12 01:54:44.615: I/Remoter(1476): Saved screenshot to '/data/screenshots/__pmv__-0089.jpg'
10-12 01:54:44.652: D/ConnectivityService(1627): ConnectivityService NetworkRequestInfo binderDied(NetworkRequest [ LISTEN id=10, [ Capabilities: INTERNET&NOT_RESTRICTED&TRUSTED] ], android.os.BinderProxy@27975d3)
10-12 01:54:44.659: E/ConnectivityService(1627): RemoteException caught trying to send a callback msg for NetworkRequest [ LISTEN id=10, [ Capabilities: INTERNET&NOT_RESTRICTED&TRUSTED] ]
10-12 01:54:44.667: I/CastMediaRouteProvider(5471): in onDiscoveryRequestChanged: request=null
10-12 01:54:44.667: I/DiscoveryManager(5471): Filter criteria(null) scannerFlags(0)
10-12 01:54:44.668: I/Publisher(5471): onUpdateFilterCriteria null
10-12 01:54:44.669: W/MdnsClient_Cast(5471): Multicast lock held. Releasing. Subtypes:"233637DE"
10-12 01:54:44.671: W/MdnsClient_Cast(5471): Multicast lock held. Releasing. Subtypes:"233637DE"
10-12 01:54:44.678: I/DeviceScanner(5471): [MDNS] notifyDevicesOffline: []
10-12 01:54:44.686: I/DrmHal(1492): makeDrmFactories: using default drm instance
10-12 01:54:44.690: I/WVCdm(1492): CdmEngine::OpenSession
10-12 01:54:44.690: I/WVCdm(1492): Level3 Library 4464 May  2 2017 11:53:46
10-12 01:54:44.696: W/WVCdm(1492): Could not load liboemcrypto.so. Falling back to L3.  dlopen failed: library "liboemcrypto.so" not found
10-12 01:54:44.698: I/WVCdm(1492): CdmEngine::QueryOemCryptoSessionId
10-12 01:54:44.699: I/WVCdm(1492): CdmEngine::GenerateKeyRequest
10-12 01:54:44.699: W/WVCdm(1492): OEMCrypto_GetCurrentSRMVersion fails with 25
10-12 01:54:44.699: D/WVCdm(1492): PrepareKeyRequest: nonce=2374504144
10-12 01:54:44.740: I/Icing(5471): Internal init done: storage state 0
10-12 01:54:44.746: I/CheckinCompat(5471): No service .checkin.CheckinService to disable
10-12 01:54:44.747: I/CheckinCompat(5471): No service .update.SystemUpdateActivity to disable
10-12 01:54:44.748: I/CheckinCompat(5471): No service .update.SystemUpdateService$SecretCodeReceiver to disable
10-12 01:54:44.751: I/CheckinCompat(5471): No service .update.SystemUpdateService$Receiver to disable
10-12 01:54:44.776: I/Icing(5471): 15 corpora need re-polling
10-12 01:54:44.807: I/Icing(5471): Post-init done
10-12 01:54:44.807: I/Icing(5471): Not indexing corpus from package com.google.android.gm as it has never connected
10-12 01:54:44.807: E/Icing(5471): Aborting indexing of corpus messages/com.google/VS2WQVCOVYYT3Y3JQZUPAOQ2II-00%40cloudtestlabaccounts.com
10-12 01:54:44.818: I/Icing(5471): Indexing 53CF711B25BD95B8A1326A149DD006201A729B64 from com.google.android.gms
10-12 01:54:44.833: I/Icing(5471): Indexing done 53CF711B25BD95B8A1326A149DD006201A729B64
10-12 01:54:44.839: I/Icing(5471): Indexing 5DEFCCBD0E23F290BDC5D7F74C20C8155D1E3057 from com.google.android.gms
10-12 01:54:44.850: I/Icing(5471): IndexChimeraService.getServiceInterface callingPackage=com.google.android.videos componentName=null serviceId=36
10-12 01:54:44.889: I/WVCdm(1492): CdmEngine::CloseSession
10-12 01:54:44.952: E/memtrack(1627): Couldn't load memtrack module
10-12 01:54:44.952: W/android.os.Debug(1627): failed to get memory consumption info: -1
10-12 01:54:45.022: W/UdcContextManagerHelper(5453): Empty context buffer. Thus might mean that the context is not synced down.
10-12 01:54:45.023: W/UploadOptInStatusOp(5453): Empty context model while retrieving upload opt-in status!
10-12 01:54:45.040: E/ctxmgr(5453): [NetworkUtil]No active synchronizable contexts.
10-12 01:54:45.073: E/memtrack(1627): Couldn't load memtrack module
10-12 01:54:45.073: W/android.os.Debug(1627): failed to get memory consumption info: -1
10-12 01:54:45.154: W/Auth(5453): [GetToken] GetToken failed with status code: INVALID_SCOPE
10-12 01:54:45.155: W/AuthSessionAuthenticato(5453): Auth related exception is being ignored: INVALID_SCOPE
10-12 01:54:45.163: I/zygote(1627): Background concurrent copying GC freed 73490(3MB) AllocSpace objects, 18(1032KB) LOS objects, 42% free, 12MB/21MB, paused 175us total 104.125ms
10-12 01:54:45.176: W/GLSUser(5453): [DeviceKeyStore] Cannot load key: Device key file not found.
10-12 01:54:45.176: W/GLSUser(5453): [DeviceKeyStore] Cannot load key: Device key file not found.
10-12 01:54:45.176: E/ctxmgr(5453): [BaseServerTask]Server task (FetchAclSet) got error statusCode=-1.
10-12 01:54:45.176: E/ctxmgr(5453): com.android.volley.VolleyError: Unable to obtain auth token - is the device online?
10-12 01:54:45.176: E/ctxmgr(5453): 	at ciz.a(:com.google.android.gms@11519470:39)
10-12 01:54:45.176: E/ctxmgr(5453): 	at cei.run(:com.google.android.gms@11519470:2)
10-12 01:54:45.176: E/ctxmgr(5453): 	at ceg.handleMessage(:com.google.android.gms@11519470:3)
10-12 01:54:45.176: E/ctxmgr(5453): 	at mme.run(:com.google.android.gms@11519470:6)
10-12 01:54:45.176: E/ctxmgr(5453): 	at mmo.run(:com.google.android.gms@11519470:25)
10-12 01:54:45.176: E/ctxmgr(5453): 	at java.util.concurrent.ThreadPoolExecutor.runWorker(ThreadPoolExecutor.java:1162)
10-12 01:54:45.176: E/ctxmgr(5453): 	at java.util.concurrent.ThreadPoolExecutor$Worker.run(ThreadPoolExecutor.java:636)
10-12 01:54:45.176: E/ctxmgr(5453): 	at mrv.run(Unknown Source:7)
10-12 01:54:45.176: E/ctxmgr(5453): 	at java.lang.Thread.run(Thread.java:764)
10-12 01:54:45.177: E/ctxmgr(5453): [AccountAclCallback]Failed Acl fetch: network status=-1
10-12 01:54:45.185: E/memtrack(1627): Couldn't load memtrack module
10-12 01:54:45.185: W/android.os.Debug(1627): failed to get memory consumption info: -1
10-12 01:54:45.286: I/PhenotypeExpCommitSvc(5601): [388] PhenotypeExperimentCommitService.a: Successfully committed experiments for user [pNO9ObzPejlK16Cz5STnAehdGGc]
10-12 01:54:45.288: I/Stn.AppLifecycle(5601): [2] b.a: onConfigChanged()
10-12 01:54:45.321: E/memtrack(1627): Couldn't load memtrack module
10-12 01:54:45.321: W/android.os.Debug(1627): failed to get memory consumption info: -1
10-12 01:54:45.326: W/SystemServiceRegistry(5736): No service published for: persistent_data_block
10-12 01:54:45.372: E/memtrack(1627): Couldn't load memtrack module
10-12 01:54:45.372: W/android.os.Debug(1627): failed to get memory consumption info: -1
10-12 01:54:45.650: I/Remoter(1476): Saved screenshot to '/data/screenshots/__pmv__-0090.jpg'
10-12 01:54:45.789: I/Icing(5471): Indexing 0A8A50034300A49C702F5C2730E20C04CF77CB2F from com.google.android.gms
10-12 01:54:45.830: I/zygote(5471): Background concurrent copying GC freed 100908(6MB) AllocSpace objects, 25(500KB) LOS objects, 49% free, 8MB/16MB, paused 146us total 172.572ms
10-12 01:54:45.831: I/Icing(5471): Indexing done 0A8A50034300A49C702F5C2730E20C04CF77CB2F
10-12 01:54:45.833: I/Icing(5471): Indexing 83B72CA0F6B22359354CBD1002BDE05E61DB4448 from com.google.android.gms
10-12 01:54:45.835: I/Icing(5471): Indexing done 83B72CA0F6B22359354CBD1002BDE05E61DB4448
10-12 01:54:45.835: I/Icing(5471): Indexing FD4FC90ACBF5732C95DE78B97CF3F435E7DC177E from com.google.android.googlequicksearchbox
10-12 01:54:45.841: I/Icing(5471): Indexing done FD4FC90ACBF5732C95DE78B97CF3F435E7DC177E
10-12 01:54:45.843: I/Icing(5471): Indexing DEEA8CF4D90C85BE7E9EF70A82E4FE2E169706C9 from com.google.android.videos
10-12 01:54:45.853: I/Icing(5471): Indexing done DEEA8CF4D90C85BE7E9EF70A82E4FE2E169706C9
