10-12 01:54:38.564: D/AndroidRuntime(6186): Calling main entry com.android.commands.pm.Pm
10-12 01:54:38.570: I/WVCdm(1492): CdmEngine::OpenSession
10-12 01:54:38.572: I/WVCdm(1492): CdmEngine::QueryOemCryptoSessionId
10-12 01:54:38.573: I/WVCdm(1492): CdmEngine::GenerateKeyRequest
10-12 01:54:38.573: W/WVCdm(1492): OEMCrypto_GetCurrentSRMVersion fails with 25
10-12 01:54:38.573: D/WVCdm(1492): PrepareKeyRequest: nonce=1189266793
10-12 01:54:38.586: W/MessageQueue(6186): Handler (android.os.Handler) {64576a5} sending message to a Handler on a dead thread
10-12 01:54:38.586: W/MessageQueue(6186): java.lang.IllegalStateException: Handler (android.os.Handler) {64576a5} sending message to a Handler on a dead thread
10-12 01:54:38.586: W/MessageQueue(6186): 	at android.os.MessageQueue.enqueueMessage(MessageQueue.java:545)
10-12 01:54:38.586: W/MessageQueue(6186): 	at android.os.Handler.enqueueMessage(Handler.java:661)
10-12 01:54:38.586: W/MessageQueue(6186): 	at android.os.Handler.sendMessageAtTime(Handler.java:630)
10-12 01:54:38.586: W/MessageQueue(6186): 	at android.os.Handler.sendMessageDelayed(Handler.java:600)
10-12 01:54:38.586: W/MessageQueue(6186): 	at android.os.Handler.post(Handler.java:356)
10-12 01:54:38.586: W/MessageQueue(6186): 	at android.os.ResultReceiver$MyResultReceiver.send(ResultReceiver.java:57)
10-12 01:54:38.586: W/MessageQueue(6186): 	at com.android.internal.os.IResultReceiver$Stub.onTransact(IResultReceiver.java:58)
10-12 01:54:38.586: W/MessageQueue(6186): 	at android.os.Binder.execTransact(Binder.java:674)
10-12 01:54:38.594: I/app_process(6186): System.exit called, status: 0
10-12 01:54:38.594: I/AndroidRuntime(6186): VM exiting with result code 0.
10-12 01:54:38.640: E/Icing(5471): Array storage bad crc 329787821 vs 2218402885
10-12 01:54:38.640: E/Icing(5471): File /data/data/com.google.android.gms/files/AppDataSearch/main/cur/ds.docids failed to init (elt_size 4 num_elts 100030 array_crc 2218402885)
10-12 01:54:38.707: E/Icing(5471): Array storage bad crc 3251909223 vs 1732120942
10-12 01:54:38.722: E/Icing(5471): File /data/data/com.google.android.gms/files/AppDataSearch/main/cur/ds.perdocdata failed to init (elt_size 26 num_elts 100030 array_crc 1732120942)
10-12 01:54:38.740: W/Conscrypt(5453): Could not set socket write timeout:
10-12 01:54:38.740: W/Conscrypt(5453):    java.lang.reflect.Method.invoke(Native Method)
10-12 01:54:38.740: W/Conscrypt(5453):    com.google.android.gms.org.conscrypt.Platform.setSocketWriteTimeout(:com.google.android.gms@11519470:13)
10-12 01:54:38.747: I/WVCdm(1492): CdmEngine::CloseSession
10-12 01:54:38.748: I/WVCdm(1492): CdmEngine::CloseSession
10-12 01:54:38.752: E/Icing(5471): Array storage bad crc 4288452862 vs 0
10-12 01:54:38.752: E/Icing(5471): File /data/data/com.google.android.gms/files/AppDataSearch/main/cur/ds.cscoring failed to init (elt_size 37 num_elts 13 array_crc 0)
10-12 01:54:38.754: I/DrmHal(1492): makeDrmFactories: using default drm instance
10-12 01:54:38.756: I/WVCdm(1492): CdmEngine::OpenSession
10-12 01:54:38.756: I/WVCdm(1492): Level3 Library 4464 May  2 2017 11:53:46
10-12 01:54:38.758: W/WVCdm(1492): Could not load liboemcrypto.so. Falling back to L3.  dlopen failed: library "liboemcrypto.so" not found
10-12 01:54:38.759: I/WVCdm(1492): CdmEngine::QueryOemCryptoSessionId
10-12 01:54:38.761: E/Icing(5471): Array storage bad crc 2506136154 vs 1830968069
10-12 01:54:38.761: E/Icing(5471): Trie mmap node failed
10-12 01:54:38.768: W/Conscrypt(5453): Could not set socket write timeout:
10-12 01:54:38.769: I/WVCdm(1492): CdmEngine::GenerateKeyRequest
10-12 01:54:38.769: W/WVCdm(1492): OEMCrypto_GetCurrentSRMVersion fails with 25
10-12 01:54:38.769: D/WVCdm(1492): PrepareKeyRequest: nonce=2415786253
10-12 01:54:38.807: W/Icing(5471): Docstore bad crc 0x0b6b2318 vs 0x790f7414
10-12 01:54:38.808: W/Conscrypt(5453):    java.lang.reflect.Method.invoke(Native Method)
10-12 01:54:38.808: W/Conscrypt(5453):    com.google.android.gms.org.conscrypt.Platform.setSocketWriteTimeout(:com.google.android.gms@11519470:13)
10-12 01:54:38.831: W/GLSUser(5453): [AppCertManager] IOException while requesting key: 
10-12 01:54:38.831: W/GLSUser(5453): java.io.IOException: Invalid device key response.
10-12 01:54:38.831: W/GLSUser(5453): 	at ewg.a(:com.google.android.gms@11519470:11)
10-12 01:54:38.831: W/GLSUser(5453): 	at ewg.a(:com.google.android.gms@11519470:63)
10-12 01:54:38.831: W/GLSUser(5453): 	at ewg.a(:com.google.android.gms@11519470:20)
10-12 01:54:38.831: W/GLSUser(5453): 	at ewe.a(:com.google.android.gms@11519470:4)
10-12 01:54:38.831: W/GLSUser(5453): 	at ewb.a(:com.google.android.gms@11519470:2)
10-12 01:54:38.831: W/GLSUser(5453): 	at evz.a(:com.google.android.gms@11519470:10)
10-12 01:54:38.831: W/GLSUser(5453): 	at evz.a(:com.google.android.gms@11519470:24)
10-12 01:54:38.831: W/GLSUser(5453): 	at mgg.d(:com.google.android.gms@11519470:3)
10-12 01:54:38.831: W/GLSUser(5453): 	at ciz.a(:com.google.android.gms@11519470:31)
10-12 01:54:38.831: W/GLSUser(5453): 	at cei.run(:com.google.android.gms@11519470:2)
10-12 01:54:38.831: W/GLSUser(5453): 	at ceg.handleMessage(:com.google.android.gms@11519470:3)
10-12 01:54:38.831: W/GLSUser(5453): 	at mme.run(:com.google.android.gms@11519470:6)
10-12 01:54:38.831: W/GLSUser(5453): 	at mmo.run(:com.google.android.gms@11519470:25)
10-12 01:54:38.831: W/GLSUser(5453): 	at java.util.concurrent.ThreadPoolExecutor.runWorker(ThreadPoolExecutor.java:1162)
10-12 01:54:38.831: W/GLSUser(5453): 	at java.util.concurrent.ThreadPoolExecutor$Worker.run(ThreadPoolExecutor.java:636)
10-12 01:54:38.831: W/GLSUser(5453): 	at mrv.run(Unknown Source:7)
10-12 01:54:38.831: W/GLSUser(5453): 	at java.lang.Thread.run(Thread.java:764)
10-12 01:54:38.831: W/GLSUser(5453): [DeviceKeyStore] Cannot load key: Device key file not found.
10-12 01:54:38.832: E/ctxmgr(5453): [BaseServerTask]Server task (FetchAclSet) got error statusCode=-1.
10-12 01:54:38.832: E/ctxmgr(5453): com.android.volley.VolleyError: Unable to obtain auth token - is the device online?
10-12 01:54:38.832: E/ctxmgr(5453): 	at ciz.a(:com.google.android.gms@11519470:39)
10-12 01:54:38.832: E/ctxmgr(5453): 	at cei.run(:com.google.android.gms@11519470:2)
10-12 01:54:38.832: E/ctxmgr(5453): 	at ceg.handleMessage(:com.google.android.gms@11519470:3)
10-12 01:54:38.832: E/ctxmgr(5453): 	at mme.run(:com.google.android.gms@11519470:6)
10-12 01:54:38.832: E/ctxmgr(5453): 	at mmo.run(:com.google.android.gms@11519470:25)
10-12 01:54:38.832: E/ctxmgr(5453): 	at java.util.concurrent.ThreadPoolExecutor.runWorker(ThreadPoolExecutor.java:1162)
10-12 01:54:38.832: E/ctxmgr(5453): 	at java.util.concurrent.ThreadPoolExecutor$Worker.run(ThreadPoolExecutor.java:636)
10-12 01:54:38.832: E/ctxmgr(5453): 	at mrv.run(Unknown Source:7)
10-12 01:54:38.832: E/ctxmgr(5453): 	at java.lang.Thread.run(Thread.java:764)
10-12 01:54:38.886: W/ctxmgr(5453): [WorkManager]Long workInfo: pkg=com.google.android.gms, lbl=NetworkManager#getAcl, start=2017-10-12 01:54:34.871+0000, stop=2017-10-12 01:54:38.833+0000, durtn=3962ms
10-12 01:54:38.939: E/ctxmgr(5453): [AccountAclCallback]Failed Acl fetch: network status=-1
10-12 01:54:38.939: W/UdcContextManagerHelper(5453): Empty context buffer. Thus might mean that the context is not synced down.
10-12 01:54:38.940: W/UploadOptInStatusOp(5453): Empty context model while retrieving upload opt-in status!
10-12 01:54:39.039: W/UdcContextManagerHelper(5453): Empty context buffer. Thus might mean that the context is not synced down.
10-12 01:54:39.039: W/UploadOptInStatusOp(5453): Empty context model while retrieving upload opt-in status!
10-12 01:54:39.096: E/ctxmgr(5453): [NetworkUtil]No active synchronizable contexts.
10-12 01:54:39.203: I/zygote(1627): Background concurrent copying GC freed 21576(1212KB) AllocSpace objects, 4(268KB) LOS objects, 42% free, 9MB/17MB, paused 168us total 280.697ms
10-12 01:54:39.286: W/Auth(5453): [GetToken] GetToken failed with status code: INVALID_SCOPE
10-12 01:54:39.286: W/AuthSessionAuthenticato(5453): Auth related exception is being ignored: INVALID_SCOPE
10-12 01:54:39.297: W/GLSUser(5453): [DeviceKeyStore] Cannot load key: Device key file not found.
10-12 01:54:39.297: W/GLSUser(5453): [DeviceKeyStore] Cannot load key: Device key file not found.
10-12 01:54:39.297: E/LockboxBrokerService(5453): Could not query UDC's getDeviceDataUploadOptInStatus; 15 null
10-12 01:54:39.322: E/ctxmgr(5453): [BaseServerTask]Server task (FetchAclSet) got error statusCode=-1.
10-12 01:54:39.322: E/ctxmgr(5453): com.android.volley.VolleyError: Unable to obtain auth token - is the device online?
10-12 01:54:39.322: E/ctxmgr(5453): 	at ciz.a(:com.google.android.gms@11519470:39)
10-12 01:54:39.322: E/ctxmgr(5453): 	at cei.run(:com.google.android.gms@11519470:2)
10-12 01:54:39.322: E/ctxmgr(5453): 	at ceg.handleMessage(:com.google.android.gms@11519470:3)
10-12 01:54:39.322: E/ctxmgr(5453): 	at mme.run(:com.google.android.gms@11519470:6)
10-12 01:54:39.322: E/ctxmgr(5453): 	at mmo.run(:com.google.android.gms@11519470:25)
10-12 01:54:39.322: E/ctxmgr(5453): 	at java.util.concurrent.ThreadPoolExecutor.runWorker(ThreadPoolExecutor.java:1162)
10-12 01:54:39.322: E/ctxmgr(5453): 	at java.util.concurrent.ThreadPoolExecutor$Worker.run(ThreadPoolExecutor.java:636)
10-12 01:54:39.322: E/ctxmgr(5453): 	at mrv.run(Unknown Source:7)
10-12 01:54:39.322: E/ctxmgr(5453): 	at java.lang.Thread.run(Thread.java:764)
10-12 01:54:39.353: I/Remoter(1476): Saved screenshot to '/data/screenshots/__pmv__-0084.jpg'
10-12 01:54:39.372: I/zygote(5471): Do full code cache collection, code=113KB, data=85KB
10-12 01:54:39.376: E/LockboxBrokerService(5453): Could not query UDC's getDeviceDataUploadOptInStatus; 15 null
10-12 01:54:39.391: I/InputReader(1627): Reconfiguring input devices.  changes=0x00000010
10-12 01:54:39.391: W/UdcContextManagerHelper(5453): Empty context buffer. Thus might mean that the context is not synced down.
10-12 01:54:39.391: W/UploadOptInStatusOp(5453): Empty context model while retrieving upload opt-in status!
10-12 01:54:39.391: E/ctxmgr(5453): [AccountAclCallback]Failed Acl fetch: network status=-1
10-12 01:54:39.413: I/zygote(5471): After code cache collection, code=85KB, data=46KB
10-12 01:54:39.423: D/Avrcp(1725): AvrcpServiceBroadcastReceiver-> Action: android.intent.action.PACKAGE_CHANGED
10-12 01:54:39.423: D/Avrcp(1725): AvrcpServiceBroadcastReceiver-> packageName: com.google.android.googlequicksearchbox
10-12 01:54:39.423: D/Avrcp(1725): packageName: com.google.android.googlequicksearchbox removed: false
10-12 01:54:39.427: D/Avrcp(1725): isBrowsableListUpdated: false
10-12 01:54:39.428: I/zygote(4526): ThreadFlipBegin blocked for 5.934ms
10-12 01:54:39.428: I/zygote(4526): IncrementDisableThreadFlip blocked for 6.197ms
10-12 01:54:39.442: I/Telecom(1627): DefaultDialerCache: Refreshing default dialer for user 0: now com.google.android.dialer: DDC.oR@AHg
10-12 01:54:39.442: D/CarrierSvcBindHelper(1823): No carrier app for: 0
10-12 01:54:39.442: D/ImsResolver(1823): maybeAddedImsService, packageName: com.google.android.googlequicksearchbox
10-12 01:54:39.492: W/UdcContextManagerHelper(5453): Empty context buffer. Thus might mean that the context is not synced down.
10-12 01:54:39.492: W/UploadOptInStatusOp(5453): Empty context model while retrieving upload opt-in status!
10-12 01:54:39.504: W/Auth(5453): [GetToken] GetToken failed with status code: INVALID_SCOPE
10-12 01:54:39.504: E/MS_NetworkUtils(5471): GoogleAuthException getting authtoken for: VS2WQVCOVYYT3Y3JQZUPAOQ2II-00@cloudtestlabaccounts.com message:
10-12 01:54:39.504: E/MS_NetworkUtils(5471): dzf: INVALID_SCOPE
10-12 01:54:39.504: E/MS_NetworkUtils(5471): 	at dzj.a(:com.google.android.gms@11519470:16)
10-12 01:54:39.504: E/MS_NetworkUtils(5471): 	at dzi.a(:com.google.android.gms@11519470:2)
10-12 01:54:39.504: E/MS_NetworkUtils(5471): 	at dzi.e(:com.google.android.gms@11519470:6)
10-12 01:54:39.504: E/MS_NetworkUtils(5471): 	at dzi.d(:com.google.android.gms@11519470:1)
10-12 01:54:39.504: E/MS_NetworkUtils(5471): 	at dzi.b(:com.google.android.gms@11519470:1)
10-12 01:54:39.504: E/MS_NetworkUtils(5471): 	at dzg.a(:com.google.android.gms@11519470:1)
10-12 01:54:39.504: E/MS_NetworkUtils(5471): 	at albh.a(:com.google.android.gms@11519470:28)
10-12 01:54:39.504: E/MS_NetworkUtils(5471): 	at com.google.android.libraries.matchstick.net.SilentRegisterIntentOperation.a(:com.google.android.gms@11519470:214)
10-12 01:54:39.504: E/MS_NetworkUtils(5471): 	at com.google.android.libraries.matchstick.net.SilentRegisterIntentOperation.onHandleIntent(:com.google.android.gms@11519470:291)
10-12 01:54:39.504: E/MS_NetworkUtils(5471): 	at com.google.android.chimera.IntentOperation.onHandleIntent(:com.google.android.gms@11519470:2)
10-12 01:54:39.504: E/MS_NetworkUtils(5471): 	at bwh.run(:com.google.android.gms@11519470:10)
10-12 01:54:39.504: E/MS_NetworkUtils(5471): 	at bwe.run(:com.google.android.gms@11519470:14)
10-12 01:54:39.504: E/MS_NetworkUtils(5471): 	at java.util.concurrent.ThreadPoolExecutor.runWorker(ThreadPoolExecutor.java:1162)
10-12 01:54:39.504: E/MS_NetworkUtils(5471): 	at java.util.concurrent.ThreadPoolExecutor$Worker.run(ThreadPoolExecutor.java:636)
10-12 01:54:39.504: E/MS_NetworkUtils(5471): 	at java.lang.Thread.run(Thread.java:764)
10-12 01:54:39.512: E/ctxmgr(5453): [NetworkUtil]No active synchronizable contexts.
10-12 01:54:39.515: I/ActivityManager(1627): Start proc 6285:com.android.printspooler/u0a77 for service com.android.printspooler/.model.PrintSpoolerService
10-12 01:54:39.517: W/zygote(6285): Unexpected CPU variant for X86 using defaults: x86
10-12 01:54:39.553: W/GLSUser(5453): [DeviceKeyStore] Cannot load key: Device key file not found.
10-12 01:54:39.553: W/GLSUser(5453): [DeviceKeyStore] Cannot load key: Device key file not found.
10-12 01:54:39.598: I/System.out(5471): Error inflating SSL session: error:100000a0:SSL routines:OPENSSL_internal:INVALID_SSL_SESSION
10-12 01:54:39.599: W/Conscrypt(5471): Could not set socket write timeout:
10-12 01:54:39.599: W/Conscrypt(5471):    java.lang.reflect.Method.invoke(Native Method)
10-12 01:54:39.599: W/Conscrypt(5471):    com.google.android.gms.org.conscrypt.Platform.setSocketWriteTimeout(:com.google.android.gms@11519470:13)
10-12 01:54:39.690: W/Auth(5453): [GetToken] GetToken failed with status code: INVALID_SCOPE
10-12 01:54:39.690: W/AuthSessionAuthenticato(5453): Auth related exception is being ignored: INVALID_SCOPE
10-12 01:54:39.690: W/GLSUser(5453): [DeviceKeyStore] Cannot load key: Device key file not found.
10-12 01:54:39.691: W/GLSUser(5453): [DeviceKeyStore] Cannot load key: Device key file not found.
10-12 01:54:39.691: E/ctxmgr(5453): [BaseServerTask]Server task (FetchAclSet) got error statusCode=-1.
10-12 01:54:39.691: E/ctxmgr(5453): com.android.volley.VolleyError: Unable to obtain auth token - is the device online?
10-12 01:54:39.691: E/ctxmgr(5453): 	at ciz.a(:com.google.android.gms@11519470:39)
10-12 01:54:39.691: E/ctxmgr(5453): 	at cei.run(:com.google.android.gms@11519470:2)
10-12 01:54:39.691: E/ctxmgr(5453): 	at ceg.handleMessage(:com.google.android.gms@11519470:3)
10-12 01:54:39.691: E/ctxmgr(5453): 	at mme.run(:com.google.android.gms@11519470:6)
10-12 01:54:39.691: E/ctxmgr(5453): 	at mmo.run(:com.google.android.gms@11519470:25)
10-12 01:54:39.691: E/ctxmgr(5453): 	at java.util.concurrent.ThreadPoolExecutor.runWorker(ThreadPoolExecutor.java:1162)
10-12 01:54:39.691: E/ctxmgr(5453): 	at java.util.concurrent.ThreadPoolExecutor$Worker.run(ThreadPoolExecutor.java:636)
10-12 01:54:39.691: E/ctxmgr(5453): 	at mrv.run(Unknown Source:7)
10-12 01:54:39.691: E/ctxmgr(5453): 	at java.lang.Thread.run(Thread.java:764)
10-12 01:54:39.694: I/zygote(5453): Deoptimizing java.lang.Object aavn.c() due to JIT inline cache
10-12 01:54:39.724: W/UdcContextManagerHelper(5453): Empty context buffer. Thus might mean that the context is not synced down.
10-12 01:54:39.724: W/UploadOptInStatusOp(5453): Empty context model while retrieving upload opt-in status!
10-12 01:54:39.755: E/ctxmgr(5453): [AccountAclCallback]Failed Acl fetch: network status=-1
10-12 01:54:39.782: W/SystemServiceRegistry(5736): No service published for: persistent_data_block
10-12 01:54:39.796: E/ctxmgr(5453): [NetworkUtil]No active synchronizable contexts.
10-12 01:54:39.798: W/UdcContextManagerHelper(5453): Empty context buffer. Thus might mean that the context is not synced down.
10-12 01:54:39.799: W/UploadOptInStatusOp(5453): Empty context model while retrieving upload opt-in status!
10-12 01:54:39.820: W/Conscrypt(5471): Could not set socket write timeout:
10-12 01:54:39.837: W/Conscrypt(5471):    java.lang.reflect.Method.invoke(Native Method)
10-12 01:54:39.837: W/Conscrypt(5471):    com.google.android.gms.org.conscrypt.Platform.setSocketWriteTimeout(:com.google.android.gms@11519470:13)
10-12 01:54:39.877: D/DownloadManager(2256): [37] Finished with status SUCCESS
10-12 01:54:39.930: I/WVCdm(1492): CdmEngine::CloseSession
10-12 01:54:39.930: I/Finsky(5329): [2] com.google.android.finsky.download.manager.DownloadBroadcastReceiver.a(11): Intent received at DownloadBroadcastReceiver
10-12 01:54:39.933: I/Finsky(5329): [2] com.google.android.finsky.download.b.f.b(127): com.android.vending: onProgress 17661732/17661732 Status: 200.
10-12 01:54:39.938: I/DynamicModuleDownloader(5329): Phonesky signed with test certificate and the calling app is signed only with this certificate too. Dynamite downloader request is accepted.
10-12 01:54:39.961: I/Finsky(5329): [2] com.google.android.finsky.download.c.a(52): com.android.vending from 2 to 3.
10-12 01:54:39.961: I/Finsky(5329): [2] com.google.android.finsky.download.b.f.b(159): com.android.vending: onComplete
10-12 01:54:39.961: I/Finsky(5329): [2] com.google.android.finsky.download.b.f.i(100): Download com.android.vending removed from DownloadQueue
10-12 01:54:39.962: I/DynamicModuleDownloader(5329): Loaded Zapp Downloader from phonesky.
10-12 01:54:39.968: I/Finsky(5329): [2] com.google.android.finsky.selfupdate.a.g.onPostExecute(6): Self-update ready to be installed, waiting for market to close.
10-12 01:54:39.975: I/CheckinUtil(5471): Classify the device as Phone.
10-12 01:54:39.979: W/Auth(5453): [GetToken] GetToken failed with status code: INVALID_SCOPE
10-12 01:54:39.979: W/AuthSessionAuthenticato(5453): Auth related exception is being ignored: INVALID_SCOPE
10-12 01:54:39.994: W/GLSUser(5453): [DeviceKeyStore] Cannot load key: Device key file not found.
10-12 01:54:39.994: W/GLSUser(5453): [DeviceKeyStore] Cannot load key: Device key file not found.
10-12 01:54:39.995: E/ctxmgr(5453): [BaseServerTask]Server task (FetchAclSet) got error statusCode=-1.
10-12 01:54:39.995: E/ctxmgr(5453): com.android.volley.VolleyError: Unable to obtain auth token - is the device online?
10-12 01:54:39.995: E/ctxmgr(5453): 	at ciz.a(:com.google.android.gms@11519470:39)
10-12 01:54:39.995: E/ctxmgr(5453): 	at cei.run(:com.google.android.gms@11519470:2)
10-12 01:54:39.995: E/ctxmgr(5453): 	at ceg.handleMessage(:com.google.android.gms@11519470:3)
10-12 01:54:39.995: E/ctxmgr(5453): 	at mme.run(:com.google.android.gms@11519470:6)
10-12 01:54:39.995: E/ctxmgr(5453): 	at mmo.run(:com.google.android.gms@11519470:25)
10-12 01:54:39.995: E/ctxmgr(5453): 	at java.util.concurrent.ThreadPoolExecutor.runWorker(ThreadPoolExecutor.java:1162)
10-12 01:54:39.995: E/ctxmgr(5453): 	at java.util.concurrent.ThreadPoolExecutor$Worker.run(ThreadPoolExecutor.java:636)
10-12 01:54:39.995: E/ctxmgr(5453): 	at mrv.run(Unknown Source:7)
10-12 01:54:39.995: E/ctxmgr(5453): 	at java.lang.Thread.run(Thread.java:764)
10-12 01:54:40.013: E/ctxmgr(5453): [AccountAclCallback]Failed Acl fetch: network status=-1
10-12 01:54:40.013: W/UdcContextManagerHelper(5453): Empty context buffer. Thus might mean that the context is not synced down.
10-12 01:54:40.014: W/UploadOptInStatusOp(5453): Empty context model while retrieving upload opt-in status!
10-12 01:54:40.059: D/AndroidRuntime(6284): >>>>>> START com.android.internal.os.RuntimeInit uid 0 <<<<<<
10-12 01:54:40.067: D/AndroidRuntime(6284): CheckJNI is OFF
10-12 01:54:40.067: E/cutils-trace(6284): Error opening trace file: No such file or directory (2)
10-12 01:54:40.076: I/zygote(1773): Background concurrent copying GC freed 54071(2MB) AllocSpace objects, 2(48KB) LOS objects, 49% free, 5MB/10MB, paused 149us total 100.145ms
10-12 01:54:40.128: W/app_process(6284): Unexpected CPU variant for X86 using defaults: x86
10-12 01:54:40.131: W/nativebridge(6284): Failed to bind-mount /system/lib/x86/cpuinfo as /proc/cpuinfo: No such file or directory
10-12 01:54:40.145: E/MS_RegisterService(5471): Exception during register request.
10-12 01:54:40.145: E/MS_RegisterService(5471): bafm: INVALID_ARGUMENT: Application credential header not valid. Please fix the client to pass a valid application credential header.
10-12 01:54:40.145: E/MS_RegisterService(5471): 	at bafi.c(:com.google.android.gms@11519470:3)
10-12 01:54:40.145: E/MS_RegisterService(5471): 	at mgv.a(:com.google.android.gms@11519470:66)
10-12 01:54:40.145: E/MS_RegisterService(5471): 	at com.google.android.libraries.matchstick.net.SilentRegisterIntentOperation.a(:com.google.android.gms@11519470:226)
10-12 01:54:40.145: E/MS_RegisterService(5471): 	at com.google.android.libraries.matchstick.net.SilentRegisterIntentOperation.onHandleIntent(:com.google.android.gms@11519470:291)
10-12 01:54:40.145: E/MS_RegisterService(5471): 	at com.google.android.chimera.IntentOperation.onHandleIntent(:com.google.android.gms@11519470:2)
10-12 01:54:40.145: E/MS_RegisterService(5471): 	at bwh.run(:com.google.android.gms@11519470:10)
10-12 01:54:40.145: E/MS_RegisterService(5471): 	at bwe.run(:com.google.android.gms@11519470:14)
10-12 01:54:40.145: E/MS_RegisterService(5471): 	at java.util.concurrent.ThreadPoolExecutor.runWorker(ThreadPoolExecutor.java:1162)
10-12 01:54:40.145: E/MS_RegisterService(5471): 	at java.util.concurrent.ThreadPoolExecutor$Worker.run(ThreadPoolExecutor.java:636)
10-12 01:54:40.145: E/MS_RegisterService(5471): 	at java.lang.Thread.run(Thread.java:764)
10-12 01:54:40.155: I/Radio-JNI(6284): register_android_hardware_Radio DONE
10-12 01:54:40.161: D/AndroidRuntime(6284): Calling main entry com.android.commands.pm.Pm
10-12 01:54:40.208: I/zygote(5453): Background concurrent copying GC freed 71293(4MB) AllocSpace objects, 9(180KB) LOS objects, 49% free, 4MB/9MB, paused 15.514ms total 149.207ms
10-12 01:54:40.228: I/zygote(5453): Do full code cache collection, code=250KB, data=182KB
10-12 01:54:40.240: I/zygote(5453): After code cache collection, code=239KB, data=150KB
10-12 01:54:40.260: W/System(5471): Ignoring header Cookie because its value was null.
10-12 01:54:40.260: I/ProcessCheckinRequest(5471): set cookie as: null
10-12 01:54:40.295: W/Conscrypt(5471): Could not set socket write timeout:
10-12 01:54:40.295: W/Conscrypt(5471):    java.lang.reflect.Method.invoke(Native Method)
10-12 01:54:40.295: W/Conscrypt(5471):    com.google.android.gms.org.conscrypt.Platform.setSocketWriteTimeout(:com.google.android.gms@11519470:13)
10-12 01:54:40.301: W/Conscrypt(5471): Could not set socket write timeout:
10-12 01:54:40.301: W/Conscrypt(5471):    java.lang.reflect.Method.invoke(Native Method)
10-12 01:54:40.301: W/Conscrypt(5471):    com.google.android.gms.org.conscrypt.Platform.setSocketWriteTimeout(:com.google.android.gms@11519470:13)
10-12 01:54:40.329: I/ProcessCheckinRequest(5471): REQUEST: c: "020000000000"
10-12 01:54:40.329: I/ProcessCheckinRequest(5471): d: "wifi"
10-12 01:54:40.329: I/ProcessCheckinRequest(5471): g: 3968992495949757714
10-12 01:54:40.329: I/ProcessCheckinRequest(5471): h: 8833771208349917245
10-12 01:54:40.329: I/ProcessCheckinRequest(5471): i: "1-752f279dbca47f48080bfc1a39e57ae45109616b"
10-12 01:54:40.329: I/ProcessCheckinRequest(5471): j: "es"
10-12 01:54:40.329: I/ProcessCheckinRequest(5471): k <
10-12 01:54:40.329: I/ProcessCheckinRequest(5471):   a <
10-12 01:54:40.329: I/ProcessCheckinRequest(5471):     a: "generic/gce_x86_phone/gce_x86:8.0.0/OGR1.170710.001/4165914:userdebug/test-keys"
10-12 01:54:40.329: I/ProcessCheckinRequest(5471):     c: "unknown"
10-12 01:54:40.329: I/ProcessCheckinRequest(5471):     d: "gce_x86"
10-12 01:54:40.329: I/ProcessCheckinRequest(5471):     e: "generic"
10-12 01:54:40.329: I/ProcessCheckinRequest(5471):     f: "unknown"
10-12 01:54:40.329: I/ProcessCheckinRequest(5471):     g: 1499682164
10-12 01:54:40.329: I/ProcessCheckinRequest(5471):     h: 11519470
10-12 01:54:40.329: I/ProcessCheckinRequest(5471):     i: 26
10-12 01:54:40.329: I/ProcessCheckinRequest(5471):     j: "gce_x86"
10-12 01:54:40.329: I/ProcessCheckinRequest(5471):     k: "GCE x86 phone"
10-12 01:54:40.329: I/ProcessCheckinRequest(5471):     l: "unknown"
10-12 01:54:40.329: I/ProcessCheckinRequest(5471):     m: "gce_x86_phone"
10-12 01:54:40.329: I/ProcessCheckinRequest(5471):     n: false
10-12 01:54:40.329: I/ProcessCheckinRequest(5471):     o <
10-12 01:54:40.329: I/ProcessCheckinRequest(5471):       a: 2
10-12 01:54:40.329: I/ProcessCheckinRequest(5471):       b: "ms-unknown"
10-12 01:54:40.329: I/ProcessCheckinRequest(5471):     >
10-12 01:54:40.329: I/ProcessCheckinRequest(5471):     o <
10-12 01:54:40.329: I/ProcessCheckinRequest(5471):       a: 5
10-12 01:54:40.329: I/ProcessCheckinRequest(5471):       b: "mvapp-unknown"
10-12 01:54:40.329: I/ProcessCheckinRequest(5471):     >
10-12 01:54:40.329: I/ProcessCheckinRequest(5471):     o <
10-12 01:54:40.329: I/ProcessCheckinRequest(5471):       a: 8
10-12 01:54:40.329: I/ProcessCheckinRequest(5471):       b: "wallet-unknown"
10-12 01:54:40.329: I/ProcessCheckinRequest(5471):     >
10-12 01:54:40.329: I/ProcessCheckinRequest(5471):     o <
10-12 01:54:40.329: I/ProcessCheckinRequest(5471):       a: 9
10-12 01:54:40.329: I/ProcessCheckinRequest(5471):       b: "ms-unknown"
10-12 01:54:40.329: I/ProcessCheckinRequest(5471):     >
10-12 01:54:40.329: I/ProcessCheckinRequest(5471):     o <
10-12 01:54:40.329: I/ProcessCheckinRequest(5471):       a: 4
10-12 01:54:40.329: I/ProcessCheckinRequest(5471):       b: "gmm-unknown"
10-12 01:54:40.329: I/ProcessCheckinRequest(5471):     >
10-12 01:54:40.329: I/ProcessCheckinRequest(5471):     o <
10-12 01:54:40.329: I/ProcessCheckinRequest(5471):       a: 6
10-12 01:54:40.329: I/ProcessCheckinRequest(5471):       b: "am-unknown"
10-12 01:54:40.329: I/ProcessCheckinRequest(5471):     >
10-12 01:54:40.329: I/ProcessCheckinRequest(5471):     o <
10-12 01:54:40.329: I/ProcessCheckinRequest(5471):       a: 1
10-12 01:54:40.329: I/ProcessCheckinRequest(5471):       b: "unknown"
10-12 01:54:40.329: I/ProcessCheckinRequest(5471):     >
10-12 01:54:40.329: I/ProcessCheckinRequest(5471):     q: "2017-05-05"
10-12 01:54:40.329: I/ProcessCheckinRequest(5471):     r: "<manifest version=\u00221.0\u0022 type=\u0022device\u0022>\u000a    <hal format=\u0022hidl\u0022>\u000a        <name>android.hardware.bluetooth</name>\u000a        <transport>hwbinder</transport>\u000a        <version>1.0</version>\u000a        <interface[...]"
10-12 01:54:40.329: I/ProcessCheckinRequest(5471):     r: "<manifest version=\u00221.0\u0022 type=\u0022framework\u0022>\u000a    <hal format=\u0022hidl\u0022>\u000a        <name>android.frameworks.displayservice</name>\u000a        <transport>hwbinder</transport>\u000a        <version>1.0</version>\u000a        [...]"
10-12 01:54:40.329: I/ProcessCheckinRequest(5471):     r: "<compatibility-matrix version=\u00221.0\u0022 type=\u0022framework\u0022>\u000a    <hal format=\u0022hidl\u0022 optional=\u0022false\u0022>\u000a        <name>android.hardware.audio</name>\u000a        <version>2.0</version>\u000a    </hal>\u000a    <hal format=\u0022hi[...]"
10-12 01:54:40.329: I/ProcessCheckinRequest(5471):   >
10-12 01:54:40.329: I/ProcessCheckinRequest(5471):   b: 1507771880469
10-12 01:54:40.329: I/ProcessCheckinRequest(5471):   e: "310260"
10-12 01:54:40.329: I/ProcessCheckinRequest(5471):   f: "310260"
10-12 01:54:40.329: I/ProcessCheckinRequest(5471):   g: "MOBILE:LTE:"
10-12 01:54:40.329: I/ProcessCheckinRequest(5471):   h: true
10-12 01:54:40.329: I/ProcessCheckinRequest(5471):   i: 0
10-12 01:54:40.329: I/ProcessCheckinRequest(5471):   j: 2
10-12 01:54:40.329: I/ProcessCheckinRequest(5471):   k <
10-12 01:54:40.329: I/ProcessCheckinRequest(5471):     a: 4
10-12 01:54:40.329: I/ProcessCheckinRequest(5471):     b: 1
10-12 01:54:40.329: I/ProcessCheckinRequest(5471):     c: "unspecified"
10-12 01:54:40.329: I/ProcessCheckinRequest(5471):     d: ""
10-12 01:54:40.329: I/ProcessCheckinRequest(5471):     e: false
10-12 01:54:40.329: I/ProcessCheckinRequest(5471):   >
10-12 01:54:40.329: I/ProcessCheckinRequest(5471):   l <
10-12 01:54:40.329: I/ProcessCheckinRequest(5471):     a: "310260"
10-12 01:54:40.329: I/ProcessCheckinRequest(5471):     b: "Android"
10-12 01:54:40.329: I/ProcessCheckinRequest(5471):     c: "0"
10-12 01:54:40.329: I/ProcessCheckinRequest(5471):     d: 0
10-12 01:54:40.329: I/ProcessCheckinRequest(5471):     d: 1
10-12 01:54:40.329: I/ProcessCheckinRequest(5471):     d: 2
10-12 01:54:40.329: I/ProcessCheckinRequest(5471):     e: "310260123400000"
10-12 01:54:40.329: I/ProcessCheckinRequest(5471):     g: "\244\240"
10-12 01:54:40.329: I/ProcessCheckinRequest(5471):   >
10-12 01:54:40.329: I/ProcessCheckinRequest(5471): >
10-12 01:54:40.329: I/ProcessCheckinRequest(5471): l: "[VS2WQVCOVYYT3Y3JQZUPAOQ2II-00@cloudtestlabaccounts.com]"
10-12 01:54:40.329: I/ProcessCheckinRequest(5471): m: "GMT"
10-12 01:54:40.329: I/ProcessCheckinRequest(5471): n: 2477073540186908695
10-12 01:54:40.329: I/ProcessCheckinRequest(5471): o: 3
10-12 01:54:40.329: I/ProcessCheckinRequest(5471): p: "71Q6Rn2DDZl1zPDVaaeEHItd+Yg="
10-12 01:54:40.329: I/ProcessCheckinRequest(5471): q <
10-12 01:54:40.329: I/ProcessCheckinRequest(5471):   a: 3
10-12 01:54:40.329: I/ProcessCheckinRequest(5471):   b: 2
10-12 01:54:40.329: I/ProcessCheckinRequest(5471):   c: 1
10-12 01:54:40.329: I/ProcessCheckinRequest(5471):   d: 2
10-12 01:54:40.329: I/ProcessCheckinRequest(5471):   e: true
10-12 01:54:40.329: I/ProcessCheckinRequest(5471):   f: false
10-12 01:54:40.329: I/ProcessCheckinRequest(5471):   g: 420
10-12 01:54:40.329: I/ProcessCheckinRequest(5471):   h: 1080
10-12 01:54:40.329: I/ProcessCheckinRequest(5471):   i: 1794
10-12 01:54:40.329: I/ProcessCheckinRequest(5471):   j: 131072
10-12 01:54:40.329: I/ProcessCheckinRequest(5471):   k: "android.ext.services"
10-12 01:54:40.329: I/ProcessCheckinRequest(5471):   k: "android.ext.shared"
10-12 01:54:40.329: I/ProcessCheckinRequest(5471):   k: "android.test.runner"
10-12 01:54:40.329: I/ProcessCheckinRequest(5471):   k: "com.android.future.usb.accessory"
10-12 01:54:40.329: I/ProcessCheckinRequest(5471):   k: "com.android.location.provider"
10-12 01:54:40.329: I/ProcessCheckinRequest(5471):   k: "com.android.media.remotedisplay"
10-12 01:54:40.329: I/ProcessCheckinRequest(5471):   k: "com.android.mediadrm.signer"
10-12 01:54:40.329: I/ProcessCheckinRequest(5471):   k: "com.google.android.camera2"
10-12 01:54:40.329: I/ProcessCheckinRequest(5471):   k: "com.google.android.dialer.support"
10-12 01:54:40.329: I/ProcessCheckinRequest(5471):   k: "com.google.android.gms"
10-12 01:54:40.329: I/ProcessCheckinRequest(5471):   k: "com.google.android.maps"
10-12 01:54:40.329: I/ProcessCheckinRequest(5471):   k: "com.google.android.media.effects"
10-12 01:54:40.329: I/ProcessCheckinRequest(5471):   k: "javax.obex"
10-12 01:54:40.329: I/ProcessCheckinRequest(5471):   k: "org.apache.http.legacy"
10-12 01:54:40.329: I/ProcessCheckinRequest(5471):   l: "android.hardware.audio.low_latency"
10-12 01:54:40.329: I/ProcessCheckinRequest(5471):   l: "android.hardware.audio.output"
10-12 01:54:40.329: I/ProcessCheckinRequest(5471):   l: "android.hardware.bluetooth"
10-12 01:54:40.329: I/ProcessCheckinRequest(5471):   l: "android.hardware.bluetooth_le"
10-12 01:54:40.329: I/ProcessCheckinRequest(5471):   l: "android.hardware.camera"
10-12 01:54:40.329: I/ProcessCheckinRequest(5471):   l: "android.hardware.camera.any"
10-12 01:54:40.329: I/ProcessCheckinRequest(5471):   l: "android.hardware.camera.autofocus"
10-12 01:54:40.329: I/ProcessCheckinRequest(5471):   l: "android.hardware.camera.flash"
10-12 01:54:40.329: I/ProcessCheckinRequest(5471):   l: "android.hardware.camera.front"
10-12 01:54:40.329: I/ProcessCheckinRequest(5471):   l: "android.hardware.ethernet"
10-12 01:54:40.329: I/ProcessCheckinRequest(5471):   l: "android.hardware.faketouch"
10-12 01:54:40.329: I/ProcessCheckinRequest(5471):   l: "android.hardware.location"
10-12 01:54:40.329: I/ProcessCheckinRequest(5471):   l: "android.hardware.location.gps"
10-12 01:54:40.329: I/ProcessCheckinRequest(5471):   l: "android.hardware.location.network"
10-12 01:54:40.329: I/ProcessCheckinRequest(5471):   l: "android.hardware.microphone"
10-12 01:54:40.329: I/ProcessCheckinRequest(5471):   l: "android.hardware.screen.landscape"
10-12 01:54:40.329: I/ProcessCheckinRequest(5471):   l: "android.hardware.screen.portrait"
10-12 01:54:40.329: I/ProcessCheckinRequest(5471):   l: "android.hardware.sensor.accelerometer"
10-12 01:54:40.329: I/ProcessCheckinRequest(5471):   l: "android.hardware.sensor.barometer"
10-12 01:54:40.329: I/ProcessCheckinRequest(5471):   l: "android.hardware.sensor.compass"
10-12 01:54:40.329: I/ProcessCheckinRequest(5471):   l: "android.hardware.sensor.light"
10-12 01:54:40.329: I/ProcessCheckinRequest(5471):   l: "android.hardware.sensor.proximity"
10-12 01:54:40.329: I/ProcessCheckinRequest(5471):   l: "android.hardware.telephony"
10-12 01:54:40.329: I/ProcessCheckinRequest(5471):   l: "android.hardware.telephony.gsm"
10-12 01:54:40.329: I/ProcessCheckinRequest(5471):   l: "android.hardware.touchscreen"
10-12 01:54:40.329: I/ProcessCheckinRequest(5471):   l: "android.hardware.usb.accessory"
10-12 01:54:40.329: I/ProcessCheckinRequest(5471):   l: "android.hardware.wifi"
10-12 01:54:40.329: I/ProcessCheckinRequest(5471):   l: "android.software.activities_on_secondary_displays"
10-12 01:54:40.329: I/ProcessCheckinRequest(5471):   l: "android.software.app_widgets"
10-12 01:54:40.329: I/ProcessCheckinRequest(5471):   l: "android.software.autofill"
10-12 01:54:40.329: I/ProcessCheckinRequest(5471):   l: "android.software.backup"
10-12 01:54:40.329: I/ProcessCheckinRequest(5471):   l: "android.software.companion_device_setup"
10-12 01:54:40.329: I/ProcessCheckinRequest(5471):   l: "android.software.connectionservice"
10-12 01:54:40.329: I/ProcessCheckinRequest(5471):   l: "android.software.cts"
10-12 01:54:40.329: I/ProcessCheckinRequest(5471):   l: "android.software.device_admin"
10-12 01:54:40.329: I/ProcessCheckinRequest(5471):   l: "android.software.home_screen"
10-12 01:54:40.329: I/ProcessCheckinRequest(5471):   l: "android.software.input_methods"
10-12 01:54:40.329: I/ProcessCheckinRequest(5471):   l: "android.software.live_wallpaper"
10-12 01:54:40.329: I/ProcessCheckinRequest(5471):   l: "android.softwa
10-12 01:54:40.405: I/Remoter(1476): Saved screenshot to '/data/screenshots/__pmv__-0085.jpg'
10-12 01:54:40.420: W/Auth(5453): [GetToken] GetToken failed with status code: INVALID_SCOPE
10-12 01:54:40.421: E/HeterodyneSyncer(5453): Failed to get auth token: INVALID_SCOPE
10-12 01:54:40.421: E/HeterodyneSyncer(5453): dzf: INVALID_SCOPE
10-12 01:54:40.421: E/HeterodyneSyncer(5453): 	at dzj.a(:com.google.android.gms@11519470:16)
10-12 01:54:40.421: E/HeterodyneSyncer(5453): 	at dzi.a(:com.google.android.gms@11519470:2)
10-12 01:54:40.421: E/HeterodyneSyncer(5453): 	at dzi.e(:com.google.android.gms@11519470:6)
10-12 01:54:40.421: E/HeterodyneSyncer(5453): 	at dzg.f(:com.google.android.gms@11519470:3)
10-12 01:54:40.421: E/HeterodyneSyncer(5453): 	at dzg.a(:com.google.android.gms@11519470:4)
10-12 01:54:40.421: E/HeterodyneSyncer(5453): 	at dzg.a(:com.google.android.gms@11519470:7)
10-12 01:54:40.421: E/HeterodyneSyncer(5453): 	at aazh.a(:com.google.android.gms@11519470:30)
10-12 01:54:40.421: E/HeterodyneSyncer(5453): 	at aazj.a(:com.google.android.gms@11519470:26)
10-12 01:54:40.421: E/HeterodyneSyncer(5453): 	at aazj.a(:com.google.android.gms@11519470:158)
10-12 01:54:40.421: E/HeterodyneSyncer(5453): 	at aazj.a(:com.google.android.gms@11519470:282)
10-12 01:54:40.421: E/HeterodyneSyncer(5453): 	at com.google.android.gms.phenotype.sync.HeterodyneSyncTaskChimeraService.a(:com.google.android.gms@11519470:40)
10-12 01:54:40.421: E/HeterodyneSyncer(5453): 	at com.google.android.gms.phenotype.sync.HeterodyneSyncTaskChimeraService.a(:com.google.android.gms@11519470:19)
10-12 01:54:40.421: E/HeterodyneSyncer(5453): 	at ssv.run(:com.google.android.gms@11519470:1)
10-12 01:54:40.421: E/HeterodyneSyncer(5453): 	at java.util.concurrent.ThreadPoolExecutor.runWorker(ThreadPoolExecutor.java:1162)
10-12 01:54:40.421: E/HeterodyneSyncer(5453): 	at java.util.concurrent.ThreadPoolExecutor$Worker.run(ThreadPoolExecutor.java:636)
10-12 01:54:40.421: E/HeterodyneSyncer(5453): 	at java.lang.Thread.run(Thread.java:764)
10-12 01:54:40.449: I/CheckinResponseProcess(5471): From server: 3 gservices updates and 2 deletes
10-12 01:54:40.551: I/zygote(1627): Background concurrent copying GC freed 59803(3MB) AllocSpace objects, 22(2MB) LOS objects, 42% free, 13MB/24MB, paused 167us total 153.825ms
10-12 01:54:40.604: I/GservicesProvider(2149): main difference update completed
10-12 01:54:40.608: I/BugleRcs(4496): updating RCS availability
10-12 01:54:40.627: I/Stn.AppLifecycle(5601): [2] b.a: onConfigChanged()
10-12 01:54:40.648: I/ProcessCheckinRequest(5471): updateCheckinIdTokenFileFromResponse, Reading existing AID
10-12 01:54:40.661: I/CheckinRequestBuilder(5471): Checkin reason type: 4 attempt count: 1
10-12 01:54:40.664: V/Bugle(4496): Executing sticker action: com.google.android.apps.messaging.shared.datamodel.d.ah
10-12 01:54:40.695: I/Bugle(4496): ApnsOta: OTA version -1
10-12 01:54:40.711: W/com.google.android.gms(5471): Cannot open /vendor/compatibility_matrix.xml
10-12 01:54:40.711: W/com.google.android.gms(5471): tryAddSchemaCannot get device compatibility matrix
10-12 01:54:40.726: E/ActivityThread(5471): Failed to find provider info for com.google.android.wearable.settings
10-12 01:54:40.776: V/BugleRcs(4496): RcsAvailability updated but unchanged: RCS is disabled for this carrier by Google
10-12 01:54:40.887: I/zygote(5471): Background concurrent copying GC freed 198666(12MB) AllocSpace objects, 47(6MB) LOS objects, 49% free, 6MB/12MB, paused 154us total 274.240ms
10-12 01:54:40.896: E/ChimeraProxyRslvr(5471): Failed to instantiate com.google.android.gms.checkin.CheckinChimeraService$Receiver: java.lang.ClassNotFoundException: Didn't find class "com.google.android.gms.checkin.CheckinChimeraService$Receiver" on path: DexPathList[[zip file "/system/framework/com.android.location.provider.jar", zip file "/system/framework/com.android.media.remotedisplay.jar", zip file "/data/app/com.google.android.gms--K97AanDlBC4MQ-EeJuRGQ==/base.apk"],nativeLibraryDirectories=[/data/app/com.google.android.gms--K97AanDlBC4MQ-EeJuRGQ==/lib/x86, /system/fake-libs, /data/app/com.google.android.gms--K97AanDlBC4MQ-EeJuRGQ==/base.apk!/lib/x86, /system/lib, /system/vendor/lib]]
10-12 01:54:40.896: E/ChimeraRcvrProxy(5471): com.google.android.gms.checkin.CheckinServiceReceiver dropping broadcast com.google.gservices.intent.action.GSERVICES_CHANGED
10-12 01:54:40.963: V/EmulatedCamera_Factory(1488): getCameraInfo: id = 0
10-12 01:54:40.963: V/EmulatedCamera_Camera(1488): getCameraInfo
10-12 01:54:40.963: V/EmulatedCamera_BaseCamera(1488): getCameraInfo
10-12 01:54:40.964: I/OcrModelUpStIntentOp(5471): Updating ocr activity enabled=true (phenotypeFlag=true, lowRamDevice=false, prereqCheck=true)
10-12 01:54:40.983: I/NetRec(5453): [392] ConfigChangedIntentOperation.onHandleIntent: Handling an overridden GServices change
10-12 01:54:40.983: I/NetRec(5453): [392] yjf.b: onConfigChanged()
10-12 01:54:40.991: W/ConfigurationChimeraProvider(5453): Got null configs for com.google.android.gms.chromesync
10-12 01:54:40.993: I/GCoreUlr(5453): Starting service, intent=Intent { act=com.google.android.location.reporting.ACTION_UPDATE_WORLD cmp=com.google.android.gms/com.google.android.location.reporting.service.DispatchingService (has extras) }, extras=Bundle[{receiverAction=com.google.gservices.intent.action.GSERVICES_CHANGED}]
10-12 01:54:41.052: I/ActivityManager(1627): Start proc 6365:com.google.android.partnersetup/u0a21 for broadcast com.google.android.partnersetup/.RlzPingBroadcastReceiver
10-12 01:54:41.055: W/ConfigurationChimeraProvider(5453): Got null configs for com.google.android.gms.chromesync
10-12 01:54:41.062: E/ConfigFileUtils(5471): Failed to read config file: /data/user_de/0/com.google.android.gms/app_chimera/current_modulesets.pb (No such file or directory)
10-12 01:54:41.066: W/zygote(6365): Unexpected CPU variant for X86 using defaults: x86
10-12 01:54:41.084: W/ActivityManager(1627): Unable to start service Intent { cmp=com.google.android.gms/.analytics.service.RefreshEnabledStateService } U=0: not found
10-12 01:54:41.097: E/SyncManager(1627): Job params not found for 108670
10-12 01:54:41.134: I/GCoreUlr(5453): WorldUpdater received intent Intent { act=com.google.android.location.reporting.ACTION_UPDATE_WORLD cmp=com.google.android.gms/com.google.android.location.reporting.service.DispatchingService (has extras) } with receiverAction com.google.gservices.intent.action.GSERVICES_CHANGED
10-12 01:54:41.160: I/GeofencerStateMachine(5453): sendQueryLocationOptIn
10-12 01:54:41.161: I/GeofencerStateMachine(5453): Network location disabled.
10-12 01:54:41.166: W/GmsModuleProvider(5471): Unknown dynamite feature flags
10-12 01:54:41.166: I/DynamiteModule(5471): Considering local module com.google.android.gms.flags:2 and remote module com.google.android.gms.flags:0
10-12 01:54:41.166: I/DynamiteModule(5471): Selected local version of com.google.android.gms.flags
10-12 01:54:41.169: I/GeofencerStateMachine(5453): sendQueryLocationOptIn
10-12 01:54:41.172: I/GoogleURLConnFactory(5471): Using platform SSLCertificateSocketFactory
10-12 01:54:41.173: I/GeofencerStateMachine(5453): sendQueryLocationOptIn
10-12 01:54:41.194: I/ActivityManager(1627): Killing 5219:com.google.android.deskclock/u0a73 (adj 906): empty #17
10-12 01:54:41.251: I/OcrModelUpStIntentOp(5471): Downloading text recognizer
10-12 01:54:41.263: I/Vision(5471): Supported ABIS: [x86, armeabi-v7a, armeabi]
10-12 01:54:41.289: I/Vision(5471): Engine already satisfied by existing download for ocr
10-12 01:54:41.312: W/Auth(5453): [GetToken] GetToken failed with status code: INVALID_SCOPE
10-12 01:54:41.331: W/Auth(5453): [GetToken] GetToken failed with status code: INVALID_SCOPE
10-12 01:54:41.356: E/Auth.Api.Credentials(5471): [SyncManager] Error during the sync.
10-12 01:54:41.356: E/Auth.Api.Credentials(5471): dzf: INVALID_SCOPE
10-12 01:54:41.356: E/Auth.Api.Credentials(5471): 	at dzj.a(:com.google.android.gms@11519470:16)
10-12 01:54:41.356: E/Auth.Api.Credentials(5471): 	at dzi.a(:com.google.android.gms@11519470:2)
10-12 01:54:41.356: E/Auth.Api.Credentials(5471): 	at dzi.e(:com.google.android.gms@11519470:6)
10-12 01:54:41.356: E/Auth.Api.Credentials(5471): 	at dzi.d(:com.google.android.gms@11519470:1)
10-12 01:54:41.356: E/Auth.Api.Credentials(5471): 	at dzg.b(:com.google.android.gms@11519470:1)
10-12 01:54:41.356: E/Auth.Api.Credentials(5471): 	at mhp.b(Unknown Source:6)
10-12 01:54:41.356: E/Auth.Api.Credentials(5471): 	at mgg.b(:com.google.android.gms@11519470:5)
10-12 01:54:41.356: E/Auth.Api.Credentials(5471): 	at mgw.b(:com.google.android.gms@11519470:9)
10-12 01:54:41.356: E/Auth.Api.Credentials(5471): 	at mgw.a(:com.google.android.gms@11519470:16)
10-12 01:54:41.356: E/Auth.Api.Credentials(5471): 	at mgw.a(:com.google.android.gms@11519470:32)
10-12 01:54:41.356: E/Auth.Api.Credentials(5471): 	at enf.b(:com.google.android.gms@11519470:45)
10-12 01:54:41.356: E/Auth.Api.Credentials(5471): 	at erg.a(:com.google.android.gms@11519470:4)
10-12 01:54:41.356: E/Auth.Api.Credentials(5471): 	at ere.a(:com.google.android.gms@11519470:84)
10-12 01:54:41.356: E/Auth.Api.Credentials(5471): 	at erd.a(:com.google.android.gms@11519470:60)
10-12 01:54:41.356: E/Auth.Api.Credentials(5471): 	at mlr.onPerformSync(:com.google.android.gms@11519470:6)
10-12 01:54:41.356: E/Auth.Api.Credentials(5471): 	at android.content.AbstractThreadedSyncAdapter$SyncThread.run(AbstractThreadedSyncAdapter.java:272)
10-12 01:54:41.358: E/CheckinRequestBuilder(5471): Unrecoverable authentication exception: INVALID_SCOPE
10-12 01:54:41.358: E/CheckinRequestBuilder(5471): dzf: INVALID_SCOPE
10-12 01:54:41.358: E/CheckinRequestBuilder(5471): 	at dzj.a(:com.google.android.gms@11519470:16)
10-12 01:54:41.358: E/CheckinRequestBuilder(5471): 	at dzi.a(:com.google.android.gms@11519470:2)
10-12 01:54:41.358: E/CheckinRequestBuilder(5471): 	at dzi.e(:com.google.android.gms@11519470:6)
10-12 01:54:41.358: E/CheckinRequestBuilder(5471): 	at dzg.f(:com.google.android.gms@11519470:3)
10-12 01:54:41.358: E/CheckinRequestBuilder(5471): 	at dzg.a(:com.google.android.gms@11519470:4)
10-12 01:54:41.358: E/CheckinRequestBuilder(5471): 	at kbi.a(:com.google.android.gms@11519470:203)
10-12 01:54:41.358: E/CheckinRequestBuilder(5471): 	at kci.a(:com.google.android.gms@11519470:17)
10-12 01:54:41.358: E/CheckinRequestBuilder(5471): 	at kci.a(:com.google.android.gms@11519470:181)
10-12 01:54:41.358: E/CheckinRequestBuilder(5471): 	at com.google.android.gms.checkin.CheckinChimeraService.a(:com.google.android.gms@11519470:148)
10-12 01:54:41.358: E/CheckinRequestBuilder(5471): 	at kbe.run(:com.google.android.gms@11519470:2)
10-12 01:54:41.358: E/CheckinRequestBuilder(5471): 	at mmo.run(:com.google.android.gms@11519470:25)
10-12 01:54:41.358: E/CheckinRequestBuilder(5471): 	at java.util.concurrent.ThreadPoolExecutor.runWorker(ThreadPoolExecutor.java:1162)
10-12 01:54:41.358: E/CheckinRequestBuilder(5471): 	at java.util.concurrent.ThreadPoolExecutor$Worker.run(ThreadPoolExecutor.java:636)
10-12 01:54:41.358: E/CheckinRequestBuilder(5471): 	at mrv.run(Unknown Source:7)
10-12 01:54:41.358: E/CheckinRequestBuilder(5471): 	at java.lang.Thread.run(Thread.java:764)
10-12 01:54:41.381: I/FontsSharedState(5471): Updating from directory version 0 to 7 from disk
10-12 01:54:41.403: I/MobileDataHub(5471): Using regular flags by method 1
10-12 01:54:41.434: E/ConfigFileUtils(5471): Failed to read config file: /data/user_de/0/com.google.android.gms/app_chimera/current_modulesets.pb (No such file or directory)
10-12 01:54:41.439: W/ConfigurationChimeraProvider(5453): Got null configs for com.google.android.gms.security
10-12 01:54:41.449: I/zygote(5453): Background concurrent copying GC freed 130652(4MB) AllocSpace objects, 13(388KB) LOS objects, 49% free, 6MB/12MB, paused 942us total 454.760ms
10-12 01:54:41.454: I/Remoter(1476): Saved screenshot to '/data/screenshots/__pmv__-0086.jpg'
10-12 01:54:41.464: I/zygote(5471): Background concurrent copying GC freed 17891(1462KB) AllocSpace objects, 8(208KB) LOS objects, 50% free, 8MB/16MB, paused 496us total 290.711ms
10-12 01:54:41.478: I/CheckinUtil(5471): Classify the device as Phone.
10-12 01:54:41.479: I/CmaSystemUpdateService(5471): StartServiceIntentOperation: Intent { act=com.google.gservices.intent.action.GSERVICES_CHANGED flg=0x1000010 cmp=com.google.android.gms/.chimera.GmsIntentOperationService$PersistentInternalReceiver }
10-12 01:54:41.479: I/CmaSystemUpdateService(5471): receiver: Intent { act=com.google.gservices.intent.action.GSERVICES_CHANGED flg=0x1000010 cmp=com.google.android.gms/.chimera.GmsIntentOperationService$PersistentInternalReceiver }
10-12 01:54:41.509: I/SystemUpdate(5471): [Installation,ReceiverIntentOperation] Received intent: Intent { act=com.google.gservices.intent.action.GSERVICES_CHANGED flg=0x1000010 cmp=com.google.android.gms/.chimera.GmsIntentOperationService$PersistentInternalReceiver }.
10-12 01:54:41.520: W/ConfigurationChimeraProvider(5453): Got null configs for com.google.android.gms.update
10-12 01:54:41.543: W/ChimeraUtils(5471): Non Chimera context
10-12 01:54:41.543: W/ChimeraUtils(5471): Non Chimera context
10-12 01:54:41.567: I/SystemUpdate(5471): [Execution,InstallationEventIntentOperation] Received intent with event 2.
10-12 01:54:41.571: I/CmaSystemUpdateService(5471): connectivity change: Intent { act=android.net.conn.CONNECTIVITY_CHANGE flg=0x4000010 (has extras) }
10-12 01:54:41.571: I/CmaSystemUpdateService(5471): receiver: Intent { act=android.net.conn.CONNECTIVITY_CHANGE flg=0x4000010 (has extras) }
10-12 01:54:41.573: I/SystemUpdate(5471): [Execution,InstallationIntentOperation] Received intent: Intent { act=com.google.android.gms.update.INSTALL_UPDATE cat=[targeted_intent_op_prefix:.update.execution.InstallationIntentOperation] cmp=com.google.android.gms/.chimera.GmsIntentOperationService }.
10-12 01:54:41.591: I/SystemUpdateTask(5471): cancelUpdate (empty URL)
10-12 01:54:41.591: I/CmaSystemUpdateService(5471): active receiver: disabled
10-12 01:54:41.609: W/ResourceType(5471): No package identifier when getting value for resource number 0x00000000
10-12 01:54:41.609: W/ChimeraUtils(5471): Module com.google.android.gms.ota.base missing resource ota_module_display_name(0)
10-12 01:54:41.620: W/UdcContextManagerHelper(5453): Empty context buffer. Thus might mean that the context is not synced down.
10-12 01:54:41.621: W/UploadOptInStatusOp(5453): Empty context model while retrieving upload opt-in status!
10-12 01:54:41.634: W/Auth(5453): [GetToken] GetToken failed with status code: INVALID_SCOPE
10-12 01:54:41.635: E/ChromeSync(5471): [Sync,SyncAdapter] Failed to sync.
10-12 01:54:41.635: E/ChromeSync(5471): dzf: INVALID_SCOPE
10-12 01:54:41.635: E/ChromeSync(5471): 	at dzj.a(:com.google.android.gms@11519470:16)
10-12 01:54:41.635: E/ChromeSync(5471): 	at dzi.a(:com.google.android.gms@11519470:2)
