10-12 01:54:26.602: I/ActivityManager(1627): Start proc 5027:com.google.android.apps.mtaas.tools/u0a84 for added application com.google.android.apps.mtaas.tools
10-12 01:54:26.603: I/GceGrallocRegionRegistry(1481): Mapped gralloc-1481.26 hnd=0xece23400 fd=7 base=0xecf04000 format=RGBA_8888(0x1) width=1080 height=63
10-12 01:54:26.603: I/GceGrallocRegionRegistry(1481): Unmapped gralloc-1481.26 hnd=0xece23400 fd=7 base=0xecf04000
10-12 01:54:26.603: I/GceGrallocRegionRegistry(1484): Mapped gralloc-1481.26 hnd=0xea792500 fd=55 base=0xeb52e000 format=RGBA_8888(0x1) width=1080 height=63
10-12 01:54:26.604: I/GceGrallocRegionRegistry(1773): Mapped gralloc-1481.26 hnd=0xcdabf0c0 fd=76 base=0xcf88a000 format=RGBA_8888(0x1) width=1080 height=63
10-12 01:54:26.606: W/zygote(5027): Unexpected CPU variant for X86 using defaults: x86
10-12 01:54:26.610: I/GceGrallocRegionRegistry(1484): Unmapped gralloc-1481.11 hnd=0xe438b000 fd=19 base=0xe398c000
10-12 01:54:26.616: I/CastDatabase(2237): Opening the database
10-12 01:54:26.618: I/SQLiteCastStore(2237): 0 CastNetworkInfo instances loaded, 0 CastDeviceInfo instances loaded, 0 paired guest mode devices loaded.
10-12 01:54:26.624: I/Authzen(2237): [DeviceStateSyncManager] Device state updated successfully
10-12 01:54:26.627: I/DiscoveryManager(2237): WifiGuestModeDeviceScanner enabled.
10-12 01:54:26.628: I/GceGrallocRegionRegistry(1484): Unmapped gralloc-1481.12 hnd=0xea792140 fd=24 base=0xe3192000
10-12 01:54:26.637: I/ActivityManager(1627): Config changes=2004 {1.0 310mcc260mnc [es] ldltr sw411dp w411dp h659dp 420dpi nrml port finger qwerty/v/v -nav/h appBounds=Rect(0, 0 - 1080, 1794) s.6}
10-12 01:54:26.638: D/ActivityManager(1627): Storing locale es for decryption UI
10-12 01:54:26.638: D/CryptdConnector(1627): SND -> {6 cryptfs setfield SystemLocale es}
10-12 01:54:26.642: D/CryptdConnector(1627): RCV <- {200 6 0}
10-12 01:54:26.644: I/ActivityManager(1627): Override config changes=2004 {1.0 310mcc260mnc [es] ldltr sw411dp w411dp h659dp 420dpi nrml port finger qwerty/v/v -nav/h appBounds=Rect(0, 0 - 1080, 1794) s.6} for displayId=0
10-12 01:54:26.654: I/zygote(1759): Deoptimizing java.lang.String bfg.c(android.content.Context, int) due to JIT inline cache
10-12 01:54:26.676: I/GceGrallocRegionRegistry(1481): Mapped gralloc-1481.27 hnd=0xece23440 fd=7 base=0xe9316000 format=RGBA_8888(0x1) width=1080 height=1920
10-12 01:54:26.676: I/GceGrallocRegionRegistry(1481): Unmapped gralloc-1481.27 hnd=0xece23440 fd=7 base=0xe9316000
10-12 01:54:26.676: I/GceGrallocRegionRegistry(1484): Mapped gralloc-1481.27 hnd=0xe438b700 fd=56 base=0xe398c000 format=RGBA_8888(0x1) width=1080 height=1920
10-12 01:54:26.678: V/MediaRouter(2237): Adding route: RouteInfo{ name=Phone, description=null, status=null, category=RouteCategory{ name=System types=ROUTE_TYPE_LIVE_AUDIO ROUTE_TYPE_LIVE_VIDEO  groupable=false }, supportedTypes=ROUTE_TYPE_LIVE_AUDIO ROUTE_TYPE_LIVE_VIDEO , presentationDisplay=null }
10-12 01:54:26.780: D/ChangeLocale(5027): Instrumentation completed successfully
10-12 01:54:26.798: I/ActivityManager(1627): Start proc 5045:com.android.carrierdefaultapp/u0a42 for broadcast com.android.carrierdefaultapp/.CarrierDefaultBroadcastReceiver
10-12 01:54:26.798: I/ActivityManager(1627): Force stopping com.google.android.apps.mtaas.tools appid=10084 user=0: finished inst
10-12 01:54:26.798: I/ActivityManager(1627): Killing 5027:com.google.android.apps.mtaas.tools/u0a84 (adj 0): stop com.google.android.apps.mtaas.tools
10-12 01:54:26.799: W/LocalDisplayAdapter(1627): Unable to find color mode 0, ignoring request.
10-12 01:54:26.800: W/zygote(5045): Unexpected CPU variant for X86 using defaults: x86
10-12 01:54:26.801: W/Binder(1627): Outgoing transactions from this process must be FLAG_ONEWAY
10-12 01:54:26.801: W/Binder(1627): java.lang.Throwable
10-12 01:54:26.801: W/Binder(1627): 	at android.os.BinderProxy.transact(Binder.java:736)
10-12 01:54:26.801: W/Binder(1627): 	at android.app.IInstrumentationWatcher$Stub$Proxy.instrumentationFinished(IInstrumentationWatcher.java:160)
10-12 01:54:26.801: W/Binder(1627): 	at com.android.server.am.InstrumentationReporter$MyThread.run(InstrumentationReporter.java:86)
10-12 01:54:26.802: I/InputReader(1627): Reconfiguring input devices.  changes=0x00000004
10-12 01:54:26.822: I/GceGrallocRegionRegistry(2406): Unmapped gralloc-1481.24 hnd=0xcc2aa740 fd=53 base=0xc8e8c000
10-12 01:54:26.823: I/GceGrallocRegionRegistry(2406): Unmapped gralloc-1481.20 hnd=0xcd6f7280 fd=52 base=0xc9686000
10-12 01:54:26.823: I/GceGrallocRegionRegistry(1484): Unmapped gralloc-1481.17 hnd=0xe438b5c0 fd=41 base=0xdff06000
10-12 01:54:26.823: V/WindowManager(1627): Nulling last startingData
10-12 01:54:26.824: D/AndroidRuntime(4996): Shutting down VM
10-12 01:54:26.831: I/GceGrallocRegionRegistry(1484): Unmapped gralloc-1481.20 hnd=0xe438b6c0 fd=35 base=0xde4ef000
10-12 01:54:26.832: V/MediaRouter(2237): Selecting route: RouteInfo{ name=Phone, description=null, status=null, category=RouteCategory{ name=System types=ROUTE_TYPE_LIVE_AUDIO ROUTE_TYPE_LIVE_VIDEO  groupable=false }, supportedTypes=ROUTE_TYPE_LIVE_AUDIO ROUTE_TYPE_LIVE_VIDEO , presentationDisplay=null }
10-12 01:54:26.837: I/MediaRouter(2237): Found default route: MediaRouter.RouteInfo{ uniqueId=android/abd:DEFAULT_ROUTE, name=Phone, description=null, iconUri=null, enabled=true, connecting=false, connectionState=0, canDisconnect=false, playbackType=0, playbackStream=3, deviceType=0, volumeHandling=1, volume=11, volumeMax=15, presentationDisplayId=-1, extras=null, settingsIntent=null, providerPackageName=android }
10-12 01:54:26.838: I/GceGrallocRegionRegistry(1484): Unmapped gralloc-1481.24 hnd=0xe438b640 fd=42 base=0xdece9000
10-12 01:54:26.843: W/app_process(4996): Thread attaching while runtime is shutting down: Binder:4996_3
10-12 01:54:26.843: I/AndroidRuntime(4996): NOTE: attach of thread 'Binder:4996_3' failed
10-12 01:54:26.852: D/CarrierDefaultBroadcastReceiver(5045): onReceive intent: android.intent.action.LOCALE_CHANGED
10-12 01:54:26.857: V/MediaRouter(2237): Selecting route: RouteInfo{ name=Telfono, description=null, status=null, category=RouteCategory{ name=Sistema types=ROUTE_TYPE_LIVE_AUDIO ROUTE_TYPE_LIVE_VIDEO  groupable=false }, supportedTypes=ROUTE_TYPE_LIVE_AUDIO ROUTE_TYPE_LIVE_VIDEO , presentationDisplay=null }
10-12 01:54:26.873: I/zygote(1773): Deoptimizing void com.android.systemui.statusbar.policy.MobileSignalController.notifyListeners(com.android.systemui.statusbar.policy.NetworkController$SignalCallback) due to JIT inline cache
10-12 01:54:26.879: I/ActivityManager(1627): Start proc 5063:com.android.cellbroadcastreceiver/u0a13 for broadcast com.android.cellbroadcastreceiver/.PrivilegedCellBroadcastReceiver
10-12 01:54:26.887: W/zygote(5063): Unexpected CPU variant for X86 using defaults: x86
10-12 01:54:26.890: I/zygote(1773): Deoptimizing void com.android.systemui.BatteryMeterView.updateShowPercent() due to JIT inline cache
10-12 01:54:26.920: D/CellBroadcastReceiver(5063): onReceive Intent { act=android.intent.action.LOCALE_CHANGED flg=0x11200010 cmp=com.android.cellbroadcastreceiver/.PrivilegedCellBroadcastReceiver }
10-12 01:54:26.932: I/zygote(1759): Deoptimizing boolean com.google.android.apps.inputmethod.libs.framework.core.metadata.AbstractTemplateBuilder.a(android.content.Context, android.util.AttributeSet, java.lang.String, int, com.google.common.base.Splitter) due to JIT inline cache
10-12 01:54:26.982: I/GceGrallocRegionRegistry(1773): Mapped gralloc-1481.21 hnd=0xcd7c06c0 fd=80 base=0xcaecf000 format=RGBA_8888(0x1) width=1080 height=126
10-12 01:54:26.995: W/LocalDisplayAdapter(1627): Unable to find color mode 0, ignoring request.
10-12 01:54:26.996: I/InputReader(1627): Reconfiguring input devices.  changes=0x00000004
10-12 01:54:27.018: W/zygote(1627): Long monitor contention with owner main (1627) at void com.android.server.appwidget.AppWidgetServiceImpl.onConfigurationChanged()(AppWidgetServiceImpl.java:328) waiters=0 in android.os.Bundle com.android.server.appwidget.AppWidgetServiceImpl.getAppWidgetOptions(java.lang.String, int) for 196ms
10-12 01:54:27.058: I/GceGrallocRegionRegistry(1481): Mapped gralloc-1481.28 hnd=0xece23400 fd=7 base=0xecf04000 format=RGBA_8888(0x1) width=1080 height=63
10-12 01:54:27.058: I/GceGrallocRegionRegistry(1481): Unmapped gralloc-1481.28 hnd=0xece23400 fd=7 base=0xecf04000
10-12 01:54:27.058: I/GceGrallocRegionRegistry(1484): Mapped gralloc-1481.28 hnd=0xe438b600 fd=39 base=0xeb269000 format=RGBA_8888(0x1) width=1080 height=63
10-12 01:54:27.058: I/GceGrallocRegionRegistry(1773): Mapped gralloc-1481.28 hnd=0xced90f40 fd=73 base=0xcf4b0000 format=RGBA_8888(0x1) width=1080 height=63
10-12 01:54:27.076: W/InputMethodManagerService(1627): Illegal subtype state: old subtype = null, new subtype = android.view.inputmethod.InputMethodSubtype@30a6e00e
10-12 01:54:27.080: I/Remoter(1476): Saved screenshot to '/data/screenshots/__pmv__-0073.jpg'
10-12 01:54:27.084: I/GceGrallocRegionRegistry(1484): Unmapped gralloc-1481.16 hnd=0xe438b440 fd=32 base=0xe289b000
10-12 01:54:27.116: I/GceGrallocRegionRegistry(1481): Mapped gralloc-1481.29 hnd=0xece23440 fd=7 base=0xe9316000 format=RGBA_8888(0x1) width=1080 height=1920
10-12 01:54:27.116: I/GceGrallocRegionRegistry(1481): Unmapped gralloc-1481.29 hnd=0xece23440 fd=7 base=0xe9316000
10-12 01:54:27.116: I/GceGrallocRegionRegistry(1484): Mapped gralloc-1481.29 hnd=0xe438b800 fd=35 base=0xe289b000 format=RGBA_8888(0x1) width=1080 height=1920
10-12 01:54:27.116: I/GceGrallocRegionRegistry(1481): Mapped gralloc-1481.30 hnd=0xece23400 fd=7 base=0xe9316000 format=RGBA_8888(0x1) width=1080 height=1920
10-12 01:54:27.116: I/GceGrallocRegionRegistry(1481): Unmapped gralloc-1481.30 hnd=0xece23400 fd=7 base=0xe9316000
10-12 01:54:27.116: I/GceGrallocRegionRegistry(1484): Mapped gralloc-1481.30 hnd=0xe438b300 fd=41 base=0xe20a1000 format=RGBA_8888(0x1) width=1080 height=1920
10-12 01:54:27.117: I/GceGrallocRegionRegistry(1481): Mapped gralloc-1481.31 hnd=0xece23440 fd=7 base=0xe9316000 format=RGBA_8888(0x1) width=1080 height=1920
10-12 01:54:27.117: I/GceGrallocRegionRegistry(1481): Unmapped gralloc-1481.31 hnd=0xece23440 fd=7 base=0xe9316000
10-12 01:54:27.117: I/GceGrallocRegionRegistry(1484): Mapped gralloc-1481.31 hnd=0xe438b780 fd=42 base=0xdff06000 format=RGBA_8888(0x1) width=1080 height=1920
10-12 01:54:27.117: I/vndksupport(2406): sphal namespace is not configured for this process. Loading /system/lib/hw/gralloc.gce_x86.so from the current namespace instead.
10-12 01:54:27.117: I/Finsky(4285): [2] com.google.android.finsky.receivers.ClearCacheReceiver.onReceive(6): Received android.intent.action.LOCALE_CHANGED. Clearing cache and exiting.
10-12 01:54:27.118: W/Finsky(4285): [2] com.google.android.finsky.application.FinskyAppImpl.at(1142): No account configured on this device.
10-12 01:54:27.119: D/Volley(4285): [281] g.b: Cache cleared.
10-12 01:54:27.119: W/Finsky(4285): [2] com.google.android.finsky.application.FinskyAppImpl.at(1142): No account configured on this device.
10-12 01:54:27.120: D/Volley(4285): [289] g.b: Cache cleared.
10-12 01:54:27.123: W/Finsky(4285): [2] com.google.android.finsky.application.FinskyAppImpl.at(1142): No account configured on this device.
10-12 01:54:27.123: D/Volley(4285): [2] g.b: Cache cleared.
10-12 01:54:27.139: D/Launcher.Model(2406): loadWorkspace: loading default favorites
10-12 01:54:27.155: I/ContactLocale(4526): AddressBook Labels [[es]]: [, A, B, C, D, E, F, G, H, I, J, K, L, M, N, , O, P, Q, R, S, T, U, V, W, X, Y, Z, , , , , , , , , , , , , , , , , , , , , , , , , , , , , , , , , , , , , , , , , , , , , , , , , , , , , , , , , , , , , , , , , , , , , , , , , , , , , , , , , , , , , , , , , , , , , , , , , , , , , , , , , , , , , , , , , , , , , , , , , , , , , , , , , , , , , , , , , , , , , , , , , , , , , , , , , , , , , , , , , , , , , , , , , , , , , , , , , , , , , , , , , , , #, ]
10-12 01:54:27.158: I/ContactsProvider(4526): Locale has changed from [en_US] to [es]
10-12 01:54:27.163: I/ActivityManager(1627): Start proc 5092:com.android.vending:instant_app_installer/u0a26 for broadcast com.android.vending/com.google.android.finsky.instantapps.InstantAppsConfigChangeListener
10-12 01:54:27.164: I/ContactsDatabaseHelper(4526): Switching to locale [es] (ICU v58.2)
10-12 01:54:27.179: I/ContactsDatabaseHelper(4526): Locale change completed in 15ms
10-12 01:54:27.182: I/ContactsDatabaseHelper(4526): Switching to locale [es] (ICU v58.2)
10-12 01:54:27.182: I/GceGrallocRegionRegistry(1484): Unmapped gralloc-1481.31 hnd=0xe438b780 fd=42 base=0xdff06000
10-12 01:54:27.182: I/GceGrallocRegionRegistry(1481): Mapped gralloc-1481.32 hnd=0xece23400 fd=7 base=0xe9316000 format=RGBA_8888(0x1) width=1080 height=1920
10-12 01:54:27.182: I/GceGrallocRegionRegistry(1481): Unmapped gralloc-1481.32 hnd=0xece23400 fd=7 base=0xe9316000
10-12 01:54:27.182: I/GceGrallocRegionRegistry(1484): Mapped gralloc-1481.32 hnd=0xe438b780 fd=42 base=0xdff06000 format=RGBA_8888(0x1) width=1080 height=1920
10-12 01:54:27.183: I/GceGrallocRegionRegistry(2406): Mapped gralloc-1481.32 hnd=0xcf640080 fd=54 base=0xc9686000 format=RGBA_8888(0x1) width=1080 height=1920
10-12 01:54:27.198: W/zygote(5092): Unexpected CPU variant for X86 using defaults: x86
10-12 01:54:27.201: I/com.android.vending(4285): System.exit called, status: 0
10-12 01:54:27.201: I/AndroidRuntime(4285): VM exiting with result code 0, cleanup skipped.
10-12 01:54:27.228: I/zygote(2406): Do partial code cache collection, code=61KB, data=50KB
10-12 01:54:27.228: I/zygote(2406): After code cache collection, code=61KB, data=50KB
10-12 01:54:27.228: I/zygote(2406): Increasing code cache capacity to 256KB
10-12 01:54:27.232: I/ActivityManager(1627): Process com.android.vending (pid 4285) has died: cch  CEM 
10-12 01:54:27.250: I/ContactsDatabaseHelper(4526): Locale change completed in 68ms
10-12 01:54:27.257: I/WindowManager(1627): Screen frozen for +612ms due to Window{dac26e2 u0 com.android.launcher3/com.android.launcher3.Launcher}
10-12 01:54:27.267: I/ContactsFTS(4526): Rebuild contact search index in 6ms, 0 contacts
10-12 01:54:27.282: I/GceGrallocRegionRegistry(1484): Unmapped gralloc-1481.30 hnd=0xe438b300 fd=41 base=0xe20a1000
10-12 01:54:27.282: I/GceGrallocRegionRegistry(1481): Mapped gralloc-1481.33 hnd=0xece23440 fd=7 base=0xe9316000 format=RGBA_8888(0x1) width=1080 height=1920
10-12 01:54:27.282: I/GceGrallocRegionRegistry(1481): Unmapped gralloc-1481.33 hnd=0xece23440 fd=7 base=0xe9316000
10-12 01:54:27.282: I/GceGrallocRegionRegistry(1484): Mapped gralloc-1481.33 hnd=0xe438b300 fd=41 base=0xe20a1000 format=RGBA_8888(0x1) width=1080 height=1920
10-12 01:54:27.282: I/GceGrallocRegionRegistry(2406): Mapped gralloc-1481.33 hnd=0xce986100 fd=55 base=0xc8e8c000 format=RGBA_8888(0x1) width=1080 height=1920
10-12 01:54:27.527: I/GceGrallocRegionRegistry(1484): Unmapped gralloc-1481.29 hnd=0xe438b800 fd=35 base=0xe289b000
10-12 01:54:27.527: I/GceGrallocRegionRegistry(1481): Mapped gralloc-1481.34 hnd=0xece23400 fd=7 base=0xe9316000 format=RGBA_8888(0x1) width=1080 height=1920
10-12 01:54:27.527: I/GceGrallocRegionRegistry(1481): Unmapped gralloc-1481.34 hnd=0xece23400 fd=7 base=0xe9316000
10-12 01:54:27.527: I/GceGrallocRegionRegistry(1484): Mapped gralloc-1481.34 hnd=0xe438b800 fd=35 base=0xe289b000 format=RGBA_8888(0x1) width=1080 height=1920
10-12 01:54:27.527: I/GceGrallocRegionRegistry(2406): Mapped gralloc-1481.34 hnd=0xce9861c0 fd=56 base=0xc8692000 format=RGBA_8888(0x1) width=1080 height=1920
10-12 01:54:27.535: I/GceGrallocRegionRegistry(1484): Unmapped gralloc-1481.27 hnd=0xe438b700 fd=56 base=0xe398c000
10-12 01:54:27.563: I/zygote(1773): Do full code cache collection, code=248KB, data=165KB
10-12 01:54:27.568: I/zygote(1773): After code cache collection, code=207KB, data=123KB
10-12 01:54:27.670: I/ActivityManager(1627): Start proc 5127:com.google.android.apps.maps/u0a68 for broadcast com.google.android.apps.maps/com.google.android.apps.gmm.notification.channels.NotificationChannelBroadcastReceiver
10-12 01:54:27.673: W/zygote(5127): Unexpected CPU variant for X86 using defaults: x86
10-12 01:54:27.686: I/ActivityManager(1627): START u0 {flg=0x10000000 cmp=com.google.android.apps.mtaas.backdrop/.BackdropActivity} from uid 0
10-12 01:54:27.689: V/WindowManager(1627): setAppStartingWindow: token=Token{c2c7caf ActivityRecord{cf07c8e u0 com.google.android.apps.mtaas.backdrop/.BackdropActivity t3}} pkg=com.google.android.apps.mtaas.backdrop transferFrom=null newTask=true taskSwitch=true processRunning=false allowTaskSnapshot=true
10-12 01:54:27.689: V/WindowManager(1627): Checking theme of starting window: 0x0
10-12 01:54:27.689: V/WindowManager(1627): Creating SplashScreenStartingData
10-12 01:54:27.689: V/WindowManager(1627): Enqueueing ADD_STARTING
10-12 01:54:27.690: V/WindowManager(1627): Add starting AppWindowContainerController{ token=Token{c2c7caf ActivityRecord{cf07c8e u0 com.google.android.apps.mtaas.backdrop/.BackdropActivity t3}} mContainer=AppWindowToken{b4898bc token=Token{c2c7caf ActivityRecord{cf07c8e u0 com.google.android.apps.mtaas.backdrop/.BackdropActivity t3}}} mListener=ActivityRecord{cf07c8e u0 com.google.android.apps.mtaas.backdrop/.BackdropActivity t3}}: startingData=com.android.server.wm.SplashScreenStartingData@9da8045
10-12 01:54:27.692: W/zygote(1627): Long monitor contention with owner android.bg (1641) at void com.android.server.pm.ShortcutService.handleLocaleChanged()(ShortcutService.java:2657) waiters=0 in void com.android.server.pm.ShortcutService.handleOnUidStateChanged(int, int) for 890ms
10-12 01:54:27.693: W/zygote(1627): Long monitor contention with owner android.bg (1641) at void com.android.server.pm.ShortcutService.handleLocaleChanged()(ShortcutService.java:2657) waiters=1 in boolean com.android.server.pm.ShortcutService.hasShortcutHostPermissionInner(java.lang.String, int) for 512ms
10-12 01:54:27.704: I/ActivityManager(1627): Start proc 5144:com.google.android.apps.mtaas.backdrop/u0a86 for activity com.google.android.apps.mtaas.backdrop/.BackdropActivity
10-12 01:54:27.705: W/Looper(1627): Dispatch took 907ms on android.ui, h=Handler (com.android.server.am.ActivityManagerService$UiHandler) {f8ed7dc} cb=null msg=53
10-12 01:54:27.706: W/zygote(5144): Unexpected CPU variant for X86 using defaults: x86
10-12 01:54:27.719: V/WindowManager(1627): addWindow: AppWindowToken{b4898bc token=Token{c2c7caf ActivityRecord{cf07c8e u0 com.google.android.apps.mtaas.backdrop/.BackdropActivity t3}}} startingWindow=Window{3fbef9f u0 Splash Screen com.google.android.apps.mtaas.backdrop}
10-12 01:54:27.719: V/WindowManager(1627): Added starting AppWindowToken{b4898bc token=Token{c2c7caf ActivityRecord{cf07c8e u0 com.google.android.apps.mtaas.backdrop/.BackdropActivity t3}}}: startingWindow=Window{3fbef9f u0 Splash Screen com.google.android.apps.mtaas.backdrop} startingView=com.android.server.policy.SplashScreenSurface@941a8ec
10-12 01:54:27.761: I/GceGrallocRegionRegistry(1481): Mapped gralloc-1481.35 hnd=0xece23440 fd=7 base=0xe938d000 format=RGBA_8888(0x1) width=1080 height=1794
10-12 01:54:27.761: I/GceGrallocRegionRegistry(1481): Unmapped gralloc-1481.35 hnd=0xece23440 fd=7 base=0xe938d000
10-12 01:54:27.761: I/GceGrallocRegionRegistry(1484): Mapped gralloc-1481.35 hnd=0xe438b7c0 fd=56 base=0xe3a03000 format=RGBA_8888(0x1) width=1080 height=1794
10-12 01:54:27.761: I/GceGrallocRegionRegistry(1627): Mapped gralloc-1481.35 hnd=0xca366b00 fd=237 base=0xbdffd000 format=RGBA_8888(0x1) width=1080 height=1794
10-12 01:54:27.777: V/WindowManager(1627): Finishing drawing window Window{3fbef9f u0 Splash Screen com.google.android.apps.mtaas.backdrop}: mDrawState=DRAW_PENDING
10-12 01:54:27.777: V/WindowManager(1627): Draw state now committed in Window{3fbef9f u0 Splash Screen com.google.android.apps.mtaas.backdrop}
10-12 01:54:27.827: W/Notification(5144): Use of stream types is deprecated for operations other than volume control
10-12 01:54:27.827: W/Notification(5144): See the documentation of setSound() for what to use instead with android.media.AudioAttributes to qualify your playback use case
10-12 01:54:27.875: I/GceGrallocRegionRegistry(2406): Unmapped gralloc-1481.34 hnd=0xce9861c0 fd=56 base=0xc8692000
10-12 01:54:27.876: I/GceGrallocRegionRegistry(2406): Unmapped gralloc-1481.33 hnd=0xce986100 fd=55 base=0xc8e8c000
10-12 01:54:27.876: I/GceGrallocRegionRegistry(2406): Unmapped gralloc-1481.32 hnd=0xcf640080 fd=54 base=0xc9686000
10-12 01:54:27.881: I/BackdropActivity(5144): android_id: 3968992495949757714
10-12 01:54:27.890: D/OpenGLRenderer(5144): HWUI GL Pipeline
10-12 01:54:27.891: W/avml(5127): copyMemory is missing from platform - proto runtime falling back to safer methods.
10-12 01:54:27.894: V/KeyguardServiceDelegate(1627): setOccluded(true) animate=false
10-12 01:54:27.976: V/BugleThrottledAction(4496): RebuildShortcutsAction scheduled to run now.
10-12 01:54:27.992: I/OpenGLRenderer(5144): Initialized EGL, version 1.4
10-12 01:54:27.992: D/OpenGLRenderer(5144): Swap behavior 1
10-12 01:54:27.993: I/GceGrallocRegionRegistry(1481): Mapped gralloc-1481.36 hnd=0xece23400 fd=7 base=0xe938d000 format=RGBA_8888(0x1) width=1080 height=1794
10-12 01:54:27.993: I/GceGrallocRegionRegistry(1481): Unmapped gralloc-1481.36 hnd=0xece23400 fd=7 base=0xe938d000
10-12 01:54:27.993: I/GceGrallocRegionRegistry(1484): Mapped gralloc-1481.36 hnd=0xea792180 fd=60 base=0xded60000 format=RGBA_8888(0x1) width=1080 height=1794
10-12 01:54:27.993: I/GceGrallocRegionRegistry(1481): Mapped gralloc-1481.37 hnd=0xece23440 fd=7 base=0xe938d000 format=RGBA_8888(0x1) width=1080 height=1794
10-12 01:54:27.993: I/GceGrallocRegionRegistry(1481): Unmapped gralloc-1481.37 hnd=0xece23440 fd=7 base=0xe938d000
10-12 01:54:27.993: I/GceGrallocRegionRegistry(1484): Mapped gralloc-1481.37 hnd=0xe438b900 fd=61 base=0xde5dd000 format=RGBA_8888(0x1) width=1080 height=1794
10-12 01:54:27.995: I/GceGrallocRegionRegistry(1481): Mapped gralloc-1481.38 hnd=0xece23400 fd=7 base=0xe938d000 format=RGBA_8888(0x1) width=1080 height=1794
10-12 01:54:27.995: I/GceGrallocRegionRegistry(1481): Unmapped gralloc-1481.38 hnd=0xece23400 fd=7 base=0xe938d000
10-12 01:54:27.995: I/GceGrallocRegionRegistry(1484): Mapped gralloc-1481.38 hnd=0xe438ba80 fd=62 base=0xdc17d000 format=RGBA_8888(0x1) width=1080 height=1794
10-12 01:54:28.000: I/vndksupport(5144): sphal namespace is not configured for this process. Loading /system/lib/hw/gralloc.gce_x86.so from the current namespace instead.
10-12 01:54:28.013: I/zygote(1773): Deoptimizing void com.android.systemui.statusbar.stack.NotificationStackScrollLayout.updateContentHeight() due to JIT inline cache
10-12 01:54:28.046: I/zygote(1773): Deoptimizing void com.android.systemui.statusbar.stack.StackScrollState.resetViewState(com.android.systemui.statusbar.ExpandableView) due to JIT same target
10-12 01:54:28.046: I/zygote(1773): Deoptimizing void com.android.systemui.statusbar.stack.StackScrollAlgorithm.updateClipping(com.android.systemui.statusbar.stack.StackScrollState, com.android.systemui.statusbar.stack.StackScrollAlgorithm$StackScrollAlgorithmState, com.android.systemui.statusbar.stack.AmbientState) due to JIT inline cache
10-12 01:54:28.046: I/zygote(1773): Deoptimizing void com.android.systemui.statusbar.stack.ViewState.applyToView(android.view.View) due to JIT inline cache
10-12 01:54:28.382: W/Bundle(3991): Key com.google.android.libraries.social.notifications.trigger expected Integer but value was a vfj.  The default value 0 was returned.
10-12 01:54:28.383: W/Bundle(3991): Attempt to cast generated internal exception:
10-12 01:54:28.383: W/Bundle(3991): java.lang.ClassCastException: vfj cannot be cast to java.lang.Integer
10-12 01:54:28.383: W/Bundle(3991): 	at android.os.BaseBundle.getInt(BaseBundle.java:967)
10-12 01:54:28.383: W/Bundle(3991): 	at android.content.Intent.getIntExtra(Intent.java:6982)
10-12 01:54:28.383: W/Bundle(3991): 	at vgp.a(PG:15)
10-12 01:54:28.383: W/Bundle(3991): 	at vit.run(PG:4)
10-12 01:54:28.383: W/Bundle(3991): 	at java.util.concurrent.ThreadPoolExecutor.runWorker(ThreadPoolExecutor.java:1162)
10-12 01:54:28.383: W/Bundle(3991): 	at java.util.concurrent.ThreadPoolExecutor$Worker.run(ThreadPoolExecutor.java:636)
10-12 01:54:28.383: W/Bundle(3991): 	at jhq.run(PG:3)
10-12 01:54:28.383: W/Bundle(3991): 	at java.lang.Thread.run(Thread.java:764)
10-12 01:54:28.388: E/NetworkScheduler(2173): Dropping task as app's play services SDK version does not support Android O. Either update the SDK or lower your app's target SDK version
10-12 01:54:28.394: I/ActivityManager(1627): Start proc 5185:com.google.android.apps.walletnfcrel/u0a80 for broadcast com.google.android.apps.walletnfcrel/com.google.android.libraries.social.notifications.impl.LocaleChangeReceiver
10-12 01:54:28.394: I/ActivityManager(1627): Killing 4226:com.google.android.videos/u0a78 (adj 906): empty #17
10-12 01:54:28.402: I/GceGrallocRegionRegistry(1484): Unmapped gralloc-1481.32 hnd=0xe438bb40 fd=50 base=0xdff06000
10-12 01:54:28.403: I/GceGrallocRegionRegistry(1484): Unmapped gralloc-1481.33 hnd=0xe438b6c0 fd=32 base=0xe20a1000
10-12 01:54:28.414: W/zygote(5185): Unexpected CPU variant for X86 using defaults: x86
10-12 01:54:28.491: I/Remoter(1476): Saved screenshot to '/data/screenshots/__pmv__-0074.jpg'
10-12 01:54:28.601: V/NativeCrypto(5185): Registering com/google/android/gms/org/conscrypt/NativeCrypto's 259 native methods...
10-12 01:54:28.604: I/zygote(2406): Background concurrent copying GC freed 29783(1461KB) AllocSpace objects, 2(128KB) LOS objects, 49% free, 3MB/7MB, paused 123us total 138.175ms
10-12 01:54:28.632: D/NetworkSecurityConfig(5185): No Network Security Config specified, using platform default
10-12 01:54:28.633: I/ProviderInstaller(5185): Installed default security provider GmsCore_OpenSSL
10-12 01:54:28.668: I/GceGrallocRegionRegistry(1484): Unmapped gralloc-1481.38 hnd=0xe438ba80 fd=62 base=0xdc17d000
10-12 01:54:28.669: I/GceGrallocRegionRegistry(1481): Mapped gralloc-1481.39 hnd=0xece23440 fd=7 base=0xe938d000 format=RGBA_8888(0x1) width=1080 height=1794
10-12 01:54:28.669: I/GceGrallocRegionRegistry(1481): Unmapped gralloc-1481.39 hnd=0xece23440 fd=7 base=0xe938d000
10-12 01:54:28.669: I/GceGrallocRegionRegistry(1484): Mapped gralloc-1481.39 hnd=0xe438ba80 fd=32 base=0xe2118000 format=RGBA_8888(0x1) width=1080 height=1794
10-12 01:54:28.670: I/vndksupport(5144): sphal namespace is not configured for this process. Loading /system/lib/hw/gralloc.gce_x86.so from the current namespace instead.
10-12 01:54:28.672: I/GceGrallocRegionRegistry(5144): Mapped gralloc-1481.39 hnd=0xcf945940 fd=42 base=0xcdcec000 format=RGBA_8888(0x1) width=1080 height=1794
10-12 01:54:28.688: V/WindowManager(1627): Finish starting AppWindowToken{b4898bc token=Token{c2c7caf ActivityRecord{cf07c8e u0 com.google.android.apps.mtaas.backdrop/.BackdropActivity t3}}}: first real window is shown, no animation
10-12 01:54:28.688: V/WindowManager(1627): Schedule remove starting AppWindowToken{b4898bc token=Token{c2c7caf ActivityRecord{cf07c8e u0 com.google.android.apps.mtaas.backdrop/.BackdropActivity t3}}} startingWindow=Window{3fbef9f u0 Splash Screen com.google.android.apps.mtaas.backdrop}
10-12 01:54:28.689: V/WindowManager(1627): Remove starting AppWindowToken{b4898bc token=Token{c2c7caf ActivityRecord{cf07c8e u0 com.google.android.apps.mtaas.backdrop/.BackdropActivity t3}}}: startingWindow=Window{3fbef9f u0 Splash Screen com.google.android.apps.mtaas.backdrop} startingView=com.android.server.policy.SplashScreenSurface@941a8ec
10-12 01:54:28.690: I/ActivityManager(1627): Displayed com.google.android.apps.mtaas.backdrop/.BackdropActivity: +996ms
10-12 01:54:28.690: I/Choreographer(5144): Skipped 40 frames!  The application may be doing too much work on its main thread.
10-12 01:54:28.692: D/WindowManager(1627): Starting window removed Window{3fbef9f u0 Splash Screen com.google.android.apps.mtaas.backdrop}
10-12 01:54:28.696: W/InstanceID/Rpc(5185): Found 10014
10-12 01:54:28.706: I/GceGrallocRegionRegistry(1484): Unmapped gralloc-1481.37 hnd=0xe438b900 fd=61 base=0xde5dd000
10-12 01:54:28.706: I/GceGrallocRegionRegistry(1481): Mapped gralloc-1481.40 hnd=0xece23400 fd=7 base=0xe938d000 format=RGBA_8888(0x1) width=1080 height=1794
10-12 01:54:28.706: I/GceGrallocRegionRegistry(1481): Unmapped gralloc-1481.40 hnd=0xece23400 fd=7 base=0xe938d000
10-12 01:54:28.706: I/GceGrallocRegionRegistry(1484): Mapped gralloc-1481.40 hnd=0xe438b900 fd=41 base=0xdff7d000 format=RGBA_8888(0x1) width=1080 height=1794
10-12 01:54:28.706: I/GceGrallocRegionRegistry(5144): Mapped gralloc-1481.40 hnd=0xe19df340 fd=44 base=0xcd569000 format=RGBA_8888(0x1) width=1080 height=1794
10-12 01:54:28.716: I/GunsAppRegManager(5185): GCM Project Id: 144105662513, View Id: tapandpay
10-12 01:54:28.739: I/GceGrallocRegionRegistry(1484): Unmapped gralloc-1481.34 hnd=0xe438b800 fd=35 base=0xe289b000
10-12 01:54:28.920: I/GceGrallocRegionRegistry(1627): Unmapped gralloc-1481.35 hnd=0xca366b00 fd=237 base=0xbdffd000
10-12 01:54:28.934: I/GceGrallocRegionRegistry(1484): Unmapped gralloc-1481.35 hnd=0xe438b7c0 fd=56 base=0xe3a03000
10-12 01:54:28.939: I/BackgroundTaskManager(5185): Executing task AccountFreshener.freshen with SEQUENTIAL execution policy.
10-12 01:54:28.963: W/Bundle(5185): Key com.google.android.libraries.social.notifications.trigger expected Integer but value was a com.google.android.libraries.social.notifications.Trigger.  The default value 0 was returned.
10-12 01:54:28.973: D/Primes(5185): Package metric: registered for startup notifications
10-12 01:54:28.973: D/Primes(5185): Battery metric disabled
10-12 01:54:28.973: D/Primes(5185): MagicEye logging metric disabled
10-12 01:54:28.973: D/CrashMetricService(5185): onPrimesInitialize
10-12 01:54:28.981: W/Bundle(5185): Attempt to cast generated internal exception:
10-12 01:54:28.981: W/Bundle(5185): java.lang.ClassCastException: com.google.android.libraries.social.notifications.Trigger cannot be cast to java.lang.Integer
10-12 01:54:28.981: W/Bundle(5185): 	at android.os.BaseBundle.getInt(BaseBundle.java:967)
10-12 01:54:28.981: W/Bundle(5185): 	at android.content.Intent.getIntExtra(Intent.java:6982)
10-12 01:54:28.981: W/Bundle(5185): 	at com.google.android.libraries.social.notifications.impl.SyncRegistrationStatusHandler.handleIntent(SyncRegistrationStatusHandler.java:48)
10-12 01:54:28.981: W/Bundle(5185): 	at com.google.android.libraries.social.notifications.service.GunsIntentExecutorImpl$1.run(GunsIntentExecutorImpl.java:73)
10-12 01:54:28.981: W/Bundle(5185): 	at java.util.concurrent.ThreadPoolExecutor.runWorker(ThreadPoolExecutor.java:1162)
10-12 01:54:28.981: W/Bundle(5185): 	at java.util.concurrent.ThreadPoolExecutor$Worker.run(ThreadPoolExecutor.java:636)
10-12 01:54:28.981: W/Bundle(5185): 	at com.google.android.libraries.social.notifications.installation.impl.GunsInstallationModule$1$1.run(GunsInstallationModule.java:91)
10-12 01:54:28.981: W/Bundle(5185): 	at java.lang.Thread.run(Thread.java:764)
10-12 01:54:29.018: I/ActivityManager(1627): Start proc 5219:com.google.android.deskclock/u0a73 for broadcast com.google.android.deskclock/com.android.deskclock.AlarmInitReceiver
10-12 01:54:29.020: W/zygote(5219): Unexpected CPU variant for X86 using defaults: x86
10-12 01:54:29.060: I/GAv4(5219): Google Analytics 10.0.84 is starting up. To enable debug logging on a device run:
10-12 01:54:29.060: I/GAv4(5219):   adb shell setprop log.tag.GAv4 DEBUG
10-12 01:54:29.060: I/GAv4(5219):   adb logcat -s GAv4
10-12 01:54:29.074: W/GAv4(5219): AnalyticsReceiver is not registered or is disabled. Register the receiver for reliable dispatching on non-Google Play devices. See http://goo.gl/8Rd3yj for instructions.
10-12 01:54:29.077: I/AlarmClock(5219): AlarmInitReceiver android.intent.action.LOCALE_CHANGED
10-12 01:54:29.085: W/GAv4(5219): CampaignTrackingReceiver is not registered, not exported or is disabled. Installation campaign tracking is not possible. See http://goo.gl/8Rd3yj for instructions.
10-12 01:54:29.092: I/DigitalWidgetProvider(5219): onReceive: Intent { act=android.intent.action.LOCALE_CHANGED flg=0x11200010 cmp=com.google.android.deskclock/com.android.alarmclock.DigitalAppWidgetProvider }
10-12 01:54:29.094: W/GAv4(5219): AnalyticsService not registered in the app manifest. Hits might not be delivered reliably. See http://goo.gl/8Rd3yj for instructions.
10-12 01:54:29.104: I/ActivityManager(1627): Start proc 5242:com.google.android.gm/u0a76 for broadcast com.google.android.gm/.MailIntentReceiver
10-12 01:54:29.105: I/ActivityManager(1627): Killing 4164:com.google.android.contacts/u0a19 (adj 904): empty #17
10-12 01:54:29.105: I/ActivityManager(1627): Killing 4125:com.google.android.apps.gcs/u0a15 (adj 906): empty #18
10-12 01:54:29.106: W/RingtoneManager(5219): No READ_EXTERNAL_STORAGE permission, ignoring ringtones on ext storage
10-12 01:54:29.117: W/zygote(5242): Unexpected CPU variant for X86 using defaults: x86
10-12 01:54:29.145: W/EasBundling(5242): in EasBundling.init, isBundlingEnabled=true
10-12 01:54:29.146: D/NuPlayerDriver(1495): NuPlayerDriver(0xeba291c0) created, clientPid(5219)
10-12 01:54:29.161: D/ActivityThread(5242): Loading provider com.google.android.gmail.provider;com.android.mail.notifier;com.google.android.gm.email.provider;com.google.android.gm.tasks.provider;com.google.android.gm.email.notifier: com.android.email.provider.EmailProvider
10-12 01:54:29.167: W/SystemServiceRegistry(2173): No service published for: persistent_data_block
10-12 01:54:29.170: D/GenericSource(1495): FileSource remote
10-12 01:54:29.174: D/NuPlayerDriver(1495): notifyListener_l(0xeba291c0), (1, 0, 0, -1), loop setting(0, 0)
10-12 01:54:29.176: D/Ringtone(5219): Successfully created local player
10-12 01:54:29.196: D/AppIndexApi(5219): Logging objectbnm@4da3269
10-12 01:54:29.215: W/Icing(2173): isOptedInForAppHistory: empty Account Name encountered
10-12 01:54:29.238: I/izh(5242): Beginning new tracing period at 1478371.242441.
10-12 01:54:29.238: W/izh(5242): START TRACE Inbox first results loaded <e49a82642adaf0c70000015f0e4a44f6>@1478371.242441
10-12 01:54:29.240: W/GAV2(5242): Thread[main,5,main]: Need to call initialize() and be in fallback mode to start dispatch.
10-12 01:54:29.287: W/KeyphraseEnrollmentInfo(2366): No Enrollment application supports the given keyphrase/locale
10-12 01:54:29.291: E/Auth(2237): [NotificationChannelUtil] NotificationChannels reflection error
10-12 01:54:29.291: E/Auth(2237): java.lang.NoSuchMethodException: createNotificationChannelGroup [class android.app.NotificationChannelGroup]
10-12 01:54:29.291: E/Auth(2237): 	at java.lang.Class.getMethod(Class.java:2068)
10-12 01:54:29.291: E/Auth(2237): 	at java.lang.Class.getMethod(Class.java:1690)
10-12 01:54:29.291: E/Auth(2237): 	at gfv.a(:com.google.android.gms@11519470:11)
10-12 01:54:29.291: E/Auth(2237): 	at com.google.android.gms.auth.uiflows.LocaleChangedIntentOperation.onHandleIntent(:com.google.android.gms@11519470:4)
10-12 01:54:29.291: E/Auth(2237): 	at com.google.android.chimera.IntentOperation.onHandleIntent(:com.google.android.gms@11519470:2)
10-12 01:54:29.291: E/Auth(2237): 	at bwh.run(:com.google.android.gms@11519470:10)
10-12 01:54:29.291: E/Auth(2237): 	at bwe.run(:com.google.android.gms@11519470:14)
10-12 01:54:29.291: E/Auth(2237): 	at java.util.concurrent.ThreadPoolExecutor.runWorker(ThreadPoolExecutor.java:1162)
10-12 01:54:29.291: E/Auth(2237): 	at java.util.concurrent.ThreadPoolExecutor$Worker.run(ThreadPoolExecutor.java:636)
10-12 01:54:29.291: E/Auth(2237): 	at java.lang.Thread.run(Thread.java:764)
10-12 01:54:29.291: E/Auth(2237): [NotificationChannelUtil] NotificationChannels reflection error
10-12 01:54:29.291: E/Auth(2237): java.lang.NoSuchMethodException: createNotificationChannel [class android.app.NotificationChannel]
10-12 01:54:29.291: E/Auth(2237): 	at java.lang.Class.getMethod(Class.java:2068)
10-12 01:54:29.291: E/Auth(2237): 	at java.lang.Class.getMethod(Class.java:1690)
10-12 01:54:29.291: E/Auth(2237): 	at gfv.a(:com.google.android.gms@11519470:29)
10-12 01:54:29.291: E/Auth(2237): 	at gfv.a(:com.google.android.gms@11519470:21)
10-12 01:54:29.291: E/Auth(2237): 	at com.google.android.gms.auth.uiflows.LocaleChangedIntentOperation.onHandleIntent(:com.google.android.gms@11519470:4)
10-12 01:54:29.291: E/Auth(2237): 	at com.google.android.chimera.IntentOperation.onHandleIntent(:com.google.android.gms@11519470:2)
10-12 01:54:29.291: E/Auth(2237): 	at bwh.run(:com.google.android.gms@11519470:10)
10-12 01:54:29.291: E/Auth(2237): 	at bwe.run(:com.google.android.gms@11519470:14)
10-12 01:54:29.291: E/Auth(2237): 	at java.util.concurrent.ThreadPoolExecutor.runWorker(ThreadPoolExecutor.java:1162)
10-12 01:54:29.291: E/Auth(2237): 	at java.util.concurrent.ThreadPoolExecutor$Worker.run(ThreadPoolExecutor.java:636)
10-12 01:54:29.291: E/Auth(2237): 	at java.lang.Thread.run(Thread.java:764)
10-12 01:54:29.291: E/Auth(2237): [NotificationChannelUtil] NotificationChannels reflection error
10-12 01:54:29.291: E/Auth(2237): java.lang.NoSuchMethodException: createNotificationChannel [class android.app.NotificationChannel]
10-12 01:54:29.291: E/Auth(2237): 	at java.lang.Class.getMethod(Class.java:2068)
10-12 01:54:29.291: E/Auth(2237): 	at java.lang.Class.getMethod(Class.java:1690)
10-12 01:54:29.291: E/Auth(2237): 	at gfv.a(:com.google.android.gms@11519470:29)
10-12 01:54:29.291: E/Auth(2237): 	at gfv.a(:com.google.android.gms@11519470:25)
10-12 01:54:29.291: E/Auth(2237): 	at com.google.android.gms.auth.uiflows.LocaleChangedIntentOperation.onHandleIntent(:com.google.android.gms@11519470:4)
10-12 01:54:29.291: E/Auth(2237): 	at com.google.android.chimera.IntentOperation.onHandleIntent(:com.google.android.gms@11519470:2)
10-12 01:54:29.291: E/Auth(2237): 	at bwh.run(:com.google.android.gms@11519470:10)
10-12 01:54:29.291: E/Auth(2237): 	at bwe.run(:com.google.android.gms@11519470:14)
10-12 01:54:29.291: E/Auth(2237): 	at java.util.concurrent.ThreadPoolExecutor.runWorker(ThreadPoolExecutor.java:1162)
10-12 01:54:29.291: E/Auth(2237): 	at java.util.concurrent.ThreadPoolExecutor$Worker.run(ThreadPoolExecutor.java:636)
10-12 01:54:29.291: E/Auth(2237): 	at java.lang.Thread.run(Thread.java:764)
10-12 01:54:29.292: E/Auth(2237): [NotificationChannelUtil] NotificationChannels reflection error
10-12 01:54:29.292: E/Auth(2237): java.lang.NoSuchMethodException: createNotificationChannel [class android.app.NotificationChannel]
10-12 01:54:29.292: E/Auth(2237): 	at java.lang.Class.getMethod(Class.java:2068)
10-12 01:54:29.292: E/Auth(2237): 	at java.lang.Class.getMethod(Class.java:1690)
10-12 01:54:29.292: E/Auth(2237): 	at gfv.a(:com.google.android.gms@11519470:29)
10-12 01:54:29.292: E/Auth(2237): 	at gfv.a(:com.google.android.gms@11519470:31)
10-12 01:54:29.292: E/Auth(2237): 	at com.google.android.gms.auth.uiflows.LocaleChangedIntentOperation.onHandleIntent(:com.google.android.gms@11519470:4)
10-12 01:54:29.292: E/Auth(2237): 	at com.google.android.chimera.IntentOperation.onHandleIntent(:com.google.android.gms@11519470:2)
10-12 01:54:29.292: E/Auth(2237): 	at bwh.run(:com.google.android.gms@11519470:10)
10-12 01:54:29.292: E/Auth(2237): 	at bwe.run(:com.google.android.gms@11519470:14)
10-12 01:54:29.292: E/Auth(2237): 	at java.util.concurrent.ThreadPoolExecutor.runWorker(ThreadPoolExecutor.java:1162)
10-12 01:54:29.292: E/Auth(2237): 	at java.util.concurrent.ThreadPoolExecutor$Worker.run(ThreadPoolExecutor.java:636)
10-12 01:54:29.292: E/Auth(2237): 	at java.lang.Thread.run(Thread.java:764)
10-12 01:54:29.336: W/ChimeraUtils(2237): Non Chimera context
10-12 01:54:29.336: W/ChimeraUtils(2237): Non Chimera context
10-12 01:54:29.348: I/Icing(2237): IndexChimeraService.getServiceInterface callingPackage=com.google.android.gms componentName=AppsCorpus serviceId=36
10-12 01:54:29.349: I/Icing(2237): IndexChimeraService.getServiceInterface callingPackage=com.google.android.gms componentName=AppsCorpus serviceId=32
10-12 01:54:29.366: W/ActivityManager(1627): Unable to start service Intent { cmp=com.google.android.gm.exchange/com.android.exchange.service.EasService } U=0: not found
10-12 01:54:29.372: W/KeyphraseEnrollmentInfo(2366): No Enrollment application supports the given keyphrase/locale
10-12 01:54:29.381: W/zygote(5287): Unexpected CPU variant for X86 using defaults: x86
10-12 01:54:29.383: I/ActivityManager(1627): Start proc 5287:com.google.android.videos/u0a78 for broadcast com.google.android.videos/.service.contentnotification.NotificationChannelManager$Initialize
10-12 01:54:29.387: I/GsaVoiceInteractionSrv(2366): Not calling getSupportedRecognitionModes. Availability: -2
10-12 01:54:29.387: I/HwDetectorWithState(2366): #performNextHotwordAction action: 3
10-12 01:54:29.395: I/zygote(1627): Explicit concurrent copying GC freed 28918(2MB) AllocSpace objects, 3(60KB) LOS objects, 42% free, 9MB/16MB, paused 146us total 124.927ms
10-12 01:54:29.442: W/ActivityManager(1627): Unable to start service Intent { cmp=com.google.android.gm/com.android.email.service.AttachmentService } U=0: not found
10-12 01:54:29.448: I/MultiDex(5287): VM with version 2.1.0 has multidex support
10-12 01:54:29.448: I/MultiDex(5287): install
10-12 01:54:29.448: I/MultiDex(5287): VM has multidex support, MultiDex support library is disabled.
10-12 01:54:29.467: W/ActivityManager(1627): Unable to start service Intent { cmp=com.google.android.gm.exchange/com.android.exchange.service.EasService } U=0: not found
10-12 01:54:29.511: I/MicroDetectionWorker(2453): #initializeDataManager [recognitionLocale: es-AR, isForced: false, initGHRecognizer: false]
10-12 01:54:29.514: W/SearchService(2453): Abort, client detached.
10-12 01:54:29.520: E/MicroModelsUtil(2453): No model available at /data/user/0/com.google.android.googlequicksearchbox/files/es-AR/hotword.data
10-12 01:54:29.520: E/MicroModelsUtil(2453): java.io.FileNotFoundException: /data/user/0/com.google.android.googlequicksearchbox/files/es-AR/hotword.data (No such file or directory)
10-12 01:54:29.520: E/MicroModelsUtil(2453): 	at java.io.FileInputStream.open0(Native Method)
10-12 01:54:29.520: E/MicroModelsUtil(2453): 	at java.io.FileInputStream.open(FileInputStream.java:200)
10-12 01:54:29.520: E/MicroModelsUtil(2453): 	at java.io.FileInputStream.<init>(FileInputStream.java:150)
10-12 01:54:29.520: E/MicroModelsUtil(2453): 	at com.google.common.i.z.bTH(SourceFile:4)
10-12 01:54:29.520: E/MicroModelsUtil(2453): 	at com.google.common.i.z.bTD(SourceFile:6)
10-12 01:54:29.520: E/MicroModelsUtil(2453): 	at com.google.common.i.w.af(SourceFile:20)
10-12 01:54:29.520: E/MicroModelsUtil(2453): 	at com.google.android.apps.gsa.speech.microdetection.t.b(SourceFile:41)
10-12 01:54:29.520: E/MicroModelsUtil(2453): 	at com.google.android.apps.gsa.speech.microdetection.t.b(SourceFile:6)
10-12 01:54:29.520: E/MicroModelsUtil(2453): 	at com.google.android.apps.gsa.speech.microdetection.q.run(SourceFile:14)
10-12 01:54:29.520: E/MicroModelsUtil(2453): 	at java.util.concurrent.Executors$RunnableAdapter.call(Executors.java:457)
10-12 01:54:29.520: E/MicroModelsUtil(2453): 	at java.util.concurrent.FutureTask.run(FutureTask.java:266)
10-12 01:54:29.520: E/MicroModelsUtil(2453): 	at com.google.android.apps.gsa.shared.util.concurrent.a.ax.run(SourceFile:14)
10-12 01:54:29.520: E/MicroModelsUtil(2453): 	at com.google.android.apps.gsa.shared.util.concurrent.a.bl.run(SourceFile:4)
10-12 01:54:29.520: E/MicroModelsUtil(2453): 	at com.google.android.apps.gsa.shared.util.concurrent.a.bl.run(SourceFile:4)
10-12 01:54:29.520: E/MicroModelsUtil(2453): 	at java.util.concurrent.ThreadPoolExecutor.runWorker(ThreadPoolExecutor.java:1162)
10-12 01:54:29.520: E/MicroModelsUtil(2453): 	at java.util.concurrent.ThreadPoolExecutor$Worker.run(ThreadPoolExecutor.java:636)
10-12 01:54:29.520: E/MicroModelsUtil(2453): 	at java.lang.Thread.run(Thread.java:764)
10-12 01:54:29.520: E/MicroModelsUtil(2453): 	at com.google.android.apps.gsa.shared.util.concurrent.a.ai.run(SourceFile:6)
10-12 01:54:29.542: I/Icing(2237): Query from com.google.android.gms package restrict com.google.android.gms start 0 num 100
10-12 01:54:29.559: I/zygote(2173): Background concurrent copying GC freed 41256(2MB) AllocSpace objects, 5(1100KB) LOS objects, 49% free, 7MB/15MB, paused 233us total 258.138ms
10-12 01:54:29.597: W/zygote(2453): Couldn't lock the profile file /data/user/0/com.google.android.googlequicksearchbox/files/velour/verified_jars/JB7PFFy1K5v5nzOSY9YSTGg_2.jar.prof: Failed to open file '/data/user/0/com.google.android.googlequicksearchbox/files/velour/verified_jars/JB7PFFy1K5v5nzOSY9YSTGg_2.jar.prof': No such file or directory
10-12 01:54:29.597: E/zygote(2453): Could not forcefully load profile /data/user/0/com.google.android.googlequicksearchbox/files/velour/verified_jars/JB7PFFy1K5v5nzOSY9YSTGg_2.jar.prof
10-12 01:54:29.597: W/zygote(2453): Couldn't lock the profile file /data/user/0/com.google.android.googlequicksearchbox/files/velour/verified_jars/JS1bTx6n5gskKdcs8I56Wzg_2.jar.prof: Failed to open file '/data/user/0/com.google.android.googlequicksearchbox/files/velour/verified_jars/JS1bTx6n5gskKdcs8I56Wzg_2.jar.prof': No such file or directory
10-12 01:54:29.597: E/zygote(2453): Could not forcefully load profile /data/user/0/com.google.android.googlequicksearchbox/files/velour/verified_jars/JS1bTx6n5gskKdcs8I56Wzg_2.jar.prof
10-12 01:54:29.601: I/Remoter(1476): Saved screenshot to '/data/screenshots/__pmv__-0075.jpg'
10-12 01:54:29.629: I/GceGrallocRegionRegistry(1484): Unmapped gralloc-1481.36 hnd=0xea792180 fd=60 base=0xded60000
10-12 01:54:29.629: I/GceGrallocRegionRegistry(1481): Mapped gralloc-1481.41 hnd=0xece23440 fd=7 base=0xe938d000 format=RGBA_8888(0x1) width=1080 height=1794
10-12 01:54:29.629: I/GceGrallocRegionRegistry(1481): Unmapped gralloc-1481.41 hnd=0xece23440 fd=7 base=0xe938d000
10-12 01:54:29.629: I/GceGrallocRegionRegistry(1484): Mapped gralloc-1481.41 hnd=0xea792180 fd=42 base=0xe3a03000 format=RGBA_8888(0x1) width=1080 height=1794
10-12 01:54:29.629: I/GceGrallocRegionRegistry(5144): Mapped gralloc-1481.41 hnd=0xe19df2c0 fd=45 base=0xccde6000 format=RGBA_8888(0x1) width=1080 height=1794
10-12 01:54:29.668: I/GoogleURLConnFactory(2173): Using platform SSLCertificateSocketFactory
10-12 01:54:29.737: I/ActivityManager(1627): Start proc 5329:com.android.vending/u0a26 for service com.android.vending/com.google.android.finsky.contentfilter.impl.ContentFiltersService
10-12 01:54:29.784: W/zygote(5329): Unexpected CPU variant for X86 using defaults: x86
10-12 01:54:29.822: I/ActivityManager(1627): Killing 2075:com.google.android.dialer/u0a18 (adj 906): empty #17
10-12 01:54:29.841: I/ActivityManager(1627): Start proc 5344:com.google.android.youtube/u0a83 for broadcast com.google.android.youtube/com.google.android.apps.youtube.app.application.system.LocaleUpdatedReceiver
10-12 01:54:29.842: W/zygote(5344): Unexpected CPU variant for X86 using defaults: x86
10-12 01:54:29.843: W/ActivityManager(1627): Background start not allowed: service Intent { cmp=com.google.android.videos/.service.pinning.TransferService (has extras) } to com.google.android.videos/.service.pinning.TransferService from pid=5287 uid=10078 pkg=com.google.android.videos
10-12 01:54:29.858: I/PlayMovies(5287): RefreshLicenseTaskService.forceLicenseRefreshNow:66 Scheduled task now refresh_license_forced
10-12 01:54:29.870: D/PlayMovies(5287): PersistentCache.cleanup:104 Cache is below limit, no need to shrink: [size=0, limit=5242880]
10-12 01:54:29.880: D/Primes(5287): Package metric disabled.
10-12 01:54:29.880: D/Primes(5287): Battery metric disabled
10-12 01:54:29.880: D/Primes(5287): MagicEye logging metric disabled
10-12 01:54:29.968: I/Icing(2237): IndexChimeraService.getServiceInterface callingPackage=com.google.android.gms componentName=AppsCorpus serviceId=36
10-12 01:54:29.968: I/Icing(2237): IndexChimeraService.getServiceInterface callingPackage=com.google.android.gms componentName=AppsCorpus serviceId=32
10-12 01:54:30.002: W/Finsky(5329): [2] com.google.android.finsky.application.FinskyAppImpl.at(1142): No account configured on this device.
10-12 01:54:30.011: W/Finsky(5329): [2] com.google.android.finsky.application.FinskyAppImpl.at(1142): No account configured on this device.
10-12 01:54:30.024: W/YouTube(5344): Fetching the Gservices key 'failsafe_maxnumbercrash_12_15' before the end of the bulk initialization
10-12 01:54:30.051: W/Finsky(5329): [2] com.google.android.finsky.application.FinskyAppImpl.at(1142): No account configured on this device.
10-12 01:54:30.075: I/chatty(5329): uid=10026(u0_a26) com.android.vending identical 5 lines
10-12 01:54:30.076: W/Finsky(5329): [2] com.google.android.finsky.application.FinskyAppImpl.at(1142): No account configured on this device.
10-12 01:54:30.084: W/YouTube(5344): Fetching the Gservices key 'disable_binder_callback_flush' before the end of the bulk initialization
10-12 01:54:30.084: W/Finsky(5329): [2] com.google.android.finsky.application.FinskyAppImpl.at(1142): No account configured on this device.
10-12 01:54:30.142: I/chatty(5329): uid=10026(u0_a26) com.android.vending identical 14 lines
10-12 01:54:30.142: W/Finsky(5329): [2] com.google.android.finsky.application.FinskyAppImpl.at(1142): No account configured on this device.
10-12 01:54:30.142: I/Finsky(5329): [2] com.google.android.finsky.hygiene.DailyHygiene.a(44): No need to run daily hygiene.
10-12 01:54:30.143: W/Finsky(5329): [2] com.google.android.finsky.application.FinskyAppImpl.at(1142): No account configured on this device.
10-12 01:54:30.162: I/chatty(5329): uid=10026(u0_a26) com.android.vending identical 1 line
10-12 01:54:30.163: W/Finsky(5329): [2] com.google.android.finsky.application.FinskyAppImpl.at(1142): No account configured on this device.
