10-11 21:43:09.784: V/BackupManagerService(1720): restoreAtInstall pkg=com.google.android.apps.mtaas.stubapp token=8 restoreSet=0
10-11 21:43:09.784: V/BackupManagerService(1720): Finishing install immediately
10-11 21:43:09.786: W/Settings(1720): Setting install_non_market_apps has moved from android.provider.Settings.Global to android.provider.Settings.Secure, returning read-only value.
10-11 21:43:09.786: I/art(1720): Starting a blocking GC Explicit
10-11 21:43:09.802: I/art(1720): Explicit concurrent mark sweep GC freed 38267(2MB) AllocSpace objects, 7(140KB) LOS objects, 33% free, 22MB/34MB, paused 264us total 15.186ms
10-11 21:43:09.806: D/CarrierServiceBindHelper(2076): Receive action: android.intent.action.PACKAGE_ADDED
10-11 21:43:09.806: D/BluetoothMapAppObserver(2506): onReceive
10-11 21:43:09.806: D/BluetoothMapAppObserver(2506): The installed package is: com.google.android.apps.mtaas.stubapp
10-11 21:43:09.806: D/BluetoothMapAppObserver(2506): Found 0 application(s) with intent android.bluetooth.action.BLUETOOTH_MAP_PROVIDER
10-11 21:43:09.807: D/BluetoothMapAppObserver(2506): Found 0 application(s) with intent android.bluetooth.action.BLUETOOTH_MAP_IM_PROVIDER
10-11 21:43:09.807: D/CarrierServiceBindHelper(2076): mHandler: 3
10-11 21:43:09.807: D/CarrierConfigLoader(2076): mHandler: 9 phoneId: 0
10-11 21:43:09.807: I/art(4818): System.exit called, status: 0
10-11 21:43:09.807: I/AndroidRuntime(4818): VM exiting with result code 0.
10-11 21:43:09.819: D/Finsky(4443): [1] ExternalReferrer.access$200: Package state data is missing for com.google.android.apps.mtaas.stubapp
10-11 21:43:09.822: I/UpdateIcingCorporaServi(4488): Updating corpora: APPS=com.google.android.apps.mtaas.stubapp, CONTACTS=MAYBE
10-11 21:43:09.830: I/UpdateIcingCorporaServi(4488): UpdateCorporaTask done [took 8 ms] updated apps [took 8 ms] 
10-11 21:43:09.830: I/InputReader(1720): Reconfiguring input devices.  changes=0x00000010
10-11 21:43:09.859: I/FontsPackageChangeOp(2463): Package com.google.android.apps.mtaas.stubapp has no metadata
10-11 21:43:09.861: D/Wear_Controller(2463): Received broadcast action=android.intent.action.PACKAGE_ADDED and uri=com.google.android.apps.mtaas.stubapp
10-11 21:43:09.868: I/Icing(2463): IndexChimeraService.getServiceInterface callingPackage=com.google.android.gms componentName=AppsCorpus serviceId=36
10-11 21:43:09.868: I/Icing(2463): IndexChimeraService.getServiceInterface callingPackage=com.google.android.gms componentName=AppsCorpus serviceId=32
10-11 21:43:09.875: I/Icing(2463): Usage reports 0 indexed 0 rejected 0 imm upload false
10-11 21:43:09.878: I/Icing(2463): Usage reports 0 indexed 0 rejected 0 imm upload false
10-11 21:43:09.928: I/Remoter(1331): Saved screenshot to '/data/screenshots/__pmv__-0073.jpg'
10-11 21:43:10.033: D/AndroidRuntime(4842): >>>>>> START com.android.internal.os.RuntimeInit uid 0 <<<<<<
10-11 21:43:10.035: D/AndroidRuntime(4842): CheckJNI is OFF
10-11 21:43:10.046: D/ICU(4842): No timezone override file found: /data/misc/zoneinfo/current/icu/icu_tzdata.dat
10-11 21:43:10.046: D/ICU(4842): [ 10-11 21:43:10.050  4842: 4842 W/         ]
10-11 21:43:10.046: D/ICU(4842): Failed to bind-mount /system/lib/x86/cpuinfo as /proc/cpuinfo: No such file or directory
10-11 21:43:10.056: E/memtrack(4842): Couldn't load memtrack module (No such file or directory)
10-11 21:43:10.056: E/android.os.Debug(4842): failed to load memtrack module: -2
10-11 21:43:10.057: I/Radio-JNI(4842): register_android_hardware_Radio DONE
10-11 21:43:10.063: D/AndroidRuntime(4842): Calling main entry com.android.commands.input.Input
10-11 21:43:10.063: I/Input(4842): injectKeyEvent: KeyEvent { action=ACTION_DOWN, keyCode=KEYCODE_MENU, scanCode=0, metaState=0, flags=0x0, repeatCount=0, eventTime=6609398, downTime=6609398, deviceId=-1, source=0x101 }
10-11 21:43:10.065: I/Input(4842): injectKeyEvent: KeyEvent { action=ACTION_UP, keyCode=KEYCODE_MENU, scanCode=0, metaState=0, flags=0x0, repeatCount=0, eventTime=6609398, downTime=6609398, deviceId=-1, source=0x101 }
10-11 21:43:10.068: D/AndroidRuntime(4842): Shutting down VM
10-11 21:43:10.089: W/AudioTrack(1805): AUDIO_OUTPUT_FLAG_FAST denied by client; transfer 4, track 44100 Hz, output 48000 Hz
10-11 21:43:10.105: D/PhoneStatusBar(1805): disable: < expand icons* alerts system_info* back HOME RECENT clock SEARCH quick_settings >
10-11 21:43:10.129: I/ActivityManager(1720): Start proc 4854:com.google.android.apps.fitness/u0a40 for broadcast com.google.android.apps.fitness/.widget.TodayStatusWidgetProvider
10-11 21:43:10.149: D/AudioFlinger(1347): mixer(0xb4380000) throttle end: throttle time(11)
10-11 21:43:10.193: I/Icing(2463): Indexing 204CE89B405466DFDE20CC795393B566DAAC1583 from com.google.android.gms
10-11 21:43:10.194: I/Icing(2463): Indexing done 204CE89B405466DFDE20CC795393B566DAAC1583
10-11 21:43:10.229: D/PhoneStatusBar(1805): disable: < expand icons alerts system_info back HOME RECENT clock SEARCH quick_settings >
10-11 21:43:10.164: I/Binder_B(1720): type=1400 audit(0.0:141): avc: denied { ioctl } for path="socket:[38368]" dev="sockfs" ino=38368 ioctlcmd=7704 scontext=u:r:system_server:s0 tcontext=u:r:system_server:s0 tclass=unix_stream_socket permissive=1
10-11 21:43:10.289: D/AudioFlinger(1347): mixer(0xb4380000) throttle end: throttle time(3)
10-11 21:43:10.321: W/System(4854): ClassLoader referenced unknown path: /system/app/FitnessPrebuilt/lib/x86
10-11 21:43:10.164: I/Binder_B(1720): type=1400 audit(0.0:142): avc: denied { ioctl } for path="socket:[38368]" dev="sockfs" ino=38368 ioctlcmd=7704 scontext=u:r:system_server:s0 tcontext=u:r:system_server:s0 tclass=unix_stream_socket permissive=1
10-11 21:43:10.184: I/Binder_8(1720): type=1400 audit(0.0:143): avc: denied { ioctl } for path="socket:[38367]" dev="sockfs" ino=38367 ioctlcmd=7704 scontext=u:r:system_server:s0 tcontext=u:r:system_server:s0 tclass=unix_stream_socket permissive=1
10-11 21:43:10.344: I/Binder_8(1720): type=1400 audit(0.0:144): avc: denied { ioctl } for path="socket:[38367]" dev="sockfs" ino=38367 ioctlcmd=7704 scontext=u:r:system_server:s0 tcontext=u:r:system_server:s0 tclass=unix_stream_socket permissive=1
10-11 21:43:10.596: I/CastDatabase(2463): Opening the database
10-11 21:43:10.596: I/Authzen(2463): [DeviceStateSyncManager] Device state updated successfully
10-11 21:43:10.629: I/SQLiteCastDBHelper(2463): Creating cast database
10-11 21:43:10.633: I/SQLiteCastStore(2463): 0 CastNetworkInfo instances loaded, 0 CastDeviceInfo instances loaded, 0 paired guest mode devices loaded.
10-11 21:43:10.879: I/Icing(2463): Indexing 204CE89B405466DFDE20CC795393B566DAAC1583 from com.google.android.gms
10-11 21:43:10.926: I/Icing(2463): Indexing done 204CE89B405466DFDE20CC795393B566DAAC1583
10-11 21:43:11.039: I/GceGrallocRegionRegistry(1337): Mapped gralloc-1337.25 hnd=0xb6d54140 fd=17 base=0xb2d26000 format=RGBA_8888(0x1) width=1080 height=144
10-11 21:43:11.039: I/GceGrallocRegionRegistry(1337): Mapped gralloc-1337.26 hnd=0xb6d54180 fd=22 base=0xb2c8b000 format=RGBA_8888(0x1) width=1080 height=144
10-11 21:43:11.039: I/GceGrallocRegionRegistry(1337): Mapped gralloc-1337.27 hnd=0xb6d541c0 fd=23 base=0xb2bf0000 format=RGBA_8888(0x1) width=1080 height=144
10-11 21:43:11.044: I/RenderThread(1805): type=1400 audit(0.0:145): avc: denied { read } for path=2F6465762F6173686D656D2F6772616C6C6F632D313333372E3237202864656C6574656429 dev="tmpfs" ino=38443 scontext=u:r:platform_app:s0:c512,c768 tcontext=u:object_r:surfaceflinger_tmpfs:s0 tclass=file permissive=1
10-11 21:43:11.040: D/PhoneStatusBar(1805): disable: < expand icons alerts system_info back home* recent* clock search* quick_settings >
10-11 21:43:11.040: I/Choreographer(1805): Skipped 47 frames!  The application may be doing too much work on its main thread.
10-11 21:43:11.045: I/GceGrallocRegionRegistry(1805): Mapped gralloc-1337.27 hnd=0xa9cd6840 fd=53 base=0x98ce5000 format=RGBA_8888(0x1) width=1080 height=144
10-11 21:43:11.317: I/Remoter(1331): Saved screenshot to '/data/screenshots/__pmv__-0074.jpg'
10-11 21:43:11.395: I/CastSocket(2463): 23 >= 18. Adding new CastClientAuthKeyManager.
10-11 21:43:11.403: I/DiscoveryManager(2463): WifiGuestModeDeviceScanner enabled.
10-11 21:43:11.420: I/GceGrallocRegionRegistry(1805): Unmapped gralloc-1337.22 hnd=0x9fbd6f80 fd=50 base=0x9a486000
10-11 21:43:11.420: I/GceGrallocRegionRegistry(1805): Unmapped gralloc-1337.23 hnd=0x9d124440 fd=49 base=0x99c8c000
10-11 21:43:11.420: I/GceGrallocRegionRegistry(1805): Unmapped gralloc-1337.24 hnd=0x9c81e8c0 fd=51 base=0x99492000
10-11 21:43:11.420: I/GceGrallocRegionRegistry(1337): Unmapped gralloc-1337.23 hnd=0xb36cfb40 fd=24 base=0xabbcc000
10-11 21:43:11.422: I/GceGrallocRegionRegistry(1337): Unmapped gralloc-1337.24 hnd=0xb36cfa00 fd=27 base=0xab3d2000
10-11 21:43:11.427: I/GceGrallocRegionRegistry(1337): Mapped gralloc-1337.28 hnd=0xb36cf300 fd=24 base=0xb2b99000 format=RGBA_8888(0x1) width=1080 height=72
10-11 21:43:11.427: I/GceGrallocRegionRegistry(1805): Mapped gralloc-1337.28 hnd=0x9b7d3b00 fd=49 base=0x9d063000 format=RGBA_8888(0x1) width=1080 height=72
10-11 21:43:11.437: I/GceGrallocRegionRegistry(1337): Mapped gralloc-1337.29 hnd=0xb36cfa00 fd=27 base=0xb2b42000 format=RGBA_8888(0x1) width=1080 height=72
10-11 21:43:11.437: I/GceGrallocRegionRegistry(1805): Mapped gralloc-1337.29 hnd=0x9d2ce8c0 fd=50 base=0x9ac29000 format=RGBA_8888(0x1) width=1080 height=72
10-11 21:43:11.438: I/MediaRouter(2463): Found default route: MediaRouter.RouteInfo{ uniqueId=android/abd:DEFAULT_ROUTE, name=Phone, description=null, iconUri=null, enabled=true, connecting=false, connectionState=0, canDisconnect=false, playbackType=0, playbackStream=3, deviceType=0, volumeHandling=1, volume=11, volumeMax=15, presentationDisplayId=-1, extras=null, settingsIntent=null, providerPackageName=android }
10-11 21:43:11.529: I/GceGrallocRegionRegistry(1337): Unmapped gralloc-1337.22 hnd=0xb6d54480 fd=13 base=0xad3e1000
10-11 21:43:11.588: I/GceGrallocRegionRegistry(1805): Mapped gralloc-1337.26 hnd=0x9b797180 fd=51 base=0x9ab8e000 format=RGBA_8888(0x1) width=1080 height=144
10-11 21:43:11.602: I/GceGrallocRegionRegistry(1805): Mapped gralloc-1337.25 hnd=0x9b797240 fd=55 base=0x9aaf3000 format=RGBA_8888(0x1) width=1080 height=144
10-11 21:43:11.840: D/AndroidRuntime(4871): >>>>>> START com.android.internal.os.RuntimeInit uid 0 <<<<<<
10-11 21:43:11.841: D/AndroidRuntime(4871): CheckJNI is OFF
10-11 21:43:11.857: D/ICU(4871): No timezone override file found: /data/misc/zoneinfo/current/icu/icu_tzdata.dat
10-11 21:43:11.857: D/ICU(4871): [ 10-11 21:43:11.863  4871: 4871 W/         ]
10-11 21:43:11.857: D/ICU(4871): Failed to bind-mount /system/lib/x86/cpuinfo as /proc/cpuinfo: No such file or directory
10-11 21:43:11.872: E/memtrack(4871): Couldn't load memtrack module (No such file or directory)
10-11 21:43:11.872: E/android.os.Debug(4871): failed to load memtrack module: -2
10-11 21:43:11.873: I/Radio-JNI(4871): register_android_hardware_Radio DONE
10-11 21:43:11.883: D/AndroidRuntime(4871): Calling main entry com.android.commands.pm.Pm
10-11 21:43:11.884: I/art(4871): System.exit called, status: 0
10-11 21:43:11.884: I/AndroidRuntime(4871): VM exiting with result code 0.
10-11 21:43:12.156: D/AndroidRuntime(4887): >>>>>> START com.android.internal.os.RuntimeInit uid 0 <<<<<<
10-11 21:43:12.157: D/AndroidRuntime(4887): CheckJNI is OFF
10-11 21:43:12.168: D/ICU(4887): No timezone override file found: /data/misc/zoneinfo/current/icu/icu_tzdata.dat
10-11 21:43:12.168: D/ICU(4887): [ 10-11 21:43:12.172  4887: 4887 W/         ]
10-11 21:43:12.168: D/ICU(4887): Failed to bind-mount /system/lib/x86/cpuinfo as /proc/cpuinfo: No such file or directory
10-11 21:43:12.178: E/memtrack(4887): Couldn't load memtrack module (No such file or directory)
10-11 21:43:12.178: E/android.os.Debug(4887): failed to load memtrack module: -2
10-11 21:43:12.179: I/Radio-JNI(4887): register_android_hardware_Radio DONE
10-11 21:43:12.186: D/AndroidRuntime(4887): Calling main entry com.android.commands.am.Am
10-11 21:43:12.189: I/ActivityManager(1720): Force stopping com.google.android.apps.mtaas.tools appid=10076 user=0: start instr
10-11 21:43:12.200: I/ActivityManager(1720): Start proc 4895:com.google.android.apps.mtaas.tools/u0a76 for added application com.google.android.apps.mtaas.tools
10-11 21:43:12.264: W/System(4895): ClassLoader referenced unknown path: /data/app/com.google.android.apps.mtaas.tools-1/lib/x86
10-11 21:43:12.264: W/System(4895): ClassLoader referenced unknown path: /data/app/com.google.android.apps.mtaas.tools-1/lib/x86
10-11 21:43:12.266: I/ActivityManager(1720): Config changes=2004 {1.0 310mcc260mnc es ldltr sw360dp w360dp h568dp 480dpi nrml port finger qwerty/v/v -nav/h s.6}
10-11 21:43:12.272: I/GceGrallocRegionRegistry(1337): Mapped gralloc-1337.30 hnd=0xb36cf840 fd=29 base=0xaf586000 format=RGBA_8888(0x1) width=1080 height=1920
10-11 21:43:12.390: D/ChangeLocale(4895): Instrumentation completed successfully
10-11 21:43:12.390: W/art(1720): Long monitor contention event with owner method=void com.android.server.am.ActivityManagerService.updateConfiguration(android.content.res.Configuration) from ActivityManagerService.java:17391 waiters=1 for 118ms
10-11 21:43:12.392: I/ActivityManager(1720): Force stopping com.google.android.apps.mtaas.tools appid=10076 user=0: finished inst
10-11 21:43:12.392: I/ActivityManager(1720): Killing 4895:com.google.android.apps.mtaas.tools/u0a76 (adj 0): stop com.google.android.apps.mtaas.tools
10-11 21:43:12.405: D/AndroidRuntime(4887): Shutting down VM
10-11 21:43:12.446: D/ActivityManager(1720): cleanUpApplicationRecord -- 4895
10-11 21:43:12.505: I/art(2104): Starting a blocking GC Explicit
10-11 21:43:12.518: D/Finsky(4443): [1] ClearCacheReceiver.onReceive: Received android.intent.action.LOCALE_CHANGED. Clearing cache and exiting.
10-11 21:43:12.519: D/Volley(4443): [281] DiskBasedCache.clear: Cache cleared.
10-11 21:43:12.519: D/Volley(4443): [288] DiskBasedCache.clear: Cache cleared.
10-11 21:43:12.525: W/KeyphraseEnrollmentInfo(2041): Enrollment application doesn't support keyphrases
10-11 21:43:12.528: I/art(4443): System.exit called, status: 0
10-11 21:43:12.528: I/AndroidRuntime(4443): VM exiting with result code 0, cleanup skipped.
10-11 21:43:12.541: I/art(2104): Explicit concurrent mark sweep GC freed 32920(2MB) AllocSpace objects, 15(940KB) LOS objects, 39% free, 17MB/28MB, paused 122us total 24.398ms
10-11 21:43:12.541: I/art(2104): Starting a blocking GC Explicit
10-11 21:43:12.544: W/KeyphraseEnrollmentInfo(2041): Enrollment application doesn't support keyphrases
10-11 21:43:12.552: I/UpdateIcingCorporaServi(4488): Updating corpora: APPS=FORCE_ALL, CONTACTS=FORCE_ALL
10-11 21:43:12.553: I/art(2104): Explicit concurrent mark sweep GC freed 8192(456KB) AllocSpace objects, 1(24KB) LOS objects, 40% free, 16MB/27MB, paused 108us total 11.515ms
10-11 21:43:12.553: I/art(2104): Starting a blocking GC Explicit
10-11 21:43:12.558: I/ActivityManager(1720): Start proc 4923:com.google.android.calendar/u0a32 for broadcast com.google.android.calendar/com.android.calendar.alerts.AlertReceiver
10-11 21:43:12.558: I/art(2104): Explicit concurrent mark sweep GC freed 3(96B) AllocSpace objects, 0(0B) LOS objects, 40% free, 16MB/27MB, paused 115us total 5.029ms
10-11 21:43:12.561: I/ContactLocale(1996): AddressBook Labels [es]: [, A, B, C, D, E, F, G, H, I, J, K, L, M, N, , O, P, Q, R, S, T, U, V, W, X, Y, Z, , , , , , , , , , , , , , , , , , , , , , , , , , , , , , , , , , , , , , , , , , , , , , , , , , , , , , , , , , , , , , , , , , , , , , , , , , , , , , , , , , , , , , , , , , , , , , , , , , , , , , , , , , , , , , , , , , , , , , , , , , , , , , , , , , , , , , , , , , , , , , , , , , , , , , , , , , , , , , , , , , , , , , , , , , , , , , , , , , , , , , , , , , , #, ]
10-11 21:43:12.569: I/GceGrallocRegionRegistry(2104): Unmapped gralloc-1337.19 hnd=0x9c39e180 fd=33 base=0x9a2d2000
10-11 21:43:12.569: I/GceGrallocRegionRegistry(2104): Unmapped gralloc-1337.20 hnd=0x9c393680 fd=30 base=0x9aacc000
10-11 21:43:12.569: I/GceGrallocRegionRegistry(2104): Unmapped gralloc-1337.21 hnd=0xaa059a80 fd=29 base=0x9b2c6000
10-11 21:43:12.570: I/GceGrallocRegionRegistry(1337): Unmapped gralloc-1337.20 hnd=0xb36cf900 fd=35 base=0xae3d5000
10-11 21:43:12.571: I/GceGrallocRegionRegistry(1337): Unmapped gralloc-1337.21 hnd=0xb36cfa40 fd=36 base=0xac3c6000
10-11 21:43:12.571: I/Remoter(1331): Saved screenshot to '/data/screenshots/__pmv__-0075.jpg'
10-11 21:43:12.573: W/Launcher(2104): setApplicationContext called twice! old=android.app.Application@c83a728 new=android.app.Application@c83a728
10-11 21:43:12.575: I/ActivityManager(1720): Process com.android.vending (pid 4443) has died
10-11 21:43:12.575: D/ActivityManager(1720): cleanUpApplicationRecord -- 4443
10-11 21:43:12.576: I/ContactsProvider(1996): Locale has changed from en-US to es
10-11 21:43:12.577: I/ContactsDatabaseHelper(1996): Switching to locale es (ICU v55.1)
10-11 21:43:12.586: I/ContactsDatabaseHelper(1996): Locale change completed in 9ms
10-11 21:43:12.586: I/ContactsDatabaseHelper(1996): Switching to locale es (ICU v55.1)
10-11 21:43:12.639: I/ContactsDatabaseHelper(1996): Locale change completed in 53ms
10-11 21:43:12.643: I/GceGrallocRegionRegistry(1337): Unmapped gralloc-1337.19 hnd=0xb708d8c0 fd=33 base=0xaebcf000
10-11 21:43:12.703: I/ContactsFTS(1996): Rebuild contact search index in 62ms, 0 contacts
10-11 21:43:12.710: W/System(4923): ClassLoader referenced unknown path: /system/app/CalendarGooglePrebuilt/lib/x86
10-11 21:43:12.814: I/ActivityManager(1720): Start proc 4945:com.android.providers.calendar/u0a1 for content provider com.android.providers.calendar/.CalendarProvider2
10-11 21:43:12.882: W/ActivityManager(1720): Unable to start service Intent { act=com.google.android.gms.playlog.service.START pkg=com.google.android.gms } U=0: not found
10-11 21:43:12.882: W/ActivityManager(1720): Unbind failed: could not find connection for android.os.BinderProxy@70f2465
10-11 21:43:12.882: E/GmsClient(4923): unable to connect to service: com.google.android.gms.playlog.service.START
10-11 21:43:12.884: E/TimelyPrefService(4923): Primary account is null
10-11 21:43:12.887: W/System(4945): ClassLoader referenced unknown path: /system/priv-app/CalendarProvider/lib/x86
10-11 21:43:12.895: W/AnalyticsLogBase(4923): PlayLogger.onLoggerFailedConnection
10-11 21:43:12.896: I/CalendarProvider2(4945): Created com.android.providers.calendar.CalendarAlarmManager@2c2514b(com.android.providers.calendar.CalendarProvider2@c83a728)
10-11 21:43:12.979: W/art(1720): Long monitor contention event with owner method=java.lang.String android.content.res.StringBlock.nativeGetString(long, int) from StringBlock.java:4294967294 waiters=0 for 566ms
10-11 21:43:12.982: W/art(1720): Long monitor contention event with owner method=java.lang.String android.content.res.StringBlock.nativeGetString(long, int) from StringBlock.java:4294967294 waiters=1 for 274ms
10-11 21:43:13.017: I/ActivityManager(1720): Start proc 4968:com.google.android.talk/u0a50 for broadcast com.google.android.talk/com.google.android.apps.hangouts.service.LocaleChangeReceiver
10-11 21:43:13.027: I/Icing(2463): IndexChimeraService.getServiceInterface callingPackage=com.google.android.googlequicksearchbox componentName=null serviceId=36
10-11 21:43:13.066: I/InputMethodManagerService(1720): Selected default: com.google.android.inputmethod.latin/com.android.inputmethod.latin.LatinIME
10-11 21:43:13.068: W/InputMethodManagerService(1720): Illegal subtype state: old subtype = null, new subtype = android.view.inputmethod.InputMethodSubtype@30a6e00e
10-11 21:43:13.069: I/Choreographer(2104): Skipped 32 frames!  The application may be doing too much work on its main thread.
10-11 21:43:13.034: I/Binder_D(1720): type=1400 audit(0.0:146): avc: denied { ioctl } for path="socket:[38661]" dev="sockfs" ino=38661 ioctlcmd=7704 scontext=u:r:system_server:s0 tcontext=u:r:system_server:s0 tclass=unix_stream_socket permissive=1
10-11 21:43:13.082: D/AndroidRuntime(4942): >>>>>> START com.android.internal.os.RuntimeInit uid 0 <<<<<<
10-11 21:43:13.084: D/AndroidRuntime(4942): CheckJNI is OFF
10-11 21:43:13.109: I/Icing(2463): Usage reports 0 indexed 0 rejected 0 imm upload true
10-11 21:43:13.109: D/ICU(4942): No timezone override file found: /data/misc/zoneinfo/current/icu/icu_tzdata.dat
10-11 21:43:13.034: I/Binder_D(1720): type=1400 audit(0.0:147): avc: denied { ioctl } for path="socket:[38661]" dev="sockfs" ino=38661 ioctlcmd=7704 scontext=u:r:system_server:s0 tcontext=u:r:system_server:s0 tclass=unix_stream_socket permissive=1
10-11 21:43:13.034: I/Binder_D(1720): [ 10-11 21:43:13.116  4942: 4942 W/         ]
10-11 21:43:13.034: I/Binder_D(1720): Failed to bind-mount /system/lib/x86/cpuinfo as /proc/cpuinfo: No such file or directory
10-11 21:43:13.177: I/GceGrallocRegionRegistry(1337): Mapped gralloc-1337.31 hnd=0xb6d54240 fd=13 base=0xaed8c000 format=RGBA_8888(0x1) width=1080 height=1920
10-11 21:43:13.177: I/GceGrallocRegionRegistry(1337): Mapped gralloc-1337.32 hnd=0xb6d54280 fd=28 base=0xae592000 format=RGBA_8888(0x1) width=1080 height=1920
10-11 21:43:13.177: I/GceGrallocRegionRegistry(1337): Mapped gralloc-1337.33 hnd=0xb6d542c0 fd=30 base=0xad3e1000 format=RGBA_8888(0x1) width=1080 height=1920
10-11 21:43:13.211: I/GceGrallocRegionRegistry(1337): Mapped gralloc-1337.34 hnd=0xb36cf9c0 fd=31 base=0xb2aeb000 format=RGBA_8888(0x1) width=1080 height=72
10-11 21:43:13.212: I/GceGrallocRegionRegistry(1805): Mapped gralloc-1337.34 hnd=0x9942d0c0 fd=54 base=0x9aa9c000 format=RGBA_8888(0x1) width=1080 height=72
10-11 21:43:13.228: I/UpdateIcingCorporaServi(4488): UpdateCorporaTask done [took 676 ms] updated apps [took 561 ms] updated contacts [took 115 ms]
10-11 21:43:13.231: E/memtrack(4942): Couldn't load memtrack module (No such file or directory)
10-11 21:43:13.231: E/android.os.Debug(4942): failed to load memtrack module: -2
10-11 21:43:13.232: I/Radio-JNI(4942): register_android_hardware_Radio DONE
10-11 21:43:13.064: I/Binder_3(1720): type=1400 audit(0.0:148): avc: denied { ioctl } for path="socket:[37764]" dev="sockfs" ino=37764 ioctlcmd=7704 scontext=u:r:system_server:s0 tcontext=u:r:system_server:s0 tclass=unix_stream_socket permissive=1
10-11 21:43:13.332: D/AndroidRuntime(4942): Calling main entry com.android.commands.settings.SettingsCmd
10-11 21:43:13.381: D/AndroidRuntime(4942): Shutting down VM
10-11 21:43:13.064: I/Binder_3(1720): type=1400 audit(0.0:149): avc: denied { ioctl } for path="socket:[37764]" dev="sockfs" ino=37764 ioctlcmd=7704 scontext=u:r:system_server:s0 tcontext=u:r:system_server:s0 tclass=unix_stream_socket permissive=1
10-11 21:43:13.387: E/art(4942): Thread attaching while runtime is shutting down: Binder_2
10-11 21:43:13.387: I/AndroidRuntime(4942): NOTE: attach of thread 'Binder_2' failed
10-11 21:43:13.396: W/System(4968): ClassLoader referenced unknown path: /system/app/Hangouts/lib/x86
10-11 21:43:13.398: I/GceGrallocRegionRegistry(2104): Mapped gralloc-1337.33 hnd=0xadacc300 fd=29 base=0x9ab5d000 format=RGBA_8888(0x1) width=1080 height=1920
10-11 21:43:13.433: I/Keyboard.Facilitator(2047): onFinishInput()
10-11 21:43:13.434: I/WindowManager(1720): Screen frozen for +1s167ms due to Window{2cab945 u0 com.android.launcher3/com.android.launcher3.Launcher}
10-11 21:43:13.394: I/RenderThread(2104): type=1400 audit(0.0:150): avc: denied { read } for path=2F6465762F6173686D656D2F6772616C6C6F632D313333372E3333202864656C6574656429 dev="tmpfs" ino=37804 scontext=u:r:untrusted_app:s0:c512,c768 tcontext=u:object_r:surfaceflinger_tmpfs:s0 tclass=file permissive=1
10-11 21:43:13.404: I/Binder_A(1720): type=1400 audit(0.0:151): avc: denied { ioctl } for path="socket:[38367]" dev="sockfs" ino=38367 ioctlcmd=7704 scontext=u:r:system_server:s0 tcontext=u:r:system_server:s0 tclass=unix_stream_socket permissive=1
10-11 21:43:13.638: I/GceGrallocRegionRegistry(2104): Mapped gralloc-1337.32 hnd=0x9cde0080 fd=31 base=0x9a363000 format=RGBA_8888(0x1) width=1080 height=1920
10-11 21:43:13.654: I/Babel_SMS(4968): MmsConfig: mnc/mcc: 310/260
10-11 21:43:13.654: I/Babel_SMS(4968): MmsConfig.loadMmsSettings
10-11 21:43:13.658: W/Settings(4968): Setting airplane_mode_on has moved from android.provider.Settings.System to android.provider.Settings.Global, returning read-only value.
10-11 21:43:13.658: I/Babel_Crash(4968): startup - clean
10-11 21:43:13.659: I/Babel_SMS(4968): MmsConfig.loadDeviceMmsSettings from API: mUserAgent=, mUaProfUrl=
10-11 21:43:13.659: I/Babel_SMS(4968): MmsConfig.loadFromDatabase
10-11 21:43:13.696: E/SQLiteLog(4968): (1) no such table: mmsconfig
10-11 21:43:13.696: I/Babel_SMS(4968): MmsConfig: no mmsconfig table android.database.sqlite.SQLiteException: no such table: mmsconfig (code 1): , while compiling: SELECT key, value, type FROM mmsconfig WHERE numeric=?
10-11 21:43:13.696: I/Babel_SMS(4968): MmsConfig.loadFromResources
10-11 21:43:13.696: E/Babel_SMS(4968): canonicalizeMccMnc: invalid mccmnc nullnull
10-11 21:43:13.696: W/Babel_SMS(4968): MmsConfig: invalid key=userAgent or type=string
10-11 21:43:13.696: W/Babel_SMS(4968): MmsConfig: invalid key=uaProfUrl or type=string
10-11 21:43:13.718: I/Babel_telephony(4968): TeleModule.launchCompleted
10-11 21:43:13.718: I/Babel_SMS(4968): MmsConfig.loadMmsSettings: mUserAgent=Hangouts/4.1.102314611, mUaProfUrl=https://ssl.gstatic.com/android/hangouts/hangouts_mms_ua_profile.xml
10-11 21:43:13.720: I/Telecom(1720): PhoneAccountRegistrar: SimCallManager queried, returning: null
10-11 21:43:13.763: I/Babel_telephony(4968): TeleModule.updateConnectionManagerRegistration, registration preference changed from false to false
10-11 21:43:13.766: W/Babel(4968): BAM#gBA: invalid account id: -1
10-11 21:43:13.766: W/Babel(4968): BAM#gBA: invalid account id: -1
10-11 21:43:13.766: I/Babel_telephony(4968): TeleModule.updateIncomingCallRegistration, preferred account for incoming calls changed from: null to null
10-11 21:43:13.767: I/Telecom(1720): PhoneAccountRegistrar: SimCallManager queried, returning: null
10-11 21:43:13.778: I/SystemBroadcastReceiver(2047): System locale changed
10-11 21:43:13.805: I/ActivityManager(1720): Start proc 5013:com.google.android.apps.photos/u0a64 for broadcast com.google.android.apps.photos/com.google.android.libraries.social.notifications.impl.LocaleChangeReceiver
10-11 21:43:13.404: I/Binder_A(1720): type=1400 audit(0.0:152): avc: denied { ioctl } for path="socket:[38367]" dev="sockfs" ino=38367 ioctlcmd=7704 scontext=u:r:system_server:s0 tcontext=u:r:system_server:s0 tclass=unix_stream_socket permissive=1
10-11 21:43:13.877: I/VideoCapabilities(4968): Unsupported profile 4 for video/mp4v-es
10-11 21:43:13.893: W/art(1720): Long monitor contention event with owner method=void com.android.server.wm.WindowManagerService$H.handleMessage(android.os.Message) from WindowManagerService.java:7830 waiters=0 for 248ms
10-11 21:43:13.907: I/CalendarProvider2(4945): Sending notification intent: Intent { act=android.intent.action.PROVIDER_CHANGED dat=content://com.android.calendar flg=0x20000000 }
10-11 21:43:13.907: W/ContentResolver(4945): Failed to get type for: content://com.android.calendar (Unknown URL content://com.android.calendar)
10-11 21:43:13.947: I/IcingInternalCorpora(2463): Received calendar change notification.
10-11 21:43:13.950: I/vclib(4968): onServiceConnected
10-11 21:43:13.982: I/Remoter(1331): Saved screenshot to '/data/screenshots/__pmv__-0076.jpg'
10-11 21:43:13.992: W/System(5013): ClassLoader referenced unknown path: /system/app/Photos/lib/x86
10-11 21:43:14.125: I/Icing(2463): Indexing 9BB2D4B2293E15A7B9F84E2EEB8C08D9C4A0A3F5 from com.google.android.googlequicksearchbox
10-11 21:43:14.138: I/GceGrallocRegionRegistry(2104): Mapped gralloc-1337.31 hnd=0x9ecf80c0 fd=32 base=0x99b69000 format=RGBA_8888(0x1) width=1080 height=1920
10-11 21:43:14.255: I/MetadataService(1331): Processed 0 update/creates for instance/attributes/
10-11 21:43:14.255: I/MetadataService(1331): Processed 0 update/creates for project/attributes/
10-11 21:43:14.332: W/linker(4968): /data/app/com.google.android.gms-1/lib/x86/libconscrypt_gmscore_jni.so: unused DT entry: type 0x1d arg 0x91
10-11 21:43:14.353: V/NativeCrypto(4968): Registering com/google/android/gms/org/conscrypt/NativeCrypto's 259 native methods...
10-11 21:43:14.428: I/art(4968): Rejecting re-init on previously-failed class java.lang.Class<com.google.android.gms.org.conscrypt.OpenSSLExtendedSessionImpl>
10-11 21:43:14.429: I/art(4968): Rejecting re-init on previously-failed class java.lang.Class<com.google.android.gms.org.conscrypt.OpenSSLExtendedSessionImpl>
10-11 21:43:14.429: I/art(4968): Rejecting re-init on previously-failed class java.lang.Class<com.google.android.gms.org.conscrypt.OpenSSLExtendedSessionImpl>
10-11 21:43:14.430: I/GceGrallocRegionRegistry(1337): Unmapped gralloc-1337.30 hnd=0xb36cf840 fd=29 base=0xaf586000
10-11 21:43:14.512: I/ProviderInstaller(4968): Installed default security provider GmsCore_OpenSSL
10-11 21:43:14.569: I/Icing(2463): Indexing done 9BB2D4B2293E15A7B9F84E2EEB8C08D9C4A0A3F5
10-11 21:43:14.645: W/InstanceID/Rpc(5013): Found 10010
10-11 21:43:14.659: V/AlarmClock(4230): AlarmInitReceiver android.intent.action.LOCALE_CHANGED
10-11 21:43:14.244: I/gce.meta.proxy(976): type=1400 audit(0.0:153): avc: denied { create } for scontext=u:r:kernel:s0 tcontext=u:r:kernel:s0 tclass=tcp_socket permissive=1
10-11 21:43:14.732: W/Conscrypt(2392): Could not set socket write timeout:
10-11 21:43:14.732: W/Conscrypt(2392):    java.lang.reflect.Method.invoke(Native Method)
10-11 21:43:14.732: W/Conscrypt(2392):    com.google.android.gms.org.conscrypt.Platform.setSocketWriteTimeout(:com.google.android.gms@11519470:13)
10-11 21:43:14.773: V/AlarmClock(4230): AlarmInitReceiver finished
10-11 21:43:14.778: I/ActivityManager(1720): Start proc 5044:com.google.android.gm/u0a69 for broadcast com.google.android.gm/.MailIntentReceiver
10-11 21:43:14.815: W/Conscrypt(2392): Could not set socket write timeout:
10-11 21:43:14.815: W/Conscrypt(2392):    java.lang.reflect.Method.invoke(Native Method)
10-11 21:43:14.815: W/Conscrypt(2392):    com.google.android.gms.org.conscrypt.Platform.setSocketWriteTimeout(:com.google.android.gms@11519470:13)
10-11 21:43:14.254: I/gce.meta.proxy(976): type=1400 audit(0.0:154): avc: denied { name_connect } for dest=80 scontext=u:r:kernel:s0 tcontext=u:object_r:port:s0 tclass=tcp_socket permissive=1
10-11 21:43:14.899: W/System(5044): ClassLoader referenced unknown path: /system/app/PrebuiltGmail/lib/x86
10-11 21:43:14.913: D/AndroidRuntime(5018): >>>>>> START com.android.internal.os.RuntimeInit uid 0 <<<<<<
10-11 21:43:14.914: D/AndroidRuntime(5018): CheckJNI is OFF
10-11 21:43:14.935: D/ICU(5018): No timezone override file found: /data/misc/zoneinfo/current/icu/icu_tzdata.dat
10-11 21:43:14.935: D/ICU(5018): [ 10-11 21:43:14.941  5018: 5018 W/         ]
10-11 21:43:14.935: D/ICU(5018): Failed to bind-mount /system/lib/x86/cpuinfo as /proc/cpuinfo: No such file or directory
10-11 21:43:14.957: D/WVCdm(1347): Instantiating CDM.
10-11 21:43:14.958: D/ActivityThread(5044): Loading provider com.google.android.gmail.provider;com.android.mail.notifier;com.google.android.gm.email.provider;com.google.android.gm.email.notifier: com.android.email.provider.EmailProvider
10-11 21:43:14.960: I/Gmail(5044): getAccountsCursor
10-11 21:43:14.963: I/WVCdm(1347): CdmEngine::OpenSession
10-11 21:43:14.963: I/WVCdm(1347): Level3 Library Jun 15 2015 14:09:10
10-11 21:43:14.964: W/WVCdm(1347): Could not read /data/mediadrm/IDM1013/ay64.dat2: No such file or directory
10-11 21:43:14.964: W/WVCdm(1347): Could not load liboemcrypto.so. Falling back to L3.  dlopen failed: library "liboemcrypto.so" not found
10-11 21:43:14.966: E/memtrack(5018): Couldn't load memtrack module (No such file or directory)
10-11 21:43:14.967: E/android.os.Debug(5018): failed to load memtrack module: -2
10-11 21:43:14.968: I/Radio-JNI(5018): register_android_hardware_Radio DONE
10-11 21:43:14.972: I/WVCdm(1347): CdmEngine::QueryKeyControlInfo
10-11 21:43:14.979: D/AndroidRuntime(5018): Calling main entry com.android.commands.settings.SettingsCmd
10-11 21:43:14.980: W/WVCdm(1347): BufferReader::Read<T> : Failure during parse: Not enough bytes (4)
10-11 21:43:14.980: W/WVCdm(1347): CdmEngine::ExtractWidevinePssh: Unable to read atom size.
10-11 21:43:14.980: I/WVCdm(1347): CdmEngine::GenerateKeyRequest
10-11 21:43:14.980: D/WVCdm(1347): PrepareKeyRequest: nonce=2647799140
10-11 21:43:14.995: D/AndroidRuntime(5018): Shutting down VM
10-11 21:43:15.015: I/IcingInternalCorpora(2463): EventIndexer: starting incremental update
10-11 21:43:15.016: I/IcingInternalCorpora(2463): EventIndexer: 0 added, 0 removed, 0 changed, 0 unchanged, 0 errors.
10-11 21:43:15.016: I/IcingInternalCorpora(2463): EventIndexer: finished after 1 ms.
10-11 21:43:15.050: W/GAV2(5044): Thread[main,5,main]: Need to call initialize() and be in fallback mode to start dispatch.
10-11 21:43:15.077: E/Gmail(5044): Error finding the version of the Email provider.....
10-11 21:43:15.077: E/Gmail(5044): android.content.pm.PackageManager$NameNotFoundException: com.google.android.email
10-11 21:43:15.077: E/Gmail(5044): 	at android.app.ApplicationPackageManager.getPackageInfo(ApplicationPackageManager.java:137)
10-11 21:43:15.077: E/Gmail(5044): 	at com.google.android.gm.EmailMigrationService.a(SourceFile:1280)
10-11 21:43:15.077: E/Gmail(5044): 	at com.google.android.gm.EmailMigrationService.onHandleIntent(SourceFile:219)
10-11 21:43:15.077: E/Gmail(5044): 	at android.app.IntentService$ServiceHandler.handleMessage(IntentService.java:66)
10-11 21:43:15.077: E/Gmail(5044): 	at android.os.Handler.dispatchMessage(Handler.java:102)
10-11 21:43:15.077: E/Gmail(5044): 	at android.os.Looper.loop(Looper.java:148)
10-11 21:43:15.077: E/Gmail(5044): 	at android.os.HandlerThread.run(HandlerThread.java:61)
10-11 21:43:15.077: W/EmailMigration(5044): We do not support migrating this version of the Email provider.
10-11 21:43:15.087: I/NotifUtils(5044): resendNotifications cancelExisting: true, account: null, folder: null
10-11 21:43:15.096: I/Gmail(5044): getAccountsCursor
10-11 21:43:15.132: I/ActivityManager(1720): Start proc 5097:com.google.android.gm.exchange/u0a68 for service com.google.android.gm.exchange/com.android.exchange.service.EasService
10-11 21:43:15.159: W/ChimeraUtils(2463): Non Chimera context
10-11 21:43:15.200: I/Remoter(1331): Saved screenshot to '/data/screenshots/__pmv__-0077.jpg'
10-11 21:43:15.226: I/NotifUtils(5044): resendNotifications cancelExisting: true, account: null, folder: null
10-11 21:43:15.231: W/ActivityManager(1720): Unable to start service Intent { cmp=com.google.android.gm/com.android.email.service.AttachmentService } U=0: not found
10-11 21:43:15.246: I/Icing(2463): IndexChimeraService.getServiceInterface callingPackage=com.google.android.gms componentName=AppsCorpus serviceId=36
10-11 21:43:15.246: I/Icing(2463): IndexChimeraService.getServiceInterface callingPackage=com.google.android.gms componentName=AppsCorpus serviceId=32
10-11 21:43:15.249: I/Gmail(5044): getAccountsCursor
10-11 21:43:15.276: W/System(5097): ClassLoader referenced unknown path: /system/app/PrebuiltExchange3Google/lib/x86
10-11 21:43:15.298: I/Icing(2463): Query from com.google.android.gms package restrict com.google.android.gms start 0 num 100
10-11 21:43:15.305: I/Gmail(5044): Observing account changes for notifications
10-11 21:43:15.310: I/Icing(2463): Usage reports 0 indexed 0 rejected 0 imm upload false
10-11 21:43:15.311: W/GAV2(5097): Thread[main,5,main]: Need to call initialize() and be in fallback mode to start dispatch.
10-11 21:43:15.314: I/Icing(2463): Usage reports 0 indexed 0 rejected 0 imm upload false
10-11 21:43:15.317: I/Exchange(5097): EasService.onCreate
10-11 21:43:15.323: I/Exchange(5097): RestartPingTask
10-11 21:43:15.324: I/Icing(2463): IndexChimeraService.getServiceInterface callingPackage=com.google.android.gms componentName=AppsCorpus serviceId=36
10-11 21:43:15.324: I/Icing(2463): IndexChimeraService.getServiceInterface callingPackage=com.google.android.gms componentName=AppsCorpus serviceId=32
10-11 21:43:15.345: I/WVCdm(1347): CdmEngine::CloseSession
10-11 21:43:15.354: I/Icing(2463): Usage reports 0 indexed 0 rejected 0 imm upload false
10-11 21:43:15.356: I/Exchange(5097): RestartPingsTask did not start any pings.
10-11 21:43:15.356: I/Exchange(5097): PSS stopIfIdle
10-11 21:43:15.356: I/Exchange(5097): PSS has no active accounts; stopping service.
10-11 21:43:15.356: I/Exchange(5097): onDestroy
10-11 21:43:15.357: I/Icing(2463): Usage reports 0 indexed 0 rejected 0 imm upload false
10-11 21:43:15.144: I/Binder_1(2765): type=1400 audit(0.0:155): avc: denied { getattr } for name="/" dev="tracefs" ino=1 scontext=u:r:untrusted_app:s0:c512,c768 tcontext=u:object_r:unlabeled:s0 tclass=filesystem permissive=1
10-11 21:43:15.515: I/LocaleChangeIO(2392): Requesting GmsCore restart due to change in locale assets
10-11 21:43:15.516: I/Process(2463): Sending signal. PID: 2463 SIG: 9
10-11 21:43:15.516: I/Process(2765): Sending signal. PID: 2765 SIG: 9
10-11 21:43:15.522: I/Process(2392): Sending signal. PID: 2392 SIG: 9
10-11 21:43:15.566: D/GpsStatusListenerHelper(1720): Remote Listener died: android.location.IGpsStatusListener$Stub$Proxy@a24c455
10-11 21:43:15.566: I/ActivityManager(1720): Process com.google.android.gms.persistent (pid 2392) has died
10-11 21:43:15.566: D/ActivityManager(1720): cleanUpApplicationRecord -- 2392
10-11 21:43:15.566: E/lowmemorykiller(1335): Error opening /proc/2765/oom_score_adj; errno=2
10-11 21:43:15.573: D/WifiService(1720): Client connection lost with reason: 4
10-11 21:43:15.573: V/BackupManagerService(1720): Disconnected from transport ComponentInfo{com.google.android.gms/com.google.android.gms.backup.BackupTransportService}
10-11 21:43:15.573: V/BackupManagerService(1720): Registering transport com.google.android.gms/.backup.BackupTransportService::null = null
10-11 21:43:15.575: W/ActivityManager(1720): Exception when unbinding service com.google.android.gms/.droidguard.DroidGuardService
10-11 21:43:15.575: W/ActivityManager(1720): android.os.DeadObjectException
10-11 21:43:15.575: W/ActivityManager(1720): 	at android.os.BinderProxy.transactNative(Native Method)
10-11 21:43:15.575: W/ActivityManager(1720): 	at android.os.BinderProxy.transact(Binder.java:503)
10-11 21:43:15.575: W/ActivityManager(1720): 	at android.app.ApplicationThreadProxy.scheduleUnbindService(ApplicationThreadNative.java:956)
10-11 21:43:15.575: W/ActivityManager(1720): 	at com.android.server.am.ActiveServices.removeConnectionLocked(ActiveServices.java:1874)
10-11 21:43:15.575: W/ActivityManager(1720): 	at com.android.server.am.ActiveServices.killServicesLocked(ActiveServices.java:2237)
10-11 21:43:15.575: W/ActivityManager(1720): 	at com.android.server.am.ActivityManagerService.cleanUpApplicationRecordLocked(ActivityManagerService.java:15569)
10-11 21:43:15.575: W/ActivityManager(1720): 	at com.android.server.am.ActivityManagerService.handleAppDiedLocked(ActivityManagerService.java:4587)
10-11 21:43:15.575: W/ActivityManager(1720): 	at com.android.server.am.ActivityManagerService.appDiedLocked(ActivityManagerService.java:4751)
10-11 21:43:15.575: W/ActivityManager(1720): 	at com.android.server.am.ActivityManagerService$AppDeathRecipient.binderDied(ActivityManagerService.java:1326)
10-11 21:43:15.575: W/ActivityManager(1720): 	at android.os.BinderProxy.sendDeathNotice(Binder.java:558)
10-11 21:43:15.575: E/lowmemorykiller(1335): Error opening /proc/2765/oom_score_adj; errno=2
10-11 21:43:15.577: W/ActivityManager(1720): Scheduling restart of crashed service com.google.android.gms/.auth.setup.devicesignals.LockScreenService in 1000ms
10-11 21:43:15.577: W/ActivityManager(1720): Scheduling restart of crashed service com.google.android.gms/.common.stats.GmsCoreStatsService in 11000ms
10-11 21:43:15.577: W/ActivityManager(1720): Scheduling restart of crashed service com.google.android.gms/.usagereporting.service.UsageReportingService in 21000ms
10-11 21:43:15.577: W/ActivityManager(1720): Scheduling restart of crashed service com.google.android.gms/com.google.android.location.network.NetworkLocationService in 31000ms
10-11 21:43:15.577: W/ActivityManager(1720): Scheduling restart of crashed service com.google.android.gms/.gcm.GcmService in 41000ms
10-11 21:43:15.577: W/ActivityManager(1720): Scheduling restart of crashed service com.google.android.gms/com.google.android.location.internal.GoogleLocationManagerService in 51000ms
10-11 21:43:15.577: W/ActivityManager(1720): Scheduling restart of crashed service com.google.android.gms/.backup.BackupTransportService in 61000ms
10-11 21:43:15.577: W/ActivityManager(1720): Scheduling restart of crashed service com.google.android.gms/.chimera.PersistentIntentOperationService in 71000ms
10-11 21:43:15.577: W/ActivityManager(1720): Scheduling restart of crashed service com.google.android.gms/com.google.location.nearby.direct.service.NearbyDirectService in 81000ms
10-11 21:43:15.577: W/ActivityManager(1720): Scheduling restart of crashed service com.google.android.gms/com.google.android.location.reporting.service.ReportingAndroidService in 81000ms
10-11 21:43:15.577: W/ActivityManager(1720): Scheduling restart of crashed service com.google.android.gms/.chimera.PersistentBoundBrokerService in 91000ms
10-11 21:43:15.577: W/ActivityManager(1720): Scheduling restart of crashed service com.google.android.gms/.config.ConfigService in 101000ms
10-11 21:43:15.578: W/ActivityManager(1720): Scheduling restart of crashed service com.google.android.gms/.auth.account.be.legacy.AuthCronService in 111000ms
10-11 21:43:15.578: W/ActivityManager(1720): Scheduling restart of crashed service com.google.android.gms/com.google.android.location.internal.server.GoogleLocationService in 110999ms
10-11 21:43:15.578: W/ActivityManager(1720): Scheduling restart of crashed service com.google.android.gms/com.google.android.location.internal.server.HardwareArProviderService in 120999ms
10-11 21:43:15.578: W/ActivityManager(1720): Scheduling restart of crashed service com.google.android.gms/com.google.android.location.geofencer.service.GeofenceProviderService in 130999ms
10-11 21:43:15.578: W/ActivityManager(1720): Scheduling restart of crashed service com.google.android.gms/.clearcut.service.ClearcutLoggerService in 140999ms
10-11 21:43:15.578: W/ActivityManager(1720): Scheduling restart of crashed service com.google.android.gms/.auth.account.service.WorkAccountService in 150999ms
10-11 21:43:15.578: W/ActivityManager(1720): Scheduling restart of crashed service com.google.android.gms/.pseudonymous.service.PseudonymousIdService in 150999ms
10-11 21:43:15.578: W/ActivityManager(1720): Scheduling restart of crashed service com.google.android.gms/.deviceconnection.service.DeviceConnectionWatcherService in 160999ms
10-11 21:43:15.578: W/ActivityManager(1720): Scheduling restart of crashed service com.google.android.gms/.lockbox.service.LockboxBrokerService in 170999ms
10-11 21:43:15.578: W/ActivityManager(1720): Scheduling restart of crashed service com.google.android.gms/com.google.android.location.fused.FusedLocationService in 180999ms
10-11 21:43:15.578: W/ActivityManager(1720): Scheduling restart of crashed service com.google.android.gms/.phenotype.service.PhenotypeService in 190999ms
10-11 21:43:15.578: W/ActivityManager(1720): Scheduling restart of crashed service com.google.android.gms/com.google.android.location.geocode.GeocodeService in 200999ms
10-11 21:43:15.578: W/ActivityManager(1720): Scheduling restart of crashed service com.google.android.gms/.nearby.messages.service.NearbyMessagesService in 210999ms
10-11 21:43:15.578: W/ActivityManager(1720): Scheduling restart of crashed service com.google.android.gms/com.google.android.contextmanager.service.ContextManagerService in 220999ms
10-11 21:43:15.592: D/ConnectivityService(1720): ConnectivityService NetworkRequestInfo binderDied(NetworkRequest [ id=4, legacyType=-1, [ Capabilities: INTERNET&NOT_RESTRICTED&TRUSTED&NOT_VPN] ], android.os.BinderProxy@437ae6a)
10-11 21:43:15.592: D/ConnectivityService(1720): releasing NetworkRequest NetworkRequest [ id=4, legacyType=-1, [ Capabilities: INTERNET&NOT_RESTRICTED&TRUSTED&NOT_VPN] ]
10-11 21:43:15.599: D/WifiService(1720): Client connection lost with reason: 4
10-11 21:43:15.599: E/JavaBinder(1720): !!! FAILED BINDER TRANSACTION !!!  (parcel size = 88)
10-11 21:43:15.600: I/ActivityManager(1720): Process com.google.android.gms.unstable (pid 2765) has died
10-11 21:43:15.600: D/ActivityManager(1720): cleanUpApplicationRecord -- 2765
10-11 21:43:15.600: E/ConnectivityService(1720): RemoteException caught trying to send a callback msg for NetworkRequest [ id=4, legacyType=-1, [ Capabilities: INTERNET&NOT_RESTRICTED&TRUSTED&NOT_VPN] ]
10-11 21:43:15.601: I/ActivityManager(1720): Process com.google.android.gms (pid 2463) has died
10-11 21:43:15.601: D/ActivityManager(1720): cleanUpApplicationRecord -- 2463
10-11 21:43:15.601: W/ActivityManager(1720): Scheduling restart of crashed service com.google.android.gms/.ads.identifier.service.AdvertisingIdService in 80976ms
10-11 21:43:15.601: W/ActivityManager(1720): Scheduling restart of crashed service com.google.android.gms/.icing.service.IndexService in 230976ms
10-11 21:43:15.601: W/ActivityManager(1720): Scheduling restart of crashed service com.google.android.gms/.games.chimera.GamesAsyncServiceProxy in 240976ms
10-11 21:43:15.601: W/ActivityManager(1720): Scheduling restart of crashed service com.google.android.gms/.icing.service.IndexWorkerService in 240976ms
10-11 21:43:15.601: W/ActivityManager(1720): Scheduling restart of crashed service com.google.android.gms/.chimera.GmsIntentOperationService in 250976ms
10-11 21:43:15.609: D/AndroidRuntime(5137): >>>>>> START com.android.internal.os.RuntimeInit uid 0 <<<<<<
10-11 21:43:15.610: D/AndroidRuntime(5137): CheckJNI is OFF
10-11 21:43:15.623: I/ActivityManager(1720): Start proc 5142:com.google.android.gms.persistent/u0a10 for service com.google.android.gms/.clearcut.service.ClearcutLoggerService
10-11 21:43:15.628: D/ICU(5137): No timezone override file found: /data/misc/zoneinfo/current/icu/icu_tzdata.dat
10-11 21:43:15.628: D/ICU(5137): [ 10-11 21:43:15.633  5137: 5137 W/         ]
10-11 21:43:15.628: D/ICU(5137): Failed to bind-mount /system/lib/x86/cpuinfo as /proc/cpuinfo: No such file or directory
10-11 21:43:15.642: E/memtrack(5137): Couldn't load memtrack module (No such file or directory)
10-11 21:43:15.642: E/android.os.Debug(5137): failed to load memtrack module: -2
10-11 21:43:15.643: I/Radio-JNI(5137): register_android_hardware_Radio DONE
10-11 21:43:15.657: D/AndroidRuntime(5137): Calling main entry com.android.commands.am.Am
10-11 21:43:15.659: I/ActivityManager(1720): START u0 {flg=0x10000000 cmp=com.google.android.apps.mtaas.backdrop/.BackdropActivity} from uid 0 on display 0
10-11 21:43:15.668: D/AndroidRuntime(5137): Shutting down VM
10-11 21:43:15.680: I/ActivityManager(1720): Start proc 5154:com.google.android.apps.mtaas.backdrop/u0a78 for activity com.google.android.apps.mtaas.backdrop/.BackdropActivity
10-11 21:43:15.815: I/GceGrallocRegionRegistry(1337): Mapped gralloc-1337.35 hnd=0xb36cf7c0 fd=29 base=0xb161f000 format=RGBA_8888(0x1) width=1080 height=1776
10-11 21:43:15.815: I/GceGrallocRegionRegistry(1720): Mapped gralloc-1337.35 hnd=0x94ce1440 fd=134 base=0x93bdf000 format=RGBA_8888(0x1) width=1080 height=1776
10-11 21:43:15.814: I/android.display(1720): type=1400 audit(0.0:156): avc: denied { read } for path=2F6465762F6173686D656D2F6772616C6C6F632D313333372E3335202864656C6574656429 dev="tmpfs" ino=39224 scontext=u:r:system_server:s0 tcontext=u:object_r:surfaceflinger_tmpfs:s0 tclass=file permissive=1
10-11 21:43:15.867: W/System(5154): ClassLoader referenced unknown path: /data/app/com.google.android.apps.mtaas.backdrop-1/lib/x86
10-11 21:43:15.874: I/LoadedApk(5142): No resource references to update in package FFFFFFFFFFFFFFFFFFFFFF
10-11 21:43:15.998: W/linker(5142): /data/app/com.google.android.gms-1/lib/x86/libconscrypt_gmscore_jni.so: unused DT entry: type 0x1d arg 0x91
10-11 21:43:16.005: V/NativeCrypto(5142): Registering com/google/android/gms/org/conscrypt/NativeCrypto's 259 native methods...
10-11 21:43:16.013: W/art(1720): Long monitor contention event with owner method=void com.android.server.wm.WindowManagerService$H.handleMessage(android.os.Message) from WindowManagerService.java:7830 waiters=1 for 107ms
10-11 21:43:16.124: I/GceGrallocRegionRegistry(2104): Unmapped gralloc-1337.31 hnd=0x9ecf80c0 fd=32 base=0x99b69000
10-11 21:43:16.125: I/GceGrallocRegionRegistry(2104): Unmapped gralloc-1337.32 hnd=0x9cde0080 fd=31 base=0x9a363000
10-11 21:43:16.125: I/GceGrallocRegionRegistry(2104): Unmapped gralloc-1337.33 hnd=0xadacc300 fd=29 base=0x9ab5d000
10-11 21:43:16.126: I/GceGrallocRegionRegistry(1337): Unmapped gralloc-1337.32 hnd=0xb6d54280 fd=28 base=0xae592000
10-11 21:43:16.157: I/art(5142): Rejecting re-init on previously-failed class java.lang.Class<com.google.android.gms.org.conscrypt.OpenSSLExtendedSessionImpl>
10-11 21:43:16.157: I/art(5142): Rejecting re-init on previously-failed class java.lang.Class<com.google.android.gms.org.conscrypt.OpenSSLExtendedSessionImpl>
10-11 21:43:16.157: I/art(5142): Rejecting re-init on previously-failed class java.lang.Class<com.google.android.gms.org.conscrypt.OpenSSLExtendedSessionImpl>
10-11 21:43:16.172: I/GceGrallocRegionRegistry(1337): Unmapped gralloc-1337.31 hnd=0xb6d54240 fd=13 base=0xaed8c000
10-11 21:43:16.172: I/ProviderInstaller(5142): Installed default security provider GmsCore_OpenSSL
10-11 21:43:16.208: I/BackdropActivity(5154): android_id: 4027609706144920429
