10-11 21:44:18.694: I/MonitoringInstr(7030): Instrumentation started on process org.gnucash.android
10-11 21:44:18.697: I/MonitoringInstr(7030): Setting context classloader to 'dalvik.system.PathClassLoader[DexPathList[[zip file "/system/framework/android.test.runner.jar", zip file "/data/app/com.google.android.apps.mtaas.crawler-1/base.apk", zip file "/data/app/org.gnucash.android-1/base.apk"],nativeLibraryDirectories=[/data/app/com.google.android.apps.mtaas.crawler-1/lib/x86, /data/app/org.gnucash.android-1/lib/x86, /vendor/lib, /system/lib]]]', Original: 'dalvik.system.PathClassLoader[DexPathList[[zip file "/system/framework/android.test.runner.jar", zip file "/data/app/com.google.android.apps.mtaas.crawler-1/base.apk", zip file "/data/app/org.gnucash.android-1/base.apk"],nativeLibraryDirectories=[/data/app/com.google.android.apps.mtaas.crawler-1/lib/x86, /data/app/org.gnucash.android-1/lib/x86, /vendor/lib, /system/lib]]]'
10-11 21:44:18.697: D/ApplicationLifecycleMonitorImpl(7030): running callback: com.google.android.apps.mtaas.crawler.SignaturePatchingCallback@bdd28c5
10-11 21:44:18.702: I/Remoter(1331): Saved screenshot to '/data/screenshots/__pmv__-0135.jpg'
10-11 21:44:18.711: D/ApplicationLifecycleMonitorImpl(7030): callback completes: com.google.android.apps.mtaas.crawler.SignaturePatchingCallback@bdd28c5
10-11 21:44:18.744: D/UV(7030): https://by.uservoice.com/t/k/gnucash/d/g/track.js?_=1507772658744&c=_&d=eyJ1Ijp7ImFwcF92ZXJzaW9uX2NvZGUiOjIyMDA0LCJhbmRyb2lkX3ZlcnNpb24iOiI2LjAuMSIsImFwcF92ZXJzaW9uX25hbWUiOiIyLjIuMCJ9fQ%3D%3D
10-11 21:44:18.754: I/BookDbHelper(7030): No books found in database, creating default book
10-11 21:44:18.758: I/org.gnucash.android.db.DatabaseHelper(7030): Creating database tables
10-11 21:44:18.761: E/CommoditiesDbAdapter(7030): Commodity not found in the database: USD
10-11 21:44:18.761: E/CommoditiesDbAdapter(7030): Commodity not found in the database: EUR
10-11 21:44:18.761: E/CommoditiesDbAdapter(7030): Commodity not found in the database: GBP
10-11 21:44:18.761: E/CommoditiesDbAdapter(7030): Commodity not found in the database: CHF
10-11 21:44:18.761: E/CommoditiesDbAdapter(7030): Commodity not found in the database: CAD
10-11 21:44:18.761: E/CommoditiesDbAdapter(7030): Commodity not found in the database: JPY
10-11 21:44:18.762: E/CommoditiesDbAdapter(7030): Commodity not found in the database: AUD
10-11 21:44:18.762: E/GnuCash(7030): Unsupported ISO 3166 country: es
10-11 21:44:18.762: E/CommoditiesDbAdapter(7030): Commodity not found in the database: USD
10-11 21:44:18.766: I/CommoditiesDbAdapter(7030): Bulk adding 224 Commodity records to the database
10-11 21:44:18.887: E/GnuCash(7030): Unsupported ISO 3166 country: es
10-11 21:44:18.891: E/GnuCash(7030): Unsupported ISO 3166 country: es
10-11 21:44:18.891: V/AccountsDbAdapter(7030): Fetching all accounts from db where type= ? order by name ASC
10-11 21:44:18.893: E/GnuCash(7030): Unsupported ISO 3166 country: es
10-11 21:44:18.894: E/GnuCash(7030): Unsupported ISO 3166 country: es
10-11 21:44:18.894: I/AccountsDbAdapter(7030): Creating ROOT account
10-11 21:44:18.903: E/GnuCash(7030): Unsupported ISO 3166 country: es
10-11 21:44:18.907: E/GnuCash(7030): Unsupported ISO 3166 country: es
10-11 21:44:18.910: E/GnuCash(7030): Unsupported ISO 3166 country: es
10-11 21:44:18.911: E/GnuCash(7030): Unsupported ISO 3166 country: es
10-11 21:44:18.912: D/ApplicationLifecycleMonitorImpl(7030): running callback: com.google.android.apps.mtaas.crawler.SignaturePatchingCallback@bdd28c5
10-11 21:44:18.912: D/ApplicationLifecycleMonitorImpl(7030): callback completes: com.google.android.apps.mtaas.crawler.SignaturePatchingCallback@bdd28c5
10-11 21:44:18.912: I/MonitoringInstr(7030): No JSBridge.
10-11 21:44:18.913: I/MonitoringInstr(7030): Setting context classloader to 'dalvik.system.PathClassLoader[DexPathList[[zip file "/system/framework/android.test.runner.jar", zip file "/data/app/com.google.android.apps.mtaas.crawler-1/base.apk", zip file "/data/app/org.gnucash.android-1/base.apk"],nativeLibraryDirectories=[/data/app/com.google.android.apps.mtaas.crawler-1/lib/x86, /data/app/org.gnucash.android-1/lib/x86, /vendor/lib, /system/lib]]]', Original: 'dalvik.system.PathClassLoader[DexPathList[[zip file "/system/framework/android.test.runner.jar", zip file "/data/app/com.google.android.apps.mtaas.crawler-1/base.apk", zip file "/data/app/org.gnucash.android-1/base.apk"],nativeLibraryDirectories=[/data/app/com.google.android.apps.mtaas.crawler-1/lib/x86, /data/app/org.gnucash.android-1/lib/x86, /vendor/lib, /system/lib]]]'
10-11 21:44:18.916: I/UsageTrackerFacilitator(7030): Usage tracking disabled
10-11 21:44:18.919: D/TestExecutor(7030): Adding listener android.support.test.internal.runner.listener.LogRunListener
10-11 21:44:18.919: D/TestExecutor(7030): Adding listener android.support.test.internal.runner.listener.InstrumentationResultPrinter
10-11 21:44:18.919: D/TestExecutor(7030): Adding listener android.support.test.internal.runner.listener.ActivityFinisherRunListener
10-11 21:44:18.920: I/TestRunner(7030): run started: 1 tests
10-11 21:44:18.920: I/TestRunner(7030): started: testEntry(com.google.android.apps.mtaas.crawler.CrawlPlatform)
10-11 21:44:18.921: I/MonitoringInstr(7030): Activities that are still in CREATED to STOPPED: 0
10-11 21:44:18.943: I/System.out(6983): INFO: onBind
10-11 21:44:18.963: I/System.out(6983): Current launcher Package Name: com.android.launcher3
10-11 21:44:18.964: I/System.out(6983): INFO: Crawl guidance file does not exist.
10-11 21:44:18.965: I/System.out(6983): INFO: Robo script file is absent.
10-11 21:44:18.965: I/System.out(6983): INFO: Received 0 Robo script actions.
10-11 21:44:18.967: I/System.out(6983): INFO: RandomSeed of 1234 used in crawler.
10-11 21:44:18.967: I/System.out(6983): INFO: Depth First Search Crawler Strategy Employed.
10-11 21:44:18.972: I/System.out(6983): WARNING: Current package [INITIAL_SCREEN_PACKAGE_NAME] is out of whitelisted packages
10-11 21:44:18.972: I/System.out(6983): INFO: Platform is ready.
10-11 21:44:18.972: I/System.out(6983): INFO: New Screen: Optional.of(ScreenNode {Id=0, PackageName=INITIAL_SCREEN_PACKAGE_NAME, ActivityName=Optional.absent()})
10-11 21:44:18.973: I/LogcatReader(6983): Executing logcat command: /system/bin/logcat -v time *:V
10-11 21:44:18.986: D/MonitoringInstr(7030): execStartActivity(context, ibinder, ibinder, activity, intent, int, bundle
10-11 21:44:18.986: I/ActivityManager(1720): START u0 {act=android.intent.action.MAIN cat=[android.intent.category.LAUNCHER] flg=0x14000000 pkg=org.gnucash.android cmp=org.gnucash.android/.ui.account.AccountsActivity} from uid 10084 on display 0
10-11 21:44:18.988: I/GceGrallocRegionRegistry(1337): Mapped gralloc-1337.39 hnd=0xb6d54400 fd=39 base=0xb28a6000 format=RGBA_8888(0x1) width=576 height=576
10-11 21:44:18.989: I/GceGrallocRegionRegistry(1720): Mapped gralloc-1337.39 hnd=0x98e7f000 fd=182 base=0x98cfa000 format=RGBA_8888(0x1) width=576 height=576
10-11 21:44:18.989: I/GceGrallocRegionRegistry(1337): Unmapped gralloc-1337.39 hnd=0xb6d54400 fd=39 base=0xb28a6000
10-11 21:44:18.989: I/GceGrallocRegionRegistry(1337): Mapped gralloc-1337.39 hnd=0xb36cf5c0 fd=40 base=0xb28a6000 format=RGBA_8888(0x1) width=576 height=576
10-11 21:44:19.033: I/GceGrallocRegionRegistry(1720): Unmapped gralloc-1337.39 hnd=0x98e7f000 fd=182 base=0x98cfa000
10-11 21:44:19.044: I/GceGrallocRegionRegistry(1337): Unmapped gralloc-1337.39 hnd=0xb36cf5c0 fd=40 base=0xb28a6000
10-11 21:44:19.075: I/GceGrallocRegionRegistry(1337): Mapped gralloc-1337.40 hnd=0xb36cf540 fd=29 base=0xad3e1000 format=RGBA_8888(0x1) width=1080 height=1920
10-11 21:44:19.075: I/GceGrallocRegionRegistry(1720): Mapped gralloc-1337.40 hnd=0x98e7f740 fd=185 base=0x8fcc9000 format=RGBA_8888(0x1) width=1080 height=1920
10-11 21:44:19.092: D/LifecycleMonitor(7030): Lifecycle status change: org.gnucash.android.ui.account.AccountsActivity@a21f584 in: PRE_ON_CREATE
10-11 21:44:19.105: W/art(7030): Before Android 4.1, method android.graphics.PorterDuffColorFilter android.support.graphics.drawable.VectorDrawableCompat.updateTintFilter(android.graphics.PorterDuffColorFilter, android.content.res.ColorStateList, android.graphics.PorterDuff$Mode) would have incorrectly overridden the package-private method in android.graphics.drawable.Drawable
10-11 21:44:19.117: I/GceGrallocRegionRegistry(5154): Unmapped gralloc-1337.36 hnd=0x9f6ca2c0 fd=27 base=0x9c1be000
10-11 21:44:19.118: I/GceGrallocRegionRegistry(5154): Unmapped gralloc-1337.37 hnd=0x9f6ca480 fd=26 base=0x9c91f000
10-11 21:44:19.118: I/GceGrallocRegionRegistry(5154): Unmapped gralloc-1337.38 hnd=0x9f6ca400 fd=24 base=0x9d0df000
10-11 21:44:19.118: I/GceGrallocRegionRegistry(1337): Unmapped gralloc-1337.37 hnd=0xb6d54340 fd=30 base=0xaeebe000
10-11 21:44:19.151: I/GceGrallocRegionRegistry(1337): Unmapped gralloc-1337.36 hnd=0xb6d54300 fd=13 base=0xaf61f000
10-11 21:44:19.269: I/art(1720): Background partial concurrent mark sweep GC freed 58844(5MB) AllocSpace objects, 71(1420KB) LOS objects, 33% free, 23MB/35MB, paused 678us total 233.110ms
10-11 21:44:18.984: I/Binder_6(1720): type=1400 audit(0.0:206): avc: denied { read } for path=2F6465762F6173686D656D2F6772616C6C6F632D313333372E3339202864656C6574656429 dev="tmpfs" ino=51324 scontext=u:r:system_server:s0 tcontext=u:object_r:surfaceflinger_tmpfs:s0 tclass=file permissive=1
10-11 21:44:19.303: D/MonitoringInstr(7030): execStartActivity(context, ibinder, ibinder, activity, intent, int, bundle
10-11 21:44:19.303: I/ActivityManager(1720): START u0 {cmp=org.gnucash.android/.ui.wizard.FirstRunWizardActivity} from uid 10084 on display 0
10-11 21:44:19.356: E/Fabric(7030): Failed to retrieve settings from https://settings.crashlytics.com/spi/v2/platforms/android/apps/org.gnucash.android/settings
10-11 21:44:19.357: E/Answers(7030): Failed to retrieve settings
10-11 21:44:19.889: W/art(1720): Long monitor contention event with owner method=int com.android.server.am.ActivityStackSupervisor.startActivityMayWait(android.app.IApplicationThread, int, java.lang.String, android.content.Intent, java.lang.String, android.service.voice.IVoiceInteractionSession, com.android.internal.app.IVoiceInteractor, android.os.IBinder, java.lang.String, int, int, android.app.ProfilerInfo, android.app.IActivityManager$WaitResult, android.content.res.Configuration, android.os.Bundle, boolean, int, android.app.IActivityContainer, com.android.server.am.TaskRecord) from ActivityStackSupervisor.java:946 waiters=1 for 406ms
10-11 21:44:19.895: W/art(1720): Long monitor contention event with owner method=int com.android.server.am.ActivityStackSupervisor.startActivityMayWait(android.app.IApplicationThread, int, java.lang.String, android.content.Intent, java.lang.String, android.service.voice.IVoiceInteractionSession, com.android.internal.app.IVoiceInteractor, android.os.IBinder, java.lang.String, int, int, android.app.ProfilerInfo, android.app.IActivityManager$WaitResult, android.content.res.Configuration, android.os.Bundle, boolean, int, android.app.IActivityContainer, com.android.server.am.TaskRecord) from ActivityStackSupervisor.java:946 waiters=0 for 532ms
10-11 21:44:19.900: D/LifecycleMonitor(7030): Lifecycle status change: org.gnucash.android.ui.account.AccountsActivity@a21f584 in: CREATED
10-11 21:44:19.920: I/Remoter(1331): Saved screenshot to '/data/screenshots/__pmv__-0136.jpg'
10-11 21:44:19.927: W/SurfaceFlinger(1337): couldn't log to binary event log: overflow.
10-11 21:44:19.927: I/GceGrallocRegionRegistry(1337): Unmapped gralloc-1337.38 hnd=0xb6d54380 fd=35 base=0xae75d000
10-11 21:44:19.957: D/LifecycleMonitor(7030): Lifecycle status change: org.gnucash.android.ui.wizard.FirstRunWizardActivity@c4c806b in: PRE_ON_CREATE
10-11 21:44:19.957: E/GnuCash(7030): Unsupported ISO 3166 country: es
10-11 21:44:19.967: D/LifecycleMonitor(7030): Lifecycle status change: org.gnucash.android.ui.wizard.FirstRunWizardActivity@c4c806b in: CREATED
10-11 21:44:19.968: D/LifecycleMonitor(7030): Lifecycle status change: org.gnucash.android.ui.wizard.FirstRunWizardActivity@c4c806b in: STARTED
10-11 21:44:19.968: D/LifecycleMonitor(7030): Lifecycle status change: org.gnucash.android.ui.wizard.FirstRunWizardActivity@c4c806b in: RESUMED
10-11 21:44:19.973: D/OpenGLRenderer(7030): Use EGL_SWAP_BEHAVIOR_PRESERVED: true
10-11 21:44:19.974: I/GceGrallocRegionRegistry(7030): Mapped gralloc-1337.6 hnd=0x9d511400 fd=37 base=0x9c13f000 format=RGBA_8888(0x1) width=832 height=2048
10-11 21:44:19.964: I/Binder_5(1337): type=1400 audit(0.0:207): avc: denied { ioctl } for path="socket:[51446]" dev="sockfs" ino=51446 ioctlcmd=7704 scontext=u:r:surfaceflinger:s0 tcontext=u:r:surfaceflinger:s0 tclass=unix_stream_socket permissive=1
10-11 21:44:19.964: I/Binder_5(1337): type=1400 audit(0.0:208): avc: denied { ioctl } for path="socket:[51446]" dev="sockfs" ino=51446 ioctlcmd=7704 scontext=u:r:surfaceflinger:s0 tcontext=u:r:surfaceflinger:s0 tclass=unix_stream_socket permissive=1
10-11 21:44:20.057: I/OpenGLRenderer(7030): Initialized EGL, version 1.4
10-11 21:44:20.061: I/GceGrallocRegionRegistry(1337): Mapped gralloc-1337.41 hnd=0xb36cf580 fd=13 base=0xaf586000 format=RGBA_8888(0x1) width=1080 height=1920
10-11 21:44:20.061: I/GceGrallocRegionRegistry(1337): Mapped gralloc-1337.42 hnd=0xb0923000 fd=38 base=0xaed8c000 format=RGBA_8888(0x1) width=1080 height=1920
10-11 21:44:20.061: I/GceGrallocRegionRegistry(1337): Mapped gralloc-1337.43 hnd=0xb0923080 fd=39 base=0xae592000 format=RGBA_8888(0x1) width=1080 height=1920
10-11 21:44:19.964: I/Binder_5(1337): type=1400 audit(0.0:209): avc: denied { ioctl } for path="socket:[51449]" dev="sockfs" ino=51449 ioctlcmd=7704 scontext=u:r:surfaceflinger:s0 tcontext=u:r:surfaceflinger:s0 tclass=unix_stream_socket permissive=1
10-11 21:44:19.964: I/Binder_5(1337): type=1400 audit(0.0:210): avc: denied { ioctl } for path="socket:[51449]" dev="sockfs" ino=51449 ioctlcmd=7704 scontext=u:r:surfaceflinger:s0 tcontext=u:r:surfaceflinger:s0 tclass=unix_stream_socket permissive=1
10-11 21:44:19.964: I/gnucash.android(7030): type=1400 audit(0.0:211): avc: denied { read } for path=2F6465762F6173686D656D2F6772616C6C6F632D313333372E36202864656C6574656429 dev="tmpfs" ino=8497 scontext=u:r:untrusted_app:s0:c512,c768 tcontext=u:object_r:surfaceflinger_tmpfs:s0 tclass=file permissive=1
10-11 21:44:20.004: I/Binder_8(1720): type=1400 audit(0.0:212): avc: denied { ioctl } for path="socket:[51454]" dev="sockfs" ino=51454 ioctlcmd=7704 scontext=u:r:system_server:s0 tcontext=u:r:system_server:s0 tclass=unix_stream_socket permissive=1
10-11 21:44:20.004: I/Binder_8(1720): type=1400 audit(0.0:213): avc: denied { ioctl } for path="socket:[51454]" dev="sockfs" ino=51454 ioctlcmd=7704 scontext=u:r:system_server:s0 tcontext=u:r:system_server:s0 tclass=unix_stream_socket permissive=1
10-11 21:44:20.739: I/GceGrallocRegionRegistry(7030): Mapped gralloc-1337.43 hnd=0x9d620840 fd=38 base=0x995c6000 format=RGBA_8888(0x1) width=1080 height=1920
10-11 21:44:20.758: I/ActivityManager(1720): Displayed org.gnucash.android/.ui.wizard.FirstRunWizardActivity: +812ms (total +1s682ms)
10-11 21:44:20.759: I/Keyboard.Facilitator(2047): onFinishInput()
10-11 21:44:20.760: I/Choreographer(7030): Skipped 33 frames!  The application may be doing too much work on its main thread.
10-11 21:44:20.833: I/GceGrallocRegionRegistry(7030): Mapped gralloc-1337.42 hnd=0x9d6209c0 fd=44 base=0x98dcc000 format=RGBA_8888(0x1) width=1080 height=1920
10-11 21:44:20.754: I/Binder_E(1720): type=1400 audit(0.0:214): avc: denied { ioctl } for path="socket:[52614]" dev="sockfs" ino=52614 ioctlcmd=7704 scontext=u:r:system_server:s0 tcontext=u:r:system_server:s0 tclass=unix_stream_socket permissive=1
10-11 21:44:20.754: I/Binder_E(1720): type=1400 audit(0.0:215): avc: denied { ioctl } for path="socket:[52614]" dev="sockfs" ino=52614 ioctlcmd=7704 scontext=u:r:system_server:s0 tcontext=u:r:system_server:s0 tclass=unix_stream_socket permissive=1
10-11 21:44:20.754: I/Binder_3(1720): type=1400 audit(0.0:216): avc: denied { ioctl } for path="socket:[52613]" dev="sockfs" ino=52613 ioctlcmd=7704 scontext=u:r:system_server:s0 tcontext=u:r:system_server:s0 tclass=unix_stream_socket permissive=1
10-11 21:44:20.754: I/Binder_3(1720): type=1400 audit(0.0:217): avc: denied { ioctl } for path="socket:[52613]" dev="sockfs" ino=52613 ioctlcmd=7704 scontext=u:r:system_server:s0 tcontext=u:r:system_server:s0 tclass=unix_stream_socket permissive=1
10-11 21:44:21.087: I/GceGrallocRegionRegistry(1720): Unmapped gralloc-1337.40 hnd=0x98e7f740 fd=185 base=0x8fcc9000
10-11 21:44:21.118: D/InputManagerEventInjectionStrategy(7030): Creating injection strategy with input manager.
10-11 21:44:21.122: I/GceGrallocRegionRegistry(1337): Unmapped gralloc-1337.40 hnd=0xb36cf540 fd=29 base=0xad3e1000
10-11 21:44:21.125: D/LifecycleMonitor(7030): Lifecycle status change: org.gnucash.android.ui.account.AccountsActivity@a21f584 in: DESTROYED
10-11 21:44:21.147: I/ViewInteraction(7030): Performing 'Extracts screen state.' action on view is a root view.
10-11 21:44:21.159: W/ResourceType(7030): No known package when getting name for resource number 0xffffffff
10-11 21:44:21.195: I/Remoter(1331): Saved screenshot to '/data/screenshots/__pmv__-0137.jpg'
10-11 21:44:21.199: W/ResourceType(7030): No known package when getting name for resource number 0xffffffff
10-11 21:44:21.200: W/ResourceType(7030): No known package when getting name for resource number 0xffffffff
10-11 21:44:21.203: W/ResourceType(7030): No known package when getting name for resource number 0xffffffff
10-11 21:44:21.204: W/ResourceType(7030): No known package when getting name for resource number 0xffffffff
10-11 21:44:21.204: W/ResourceType(7030): No known package when getting name for resource number 0xffffffff
10-11 21:44:21.205: W/ResourceType(7030): No known package when getting name for resource number 0xffffffff
10-11 21:44:21.206: W/ResourceType(7030): No known package when getting name for resource number 0xffffffff
10-11 21:44:21.206: W/ResourceType(7030): No known package when getting name for resource number 0xffffffff
10-11 21:44:21.207: W/ResourceType(7030): No known package when getting name for resource number 0xffffffff
10-11 21:44:21.207: W/ResourceType(7030): No known package when getting name for resource number 0xffffffff
10-11 21:44:21.209: W/ResourceType(7030): No known package when getting name for resource number 0xffffffff
10-11 21:44:21.211: I/GceGrallocRegionRegistry(1337): Mapped gralloc-1337.44 hnd=0xb36cfac0 fd=41 base=0xad3e1000 format=RGBA_8888(0x1) width=1080 height=1920
10-11 21:44:21.212: I/GceGrallocRegionRegistry(7014): Mapped gralloc-1337.44 hnd=0xaf3df1c0 fd=11 base=0xacd89000 format=RGBA_8888(0x1) width=1080 height=1920
10-11 21:44:21.212: I/GceGrallocRegionRegistry(1337): Unmapped gralloc-1337.44 hnd=0xb36cfac0 fd=41 base=0xad3e1000
10-11 21:44:21.212: I/GceGrallocRegionRegistry(1337): Mapped gralloc-1337.44 hnd=0xb3755700 fd=42 base=0xad3e1000 format=RGBA_8888(0x1) width=1080 height=1920
10-11 21:44:21.309: I/System.out(6983): INFO: New Screen: Optional.of(ScreenNode {Id=1, PackageName=org.gnucash.android, ActivityName=Optional.of(org.gnucash.android.ui.wizard.FirstRunWizardActivity)})
10-11 21:44:21.335: I/GceGrallocRegionRegistry(1337): Unmapped gralloc-1337.44 hnd=0xb3755700 fd=42 base=0xad3e1000
10-11 21:44:21.488: I/System.out(6983): INFO: Finished all Robo script actions
10-11 21:44:21.495: W/ResourceType(7030): No package identifier when getting name for resource number 0x00000001
10-11 21:44:21.496: W/ResourceType(7030): No package identifier when getting name for resource number 0x00000001
10-11 21:44:21.496: W/ResourceType(7030): No package identifier when getting name for resource number 0x00000001
10-11 21:44:21.497: W/ResourceType(7030): No package identifier when getting name for resource number 0x00000001
10-11 21:44:21.497: I/ViewInteraction(7030): Performing 'fast swipe' action on view (with class name: is "android.support.v4.view.ViewPager" and with id: org.gnucash.android:id/pager and is a child at 1th index of the matching parent: (with class name: is "android.widget.LinearLayout" and with id: 1 (resource name not found) and is a child at 0th index of the matching parent: (with class name: is "android.support.v7.widget.ContentFrameLayout" and with id: android:id/content and is a child at 0th index of the matching parent: (with class name: is "android.support.v7.widget.ActionBarOverlayLayout" and with id: org.gnucash.android:id/decor_content_parent and is a child at 0th index of the matching parent: (with class name: is "android.widget.FrameLayout" and with id: 1 (resource name not found) and is a child at 1th index of the matching parent: (with class name: is "android.widget.LinearLayout" and with id: 1 (resource name not found) and is a child at 0th index of the matching parent: (with class name: is "com.android.internal.policy.PhoneWindow$DecorView" and with id: 1 (resource name not found) and is a root view.)))))))
10-11 21:44:21.503: I/GceLights(1720): set_light: dev 0xaf334f20 state 0x9d4783e4
10-11 21:44:21.503: I/GceLights(1720): set_light: state value -16053493
10-11 21:44:21.520: I/GceLights(1720): set_light: dev 0xaf334f20 state 0x9d4783e4
10-11 21:44:21.520: I/GceLights(1720): set_light: state value -15856114
10-11 21:44:21.536: I/GceLights(1720): set_light: dev 0xaf334f20 state 0x9d4783e4
10-11 21:44:21.536: I/GceLights(1720): set_light: state value -15592942
10-11 21:44:21.553: I/GceLights(1720): set_light: dev 0xaf334f20 state 0x9d4783e4
10-11 21:44:21.553: I/GceLights(1720): set_light: state value -15395563
10-11 21:44:21.570: I/GceLights(1720): set_light: dev 0xaf334f20 state 0x9d4783e4
10-11 21:44:21.570: I/GceLights(1720): set_light: state value -15198184
10-11 21:44:21.585: I/GceGrallocRegionRegistry(7030): Mapped gralloc-1337.41 hnd=0x9d620a00 fd=45 base=0x984cd000 format=RGBA_8888(0x1) width=1080 height=1920
10-11 21:44:21.587: I/GceLights(1720): set_light: dev 0xaf334f20 state 0x9d4783e4
10-11 21:44:21.587: I/GceLights(1720): set_light: state value -14935012
10-11 21:44:21.615: I/GceLights(1720): set_light: dev 0xaf334f20 state 0x9d4783e4
10-11 21:44:21.615: I/GceLights(1720): set_light: state value -14737633
10-11 21:44:21.620: I/GceLights(1720): set_light: dev 0xaf334f20 state 0x9d4783e4
10-11 21:44:21.620: I/GceLights(1720): set_light: state value -14540254
10-11 21:44:21.637: I/GceLights(1720): set_light: dev 0xaf334f20 state 0x9d4783e4
10-11 21:44:21.637: I/GceLights(1720): set_light: state value -14277082
10-11 21:44:21.654: I/GceLights(1720): set_light: dev 0xaf334f20 state 0x9d4783e4
10-11 21:44:21.654: I/GceLights(1720): set_light: state value -14079703
10-11 21:44:21.685: I/GceLights(1720): set_light: dev 0xaf334f20 state 0x9d4783e4
10-11 21:44:21.685: I/GceLights(1720): set_light: state value -13882324
10-11 21:44:21.687: I/GceLights(1720): set_light: dev 0xaf334f20 state 0x9d4783e4
10-11 21:44:21.687: I/GceLights(1720): set_light: state value -13619152
10-11 21:44:21.705: I/GceLights(1720): set_light: dev 0xaf334f20 state 0x9d4783e4
10-11 21:44:21.705: I/GceLights(1720): set_light: state value -13421773
10-11 21:44:21.721: I/GceLights(1720): set_light: dev 0xaf334f20 state 0x9d4783e4
10-11 21:44:21.721: I/GceLights(1720): set_light: state value -13224394
10-11 21:44:21.737: I/GceLights(1720): set_light: dev 0xaf334f20 state 0x9d4783e4
10-11 21:44:21.737: I/GceLights(1720): set_light: state value -12961222
10-11 21:44:21.754: I/GceLights(1720): set_light: dev 0xaf334f20 state 0x9d4783e4
10-11 21:44:21.754: I/GceLights(1720): set_light: state value -12763843
10-11 21:44:21.775: I/GceLights(1720): set_light: dev 0xaf334f20 state 0x9d4783e4
10-11 21:44:21.775: I/GceLights(1720): set_light: state value -12566464
10-11 21:44:21.788: I/GceLights(1720): set_light: dev 0xaf334f20 state 0x9d4783e4
10-11 21:44:21.788: I/GceLights(1720): set_light: state value -12303292
10-11 21:44:21.804: I/GceLights(1720): set_light: dev 0xaf334f20 state 0x9d4783e4
10-11 21:44:21.804: I/GceLights(1720): set_light: state value -12105913
10-11 21:44:21.821: I/GceLights(1720): set_light: dev 0xaf334f20 state 0x9d4783e4
10-11 21:44:21.821: I/GceLights(1720): set_light: state value -11842741
10-11 21:44:21.838: I/GceLights(1720): set_light: dev 0xaf334f20 state 0x9d4783e4
10-11 21:44:21.838: I/GceLights(1720): set_light: state value -11645362
10-11 21:44:21.855: I/GceLights(1720): set_light: dev 0xaf334f20 state 0x9d4783e4
10-11 21:44:21.855: I/GceLights(1720): set_light: state value -11447983
10-11 21:44:21.872: I/GceLights(1720): set_light: dev 0xaf334f20 state 0x9d4783e4
10-11 21:44:21.872: I/GceLights(1720): set_light: state value -11184811
10-11 21:44:21.889: I/GceLights(1720): set_light: dev 0xaf334f20 state 0x9d4783e4
10-11 21:44:21.889: I/GceLights(1720): set_light: state value -10987432
10-11 21:44:21.906: I/GceLights(1720): set_light: dev 0xaf334f20 state 0x9d4783e4
10-11 21:44:21.906: I/GceLights(1720): set_light: state value -10790053
10-11 21:44:21.923: I/GceLights(1720): set_light: dev 0xaf334f20 state 0x9d4783e4
10-11 21:44:21.923: I/GceLights(1720): set_light: state value -10526881
10-11 21:44:21.945: I/GceLights(1720): set_light: dev 0xaf334f20 state 0x9d4783e4
10-11 21:44:21.945: I/GceLights(1720): set_light: state value -10329502
10-11 21:44:21.959: I/GceLights(1720): set_light: dev 0xaf334f20 state 0x9d4783e4
10-11 21:44:21.959: I/GceLights(1720): set_light: state value -10066330
10-11 21:44:22.169: I/ViewInteraction(7030): Performing 'Extracts screen state.' action on view is a root view.
10-11 21:44:22.169: W/ResourceType(7030): No known package when getting name for resource number 0xffffffff
10-11 21:44:22.172: W/ResourceType(7030): No known package when getting name for resource number 0xffffffff
10-11 21:44:22.172: W/ResourceType(7030): No known package when getting name for resource number 0xffffffff
10-11 21:44:22.175: W/ResourceType(7030): No known package when getting name for resource number 0xffffffff
10-11 21:44:22.181: W/ResourceType(7030): No known package when getting name for resource number 0xffffffff
10-11 21:44:22.181: W/ResourceType(7030): No known package when getting name for resource number 0xffffffff
10-11 21:44:22.182: W/ResourceType(7030): No known package when getting name for resource number 0xffffffff
10-11 21:44:22.183: W/ResourceType(7030): No known package when getting name for resource number 0xffffffff
10-11 21:44:22.183: W/ResourceType(7030): No known package when getting name for resource number 0xffffffff
10-11 21:44:22.184: W/ResourceType(7030): No known package when getting name for resource number 0xffffffff
10-11 21:44:22.184: W/ResourceType(7030): No known package when getting name for resource number 0xffffffff
10-11 21:44:22.184: W/ResourceType(7030): No known package when getting name for resource number 0xffffffff
10-11 21:44:22.205: W/ResourceType(7030): No known package when getting name for resource number 0xffffffff
10-11 21:44:22.265: I/GceGrallocRegionRegistry(1337): Mapped gralloc-1337.45 hnd=0xb6d543c0 fd=41 base=0xad3e1000 format=RGBA_8888(0x1) width=1080 height=1920
10-11 21:44:22.266: I/GceGrallocRegionRegistry(7014): Mapped gralloc-1337.45 hnd=0xaf3df2c0 fd=12 base=0xac490000 format=RGBA_8888(0x1) width=1080 height=1920
10-11 21:44:22.266: I/GceGrallocRegionRegistry(1337): Unmapped gralloc-1337.45 hnd=0xb6d543c0 fd=41 base=0xad3e1000
10-11 21:44:22.266: I/GceGrallocRegionRegistry(1337): Mapped gralloc-1337.45 hnd=0xb36cfa80 fd=42 base=0xad3e1000 format=RGBA_8888(0x1) width=1080 height=1920
10-11 21:44:22.285: I/Remoter(1331): Saved screenshot to '/data/screenshots/__pmv__-0138.jpg'
10-11 21:44:22.326: I/GceGrallocRegionRegistry(7014): Unmapped gralloc-1337.44 hnd=0xaf3df1c0 fd=11 base=0xacd89000
10-11 21:44:22.339: I/System.out(6983): INFO: New Screen: Optional.of(ScreenNode {Id=2, PackageName=org.gnucash.android, ActivityName=Optional.of(org.gnucash.android.ui.wizard.FirstRunWizardActivity)})
10-11 21:44:22.364: I/GceGrallocRegionRegistry(1337): Unmapped gralloc-1337.45 hnd=0xb36cfa80 fd=42 base=0xad3e1000
10-11 21:44:22.519: W/ResourceType(7030): No package identifier when getting name for resource number 0x00000001
10-11 21:44:22.520: W/ResourceType(7030): No package identifier when getting name for resource number 0x00000001
10-11 21:44:22.520: W/ResourceType(7030): No package identifier when getting name for resource number 0x00000001
10-11 21:44:22.520: W/ResourceType(7030): No package identifier when getting name for resource number 0x00000001
10-11 21:44:22.521: W/ResourceType(7030): No package identifier when getting name for resource number 0x00000001
10-11 21:44:22.521: I/ViewInteraction(7030): Performing 'single click' action on view (with class name: is "android.support.v7.widget.AppCompatCheckedTextView" and with id: android:id/text1 and is a child at 1th index of the matching parent: (with class name: is "android.widget.ListView" and with id: android:id/list and is a child at 1th index of the matching parent: (with class name: is "android.widget.LinearLayout" and with id: 1 (resource name not found) and is a child at 1th index of the matching parent: (with class name: is "android.support.v4.view.ViewPager" and with id: org.gnucash.android:id/pager and is a child at 1th index of the matching parent: (with class name: is "android.widget.LinearLayout" and with id: 1 (resource name not found) and is a child at 0th index of the matching parent: (with class name: is "android.support.v7.widget.ContentFrameLayout" and with id: android:id/content and is a child at 0th index of the matching parent: (with class name: is "android.support.v7.widget.ActionBarOverlayLayout" and with id: org.gnucash.android:id/decor_content_parent and is a child at 0th index of the matching parent: (with class name: is "android.widget.FrameLayout" and with id: 1 (resource name not found) and is a child at 1th index of the matching parent: (with class name: is "android.widget.LinearLayout" and with id: 1 (resource name not found) and is a child at 0th index of the matching parent: (with class name: is "com.android.internal.policy.PhoneWindow$DecorView" and with id: 1 (resource name not found) and is a root view.))))))))))
10-11 21:44:22.805: D/AudioFlinger(1347): mixer(0xb4380000) throttle end: throttle time(11)
10-11 21:44:23.185: I/ViewInteraction(7030): Performing 'Extracts screen state.' action on view is a root view.
10-11 21:44:23.185: W/ResourceType(7030): No known package when getting name for resource number 0xffffffff
10-11 21:44:23.188: W/ResourceType(7030): No known package when getting name for resource number 0xffffffff
10-11 21:44:23.188: W/ResourceType(7030): No known package when getting name for resource number 0xffffffff
10-11 21:44:23.202: W/ResourceType(7030): No known package when getting name for resource number 0xffffffff
10-11 21:44:23.203: W/ResourceType(7030): No known package when getting name for resource number 0xffffffff
10-11 21:44:23.203: W/ResourceType(7030): No known package when getting name for resource number 0xffffffff
10-11 21:44:23.211: W/ResourceType(7030): No known package when getting name for resource number 0xffffffff
10-11 21:44:23.214: W/ResourceType(7030): No known package when getting name for resource number 0xffffffff
10-11 21:44:23.214: W/ResourceType(7030): No known package when getting name for resource number 0xffffffff
10-11 21:44:23.245: W/ResourceType(7030): No known package when getting name for resource number 0xffffffff
10-11 21:44:23.245: W/ResourceType(7030): No known package when getting name for resource number 0xffffffff
10-11 21:44:23.245: W/ResourceType(7030): No known package when getting name for resource number 0xffffffff
10-11 21:44:23.259: W/ResourceType(7030): No known package when getting name for resource number 0xffffffff
10-11 21:44:23.314: I/GceGrallocRegionRegistry(1337): Mapped gralloc-1337.46 hnd=0xb6d54500 fd=41 base=0xad3e1000 format=RGBA_8888(0x1) width=1080 height=1920
10-11 21:44:23.314: I/GceGrallocRegionRegistry(7014): Mapped gralloc-1337.46 hnd=0xb3f7f2c0 fd=11 base=0xabc96000 format=RGBA_8888(0x1) width=1080 height=1920
10-11 21:44:23.314: I/GceGrallocRegionRegistry(1337): Unmapped gralloc-1337.46 hnd=0xb6d54500 fd=41 base=0xad3e1000
10-11 21:44:23.314: I/GceGrallocRegionRegistry(1337): Mapped gralloc-1337.46 hnd=0xb6d544c0 fd=42 base=0xad3e1000 format=RGBA_8888(0x1) width=1080 height=1920
10-11 21:44:23.304: I/remoter(1331): type=1400 audit(0.0:218): avc: denied { create } for name="__pmv__-0139.jpg" scontext=u:r:gcelogwrapper:s0 tcontext=u:object_r:system_data_file:s0 tclass=file permissive=1
10-11 21:44:23.406: I/GceGrallocRegionRegistry(1337): Unmapped gralloc-1337.46 hnd=0xb6d544c0 fd=42 base=0xad3e1000
10-11 21:44:23.324: I/remoter(1331): type=1400 audit(0.0:219): avc: denied { write open } for path="/data/screenshots/__pmv__-0139.jpg" dev="loop6" ino=172045 scontext=u:r:gcelogwrapper:s0 tcontext=u:object_r:system_data_file:s0 tclass=file permissive=1
10-11 21:44:23.422: I/GceGrallocRegionRegistry(7014): Unmapped gralloc-1337.45 hnd=0xaf3df2c0 fd=12 base=0xac490000
10-11 21:44:23.475: I/System.out(6983): INFO: Already Exists: Optional.of(ScreenNode {Id=2, PackageName=org.gnucash.android, ActivityName=Optional.of(org.gnucash.android.ui.wizard.FirstRunWizardActivity)})
10-11 21:44:23.537: W/ResourceType(7030): No package identifier when getting name for resource number 0x00000001
10-11 21:44:23.538: W/ResourceType(7030): No package identifier when getting name for resource number 0x00000001
10-11 21:44:23.538: W/ResourceType(7030): No package identifier when getting name for resource number 0x00000001
10-11 21:44:23.538: W/ResourceType(7030): No package identifier when getting name for resource number 0x00000001
10-11 21:44:23.539: W/ResourceType(7030): No package identifier when getting name for resource number 0x00000001
10-11 21:44:23.539: I/ViewInteraction(7030): Performing 'single click' action on view (with class name: is "android.support.v7.widget.AppCompatCheckedTextView" and with id: android:id/text1 and is a child at 3th index of the matching parent: (with class name: is "android.widget.ListView" and with id: android:id/list and is a child at 1th index of the matching parent: (with class name: is "android.widget.LinearLayout" and with id: 1 (resource name not found) and is a child at 0th index of the matching parent: (with class name: is "android.support.v4.view.ViewPager" and with id: org.gnucash.android:id/pager and is a child at 1th index of the matching parent: (with class name: is "android.widget.LinearLayout" and with id: 1 (resource name not found) and is a child at 0th index of the matching parent: (with class name: is "android.support.v7.widget.ContentFrameLayout" and with id: android:id/content and is a child at 0th index of the matching parent: (with class name: is "android.support.v7.widget.ActionBarOverlayLayout" and with id: org.gnucash.android:id/decor_content_parent and is a child at 0th index of the matching parent: (with class name: is "android.widget.FrameLayout" and with id: 1 (resource name not found) and is a child at 1th index of the matching parent: (with class name: is "android.widget.LinearLayout" and with id: 1 (resource name not found) and is a child at 0th index of the matching parent: (with class name: is "com.android.internal.policy.PhoneWindow$DecorView" and with id: 1 (resource name not found) and is a root view.))))))))))
10-11 21:44:23.769: I/Remoter(1331): Saved screenshot to '/data/screenshots/__pmv__-0139.jpg'
10-11 21:44:23.744: I/remoter(1331): type=1400 audit(0.0:220): avc: denied { setattr } for name="__pmv__-0139.jpg" dev="loop6" ino=172045 scontext=u:r:gcelogwrapper:s0 tcontext=u:object_r:system_data_file:s0 tclass=file permissive=1
10-11 21:44:23.989: I/ViewInteraction(7030): Performing 'Extracts screen state.' action on view is a root view.
10-11 21:44:23.989: W/ResourceType(7030): No known package when getting name for resource number 0xffffffff
10-11 21:44:23.991: W/ResourceType(7030): No known package when getting name for resource number 0xffffffff
10-11 21:44:23.993: W/ResourceType(7030): No known package when getting name for resource number 0xffffffff
10-11 21:44:24.011: W/ResourceType(7030): No known package when getting name for resource number 0xffffffff
10-11 21:44:24.015: W/ResourceType(7030): No known package when getting name for resource number 0xffffffff
10-11 21:44:24.015: W/ResourceType(7030): No known package when getting name for resource number 0xffffffff
10-11 21:44:24.030: W/ResourceType(7030): No known package when getting name for resource number 0xffffffff
10-11 21:44:24.035: W/ResourceType(7030): No known package when getting name for resource number 0xffffffff
10-11 21:44:24.035: W/ResourceType(7030): No known package when getting name for resource number 0xffffffff
10-11 21:44:24.036: W/ResourceType(7030): No known package when getting name for resource number 0xffffffff
10-11 21:44:24.036: W/ResourceType(7030): No known package when getting name for resource number 0xffffffff
10-11 21:44:24.039: W/ResourceType(7030): No known package when getting name for resource number 0xffffffff
10-11 21:44:24.044: W/ResourceType(7030): No known package when getting name for resource number 0xffffffff
10-11 21:44:24.147: I/GceGrallocRegionRegistry(1337): Mapped gralloc-1337.47 hnd=0xb09230c0 fd=41 base=0xad3e1000 format=RGBA_8888(0x1) width=1080 height=1920
10-11 21:44:24.147: I/GceGrallocRegionRegistry(7014): Mapped gralloc-1337.47 hnd=0xaf3df1c0 fd=12 base=0xac490000 format=RGBA_8888(0x1) width=1080 height=1920
10-11 21:44:24.147: I/GceGrallocRegionRegistry(1337): Unmapped gralloc-1337.47 hnd=0xb09230c0 fd=41 base=0xad3e1000
10-11 21:44:24.147: I/GceGrallocRegionRegistry(1337): Mapped gralloc-1337.47 hnd=0xb36cfa80 fd=42 base=0xad3e1000 format=RGBA_8888(0x1) width=1080 height=1920
10-11 21:44:24.235: I/GceGrallocRegionRegistry(7014): Unmapped gralloc-1337.46 hnd=0xb3f7f2c0 fd=11 base=0xabc96000
10-11 21:44:24.237: I/GceGrallocRegionRegistry(1337): Unmapped gralloc-1337.47 hnd=0xb36cfa80 fd=42 base=0xad3e1000
10-11 21:44:24.255: I/System.out(6983): INFO: Already Exists: Optional.of(ScreenNode {Id=2, PackageName=org.gnucash.android, ActivityName=Optional.of(org.gnucash.android.ui.wizard.FirstRunWizardActivity)})
10-11 21:44:24.263: I/art(7030): Background partial concurrent mark sweep GC freed 15674(639KB) AllocSpace objects, 0(0B) LOS objects, 40% free, 20MB/34MB, paused 5.179ms total 15.284ms
10-11 21:44:24.264: W/ResourceType(7030): No package identifier when getting name for resource number 0x00000001
10-11 21:44:24.264: W/ResourceType(7030): No package identifier when getting name for resource number 0x00000001
10-11 21:44:24.265: W/ResourceType(7030): No package identifier when getting name for resource number 0x00000001
10-11 21:44:24.265: W/ResourceType(7030): No package identifier when getting name for resource number 0x00000001
10-11 21:44:24.265: W/ResourceType(7030): No package identifier when getting name for resource number 0x00000001
10-11 21:44:24.266: W/ResourceType(7030): No package identifier when getting name for resource number 0x00000001
10-11 21:44:24.266: I/ViewInteraction(7030): Performing 'single click' action on view (with class name: is "android.support.v7.widget.AppCompatButton" and with id: org.gnucash.android:id/btn_save and is a child at 1th index of the matching parent: (with class name: is "android.widget.LinearLayout" and with id: 1 (resource name not found) and is a child at 1th index of the matching parent: (with class name: is "android.widget.LinearLayout" and with id: 1 (resource name not found) and is a child at 2th index of the matching parent: (with class name: is "android.widget.LinearLayout" and with id: 1 (resource name not found) and is a child at 0th index of the matching parent: (with class name: is "android.support.v7.widget.ContentFrameLayout" and with id: android:id/content and is a child at 0th index of the matching parent: (with class name: is "android.support.v7.widget.ActionBarOverlayLayout" and with id: org.gnucash.android:id/decor_content_parent and is a child at 0th index of the matching parent: (with class name: is "android.widget.FrameLayout" and with id: 1 (resource name not found) and is a child at 1th index of the matching parent: (with class name: is "android.widget.LinearLayout" and with id: 1 (resource name not found) and is a child at 0th index of the matching parent: (with class name: is "com.android.internal.policy.PhoneWindow$DecorView" and with id: 1 (resource name not found) and is a root view.)))))))))
10-11 21:44:24.314: I/Keyboard.Facilitator(2047): onFinishInput()
10-11 21:44:24.350: D/AudioFlinger(1347): mixer(0xb4380000) throttle end: throttle time(10)
10-11 21:44:24.304: I/Binder_1(1720): type=1400 audit(0.0:221): avc: denied { ioctl } for path="socket:[52613]" dev="sockfs" ino=52613 ioctlcmd=7704 scontext=u:r:system_server:s0 tcontext=u:r:system_server:s0 tclass=unix_stream_socket permissive=1
10-11 21:44:24.304: I/Binder_1(1720): type=1400 audit(0.0:222): avc: denied { ioctl } for path="socket:[52613]" dev="sockfs" ino=52613 ioctlcmd=7704 scontext=u:r:system_server:s0 tcontext=u:r:system_server:s0 tclass=unix_stream_socket permissive=1
10-11 21:44:24.659: I/ViewInteraction(7030): Performing 'Extracts screen state.' action on view is a root view.
10-11 21:44:24.659: W/ResourceType(7030): No known package when getting name for resource number 0xffffffff
10-11 21:44:24.676: W/ResourceType(7030): No known package when getting name for resource number 0xffffffff
10-11 21:44:24.696: W/ResourceType(7030): No known package when getting name for resource number 0xffffffff
10-11 21:44:24.707: W/ResourceType(7030): No known package when getting name for resource number 0xffffffff
10-11 21:44:24.708: W/ResourceType(7030): No known package when getting name for resource number 0xffffffff
10-11 21:44:24.708: W/ResourceType(7030): No known package when getting name for resource number 0xffffffff
10-11 21:44:24.720: W/ResourceType(7030): No known package when getting name for resource number 0xffffffff
10-11 21:44:24.726: W/ResourceType(7030): No known package when getting name for resource number 0xffffffff
10-11 21:44:24.726: W/ResourceType(7030): No known package when getting name for resource number 0xffffffff
10-11 21:44:24.727: W/ResourceType(7030): No known package when getting name for resource number 0xffffffff
10-11 21:44:24.727: W/ResourceType(7030): No known package when getting name for resource number 0xffffffff
10-11 21:44:24.727: W/ResourceType(7030): No known package when getting name for resource number 0xffffffff
10-11 21:44:24.737: I/GceGrallocRegionRegistry(1337): Mapped gralloc-1337.48 hnd=0xb36cf940 fd=41 base=0xad3e1000 format=RGBA_8888(0x1) width=1080 height=1920
10-11 21:44:24.737: I/GceGrallocRegionRegistry(7014): Mapped gralloc-1337.48 hnd=0xb3f1c6c0 fd=11 base=0xabc96000 format=RGBA_8888(0x1) width=1080 height=1920
10-11 21:44:24.737: I/GceGrallocRegionRegistry(1337): Unmapped gralloc-1337.48 hnd=0xb36cf940 fd=41 base=0xad3e1000
10-11 21:44:24.737: I/GceGrallocRegionRegistry(1337): Mapped gralloc-1337.48 hnd=0xb6d544c0 fd=42 base=0xad3e1000 format=RGBA_8888(0x1) width=1080 height=1920
10-11 21:44:24.806: I/GceGrallocRegionRegistry(7014): Unmapped gralloc-1337.47 hnd=0xaf3df1c0 fd=12 base=0xac490000
10-11 21:44:24.815: I/GceGrallocRegionRegistry(1337): Unmapped gralloc-1337.48 hnd=0xb6d544c0 fd=42 base=0xad3e1000
10-11 21:44:24.852: I/System.out(6983): INFO: New Screen: Optional.of(ScreenNode {Id=3, PackageName=org.gnucash.android, ActivityName=Optional.of(org.gnucash.android.ui.wizard.FirstRunWizardActivity)})
10-11 21:44:24.925: I/Remoter(1331): Saved screenshot to '/data/screenshots/__pmv__-0140.jpg'
10-11 21:44:25.056: W/ResourceType(7030): No package identifier when getting name for resource number 0x00000001
10-11 21:44:25.056: W/ResourceType(7030): No package identifier when getting name for resource number 0x00000001
10-11 21:44:25.056: W/ResourceType(7030): No package identifier when getting name for resource number 0x00000001
10-11 21:44:25.057: W/ResourceType(7030): No package identifier when getting name for resource number 0x00000001
10-11 21:44:25.057: I/ViewInteraction(7030): Performing 'fast swipe' action on view (with class name: is "android.support.v4.view.ViewPager" and with id: org.gnucash.android:id/pager and is a child at 1th index of the matching parent: (with class name: is "android.widget.LinearLayout" and with id: 1 (resource name not found) and is a child at 0th index of the matching parent: (with class name: is "android.support.v7.widget.ContentFrameLayout" and with id: android:id/content and is a child at 0th index of the matching parent: (with class name: is "android.support.v7.widget.ActionBarOverlayLayout" and with id: org.gnucash.android:id/decor_content_parent and is a child at 0th index of the matching parent: (with class name: is "android.widget.FrameLayout" and with id: 1 (resource name not found) and is a child at 1th index of the matching parent: (with class name: is "android.widget.LinearLayout" and with id: 1 (resource name not found) and is a child at 0th index of the matching parent: (with class name: is "com.android.internal.policy.PhoneWindow$DecorView" and with id: 1 (resource name not found) and is a root view.)))))))
10-11 21:44:26.173: W/CursorWrapperInner(5154): Cursor finalized without prior close()
10-11 21:44:26.174: I/ActivityManager(1720): Killing 4923:com.google.android.calendar/u0a32 (adj 15): empty #17
10-11 21:44:26.219: D/ActivityManager(1720): cleanUpApplicationRecord -- 4923
10-11 21:44:26.228: I/Remoter(1331): Saved screenshot to '/data/screenshots/__pmv__-0141.jpg'
10-11 21:44:26.252: W/ConfigurationChimeraProvider(5142): Got null configs for com.google.android.gms.mdm
10-11 21:44:26.358: I/Keyboard.Facilitator(2047): onFinishInput()
10-11 21:44:26.354: I/Binder_E(1720): type=1400 audit(0.0:223): avc: denied { ioctl } for path="socket:[52613]" dev="sockfs" ino=52613 ioctlcmd=7704 scontext=u:r:system_server:s0 tcontext=u:r:system_server:s0 tclass=unix_stream_socket permissive=1
10-11 21:44:26.428: I/ViewInteraction(7030): Performing 'Extracts screen state.' action on view is a root view.
10-11 21:44:26.428: W/ResourceType(7030): No known package when getting name for resource number 0xffffffff
10-11 21:44:26.438: I/MDM(5180): [525] wtg.a: sending sitrep: [1, 11, [rKqTtKoE73Y9fm2jK9albbM8vxI], false]
10-11 21:44:26.444: W/ResourceType(7030): No known package when getting name for resource number 0xffffffff
10-11 21:44:26.445: W/ResourceType(7030): No known package when getting name for resource number 0xffffffff
10-11 21:44:26.451: W/ResourceType(7030): No known package when getting name for resource number 0xffffffff
10-11 21:44:26.505: W/ResourceType(7030): No known package when getting name for resource number 0xffffffff
10-11 21:44:26.505: W/ResourceType(7030): No known package when getting name for resource number 0xffffffff
10-11 21:44:26.354: I/Binder_E(1720): type=1400 audit(0.0:224): avc: denied { ioctl } for path="socket:[52613]" dev="sockfs" ino=52613 ioctlcmd=7704 scontext=u:r:system_server:s0 tcontext=u:r:system_server:s0 tclass=unix_stream_socket permissive=1
10-11 21:44:26.544: W/ResourceType(7030): No known package when getting name for resource number 0xffffffff
10-11 21:44:26.546: W/ResourceType(7030): No known package when getting name for resource number 0xffffffff
10-11 21:44:26.546: W/ResourceType(7030): No known package when getting name for resource number 0xffffffff
10-11 21:44:26.547: W/ResourceType(7030): No known package when getting name for resource number 0xffffffff
10-11 21:44:26.547: W/ResourceType(7030): No known package when getting name for resource number 0xffffffff
10-11 21:44:26.558: I/GceGrallocRegionRegistry(1337): Mapped gralloc-1337.49 hnd=0xb36cfa40 fd=41 base=0xad3e1000 format=RGBA_8888(0x1) width=1080 height=1920
10-11 21:44:26.558: I/GceGrallocRegionRegistry(7014): Mapped gralloc-1337.49 hnd=0xaf3df200 fd=12 base=0xac490000 format=RGBA_8888(0x1) width=1080 height=1920
10-11 21:44:26.558: I/GceGrallocRegionRegistry(1337): Unmapped gralloc-1337.49 hnd=0xb36cfa40 fd=41 base=0xad3e1000
10-11 21:44:26.558: I/GceGrallocRegionRegistry(1337): Mapped gralloc-1337.49 hnd=0xb36cfa80 fd=42 base=0xad3e1000 format=RGBA_8888(0x1) width=1080 height=1920
10-11 21:44:26.616: W/Auth(5142): [GetToken] GetToken failed with status code: INVALID_SCOPE
10-11 21:44:26.617: W/WakefulBroadcastReceiver(5180): No active wake lock id #4
10-11 21:44:26.627: I/GceGrallocRegionRegistry(7014): Unmapped gralloc-1337.48 hnd=0xb3f1c6c0 fd=11 base=0xabc96000
10-11 21:44:26.629: I/System.out(6983): INFO: New Screen: Optional.of(ScreenNode {Id=4, PackageName=org.gnucash.android, ActivityName=Optional.of(org.gnucash.android.ui.wizard.FirstRunWizardActivity)})
10-11 21:44:26.653: I/GceGrallocRegionRegistry(1337): Unmapped gralloc-1337.49 hnd=0xb36cfa80 fd=42 base=0xad3e1000
10-11 21:44:26.725: I/Finsky(6395): [1] com.google.android.finsky.k.c.a(22): Completed 1 account content syncs with 1 successful.
10-11 21:44:26.727: I/Finsky(6395): [1] com.google.android.finsky.services.e.a(5): Installation state replication succeeded.
10-11 21:44:26.738: I/Finsky(6395): [417] com.google.android.finsky.contentfilterui.m.a(8): Received content filters request from sharedUserId=com.google.uid.shared:10010
10-11 21:44:26.767: I/GoogleURLConnFactory(5142): Using platform SSLCertificateSocketFactory
10-11 21:44:26.776: I/GoogleURLConnFactory(5142): Using platform SSLCertificateSocketFactory
10-11 21:44:26.792: W/Auth(5142): [GetToken] GetToken failed with status code: INVALID_SCOPE
10-11 21:44:26.792: W/GLSActivity(5142): dzf: INVALID_SCOPE
