10-11 21:43:29.977: E/IntentOperationSvc(5180): Caused by: java.lang.NullPointerException: Attempt to invoke virtual method 'android.content.SharedPreferences android.content.Context.getSharedPreferences(java.lang.String, int)' on a null object reference
10-11 21:43:29.977: E/IntentOperationSvc(5180): 	at android.content.ContextWrapper.getSharedPreferences(ContextWrapper.java:171)
10-11 21:43:29.977: E/IntentOperationSvc(5180): 	at zbv.a(:com.google.android.gms@11519470:6)
10-11 21:43:29.977: E/IntentOperationSvc(5180): 	at com.google.android.gms.people.service.SettingsChangedBroadcastIntentOperation.<init>(:com.google.android.gms@11519470:2)
10-11 21:43:29.977: E/IntentOperationSvc(5180): 	... 6 more
10-11 21:43:29.977: W/OcrModelUpStIntentOp(5180): Invalid action: com.google.android.gms.phenotype.COMMITTED
10-11 21:43:29.980: I/PTCommittedOperation(5142): Receive new configuration for com.google.android.gms.ulr
10-11 21:43:29.997: I/NetRec(5142): [430] ClearDatabaseService.onHandleIntent: Clearing score cache
10-11 21:43:29.998: I/GCoreUlr(5142): Starting service, intent=Intent { act=com.google.android.location.reporting.ACTION_UPDATE_WORLD cmp=com.google.android.gms/com.google.android.location.reporting.service.DispatchingService (has extras) }, extras=Bundle[{receiverAction=com.google.gservices.intent.action.GSERVICES_CHANGED}]
10-11 21:43:29.999: I/NetRec(5142): [434] yjf.b: Cancelling all NetRec GCM tasks
10-11 21:43:30.038: I/GCoreUlr(5142): WorldUpdater received intent Intent { act=com.google.android.location.reporting.ACTION_UPDATE_WORLD cmp=com.google.android.gms/com.google.android.location.reporting.service.DispatchingService (has extras) } with receiverAction com.google.gservices.intent.action.GSERVICES_CHANGED
10-11 21:43:30.040: I/NetRec(5142): [434] ConfigChangedIntentOperation.onHandleIntent: Handling a Phenotype update
10-11 21:43:30.040: I/NetRec(5142): [434] yjf.b: onConfigChanged()
10-11 21:43:30.041: W/OcrModelUpStIntentOp(5180): Invalid action: com.google.android.gms.phenotype.COMMITTED
10-11 21:43:30.041: E/IntentOperationSvc(5180): Failed to instantiate Chimera operation impl com.google.android.gms.people.service.SettingsChangedBroadcastIntentOperation, dropping operation
10-11 21:43:30.041: E/IntentOperationSvc(5180): java.lang.reflect.InvocationTargetException
10-11 21:43:30.041: E/IntentOperationSvc(5180): 	at java.lang.reflect.Constructor.newInstance(Native Method)
10-11 21:43:30.041: E/IntentOperationSvc(5180): 	at bwj.a(:com.google.android.gms@11519470:8)
10-11 21:43:30.041: E/IntentOperationSvc(5180): 	at bwk.run(:com.google.android.gms@11519470:69)
10-11 21:43:30.041: E/IntentOperationSvc(5180): 	at java.util.concurrent.ThreadPoolExecutor.runWorker(ThreadPoolExecutor.java:1113)
10-11 21:43:30.041: E/IntentOperationSvc(5180): 	at java.util.concurrent.ThreadPoolExecutor$Worker.run(ThreadPoolExecutor.java:588)
10-11 21:43:30.041: E/IntentOperationSvc(5180): 	at java.lang.Thread.run(Thread.java:818)
10-11 21:43:30.041: E/IntentOperationSvc(5180): Caused by: java.lang.NullPointerException: Attempt to invoke virtual method 'android.content.SharedPreferences android.content.Context.getSharedPreferences(java.lang.String, int)' on a null object reference
10-11 21:43:30.041: E/IntentOperationSvc(5180): 	at android.content.ContextWrapper.getSharedPreferences(ContextWrapper.java:171)
10-11 21:43:30.041: E/IntentOperationSvc(5180): 	at zbv.a(:com.google.android.gms@11519470:6)
10-11 21:43:30.041: E/IntentOperationSvc(5180): 	at com.google.android.gms.people.service.SettingsChangedBroadcastIntentOperation.<init>(:com.google.android.gms@11519470:2)
10-11 21:43:30.041: E/IntentOperationSvc(5180): 	... 6 more
10-11 21:43:30.053: I/PTCommittedOperation(5142): Receive new configuration for com.google.android.gms
10-11 21:43:30.071: I/Remoter(1331): Saved screenshot to '/data/screenshots/__pmv__-0090.jpg'
10-11 21:43:30.086: I/NetRec(5142): [434] yjf.b: Cancelling all NetRec GCM tasks
10-11 21:43:30.086: I/NetRec(5142): [360] ClearDatabaseService.onHandleIntent: Clearing score cache
10-11 21:43:30.093: W/UdcContextManagerHelper(5142): Empty context buffer. Thus might mean that the context is not synced down.
10-11 21:43:30.093: W/UploadOptInStatusOp(5142): Empty context model while retrieving upload opt-in status!
10-11 21:43:30.106: I/GCoreUlr(5142): WorldUpdater:com.google.gservices.intent.action.GSERVICES_CHANGED: Ensuring that reporting is stopped because of reasons: {account#19#=[InactiveReason{mIdentifier=10, mName='AuthError'}, InactiveReason{mIdentifier=6, mName='ReportingNotEnabled'}, InactiveReason{mIdentifier=14, mName='HistoryNotEnabled'}]}
10-11 21:43:30.111: I/GCoreUlr(5142): Unbound from all location providers
10-11 21:43:30.111: I/GCoreUlr(5142): Place inference reporting - stop
10-11 21:43:30.112: I/GCoreUlr(5142): Unregistering for aliased place alerts.
10-11 21:43:30.115: E/ctxmgr(5142): [NetworkUtil]No active synchronizable contexts.
10-11 21:43:30.116: I/GCoreUlr(5142): DispatchingService.onDestroy()
10-11 21:43:30.116: I/GCoreUlr(5142): Stopping handler for UlrDispSvcFast
10-11 21:43:30.122: I/GCoreUlr(5142): Unbound from all location providers
10-11 21:43:30.122: I/GCoreUlr(5142): Place inference reporting - stop
10-11 21:43:30.123: I/GCoreUlr(5142): Unregistering for aliased place alerts.
10-11 21:43:30.135: I/Places(5142): ?: Couldn't find platform key file.
10-11 21:43:30.138: I/NetRec(5142): [434] ConfigChangedIntentOperation.onHandleIntent: Handling a Phenotype update
10-11 21:43:30.138: I/NetRec(5142): [434] yjf.b: onConfigChanged()
10-11 21:43:30.145: I/NetRec(5142): [434] yjf.b: Cancelling all NetRec GCM tasks
10-11 21:43:30.152: W/OcrModelUpStIntentOp(5180): Invalid action: com.google.android.gms.phenotype.COMMITTED
10-11 21:43:30.152: E/IntentOperationSvc(5180): Failed to instantiate Chimera operation impl com.google.android.gms.people.service.SettingsChangedBroadcastIntentOperation, dropping operation
10-11 21:43:30.152: E/IntentOperationSvc(5180): java.lang.reflect.InvocationTargetException
10-11 21:43:30.152: E/IntentOperationSvc(5180): 	at java.lang.reflect.Constructor.newInstance(Native Method)
10-11 21:43:30.152: E/IntentOperationSvc(5180): 	at bwj.a(:com.google.android.gms@11519470:8)
10-11 21:43:30.152: E/IntentOperationSvc(5180): 	at bwk.run(:com.google.android.gms@11519470:69)
10-11 21:43:30.152: E/IntentOperationSvc(5180): 	at java.util.concurrent.ThreadPoolExecutor.runWorker(ThreadPoolExecutor.java:1113)
10-11 21:43:30.152: E/IntentOperationSvc(5180): 	at java.util.concurrent.ThreadPoolExecutor$Worker.run(ThreadPoolExecutor.java:588)
10-11 21:43:30.152: E/IntentOperationSvc(5180): 	at java.lang.Thread.run(Thread.java:818)
10-11 21:43:30.152: E/IntentOperationSvc(5180): Caused by: java.lang.NullPointerException: Attempt to invoke virtual method 'android.content.SharedPreferences android.content.Context.getSharedPreferences(java.lang.String, int)' on a null object reference
10-11 21:43:30.152: E/IntentOperationSvc(5180): 	at android.content.ContextWrapper.getSharedPreferences(ContextWrapper.java:171)
10-11 21:43:30.152: E/IntentOperationSvc(5180): 	at zbv.a(:com.google.android.gms@11519470:6)
10-11 21:43:30.152: E/IntentOperationSvc(5180): 	at com.google.android.gms.people.service.SettingsChangedBroadcastIntentOperation.<init>(:com.google.android.gms@11519470:2)
10-11 21:43:30.152: E/IntentOperationSvc(5180): 	... 6 more
10-11 21:43:30.153: I/NetRec(5142): [430] ClearDatabaseService.onHandleIntent: Clearing score cache
10-11 21:43:30.153: I/PTCommittedOperation(5142): Receive new configuration for com.google.android.gms.tron.metrics
10-11 21:43:30.155: I/GeofencerStateMachine(5142): removeGeofences: removeRequest=RemoveGeofencingRequest[REMOVE_BY_PENDING_INTENT pendingIntent=PendingIntent[creatorPackage=com.google.android.gms], packageName=null]
10-11 21:43:30.155: I/Places(5142): ?: Couldn't find platform key file.
10-11 21:43:30.157: I/GeofencerStateMachine(5142): removeGeofences: removeRequest=RemoveGeofencingRequest[REMOVE_BY_PENDING_INTENT pendingIntent=PendingIntent[creatorPackage=com.google.android.gms], packageName=null]
10-11 21:43:30.171: I/CAR.SERVICE(5731): Skip, no clients bound.
10-11 21:43:30.177: I/GeofencerStateMachine(5142): removeGeofences: removeRequest=RemoveGeofencingRequest[REMOVE_BY_PENDING_INTENT pendingIntent=PendingIntent[creatorPackage=com.google.android.gms], packageName=null]
10-11 21:43:30.178: I/GeofencerStateMachine(5142): removeGeofences: removeRequest=RemoveGeofencingRequest[REMOVE_BY_PENDING_INTENT pendingIntent=PendingIntent[creatorPackage=com.google.android.gms], packageName=null]
10-11 21:43:30.178: I/GeofencerStateMachine(5142): removeGeofences: removeRequest=RemoveGeofencingRequest[REMOVE_BY_PENDING_INTENT pendingIntent=PendingIntent[creatorPackage=com.google.android.gms], packageName=null]
10-11 21:43:30.184: I/Auth(5142): [ReflectiveChannelBinder] Successfully bound channel!
10-11 21:43:30.184: I/GeofencerStateMachine(5142): removeGeofences: removeRequest=RemoveGeofencingRequest[REMOVE_BY_PENDING_INTENT pendingIntent=PendingIntent[creatorPackage=com.google.android.gms], packageName=null]
10-11 21:43:30.204: I/NetRec(5142): [434] ConfigChangedIntentOperation.onHandleIntent: Handling a Phenotype update
10-11 21:43:30.204: I/NetRec(5142): [434] yjf.b: onConfigChanged()
10-11 21:43:30.205: W/OcrModelUpStIntentOp(5180): Invalid action: com.google.android.gms.phenotype.COMMITTED
10-11 21:43:30.205: E/IntentOperationSvc(5180): Failed to instantiate Chimera operation impl com.google.android.gms.people.service.SettingsChangedBroadcastIntentOperation, dropping operation
10-11 21:43:30.205: E/IntentOperationSvc(5180): java.lang.reflect.InvocationTargetException
10-11 21:43:30.205: E/IntentOperationSvc(5180): 	at java.lang.reflect.Constructor.newInstance(Native Method)
10-11 21:43:30.205: E/IntentOperationSvc(5180): 	at bwj.a(:com.google.android.gms@11519470:8)
10-11 21:43:30.205: E/IntentOperationSvc(5180): 	at bwk.run(:com.google.android.gms@11519470:69)
10-11 21:43:30.205: E/IntentOperationSvc(5180): 	at java.util.concurrent.ThreadPoolExecutor.runWorker(ThreadPoolExecutor.java:1113)
10-11 21:43:30.205: E/IntentOperationSvc(5180): 	at java.util.concurrent.ThreadPoolExecutor$Worker.run(ThreadPoolExecutor.java:588)
10-11 21:43:30.205: E/IntentOperationSvc(5180): 	at java.lang.Thread.run(Thread.java:818)
10-11 21:43:30.205: E/IntentOperationSvc(5180): Caused by: java.lang.NullPointerException: Attempt to invoke virtual method 'android.content.SharedPreferences android.content.Context.getSharedPreferences(java.lang.String, int)' on a null object reference
10-11 21:43:30.205: E/IntentOperationSvc(5180): 	at android.content.ContextWrapper.getSharedPreferences(ContextWrapper.java:171)
10-11 21:43:30.205: E/IntentOperationSvc(5180): 	at zbv.a(:com.google.android.gms@11519470:6)
10-11 21:43:30.205: E/IntentOperationSvc(5180): 	at com.google.android.gms.people.service.SettingsChangedBroadcastIntentOperation.<init>(:com.google.android.gms@11519470:2)
10-11 21:43:30.205: E/IntentOperationSvc(5180): 	... 6 more
10-11 21:43:30.205: I/PTCommittedOperation(5142): Receive new configuration for com.google.android.location
10-11 21:43:30.210: I/NetRec(5142): [434] yjf.b: Cancelling all NetRec GCM tasks
10-11 21:43:30.217: I/NetRec(5142): [360] ClearDatabaseService.onHandleIntent: Clearing score cache
10-11 21:43:30.226: W/Conscrypt(5142): Could not set socket write timeout:
10-11 21:43:30.227: W/Conscrypt(5142):    java.lang.reflect.Method.invoke(Native Method)
10-11 21:43:30.227: W/Conscrypt(5142):    com.google.android.gms.org.conscrypt.Platform.setSocketWriteTimeout(:com.google.android.gms@11519470:13)
10-11 21:43:30.229: I/ActivityManager(1720): Killing 4968:com.google.android.talk/u0a50 (adj 15): empty #17
10-11 21:43:30.264: W/Conscrypt(5142): Could not set socket write timeout:
10-11 21:43:30.272: W/Conscrypt(5142):    java.lang.reflect.Method.invoke(Native Method)
10-11 21:43:30.272: W/Conscrypt(5142):    com.google.android.gms.org.conscrypt.Platform.setSocketWriteTimeout(:com.google.android.gms@11519470:13)
10-11 21:43:30.305: D/ActivityManager(1720): cleanUpApplicationRecord -- 4968
10-11 21:43:30.308: I/NetRec(5142): [434] ConfigChangedIntentOperation.onHandleIntent: Handling a Phenotype update
10-11 21:43:30.308: I/NetRec(5142): [434] yjf.b: onConfigChanged()
10-11 21:43:30.309: I/PTCommittedOperation(5142): Receive new configuration for com.google.android.gms.telephonyspam
10-11 21:43:30.310: W/OcrModelUpStIntentOp(5180): Invalid action: com.google.android.gms.phenotype.COMMITTED
10-11 21:43:30.310: E/IntentOperationSvc(5180): Failed to instantiate Chimera operation impl com.google.android.gms.people.service.SettingsChangedBroadcastIntentOperation, dropping operation
10-11 21:43:30.310: E/IntentOperationSvc(5180): java.lang.reflect.InvocationTargetException
10-11 21:43:30.310: E/IntentOperationSvc(5180): 	at java.lang.reflect.Constructor.newInstance(Native Method)
10-11 21:43:30.310: E/IntentOperationSvc(5180): 	at bwj.a(:com.google.android.gms@11519470:8)
10-11 21:43:30.310: E/IntentOperationSvc(5180): 	at bwk.run(:com.google.android.gms@11519470:69)
10-11 21:43:30.310: E/IntentOperationSvc(5180): 	at java.util.concurrent.ThreadPoolExecutor.runWorker(ThreadPoolExecutor.java:1113)
10-11 21:43:30.310: E/IntentOperationSvc(5180): 	at java.util.concurrent.ThreadPoolExecutor$Worker.run(ThreadPoolExecutor.java:588)
10-11 21:43:30.310: E/IntentOperationSvc(5180): 	at java.lang.Thread.run(Thread.java:818)
10-11 21:43:30.310: E/IntentOperationSvc(5180): Caused by: java.lang.NullPointerException: Attempt to invoke virtual method 'android.content.SharedPreferences android.content.Context.getSharedPreferences(java.lang.String, int)' on a null object reference
10-11 21:43:30.310: E/IntentOperationSvc(5180): 	at android.content.ContextWrapper.getSharedPreferences(ContextWrapper.java:171)
10-11 21:43:30.310: E/IntentOperationSvc(5180): 	at zbv.a(:com.google.android.gms@11519470:6)
10-11 21:43:30.310: E/IntentOperationSvc(5180): 	at com.google.android.gms.people.service.SettingsChangedBroadcastIntentOperation.<init>(:com.google.android.gms@11519470:2)
10-11 21:43:30.310: E/IntentOperationSvc(5180): 	... 6 more
10-11 21:43:30.320: I/NetRec(5142): [435] ClearDatabaseService.onHandleIntent: Clearing score cache
10-11 21:43:30.323: I/NetRec(5142): [434] yjf.b: Cancelling all NetRec GCM tasks
10-11 21:43:30.355: W/Auth(5142): [GetToken] GetToken failed with status code: INVALID_SCOPE
10-11 21:43:30.355: W/AuthSessionAuthenticato(5142): Auth related exception is being ignored: INVALID_SCOPE
10-11 21:43:30.364: W/GLSUser(5142): [DeviceKeyStore] Cannot load key: Device key file not found.
10-11 21:43:30.366: I/NetRec(5142): [434] ConfigChangedIntentOperation.onHandleIntent: Handling a Phenotype update
10-11 21:43:30.366: I/NetRec(5142): [434] yjf.b: onConfigChanged()
10-11 21:43:30.367: E/IntentOperationSvc(5180): Failed to instantiate Chimera operation impl com.google.android.gms.people.service.SettingsChangedBroadcastIntentOperation, dropping operation
10-11 21:43:30.367: E/IntentOperationSvc(5180): java.lang.reflect.InvocationTargetException
10-11 21:43:30.367: E/IntentOperationSvc(5180): 	at java.lang.reflect.Constructor.newInstance(Native Method)
10-11 21:43:30.367: E/IntentOperationSvc(5180): 	at bwj.a(:com.google.android.gms@11519470:8)
10-11 21:43:30.367: E/IntentOperationSvc(5180): 	at bwk.run(:com.google.android.gms@11519470:69)
10-11 21:43:30.367: E/IntentOperationSvc(5180): 	at java.util.concurrent.ThreadPoolExecutor.runWorker(ThreadPoolExecutor.java:1113)
10-11 21:43:30.367: E/IntentOperationSvc(5180): 	at java.util.concurrent.ThreadPoolExecutor$Worker.run(ThreadPoolExecutor.java:588)
10-11 21:43:30.367: E/IntentOperationSvc(5180): 	at java.lang.Thread.run(Thread.java:818)
10-11 21:43:30.367: E/IntentOperationSvc(5180): Caused by: java.lang.NullPointerException: Attempt to invoke virtual method 'android.content.SharedPreferences android.content.Context.getSharedPreferences(java.lang.String, int)' on a null object reference
10-11 21:43:30.367: E/IntentOperationSvc(5180): 	at android.content.ContextWrapper.getSharedPreferences(ContextWrapper.java:171)
10-11 21:43:30.367: E/IntentOperationSvc(5180): 	at zbv.a(:com.google.android.gms@11519470:6)
10-11 21:43:30.367: E/IntentOperationSvc(5180): 	at com.google.android.gms.people.service.SettingsChangedBroadcastIntentOperation.<init>(:com.google.android.gms@11519470:2)
10-11 21:43:30.367: E/IntentOperationSvc(5180): 	... 6 more
10-11 21:43:30.367: W/OcrModelUpStIntentOp(5180): Invalid action: com.google.android.gms.phenotype.COMMITTED
10-11 21:43:30.369: I/PTCommittedOperation(5142): Receive new configuration for com.google.android.gms.herrevad
10-11 21:43:30.370: I/NetRec(5142): [434] yjf.b: Cancelling all NetRec GCM tasks
10-11 21:43:30.375: W/GLSUser(5142): [DeviceKeyStore] Cannot load key: Device key file not found.
10-11 21:43:30.376: I/NetRec(5142): [430] ClearDatabaseService.onHandleIntent: Clearing score cache
10-11 21:43:30.376: I/NetRec(5142): [434] ConfigChangedIntentOperation.onHandleIntent: Handling a Phenotype update
10-11 21:43:30.376: I/NetRec(5142): [434] yjf.b: onConfigChanged()
10-11 21:43:30.377: I/NetRec(5142): [434] yjf.b: Cancelling all NetRec GCM tasks
10-11 21:43:30.379: I/NetRec(5142): [430] ClearDatabaseService.onHandleIntent: Clearing score cache
10-11 21:43:30.380: E/ctxmgr(5142): [BaseServerTask]Server task (FetchAclSet) got error statusCode=-1.
10-11 21:43:30.380: E/ctxmgr(5142): com.android.volley.VolleyError: Unable to obtain auth token - is the device online?
10-11 21:43:30.380: E/ctxmgr(5142): 	at ciz.a(:com.google.android.gms@11519470:39)
10-11 21:43:30.380: E/ctxmgr(5142): 	at cei.run(:com.google.android.gms@11519470:2)
10-11 21:43:30.380: E/ctxmgr(5142): 	at ceg.handleMessage(:com.google.android.gms@11519470:3)
10-11 21:43:30.380: E/ctxmgr(5142): 	at mme.run(:com.google.android.gms@11519470:6)
10-11 21:43:30.380: E/ctxmgr(5142): 	at mmo.run(:com.google.android.gms@11519470:25)
10-11 21:43:30.380: E/ctxmgr(5142): 	at java.util.concurrent.ThreadPoolExecutor.runWorker(ThreadPoolExecutor.java:1113)
10-11 21:43:30.380: E/ctxmgr(5142): 	at java.util.concurrent.ThreadPoolExecutor$Worker.run(ThreadPoolExecutor.java:588)
10-11 21:43:30.380: E/ctxmgr(5142): 	at mrv.run(:com.google.android.gms@11519470)
10-11 21:43:30.380: E/ctxmgr(5142): 	at java.lang.Thread.run(Thread.java:818)
10-11 21:43:30.393: W/UdcContextManagerHelper(5142): Empty context buffer. Thus might mean that the context is not synced down.
10-11 21:43:30.393: W/UploadOptInStatusOp(5142): Empty context model while retrieving upload opt-in status!
10-11 21:43:30.395: I/NetRec(5142): [434] ConfigChangedIntentOperation.onHandleIntent: Handling a Phenotype update
10-11 21:43:30.395: I/NetRec(5142): [434] yjf.b: onConfigChanged()
10-11 21:43:30.396: E/IntentOperationSvc(5180): Failed to instantiate Chimera operation impl com.google.android.gms.people.service.SettingsChangedBroadcastIntentOperation, dropping operation
10-11 21:43:30.396: E/IntentOperationSvc(5180): java.lang.reflect.InvocationTargetException
10-11 21:43:30.396: E/IntentOperationSvc(5180): 	at java.lang.reflect.Constructor.newInstance(Native Method)
10-11 21:43:30.396: E/IntentOperationSvc(5180): 	at bwj.a(:com.google.android.gms@11519470:8)
10-11 21:43:30.396: E/IntentOperationSvc(5180): 	at bwk.run(:com.google.android.gms@11519470:69)
10-11 21:43:30.396: E/IntentOperationSvc(5180): 	at java.util.concurrent.ThreadPoolExecutor.runWorker(ThreadPoolExecutor.java:1113)
10-11 21:43:30.396: E/IntentOperationSvc(5180): 	at java.util.concurrent.ThreadPoolExecutor$Worker.run(ThreadPoolExecutor.java:588)
10-11 21:43:30.396: E/IntentOperationSvc(5180): 	at java.lang.Thread.run(Thread.java:818)
10-11 21:43:30.396: E/IntentOperationSvc(5180): Caused by: java.lang.NullPointerException: Attempt to invoke virtual method 'android.content.SharedPreferences android.content.Context.getSharedPreferences(java.lang.String, int)' on a null object reference
10-11 21:43:30.396: E/IntentOperationSvc(5180): 	at android.content.ContextWrapper.getSharedPreferences(ContextWrapper.java:171)
10-11 21:43:30.396: E/IntentOperationSvc(5180): 	at zbv.a(:com.google.android.gms@11519470:6)
10-11 21:43:30.396: E/IntentOperationSvc(5180): 	at com.google.android.gms.people.service.SettingsChangedBroadcastIntentOperation.<init>(:com.google.android.gms@11519470:2)
10-11 21:43:30.396: E/IntentOperationSvc(5180): 	... 6 more
10-11 21:43:30.396: W/OcrModelUpStIntentOp(5180): Invalid action: com.google.android.gms.phenotype.COMMITTED
10-11 21:43:30.397: I/PTCommittedOperation(5142): Receive new configuration for com.google.android.gms.udc
10-11 21:43:30.399: E/ctxmgr(5142): [AccountAclCallback]Failed Acl fetch: network status=-1
10-11 21:43:30.409: I/NetRec(5142): [434] yjf.b: Cancelling all NetRec GCM tasks
10-11 21:43:30.409: I/NetRec(5142): [435] ClearDatabaseService.onHandleIntent: Clearing score cache
10-11 21:43:30.418: I/WVCdm(1347): CdmEngine::OpenSession
10-11 21:43:30.418: I/WVCdm(1347): Level3 Library Jun 15 2015 14:09:10
10-11 21:43:30.419: W/WVCdm(1347): Could not read /data/mediadrm/IDM1013/ay64.dat2: No such file or directory
10-11 21:43:30.419: W/WVCdm(1347): Could not load liboemcrypto.so. Falling back to L3.  dlopen failed: library "liboemcrypto.so" not found
10-11 21:43:30.421: I/WVCdm(1347): CdmEngine::QueryKeyControlInfo
10-11 21:43:30.421: W/WVCdm(1347): BufferReader::Read<T> : Failure during parse: Not enough bytes (4)
10-11 21:43:30.421: W/WVCdm(1347): CdmEngine::ExtractWidevinePssh: Unable to read atom size.
10-11 21:43:30.421: I/WVCdm(1347): CdmEngine::GenerateKeyRequest
10-11 21:43:30.421: D/WVCdm(1347): PrepareKeyRequest: nonce=700372451
10-11 21:43:30.497: E/IntentOperationSvc(5180): Failed to instantiate Chimera operation impl com.google.android.gms.people.service.SettingsChangedBroadcastIntentOperation, dropping operation
10-11 21:43:30.497: E/IntentOperationSvc(5180): java.lang.reflect.InvocationTargetException
10-11 21:43:30.497: E/IntentOperationSvc(5180): 	at java.lang.reflect.Constructor.newInstance(Native Method)
10-11 21:43:30.497: E/IntentOperationSvc(5180): 	at bwj.a(:com.google.android.gms@11519470:8)
10-11 21:43:30.497: E/IntentOperationSvc(5180): 	at bwk.run(:com.google.android.gms@11519470:69)
10-11 21:43:30.497: E/IntentOperationSvc(5180): 	at java.util.concurrent.ThreadPoolExecutor.runWorker(ThreadPoolExecutor.java:1113)
10-11 21:43:30.497: E/IntentOperationSvc(5180): 	at java.util.concurrent.ThreadPoolExecutor$Worker.run(ThreadPoolExecutor.java:588)
10-11 21:43:30.497: E/IntentOperationSvc(5180): 	at java.lang.Thread.run(Thread.java:818)
10-11 21:43:30.497: E/IntentOperationSvc(5180): Caused by: java.lang.NullPointerException: Attempt to invoke virtual method 'android.content.SharedPreferences android.content.Context.getSharedPreferences(java.lang.String, int)' on a null object reference
10-11 21:43:30.497: E/IntentOperationSvc(5180): 	at android.content.ContextWrapper.getSharedPreferences(ContextWrapper.java:171)
10-11 21:43:30.497: E/IntentOperationSvc(5180): 	at zbv.a(:com.google.android.gms@11519470:6)
10-11 21:43:30.497: E/IntentOperationSvc(5180): 	at com.google.android.gms.people.service.SettingsChangedBroadcastIntentOperation.<init>(:com.google.android.gms@11519470:2)
10-11 21:43:30.497: E/IntentOperationSvc(5180): 	... 6 more
10-11 21:43:30.497: W/OcrModelUpStIntentOp(5180): Invalid action: com.google.android.gms.phenotype.COMMITTED
10-11 21:43:30.498: I/NetRec(5142): [434] ConfigChangedIntentOperation.onHandleIntent: Handling a Phenotype update
10-11 21:43:30.498: I/NetRec(5142): [434] yjf.b: onConfigChanged()
10-11 21:43:30.499: I/PTCommittedOperation(5142): Receive new configuration for com.google.android.gms.octarine
10-11 21:43:30.508: I/NetRec(5142): [430] ClearDatabaseService.onHandleIntent: Clearing score cache
10-11 21:43:30.510: I/NetRec(5142): [434] yjf.b: Cancelling all NetRec GCM tasks
10-11 21:43:30.529: E/IntentOperationSvc(5180): Failed to instantiate Chimera operation impl com.google.android.gms.people.service.SettingsChangedBroadcastIntentOperation, dropping operation
10-11 21:43:30.529: E/IntentOperationSvc(5180): java.lang.reflect.InvocationTargetException
10-11 21:43:30.529: E/IntentOperationSvc(5180): 	at java.lang.reflect.Constructor.newInstance(Native Method)
10-11 21:43:30.529: E/IntentOperationSvc(5180): 	at bwj.a(:com.google.android.gms@11519470:8)
10-11 21:43:30.529: E/IntentOperationSvc(5180): 	at bwk.run(:com.google.android.gms@11519470:69)
10-11 21:43:30.529: E/IntentOperationSvc(5180): 	at java.util.concurrent.ThreadPoolExecutor.runWorker(ThreadPoolExecutor.java:1113)
10-11 21:43:30.529: E/IntentOperationSvc(5180): 	at java.util.concurrent.ThreadPoolExecutor$Worker.run(ThreadPoolExecutor.java:588)
10-11 21:43:30.529: E/IntentOperationSvc(5180): 	at java.lang.Thread.run(Thread.java:818)
10-11 21:43:30.529: E/IntentOperationSvc(5180): Caused by: java.lang.NullPointerException: Attempt to invoke virtual method 'android.content.SharedPreferences android.content.Context.getSharedPreferences(java.lang.String, int)' on a null object reference
10-11 21:43:30.529: E/IntentOperationSvc(5180): 	at android.content.ContextWrapper.getSharedPreferences(ContextWrapper.java:171)
10-11 21:43:30.529: E/IntentOperationSvc(5180): 	at zbv.a(:com.google.android.gms@11519470:6)
10-11 21:43:30.529: E/IntentOperationSvc(5180): 	at com.google.android.gms.people.service.SettingsChangedBroadcastIntentOperation.<init>(:com.google.android.gms@11519470:2)
10-11 21:43:30.529: E/IntentOperationSvc(5180): 	... 6 more
10-11 21:43:30.529: W/OcrModelUpStIntentOp(5180): Invalid action: com.google.android.gms.phenotype.COMMITTED
10-11 21:43:30.530: I/NetRec(5142): [434] ConfigChangedIntentOperation.onHandleIntent: Handling a Phenotype update
10-11 21:43:30.530: I/NetRec(5142): [434] yjf.b: onConfigChanged()
10-11 21:43:30.530: I/PTCommittedOperation(5142): Receive new configuration for com.google.android.gms.auth.api.credentials
10-11 21:43:30.538: I/NetRec(5142): [360] ClearDatabaseService.onHandleIntent: Clearing score cache
10-11 21:43:30.542: I/NetRec(5142): [434] yjf.b: Cancelling all NetRec GCM tasks
10-11 21:43:30.561: E/IntentOperationSvc(5180): Failed to instantiate Chimera operation impl com.google.android.gms.people.service.SettingsChangedBroadcastIntentOperation, dropping operation
10-11 21:43:30.561: E/IntentOperationSvc(5180): java.lang.reflect.InvocationTargetException
10-11 21:43:30.561: E/IntentOperationSvc(5180): 	at java.lang.reflect.Constructor.newInstance(Native Method)
10-11 21:43:30.561: E/IntentOperationSvc(5180): 	at bwj.a(:com.google.android.gms@11519470:8)
10-11 21:43:30.561: E/IntentOperationSvc(5180): 	at bwk.run(:com.google.android.gms@11519470:69)
10-11 21:43:30.561: E/IntentOperationSvc(5180): 	at java.util.concurrent.ThreadPoolExecutor.runWorker(ThreadPoolExecutor.java:1113)
10-11 21:43:30.561: E/IntentOperationSvc(5180): 	at java.util.concurrent.ThreadPoolExecutor$Worker.run(ThreadPoolExecutor.java:588)
10-11 21:43:30.561: E/IntentOperationSvc(5180): 	at java.lang.Thread.run(Thread.java:818)
10-11 21:43:30.561: E/IntentOperationSvc(5180): Caused by: java.lang.NullPointerException: Attempt to invoke virtual method 'android.content.SharedPreferences android.content.Context.getSharedPreferences(java.lang.String, int)' on a null object reference
10-11 21:43:30.561: E/IntentOperationSvc(5180): 	at android.content.ContextWrapper.getSharedPreferences(ContextWrapper.java:171)
10-11 21:43:30.561: E/IntentOperationSvc(5180): 	at zbv.a(:com.google.android.gms@11519470:6)
10-11 21:43:30.561: E/IntentOperationSvc(5180): 	at com.google.android.gms.people.service.SettingsChangedBroadcastIntentOperation.<init>(:com.google.android.gms@11519470:2)
10-11 21:43:30.561: E/IntentOperationSvc(5180): 	... 6 more
10-11 21:43:30.562: W/OcrModelUpStIntentOp(5180): Invalid action: com.google.android.gms.phenotype.COMMITTED
10-11 21:43:30.563: I/PTCommittedOperation(5142): Receive new configuration for com.google.android.gms.cast
10-11 21:43:30.564: I/NetRec(5142): [434] ConfigChangedIntentOperation.onHandleIntent: Handling a Phenotype update
10-11 21:43:30.564: I/NetRec(5142): [434] yjf.b: onConfigChanged()
10-11 21:43:30.570: I/NetRec(5142): [434] yjf.b: Cancelling all NetRec GCM tasks
10-11 21:43:30.571: I/NetRec(5142): [430] ClearDatabaseService.onHandleIntent: Clearing score cache
10-11 21:43:30.577: I/NetRec(5142): [360] ConfigChangedIntentOperation.onHandleIntent: Handling a Phenotype update
10-11 21:43:30.577: I/NetRec(5142): [360] yjf.b: onConfigChanged()
10-11 21:43:30.578: I/NetRec(5142): [360] yjf.b: Cancelling all NetRec GCM tasks
10-11 21:43:30.580: I/NetRec(5142): [471] ClearDatabaseService.onHandleIntent: Clearing score cache
10-11 21:43:30.607: I/WVCdm(1347): CdmEngine::CloseSession
10-11 21:43:30.610: E/IntentOperationSvc(5180): Failed to instantiate Chimera operation impl com.google.android.gms.people.service.SettingsChangedBroadcastIntentOperation, dropping operation
10-11 21:43:30.610: E/IntentOperationSvc(5180): java.lang.reflect.InvocationTargetException
10-11 21:43:30.610: E/IntentOperationSvc(5180): 	at java.lang.reflect.Constructor.newInstance(Native Method)
10-11 21:43:30.610: E/IntentOperationSvc(5180): 	at bwj.a(:com.google.android.gms@11519470:8)
10-11 21:43:30.610: E/IntentOperationSvc(5180): 	at bwk.run(:com.google.android.gms@11519470:69)
10-11 21:43:30.610: E/IntentOperationSvc(5180): 	at java.util.concurrent.ThreadPoolExecutor.runWorker(ThreadPoolExecutor.java:1113)
10-11 21:43:30.610: E/IntentOperationSvc(5180): 	at java.util.concurrent.ThreadPoolExecutor$Worker.run(ThreadPoolExecutor.java:588)
10-11 21:43:30.610: E/IntentOperationSvc(5180): 	at java.lang.Thread.run(Thread.java:818)
10-11 21:43:30.610: E/IntentOperationSvc(5180): Caused by: java.lang.NullPointerException: Attempt to invoke virtual method 'android.content.SharedPreferences android.content.Context.getSharedPreferences(java.lang.String, int)' on a null object reference
10-11 21:43:30.610: E/IntentOperationSvc(5180): 	at android.content.ContextWrapper.getSharedPreferences(ContextWrapper.java:171)
10-11 21:43:30.610: E/IntentOperationSvc(5180): 	at zbv.a(:com.google.android.gms@11519470:6)
10-11 21:43:30.610: E/IntentOperationSvc(5180): 	at com.google.android.gms.people.service.SettingsChangedBroadcastIntentOperation.<init>(:com.google.android.gms@11519470:2)
10-11 21:43:30.610: E/IntentOperationSvc(5180): 	... 6 more
10-11 21:43:30.610: W/OcrModelUpStIntentOp(5180): Invalid action: com.google.android.gms.phenotype.COMMITTED
10-11 21:43:30.611: I/NetRec(5142): [360] ConfigChangedIntentOperation.onHandleIntent: Handling a Phenotype update
10-11 21:43:30.611: I/NetRec(5142): [360] yjf.b: onConfigChanged()
10-11 21:43:30.613: I/PTCommittedOperation(5142): Receive new configuration for com.google.android.gms.audit
10-11 21:43:30.629: I/NetRec(5142): [502] ClearDatabaseService.onHandleIntent: Clearing score cache
10-11 21:43:30.655: I/NetRec(5142): [360] yjf.b: Cancelling all NetRec GCM tasks
10-11 21:43:30.687: E/IntentOperationSvc(5180): Failed to instantiate Chimera operation impl com.google.android.gms.people.service.SettingsChangedBroadcastIntentOperation, dropping operation
10-11 21:43:30.687: E/IntentOperationSvc(5180): java.lang.reflect.InvocationTargetException
10-11 21:43:30.687: E/IntentOperationSvc(5180): 	at java.lang.reflect.Constructor.newInstance(Native Method)
10-11 21:43:30.687: E/IntentOperationSvc(5180): 	at bwj.a(:com.google.android.gms@11519470:8)
10-11 21:43:30.687: E/IntentOperationSvc(5180): 	at bwk.run(:com.google.android.gms@11519470:69)
10-11 21:43:30.687: E/IntentOperationSvc(5180): 	at java.util.concurrent.ThreadPoolExecutor.runWorker(ThreadPoolExecutor.java:1113)
10-11 21:43:30.687: E/IntentOperationSvc(5180): 	at java.util.concurrent.ThreadPoolExecutor$Worker.run(ThreadPoolExecutor.java:588)
10-11 21:43:30.687: E/IntentOperationSvc(5180): 	at java.lang.Thread.run(Thread.java:818)
10-11 21:43:30.687: E/IntentOperationSvc(5180): Caused by: java.lang.NullPointerException: Attempt to invoke virtual method 'android.content.SharedPreferences android.content.Context.getSharedPreferences(java.lang.String, int)' on a null object reference
10-11 21:43:30.687: E/IntentOperationSvc(5180): 	at android.content.ContextWrapper.getSharedPreferences(ContextWrapper.java:171)
10-11 21:43:30.687: E/IntentOperationSvc(5180): 	at zbv.a(:com.google.android.gms@11519470:6)
10-11 21:43:30.687: E/IntentOperationSvc(5180): 	at com.google.android.gms.people.service.SettingsChangedBroadcastIntentOperation.<init>(:com.google.android.gms@11519470:2)
10-11 21:43:30.687: E/IntentOperationSvc(5180): 	... 6 more
10-11 21:43:30.687: W/OcrModelUpStIntentOp(5180): Invalid action: com.google.android.gms.phenotype.COMMITTED
10-11 21:43:30.689: I/NetRec(5142): [360] ConfigChangedIntentOperation.onHandleIntent: Handling a Phenotype update
10-11 21:43:30.689: I/NetRec(5142): [360] yjf.b: onConfigChanged()
10-11 21:43:30.690: I/PTCommittedOperation(5142): Receive new configuration for com.google.android.gms.wallet
10-11 21:43:30.696: I/NetRec(5142): [471] ClearDatabaseService.onHandleIntent: Clearing score cache
10-11 21:43:30.699: I/NetRec(5142): [360] yjf.b: Cancelling all NetRec GCM tasks
10-11 21:43:30.716: E/IntentOperationSvc(5180): Failed to instantiate Chimera operation impl com.google.android.gms.people.service.SettingsChangedBroadcastIntentOperation, dropping operation
10-11 21:43:30.716: E/IntentOperationSvc(5180): java.lang.reflect.InvocationTargetException
10-11 21:43:30.716: E/IntentOperationSvc(5180): 	at java.lang.reflect.Constructor.newInstance(Native Method)
10-11 21:43:30.716: E/IntentOperationSvc(5180): 	at bwj.a(:com.google.android.gms@11519470:8)
10-11 21:43:30.716: E/IntentOperationSvc(5180): 	at bwk.run(:com.google.android.gms@11519470:69)
10-11 21:43:30.716: E/IntentOperationSvc(5180): 	at java.util.concurrent.ThreadPoolExecutor.runWorker(ThreadPoolExecutor.java:1113)
10-11 21:43:30.716: E/IntentOperationSvc(5180): 	at java.util.concurrent.ThreadPoolExecutor$Worker.run(ThreadPoolExecutor.java:588)
10-11 21:43:30.716: E/IntentOperationSvc(5180): 	at java.lang.Thread.run(Thread.java:818)
10-11 21:43:30.716: E/IntentOperationSvc(5180): Caused by: java.lang.NullPointerException: Attempt to invoke virtual method 'android.content.SharedPreferences android.content.Context.getSharedPreferences(java.lang.String, int)' on a null object reference
10-11 21:43:30.716: E/IntentOperationSvc(5180): 	at android.content.ContextWrapper.getSharedPreferences(ContextWrapper.java:171)
10-11 21:43:30.716: E/IntentOperationSvc(5180): 	at zbv.a(:com.google.android.gms@11519470:6)
10-11 21:43:30.716: E/IntentOperationSvc(5180): 	at com.google.android.gms.people.service.SettingsChangedBroadcastIntentOperation.<init>(:com.google.android.gms@11519470:2)
10-11 21:43:30.716: E/IntentOperationSvc(5180): 	... 6 more
10-11 21:43:30.716: W/OcrModelUpStIntentOp(5180): Invalid action: com.google.android.gms.phenotype.COMMITTED
10-11 21:43:30.717: I/NetRec(5142): [360] ConfigChangedIntentOperation.onHandleIntent: Handling a Phenotype update
10-11 21:43:30.717: I/NetRec(5142): [360] yjf.b: onConfigChanged()
10-11 21:43:30.718: I/PTCommittedOperation(5142): Receive new configuration for com.google.android.gms.smart_profile
10-11 21:43:30.725: I/NetRec(5142): [434] ClearDatabaseService.onHandleIntent: Clearing score cache
10-11 21:43:30.727: I/NetRec(5142): [360] yjf.b: Cancelling all NetRec GCM tasks
10-11 21:43:30.750: E/IntentOperationSvc(5180): Failed to instantiate Chimera operation impl com.google.android.gms.people.service.SettingsChangedBroadcastIntentOperation, dropping operation
10-11 21:43:30.750: E/IntentOperationSvc(5180): java.lang.reflect.InvocationTargetException
10-11 21:43:30.750: E/IntentOperationSvc(5180): 	at java.lang.reflect.Constructor.newInstance(Native Method)
10-11 21:43:30.750: E/IntentOperationSvc(5180): 	at bwj.a(:com.google.android.gms@11519470:8)
10-11 21:43:30.750: E/IntentOperationSvc(5180): 	at bwk.run(:com.google.android.gms@11519470:69)
10-11 21:43:30.750: E/IntentOperationSvc(5180): 	at java.util.concurrent.ThreadPoolExecutor.runWorker(ThreadPoolExecutor.java:1113)
10-11 21:43:30.750: E/IntentOperationSvc(5180): 	at java.util.concurrent.ThreadPoolExecutor$Worker.run(ThreadPoolExecutor.java:588)
10-11 21:43:30.750: E/IntentOperationSvc(5180): 	at java.lang.Thread.run(Thread.java:818)
10-11 21:43:30.750: E/IntentOperationSvc(5180): Caused by: java.lang.NullPointerException: Attempt to invoke virtual method 'android.content.SharedPreferences android.content.Context.getSharedPreferences(java.lang.String, int)' on a null object reference
10-11 21:43:30.750: E/IntentOperationSvc(5180): 	at android.content.ContextWrapper.getSharedPreferences(ContextWrapper.java:171)
10-11 21:43:30.750: E/IntentOperationSvc(5180): 	at zbv.a(:com.google.android.gms@11519470:6)
10-11 21:43:30.750: E/IntentOperationSvc(5180): 	at com.google.android.gms.people.service.SettingsChangedBroadcastIntentOperation.<init>(:com.google.android.gms@11519470:2)
10-11 21:43:30.750: E/IntentOperationSvc(5180): 	... 6 more
10-11 21:43:30.750: W/OcrModelUpStIntentOp(5180): Invalid action: com.google.android.gms.phenotype.COMMITTED
10-11 21:43:30.751: I/NetRec(5142): [360] ConfigChangedIntentOperation.onHandleIntent: Handling a Phenotype update
10-11 21:43:30.751: I/NetRec(5142): [360] yjf.b: onConfigChanged()
10-11 21:43:30.752: I/PTCommittedOperation(5142): Receive new configuration for com.google.android.gms.romanesco
10-11 21:43:30.759: I/NetRec(5142): [434] ClearDatabaseService.onHandleIntent: Clearing score cache
10-11 21:43:30.762: I/NetRec(5142): [360] yjf.b: Cancelling all NetRec GCM tasks
10-11 21:43:30.776: I/NetRec(5142): [360] ConfigChangedIntentOperation.onHandleIntent: Handling a Phenotype update
10-11 21:43:30.776: I/NetRec(5142): [360] yjf.b: onConfigChanged()
10-11 21:43:30.777: E/IntentOperationSvc(5180): Failed to instantiate Chimera operation impl com.google.android.gms.people.service.SettingsChangedBroadcastIntentOperation, dropping operation
10-11 21:43:30.777: E/IntentOperationSvc(5180): java.lang.reflect.InvocationTargetException
10-11 21:43:30.777: E/IntentOperationSvc(5180): 	at java.lang.reflect.Constructor.newInstance(Native Method)
10-11 21:43:30.777: E/IntentOperationSvc(5180): 	at bwj.a(:com.google.android.gms@11519470:8)
10-11 21:43:30.777: E/IntentOperationSvc(5180): 	at bwk.run(:com.google.android.gms@11519470:69)
10-11 21:43:30.777: E/IntentOperationSvc(5180): 	at java.util.concurrent.ThreadPoolExecutor.runWorker(ThreadPoolExecutor.java:1113)
10-11 21:43:30.777: E/IntentOperationSvc(5180): 	at java.util.concurrent.ThreadPoolExecutor$Worker.run(ThreadPoolExecutor.java:588)
10-11 21:43:30.777: E/IntentOperationSvc(5180): 	at java.lang.Thread.run(Thread.java:818)
10-11 21:43:30.777: E/IntentOperationSvc(5180): Caused by: java.lang.NullPointerException: Attempt to invoke virtual method 'android.content.SharedPreferences android.content.Context.getSharedPreferences(java.lang.String, int)' on a null object reference
10-11 21:43:30.777: E/IntentOperationSvc(5180): 	at android.content.ContextWrapper.getSharedPreferences(ContextWrapper.java:171)
10-11 21:43:30.777: E/IntentOperationSvc(5180): 	at zbv.a(:com.google.android.gms@11519470:6)
10-11 21:43:30.777: E/IntentOperationSvc(5180): 	at com.google.android.gms.people.service.SettingsChangedBroadcastIntentOperation.<init>(:com.google.android.gms@11519470:2)
10-11 21:43:30.777: E/IntentOperationSvc(5180): 	... 6 more
10-11 21:43:30.780: I/PTCommittedOperation(5142): Receive new configuration for com.google.android.gms.ocr
10-11 21:43:30.786: V/EmulatedCamera_Factory(1347): getCameraInfo: id = 0
10-11 21:43:30.786: V/EmulatedCamera_Camera(1347): getCameraInfo
10-11 21:43:30.786: V/EmulatedCamera_BaseCamera(1347): getCameraInfo
10-11 21:43:30.786: I/OcrModelUpStIntentOp(5180): Updating ocr activity enabled=true (phenotypeFlag=true, lowRamDevice=false, prereqCheck=true)
10-11 21:43:30.788: I/NetRec(5142): [502] ClearDatabaseService.onHandleIntent: Clearing score cache
10-11 21:43:30.788: I/NetRec(5142): [360] yjf.b: Cancelling all NetRec GCM tasks
10-11 21:43:30.818: E/IntentOperationSvc(5180): Failed to instantiate Chimera operation impl com.google.android.gms.people.service.SettingsChangedBroadcastIntentOperation, dropping operation
10-11 21:43:30.818: E/IntentOperationSvc(5180): java.lang.reflect.InvocationTargetException
10-11 21:43:30.818: E/IntentOperationSvc(5180): 	at java.lang.reflect.Constructor.newInstance(Native Method)
10-11 21:43:30.818: E/IntentOperationSvc(5180): 	at bwj.a(:com.google.android.gms@11519470:8)
10-11 21:43:30.818: E/IntentOperationSvc(5180): 	at bwk.run(:com.google.android.gms@11519470:69)
10-11 21:43:30.818: E/IntentOperationSvc(5180): 	at java.util.concurrent.ThreadPoolExecutor.runWorker(ThreadPoolExecutor.java:1113)
10-11 21:43:30.818: E/IntentOperationSvc(5180): 	at java.util.concurrent.ThreadPoolExecutor$Worker.run(ThreadPoolExecutor.java:588)
10-11 21:43:30.818: E/IntentOperationSvc(5180): 	at java.lang.Thread.run(Thread.java:818)
10-11 21:43:30.818: E/IntentOperationSvc(5180): Caused by: java.lang.NullPointerException: Attempt to invoke virtual method 'android.content.SharedPreferences android.content.Context.getSharedPreferences(java.lang.String, int)' on a null object reference
10-11 21:43:30.818: E/IntentOperationSvc(5180): 	at android.content.ContextWrapper.getSharedPreferences(ContextWrapper.java:171)
10-11 21:43:30.818: E/IntentOperationSvc(5180): 	at zbv.a(:com.google.android.gms@11519470:6)
10-11 21:43:30.818: E/IntentOperationSvc(5180): 	at com.google.android.gms.people.service.SettingsChangedBroadcastIntentOperation.<init>(:com.google.android.gms@11519470:2)
10-11 21:43:30.818: E/IntentOperationSvc(5180): 	... 6 more
10-11 21:43:30.818: I/NetRec(5142): [360] ConfigChangedIntentOperation.onHandleIntent: Handling a Phenotype update
10-11 21:43:30.818: I/NetRec(5142): [360] yjf.b: onConfigChanged()
10-11 21:43:30.819: I/PTCommittedOperation(5142): Receive new configuration for com.google.android.gms.beacon
10-11 21:43:30.826: I/NetRec(5142): [434] ClearDatabaseService.onHandleIntent: Clearing score cache
10-11 21:43:30.828: I/NetRec(5142): [360] yjf.b: Cancelling all NetRec GCM tasks
10-11 21:43:30.833: I/NetRec(5142): [502] ConfigChangedIntentOperation.onHandleIntent: Handling a Phenotype update
10-11 21:43:30.833: I/NetRec(5142): [502] yjf.b: onConfigChanged()
10-11 21:43:30.834: I/NetRec(5142): [502] yjf.b: Cancelling all NetRec GCM tasks
10-11 21:43:30.855: I/NetRec(5142): [435] ClearDatabaseService.onHandleIntent: Clearing score cache
10-11 21:43:30.875: I/OcrModelUpStIntentOp(5180): Downloading text recognizer
10-11 21:43:30.876: W/OcrModelUpStIntentOp(5180): Invalid action: com.google.android.gms.phenotype.COMMITTED
10-11 21:43:30.881: I/Vision(5180): Engine already satisfied by existing download for ocr
10-11 21:43:30.888: E/IntentOperationSvc(5180): Failed to instantiate Chimera operation impl com.google.android.gms.people.service.SettingsChangedBroadcastIntentOperation, dropping operation
10-11 21:43:30.888: E/IntentOperationSvc(5180): java.lang.reflect.InvocationTargetException
10-11 21:43:30.888: E/IntentOperationSvc(5180): 	at java.lang.reflect.Constructor.newInstance(Native Method)
10-11 21:43:30.888: E/IntentOperationSvc(5180): 	at bwj.a(:com.google.android.gms@11519470:8)
10-11 21:43:30.888: E/IntentOperationSvc(5180): 	at bwk.run(:com.google.android.gms@11519470:69)
10-11 21:43:30.888: E/IntentOperationSvc(5180): 	at java.util.concurrent.ThreadPoolExecutor.runWorker(ThreadPoolExecutor.java:1113)
10-11 21:43:30.888: E/IntentOperationSvc(5180): 	at java.util.concurrent.ThreadPoolExecutor$Worker.run(ThreadPoolExecutor.java:588)
10-11 21:43:30.888: E/IntentOperationSvc(5180): 	at java.lang.Thread.run(Thread.java:818)
10-11 21:43:30.888: E/IntentOperationSvc(5180): Caused by: java.lang.NullPointerException: Attempt to invoke virtual method 'android.content.SharedPreferences android.content.Context.getSharedPreferences(java.lang.String, int)' on a null object reference
10-11 21:43:30.888: E/IntentOperationSvc(5180): 	at android.content.ContextWrapper.getSharedPreferences(ContextWrapper.java:171)
10-11 21:43:30.888: E/IntentOperationSvc(5180): 	at zbv.a(:com.google.android.gms@11519470:6)
10-11 21:43:30.888: E/IntentOperationSvc(5180): 	at com.google.android.gms.people.service.SettingsChangedBroadcastIntentOperation.<init>(:com.google.android.gms@11519470:2)
10-11 21:43:30.888: E/IntentOperationSvc(5180): 	... 6 more
10-11 21:43:30.889: W/OcrModelUpStIntentOp(5180): Invalid action: com.google.android.gms.phenotype.COMMITTED
10-11 21:43:30.890: I/NetRec(5142): [502] ConfigChangedIntentOperation.onHandleIntent: Handling a Phenotype update
10-11 21:43:30.890: I/NetRec(5142): [502] yjf.b: onConfigChanged()
10-11 21:43:30.890: I/PTCommittedOperation(5142): Receive new configuration for com.google.android.gms.places
10-11 21:43:30.896: I/NetRec(5142): [435] ClearDatabaseService.onHandleIntent: Clearing score cache
10-11 21:43:30.898: I/NetRec(5142): [502] yjf.b: Cancelling all NetRec GCM tasks
10-11 21:43:30.916: W/dex2oat(5930): Compilation of android.support.v7.widget.RecyclerView$ViewHolder android.support.v7.widget.RecyclerView$Adapter.createViewHolder(android.view.ViewGroup, int) took 111.371ms
10-11 21:43:30.929: E/IntentOperationSvc(5180): Failed to instantiate Chimera operation impl com.google.android.gms.people.service.SettingsChangedBroadcastIntentOperation, dropping operation
10-11 21:43:30.929: E/IntentOperationSvc(5180): java.lang.reflect.InvocationTargetException
10-11 21:43:30.929: E/IntentOperationSvc(5180): 	at java.lang.reflect.Constructor.newInstance(Native Method)
10-11 21:43:30.929: E/IntentOperationSvc(5180): 	at bwj.a(:com.google.android.gms@11519470:8)
10-11 21:43:30.929: E/IntentOperationSvc(5180): 	at bwk.run(:com.google.android.gms@11519470:69)
10-11 21:43:30.929: E/IntentOperationSvc(5180): 	at java.util.concurrent.ThreadPoolExecutor.runWorker(ThreadPoolExecutor.java:1113)
10-11 21:43:30.929: E/IntentOperationSvc(5180): 	at java.util.concurrent.ThreadPoolExecutor$Worker.run(ThreadPoolExecutor.java:588)
10-11 21:43:30.929: E/IntentOperationSvc(5180): 	at java.lang.Thread.run(Thread.java:818)
10-11 21:43:30.929: E/IntentOperationSvc(5180): Caused by: java.lang.NullPointerException: Attempt to invoke virtual method 'android.content.SharedPreferences android.content.Context.getSharedPreferences(java.lang.String, int)' on a null object reference
10-11 21:43:30.929: E/IntentOperationSvc(5180): 	at android.content.ContextWrapper.getSharedPreferences(ContextWrapper.java:171)
10-11 21:43:30.929: E/IntentOperationSvc(5180): 	at zbv.a(:com.google.android.gms@11519470:6)
10-11 21:43:30.929: E/IntentOperationSvc(5180): 	at com.google.android.gms.people.service.SettingsChangedBroadcastIntentOperation.<init>(:com.google.android.gms@11519470:2)
10-11 21:43:30.929: E/IntentOperationSvc(5180): 	... 6 more
10-11 21:43:30.929: W/OcrModelUpStIntentOp(5180): Invalid action: com.google.android.gms.phenotype.COMMITTED
10-11 21:43:30.931: I/PTCommittedOperation(5142): Receive new configuration for com.google.android.gms.matchstick
10-11 21:43:30.932: I/NetRec(5142): [502] ConfigChangedIntentOperation.onHandleIntent: Handling a Phenotype update
10-11 21:43:30.932: I/NetRec(5142): [502] yjf.b: onConfigChanged()
10-11 21:43:30.970: I/NetRec(5142): [434] ClearDatabaseService.onHandleIntent: Clearing score cache
10-11 21:43:30.971: I/NetRec(5142): [502] yjf.b: Cancelling all NetRec GCM tasks
10-11 21:43:31.007: E/IntentOperationSvc(5180): Failed to instantiate Chimera operation impl com.google.android.gms.people.service.SettingsChangedBroadcastIntentOperation, dropping operation
10-11 21:43:31.007: E/IntentOperationSvc(5180): java.lang.reflect.InvocationTargetException
10-11 21:43:31.007: E/IntentOperationSvc(5180): 	at java.lang.reflect.Constructor.newInstance(Native Method)
10-11 21:43:31.007: E/IntentOperationSvc(5180): 	at bwj.a(:com.google.android.gms@11519470:8)
10-11 21:43:31.007: E/IntentOperationSvc(5180): 	at bwk.run(:com.google.android.gms@11519470:69)
10-11 21:43:31.007: E/IntentOperationSvc(5180): 	at java.util.concurrent.ThreadPoolExecutor.runWorker(ThreadPoolExecutor.java:1113)
10-11 21:43:31.007: E/IntentOperationSvc(5180): 	at java.util.concurrent.ThreadPoolExecutor$Worker.run(ThreadPoolExecutor.java:588)
10-11 21:43:31.007: E/IntentOperationSvc(5180): 	at java.lang.Thread.run(Thread.java:818)
10-11 21:43:31.007: E/IntentOperationSvc(5180): Caused by: java.lang.NullPointerException: Attempt to invoke virtual method 'android.content.SharedPreferences android.content.Context.getSharedPreferences(java.lang.String, int)' on a null object reference
10-11 21:43:31.007: E/IntentOperationSvc(5180): 	at android.content.ContextWrapper.getSharedPreferences(ContextWrapper.java:171)
10-11 21:43:31.007: E/IntentOperationSvc(5180): 	at zbv.a(:com.google.android.gms@11519470:6)
10-11 21:43:31.007: E/IntentOperationSvc(5180): 	at com.google.android.gms.people.service.SettingsChangedBroadcastIntentOperation.<init>(:com.google.android.gms@11519470:2)
10-11 21:43:31.007: E/IntentOperationSvc(5180): 	... 6 more
10-11 21:43:31.007: W/OcrModelUpStIntentOp(5180): Invalid action: com.google.android.gms.phenotype.COMMITTED
10-11 21:43:31.008: I/NetRec(5142): [502] ConfigChangedIntentOperation.onHandleIntent: Handling a Phenotype update
10-11 21:43:31.009: I/NetRec(5142): [502] yjf.b: onConfigChanged()
10-11 21:43:31.010: I/PTCommittedOperation(5142): Receive new configuration for com.google.android.gms.netrec
10-11 21:43:31.020: I/NetRec(5142): [360] ClearDatabaseService.onHandleIntent: Clearing score cache
10-11 21:43:31.022: I/NetRec(5142): [502] yjf.b: Cancelling all NetRec GCM tasks
