10-11 21:43:31.089: E/IntentOperationSvc(5180): Failed to instantiate Chimera operation impl com.google.android.gms.people.service.SettingsChangedBroadcastIntentOperation, dropping operation
10-11 21:43:31.089: E/IntentOperationSvc(5180): java.lang.reflect.InvocationTargetException
10-11 21:43:31.089: E/IntentOperationSvc(5180): 	at java.lang.reflect.Constructor.newInstance(Native Method)
10-11 21:43:31.089: E/IntentOperationSvc(5180): 	at bwj.a(:com.google.android.gms@11519470:8)
10-11 21:43:31.089: E/IntentOperationSvc(5180): 	at bwk.run(:com.google.android.gms@11519470:69)
10-11 21:43:31.089: E/IntentOperationSvc(5180): 	at java.util.concurrent.ThreadPoolExecutor.runWorker(ThreadPoolExecutor.java:1113)
10-11 21:43:31.089: E/IntentOperationSvc(5180): 	at java.util.concurrent.ThreadPoolExecutor$Worker.run(ThreadPoolExecutor.java:588)
10-11 21:43:31.089: E/IntentOperationSvc(5180): 	at java.lang.Thread.run(Thread.java:818)
10-11 21:43:31.089: E/IntentOperationSvc(5180): Caused by: java.lang.NullPointerException: Attempt to invoke virtual method 'android.content.SharedPreferences android.content.Context.getSharedPreferences(java.lang.String, int)' on a null object reference
10-11 21:43:31.089: E/IntentOperationSvc(5180): 	at android.content.ContextWrapper.getSharedPreferences(ContextWrapper.java:171)
10-11 21:43:31.089: E/IntentOperationSvc(5180): 	at zbv.a(:com.google.android.gms@11519470:6)
10-11 21:43:31.089: E/IntentOperationSvc(5180): 	at com.google.android.gms.people.service.SettingsChangedBroadcastIntentOperation.<init>(:com.google.android.gms@11519470:2)
10-11 21:43:31.089: E/IntentOperationSvc(5180): 	... 6 more
10-11 21:43:31.089: W/OcrModelUpStIntentOp(5180): Invalid action: com.google.android.gms.phenotype.COMMITTED
10-11 21:43:31.091: I/NetRec(5142): [502] ConfigChangedIntentOperation.onHandleIntent: Handling a Phenotype update
10-11 21:43:31.091: I/NetRec(5142): [502] yjf.b: onConfigChanged()
10-11 21:43:31.092: I/PTCommittedOperation(5142): Receive new configuration for com.google.android.gms.contextmanager
10-11 21:43:31.100: W/dex2oat(5930): Compilation of void android.support.v7.widget.RecyclerView.<init>(android.content.Context, android.util.AttributeSet, int) took 190.674ms
10-11 21:43:31.107: I/NetRec(5142): [435] ClearDatabaseService.onHandleIntent: Clearing score cache
10-11 21:43:31.107: I/NetRec(5142): [502] yjf.b: Cancelling all NetRec GCM tasks
10-11 21:43:31.110: I/NetRec(5142): [502] ConfigChangedIntentOperation.onHandleIntent: Handling a Phenotype update
10-11 21:43:31.110: I/NetRec(5142): [502] yjf.b: onConfigChanged()
10-11 21:43:31.112: I/NetRec(5142): [435] ClearDatabaseService.onHandleIntent: Clearing score cache
10-11 21:43:31.113: I/NetRec(5142): [502] yjf.b: Cancelling all NetRec GCM tasks
10-11 21:43:31.121: W/dex2oat(5930): Compilation of void android.support.design.internal.TextScale.captureValues(android.support.transition.TransitionValues) took 196.369ms
10-11 21:43:31.219: I/Remoter(1331): Saved screenshot to '/data/screenshots/__pmv__-0091.jpg'
10-11 21:43:32.321: W/dex2oat(5930): No verified method for method calling String.<init>: java.lang.String android.text.TextUtils.substring(java.lang.CharSequence, int, int)
10-11 21:43:32.336: I/Remoter(1331): Saved screenshot to '/data/screenshots/__pmv__-0092.jpg'
10-11 21:43:33.060: I/ActivityManager(1720): Killing 4515:com.google.android.apps.plus/u0a66 (adj 15): empty #17
10-11 21:43:33.098: D/ActivityManager(1720): cleanUpApplicationRecord -- 4515
10-11 21:43:33.122: I/dex2oat(5930): Skipping compilation of void com.fasterxml.jackson.core.json.UTF8StreamJsonParser._skipString(): it contains a non natural loop
10-11 21:43:33.418: I/Remoter(1331): Saved screenshot to '/data/screenshots/__pmv__-0093.jpg'
10-11 21:43:34.315: W/dex2oat(5930): No verified method for method calling String.<init>: java.lang.String org.apache.commons.codec.net.URLCodec.encode(java.lang.String, java.lang.String)
10-11 21:43:34.315: W/dex2oat(5930): No verified method for method calling String.<init>: java.lang.String org.apache.commons.codec.net.URLCodec.encode(java.lang.String, java.lang.String)
10-11 21:43:34.465: D/Finsky(5450): [1] ExperimentsChangeHandler.access$100: Executing killAppInBackground with duration: 1800000, pollInterval: 10000
10-11 21:43:34.533: I/Remoter(1331): Saved screenshot to '/data/screenshots/__pmv__-0094.jpg'
10-11 21:43:35.184: I/dex2oat(5930): dex2oat took 8.828s (threads: 2) arena alloc=1477KB java alloc=9MB native alloc=37MB free=3MB
10-11 21:43:35.214: V/BackupManagerService(1720): restoreAtInstall pkg=org.gnucash.android token=9 restoreSet=0
10-11 21:43:35.214: V/BackupManagerService(1720): Finishing install immediately
10-11 21:43:35.215: I/installd(1348): free_cache(0) avail 3761819648
10-11 21:43:35.216: I/ActivityManager(1720): Killing 5097:com.google.android.gm.exchange/u0a68 (adj 15): empty #17
10-11 21:43:35.221: W/Settings(1720): Setting install_non_market_apps has moved from android.provider.Settings.Global to android.provider.Settings.Secure, returning read-only value.
10-11 21:43:35.222: I/art(1720): Starting a blocking GC Explicit
10-11 21:43:35.225: D/Finsky(5450): [1] StartNextDownloadRunnable.run: Download com.android.vending starting
10-11 21:43:35.240: I/art(1720): Explicit concurrent mark sweep GC freed 24931(1720KB) AllocSpace objects, 5(100KB) LOS objects, 33% free, 23MB/34MB, paused 312us total 17.387ms
10-11 21:43:35.241: I/art(5727): System.exit called, status: 0
10-11 21:43:35.241: I/AndroidRuntime(5727): VM exiting with result code 0.
10-11 21:43:35.257: D/ActivityManager(1720): cleanUpApplicationRecord -- 5097
10-11 21:43:35.260: D/Finsky(5450): [360] DownloadQueueImpl$7.run: Enqueued com.android.vending as content://downloads/my_downloads/20
10-11 21:43:35.260: D/CarrierServiceBindHelper(2076): Receive action: android.intent.action.PACKAGE_ADDED
10-11 21:43:35.260: D/BluetoothMapAppObserver(2506): onReceive
10-11 21:43:35.260: D/BluetoothMapAppObserver(2506): The installed package is: org.gnucash.android
10-11 21:43:35.262: D/BluetoothMapAppObserver(2506): Found 0 application(s) with intent android.bluetooth.action.BLUETOOTH_MAP_PROVIDER
10-11 21:43:35.263: D/CarrierServiceBindHelper(2076): mHandler: 3
10-11 21:43:35.263: D/CarrierConfigLoader(2076): mHandler: 9 phoneId: 0
10-11 21:43:35.263: D/BluetoothMapAppObserver(2506): Found 0 application(s) with intent android.bluetooth.action.BLUETOOTH_MAP_IM_PROVIDER
10-11 21:43:35.264: D/Finsky(5450): [1] DownloadImpl.setState: com.android.vending from 1 to 2.
10-11 21:43:35.265: D/Finsky(5450): [1] DownloadQueueImpl.onStart: com.android.vending: onStart
10-11 21:43:35.267: I/InputReader(1720): Reconfiguring input devices.  changes=0x00000010
10-11 21:43:35.278: I/ActivityManager(1720): Start proc 6149:com.android.musicfx/u0a19 for broadcast com.android.musicfx/.Compatibility$Receiver
10-11 21:43:35.285: D/Finsky(5450): [1] DownloadQueueImpl.notifyProgress: com.android.vending: onProgress 0/-1 Status: 192.
10-11 21:43:35.286: D/DownloadManager(5506): [20] Starting
10-11 21:43:35.323: W/ActivityThread(5506): ClassLoader.loadClass: The class loader returned by Thread.getContextClassLoader() may fail for processes that host multiple applications. You should explicitly specify a context class loader. For example: Thread.setContextClassLoader(getClass().getClassLoader());
10-11 21:43:35.366: W/System(6149): ClassLoader referenced unknown path: /system/priv-app/MusicFX/lib/x86
10-11 21:43:35.371: D/Finsky(5450): [1] ExternalReferrer.access$200: Package state data is missing for org.gnucash.android
10-11 21:43:35.383: I/ActivityManager(1720): Start proc 6170:com.google.android.apps.plus/u0a66 for broadcast com.google.android.apps.plus/.service.PackagesMediaMonitor
10-11 21:43:35.384: I/UpdateIcingCorporaServi(4488): Updating corpora: APPS=org.gnucash.android, CONTACTS=MAYBE
10-11 21:43:35.397: I/Icing(5180): IndexChimeraService.getServiceInterface callingPackage=com.google.android.googlequicksearchbox componentName=null serviceId=36
10-11 21:43:35.410: I/UpdateIcingCorporaServi(4488): UpdateCorporaTask done [took 26 ms] updated apps [took 26 ms] 
10-11 21:43:35.422: I/Icing(5180): Usage reports 0 indexed 0 rejected 0 imm upload true
10-11 21:43:35.467: W/System(6170): ClassLoader referenced unknown path: /system/app/PlusOne/lib/x86
10-11 21:43:35.477: E/DatabaseUtils(5506): Writing exception to parcel
10-11 21:43:35.477: E/DatabaseUtils(5506): java.lang.SecurityException: Permission Denial: reading com.android.providers.media.MediaProvider uri content://media/external/fs_id from pid=6170, uid=10066 requires android.permission.READ_EXTERNAL_STORAGE, or grantUriPermission()
10-11 21:43:35.477: E/DatabaseUtils(5506): 	at android.content.ContentProvider.enforceReadPermissionInner(ContentProvider.java:605)
10-11 21:43:35.477: E/DatabaseUtils(5506): 	at android.content.ContentProvider$Transport.enforceReadPermission(ContentProvider.java:480)
10-11 21:43:35.477: E/DatabaseUtils(5506): 	at android.content.ContentProvider$Transport.query(ContentProvider.java:211)
10-11 21:43:35.477: E/DatabaseUtils(5506): 	at android.content.ContentProviderNative.onTransact(ContentProviderNative.java:112)
10-11 21:43:35.477: E/DatabaseUtils(5506): 	at android.os.Binder.execTransact(Binder.java:453)
10-11 21:43:35.527: W/ActivityManager(1720): Permission Denial: opening provider com.android.providers.contacts.ContactsProvider2 from ProcessRecord{9d67293 6170:com.google.android.apps.plus/u0a66} (pid=6170, uid=10066) requires android.permission.READ_CONTACTS or android.permission.WRITE_CONTACTS
10-11 21:43:35.531: W/ActivityManager(1720): Permission Denial: opening provider com.android.providers.contacts.ContactsProvider2 from ProcessRecord{9d67293 6170:com.google.android.apps.plus/u0a66} (pid=6170, uid=10066) requires android.permission.READ_CONTACTS or android.permission.WRITE_CONTACTS
10-11 21:43:35.555: W/ActivityManager(1720): Permission Denial: opening provider com.android.providers.contacts.ContactsProvider2 from ProcessRecord{9d67293 6170:com.google.android.apps.plus/u0a66} (pid=6170, uid=10066) requires android.permission.READ_CONTACTS or android.permission.WRITE_CONTACTS
10-11 21:43:35.555: E/GooglePlusContactsSync(6170): Failed to clear out contacts
10-11 21:43:35.555: E/GooglePlusContactsSync(6170): java.lang.SecurityException: Permission Denial: opening provider com.android.providers.contacts.ContactsProvider2 from ProcessRecord{9d67293 6170:com.google.android.apps.plus/u0a66} (pid=6170, uid=10066) requires android.permission.READ_CONTACTS or android.permission.WRITE_CONTACTS
10-11 21:43:35.555: E/GooglePlusContactsSync(6170): 	at android.os.Parcel.readException(Parcel.java:1620)
10-11 21:43:35.555: E/GooglePlusContactsSync(6170): 	at android.os.Parcel.readException(Parcel.java:1573)
10-11 21:43:35.555: E/GooglePlusContactsSync(6170): 	at android.app.ActivityManagerProxy.getContentProvider(ActivityManagerNative.java:3551)
10-11 21:43:35.555: E/GooglePlusContactsSync(6170): 	at android.app.ActivityThread.acquireProvider(ActivityThread.java:4778)
10-11 21:43:35.555: E/GooglePlusContactsSync(6170): 	at android.app.ContextImpl$ApplicationContentResolver.acquireUnstableProvider(ContextImpl.java:2018)
10-11 21:43:35.555: E/GooglePlusContactsSync(6170): 	at android.content.ContentResolver.acquireUnstableProvider(ContentResolver.java:1468)
10-11 21:43:35.555: E/GooglePlusContactsSync(6170): 	at android.content.ContentResolver.query(ContentResolver.java:475)
10-11 21:43:35.555: E/GooglePlusContactsSync(6170): 	at android.content.ContentResolver.query(ContentResolver.java:434)
10-11 21:43:35.555: E/GooglePlusContactsSync(6170): 	at dcl.a(PG:447)
10-11 21:43:35.555: E/GooglePlusContactsSync(6170): 	at dcl.b(PG:1396)
10-11 21:43:35.555: E/GooglePlusContactsSync(6170): 	at dcm.run(PG:333)
10-11 21:43:35.555: E/GooglePlusContactsSync(6170): 	at java.lang.Thread.run(Thread.java:818)
10-11 21:43:35.569: I/ActivityManager(1720): Killing 5651:com.google.android.videos/u0a71 (adj 15): empty #17
10-11 21:43:35.621: I/Remoter(1331): Saved screenshot to '/data/screenshots/__pmv__-0095.jpg'
10-11 21:43:35.646: D/ActivityManager(1720): cleanUpApplicationRecord -- 5651
10-11 21:43:35.648: W/ConfigurationChimeraProvider(5142): Got null configs for com.google.android.gms.appinvite
10-11 21:43:35.659: D/Wear_Controller(5180): Received broadcast action=android.intent.action.PACKAGE_ADDED and uri=org.gnucash.android
10-11 21:43:35.669: W/ConfigurationChimeraProvider(5142): Got null configs for com.google.android.gms.chromesync
10-11 21:43:35.679: I/FA-SVC(5180): App measurement is starting up, version: 11519
10-11 21:43:35.759: I/Icing(5180): IndexChimeraService.getServiceInterface callingPackage=com.google.android.gms componentName=AppsCorpus serviceId=36
10-11 21:43:35.759: I/Icing(5180): IndexChimeraService.getServiceInterface callingPackage=com.google.android.gms componentName=AppsCorpus serviceId=32
10-11 21:43:35.768: I/Icing(5180): Usage reports 0 indexed 0 rejected 0 imm upload false
10-11 21:43:35.773: I/Icing(5180): Usage reports 0 indexed 0 rejected 0 imm upload false
10-11 21:43:35.975: D/DownloadManager(5506): [20] Finished with status SUCCESS
10-11 21:43:35.978: D/Finsky(5450): [1] DownloadQueueImpl.notifyProgress: com.android.vending: onProgress 17661732/17661732 Status: 200.
10-11 21:43:35.980: D/Finsky(5450): [1] DownloadBroadcastReceiver.onReceive: Intent received at DownloadBroadcastReceiver
10-11 21:43:35.980: I/ActivityManager(1720): Killing 3992:com.google.android.youtube/u0a74 (adj 15): empty #17
10-11 21:43:36.017: D/ActivityManager(1720): cleanUpApplicationRecord -- 3992
10-11 21:43:36.019: D/Finsky(5450): [1] DownloadImpl.setState: com.android.vending from 2 to 3.
10-11 21:43:36.019: D/Finsky(5450): [1] DownloadQueueImpl.onComplete: com.android.vending: onComplete
10-11 21:43:36.019: D/Finsky(5450): [1] DownloadQueueImpl.remove: Download com.android.vending removed from DownloadQueue
10-11 21:43:36.019: I/installd(1348): free_cache(0) avail 3744022528
10-11 21:43:36.020: D/Finsky(5450): [1] SelfUpdateScheduler.onComplete: Self-update ready to be installed, waiting for market to close.
10-11 21:43:36.411: I/Icing(5180): Indexing 9BB2D4B2293E15A7B9F84E2EEB8C08D9C4A0A3F5 from com.google.android.googlequicksearchbox
10-11 21:43:36.433: I/Icing(5180): Indexing done 9BB2D4B2293E15A7B9F84E2EEB8C08D9C4A0A3F5
10-11 21:43:36.671: I/Remoter(1331): Saved screenshot to '/data/screenshots/__pmv__-0096.jpg'
10-11 21:43:36.807: I/Icing(5180): Indexing 204CE89B405466DFDE20CC795393B566DAAC1583 from com.google.android.gms
10-11 21:43:36.958: I/ActivityManager(1720): Killing 5044:com.google.android.gm/u0a69 (adj 15): empty #17
10-11 21:43:36.992: I/Icing(5180): Indexing done 204CE89B405466DFDE20CC795393B566DAAC1583
10-11 21:43:36.999: D/ActivityManager(1720): cleanUpApplicationRecord -- 5044
10-11 21:43:37.289: D/AndroidRuntime(6209): >>>>>> START com.android.internal.os.RuntimeInit uid 0 <<<<<<
10-11 21:43:37.290: D/AndroidRuntime(6209): CheckJNI is OFF
10-11 21:43:37.329: D/ICU(6209): No timezone override file found: /data/misc/zoneinfo/current/icu/icu_tzdata.dat
10-11 21:43:37.329: D/ICU(6209): [ 10-11 21:43:37.333  6209: 6209 W/         ]
10-11 21:43:37.329: D/ICU(6209): Failed to bind-mount /system/lib/x86/cpuinfo as /proc/cpuinfo: No such file or directory
10-11 21:43:37.339: E/memtrack(6209): Couldn't load memtrack module (No such file or directory)
10-11 21:43:37.339: E/android.os.Debug(6209): failed to load memtrack module: -2
10-11 21:43:37.340: I/Radio-JNI(6209): register_android_hardware_Radio DONE
10-11 21:43:37.347: D/AndroidRuntime(6209): Calling main entry com.android.commands.pm.Pm
10-11 21:43:37.348: I/art(6209): System.exit called, status: 1
10-11 21:43:37.348: I/AndroidRuntime(6209): VM exiting with result code 1.
10-11 21:43:37.617: D/AndroidRuntime(6223): >>>>>> START com.android.internal.os.RuntimeInit uid 0 <<<<<<
10-11 21:43:37.618: D/AndroidRuntime(6223): CheckJNI is OFF
10-11 21:43:37.629: D/ICU(6223): No timezone override file found: /data/misc/zoneinfo/current/icu/icu_tzdata.dat
10-11 21:43:37.629: D/ICU(6223): [ 10-11 21:43:37.633  6223: 6223 W/         ]
10-11 21:43:37.629: D/ICU(6223): Failed to bind-mount /system/lib/x86/cpuinfo as /proc/cpuinfo: No such file or directory
10-11 21:43:37.639: E/memtrack(6223): Couldn't load memtrack module (No such file or directory)
10-11 21:43:37.639: E/android.os.Debug(6223): failed to load memtrack module: -2
10-11 21:43:37.640: I/Radio-JNI(6223): register_android_hardware_Radio DONE
10-11 21:43:37.647: D/AndroidRuntime(6223): Calling main entry com.android.commands.am.Am
10-11 21:43:37.652: I/ActivityManager(1720): Force stopping com.google.android.apps.mtaas.tools appid=10076 user=0: start instr
10-11 21:43:37.662: I/ActivityManager(1720): Start proc 6231:com.google.android.apps.mtaas.tools/u0a76 for added application com.google.android.apps.mtaas.tools
10-11 21:43:37.769: W/System(6231): ClassLoader referenced unknown path: /data/app/com.google.android.apps.mtaas.tools-1/lib/x86
10-11 21:43:37.769: W/System(6231): ClassLoader referenced unknown path: /data/app/com.google.android.apps.mtaas.tools-1/lib/x86
10-11 21:43:37.780: I/Remoter(1331): Saved screenshot to '/data/screenshots/__pmv__-0097.jpg'
10-11 21:43:37.782: D/DumpPackageStats(6231): Instrumentation completed successfully
10-11 21:43:37.782: D/AndroidRuntime(6223): Shutting down VM
10-11 21:43:37.783: I/ActivityManager(1720): Force stopping com.google.android.apps.mtaas.tools appid=10076 user=0: finished inst
10-11 21:43:37.783: I/ActivityManager(1720): Killing 6231:com.google.android.apps.mtaas.tools/u0a76 (adj 0): stop com.google.android.apps.mtaas.tools
10-11 21:43:37.819: D/ActivityManager(1720): cleanUpApplicationRecord -- 6231
10-11 21:43:38.833: I/Remoter(1331): Saved screenshot to '/data/screenshots/__pmv__-0098.jpg'
10-11 21:43:39.834: I/remoter(1331): type=1400 audit(0.0:183): avc: denied { create } for name="__pmv__-0099.jpg" scontext=u:r:gcelogwrapper:s0 tcontext=u:object_r:system_data_file:s0 tclass=file permissive=1
10-11 21:43:39.834: I/remoter(1331): type=1400 audit(0.0:184): avc: denied { write open } for path="/data/screenshots/__pmv__-0099.jpg" dev="loop6" ino=172132 scontext=u:r:gcelogwrapper:s0 tcontext=u:object_r:system_data_file:s0 tclass=file permissive=1
10-11 21:43:39.895: I/Remoter(1331): Saved screenshot to '/data/screenshots/__pmv__-0099.jpg'
10-11 21:43:39.894: I/remoter(1331): type=1400 audit(0.0:185): avc: denied { setattr } for name="__pmv__-0099.jpg" dev="loop6" ino=172132 scontext=u:r:gcelogwrapper:s0 tcontext=u:object_r:system_data_file:s0 tclass=file permissive=1
10-11 21:43:40.273: W/UdcContextManagerHelper(5142): Empty context buffer. Thus might mean that the context is not synced down.
10-11 21:43:40.273: E/ctxmgr(5142): [NetworkUtil]No active synchronizable contexts.
10-11 21:43:40.275: W/UploadOptInStatusOp(5142): Empty context model while retrieving upload opt-in status!
10-11 21:43:40.358: W/Auth(5142): [GetToken] GetToken failed with status code: INVALID_SCOPE
10-11 21:43:40.358: W/AuthSessionAuthenticato(5142): Auth related exception is being ignored: INVALID_SCOPE
10-11 21:43:40.361: W/GLSUser(5142): [DeviceKeyStore] Cannot load key: Device key file not found.
10-11 21:43:40.361: W/GLSUser(5142): [DeviceKeyStore] Cannot load key: Device key file not found.
10-11 21:43:40.361: E/ctxmgr(5142): [BaseServerTask]Server task (FetchAclSet) got error statusCode=-1.
10-11 21:43:40.361: E/ctxmgr(5142): com.android.volley.VolleyError: Unable to obtain auth token - is the device online?
10-11 21:43:40.361: E/ctxmgr(5142): 	at ciz.a(:com.google.android.gms@11519470:39)
10-11 21:43:40.361: E/ctxmgr(5142): 	at cei.run(:com.google.android.gms@11519470:2)
10-11 21:43:40.361: E/ctxmgr(5142): 	at ceg.handleMessage(:com.google.android.gms@11519470:3)
10-11 21:43:40.361: E/ctxmgr(5142): 	at mme.run(:com.google.android.gms@11519470:6)
10-11 21:43:40.361: E/ctxmgr(5142): 	at mmo.run(:com.google.android.gms@11519470:25)
10-11 21:43:40.361: E/ctxmgr(5142): 	at java.util.concurrent.ThreadPoolExecutor.runWorker(ThreadPoolExecutor.java:1113)
10-11 21:43:40.361: E/ctxmgr(5142): 	at java.util.concurrent.ThreadPoolExecutor$Worker.run(ThreadPoolExecutor.java:588)
10-11 21:43:40.361: E/ctxmgr(5142): 	at mrv.run(:com.google.android.gms@11519470)
10-11 21:43:40.361: E/ctxmgr(5142): 	at java.lang.Thread.run(Thread.java:818)
10-11 21:43:40.362: E/ctxmgr(5142): [AccountAclCallback]Failed Acl fetch: network status=-1
10-11 21:43:40.748: D/AndroidRuntime(6255): >>>>>> START com.android.internal.os.RuntimeInit uid 0 <<<<<<
10-11 21:43:40.749: D/AndroidRuntime(6255): CheckJNI is OFF
10-11 21:43:40.760: D/ICU(6255): No timezone override file found: /data/misc/zoneinfo/current/icu/icu_tzdata.dat
10-11 21:43:40.760: D/ICU(6255): [ 10-11 21:43:40.764  6255: 6255 W/         ]
10-11 21:43:40.760: D/ICU(6255): Failed to bind-mount /system/lib/x86/cpuinfo as /proc/cpuinfo: No such file or directory
10-11 21:43:40.770: E/memtrack(6255): Couldn't load memtrack module (No such file or directory)
10-11 21:43:40.770: E/android.os.Debug(6255): failed to load memtrack module: -2
10-11 21:43:40.771: I/Radio-JNI(6255): register_android_hardware_Radio DONE
10-11 21:43:40.778: D/AndroidRuntime(6255): Calling main entry com.android.commands.am.Am
10-11 21:43:40.779: I/ActivityManager(1720): Force stopping com.google.android.apps.mtaas.tools appid=10076 user=0: start instr
10-11 21:43:40.790: I/ActivityManager(1720): Start proc 6263:com.google.android.apps.mtaas.tools/u0a76 for added application com.google.android.apps.mtaas.tools
10-11 21:43:40.864: W/System(6263): ClassLoader referenced unknown path: /data/app/com.google.android.apps.mtaas.tools-1/lib/x86
10-11 21:43:40.864: W/System(6263): ClassLoader referenced unknown path: /data/app/com.google.android.apps.mtaas.tools-1/lib/x86
10-11 21:43:40.866: D/DumpStaticPerfEnv(6263): Instrumentation completed successfully
10-11 21:43:40.867: D/AndroidRuntime(6255): Shutting down VM
10-11 21:43:40.867: I/ActivityManager(1720): Force stopping com.google.android.apps.mtaas.tools appid=10076 user=0: finished inst
10-11 21:43:40.867: I/ActivityManager(1720): Killing 6263:com.google.android.apps.mtaas.tools/u0a76 (adj 0): stop com.google.android.apps.mtaas.tools
10-11 21:43:40.907: D/ActivityManager(1720): cleanUpApplicationRecord -- 6263
10-11 21:43:40.908: W/ActivityManager(1720): Spurious death for ProcessRecord{70280eb 0:com.google.android.apps.mtaas.tools/u0a76}, curProc for 6263: null
10-11 21:43:40.976: I/Remoter(1331): Saved screenshot to '/data/screenshots/__pmv__-0100.jpg'
10-11 21:43:42.026: I/Remoter(1331): Saved screenshot to '/data/screenshots/__pmv__-0101.jpg'
10-11 21:43:43.078: I/Remoter(1331): Saved screenshot to '/data/screenshots/__pmv__-0102.jpg'
10-11 21:43:44.129: I/Remoter(1331): Saved screenshot to '/data/screenshots/__pmv__-0103.jpg'
10-11 21:43:44.284: I/MetadataService(1331): Processed 0 update/creates for instance/attributes/
10-11 21:43:44.284: I/MetadataService(1331): Processed 0 update/creates for project/attributes/
10-11 21:43:44.274: I/gce.meta.proxy(976): type=1400 audit(0.0:186): avc: denied { create } for scontext=u:r:kernel:s0 tcontext=u:r:kernel:s0 tclass=tcp_socket permissive=1
10-11 21:43:44.274: I/gce.meta.proxy(976): type=1400 audit(0.0:187): avc: denied { name_connect } for dest=80 scontext=u:r:kernel:s0 tcontext=u:object_r:port:s0 tclass=tcp_socket permissive=1
10-11 21:43:44.471: D/Finsky(5450): [1] ExperimentsChangeHandler.access$100: Executing killAppInBackground with duration: 1789994, pollInterval: 10000
10-11 21:43:45.134: I/remoter(1331): type=1400 audit(0.0:188): avc: denied { write } for name="screenshots" dev="loop6" ino=172033 scontext=u:r:gcelogwrapper:s0 tcontext=u:object_r:system_data_file:s0 tclass=dir permissive=1
10-11 21:43:45.134: I/remoter(1331): type=1400 audit(0.0:189): avc: denied { add_name } for name="__pmv__-0104.jpg" scontext=u:r:gcelogwrapper:s0 tcontext=u:object_r:system_data_file:s0 tclass=dir permissive=1
10-11 21:43:45.216: I/Remoter(1331): Saved screenshot to '/data/screenshots/__pmv__-0104.jpg'
10-11 21:43:45.330: I/CheckinCompat(5180): Done disabling old GoogleServicesFramework version
10-11 21:43:46.078: D/DefContainer(4401): Copying /data/user/0/com.android.providers.downloads/cache/downloadfile.bin to base.apk
10-11 21:43:46.294: I/Remoter(1331): Saved screenshot to '/data/screenshots/__pmv__-0105.jpg'
10-11 21:43:46.627: I/PackageManager.DexOptimizer(1720): Running dexopt (dex2oat) on: /data/app/vmdl9308813.tmp/base.apk pkg=com.android.vending isa=x86 vmSafeMode=false debuggable=false oatDir = /data/app/vmdl9308813.tmp/oat bootComplete=true
10-11 21:43:46.635: I/dex2oat(6280): Starting dex2oat.
10-11 21:43:46.635: E/cutils-trace(6280): Error opening trace file: Permission denied (13)
10-11 21:43:46.695: I/GceMetadataClient(3066): Received updated metadata.
10-11 21:43:46.975: I/GceRil(1345): Received request 19
10-11 21:43:46.975: I/GceRil(1345): Reporting signal strength: GW=20 CDMA=-80 EVDO=-74 LTE=14
10-11 21:43:47.108: D/AndroidRuntime(6284): >>>>>> START com.android.internal.os.RuntimeInit uid 0 <<<<<<
10-11 21:43:47.110: D/AndroidRuntime(6284): CheckJNI is OFF
10-11 21:43:47.124: D/ICU(6284): No timezone override file found: /data/misc/zoneinfo/current/icu/icu_tzdata.dat
10-11 21:43:47.124: D/ICU(6284): [ 10-11 21:43:47.130  6284: 6284 W/         ]
10-11 21:43:47.124: D/ICU(6284): Failed to bind-mount /system/lib/x86/cpuinfo as /proc/cpuinfo: No such file or directory
10-11 21:43:47.143: E/memtrack(6284): Couldn't load memtrack module (No such file or directory)
10-11 21:43:47.143: E/android.os.Debug(6284): failed to load memtrack module: -2
10-11 21:43:47.144: I/Radio-JNI(6284): register_android_hardware_Radio DONE
10-11 21:43:47.154: D/AndroidRuntime(6284): Calling main entry com.android.commands.pm.Pm
10-11 21:43:47.188: I/art(6284): System.exit called, status: 0
10-11 21:43:47.188: I/AndroidRuntime(6284): VM exiting with result code 0.
10-11 21:43:47.402: I/Remoter(1331): Saved screenshot to '/data/screenshots/__pmv__-0106.jpg'
10-11 21:43:47.431: I/GceRil(1345): Received request 19
10-11 21:43:47.431: I/GceRil(1345): Reporting signal strength: GW=19 CDMA=-79 EVDO=-74 LTE=14
10-11 21:43:47.872: D/AndroidRuntime(6309): >>>>>> START com.android.internal.os.RuntimeInit uid 0 <<<<<<
10-11 21:43:47.873: D/AndroidRuntime(6309): CheckJNI is OFF
10-11 21:43:47.889: D/ICU(6309): No timezone override file found: /data/misc/zoneinfo/current/icu/icu_tzdata.dat
10-11 21:43:47.889: D/ICU(6309): [ 10-11 21:43:47.895  6309: 6309 W/         ]
10-11 21:43:47.889: D/ICU(6309): Failed to bind-mount /system/lib/x86/cpuinfo as /proc/cpuinfo: No such file or directory
10-11 21:43:47.912: E/memtrack(6309): Couldn't load memtrack module (No such file or directory)
10-11 21:43:47.912: E/android.os.Debug(6309): failed to load memtrack module: -2
10-11 21:43:47.913: I/Radio-JNI(6309): register_android_hardware_Radio DONE
10-11 21:43:47.923: D/AndroidRuntime(6309): Calling main entry com.android.commands.pm.Pm
10-11 21:43:48.512: I/Remoter(1331): Saved screenshot to '/data/screenshots/__pmv__-0107.jpg'
10-11 21:43:49.595: I/Remoter(1331): Saved screenshot to '/data/screenshots/__pmv__-0108.jpg'
10-11 21:43:50.140: W/dex2oat(6280): No verified method for method calling String.<init>: java.lang.String java.io.ByteArrayOutputStream.toString()
10-11 21:43:50.701: I/Remoter(1331): Saved screenshot to '/data/screenshots/__pmv__-0109.jpg'
10-11 21:43:50.810: I/Auth(5142): [BroadcastManager] Broadcasting account services changed.
10-11 21:43:50.875: I/qtaguid(5450): Failed write_ctrl(u 35) res=-1 errno=22
10-11 21:43:50.875: I/qtaguid(5450): Untagging socket 35 failed errno=-22
10-11 21:43:50.875: W/NetworkManagementSocketTagger(5450): untagSocket(35) failed with errno -22
10-11 21:43:50.878: D/Finsky(5450): [1] AppStatesReplicator.handleContentSyncResponse: Completed 1 account content syncs with 1 successful.
10-11 21:43:50.878: D/Finsky(5450): [1] ContentSyncService$5.onFinished: Installation state replication succeeded.
10-11 21:43:50.965: D/Finsky(5450): [380] ContentFiltersService$1.getContentFiltersAndIntent: Received content filters request from sharedUserId=com.google.uid.shared:10010
10-11 21:43:51.008: W/Auth(5142): [GetToken] GetToken failed with status code: INVALID_SCOPE
10-11 21:43:51.008: W/GLSActivity(5142): dzf: INVALID_SCOPE
10-11 21:43:51.008: W/GLSActivity(5142): 	at dzj.a(:com.google.android.gms@11519470:16)
10-11 21:43:51.008: W/GLSActivity(5142): 	at dzi.a(:com.google.android.gms@11519470:2)
10-11 21:43:51.008: W/GLSActivity(5142): 	at dzi.e(:com.google.android.gms@11519470:6)
10-11 21:43:51.008: W/GLSActivity(5142): 	at dzh.a(:com.google.android.gms@11519470:1)
10-11 21:43:51.008: W/GLSActivity(5142): 	at eax.getAuthToken(:com.google.android.gms@11519470:7)
10-11 21:43:51.008: W/GLSActivity(5142): 	at android.accounts.AbstractAccountAuthenticator$Transport.getAuthToken(AbstractAccountAuthenticator.java:214)
10-11 21:43:51.008: W/GLSActivity(5142): 	at android.accounts.IAccountAuthenticator$Stub.onTransact(IAccountAuthenticator.java:113)
10-11 21:43:51.008: W/GLSActivity(5142): 	at android.os.Binder.transact(Binder.java:387)
10-11 21:43:51.008: W/GLSActivity(5142): 	at buy.onTransact(:com.google.android.gms@11519470:3)
10-11 21:43:51.008: W/GLSActivity(5142): 	at android.os.Binder.execTransact(Binder.java:453)
10-11 21:43:51.009: E/InstantApps(5142): getTokenWithNotification failed
10-11 21:43:51.009: E/InstantApps(5142): android.accounts.AuthenticatorException: INVALID_SCOPE
10-11 21:43:51.009: E/InstantApps(5142): 	at android.accounts.AccountManager.convertErrorToException(AccountManager.java:2143)
10-11 21:43:51.009: E/InstantApps(5142): 	at android.accounts.AccountManager.-wrap0(AccountManager.java)
10-11 21:43:51.009: E/InstantApps(5142): 	at android.accounts.AccountManager$AmsTask$Response.onError(AccountManager.java:1993)
10-11 21:43:51.009: E/InstantApps(5142): 	at android.accounts.IAccountManagerResponse$Stub.onTransact(IAccountManagerResponse.java:69)
10-11 21:43:51.009: E/InstantApps(5142): 	at android.os.Binder.execTransact(Binder.java:453)
10-11 21:43:51.009: E/InstantApps(5142): RouterBackendClient: updateUserPrefs failed
10-11 21:43:51.009: E/InstantApps(5142): vbh: getTokenWithNotification failed
10-11 21:43:51.009: E/InstantApps(5142): 	at vbg.a(:com.google.android.gms@11519470:7)
10-11 21:43:51.009: E/InstantApps(5142): 	at vay.b(:com.google.android.gms@11519470:13)
10-11 21:43:51.009: E/InstantApps(5142): 	at vay.a(:com.google.android.gms@11519470)
10-11 21:43:51.009: E/InstantApps(5142): 	at vbj.call(:com.google.android.gms@11519470:2)
10-11 21:43:51.009: E/InstantApps(5142): 	at java.util.concurrent.FutureTask.run(FutureTask.java:237)
10-11 21:43:51.009: E/InstantApps(5142): 	at mmo.run(:com.google.android.gms@11519470:25)
10-11 21:43:51.009: E/InstantApps(5142): 	at java.util.concurrent.ThreadPoolExecutor.runWorker(ThreadPoolExecutor.java:1113)
10-11 21:43:51.009: E/InstantApps(5142): 	at java.util.concurrent.ThreadPoolExecutor$Worker.run(ThreadPoolExecutor.java:588)
10-11 21:43:51.009: E/InstantApps(5142): 	at mrv.run(:com.google.android.gms@11519470)
10-11 21:43:51.009: E/InstantApps(5142): 	at java.lang.Thread.run(Thread.java:818)
10-11 21:43:51.009: E/InstantApps(5142): Caused by: android.accounts.AuthenticatorException: INVALID_SCOPE
10-11 21:43:51.009: E/InstantApps(5142): 	at android.accounts.AccountManager.convertErrorToException(AccountManager.java:2143)
10-11 21:43:51.009: E/InstantApps(5142): 	at android.accounts.AccountManager.-wrap0(AccountManager.java)
10-11 21:43:51.009: E/InstantApps(5142): 	at android.accounts.AccountManager$AmsTask$Response.onError(AccountManager.java:1993)
10-11 21:43:51.009: E/InstantApps(5142): 	at android.accounts.IAccountManagerResponse$Stub.onTransact(IAccountManagerResponse.java:69)
10-11 21:43:51.009: E/InstantApps(5142): 	at android.os.Binder.execTransact(Binder.java:453)
10-11 21:43:51.010: E/InstantApps(5142): UserPrefsUpdater: Failed updateUserPrefs: status=0
10-11 21:43:51.070: W/Auth(5142): [GetToken] GetToken failed with status code: INVALID_SCOPE
10-11 21:43:51.070: W/GLSActivity(5142): dzf: INVALID_SCOPE
10-11 21:43:51.070: W/GLSActivity(5142): 	at dzj.a(:com.google.android.gms@11519470:16)
10-11 21:43:51.070: W/GLSActivity(5142): 	at dzi.a(:com.google.android.gms@11519470:2)
10-11 21:43:51.070: W/GLSActivity(5142): 	at dzi.e(:com.google.android.gms@11519470:6)
10-11 21:43:51.070: W/GLSActivity(5142): 	at dzh.a(:com.google.android.gms@11519470:1)
10-11 21:43:51.070: W/GLSActivity(5142): 	at eax.getAuthToken(:com.google.android.gms@11519470:7)
10-11 21:43:51.070: W/GLSActivity(5142): 	at android.accounts.AbstractAccountAuthenticator$Transport.getAuthToken(AbstractAccountAuthenticator.java:214)
10-11 21:43:51.070: W/GLSActivity(5142): 	at android.accounts.IAccountAuthenticator$Stub.onTransact(IAccountAuthenticator.java:113)
10-11 21:43:51.070: W/GLSActivity(5142): 	at android.os.Binder.transact(Binder.java:387)
10-11 21:43:51.070: W/GLSActivity(5142): 	at buy.onTransact(:com.google.android.gms@11519470:3)
10-11 21:43:51.070: W/GLSActivity(5142): 	at android.os.Binder.execTransact(Binder.java:453)
10-11 21:43:51.071: E/InstantApps(5142): getTokenWithNotification failed
10-11 21:43:51.071: E/InstantApps(5142): android.accounts.AuthenticatorException: INVALID_SCOPE
10-11 21:43:51.071: E/InstantApps(5142): 	at android.accounts.AccountManager.convertErrorToException(AccountManager.java:2143)
10-11 21:43:51.071: E/InstantApps(5142): 	at android.accounts.AccountManager.-wrap0(AccountManager.java)
10-11 21:43:51.071: E/InstantApps(5142): 	at android.accounts.AccountManager$AmsTask$Response.onError(AccountManager.java:1993)
10-11 21:43:51.071: E/InstantApps(5142): 	at android.accounts.IAccountManagerResponse$Stub.onTransact(IAccountManagerResponse.java:69)
10-11 21:43:51.071: E/InstantApps(5142): 	at android.os.Binder.execTransact(Binder.java:453)
10-11 21:43:51.071: E/InstantApps(5142): DomainFilterImpl: Error while reading domain filter from WHAPI
10-11 21:43:51.071: E/InstantApps(5142): java.util.concurrent.ExecutionException: bafm: UNAUTHENTICATED
10-11 21:43:51.071: E/InstantApps(5142): 	at java.util.concurrent.FutureTask.report(FutureTask.java:94)
10-11 21:43:51.071: E/InstantApps(5142): 	at java.util.concurrent.FutureTask.get(FutureTask.java:164)
10-11 21:43:51.071: E/InstantApps(5142): 	at vbi.get(:com.google.android.gms@11519470:2)
10-11 21:43:51.071: E/InstantApps(5142): 	at vfo.a(:com.google.android.gms@11519470:7)
10-11 21:43:51.071: E/InstantApps(5142): 	at vfo.a(:com.google.android.gms@11519470:54)
10-11 21:43:51.071: E/InstantApps(5142): 	at vfo.a(:com.google.android.gms@11519470:120)
10-11 21:43:51.071: E/InstantApps(5142): 	at vfl.a(:com.google.android.gms@11519470:1)
10-11 21:43:51.071: E/InstantApps(5142): 	at com.google.android.gms.instantapps.routing.DomainFilterUpdateChimeraService.a(:com.google.android.gms@11519470:10)
10-11 21:43:51.071: E/InstantApps(5142): 	at ssv.run(:com.google.android.gms@11519470:1)
10-11 21:43:51.071: E/InstantApps(5142): 	at java.util.concurrent.ThreadPoolExecutor.runWorker(ThreadPoolExecutor.java:1113)
10-11 21:43:51.071: E/InstantApps(5142): 	at java.util.concurrent.ThreadPoolExecutor$Worker.run(ThreadPoolExecutor.java:588)
10-11 21:43:51.071: E/InstantApps(5142): 	at java.lang.Thread.run(Thread.java:818)
10-11 21:43:51.071: E/InstantApps(5142): Caused by: bafm: UNAUTHENTICATED
10-11 21:43:51.071: E/InstantApps(5142): 	at vaw.b(:com.google.android.gms@11519470:31)
10-11 21:43:51.071: E/InstantApps(5142): 	at vaw.a(:com.google.android.gms@11519470)
10-11 21:43:51.071: E/InstantApps(5142): 	at vbj.call(:com.google.android.gms@11519470:2)
10-11 21:43:51.071: E/InstantApps(5142): 	at java.util.concurrent.FutureTask.run(FutureTask.java:237)
10-11 21:43:51.071: E/InstantApps(5142): 	at mmo.run(:com.google.android.gms@11519470:25)
10-11 21:43:51.071: E/InstantApps(5142): 	at java.util.concurrent.ThreadPoolExecutor.runWorker(ThreadPoolExecutor.java:1113)
10-11 21:43:51.071: E/InstantApps(5142): 	at java.util.concurrent.ThreadPoolExecutor$Worker.run(ThreadPoolExecutor.java:588)
10-11 21:43:51.071: E/InstantApps(5142): 	at mrv.run(:com.google.android.gms@11519470)
10-11 21:43:51.071: E/InstantApps(5142): 	... 1 more
10-11 21:43:51.071: W/InstantApps(5142): DomainFilterUpdateChimeraService: Retry later
10-11 21:43:51.085: E/ctxmgr(5142): [NetworkUtil]No active synchronizable contexts.
10-11 21:43:51.184: W/Auth(5142): [GetToken] GetToken failed with status code: INVALID_SCOPE
10-11 21:43:51.184: W/AuthSessionAuthenticato(5142): Auth related exception is being ignored: INVALID_SCOPE
10-11 21:43:51.191: W/GLSUser(5142): [DeviceKeyStore] Cannot load key: Device key file not found.
10-11 21:43:51.191: W/GLSUser(5142): [DeviceKeyStore] Cannot load key: Device key file not found.
10-11 21:43:51.195: E/ctxmgr(5142): [BaseServerTask]Server task (FetchAclSet) got error statusCode=-1.
10-11 21:43:51.195: E/ctxmgr(5142): com.android.volley.VolleyError: Unable to obtain auth token - is the device online?
10-11 21:43:51.195: E/ctxmgr(5142): 	at ciz.a(:com.google.android.gms@11519470:39)
10-11 21:43:51.195: E/ctxmgr(5142): 	at cei.run(:com.google.android.gms@11519470:2)
10-11 21:43:51.195: E/ctxmgr(5142): 	at ceg.handleMessage(:com.google.android.gms@11519470:3)
10-11 21:43:51.195: E/ctxmgr(5142): 	at mme.run(:com.google.android.gms@11519470:6)
10-11 21:43:51.195: E/ctxmgr(5142): 	at mmo.run(:com.google.android.gms@11519470:25)
10-11 21:43:51.195: E/ctxmgr(5142): 	at java.util.concurrent.ThreadPoolExecutor.runWorker(ThreadPoolExecutor.java:1113)
10-11 21:43:51.195: E/ctxmgr(5142): 	at java.util.concurrent.ThreadPoolExecutor$Worker.run(ThreadPoolExecutor.java:588)
10-11 21:43:51.195: E/ctxmgr(5142): 	at mrv.run(:com.google.android.gms@11519470)
10-11 21:43:51.195: E/ctxmgr(5142): 	at java.lang.Thread.run(Thread.java:818)
10-11 21:43:51.238: E/ctxmgr(5142): [AccountAclCallback]Failed Acl fetch: network status=-1
10-11 21:43:51.596: W/UdcContextManagerHelper(5142): Empty context buffer. Thus might mean that the context is not synced down.
10-11 21:43:51.596: W/UploadOptInStatusOp(5142): Empty context model while retrieving upload opt-in status!
10-11 21:43:51.686: W/Auth(5142): [GetToken] GetToken failed with status code: INVALID_SCOPE
10-11 21:43:51.686: W/AuthSessionAuthenticato(5142): Auth related exception is being ignored: INVALID_SCOPE
10-11 21:43:51.688: W/GLSUser(5142): [DeviceKeyStore] Cannot load key: Device key file not found.
10-11 21:43:51.688: W/GLSUser(5142): [DeviceKeyStore] Cannot load key: Device key file not found.
10-11 21:43:51.689: E/ctxmgr(5142): [BaseServerTask]Server task (FetchAclSet) got error statusCode=-1.
10-11 21:43:51.689: E/ctxmgr(5142): com.android.volley.VolleyError: Unable to obtain auth token - is the device online?
10-11 21:43:51.689: E/ctxmgr(5142): 	at ciz.a(:com.google.android.gms@11519470:39)
10-11 21:43:51.689: E/ctxmgr(5142): 	at cei.run(:com.google.android.gms@11519470:2)
10-11 21:43:51.689: E/ctxmgr(5142): 	at ceg.handleMessage(:com.google.android.gms@11519470:3)
10-11 21:43:51.689: E/ctxmgr(5142): 	at mme.run(:com.google.android.gms@11519470:6)
10-11 21:43:51.689: E/ctxmgr(5142): 	at mmo.run(:com.google.android.gms@11519470:25)
10-11 21:43:51.689: E/ctxmgr(5142): 	at java.util.concurrent.ThreadPoolExecutor.runWorker(ThreadPoolExecutor.java:1113)
10-11 21:43:51.689: E/ctxmgr(5142): 	at java.util.concurrent.ThreadPoolExecutor$Worker.run(ThreadPoolExecutor.java:588)
10-11 21:43:51.689: E/ctxmgr(5142): 	at mrv.run(:com.google.android.gms@11519470)
10-11 21:43:51.689: E/ctxmgr(5142): 	at java.lang.Thread.run(Thread.java:818)
10-11 21:43:51.695: E/ctxmgr(5142): [AccountAclCallback]Failed Acl fetch: network status=-1
10-11 21:43:51.785: I/Remoter(1331): Saved screenshot to '/data/screenshots/__pmv__-0110.jpg'
10-11 21:43:52.908: I/Remoter(1331): Saved screenshot to '/data/screenshots/__pmv__-0111.jpg'
10-11 21:43:53.587: W/dex2oat(6280): No verified method for method calling String.<init>: java.lang.String java.io.ByteArrayOutputStream.toString()
10-11 21:43:53.589: W/dex2oat(6280): No verified method for method calling String.<init>: java.lang.String java.io.ByteArrayOutputStream.toString()
10-11 21:43:53.594: W/Auth(5142): [GetToken] GetToken failed with status code: INVALID_SCOPE
10-11 21:43:53.595: W/AuthSessionAuthenticato(5142): Auth related exception is being ignored: INVALID_SCOPE
10-11 21:43:53.596: W/GLSUser(5142): [DeviceKeyStore] Cannot load key: Device key file not found.
10-11 21:43:53.596: W/GLSUser(5142): [DeviceKeyStore] Cannot load key: Device key file not found.
10-11 21:43:53.597: E/ctxmgr(5142): [BaseServerTask]Server task (WriteInterestRecordTask) got error statusCode=-1.
10-11 21:43:53.597: E/ctxmgr(5142): com.android.volley.VolleyError: Unable to obtain auth token - is the device online?
10-11 21:43:53.597: E/ctxmgr(5142): 	at ciz.a(:com.google.android.gms@11519470:39)
10-11 21:43:53.597: E/ctxmgr(5142): 	at cei.run(:com.google.android.gms@11519470:2)
10-11 21:43:53.597: E/ctxmgr(5142): 	at ceg.handleMessage(:com.google.android.gms@11519470:3)
10-11 21:43:53.597: E/ctxmgr(5142): 	at mme.run(:com.google.android.gms@11519470:6)
10-11 21:43:53.597: E/ctxmgr(5142): 	at mmo.run(:com.google.android.gms@11519470:25)
10-11 21:43:53.597: E/ctxmgr(5142): 	at java.util.concurrent.ThreadPoolExecutor.runWorker(ThreadPoolExecutor.java:1113)
10-11 21:43:53.597: E/ctxmgr(5142): 	at java.util.concurrent.ThreadPoolExecutor$Worker.run(ThreadPoolExecutor.java:588)
10-11 21:43:53.597: E/ctxmgr(5142): 	at mrv.run(:com.google.android.gms@11519470)
10-11 21:43:53.597: E/ctxmgr(5142): 	at java.lang.Thread.run(Thread.java:818)
10-11 21:43:53.597: E/ctxmgr(5142): [SyncServerInterestRecordsOperation]Failed WriteInterestRecord: network status=-1
10-11 21:43:53.990: I/Remoter(1331): Saved screenshot to '/data/screenshots/__pmv__-0112.jpg'
10-11 21:43:54.481: D/Finsky(5450): [1] ExperimentsChangeHandler.access$100: Executing killAppInBackground with duration: 1779984, pollInterval: 10000
10-11 21:43:55.127: I/Remoter(1331): Saved screenshot to '/data/screenshots/__pmv__-0113.jpg'
10-11 21:43:55.183: I/dex2oat(6280): dex2oat took 8.548s (threads: 2) arena alloc=5MB java alloc=19MB native alloc=55MB free=3MB
10-11 21:43:55.190: I/ActivityManager(1720): Force stopping com.android.vending appid=10020 user=-1: replace sys pkg
10-11 21:43:55.190: I/ActivityManager(1720): Killing 5450:com.android.vending/u0a20 (adj 9): stop com.android.vending
10-11 21:43:55.194: W/PackageManager(1720): Trying to update system app code path from /system/priv-app/Phonesky to /data/app/com.android.vending-1
10-11 21:43:55.194: W/PackageManager(1720): Code path for com.android.vending changing from /system/priv-app/Phonesky to /data/app/com.android.vending-1
10-11 21:43:55.194: W/PackageManager(1720): Resource path for com.android.vending changing from /system/priv-app/Phonesky to /data/app/com.android.vending-1
10-11 21:43:55.195: W/PackageManager(1720): Permission com.android.vending.appdiscoveryservice.permission.ACCESS_APP_DISCOVERY_SERVICE from package com.android.vending in an unknown group android.permission-group.NETWORK
10-11 21:43:55.195: W/PackageManager(1720): Permission com.android.vending.CHECK_LICENSE from package com.android.vending in an unknown group android.permission-group.NETWORK
10-11 21:43:55.195: W/PackageManager(1720): Permission com.android.vending.BILLING from package com.android.vending in an unknown group android.permission-group.NETWORK
10-11 21:43:55.212: W/PackageManager(1720): Not granting permission android.permission.SEND_DOWNLOAD_COMPLETED_INTENTS to package com.android.vending (protectionLevel=2 flags=0x384abec5)
10-11 21:43:55.212: W/PackageManager(1720): Unknown permission android.permission.SEND_SMS_NO_CONFIRMATION in package com.android.vending
10-11 21:43:55.212: W/PackageManager(1720): Not granting permission android.permission.BACKUP to package com.android.vending (protectionLevel=18 flags=0x384abec5)
10-11 21:43:55.212: W/PackageManager(1720): Not granting permission android.permission.CONNECTIVITY_INTERNAL to package com.android.vending (protectionLevel=18 flags=0x384abec5)
10-11 21:43:55.212: W/PackageManager(1720): Not granting permission android.permission.DUMP to package com.android.vending (protectionLevel=50 flags=0x384abec5)
10-11 21:43:55.212: W/PackageManager(1720): Not granting permission android.permission.UPDATE_DEVICE_STATS to package com.android.vending (protectionLevel=18 flags=0x384abec5)
10-11 21:43:55.212: W/PackageManager(1720): Not granting permission android.permission.SET_PREFERRED_APPLICATIONS to package com.android.vending (protectionLevel=2 flags=0x384abec5)
10-11 21:43:55.212: W/PackageManager(1720): Unknown permission android.permission.ACCESS_INSTANT_APPS in package com.android.vending
10-11 21:43:55.212: W/PackageManager(1720): Unknown permission com.google.android.partnersetup.permission.WRITE_APP_PROVIDER in package com.android.vending
10-11 21:43:55.212: W/PackageManager(1720): Not granting permission android.permission.GET_APP_OPS_STATS to package com.android.vending (protectionLevel=50 flags=0x384abec5)
10-11 21:43:55.212: W/PackageManager(1720): Unknown permission android.permission.ALLOCATE_AGGRESSIVE in package com.android.vending
10-11 21:43:55.212: W/PackageManager(1720): Unknown permission com.sec.android.provider.badge.permission.READ in package com.android.vending
10-11 21:43:55.212: W/PackageManager(1720): Unknown permission com.sec.android.provider.badge.permission.WRITE in package com.android.vending
10-11 21:43:55.212: W/PackageManager(1720): Unknown permission com.htc.launcher.permission.READ_SETTINGS in package com.android.vending
10-11 21:43:55.212: W/PackageManager(1720): Unknown permission com.htc.launcher.permission.UPDATE_SHORTCUT in package com.android.vending
10-11 21:43:55.212: W/PackageManager(1720): Unknown permission com.sonyericsson.home.permission.BROADCAST_BADGE in package com.android.vending
10-11 21:43:55.212: W/PackageManager(1720): Unknown permission com.sonymobile.home.permission.PROVIDER_INSERT_BADGE in package com.android.vending
10-11 21:43:55.212: W/PackageManager(1720): Unknown permission com.anddoes.launcher.permission.UPDATE_COUNT in package com.android.vending
10-11 21:43:55.212: W/PackageManager(1720): Unknown permission com.majeur.launcher.permission.UPDATE_BADGE in package com.android.vending
10-11 21:43:55.212: W/PackageManager(1720): Unknown permission com.huawei.android.launcher.permission.CHANGE_BADGE in package com.android.vending
10-11 21:43:55.212: W/PackageManager(1720): Unknown permission com.huawei.android.launcher.permission.READ_SETTINGS in package com.android.vending
10-11 21:43:55.212: W/PackageManager(1720): Unknown permission com.huawei.android.launcher.permission.WRITE_SETTINGS in package com.android.vending
10-11 21:43:55.212: W/PackageManager(1720): Unknown permission android.permission.READ_APP_BADGE in package com.android.vending
10-11 21:43:55.212: W/PackageManager(1720): Unknown permission com.oppo.launcher.permission.READ_SETTINGS in package com.android.vending
10-11 21:43:55.212: W/PackageManager(1720): Unknown permission com.oppo.launcher.permission.WRITE_SETTINGS in package com.android.vending
10-11 21:43:55.224: W/Settings(1720): Setting install_non_market_apps has moved from android.provider.Settings.Global to android.provider.Settings.Secure, returning read-only value.
10-11 21:43:55.224: I/art(1720): Starting a blocking GC Explicit
10-11 21:43:55.226: D/ActivityManager(1720): cleanUpApplicationRecord -- 5450
10-11 21:43:55.227: W/ActivityManager(1720): Scheduling restart of crashed service com.android.vending/com.google.android.finsky.services.ContentFiltersService in 1000ms
10-11 21:43:55.227: I/ActivityManager(1720):   Force stopping service ServiceRecord{5895f9a u0 com.android.vending/com.google.android.finsky.services.ContentFiltersService}
10-11 21:43:55.227: I/ActivityManager(1720): Force stopping com.android.vending appid=10020 user=-1: replace pkg
10-11 21:43:55.228: W/ActivityManager(1720): Spurious death for ProcessRecord{ae3fa40 0:com.android.vending/u0a20}, curProc for 5450: null
10-11 21:43:55.251: I/art(1720): Explicit concurrent mark sweep GC freed 84549(4MB) AllocSpace objects, 5(332KB) LOS objects, 33% free, 23MB/35MB, paused 277us total 26.812ms
10-11 21:43:55.259: I/PackageManager(1720): Observer no longer exists.
10-11 21:43:55.261: D/DefContainer(4401): Copying /data/local/tmp/app3401106880523739663.apk to base.apk
10-11 21:43:55.268: I/ActivityManager(1720): Force stopping com.android.vending appid=10020 user=0: pkg removed
10-11 21:43:55.283: I/InputReader(1720): Reconfiguring input devices.  changes=0x00000010
10-11 21:43:55.283: I/InputReader(1720): Reconfiguring input devices.  changes=0x00000010
10-11 21:43:55.284: I/InputReader(1720): Reconfiguring input devices.  changes=0x00000010
10-11 21:43:55.284: D/BluetoothMapAppObserver(2506): onReceive
10-11 21:43:55.284: D/BluetoothMapAppObserver(2506): The removed package is: com.android.vending
10-11 21:43:55.284: D/BluetoothMapAppObserver(2506): onReceive
10-11 21:43:55.284: D/BluetoothMapAppObserver(2506): The installed package is: com.android.vending
10-11 21:43:55.284: D/JobSchedulerService(1720): Receieved: android.intent.action.PACKAGE_REMOVED
10-11 21:43:55.284: D/CarrierServiceBindHelper(2076): Receive action: android.intent.action.PACKAGE_REMOVED
10-11 21:43:55.285: D/CarrierServiceBindHelper(2076): Receive action: android.intent.action.PACKAGE_ADDED
10-11 21:43:55.285: D/BluetoothMapAppObserver(2506): Found 0 application(s) with intent android.bluetooth.action.BLUETOOTH_MAP_PROVIDER
