10-13 06:26:02.821: D/dalvikvm(17772): VFY: replacing opcode 0x6f at 0x0002
10-13 06:26:02.821: I/dalvikvm(17772): Could not find method android.content.ContextWrapper.createDeviceProtectedStorageContext, referenced from method com.google.android.chimera.ModuleContext.createDeviceProtectedStorageContext
10-13 06:26:02.822: W/dalvikvm(17772): VFY: unable to resolve virtual method 739: Landroid/content/ContextWrapper;.createDeviceProtectedStorageContext ()Landroid/content/Context;
10-13 06:26:02.822: D/dalvikvm(17772): VFY: replacing opcode 0x6f at 0x0002
10-13 06:26:02.822: I/dalvikvm(17772): Could not find method android.content.Context.isCredentialProtectedStorage, referenced from method buu.a
10-13 06:26:02.822: W/dalvikvm(17772): VFY: unable to resolve virtual method 719: Landroid/content/Context;.isCredentialProtectedStorage ()Z
10-13 06:26:02.822: D/dalvikvm(17772): VFY: replacing opcode 0x6e at 0x0000
10-13 06:26:02.823: I/dalvikvm(17772): Could not find method android.os.UserManager.isUserUnlocked, referenced from method buu.a
10-13 06:26:02.823: W/dalvikvm(17772): VFY: unable to resolve virtual method 1312: Landroid/os/UserManager;.isUserUnlocked ()Z
10-13 06:26:02.823: D/dalvikvm(17772): VFY: replacing opcode 0x6e at 0x001a
10-13 06:26:02.823: I/dalvikvm(17772): Could not find method android.content.Context.isDeviceProtectedStorage, referenced from method buu.b
10-13 06:26:02.823: W/dalvikvm(17772): VFY: unable to resolve virtual method 720: Landroid/content/Context;.isDeviceProtectedStorage ()Z
10-13 06:26:02.823: D/dalvikvm(17772): VFY: replacing opcode 0x6e at 0x0000
10-13 06:26:02.823: I/dalvikvm(17772): Could not find method android.content.Context.isDeviceProtectedStorage, referenced from method buu.c
10-13 06:26:02.823: W/dalvikvm(17772): VFY: unable to resolve virtual method 720: Landroid/content/Context;.isDeviceProtectedStorage ()Z
10-13 06:26:02.823: D/dalvikvm(17772): VFY: replacing opcode 0x6e at 0x0000
10-13 06:26:02.825: I/MultiDex(17772): VM with version 1.6.0 does not have multidex support
10-13 06:26:02.825: I/MultiDex(17772): install
10-13 06:26:02.826: I/MultiDex(17772): MultiDexExtractor.load(/data/app/com.google.android.gms-2.apk, false)
10-13 06:26:02.830: I/MultiDex(17772): Blocking on lock /data/user/0/com.google.android.gms/code_cache/secondary-dexes/MultiDex.lock
10-13 06:26:02.830: I/MultiDex(17772): /data/user/0/com.google.android.gms/code_cache/secondary-dexes/MultiDex.lock locked
10-13 06:26:02.834: I/MultiDex(17772): loading existing secondary dex files
10-13 06:26:02.836: I/MultiDex(17772): load found 4 secondary dex files
10-13 06:26:02.838: I/RulesValidatorInterface(17361): updateRuleValidity : com.motorola.smartactions.meeting.action.1.a Validity : Valid
10-13 06:26:02.838: I/RulesValidatorInterface(17361):  publisherUpdateReason : LocaleChanged
10-13 06:26:02.841: I/MultiDex(17772): install done
10-13 06:26:02.852: I/PublisherManagerService(17361): onHandleIntent #Intent;action=com.motorola.contextual.smartrules.sacore;component=com.motorola.contextual.smartrules2/.publishermanager.PublisherManagerService;S.com.motorola.smartactions.intent.extra.EVENT=refresh_response;S.com.motorola.smartactions.intent.extra.STATE=false;S.com.motorola.smartactions.intent.extra.RESPONSE_ID=condition%3AMeeting%253DMeeting%253BVersion%253D1.0%3Acom.motorola.smartactions.meeting.action.1.b%3A4%3Atrue%3A0%3ALocaleChanged%3Anull;S.com.motorola.smartactions.intent.extra.PUBLISHER_KEY=com.motorola.contextual.smartprofile.meeting;S.com.motorola.smartactions.intent.extra.CONFIG=Meeting%3DMeeting%3BVersion%3D1.0;S.com.motorola.smartactions.intent.extra.DESCRIPTION=When%20meeting;S.com.motorola.smartactions.intent.extra.STATUS=success;end
10-13 06:26:02.867: I/ProviderInstaller(17758): Installed default security provider GmsCore_OpenSSL
10-13 06:26:02.876: I/RulesValidatorInterface(17361): updateRuleValidity : com.motorola.smartactions.meeting.action.1.b Validity : Valid
10-13 06:26:02.876: I/RulesValidatorInterface(17361):  publisherUpdateReason : LocaleChanged
10-13 06:26:02.898: I/PublisherManagerService(17361): onHandleIntent #Intent;action=com.motorola.contextual.smartrules.sacore;component=com.motorola.contextual.smartrules2/.publishermanager.PublisherManagerService;S.com.motorola.smartactions.intent.extra.EVENT=refresh_response;S.com.motorola.smartactions.intent.extra.STATE=false;S.com.motorola.smartactions.intent.extra.RESPONSE_ID=condition%3AMeeting%253DMeeting%253BVersion%253D1.0%3Acom.motorola.smartactions.meeting.action.2%3A4%3Atrue%3A0%3ALocaleChanged%3Anull;S.com.motorola.smartactions.intent.extra.PUBLISHER_KEY=com.motorola.contextual.smartprofile.meeting;S.com.motorola.smartactions.intent.extra.CONFIG=Meeting%3DMeeting%3BVersion%3D1.0;S.com.motorola.smartactions.intent.extra.DESCRIPTION=When%20meeting;S.com.motorola.smartactions.intent.extra.STATUS=success;end
10-13 06:26:02.904: I/dalvikvm(17772): Could not find method android.content.Context.isDeviceProtectedStorage, referenced from method jrg.d
10-13 06:26:02.904: W/dalvikvm(17772): VFY: unable to resolve virtual method 720: Landroid/content/Context;.isDeviceProtectedStorage ()Z
10-13 06:26:02.904: D/dalvikvm(17772): VFY: replacing opcode 0x6e at 0x0006
10-13 06:26:02.905: I/dalvikvm(17772): Could not find method android.os.UserHandle.isOwner, referenced from method jrg.h
10-13 06:26:02.905: W/dalvikvm(17772): VFY: unable to resolve virtual method 1305: Landroid/os/UserHandle;.isOwner ()Z
10-13 06:26:02.905: D/dalvikvm(17772): VFY: replacing opcode 0x6e at 0x000a
10-13 06:26:02.911: I/dalvikvm(17772): Could not find method android.content.pm.PackageManager.isInstantApp, referenced from method jwv.a
10-13 06:26:02.911: W/dalvikvm(17772): VFY: unable to resolve virtual method 836: Landroid/content/pm/PackageManager;.isInstantApp (Ljava/lang/String;)Z
10-13 06:26:02.911: D/dalvikvm(17772): VFY: replacing opcode 0x6e at 0x002d
10-13 06:26:02.912: D/WifiStateMachine(972): handleMessage: E msg.what=151572
10-13 06:26:02.912: D/WifiStateMachine(972): processMsg: ConnectedState
10-13 06:26:02.912: D/WifiStateMachine(972): processMsg: L2ConnectedState
10-13 06:26:02.918: I/dalvikvm(17772): Could not find method android.content.ContextWrapper.createCredentialProtectedStorageContext, referenced from method jjp.createCredentialProtectedStorageContext
10-13 06:26:02.918: W/dalvikvm(17772): VFY: unable to resolve virtual method 738: Landroid/content/ContextWrapper;.createCredentialProtectedStorageContext ()Landroid/content/Context;
10-13 06:26:02.918: D/dalvikvm(17772): VFY: replacing opcode 0x6f at 0x0002
10-13 06:26:02.918: I/dalvikvm(17772): Could not find method android.content.ContextWrapper.createDeviceProtectedStorageContext, referenced from method jjp.createDeviceProtectedStorageContext
10-13 06:26:02.918: W/dalvikvm(17772): VFY: unable to resolve virtual method 739: Landroid/content/ContextWrapper;.createDeviceProtectedStorageContext ()Landroid/content/Context;
10-13 06:26:02.918: D/dalvikvm(17772): VFY: replacing opcode 0x6f at 0x0002
10-13 06:26:02.921: D/dalvikvm(17772): DexOpt: couldn't find static field Landroid/os/Build;.SUPPORTED_ABIS
10-13 06:26:02.921: W/dalvikvm(17772): VFY: unable to resolve static field 313 (SUPPORTED_ABIS) in Landroid/os/Build;
10-13 06:26:02.921: D/dalvikvm(17772): VFY: replacing opcode 0x62 at 0x0008
10-13 06:26:02.922: D/dalvikvm(17772): DexOpt: couldn't find static field Landroid/os/Build;.SUPPORTED_ABIS
10-13 06:26:02.922: W/dalvikvm(17772): VFY: unable to resolve static field 313 (SUPPORTED_ABIS) in Landroid/os/Build;
10-13 06:26:02.922: D/dalvikvm(17772): VFY: replacing opcode 0x62 at 0x0097
10-13 06:26:02.923: D/dalvikvm(17772): DexOpt: couldn't find field Landroid/content/pm/ApplicationInfo;.splitSourceDirs
10-13 06:26:02.923: W/dalvikvm(17772): VFY: unable to resolve instance field 243
10-13 06:26:02.924: D/dalvikvm(17772): VFY: replacing opcode 0x54 at 0x0053
10-13 06:26:02.925: D/dalvikvm(17772): DexOpt: couldn't find field Landroid/content/pm/ApplicationInfo;.splitSourceDirs
10-13 06:26:02.925: I/dalvikvm(17772): DexOpt: unable to optimize instance field ref 0x00f3 at 0x57 in Ljtk;.d
10-13 06:26:02.927: D/dalvikvm(17772): Trying to load lib /data/app-lib/com.google.android.gms-2/libgmscore.so 0x426da0a8
10-13 06:26:02.928: D/WifiStateMachine(972): handleMessage: X
10-13 06:26:02.929: D/dalvikvm(17772): Added shared lib /data/app-lib/com.google.android.gms-2/libgmscore.so 0x426da0a8
10-13 06:26:02.929: D/dalvikvm(17772): No JNI_OnLoad found in /data/app-lib/com.google.android.gms-2/libgmscore.so 0x426da0a8, skipping init
10-13 06:26:02.931: D/dalvikvm(17772): Trying to load lib /data/app-lib/com.google.android.gms-2/libconscrypt_gmscore_jni.so 0x426da0a8
10-13 06:26:02.931: D/dalvikvm(17772): Added shared lib /data/app-lib/com.google.android.gms-2/libconscrypt_gmscore_jni.so 0x426da0a8
10-13 06:26:02.932: V/NativeCrypto(17772): Registering com/google/android/gms/org/conscrypt/NativeCrypto's 259 native methods...
10-13 06:26:02.932: I/RulesValidatorInterface(17361): updateRuleValidity : com.motorola.smartactions.meeting.action.2 Validity : Valid
10-13 06:26:02.932: I/RulesValidatorInterface(17361):  publisherUpdateReason : LocaleChanged
10-13 06:26:02.939: E/dalvikvm(17772): Could not find class 'javax.net.ssl.SNIServerName', referenced from method com.google.android.gms.org.conscrypt.Platform.getSniHostnameFromParams
10-13 06:26:02.939: W/dalvikvm(17772): VFY: unable to resolve check-cast 3056 (Ljavax/net/ssl/SNIServerName;) in Lcom/google/android/gms/org/conscrypt/Platform;
10-13 06:26:02.940: D/dalvikvm(17772): VFY: replacing opcode 0x1f at 0x0025
10-13 06:26:02.941: E/dalvikvm(17772): Could not find class 'javax.net.ssl.SNIHostName', referenced from method com.google.android.gms.org.conscrypt.Platform.setParametersSniHostname
10-13 06:26:02.942: W/dalvikvm(17772): VFY: unable to resolve new-instance 3055 (Ljavax/net/ssl/SNIHostName;) in Lcom/google/android/gms/org/conscrypt/Platform;
10-13 06:26:02.942: D/dalvikvm(17772): VFY: replacing opcode 0x22 at 0x0024
10-13 06:26:02.942: E/dalvikvm(17772): Could not find class 'javax.net.ssl.SNIHostName', referenced from method com.google.android.gms.org.conscrypt.Platform.setParametersSniHostname
10-13 06:26:02.943: W/dalvikvm(17772): VFY: unable to resolve new-instance 3055 (Ljavax/net/ssl/SNIHostName;) in Lcom/google/android/gms/org/conscrypt/Platform;
10-13 06:26:02.943: D/dalvikvm(17772): VFY: replacing opcode 0x22 at 0x0024
10-13 06:26:02.945: W/dalvikvm(17772): Unable to resolve superclass of Lcom/google/android/gms/org/conscrypt/OpenSSLExtendedSessionImpl; (3046)
10-13 06:26:02.945: W/dalvikvm(17772): Link of class 'Lcom/google/android/gms/org/conscrypt/OpenSSLExtendedSessionImpl;' failed
10-13 06:26:02.945: E/dalvikvm(17772): Could not find class 'com.google.android.gms.org.conscrypt.OpenSSLExtendedSessionImpl', referenced from method com.google.android.gms.org.conscrypt.Platform.unwrapSSLSession
10-13 06:26:02.945: W/dalvikvm(17772): VFY: unable to resolve instanceof 1717 (Lcom/google/android/gms/org/conscrypt/OpenSSLExtendedSessionImpl;) in Lcom/google/android/gms/org/conscrypt/Platform;
10-13 06:26:02.946: D/dalvikvm(17772): VFY: replacing opcode 0x20 at 0x0007
10-13 06:26:02.947: W/dalvikvm(17772): Unable to resolve superclass of Lcom/google/android/gms/org/conscrypt/OpenSSLExtendedSessionImpl; (3046)
10-13 06:26:02.947: W/dalvikvm(17772): Link of class 'Lcom/google/android/gms/org/conscrypt/OpenSSLExtendedSessionImpl;' failed
10-13 06:26:02.948: E/dalvikvm(17772): Could not find class 'com.google.android.gms.org.conscrypt.OpenSSLExtendedSessionImpl', referenced from method com.google.android.gms.org.conscrypt.Platform.wrapSSLSession
10-13 06:26:02.948: W/dalvikvm(17772): VFY: unable to resolve new-instance 1717 (Lcom/google/android/gms/org/conscrypt/OpenSSLExtendedSessionImpl;) in Lcom/google/android/gms/org/conscrypt/Platform;
10-13 06:26:02.948: D/dalvikvm(17772): VFY: replacing opcode 0x22 at 0x0007
10-13 06:26:02.949: D/dalvikvm(17772): DexOpt: unable to opt direct call 0x3b63 at 0x2a in Lcom/google/android/gms/org/conscrypt/Platform;.setParametersSniHostname
10-13 06:26:02.950: D/dalvikvm(17772): DexOpt: unable to opt direct call 0x3b63 at 0x2a in Lcom/google/android/gms/org/conscrypt/Platform;.setParametersSniHostname
10-13 06:26:02.950: W/dalvikvm(17772): Unable to resolve superclass of Lcom/google/android/gms/org/conscrypt/OpenSSLExtendedSessionImpl; (3046)
10-13 06:26:02.951: W/dalvikvm(17772): Link of class 'Lcom/google/android/gms/org/conscrypt/OpenSSLExtendedSessionImpl;' failed
10-13 06:26:02.951: D/dalvikvm(17772): DexOpt: unable to opt direct call 0x2490 at 0x09 in Lcom/google/android/gms/org/conscrypt/Platform;.wrapSSLSession
10-13 06:26:02.956: I/PublisherManagerService(17361): onHandleIntent #Intent;action=com.motorola.contextual.smartrules.sacore;component=com.motorola.contextual.smartrules2/.publishermanager.PublisherManagerService;S.com.motorola.smartactions.intent.extra.EVENT=refresh_response;S.com.motorola.smartactions.intent.extra.STATE=false;S.com.motorola.smartactions.intent.extra.RESPONSE_ID=condition%3AMeeting%253DMeeting%253BVersion%253D1.0%3Acom.motorola.smartactions.meeting.action.3%3A4%3Atrue%3A0%3ALocaleChanged%3Anull;S.com.motorola.smartactions.intent.extra.PUBLISHER_KEY=com.motorola.contextual.smartprofile.meeting;S.com.motorola.smartactions.intent.extra.CONFIG=Meeting%3DMeeting%3BVersion%3D1.0;S.com.motorola.smartactions.intent.extra.DESCRIPTION=When%20meeting;S.com.motorola.smartactions.intent.extra.STATUS=success;end
10-13 06:26:02.974: I/DynamiteModule(17758): Considering local module com.google.android.gms.googlecertificates:4 and remote module com.google.android.gms.googlecertificates:4
10-13 06:26:02.974: I/DynamiteModule(17758): Selected local version of com.google.android.gms.googlecertificates
10-13 06:26:02.981: I/RulesValidatorInterface(17361): updateRuleValidity : com.motorola.smartactions.meeting.action.3 Validity : Valid
10-13 06:26:02.981: I/RulesValidatorInterface(17361):  publisherUpdateReason : LocaleChanged
10-13 06:26:02.994: I/PublisherManagerService(17361): onHandleIntent #Intent;action=com.motorola.contextual.smartrules.sacore;component=com.motorola.contextual.smartrules2/.publishermanager.PublisherManagerService;S.com.motorola.smartactions.intent.extra.EVENT=refresh_response;S.com.motorola.smartactions.intent.extra.STATE=false;S.com.motorola.smartactions.intent.extra.RESPONSE_ID=condition%3AMeeting%253DMeeting%253BVersion%253D1.0%3Acom.motorola.smartactions.meeting.action.4%3A4%3Atrue%3A0%3ALocaleChanged%3Anull;S.com.motorola.smartactions.intent.extra.PUBLISHER_KEY=com.motorola.contextual.smartprofile.meeting;S.com.motorola.smartactions.intent.extra.CONFIG=Meeting%3DMeeting%3BVersion%3D1.0;S.com.motorola.smartactions.intent.extra.DESCRIPTION=When%20meeting;S.com.motorola.smartactions.intent.extra.STATUS=success;end
10-13 06:26:03.012: D/dalvikvm(17772): Trying to load lib /data/app-lib/com.google.android.gms-2/libgmscore.so 0x426da0a8
10-13 06:26:03.012: D/dalvikvm(17772): Shared lib '/data/app-lib/com.google.android.gms-2/libgmscore.so' already loaded in same CL 0x426da0a8
10-13 06:26:03.012: D/dalvikvm(17772): Trying to load lib /data/app-lib/com.google.android.gms-2/libconscrypt_gmscore_jni.so 0x426da0a8
10-13 06:26:03.012: D/dalvikvm(17772): Shared lib '/data/app-lib/com.google.android.gms-2/libconscrypt_gmscore_jni.so' already loaded in same CL 0x426da0a8
10-13 06:26:03.022: I/RulesValidatorInterface(17361): updateRuleValidity : com.motorola.smartactions.meeting.action.4 Validity : Valid
10-13 06:26:03.022: I/RulesValidatorInterface(17361):  publisherUpdateReason : LocaleChanged
10-13 06:26:03.035: I/PublisherManagerService(17361): onHandleIntent #Intent;action=com.motorola.contextual.smartrules.sacore;component=com.motorola.contextual.smartrules2/.publishermanager.PublisherManagerService;S.com.motorola.smartactions.intent.extra.EVENT=refresh_response;S.com.motorola.smartactions.intent.extra.STATE=false;S.com.motorola.smartactions.intent.extra.RESPONSE_ID=condition%3ABatteryLevel%253D15%253BVersion%253D1.0%3Acom.motorola.smartactions.low_battery.action.1%3A4%3Atrue%3A0%3ALocaleChanged%3Anull;S.com.motorola.smartactions.intent.extra.PUBLISHER_KEY=com.motorola.contextual.smartprofile.battery;S.com.motorola.smartactions.intent.extra.CONFIG=BatteryLevel%3D15%3BVersion%3D1.0;S.com.motorola.smartactions.intent.extra.DESCRIPTION=%3C%20Less%20than%20%3Cb%3E15%25%3C%2Fb%3E;S.com.motorola.smartactions.intent.extra.STATUS=success;end
10-13 06:26:03.062: I/RulesValidatorInterface(17361): updateRuleValidity : com.motorola.smartactions.low_battery.action.1 Validity : Valid
10-13 06:26:03.062: I/RulesValidatorInterface(17361):  publisherUpdateReason : LocaleChanged
10-13 06:26:03.079: I/PublisherManagerService(17361): onHandleIntent #Intent;action=com.motorola.contextual.smartrules.sacore;component=com.motorola.contextual.smartrules2/.publishermanager.PublisherManagerService;S.com.motorola.smartactions.intent.extra.EVENT=refresh_response;S.com.motorola.smartactions.intent.extra.STATE=false;S.com.motorola.smartactions.intent.extra.RESPONSE_ID=condition%3ABatteryLevel%253D15%253BVersion%253D1.0%3Acom.motorola.smartactions.low_battery.suggestion%3A4%3Atrue%3A0%3ALocaleChanged%3Anull;S.com.motorola.smartactions.intent.extra.PUBLISHER_KEY=com.motorola.contextual.smartprofile.battery;S.com.motorola.smartactions.intent.extra.CONFIG=BatteryLevel%3D15%3BVersion%3D1.0;S.com.motorola.smartactions.intent.extra.DESCRIPTION=%3C%20Less%20than%20%3Cb%3E15%25%3C%2Fb%3E;S.com.motorola.smartactions.intent.extra.STATUS=success;end
10-13 06:26:03.085: I/ProviderInstaller(17772): Installed default security provider GmsCore_OpenSSL
10-13 06:26:03.115: I/RulesValidatorInterface(17361): updateRuleValidity : com.motorola.smartactions.low_battery.suggestion Validity : Valid
10-13 06:26:03.115: I/RulesValidatorInterface(17361):  publisherUpdateReason : LocaleChanged
10-13 06:26:03.131: I/SBar.NetworkController(1065): updateTelephonySignalStrength:  No service
10-13 06:26:03.136: I/dalvikvm(17772): Could not find method android.content.ContextWrapper.createCredentialProtectedStorageContext, referenced from method ivg.createCredentialProtectedStorageContext
10-13 06:26:03.136: W/dalvikvm(17772): VFY: unable to resolve virtual method 738: Landroid/content/ContextWrapper;.createCredentialProtectedStorageContext ()Landroid/content/Context;
10-13 06:26:03.136: D/dalvikvm(17772): VFY: replacing opcode 0x6f at 0x0002
10-13 06:26:03.137: I/dalvikvm(17772): Could not find method android.content.ContextWrapper.createDeviceProtectedStorageContext, referenced from method ivg.createDeviceProtectedStorageContext
10-13 06:26:03.137: W/dalvikvm(17772): VFY: unable to resolve virtual method 739: Landroid/content/ContextWrapper;.createDeviceProtectedStorageContext ()Landroid/content/Context;
10-13 06:26:03.137: D/dalvikvm(17772): VFY: replacing opcode 0x6f at 0x0002
10-13 06:26:03.147: I/PublisherManagerService(17361): onHandleIntent #Intent;action=com.motorola.contextual.smartrules.sacore;component=com.motorola.contextual.smartrules2/.publishermanager.PublisherManagerService;S.com.motorola.smartactions.intent.extra.EVENT=refresh_response;S.com.motorola.smartactions.intent.extra.STATE=false;S.com.motorola.smartactions.intent.extra.RESPONSE_ID=condition%3ACharging%253DNotCharging%253BVersion%253D1.0%3Acom.motorola.smartactions.low_battery.action.1%3A4%3Atrue%3A0%3ALocaleChanged%3Anull;S.com.motorola.smartactions.intent.extra.PUBLISHER_KEY=com.motorola.contextual.smartprofile.charging;S.com.motorola.smartactions.intent.extra.CONFIG=Charging%3DNotCharging%3BVersion%3D1.0;S.com.motorola.smartactions.intent.extra.DESCRIPTION=Not%20charging;S.com.motorola.smartactions.intent.extra.STATUS=success;end
10-13 06:26:03.168: I/dalvikvm(17772): Could not find method android.os.UserManager.getUserProfiles, referenced from method ryd.a
10-13 06:26:03.168: W/dalvikvm(17772): VFY: unable to resolve virtual method 12856: Landroid/os/UserManager;.getUserProfiles ()Ljava/util/List;
10-13 06:26:03.168: D/dalvikvm(17772): VFY: replacing opcode 0x6e at 0x003e
10-13 06:26:03.180: I/LocaleChangeIO(17758): Requesting GmsCore restart due to change in locale assets
10-13 06:26:03.198: I/RulesValidatorInterface(17361): updateRuleValidity : com.motorola.smartactions.low_battery.action.1 Validity : Valid
10-13 06:26:03.198: I/RulesValidatorInterface(17361):  publisherUpdateReason : LocaleChanged
10-13 06:26:03.220: I/dalvikvm(17725): Could not find method android.content.ContextWrapper.createCredentialProtectedStorageContext, referenced from method ivg.createCredentialProtectedStorageContext
10-13 06:26:03.220: W/dalvikvm(17725): VFY: unable to resolve virtual method 738: Landroid/content/ContextWrapper;.createCredentialProtectedStorageContext ()Landroid/content/Context;
10-13 06:26:03.220: D/dalvikvm(17725): VFY: replacing opcode 0x6f at 0x0002
10-13 06:26:03.220: I/dalvikvm(17725): Could not find method android.content.ContextWrapper.createDeviceProtectedStorageContext, referenced from method ivg.createDeviceProtectedStorageContext
10-13 06:26:03.220: W/dalvikvm(17725): VFY: unable to resolve virtual method 739: Landroid/content/ContextWrapper;.createDeviceProtectedStorageContext ()Landroid/content/Context;
10-13 06:26:03.220: D/dalvikvm(17725): VFY: replacing opcode 0x6f at 0x0002
10-13 06:26:03.241: I/dalvikvm(17758): Could not find method android.os.PowerManager.isPowerSaveMode, referenced from method akir.c
10-13 06:26:03.241: W/dalvikvm(17758): VFY: unable to resolve virtual method 28875: Landroid/os/PowerManager;.isPowerSaveMode ()Z
10-13 06:26:03.241: D/dalvikvm(17758): VFY: replacing opcode 0x6e at 0x000a
10-13 06:26:03.251: D/dalvikvm(17361): GC_CONCURRENT freed 1677K, 43% free 9844K/17180K, paused 3ms+8ms, total 62ms
10-13 06:26:03.252: I/PublisherManagerService(17361): onHandleIntent #Intent;action=com.motorola.contextual.smartrules.intent.action.PUBLISHER_UPDATER;component=com.motorola.contextual.smartrules2/.publishermanager.PublisherManagerService;i.com.motorola.contextual.smartrules.intent.extra.IMPORT_TYPE=10;end
10-13 06:26:03.252: I/PublisherManagerService(17361): handleRulesImport {com.motorola.contextual.issilent=[true], com.motorola.contextual.rulekey=[com.motorola.smartactions.low_battery.action.1.child.1]}
10-13 06:26:03.252: I/PublisherManagerService(17361):  10
10-13 06:26:03.266: I/dalvikvm(17725): Could not find method android.content.Context.createDeviceProtectedStorageContext, referenced from method pwt.a
10-13 06:26:03.266: W/dalvikvm(17725): VFY: unable to resolve virtual method 11763: Landroid/content/Context;.createDeviceProtectedStorageContext ()Landroid/content/Context;
10-13 06:26:03.266: D/dalvikvm(17725): VFY: replacing opcode 0x6e at 0x000a
10-13 06:26:03.268: I/dalvikvm(17725): Could not find method android.content.Context.getSystemService, referenced from method pyo.a
10-13 06:26:03.269: W/dalvikvm(17725): VFY: unable to resolve virtual method 11788: Landroid/content/Context;.getSystemService (Ljava/lang/Class;)Ljava/lang/Object;
10-13 06:26:03.269: D/dalvikvm(17725): VFY: replacing opcode 0x6e at 0x0008
10-13 06:26:03.269: W/dalvikvm(17772): VFY: unable to find class referenced in signature (Landroid/app/NotificationChannel;)
10-13 06:26:03.269: I/dalvikvm(17772): Could not find method android.app.NotificationManager.createNotificationChannel, referenced from method jiq.a
10-13 06:26:03.269: W/dalvikvm(17772): VFY: unable to resolve virtual method 3121: Landroid/app/NotificationManager;.createNotificationChannel (Landroid/app/NotificationChannel;)V
10-13 06:26:03.269: D/dalvikvm(17772): VFY: replacing opcode 0x6e at 0x0008
10-13 06:26:03.270: I/dalvikvm(17772): Could not find method android.app.Notification.getChannelId, referenced from method jiq.a
10-13 06:26:03.270: W/dalvikvm(17772): VFY: unable to resolve virtual method 3115: Landroid/app/Notification;.getChannelId ()Ljava/lang/String;
10-13 06:26:03.270: D/dalvikvm(17772): VFY: replacing opcode 0x6e at 0x001d
10-13 06:26:03.270: D/dalvikvm(17772): DexOpt: unable to opt direct call 0x0c2d at 0x38 in Ljiq;.a
10-13 06:26:03.274: W/ChimeraUtils(17772): Non Chimera context
10-13 06:26:03.288: I/dalvikvm(17772): Could not find method android.content.pm.PackageManager.getPackageInstaller, referenced from method ims.a
10-13 06:26:03.289: W/dalvikvm(17772): VFY: unable to resolve virtual method 829: Landroid/content/pm/PackageManager;.getPackageInstaller ()Landroid/content/pm/PackageInstaller;
10-13 06:26:03.289: D/dalvikvm(17772): VFY: replacing opcode 0x6e at 0x001c
10-13 06:26:03.290: I/dalvikvm(17758): Could not find method android.content.res.Configuration.getLocales, referenced from method jkh.<init>
10-13 06:26:03.290: W/dalvikvm(17758): VFY: unable to resolve virtual method 3675: Landroid/content/res/Configuration;.getLocales ()Landroid/os/LocaleList;
10-13 06:26:03.290: D/dalvikvm(17758): VFY: replacing opcode 0x6e at 0x0039
10-13 06:26:03.290: I/dalvikvm(17758): Could not find method java.util.Locale.toLanguageTag, referenced from method jkh.<init>
10-13 06:26:03.290: W/dalvikvm(17758): VFY: unable to resolve virtual method 38660: Ljava/util/Locale;.toLanguageTag ()Ljava/lang/String;
10-13 06:26:03.290: D/dalvikvm(17758): VFY: replacing opcode 0x6e at 0x0065
10-13 06:26:03.308: W/dalvikvm(17725): VFY: unable to find class referenced in signature (Landroid/net/Network;)
10-13 06:26:03.309: I/dalvikvm(17725): Could not find method android.net.Network.openConnection, referenced from method quq.a
10-13 06:26:03.309: W/dalvikvm(17725): VFY: unable to resolve virtual method 12401: Landroid/net/Network;.openConnection (Ljava/net/URL;)Ljava/net/URLConnection;
10-13 06:26:03.309: D/dalvikvm(17725): VFY: replacing opcode 0x6e at 0x00ab
10-13 06:26:03.321: E/dalvikvm(17725): Could not find class 'android.app.job.JobScheduler', referenced from method pzq.a
10-13 06:26:03.321: W/dalvikvm(17725): VFY: unable to resolve check-cast 3303 (Landroid/app/job/JobScheduler;) in Lpzq;
10-13 06:26:03.321: D/dalvikvm(17725): VFY: replacing opcode 0x1f at 0x009e
10-13 06:26:03.330: I/NetworkScheduler(17725): Using standalone scheduling engine
10-13 06:26:03.335: I/dalvikvm(17725): Could not find method android.os.PowerManager.isPowerSaveMode, referenced from method qba.a
10-13 06:26:03.335: W/dalvikvm(17725): VFY: unable to resolve virtual method 12810: Landroid/os/PowerManager;.isPowerSaveMode ()Z
10-13 06:26:03.335: D/dalvikvm(17725): VFY: replacing opcode 0x6e at 0x0082
10-13 06:26:03.335: I/dalvikvm(17725): Could not find method android.os.PowerManager.isDeviceIdleMode, referenced from method qba.a
10-13 06:26:03.335: W/dalvikvm(17725): VFY: unable to resolve virtual method 12807: Landroid/os/PowerManager;.isDeviceIdleMode ()Z
10-13 06:26:03.335: D/dalvikvm(17725): VFY: replacing opcode 0x6e at 0x0097
10-13 06:26:03.336: I/dalvikvm(17725): Could not find method android.os.PowerManager.isIgnoringBatteryOptimizations, referenced from method qba.a
10-13 06:26:03.337: W/dalvikvm(17725): VFY: unable to resolve virtual method 12808: Landroid/os/PowerManager;.isIgnoringBatteryOptimizations (Ljava/lang/String;)Z
10-13 06:26:03.337: D/dalvikvm(17725): VFY: replacing opcode 0x6e at 0x00f0
10-13 06:26:03.355: I/dalvikvm(17725): Could not find method android.content.pm.PackageManager.getPackageInstaller, referenced from method ims.a
10-13 06:26:03.355: W/dalvikvm(17725): VFY: unable to resolve virtual method 829: Landroid/content/pm/PackageManager;.getPackageInstaller ()Landroid/content/pm/PackageInstaller;
10-13 06:26:03.355: D/dalvikvm(17725): VFY: replacing opcode 0x6e at 0x001c
10-13 06:26:03.378: D/dalvikvm(17772): Trying to load lib /data/app-lib/com.google.android.gms-2/libAppDataSearch.so 0x426da0a8
10-13 06:26:03.378: I/QAFrameworkActionReceiver(17361): Received intent with action:com.motorola.contextual.actions.Sync, event:refresh_request, config:#Intent;d.com.motorola.smartactions.intent.extra.CONFIG_VERSION=1.0;B.state=false;end
10-13 06:26:03.382: I/FWQAActionReceiver(1243): Receiver invoked with intent #Intent;action=com.motorola.contextual.actions.Sync;launchFlags=0x30;component=com.motorola.contextual.fw/.actions.ActionReceiver;S.com.motorola.smartactions.intent.extra.EVENT=refresh_request;S.com.motorola.smartactions.intent.extra.VERSION=1.0;S.com.motorola.smartactions.intent.extra.REQUEST_ID=action%3A%2523Intent%253Bd.com.motorola.smartactions.intent.extra.CONFIG_VERSION%253D1.0%253BB.state%253Dfalse%253Bend%3Acom.motorola.smartactions.low_battery.action.1.child.1%3A6%3Atrue%3A10%3Anull%3Anull;S.com.motorola.smartactions.intent.extra.CONFIG=%23Intent%3Bd.com.motorola.smartactions.intent.extra.CONFIG_VERSION%3D1.0%3BB.state%3Dfalse%3Bend;end
10-13 06:26:03.384: D/dalvikvm(17772): Added shared lib /data/app-lib/com.google.android.gms-2/libAppDataSearch.so 0x426da0a8
10-13 06:26:03.385: I/dalvikvm(17725): Could not find method android.app.AlarmManager.cancel, referenced from method jng.a
10-13 06:26:03.385: W/dalvikvm(17725): VFY: unable to resolve virtual method 2995: Landroid/app/AlarmManager;.cancel (Landroid/app/AlarmManager$OnAlarmListener;)V
10-13 06:26:03.385: D/dalvikvm(17725): VFY: replacing opcode 0x6e at 0x0002
10-13 06:26:03.386: I/dalvikvm(17725): Could not find method android.app.AlarmManager.set, referenced from method jng.a
10-13 06:26:03.386: W/dalvikvm(17725): VFY: unable to resolve virtual method 2997: Landroid/app/AlarmManager;.set (IJJJLandroid/app/AlarmManager$OnAlarmListener;Landroid/os/Handler;Landroid/os/WorkSource;)V
10-13 06:26:03.386: D/dalvikvm(17725): VFY: replacing opcode 0x74 at 0x0018
10-13 06:26:03.386: I/dalvikvm(17725): Could not find method android.app.AlarmManager.setExactAndAllowWhileIdle, referenced from method jng.a
10-13 06:26:03.386: W/dalvikvm(17725): VFY: unable to resolve virtual method 3001: Landroid/app/AlarmManager;.setExactAndAllowWhileIdle (IJLandroid/app/PendingIntent;)V
10-13 06:26:03.386: D/dalvikvm(17725): VFY: replacing opcode 0x6e at 0x0011
10-13 06:26:03.386: I/dalvikvm(17725): Could not find method android.app.AlarmManager.setAndAllowWhileIdle, referenced from method jng.a
10-13 06:26:03.387: W/dalvikvm(17725): VFY: unable to resolve virtual method 3000: Landroid/app/AlarmManager;.setAndAllowWhileIdle (IJLandroid/app/PendingIntent;)V
10-13 06:26:03.387: D/dalvikvm(17725): VFY: replacing opcode 0x6e at 0x0010
10-13 06:26:03.388: I/FWQAActionReceiver(1243): Sending response intent: #Intent;action=com.motorola.smartactions.intent.action.ACTION_PUBLISHER_EVENT;S.com.motorola.smartactions.intent.extra.EVENT=refresh_response;S.com.motorola.smartactions.intent.extra.RESPONSE_ID=action%3A%2523Intent%253Bd.com.motorola.smartactions.intent.extra.CONFIG_VERSION%253D1.0%253BB.state%253Dfalse%253Bend%3Acom.motorola.smartactions.low_battery.action.1.child.1%3A6%3Atrue%3A10%3Anull%3Anull;S.com.motorola.smartactions.intent.extra.PUBLISHER_KEY=com.motorola.contextual.actions.Sync;S.com.motorola.smartactions.intent.extra.CONFIG=%23Intent%3Bd.com.motorola.smartactions.intent.extra.CONFIG_VERSION%3D1.0%3BB.state%3Dfalse%3Bend;S.com.motorola.smartactions.intent.extra.DESCRIPTION=Inhabilitar;S.com.motorola.smartactions.intent.extra.STATUS=success;end
10-13 06:26:03.389: W/ContextImpl(1243): Calling a method in the system process without a qualified user: android.app.ContextImpl.sendBroadcast:1244 android.content.ContextWrapper.sendBroadcast:365 android.content.ContextWrapper.sendBroadcast:365 com.motorola.contextual.fw.actions.ActionReceiver.onReceive:80 android.app.ActivityThread.handleReceiver:2446 
10-13 06:26:03.399: I/dalvikvm(17758): Total arena pages for JIT: 11
10-13 06:26:03.399: I/dalvikvm(17758): Total arena pages for JIT: 12
10-13 06:26:03.400: I/dalvikvm(17758): Total arena pages for JIT: 13
10-13 06:26:03.403: I/dalvikvm(17725): Could not find method android.net.ConnectivityManager.reportNetworkConnectivity, referenced from method pxz.c
10-13 06:26:03.403: W/dalvikvm(17725): VFY: unable to resolve virtual method 12394: Landroid/net/ConnectivityManager;.reportNetworkConnectivity (Landroid/net/Network;Z)V
10-13 06:26:03.403: D/dalvikvm(17725): VFY: replacing opcode 0x6e at 0x000a
10-13 06:26:03.410: I/PublisherManagerService(17361): onHandleIntent #Intent;action=com.motorola.contextual.smartrules.intent.action.PUBLISHER_UPDATER;component=com.motorola.contextual.smartrules2/.publishermanager.PublisherManagerService;i.com.motorola.contextual.smartrules.intent.extra.IMPORT_TYPE=10;end
10-13 06:26:03.410: I/PublisherManagerService(17361): handleRulesImport {com.motorola.contextual.issilent=[true], com.motorola.contextual.rulekey=[com.motorola.smartactions.low_battery.action.1.child.1]}
10-13 06:26:03.410: I/PublisherManagerService(17361):  10
10-13 06:26:03.414: I/GlobalDismissManager(17280): no sender configured
10-13 06:26:03.415: D/AlertService(17280): Beginning updateAlertNotification
10-13 06:26:03.423: I/GAV2(17488): Thread[GAThread,5,main]: No campaign data found.
10-13 06:26:03.426: D/WifiService(972): New client listening to asynchronous messages
10-13 06:26:03.431: I/QAActionReceiverFWSettingChange(17361): Received intent with action:com.motorola.smartactions.intent.action.ACTION_PUBLISHER_EVENT, event:refresh_response, config:#Intent;d.com.motorola.smartactions.intent.extra.CONFIG_VERSION=1.0;B.state=false;end
10-13 06:26:03.434: E/dalvikvm(17725): Could not find class 'android.app.usage.UsageStatsManager', referenced from method qav.a
10-13 06:26:03.434: W/dalvikvm(17725): VFY: unable to resolve const-class 3307 (Landroid/app/usage/UsageStatsManager;) in Lqav;
10-13 06:26:03.434: D/dalvikvm(17725): VFY: replacing opcode 0x1c at 0x0076
10-13 06:26:03.450: I/dalvikvm(17772): Could not find method android.content.Context.checkSelfPermission, referenced from method jjg.a
10-13 06:26:03.450: W/dalvikvm(17772): VFY: unable to resolve virtual method 687: Landroid/content/Context;.checkSelfPermission (Ljava/lang/String;)I
10-13 06:26:03.450: D/dalvikvm(17772): VFY: replacing opcode 0x6e at 0x0034
10-13 06:26:03.451: I/dalvikvm(17772): Failed resolving Ljjh; interface 915 'Landroid/content/pm/PackageManager$OnPermissionsChangedListener;'
10-13 06:26:03.451: W/dalvikvm(17772): Link of class 'Ljjh;' failed
10-13 06:26:03.451: E/dalvikvm(17772): Could not find class 'jjh', referenced from method jjg.a
10-13 06:26:03.451: W/dalvikvm(17772): VFY: unable to resolve new-instance 3204 (Ljjh;) in Ljjg;
10-13 06:26:03.451: D/dalvikvm(17772): VFY: replacing opcode 0x22 at 0x0000
10-13 06:26:03.452: I/dalvikvm(17772): Failed resolving Ljjh; interface 915 'Landroid/content/pm/PackageManager$OnPermissionsChangedListener;'
10-13 06:26:03.452: W/dalvikvm(17772): Link of class 'Ljjh;' failed
10-13 06:26:03.452: D/dalvikvm(17772): DexOpt: unable to opt direct call 0x3dc8 at 0x02 in Ljjg;.a
10-13 06:26:03.458: W/PsfIntentHandler(17361): Ignoring action publisher event refresh_response
10-13 06:26:03.463: I/Icing(17772): Storage manager: low false usage 1.76MB avail 4.73GB capacity 5.52GB
10-13 06:26:03.471: D/AlertService(17280): No fired or scheduled alerts
10-13 06:26:03.482: D/AlertService(17280): Scheduling next alarm with AlarmScheduler. sEventReminderReceived: null
10-13 06:26:03.492: I/GAv4-SVC(17772): Google Analytics 11.5.09 is starting up.
10-13 06:26:03.494: I/dalvikvm(17772): Could not find method android.app.AlarmManager.cancel, referenced from method jng.a
10-13 06:26:03.495: W/dalvikvm(17772): VFY: unable to resolve virtual method 2995: Landroid/app/AlarmManager;.cancel (Landroid/app/AlarmManager$OnAlarmListener;)V
10-13 06:26:03.495: D/dalvikvm(17772): VFY: replacing opcode 0x6e at 0x0002
10-13 06:26:03.498: I/dalvikvm(17772): Could not find method android.app.AlarmManager.set, referenced from method jng.a
10-13 06:26:03.498: W/dalvikvm(17772): VFY: unable to resolve virtual method 2997: Landroid/app/AlarmManager;.set (IJJJLandroid/app/AlarmManager$OnAlarmListener;Landroid/os/Handler;Landroid/os/WorkSource;)V
10-13 06:26:03.498: D/dalvikvm(17772): VFY: replacing opcode 0x74 at 0x0018
10-13 06:26:03.501: I/dalvikvm(17772): Could not find method android.app.AlarmManager.setExactAndAllowWhileIdle, referenced from method jng.a
10-13 06:26:03.501: W/dalvikvm(17772): VFY: unable to resolve virtual method 3001: Landroid/app/AlarmManager;.setExactAndAllowWhileIdle (IJLandroid/app/PendingIntent;)V
10-13 06:26:03.501: D/dalvikvm(17772): VFY: replacing opcode 0x6e at 0x0011
10-13 06:26:03.501: I/dalvikvm(17772): Could not find method android.app.AlarmManager.setAndAllowWhileIdle, referenced from method jng.a
10-13 06:26:03.501: W/dalvikvm(17772): VFY: unable to resolve virtual method 3000: Landroid/app/AlarmManager;.setAndAllowWhileIdle (IJLandroid/app/PendingIntent;)V
10-13 06:26:03.501: D/dalvikvm(17772): VFY: replacing opcode 0x6e at 0x0010
10-13 06:26:03.522: D/AlarmScheduler(17280): No events found starting within 1 week.
10-13 06:26:03.530: I/ActivityManager(972): Killing 17338:com.motorola.genie/u0a23 (adj 15): empty #9
10-13 06:26:03.532: E/dalvikvm(17772): Could not find class 'android.app.job.JobScheduler', referenced from method dcf.c
10-13 06:26:03.532: W/dalvikvm(17772): VFY: unable to resolve check-cast 831 (Landroid/app/job/JobScheduler;) in Ldcf;
10-13 06:26:03.532: D/dalvikvm(17772): VFY: replacing opcode 0x1f at 0x001c
10-13 06:26:03.533: W/ContextImpl(1243): Calling a method in the system process without a qualified user: android.app.ContextImpl.sendBroadcast:1244 android.content.ContextWrapper.sendBroadcast:365 com.motorola.motocare.util.TriggerHelper$TriggerBuilder.send:76 com.motorola.motocare.internal.frameworkevents.ProcessKillTrigger.sendTrigger:147 com.motorola.motocare.internal.frameworkevents.ProcessKillTrigger.handleFrameworkEvent:164 
10-13 06:26:03.536: I/PublisherManagerService(17361): onHandleIntent #Intent;action=com.motorola.smartactions.intent.action.ACTION_PUBLISHER_EVENT;component=com.motorola.contextual.smartrules2/.publishermanager.PublisherManagerService;S.com.motorola.smartactions.intent.extra.EVENT=refresh_response;S.com.motorola.smartactions.intent.extra.RESPONSE_ID=action%3A%2523Intent%253Bd.com.motorola.smartactions.intent.extra.CONFIG_VERSION%253D1.0%253BB.state%253Dfalse%253Bend%3Acom.motorola.smartactions.low_battery.action.1.child.1%3A6%3Atrue%3A10%3Anull%3Anull;S.com.motorola.smartactions.intent.extra.PUBLISHER_KEY=com.motorola.contextual.actions.Sync;S.com.motorola.smartactions.intent.extra.CONFIG=%23Intent%3Bd.com.motorola.smartactions.intent.extra.CONFIG_VERSION%3D1.0%3BB.state%3Dfalse%3Bend;S.com.motorola.smartactions.intent.extra.DESCRIPTION=Inhabilitar;S.com.motorola.smartactions.intent.extra.STATUS=success;end
10-13 06:26:03.547: W/ConfigurationChimeraProvider(17758): Got null configs for com.google.android.gms.nearby
10-13 06:26:03.576: I/RulesValidatorInterface(17361): updateRuleValidity : com.motorola.smartactions.low_battery.action.1.child.1 Validity : Valid
10-13 06:26:03.576: I/RulesValidatorInterface(17361):  publisherUpdateReason : null
10-13 06:26:03.578: I/RulesValidatorInterface(17361): Marking rule as disabled : com.motorola.smartactions.low_battery.action.1.child.1
10-13 06:26:03.606: I/dalvikvm(17725): Could not find method android.os.PowerManager.isDeviceIdleMode, referenced from method pyj.onReceive
10-13 06:26:03.606: W/dalvikvm(17725): VFY: unable to resolve virtual method 12807: Landroid/os/PowerManager;.isDeviceIdleMode ()Z
10-13 06:26:03.606: D/dalvikvm(17725): VFY: replacing opcode 0x6e at 0x0038
10-13 06:26:03.620: I/dalvikvm(17725): Could not find method android.os.PowerManager.isDeviceIdleMode, referenced from method pva.b
10-13 06:26:03.620: W/dalvikvm(17725): VFY: unable to resolve virtual method 12807: Landroid/os/PowerManager;.isDeviceIdleMode ()Z
10-13 06:26:03.620: D/dalvikvm(17725): VFY: replacing opcode 0x6e at 0x0008
10-13 06:26:03.680: D/dalvikvm(972): GC_EXPLICIT freed 1216K, 39% free 16828K/27240K, paused 4ms+11ms, total 99ms
10-13 06:26:03.695: I/ActivityManager(972): Killing 17322:com.android.providers.calendar/u0a5 (adj 15): empty #9
10-13 06:26:03.701: I/SmartRulesService(17361): in onStartCommand #Intent;component=com.motorola.contextual.smartrules2/.service.SmartRulesService;S.com.motorola.contextual.smartrules2.rulekey=com.motorola.smartactions.low_battery.action.1.child.1;B.com.motorola.contextual.smartrules2.disablerule=true;end
10-13 06:26:03.702: W/ContextImpl(1243): Calling a method in the system process without a qualified user: android.app.ContextImpl.sendBroadcast:1244 android.content.ContextWrapper.sendBroadcast:365 com.motorola.motocare.util.TriggerHelper$TriggerBuilder.send:76 com.motorola.motocare.internal.frameworkevents.ProcessKillTrigger.sendTrigger:147 com.motorola.motocare.internal.frameworkevents.ProcessKillTrigger.handleFrameworkEvent:164 
10-13 06:26:03.765: I/ActivityManager(972): Killing 17432:com.google.android.partnersetup/u0a22 (adj 15): empty #9
10-13 06:26:03.767: W/ContextImpl(1243): Calling a method in the system process without a qualified user: android.app.ContextImpl.sendBroadcast:1244 android.content.ContextWrapper.sendBroadcast:365 com.motorola.motocare.util.TriggerHelper$TriggerBuilder.send:76 com.motorola.motocare.internal.frameworkevents.ProcessKillTrigger.sendTrigger:147 com.motorola.motocare.internal.frameworkevents.ProcessKillTrigger.handleFrameworkEvent:164 
10-13 06:26:03.787: I/QAFrameworkActionReceiver(17361): Received intent with action:com.motorola.contextual.actions.Sync, event:refresh_request, config:#Intent;d.com.motorola.smartactions.intent.extra.CONFIG_VERSION=1.0;B.state=false;end
10-13 06:26:03.815: I/FWQAActionReceiver(1243): Receiver invoked with intent #Intent;action=com.motorola.contextual.actions.Sync;launchFlags=0x30;component=com.motorola.contextual.fw/.actions.ActionReceiver;S.com.motorola.smartactions.intent.extra.EVENT=refresh_request;S.com.motorola.smartactions.intent.extra.VERSION=1.0;S.com.motorola.smartactions.intent.extra.REQUEST_ID=action%3A%2523Intent%253Bd.com.motorola.smartactions.intent.extra.CONFIG_VERSION%253D1.0%253BB.state%253Dfalse%253Bend%3Acom.motorola.smartactions.low_battery.action.1.child.1%3A6%3Atrue%3A10%3Anull%3Anull;S.com.motorola.smartactions.intent.extra.CONFIG=%23Intent%3Bd.com.motorola.smartactions.intent.extra.CONFIG_VERSION%3D1.0%3BB.state%3Dfalse%3Bend;end
10-13 06:26:03.817: I/FWQAActionReceiver(1243): Sending response intent: #Intent;action=com.motorola.smartactions.intent.action.ACTION_PUBLISHER_EVENT;S.com.motorola.smartactions.intent.extra.EVENT=refresh_response;S.com.motorola.smartactions.intent.extra.RESPONSE_ID=action%3A%2523Intent%253Bd.com.motorola.smartactions.intent.extra.CONFIG_VERSION%253D1.0%253BB.state%253Dfalse%253Bend%3Acom.motorola.smartactions.low_battery.action.1.child.1%3A6%3Atrue%3A10%3Anull%3Anull;S.com.motorola.smartactions.intent.extra.PUBLISHER_KEY=com.motorola.contextual.actions.Sync;S.com.motorola.smartactions.intent.extra.CONFIG=%23Intent%3Bd.com.motorola.smartactions.intent.extra.CONFIG_VERSION%3D1.0%3BB.state%3Dfalse%3Bend;S.com.motorola.smartactions.intent.extra.DESCRIPTION=Inhabilitar;S.com.motorola.smartactions.intent.extra.STATUS=success;end
10-13 06:26:03.818: W/ContextImpl(1243): Calling a method in the system process without a qualified user: android.app.ContextImpl.sendBroadcast:1244 android.content.ContextWrapper.sendBroadcast:365 android.content.ContextWrapper.sendBroadcast:365 com.motorola.contextual.fw.actions.ActionReceiver.onReceive:80 android.app.ActivityThread.handleReceiver:2446 
10-13 06:26:03.837: I/ModeAdService(17361): onHandleIntent called intent is #Intent;action=com.motorola.contextual.smartrules.intent.action.LAUNCH_MODEAD;component=com.motorola.contextual.smartrules2/.modead.ModeAdService;S.com.motorola.contextual.smartrules.intent.extra.LAUNCH_REASON=RuleDeleted;S.com.motorola.contextual.smartrules.intent.extra.RULEKEY=com.motorola.smartactions.low_battery.action.1.child.1;end
10-13 06:26:03.840: I/QAActionReceiverFWSettingChange(17361): Received intent with action:com.motorola.smartactions.intent.action.ACTION_PUBLISHER_EVENT, event:refresh_response, config:#Intent;d.com.motorola.smartactions.intent.extra.CONFIG_VERSION=1.0;B.state=false;end
10-13 06:26:03.852: I/PublisherManagerService(17361): onHandleIntent #Intent;action=com.motorola.smartactions.intent.action.ACTION_PUBLISHER_EVENT;component=com.motorola.contextual.smartrules2/.publishermanager.PublisherManagerService;S.com.motorola.smartactions.intent.extra.EVENT=refresh_response;S.com.motorola.smartactions.intent.extra.RESPONSE_ID=action%3A%2523Intent%253Bd.com.motorola.smartactions.intent.extra.CONFIG_VERSION%253D1.0%253BB.state%253Dfalse%253Bend%3Acom.motorola.smartactions.low_battery.action.1.child.1%3A6%3Atrue%3A10%3Anull%3Anull;S.com.motorola.smartactions.intent.extra.PUBLISHER_KEY=com.motorola.contextual.actions.Sync;S.com.motorola.smartactions.intent.extra.CONFIG=%23Intent%3Bd.com.motorola.smartactions.intent.extra.CONFIG_VERSION%3D1.0%3BB.state%3Dfalse%3Bend;S.com.motorola.smartactions.intent.extra.DESCRIPTION=Inhabilitar;S.com.motorola.smartactions.intent.extra.STATUS=success;end
10-13 06:26:03.859: W/PsfIntentHandler(17361): Ignoring action publisher event refresh_response
10-13 06:26:03.868: W/BackupManagerService(972): dataChanged but no participant pkg='com.motorola.contextual.smartrules2' uid=10031
10-13 06:26:03.874: W/MedCancelRequest(17361): Cancel received for unsubscribed config
10-13 06:26:03.877: I/dalvikvm(17758): Failed resolving Ljub; interface 915 'Landroid/content/pm/PackageManager$OnPermissionsChangedListener;'
10-13 06:26:03.877: W/dalvikvm(17758): Link of class 'Ljub;' failed
10-13 06:26:03.877: E/dalvikvm(17758): Could not find class 'jub', referenced from method jtz.a
10-13 06:26:03.877: W/dalvikvm(17758): VFY: unable to resolve new-instance 10032 (Ljub;) in Ljtz;
10-13 06:26:03.877: D/dalvikvm(17758): VFY: replacing opcode 0x22 at 0x0014
10-13 06:26:03.878: I/dalvikvm(17758): Failed resolving Ljub; interface 915 'Landroid/content/pm/PackageManager$OnPermissionsChangedListener;'
10-13 06:26:03.878: W/dalvikvm(17758): Link of class 'Ljub;' failed
10-13 06:26:03.878: D/dalvikvm(17758): DexOpt: unable to opt direct call 0xa0ee at 0x1a in Ljtz;.a
10-13 06:26:03.880: I/dalvikvm(17725): Could not find method android.os.PowerManager.isInteractive, referenced from method jsi.a
10-13 06:26:03.880: W/dalvikvm(17725): VFY: unable to resolve virtual method 4659: Landroid/os/PowerManager;.isInteractive ()Z
10-13 06:26:03.880: D/dalvikvm(17725): VFY: replacing opcode 0x6e at 0x0006
10-13 06:26:03.885: I/dalvikvm(17758): Could not find method android.app.AlarmManager.cancel, referenced from method jng.a
10-13 06:26:03.885: W/dalvikvm(17758): VFY: unable to resolve virtual method 2995: Landroid/app/AlarmManager;.cancel (Landroid/app/AlarmManager$OnAlarmListener;)V
10-13 06:26:03.885: D/dalvikvm(17758): VFY: replacing opcode 0x6e at 0x0002
10-13 06:26:03.888: I/dalvikvm(17758): Could not find method android.app.AlarmManager.set, referenced from method jng.a
10-13 06:26:03.888: W/dalvikvm(17758): VFY: unable to resolve virtual method 2997: Landroid/app/AlarmManager;.set (IJJJLandroid/app/AlarmManager$OnAlarmListener;Landroid/os/Handler;Landroid/os/WorkSource;)V
10-13 06:26:03.888: D/dalvikvm(17758): VFY: replacing opcode 0x74 at 0x0018
10-13 06:26:03.889: I/dalvikvm(17758): Could not find method android.app.AlarmManager.setExactAndAllowWhileIdle, referenced from method jng.a
10-13 06:26:03.889: W/dalvikvm(17758): VFY: unable to resolve virtual method 3001: Landroid/app/AlarmManager;.setExactAndAllowWhileIdle (IJLandroid/app/PendingIntent;)V
10-13 06:26:03.889: D/dalvikvm(17758): VFY: replacing opcode 0x6e at 0x0011
10-13 06:26:03.889: I/dalvikvm(17758): Could not find method android.app.AlarmManager.setAndAllowWhileIdle, referenced from method jng.a
10-13 06:26:03.889: W/dalvikvm(17758): VFY: unable to resolve virtual method 3000: Landroid/app/AlarmManager;.setAndAllowWhileIdle (IJLandroid/app/PendingIntent;)V
10-13 06:26:03.889: D/dalvikvm(17758): VFY: replacing opcode 0x6e at 0x0010
10-13 06:26:03.904: D/AndroidRuntime(17835): >>>>>> AndroidRuntime START com.android.internal.os.RuntimeInit <<<<<<
10-13 06:26:03.907: D/AndroidRuntime(17835): CheckJNI is OFF
10-13 06:26:03.913: D/WifiStateMachine(972): handleMessage: E msg.what=151572
10-13 06:26:03.913: D/WifiStateMachine(972): processMsg: ConnectedState
10-13 06:26:03.913: D/WifiStateMachine(972): processMsg: L2ConnectedState
10-13 06:26:03.917: I/dalvikvm(17835): DexOpt: not all deps represented
10-13 06:26:03.917: E/dalvikvm(17835): /system/framework/qcmediaplayer.jar odex has stale dependencies
10-13 06:26:03.918: D/WifiStateMachine(972): handleMessage: X
10-13 06:26:03.924: D/dalvikvm(17835): Trying to load lib libjavacore.so 0x0
10-13 06:26:03.927: D/dalvikvm(17835): Added shared lib libjavacore.so 0x0
10-13 06:26:03.928: I/RulesValidatorInterface(17361): updateRuleValidity : com.motorola.smartactions.low_battery.action.1.child.1 Validity : Valid
10-13 06:26:03.928: I/RulesValidatorInterface(17361):  publisherUpdateReason : null
10-13 06:26:03.930: I/RulesValidatorInterface(17361): Marking rule as disabled : com.motorola.smartactions.low_battery.action.1.child.1
10-13 06:26:03.931: D/dalvikvm(17835): Trying to load lib libnativehelper.so 0x0
10-13 06:26:03.931: D/dalvikvm(17835): Added shared lib libnativehelper.so 0x0
10-13 06:26:03.931: D/dalvikvm(17835): No JNI_OnLoad found in libnativehelper.so 0x0, skipping init
10-13 06:26:03.936: I/SmartRulesService(17361): in onStartCommand #Intent;component=com.motorola.contextual.smartrules2/.service.SmartRulesService;S.com.motorola.contextual.smartrules2.rulekey=com.motorola.smartactions.low_battery.action.1.child.1;B.com.motorola.contextual.smartrules2.disablerule=true;end
