10-13 06:25:59.659: I/QAActionReceiverFWSettingChange(17361): Received intent with action:com.motorola.smartactions.intent.action.ACTION_PUBLISHER_EVENT, event:refresh_response, config:#Intent;d.com.motorola.smartactions.intent.extra.CONFIG_VERSION=1.0;B.state=true;S.com.motorola.intent.extra.RULE_KEY=com.motorola.smartactions.low_battery.action.1.child.1;i.mode=2;end
10-13 06:25:59.674: W/PsfIntentHandler(17361): Ignoring action publisher event refresh_response
10-13 06:25:59.683: I/SmartRulesService(17361): in onStartCommand #Intent;component=com.motorola.contextual.smartrules2/.service.SmartRulesService;B.com.motorola.smartactions.intent.extra.SA_CORE_INIT_COMPLETE_SENT=true;end
10-13 06:25:59.687: I/CommandInvokerIntentService(17361):  disable MD
10-13 06:25:59.698: E/memtrack(17565): Couldn't load memtrack module (No such file or directory)
10-13 06:25:59.698: E/android.os.Debug(17565): failed to load memtrack module: -2
10-13 06:25:59.710: I/RulesValidatorInterface(17361): updateRuleValidity : com.motorola.smartactions.meeting.action.1.b Validity : Valid
10-13 06:25:59.710: I/RulesValidatorInterface(17361):  publisherUpdateReason : LocaleChanged
10-13 06:25:59.716: D/dalvikvm(17460): GC_EXPLICIT freed 798K, 47% free 9252K/17180K, paused 2ms+12ms, total 73ms
10-13 06:25:59.719: I/ModeAdService(17361): onHandleIntent called intent is #Intent;action=com.motorola.smartactions.intent.action.SA_CORE_INIT_COMPLETE;component=com.motorola.contextual.smartrules2/.modead.ModeAdService;S.com.motorola.smartactions.intent.extra.DATA_CLEARED=false;end
10-13 06:25:59.733: I/PublisherManagerService(17361): onHandleIntent #Intent;action=com.motorola.smartactions.intent.action.ACTION_PUBLISHER_EVENT;component=com.motorola.contextual.smartrules2/.publishermanager.PublisherManagerService;S.com.motorola.smartactions.intent.extra.EVENT=refresh_response;S.com.motorola.smartactions.intent.extra.RESPONSE_ID=action%3A%2523Intent%253Bi.RINGER_MODE%253D0%253Bd.com.motorola.smartactions.intent.extra.CONFIG_VERSION%253D1.1%253Bend%3Acom.motorola.smartactions.sleeping.action.1%3A4%3Atrue%3A0%3ALocaleChanged%3Anull;B.com.motorola.smartactions.intent.extra.WHEN_RULE_ENDS=false;S.com.motorola.smartactions.intent.extra.PUBLISHER_KEY=com.motorola.contextual.actions.Ringer;S.com.motorola.smartactions.intent.extra.CONFIG=%23Intent%3Bi.RINGER_MODE%3D0%3Bd.com.motorola.smartactions.intent.extra.CONFIG_VERSION%3D1.1%3Bend;S.com.motorola.smartactions.intent.extra.DESCRIPTION=;S.com.motorola.smartactions.intent.extra.STATUS=success;end
10-13 06:25:59.754: I/QAActionReceiverFWSettingChange(17361): Received intent with action:com.motorola.smartactions.intent.action.ACTION_PUBLISHER_EVENT, event:refresh_response, config:#Intent;B.state=true;d.com.motorola.smartactions.intent.extra.CONFIG_VERSION=1.0;end
10-13 06:25:59.761: D/AndroidRuntime(17565): Calling main entry com.android.commands.settings.SettingsCmd
10-13 06:25:59.776: E/MissedCallNotifyHandler(17361): callCursor is null
10-13 06:25:59.776: W/PsfIntentHandler(17361): Ignoring action publisher event refresh_response
10-13 06:25:59.797: D/ModeStateTracker(17361): Loaded map, key: active_modes, states: []
10-13 06:25:59.797: D/ModeStateTracker(17361): Loaded map, key: deactive_modes, states: []
10-13 06:25:59.802: I/DrivingReceiver(17361): postNotify :  : {Driving=Driving;Version=1.0=false}
10-13 06:25:59.812: I/RulesValidatorInterface(17361): updateRuleValidity : com.motorola.smartactions.sleeping.action.1 Validity : Valid
10-13 06:25:59.812: I/RulesValidatorInterface(17361):  publisherUpdateReason : LocaleChanged
10-13 06:25:59.815: I/QAActionReceiverFWSettingChange(17361): Received intent with action:com.motorola.smartactions.intent.action.ACTION_PUBLISHER_EVENT, event:refresh_response, config:#Intent;B.state=true;d.com.motorola.smartactions.intent.extra.CONFIG_VERSION=1.0;end
10-13 06:25:59.826: W/PsfIntentHandler(17361): Ignoring action publisher event refresh_response
10-13 06:25:59.834: E/UlpEngine(972): kvs.containsKey(ENH_LOCATION_SERVICES_ENABLED) returned false
10-13 06:25:59.838: D/AndroidRuntime(17565): Shutting down VM
10-13 06:25:59.843: D/dalvikvm(17565): GC_CONCURRENT freed 96K, 15% free 579K/680K, paused 1ms+0ms, total 3ms
10-13 06:25:59.845: I/QAActionReceiverFWSettingChange(17361): Received intent with action:com.motorola.smartactions.intent.action.ACTION_PUBLISHER_EVENT, event:refresh_response, config:#Intent;B.state=true;d.com.motorola.smartactions.intent.extra.CONFIG_VERSION=1.0;end
10-13 06:25:59.850: I/PublisherManagerService(17361): onHandleIntent #Intent;action=com.motorola.smartactions.intent.action.ACTION_PUBLISHER_EVENT;component=com.motorola.contextual.smartrules2/.publishermanager.PublisherManagerService;S.com.motorola.smartactions.intent.extra.EVENT=refresh_response;S.com.motorola.smartactions.intent.extra.RESPONSE_ID=action%3A%2523Intent%253BS.internal_name%253D690790%253BS.numbers%253D*known*%253BS.sms_text%253DRESID%253Ameeting_autosms_message%253Bi.respond_to_flag%253D1%253Bd.com.motorola.smartactions.intent.extra.CONFIG_VERSION%253D1.0%253Bend%3Acom.motorola.smartactions.meeting.action.4%3A4%3Atrue%3A0%3ALocaleChanged%3Anull;B.com.motorola.smartactions.intent.extra.WHEN_RULE_ENDS=false;S.com.motorola.smartactions.intent.extra.PUBLISHER_KEY=com.motorola.contextual.actions.autosms;S.com.motorola.smartactions.intent.extra.CONFIG=%23Intent%3BS.internal_name%3D690790%3BS.numbers%3D*known*%3BS.sms_text%3DRESID%3Ameeting_autosms_message%3Bi.respond_to_flag%3D1%3Bd.com.motorola.smartactions.intent.extra.CONFIG_VERSION%3D1.0%3Bend;S.com.motorola.smartactions.intent.extra.DESCRIPTION=%22RESID%3Ameeting_autosms_message%22;S.com.motorola.smartactions.intent.extra.STATUS=success;end
10-13 06:25:59.860: W/PsfIntentHandler(17361): Ignoring action publisher event refresh_response
10-13 06:25:59.898: I/QAActionReceiverFWSettingChange(17361): Received intent with action:com.motorola.smartactions.intent.action.ACTION_PUBLISHER_EVENT, event:refresh_response, config:#Intent;B.state=false;d.com.motorola.smartactions.intent.extra.CONFIG_VERSION=1.0;end
10-13 06:25:59.906: I/RulesValidatorInterface(17361): updateRuleValidity : com.motorola.smartactions.meeting.action.4 Validity : Valid
10-13 06:25:59.906: I/RulesValidatorInterface(17361):  publisherUpdateReason : LocaleChanged
10-13 06:25:59.910: D/WifiStateMachine(972): handleMessage: E msg.what=151572
10-13 06:25:59.910: D/WifiStateMachine(972): processMsg: ConnectedState
10-13 06:25:59.910: D/WifiStateMachine(972): processMsg: L2ConnectedState
10-13 06:25:59.913: W/PsfIntentHandler(17361): Ignoring action publisher event refresh_response
10-13 06:25:59.915: D/WifiStateMachine(972): handleMessage: X
10-13 06:25:59.931: I/QAActionReceiverFWSettingChange(17361): Received intent with action:com.motorola.smartactions.intent.action.ACTION_PUBLISHER_EVENT, event:refresh_response, config:#Intent;B.state=true;d.com.motorola.smartactions.intent.extra.CONFIG_VERSION=1.0;end
10-13 06:25:59.933: I/PublisherManagerService(17361): onHandleIntent #Intent;action=com.motorola.smartactions.intent.action.ACTION_PUBLISHER_EVENT;component=com.motorola.contextual.smartrules2/.publishermanager.PublisherManagerService;S.com.motorola.smartactions.intent.extra.EVENT=refresh_response;S.com.motorola.smartactions.intent.extra.RESPONSE_ID=action%3A%2523Intent%253Bi.VOLUME_LEVEL%253D100%253Bd.com.motorola.smartactions.intent.extra.CONFIG_VERSION%253D1.1%253Bend%3Acom.motorola.smartactions.meeting.action.2%3A4%3Atrue%3A0%3ALocaleChanged%3Anull;B.com.motorola.smartactions.intent.extra.WHEN_RULE_ENDS=false;S.com.motorola.smartactions.intent.extra.PUBLISHER_KEY=com.motorola.contextual.actions.VipRinger;S.com.motorola.smartactions.intent.extra.CONFIG=%23Intent%3Bi.VOLUME_LEVEL%3D100%3Bd.com.motorola.smartactions.intent.extra.CONFIG_VERSION%3D1.1%3Bend;S.com.motorola.smartactions.intent.extra.DESCRIPTION=%0AMax%20volume;S.com.motorola.smartactions.intent.extra.STATUS=success;end
10-13 06:25:59.942: W/PsfIntentHandler(17361): Ignoring action publisher event refresh_response
10-13 06:25:59.949: I/RP-RulesLoader(17361): No need to update rules
10-13 06:25:59.957: I/QAActionReceiverFWSettingChange(17361): Received intent with action:com.motorola.smartactions.intent.action.ACTION_PUBLISHER_EVENT, event:refresh_response, config:#Intent;B.state=true;d.com.motorola.smartactions.intent.extra.CONFIG_VERSION=1.0;end
10-13 06:25:59.968: W/PsfIntentHandler(17361): Ignoring action publisher event refresh_response
10-13 06:25:59.973: I/RP-PublisherIntentService(17361): Core Event Received=refresh_request
10-13 06:25:59.973: I/RP-PublisherIntentService(17361): Republishing Select Rules
10-13 06:25:59.975: D/dalvikvm(5144): GC_FOR_ALLOC freed 3882K, 20% free 13830K/17184K, paused 62ms, total 63ms
10-13 06:25:59.976: I/dalvikvm-heap(5144): Grow heap (frag case) to 15.987MB for 404884-byte allocation
10-13 06:25:59.978: D/RP-RulePublisher(17361): RP Publishes with reqId=sample
10-13 06:25:59.978: I/QAActionReceiverFWSettingChange(17361): Received intent with action:com.motorola.smartactions.intent.action.ACTION_PUBLISHER_EVENT, event:refresh_response, config:#Intent;B.state=true;d.com.motorola.smartactions.intent.extra.CONFIG_VERSION=1.0;end
10-13 06:25:59.979: I/RP-PublisherIntentService(17361): Core Event Received=refresh_request
10-13 06:25:59.979: I/RP-PublisherIntentService(17361): Republishing Select Rules
10-13 06:25:59.983: D/RP-RulePublisher(17361): RP Publishes with reqId=sample
10-13 06:25:59.991: W/PsfIntentHandler(17361): Ignoring action publisher event refresh_response
10-13 06:25:59.993: I/RulesValidatorInterface(17361): updateRuleValidity : com.motorola.smartactions.meeting.action.2 Validity : Valid
10-13 06:25:59.993: I/RulesValidatorInterface(17361):  publisherUpdateReason : LocaleChanged
10-13 06:25:59.995: I/QAActionReceiverFWSettingChange(17361): Received intent with action:com.motorola.smartactions.intent.action.ACTION_PUBLISHER_EVENT, event:refresh_response, config:#Intent;B.state=true;d.com.motorola.smartactions.intent.extra.CONFIG_VERSION=1.0;end
10-13 06:25:59.999: V/AlarmManager(972): sending alarm Alarm{42ad7fa8 type 3 android}
10-13 06:26:00.008: I/PublisherManagerService(17361): onHandleIntent #Intent;action=com.motorola.smartactions.intent.action.ACTION_PUBLISHER_EVENT;component=com.motorola.contextual.smartrules2/.publishermanager.PublisherManagerService;S.com.motorola.smartactions.intent.extra.EVENT=refresh_response;S.com.motorola.smartactions.intent.extra.RESPONSE_ID=action%3A%2523Intent%253Bi.VOLUME_LEVEL%253D100%253Bd.com.motorola.smartactions.intent.extra.CONFIG_VERSION%253D1.1%253Bend%3Acom.motorola.smartactions.meeting.action.3%3A4%3Atrue%3A0%3ALocaleChanged%3Anull;B.com.motorola.smartactions.intent.extra.WHEN_RULE_ENDS=false;S.com.motorola.smartactions.intent.extra.PUBLISHER_KEY=com.motorola.contextual.actions.VipRinger;S.com.motorola.smartactions.intent.extra.CONFIG=%23Intent%3Bi.VOLUME_LEVEL%3D100%3Bd.com.motorola.smartactions.intent.extra.CONFIG_VERSION%3D1.1%3Bend;S.com.motorola.smartactions.intent.extra.DESCRIPTION=%0AMax%20volume;S.com.motorola.smartactions.intent.extra.STATUS=success;end
10-13 06:26:00.009: W/PsfIntentHandler(17361): Ignoring action publisher event refresh_response
10-13 06:26:00.012: I/QAActionReceiverFWSettingChange(17361): Received intent with action:com.motorola.smartactions.intent.action.ACTION_PUBLISHER_EVENT, event:refresh_response, config:#Intent;B.state=true;d.com.motorola.smartactions.intent.extra.CONFIG_VERSION=1.0;end
10-13 06:26:00.027: W/PsfIntentHandler(17361): Ignoring action publisher event refresh_response
10-13 06:26:00.037: I/QAActionReceiverFWSettingChange(17361): Received intent with action:com.motorola.smartactions.intent.action.ACTION_PUBLISHER_EVENT, event:refresh_response, config:#Intent;B.state=true;d.com.motorola.smartactions.intent.extra.CONFIG_VERSION=1.0;end
10-13 06:26:00.050: I/RulesValidatorInterface(17361): updateRuleValidity : com.motorola.smartactions.meeting.action.3 Validity : Valid
10-13 06:26:00.050: I/RulesValidatorInterface(17361):  publisherUpdateReason : LocaleChanged
10-13 06:26:00.059: W/PsfIntentHandler(17361): Ignoring action publisher event refresh_response
10-13 06:26:00.064: I/QAActionReceiverFWSettingChange(17361): Received intent with action:com.motorola.smartactions.intent.action.ACTION_PUBLISHER_EVENT, event:refresh_response, config:#Intent;B.state=false;B.com.motorola.smartactions.intent.extra.WHEN_RULE_ENDS=true;d.com.motorola.smartactions.intent.extra.CONFIG_VERSION=1.0;end
10-13 06:26:00.081: W/PsfIntentHandler(17361): Ignoring action publisher event refresh_response
10-13 06:26:00.083: I/PublisherManagerService(17361): onHandleIntent #Intent;action=com.motorola.smartactions.intent.action.ACTION_PUBLISHER_EVENT;component=com.motorola.contextual.smartrules2/.publishermanager.PublisherManagerService;S.com.motorola.smartactions.intent.extra.EVENT=refresh_response;S.com.motorola.smartactions.intent.extra.RESPONSE_ID=action%3A%2523Intent%253Bi.VOLUME_LEVEL%253D100%253Bd.com.motorola.smartactions.intent.extra.CONFIG_VERSION%253D1.1%253Bend%3Acom.motorola.smartactions.sleeping.action.2%3A4%3Atrue%3A0%3ALocaleChanged%3Anull;B.com.motorola.smartactions.intent.extra.WHEN_RULE_ENDS=false;S.com.motorola.smartactions.intent.extra.PUBLISHER_KEY=com.motorola.contextual.actions.VipRinger;S.com.motorola.smartactions.intent.extra.CONFIG=%23Intent%3Bi.VOLUME_LEVEL%3D100%3Bd.com.motorola.smartactions.intent.extra.CONFIG_VERSION%3D1.1%3Bend;S.com.motorola.smartactions.intent.extra.DESCRIPTION=%0AMax%20volume;S.com.motorola.smartactions.intent.extra.STATUS=success;end
10-13 06:26:00.099: I/Util(17361): com.motorola.contextual.smartprofile.driving : com.motorola.contextual.pickers.conditions.driving.DrivingActivity
10-13 06:26:00.128: I/SBar.NetworkController(1065): updateTelephonySignalStrength:  No service
10-13 06:26:00.133: I/MedNotify(17361): Config:Driving=Driving;Version=1.0, state:false
10-13 06:26:00.135: I/MediatorProvider(17361): Constructor
10-13 06:26:00.140: I/Util(17361): com.motorola.contextual.smartprofile.driving : com.motorola.contextual.pickers.conditions.driving.DrivingActivity
10-13 06:26:00.140: I/RulesValidatorInterface(17361): updateRuleValidity : com.motorola.smartactions.sleeping.action.2 Validity : Valid
10-13 06:26:00.140: I/RulesValidatorInterface(17361):  publisherUpdateReason : LocaleChanged
10-13 06:26:00.145: I/DrivingDetailComposer(17361): getUpdatedConfig : new - Driving=Driving;Version=1.0
10-13 06:26:00.146: I/DrivingDetailComposer(17361): getCurrentState - state :  : Driving=Driving;Version=1.0 : 0 : false
10-13 06:26:00.147: D/dalvikvm(5088): GC_EXPLICIT freed 133K, 34% free 11446K/17180K, paused 4ms+10ms, total 84ms
10-13 06:26:00.166: I/Util(17361): com.motorola.contextual.smartprofile.driving : com.motorola.contextual.pickers.conditions.driving.DrivingActivity
10-13 06:26:00.170: I/PublisherManagerService(17361): onHandleIntent #Intent;action=com.motorola.smartactions.intent.action.ACTION_PUBLISHER_EVENT;component=com.motorola.contextual.smartrules2/.publishermanager.PublisherManagerService;S.com.motorola.smartactions.intent.extra.EVENT=refresh_response;S.com.motorola.smartactions.intent.extra.RESPONSE_ID=action%3A%2523Intent%253Bi.VOLUME_LEVEL%253D100%253Bd.com.motorola.smartactions.intent.extra.CONFIG_VERSION%253D1.1%253Bend%3Acom.motorola.smartactions.sleeping.action.3%3A4%3Atrue%3A0%3ALocaleChanged%3Anull;B.com.motorola.smartactions.intent.extra.WHEN_RULE_ENDS=false;S.com.motorola.smartactions.intent.extra.PUBLISHER_KEY=com.motorola.contextual.actions.VipRinger;S.com.motorola.smartactions.intent.extra.CONFIG=%23Intent%3Bi.VOLUME_LEVEL%3D100%3Bd.com.motorola.smartactions.intent.extra.CONFIG_VERSION%3D1.1%3Bend;S.com.motorola.smartactions.intent.extra.DESCRIPTION=%0AMax%20volume;S.com.motorola.smartactions.intent.extra.STATUS=success;end
10-13 06:26:00.179: I/Icing(5211): Indexing BCC0A53CAE4A58509EDB05000D12551053D88845 from com.google.android.googlequicksearchbox
10-13 06:26:00.184: D/RulesImporterBroadcastReceiver(17361): Starting RI Service with importType=10
10-13 06:26:00.186: I/Util(17361): com.motorola.contextual.smartprofile.driving : com.motorola.contextual.pickers.conditions.driving.DrivingActivity
10-13 06:26:00.187: I/DrivingDetailComposer(17361): getUpdatedConfig : new - Driving=Driving;Version=1.0
10-13 06:26:00.189: I/DrivingDetailComposer(17361): getCurrentState - state :  : Driving=Driving;Version=1.0 : 0 : false
10-13 06:26:00.194: D/RulesImporterBroadcastReceiver(17361): Starting RI Service with importType=10
10-13 06:26:00.202: I/RulesImporter(17361): Starting RI with importType=10; mRequestId=sample
10-13 06:26:00.219: I/Util(17361): com.motorola.contextual.smartprofile.driving : com.motorola.contextual.pickers.conditions.driving.DrivingActivity
10-13 06:26:00.223: I/MedNotify(17361): Config:BatteryLevel=15;Version=1.0, state:false
10-13 06:26:00.254: I/Util(17361): com.motorola.contextual.smartprofile.driving : com.motorola.contextual.pickers.conditions.driving.DrivingActivity
10-13 06:26:00.254: I/DrivingDetailComposer(17361): getUpdatedConfig : new - Driving=Driving;Version=1.0
10-13 06:26:00.254: I/DrivingDetailComposer(17361): getCurrentState - state :  : Driving=Driving;Version=1.0 : 0 : false
10-13 06:26:00.273: I/ModeAdService(17361): onHandleIntent called intent is #Intent;action=com.motorola.contextual.smartrules.sacore;component=com.motorola.contextual.smartrules2/.modead.ModeAdService;S.com.motorola.smartactions.intent.extra.EVENT=notify;S.com.motorola.smartactions.intent.extra.PUBLISHER_KEY=com.motorola.contextual.smartprofile.driving;end
10-13 06:26:00.275: D/dalvikvm(17361): GC_CONCURRENT freed 7450K, 43% free 9798K/17180K, paused 3ms+10ms, total 68ms
10-13 06:26:00.281: I/RulesValidatorInterface(17361): updateRuleValidity : com.motorola.smartactions.sleeping.action.3 Validity : Valid
10-13 06:26:00.281: I/RulesValidatorInterface(17361):  publisherUpdateReason : LocaleChanged
10-13 06:26:00.298: I/Util(17361): com.motorola.contextual.smartprofile.driving : com.motorola.contextual.pickers.conditions.driving.DrivingActivity
10-13 06:26:00.308: I/Util(17361): com.motorola.contextual.smartprofile.driving : com.motorola.contextual.pickers.conditions.driving.DrivingActivity
10-13 06:26:00.308: I/DrivingDetailComposer(17361): getUpdatedConfig : new - Driving=Driving;Version=1.0
10-13 06:26:00.310: I/DrivingDetailComposer(17361): getCurrentState - state :  : Driving=Driving;Version=1.0 : 0 : false
10-13 06:26:00.318: I/PublisherManagerService(17361): onHandleIntent #Intent;action=com.motorola.smartactions.intent.action.ACTION_PUBLISHER_EVENT;component=com.motorola.contextual.smartrules2/.publishermanager.PublisherManagerService;S.com.motorola.smartactions.intent.extra.EVENT=refresh_response;S.com.motorola.smartactions.intent.extra.RESPONSE_ID=action%3A%2523Intent%253Bd.com.motorola.smartactions.intent.extra.CONFIG_VERSION%253D1.0%253BB.state%253Dtrue%253BS.com.motorola.intent.extra.RULE_KEY%253Dcom.motorola.smartactions.low_battery.action.1.child.1%253Bi.mode%253D2%253Bend%3Acom.motorola.smartactions.low_battery.action.1%3A4%3Atrue%3A0%3ALocaleChanged%3Anull;B.com.motorola.smartactions.intent.extra.WHEN_RULE_ENDS=false;S.com.motorola.smartactions.intent.extra.PUBLISHER_KEY=com.motorola.contextual.actions.BackgroundData;S.com.motorola.smartactions.intent.extra.CONFIG=%23Intent%3Bd.com.motorola.smartactions.intent.extra.CONFIG_VERSION%3D1.0%3BB.state%3Dtrue%3BS.com.motorola.intent.extra.RULE_KEY%3Dcom.motorola.smartactions.low_battery.action.1.child.1%3Bi.mode%3D2%3Bend;S.com.motorola.smartactions.intent.extra.DESCRIPTION=Only%20sync%20apps%20when%20you%20launch%20them;S.com.motorola.smartactions.intent.extra.STATUS=success;end
10-13 06:26:00.334: I/Util(17361): com.motorola.contextual.smartprofile.driving : com.motorola.contextual.pickers.conditions.driving.DrivingActivity
10-13 06:26:00.349: I/Util(17361): com.motorola.contextual.smartprofile.driving : com.motorola.contextual.pickers.conditions.driving.DrivingActivity
10-13 06:26:00.369: D/AndroidRuntime(17633): >>>>>> AndroidRuntime START com.android.internal.os.RuntimeInit <<<<<<
10-13 06:26:00.372: I/DrivingDetailComposer(17361): getUpdatedConfig : new - Driving=Driving;Version=1.0
10-13 06:26:00.372: D/AndroidRuntime(17633): CheckJNI is OFF
10-13 06:26:00.373: I/DrivingDetailComposer(17361): getCurrentState - state :  : Driving=Driving;Version=1.0 : 0 : false
10-13 06:26:00.383: I/dalvikvm(17633): DexOpt: not all deps represented
10-13 06:26:00.383: E/dalvikvm(17633): /system/framework/qcmediaplayer.jar odex has stale dependencies
10-13 06:26:00.388: I/SmartRulesService(17361): in onStartCommand #Intent;component=com.motorola.contextual.smartrules2/.service.SmartRulesService;S.com.motorola.contextual.smartrules2.rulekey=com.motorola.smartactions.driving.action.1;S.com.motorola.contextual.smartrules2.rulestatus=false;end
10-13 06:26:00.390: D/dalvikvm(17633): Trying to load lib libjavacore.so 0x0
10-13 06:26:00.393: D/dalvikvm(17633): Added shared lib libjavacore.so 0x0
10-13 06:26:00.395: I/RulesValidatorInterface(17361): updateRuleValidity : com.motorola.smartactions.low_battery.action.1 Validity : Valid
10-13 06:26:00.395: I/RulesValidatorInterface(17361):  publisherUpdateReason : LocaleChanged
10-13 06:26:00.396: I/Util(17361): com.motorola.contextual.smartprofile.driving : com.motorola.contextual.pickers.conditions.driving.DrivingActivity
10-13 06:26:00.397: D/dalvikvm(17633): Trying to load lib libnativehelper.so 0x0
10-13 06:26:00.397: D/dalvikvm(17633): Added shared lib libnativehelper.so 0x0
10-13 06:26:00.397: D/dalvikvm(17633): No JNI_OnLoad found in libnativehelper.so 0x0, skipping init
10-13 06:26:00.409: I/Util(17361): com.motorola.contextual.smartprofile.driving : com.motorola.contextual.pickers.conditions.driving.DrivingActivity
10-13 06:26:00.409: I/DrivingDetailComposer(17361): getUpdatedConfig : new - Driving=Driving;Version=1.0
10-13 06:26:00.410: I/DrivingDetailComposer(17361): getCurrentState - state :  : Driving=Driving;Version=1.0 : 0 : false
10-13 06:26:00.412: I/dalvikvm(17633): DexOpt: not all deps represented
10-13 06:26:00.412: E/dalvikvm(17633): /system/framework/am.jar odex has stale dependencies
10-13 06:26:00.413: I/SmartRulesService(17361): in onStartCommand #Intent;component=com.motorola.contextual.smartrules2/.service.SmartRulesService;S.com.motorola.contextual.smartrules2.rulekey=com.motorola.smartactions.driving.action.2;S.com.motorola.contextual.smartrules2.rulestatus=false;end
10-13 06:26:00.435: I/PublisherManagerService(17361): onHandleIntent #Intent;action=com.motorola.smartactions.intent.action.SA_CORE_INIT_COMPLETE;component=com.motorola.contextual.smartrules2/.publishermanager.PublisherManagerService;S.com.motorola.smartactions.intent.extra.DATA_CLEARED=false;end
10-13 06:26:00.437: I/PublisherManagerService(17361): onHandleIntent #Intent;action=com.motorola.smartactions.intent.action.ACTION_PUBLISHER_EVENT;component=com.motorola.contextual.smartrules2/.publishermanager.PublisherManagerService;S.com.motorola.smartactions.intent.extra.EVENT=refresh_response;S.com.motorola.smartactions.intent.extra.RESPONSE_ID=action%3A%2523Intent%253BB.state%253Dtrue%253Bd.com.motorola.smartactions.intent.extra.CONFIG_VERSION%253D1.0%253Bend%3Acom.motorola.smartactions.driving.action.2%3A4%3Atrue%3A0%3ALocaleChanged%3Anull;B.com.motorola.smartactions.intent.extra.WHEN_RULE_ENDS=false;S.com.motorola.smartactions.intent.extra.PUBLISHER_KEY=com.motorola.contextual.actions.PlayGoogleMusic;S.com.motorola.smartactions.intent.extra.CONFIG=%23Intent%3BB.state%3Dtrue%3Bd.com.motorola.smartactions.intent.extra.CONFIG_VERSION%3D1.0%3Bend;S.com.motorola.smartactions.intent.extra.DESCRIPTION=On;S.com.motorola.smartactions.intent.extra.STATUS=success;end
10-13 06:26:00.437: D/dalvikvm(17633): Note: class Landroid/app/ActivityManagerNative; has 181 unimplemented (abstract) methods
10-13 06:26:00.442: I/Util(17361): com.motorola.contextual.smartprofile.driving : com.motorola.contextual.pickers.conditions.driving.DrivingActivity
10-13 06:26:00.461: I/SmartRulesService(17361): in onStartCommand #Intent;component=com.motorola.contextual.smartrules2/.service.SmartRulesService;S.com.motorola.contextual.smartrules2.rulekey=com.motorola.smartactions.driving.action.3;S.com.motorola.contextual.smartrules2.rulestatus=false;end
10-13 06:26:00.474: D/dalvikvm(5144): GC_CONCURRENT freed 885K, 13% free 15388K/17580K, paused 5ms+14ms, total 146ms
10-13 06:26:00.474: D/dalvikvm(5144): WAIT_FOR_CONCURRENT_GC blocked 62ms
10-13 06:26:00.478: I/Util(17361): com.motorola.contextual.smartprofile.driving : com.motorola.contextual.pickers.conditions.driving.DrivingActivity
10-13 06:26:00.478: I/DrivingDetailComposer(17361): getUpdatedConfig : new - Driving=Driving;Version=1.0
10-13 06:26:00.479: I/DrivingDetailComposer(17361): getCurrentState - state :  : Driving=Driving;Version=1.0 : 0 : false
10-13 06:26:00.481: I/SmartRulesService(17361): in onStartCommand #Intent;component=com.motorola.contextual.smartrules2/.service.SmartRulesService;S.com.motorola.contextual.smartrules2.rulekey=com.motorola.smartactions.driving.action.4;S.com.motorola.contextual.smartrules2.rulestatus=false;end
10-13 06:26:00.484: I/SmartRulesService(17361): in onStartCommand #Intent;component=com.motorola.contextual.smartrules2/.service.SmartRulesService;S.com.motorola.contextual.smartrules2.rulekey=com.motorola.smartactions.driving.action.5;S.com.motorola.contextual.smartrules2.rulestatus=false;end
10-13 06:26:00.496: I/SmartRulesService(17361): in onStartCommand #Intent;component=com.motorola.contextual.smartrules2/.service.SmartRulesService;S.com.motorola.contextual.smartrules2.rulekey=com.motorola.smartactions.driving.action.6;S.com.motorola.contextual.smartrules2.rulestatus=false;end
10-13 06:26:00.502: I/Util(17361): com.motorola.contextual.smartprofile.driving : com.motorola.contextual.pickers.conditions.driving.DrivingActivity
10-13 06:26:00.510: I/RulesValidatorInterface(17361): updateRuleValidity : com.motorola.smartactions.driving.action.2 Validity : Valid
10-13 06:26:00.510: I/RulesValidatorInterface(17361):  publisherUpdateReason : LocaleChanged
10-13 06:26:00.515: I/Util(17361): com.motorola.contextual.smartprofile.driving : com.motorola.contextual.pickers.conditions.driving.DrivingActivity
10-13 06:26:00.515: I/DrivingDetailComposer(17361): getUpdatedConfig : new - Driving=Driving;Version=1.0
10-13 06:26:00.516: I/DrivingDetailComposer(17361): getCurrentState - state :  : Driving=Driving;Version=1.0 : 0 : false
10-13 06:26:00.520: I/SmartRulesService(17361): in onStartCommand #Intent;component=com.motorola.contextual.smartrules2/.service.SmartRulesService;S.com.motorola.contextual.smartrules2.rulekey=com.motorola.smartactions.driving.action.7;S.com.motorola.contextual.smartrules2.rulestatus=false;end
10-13 06:26:00.521: I/ModeAdService(17361): onHandleIntent called intent is #Intent;action=com.motorola.contextual.smartrules.sacore;component=com.motorola.contextual.smartrules2/.modead.ModeAdService;S.com.motorola.smartactions.intent.extra.EVENT=refresh_response;S.com.motorola.smartactions.intent.extra.STATE=false;S.com.motorola.smartactions.intent.extra.RESPONSE_ID=condition%3ADriving%253DDriving%253BVersion%253D1.0%3Acom.motorola.smartactions.driving.action.1%3A4%3Atrue%3A0%3ALocaleChanged%3Anull;S.com.motorola.smartactions.intent.extra.PUBLISHER_KEY=com.motorola.contextual.smartprofile.driving;S.com.motorola.smartactions.intent.extra.CONFIG=Driving%3DDriving%3BVersion%3D1.0;S.com.motorola.smartactions.intent.extra.DESCRIPTION=When%20I%20am%20driving;S.com.motorola.smartactions.intent.extra.STATUS=success;end
10-13 06:26:00.521: E/ModeAdService(17361):  Unknown eventType 
10-13 06:26:00.523: I/ModeAdService(17361): onHandleIntent called intent is #Intent;action=com.motorola.contextual.smartrules.sacore;component=com.motorola.contextual.smartrules2/.modead.ModeAdService;S.com.motorola.smartactions.intent.extra.EVENT=refresh_response;S.com.motorola.smartactions.intent.extra.STATE=false;S.com.motorola.smartactions.intent.extra.RESPONSE_ID=condition%3ADriving%253DDriving%253BVersion%253D1.0%3Acom.motorola.smartactions.driving.action.2%3A4%3Atrue%3A0%3ALocaleChanged%3Anull;S.com.motorola.smartactions.intent.extra.PUBLISHER_KEY=com.motorola.contextual.smartprofile.driving;S.com.motorola.smartactions.intent.extra.CONFIG=Driving%3DDriving%3BVersion%3D1.0;S.com.motorola.smartactions.intent.extra.DESCRIPTION=When%20I%20am%20driving;S.com.motorola.smartactions.intent.extra.STATUS=success;end
10-13 06:26:00.523: E/ModeAdService(17361):  Unknown eventType 
10-13 06:26:00.527: I/SmartRulesService(17361): in onStartCommand #Intent;component=com.motorola.contextual.smartrules2/.service.SmartRulesService;S.com.motorola.contextual.smartrules2.rulekey=com.motorola.smartactions.driving.action.8;S.com.motorola.contextual.smartrules2.rulestatus=false;end
10-13 06:26:00.530: I/ModeAdService(17361): onHandleIntent called intent is #Intent;action=com.motorola.contextual.smartrules.sacore;component=com.motorola.contextual.smartrules2/.modead.ModeAdService;S.com.motorola.smartactions.intent.extra.EVENT=refresh_response;S.com.motorola.smartactions.intent.extra.STATE=false;S.com.motorola.smartactions.intent.extra.RESPONSE_ID=condition%3ADriving%253DDriving%253BVersion%253D1.0%3Acom.motorola.smartactions.driving.action.3%3A4%3Atrue%3A0%3ALocaleChanged%3Anull;S.com.motorola.smartactions.intent.extra.PUBLISHER_KEY=com.motorola.contextual.smartprofile.driving;S.com.motorola.smartactions.intent.extra.CONFIG=Driving%3DDriving%3BVersion%3D1.0;S.com.motorola.smartactions.intent.extra.DESCRIPTION=When%20I%20am%20driving;S.com.motorola.smartactions.intent.extra.STATUS=success;end
10-13 06:26:00.530: E/ModeAdService(17361):  Unknown eventType 
10-13 06:26:00.531: I/Util(17361): com.motorola.contextual.smartprofile.sleeping : com.motorola.contextual.pickers.conditions.sleeping.SleepingActivity
10-13 06:26:00.538: I/PublisherManagerService(17361): onHandleIntent #Intent;action=com.motorola.smartactions.intent.action.ACTION_PUBLISHER_EVENT;component=com.motorola.contextual.smartrules2/.publishermanager.PublisherManagerService;S.com.motorola.smartactions.intent.extra.EVENT=refresh_response;S.com.motorola.smartactions.intent.extra.RESPONSE_ID=action%3A%2523Intent%253BB.state%253Dtrue%253Bd.com.motorola.smartactions.intent.extra.CONFIG_VERSION%253D1.0%253Bend%3Acom.motorola.smartactions.low_battery.suggestion%3A4%3Atrue%3A0%3ALocaleChanged%3Anull;B.com.motorola.smartactions.intent.extra.WHEN_RULE_ENDS=false;S.com.motorola.smartactions.intent.extra.PUBLISHER_KEY=com.motorola.contextual.actions.noop;S.com.motorola.smartactions.intent.extra.CONFIG=%23Intent%3BB.state%3Dtrue%3Bd.com.motorola.smartactions.intent.extra.CONFIG_VERSION%3D1.0%3Bend;S.com.motorola.smartactions.intent.extra.STATUS=success;end
10-13 06:26:00.542: I/Util(17361): com.motorola.contextual.smartprofile.sleeping : com.motorola.contextual.pickers.conditions.sleeping.SleepingActivity
10-13 06:26:00.542: I/SleepingDetailComposer(17361): getUpdatedConfig : new - Sleeping=Sleeping;Version=1.0
10-13 06:26:00.544: I/SleepingDetailComposer(17361): getCurrentState - state :  : Sleeping=Sleeping;Version=1.0 : 0 : false
10-13 06:26:00.553: I/ModeAdService(17361): onHandleIntent called intent is #Intent;action=com.motorola.contextual.smartrules.sacore;component=com.motorola.contextual.smartrules2/.modead.ModeAdService;S.com.motorola.smartactions.intent.extra.EVENT=refresh_response;S.com.motorola.smartactions.intent.extra.STATE=false;S.com.motorola.smartactions.intent.extra.RESPONSE_ID=condition%3ADriving%253DDriving%253BVersion%253D1.0%3Acom.motorola.smartactions.driving.action.4%3A4%3Atrue%3A0%3ALocaleChanged%3Anull;S.com.motorola.smartactions.intent.extra.PUBLISHER_KEY=com.motorola.contextual.smartprofile.driving;S.com.motorola.smartactions.intent.extra.CONFIG=Driving%3DDriving%3BVersion%3D1.0;S.com.motorola.smartactions.intent.extra.DESCRIPTION=When%20I%20am%20driving;S.com.motorola.smartactions.intent.extra.STATUS=success;end
10-13 06:26:00.553: E/ModeAdService(17361):  Unknown eventType 
10-13 06:26:00.560: I/Util(17361): com.motorola.contextual.smartprofile.sleeping : com.motorola.contextual.pickers.conditions.sleeping.SleepingActivity
10-13 06:26:00.568: I/ModeAdService(17361): onHandleIntent called intent is #Intent;action=com.motorola.contextual.smartrules.sacore;component=com.motorola.contextual.smartrules2/.modead.ModeAdService;S.com.motorola.smartactions.intent.extra.EVENT=refresh_response;S.com.motorola.smartactions.intent.extra.STATE=false;S.com.motorola.smartactions.intent.extra.RESPONSE_ID=condition%3ADriving%253DDriving%253BVersion%253D1.0%3Acom.motorola.smartactions.driving.action.5%3A4%3Atrue%3A0%3ALocaleChanged%3Anull;S.com.motorola.smartactions.intent.extra.PUBLISHER_KEY=com.motorola.contextual.smartprofile.driving;S.com.motorola.smartactions.intent.extra.CONFIG=Driving%3DDriving%3BVersion%3D1.0;S.com.motorola.smartactions.intent.extra.DESCRIPTION=When%20I%20am%20driving;S.com.motorola.smartactions.intent.extra.STATUS=success;end
10-13 06:26:00.568: E/ModeAdService(17361):  Unknown eventType 
10-13 06:26:00.573: I/ModeAdService(17361): onHandleIntent called intent is #Intent;action=com.motorola.contextual.smartrules.sacore;component=com.motorola.contextual.smartrules2/.modead.ModeAdService;S.com.motorola.smartactions.intent.extra.EVENT=refresh_response;S.com.motorola.smartactions.intent.extra.STATE=false;S.com.motorola.smartactions.intent.extra.RESPONSE_ID=condition%3ADriving%253DDriving%253BVersion%253D1.0%3Acom.motorola.smartactions.driving.action.6%3A4%3Atrue%3A0%3ALocaleChanged%3Anull;S.com.motorola.smartactions.intent.extra.PUBLISHER_KEY=com.motorola.contextual.smartprofile.driving;S.com.motorola.smartactions.intent.extra.CONFIG=Driving%3DDriving%3BVersion%3D1.0;S.com.motorola.smartactions.intent.extra.DESCRIPTION=When%20I%20am%20driving;S.com.motorola.smartactions.intent.extra.STATUS=success;end
10-13 06:26:00.573: E/ModeAdService(17361):  Unknown eventType 
10-13 06:26:00.600: D/dalvikvm(17361): GC_CONCURRENT freed 2250K, 45% free 9600K/17180K, paused 6ms+4ms, total 38ms
10-13 06:26:00.601: D/dalvikvm(17361): WAIT_FOR_CONCURRENT_GC blocked 19ms
10-13 06:26:00.601: E/memtrack(17633): Couldn't load memtrack module (No such file or directory)
10-13 06:26:00.601: E/android.os.Debug(17633): failed to load memtrack module: -2
10-13 06:26:00.601: D/dalvikvm(17361): WAIT_FOR_CONCURRENT_GC blocked 19ms
10-13 06:26:00.602: D/dalvikvm(17361): WAIT_FOR_CONCURRENT_GC blocked 19ms
10-13 06:26:00.602: D/dalvikvm(17361): WAIT_FOR_CONCURRENT_GC blocked 20ms
10-13 06:26:00.603: D/dalvikvm(17361): WAIT_FOR_CONCURRENT_GC blocked 20ms
10-13 06:26:00.603: D/dalvikvm(17361): WAIT_FOR_CONCURRENT_GC blocked 20ms
10-13 06:26:00.604: I/ModeAdService(17361): onHandleIntent called intent is #Intent;action=com.motorola.contextual.smartrules.sacore;component=com.motorola.contextual.smartrules2/.modead.ModeAdService;S.com.motorola.smartactions.intent.extra.EVENT=refresh_response;S.com.motorola.smartactions.intent.extra.STATE=false;S.com.motorola.smartactions.intent.extra.RESPONSE_ID=condition%3ADriving%253DDriving%253BVersion%253D1.0%3Acom.motorola.smartactions.driving.action.7%3A4%3Atrue%3A0%3ALocaleChanged%3Anull;S.com.motorola.smartactions.intent.extra.PUBLISHER_KEY=com.motorola.contextual.smartprofile.driving;S.com.motorola.smartactions.intent.extra.CONFIG=Driving%3DDriving%3BVersion%3D1.0;S.com.motorola.smartactions.intent.extra.DESCRIPTION=When%20I%20am%20driving;S.com.motorola.smartactions.intent.extra.STATUS=success;end
10-13 06:26:00.605: E/ModeAdService(17361):  Unknown eventType 
10-13 06:26:00.611: I/RulesValidatorInterface(17361): updateRuleValidity : com.motorola.smartactions.low_battery.suggestion Validity : Valid
10-13 06:26:00.611: I/RulesValidatorInterface(17361):  publisherUpdateReason : LocaleChanged
10-13 06:26:00.615: D/dalvikvm(5144): GC_FOR_ALLOC freed 454K, 13% free 15352K/17580K, paused 86ms, total 86ms
10-13 06:26:00.615: I/dalvikvm-heap(5144): Grow heap (frag case) to 17.292MB for 215382-byte allocation
10-13 06:26:00.621: I/Util(17361): com.motorola.contextual.smartprofile.sleeping : com.motorola.contextual.pickers.conditions.sleeping.SleepingActivity
10-13 06:26:00.621: I/SleepingDetailComposer(17361): getUpdatedConfig : new - Sleeping=Sleeping;Version=1.0
10-13 06:26:00.622: I/SleepingDetailComposer(17361): getCurrentState - state :  : Sleeping=Sleeping;Version=1.0 : 0 : false
10-13 06:26:00.636: I/Util(17361): com.motorola.contextual.smartprofile.sleeping : com.motorola.contextual.pickers.conditions.sleeping.SleepingActivity
10-13 06:26:00.643: I/PublisherManagerService(17361): onHandleIntent #Intent;action=com.motorola.smartactions.intent.action.ACTION_PUBLISHER_EVENT;component=com.motorola.contextual.smartrules2/.publishermanager.PublisherManagerService;S.com.motorola.smartactions.intent.extra.EVENT=refresh_response;S.com.motorola.smartactions.intent.extra.RESPONSE_ID=action%3A%2523Intent%253BB.state%253Dtrue%253Bd.com.motorola.smartactions.intent.extra.CONFIG_VERSION%253D1.0%253Bend%3Acom.motorola.smartactions.sleeping.action.4%3A4%3Atrue%3A0%3ALocaleChanged%3Anull;B.com.motorola.smartactions.intent.extra.WHEN_RULE_ENDS=false;S.com.motorola.smartactions.intent.extra.PUBLISHER_KEY=com.motorola.contextual.actions.noop;S.com.motorola.smartactions.intent.extra.CONFIG=%23Intent%3BB.state%3Dtrue%3Bd.com.motorola.smartactions.intent.extra.CONFIG_VERSION%3D1.0%3Bend;S.com.motorola.smartactions.intent.extra.STATUS=success;end
10-13 06:26:00.662: I/Util(17361): com.motorola.contextual.smartprofile.sleeping : com.motorola.contextual.pickers.conditions.sleeping.SleepingActivity
10-13 06:26:00.662: I/SleepingDetailComposer(17361): getUpdatedConfig : new - Sleeping=Sleeping;Version=1.0
10-13 06:26:00.662: I/SleepingDetailComposer(17361): getCurrentState - state :  : Sleeping=Sleeping;Version=1.0 : 0 : false
10-13 06:26:00.664: D/AndroidRuntime(17633): Calling main entry com.android.commands.am.Am
10-13 06:26:00.667: I/ModeAdService(17361): onHandleIntent called intent is #Intent;action=com.motorola.contextual.smartrules.sacore;component=com.motorola.contextual.smartrules2/.modead.ModeAdService;S.com.motorola.smartactions.intent.extra.EVENT=refresh_response;S.com.motorola.smartactions.intent.extra.STATE=false;S.com.motorola.smartactions.intent.extra.RESPONSE_ID=condition%3ADriving%253DDriving%253BVersion%253D1.0%3Acom.motorola.smartactions.driving.action.8%3A4%3Atrue%3A0%3ALocaleChanged%3Anull;S.com.motorola.smartactions.intent.extra.PUBLISHER_KEY=com.motorola.contextual.smartprofile.driving;S.com.motorola.smartactions.intent.extra.CONFIG=Driving%3DDriving%3BVersion%3D1.0;S.com.motorola.smartactions.intent.extra.DESCRIPTION=When%20I%20am%20driving;S.com.motorola.smartactions.intent.extra.STATUS=success;end
10-13 06:26:00.667: E/ModeAdService(17361):  Unknown eventType 
10-13 06:26:00.675: I/ModeAdService(17361): onHandleIntent called intent is #Intent;action=com.motorola.contextual.smartrules.sacore;component=com.motorola.contextual.smartrules2/.modead.ModeAdService;S.com.motorola.smartactions.intent.extra.EVENT=refresh_response;S.com.motorola.smartactions.intent.extra.STATE=false;S.com.motorola.smartactions.intent.extra.RESPONSE_ID=condition%3ASleeping%253DSleeping%253BVersion%253D1.0%3Acom.motorola.smartactions.sleeping.action.1%3A4%3Atrue%3A0%3ALocaleChanged%3Anull;S.com.motorola.smartactions.intent.extra.PUBLISHER_KEY=com.motorola.contextual.smartprofile.sleeping;S.com.motorola.smartactions.intent.extra.CONFIG=Sleeping%3DSleeping%3BVersion%3D1.0;S.com.motorola.smartactions.intent.extra.DESCRIPTION=When%20is%20sleeping;S.com.motorola.smartactions.intent.extra.STATUS=success;end
10-13 06:26:00.675: E/ModeAdService(17361):  Unknown eventType 
10-13 06:26:00.683: I/Util(17361): com.motorola.contextual.smartprofile.sleeping : com.motorola.contextual.pickers.conditions.sleeping.SleepingActivity
10-13 06:26:00.694: I/ModeAdService(17361): onHandleIntent called intent is #Intent;action=com.motorola.contextual.smartrules.sacore;component=com.motorola.contextual.smartrules2/.modead.ModeAdService;S.com.motorola.smartactions.intent.extra.EVENT=refresh_response;S.com.motorola.smartactions.intent.extra.STATE=false;S.com.motorola.smartactions.intent.extra.RESPONSE_ID=condition%3ASleeping%253DSleeping%253BVersion%253D1.0%3Acom.motorola.smartactions.sleeping.action.2%3A4%3Atrue%3A0%3ALocaleChanged%3Anull;S.com.motorola.smartactions.intent.extra.PUBLISHER_KEY=com.motorola.contextual.smartprofile.sleeping;S.com.motorola.smartactions.intent.extra.CONFIG=Sleeping%3DSleeping%3BVersion%3D1.0;S.com.motorola.smartactions.intent.extra.DESCRIPTION=When%20is%20sleeping;S.com.motorola.smartactions.intent.extra.STATUS=success;end
10-13 06:26:00.695: I/Util(17361): com.motorola.contextual.smartprofile.sleeping : com.motorola.contextual.pickers.conditions.sleeping.SleepingActivity
10-13 06:26:00.695: I/SleepingDetailComposer(17361): getUpdatedConfig : new - Sleeping=Sleeping;Version=1.0
10-13 06:26:00.696: I/SleepingDetailComposer(17361): getCurrentState - state :  : Sleeping=Sleeping;Version=1.0 : 0 : false
10-13 06:26:00.697: E/ModeAdService(17361):  Unknown eventType 
10-13 06:26:00.707: I/ModeAdService(17361): onHandleIntent called intent is #Intent;action=com.motorola.contextual.smartrules.sacore;component=com.motorola.contextual.smartrules2/.modead.ModeAdService;S.com.motorola.smartactions.intent.extra.EVENT=refresh_response;S.com.motorola.smartactions.intent.extra.STATE=false;S.com.motorola.smartactions.intent.extra.RESPONSE_ID=condition%3ASleeping%253DSleeping%253BVersion%253D1.0%3Acom.motorola.smartactions.sleeping.action.3%3A4%3Atrue%3A0%3ALocaleChanged%3Anull;S.com.motorola.smartactions.intent.extra.PUBLISHER_KEY=com.motorola.contextual.smartprofile.sleeping;S.com.motorola.smartactions.intent.extra.CONFIG=Sleeping%3DSleeping%3BVersion%3D1.0;S.com.motorola.smartactions.intent.extra.DESCRIPTION=When%20is%20sleeping;S.com.motorola.smartactions.intent.extra.STATUS=success;end
10-13 06:26:00.707: E/ModeAdService(17361):  Unknown eventType 
10-13 06:26:00.712: I/Util(17361): com.motorola.contextual.smartprofile.sleeping : com.motorola.contextual.pickers.conditions.sleeping.SleepingActivity
10-13 06:26:00.724: I/Util(17361): com.motorola.contextual.smartprofile.sleeping : com.motorola.contextual.pickers.conditions.sleeping.SleepingActivity
10-13 06:26:00.724: I/SleepingDetailComposer(17361): getUpdatedConfig : new - Sleeping=Sleeping;Version=1.0
10-13 06:26:00.726: I/SleepingDetailComposer(17361): getCurrentState - state :  : Sleeping=Sleeping;Version=1.0 : 0 : false
10-13 06:26:00.728: I/ActivityManager(972): START u0 {flg=0x10000000 cmp=com.google.android.apps.mtaas.backdrop/.BackdropActivity} from pid 17633
10-13 06:26:00.731: I/ModeAdService(17361): onHandleIntent called intent is #Intent;action=com.motorola.contextual.smartrules.sacore;component=com.motorola.contextual.smartrules2/.modead.ModeAdService;S.com.motorola.smartactions.intent.extra.EVENT=refresh_response;S.com.motorola.smartactions.intent.extra.STATE=false;S.com.motorola.smartactions.intent.extra.RESPONSE_ID=condition%3ASleeping%253DSleeping%253BVersion%253D1.0%3Acom.motorola.smartactions.sleeping.action.4%3A4%3Atrue%3A0%3ALocaleChanged%3Anull;S.com.motorola.smartactions.intent.extra.PUBLISHER_KEY=com.motorola.contextual.smartprofile.sleeping;S.com.motorola.smartactions.intent.extra.CONFIG=Sleeping%3DSleeping%3BVersion%3D1.0;S.com.motorola.smartactions.intent.extra.DESCRIPTION=When%20is%20sleeping;S.com.motorola.smartactions.intent.extra.STATUS=success;end
10-13 06:26:00.731: E/ModeAdService(17361):  Unknown eventType 
10-13 06:26:00.738: I/RulesValidatorInterface(17361): updateRuleValidity : com.motorola.smartactions.sleeping.action.4 Validity : Valid
10-13 06:26:00.738: I/RulesValidatorInterface(17361):  publisherUpdateReason : LocaleChanged
10-13 06:26:00.760: D/AndroidRuntime(17633): Shutting down VM
10-13 06:26:00.760: W/ContextImpl(1243): Calling a method in the system process without a qualified user: android.app.ContextImpl.sendBroadcast:1244 android.content.ContextWrapper.sendBroadcast:365 com.motorola.motocare.util.TriggerHelper$TriggerBuilder.send:76 com.motorola.motocare.internal.frameworkevents.PauseResumeTrigger.handleFrameworkEvent:53 com.motorola.motocare.internal.frameworkevents.FwEventMonitor$FrameworkListener.processFrameworkEvent:114 
10-13 06:26:00.763: I/UsageStats(972): Deleting usage file : usage-20160117
10-13 06:26:00.766: D/dalvikvm(17633): GC_CONCURRENT freed 96K, 14% free 602K/700K, paused 0ms+0ms, total 2ms
10-13 06:26:00.768: I/PublisherManagerService(17361): onHandleIntent #Intent;action=com.motorola.smartactions.intent.action.ACTION_PUBLISHER_EVENT;component=com.motorola.contextual.smartrules2/.publishermanager.PublisherManagerService;S.com.motorola.smartactions.intent.extra.EVENT=refresh_response;S.com.motorola.smartactions.intent.extra.RESPONSE_ID=action%3A%2523Intent%253BB.state%253Dfalse%253Bd.com.motorola.smartactions.intent.extra.CONFIG_VERSION%253D1.0%253Bend%3Acom.motorola.smartactions.sleeping.action.5%3A4%3Atrue%3A0%3ALocaleChanged%3Anull;B.com.motorola.smartactions.intent.extra.WHEN_RULE_ENDS=false;S.com.motorola.smartactions.intent.extra.PUBLISHER_KEY=com.motorola.contextual.actions.NotificationLightPulse;S.com.motorola.smartactions.intent.extra.CONFIG=%23Intent%3BB.state%3Dfalse%3Bd.com.motorola.smartactions.intent.extra.CONFIG_VERSION%3D1.0%3Bend;S.com.motorola.smartactions.intent.extra.DESCRIPTION=Off;S.com.motorola.smartactions.intent.extra.STATUS=success;end
10-13 06:26:00.777: D/dalvikvm(5144): GC_FOR_ALLOC freed 529K, 14% free 15458K/17792K, paused 105ms, total 105ms
10-13 06:26:00.777: I/dalvikvm-heap(5144): Grow heap (frag case) to 17.601MB for 431088-byte allocation
10-13 06:26:00.783: I/ActivityManager(972): Start proc com.google.android.apps.mtaas.backdrop for activity com.google.android.apps.mtaas.backdrop/.BackdropActivity: pid=17663 uid=10102 gids={50102}
10-13 06:26:00.806: W/ContextImpl(1243): Calling a method in the system process without a qualified user: android.app.ContextImpl.sendBroadcast:1244 android.content.ContextWrapper.sendBroadcast:365 com.motorola.motocare.util.TriggerHelper$TriggerBuilder.send:76 com.motorola.motocare.internal.frameworkevents.PauseResumeTrigger.handleFrameworkEvent:53 com.motorola.motocare.internal.frameworkevents.FwEventMonitor$FrameworkListener.processFrameworkEvent:114 
10-13 06:26:00.821: I/SFPerfTracer(273):      triggers: (rate: 0:250) (compose: 0:11) (post: 0:1) (render: 0:8) (0:961 frames) (1:7846)
10-13 06:26:00.821: D/SFPerfTracer(273):        layers: (4:16) (DimLayer: 0:26)* (FocusedStackFrame: 1:5)* (StatusBar: 0:4148) (NavigationBar: 0:39) (com.android.systemui.ImageWallpaper: 0:59) (com.android.launcher/com.android.launcher2.Launcher: 0:29)* (ScreenshotSurface: 0:15)* (com.android.launcher/com.android.launcher2.Launcher: 0:6) (BlackSurface: 0:14)* (BlackSurface: 0:14)* (BlackSurface: 0:14)* (BlackSurface: 0:14)* (Starting com.google.android.apps.mtaas.backdrop: 1:1)* 
10-13 06:26:00.830: I/dalvikvm(17663): Could not find method android.app.Notification$Builder.<init>, referenced from method android.support.v4.app.NotificationCompatBuilder.<init>
10-13 06:26:00.830: W/dalvikvm(17663): VFY: unable to resolve direct method 121: Landroid/app/Notification$Builder;.<init> (Landroid/content/Context;Ljava/lang/String;)V
10-13 06:26:00.830: D/dalvikvm(17663): VFY: replacing opcode 0x70 at 0x0025
10-13 06:26:00.831: I/dalvikvm(17663): Could not find method android.app.Notification$Builder.setLocalOnly, referenced from method android.support.v4.app.NotificationCompatBuilder.<init>
10-13 06:26:00.831: W/dalvikvm(17663): VFY: unable to resolve virtual method 149: Landroid/app/Notification$Builder;.setLocalOnly (Z)Landroid/app/Notification$Builder;
10-13 06:26:00.831: D/dalvikvm(17663): VFY: replacing opcode 0x6e at 0x018f
10-13 06:26:00.831: I/dalvikvm(17663): Could not find method android.app.Notification$Builder.setCategory, referenced from method android.support.v4.app.NotificationCompatBuilder.<init>
10-13 06:26:00.831: W/dalvikvm(17663): VFY: unable to resolve virtual method 129: Landroid/app/Notification$Builder;.setCategory (Ljava/lang/String;)Landroid/app/Notification$Builder;
10-13 06:26:00.831: D/dalvikvm(17663): VFY: replacing opcode 0x6e at 0x01b0
10-13 06:26:00.831: I/dalvikvm(17663): Could not find method android.app.Notification$Builder.setRemoteInputHistory, referenced from method android.support.v4.app.NotificationCompatBuilder.<init>
10-13 06:26:00.831: W/dalvikvm(17663): VFY: unable to resolve virtual method 156: Landroid/app/Notification$Builder;.setRemoteInputHistory ([Ljava/lang/CharSequence;)Landroid/app/Notification$Builder;
10-13 06:26:00.831: D/dalvikvm(17663): VFY: replacing opcode 0x6e at 0x01fa
10-13 06:26:00.831: I/dalvikvm(17663): Could not find method android.app.Notification$Builder.setBadgeIconType, referenced from method android.support.v4.app.NotificationCompatBuilder.<init>
10-13 06:26:00.831: W/dalvikvm(17663): VFY: unable to resolve virtual method 128: Landroid/app/Notification$Builder;.setBadgeIconType (I)Landroid/app/Notification$Builder;
10-13 06:26:00.831: D/dalvikvm(17663): VFY: replacing opcode 0x6e at 0x0226
10-13 06:26:00.832: E/dalvikvm(17663): Could not find class 'android.app.Notification$Action$Builder', referenced from method android.support.v4.app.NotificationCompatBuilder.addAction
10-13 06:26:00.832: W/dalvikvm(17663): VFY: unable to resolve new-instance 27 (Landroid/app/Notification$Action$Builder;) in Landroid/support/v4/app/NotificationCompatBuilder;
10-13 06:26:00.832: D/dalvikvm(17663): VFY: replacing opcode 0x22 at 0x0006
