10-13 06:26:13.708: I/Babel(18707): Account not valid for babel. Skip device registration.
10-13 06:26:13.726: I/ActivityManager(972): Start proc com.google.android.videos for broadcast com.google.android.videos/.accounts.AccountsChangedService$AccountsChangedReceiver: pid=18756 uid=10094 gids={50094, 3003, 1028, 1015, 3002}
10-13 06:26:13.756: I/ActivityManager(972): Killing 18515:com.google.android.partnersetup/u0a22 (adj 15): empty #9
10-13 06:26:13.758: W/ContextImpl(1243): Calling a method in the system process without a qualified user: android.app.ContextImpl.sendBroadcast:1244 android.content.ContextWrapper.sendBroadcast:365 com.motorola.motocare.util.TriggerHelper$TriggerBuilder.send:76 com.motorola.motocare.internal.frameworkevents.ProcessKillTrigger.sendTrigger:147 com.motorola.motocare.internal.frameworkevents.ProcessKillTrigger.handleFrameworkEvent:164 
10-13 06:26:13.787: I/dalvikvm(18756): DexOpt: not all deps represented
10-13 06:26:13.787: E/dalvikvm(18756): /system/framework/com.google.widevine.software.drm.jar odex has stale dependencies
10-13 06:26:13.818: D/dalvikvm(17725): GC_EXPLICIT freed 683K, 33% free 11676K/17180K, paused 14ms+10ms, total 63ms
10-13 06:26:13.864: I/ContactLocale(18718): AddressBook Labels [es]: [, A, B, C, D, E, F, G, H, I, J, K, L, M, N, Ñ, O, P, Q, R, S, T, U, V, W, X, Y, Z, Α, Β, Γ, Δ, Ε, Ζ, Η, Θ, Ι, Κ, Λ, Μ, Ν, Ξ, Ο, Π, Ρ, Σ, Τ, Υ, Φ, Χ, Ψ, Ω, , А, Б, В, Г, Д, Е, Є, Ж, З, И, І, Ї, Й, К, Л, М, Н, О, П, Р, С, Т, У, Ф, Х, Ц, Ч, Ш, Щ, Ю, Я, , א, ב, ג, ד, ה, ו, ז, ח, ט, י, כ, ל, מ, נ, ס, ע, פ, צ, ק, ר, ש, ת, , ا, ب, ت, ث, ج, ح, خ, د, ذ, ر, ز, س, ش, ص, ض, ط, ظ, ع, غ, ف, ق, ك, ل, م, ن, ه, و, ي, , ก, ข, ฃ, ค, ฅ, ฆ, ง, จ, ฉ, ช, ซ, ฌ, ญ, ฎ, ฏ, ฐ, ฑ, ฒ, ณ, ด, ต, ถ, ท, ธ, น, บ, ป, ผ, ฝ, พ, ฟ, ภ, ม, ย, ร, ฤ, ล, ฦ, ว, ศ, ษ, ส, ห, ฬ, อ, ฮ, , ㄱ, ㄴ, ㄷ, ㄹ, ㅁ, ㅂ, ㅅ, ㅇ, ㅈ, ㅊ, ㅋ, ㅌ, ㅍ, ㅎ, , あ, か, さ, た, な, は, ま, や, ら, わ, #, ]
10-13 06:26:13.888: W/SyncManager(972): Ignoring setPeriodicSyncTime request for a sync that does not exist. Authority: com.google.android.gms.games.background
10-13 06:26:13.924: D/dalvikvm(17772): DexOpt: couldn't find field Landroid/os/Message;.sendingUid
10-13 06:26:13.924: W/dalvikvm(17772): VFY: unable to resolve instance field 1692
10-13 06:26:13.924: D/dalvikvm(17772): VFY: replacing opcode 0x52 at 0x0002
10-13 06:26:13.925: D/WifiStateMachine(972): handleMessage: E msg.what=151572
10-13 06:26:13.925: D/WifiStateMachine(972): processMsg: ConnectedState
10-13 06:26:13.925: D/WifiStateMachine(972): processMsg: L2ConnectedState
10-13 06:26:13.942: D/WifiStateMachine(972): handleMessage: X
10-13 06:26:13.980: D/dalvikvm(972): GC_EXPLICIT freed 744K, 38% free 16978K/27240K, paused 5ms+10ms, total 98ms
10-13 06:26:13.988: I/ActivityManager(972): Killing 18542:com.google.android.googlequicksearchbox:search/u0a39 (adj 15): empty #9
10-13 06:26:13.990: W/ContextImpl(1243): Calling a method in the system process without a qualified user: android.app.ContextImpl.sendBroadcast:1244 android.content.ContextWrapper.sendBroadcast:365 com.motorola.motocare.util.TriggerHelper$TriggerBuilder.send:76 com.motorola.motocare.internal.frameworkevents.ProcessKillTrigger.sendTrigger:147 com.motorola.motocare.internal.frameworkevents.ProcessKillTrigger.handleFrameworkEvent:164 
10-13 06:26:14.016: I/dalvikvm(17772): Could not find method android.os.PowerManager.isInteractive, referenced from method bnk.a
10-13 06:26:14.016: W/dalvikvm(17772): VFY: unable to resolve virtual method 3502: Landroid/os/PowerManager;.isInteractive ()Z
10-13 06:26:14.016: D/dalvikvm(17772): VFY: replacing opcode 0x6e at 0x003b
10-13 06:26:14.048: I/dalvikvm(17772): Could not find method android.content.pm.PackageManager.getPackageInstaller, referenced from method axl.a
10-13 06:26:14.048: W/dalvikvm(17772): VFY: unable to resolve virtual method 2575: Landroid/content/pm/PackageManager;.getPackageInstaller ()Landroid/content/pm/PackageInstaller;
10-13 06:26:14.048: D/dalvikvm(17772): VFY: replacing opcode 0x6e at 0x001c
10-13 06:26:14.058: I/GamesSyncAdapter PII_LOG(17772): Starting sync for 4A2NI7OQOTX46RNLLDCZ5QQEKA-00@cloudtestlabaccounts.com
10-13 06:26:14.058: I/GamesSyncAdapter(17772): Starting sync for 7f7c3bdb
10-13 06:26:14.060: I/GamesSyncAdapter PII_LOG(17772): Starting sync for 4A2NI7OQOTX46RNLLDCZ5QQEKA-00@cloudtestlabaccounts.com
10-13 06:26:14.060: I/GamesSyncAdapter(17772): Starting sync for 7f7c3bdb
10-13 06:26:14.065: I/GamesSyncAdapter PII_LOG(17772): Sync duration for 4A2NI7OQOTX46RNLLDCZ5QQEKA-00@cloudtestlabaccounts.com: 3
10-13 06:26:14.065: I/GamesSyncAdapter(17772): Sync duration for 7f7c3bdb: 3
10-13 06:26:14.101: W/Auth(17725): [GetToken] GetToken failed with status code: INVALID_SCOPE
10-13 06:26:14.105: E/Babel(18707): Unexpected exception while authenticating.
10-13 06:26:14.105: E/Babel(18707): com.google.android.gms.auth.GoogleAuthException: INVALID_SCOPE
10-13 06:26:14.105: E/Babel(18707): 	at com.google.android.gms.auth.GoogleAuthUtil.getToken(Unknown Source)
10-13 06:26:14.105: E/Babel(18707): 	at com.google.android.apps.babel.util.AccountsUtil.a(SourceFile:190)
10-13 06:26:14.105: E/Babel(18707): 	at com.google.android.apps.babel.network.d.H(SourceFile:70)
10-13 06:26:14.105: E/Babel(18707): 	at com.google.android.apps.babel.realtimechat.RealTimeChatService.i(SourceFile:2481)
10-13 06:26:14.105: E/Babel(18707): 	at com.google.android.apps.babel.realtimechat.RealTimeChatService.s(SourceFile:2608)
10-13 06:26:14.105: E/Babel(18707): 	at com.google.android.apps.babel.realtimechat.RealTimeChatService.onHandleIntent(SourceFile:599)
10-13 06:26:14.105: E/Babel(18707): 	at android.app.IntentService$ServiceHandler.handleMessage(IntentService.java:65)
10-13 06:26:14.105: E/Babel(18707): 	at android.os.Handler.dispatchMessage(Handler.java:102)
10-13 06:26:14.105: E/Babel(18707): 	at android.os.Looper.loop(Looper.java:136)
10-13 06:26:14.105: E/Babel(18707): 	at android.os.HandlerThread.run(HandlerThread.java:61)
10-13 06:26:14.108: D/dalvikvm(17772): Note: class Lcrl; has 261 unimplemented (abstract) methods
10-13 06:26:14.108: E/Babel(18707): invalidateAuthTokenForAccountSetup
10-13 06:26:14.108: E/Babel(18707): com.google.android.apps.babel.util.AccountsUtil$BabelAuthException
10-13 06:26:14.108: E/Babel(18707): 	at com.google.android.apps.babel.util.AccountsUtil.a(SourceFile:204)
10-13 06:26:14.108: E/Babel(18707): 	at com.google.android.apps.babel.network.d.H(SourceFile:70)
10-13 06:26:14.108: E/Babel(18707): 	at com.google.android.apps.babel.realtimechat.RealTimeChatService.i(SourceFile:2481)
10-13 06:26:14.108: E/Babel(18707): 	at com.google.android.apps.babel.realtimechat.RealTimeChatService.s(SourceFile:2608)
10-13 06:26:14.108: E/Babel(18707): 	at com.google.android.apps.babel.realtimechat.RealTimeChatService.onHandleIntent(SourceFile:599)
10-13 06:26:14.108: E/Babel(18707): 	at android.app.IntentService$ServiceHandler.handleMessage(IntentService.java:65)
10-13 06:26:14.108: E/Babel(18707): 	at android.os.Handler.dispatchMessage(Handler.java:102)
10-13 06:26:14.108: E/Babel(18707): 	at android.os.Looper.loop(Looper.java:136)
10-13 06:26:14.108: E/Babel(18707): 	at android.os.HandlerThread.run(HandlerThread.java:61)
10-13 06:26:14.109: E/Babel(18707): Account self info failedRedacted-54
10-13 06:26:14.109: E/Babel(18707): com.google.android.apps.babel.util.AccountsUtil$BabelAuthException
10-13 06:26:14.109: E/Babel(18707): 	at com.google.android.apps.babel.util.AccountsUtil.a(SourceFile:204)
10-13 06:26:14.109: E/Babel(18707): 	at com.google.android.apps.babel.network.d.H(SourceFile:70)
10-13 06:26:14.109: E/Babel(18707): 	at com.google.android.apps.babel.realtimechat.RealTimeChatService.i(SourceFile:2481)
10-13 06:26:14.109: E/Babel(18707): 	at com.google.android.apps.babel.realtimechat.RealTimeChatService.s(SourceFile:2608)
10-13 06:26:14.109: E/Babel(18707): 	at com.google.android.apps.babel.realtimechat.RealTimeChatService.onHandleIntent(SourceFile:599)
10-13 06:26:14.109: E/Babel(18707): 	at android.app.IntentService$ServiceHandler.handleMessage(IntentService.java:65)
10-13 06:26:14.109: E/Babel(18707): 	at android.os.Handler.dispatchMessage(Handler.java:102)
10-13 06:26:14.109: E/Babel(18707): 	at android.os.Looper.loop(Looper.java:136)
10-13 06:26:14.109: E/Babel(18707): 	at android.os.HandlerThread.run(HandlerThread.java:61)
10-13 06:26:14.109: I/Babel(18707): Account setup failed with error state:106 account:Redacted-54
10-13 06:26:14.109: I/Babel(18707): Account sign in complete with state 106account: Redacted-54
10-13 06:26:14.109: W/Babel(18707): Notify sign in failed for account Redacted-54
10-13 06:26:14.114: D/WifiStateMachine(972): handleMessage: E msg.what=131155
10-13 06:26:14.114: D/WifiStateMachine(972): processMsg: ConnectedState
10-13 06:26:14.114: D/WifiStateMachine(972): processMsg: L2ConnectedState
10-13 06:26:14.117: D/WifiStateMachine(972): handleMessage: X
10-13 06:26:14.120: I/dalvikvm(17772): Could not find method android.content.Context.checkSelfPermission, referenced from method bjv.a
10-13 06:26:14.120: W/dalvikvm(17772): VFY: unable to resolve virtual method 2418: Landroid/content/Context;.checkSelfPermission (Ljava/lang/String;)I
10-13 06:26:14.120: D/dalvikvm(17772): VFY: replacing opcode 0x6e at 0x0034
10-13 06:26:14.134: I/ActivityManager(972): Killing 18590:com.google.android.apps.books/u0a45 (adj 15): empty #9
10-13 06:26:14.136: W/ContextImpl(1243): Calling a method in the system process without a qualified user: android.app.ContextImpl.sendBroadcast:1244 android.content.ContextWrapper.sendBroadcast:365 com.motorola.motocare.util.TriggerHelper$TriggerBuilder.send:76 com.motorola.motocare.internal.frameworkevents.ProcessKillTrigger.sendTrigger:147 com.motorola.motocare.internal.frameworkevents.ProcessKillTrigger.handleFrameworkEvent:164 
10-13 06:26:14.162: D/PlayMovies(18756): PersistentCache.cleanup:126 Cache is below limit, no need to shrink: [size=0, limit=5242880]
10-13 06:26:14.175: E/dalvikvm(17772): Could not find class 'android.graphics.drawable.RippleDrawable', referenced from method fmv.a
10-13 06:26:14.175: W/dalvikvm(17772): VFY: unable to resolve new-instance 572 (Landroid/graphics/drawable/RippleDrawable;) in Lfmv;
10-13 06:26:14.175: D/dalvikvm(17772): VFY: replacing opcode 0x22 at 0x0014
10-13 06:26:14.220: D/dalvikvm(17772): DexOpt: unable to opt direct call 0x0c28 at 0x1a in Lfmv;.a
10-13 06:26:14.224: W/GamesServiceBroker(17772): Client connected with SDK 11411000, Services 11509030, and Games 52250030
10-13 06:26:14.239: W/DynamiteModule(17772): Local module descriptor class for com.google.android.gms.googlecertificates not found.
10-13 06:26:14.259: I/DynamiteModule(17772): Considering local module com.google.android.gms.googlecertificates:0 and remote module com.google.android.gms.googlecertificates:4
10-13 06:26:14.262: I/DynamiteModule(17772): Selected remote version of com.google.android.gms.googlecertificates, version >= 4
10-13 06:26:14.274: I/dalvikvm(17772): Could not find method android.content.ContextWrapper.createCredentialProtectedStorageContext, referenced from method hiw.createCredentialProtectedStorageContext
10-13 06:26:14.274: W/dalvikvm(17772): VFY: unable to resolve virtual method 738: Landroid/content/ContextWrapper;.createCredentialProtectedStorageContext ()Landroid/content/Context;
10-13 06:26:14.274: D/dalvikvm(17772): VFY: replacing opcode 0x6f at 0x0002
10-13 06:26:14.275: I/dalvikvm(17772): Could not find method android.content.ContextWrapper.createDeviceProtectedStorageContext, referenced from method hiw.createDeviceProtectedStorageContext
10-13 06:26:14.275: W/dalvikvm(17772): VFY: unable to resolve virtual method 739: Landroid/content/ContextWrapper;.createDeviceProtectedStorageContext ()Landroid/content/Context;
10-13 06:26:14.275: D/dalvikvm(17772): VFY: replacing opcode 0x6f at 0x0002
10-13 06:26:14.284: W/GAV2(18256): Thread[main,5,main]: dispatch call queued.  Need to call GAServiceManager.getInstance().initialize().
10-13 06:26:14.285: I/ActivityManager(972): Killing 18614:com.android.chrome/u0a50 (adj 15): empty #9
10-13 06:26:14.286: W/ContextImpl(1243): Calling a method in the system process without a qualified user: android.app.ContextImpl.sendBroadcast:1244 android.content.ContextWrapper.sendBroadcast:365 com.motorola.motocare.util.TriggerHelper$TriggerBuilder.send:76 com.motorola.motocare.internal.frameworkevents.ProcessKillTrigger.sendTrigger:147 com.motorola.motocare.internal.frameworkevents.ProcessKillTrigger.handleFrameworkEvent:164 
10-13 06:26:14.287: D/dalvikvm(17772): DexOpt: couldn't find static field Landroid/os/Build;.SUPPORTED_64_BIT_ABIS
10-13 06:26:14.288: W/dalvikvm(17772): VFY: unable to resolve static field 312 (SUPPORTED_64_BIT_ABIS) in Landroid/os/Build;
10-13 06:26:14.288: D/dalvikvm(17772): VFY: replacing opcode 0x62 at 0x0012
10-13 06:26:14.288: D/dalvikvm(17772): DexOpt: couldn't find static field Landroid/os/Build;.SUPPORTED_32_BIT_ABIS
10-13 06:26:14.288: W/dalvikvm(17772): VFY: unable to resolve static field 311 (SUPPORTED_32_BIT_ABIS) in Landroid/os/Build;
10-13 06:26:14.288: D/dalvikvm(17772): VFY: replacing opcode 0x62 at 0x0021
10-13 06:26:14.289: D/dalvikvm(17772): DexOpt: couldn't find static field Landroid/os/Build;.SUPPORTED_ABIS
10-13 06:26:14.289: W/dalvikvm(17772): VFY: unable to resolve static field 313 (SUPPORTED_ABIS) in Landroid/os/Build;
10-13 06:26:14.289: D/dalvikvm(17772): VFY: replacing opcode 0x62 at 0x0008
10-13 06:26:14.289: D/dalvikvm(17772): DexOpt: couldn't find static field Landroid/os/Build;.SUPPORTED_64_BIT_ABIS
10-13 06:26:14.289: W/dalvikvm(17772): VFY: unable to resolve static field 312 (SUPPORTED_64_BIT_ABIS) in Landroid/os/Build;
10-13 06:26:14.289: D/dalvikvm(17772): VFY: replacing opcode 0x62 at 0x0008
10-13 06:26:14.289: D/dalvikvm(17772): DexOpt: couldn't find static field Landroid/os/Build;.SUPPORTED_64_BIT_ABIS
10-13 06:26:14.289: I/dalvikvm(17772): DexOpt: unable to optimize static field ref 0x0138 at 0x17 in Lbwv;.a
10-13 06:26:14.289: D/dalvikvm(17772): DexOpt: couldn't find static field Landroid/os/Build;.SUPPORTED_32_BIT_ABIS
10-13 06:26:14.289: I/dalvikvm(17772): DexOpt: unable to optimize static field ref 0x0137 at 0x26 in Lbwv;.a
10-13 06:26:14.289: D/dalvikvm(17772): DexOpt: couldn't find static field Landroid/os/Build;.SUPPORTED_64_BIT_ABIS
10-13 06:26:14.289: I/dalvikvm(17772): DexOpt: unable to optimize static field ref 0x0138 at 0x0d in Lbwv;.b
10-13 06:26:14.299: I/MediaRouter(18756): Found default route: MediaRouter.RouteInfo{ uniqueId=android/.support.v7.media.SystemMediaRouteProvider:DEFAULT_ROUTE, name=Auriculares, description=null, enabled=true, connecting=false, playbackType=0, playbackStream=3, volumeHandling=1, volume=10, volumeMax=15, presentationDisplayId=-1, extras=null, providerPackageName=android }
10-13 06:26:14.308: D/PlayMovies(18756): MediaRouteManager.onRouteSelected:125 routeInfo: MediaRouter.RouteInfo{ uniqueId=android/.support.v7.media.SystemMediaRouteProvider:DEFAULT_ROUTE, name=Auriculares, description=null, enabled=true, connecting=false, playbackType=0, playbackStream=3, volumeHandling=1, volume=10, volumeMax=15, presentationDisplayId=-1, extras=null, providerPackageName=android }
10-13 06:26:14.349: I/ActivityManager(972): Start proc com.google.android.youtube for broadcast com.google.android.youtube/com.google.android.apps.youtube.datalib.identity.AccountsChangedReceiver: pid=18808 uid=10096 gids={50096, 3003, 1028, 1015}
10-13 06:26:14.355: D/PlayMovies(18756): TransferService.onCreate:52 creating transfer service
10-13 06:26:14.366: D/dalvikvm(274): GC_EXPLICIT freed 43K, 48% free 8969K/17180K, paused 1ms+3ms, total 22ms
10-13 06:26:14.384: D/dalvikvm(274): GC_EXPLICIT freed <1K, 48% free 8969K/17180K, paused 1ms+3ms, total 17ms
10-13 06:26:14.392: D/PlayMovies(18756): MediaRouteManager.onRouteSelected:125 routeInfo: MediaRouter.RouteInfo{ uniqueId=android/.support.v7.media.SystemMediaRouteProvider:DEFAULT_ROUTE, name=Auriculares, description=null, enabled=true, connecting=false, playbackType=0, playbackStream=3, volumeHandling=1, volume=10, volumeMax=15, presentationDisplayId=-1, extras=null, providerPackageName=android }
10-13 06:26:14.402: D/dalvikvm(274): GC_EXPLICIT freed <1K, 48% free 8969K/17180K, paused 2ms+3ms, total 18ms
10-13 06:26:14.424: I/Icing(17772): IndexChimeraService.getServiceInterface callingPackage=com.google.android.videos componentName=null serviceId=21
10-13 06:26:14.448: I/Icing(17772): Usage reports 0 indexed 0 rejected 0 imm upload false
10-13 06:26:14.457: I/Auth(17725): [BroadcastManager] Broadcasting account services changed.
10-13 06:26:14.492: D/dalvikvm(17725): GC_EXPLICIT freed 378K, 32% free 11690K/17180K, paused 3ms+7ms, total 61ms
10-13 06:26:14.557: I/ActivityManager(972): Killing 18256:com.google.android.apps.docs/u0a54 (adj 15): empty #9
10-13 06:26:14.558: W/ContextImpl(1243): Calling a method in the system process without a qualified user: android.app.ContextImpl.sendBroadcast:1244 android.content.ContextWrapper.sendBroadcast:365 com.motorola.motocare.util.TriggerHelper$TriggerBuilder.send:76 com.motorola.motocare.internal.frameworkevents.ProcessKillTrigger.sendTrigger:147 com.motorola.motocare.internal.frameworkevents.ProcessKillTrigger.handleFrameworkEvent:164 
10-13 06:26:14.615: D/YouTube(18808): apps.youtube.core.utils.bh.a:41 HttpClient.UserAgent: com.google.android.youtube/5.3.24(Linux; U; Android 4.4.2; es; XT1034 Build/KXB20.9-1.10-1.24-1.1)
10-13 06:26:14.642: D/dalvikvm(17772): GC_CONCURRENT freed 1584K, 30% free 12090K/17180K, paused 3ms+7ms, total 55ms
10-13 06:26:14.683: W/System(17772): Error converting session.
10-13 06:26:14.692: W/System(17772): java.lang.AssertionError: Unexpected type ID: 3
10-13 06:26:14.692: W/System(17772): 	at com.android.org.conscrypt.AbstractSessionContext.toSession(AbstractSessionContext.java:237)
10-13 06:26:14.692: W/System(17772): 	at com.android.org.conscrypt.ClientSessionContext.getSession(ClientSessionContext.java:86)
10-13 06:26:14.692: W/System(17772): 	at com.android.org.conscrypt.OpenSSLSocketImpl.getCachedClientSession(OpenSSLSocketImpl.java:204)
10-13 06:26:14.692: W/System(17772): 	at com.android.org.conscrypt.OpenSSLSocketImpl.startHandshake(OpenSSLSocketImpl.java:333)
10-13 06:26:14.692: W/System(17772): 	at android.net.SSLCertificateSocketFactory.verifyHostname(SSLCertificateSocketFactory.java:190)
10-13 06:26:14.692: W/System(17772): 	at android.net.SSLCertificateSocketFactory.createSocket(SSLCertificateSocketFactory.java:435)
10-13 06:26:14.692: W/System(17772): 	at com.android.okhttp.Connection.upgradeToTls(Connection.java:131)
10-13 06:26:14.692: W/System(17772): 	at com.android.okhttp.Connection.connect(Connection.java:107)
10-13 06:26:14.692: W/System(17772): 	at com.android.okhttp.internal.http.HttpEngine.connect(HttpEngine.java:294)
10-13 06:26:14.692: W/System(17772): 	at com.android.okhttp.internal.http.HttpEngine.sendSocketRequest(HttpEngine.java:255)
10-13 06:26:14.692: W/System(17772): 	at com.android.okhttp.internal.http.HttpEngine.sendRequest(HttpEngine.java:206)
10-13 06:26:14.692: W/System(17772): 	at com.android.okhttp.internal.http.HttpURLConnectionImpl.execute(HttpURLConnectionImpl.java:345)
10-13 06:26:14.692: W/System(17772): 	at com.android.okhttp.internal.http.HttpURLConnectionImpl.connect(HttpURLConnectionImpl.java:89)
10-13 06:26:14.692: W/System(17772): 	at com.android.okhttp.internal.http.HttpsURLConnectionImpl.connect(HttpsURLConnectionImpl.java:161)
10-13 06:26:14.692: W/System(17772): 	at quk.a(:com.google.android.gms@11509030:50)
10-13 06:26:14.692: W/System(17772): 	at quk.a(:com.google.android.gms@11509030:76)
10-13 06:26:14.692: W/System(17772): 	at quk.execute(:com.google.android.gms@11509030:8)
10-13 06:26:14.692: W/System(17772): 	at quk.execute(:com.google.android.gms@11509030:7)
10-13 06:26:14.692: W/System(17772): 	at com.android.volley.toolbox.HttpClientStack.performRequest(:com.google.android.gms@11509030:16)
10-13 06:26:14.692: W/System(17772): 	at jkk.performRequest(:com.google.android.gms@11509030:1)
10-13 06:26:14.692: W/System(17772): 	at com.android.volley.toolbox.BasicNetwork.performRequest(:com.google.android.gms@11509030:7)
10-13 06:26:14.692: W/System(17772): 	at jkl.performRequest(:com.google.android.gms@11509030:4)
10-13 06:26:14.692: W/System(17772): 	at com.android.volley.NetworkDispatcher.run(:com.google.android.gms@11509030:12)
10-13 06:26:14.706: D/YouTube(18808): apps.youtube.core.utils.bh.a:41 HttpClient.UserAgent: com.google.android.youtube/5.3.24(Linux; U; Android 4.4.2; es; XT1034 Build/KXB20.9-1.10-1.24-1.1)
10-13 06:26:14.706: D/dalvikvm(18707): GC_EXPLICIT freed 1068K, 46% free 9335K/17180K, paused 2ms+4ms, total 27ms
10-13 06:26:14.732: I/CalendarProvider2(18731): Sending notification intent: Intent { act=android.intent.action.PROVIDER_CHANGED dat=content://com.android.calendar }
10-13 06:26:14.733: W/ContentResolver(18731): Failed to get type for: content://com.android.calendar (Unknown URL content://com.android.calendar)
10-13 06:26:14.738: I/ActivityManager(972): Killing 18629:com.android.email/u0a55 (adj 15): empty #9
10-13 06:26:14.740: W/ContextImpl(1243): Calling a method in the system process without a qualified user: android.app.ContextImpl.sendBroadcast:1244 android.content.ContextWrapper.sendBroadcast:365 com.motorola.motocare.util.TriggerHelper$TriggerBuilder.send:76 com.motorola.motocare.internal.frameworkevents.ProcessKillTrigger.sendTrigger:147 com.motorola.motocare.internal.frameworkevents.ProcessKillTrigger.handleFrameworkEvent:164 
10-13 06:26:14.832: D/YouTube(18808): apps.youtube.core.client.y.a:114 event [version=5.3.24-s2000, action=Startup, label=NORMAL_STARTUP, value=-1]
10-13 06:26:14.848: D/YouTube(18808): apps.youtube.core.cache.f.run:163 Cache is below limit, no need to shrink: [size=0, limit=20971520]
10-13 06:26:14.897: D/dalvikvm(18808): DexOpt: --- BEGIN 'ads-1902475882.jar' (bootstrap=0) ---
10-13 06:26:14.926: D/WifiStateMachine(972): handleMessage: E msg.what=151572
10-13 06:26:14.926: D/WifiStateMachine(972): processMsg: ConnectedState
10-13 06:26:14.926: D/WifiStateMachine(972): processMsg: L2ConnectedState
10-13 06:26:14.931: D/WifiStateMachine(972): handleMessage: X
10-13 06:26:14.963: I/dalvikvm(18839): DexOpt: not all deps represented
10-13 06:26:14.963: E/dalvikvm(18839): /system/framework/qcmediaplayer.jar odex has stale dependencies
10-13 06:26:14.972: D/dalvikvm(17725): GC_EXPLICIT freed 121K, 33% free 11665K/17180K, paused 4ms+5ms, total 39ms
10-13 06:26:14.979: D/dalvikvm(18839): DexOpt: load 4ms, verify+opt 11ms, 162948 bytes
10-13 06:26:14.989: D/dalvikvm(18808): DexOpt: --- END 'ads-1902475882.jar' (success) ---
10-13 06:26:14.989: D/dalvikvm(18808): DEX prep '/data/data/com.google.android.youtube/cache/ads-1902475882.jar': unzip in 0ms, rewrite 92ms
10-13 06:26:15.056: I/ActivityManager(972): Start proc com.google.android.play.games.ui for service com.google.android.play.games/com.google.android.gms.games.service.PlayGamesBridgeService: pid=18852 uid=10081 gids={50081}
10-13 06:26:15.061: I/GoogleConversionPing(18808): Pinging: http://www.googleadservices.com/pagead/conversion/1001680686/?label=4dahCKKczAYQrt7R3QM&value=&muid=ca0M8U7AGNWMXuqNuQrmVw&bundleid=com.google.android.youtube&appversion=5.3.24&osversion=4.4.2&sdkversion=ct-sdk-a-v1.1.0&remarketing_only=1&timestamp=1507901175&data=screen_name%3D%3CAndroid_YT_Open_App%3E
10-13 06:26:15.096: E/dalvikvm(18852): Could not find class 'android.app.NotificationChannel', referenced from method com.google.android.gms.games.app.PowerUpApplication.onCreate
10-13 06:26:15.096: W/dalvikvm(18852): VFY: unable to resolve new-instance 416 (Landroid/app/NotificationChannel;) in Lcom/google/android/gms/games/app/PowerUpApplication;
10-13 06:26:15.096: D/dalvikvm(18852): VFY: replacing opcode 0x22 at 0x001e
10-13 06:26:15.097: D/dalvikvm(18852): DexOpt: couldn't find static field Landroid/os/Build;.SUPPORTED_ABIS
10-13 06:26:15.097: W/dalvikvm(18852): VFY: unable to resolve static field 1682 (SUPPORTED_ABIS) in Landroid/os/Build;
10-13 06:26:15.097: D/dalvikvm(18852): VFY: replacing opcode 0x62 at 0x00e2
10-13 06:26:15.098: I/dalvikvm(18852): Could not find method android.app.Notification$Builder.setLocalOnly, referenced from method com.google.android.gms.games.app.PowerUpApplication.onCreate
10-13 06:26:15.098: W/dalvikvm(18852): VFY: unable to resolve virtual method 2265: Landroid/app/Notification$Builder;.setLocalOnly (Z)Landroid/app/Notification$Builder;
10-13 06:26:15.098: D/dalvikvm(18852): VFY: replacing opcode 0x6e at 0x014e
10-13 06:26:15.099: I/dalvikvm(18852): Could not find method android.app.Notification$Builder.setChannelId, referenced from method com.google.android.gms.games.app.PowerUpApplication.onCreate
10-13 06:26:15.099: W/dalvikvm(18852): VFY: unable to resolve virtual method 2250: Landroid/app/Notification$Builder;.setChannelId (Ljava/lang/String;)Landroid/app/Notification$Builder;
10-13 06:26:15.099: D/dalvikvm(18852): VFY: replacing opcode 0x6e at 0x0159
10-13 06:26:15.101: D/dalvikvm(18852): DexOpt: unable to opt direct call 0x08fb at 0x29 in Lcom/google/android/gms/games/app/PowerUpApplication;.onCreate
10-13 06:26:15.101: D/dalvikvm(18852): DexOpt: unable to opt direct call 0x08fb at 0x3a in Lcom/google/android/gms/games/app/PowerUpApplication;.onCreate
10-13 06:26:15.101: D/dalvikvm(18852): DexOpt: unable to opt direct call 0x08fb at 0x4b in Lcom/google/android/gms/games/app/PowerUpApplication;.onCreate
10-13 06:26:15.101: D/dalvikvm(18852): DexOpt: unable to opt direct call 0x08fb at 0x5c in Lcom/google/android/gms/games/app/PowerUpApplication;.onCreate
10-13 06:26:15.102: D/dalvikvm(18852): DexOpt: unable to opt direct call 0x08fb at 0x75 in Lcom/google/android/gms/games/app/PowerUpApplication;.onCreate
10-13 06:26:15.102: D/dalvikvm(18852): DexOpt: unable to opt direct call 0x08fb at 0x86 in Lcom/google/android/gms/games/app/PowerUpApplication;.onCreate
10-13 06:26:15.102: D/dalvikvm(18852): DexOpt: unable to opt direct call 0x08fb at 0x97 in Lcom/google/android/gms/games/app/PowerUpApplication;.onCreate
10-13 06:26:15.103: D/dalvikvm(18852): DexOpt: unable to opt direct call 0x08fb at 0xb1 in Lcom/google/android/gms/games/app/PowerUpApplication;.onCreate
10-13 06:26:15.103: I/dalvikvm(18852): Could not find method android.app.Notification$Builder.setCategory, referenced from method duh.a
10-13 06:26:15.103: W/dalvikvm(18852): VFY: unable to resolve virtual method 2249: Landroid/app/Notification$Builder;.setCategory (Ljava/lang/String;)Landroid/app/Notification$Builder;
10-13 06:26:15.103: D/dalvikvm(18852): VFY: replacing opcode 0x6e at 0x001e
10-13 06:26:15.106: I/dalvikvm(18852): Could not find method android.app.Notification.getChannelId, referenced from method duh.a
10-13 06:26:15.106: W/dalvikvm(18852): VFY: unable to resolve virtual method 2298: Landroid/app/Notification;.getChannelId ()Ljava/lang/String;
10-13 06:26:15.106: D/dalvikvm(18852): VFY: replacing opcode 0x6e at 0x0006
10-13 06:26:15.107: I/dalvikvm(18852): Could not find method android.app.Notification$Builder.setChannelId, referenced from method duh.a
10-13 06:26:15.107: W/dalvikvm(18852): VFY: unable to resolve virtual method 2250: Landroid/app/Notification$Builder;.setChannelId (Ljava/lang/String;)Landroid/app/Notification$Builder;
10-13 06:26:15.107: D/dalvikvm(18852): VFY: replacing opcode 0x6e at 0x0069
10-13 06:26:15.109: I/dalvikvm(18852): Could not find method android.app.Notification$Builder.setCategory, referenced from method duh.a
10-13 06:26:15.109: W/dalvikvm(18852): VFY: unable to resolve virtual method 2249: Landroid/app/Notification$Builder;.setCategory (Ljava/lang/String;)Landroid/app/Notification$Builder;
10-13 06:26:15.109: D/dalvikvm(18852): VFY: replacing opcode 0x6e at 0x0181
10-13 06:26:15.109: I/dalvikvm(18852): Could not find method android.app.Notification$Builder.setChannelId, referenced from method duh.a
10-13 06:26:15.109: W/dalvikvm(18852): VFY: unable to resolve virtual method 2250: Landroid/app/Notification$Builder;.setChannelId (Ljava/lang/String;)Landroid/app/Notification$Builder;
10-13 06:26:15.110: D/dalvikvm(18852): VFY: replacing opcode 0x6e at 0x018c
10-13 06:26:15.110: I/dalvikvm(18852): Could not find method android.app.Notification$Builder.setChannelId, referenced from method duh.a
10-13 06:26:15.110: W/dalvikvm(18852): VFY: unable to resolve virtual method 2250: Landroid/app/Notification$Builder;.setChannelId (Ljava/lang/String;)Landroid/app/Notification$Builder;
10-13 06:26:15.111: D/dalvikvm(18852): VFY: replacing opcode 0x6e at 0x024f
10-13 06:26:15.111: I/dalvikvm(18852): Could not find method android.app.Notification$Builder.setChannelId, referenced from method duh.a
10-13 06:26:15.111: W/dalvikvm(18852): VFY: unable to resolve virtual method 2250: Landroid/app/Notification$Builder;.setChannelId (Ljava/lang/String;)Landroid/app/Notification$Builder;
10-13 06:26:15.111: D/dalvikvm(18852): VFY: replacing opcode 0x6e at 0x0348
10-13 06:26:15.124: I/dalvikvm(18852): Could not find method android.app.Notification$Builder.setChannelId, referenced from method duh.b
10-13 06:26:15.124: W/dalvikvm(18852): VFY: unable to resolve virtual method 2250: Landroid/app/Notification$Builder;.setChannelId (Ljava/lang/String;)Landroid/app/Notification$Builder;
10-13 06:26:15.124: D/dalvikvm(18852): VFY: replacing opcode 0x6e at 0x0144
10-13 06:26:15.131: D/YouTube(18808): apps.youtube.core.transfer.TransferService.onCreate:108 creating transfer service
10-13 06:26:15.140: I/dalvikvm(18852): Could not find method android.content.pm.PackageManager.getPackageInstaller, referenced from method axl.a
10-13 06:26:15.140: W/dalvikvm(18852): VFY: unable to resolve virtual method 2575: Landroid/content/pm/PackageManager;.getPackageInstaller ()Landroid/content/pm/PackageInstaller;
10-13 06:26:15.141: D/dalvikvm(18852): VFY: replacing opcode 0x6e at 0x001c
10-13 06:26:15.146: I/GoogleConversionPing(18808): Ping responded with response code 200
10-13 06:26:15.234: D/dalvikvm(972): GC_EXPLICIT freed 560K, 38% free 16959K/27240K, paused 4ms+8ms, total 79ms
10-13 06:26:15.240: W/WakefulBroadcastReceiver(17725): No active wake lock id #2
10-13 06:26:15.251: I/PmtsSwAccountIntentOp(17772): Processing intent action=android.accounts.LOGIN_ACCOUNTS_CHANGED
10-13 06:26:15.251: I/PmtsSwAccountIntentOp(17772): Device isn't of sufficient API level
10-13 06:26:15.254: I/ActivityManager(972): Killing 18646:com.android.exchange/u0a56 (adj 15): empty #9
10-13 06:26:15.256: W/ContextImpl(1243): Calling a method in the system process without a qualified user: android.app.ContextImpl.sendBroadcast:1244 android.content.ContextWrapper.sendBroadcast:365 com.motorola.motocare.util.TriggerHelper$TriggerBuilder.send:76 com.motorola.motocare.internal.frameworkevents.ProcessKillTrigger.sendTrigger:147 com.motorola.motocare.internal.frameworkevents.ProcessKillTrigger.handleFrameworkEvent:164 
10-13 06:26:15.261: I/HeterodyneSyncScheduler(17758): Scheduling Phenotype for a PhenotypeSyncImmediately(5, null) one off with window [1, 2] in seconds
10-13 06:26:15.276: I/dalvikvm(17758): Could not find method android.os.UserManager.isManagedProfile, referenced from method acpb.d
10-13 06:26:15.276: W/dalvikvm(17758): VFY: unable to resolve virtual method 12859: Landroid/os/UserManager;.isManagedProfile ()Z
10-13 06:26:15.276: D/dalvikvm(17758): VFY: replacing opcode 0x6e at 0x000b
10-13 06:26:15.278: I/ActivityManager(972): Start proc com.android.vending for broadcast com.android.vending/.MarketWidgetProvider: pid=18884 uid=10035 gids={50035, 3003, 1028, 1015}
10-13 06:26:15.334: I/ActivityManager(972): Killing 18006:com.google.android.music:main/u0a74 (adj 15): empty #9
10-13 06:26:15.335: W/ContextImpl(1243): Calling a method in the system process without a qualified user: android.app.ContextImpl.sendBroadcast:1244 android.content.ContextWrapper.sendBroadcast:365 com.motorola.motocare.util.TriggerHelper$TriggerBuilder.send:76 com.motorola.motocare.internal.frameworkevents.ProcessKillTrigger.sendTrigger:147 com.motorola.motocare.internal.frameworkevents.ProcessKillTrigger.handleFrameworkEvent:164 
10-13 06:26:15.352: W/ActivityManager(972): Service ServiceRecord{438175a8 u0 com.google.android.music/.net.NetworkMonitor} in process ProcessRecord{42f1cab0 18006:com.google.android.music:main/u0a74} not same as in map: null
10-13 06:26:15.352: W/ActivityManager(972): Service ServiceRecord{4302bac8 u0 com.google.android.music/.preferences.MusicPreferenceService$MusicPreferenceServiceBinder} in process ProcessRecord{42f1cab0 18006:com.google.android.music:main/u0a74} not same as in map: null
10-13 06:26:15.366: I/GamesSyncAdapter PII_LOG(17772): Sync duration for 4A2NI7OQOTX46RNLLDCZ5QQEKA-00@cloudtestlabaccounts.com: 1307
10-13 06:26:15.366: I/GamesSyncAdapter(17772): Sync duration for 7f7c3bdb: 1307
10-13 06:26:15.372: W/GamesServiceBroker(17772): Client connected with SDK 11411000, Services 11509030, and Games 52250030
10-13 06:26:15.380: D/SyncManager(972): handleSyncHandlerMessage: dropping since the sync is no longer active: startTime 152140829, mTimeoutStartTime 152140829, mHistoryRowId 5, syncOperation 4A2NI7OQOTX46RNLLDCZ5QQEKA-00@cloudtestlabaccounts.com u0 (com.google), com.google.android.gms.games.background, SERVER, latestRunTime 152140779, reason: AutoSync
10-13 06:26:15.409: D/Finsky(18884): [1] FinskyApp.onCreate: Initializing network with DFE https://android.clients.google.com/fdfe/
10-13 06:26:15.463: D/Finsky(18884): [1] DailyHygiene.goMakeHygieneIfDirty: Dirty, need more hygiene.
10-13 06:26:15.480: W/Settings(18884): Setting download_manager_max_bytes_over_mobile has moved from android.provider.Settings.Secure to android.provider.Settings.Global.
10-13 06:26:15.481: W/Settings(18884): Setting download_manager_recommended_max_bytes_over_mobile has moved from android.provider.Settings.Secure to android.provider.Settings.Global.
10-13 06:26:15.507: I/ActivityManager(972): Start proc android.process.media for content provider com.android.providers.downloads/.DownloadProvider: pid=18919 uid=10015 gids={50015, 1028, 1015, 1023, 1024, 2001, 3003, 3007}
10-13 06:26:15.512: D/Finsky(18884): [1] BaseWidgetProvider.onReceive: Received ACTION_APPWIDGET_UPDATE, updating 0 widgets.
10-13 06:26:15.522: D/Finsky(18884): [1] 2.run: Loaded library for account: [kQDN-dxCel_N0rHZYP1Y1D5t2ac]
10-13 06:26:15.523: D/Finsky(18884): [1] 2.run: Finished loading 1 libraries.
10-13 06:26:15.526: D/Finsky(18884): [1] BaseWidgetProvider.onReceive: Received ACTION_APPWIDGET_UPDATE, updating 0 widgets.
10-13 06:26:15.529: D/Finsky(18884): [1] BaseWidgetProvider.onReceive: Received ACTION_APPWIDGET_UPDATE, updating 0 widgets.
10-13 06:26:15.535: I/dalvikvm(18919): DexOpt: not all deps represented
10-13 06:26:15.535: E/dalvikvm(18919): /system/framework/com.motorola.android.encryption.jar odex has stale dependencies
10-13 06:26:15.536: I/dalvikvm(18919): DexOpt: not all deps represented
10-13 06:26:15.536: E/dalvikvm(18919): /system/priv-app/DownloadProvider.apk odex has stale dependencies
10-13 06:26:15.539: I/ActivityManager(972): Start proc com.google.android.googlequicksearchbox:search for broadcast com.google.android.googlequicksearchbox/com.google.android.apps.sidekick.widget.PredictiveCardsWidgetProvider: pid=18932 uid=10039 gids={50039, 3003, 1028, 3002, 1015}
10-13 06:26:15.540: I/ActivityManager(972): Killing 18690:com.google.android.syncadapters.calendar/u0a60 (adj 15): empty #9
10-13 06:26:15.540: I/ActivityManager(972): Killing 18667:com.google.android.gm/u0a59 (adj 15): empty #10
10-13 06:26:15.541: W/ContextImpl(1243): Calling a method in the system process without a qualified user: android.app.ContextImpl.sendBroadcast:1244 android.content.ContextWrapper.sendBroadcast:365 com.motorola.motocare.util.TriggerHelper$TriggerBuilder.send:76 com.motorola.motocare.internal.frameworkevents.ProcessKillTrigger.sendTrigger:147 com.motorola.motocare.internal.frameworkevents.ProcessKillTrigger.handleFrameworkEvent:164 
10-13 06:26:15.543: W/ContextImpl(1243): Calling a method in the system process without a qualified user: android.app.ContextImpl.sendBroadcast:1244 android.content.ContextWrapper.sendBroadcast:365 com.motorola.motocare.util.TriggerHelper$TriggerBuilder.send:76 com.motorola.motocare.internal.frameworkevents.ProcessKillTrigger.sendTrigger:147 com.motorola.motocare.internal.frameworkevents.ProcessKillTrigger.handleFrameworkEvent:164 
10-13 06:26:15.563: I/dalvikvm(18919): DexOpt: not all deps represented
10-13 06:26:15.563: E/dalvikvm(18919): /system/priv-app/MediaProvider.apk odex has stale dependencies
10-13 06:26:15.618: I/ActivityManager(972): Start proc com.android.email for broadcast com.android.email/.provider.WidgetProvider: pid=18946 uid=10055 gids={50055, 3003, 1028, 1015}
10-13 06:26:15.635: D/dalvikvm(18919): No JNI_OnLoad found in /system/lib/libcryptomodes-jni.so 0x426c74d0, skipping init
10-13 06:26:15.636: I/openssl(18919): Crypto mode not selected, openssl will run on its regular mode.
10-13 06:26:15.636: I/openssl(18919): Crypto mode 0 already enabled
10-13 06:26:15.639: D/Finsky(18884): [1] GmsCoreHelper.cleanupNlp: result=false type=4
10-13 06:26:15.642: I/dalvikvm(18946): DexOpt: not all deps represented
10-13 06:26:15.642: E/dalvikvm(18946): /system/framework/com.motorola.android.encryption.jar odex has stale dependencies
10-13 06:26:15.643: I/dalvikvm(18946): DexOpt: not all deps represented
10-13 06:26:15.643: E/dalvikvm(18946): /system/app/Email.apk odex has stale dependencies
10-13 06:26:15.655: D/Finsky(18884): [1] RestoreTracker.stopServiceIfDone: Restore complete with 0 success and 0 failed.
10-13 06:26:15.661: I/ActivityManager(972): Killing 18707:com.google.android.talk/u0a64 (adj 15): empty #9
10-13 06:26:15.663: W/ContextImpl(1243): Calling a method in the system process without a qualified user: android.app.ContextImpl.sendBroadcast:1244 android.content.ContextWrapper.sendBroadcast:365 com.motorola.motocare.util.TriggerHelper$TriggerBuilder.send:76 com.motorola.motocare.internal.frameworkevents.ProcessKillTrigger.sendTrigger:147 com.motorola.motocare.internal.frameworkevents.ProcessKillTrigger.handleFrameworkEvent:164 
10-13 06:26:15.680: D/ActivityThread(18946): Loading provider com.android.email.provider;com.android.email.notifier: com.android.email.provider.EmailProvider
10-13 06:26:15.699: D/dalvikvm(18946): No JNI_OnLoad found in /system/lib/libcryptomodes-jni.so 0x426ca618, skipping init
10-13 06:26:15.699: I/com.android.email.cryptography.CryptographicModeHelper(18946): Cryptographic modes supported!
10-13 06:26:15.699: I/openssl(18946): Crypto mode not selected, openssl will run on its regular mode.
10-13 06:26:15.699: I/openssl(18946): Crypto mode 0 already enabled
10-13 06:26:15.706: I/ActivityManager(972): Killing 18731:com.android.providers.calendar/u0a5 (adj 15): empty #9
10-13 06:26:15.709: W/ContextImpl(1243): Calling a method in the system process without a qualified user: android.app.ContextImpl.sendBroadcast:1244 android.content.ContextWrapper.sendBroadcast:365 com.motorola.motocare.util.TriggerHelper$TriggerBuilder.send:76 com.motorola.motocare.internal.frameworkevents.ProcessKillTrigger.sendTrigger:147 com.motorola.motocare.internal.frameworkevents.ProcessKillTrigger.handleFrameworkEvent:164 
10-13 06:26:15.734: I/ActivityManager(972): Start proc com.google.android.apps.docs for broadcast com.google.android.apps.docs/.receivers.AppPackageAddRemoveReceiver: pid=18972 uid=10054 gids={50054, 3003, 1028, 1015}
10-13 06:26:15.769: W/ActivityManager(972): Unable to start service Intent { cmp=com.android.email/.service.AttachmentDownloadService } U=0: not found
10-13 06:26:15.796: I/Email(18946): Observing account changes for notifications
10-13 06:26:15.820: W/ActivityManager(972): Unable to start service Intent { cmp=com.android.email/.service.AttachmentDownloadService } U=0: not found
10-13 06:26:15.852: E/dalvikvm(18972): Could not find class 'com.google.trix.ritz.shared.messages.b', referenced from method bgi.<init>
10-13 06:26:15.852: W/dalvikvm(18972): VFY: unable to resolve new-instance 6831 (Lcom/google/trix/ritz/shared/messages/b;) in Lbgi;
10-13 06:26:15.852: D/dalvikvm(18972): VFY: replacing opcode 0x22 at 0x039e
10-13 06:26:15.852: E/dalvikvm(18972): Could not find class 'com.google.trix.ritz.shared.render.g', referenced from method bgi.<init>
10-13 06:26:15.852: W/dalvikvm(18972): VFY: unable to resolve new-instance 6951 (Lcom/google/trix/ritz/shared/render/g;) in Lbgi;
10-13 06:26:15.852: D/dalvikvm(18972): VFY: replacing opcode 0x22 at 0x03ad
10-13 06:26:15.856: E/dalvikvm(18972): Could not find class 'com.google.trix.ritz.shared.behavior.validation.a', referenced from method bgi.<init>
10-13 06:26:15.856: W/dalvikvm(18972): VFY: unable to resolve new-instance 6811 (Lcom/google/trix/ritz/shared/behavior/validation/a;) in Lbgi;
10-13 06:26:15.856: D/dalvikvm(18972): VFY: replacing opcode 0x22 at 0x059c
10-13 06:26:15.858: E/dalvikvm(18972): Could not find class 'com.google.trix.ritz.shared.mutation.N', referenced from method bgi.<init>
10-13 06:26:15.858: W/dalvikvm(18972): VFY: unable to resolve new-instance 6918 (Lcom/google/trix/ritz/shared/mutation/N;) in Lbgi;
10-13 06:26:15.858: D/dalvikvm(18972): VFY: replacing opcode 0x22 at 0x074f
10-13 06:26:15.863: D/dalvikvm(18972): DexOpt: unable to opt direct call 0xa76b at 0x3a0 in Lbgi;.<init>
10-13 06:26:15.863: D/dalvikvm(18972): DexOpt: unable to opt direct call 0xa899 at 0x3af in Lbgi;.<init>
10-13 06:26:15.864: D/dalvikvm(18972): DexOpt: unable to opt direct call 0xa74a at 0x59e in Lbgi;.<init>
10-13 06:26:15.864: D/dalvikvm(18972): DexOpt: unable to opt direct call 0xa851 at 0x751 in Lbgi;.<init>
10-13 06:26:15.893: W/dalvikvm(18972): method Lcom/google/android/apps/docs/editors/toolbar/PreHoneyCombActionBar;.a incorrectly overrides package-private method with same name in LafT;
10-13 06:26:15.893: W/dalvikvm(18972): method Lcom/google/android/apps/docs/editors/toolbar/PreHoneyCombActionBar;.b incorrectly overrides package-private method with same name in LafT;
10-13 06:26:15.927: D/WifiStateMachine(972): handleMessage: E msg.what=151572
10-13 06:26:15.927: D/WifiStateMachine(972): processMsg: ConnectedState
10-13 06:26:15.927: D/WifiStateMachine(972): processMsg: L2ConnectedState
10-13 06:26:15.934: W/dalvikvm(18972): VFY: unable to resolve instance field 51264
10-13 06:26:15.934: D/dalvikvm(18972): VFY: replacing opcode 0x54 at 0x001e
10-13 06:26:15.944: D/WifiStateMachine(972): handleMessage: X
10-13 06:26:15.965: D/AndroidRuntime(18969): >>>>>> AndroidRuntime START com.android.internal.os.RuntimeInit <<<<<<
10-13 06:26:15.967: D/AndroidRuntime(18969): CheckJNI is OFF
10-13 06:26:15.976: I/dalvikvm(18969): DexOpt: not all deps represented
10-13 06:26:15.976: E/dalvikvm(18969): /system/framework/qcmediaplayer.jar odex has stale dependencies
10-13 06:26:15.982: D/dalvikvm(18969): Trying to load lib libjavacore.so 0x0
10-13 06:26:15.985: D/dalvikvm(18969): Added shared lib libjavacore.so 0x0
10-13 06:26:15.990: D/dalvikvm(18969): Trying to load lib libnativehelper.so 0x0
10-13 06:26:15.990: D/dalvikvm(18969): Added shared lib libnativehelper.so 0x0
10-13 06:26:15.990: D/dalvikvm(18969): No JNI_OnLoad found in libnativehelper.so 0x0, skipping init
10-13 06:26:16.004: I/dalvikvm(18969): DexOpt: not all deps represented
10-13 06:26:16.004: E/dalvikvm(18969): /system/framework/pm.jar odex has stale dependencies
10-13 06:26:16.025: D/dalvikvm(18969): Note: class Landroid/app/ActivityManagerNative; has 181 unimplemented (abstract) methods
10-13 06:26:16.145: W/ActiveOrDefaultContextProvider(18972): Missing scope.enter somewhere. Returning default context
10-13 06:26:16.157: W/ActiveOrDefaultContextProvider(18972): Missing scope.enter somewhere. Returning default context
10-13 06:26:16.158: W/ActiveOrDefaultContextProvider(18972): Missing scope.enter somewhere. Returning default context
10-13 06:26:16.178: E/memtrack(18969): Couldn't load memtrack module (No such file or directory)
10-13 06:26:16.178: E/android.os.Debug(18969): failed to load memtrack module: -2
10-13 06:26:16.234: D/AndroidRuntime(18969): Calling main entry com.android.commands.pm.Pm
10-13 06:26:16.236: W/GAV2(18972): Thread[main,5,main]: Need to call initialize() and be in fallback mode to start dispatch.
10-13 06:26:16.238: I/ActivityManager(972): Start proc com.google.android.gm for broadcast com.google.android.gm/.MailIntentReceiver: pid=19001 uid=10059 gids={50059, 3003, 1028, 1015}
10-13 06:26:16.248: I/ActivityManager(972): Start proc com.android.defcontainer for service com.android.defcontainer/.DefaultContainerService: pid=19016 uid=10010 gids={50010, 1028, 1015, 1023, 2001, 1035}
10-13 06:26:16.269: I/dalvikvm(19016): DexOpt: not all deps represented
10-13 06:26:16.269: E/dalvikvm(19016): /system/priv-app/DefaultContainerService.apk odex has stale dependencies
10-13 06:26:16.296: D/ActivityThread(19001): Loading provider com.android.gmail.ui: com.google.android.gm.provider.GmailProvider
10-13 06:26:16.322: W/ActivityManager(972): No content provider found for permission revoke: file:///data/local/tmp/app2961416925329264644.apk
10-13 06:26:16.328: I/SFPerfTracer(273):      triggers: (rate: 0:251) (compose: 0:11) (post: 0:1) (render: 0:8) (0:999 frames) (1:8046)
10-13 06:26:16.328: D/SFPerfTracer(273):        layers: (3:9) (DimLayer: 0:26)* (FocusedStackFrame: 0:14)* (StatusBar: 1:4292) (NavigationBar: 0:54) (com.android.systemui.ImageWallpaper: 0:60)* (com.google.android.apps.mtaas.backdrop/com.google.android.apps.mtaas.backdrop.BackdropActivity: 0:35) 
10-13 06:26:16.378: W/GAV2(19001): Thread[main,5,main]: Need to call initialize() and be in fallback mode to start dispatch.
10-13 06:26:16.396: W/ActivityManager(972): No content provider found for permission revoke: file:///data/local/tmp/app2961416925329264644.apk
10-13 06:26:16.398: I/PackageManager(972): Copying native libraries to /data/app-lib/vmdl-2074277150
10-13 06:26:16.398: V/GCMBroadcastReceiver(18884): onReceive: com.google.android.c2dm.intent.REGISTRATION
10-13 06:26:16.398: V/GCMBroadcastReceiver(18884): GCM IntentService class: com.android.vending.GCMIntentService
10-13 06:26:16.399: V/GCMBaseIntentService(18884): Acquiring wakelock
10-13 06:26:16.402: V/GCMBaseIntentService(18884): Intent service name: GCMIntentService-932144863878-1
10-13 06:26:16.405: E/GCMRegistrar(18884): internal error: retry receiver class not set yet
10-13 06:26:16.405: V/GCMRegistrar(18884): Registering receiver
10-13 06:26:16.405: I/Icing(17772): IndexChimeraService.getServiceInterface callingPackage=com.google.android.gm componentName=null serviceId=21
10-13 06:26:16.406: D/GCMBaseIntentService(18884): handleRegistration: registrationId = APA91bEVKlnKfuZv2LRL8QkfyJhE64KNRi7dl5wh4NBDnz0_-7MOPI5mGRePpsUuHruhy3RkUhgWuf25HyfQQ1nnprF8U2jOui2XQlM6CKjW30mZAwEC6a1D7KzgR48Q1jLogFR-rTnY, error = null, unregistered = null
10-13 06:26:16.406: D/GCMRegistrar(18884): resetting backoff for com.android.vending
10-13 06:26:16.409: V/GCMRegistrar(18884): Saving regId on app version 80240022
10-13 06:26:16.413: V/GCMBaseIntentService(18884): Releasing wakelock
10-13 06:26:16.414: D/Finsky(18884): [1] GcmRegistrationIdHelper.uploadIfNotRegistered: Uploading GcmRegistration Id because not registered yet
10-13 06:26:16.423: I/ActivityManager(972): Start proc com.android.calendar for broadcast com.android.calendar/.alerts.AlertReceiver: pid=19047 uid=10004 gids={50004, 3003}
10-13 06:26:16.437: I/ActivityManager(972): Killing 18718:android.process.acore/u0a7 (adj 15): empty #9
10-13 06:26:16.445: W/ContextImpl(1243): Calling a method in the system process without a qualified user: android.app.ContextImpl.sendBroadcast:1244 android.content.ContextWrapper.sendBroadcast:365 com.motorola.motocare.util.TriggerHelper$TriggerBuilder.send:76 com.motorola.motocare.internal.frameworkevents.ProcessKillTrigger.sendTrigger:147 com.motorola.motocare.internal.frameworkevents.ProcessKillTrigger.handleFrameworkEvent:164 
10-13 06:26:16.456: I/Icing(17772): Usage reports 0 indexed 0 rejected 0 imm upload false
10-13 06:26:16.463: V/AlarmManager(972): sending alarm Alarm{42e45210 type 0 com.android.vending}
10-13 06:26:16.463: W/ActivityManager(972): Unable to start service Intent { flg=0x4 cmp=com.android.vending/com.google.android.finsky.services.DailyHygiene (has extras) } U=0: not found
10-13 06:26:16.465: I/dalvikvm(19047): DexOpt: not all deps represented
10-13 06:26:16.465: E/dalvikvm(19047): /system/priv-app/Calendar.apk odex has stale dependencies
10-13 06:26:16.474: W/PackageParser(972): Unknown element under <manifest>: meta-data at /data/app/vmdl-2074277150.tmp Binary XML file line #60
10-13 06:26:16.487: D/ExtensionsFactory(19047): No custom extensions.
10-13 06:26:16.489: D/AlertReceiver(19047): onReceive: a=android.intent.action.PROVIDER_CHANGED Intent { act=android.intent.action.PROVIDER_CHANGED dat=content://com.android.calendar flg=0x10 cmp=com.android.calendar/.alerts.AlertReceiver }
10-13 06:26:16.497: D/AlertService(19047): 0 Action = android.intent.action.PROVIDER_CHANGED
10-13 06:26:16.517: I/ActivityManager(972): Start proc com.android.providers.calendar for content provider com.android.providers.calendar/.CalendarProvider2: pid=19071 uid=10005 gids={50005, 3003, 1028, 1015}
10-13 06:26:16.531: I/IcingInternalCorpora(17772): Received calendar change notification.
10-13 06:26:16.543: I/dalvikvm(19071): DexOpt: not all deps represented
10-13 06:26:16.543: E/dalvikvm(19071): /system/framework/android.test.runner.jar odex has stale dependencies
10-13 06:26:16.544: I/dalvikvm(19071): DexOpt: not all deps represented
10-13 06:26:16.544: E/dalvikvm(19071): /system/priv-app/CalendarProvider.apk odex has stale dependencies
