10-13 06:26:16.559: E/dalvikvm(17772): Could not find class 'android.telephony.SubscriptionManager', referenced from method com.google.android.gms.checkin.CheckinChimeraService.c
10-13 06:26:16.559: W/dalvikvm(17772): VFY: unable to resolve check-cast 1221 (Landroid/telephony/SubscriptionManager;) in Lcom/google/android/gms/checkin/CheckinChimeraService;
10-13 06:26:16.559: D/dalvikvm(17772): VFY: replacing opcode 0x1f at 0x000e
10-13 06:26:16.579: I/CalendarProvider2(19071): Created com.android.providers.calendar.CalendarAlarmManager@426e0df0(com.android.providers.calendar.CalendarProvider2@426d89b0)
10-13 06:26:16.586: I/CheckinChimeraService(17772): android.os.VintfObject class not found : android.os.VintfObject
10-13 06:26:16.601: D/dalvikvm(17772): DexOpt: couldn't find field Landroid/os/Message;.sendingUid
10-13 06:26:16.601: W/dalvikvm(17772): VFY: unable to resolve instance field 7040
10-13 06:26:16.601: D/dalvikvm(17772): VFY: replacing opcode 0x52 at 0x0002
10-13 06:26:16.630: I/CheckinCompat(17772): Disabling old GoogleServicesFramework version
10-13 06:26:16.681: W/ConfigurationChimeraProvider(17758): Got null configs for com.google.android.gms.mdm
10-13 06:26:16.687: I/EventLogChimeraService(17772): Accumulating logs since 1507900504282
10-13 06:26:16.700: I/dalvikvm(17772): Could not find method android.app.admin.DevicePolicyManager.isProfileOwnerApp, referenced from method aasz.c
10-13 06:26:16.700: W/dalvikvm(17772): VFY: unable to resolve virtual method 11550: Landroid/app/admin/DevicePolicyManager;.isProfileOwnerApp (Ljava/lang/String;)Z
10-13 06:26:16.700: D/dalvikvm(17772): VFY: replacing opcode 0x6e at 0x0015
10-13 06:26:16.756: D/dalvikvm(17772): GC_CONCURRENT freed 1801K, 29% free 12228K/17180K, paused 3ms+5ms, total 41ms
10-13 06:26:16.758: D/dalvikvm(972): GC_CONCURRENT freed 1162K, 35% free 17844K/27240K, paused 4ms+7ms, total 82ms
10-13 06:26:16.759: D/dalvikvm(972): WAIT_FOR_CONCURRENT_GC blocked 54ms
10-13 06:26:16.760: D/dalvikvm(972): WAIT_FOR_CONCURRENT_GC blocked 79ms
10-13 06:26:16.855: D/dalvikvm(972): GC_EXPLICIT freed 1084K, 33% free 18317K/27240K, paused 5ms+13ms, total 93ms
10-13 06:26:16.866: D/Finsky(18884): [1] BaseWidgetProvider.onReceive: Received ACTION_APPWIDGET_UPDATE, updating 0 widgets.
10-13 06:26:16.868: I/Authzen(17758): [AccountChangeProcessingIntentOperation] Received onHandleIntent() call: Intent { act=com.google.android.gms.auth.GOOGLE_ACCOUNT_CHANGE cat=[com.google.android.gms.auth.category.ACCOUNT_ADDED] flg=0x10 cmp=com.google.android.gms/.chimera.GmsIntentOperationService$PersistentInternalReceiver (has extras) }
10-13 06:26:16.868: D/Finsky(18884): [1] BaseWidgetProvider.onReceive: Received ACTION_APPWIDGET_UPDATE, updating 0 widgets.
10-13 06:26:16.869: I/Authzen(17758): [AccountChangeProcessingIntentOperation] Handling added account: <ELLIDED:-1085017779>
10-13 06:26:16.870: I/dalvikvm(17772): Could not find method android.os.PowerManager.isInteractive, referenced from method jsi.a
10-13 06:26:16.870: W/dalvikvm(17772): VFY: unable to resolve virtual method 4659: Landroid/os/PowerManager;.isInteractive ()Z
10-13 06:26:16.870: D/dalvikvm(17772): VFY: replacing opcode 0x6e at 0x0006
10-13 06:26:16.873: I/GCoreUlr(17758): Starting service, intent=Intent { act=com.google.android.location.reporting.ACTION_UPDATE_WORLD cmp=com.google.android.gms/com.google.android.location.reporting.service.DispatchingService (has extras) }, extras=Bundle[{receiverAction=com.google.android.gms.auth.GOOGLE_ACCOUNT_CHANGE, accountsAdded=[Account {name=4A2NI7OQOTX46RNLLDCZ5QQEKA-00@cloudtestlabaccounts.com, type=com.google}]}]
10-13 06:26:16.874: I/dalvikvm(17772): Could not find method android.content.Context.getSystemService, referenced from method ebe.f
10-13 06:26:16.874: W/dalvikvm(17772): VFY: unable to resolve virtual method 3438: Landroid/content/Context;.getSystemService (Ljava/lang/Class;)Ljava/lang/Object;
10-13 06:26:16.874: D/dalvikvm(17772): VFY: replacing opcode 0x6e at 0x0005
10-13 06:26:16.875: W/dalvikvm(17772): VFY: unable to find class referenced in signature (Landroid/service/persistentdata/PersistentDataBlockManager;)
10-13 06:26:16.876: E/dalvikvm(17772): Could not find class 'android.service.persistentdata.PersistentDataBlockManager', referenced from method ebd.a
10-13 06:26:16.876: W/dalvikvm(17772): VFY: unable to resolve check-cast 1144 (Landroid/service/persistentdata/PersistentDataBlockManager;) in Lebd;
10-13 06:26:16.876: D/dalvikvm(17772): VFY: replacing opcode 0x1f at 0x001f
10-13 06:26:16.877: W/dalvikvm(17772): VFY: unable to find class referenced in signature (Landroid/service/persistentdata/PersistentDataBlockManager;)
10-13 06:26:16.879: I/dalvikvm(17772): Could not find method android.service.persistentdata.PersistentDataBlockManager.getMaximumDataBlockSize, referenced from method ebd.a
10-13 06:26:16.879: W/dalvikvm(17772): VFY: unable to resolve virtual method 4729: Landroid/service/persistentdata/PersistentDataBlockManager;.getMaximumDataBlockSize ()J
10-13 06:26:16.879: D/dalvikvm(17772): VFY: replacing opcode 0x6e at 0x0023
10-13 06:26:16.882: I/dalvikvm(17772): Could not find method android.service.persistentdata.PersistentDataBlockManager.read, referenced from method ebd.b
10-13 06:26:16.882: W/dalvikvm(17772): VFY: unable to resolve virtual method 4730: Landroid/service/persistentdata/PersistentDataBlockManager;.read ()[B
10-13 06:26:16.882: D/dalvikvm(17772): VFY: replacing opcode 0x6e at 0x000e
10-13 06:26:16.896: D/Finsky(18884): [1] BaseWidgetProvider.onReceive: Received ACTION_APPWIDGET_UPDATE, updating 0 widgets.
10-13 06:26:16.928: D/WifiStateMachine(972): handleMessage: E msg.what=151572
10-13 06:26:16.928: D/WifiStateMachine(972): processMsg: ConnectedState
10-13 06:26:16.928: D/WifiStateMachine(972): processMsg: L2ConnectedState
10-13 06:26:16.931: W/dalvikvm(17758): VFY: unable to find class referenced in signature (Landroid/net/Network;)
10-13 06:26:16.938: I/ActivityManager(972): Start proc com.google.android.music:main for broadcast com.google.android.music/.leanback.AutoCacheSchedulingService$EnablingReceiver: pid=19096 uid=10074 gids={50074, 3003, 1028, 1015}
10-13 06:26:16.943: I/dalvikvm(17758): Could not find method android.net.Network.openConnection, referenced from method quq.a
10-13 06:26:16.943: W/dalvikvm(17758): VFY: unable to resolve virtual method 12401: Landroid/net/Network;.openConnection (Ljava/net/URL;)Ljava/net/URLConnection;
10-13 06:26:16.943: D/dalvikvm(17758): VFY: replacing opcode 0x6e at 0x00ab
10-13 06:26:16.944: D/WifiStateMachine(972): handleMessage: X
10-13 06:26:16.946: I/GoogleURLConnFactory(17758): Using platform SSLCertificateSocketFactory
10-13 06:26:16.955: D/dalvikvm(274): GC_EXPLICIT freed 43K, 48% free 8969K/17180K, paused 2ms+3ms, total 22ms
10-13 06:26:16.958: E/BaseAppContext(17758): Tried to stop global GMSCore RequestQueue. This is likely unintended, so ignoring.
10-13 06:26:16.969: I/Authzen(17758): [SyncManager] Sync requested for event 100, account 4A2NI7OQOTX46RNLLDCZ5QQEKA-00@cloudtestlabaccounts.com, and components 3, with reason 7
10-13 06:26:16.969: I/Authzen(17758): [SyncManager] Triggering AuthZen registration...
10-13 06:26:16.989: D/dalvikvm(274): GC_EXPLICIT freed <1K, 48% free 8969K/17180K, paused 2ms+3ms, total 19ms
10-13 06:26:16.990: I/Authzen(17758): [RegistrationManager] Fetching signing key...
10-13 06:26:16.990: D/dalvikvm(17758): GC_CONCURRENT freed 1690K, 28% free 12436K/17180K, paused 5ms+7ms, total 58ms
10-13 06:26:17.007: D/dalvikvm(274): GC_EXPLICIT freed <1K, 48% free 8969K/17180K, paused 1ms+3ms, total 18ms
10-13 06:26:17.014: I/MusicStore(19096): Database version: 72
10-13 06:26:17.021: W/ContextImpl(19096): Implicit intents with startService are not safe: Intent { act=com.google.android.music.PREFERENCE_SERVICE } android.content.ContextWrapper.bindService:517 com.google.android.music.utils.SafeServiceConnection$ServiceConnectionImp.bindService:98 com.google.android.music.utils.SafeServiceConnection.bindService:259 
10-13 06:26:17.036: W/ContextImpl(19096): Implicit intents with startService are not safe: Intent { act=com.google.android.music.NETWORK_MONITOR_SERVICE } android.content.ContextWrapper.bindService:517 com.google.android.music.utils.SafeServiceConnection$ServiceConnectionImp.bindService:98 com.google.android.music.utils.SafeServiceConnection.bindService:259 
10-13 06:26:17.065: I/MediaRouter(19096): Found default route: MediaRouter.RouteInfo{ uniqueId=android:DEFAULT_ROUTE, name=Auriculares, description=null, enabled=true, connecting=false, playbackType=0, playbackStream=3, volumeHandling=1, volume=10, volumeMax=15, presentationDisplayId=-1, extras=null, providerPackageName=android }
10-13 06:26:17.101: W/ContextImpl(19096): Implicit intents with startService are not safe: Intent { act=com.google.android.music.NETWORK_MONITOR_SERVICE } android.content.ContextWrapper.bindService:517 com.google.android.music.utils.SafeServiceConnection$ServiceConnectionImp.bindService:98 com.google.android.music.utils.SafeServiceConnection.bindService:259 
10-13 06:26:17.109: I/ConfigStore(19096): Config Database version: 1
10-13 06:26:17.117: D/WifiStateMachine(972): handleMessage: E msg.what=131155
10-13 06:26:17.117: D/WifiStateMachine(972): processMsg: ConnectedState
10-13 06:26:17.117: D/WifiStateMachine(972): processMsg: L2ConnectedState
10-13 06:26:17.119: D/WifiStateMachine(972): handleMessage: X
10-13 06:26:17.131: I/MusicLeanback(19096): Stop autocaching.
10-13 06:26:17.140: W/ContextImpl(19096): Implicit intents with startService are not safe: Intent { act=com.google.android.music.NETWORK_MONITOR_SERVICE } android.content.ContextWrapper.bindService:517 com.google.android.music.utils.SafeServiceConnection$ServiceConnectionImp.bindService:98 com.google.android.music.utils.SafeServiceConnection.bindService:259 
10-13 06:26:17.168: D/dalvikvm(17725): GC_EXPLICIT freed 305K, 32% free 11694K/17180K, paused 2ms+7ms, total 56ms
10-13 06:26:17.225: I/Authzen(17758): [KeyService] Creating new signing Keys for handle: device_key
10-13 06:26:17.230: I/Authzen(17758): [SqliteKeyStorage] Adding new credential
10-13 06:26:17.239: D/dalvikvm(972): GC_CONCURRENT freed 1485K, 30% free 19177K/27240K, paused 3ms+7ms, total 87ms
10-13 06:26:17.239: D/dalvikvm(972): WAIT_FOR_CONCURRENT_GC blocked 70ms
10-13 06:26:17.239: D/dalvikvm(972): WAIT_FOR_CONCURRENT_GC blocked 61ms
10-13 06:26:17.239: D/dalvikvm(972): WAIT_FOR_CONCURRENT_GC blocked 57ms
10-13 06:26:17.240: D/dalvikvm(972): WAIT_FOR_CONCURRENT_GC blocked 70ms
10-13 06:26:17.240: D/dalvikvm(972): WAIT_FOR_CONCURRENT_GC blocked 57ms
10-13 06:26:17.240: D/dalvikvm(972): WAIT_FOR_CONCURRENT_GC blocked 52ms
10-13 06:26:17.240: D/dalvikvm(972): WAIT_FOR_CONCURRENT_GC blocked 41ms
10-13 06:26:17.241: D/dalvikvm(972): WAIT_FOR_CONCURRENT_GC blocked 64ms
10-13 06:26:17.241: D/dalvikvm(972): WAIT_FOR_CONCURRENT_GC blocked 63ms
10-13 06:26:17.248: I/dalvikvm(17772): Could not find method android.content.Context.getNoBackupFilesDir, referenced from method sen.<init>
10-13 06:26:17.252: W/dalvikvm(17772): VFY: unable to resolve virtual method 11781: Landroid/content/Context;.getNoBackupFilesDir ()Ljava/io/File;
10-13 06:26:17.252: D/dalvikvm(17772): VFY: replacing opcode 0x6e at 0x0028
10-13 06:26:17.257: I/MusicLeanback(19096): Stop autocaching.
10-13 06:26:17.265: D/AlertReceiver(19047): onReceive: a=android.intent.action.PROVIDER_CHANGED Intent { act=android.intent.action.PROVIDER_CHANGED dat=content://com.android.calendar flg=0x10 cmp=com.android.calendar/.alerts.AlertReceiver }
10-13 06:26:17.273: D/CacheService(19096): onCreate
10-13 06:26:17.298: I/GCoreUlr(17758): WorldUpdater received intent Intent { act=com.google.android.location.reporting.ACTION_UPDATE_WORLD cmp=com.google.android.gms/com.google.android.location.reporting.service.DispatchingService (has extras) } with receiverAction com.google.android.gms.auth.GOOGLE_ACCOUNT_CHANGE
10-13 06:26:17.302: W/dalvikvm(17772): VFY: unable to find class referenced in signature (Landroid/net/Network;)
10-13 06:26:17.304: W/dalvikvm(17772): VFY: unable to find class referenced in signature (Landroid/net/Network;)
10-13 06:26:17.305: W/dalvikvm(17772): VFY: unable to find class referenced in signature (Landroid/net/Network;)
10-13 06:26:17.306: W/dalvikvm(17772): VFY: unable to find class referenced in signature (Landroid/net/Network;)
10-13 06:26:17.309: I/dalvikvm(17772): Could not find method android.os.UserManager.isManagedProfile, referenced from method hgb.a
10-13 06:26:17.309: W/dalvikvm(17772): VFY: unable to resolve virtual method 4698: Landroid/os/UserManager;.isManagedProfile ()Z
10-13 06:26:17.309: D/dalvikvm(17772): VFY: replacing opcode 0x6e at 0x0018
10-13 06:26:17.318: I/MusicLeanback(19096): Stop autocaching.
10-13 06:26:17.318: I/MusicLeanback(19096): Stop autocaching.
10-13 06:26:17.333: I/Authzen(17758): [RegistrationManager] Signing key fetched successfully!
10-13 06:26:17.337: D/CacheService(19096): onBind
10-13 06:26:17.352: I/dalvikvm(17758): Could not find method android.app.KeyguardManager.isDeviceLocked, referenced from method ewp.a
10-13 06:26:17.352: W/dalvikvm(17758): VFY: unable to resolve virtual method 3092: Landroid/app/KeyguardManager;.isDeviceLocked ()Z
10-13 06:26:17.352: D/dalvikvm(17758): VFY: replacing opcode 0x6e at 0x000a
10-13 06:26:17.352: I/dalvikvm(17758): Could not find method android.app.KeyguardManager.isDeviceSecure, referenced from method ewp.b
10-13 06:26:17.352: W/dalvikvm(17758): VFY: unable to resolve virtual method 3093: Landroid/app/KeyguardManager;.isDeviceSecure ()Z
10-13 06:26:17.352: D/dalvikvm(17758): VFY: replacing opcode 0x6e at 0x0008
10-13 06:26:17.362: I/ProcessCheckinRequest(17772): Get token from PseudonymousIdApi: 114=OkrE-n6BfFz5uZgkeS-FiYCBqN9R0EATusF-rzl-A-X116UZi7a3EZssfISPdEC1Ki3wvteNzFrBJn2AYDdEhO2DZfWc81DJAYGdrbxarGg1WoT9DxNPPyNq0wSQFfy6
10-13 06:26:17.364: I/Authzen(17758): [RegistrationManager] Starting Enrollment...
10-13 06:26:17.405: I/Auth(17725): [ReflectiveChannelBinder] Successfully bound channel!
10-13 06:26:17.417: D/dalvikvm(17772): DexOpt: couldn't find static field Landroid/os/Build$VERSION;.SECURITY_PATCH
10-13 06:26:17.417: W/dalvikvm(17772): VFY: unable to resolve static field 2121 (SECURITY_PATCH) in Landroid/os/Build$VERSION;
10-13 06:26:17.417: D/dalvikvm(17772): VFY: replacing opcode 0x62 at 0x021f
10-13 06:26:17.418: E/dalvikvm(17772): Could not find class 'android.telephony.SubscriptionManager', referenced from method hfb.a
10-13 06:26:17.418: W/dalvikvm(17772): VFY: unable to resolve check-cast 1221 (Landroid/telephony/SubscriptionManager;) in Lhfb;
10-13 06:26:17.418: D/dalvikvm(17772): VFY: replacing opcode 0x1f at 0x0179
10-13 06:26:17.421: D/dalvikvm(17772): DexOpt: couldn't find static field Landroid/os/Build;.SUPPORTED_ABIS
10-13 06:26:17.421: W/dalvikvm(17772): VFY: unable to resolve static field 2138 (SUPPORTED_ABIS) in Landroid/os/Build;
10-13 06:26:17.421: D/dalvikvm(17772): VFY: replacing opcode 0x62 at 0x0011
10-13 06:26:17.422: W/dalvikvm(17772): VFY: unable to find class referenced in signature (Landroid/telephony/SubscriptionManager;)
10-13 06:26:17.422: I/dalvikvm(17772): Could not find method android.telephony.SubscriptionManager.getActiveSubscriptionInfoList, referenced from method hfb.a
10-13 06:26:17.426: W/dalvikvm(17772): VFY: unable to resolve virtual method 6124: Landroid/telephony/SubscriptionManager;.getActiveSubscriptionInfoList ()Ljava/util/List;
10-13 06:26:17.426: D/dalvikvm(17772): VFY: replacing opcode 0x74 at 0x0000
10-13 06:26:17.429: I/dalvikvm(17772): Could not find method android.app.KeyguardManager.isDeviceSecure, referenced from method hfb.e
10-13 06:26:17.429: W/dalvikvm(17772): VFY: unable to resolve virtual method 3093: Landroid/app/KeyguardManager;.isDeviceSecure ()Z
10-13 06:26:17.430: D/dalvikvm(17772): VFY: replacing opcode 0x6e at 0x0254
10-13 06:26:17.431: D/dalvikvm(17772): DexOpt: couldn't find static field Landroid/os/Build;.SUPPORTED_ABIS
10-13 06:26:17.432: I/dalvikvm(17772): DexOpt: unable to optimize static field ref 0x085a at 0x15 in Lhfb;.a
10-13 06:26:17.447: W/Conscrypt(17725): Could not set socket write timeout:
10-13 06:26:17.448: W/Conscrypt(17725):    java.lang.reflect.Method.invokeNative(Native Method)
10-13 06:26:17.448: W/Conscrypt(17725):    java.lang.reflect.Method.invoke(Method.java:515)
10-13 06:26:17.453: I/GCoreUlr(17758): WorldUpdater:com.google.android.gms.auth.GOOGLE_ACCOUNT_CHANGE: Ensuring that reporting is stopped because of reasons: {account#19#=[InactiveReason{mIdentifier=6, mName='ReportingNotEnabled'}, InactiveReason{mIdentifier=14, mName='HistoryNotEnabled'}]}
10-13 06:26:17.455: I/CheckinRequestBuilder(17772): Checkin reason type: 4 attempt count: 1
10-13 06:26:17.460: W/Conscrypt(17725): Could not set socket write timeout:
10-13 06:26:17.461: W/Conscrypt(17725):    java.lang.reflect.Method.invokeNative(Native Method)
10-13 06:26:17.461: W/Conscrypt(17725):    java.lang.reflect.Method.invoke(Method.java:515)
10-13 06:26:17.462: D/WifiService(972): New client listening to asynchronous messages
10-13 06:26:17.464: I/MusicLeanback(19096): Conditions not met for autocaching.
10-13 06:26:17.464: I/MusicLeanback(19096): Stop autocaching.
10-13 06:26:17.476: E/ActivityThread(17772): Failed to find provider info for com.google.android.wearable.settings
10-13 06:26:17.483: E/GCoreUlr(17758): Create new device tag of 843142011 without device reboot
10-13 06:26:17.488: D/CacheService(19096): onDestroy
10-13 06:26:17.495: I/ActivityManager(972): Killing 18756:com.google.android.videos/u0a94 (adj 15): empty #9
10-13 06:26:17.496: W/ContextImpl(1243): Calling a method in the system process without a qualified user: android.app.ContextImpl.sendBroadcast:1244 android.content.ContextWrapper.sendBroadcast:365 com.motorola.motocare.util.TriggerHelper$TriggerBuilder.send:76 com.motorola.motocare.internal.frameworkevents.ProcessKillTrigger.sendTrigger:147 com.motorola.motocare.internal.frameworkevents.ProcessKillTrigger.handleFrameworkEvent:164 
10-13 06:26:17.501: I/GCoreUlr(17758): Unbound from all location providers
10-13 06:26:17.501: I/GCoreUlr(17758): Place inference reporting - stop
10-13 06:26:17.506: I/GCoreUlr(17758): Unregistering for aliased place alerts.
10-13 06:26:17.529: I/dalvikvm(17758): Could not find method android.os.PowerManager.isInteractive, referenced from method jsi.a
10-13 06:26:17.529: W/dalvikvm(17758): VFY: unable to resolve virtual method 4659: Landroid/os/PowerManager;.isInteractive ()Z
10-13 06:26:17.531: D/dalvikvm(17758): VFY: replacing opcode 0x6e at 0x0006
10-13 06:26:17.545: I/Places(17758): ?: Couldn't find platform key file.
10-13 06:26:17.546: W/Auth(17725): [GetToken] GetToken failed with status code: INVALID_SCOPE
10-13 06:26:17.565: E/Authzen(17758): [RegistrationManager] Failed to do enrollment for account: <ELLIDED:2138848219>
10-13 06:26:17.591: I/Authzen(17758): [exa] Syncing data for account <ELLIDED:2138848219>
10-13 06:26:17.601: I/GCoreUlr(17758): DispatchingService ignoring Intent { act=android.net.wifi.WIFI_STATE_CHANGED flg=0x4000010 (has extras) } because ULR inactive
10-13 06:26:17.611: I/CalendarProvider2(19071): Sending notification intent: Intent { act=android.intent.action.PROVIDER_CHANGED dat=content://com.android.calendar }
10-13 06:26:17.611: W/ContentResolver(19071): Failed to get type for: content://com.android.calendar (Unknown URL content://com.android.calendar)
10-13 06:26:17.614: D/AlertReceiver(19047): onReceive: a=android.intent.action.PROVIDER_CHANGED Intent { act=android.intent.action.PROVIDER_CHANGED dat=content://com.android.calendar flg=0x10 cmp=com.android.calendar/.alerts.AlertReceiver }
10-13 06:26:17.616: I/GCoreUlr(17758): DispatchingService.onDestroy()
10-13 06:26:17.617: I/ActivityManager(972): Killing 18808:com.google.android.youtube/u0a96 (adj 15): empty #9
10-13 06:26:17.619: I/GCoreUlr(17758): Stopping handler for UlrDispSvcFast
10-13 06:26:17.619: W/ContextImpl(1243): Calling a method in the system process without a qualified user: android.app.ContextImpl.sendBroadcast:1244 android.content.ContextWrapper.sendBroadcast:365 com.motorola.motocare.util.TriggerHelper$TriggerBuilder.send:76 com.motorola.motocare.internal.frameworkevents.ProcessKillTrigger.sendTrigger:147 com.motorola.motocare.internal.frameworkevents.ProcessKillTrigger.handleFrameworkEvent:164 
10-13 06:26:17.624: I/GCoreUlr(17758): Unbound from all location providers
10-13 06:26:17.624: I/GCoreUlr(17758): Place inference reporting - stop
10-13 06:26:17.630: I/GeofencerStateMachine(17758): removeGeofences: removeRequest=RemoveGeofencingRequest[REMOVE_BY_PENDING_INTENT pendingIntent=PendingIntent[creatorPackage=com.google.android.gms], packageName=null]
10-13 06:26:17.632: I/GeofencerStateMachine(17758): removeGeofences: removeRequest=RemoveGeofencingRequest[REMOVE_BY_PENDING_INTENT pendingIntent=PendingIntent[creatorPackage=com.google.android.gms], packageName=null]
10-13 06:26:17.634: I/GCoreUlr(17758): Unregistering for aliased place alerts.
10-13 06:26:17.644: W/ActivityManager(972): Service ServiceRecord{430ff470 u0 com.google.android.youtube/com.google.android.apps.youtube.core.transfer.DownloadService} in process ProcessRecord{42d59590 18808:com.google.android.youtube/u0a96} not same as in map: null
10-13 06:26:17.652: I/GeofencerStateMachine(17758): removeGeofences: removeRequest=RemoveGeofencingRequest[REMOVE_BY_PENDING_INTENT pendingIntent=PendingIntent[creatorPackage=com.google.android.gms], packageName=null]
10-13 06:26:17.663: W/Conscrypt(17725): Could not set socket write timeout:
10-13 06:26:17.665: W/Conscrypt(17725):    java.lang.reflect.Method.invokeNative(Native Method)
10-13 06:26:17.665: W/Conscrypt(17725):    java.lang.reflect.Method.invoke(Method.java:515)
10-13 06:26:17.670: I/Places(17758): ?: Couldn't find platform key file.
10-13 06:26:17.678: W/Conscrypt(17725): Could not set socket write timeout:
10-13 06:26:17.679: W/Conscrypt(17725):    java.lang.reflect.Method.invokeNative(Native Method)
10-13 06:26:17.679: W/Conscrypt(17725):    java.lang.reflect.Method.invoke(Method.java:515)
10-13 06:26:17.694: W/Auth(17725): [GetToken] GetToken failed with status code: INVALID_SCOPE
10-13 06:26:17.695: E/Authzen(17758): [exa] Failed to authenticate account: <ELLIDED:2138848219>. Clearing data.
10-13 06:26:17.715: I/Authzen(17758): [fbi] Opening database auth.proximity.permit_store...
10-13 06:26:17.719: I/Authzen(17758): [SyncManager] sync failed for 100
10-13 06:26:17.737: D/BluetoothManagerService(972): Message: 20
10-13 06:26:17.738: D/BluetoothManagerService(972): Added callback: android.bluetooth.IBluetoothManagerCallback$Stub$Proxy@42f5e630:true
10-13 06:26:17.739: I/Authzen(17758): [SyncManager] Setting up sync 48759175ms later.
10-13 06:26:17.745: I/GeofencerStateMachine(17758): removeGeofences: removeRequest=RemoveGeofencingRequest[REMOVE_BY_PENDING_INTENT pendingIntent=PendingIntent[creatorPackage=com.google.android.gms], packageName=null]
10-13 06:26:17.746: I/dalvikvm(17725): Could not find method android.os.UserManager.isManagedProfile, referenced from method fgn.run
10-13 06:26:17.746: W/dalvikvm(17725): VFY: unable to resolve virtual method 4698: Landroid/os/UserManager;.isManagedProfile ()Z
10-13 06:26:17.746: D/dalvikvm(17725): VFY: replacing opcode 0x6e at 0x0100
10-13 06:26:17.748: I/GeofencerStateMachine(17758): removeGeofences: removeRequest=RemoveGeofencingRequest[REMOVE_BY_PENDING_INTENT pendingIntent=PendingIntent[creatorPackage=com.google.android.gms], packageName=null]
10-13 06:26:17.766: I/GCoreUlr(17758): Uploading GCM registration ID for account#19#
10-13 06:26:17.769: I/GeofencerStateMachine(17758): removeGeofences: removeRequest=RemoveGeofencingRequest[REMOVE_BY_PENDING_INTENT pendingIntent=PendingIntent[creatorPackage=com.google.android.gms], packageName=null]
10-13 06:26:17.798: W/Auth(17725): [GetToken] GetToken failed with status code: INVALID_SCOPE
10-13 06:26:17.802: E/Auth.Api.Credentials(17772): [SyncManager] Error during the sync.
10-13 06:26:17.802: E/Auth.Api.Credentials(17772): dyj: INVALID_SCOPE
10-13 06:26:17.802: E/Auth.Api.Credentials(17772): 	at dyn.a(:com.google.android.gms@11509030:16)
10-13 06:26:17.802: E/Auth.Api.Credentials(17772): 	at dym.a(:com.google.android.gms@11509030:2)
10-13 06:26:17.802: E/Auth.Api.Credentials(17772): 	at dym.e(:com.google.android.gms@11509030:6)
10-13 06:26:17.802: E/Auth.Api.Credentials(17772): 	at dym.d(:com.google.android.gms@11509030:1)
10-13 06:26:17.802: E/Auth.Api.Credentials(17772): 	at dyk.b(:com.google.android.gms@11509030:1)
10-13 06:26:17.802: E/Auth.Api.Credentials(17772): 	at jlb.b(:com.google.android.gms@11509030)
10-13 06:26:17.802: E/Auth.Api.Credentials(17772): 	at jjs.b(:com.google.android.gms@11509030:5)
10-13 06:26:17.802: E/Auth.Api.Credentials(17772): 	at jki.b(:com.google.android.gms@11509030:9)
10-13 06:26:17.802: E/Auth.Api.Credentials(17772): 	at jki.a(:com.google.android.gms@11509030:16)
10-13 06:26:17.802: E/Auth.Api.Credentials(17772): 	at jki.a(:com.google.android.gms@11509030:32)
10-13 06:26:17.802: E/Auth.Api.Credentials(17772): 	at emk.b(:com.google.android.gms@11509030:45)
10-13 06:26:17.802: E/Auth.Api.Credentials(17772): 	at eql.a(:com.google.android.gms@11509030:4)
10-13 06:26:17.802: E/Auth.Api.Credentials(17772): 	at eqj.a(:com.google.android.gms@11509030:84)
10-13 06:26:17.802: E/Auth.Api.Credentials(17772): 	at eqi.a(:com.google.android.gms@11509030:60)
10-13 06:26:17.802: E/Auth.Api.Credentials(17772): 	at jpd.onPerformSync(:com.google.android.gms@11509030:6)
10-13 06:26:17.802: E/Auth.Api.Credentials(17772): 	at android.content.AbstractThreadedSyncAdapter$SyncThread.run(AbstractThreadedSyncAdapter.java:259)
10-13 06:26:17.824: I/Authzen(17772): [PermitStore] Getting all permits...
10-13 06:26:17.836: I/Authzen(17772): [fbi] Opening database auth.proximity.permit_store...
10-13 06:26:17.860: I/IcingInternalCorpora(17772): EventIndexer: starting incremental update
10-13 06:26:17.860: I/IcingInternalCorpora(17772): EventIndexer: 0 added, 0 removed, 0 changed, 0 unchanged, 0 errors.
10-13 06:26:17.861: I/IcingInternalCorpora(17772): EventIndexer: finished after 2 ms.
10-13 06:26:17.918: E/Auth.Api.Credentials(17772): [CredentialSyncAdapter] Unknown sync event.
10-13 06:26:17.928: D/WifiStateMachine(972): handleMessage: E msg.what=151572
10-13 06:26:17.929: D/WifiStateMachine(972): processMsg: ConnectedState
10-13 06:26:17.929: D/WifiStateMachine(972): processMsg: L2ConnectedState
10-13 06:26:17.934: D/WifiStateMachine(972): handleMessage: X
10-13 06:26:17.934: W/Conscrypt(17725): Could not set socket write timeout:
10-13 06:26:17.935: W/Conscrypt(17725):    java.lang.reflect.Method.invokeNative(Native Method)
10-13 06:26:17.935: W/Conscrypt(17725):    java.lang.reflect.Method.invoke(Method.java:515)
10-13 06:26:17.941: W/Auth(17725): [GetToken] GetToken failed with status code: INVALID_SCOPE
10-13 06:26:17.944: E/CheckinRequestBuilder(17772): Unrecoverable authentication exception: INVALID_SCOPE
10-13 06:26:17.944: E/CheckinRequestBuilder(17772): dyj: INVALID_SCOPE
10-13 06:26:17.944: E/CheckinRequestBuilder(17772): 	at dyn.a(:com.google.android.gms@11509030:16)
10-13 06:26:17.944: E/CheckinRequestBuilder(17772): 	at dym.a(:com.google.android.gms@11509030:2)
10-13 06:26:17.944: E/CheckinRequestBuilder(17772): 	at dym.e(:com.google.android.gms@11509030:6)
10-13 06:26:17.944: E/CheckinRequestBuilder(17772): 	at dyk.f(:com.google.android.gms@11509030:3)
10-13 06:26:17.944: E/CheckinRequestBuilder(17772): 	at dyk.a(:com.google.android.gms@11509030:4)
10-13 06:26:17.944: E/CheckinRequestBuilder(17772): 	at hfb.a(:com.google.android.gms@11509030:219)
10-13 06:26:17.944: E/CheckinRequestBuilder(17772): 	at hgb.a(:com.google.android.gms@11509030:18)
10-13 06:26:17.944: E/CheckinRequestBuilder(17772): 	at hgb.a(:com.google.android.gms@11509030:182)
10-13 06:26:17.944: E/CheckinRequestBuilder(17772): 	at com.google.android.gms.checkin.CheckinChimeraService.a(:com.google.android.gms@11509030:149)
10-13 06:26:17.944: E/CheckinRequestBuilder(17772): 	at hex.run(:com.google.android.gms@11509030:2)
10-13 06:26:17.944: E/CheckinRequestBuilder(17772): 	at jqa.run(:com.google.android.gms@11509030:25)
10-13 06:26:17.944: E/CheckinRequestBuilder(17772): 	at java.util.concurrent.ThreadPoolExecutor.runWorker(ThreadPoolExecutor.java:1112)
10-13 06:26:17.944: E/CheckinRequestBuilder(17772): 	at java.util.concurrent.ThreadPoolExecutor$Worker.run(ThreadPoolExecutor.java:587)
10-13 06:26:17.944: E/CheckinRequestBuilder(17772): 	at jvj.run(:com.google.android.gms@11509030)
10-13 06:26:17.944: E/CheckinRequestBuilder(17772): 	at java.lang.Thread.run(Thread.java:841)
10-13 06:26:17.955: W/Conscrypt(17725): Could not set socket write timeout:
10-13 06:26:17.956: W/Conscrypt(17725):    java.lang.reflect.Method.invokeNative(Native Method)
10-13 06:26:17.956: W/Conscrypt(17725):    java.lang.reflect.Method.invoke(Method.java:515)
10-13 06:26:17.980: D/dalvikvm(17725): GC_CONCURRENT freed 1947K, 32% free 11814K/17180K, paused 4ms+5ms, total 46ms
10-13 06:26:17.983: D/dalvikvm(17725): WAIT_FOR_CONCURRENT_GC blocked 21ms
10-13 06:26:17.990: W/Auth(17725): [GetToken] GetToken failed with status code: INVALID_SCOPE
10-13 06:26:17.995: E/GCoreUlr(17758): The Account {name=4A2NI7OQOTX46RNLLDCZ5QQEKA-00@cloudtestlabaccounts.com, type=com.google} has been under authentication error for 0 minutes
10-13 06:26:18.000: E/GCoreUlr(17758): syncNotDefinedYet() auth exception: dyj: INVALID_SCOPE
10-13 06:26:18.014: I/ActivityManager(972): Start proc com.google.android.gms.unstable for service com.google.android.gms/.droidguard.DroidGuardService: pid=19148 uid=10019 gids={50019, 3003, 1007, 1028, 1015, 3002, 3001, 3007, 2001, 3006}
10-13 06:26:18.025: E/GCoreUlr(17758): dyj: INVALID_SCOPE
10-13 06:26:18.025: E/GCoreUlr(17758): 	at dyn.a(:com.google.android.gms@11509030:16)
10-13 06:26:18.025: E/GCoreUlr(17758): 	at dym.a(:com.google.android.gms@11509030:2)
10-13 06:26:18.025: E/GCoreUlr(17758): 	at dym.e(:com.google.android.gms@11509030:6)
10-13 06:26:18.025: E/GCoreUlr(17758): 	at dym.d(:com.google.android.gms@11509030:1)
10-13 06:26:18.025: E/GCoreUlr(17758): 	at dyk.b(:com.google.android.gms@11509030:1)
10-13 06:26:18.025: E/GCoreUlr(17758): 	at jlb.b(:com.google.android.gms@11509030)
10-13 06:26:18.025: E/GCoreUlr(17758): 	at jjs.b(:com.google.android.gms@11509030:5)
10-13 06:26:18.025: E/GCoreUlr(17758): 	at jke.b(:com.google.android.gms@11509030:1)
10-13 06:26:18.025: E/GCoreUlr(17758): 	at jke.a(:com.google.android.gms@11509030:7)
10-13 06:26:18.025: E/GCoreUlr(17758): 	at jke.a(:com.google.android.gms@11509030:6)
10-13 06:26:18.025: E/GCoreUlr(17758): 	at akdy.a(:com.google.android.gms@11509030:177)
10-13 06:26:18.025: E/GCoreUlr(17758): 	at akee.a(:com.google.android.gms@11509030:103)
10-13 06:26:18.025: E/GCoreUlr(17758): 	at akfl.b(:com.google.android.gms@11509030:34)
10-13 06:26:18.025: E/GCoreUlr(17758): 	at akfl.a(:com.google.android.gms@11509030:22)
10-13 06:26:18.025: E/GCoreUlr(17758): 	at akfk.a(:com.google.android.gms@11509030:10)
10-13 06:26:18.025: E/GCoreUlr(17758): 	at jpd.onPerformSync(:com.google.android.gms@11509030:6)
10-13 06:26:18.025: E/GCoreUlr(17758): 	at android.content.AbstractThreadedSyncAdapter$SyncThread.run(AbstractThreadedSyncAdapter.java:259)
10-13 06:26:18.037: D/SyncManager(972): not retrying sync operation because the error is a hard error: 4A2NI7OQOTX46RNLLDCZ5QQEKA-00@cloudtestlabaccounts.com u0 (com.google), com.google.android.location.reporting, SERVER, latestRunTime 152144955, reason: AutoSync
10-13 06:26:18.040: I/dalvikvm(19148): DexOpt: not all deps represented
10-13 06:26:18.040: E/dalvikvm(19148): /system/framework/com.android.media.remotedisplay.jar odex has stale dependencies
10-13 06:26:18.040: I/dalvikvm(19148): DexOpt: not all deps represented
10-13 06:26:18.040: E/dalvikvm(19148): /system/framework/com.android.location.provider.jar odex has stale dependencies
10-13 06:26:18.048: W/dalvikvm(19148): VFY: unable to resolve static field 332 (PR_SET_DUMPABLE) in Landroid/system/OsConstants;
10-13 06:26:18.048: D/dalvikvm(19148): VFY: replacing opcode 0x60 at 0x0009
10-13 06:26:18.056: I/dalvikvm(19148): Could not find method android.content.Context.getSystemService, referenced from method ni.a
10-13 06:26:18.056: W/dalvikvm(19148): VFY: unable to resolve virtual method 715: Landroid/content/Context;.getSystemService (Ljava/lang/Class;)Ljava/lang/Object;
10-13 06:26:18.056: D/dalvikvm(19148): VFY: replacing opcode 0x6e at 0x0008
10-13 06:26:18.057: I/dalvikvm(19148): Could not find method android.content.Context.createDeviceProtectedStorageContext, referenced from method iyb.a
10-13 06:26:18.057: W/dalvikvm(19148): VFY: unable to resolve virtual method 689: Landroid/content/Context;.createDeviceProtectedStorageContext ()Landroid/content/Context;
10-13 06:26:18.057: D/dalvikvm(19148): VFY: replacing opcode 0x6e at 0x0029
10-13 06:26:18.058: I/dalvikvm(19148): Could not find method android.content.Context.getSystemService, referenced from method iyb.b
10-13 06:26:18.058: W/dalvikvm(19148): VFY: unable to resolve virtual method 715: Landroid/content/Context;.getSystemService (Ljava/lang/Class;)Ljava/lang/Object;
10-13 06:26:18.058: D/dalvikvm(19148): VFY: replacing opcode 0x6e at 0x000b
10-13 06:26:18.060: I/dalvikvm(19148): Could not find method android.content.Context.isDeviceProtectedStorage, referenced from method xtv.a
10-13 06:26:18.060: W/dalvikvm(19148): VFY: unable to resolve virtual method 720: Landroid/content/Context;.isDeviceProtectedStorage ()Z
10-13 06:26:18.060: D/dalvikvm(19148): VFY: replacing opcode 0x6e at 0x0009
10-13 06:26:18.061: I/dalvikvm(19148): Could not find method android.content.Context.isDeviceProtectedStorage, referenced from method xtv.c
10-13 06:26:18.061: W/dalvikvm(19148): VFY: unable to resolve virtual method 720: Landroid/content/Context;.isDeviceProtectedStorage ()Z
10-13 06:26:18.061: D/dalvikvm(19148): VFY: replacing opcode 0x6e at 0x0063
10-13 06:26:18.061: I/dalvikvm(19148): Could not find method android.os.PowerManager.isInteractive, referenced from method ivo.a
10-13 06:26:18.061: W/dalvikvm(19148): VFY: unable to resolve virtual method 1266: Landroid/os/PowerManager;.isInteractive ()Z
10-13 06:26:18.061: D/dalvikvm(19148): VFY: replacing opcode 0x6e at 0x0012
10-13 06:26:18.064: I/dalvikvm(19148): Could not find method android.content.ContextWrapper.createCredentialProtectedStorageContext, referenced from method com.google.android.chimera.ModuleContext.createCredentialProtectedStorageContext
10-13 06:26:18.064: W/dalvikvm(19148): VFY: unable to resolve virtual method 738: Landroid/content/ContextWrapper;.createCredentialProtectedStorageContext ()Landroid/content/Context;
10-13 06:26:18.064: D/dalvikvm(19148): VFY: replacing opcode 0x6f at 0x0002
10-13 06:26:18.064: I/dalvikvm(19148): Could not find method android.content.ContextWrapper.createDeviceProtectedStorageContext, referenced from method com.google.android.chimera.ModuleContext.createDeviceProtectedStorageContext
10-13 06:26:18.064: W/dalvikvm(19148): VFY: unable to resolve virtual method 739: Landroid/content/ContextWrapper;.createDeviceProtectedStorageContext ()Landroid/content/Context;
10-13 06:26:18.064: D/dalvikvm(19148): VFY: replacing opcode 0x6f at 0x0002
10-13 06:26:18.065: I/dalvikvm(19148): Could not find method android.content.Context.isCredentialProtectedStorage, referenced from method buu.a
10-13 06:26:18.065: W/dalvikvm(19148): VFY: unable to resolve virtual method 719: Landroid/content/Context;.isCredentialProtectedStorage ()Z
10-13 06:26:18.065: D/dalvikvm(19148): VFY: replacing opcode 0x6e at 0x0000
10-13 06:26:18.066: I/dalvikvm(19148): Could not find method android.os.UserManager.isUserUnlocked, referenced from method buu.a
10-13 06:26:18.066: W/dalvikvm(19148): VFY: unable to resolve virtual method 1312: Landroid/os/UserManager;.isUserUnlocked ()Z
10-13 06:26:18.066: D/dalvikvm(19148): VFY: replacing opcode 0x6e at 0x001a
10-13 06:26:18.066: I/dalvikvm(19148): Could not find method android.content.Context.isDeviceProtectedStorage, referenced from method buu.b
10-13 06:26:18.066: W/dalvikvm(19148): VFY: unable to resolve virtual method 720: Landroid/content/Context;.isDeviceProtectedStorage ()Z
10-13 06:26:18.066: D/dalvikvm(19148): VFY: replacing opcode 0x6e at 0x0000
10-13 06:26:18.066: I/dalvikvm(19148): Could not find method android.content.Context.isDeviceProtectedStorage, referenced from method buu.c
10-13 06:26:18.066: W/dalvikvm(19148): VFY: unable to resolve virtual method 720: Landroid/content/Context;.isDeviceProtectedStorage ()Z
10-13 06:26:18.066: D/dalvikvm(19148): VFY: replacing opcode 0x6e at 0x0000
10-13 06:26:18.066: W/Auth(17725): [GetToken] GetToken failed with status code: INVALID_SCOPE
10-13 06:26:18.068: I/MultiDex(19148): VM with version 1.6.0 does not have multidex support
10-13 06:26:18.068: I/MultiDex(19148): install
10-13 06:26:18.068: I/MultiDex(19148): MultiDexExtractor.load(/data/app/com.google.android.gms-2.apk, false)
10-13 06:26:18.070: I/GCM-GMS(17772): Failed to subscribe to group.
10-13 06:26:18.070: I/GCM-GMS(17772): dyj: INVALID_SCOPE
10-13 06:26:18.070: I/GCM-GMS(17772): 	at dyn.a(:com.google.android.gms@11509030:16)
10-13 06:26:18.070: I/GCM-GMS(17772): 	at dym.a(:com.google.android.gms@11509030:2)
10-13 06:26:18.070: I/GCM-GMS(17772): 	at dym.e(:com.google.android.gms@11509030:6)
10-13 06:26:18.070: I/GCM-GMS(17772): 	at dym.d(:com.google.android.gms@11509030:1)
10-13 06:26:18.070: I/GCM-GMS(17772): 	at dym.b(:com.google.android.gms@11509030:1)
10-13 06:26:18.070: I/GCM-GMS(17772): 	at dyk.a(:com.google.android.gms@11509030:1)
10-13 06:26:18.070: I/GCM-GMS(17772): 	at pyq.a(:com.google.android.gms@11509030:23)
10-13 06:26:18.070: I/GCM-GMS(17772): 	at pyq.a(:com.google.android.gms@11509030:44)
10-13 06:26:18.070: I/GCM-GMS(17772): 	at pyq.b(:com.google.android.gms@11509030:6)
10-13 06:26:18.070: I/GCM-GMS(17772): 	at com.google.android.gms.gcm.gmsproc.GcmInGmsTaskChimeraService.a(:com.google.android.gms@11509030:8)
10-13 06:26:18.070: I/GCM-GMS(17772): 	at pwx.run(:com.google.android.gms@11509030:1)
10-13 06:26:18.070: I/GCM-GMS(17772): 	at java.util.concurrent.ThreadPoolExecutor.runWorker(ThreadPoolExecutor.java:1112)
10-13 06:26:18.070: I/GCM-GMS(17772): 	at java.util.concurrent.ThreadPoolExecutor$Worker.run(ThreadPoolExecutor.java:587)
10-13 06:26:18.070: I/GCM-GMS(17772): 	at java.lang.Thread.run(Thread.java:841)
10-13 06:26:18.073: I/MultiDex(19148): Blocking on lock /data/data/com.google.android.gms/code_cache/secondary-dexes/MultiDex.lock
10-13 06:26:18.073: I/MultiDex(19148): /data/data/com.google.android.gms/code_cache/secondary-dexes/MultiDex.lock locked
10-13 06:26:18.076: I/MultiDex(19148): loading existing secondary dex files
10-13 06:26:18.079: I/MultiDex(19148): load found 4 secondary dex files
10-13 06:26:18.083: I/MultiDex(19148): install done
10-13 06:26:18.096: I/dalvikvm(19148): Could not find method android.content.Context.isDeviceProtectedStorage, referenced from method jrg.d
10-13 06:26:18.096: W/dalvikvm(19148): VFY: unable to resolve virtual method 720: Landroid/content/Context;.isDeviceProtectedStorage ()Z
10-13 06:26:18.096: D/dalvikvm(19148): VFY: replacing opcode 0x6e at 0x0006
10-13 06:26:18.098: I/dalvikvm(19148): Could not find method android.os.UserHandle.isOwner, referenced from method jrg.h
10-13 06:26:18.098: W/dalvikvm(19148): VFY: unable to resolve virtual method 1305: Landroid/os/UserHandle;.isOwner ()Z
10-13 06:26:18.098: D/dalvikvm(19148): VFY: replacing opcode 0x6e at 0x000a
10-13 06:26:18.107: I/dalvikvm(19148): Could not find method android.content.pm.PackageManager.isInstantApp, referenced from method jwv.a
10-13 06:26:18.107: W/dalvikvm(19148): VFY: unable to resolve virtual method 836: Landroid/content/pm/PackageManager;.isInstantApp (Ljava/lang/String;)Z
10-13 06:26:18.107: D/dalvikvm(19148): VFY: replacing opcode 0x6e at 0x002d
10-13 06:26:18.113: I/dalvikvm(19148): Could not find method android.content.ContextWrapper.createCredentialProtectedStorageContext, referenced from method jjp.createCredentialProtectedStorageContext
10-13 06:26:18.113: W/dalvikvm(19148): VFY: unable to resolve virtual method 738: Landroid/content/ContextWrapper;.createCredentialProtectedStorageContext ()Landroid/content/Context;
10-13 06:26:18.113: D/dalvikvm(19148): VFY: replacing opcode 0x6f at 0x0002
10-13 06:26:18.113: I/dalvikvm(19148): Could not find method android.content.ContextWrapper.createDeviceProtectedStorageContext, referenced from method jjp.createDeviceProtectedStorageContext
10-13 06:26:18.113: W/dalvikvm(19148): VFY: unable to resolve virtual method 739: Landroid/content/ContextWrapper;.createDeviceProtectedStorageContext ()Landroid/content/Context;
10-13 06:26:18.113: D/dalvikvm(19148): VFY: replacing opcode 0x6f at 0x0002
10-13 06:26:18.115: D/dalvikvm(19148): DexOpt: couldn't find static field Landroid/os/Build;.SUPPORTED_ABIS
10-13 06:26:18.115: W/dalvikvm(19148): VFY: unable to resolve static field 313 (SUPPORTED_ABIS) in Landroid/os/Build;
10-13 06:26:18.115: D/dalvikvm(19148): VFY: replacing opcode 0x62 at 0x0008
10-13 06:26:18.116: D/dalvikvm(19148): DexOpt: couldn't find static field Landroid/os/Build;.SUPPORTED_ABIS
10-13 06:26:18.116: W/dalvikvm(19148): VFY: unable to resolve static field 313 (SUPPORTED_ABIS) in Landroid/os/Build;
10-13 06:26:18.116: D/dalvikvm(19148): VFY: replacing opcode 0x62 at 0x0097
10-13 06:26:18.117: D/dalvikvm(19148): DexOpt: couldn't find field Landroid/content/pm/ApplicationInfo;.splitSourceDirs
10-13 06:26:18.117: W/dalvikvm(19148): VFY: unable to resolve instance field 243
10-13 06:26:18.117: D/dalvikvm(19148): VFY: replacing opcode 0x54 at 0x0053
10-13 06:26:18.118: D/dalvikvm(19148): DexOpt: couldn't find field Landroid/content/pm/ApplicationInfo;.splitSourceDirs
10-13 06:26:18.118: I/dalvikvm(19148): DexOpt: unable to optimize instance field ref 0x00f3 at 0x57 in Ljtk;.d
10-13 06:26:18.120: D/dalvikvm(19148): Trying to load lib /data/app-lib/com.google.android.gms-2/libgmscore.so 0x426c35a8
10-13 06:26:18.122: D/dalvikvm(19148): Added shared lib /data/app-lib/com.google.android.gms-2/libgmscore.so 0x426c35a8
10-13 06:26:18.122: D/dalvikvm(19148): No JNI_OnLoad found in /data/app-lib/com.google.android.gms-2/libgmscore.so 0x426c35a8, skipping init
10-13 06:26:18.123: D/dalvikvm(19148): Trying to load lib /data/app-lib/com.google.android.gms-2/libconscrypt_gmscore_jni.so 0x426c35a8
10-13 06:26:18.124: D/dalvikvm(19148): Added shared lib /data/app-lib/com.google.android.gms-2/libconscrypt_gmscore_jni.so 0x426c35a8
10-13 06:26:18.124: V/NativeCrypto(19148): Registering com/google/android/gms/org/conscrypt/NativeCrypto's 259 native methods...
10-13 06:26:18.131: E/dalvikvm(19148): Could not find class 'javax.net.ssl.SNIServerName', referenced from method com.google.android.gms.org.conscrypt.Platform.getSniHostnameFromParams
10-13 06:26:18.131: W/dalvikvm(19148): VFY: unable to resolve check-cast 3056 (Ljavax/net/ssl/SNIServerName;) in Lcom/google/android/gms/org/conscrypt/Platform;
10-13 06:26:18.131: D/dalvikvm(19148): VFY: replacing opcode 0x1f at 0x0025
10-13 06:26:18.132: E/dalvikvm(19148): Could not find class 'javax.net.ssl.SNIHostName', referenced from method com.google.android.gms.org.conscrypt.Platform.setParametersSniHostname
10-13 06:26:18.132: W/dalvikvm(19148): VFY: unable to resolve new-instance 3055 (Ljavax/net/ssl/SNIHostName;) in Lcom/google/android/gms/org/conscrypt/Platform;
10-13 06:26:18.132: D/dalvikvm(19148): VFY: replacing opcode 0x22 at 0x0024
10-13 06:26:18.133: E/dalvikvm(19148): Could not find class 'javax.net.ssl.SNIHostName', referenced from method com.google.android.gms.org.conscrypt.Platform.setParametersSniHostname
10-13 06:26:18.133: W/dalvikvm(19148): VFY: unable to resolve new-instance 3055 (Ljavax/net/ssl/SNIHostName;) in Lcom/google/android/gms/org/conscrypt/Platform;
10-13 06:26:18.133: D/dalvikvm(19148): VFY: replacing opcode 0x22 at 0x0024
10-13 06:26:18.134: W/dalvikvm(19148): Unable to resolve superclass of Lcom/google/android/gms/org/conscrypt/OpenSSLExtendedSessionImpl; (3046)
10-13 06:26:18.134: W/dalvikvm(19148): Link of class 'Lcom/google/android/gms/org/conscrypt/OpenSSLExtendedSessionImpl;' failed
10-13 06:26:18.135: E/dalvikvm(19148): Could not find class 'com.google.android.gms.org.conscrypt.OpenSSLExtendedSessionImpl', referenced from method com.google.android.gms.org.conscrypt.Platform.unwrapSSLSession
10-13 06:26:18.135: W/dalvikvm(19148): VFY: unable to resolve instanceof 1717 (Lcom/google/android/gms/org/conscrypt/OpenSSLExtendedSessionImpl;) in Lcom/google/android/gms/org/conscrypt/Platform;
10-13 06:26:18.135: D/dalvikvm(19148): VFY: replacing opcode 0x20 at 0x0007
10-13 06:26:18.136: W/dalvikvm(19148): Unable to resolve superclass of Lcom/google/android/gms/org/conscrypt/OpenSSLExtendedSessionImpl; (3046)
10-13 06:26:18.137: W/dalvikvm(19148): Link of class 'Lcom/google/android/gms/org/conscrypt/OpenSSLExtendedSessionImpl;' failed
10-13 06:26:18.137: E/dalvikvm(19148): Could not find class 'com.google.android.gms.org.conscrypt.OpenSSLExtendedSessionImpl', referenced from method com.google.android.gms.org.conscrypt.Platform.wrapSSLSession
10-13 06:26:18.137: W/dalvikvm(19148): VFY: unable to resolve new-instance 1717 (Lcom/google/android/gms/org/conscrypt/OpenSSLExtendedSessionImpl;) in Lcom/google/android/gms/org/conscrypt/Platform;
10-13 06:26:18.137: D/dalvikvm(19148): VFY: replacing opcode 0x22 at 0x0007
10-13 06:26:18.138: D/dalvikvm(19148): DexOpt: unable to opt direct call 0x3b63 at 0x2a in Lcom/google/android/gms/org/conscrypt/Platform;.setParametersSniHostname
10-13 06:26:18.138: D/dalvikvm(19148): DexOpt: unable to opt direct call 0x3b63 at 0x2a in Lcom/google/android/gms/org/conscrypt/Platform;.setParametersSniHostname
10-13 06:26:18.139: W/dalvikvm(19148): Unable to resolve superclass of Lcom/google/android/gms/org/conscrypt/OpenSSLExtendedSessionImpl; (3046)
10-13 06:26:18.139: W/dalvikvm(19148): Link of class 'Lcom/google/android/gms/org/conscrypt/OpenSSLExtendedSessionImpl;' failed
10-13 06:26:18.139: D/dalvikvm(19148): DexOpt: unable to opt direct call 0x2490 at 0x09 in Lcom/google/android/gms/org/conscrypt/Platform;.wrapSSLSession
10-13 06:26:18.196: D/dalvikvm(19148): Trying to load lib /data/app-lib/com.google.android.gms-2/libgmscore.so 0x426c35a8
10-13 06:26:18.196: D/dalvikvm(19148): Shared lib '/data/app-lib/com.google.android.gms-2/libgmscore.so' already loaded in same CL 0x426c35a8
10-13 06:26:18.196: D/dalvikvm(19148): Trying to load lib /data/app-lib/com.google.android.gms-2/libconscrypt_gmscore_jni.so 0x426c35a8
10-13 06:26:18.196: D/dalvikvm(19148): Shared lib '/data/app-lib/com.google.android.gms-2/libconscrypt_gmscore_jni.so' already loaded in same CL 0x426c35a8
10-13 06:26:18.266: I/ProviderInstaller(19148): Installed default security provider GmsCore_OpenSSL
10-13 06:26:18.272: D/dalvikvm(972): GC_CONCURRENT freed 2722K, 31% free 19016K/27240K, paused 5ms+7ms, total 85ms
10-13 06:26:18.272: D/dalvikvm(972): WAIT_FOR_CONCURRENT_GC blocked 66ms
10-13 06:26:18.389: I/dalvikvm(19148): Could not find method android.content.ContextWrapper.createCredentialProtectedStorageContext, referenced from method ivg.createCredentialProtectedStorageContext
10-13 06:26:18.389: W/dalvikvm(19148): VFY: unable to resolve virtual method 738: Landroid/content/ContextWrapper;.createCredentialProtectedStorageContext ()Landroid/content/Context;
10-13 06:26:18.389: D/dalvikvm(19148): VFY: replacing opcode 0x6f at 0x0002
10-13 06:26:18.389: I/dalvikvm(19148): Could not find method android.content.ContextWrapper.createDeviceProtectedStorageContext, referenced from method ivg.createDeviceProtectedStorageContext
10-13 06:26:18.389: W/dalvikvm(19148): VFY: unable to resolve virtual method 739: Landroid/content/ContextWrapper;.createDeviceProtectedStorageContext ()Landroid/content/Context;
10-13 06:26:18.389: D/dalvikvm(19148): VFY: replacing opcode 0x6f at 0x0002
10-13 06:26:18.406: I/dalvikvm(19148): Could not find method android.content.pm.PackageManager.getPackageInstaller, referenced from method ims.a
10-13 06:26:18.406: W/dalvikvm(19148): VFY: unable to resolve virtual method 829: Landroid/content/pm/PackageManager;.getPackageInstaller ()Landroid/content/pm/PackageInstaller;
10-13 06:26:18.406: D/dalvikvm(19148): VFY: replacing opcode 0x6e at 0x001c
10-13 06:26:18.436: I/dalvikvm(19148): Could not find method android.content.Context.checkSelfPermission, referenced from method jjg.a
10-13 06:26:18.436: W/dalvikvm(19148): VFY: unable to resolve virtual method 687: Landroid/content/Context;.checkSelfPermission (Ljava/lang/String;)I
10-13 06:26:18.436: D/dalvikvm(19148): VFY: replacing opcode 0x6e at 0x0034
10-13 06:26:18.436: I/dalvikvm(19148): Failed resolving Ljjh; interface 915 'Landroid/content/pm/PackageManager$OnPermissionsChangedListener;'
10-13 06:26:18.436: W/dalvikvm(19148): Link of class 'Ljjh;' failed
10-13 06:26:18.437: E/dalvikvm(19148): Could not find class 'jjh', referenced from method jjg.a
10-13 06:26:18.437: W/dalvikvm(19148): VFY: unable to resolve new-instance 3204 (Ljjh;) in Ljjg;
10-13 06:26:18.437: D/dalvikvm(19148): VFY: replacing opcode 0x22 at 0x0000
10-13 06:26:18.437: I/dalvikvm(19148): Failed resolving Ljjh; interface 915 'Landroid/content/pm/PackageManager$OnPermissionsChangedListener;'
10-13 06:26:18.437: W/dalvikvm(19148): Link of class 'Ljjh;' failed
10-13 06:26:18.438: D/dalvikvm(19148): DexOpt: unable to opt direct call 0x3dc8 at 0x02 in Ljjg;.a
10-13 06:26:18.503: D/WVCdm(277): Instantiating CDM.
10-13 06:26:18.503: I/WVCdm(277): Level3 Library Nov 20 2013 18:09:31
10-13 06:26:18.520: D/DrmWidevineDash(277): calling OEMCrypto_Initialize, g_qsee_apps_version = 6
