10-11 18:54:34.599: D/Tethering(1627): checkDunRequired: secureSetting is 2
10-11 18:54:34.599: D/CalendarTypeController(4210): [onCreate] mContext.getPackageName() = com.android.calendar
10-11 18:54:34.600: D/Tethering(1627): checkDunRequired: secureSetting is 2
10-11 18:54:34.601: D/QuickCoverProvider(4828): onReceiver
10-11 18:54:34.615: V/ILGDrmService(815): eDRM_GetObjectInfo +++
10-11 18:54:34.615: V/ILGDrmService(815): eDRM_GetObjectInfo ---
10-11 18:54:34.621: D/QuickCoverProvider(4828): onReceiver
10-11 18:54:34.624: D/QuickCoverProvider(4828): onReceiver
10-11 18:54:34.629: D/QuickCoverProvider(4828): onReceiver
10-11 18:54:34.632: D/QuickCoverProvider(4828): onReceiver
10-11 18:54:34.635: I/art(13332): Do partial code cache collection, code=30KB, data=25KB
10-11 18:54:34.635: I/art(13332): After code cache collection, code=30KB, data=25KB
10-11 18:54:34.635: I/art(13332): Increasing code cache capacity to 128KB
10-11 18:54:34.642: D/[SmartSettings][InternalReceiver](13105): event = android.intent.action.LOCALE_CHANGED
10-11 18:54:34.651: D/[SmartSettings][CommonIntentProcessor](13105): update home start, count = 0
10-11 18:54:34.657: D/Tethering(1627): checkDunRequired: secureSetting is 2
10-11 18:54:34.658: D/Tethering(1627): checkDunRequired: secureSetting is 2
10-11 18:54:34.660: D/Tethering(1627): checkDunRequired: secureSetting is 2
10-11 18:54:34.661: D/WeekWidgetProvider(4210): [onReceive]
10-11 18:54:34.661: D/CalendarWidgetProvider(4210): [onReceive]
10-11 18:54:34.661: D/CalendarWidgetProvider(4210): [CalendarWidgetProvider] got the intent: Intent { act=android.intent.action.PROVIDER_CHANGED dat=content://com.lge.task/ flg=0x10 cmp=com.android.calendar/.widget.WeekWidgetProvider }
10-11 18:54:34.685: I/ActivityManager(1627): Start proc 13509:com.lge.qhelp/u0a109 for broadcast com.lge.qhelp/.QHelpReceiver
10-11 18:54:34.688: D/Tethering(1627): checkDunRequired: secureSetting is 2
10-11 18:54:34.689: D/Tethering(1627): checkDunRequired: secureSetting is 2
10-11 18:54:34.691: D/CalendarTypeController(4210): [onCreate] mContext.getPackageName() = com.android.calendar
10-11 18:54:34.693: I/MPE_MY_PLACE_ENGINE_SETTING_PROVIDER(2604): TYPE_GET_HOME_POS_INFO
10-11 18:54:34.701: W/ActivityManager(1627): Permission Denial: Accessing service ComponentInfo{com.google.android.music/com.google.android.music.dial.DialMediaRouteProviderService} from pid=13249, uid=10188 that is not exported from uid 10179
10-11 18:54:34.710: E/[SmartSettings][SmartSettingPreference](13105): l-Info is null
10-11 18:54:34.722: D/LeccpService_Stub(2591): [LeccpService_Stub] register listener: 2926
10-11 18:54:34.731: E/AlarmManager(1627): Exist canceled pending intent
10-11 18:54:34.731: E/AlarmManager(1627): Cancel 1 alarm(s) in package com.lge.clock
10-11 18:54:34.737: W/System(13509): ClassLoader referenced unknown path: /system/priv-app/LGQHelpService/lib/arm
10-11 18:54:34.738: D/lgairdrive_TransferManagerClient(2926): isIniailized(), mIsTransferBind = false, mIsTransferInitialized = false
10-11 18:54:34.739: D/LeccpService_Stub(2591): [LeccpService_Stub] unregister listener: 2926
10-11 18:54:34.743: D/lgairdrive_TransferManagerClient(2926): isIniailized(), mIsTransferBind = false, mIsTransferInitialized = false
10-11 18:54:34.747: D/TasksWidgetProvider(4210): [onReceive] intent = Intent { act=android.intent.action.PROVIDER_CHANGED dat=content://com.lge.task/ flg=0x10 cmp=com.android.calendar/.tasks.widget.TasksWidgetProvider }
10-11 18:54:34.750: W/ContextImpl(4210): Failed to ensure /data/user/0/com.lge.launcher3/shared_prefs: mkdir failed: EACCES (Permission denied)
10-11 18:54:34.758: E/[SmartSettings][CommonIntentProcessor](13105): update home locked
10-11 18:54:34.762: D/Tethering(1627): checkDunRequired: secureSetting is 2
10-11 18:54:34.769: D/PowerManagerServiceEx(1627): releaseWakeLockInternal: lock=44085656 [TimeChangeAlarmWakeLock@319131e], flags=0x0
10-11 18:54:34.776: I/MobileDataHub(13374): Using regular flags by method 1
10-11 18:54:34.792: D/MyScheduleFactory(4210): [MyScheduleFactory]
10-11 18:54:34.793: D/MyScheduleFactory(4210): [onReceive] intent = Intent { act=android.intent.action.PROVIDER_CHANGED dat=content://com.lge.task/ flg=0x10 cmp=com.android.calendar/.widget.myschedule.MyScheduleWidgetService$MyScheduleFactory }
10-11 18:54:34.811: D/MyScheduleFactory(4210): [initLoader]
10-11 18:54:34.811: D/WidgetUtils(4210): [getVisibleCalendarSelection] selection = visible=1
10-11 18:54:34.811: D/WidgetUtils(4210): [getVisibleTasksSelection] selection = tdeleted=0 AND DATE(tduedate,'localtime') > DATE('2458037','localtime') AND DATE(tduedate,'localtime') < DATE('2458040','localtime') AND fvisible = 0
10-11 18:54:34.860: I/CastDatabase(13374): Opening the database
10-11 18:54:34.869: I/QHelpReceiver(13509): onReceive() action = android.intent.action.LOCALE_CHANGED
10-11 18:54:34.870: D/[QHelp]DBContact(13509): updateValidLanguage
10-11 18:54:34.870: D/[QHelp]DBContact(13509): getValidLanguageDBId
10-11 18:54:34.896: I/GMPM(13509): App measurement is starting up
10-11 18:54:34.909: D/PowerManagerServiceEx(1627): releaseWakeLockInternal: lock=234261093 [NotificationHistoryWakeLock@de563b7], flags=0x0
10-11 18:54:34.915: D/AgendaItemMergeCursor(4210): creator()
10-11 18:54:34.915: D/AgendaItemMergeCursor(4210): refresh()
10-11 18:54:34.915: D/AgendaItemMergeCursor(4210): refresh() isAfterLast? true
10-11 18:54:34.916: D/QHelp_Debugger(13509): Debuggable : false
10-11 18:54:34.917: I/QHelpUtil(13509): getModelSuffix = LGUS997.AUSABK
10-11 18:54:34.917: D/QHelp_Debugger(13509): Debuggable : false
10-11 18:54:34.917: I/QHelpUtil(13509): getModelSuffix = LGUS997.AUSABK
10-11 18:54:34.917: D/QHelpUtil(13509): operator is NAO
10-11 18:54:34.917: D/QHelpUtil(13509): target device is lucye
10-11 18:54:34.917: D/QHelp_Debugger(13509): Debuggable : false
10-11 18:54:34.917: D/QHelpUtil(13509): checkSupportedLanguage:country=null
10-11 18:54:34.919: I/[QHelp]DBProvider(13509): notify update
10-11 18:54:34.920: D/AgendaItemMergeCursor(4210): refresh()
10-11 18:54:34.920: D/AgendaItemMergeCursor(4210): refresh() isAfterLast? true
10-11 18:54:34.922: I/QHelpReceiver(13509): current locale = es
10-11 18:54:34.925: D/AgendaItemMergeCursor(4210): refresh()
10-11 18:54:34.928: D/AgendaItemMergeCursor(4210): refresh() isAfterLast? true
10-11 18:54:34.930: D/WeatherPLT_Utils(3484): Network type : WIFI - CONNECTED
10-11 18:54:34.930: D/WeatherPLT_CommonReceiver(3484): start action : android.intent.action.LOCALE_CHANGED
10-11 18:54:34.931: D/WeatherPLT_UpdateWorkerCurrentOnly(3484): cursor is empty. current location is not exist.
10-11 18:54:34.940: D/WeatherPLT_CommonReceiver(3484): end action : android.intent.action.LOCALE_CHANGED : 10ms
10-11 18:54:34.941: D/WeatherPLT_UpdateServ(3484): check update on : 101 & 1 = 1
10-11 18:54:34.941: I/SQLiteOpenHelper(13374): Create cast.db
10-11 18:54:34.941: D/WeatherPLT_UpdateServ(3484): check remained time : 101 & 10 = 0
10-11 18:54:34.941: D/WeatherPLT_UpdateServ(3484): set isOnUpdating : true
10-11 18:54:34.941: I/SQLiteCastDBHelper(13374): Creating cast database
10-11 18:54:34.943: D/WeatherPLT_UpdateServ(3484): check screen on : 101 & 100 = 100
10-11 18:54:34.945: I/ConfigHelper(2688): MINI VIEW APP NOT FOUND
10-11 18:54:34.968: I/ConfigHelper(2688): field != null
10-11 18:54:34.984: D/Weather_DataCache(3660): changedTime in DB = 0, in Cache : 0
10-11 18:54:34.987: D/WeatherPLT_Utils(3484): Network type : WIFI - CONNECTED
10-11 18:54:34.993: D/Utils(2688): field : config_using_corner_cover, result : false
10-11 18:54:34.997: D/Weather_DataCache(3660): changedTime in DB = 0, in Cache : 0
10-11 18:54:34.997: D/WeatherPLT_UpdateWorker(3484): do not update. No city here.
10-11 18:54:34.997: D/WeatherPLT_UpdateServ(3484): onResult
10-11 18:54:34.997: D/WeatherPLT_UpdateServ(3484): set isOnUpdating : false
10-11 18:54:34.997: D/WeatherPLT_UpdateServ(3484): stop this service at update result handler.
10-11 18:54:34.997: D/WeatherPLT_UpdateServ(3484): isOnProcessing - onAdding : false, onUpdating : false
10-11 18:54:34.997: D/WeatherPLT_UpdateServ(3484): stop update service
10-11 18:54:35.005: I/SQLiteCastStore(13374): 0 CastNetworkInfo instances loaded, 0 CastDeviceInfo instances loaded, 0 paired guest mode devices loaded.
10-11 18:54:35.014: D/Weather_DataCache(3660): changedTime in DB = 0, in Cache : 0
10-11 18:54:35.014: I/Weather_DataCache(3660): return -1 / 0
10-11 18:54:35.014: I/Weather_WidgetCreator(3660): appWidgetId = 6, cityIndex = -1
10-11 18:54:35.015: D/Weather_Utils(3660): applied_additional_theme : false
10-11 18:54:35.015: D/Weather_Utils(3660): applied_additional_theme : false
10-11 18:54:35.016: D/Weather_Utils(3660): applied_additional_theme : false
10-11 18:54:35.016: D/Utils(2688): isGameTunerSupport level 3
10-11 18:54:35.016: D/Weather_WidgetCreator(3660): use_homescreen_widget_adaptive_color : true
10-11 18:54:35.016: D/Weather_WidgetCreator(3660): isUsingAdaptiveTextColor = true
10-11 18:54:35.016: D/Weather_WidgetCreator(3660): prepareThemeColor, mIsDynamicTheme = false, mWidgetBasicColor = -1, mWidgetSubColor = -1
10-11 18:54:35.017: D/Weather_WidgetCreator(3660): setMinute : 54
10-11 18:54:35.028: I/Weather_WidgetLarge(3660): Empty view is on creating : 6
10-11 18:54:35.049: I/Weather_WidgetAncestor(3660): buildUpdate, appWidgetId: 6
10-11 18:54:35.068: I/qtaguid(13249): Untagging socket -1 failed errno=-9
10-11 18:54:35.068: W/NetworkManagementSocketTagger(13249): untagSocket(-1) failed with errno -9
10-11 18:54:35.073: D/Weather_DataCache(3660): changedTime in DB = 0, in Cache : 0
10-11 18:54:35.088: D/Weather_DataCache(3660): changedTime in DB = 0, in Cache : 0
10-11 18:54:35.088: I/Weather_DataCache(3660): return -1 / 0
10-11 18:54:35.088: I/Weather_WidgetCreator(3660): appWidgetId = 6, cityIndex = -1
10-11 18:54:35.088: D/Weather_Utils(3660): applied_additional_theme : false
10-11 18:54:35.089: D/Weather_Utils(3660): applied_additional_theme : false
10-11 18:54:35.089: D/Weather_Utils(3660): applied_additional_theme : false
10-11 18:54:35.090: D/Weather_WidgetCreator(3660): use_homescreen_widget_adaptive_color : true
10-11 18:54:35.090: D/Weather_WidgetCreator(3660): isUsingAdaptiveTextColor = true
10-11 18:54:35.090: D/Weather_WidgetCreator(3660): prepareThemeColor, mIsDynamicTheme = false, mWidgetBasicColor = -1, mWidgetSubColor = -1
10-11 18:54:35.090: D/Weather_WidgetCreator(3660): setMinute : 54
10-11 18:54:35.097: I/Weather_WidgetLarge(3660): Empty view is on creating : 6
10-11 18:54:35.098: I/Weather_WidgetAncestor(3660): buildUpdate, appWidgetId: 6
10-11 18:54:35.102: D/Weather_DataCache(3660): changedTime in DB = 0, in Cache : 0
10-11 18:54:35.103: I/Weather_DataCache(3660): return -1 / 0
10-11 18:54:35.103: I/Weather_WidgetCreator(3660): appWidgetId = 6, cityIndex = -1
10-11 18:54:35.103: D/Weather_Utils(3660): applied_additional_theme : false
10-11 18:54:35.104: D/Weather_Utils(3660): applied_additional_theme : false
10-11 18:54:35.104: D/Weather_Utils(3660): applied_additional_theme : false
10-11 18:54:35.105: D/Weather_WidgetCreator(3660): use_homescreen_widget_adaptive_color : true
10-11 18:54:35.105: D/Weather_WidgetCreator(3660): isUsingAdaptiveTextColor = true
10-11 18:54:35.105: D/Weather_WidgetCreator(3660): prepareThemeColor, mIsDynamicTheme = false, mWidgetBasicColor = -1, mWidgetSubColor = -1
10-11 18:54:35.105: D/Weather_WidgetCreator(3660): setMinute : 54
10-11 18:54:35.111: I/Weather_WidgetLarge(3660): Empty view is on creating : 6
10-11 18:54:35.112: I/Weather_WidgetAncestor(3660): buildUpdate, appWidgetId: 6
10-11 18:54:35.120: I/ThermalEngine(819): Thermal-Server: Thermal received msg from  tmr
10-11 18:54:35.120: I/TMR(819): C0.10
10-11 18:54:35.120: I/TMR(819): C1.10
10-11 18:54:35.120: I/Thermal-Lib(825): Thermal-Lib-Client: Client request sent
10-11 18:54:35.187: D/Index(2688): Indexing locale 'es' took 1585 millis
10-11 18:54:35.199: W/ContextImpl(2688): Calling a method in the system process without a qualified user: android.app.ContextImpl.sendBroadcast:879 android.content.ContextWrapper.sendBroadcast:421 com.android.settings.search.Index$UpdateIndexTask.onPostExecute:1293 com.android.settings.search.Index$UpdateIndexTask.onPostExecute:1280 android.os.AsyncTask.finish:660 
10-11 18:54:35.200: W/ConfigurationChimeraProvider(13332): Got null configs for com.google.android.gms.nearby
10-11 18:54:35.237: D/GeofenceProxy(1627): ComponentInfo{com.google.android.gms/com.google.android.location.geofencer.service.GeofenceProviderService} connected
10-11 18:54:35.264: D/Telephony(2668): PhoneInterfaceManager: [PhoneIntfMgr] mSigLevel = 2
10-11 18:54:35.264: I/MobileSignalController(2351): isRoaming ? false
10-11 18:54:35.264: I/NetworkController(2351): onReceive: intent=Intent { act=android.intent.action.SIG_STR flg=0x20000010 (has extras) }
10-11 18:54:35.265: I/PhoneStatusBarPolicy(2351): onReceive = android.intent.action.SIG_STR
10-11 18:54:35.268: I/MobileSignalController(2351): isRoaming ? false
10-11 18:54:35.275: I/CastSocket(13374): 24 >= 18. Adding new CastClientAuthKeyManager.
10-11 18:54:35.280: D/WifiServiceImplEx(1627): startScan pid=13374, uid=10073, packageName=com.google.uid.shared:10073
10-11 18:54:35.282: I/DiscoveryManager(13374): WifiGuestModeDeviceScanner enabled.
10-11 18:54:35.285: I/WifiServerServiceExt(1627): handleLgeEvent event : 9, data : CTRL-EVENT-SCAN-STARTED 
10-11 18:54:35.289: W/ChimeraUtils(13374): Non Chimera context
10-11 18:54:35.304: I/Icing(13374): Storage manager: low false usage 38.78MB avail 20.36GB capacity 20.98GB
10-11 18:54:35.324: I/FA-SVC(13374): App measurement is starting up, version: 11509
10-11 18:54:35.341: I/art(13374): Do partial code cache collection, code=27KB, data=29KB
10-11 18:54:35.344: I/art(13374): After code cache collection, code=27KB, data=29KB
10-11 18:54:35.344: I/art(13374): Increasing code cache capacity to 128KB
10-11 18:54:35.349: I/CastMediaRouteProvider(13374): in onDiscoveryRequestChanged: request=DiscoveryRequest{ selector=MediaRouteSelector{ controlCategories=[com.google.android.gms.cast.CATEGORY_CAST/233637DE] }, activeScan=false, isValid=true }
10-11 18:54:35.357: I/Icing(13374): IndexChimeraService.getServiceInterface callingPackage=com.google.android.gms componentName=AppsCorpus serviceId=36
10-11 18:54:35.357: I/Icing(13374): IndexChimeraService.getServiceInterface callingPackage=com.google.android.gms componentName=AppsCorpus serviceId=32
10-11 18:54:35.358: I/FA-SVC(13374): This instance being marked as an uploader
10-11 18:54:35.358: E/LocationManager(13332): [LGNSS] Disable_PrivacyLocation_Information [tOperator : NAO ] , [privacy_check : 0]
10-11 18:54:35.359: I/DiscoveryManager(13374): Filter criteria(233637DE) scannerFlags(2)
10-11 18:54:35.361: I/Publisher(13374): onUpdateFilterCriteria [233637DE]
10-11 18:54:35.365: I/CastMediaRouteProvider(13374): onDevicesPublished with 0 devices
10-11 18:54:35.366: I/CastMediaRouteProvider(13374): Published 0 routes
10-11 18:54:35.382: W/Icing(13374): city name for address is empty or is not existed. 
10-11 18:54:35.383: W/Icing(13374): street name for address is empty or is not existed. 
10-11 18:54:35.383: W/Icing(13374): transportation_script_path is empty
10-11 18:54:35.385: I/DeviceScanner(13374): [MDNS] startScan: scannerFlags: 2 criteria=233637DE
10-11 18:54:35.403: V/AudioFlinger_Threads(849): thread 0xeae83680 type 0 TID 1293 going to sleep
10-11 18:54:35.403: W/MdnsClient_Cast(13374): #acquireLock. Multicast lock not held. Acquiring. Subtypes:"233637DE"
10-11 18:54:35.404: V/AudioFlinger_Threads(849): thread 0xeb203500 type 0 TID 1291 going to sleep
10-11 18:54:35.404: D/WifiServiceImplEx(1627): acquireMulticastLock pid=13374, uid=10073, packageName=com.google.uid.shared:10073, tag=MdnsClient_Cast
10-11 18:54:35.405: W/IpManager.wlan0(1627): StartedState:: msg what = 8
10-11 18:54:35.406: D/WifiServerServiceExt(1627): { when=0 what=131275 obj=false target=com.android.internal.util.StateMachine$SmHandler }
10-11 18:54:35.408: W/Icing(13374): Words file  does not exist!
10-11 18:54:35.408: W/Icing(13374): WordsMap was not properly initialized
10-11 18:54:35.413: V/AudioFlinger_Threads(849): thread 0xead035c0 type 0 TID 1295 going to sleep
10-11 18:54:35.416: I/DeviceScanner(13374): [GuestMode] startScan: scannerFlags: 2 criteria=233637DE
10-11 18:54:35.418: D/WifiServiceImplEx(1627): startScan pid=13374, uid=10073, packageName=com.google.uid.shared:10073
10-11 18:54:35.422: I/CastMediaRouteProvider(13374): onDevicesPublished with 0 devices
10-11 18:54:35.422: I/CastMediaRouteProvider(13374): Published 0 routes
10-11 18:54:35.424: I/DeviceScanner(13374): [MDNS] startScan: scannerFlags: 2 criteria=233637DE
10-11 18:54:35.426: I/DeviceScanner(13374): [MDNS] onScanSettingsUpdated: filterCriteriaAdded: NONE
10-11 18:54:35.426: I/DeviceScanner(13374): [MDNS] onScanSettingsUpdated: filterCriteriaRemoved: NONE
10-11 18:54:35.426: I/DeviceScanner(13374): [MDNS] onScanSettingsUpdated: Did scan settings changed? false
10-11 18:54:35.426: W/MdnsClient_Cast(13374): Multicast lock held. Releasing. Subtypes:"233637DE"
10-11 18:54:35.427: D/WifiServiceImplEx(1627): releaseMulticastLock pid=13374, uid=10073, packageName=com.google.uid.shared:10073
10-11 18:54:35.427: W/IpManager.wlan0(1627): StartedState:: msg what = 8
10-11 18:54:35.427: D/WifiServerServiceExt(1627): { when=0 what=131275 obj=true target=com.android.internal.util.StateMachine$SmHandler }
10-11 18:54:35.436: E/FlpHardwareProvider(1627): HW FLP: nativeStopBatching 
10-11 18:54:35.437: E/FlpHardwareProvider(1627): HW FLP: nativeStopBatching 
10-11 18:54:35.437: E/FlpHardwareProvider(1627): HW FLP: nativeStopBatching 
10-11 18:54:35.438: E/FlpHardwareProvider(1627): HW FLP: nativeStopBatching 
10-11 18:54:35.440: W/MdnsClient_Cast(13374): #acquireLock. Multicast lock not held. Acquiring. Subtypes:"233637DE"
10-11 18:54:35.441: D/WifiServiceImplEx(1627): acquireMulticastLock pid=13374, uid=10073, packageName=com.google.uid.shared:10073, tag=MdnsClient_Cast
10-11 18:54:35.441: W/IpManager.wlan0(1627): StartedState:: msg what = 8
10-11 18:54:35.441: D/WifiServerServiceExt(1627): { when=0 what=131275 obj=false target=com.android.internal.util.StateMachine$SmHandler }
10-11 18:54:35.446: I/DeviceScanner(13374): [GuestMode] startScan: scannerFlags: 2 criteria=233637DE
10-11 18:54:35.464: W/Settings(13332): Setting airplane_mode_on has moved from android.provider.Settings.System to android.provider.Settings.Global, returning read-only value.
10-11 18:54:35.477: D/LocationManagerService(1627): request d7654d0 passive Request[POWER_NONE passive fastest=0] from com.google.android.gms(10073)
10-11 18:54:35.477: D/LocationManagerService(1627): request d7654d0 passive Request[POWER_NONE passive fastest=0] from com.google.android.gms(10073)
10-11 18:54:35.477: D/LocationManagerService(1627): provider request: passive ProviderRequest[ON interval=0]
10-11 18:54:35.485: I/DynamiteModule(13374): Considering local module com.google.android.gms.googlecertificates:4 and remote module com.google.android.gms.googlecertificates:4
10-11 18:54:35.485: I/DynamiteModule(13374): Selected local version of com.google.android.gms.googlecertificates
10-11 18:54:35.499: W/Icing(13374): Failed to connect to Lockbox API
10-11 18:54:35.499: W/Icing(13374): getSignedInAccountName: Falling back to default value
10-11 18:54:35.506: V/BackupManagerService(1627): Connected to transport ComponentInfo{com.google.android.gms/com.google.android.gms.backup.BackupTransportService}
10-11 18:54:35.507: V/BackupManagerService(1627): Registering transport com.google.android.gms/.backup.BackupTransportService::com.google.android.gms/.backup.BackupTransportService = com.android.internal.backup.IBackupTransport$Stub$Proxy@2aa0094
10-11 18:54:35.632: D/BluetoothManagerService(1627): Message: 20
10-11 18:54:35.632: D/BluetoothManagerService(1627): Added callback: android.bluetooth.IBluetoothManagerCallback$Stub$Proxy@d78f4e2:true
10-11 18:54:35.635: D/ActivityRecognitionProxy(1627): ComponentInfo{com.google.android.gms/com.google.android.location.internal.server.HardwareArProviderService} connected
10-11 18:54:35.671: W/NearbyDiscovery(13332): android.app.NotificationChannel class is not found
10-11 18:54:35.688: D/WifiServerServiceExt(1627): { when=0 what=131133 target=com.android.internal.util.StateMachine$SmHandler }
10-11 18:54:35.759: D/[SmartSettings][CommonIntentProcessor](13105): update home start, count = 1
10-11 18:54:35.765: I/MPE_MY_PLACE_ENGINE_SETTING_PROVIDER(2604): TYPE_GET_HOME_POS_INFO
10-11 18:54:35.773: E/[SmartSettings][SmartSettingPreference](13105): l-Info is null
10-11 18:54:35.775: I/ActivityManager(1627): Start proc 13613:com.android.vending/u0a132 for service com.android.vending/com.google.android.finsky.billing.iab.InAppBillingService
10-11 18:54:35.793: E/[SmartSettings][CommonIntentProcessor](13105): update home locked
10-11 18:54:35.811: W/System(13613): ClassLoader referenced unknown path: /system/priv-app/Phonesky/lib/arm64
10-11 18:54:35.857: W/Finsky(13613): [1] com.google.android.finsky.application.FinskyAppImpl.F(1569): No account configured on this device.
10-11 18:54:35.862: W/Finsky(13613): [1] com.google.android.finsky.application.FinskyAppImpl.F(1569): No account configured on this device.
10-11 18:54:35.862: W/Finsky(13613): [488] com.google.android.finsky.application.FinskyAppImpl.F(1569): No account configured on this device.
10-11 18:54:35.865: W/Finsky(13613): [1] com.google.android.finsky.application.FinskyAppImpl.F(1569): No account configured on this device.
10-11 18:54:35.867: W/Finsky(13613): [1] com.google.android.finsky.application.FinskyAppImpl.F(1569): No account configured on this device.
10-11 18:54:35.869: W/Finsky(13613): [1] com.google.android.finsky.application.FinskyAppImpl.F(1569): No account configured on this device.
10-11 18:54:35.873: W/Finsky(13613): [1] com.google.android.finsky.application.FinskyAppImpl.F(1569): No account configured on this device.
10-11 18:54:35.874: W/Finsky(13613): [1] com.google.android.finsky.application.FinskyAppImpl.F(1569): No account configured on this device.
10-11 18:54:35.882: I/Backup(13332): [GmsBackupAccountManager] Backup account not found in gmscore.
10-11 18:54:35.901: W/Finsky(13613): [1] com.google.android.finsky.application.FinskyAppImpl.F(1569): No account configured on this device.
10-11 18:54:35.903: W/Finsky(13613): [1] com.google.android.finsky.application.FinskyAppImpl.F(1569): No account configured on this device.
10-11 18:54:35.904: W/Finsky(13613): [1] com.google.android.finsky.application.FinskyAppImpl.F(1569): No account configured on this device.
10-11 18:54:35.908: W/Finsky(13613): [1] com.google.android.finsky.application.FinskyAppImpl.F(1569): No account configured on this device.
10-11 18:54:35.911: I/Backup(13332): [BackupTransportMigratorChimeraService] Starting migration...
10-11 18:54:35.911: W/Finsky(13613): [1] com.google.android.finsky.application.FinskyAppImpl.F(1569): No account configured on this device.
10-11 18:54:35.922: I/art(13332): Do partial code cache collection, code=55KB, data=55KB
10-11 18:54:35.922: I/art(13332): After code cache collection, code=54KB, data=55KB
10-11 18:54:35.922: I/art(13332): Increasing code cache capacity to 256KB
10-11 18:54:35.933: W/Binder(13332): Binder call failed.
10-11 18:54:35.933: W/Binder(13332): android.os.DeadObjectException
10-11 18:54:35.933: W/Binder(13332): 	at android.os.BinderProxy.transactNative(Native Method)
10-11 18:54:35.933: W/Binder(13332): 	at android.os.BinderProxy.transact(Binder.java:615)
10-11 18:54:35.933: W/Binder(13332): 	at android.content.IIntentReceiver$Stub$Proxy.performReceive(IIntentReceiver.java:124)
10-11 18:54:35.933: W/Binder(13332): 	at android.app.ActivityThread$ApplicationThread.scheduleRegisteredReceiver(ActivityThread.java:1005)
10-11 18:54:35.933: W/Binder(13332): 	at android.app.ApplicationThreadNative.onTransact(ApplicationThreadNative.java:413)
10-11 18:54:35.933: W/Binder(13332): 	at android.os.Binder.execTransact(Binder.java:565)
10-11 18:54:35.940: W/Finsky(13613): [1] com.google.android.finsky.application.FinskyAppImpl.F(1569): No account configured on this device.
10-11 18:54:35.947: W/Finsky(13613): [1] com.google.android.finsky.application.FinskyAppImpl.F(1569): No account configured on this device.
10-11 18:54:35.958: I/BeaconBle(13332): Using BLE 'L' hardware layer
10-11 18:54:35.959: W/Finsky(13613): [1] com.google.android.finsky.application.FinskyAppImpl.F(1569): No account configured on this device.
10-11 18:54:35.960: W/Finsky(13613): [1] com.google.android.finsky.application.FinskyAppImpl.F(1569): No account configured on this device.
10-11 18:54:35.963: W/Finsky(13613): [1] com.google.android.finsky.application.FinskyAppImpl.F(1569): No account configured on this device.
10-11 18:54:35.964: W/Nearby(13332): Bind call too late - someone already tried to get: interface avxe
10-11 18:54:35.966: W/Finsky(13613): [1] com.google.android.finsky.application.FinskyAppImpl.F(1569): No account configured on this device.
10-11 18:54:35.968: W/Finsky(13613): [1] com.google.android.finsky.application.FinskyAppImpl.F(1569): No account configured on this device.
10-11 18:54:35.969: W/Finsky(13613): [1] com.google.android.finsky.application.FinskyAppImpl.F(1569): No account configured on this device.
10-11 18:54:35.973: W/Finsky(13613): [1] com.google.android.finsky.application.FinskyAppImpl.F(1569): No account configured on this device.
10-11 18:54:35.979: W/Finsky(13613): [1] com.google.android.finsky.application.FinskyAppImpl.F(1569): No account configured on this device.
10-11 18:54:35.982: W/Finsky(13613): [1] com.google.android.finsky.application.FinskyAppImpl.F(1569): No account configured on this device.
10-11 18:54:35.984: W/Finsky(13613): [1] com.google.android.finsky.application.FinskyAppImpl.F(1569): No account configured on this device.
10-11 18:54:35.985: W/Finsky(13613): [1] com.google.android.finsky.application.FinskyAppImpl.F(1569): No account configured on this device.
10-11 18:54:35.993: I/GeofencerStateMachine(13332): removeGeofences: removeRequest=RemoveGeofencingRequest[REMOVE_BY_PENDING_INTENT pendingIntent=PendingIntent[creatorPackage=com.google.android.gms], packageName=null]
10-11 18:54:36.055: W/Finsky(13613): [1] com.google.android.finsky.application.FinskyAppImpl.F(1569): No account configured on this device.
10-11 18:54:36.064: W/Finsky(13613): [1] com.google.android.finsky.application.FinskyAppImpl.F(1569): No account configured on this device.
10-11 18:54:36.068: W/Finsky(13613): [1] com.google.android.finsky.application.FinskyAppImpl.F(1569): No account configured on this device.
10-11 18:54:36.101: W/Finsky(13613): [1] com.google.android.finsky.application.FinskyAppImpl.F(1569): No account configured on this device.
10-11 18:54:36.103: D/LocationManagerService(1627): [LGE_GNSS] registerGnssStatusCallback callback=android.location.IGnssStatusListener$Stub$Proxy@79ee724 pkg =com.google.android.gms
10-11 18:54:36.105: W/Finsky(13613): [1] com.google.android.finsky.application.FinskyAppImpl.F(1569): No account configured on this device.
10-11 18:54:36.107: W/Finsky(13613): [1] com.google.android.finsky.application.FinskyAppImpl.F(1569): No account configured on this device.
10-11 18:54:36.107: D/LocationManagerService(1627): request 92dca89 passive Request[POWER_NONE passive fastest=0] from com.google.android.gms(10073)
10-11 18:54:36.107: D/LocationManagerService(1627): request 92dca89 passive Request[POWER_NONE passive fastest=0] from com.google.android.gms(10073)
10-11 18:54:36.107: I/Finsky(13613): [1] com.google.android.finsky.services.DailyHygiene.a(267): No recent hygiene success, needs more hygiene.
10-11 18:54:36.107: D/LocationManagerService(1627): provider request: passive ProviderRequest[ON interval=0]
10-11 18:54:36.111: W/Finsky(13613): [1] com.google.android.finsky.application.FinskyAppImpl.F(1569): No account configured on this device.
10-11 18:54:36.116: W/Settings(13332): Setting airplane_mode_on has moved from android.provider.Settings.System to android.provider.Settings.Global, returning read-only value.
10-11 18:54:36.127: W/Finsky(13613): [1] com.google.android.finsky.application.FinskyAppImpl.F(1569): No account configured on this device.
10-11 18:54:36.129: W/Finsky(13613): [1] com.google.android.finsky.application.FinskyAppImpl.F(1569): No account configured on this device.
10-11 18:54:36.131: W/Settings(13613): Setting download_manager_max_bytes_over_mobile has moved from android.provider.Settings.Secure to android.provider.Settings.Global.
10-11 18:54:36.134: W/Settings(13613): Setting download_manager_recommended_max_bytes_over_mobile has moved from android.provider.Settings.Secure to android.provider.Settings.Global.
10-11 18:54:36.137: W/Finsky(13613): [1] com.google.android.finsky.application.FinskyAppImpl.F(1569): No account configured on this device.
10-11 18:54:36.145: D/LocationManagerService(1627): getAllProviders()=[passive, gps, network]
10-11 18:54:36.151: W/Finsky(13613): [1] com.google.android.finsky.application.FinskyAppImpl.F(1569): No account configured on this device.
10-11 18:54:36.158: W/Finsky(13613): [1] com.google.android.finsky.application.FinskyAppImpl.F(1569): No account configured on this device.
10-11 18:54:36.158: W/Conscrypt(13332): Could not set socket write timeout:
10-11 18:54:36.159: W/Conscrypt(13332):    java.lang.reflect.Method.invoke(Native Method)
10-11 18:54:36.159: W/Conscrypt(13332):    com.google.android.gms.org.conscrypt.Platform.setSocketWriteTimeout(:com.google.android.gms@11509440:13)
10-11 18:54:36.160: W/Finsky(13613): [1] com.google.android.finsky.application.FinskyAppImpl.F(1569): No account configured on this device.
10-11 18:54:36.162: W/Finsky(13613): [1] com.google.android.finsky.application.FinskyAppImpl.F(1569): No account configured on this device.
10-11 18:54:36.163: W/Finsky(13613): [1] com.google.android.finsky.application.FinskyAppImpl.F(1569): No account configured on this device.
10-11 18:54:36.168: W/Conscrypt(13332): Could not set socket write timeout:
10-11 18:54:36.168: W/Conscrypt(13332):    java.lang.reflect.Method.invoke(Native Method)
10-11 18:54:36.168: W/Conscrypt(13332):    com.google.android.gms.org.conscrypt.Platform.setSocketWriteTimeout(:com.google.android.gms@11509440:13)
10-11 18:54:36.173: W/Finsky(13613): [1] com.google.android.finsky.application.FinskyAppImpl.F(1569): No account configured on this device.
10-11 18:54:36.174: W/Finsky(13613): [1] com.google.android.finsky.application.FinskyAppImpl.F(1569): No account configured on this device.
10-11 18:54:36.175: W/Finsky(13613): [1] com.google.android.finsky.application.FinskyAppImpl.F(1569): No account configured on this device.
10-11 18:54:36.176: W/Finsky(13613): [1] com.google.android.finsky.application.FinskyAppImpl.F(1569): No account configured on this device.
10-11 18:54:36.178: W/Finsky(13613): [1] com.google.android.finsky.application.FinskyAppImpl.F(1569): No account configured on this device.
10-11 18:54:36.178: W/Finsky(13613): [1] com.google.android.finsky.application.FinskyAppImpl.b(1269): No account configured on this device.
10-11 18:54:36.180: W/Finsky(13613): [1] com.google.android.finsky.application.FinskyAppImpl.F(1569): No account configured on this device.
10-11 18:54:36.181: W/Finsky(13613): [1] com.google.android.finsky.application.FinskyAppImpl.F(1569): No account configured on this device.
10-11 18:54:36.182: W/Finsky(13613): [1] com.google.android.finsky.application.FinskyAppImpl.F(1569): No account configured on this device.
10-11 18:54:36.183: W/Finsky(13613): [1] com.google.android.finsky.application.FinskyAppImpl.F(1569): No account configured on this device.
10-11 18:54:36.186: W/Finsky(13613): [1] com.google.android.finsky.application.FinskyAppImpl.F(1569): No account configured on this device.
10-11 18:54:36.186: I/Finsky(13613): [1] com.google.android.finsky.utils.do.onTrimMemory(17): Memory trim requested to level 80
10-11 18:54:36.196: W/Finsky(13613): [514] com.google.android.finsky.application.FinskyAppImpl.F(1569): No account configured on this device.
10-11 18:54:36.198: D/BluetoothManagerService(1627): isBleControlAvailable : true
10-11 18:54:36.198: I/Finsky(13613): [1] com.google.android.finsky.installer.ac.a(1289): Installer kick - no action, not running yet
10-11 18:54:36.201: D/EN(12994): [BillingUtil]{Thread-11} - Billing: bound to IAP-3
10-11 18:54:36.202: W/Finsky(13613): [487] com.google.android.finsky.application.FinskyAppImpl.F(1569): No account configured on this device.
10-11 18:54:36.208: V/GoogleSignatureVerifier(13613): com.google.android.gms signature not valid.  Found: 
10-11 18:54:36.208: V/GoogleSignatureVerifier(13613): MIIEQzCCAyugAwIBAgIJAMLgh0ZkSjCNMA0GCSqGSIb3DQEBBAUAMHQxCzAJBgNVBAYTAlVTMRMw
10-11 18:54:36.208: V/GoogleSignatureVerifier(13613): EQYDVQQIEwpDYWxpZm9ybmlhMRYwFAYDVQQHEw1Nb3VudGFpbiBWaWV3MRQwEgYDVQQKEwtHb29n
10-11 18:54:36.208: V/GoogleSignatureVerifier(13613): bGUgSW5jLjEQMA4GA1UECxMHQW5kcm9pZDEQMA4GA1UEAxMHQW5kcm9pZDAeFw0wODA4MjEyMzEz
10-11 18:54:36.208: V/GoogleSignatureVerifier(13613): MzRaFw0zNjAxMDcyMzEzMzRaMHQxCzAJBgNVBAYTAlVTMRMwEQYDVQQIEwpDYWxpZm9ybmlhMRYw
10-11 18:54:36.208: V/GoogleSignatureVerifier(13613): FAYDVQQHEw1Nb3VudGFpbiBWaWV3MRQwEgYDVQQKEwtHb29nbGUgSW5jLjEQMA4GA1UECxMHQW5k
10-11 18:54:36.208: V/GoogleSignatureVerifier(13613): cm9pZDEQMA4GA1UEAxMHQW5kcm9pZDCCASAwDQYJKoZIhvcNAQEBBQADggENADCCAQgCggEBAKtW
10-11 18:54:36.208: V/GoogleSignatureVerifier(13613): LgDYO6IIrgqWbxJOKdoR8qtW0I9Y4sypEwPpt1TTcvZApxsdyxMJZ2JORland2qSGT2y5b+3JKke
10-11 18:54:36.208: V/GoogleSignatureVerifier(13613): dxiLDmpHpDsz2WCbdxgxRczfey5YZnTJ4VZbH0xqWVW/8lGmPav5xVwnIiJS6HXk+BVKZF+JcWjA
10-11 18:54:36.208: V/GoogleSignatureVerifier(13613): sb/GEuq/eFdpuzSqeYTcfi6idkyugwfYwXFU1+5fZKUaRKYCwkkFQVfcAs1fXA5V+++FGfvjJ/Cx
10-11 18:54:36.208: V/GoogleSignatureVerifier(13613): URaSxaBvGdGDhfXE28LWuT9ozCl5xw4Yq5OGazvV24mZVSoOO0yZ31j7kYvtwYK6NeADwbSxDdJE
10-11 18:54:36.208: V/GoogleSignatureVerifier(13613): qO4k//0zOHKrUiGYXtqw/A0LFFtqoZKFjnkCAQOjgdkwgdYwHQYDVR0OBBYEFMd9jMIhF1Ylmn/T
10-11 18:54:36.208: V/GoogleSignatureVerifier(13613): gt9r45jk14alMIGmBgNVHSMEgZ4wgZuAFMd9jMIhF1Ylmn/Tgt9r45jk14aloXikdjB0MQswCQYD
10-11 18:54:36.208: V/GoogleSignatureVerifier(13613): VQQGEwJVUzETMBEGA1UECBMKQ2FsaWZvcm5pYTEWMBQGA1UEBxMNTW91bnRhaW4gVmlldzEUMBIG
10-11 18:54:36.208: V/GoogleSignatureVerifier(13613): A1UEChMLR29vZ2xlIEluYy4xEDAOBgNVBAsTB0FuZHJvaWQxEDAOBgNVBAMTB0FuZHJvaWSCCQDC
10-11 18:54:36.208: V/GoogleSignatureVerifier(13613): 4IdGZEowjTAMBgNVHRMEBTADAQH/MA0GCSqGSIb3DQEBBAUAA4IBAQBt0lLO74UwLDYKqs6Tm8/y
10-11 18:54:36.208: V/GoogleSignatureVerifier(13613): zKkEu116FmH4rkaymUIE0P9KaMftGlMexFlaYjzmB2OxZyl6euNXEsQH8gjwyxCUKRJNexBiGcCE
10-11 18:54:36.208: V/GoogleSignatureVerifier(13613): yj6z+a1fuHHvkiaai+KL8W1EyNmgjmyy8AW7P+LLlkR+ho5zEHatRbM/YAnqGcFh5iZBqpknHf1S
10-11 18:54:36.208: V/GoogleSignatureVerifier(13613): KMXFh4dd239FJ1jWYfbMDMy3NS5CTMQ2XFI1MvcyUTdZPErjQfTbQe3aDQsQcafEQPD+nqActifK
10-11 18:54:36.208: V/GoogleSignatureVerifier(13613): Z0Np0IS9L9kR/wbNvyz6ENwPiTrjV2KRkEjH78ZMcUQXg0L3BYHJ3lc69Vs5Ddf9uUGGMYldX3Wf
10-11 18:54:36.208: V/GoogleSignatureVerifier(13613): MBEmh/9iFBDAaTCK
10-11 18:54:36.215: W/Finsky(13613): [1] com.google.android.finsky.application.FinskyAppImpl.F(1569): No account configured on this device.
10-11 18:54:36.216: W/Finsky(13613): [1] com.google.android.finsky.application.FinskyAppImpl.F(1569): No account configured on this device.
10-11 18:54:36.224: I/Finsky(13613): [1] com.google.android.finsky.c.l.a(253): result=false type=4
10-11 18:54:36.228: I/BeaconBle(13332): 'L' hardware scan: scan stopped, no clients
10-11 18:54:36.228: I/BeaconBle(13332): Scan canceled successfully.
10-11 18:54:36.231: W/Finsky(13613): [487] com.google.android.finsky.billing.iab.s.a(200): com.evernote: No account found.
10-11 18:54:36.233: E/EN(12994): [BillingUtil]{Thread-11} - Billing: IAP-3 does not support subs
10-11 18:54:36.233: I/NearbyDirect(13332): MagicPairScanner: BluetoothLeScanner is null, Bluetooth might be off. Enabled=false
10-11 18:54:36.238: W/Finsky(13613): [514] com.google.android.finsky.application.FinskyAppImpl.F(1569): No account configured on this device.
10-11 18:54:36.241: W/Finsky(13613): [514] com.google.android.finsky.application.FinskyAppImpl.F(1569): No account configured on this device.
10-11 18:54:36.247: I/WearableService(13332): Wearable Services not starting - Wear is not available on this device.
10-11 18:54:36.263: I/Finsky(13613): [1] com.google.android.finsky.services.bh.a(1081): Restore complete with 0 success and 0 failed.
10-11 18:54:36.280: I/NearbyDirect(13332): MagicPairScanner: BluetoothLeScanner is null, Bluetooth might be off. Enabled=false
10-11 18:54:36.280: D/WearableService(13332): onGetService - Wear is not available on this device.
10-11 18:54:36.282: E/Finsky(13613): [1] com.google.android.finsky.wear.bp.a(847): onConnectionFailed: ConnectionResult{statusCode=API_UNAVAILABLE, resolution=null, message=null}
10-11 18:54:36.283: I/Finsky(13613): [1] com.google.android.finsky.wear.an.run(2402): Dropping command=send_installed_apps due to Gms not connected
10-11 18:54:36.289: I/Finsky(13613): [1] com.google.android.finsky.utils.do.onTrimMemory(17): Memory trim requested to level 80
10-11 18:54:36.292: V/AlarmManagerServiceEx(1627): ELAPSED_WAKEUP set : Alarm{a883ec0 statsTag *walarm*:com.google.android.location.ALARM_WAKEUP_CACHE_UPDATER type 2 when 0 com.google.android.gms} when 0
10-11 18:54:36.298: W/Settings(13332): Setting airplane_mode_on has moved from android.provider.Settings.System to android.provider.Settings.Global, returning read-only value.
10-11 18:54:36.324: I/qtaguid(13249): Tagging socket -1 with tag 0(0) for uid -1 failed errno=-9
10-11 18:54:36.324: I/NetworkManagementSocketTagger(13249): tagSocketFd(-1, 0, -1) failed with errno-9
10-11 18:54:36.417: I/NearbyDirect(13332): MagicPairScanner: BluetoothLeScanner is null, Bluetooth might be off. Enabled=false
10-11 18:54:36.419: D/WifiStateMachine(1627): setSuspendOptimizations : false, SetAllMulti : true
10-11 18:54:36.471: W/NearbyMessages(13332): LocationProvider returns null
10-11 18:54:36.649: D/AndroidRuntime(13698): >>>>>> START com.android.internal.os.RuntimeInit uid 2000 <<<<<<
10-11 18:54:36.652: D/AndroidRuntime(13698): CheckJNI is OFF
10-11 18:54:36.684: I/Icing(13374): updateResources: need to parse tus{com.google.android.gms}
10-11 18:54:36.723: D/ICU(13698): No timezone override file found: /data/misc/zoneinfo/current/icu/icu_tzdata.dat
10-11 18:54:36.743: I/Radio-JNI(13698): register_android_hardware_Radio DONE
10-11 18:54:36.756: D/AndroidRuntime(13698): Calling main entry com.android.commands.am.Am
10-11 18:54:36.760: I/ActivityManager(1627): Force stopping com.google.android.apps.mtaas.loginutil appid=10189 user=0: start instr
10-11 18:54:36.775: I/ActivityManager(1627): Start proc 13711:com.google.android.apps.mtaas.loginutil/u0a189 for added application com.google.android.apps.mtaas.loginutil
10-11 18:54:36.802: W/System(13711): ClassLoader referenced unknown path: /data/app/com.google.android.apps.mtaas.loginutil-1/lib/arm64
10-11 18:54:36.814: D/NetworkSecurityConfig(13711): No Network Security Config specified, using platform default
10-11 18:54:36.863: D/LoginUtil(13711): Connected to Internet
10-11 18:54:36.866: D/LoginUtil(13711): Adding Account {name=VS2WQVCOVYYT3Y3JQZUPAOQ2II-00@cloudtestlabaccounts.com, type=com.google}
10-11 18:54:36.881: I/qtaguid(13249): Untagging socket -1 failed errno=-9
10-11 18:54:36.881: W/NetworkManagementSocketTagger(13249): untagSocket(-1) failed with errno -9
10-11 18:54:36.886: I/ActivityManager(1627): Start proc 13729:com.google.android.apps.auth.test.support/u0a192 for service com.google.android.apps.auth.test.support/.services.AccountService
10-11 18:54:36.887: V/WifiServerServiceExt(1627): checkPollTimer Cnt= 0 rssi =-43 threshold=-100
10-11 18:54:36.910: W/System(13729): ClassLoader referenced unknown path: /data/app/com.google.android.apps.auth.test.support-1/lib/arm64
10-11 18:54:36.928: E/ActivityThread(13729): Failed to find provider info for com.google.android.apps.common.testing.services.storage.testargs
10-11 18:54:36.928: D/EN(12994): [WidgetUtils]{Thread-9} - checkIfStubWidgetNeeded ...
10-11 18:54:36.928: W/AuthService(13729): [TestArgsHelper] Error when calling AndroidTestUtil.getTestArgs(). Note that this behavior might be expected.
10-11 18:54:36.930: D/EN(12994): [WidgetUtils]{Thread-9} - ... took 2
10-11 18:54:36.931: D/EN(12994): [Evernote]{Thread-9} - Manufacturer: LGE
10-11 18:54:36.939: I/AuthService(13729): [AddAccountOperation] Call GmsCore API.
10-11 18:54:36.947: W/ChimeraUtils(13332): Non Chimera context
10-11 18:54:36.972: I/Auth(13332): [ReflectiveChannelBinder] Successfully bound channel!
10-11 18:54:36.976: I/GoogleURLConnFactory(13332): Using platform SSLCertificateSocketFactory
10-11 18:54:36.977: E/BaseAppContext(13332): Tried to stop global GMSCore RequestQueue. This is likely unintended, so ignoring.
10-11 18:54:37.034: I/Auth(13332): [ReflectiveChannelBinder] Successfully bound channel!
10-11 18:54:37.055: I/ActivityManager(1627): Start proc 13752:com.google.android.gms.unstable/u0a73 for service com.google.android.gms/.droidguard.DroidGuardService
10-11 18:54:37.111: I/LoadedApk(13752): No resource references to update in package FFFFFFFFFFFFFFFFFFFFFF
10-11 18:54:37.113: V/AlarmManagerServiceEx(1627): RTC_WAKEUP set : Alarm{adbb4fa statsTag *walarm*:com.lge.launcher3/.recentuninstall.service.AlarmReceiver type 0 when 1507716093354 com.lge.launcher3} when 1507716093354
10-11 18:54:37.113: V/AlarmManagerServiceEx(1627): ELAPSED_WAKEUP set : Alarm{7a026c6 statsTag *walarm*:*job.delay* type 2 when 5223189 android} when 5223189
10-11 18:54:37.113: W/ActivityManager(1627): Unable to start service Intent { flg=0x4 cmp=com.android.vending/com.google.android.finsky.services.DailyHygiene$DailyHygieneService (has extras) } U=0: not found
10-11 18:54:37.114: V/AlarmManagerServiceEx(1627): RTC_WAKEUP set : Alarm{e250687 statsTag *walarm*:com.android.vending/com.google.android.finsky.services.DailyHygiene$DailyHygieneService type 0 when 1507773277112 com.android.vending} when 1507773277112
10-11 18:54:37.124: D/ConneJobSchdlerService(7414): onStartJob
10-11 18:54:37.127: V/AlarmManagerServiceEx(1627): ELAPSED_WAKEUP set : Alarm{e418423 statsTag *walarm*:com.google.android.location.ALARM_WAKEUP_BURST_COLLECTION_TRIGGER type 2 when 5378573 com.google.android.gms} when 5378573
10-11 18:54:37.145: V/NativeCrypto(13752): Registering com/google/android/gms/org/conscrypt/NativeCrypto's 259 native methods...
10-11 18:54:37.158: D/NetworkSecurityConfig(13752): No Network Security Config specified, using platform default
10-11 18:54:37.160: I/ProviderInstaller(13752): Installed default security provider GmsCore_OpenSSL
10-11 18:54:37.297: D/WVCdm(869): Instantiating CDM.
10-11 18:54:37.297: I/WVCdm(869): CdmEngine::OpenSession
10-11 18:54:37.298: I/WVCdm(869): Level3 Library 4445 Mar 30 2016 13:23:54
10-11 18:54:37.303: D/DrmWidevineDash(869): OEMCrypto_Initialize: starts! g_qsee_apps_version = 0x34
10-11 18:54:37.303: D/DrmWidevineDash(869): [ 10-11 18:54:37.303   869: 7354 D/         ]
10-11 18:54:37.303: D/DrmWidevineDash(869): CPPF_ServiceInitialize: start!
10-11 18:54:37.303: D/QSEECOMAPI(869): QSEECom_get_handle sb_length = 0x2800
10-11 18:54:37.303: D/QSEECOMAPI(869): App is not loaded in QSEE
10-11 18:54:37.304: D/QSEECOMAPI(869): app_arch = 2, total_files = 8
10-11 18:54:37.321: D/QSEECOMAPI(869): Loaded image: APP id = 22
10-11 18:54:37.321: D/QSEECOMAPI(869): [ 10-11 18:54:37.323   869: 7354 D/         ]
10-11 18:54:37.321: D/QSEECOMAPI(869): CPPF_ServiceInitialize: end! returns 0
10-11 18:54:37.323: D/DrmWidevineDash(869): Service_Initialize: starts!
10-11 18:54:37.323: D/QSEECOMAPI(869): QSEECom_get_handle sb_length = 0x19000
10-11 18:54:37.324: D/QSEECOMAPI(869): App is not loaded in QSEE
10-11 18:54:37.324: D/QSEECOMAPI(869): app_arch = 2, total_files = 8
10-11 18:54:37.351: D/QSEECOMAPI(869): Loaded image: APP id = 23
10-11 18:54:37.352: D/DrmWidevineDash(869): Service_Initialize: ends! returns 0
10-11 18:54:37.353: D/QSAPPSVER(869): qsapps_get_capabilities: Capability from secure side: 0x1
10-11 18:54:37.353: D/QSAPPSVER(869): qsapps_get_capabilities: returns 0
10-11 18:54:37.353: D/DrmWidevineDash(869): OEMCrypto_Initialize sion_buffer g_wv_fhandle->ion_sbuffer  0x0xf7507000
10-11 18:54:37.353: E/DrmWidevineDash(869): sion_buffer g_wv_fhandle->ion_sbuffer  0x0xf7507000
10-11 18:54:37.404: D/DrmLibTime(623): got the req here! ret=0
10-11 18:54:37.404: D/DrmLibTime(623): command id, time_cmd_id = 770
10-11 18:54:37.404: D/DrmLibTime(623): time_getutcsec starts!
10-11 18:54:37.404: D/DrmLibTime(623): QSEE Time Listener: time_getutcsec
10-11 18:54:37.404: D/DrmLibTime(623): QSEE Time Listener: get_utc_seconds
10-11 18:54:37.404: D/DrmLibTime(623): QSEE Time Listener: time_get_modem_time
10-11 18:54:37.404: D/DrmLibTime(623): QSEE Time Listener: Checking if ATS_MODEM is set or not.
10-11 18:54:37.404: D/QC-time-services(623): Lib:time_genoff_operation: pargs->base = 13
10-11 18:54:37.404: D/QC-time-services(623): Lib:time_genoff_operation: pargs->operation = 2
10-11 18:54:37.404: D/QC-time-services(623): Lib:time_genoff_operation: pargs->ts_val = 0
10-11 18:54:37.405: D/QC-time-services(623): Lib:time_genoff_operation: Send to server  passed!!
10-11 18:54:37.405: D/QC-time-services(1788): Daemon: Connection accepted:time_genoff
10-11 18:54:37.405: D/QC-time-services(1788): Daemon:Received base = 13, unit = 1, operation = 2,value = 0
10-11 18:54:37.405: D/QC-time-services(1788): Daemon:genoff_opr: Base = 13, val = 0, operation = 2
10-11 18:54:37.405: D/QC-time-services(1788): offset is: 0 for base: 13
10-11 18:54:37.405: E/QC-time-services(623): Receive Passed == base = 13, unit = 1, operation = 2, result = 0
10-11 18:54:37.405: E/QC-time-services(1788): Daemon: Time-services: Waiting to acceptconnection
10-11 18:54:37.405: D/DrmLibTime(623): QSEE Time Listener: ATS_MODEM is not set. Fallback to Android system time.
10-11 18:54:37.405: D/DrmLibTime(623): QSEE Time Listener: Retrieved Android system time: 1507773277
10-11 18:54:37.405: D/DrmLibTime(623): time_getutcsec returns 0, sec = 1507773277; nsec = 0
10-11 18:54:37.405: D/DrmLibTime(623): time_getutcsec finished! 
10-11 18:54:37.405: D/DrmLibTime(623): iotcl_continue_command finished! and return 0 
10-11 18:54:37.405: D/DrmLibTime(623): before calling ioctl to read the next time_cmd
10-11 18:54:37.411: D/DrmWidevineDash(869): OEMCrypto_Initialize: ends! returns 0
10-11 18:54:37.411: D/DrmWidevineDash(869): OEMCrypto_APIVersion: starts!
10-11 18:54:37.413: D/DrmWidevineDash(869): hlos api version =  11
10-11 18:54:37.413: D/DrmWidevineDash(869): tz api version =  11
10-11 18:54:37.413: D/DrmWidevineDash(869): OEMCrypto_APIVersion: ends! returns version 11
10-11 18:54:37.413: D/DrmWidevineDash(869): OEMCrypto_IsKeyboxValid: starts!
10-11 18:54:37.414: I/Icing(13374): Internal init done: storage state 0
10-11 18:54:37.417: D/DrmWidevineDash(869): OEMCrypto_IsKeyboxValid: ends! returns 0
10-11 18:54:37.417: D/WVCdm(869): OEMCrypto_Initialize Level 1 success. I will use level 1.
10-11 18:54:37.417: D/DrmWidevineDash(869): OEMCrypto_OpenSession: starts! SID=0xf61ff3ec
10-11 18:54:37.417: D/DrmWidevineDash(869): OEMCrypto_OpenSession Session ID = 0
10-11 18:54:37.418: D/DrmWidevineDash(869): OEMCrypto_OpenSession SID = 1
10-11 18:54:37.418: D/DrmWidevineDash(869): OEMCrypto_OpenSession: ends! returns 0
10-11 18:54:37.418: D/DrmWidevineDash(869): OEMCrypto_GetRandom: starts! randomData=0xf64a41e8, dataLength=8
10-11 18:54:37.419: D/DrmWidevineDash(869): OEMCrypto_GetRandom: ends! returns 0
10-11 18:54:37.420: D/DrmWidevineDash(869): OEMCrypto_LoadDeviceRSAKey: starts! SID=1, wrapped_rsa_key=0xf5a8d600, wrapped_rsa_key_length=1280
10-11 18:54:37.426: D/DrmWidevineDash(869): OEMCrypto_LoadDeviceRSAKey: ends! returns 0
10-11 18:54:37.426: D/DrmWidevineDash(869): OEMCrypto_GetRandom: starts! randomData=0xf649a1a0, dataLength=4
10-11 18:54:37.427: D/DrmWidevineDash(869): OEMCrypto_GetRandom: ends! returns 0
10-11 18:54:37.427: I/WVCdm(869): CdmEngine::QueryKeyControlInfo
10-11 18:54:37.427: I/WVCdm(869): CdmEngine::GenerateKeyRequest
10-11 18:54:37.428: D/DrmWidevineDash(869): OEMCrypto_GetDeviceID: starts! deviceID=0xf622b480, idLength=0xf63811d4
10-11 18:54:37.432: D/DrmWidevineDash(869): OEMCrypto_GetDeviceID: ends! returns 0
10-11 18:54:37.432: D/DrmWidevineDash(869): OEMCrypto_Security_Patch_Level: starts!
10-11 18:54:37.433: E/DrmWidevineDash(869): tz api security patch level =  0
10-11 18:54:37.433: D/DrmWidevineDash(869): OEMCrypto_Security_Patch_Level: ends! returns level 0
10-11 18:54:37.433: D/DrmWidevineDash(869): OEMCrypto_SupportsUsageTable: starts!
10-11 18:54:37.434: D/DrmWidevineDash(869): OEMCrypto_SupportsUsageTable: is_supported = 1
10-11 18:54:37.434: D/DrmWidevineDash(869): OEMCrypto_SupportsUsageTable: wv_app_version =0x37
10-11 18:54:37.434: D/DrmWidevineDash(869): OEMCrypto_SupportsUsageTable: ends! returns 0
10-11 18:54:37.434: D/DrmWidevineDash(869): OEMCrypto_IsAntiRollbackHwPresent: starts!
10-11 18:54:37.435: D/DrmWidevineDash(869): OEMCrypto_IsAntiRollbackHwPresent ends! ret=0, is_antirb_enabled = 1
10-11 18:54:37.435: D/DrmWidevineDash(869): OEMCrypto_APIVersion: starts!
10-11 18:54:37.436: D/DrmWidevineDash(869): hlos api version =  11
10-11 18:54:37.436: D/DrmWidevineDash(869): tz api version =  11
10-11 18:54:37.436: D/DrmWidevineDash(869): OEMCrypto_APIVersion: ends! returns version 11
10-11 18:54:37.436: D/DrmWidevineDash(869): OEMCrypto_GetHDCPCapability starts!
10-11 18:54:37.438: D/DrmWidevineDash(869): OEMCrypto_GetHDCPCapability current=255, max=4
