10-11 18:54:32.868: W/System(13221): ClassLoader referenced unknown path: /system/app/SmartShare/lib/arm64
10-11 18:54:32.874: I/Radio-JNI(13154): register_android_hardware_Radio DONE
10-11 18:54:32.880: I/ActivityManager(1627): Start proc 13249:com.google.android.youtube/u0a188 for broadcast com.google.android.youtube/com.google.android.apps.youtube.app.system.LocaleUpdatedReceiver
10-11 18:54:32.898: D/AndroidRuntime(13154): Calling main entry com.android.commands.am.Am
10-11 18:54:32.925: W/System(13249): ClassLoader referenced unknown path: /system/app/YouTube/lib/arm64
10-11 18:54:32.937: W/SoundModelDBHelper(1627): No SoundModel available for the given keyphrase
10-11 18:54:32.937: E/GsaVoiceInteractionSrv(3082): UnsupportedOperationException
10-11 18:54:32.937: E/GsaVoiceInteractionSrv(3082): java.lang.UnsupportedOperationException: Getting supported recognition modes for the keyphrase is not supported
10-11 18:54:32.937: E/GsaVoiceInteractionSrv(3082): 	at android.service.voice.AlwaysOnHotwordDetector.getSupportedRecognitionModesLocked(AlwaysOnHotwordDetector.java:381)
10-11 18:54:32.937: E/GsaVoiceInteractionSrv(3082): 	at android.service.voice.AlwaysOnHotwordDetector.getSupportedRecognitionModes(AlwaysOnHotwordDetector.java:368)
10-11 18:54:32.937: E/GsaVoiceInteractionSrv(3082): 	at com.google.android.voiceinteraction.GsaVoiceInteractionService.getSupportedRecognitionModes(SourceFile:1790)
10-11 18:54:32.937: E/GsaVoiceInteractionSrv(3082): 	at com.google.android.voiceinteraction.GsaVoiceInteractionService.bvL(SourceFile:1779)
10-11 18:54:32.937: E/GsaVoiceInteractionSrv(3082): 	at com.google.android.voiceinteraction.GsaVoiceInteractionService.bvD(SourceFile:21154)
10-11 18:54:32.937: E/GsaVoiceInteractionSrv(3082): 	at com.google.android.voiceinteraction.GsaVoiceInteractionService$7.onServiceConnected(SourceFile:752)
10-11 18:54:32.937: E/GsaVoiceInteractionSrv(3082): 	at android.app.LoadedApk$ServiceDispatcher.doConnected(LoadedApk.java:1535)
10-11 18:54:32.937: E/GsaVoiceInteractionSrv(3082): 	at android.app.LoadedApk$ServiceDispatcher$RunConnection.run(LoadedApk.java:1563)
10-11 18:54:32.937: E/GsaVoiceInteractionSrv(3082): 	at android.os.Handler.handleCallback(Handler.java:751)
10-11 18:54:32.937: E/GsaVoiceInteractionSrv(3082): 	at android.os.Handler.dispatchMessage(Handler.java:95)
10-11 18:54:32.937: E/GsaVoiceInteractionSrv(3082): 	at android.os.Looper.loop(Looper.java:154)
10-11 18:54:32.937: E/GsaVoiceInteractionSrv(3082): 	at android.app.ActivityThread.main(ActivityThread.java:6316)
10-11 18:54:32.937: E/GsaVoiceInteractionSrv(3082): 	at java.lang.reflect.Method.invoke(Native Method)
10-11 18:54:32.937: E/GsaVoiceInteractionSrv(3082): 	at com.android.internal.os.ZygoteInit$MethodAndArgsCaller.run(ZygoteInit.java:872)
10-11 18:54:32.937: E/GsaVoiceInteractionSrv(3082): 	at com.android.internal.os.ZygoteInit.main(ZygoteInit.java:762)
10-11 18:54:32.944: E/asset(13268): setgid: Operation not permitted
10-11 18:54:32.973: D/WeatherPLT_CommonReceiver(3484): end action : com.lge.sizechangable.weather.platform.action.POKE : 230ms
10-11 18:54:32.978: V/ActivityManager(1627): clear launchingApp : null
10-11 18:54:32.987: E/asset(13270): setgid: Operation not permitted
10-11 18:54:32.994: I/ActivityManager(1627): Start proc 13271:com.lge.smartsharepush/2901 for content provider com.lge.smartsharepush/com.lge.smartsharebeam.provider.PushSearchIndexablesProvider
10-11 18:54:33.012: D/WeatherPLT_Utils(3484): Network type : WIFI - CONNECTED
10-11 18:54:33.012: D/WeatherPLT_CommonReceiver(3484): start action : com.lge.sizechangable.weather.platform.action.POKE
10-11 18:54:33.013: D/WeatherPLT_UpdateWorkerCurrentOnly(3484): cursor is empty. current location is not exist.
10-11 18:54:33.013: D/WeatherPLT_CommonReceiver(3484): end action : com.lge.sizechangable.weather.platform.action.POKE : 1ms
10-11 18:54:33.030: I/ActivityManager(1627): START u0 {flg=0x10000000 cmp=com.google.android.apps.mtaas.backdrop/.BackdropActivity} from uid 2000 on display 0
10-11 18:54:33.033: D/ActivityManager(1627): setTaskToReturnTo : TaskRecord{5ff59b3 #2 A=com.google.android.apps.mtaas.backdrop U=0 StackId=1 sz=0} / mTaskToReturnTo = 1
10-11 18:54:33.033: D/ActivityManager(1627): setTaskToReturnTo : TaskRecord{5ff59b3 #2 A=com.google.android.apps.mtaas.backdrop U=0 StackId=1 sz=0} / mTaskToReturnTo = 1
10-11 18:54:33.033: D/ActivityManager(1627): setTaskToReturnTo : TaskRecord{5ff59b3 #2 A=com.google.android.apps.mtaas.backdrop U=0 StackId=1 sz=0} / mTaskToReturnTo = 1
10-11 18:54:33.035: D/ActivityManager(1627): setTaskToReturnTo : TaskRecord{5ff59b3 #2 A=com.google.android.apps.mtaas.backdrop U=0 StackId=1 sz=1} / mTaskToReturnTo = 1
10-11 18:54:33.035: D/LGImageQualityEnhancementService(2591): handleCallbackActivity(), isEnhanced: false
10-11 18:54:33.037: D/InputDispatcher(1627): Focus left window: Window{ffe729e u0 com.lge.launcher3/com.lge.launcher3.LauncherExtension}
10-11 18:54:33.037: E/ANDR-PERF-MPCTL(564): invalid request, no optimizations performed
10-11 18:54:33.039: I/PowerRM(825): System FW:1 SO:0 GT:0 CAPP:-1 APP:0
10-11 18:54:33.039: D/ActivityTrigger(1627): ActivityTrigger activityPauseTrigger 
10-11 18:54:33.040: I/[LGHome6]LauncherCallbacksImpl(12980): Launcher.onPause // 6.0.12.2(60001220) this:com.lge.launcher3.LauncherExtension$LauncherCallbacksImpl@a1579dd
10-11 18:54:33.040: I/Thermal-Lib(825): Thermal-Lib-Client: Client request sent
10-11 18:54:33.040: I/ThermalEngine(819): Thermal-Server: Thermal received msg from  tmr
10-11 18:54:33.040: I/TMR(819): C0.1
10-11 18:54:33.040: I/TMR(819): C1.9
10-11 18:54:33.047: D/AndroidRuntime(13154): Shutting down VM
10-11 18:54:33.068: I/ActivityManager(1627): Start proc 13292:com.google.android.apps.mtaas.backdrop/u0a191 for activity com.google.android.apps.mtaas.backdrop/.BackdropActivity
10-11 18:54:33.074: D/CalendarAppWidgetProvi(4210): [AppWidgetProvider] got the intent: Intent { act=com.lge.calendar.action.APPWIDGET_UPDATE flg=0x10 cmp=com.android.calendar/.widget.CalendarAppWidgetProvider (has extras) }
10-11 18:54:33.079: W/System(13271): ClassLoader referenced unknown path: /system/priv-app/LGSmartSharePush/lib/arm
10-11 18:54:33.084: D/ActivityTrigger(1627): ActivityTrigger activityStopTrigger 
10-11 18:54:33.128: I/art(7390): Background sticky concurrent mark sweep GC freed 77349(4MB) AllocSpace objects, 8(3MB) LOS objects, 15% free, 24MB/29MB, paused 2.974ms total 192.362ms
10-11 18:54:33.135: I/LeccpManager(13271): [LeccpManager] LeccpManager version: 300005
10-11 18:54:33.145: D/LeccpService_Stub(2591): [LeccpService_Stub] getStatus
10-11 18:54:33.170: W/LocationOracle(7630): getBestLocation(): no location is available
10-11 18:54:33.172: W/Search.SearchUrlHelper(7630): URL param or header with a key: "gl" has an empty value.
10-11 18:54:33.185: D/LGImageQualityEnhancementService(2591): handleCallbackActivity(), isEnhanced: false
10-11 18:54:33.192: I/Icing(7464): IndexChimeraService.getServiceInterface callingPackage=com.google.android.gms componentName=AppsCorpus serviceId=36
10-11 18:54:33.198: E/AgendaWidgetManager(4210): [updateWidgets] 
10-11 18:54:33.204: D/MyScheduleWidgetProvid(4210): [onReceive] intent = Intent { act=com.lge.calendar.action.APPWIDGET_UPDATE flg=0x10 cmp=com.android.calendar/.widget.myschedule.MyScheduleWidgetProvider (has extras) }
10-11 18:54:33.207: D/MyScheduleWidgetProvid(4210): [performUpdate]
10-11 18:54:33.207: I/Icing(7464): IndexChimeraService.getServiceInterface callingPackage=com.google.android.gms componentName=AppsCorpus serviceId=32
10-11 18:54:33.234: W/Conscrypt(7390): Could not set socket write timeout:
10-11 18:54:33.234: W/Conscrypt(7390):    java.lang.reflect.Method.invoke(Native Method)
10-11 18:54:33.234: W/Conscrypt(7390):    com.google.android.gms.org.conscrypt.Platform.setSocketWriteTimeout(:com.google.android.gms@11509440:13)
10-11 18:54:33.235: I/[LGHome6]RUService(12980): setAlarm()
10-11 18:54:33.235: D/WallpaperManagerEx(12980): brightness for bitmap = 96
10-11 18:54:33.235: D/WallpaperManagerEx(12980): text color is -1
10-11 18:54:33.244: I/Gmail(13158): Initiated Service map for: [gPop3, gLegacyImap, gEas, gmail]
10-11 18:54:33.256: I/Exchange(13158): EasService.onCreate
10-11 18:54:33.257: W/ActivityManager(1627): Unable to start service Intent { cmp=com.google.android.gm.exchange/com.android.exchange.service.EasService } U=0: not found
10-11 18:54:33.258: I/Exchange(13158): EasService.onCreate stoppedOldService=false
10-11 18:54:33.262: I/Exchange(13158): needResyncCalendar: false, hasCalendarPermission: false, needResyncContacts: false, hasContactsPermission: true
10-11 18:54:33.263: I/Exchange(13158): RestartPingTask
10-11 18:54:33.264: I/Gmail(13158): getAccountsCursor
10-11 18:54:33.295: I/SystemServicesProxy(2351): RecentApps has 0 item(s).
10-11 18:54:33.317: I/[LGHome6]UninstallModeManager(12980): setUninstallTypeForAllBadgeViews() : AsyncTask - Start
10-11 18:54:33.322: V/LGMDMManagerInternal(12980): Create singleton instance
10-11 18:54:33.370: W/System(13292): ClassLoader referenced unknown path: /data/app/com.google.android.apps.mtaas.backdrop-1/lib/arm64
10-11 18:54:33.372: V/NativeCrypto(13249): Registering com/google/android/gms/org/conscrypt/NativeCrypto's 259 native methods...
10-11 18:54:33.373: I/WindowManager(1627): Starting window displayed
10-11 18:54:33.389: D/NetworkSecurityConfig(13249): No Network Security Config specified, using platform default
10-11 18:54:33.390: I/ProviderInstaller(13249): Installed default security provider GmsCore_OpenSSL
10-11 18:54:33.398: I/Exchange(13158): RestartPingsTask did not start any pings.
10-11 18:54:33.407: I/Exchange(13158): onDestroy
10-11 18:54:33.408: W/ActivityManager(1627): Unable to start service Intent { cmp=com.google.android.gm/com.android.email.service.AttachmentService } U=0: not found
10-11 18:54:33.413: W/System(13249): ClassLoader referenced unknown path: 
10-11 18:54:33.417: D/View(12980): [View][getSystemUiVisibilityLG] mSystemUiVisibilityLG=0x 0
10-11 18:54:33.427: I/LocaleChangeIO(7390): Requesting GmsCore restart due to change in locale assets
10-11 18:54:33.447: I/Adreno(1627): QUALCOMM build                   : 2ff701b, Ifb108ab6ba
10-11 18:54:33.447: I/Adreno(1627): Build Date                       : 01/30/17
10-11 18:54:33.447: I/Adreno(1627): OpenGL ES Shader Compiler Version: XE031.09.00.03
10-11 18:54:33.447: I/Adreno(1627): Local Branch                     : 
10-11 18:54:33.447: I/Adreno(1627): Remote Branch                    : refs/tags/AU_LINUX_ANDROID_LA.UM.5.5.C1.07.00.00.275.029
10-11 18:54:33.447: I/Adreno(1627): Remote Branch                    : NONE
10-11 18:54:33.447: I/Adreno(1627): Reconstruct Branch               : NOTHING
10-11 18:54:33.447: I/Process(7464): Sending signal. PID: 7464 SIG: 9
10-11 18:54:33.449: I/Process(7804): Sending signal. PID: 7804 SIG: 9
10-11 18:54:33.450: I/Process(7968): Sending signal. PID: 7968 SIG: 9
10-11 18:54:33.452: I/OpenGLRenderer(1627): Initialized EGL, version 1.4
10-11 18:54:33.452: I/Process(7390): Sending signal. PID: 7390 SIG: 9
10-11 18:54:33.453: I/NavigationThemeResource(2351): notify navigation bar color(0xff000000)
10-11 18:54:33.453: I/NavigationThemeResource(2351): NavigationKey Color is changed(WHITE_WITH_BORDER -> WHITE)
10-11 18:54:33.453: I/NavigationThemeResource(2351):  BarMode=4, Theme=WHITE, LightBackground=false (NOT Transparent)
10-11 18:54:33.453: I/NavigationThemeResource(2351): , Keyguard show=false, IME shown=false, Bar vertical=false, Panel expanded=false
10-11 18:54:33.454: D/PhoneStatusBar(2351): setSystemUiVisibility vis=0 mask=ffffffff oldVal=8708 newVal=0 diff=8708
10-11 18:54:33.455: I/NavigationThemeResource(2351): NavigationKey Color is changed(WHITE -> BLACK)
10-11 18:54:33.455: I/NavigationThemeResource(2351):  BarMode=0, Theme=WHITE, LightBackground=false (NOT Transparent)
10-11 18:54:33.455: I/NavigationThemeResource(2351): , Keyguard show=false, IME shown=false, Bar vertical=false, Panel expanded=false
10-11 18:54:33.455: E/JavaBinder(1627): !!! FAILED BINDER TRANSACTION !!!  (parcel size = 3452)
10-11 18:54:33.456: W/BroadcastQueue(1627): Exception when sending broadcast to ComponentInfo{com.google.android.gms/com.google.android.gms.gcm.nts.SchedulerReceiver}
10-11 18:54:33.456: W/BroadcastQueue(1627): android.os.DeadObjectException: Transaction failed on small parcel; remote process probably died
10-11 18:54:33.456: W/BroadcastQueue(1627): 	at android.os.BinderProxy.transactNative(Native Method)
10-11 18:54:33.456: W/BroadcastQueue(1627): 	at android.os.BinderProxy.transact(Binder.java:615)
10-11 18:54:33.456: W/BroadcastQueue(1627): 	at android.app.ApplicationThreadProxy.scheduleReceiver(ApplicationThreadNative.java:959)
10-11 18:54:33.456: W/BroadcastQueue(1627): 	at com.android.server.am.BroadcastQueue.processCurBroadcastLocked(BroadcastQueue.java:308)
10-11 18:54:33.456: W/BroadcastQueue(1627): 	at com.android.server.am.BroadcastQueue.processNextBroadcast(BroadcastQueue.java:1350)
10-11 18:54:33.456: W/BroadcastQueue(1627): 	at com.android.server.am.ActivityManagerService.finishReceiver(ActivityManagerService.java:19307)
10-11 18:54:33.456: W/BroadcastQueue(1627): 	at android.app.ActivityManagerNative.onTransact(ActivityManagerNative.java:531)
10-11 18:54:33.456: W/BroadcastQueue(1627): 	at com.android.server.am.ActivityManagerService.onTransact(ActivityManagerService.java:3023)
10-11 18:54:33.456: W/BroadcastQueue(1627): 	at com.android.server.am.ActivityManagerServiceEx.onTransact(ActivityManagerServiceEx.java:594)
10-11 18:54:33.456: W/BroadcastQueue(1627): 	at android.os.Binder.execTransact(Binder.java:565)
10-11 18:54:33.456: D/ActivityManager(1627): cleanUpApplicationRecord -- 7390
10-11 18:54:33.456: W/ActivityManager(1627): Scheduling restart of crashed service com.google.android.gms/.chimera.PersistentIntentOperationService in 12298ms
10-11 18:54:33.457: W/ActivityManager(1627): Scheduling restart of crashed service com.google.android.gms/com.google.android.location.geocode.GeocodeService in 22297ms
10-11 18:54:33.457: W/ActivityManager(1627): Scheduling restart of crashed service com.google.android.gms/com.google.location.nearby.direct.service.NearbyDirectService in 32297ms
10-11 18:54:33.457: W/ActivityManager(1627): Scheduling restart of crashed service com.google.android.gms/.auth.proximity.firstparty.SystemMemoryCacheService in 32297ms
10-11 18:54:33.457: W/ActivityManager(1627): Scheduling restart of crashed service com.google.android.gms/com.google.android.location.fused.service.FusedProviderService in 32297ms
10-11 18:54:33.457: W/ActivityManager(1627): Scheduling restart of crashed service com.google.android.gms/.tapandpay.service.TapAndPayService in 42297ms
10-11 18:54:33.457: W/ActivityManager(1627): Scheduling restart of crashed service com.google.android.gms/.trustagent.speech.service.VoiceUnlockService in 52297ms
10-11 18:54:33.457: W/ActivityManager(1627): Scheduling restart of crashed service com.google.android.gms/com.google.android.location.internal.PendingIntentCallbackService in 62297ms
10-11 18:54:33.457: W/ActivityManager(1627): Scheduling restart of crashed service com.google.android.gms/.gcm.GcmService in 62297ms
10-11 18:54:33.457: W/ActivityManager(1627): Scheduling restart of crashed service com.google.android.gms/.clearcut.service.ClearcutLoggerService in 72297ms
10-11 18:54:33.457: W/ActivityManager(1627): Scheduling restart of crashed service com.google.android.gms/.nearby.messages.service.NearbyMessagesService in 82297ms
10-11 18:54:33.457: W/ActivityManager(1627): Scheduling restart of crashed service com.google.android.gms/com.google.android.location.geofencer.service.GeofenceProviderService in 92297ms
10-11 18:54:33.457: W/ActivityManager(1627): Scheduling restart of crashed service com.google.android.gms/com.google.android.location.network.NetworkLocationService in 102297ms
10-11 18:54:33.457: W/ActivityManager(1627): Scheduling restart of crashed service com.google.android.gms/com.google.android.location.internal.GoogleLocationManagerService in 112297ms
10-11 18:54:33.457: W/ActivityManager(1627): Scheduling restart of crashed service com.google.android.gms/.auth.account.service.WorkAccountService in 122297ms
10-11 18:54:33.457: W/ActivityManager(1627): Scheduling restart of crashed service com.google.android.gms/.common.stats.GmsCoreStatsService in 122297ms
10-11 18:54:33.458: W/ActivityManager(1627): Scheduling restart of crashed service com.google.android.gms/.auth.setup.devicesignals.LockScreenService in 132297ms
10-11 18:54:33.458: W/ActivityManager(1627): Scheduling restart of crashed service com.google.android.gms/.backup.BackupTransportService in 142296ms
10-11 18:54:33.458: W/ActivityManager(1627): Scheduling restart of crashed service com.google.android.gms/.phenotype.service.PhenotypeService in 152296ms
10-11 18:54:33.458: W/ActivityManager(1627): Scheduling restart of crashed service com.google.android.gms/com.google.android.contextmanager.service.ContextManagerService in 162296ms
10-11 18:54:33.458: W/ActivityManager(1627): Scheduling restart of crashed service com.google.android.gms/com.google.android.location.internal.server.GoogleLocationService in 172296ms
10-11 18:54:33.458: W/ActivityManager(1627): Scheduling restart of crashed service com.google.android.gms/com.google.android.location.internal.server.HardwareArProviderService in 182296ms
10-11 18:54:33.458: W/ActivityManager(1627): Scheduling restart of crashed service com.google.android.gms/.deviceconnection.service.DeviceConnectionWatcherService in 192296ms
10-11 18:54:33.460: D/OpenGLRenderer(1627): Swap behavior 1
10-11 18:54:33.474: I/ActivityManager(1627): Start proc 13332:com.google.android.gms.persistent/u0a73 for broadcast com.google.android.gms/.gcm.nts.SchedulerReceiver
10-11 18:54:33.478: E/lowmemorykiller(642): Error writing /proc/7804/oom_score_adj; errno=22
10-11 18:54:33.482: I/Exchange(13158): EasService.onCreate
10-11 18:54:33.486: W/ActivityManager(1627): Unable to start service Intent { cmp=com.google.android.gm.exchange/com.android.exchange.service.EasService } U=0: not found
10-11 18:54:33.486: I/Exchange(13158): EasService.onCreate stoppedOldService=false
10-11 18:54:33.488: I/Exchange(13158): needResyncCalendar: false, hasCalendarPermission: false, needResyncContacts: false, hasContactsPermission: true
10-11 18:54:33.491: I/[LGHome6]UninstallModeManager(12980): setUninstallTypeForAllBadgeViews() : AsyncTask - End
10-11 18:54:33.492: I/[LGHome6]WallpaperBlurredImageController(12980): loadWallpaperBlurredImage()
10-11 18:54:33.494: I/[LGHome6]WallpaperInfoManager(12980): mRealWallpaperSize    : Point(1080, 1920)
10-11 18:54:33.494: I/[LGHome6]WallpaperInfoManager(12980): DisplaySize           : Point(1440, 2880)
10-11 18:54:33.494: I/[LGHome6]WallpaperInfoManager(12980): mDefaultWallpaperSize : Point(2880, 2880)
10-11 18:54:33.494: I/[LGHome6]WallpaperInfoManager(12980): mDesiredWallpaperSize : Point(2880, 2880)
10-11 18:54:33.496: I/[LGHome6]WallpaperInfoManager(12980): RealWallpaperSizeRatio : 0,667 (0,750, 0,667)
10-11 18:54:33.502: I/WindowManager(1627): Destroying surface Surface(name=Aspect Button) called by com.android.server.wm.WindowStateAnimator.destroySurface:2192 com.android.server.wm.WindowStateAnimator.destroySurfaceLocked:969 com.android.server.wm.WindowState.destroyOrSaveSurface:2170 com.android.server.wm.WindowManagerService.tryStartExitingAnimation:3540 com.android.server.wm.WindowManagerService.relayoutWindow:3404 com.android.server.wm.WindowManagerServiceEx.relayoutWindow:566 com.android.server.wm.Session.relayout:216 android.view.ViewRootImpl.relayoutWindow:5932 
10-11 18:54:33.506: I/Exchange(13158): RestartPingTask
10-11 18:54:33.510: V/NotificationService(1627): pkg=com.google.android.apps.mtaas.backdrop canInterrupt=false intercept=true
10-11 18:54:33.523: I/[LGHome6]WallpaperInfoManager(12980): getWallpaperStartOffset : (60, 0)
10-11 18:54:33.532: I/Process(7910): Sending signal. PID: 7910 SIG: 9
10-11 18:54:33.534: E/lowmemorykiller(642): Error writing /proc/7804/oom_score_adj; errno=22
10-11 18:54:33.535: I/NotificationServiceEx(1627): LED remove() : mLights=0|com.google.android.apps.mtaas.backdrop|1|null|10191
10-11 18:54:33.535: D/NotificationServiceEx(1627): updateLightListLocked :r=0|com.google.android.apps.mtaas.backdrop|1|null|10191, action=2
10-11 18:54:33.535: D/NotificationServiceEx(1627): notification=Notification(pri=0 contentView=null vibrate=null sound=null tick defaults=0x0 flags=0x0 color=0x00000000 backgroundColor=0x00000000 vis=PRIVATE)
10-11 18:54:33.563: D/Tethering(1627): checkDunRequired: secureSetting is 2
10-11 18:54:33.565: E/WifiServiceImplEx(1627): wifiserviceimp getWifiStaSapConcurrency: true
10-11 18:54:33.573: D/SettingAppIndexUpdateService(2688): End Create Settings DB
10-11 18:54:33.583: E/lowmemorykiller(642): Error writing /proc/7804/oom_score_adj; errno=22
10-11 18:54:33.583: E/lowmemorykiller(642): Error writing /proc/7968/oom_score_adj; errno=22
10-11 18:54:33.584: E/lowmemorykiller(642): Error writing /proc/7910/oom_score_adj; errno=22
10-11 18:54:33.588: E/lowmemorykiller(642): Error writing /proc/7804/oom_score_adj; errno=22
10-11 18:54:33.589: E/lowmemorykiller(642): Error writing /proc/7968/oom_score_adj; errno=22
10-11 18:54:33.590: E/lowmemorykiller(642): Error writing /proc/7910/oom_score_adj; errno=22
10-11 18:54:33.590: W/PowerManagerServiceEx(1627): start wakeUpForExtendedDisplay
10-11 18:54:33.590: W/PowerManagerServiceEx(1627): ignore partial wakeup request because already awake state
10-11 18:54:33.591: D/PowerManagerServiceEx(1627): acquireWakeLockInternal: lock=234261093, flags=0x200, tag="NotificationHistoryWakeLock@de563b7", ws=null, historyTag=null, uid=1000, pid=3196
10-11 18:54:33.595: I/ActivityManager(1627): Process com.google.android.gms.ui (pid 7968) has died
10-11 18:54:33.595: D/ActivityManager(1627): cleanUpApplicationRecord -- 7968
10-11 18:54:33.597: W/System(13249): ClassLoader referenced unknown path: /data/user_de/0/com.google.android.gms/app_chimera/m/00000006/n/arm64-v8a
10-11 18:54:33.601: I/LGEIMS_J(3163): onTrimMemory :: level=5
10-11 18:54:33.601: I/art(3163): Starting a blocking GC Explicit
10-11 18:54:33.609: D/Telephony(2668): PhoneApp: onTrimMemory: 5
10-11 18:54:33.609: I/Telecom(2650): TelecomApp: onTrimMemory: 5
10-11 18:54:33.609: I/art(2668): Starting a blocking GC Explicit
10-11 18:54:33.610: I/Telecom(2650): TelecomApp: trim memory
10-11 18:54:33.610: I/InCall(2824): InCallApp - onTrimMemory: 5
10-11 18:54:33.610: I/InCall(2824): InCallApp - trim memory
10-11 18:54:33.610: I/art(2650): Starting a blocking GC Explicit
10-11 18:54:33.619: I/PhoneStatusBar(2351): updateMediaMetaData(false): mMediaMetadata = null
10-11 18:54:33.634: I/art(2650): Explicit concurrent mark sweep GC freed 78(2336B) AllocSpace objects, 0(0B) LOS objects, 46% free, 9MB/17MB, paused 195us total 23.068ms
10-11 18:54:33.638: I/art(2668): Explicit concurrent mark sweep GC freed 557(39KB) AllocSpace objects, 0(0B) LOS objects, 42% free, 10MB/18MB, paused 220us total 28.209ms
10-11 18:54:33.639: I/art(3163): Explicit concurrent mark sweep GC freed 24(824B) AllocSpace objects, 0(0B) LOS objects, 45% free, 9MB/17MB, paused 314us total 38.255ms
10-11 18:54:33.646: D/DynamitePackage(13249): Instantiated singleton DynamitePackage.
10-11 18:54:33.647: D/DynamitePackage(13249): Instantiating com.google.android.gms.ads.adshield.ChimeraAdShieldCreatorImpl
10-11 18:54:33.657: I/LoadedApk(13332): No resource references to update in package FFFFFFFFFFFFFFFFFFFFFF
10-11 18:54:33.680: I/BackdropActivity(13292): android_id: 3978634499609645221
10-11 18:54:33.717: V/NativeCrypto(13332): Registering com/google/android/gms/org/conscrypt/NativeCrypto's 259 native methods...
10-11 18:54:33.728: I/ActivityManager(1627): Process com.google.android.gms.unstable (pid 7804) has died
10-11 18:54:33.729: D/ActivityManager(1627): cleanUpApplicationRecord -- 7804
10-11 18:54:33.738: D/AlertService(4210): onStartCommand : startId=1, extras action=android.intent.action.LOCALE_CHANGED
10-11 18:54:33.740: I/Exchange(13158): RestartPingsTask did not start any pings.
10-11 18:54:33.746: D/NetworkSecurityConfig(13332): No Network Security Config specified, using platform default
10-11 18:54:33.748: I/ProviderInstaller(13332): Installed default security provider GmsCore_OpenSSL
10-11 18:54:33.751: W/System(7630): ClassLoader referenced unknown path: /system/app/Chrome/lib/arm64
10-11 18:54:33.789: D/AlertService(4210): 0 Action = android.intent.action.LOCALE_CHANGED
10-11 18:54:33.789: D/AlertService(4210): Beginning updateAlertNotification
10-11 18:54:33.789: D/Utils(2688): HiFisupportValue false
10-11 18:54:33.790: D/HiFiUtil(2688): isSupportQuadDAC: false
10-11 18:54:33.791: D/Utils(2688): isSupportSoundQuality false
10-11 18:54:33.793: D/Utils(2688): [do_getSoundSimName] = SIM1:SIM1
10-11 18:54:33.800: V/RenderScript(12980): Successfully loaded runtime: libRSDriver_adreno.so
10-11 18:54:33.802: I/[LGHome6]BlurRenderScript(12980): blur() : context(com.lge.launcher3.LauncherApplication@d1b3ee1, com.lge.launcher3.LauncherApplication@d1b3ee1, com.lge.launcher3.LauncherApplication@d1b3ee1), radius(20)
10-11 18:54:33.803: E/libprocessgroup(1627): failed to kill 1 processes for processgroup 7390
10-11 18:54:33.804: I/Exchange(13158): onDestroy
10-11 18:54:33.811: I/Gmail(13158): Observing account changes for notifications
10-11 18:54:33.821: I/dex2oat(13361): /system/bin/dex2oat --dex-file=/data/user/0/com.google.android.youtube/cache/1496809943795.jar --oat-fd=42 --oat-location=/data/user/0/com.google.android.youtube/cache/1496809943795.dex --compiler-filter=speed
10-11 18:54:33.821: D/Utils(2688): [do_getSoundSimName] = SIM2:SIM2
10-11 18:54:33.821: D/Utils(2688): [do_getSoundSimName] = SIM3:SIM3
10-11 18:54:33.822: D/Utils(2688): [do_getSoundSimName] = SIM1:SIM1
10-11 18:54:33.822: D/Utils(2688): [do_getSoundSimName] = SIM2:SIM2
10-11 18:54:33.822: D/Utils(2688): [do_getSoundSimName] = SIM1:SIM1
10-11 18:54:33.823: D/Utils(2688): [do_getSoundSimName] = SIM2:SIM2
10-11 18:54:33.824: I/LGImmersionVibrator_TS3000_V5(1627): Vibrator exists
10-11 18:54:33.824: D/Utils(2688): config_disableVibratorFeedback result : false
10-11 18:54:33.824: D/Utils(2688): supportHWKey  :false
10-11 18:54:33.828: V/SurfaceControlWithBlanks(1627): isTransparent(), true vs true
10-11 18:54:33.831: E/JavaBinder(1627): !!! FAILED BINDER TRANSACTION !!!  (parcel size = 2172)
10-11 18:54:33.831: W/ActivityManager(1627): Application dead when creating service ServiceRecord{7d9afb6 u0 com.google.android.gms/.ads.identifier.service.AdvertisingIdService}
10-11 18:54:33.831: I/ActivityManager(1627): Process com.google.android.gms (pid 7464) has died
10-11 18:54:33.832: D/ActivityManager(1627): cleanUpApplicationRecord -- 7464
10-11 18:54:33.832: W/ActivityManager(1627): Scheduling restart of crashed service com.google.android.gms/.games.chimera.GamesAsyncServiceProxy in 11922ms
10-11 18:54:33.832: W/ActivityManager(1627): Scheduling restart of crashed service com.google.android.gms/.matchstick.net.MessagingService in 11922ms
10-11 18:54:33.832: W/ActivityManager(1627): Scheduling restart of crashed service com.google.android.gms/.chimera.GmsIntentOperationService in 21922ms
10-11 18:54:33.832: W/ActivityManager(1627): Scheduling restart of crashed service com.google.android.gms/.icing.service.IndexWorkerService in 31922ms
10-11 18:54:33.832: W/ActivityManager(1627): Scheduling restart of crashed service com.google.android.gms/.ads.identifier.service.AdvertisingIdService in 41922ms
10-11 18:54:33.832: W/ActivityManager(1627): Scheduling restart of crashed service com.google.android.gms/.gass.GassService in 51922ms
10-11 18:54:33.833: W/ActivityManager(1627): Scheduling restart of crashed service com.google.android.gms/.ads.identifier.service.AdvertisingIdService in 167688ms
10-11 18:54:33.835: D/LocationManagerService(1627): Location listener died
10-11 18:54:33.835: D/GnssStatusListenerHelper(1627): Remote Listener died: android.location.IGnssStatusListener$Stub$Proxy@419c20b
10-11 18:54:33.835: I/LocationManagerService(1627): remove 21d4b01
10-11 18:54:33.835: I/LocationManagerService(1627): remove 21d4b01
10-11 18:54:33.835: D/LocationManagerService(1627): provider request: passive ProviderRequest[ON interval=0]
10-11 18:54:33.835: D/LocationManagerService(1627): Location listener died
10-11 18:54:33.835: I/LocationManagerService(1627): remove 1e9e635
10-11 18:54:33.835: I/LocationManagerService(1627): remove 1e9e635
10-11 18:54:33.835: D/LocationManagerService(1627): provider request: passive ProviderRequest[ON interval=0]
10-11 18:54:33.836: D/sensors_hal_SMD(1627): enable: handle=52
10-11 18:54:33.836: D/sensors_hal_SMD(1627): enable: Disabling sensor handle=52
10-11 18:54:33.836: I/sensors_hal_SAM(1627): sendCancel:sensor(android.sensor.significant_motion) Sending cancel to svc no:40
10-11 18:54:33.836: D/sensors_hal_Util(1627): waitForResponse: timeout=1000
10-11 18:54:33.836: D/ConnectivityService(1627): ConnectivityService NetworkRequestInfo binderDied(NetworkRequest [ id=18, legacyType=-1, [ Capabilities: INTERNET&NOT_RESTRICTED&TRUSTED&NOT_VPN] ], android.os.BinderProxy@d04a424)
10-11 18:54:33.837: D/GeocoderProxy(1627): ComponentInfo{com.google.android.gms/com.google.android.location.geocode.GeocodeService} disconnected
10-11 18:54:33.837: D/FusedProxy(1627): ComponentInfo{com.google.android.gms/com.google.android.location.fused.service.FusedProviderService} disconnected
10-11 18:54:33.837: D/GeofenceProxy(1627): ComponentInfo{com.google.android.gms/com.google.android.location.geofencer.service.GeofenceProviderService} disconnected
10-11 18:54:33.837: D/ActivityRecognitionProxy(1627): ComponentInfo{com.google.android.gms/com.google.android.location.internal.server.HardwareArProviderService} disconnected
10-11 18:54:33.837: D/GeofenceHardwareImpl(1627): Monitor callback reaped:android.hardware.location.IGeofenceHardwareMonitorCallback$Stub$Proxy@cd50b8d
10-11 18:54:33.837: D/GeofenceHardwareImpl(1627): Monitor callback reaped:android.hardware.location.IGeofenceHardwareMonitorCallback$Stub$Proxy@c491142
10-11 18:54:33.837: V/BackupManagerService(1627): Disconnected from transport ComponentInfo{com.google.android.gms/com.google.android.gms.backup.BackupTransportService}
10-11 18:54:33.837: V/BackupManagerService(1627): Registering transport com.google.android.gms/.backup.BackupTransportService::null = null
10-11 18:54:33.837: D/GNPProxy(1627): GNP Service Disconnected
10-11 18:54:33.837: W/GNPProxy(1627): Remote service GNP will be reconnected when ready
10-11 18:54:33.842: W/ActivityManager(1627): Exception when starting service com.google.android.gms/.ads.identifier.service.AdvertisingIdService
10-11 18:54:33.842: W/ActivityManager(1627): android.os.DeadObjectException: Transaction failed on small parcel; remote process probably died
10-11 18:54:33.842: W/ActivityManager(1627): 	at android.os.BinderProxy.transactNative(Native Method)
10-11 18:54:33.842: W/ActivityManager(1627): 	at android.os.BinderProxy.transact(Binder.java:615)
10-11 18:54:33.842: W/ActivityManager(1627): 	at android.app.ApplicationThreadProxy.scheduleCreateService(ApplicationThreadNative.java:996)
10-11 18:54:33.842: W/ActivityManager(1627): 	at com.android.server.am.ActiveServices.realStartServiceLocked(ActiveServices.java:1907)
10-11 18:54:33.842: W/ActivityManager(1627): 	at com.android.server.am.ActiveServices.bringUpServiceLocked(ActiveServices.java:1810)
10-11 18:54:33.842: W/ActivityManager(1627): 	at com.android.server.am.ActiveServices.bindServiceLocked(ActiveServices.java:1061)
10-11 18:54:33.842: W/ActivityManager(1627): 	at com.android.server.am.ActivityManagerService.bindService(ActivityManagerService.java:17886)
10-11 18:54:33.842: W/ActivityManager(1627): 	at android.app.ActivityManagerNative.onTransact(ActivityManagerNative.java:1137)
10-11 18:54:33.842: W/ActivityManager(1627): 	at com.android.server.am.ActivityManagerService.onTransact(ActivityManagerService.java:3023)
10-11 18:54:33.842: W/ActivityManager(1627): 	at com.android.server.am.ActivityManagerServiceEx.onTransact(ActivityManagerServiceEx.java:594)
10-11 18:54:33.842: W/ActivityManager(1627): 	at android.os.Binder.execTransact(Binder.java:565)
10-11 18:54:33.843: E/ConnectivityService(1627): RemoteException caught trying to send a callback msg for NetworkRequest [ id=18, legacyType=-1, [ Capabilities: INTERNET&NOT_RESTRICTED&TRUSTED&NOT_VPN] ]
10-11 18:54:33.844: D/sensors_hal_SMD(1627): processResp: Received SNS_SAM_SMD_DISABLE/CANCEL_RESP_V01
10-11 18:54:33.844: V/sensors_hal_SMD(1627): processResp: SMD disable response. SMD disabled due to HAL command
10-11 18:54:33.844: I/PowerRM(825): System FW:0 SO:0 GT:0 CAPP:-1 APP:0
10-11 18:54:33.845: D/sensors_hal_SAM(1627): sendCancel: Received cancel response for sensor: android.sensor.significant_motion
10-11 18:54:33.845: I/WifiHAL(1627): Got channel list with 11 channels
10-11 18:54:33.846: I/WifiHAL(1627): Got channel list with 10 channels
10-11 18:54:33.847: I/WifiHAL(1627): Got channel list with 15 channels
10-11 18:54:33.855: D/InputDispatcher(1627): Focus entered window: Window{145d5f4 u0 com.google.android.apps.mtaas.backdrop/com.google.android.apps.mtaas.backdrop.BackdropActivity}
10-11 18:54:33.857: I/Adreno(13292): QUALCOMM build                   : 2ff701b, Ifb108ab6ba
10-11 18:54:33.857: I/Adreno(13292): Build Date                       : 01/30/17
10-11 18:54:33.857: I/Adreno(13292): OpenGL ES Shader Compiler Version: XE031.09.00.03
10-11 18:54:33.857: I/Adreno(13292): Local Branch                     : 
10-11 18:54:33.857: I/Adreno(13292): Remote Branch                    : refs/tags/AU_LINUX_ANDROID_LA.UM.5.5.C1.07.00.00.275.029
10-11 18:54:33.857: I/Adreno(13292): Remote Branch                    : NONE
10-11 18:54:33.857: I/Adreno(13292): Reconstruct Branch               : NOTHING
10-11 18:54:33.868: I/OpenGLRenderer(13292): Initialized EGL, version 1.4
10-11 18:54:33.868: D/OpenGLRenderer(13292): Swap behavior 1
10-11 18:54:33.873: I/WindowManager(1627): Destroying surface Surface(name=com.lge.launcher3/com.lge.launcher3.LauncherExtension) called by com.android.server.wm.WindowStateAnimator.destroySurface:2192 com.android.server.wm.WindowStateAnimator.destroySurfaceLocked:969 com.android.server.wm.WindowState.destroyOrSaveSurface:2170 com.android.server.wm.AppWindowToken.destroySurfaces:381 com.android.server.wm.WindowStateAnimator.finishExit:593 com.android.server.wm.WindowStateAnimator.stepAnimationLocked:519 com.android.server.wm.WindowAnimator.updateWindowsLocked:323 com.android.server.wm.WindowAnimator.animateLocked:739 
10-11 18:54:33.885: I/ActivityManager(1627): Process com.google.android.gms.feedback (pid 7910) has died
10-11 18:54:33.885: I/WebViewFactory(7630): Loading com.android.chrome version 55.0.2883.91 (code 288309152)
10-11 18:54:33.885: D/ActivityManager(1627): cleanUpApplicationRecord -- 7910
10-11 18:54:33.886: V/WifiServerServiceExt(1627): checkPollTimer Cnt= 0 rssi =-43 threshold=-100
10-11 18:54:33.907: D/HotkeyInfo(2688): hasFingerFeature=true, isSupportKeymode=false
10-11 18:54:33.933: V/ActivityManager(1627): clear launchingApp : null
10-11 18:54:33.942: I/Timeline(13292): Timeline: Activity_idle id: android.os.BinderProxy@70cd8f5 time:5376179
10-11 18:54:33.948: I/ActivityManager(1627): Start proc 13374:com.google.android.gms/u0a73 for content provider com.google.android.gms/.chimera.container.GmsModuleProvider
10-11 18:54:33.951: W/LGPowerHintPolicy(2591): [Perf] setPowerHintBoostCancelIfNeeded : send boost cancel msg after 500ms
10-11 18:54:33.952: W/LGPowerHintAppInfoPolicy(2591): [Perf] handleAppInfo : tunermode = 0 / isGame = 0 / fps= -1 / ofValue= -1
10-11 18:54:33.953: I/ActivityManager(1627): Displayed com.google.android.apps.mtaas.backdrop/.BackdropActivity: +898ms
10-11 18:54:33.954: D/WindowManager(1627): remove transit: 5
10-11 18:54:33.956: V/WindowManager(1627): Not removing Window{ff10459 u0 Starting com.google.android.apps.mtaas.backdrop EXITING} due to exit animation 
10-11 18:54:33.958: D/InputDispatcher(1627): Window went away: Window{ff10459 u0 Starting com.google.android.apps.mtaas.backdrop}
10-11 18:54:33.958: D/PowerManagerServiceEx(1627): wakefulness = Awake, wakeUpInProximityPositive = false
10-11 18:54:33.982: D/AlertService(4210): No fired or scheduled alerts
10-11 18:54:33.998: W/InstanceID/Rpc(13249): Found 10073
10-11 18:54:34.009: I/dex2oat(13361): dex2oat took 188.754ms (threads: 4) arena alloc=529KB (542392B) java alloc=71KB (73304B) native alloc=1000KB (1024408B) free=2MB (2645608B)
10-11 18:54:34.030: I/LoadedApk(13374): No resource references to update in package FFFFFFFFFFFFFFFFFFFFFF
10-11 18:54:34.034: I/cr_LibraryLoader(7630): Time to load native libraries: 4 ms (timestamps 6266-6270)
10-11 18:54:34.034: I/cr_LibraryLoader(7630): Expected native library version number "55.0.2883.91", actual native library version number "55.0.2883.91"
10-11 18:54:34.036: W/DownloadManager(3812): Odd, no details found for download 23
10-11 18:54:34.054: W/Search.SearchUrlHelper(7630): Auth token not ready, no auth header set.
10-11 18:54:34.069: W/NetworkIdentity(1627): Active mobile network without subscriber!
10-11 18:54:34.071: D/Utils(2688): IsVersionCheck ex : 60008101
10-11 18:54:34.071: D/Utils(2688): IsVersionCheck : false
10-11 18:54:34.073: I/ConfigHelper(2688): Exception : config_lgcamera_not_support_auto_flicker
10-11 18:54:34.073: I/ConfigHelper(2688): Exception : config_support_manual_anti_flicker
10-11 18:54:34.086: D/NetworkSecurityConfig(3812): Using Network Security Config from resource network_security_config debugBuild: false
10-11 18:54:34.088: D/Utils(2688): isDisneyModel : false
10-11 18:54:34.093: D/AlertService(4210): Scheduling next alarm with AlarmScheduler. sEventReminderReceived: null
10-11 18:54:34.114: V/NativeCrypto(13374): Registering com/google/android/gms/org/conscrypt/NativeCrypto's 259 native methods...
10-11 18:54:34.117: I/[LGHome6]WallpaperBlurredImageController(12980): onAdaptiveColorChanged(adpativeColor = 26949494(647271572))
10-11 18:54:34.117: I/[LGHome6]WidgetBlurManager(12980): onWallpaperBlurredImageChanged() : adpativeColor = 26949494(647271572)
10-11 18:54:34.120: I/[LGHome6]HomescreenBlurManager(12980): onWallpaperBlurredImageChanged(adpativeColor = 26949494(647271572))
10-11 18:54:34.132: I/cr_CronetLibraryLoader(7630): Cronet version: 57.0.2987.19, arch: aarch64
10-11 18:54:34.142: D/NetworkSecurityConfig(13374): No Network Security Config specified, using platform default
10-11 18:54:34.145: I/ProviderInstaller(13374): Installed default security provider GmsCore_OpenSSL
10-11 18:54:34.148: V/NetdClient(3812): setNetworkForSocket: netId=100, socketFd=64
10-11 18:54:34.156: I/WindowManager(1627): Destroying surface Surface(name=Starting com.google.android.apps.mtaas.backdrop) called by com.android.server.wm.WindowStateAnimator.destroySurface:2192 com.android.server.wm.WindowStateAnimator.destroySurfaceLocked:969 com.android.server.wm.WindowState.destroyOrSaveSurface:2170 com.android.server.wm.AppWindowToken.destroySurfaces:381 com.android.server.wm.WindowStateAnimator.finishExit:593 com.android.server.wm.WindowStateAnimator.stepAnimationLocked:519 com.android.server.wm.WindowAnimator.updateWindowsLocked:323 com.android.server.wm.WindowAnimator.animateLocked:739 
10-11 18:54:34.186: D/AlarmScheduler(4210): No events found starting within 1 week.
10-11 18:54:34.188: D/WifiWatchdogStateMachine(1627): EVENT_CHECK_IMS_CALL_STATE received
10-11 18:54:34.188: D/WifiWatchdogStateMachine(1627): OnlineWatchState handleRssiChange() imscallstate : 0
10-11 18:54:34.190: I/DynamiteModule(13332): Considering local module com.google.android.gms.googlecertificates:4 and remote module com.google.android.gms.googlecertificates:4
10-11 18:54:34.190: I/DynamiteModule(13332): Selected local version of com.google.android.gms.googlecertificates
10-11 18:54:34.199: I/ShareConnection(2688): isNearbyMenu is true = 401008
10-11 18:54:34.200: I/ShareConnection(2688): isSupportFileSharing result : true
10-11 18:54:34.201: W/Utils(2688): isSoftwareVersionCheck() is not found(com.lge.miracastviewer)
10-11 18:54:34.203: I/UsbSettingsControl(2688): [isSupportLGAirDrive] lgAirDrive versionCode : 200032
10-11 18:54:34.204: D/NfcUtils(2688): [hasInner]
10-11 18:54:34.205: D/NfcUtils(2688): [hasInner] type = two_toggleN
10-11 18:54:34.205: D/Utils(2688): HasSprintTouchV2()
10-11 18:54:34.206: D/Utils(2688): SystemProperties.get = 0
10-11 18:54:34.227: V/WirelessMoreUtils(2688): Support WirelessMoreSettings
10-11 18:54:34.228: V/MptcpUtils(2688): [isMPTCPEnabled] : [false]
10-11 18:54:34.228: D/Utils(2688): isRcsSupported :false
10-11 18:54:34.228: D/Utils(2688): isRcsSupported :false
10-11 18:54:34.234: D/Index(2688): SearchIndexableResource 'com.android.settings.kt.KTTwoPhoneServiceSettings' should implement the com.android.settings.search.Indexable interface!
10-11 18:54:34.252: D/AboutPhoneHelper(2688): isSupportConfigurationVersion, FALSE
10-11 18:54:34.252: D/AboutPhoneHelper(2688): isSupportRootingStatus, FALSE
10-11 18:54:34.261: D/CryptdConnector(1627): SND -> {11 cryptfs getpwtype}
10-11 18:54:34.261: E/VoldCryptCmdListener(555): [LGE][VOLD][CommandListener.cpp][CryptfsCmd::runCommand()] argv[0]:cryptfs, argv[1]:getpwtype
10-11 18:54:34.261: D/VoldCryptCmdListener(555): cryptfs getpwtype
10-11 18:54:34.262: D/AlertReceiver(4210): WakeLock release : StartingAlertService startId=1
10-11 18:54:34.262: D/CryptdConnector(1627): RCV <- {213 11 default}
10-11 18:54:34.275: W/art(13249): Before Android 4.1, method double java.util.concurrent.ThreadLocalRandom.internalNextDouble(double, double) would have incorrectly overridden the package-private method in java.util.Random
10-11 18:54:34.275: W/art(13249): Before Android 4.1, method int java.util.concurrent.ThreadLocalRandom.internalNextInt(int, int) would have incorrectly overridden the package-private method in java.util.Random
10-11 18:54:34.275: W/art(13249): Before Android 4.1, method long java.util.concurrent.ThreadLocalRandom.internalNextLong(long, long) would have incorrectly overridden the package-private method in java.util.Random
10-11 18:54:34.281: D/PrivacySettings(2688): isBackupEnabled : 0 isBackupEnabled : 1
10-11 18:54:34.292: D/PrivacySettings(2688): 9remove backup_reset_vzw
10-11 18:54:34.292: D/PrivacySettings(2688): 10remove reset_settings
10-11 18:54:34.292: D/PrivacySettings(2688): 12remove ciq_toggle_mpcs
10-11 18:54:34.293: D/PrivacySettings(2688): 13remove ciq_toggle_tmo
10-11 18:54:34.293: D/PrivacySettings(2688):  auto_restore : create
10-11 18:54:34.293: D/PrivacySettings(2688):  configure_account : create
10-11 18:54:34.293: D/PrivacySettings(2688):  lg_backup_service : create
10-11 18:54:34.293: D/PrivacySettings(2688):  lg_backup_transfer : create
10-11 18:54:34.293: D/PrivacySettings(2688): back up my data : create
10-11 18:54:34.293: D/PrivacySettings(2688): network reset : create
10-11 18:54:34.293: D/PrivacySettings(2688): backup_reset : create
10-11 18:54:34.316: V/PrivacyLockHelper(2688): getAppNameIfSupportLockFeature: com.android.gallery3d requireTier (MID_HIGH)
10-11 18:54:34.323: V/PrivacyLockHelper(2688): getAppNameIfSupportLockFeature: com.lge.qmemoplus requireTier (NONE)
10-11 18:54:34.333: V/MediaRouter(13249): Adding route: RouteInfo{ name=Teléfono, description=null, status=null, category=RouteCategory{ name=null types=ROUTE_TYPE_LIVE_AUDIO ROUTE_TYPE_LIVE_VIDEO  groupable=false }, supportedTypes=ROUTE_TYPE_LIVE_AUDIO ROUTE_TYPE_LIVE_VIDEO , presentationDisplay=null }
10-11 18:54:34.341: V/MediaRouter(13249): Updating audio routes: AudioRoutesInfo{ type=HEADPHONES }
10-11 18:54:34.341: V/MediaRouter(13249): Dispatching route change: RouteInfo{ name=Auriculares, description=null, status=null, category=RouteCategory{ name=null types=ROUTE_TYPE_LIVE_AUDIO ROUTE_TYPE_LIVE_VIDEO  groupable=false }, supportedTypes=ROUTE_TYPE_LIVE_AUDIO ROUTE_TYPE_LIVE_VIDEO , presentationDisplay=null }
10-11 18:54:34.343: I/art(1627): Starting a blocking GC Explicit
10-11 18:54:34.352: V/MediaRouter(13249): Selecting route: RouteInfo{ name=Auriculares, description=null, status=null, category=RouteCategory{ name=null types=ROUTE_TYPE_LIVE_AUDIO ROUTE_TYPE_LIVE_VIDEO  groupable=false }, supportedTypes=ROUTE_TYPE_LIVE_AUDIO ROUTE_TYPE_LIVE_VIDEO , presentationDisplay=null }
10-11 18:54:34.382: I/AudioManagerEx(13249): AudioManagerEx created
10-11 18:54:34.386: D/NetworkSecurityConfig(3812): Using Network Security Config from resource network_security_config debugBuild: false
10-11 18:54:34.390: D/AlertReceiver(4210): onReceive: a=android.intent.action.PROVIDER_CHANGED Intent { act=android.intent.action.PROVIDER_CHANGED dat=content://com.lge.task/ flg=0x10 cmp=com.android.calendar/.alerts.AlertReceiver }
10-11 18:54:34.397: V/NetdClient(7630): setNetworkForSocket: netId=100, socketFd=63
10-11 18:54:34.412: D/Utils(2688): IsVersionCheck ex : 600009
10-11 18:54:34.412: D/Utils(2688): IsVersionCheck : true
10-11 18:54:34.429: D/NetworkSecurityConfig(7630): Using Network Security Config from resource network_security_config debugBuild: false
10-11 18:54:34.435: D/GeocoderProxy(1627): ComponentInfo{com.google.android.gms/com.google.android.location.geocode.GeocodeService} connected
10-11 18:54:34.444: D/FusedProxy(1627): ComponentInfo{com.google.android.gms/com.google.android.location.fused.service.FusedProviderService} connected
10-11 18:54:34.432: D/AlertReceiver(4210): WakeLock acquire : StartingAlertService intent.getExtras=Bundle[{action=android.intent.action.PROVIDER_CHANGED, uri=content://com.lge.task/}]
10-11 18:54:34.449: I/LocaleChangeIO(13332): Requesting GmsCore restart due to change in locale assets
10-11 18:54:34.456: D/skku(2688): config_two_phone : false
10-11 18:54:34.461: I/art(1627): Explicit concurrent mark sweep GC freed 137852(8MB) AllocSpace objects, 1(20KB) LOS objects, 33% free, 44MB/66MB, paused 1.244ms total 117.194ms
10-11 18:54:34.470: V/NetdClient(3812): setNetworkForSocket: netId=100, socketFd=60
10-11 18:54:34.489: W/BroadcastQueue(1627): ActivityInfo{c6363bd com.google.android.apps.youtube.app.system.LocaleUpdatedReceiver} consumed 1642 ms for handling BroadcastRecord{fe33db2 u-1 android.intent.action.LOCALE_CHANGED} in foreground queue
10-11 18:54:34.491: D/AlarmClock(4828): AlarmInitReceiver : Received android.intent.action.LOCALE_CHANGED
10-11 18:54:34.507: I/qtaguid(13249): Untagging socket -1 failed errno=-9
10-11 18:54:34.507: W/NetworkManagementSocketTagger(13249): untagSocket(-1) failed with errno -9
10-11 18:54:34.528: D/CalendarAppWidgetProvi(4210): [AppWidgetProvider] got the intent: Intent { act=android.intent.action.PROVIDER_CHANGED dat=content://com.lge.task/ flg=0x10 cmp=com.android.calendar/.widget.CalendarAppWidgetProvider }
10-11 18:54:34.534: D/AlarmClock(4828): fixExpiredInstances
10-11 18:54:34.536: W/ChimeraUtils(13374): Non Chimera context
10-11 18:54:34.544: D/AlarmClock(4828): Delete All expired instances from mié., 6:54 p. m.
10-11 18:54:34.544: D/AlarmClock(4828): get calcusId(-1) of current alerting alarm
10-11 18:54:34.544: I/ALProvider(4828): delete where=======time <= ? and aindex > 0 and _id != ?
10-11 18:54:34.546: D/Tethering(1627): checkDunRequired: secureSetting is 2
10-11 18:54:34.550: D/AlarmClock(4828): 0 instances was deleted. except calcusId : -1
10-11 18:54:34.556: D/AlarmClock(4828): setNextAlert
10-11 18:54:34.556: D/AlarmClock(4828): updateTimeForEnabledAlarms
10-11 18:54:34.563: D/AlarmClock(4828): getEarliestAlarmTime
10-11 18:54:34.563: D/AlarmClock(4828): getEarliestAlarmTime : now=Wed Oct 11 18:54:34 PDT 2017
10-11 18:54:34.566: D/AlarmClock(4828): getEarliestAlarmTime: time= Wed Dec 31 16:00:00 PST 1969
10-11 18:54:34.571: V/MediaRouter(13249): Selecting route: RouteInfo{ name=Auriculares, description=null, status=null, category=RouteCategory{ name=null types=ROUTE_TYPE_LIVE_AUDIO ROUTE_TYPE_LIVE_VIDEO  groupable=false }, supportedTypes=ROUTE_TYPE_LIVE_AUDIO ROUTE_TYPE_LIVE_VIDEO , presentationDisplay=null }
10-11 18:54:34.574: D/Tethering(1627): checkDunRequired: secureSetting is 2
10-11 18:54:34.574: E/CommonUtil(4828): unknown operator code=NAO
10-11 18:54:34.574: I/CommonUtil(4828): BUILD Operator: OPEN
10-11 18:54:34.578: E/Alarms(4828): operation=null
10-11 18:54:34.578: E/AgendaWidgetManager(4210): [updateWidgets] 
10-11 18:54:34.578: D/AlarmClock(4828): SetNextAlert : No Next Alarm
10-11 18:54:34.578: I/AlarmObj(4828): getEveryEnabledParentAlarmObjs : get enabled and after current time parent alarms
10-11 18:54:34.579: D/Tethering(1627): checkDunRequired: secureSetting is 2
10-11 18:54:34.580: D/Tethering(1627): checkDunRequired: secureSetting is 2
10-11 18:54:34.583: I/QuickdDismissNotiScheduler(4828): schedureQuickDismissNotiForEnabledAlarms
10-11 18:54:34.583: V/AlarmClock(4828): AlarmInitReceiver finished
10-11 18:54:34.584: I/NetworkScheduler(13332): Using standalone scheduling engine
10-11 18:54:34.588: D/MonthWidgetProvider(4210): [onReceive]
10-11 18:54:34.588: I/DigitalAppWidgetProvider(4828): onReceive:action=android.intent.action.LOCALE_CHANGED
10-11 18:54:34.588: D/CalendarWidgetProvider(4210): [onReceive]
10-11 18:54:34.589: D/Tethering(1627): checkDunRequired: secureSetting is 2
10-11 18:54:34.590: D/CalendarWidgetProvider(4210): [CalendarWidgetProvider] got the intent: Intent { act=android.intent.action.PROVIDER_CHANGED dat=content://com.lge.task/ flg=0x10 cmp=com.android.calendar/.widget.MonthWidgetProvider }
10-11 18:54:34.591: V/DigitalAppWidgetProvider(4828): cancelAlarmOnQuarterHour android.app.ReceiverRestrictedContext@a8d34a3
10-11 18:54:34.596: V/DigitalAppWidgetProvider(4828): startAlarmOnQuarterHour android.app.ReceiverRestrictedContext@a8d34a3
