10-11 18:55:16.153: I/FirebaseInitProvider(14418): FirebaseApp initialization successful
10-11 18:55:16.166: D/NetworkSecurityConfig(14418): No Network Security Config specified, using platform default
10-11 18:55:16.177: I/MonitoringInstr(14418): Instrumentation started on process com.habitrpg.android.habitica
10-11 18:55:16.179: I/MonitoringInstr(14418): Setting context classloader to 'dalvik.system.PathClassLoader[DexPathList[[zip file "/system/framework/android.test.runner.jar", zip file "/data/app/com.google.android.apps.mtaas.crawler-1/base.apk", zip file "/data/app/com.habitrpg.android.habitica-1/base.apk"],nativeLibraryDirectories=[/data/app/com.google.android.apps.mtaas.crawler-1/lib/arm64, /data/app/com.habitrpg.android.habitica-1/lib/arm64, /data/app/com.google.android.apps.mtaas.crawler-1/base.apk!/lib/arm64-v8a, /data/app/com.habitrpg.android.habitica-1/base.apk!/lib/arm64-v8a, /system/lib64, /vendor/lib64]]]', Original: 'dalvik.system.PathClassLoader[DexPathList[[zip file "/system/framework/android.test.runner.jar", zip file "/data/app/com.google.android.apps.mtaas.crawler-1/base.apk", zip file "/data/app/com.habitrpg.android.habitica-1/base.apk"],nativeLibraryDirectories=[/data/app/com.google.android.apps.mtaas.crawler-1/lib/arm64, /data/app/com.habitrpg.android.habitica-1/lib/arm64, /data/app/com.google.android.apps.mtaas.crawler-1/base.apk!/lib/arm64-v8a, /data/app/com.habitrpg.android.habitica-1/base.apk!/lib/arm64-v8a, /system/lib64, /vendor/lib64]]]'
10-11 18:55:16.181: D/ApplicationLifecycleMonitorImpl(14418): running callback: com.google.android.apps.mtaas.crawler.SignaturePatchingCallback@4ee725c
10-11 18:55:16.215: D/ApplicationLifecycleMonitorImpl(14418): callback completes: com.google.android.apps.mtaas.crawler.SignaturePatchingCallback@4ee725c
10-11 18:55:16.273: I/CrashlyticsCore(14418): Initializing Crashlytics 2.3.17.dev
10-11 18:55:16.295: E/com.amplitude.api.AmplitudeClient(14418): context cannot be null, set context with initialize() before calling setUserId()
10-11 18:55:16.405: I/art(14418): Do partial code cache collection, code=25KB, data=29KB
10-11 18:55:16.406: I/art(14418): After code cache collection, code=24KB, data=29KB
10-11 18:55:16.406: I/art(14418): Increasing code cache capacity to 128KB
10-11 18:55:16.452: I/SQLiteOpenHelper(14418): Create com.amplitude.api
10-11 18:55:16.476: D/ApplicationLifecycleMonitorImpl(14418): running callback: com.google.android.apps.mtaas.crawler.SignaturePatchingCallback@4ee725c
10-11 18:55:16.476: D/ApplicationLifecycleMonitorImpl(14418): callback completes: com.google.android.apps.mtaas.crawler.SignaturePatchingCallback@4ee725c
10-11 18:55:16.480: I/MonitoringInstr(14418): No JSBridge.
10-11 18:55:16.488: I/MonitoringInstr(14418): Setting context classloader to 'dalvik.system.PathClassLoader[DexPathList[[zip file "/system/framework/android.test.runner.jar", zip file "/data/app/com.google.android.apps.mtaas.crawler-1/base.apk", zip file "/data/app/com.habitrpg.android.habitica-1/base.apk"],nativeLibraryDirectories=[/data/app/com.google.android.apps.mtaas.crawler-1/lib/arm64, /data/app/com.habitrpg.android.habitica-1/lib/arm64, /data/app/com.google.android.apps.mtaas.crawler-1/base.apk!/lib/arm64-v8a, /data/app/com.habitrpg.android.habitica-1/base.apk!/lib/arm64-v8a, /system/lib64, /vendor/lib64]]]', Original: 'dalvik.system.PathClassLoader[DexPathList[[zip file "/system/framework/android.test.runner.jar", zip file "/data/app/com.google.android.apps.mtaas.crawler-1/base.apk", zip file "/data/app/com.habitrpg.android.habitica-1/base.apk"],nativeLibraryDirectories=[/data/app/com.google.android.apps.mtaas.crawler-1/lib/arm64, /data/app/com.habitrpg.android.habitica-1/lib/arm64, /data/app/com.google.android.apps.mtaas.crawler-1/base.apk!/lib/arm64-v8a, /data/app/com.habitrpg.android.habitica-1/base.apk!/lib/arm64-v8a, /system/lib64, /vendor/lib64]]]'
10-11 18:55:16.509: I/UsageTrackerFacilitator(14418): Usage tracking disabled
10-11 18:55:16.520: D/TestExecutor(14418): Adding listener android.support.test.internal.runner.listener.LogRunListener
10-11 18:55:16.520: D/TestExecutor(14418): Adding listener android.support.test.internal.runner.listener.InstrumentationResultPrinter
10-11 18:55:16.520: D/TestExecutor(14418): Adding listener android.support.test.internal.runner.listener.ActivityFinisherRunListener
10-11 18:55:16.526: I/TestRunner(14418): run started: 1 tests
10-11 18:55:16.527: I/TestRunner(14418): started: testEntry(com.google.android.apps.mtaas.crawler.CrawlPlatform)
10-11 18:55:16.529: I/MonitoringInstr(14418): Activities that are still in CREATED to STOPPED: 0
10-11 18:55:16.560: V/LGSettingsProvider(1627): call_put(secure:accessibility_enabled=1)  calling package = android  callingUserId : 0
10-11 18:55:16.572: D/GraphicBufferSource(868): dataCallbackTimestamp: timestamp 5418809487880 us, FrameCountWithinOneSec : 7
10-11 18:55:16.582: V/LGSettingsProvider(1627): call_put(secure:accessibility_enabled=1)  calling package = android  callingUserId : 0
10-11 18:55:16.600: V/LGSettingsProvider(1627): call_put(secure:accessibility_enabled=1)  calling package = android  callingUserId : 0
10-11 18:55:16.624: I/System.out(14375): INFO: onBind
10-11 18:55:16.628: I/System.out(14375): Current launcher Package Name: com.lge.launcher3
10-11 18:55:16.632: E/LocationManager(14418): [LGNSS] Disable_PrivacyLocation_Information [tOperator : NAO ] , [privacy_check : 0]
10-11 18:55:16.632: D/LocationManagerService(1627): getProviders()=[]
10-11 18:55:16.642: I/System.out(14375): INFO: Robo script file is absent.
10-11 18:55:16.642: I/System.out(14375): INFO: Received 0 Robo script actions.
10-11 18:55:16.646: I/System.out(14375): INFO: RandomSeed of 1234 used in crawler.
10-11 18:55:16.646: I/System.out(14375): INFO: Depth First Search Crawler Strategy Employed.
10-11 18:55:16.675: I/System.out(14375): INFO: Platform is ready.
10-11 18:55:16.687: I/System.out(14375): WARNING: Current package [INITIAL_SCREEN_PACKAGE_NAME] is out of whitelisted packages
10-11 18:55:16.688: I/System.out(14375): INFO: New Screen: Optional.of(ScreenNode {Id=0, PackageName=INITIAL_SCREEN_PACKAGE_NAME, ActivityName=Optional.absent()})
10-11 18:55:16.693: I/LogcatReader(14375): Executing logcat command: /system/bin/logcat -v time *:V
10-11 18:55:16.719: D/MonitoringInstr(14418): execStartActivity(context, ibinder, ibinder, activity, intent, int, bundle
10-11 18:55:16.719: I/Timeline(14418): Timeline: Activity_launch_request id:com.habitrpg.android.habitica time:5418956
10-11 18:55:16.720: I/ActivityManager(1627): START u0 {act=android.intent.action.MAIN cat=[android.intent.category.LAUNCHER] flg=0x14000000 pkg=com.habitrpg.android.habitica cmp=com.habitrpg.android.habitica/.ui.activities.MainActivity} from uid 10200 on display 0
10-11 18:55:16.722: D/LocationManagerService(1627): getProviders()=[]
10-11 18:55:16.725: D/ActivityManager(1627): setTaskToReturnTo : TaskRecord{2e7c275 #3 A=com.habitrpg.android.habitica U=0 StackId=1 sz=0} / mTaskToReturnTo = 0
10-11 18:55:16.725: D/ActivityManager(1627): setTaskToReturnTo : TaskRecord{2e7c275 #3 A=com.habitrpg.android.habitica U=0 StackId=1 sz=0} / mTaskToReturnTo = 0
10-11 18:55:16.727: D/LGImageQualityEnhancementService(2591): handleCallbackActivity(), isEnhanced: false
10-11 18:55:16.728: I/PowerRM(825): System FW:1 SO:0 GT:0 CAPP:-1 APP:0
10-11 18:55:16.729: I/ThermalEngine(819): Thermal-Server: Thermal received msg from  tmr
10-11 18:55:16.729: I/TMR(819): C0.1
10-11 18:55:16.729: I/TMR(819): C1.9
10-11 18:55:16.729: I/Thermal-Lib(825): Thermal-Lib-Client: Client request sent
10-11 18:55:16.731: D/InputDispatcher(1627): Focus left window: Window{145d5f4 u0 com.google.android.apps.mtaas.backdrop/com.google.android.apps.mtaas.backdrop.BackdropActivity}
10-11 18:55:16.732: D/ActivityTrigger(1627): ActivityTrigger activityPauseTrigger 
10-11 18:55:16.736: D/LGImageQualityEnhancementService(2591): handleCallbackActivity(), isEnhanced: false
10-11 18:55:16.737: W/LGPowerHintPolicy(2591): [Perf] setPowerHintBoostIfNeeded : make powerHintInfo  = com.lge.systemservice.service.LGPowerHintPolicy$PowerHintInfo@a13e043
10-11 18:55:16.742: D/LGPowerHintPolicy(2591): [Perf] releasePowerHinInfo : release target  com.lge.systemservice.service.LGPowerHintPolicy$PowerHintInfo@c6fc289
10-11 18:55:16.824: D/LifecycleMonitor(14418): Lifecycle status change: com.habitrpg.android.habitica.ui.activities.MainActivity@dc34aee in: PRE_ON_CREATE
10-11 18:55:16.830: I/NetworkController.WifiSignalController(2351): Change in state to: connected=true,enabled=true,level=3,inetCondition=1,iconGroup=IconGroup(Default Wi-Fi Icons),activityIn=true,activityOut=true,rssi=-43,,ssid="wl-ftl-mt09-1-5",isGigaWiFi=false,isAttWifiCall=false
10-11 18:55:16.832: W/art(14418): Before Android 4.1, method android.graphics.PorterDuffColorFilter android.support.graphics.drawable.VectorDrawableCompat.updateTintFilter(android.graphics.PorterDuffColorFilter, android.content.res.ColorStateList, android.graphics.PorterDuff$Mode) would have incorrectly overridden the package-private method in android.graphics.drawable.Drawable
10-11 18:55:16.865: I/WindowManager(1627): Starting window displayed
10-11 18:55:16.866: I/art(2351): Do partial code cache collection, code=31KB, data=31KB
10-11 18:55:16.868: I/art(2351): After code cache collection, code=31KB, data=31KB
10-11 18:55:16.868: I/art(2351): Increasing code cache capacity to 128KB
10-11 18:55:16.877: I/NavigationThemeResource(2351): notify navigation bar color(0x0)
10-11 18:55:16.878: D/PhoneStatusBar(2351): setSystemUiVisibility vis=708 mask=ffffffff oldVal=0 newVal=708 diff=708
10-11 18:55:16.910: I/art(1627): Background partial concurrent mark sweep GC freed 100453(10MB) AllocSpace objects, 63(1252KB) LOS objects, 33% free, 43MB/65MB, paused 2.357ms total 148.510ms
10-11 18:55:16.910: I/SystemServicesProxy(2351): RecentApps has 1 item(s).
10-11 18:55:17.158: D/MonitoringInstr(14418): execStartActivity(context, ibinder, ibinder, activity, intent, int, bundle
10-11 18:55:17.159: I/Timeline(14418): Timeline: Activity_launch_request id:com.habitrpg.android.habitica time:5419395
10-11 18:55:17.159: I/ActivityManager(1627): START u0 {flg=0x14008000 cmp=com.habitrpg.android.habitica/.ui.activities.IntroActivity} from uid 10200 on display 0
10-11 18:55:17.165: D/ActivityManager(1627): setTaskToReturnTo : TaskRecord{2e7c275 #3 A=com.habitrpg.android.habitica U=0 StackId=1 sz=1} / mTaskToReturnTo = 1
10-11 18:55:17.165: D/ActivityManager(1627): setTaskToReturnTo : TaskRecord{5ff59b3 #2 A=com.google.android.apps.mtaas.backdrop U=0 StackId=1 sz=1} / mTaskToReturnTo = 0
10-11 18:55:17.168: I/WindowManager(1627): focusedWin.mLastOrientation : 0
10-11 18:55:17.168: D/ActivityTrigger(1627): ActivityTrigger activityPauseTrigger 
10-11 18:55:17.169: D/ActivityManager(1627): setTaskToReturnTo : TaskRecord{5ff59b3 #2 A=com.google.android.apps.mtaas.backdrop U=0 StackId=1 sz=1} / mTaskToReturnTo = 1
10-11 18:55:17.169: D/ActivityManager(1627): setTaskToReturnTo : TaskRecord{2e7c275 #3 A=com.habitrpg.android.habitica U=0 StackId=1 sz=1} / mTaskToReturnTo = 0
10-11 18:55:17.171: D/LGImageQualityEnhancementService(2591): handleCallbackActivity(), isEnhanced: false
10-11 18:55:17.183: D/LifecycleMonitor(14418): Lifecycle status change: com.habitrpg.android.habitica.ui.activities.MainActivity@dc34aee in: CREATED
10-11 18:55:17.184: D/LifecycleMonitor(14418): Lifecycle status change: com.habitrpg.android.habitica.ui.activities.MainActivity@dc34aee in: STARTED
10-11 18:55:17.240: D/LifecycleMonitor(14418): Lifecycle status change: com.habitrpg.android.habitica.ui.activities.MainActivity@dc34aee in: RESUMED
10-11 18:55:17.289: D/LifecycleMonitor(14418): Lifecycle status change: com.habitrpg.android.habitica.ui.activities.MainActivity@dc34aee in: PAUSED
10-11 18:55:17.290: D/LGImageQualityEnhancementService(2591): handleCallbackActivity(), isEnhanced: false
10-11 18:55:17.291: D/LGPowerHintPolicy(2591): [Perf] releasePowerHinInfo : release target  com.lge.systemservice.service.LGPowerHintPolicy$PowerHintInfo@c6fc289
10-11 18:55:17.309: I/art(14418): Do partial code cache collection, code=58KB, data=60KB
10-11 18:55:17.320: I/art(14418): After code cache collection, code=57KB, data=60KB
10-11 18:55:17.320: I/art(14418): Increasing code cache capacity to 256KB
10-11 18:55:17.347: I/WindowManager(1627): Starting window displayed
10-11 18:55:17.423: W/View(14418): requestLayout() improperly called by com.roughike.bottombar.BottomBarTab{784e892 V.E...CL. ..S...ID 0,8-360,232 #7f0f0349 app:id/tab_habits} during layout: running second layout pass
10-11 18:55:17.423: W/View(14418): requestLayout() improperly called by com.roughike.bottombar.BottomBarTab{211cf19 V.E...CL. ......ID 360,8-720,232 #7f0f034a app:id/tab_dailies} during layout: running second layout pass
10-11 18:55:17.424: W/View(14418): requestLayout() improperly called by com.roughike.bottombar.BottomBarTab{e6f08c V.E...CL. ......ID 720,8-1080,232 #7f0f034b app:id/tab_todos} during layout: running second layout pass
10-11 18:55:17.424: W/View(14418): requestLayout() improperly called by com.roughike.bottombar.BottomBarTab{74f0adb V.E...CL. ......ID 1080,8-1440,232 #7f0f034c app:id/tab_rewards} during layout: running second layout pass
10-11 18:55:17.448: I/GBMv2(824): WP:3
10-11 18:55:17.454: D/LifecycleMonitor(14418): Lifecycle status change: com.habitrpg.android.habitica.ui.activities.IntroActivity@fe5188d in: PRE_ON_CREATE
10-11 18:55:17.476: I/SystemServicesProxy(2351): RecentApps has 1 item(s).
10-11 18:55:17.513: D/LifecycleMonitor(14418): Lifecycle status change: com.habitrpg.android.habitica.ui.activities.IntroActivity@fe5188d in: CREATED
10-11 18:55:17.514: D/LifecycleMonitor(14418): Lifecycle status change: com.habitrpg.android.habitica.ui.activities.IntroActivity@fe5188d in: STARTED
10-11 18:55:17.517: D/LifecycleMonitor(14418): Lifecycle status change: com.habitrpg.android.habitica.ui.activities.IntroActivity@fe5188d in: RESUMED
10-11 18:55:17.578: D/GraphicBufferSource(868): dataCallbackTimestamp: timestamp 5419814708817 us, FrameCountWithinOneSec : 49
10-11 18:55:17.621: I/art(14418): Background sticky concurrent mark sweep GC freed 328374(17MB) AllocSpace objects, 42(1056KB) LOS objects, 30% free, 28MB/41MB, paused 4.434ms total 178.307ms
10-11 18:55:17.638: D/LocationManagerService(1627): getProviders()=[]
10-11 18:55:17.669: V/SurfaceControlWithBlanks(1627): isTransparent(), true vs true
10-11 18:55:17.679: I/PowerRM(825): System FW:0 SO:0 GT:0 CAPP:-1 APP:0
10-11 18:55:17.682: D/InputDispatcher(1627): Focus entered window: Window{5086a7d u0 com.habitrpg.android.habitica/com.habitrpg.android.habitica.ui.activities.IntroActivity}
10-11 18:55:17.691: I/Adreno(14418): QUALCOMM build                   : 2ff701b, Ifb108ab6ba
10-11 18:55:17.691: I/Adreno(14418): Build Date                       : 01/30/17
10-11 18:55:17.691: I/Adreno(14418): OpenGL ES Shader Compiler Version: XE031.09.00.03
10-11 18:55:17.691: I/Adreno(14418): Local Branch                     : 
10-11 18:55:17.691: I/Adreno(14418): Remote Branch                    : refs/tags/AU_LINUX_ANDROID_LA.UM.5.5.C1.07.00.00.275.029
10-11 18:55:17.691: I/Adreno(14418): Remote Branch                    : NONE
10-11 18:55:17.691: I/Adreno(14418): Reconstruct Branch               : NOTHING
10-11 18:55:17.718: I/OpenGLRenderer(14418): Initialized EGL, version 1.4
10-11 18:55:17.718: D/OpenGLRenderer(14418): Swap behavior 1
10-11 18:55:17.875: I/ActivityManager(1627): Displayed com.habitrpg.android.habitica/.ui.activities.IntroActivity: +585ms (total +1s139ms)
10-11 18:55:17.898: D/WindowManager(1627): remove transit: 5
10-11 18:55:17.899: V/WindowManager(1627): Not removing Window{e547636 u0 Starting com.habitrpg.android.habitica EXITING} due to exit animation 
10-11 18:55:17.902: D/InputDispatcher(1627): Window went away: Window{e547636 u0 Starting com.habitrpg.android.habitica}
10-11 18:55:17.976: I/PowerRM(825): System FW:0 SO:0 GT:0 CAPP:-1 APP:0
10-11 18:55:17.977: I/NavigationThemeResource(2351): notify navigation bar color(0x0)
10-11 18:55:17.978: D/InputDispatcher(1627): Focus left window: Window{5086a7d u0 com.habitrpg.android.habitica/com.habitrpg.android.habitica.ui.activities.IntroActivity}
10-11 18:55:17.978: D/InputDispatcher(1627): Focus entered window: Window{db63179 u0 com.habitrpg.android.habitica/com.habitrpg.android.habitica.ui.activities.IntroActivity}
10-11 18:55:17.980: D/PhoneStatusBar(2351): setSystemUiVisibility vis=8 mask=ffffffff oldVal=708 newVal=8 diff=700
10-11 18:55:18.089: I/WindowManager(1627): Destroying surface Surface(name=Starting com.habitrpg.android.habitica) called by com.android.server.wm.WindowStateAnimator.destroySurface:2192 com.android.server.wm.WindowStateAnimator.destroySurfaceLocked:969 com.android.server.wm.WindowState.destroyOrSaveSurface:2170 com.android.server.wm.AppWindowToken.destroySurfaces:381 com.android.server.wm.WindowStateAnimator.finishExit:593 com.android.server.wm.AppWindowAnimator.stepAnimationLocked:427 com.android.server.wm.WindowAnimator.updateAppWindowsLocked:185 com.android.server.wm.WindowAnimator.animateLocked:709 
10-11 18:55:18.094: D/InputDispatcher(1627): Window went away: Window{c0bdab0 u0 Starting com.habitrpg.android.habitica EXITING}
10-11 18:55:18.097: I/WindowManager(1627): Destroying surface Surface(name=Starting com.habitrpg.android.habitica) called by com.android.server.wm.WindowStateAnimator.destroySurface:2192 com.android.server.wm.WindowStateAnimator.destroySurfaceLocked:969 com.android.server.wm.WindowState.destroyOrSaveSurface:2170 com.android.server.wm.AppWindowToken.destroySurfaces:381 com.android.server.wm.WindowStateAnimator.finishExit:593 com.android.server.wm.WindowStateAnimator.stepAnimationLocked:519 com.android.server.wm.WindowAnimator.updateWindowsLocked:323 com.android.server.wm.WindowAnimator.animateLocked:739 
10-11 18:55:18.136: W/WindowManager(1627): Failed looking up window
10-11 18:55:18.136: W/WindowManager(1627): java.lang.IllegalArgumentException: Requested window android.view.ViewRootImpl$WEx@8147df3 does not exist
10-11 18:55:18.136: W/WindowManager(1627): 	at com.android.server.wm.WindowManagerService.windowForClientLocked(WindowManagerService.java:10503)
10-11 18:55:18.136: W/WindowManager(1627): 	at com.android.server.wm.WindowManagerService.windowForClientLocked(WindowManagerService.java:10494)
10-11 18:55:18.136: W/WindowManager(1627): 	at com.android.server.wm.WindowManagerService.removeWindow(WindowManagerService.java:2714)
10-11 18:55:18.136: W/WindowManager(1627): 	at com.android.server.wm.Session.remove(Session.java:194)
10-11 18:55:18.136: W/WindowManager(1627): 	at android.view.ViewRootImpl.dispatchDetachedFromWindow(ViewRootImpl.java:3372)
10-11 18:55:18.136: W/WindowManager(1627): 	at android.view.ViewRootImpl.doDie(ViewRootImpl.java:6130)
10-11 18:55:18.136: W/WindowManager(1627): 	at android.view.ViewRootImpl$ViewRootHandler.handleMessage(ViewRootImpl.java:3724)
10-11 18:55:18.136: W/WindowManager(1627): 	at android.os.Handler.dispatchMessage(Handler.java:102)
10-11 18:55:18.136: W/WindowManager(1627): 	at android.os.Looper.loop(Looper.java:154)
10-11 18:55:18.136: W/WindowManager(1627): 	at android.os.HandlerThread.run(HandlerThread.java:61)
10-11 18:55:18.136: W/WindowManager(1627): 	at com.android.server.ServiceThread.run(ServiceThread.java:46)
10-11 18:55:18.230: I/WindowManager(1627): Window{db63179 u0 com.habitrpg.android.habitica/com.habitrpg.android.habitica.ui.activities.IntroActivity} start dimming: flags=1820002 effectFlags=0, layer=21025
10-11 18:55:18.237: I/Timeline(14418): Timeline: Activity_idle id: android.os.BinderProxy@348c524 time:5420474
10-11 18:55:18.241: I/WindowManager(1627): Window{db63179 u0 com.habitrpg.android.habitica/com.habitrpg.android.habitica.ui.activities.IntroActivity} start dimming: flags=1820002 effectFlags=0, layer=21025
10-11 18:55:18.243: W/LGPowerHintPolicy(2591): [Perf] setPowerHintBoostCancelIfNeeded : send boost cancel msg after 500ms
10-11 18:55:18.243: W/LGPowerHintAppInfoPolicy(2591): [Perf] handleAppInfo : tunermode = 0 / isGame = 0 / fps= -1 / ofValue= -1
10-11 18:55:18.262: D/InputManagerEventInjectionStrategy(14418): Creating injection strategy with input manager.
10-11 18:55:18.265: I/art(14418): Background partial concurrent mark sweep GC freed 181983(11MB) AllocSpace objects, 5(212KB) LOS objects, 40% free, 33MB/55MB, paused 7.804ms total 122.382ms
10-11 18:55:18.283: I/ViewInteraction(14418): Performing 'Extracts screen state.' action on view is a root view.
10-11 18:55:18.290: W/ResourceType(14418): No known package when getting name for resource number 0xffffffff
10-11 18:55:18.322: W/ResourceType(14418): No known package when getting name for resource number 0xffffffff
10-11 18:55:18.330: W/ResourceType(14418): No known package when getting name for resource number 0xffffffff
10-11 18:55:18.353: W/ResourceType(14418): No known package when getting name for resource number 0xffffffff
10-11 18:55:18.355: W/ResourceType(14418): No known package when getting name for resource number 0xffffffff
10-11 18:55:18.381: D/PermissionCache(655): checking android.permission.READ_FRAME_BUFFER for uid=2000 => granted (394 us)
10-11 18:55:18.415: D/ActivityTrigger(1627): ActivityTrigger activityStopTrigger 
10-11 18:55:18.417: D/LifecycleMonitor(14418): Lifecycle status change: com.habitrpg.android.habitica.ui.activities.MainActivity@dc34aee in: STOPPED
10-11 18:55:18.417: W/EventBus(14418): Subscriber to unregister was not registered before: class com.habitrpg.android.habitica.ui.activities.MainActivity
10-11 18:55:18.417: D/LifecycleMonitor(14418): Lifecycle status change: com.habitrpg.android.habitica.ui.activities.MainActivity@dc34aee in: DESTROYED
10-11 18:55:18.439: D/InputDispatcher(1627): Window went away: Window{f98160e u0 com.habitrpg.android.habitica/com.habitrpg.android.habitica.ui.activities.MainActivity}
10-11 18:55:18.481: I/art(14418): Do full code cache collection, code=121KB, data=123KB
10-11 18:55:18.484: I/System.out(14375): INFO: New Screen: Optional.of(ScreenNode {Id=1, PackageName=com.habitrpg.android.habitica, ActivityName=Optional.of(com.habitrpg.android.habitica.ui.activities.IntroActivity)})
10-11 18:55:18.494: I/art(14418): After code cache collection, code=88KB, data=61KB
10-11 18:55:18.521: I/WindowManager(1627): Destroying surface Surface(name=com.google.android.apps.mtaas.backdrop/com.google.android.apps.mtaas.backdrop.BackdropActivity) called by com.android.server.wm.WindowStateAnimator.destroySurface:2192 com.android.server.wm.WindowStateAnimator.destroySurfaceLocked:969 com.android.server.wm.WindowState.destroyOrSaveSurface:2170 com.android.server.wm.WindowManagerService.tryStartExitingAnimation:3540 com.android.server.wm.WindowManagerService.relayoutWindow:3404 com.android.server.wm.WindowManagerServiceEx.relayoutWindow:566 com.android.server.wm.Session.relayout:216 android.view.IWindowSession$Stub.onTransact:286 
10-11 18:55:18.537: W/SurfaceFlinger(655): couldn't log to binary event log: overflow.
10-11 18:55:18.547: I/SystemServicesProxy(2351): RecentApps has 1 item(s).
10-11 18:55:18.558: I/art(14418): Background partial concurrent mark sweep GC freed 313371(12MB) AllocSpace objects, 0(0B) LOS objects, 40% free, 31MB/51MB, paused 641us total 111.245ms
10-11 18:55:18.699: I/art(14418): Do partial code cache collection, code=102KB, data=81KB
10-11 18:55:18.702: I/art(14418): After code cache collection, code=98KB, data=80KB
10-11 18:55:18.702: I/art(14418): Increasing code cache capacity to 512KB
10-11 18:55:18.741: I/ThermalEngine(819): Thermal-Server: Thermal received msg from  tmr
10-11 18:55:18.741: I/TMR(819): C0.10
10-11 18:55:18.741: I/TMR(819): C1.10
10-11 18:55:18.741: I/Thermal-Lib(825): Thermal-Lib-Client: Client request sent
10-11 18:55:18.757: D/GraphicBufferSource(868): dataCallbackTimestamp: timestamp 5420993744806 us, FrameCountWithinOneSec : 52
10-11 18:55:18.798: I/System.out(14375): INFO: Finished all Robo script actions
10-11 18:55:18.817: W/ResourceType(14418): No package identifier when getting name for resource number 0x00000001
10-11 18:55:18.819: W/ResourceType(14418): No package identifier when getting name for resource number 0x00000001
10-11 18:55:18.819: W/ResourceType(14418): No package identifier when getting name for resource number 0x00000001
10-11 18:55:18.820: W/ResourceType(14418): No package identifier when getting name for resource number 0x00000001
10-11 18:55:18.820: I/ViewInteraction(14418): Performing 'single click' action on view (with class name: is "android.support.v7.widget.AppCompatButton" and with id: android:id/button3 and is a child at 0th index of the matching parent: (with class name: is "android.support.v7.widget.ButtonBarLayout" and with id: 1 (resource name not found) and is a child at 0th index of the matching parent: (with class name: is "android.widget.ScrollView" and with id: com.habitrpg.android.habitica:id/buttonPanel and is a child at 3th index of the matching parent: (with class name: is "android.support.v7.widget.AlertDialogLayout" and with id: com.habitrpg.android.habitica:id/parentPanel and is a child at 0th index of the matching parent: (with class name: is "android.support.v7.widget.ContentFrameLayout" and with id: android:id/content and is a child at 0th index of the matching parent: (with class name: is "android.support.v7.widget.FitWindowsFrameLayout" and with id: com.habitrpg.android.habitica:id/action_bar_root and is a child at 0th index of the matching parent: (with class name: is "android.widget.FrameLayout" and with id: 1 (resource name not found) and is a child at 1th index of the matching parent: (with class name: is "android.widget.LinearLayout" and with id: 1 (resource name not found) and is a child at 0th index of the matching parent: (with class name: is "com.android.internal.policy.DecorView" and with id: 1 (resource name not found) and is a root view.)))))))))
10-11 18:55:18.831: D/InputTransport(1627): channel 'db63179 com.habitrpg.android.habitica/com.habitrpg.android.habitica.ui.activities.IntroActivity (server)' : action=ACTION_DOWN(0), id=0, tooltype=0, deviceId=0, source=0x1002, flags=0x0, edgeFlags=0x0, metaState=0x0, buttonState=0x1, downTime=5421060000000, eventTime=5421061000000, pointerCount=1
10-11 18:55:18.832: W/DisplayPowerControllerEx(1627): updatePowerState() : mPowerRequest.policy = 2, mRequestPolicy = 3, mPowerState.getColorFadeLevel() = 1.0, mPowerState.getScreenState() = 2, mPowerState.getScreenBrightness() = 10, mPendingUpdatePowerState = false, mIsFinishDrawBasicInfo = false
10-11 18:55:18.832: D/DisplayPowerController(1627): setScreenState : isOff = false
10-11 18:55:18.832: I/ViewRootImpl(14418): ViewRoot's Touch Event : ACTION_DOWN
10-11 18:55:18.832: W/DisplayPowerControllerEx(1627): updatePowerState() : mPowerRequest.policy = 3, mRequestPolicy = 3, mPowerState.getColorFadeLevel() = 1.0, mPowerState.getScreenState() = 2, mPowerState.getScreenBrightness() = 255, mPendingUpdatePowerState = false, mIsFinishDrawBasicInfo = false
10-11 18:55:18.832: D/DisplayPowerController(1627): setScreenState : isOff = false
10-11 18:55:18.835: I/NetworkController.WifiSignalController(2351): Change in state to: connected=true,enabled=true,level=3,inetCondition=1,iconGroup=IconGroup(Default Wi-Fi Icons),activityIn=false,activityOut=false,rssi=-43,,ssid="wl-ftl-mt09-1-5",isGigaWiFi=false,isAttWifiCall=false
10-11 18:55:18.905: D/InputTransport(1627): channel 'db63179 com.habitrpg.android.habitica/com.habitrpg.android.habitica.ui.activities.IntroActivity (server)' : action=ACTION_UP(0), id=0, tooltype=1, deviceId=0, source=0x1002, flags=0x0, edgeFlags=0x0, metaState=0x0, buttonState=0x1, downTime=5421060000000, eventTime=5421141000000, pointerCount=1
10-11 18:55:18.906: I/ViewRootImpl(14418): ViewRoot's Touch Event : ACTION_UP
10-11 18:55:18.908: V/WifiServerServiceExt(1627): checkPollTimer Cnt= 0 rssi =-44 threshold=-100
10-11 18:55:18.923: I/AudioManagerEx(14418): AudioManagerEx created
10-11 18:55:18.936: D/WindowManager(1627): remove transit: 2
10-11 18:55:18.937: V/WindowManager(1627): Not removing Window{db63179 u0 com.habitrpg.android.habitica/com.habitrpg.android.habitica.ui.activities.IntroActivity EXITING} due to exit animation 
10-11 18:55:18.938: I/PowerRM(825): System FW:0 SO:0 GT:0 CAPP:-1 APP:0
10-11 18:55:18.943: D/PhoneStatusBar(2351): setSystemUiVisibility vis=708 mask=ffffffff oldVal=8 newVal=708 diff=700
10-11 18:55:18.951: D/InputDispatcher(1627): Focus left window: Window{db63179 u0 com.habitrpg.android.habitica/com.habitrpg.android.habitica.ui.activities.IntroActivity}
10-11 18:55:18.951: D/InputDispatcher(1627): Focus entered window: Window{5086a7d u0 com.habitrpg.android.habitica/com.habitrpg.android.habitica.ui.activities.IntroActivity}
10-11 18:55:18.951: D/InputDispatcher(1627): Window went away: Window{db63179 u0 com.habitrpg.android.habitica/com.habitrpg.android.habitica.ui.activities.IntroActivity}
10-11 18:55:18.954: W/InputMethodManagerService(1627): Window already focused, ignoring focus gain of: com.android.internal.view.IInputMethodClient$Stub$Proxy@2215a3b attribute=null, token = android.os.BinderProxy@cdf68d4
10-11 18:55:19.136: I/WindowManager(1627): Destroying surface Surface(name=com.habitrpg.android.habitica/com.habitrpg.android.habitica.ui.activities.IntroActivity) called by com.android.server.wm.WindowStateAnimator.destroySurface:2192 com.android.server.wm.WindowStateAnimator.destroySurfaceLocked:969 com.android.server.wm.WindowState.destroyOrSaveSurface:2170 com.android.server.wm.AppWindowToken.destroySurfaces:381 com.android.server.wm.WindowStateAnimator.finishExit:593 com.android.server.wm.WindowStateAnimator.stepAnimationLocked:519 com.android.server.wm.WindowAnimator.updateWindowsLocked:323 com.android.server.wm.WindowAnimator.animateLocked:739 
10-11 18:55:19.141: I/NavigationThemeResource(2351): notify navigation bar color(0x0)
10-11 18:55:19.149: W/SurfaceFlinger(655): couldn't log to binary event log: overflow.
10-11 18:55:19.233: D/WifiWatchdogStateMachine(1627): EVENT_CHECK_IMS_CALL_STATE received
10-11 18:55:19.233: D/WifiWatchdogStateMachine(1627): OnlineWatchState handleRssiChange() imscallstate : 0
10-11 18:55:19.292: I/ViewInteraction(14418): Performing 'Extracts screen state.' action on view is a root view.
10-11 18:55:19.293: W/ResourceType(14418): No known package when getting name for resource number 0xffffffff
10-11 18:55:19.297: W/ResourceType(14418): No known package when getting name for resource number 0xffffffff
10-11 18:55:19.299: W/ResourceType(14418): No known package when getting name for resource number 0xffffffff
10-11 18:55:19.306: W/ResourceType(14418): No known package when getting name for resource number 0xffffffff
10-11 18:55:19.310: W/ResourceType(14418): No known package when getting name for resource number 0xffffffff
10-11 18:55:19.332: W/ResourceType(14418): No known package when getting name for resource number 0xffffffff
10-11 18:55:19.335: W/ResourceType(14418): No known package when getting name for resource number 0xffffffff
10-11 18:55:19.338: W/ResourceType(14418): No known package when getting name for resource number 0xffffffff
10-11 18:55:19.340: W/ResourceType(14418): No known package when getting name for resource number 0xffffffff
10-11 18:55:19.364: V/Netd(929): unexpected event from subsystem lge_power
10-11 18:55:19.369: V/Netd(929): unexpected event from subsystem power_supply
10-11 18:55:19.371: D/WifiController(1627): battery changed pluggedType: 1
10-11 18:55:19.372: D/KeyguardUpdateMonitor(2351): Intent.ACTION_BATTERY_CHANGED status : 5 ,plugged : 1 ,level : 100 ,temperature : 301, temperatureState : 0, EXTRA_CHARGING_CURRENT : 0 / EXTRA_HVDCP_TYPE : false
10-11 18:55:19.372: I/LGPowerUI(2351): onReceive = android.intent.action.BATTERY_CHANGED
10-11 18:55:19.373: I/LGPowerUI(2351): level = 100, plugType = 1, plugged = true, charging = false, temperature = 301, chargingCurrent = 0, factoryCableItem = 0, isFastCharging = false, batteryID = 1
10-11 18:55:19.377: W/QCNEJ(3098): |CORE| CNE received unexpected action: android.intent.action.BATTERY_CHANGED
10-11 18:55:19.378: D/TeleService(2668): PhoneGlobalsEx: onReceive: android.intent.action.BATTERY_CHANGED
10-11 18:55:19.378: I/AbsQuickSettingsHandlerBase(2351): Got action android.intent.action.BATTERY_CHANGED for BATTERY_SAVER
10-11 18:55:19.395: I/System.out(14375): INFO: New Screen: Optional.of(ScreenNode {Id=2, PackageName=com.habitrpg.android.habitica, ActivityName=Optional.of(com.habitrpg.android.habitica.ui.activities.IntroActivity)})
10-11 18:55:19.662: W/ResourceType(14418): No package identifier when getting name for resource number 0x00000001
10-11 18:55:19.665: W/ResourceType(14418): No package identifier when getting name for resource number 0x00000001
10-11 18:55:19.665: W/ResourceType(14418): No package identifier when getting name for resource number 0x00000001
10-11 18:55:19.666: W/ResourceType(14418): No package identifier when getting name for resource number 0x00000001
10-11 18:55:19.666: I/ViewInteraction(14418): Performing 'fast swipe' action on view (with class name: is "android.support.v4.view.ViewPager" and with id: com.habitrpg.android.habitica:id/view_pager and is a child at 0th index of the matching parent: (with class name: is "android.widget.FrameLayout" and with id: 1 (resource name not found) and is a child at 0th index of the matching parent: (with class name: is "android.support.v7.widget.ContentFrameLayout" and with id: android:id/content and is a child at 1th index of the matching parent: (with class name: is "android.support.v7.widget.FitWindowsLinearLayout" and with id: com.habitrpg.android.habitica:id/action_bar_root and is a child at 0th index of the matching parent: (with class name: is "android.widget.FrameLayout" and with id: 1 (resource name not found) and is a child at 1th index of the matching parent: (with class name: is "android.widget.LinearLayout" and with id: 1 (resource name not found) and is a child at 0th index of the matching parent: (with class name: is "com.android.internal.policy.DecorView" and with id: 1 (resource name not found) and is a root view.)))))))
10-11 18:55:19.669: D/InputTransport(1627): channel '5086a7d com.habitrpg.android.habitica/com.habitrpg.android.habitica.ui.activities.IntroActivity (server)' : action=ACTION_DOWN(0), id=0, tooltype=0, deviceId=0, source=0x1002, flags=0x0, edgeFlags=0x0, metaState=0x0, buttonState=0x1, downTime=5421905000000, eventTime=5421905000000, pointerCount=1
10-11 18:55:19.669: I/ViewRootImpl(14418): ViewRoot's Touch Event : ACTION_DOWN
10-11 18:55:19.816: D/GraphicBufferSource(868): dataCallbackTimestamp: timestamp 5422052945482 us, FrameCountWithinOneSec : 23
10-11 18:55:19.932: D/InputTransport(1627): channel '5086a7d com.habitrpg.android.habitica/com.habitrpg.android.habitica.ui.activities.IntroActivity (server)' : action=ACTION_UP(0), id=0, tooltype=1, deviceId=0, source=0x1002, flags=0x0, edgeFlags=0x0, metaState=0x0, buttonState=0x1, downTime=5421905000000, eventTime=5422168000000, pointerCount=1
10-11 18:55:19.933: I/ViewRootImpl(14418): ViewRoot's Touch Event : ACTION_UP
10-11 18:55:20.018: I/ViewInteraction(14418): Performing 'Extracts screen state.' action on view is a root view.
10-11 18:55:20.019: W/ResourceType(14418): No known package when getting name for resource number 0xffffffff
10-11 18:55:20.026: W/ResourceType(14418): No known package when getting name for resource number 0xffffffff
10-11 18:55:20.031: W/ResourceType(14418): No known package when getting name for resource number 0xffffffff
10-11 18:55:20.039: W/ResourceType(14418): No known package when getting name for resource number 0xffffffff
10-11 18:55:20.045: W/ResourceType(14418): No known package when getting name for resource number 0xffffffff
10-11 18:55:20.065: W/ResourceType(14418): No known package when getting name for resource number 0xffffffff
10-11 18:55:20.067: W/ResourceType(14418): No known package when getting name for resource number 0xffffffff
10-11 18:55:20.069: W/ResourceType(14418): No known package when getting name for resource number 0xffffffff
10-11 18:55:20.071: W/ResourceType(14418): No known package when getting name for resource number 0xffffffff
10-11 18:55:20.078: D/sensors_hal_SMGR(1627): processBufferingInd:report(on_change_sensor) eventtype 0
10-11 18:55:20.122: I/System.out(14375): INFO: New Screen: Optional.of(ScreenNode {Id=3, PackageName=com.habitrpg.android.habitica, ActivityName=Optional.of(com.habitrpg.android.habitica.ui.activities.IntroActivity)})
10-11 18:55:20.423: D/LocationManagerService(1627): getProviders()=[]
10-11 18:55:20.436: W/ResourceType(14418): No package identifier when getting name for resource number 0x00000001
10-11 18:55:20.437: W/ResourceType(14418): No package identifier when getting name for resource number 0x00000001
10-11 18:55:20.438: W/ResourceType(14418): No package identifier when getting name for resource number 0x00000001
10-11 18:55:20.438: W/ResourceType(14418): No package identifier when getting name for resource number 0x00000001
10-11 18:55:20.439: W/ResourceType(14418): No package identifier when getting name for resource number 0x00000001
10-11 18:55:20.439: I/ViewInteraction(14418): Performing 'single click' action on view (with class name: is "android.support.v7.widget.AppCompatButton" and with id: com.habitrpg.android.habitica:id/skipButton and is a child at 1th index of the matching parent: (with class name: is "android.widget.RelativeLayout" and with id: 1 (resource name not found) and is a child at 1th index of the matching parent: (with class name: is "android.widget.FrameLayout" and with id: 1 (resource name not found) and is a child at 0th index of the matching parent: (with class name: is "android.support.v7.widget.ContentFrameLayout" and with id: android:id/content and is a child at 1th index of the matching parent: (with class name: is "android.support.v7.widget.FitWindowsLinearLayout" and with id: com.habitrpg.android.habitica:id/action_bar_root and is a child at 0th index of the matching parent: (with class name: is "android.widget.FrameLayout" and with id: 1 (resource name not found) and is a child at 1th index of the matching parent: (with class name: is "android.widget.LinearLayout" and with id: 1 (resource name not found) and is a child at 0th index of the matching parent: (with class name: is "com.android.internal.policy.DecorView" and with id: 1 (resource name not found) and is a root view.))))))))
10-11 18:55:20.442: D/InputTransport(1627): channel '5086a7d com.habitrpg.android.habitica/com.habitrpg.android.habitica.ui.activities.IntroActivity (server)' : action=ACTION_DOWN(0), id=0, tooltype=0, deviceId=0, source=0x1002, flags=0x0, edgeFlags=0x0, metaState=0x0, buttonState=0x1, downTime=5422678000000, eventTime=5422678000000, pointerCount=1
10-11 18:55:20.442: I/ViewRootImpl(14418): ViewRoot's Touch Event : ACTION_DOWN
10-11 18:55:20.522: D/InputTransport(1627): channel '5086a7d com.habitrpg.android.habitica/com.habitrpg.android.habitica.ui.activities.IntroActivity (server)' : action=ACTION_UP(0), id=0, tooltype=1, deviceId=0, source=0x1002, flags=0x0, edgeFlags=0x0, metaState=0x0, buttonState=0x1, downTime=5422678000000, eventTime=5422758000000, pointerCount=1
10-11 18:55:20.523: I/ViewRootImpl(14418): ViewRoot's Touch Event : ACTION_UP
10-11 18:55:20.524: I/AudioManagerEx(14418): AudioManagerEx created
10-11 18:55:20.525: D/MonitoringInstr(14418): execStartActivity(context, ibinder, ibinder, activity, intent, int, bundle
10-11 18:55:20.526: I/Timeline(14418): Timeline: Activity_launch_request id:com.habitrpg.android.habitica time:5422762
10-11 18:55:20.526: I/ActivityManager(1627): START u0 {flg=0x14008000 cmp=com.habitrpg.android.habitica/.ui.activities.LoginActivity} from uid 10200 on display 0
10-11 18:55:20.529: D/ActivityManager(1627): setTaskToReturnTo : TaskRecord{2e7c275 #3 A=com.habitrpg.android.habitica U=0 StackId=1 sz=1} / mTaskToReturnTo = 1
10-11 18:55:20.529: D/ActivityManager(1627): setTaskToReturnTo : TaskRecord{5ff59b3 #2 A=com.google.android.apps.mtaas.backdrop U=0 StackId=1 sz=1} / mTaskToReturnTo = 0
10-11 18:55:20.530: I/WindowManager(1627): focusedWin.mLastOrientation : 0
10-11 18:55:20.531: D/InputDispatcher(1627): Focus left window: Window{5086a7d u0 com.habitrpg.android.habitica/com.habitrpg.android.habitica.ui.activities.IntroActivity}
10-11 18:55:20.532: D/ActivityTrigger(1627): ActivityTrigger activityPauseTrigger 
10-11 18:55:20.532: D/ActivityManager(1627): setTaskToReturnTo : TaskRecord{5ff59b3 #2 A=com.google.android.apps.mtaas.backdrop U=0 StackId=1 sz=1} / mTaskToReturnTo = 1
10-11 18:55:20.532: D/ActivityManager(1627): setTaskToReturnTo : TaskRecord{2e7c275 #3 A=com.habitrpg.android.habitica U=0 StackId=1 sz=1} / mTaskToReturnTo = 0
10-11 18:55:20.534: D/LGImageQualityEnhancementService(2591): handleCallbackActivity(), isEnhanced: false
10-11 18:55:20.538: W/ActivityManager(1627): Duplicate finish request for ActivityRecord{a5f7299 u0 com.habitrpg.android.habitica/.ui.activities.IntroActivity t3 f}
10-11 18:55:20.550: D/LifecycleMonitor(14418): Lifecycle status change: com.habitrpg.android.habitica.ui.activities.IntroActivity@fe5188d in: PAUSED
10-11 18:55:20.551: I/FA(14418): Tag Manager is not found and thus will not be used
10-11 18:55:20.554: D/LGImageQualityEnhancementService(2591): handleCallbackActivity(), isEnhanced: false
10-11 18:55:20.554: D/LGPowerHintPolicy(2591): [Perf] releasePowerHinInfo : release target  com.lge.systemservice.service.LGPowerHintPolicy$PowerHintInfo@c6fc289
10-11 18:55:20.589: I/SQLiteOpenHelper(14418): Create google_app_measurement_local.db
10-11 18:55:20.602: I/WindowManager(1627): Starting window displayed
10-11 18:55:20.622: D/LifecycleMonitor(14418): Lifecycle status change: com.habitrpg.android.habitica.ui.activities.LoginActivity@1997f7e in: PRE_ON_CREATE
10-11 18:55:20.729: I/SystemServicesProxy(2351): RecentApps has 1 item(s).
10-11 18:55:20.831: D/GraphicBufferSource(868): dataCallbackTimestamp: timestamp 5423067827617 us, FrameCountWithinOneSec : 52
10-11 18:55:20.837: I/NetworkController.WifiSignalController(2351): Change in state to: connected=true,enabled=true,level=3,inetCondition=1,iconGroup=IconGroup(Default Wi-Fi Icons),activityIn=true,activityOut=true,rssi=-43,,ssid="wl-ftl-mt09-1-5",isGigaWiFi=false,isAttWifiCall=false
10-11 18:55:20.907: D/LifecycleMonitor(14418): Lifecycle status change: com.habitrpg.android.habitica.ui.activities.LoginActivity@1997f7e in: CREATED
10-11 18:55:20.907: D/LifecycleMonitor(14418): Lifecycle status change: com.habitrpg.android.habitica.ui.activities.LoginActivity@1997f7e in: STARTED
10-11 18:55:20.910: D/LifecycleMonitor(14418): Lifecycle status change: com.habitrpg.android.habitica.ui.activities.LoginActivity@1997f7e in: RESUMED
10-11 18:55:20.928: D/LocationManagerService(1627): getProviders()=[]
10-11 18:55:20.938: V/SurfaceControlWithBlanks(1627): isTransparent(), true vs true
10-11 18:55:20.945: I/PowerRM(825): System FW:0 SO:0 GT:0 CAPP:-1 APP:0
10-11 18:55:20.950: D/InputDispatcher(1627): Focus entered window: Window{3da8e21 u0 com.habitrpg.android.habitica/com.habitrpg.android.habitica.ui.activities.LoginActivity}
10-11 18:55:20.991: W/View(14418): requestLayout() improperly called by com.habitrpg.android.habitica.ui.views.login.StarView{84cddd2 V.ED..... ......ID 0,0-108,108} during layout: running second layout pass
10-11 18:55:20.992: W/View(14418): requestLayout() improperly called by com.habitrpg.android.habitica.ui.views.login.StarView{b2cf05d V.ED..... ......ID 0,0-84,84} during layout: running second layout pass
10-11 18:55:20.992: W/View(14418): requestLayout() improperly called by com.habitrpg.android.habitica.ui.views.login.StarView{f0cda34 V.ED..... ......ID 0,0-84,84} during layout: running second layout pass
10-11 18:55:20.992: W/View(14418): requestLayout() improperly called by com.habitrpg.android.habitica.ui.views.login.StarView{6b7907 V.ED..... ......ID 0,0-84,84} during layout: running second layout pass
10-11 18:55:20.992: W/View(14418): requestLayout() improperly called by com.habitrpg.android.habitica.ui.views.login.StarView{706d346 V.ED..... ......ID 0,0-84,84} during layout: running second layout pass
10-11 18:55:20.992: W/View(14418): requestLayout() improperly called by com.habitrpg.android.habitica.ui.views.login.StarView{7b04321 V.ED..... ......ID 0,0-84,84} during layout: running second layout pass
10-11 18:55:20.992: W/View(14418): requestLayout() improperly called by com.habitrpg.android.habitica.ui.views.login.StarView{37a6d88 V.ED..... ......ID 0,0-84,84} during layout: running second layout pass
10-11 18:55:20.992: W/View(14418): requestLayout() improperly called by com.habitrpg.android.habitica.ui.views.login.StarView{598b52b V.ED..... ......ID 0,0-84,84} during layout: running second layout pass
10-11 18:55:20.992: W/View(14418): requestLayout() improperly called by com.habitrpg.android.habitica.ui.views.login.StarView{618997a V.ED..... ......ID 0,0-84,84} during layout: running second layout pass
10-11 18:55:20.992: W/View(14418): requestLayout() improperly called by com.habitrpg.android.habitica.ui.views.login.StarView{e3931a5 V.ED..... ......ID 0,0-84,84} during layout: running second layout pass
10-11 18:55:20.992: W/View(14418): requestLayout() improperly called by com.habitrpg.android.habitica.ui.views.login.StarView{fd7b39c V.ED..... ......ID 0,0-84,84} during layout: running second layout pass
10-11 18:55:20.992: W/View(14418): requestLayout() improperly called by com.habitrpg.android.habitica.ui.views.login.StarView{22db70f V.ED..... ......ID 0,0-84,84} during layout: running second layout pass
10-11 18:55:20.992: W/View(14418): requestLayout() improperly called by com.habitrpg.android.habitica.ui.views.login.StarView{b62a46e V.ED..... ......ID 0,0-84,84} during layout: running second layout pass
10-11 18:55:20.992: W/View(14418): requestLayout() improperly called by com.habitrpg.android.habitica.ui.views.login.StarView{ed17fe9 V.ED..... ......ID 0,0-36,36} during layout: running second layout pass
10-11 18:55:20.992: W/View(14418): requestLayout() improperly called by com.habitrpg.android.habitica.ui.views.login.StarView{2eb0070 V.ED..... ......ID 0,0-36,36} during layout: running second layout pass
10-11 18:55:20.992: W/View(14418): requestLayout() improperly called by com.habitrpg.android.habitica.ui.views.login.StarView{d85a2b3 V.ED..... ......ID 0,0-36,36} during layout: running second layout pass
10-11 18:55:20.992: W/View(14418): requestLayout() improperly called by com.habitrpg.android.habitica.ui.views.login.StarView{be62822 V.ED..... ......ID 0,0-36,36} during layout: running second layout pass
10-11 18:55:20.992: W/View(14418): requestLayout() improperly called by com.habitrpg.android.habitica.ui.views.login.StarView{1aeb1ed V.ED..... ......ID 0,0-36,36} during layout: running second layout pass
10-11 18:55:20.992: W/View(14418): requestLayout() improperly called by com.habitrpg.android.habitica.ui.views.login.StarView{dfd6804 V.ED..... ......ID 0,0-36,36} during layout: running second layout pass
10-11 18:55:20.992: W/View(14418): requestLayout() improperly called by com.habitrpg.android.habitica.ui.views.login.StarView{2d15c17 V.ED..... ......ID 0,0-36,36} during layout: running second layout pass
10-11 18:55:20.992: W/View(14418): requestLayout() improperly called by com.habitrpg.android.habitica.ui.views.login.StarView{7391896 V.ED..... ......ID 0,0-36,36} during layout: running second layout pass
10-11 18:55:20.992: W/View(14418): requestLayout() improperly called by com.habitrpg.android.habitica.ui.views.login.StarView{7f60bb1 V.ED..... ......ID 0,0-36,36} during layout: running second layout pass
10-11 18:55:20.992: W/View(14418): requestLayout() improperly called by com.habitrpg.android.habitica.ui.views.login.StarView{e2ebe58 V.ED..... ......ID 0,0-36,36} during layout: running second layout pass
10-11 18:55:20.992: W/View(14418): requestLayout() improperly called by com.habitrpg.android.habitica.ui.views.login.StarView{b3b873b V.ED..... ......ID 0,0-36,36} during layout: running second layout pass
10-11 18:55:20.992: W/View(14418): requestLayout() improperly called by com.habitrpg.android.habitica.ui.views.login.StarView{3ba29ca V.ED..... ......ID 0,0-36,36} during layout: running second layout pass
10-11 18:55:20.992: W/View(14418): requestLayout() improperly called by com.habitrpg.android.habitica.ui.views.login.StarView{8409135 V.ED..... ......ID 0,0-36,36} during layout: running second layout pass
10-11 18:55:20.993: W/View(14418): requestLayout() improperly called by com.habitrpg.android.habitica.ui.views.login.StarView{889976c V.ED..... ......ID 0,0-36,36} during layout: running second layout pass
10-11 18:55:20.993: W/View(14418): requestLayout() improperly called by com.habitrpg.android.habitica.ui.views.login.StarView{dcc881f V.ED..... ......ID 0,0-36,36} during layout: running second layout pass
10-11 18:55:20.993: W/View(14418): requestLayout() improperly called by com.habitrpg.android.habitica.ui.views.login.StarView{f84cfbe V.ED..... ......ID 0,0-36,36} during layout: running second layout pass
10-11 18:55:20.993: W/View(14418): requestLayout() improperly called by com.habitrpg.android.habitica.ui.views.login.StarView{adf0679 V.ED..... ......ID 0,0-36,36} during layout: running second layout pass
10-11 18:55:20.993: W/View(14418): requestLayout() improperly called by com.habitrpg.android.habitica.ui.views.login.StarView{cd74740 V.ED..... ......ID 0,0-36,36} during layout: running second layout pass
10-11 18:55:20.993: W/View(14418): requestLayout() improperly called by com.habitrpg.android.habitica.ui.views.login.StarView{90e82c3 V.ED..... ......ID 0,0-36,36} during layout: running second layout pass
