10-11 18:54:31.384: W/LGPowerHintPolicy(2591): [Perf] setPowerHintBoostIfNeeded : make powerHintInfo  = com.lge.systemservice.service.LGPowerHintPolicy$PowerHintInfo@f13b954
10-11 18:54:31.384: D/LGPowerHintPolicy(2591): [Perf] releasePowerHinInfo : release target  com.lge.systemservice.service.LGPowerHintPolicy$PowerHintInfo@f13b954
10-11 18:54:31.396: I/ActivityManager(1627): Start proc 12980:com.lge.launcher3/u0a96 for activity com.lge.launcher3/.LauncherExtension
10-11 18:54:31.399: I/LGEIMS_J(3163): onTrimMemory :: level=5
10-11 18:54:31.399: I/art(3163): Starting a blocking GC Explicit
10-11 18:54:31.402: I/Telecom(2650): TelecomApp: onTrimMemory: 5
10-11 18:54:31.402: I/Telecom(2650): TelecomApp: trim memory
10-11 18:54:31.402: I/art(2650): Starting a blocking GC Explicit
10-11 18:54:31.404: I/InCall(2824): InCallApp - onTrimMemory: 5
10-11 18:54:31.404: I/InCall(2824): InCallApp - trim memory
10-11 18:54:31.423: I/art(2650): Explicit concurrent mark sweep GC freed 5791(357KB) AllocSpace objects, 4(104KB) LOS objects, 46% free, 9MB/17MB, paused 220us total 21.187ms
10-11 18:54:31.426: D/WeatherPLT_Utils(3484): Network type : WIFI - CONNECTED
10-11 18:54:31.426: D/WeatherPLT_CommonReceiver(3484): start action : com.lge.sizechangable.weather.platform.action.POKE
10-11 18:54:31.427: D/WeatherPLT_UpdateWorkerCurrentOnly(3484): cursor is empty. current location is not exist.
10-11 18:54:31.427: D/WeatherPLT_CommonReceiver(3484): end action : com.lge.sizechangable.weather.platform.action.POKE : 1ms
10-11 18:54:31.433: I/ActivityManager(1627): Start proc 12994:com.evernote/u0a80 for broadcast com.evernote/.widget.WidgetUpdateReceiver
10-11 18:54:31.441: E/lowmemorykiller(642): Error writing /proc/5860/oom_score_adj; errno=22
10-11 18:54:31.450: W/System(12980): ClassLoader referenced unknown path: /system/priv-app/LGHome/lib/arm
10-11 18:54:31.455: I/art(3163): Explicit concurrent mark sweep GC freed 15368(1710KB) AllocSpace objects, 0(0B) LOS objects, 40% free, 11MB/19MB, paused 317us total 54.773ms
10-11 18:54:31.460: W/ProcessCpuTracker(1627): Skipping unknown process pid 12978
10-11 18:54:31.465: D/Telephony(2668): PhoneApp: onTrimMemory: 5
10-11 18:54:31.465: I/art(2668): Starting a blocking GC Explicit
10-11 18:54:31.467: D/PocketCardFactory(4210): [onLoadComplete]
10-11 18:54:31.474: D/PocketCardFactory(4210): [getCount] return = 0
10-11 18:54:31.475: D/PocketCardFactory(4210): [sendCardUpdateIntent] mRowHeight = 320
10-11 18:54:31.475: D/PocketCardFactory(4210): [sendCardUpdateIntent] mRowSpacing = 16
10-11 18:54:31.475: D/PocketCardFactory(4210): [sendCardUpdateIntent] rowCount = 0
10-11 18:54:31.475: I/Weather_WeatherService(3660): shouldTimeTickRegistered - 4x2 : 0, FphWidget : 0
10-11 18:54:31.475: I/Weather_WeatherService(3660): shouldTimeTickRegistered : true - home screen widget is shown.
10-11 18:54:31.484: I/TeleService(2668): CallSettingsSearchIndexableItem: setIndexableItemList
10-11 18:54:31.486: D/TeleService(2668): CallSettingsManager: getIntValue: connection_vibration_setting_key : 0
10-11 18:54:31.487: D/TeleService(2668): CallSettingsManager: getIntValue: disconnecting_vibration_setting_key : 0
10-11 18:54:31.487: I/TeleService(2668): ConfigUtils: getNoiseSuppressionDefaultValueOff() : false
10-11 18:54:31.490: I/Telecom(2650): Logging: START_SESSION: TSI.iTS@ACM
10-11 18:54:31.492: D/Weather_DataCache(3660): changedTime in DB = 0, in Cache : 0
10-11 18:54:31.493: I/Weather_DataCache(3660): return -1 / 0
10-11 18:54:31.493: I/Weather_WidgetCreator(3660): appWidgetId = 6, cityIndex = -1
10-11 18:54:31.493: D/Weather_Utils(3660): applied_additional_theme : false
10-11 18:54:31.494: D/Weather_Utils(3660): applied_additional_theme : false
10-11 18:54:31.494: D/Weather_Utils(3660): applied_additional_theme : false
10-11 18:54:31.494: D/Weather_WidgetCreator(3660): use_homescreen_widget_adaptive_color : true
10-11 18:54:31.494: D/Weather_WidgetCreator(3660): isUsingAdaptiveTextColor = true
10-11 18:54:31.495: D/Weather_WidgetCreator(3660): prepareThemeColor, mIsDynamicTheme = false, mWidgetBasicColor = -1, mWidgetSubColor = -1
10-11 18:54:31.495: D/Weather_WidgetCreator(3660): setMinute : 54
10-11 18:54:31.496: I/ContactsProvider(3544): Locale has changed from [en_US] to [es]
10-11 18:54:31.496: I/Telecom(2650): Logging: CREATE_SUBSESSION (Invisible subsession): TSI.iTS@ACM
10-11 18:54:31.496: I/Telecom(2650): Logging: CONTINUE_SUBSESSION (Invisible Subsession) with Method TSI.gDDP: TSI.iTS@ACM
10-11 18:54:31.500: I/Telecom(2650): Logging: CREATE_SUBSESSION (Invisible subsession): TSI.iTS@ACM
10-11 18:54:31.500: I/Telecom(2650): Logging: CONTINUE_SUBSESSION (Invisible Subsession) with Method TSI.gSDP: TSI.iTS@ACM
10-11 18:54:31.500: I/Telecom(2650): Logging: END_SUBSESSION (Invisible Subsession) (dur: 0 mS): TSI.iTS@ACM
10-11 18:54:31.500: I/Telecom(2650): Logging: END_SUBSESSION (Invisible Subsession) (dur: 4 mS): TSI.iTS@ACM
10-11 18:54:31.501: I/Telecom(2650): Logging: CREATE_SUBSESSION (Invisible subsession): TSI.iTS@ACM
10-11 18:54:31.501: I/Telecom(2650): Logging: CONTINUE_SUBSESSION (Invisible Subsession) with Method TSI.gSDP: TSI.iTS@ACM
10-11 18:54:31.501: I/Telecom(2650): Logging: END_SUBSESSION (Invisible Subsession) (dur: 0 mS): TSI.iTS@ACM
10-11 18:54:31.502: I/Telecom(2650): TtyManager: isTtySupported: true: TSI.iTS@ACM
10-11 18:54:31.502: I/Telecom(2650): Logging: END_SUBSESSION (dur: 12 mS): TSI.iTS@ACM
10-11 18:54:31.502: I/Telecom(2650): Logging: END_SESSION (dur: 12 ms): TSI.iTS@ACM
10-11 18:54:31.502: I/Weather_WidgetLarge(3660): Empty view is on creating : 6
10-11 18:54:31.502: D/TeleService(2668): CallSettingsManager: getIntValue: call_end_dialog_setting_key : 0
10-11 18:54:31.503: D/TeleService(2668): CallSettingsManager: getIntValue: call_alert_popup : 1
10-11 18:54:31.504: I/TeleService(2668): SimConfigUitls: do not SIM_STATE_READY!!!
10-11 18:54:31.504: W/System(12994): ClassLoader referenced unknown path: /system/priv-app/Evernote/lib/arm64
10-11 18:54:31.504: I/TeleService(2668): SimConfigUitls: do not SIM_STATE_READY!!!
10-11 18:54:31.505: D/TeleService(2668): CallSettingUtils: getVoiceMailName voicemail = Buzón de voz
10-11 18:54:31.505: D/TeleService(2668): ConfigUtils: isSupportsGlobalRoamingModel = WCDMA
10-11 18:54:31.505: I/TeleService(2668): WifiCallUtils: isVoWifiSupported() : false
10-11 18:54:31.505: I/TeleService(2668): WifiCallSwitch: WifiCallSwitch isSupport : false
10-11 18:54:31.505: I/TeleService(2668): SimConfigUitls: mccmnc is empty!!!
10-11 18:54:31.506: I/TeleService(2668): WifiCallUtils: isVoWifiSupported() : false
10-11 18:54:31.506: D/TeleService(2668): ConfigUtils: isSupportsGlobalRoamingModel = WCDMA
10-11 18:54:31.506: D/TeleService(2668): ConfigUtils: isSupportsGlobalRoamingModel = WCDMA
10-11 18:54:31.507: I/TeleService(2668): CallSettingsSearchIndexablesProvider: values : 20[call_settings_main, call_more, call_reject_main, answer_and_end_calls, gesture, connection_vibration, disconnecting_vibration, noise_suppression_key, clarity_setting, button_tty_mode_key, hearing_aid, call_end_dialog_setting_key, call_alert_popup, voicemail, fdn, call_forwarding, call_barring, call_duration, additional_settings, call_auto_retry]
10-11 18:54:31.507: I/Weather_WidgetAncestor(3660): buildUpdate, appWidgetId: 6
10-11 18:54:31.513: I/art(2668): Explicit concurrent mark sweep GC freed 111753(6MB) AllocSpace objects, 11(280KB) LOS objects, 42% free, 11MB/19MB, paused 2.113ms total 47.315ms
10-11 18:54:31.515: I/[LGHome6]LauncherApplication(12980): onCreate()
10-11 18:54:31.517: D/AgendaItemMergeCursor(4210): creator()
10-11 18:54:31.531: D/AgendaItemMergeCursor(4210): refresh()
10-11 18:54:31.532: D/AgendaItemMergeCursor(4210): refresh() isAfterLast? true
10-11 18:54:31.532: D/SearchProvider(5616): queryXmlResources
10-11 18:54:31.534: D/AgendaItemMergeCursor(4210): refresh()
10-11 18:54:31.535: D/AgendaItemMergeCursor(4210): refresh() isAfterLast? true
10-11 18:54:31.538: D/AgendaItemMergeCursor(4210): refresh()
10-11 18:54:31.538: D/AgendaItemMergeCursor(4210): refresh() isAfterLast? true
10-11 18:54:31.538: D/LG Accessibility Package(5616): [SearchIndexablesProvider.java:112:query()] queryRawData
10-11 18:54:31.548: D/LG Accessibility Package(5616): [SearchIndexableItem.java:238:addVisionItems2()] removeHomeButtonAnswersCall = false
10-11 18:54:31.550: I/MultiDex(12994): VM with version 2.1.0 has multidex support
10-11 18:54:31.550: I/MultiDex(12994): install
10-11 18:54:31.550: I/MultiDex(12994): VM has multidex support, MultiDex support library is disabled.
10-11 18:54:31.560: W/ResourceType(5616): No package identifier when getting value for resource number 0x00000000
10-11 18:54:31.569: D/LG Accessibility Package(5616): [SearchIndexablesProvider.java:114:query()] queryNonIndexableKeys
10-11 18:54:31.570: I/[LGHome6]LauncherExtension(12980): Launcher.onCreate
10-11 18:54:31.577: V/ActivityManager(1627): clear launchingApp : null
10-11 18:54:31.585: I/ReleaseProperties(12994): Current app is: evernote
10-11 18:54:31.585: I/ReleaseProperties(12994): propFile: release is now loaded
10-11 18:54:31.587: I/ReleaseProperties(12994): propFile: play is now loaded
10-11 18:54:31.587: W/ConfigurationChimeraProvider(7390): Got null configs for com.google.android.gms.nearby
10-11 18:54:31.588: I/ReleaseProperties(12994): propFile: base is now loaded
10-11 18:54:31.588: I/[LGHome6]ConciergeBoardMngr(12980): init()
10-11 18:54:31.588: V/Launcher(12980): LauncherAppState inited
10-11 18:54:31.589: I/ActivityManager(1627): Start proc 13019:com.ipsec.vpnclient/u0a141 for content provider com.ipsec.vpnclient/.LGVPNSearchIndexablesProvider
10-11 18:54:31.591: I/ReleaseProperties(12994): propFile: override is now loaded
10-11 18:54:31.593: D/MarketUtils(12994): isPackageInstalled() - com.android.vending is installed
10-11 18:54:31.594: I/ReleaseProperties(12994): ReleaseProperties: 
10-11 18:54:31.594: I/ReleaseProperties(12994):   bundleName=lg-g4
10-11 18:54:31.594: I/ReleaseProperties(12994):   revision=7.9.9_1987
10-11 18:54:31.594: I/ReleaseProperties(12994):   type=public
10-11 18:54:31.594: I/ReleaseProperties(12994):   gitHash=dc9d441192b34e19d7de18cf89916388a7b30a97
10-11 18:54:31.594: I/ReleaseProperties(12994):   baseSearchUri=market://search?q=
10-11 18:54:31.603: D/NetworkSecurityConfig(12994): No Network Security Config specified, using platform default
10-11 18:54:31.611: I/ReleaseProperties(12994): From file referralCode=lg-g4
10-11 18:54:31.627: W/System(13019): ClassLoader referenced unknown path: /system/priv-app/VpnClient_LG/lib/arm64
10-11 18:54:31.634: W/System.err(12994): log4j:WARN No appenders could be found for logger (SystemUtils).
10-11 18:54:31.634: W/System.err(12994): log4j:WARN Please initialize the log4j system properly.
10-11 18:54:31.649: D/EN(12994): MemoryMapAppender.ctor()
10-11 18:54:31.649: D/EN(12994): MemoryMapAppender.ctor-end()
10-11 18:54:31.649: D/EN(12994): [EvernoteProvider]{main} - Provider+++++onCreate()
10-11 18:54:31.649: D/EN(12994): [AccountManager]{main} - AccountManager()::userIds=
10-11 18:54:31.649: D/EN(12994): [AccountManager]{main} - upgradeToAccountManager()::start
10-11 18:54:31.650: D/EN(12994): [AccountManager]{main} - AccountManager()::count=0
10-11 18:54:31.650: D/EN(12994): [AccountManager]{main} - initialized:
10-11 18:54:31.653: E/EN(12994): [EvernoteProvider]{main} - getDBInstance()::java.lang.IllegalStateException: No active account.
10-11 18:54:31.653: E/EN(12994): java.lang.IllegalStateException: No active account.
10-11 18:54:31.653: E/EN(12994): 	at com.evernote.provider.EvernoteProvider.h(EvernoteProvider.java:1082)
10-11 18:54:31.653: E/EN(12994): 	at com.evernote.provider.EvernoteProvider.onCreate(EvernoteProvider.java:1064)
10-11 18:54:31.653: E/EN(12994): 	at android.content.ContentProvider.attachInfo(ContentProvider.java:1751)
10-11 18:54:31.653: E/EN(12994): 	at android.content.ContentProvider.attachInfo(ContentProvider.java:1726)
10-11 18:54:31.653: E/EN(12994): 	at android.app.ActivityThread.installProvider(ActivityThread.java:6031)
10-11 18:54:31.653: E/EN(12994): 	at android.app.ActivityThread.installContentProviders(ActivityThread.java:5623)
10-11 18:54:31.653: E/EN(12994): 	at android.app.ActivityThread.handleBindApplication(ActivityThread.java:5562)
10-11 18:54:31.653: E/EN(12994): 	at android.app.ActivityThread.-wrap2(ActivityThread.java)
10-11 18:54:31.653: E/EN(12994): 	at android.app.ActivityThread$H.handleMessage(ActivityThread.java:1596)
10-11 18:54:31.653: E/EN(12994): 	at android.os.Handler.dispatchMessage(Handler.java:102)
10-11 18:54:31.653: E/EN(12994): 	at android.os.Looper.loop(Looper.java:154)
10-11 18:54:31.653: E/EN(12994): 	at android.app.ActivityThread.main(ActivityThread.java:6316)
10-11 18:54:31.653: E/EN(12994): 	at java.lang.reflect.Method.invoke(Native Method)
10-11 18:54:31.653: E/EN(12994): 	at com.android.internal.os.ZygoteInit$MethodAndArgsCaller.run(ZygoteInit.java:872)
10-11 18:54:31.653: E/EN(12994): 	at com.android.internal.os.ZygoteInit.main(ZygoteInit.java:762)
10-11 18:54:31.655: D/WeatherPLT_Utils(3484): Network type : WIFI - CONNECTED
10-11 18:54:31.655: D/WeatherPLT_CommonReceiver(3484): start action : com.lge.sizechangable.weather.platform.action.POKE
10-11 18:54:31.655: D/WeatherPLT_UpdateWorkerCurrentOnly(3484): cursor is empty. current location is not exist.
10-11 18:54:31.656: D/WeatherPLT_CommonReceiver(3484): end action : com.lge.sizechangable.weather.platform.action.POKE : 1ms
10-11 18:54:31.658: D/Launcher.Model(12980): Old launcher provider: content://com.android.launcher2.settings/favorites?notify=true
10-11 18:54:31.658: D/Launcher.Model(12980): Old launcher provider does not exist.
10-11 18:54:31.661: I/NativeCrashHandler(12994): CrashHandler JNI_OnLoad
10-11 18:54:31.661: I/NativeCrashHandler(12994): CrashHandlerInstall: Native signal handlers installed
10-11 18:54:31.661: I/CrashHandler(12994): CrashHandler initialized
10-11 18:54:31.662: I/[LGHome6]LiveIcon(12980): updateEnabled() : true
10-11 18:54:31.664: W/NativeCrashHandler(12994): CrashFormatterCreate: Could not find libgccdemangle.so
10-11 18:54:31.671: D/HockeyAppCrash(12994): Current handler class = com.evernote.util.crash.ApplicationCrashHandler
10-11 18:54:31.671: D/HockeyAppCrash(12994): Looking for exceptions in: /data/user/0/com.evernote/files
10-11 18:54:31.672: D/HockeyAppCrash(12994): Looking for exceptions in: /data/user/0/com.evernote/files
10-11 18:54:31.672: D/EN(12994): [SystemUtils]{main} - installHockeyApp - registered crash manager
10-11 18:54:31.674: D/HockeyAppNonFatal(12994): Looking for exceptions in: /data/user/0/com.evernote/files/.nonFatalExceptions
10-11 18:54:31.675: D/HockeyAppNonFatal(12994): Looking for exceptions in: /data/user/0/com.evernote/files/.nonFatalExceptions
10-11 18:54:31.675: D/EN(12994): [SystemUtils]{main} - installHockeyApp - registered nonfatal exception manager
10-11 18:54:31.677: I/ActivityManager(1627): Start proc 13048:com.lge.launcher2/u0a99 for broadcast com.lge.launcher2/.numberbadge.LGNumberBadgeReceiver
10-11 18:54:31.684: D/EN(12994): [SystemUtils]{main} - getProcessName(): com.evernote
10-11 18:54:31.697: I/[LGHome6]ScreenZoomChangeWatcher(12980): checkScreenZoomChangedOnCreate() : density(4,00 -> 4,00), userId(0)
10-11 18:54:31.698: I/[LGHome6]HotwordServiceWrapper(12980): Hotword service created.
10-11 18:54:31.704: D/EN(12994): [CollectManager]{main} - CatCollect initialized
10-11 18:54:31.705: D/EN(12994): [CollectManager]{main} - Create manager, Revision 598ac2c, Jenkins build 367
10-11 18:54:31.705: D/EN(12994): [SystemUtils]{main} - needToBlockDataUsage - app wasn't launched, yet
10-11 18:54:31.705: I/EN(12994): [AppIndexUtil]{main} - FirebaseApp can't be initialized, network blocked
10-11 18:54:31.708: D/EN(12994): [Evernote]{main} - VERSION_CODE: 1079935
10-11 18:54:31.708: D/EN(12994): [SplitTesting]{main} - onApplicationStart()
10-11 18:54:31.708: D/EN(12994): [SystemUtils]{main} - needToBlockDataUsage - app wasn't launched, yet
10-11 18:54:31.709: I/[LgeWidgetLib]LgeAppWidgetHost(12980): [LgeAppWidgetHost.java:267:initPackageUpdateReceiver()]initPackageUpdateReceiver
10-11 18:54:31.711: I/AppWidgetServiceImpl(1627): startListening() 0, callbacks: com.android.internal.appwidget.IAppWidgetHost$Stub$Proxy@3013f2
10-11 18:54:31.711: I/AppWidgetServiceImpl(1627): startListening() com.lge.launcher3, appWidgetIds: [I@9b86a43
10-11 18:54:31.712: D/EN(12994): [BitmapUtil]{main} - hasCrashedDuringSvg(): Number of SVGs = 0
10-11 18:54:31.712: D/EN(12994): [Evernote]{main} - SVG crash count:0
10-11 18:54:31.712: D/EN(12994): [Evernote]{main} - onCreate - isPayingUser = false
10-11 18:54:31.718: D/EN(12994): [SystemUtils]{main} - needToBlockDataUsage - app wasn't launched, yet
10-11 18:54:31.729: D/CpuManager(12994): CPU cores 4, max frequency 2342
10-11 18:54:31.729: D/AutoCaptureCapable(12994): Enabled
10-11 18:54:31.731: D/EN(12994): [BillingUtil]{Thread-9} - checking if billing supported
10-11 18:54:31.734: E/lowmemorykiller(642): Error writing /proc/5860/oom_score_adj; errno=22
10-11 18:54:31.734: I/[LGHome6]PagedView(12980): 11,  110, 0.1
10-11 18:54:31.734: E/JavaBinder(1627): !!! FAILED BINDER TRANSACTION !!!  (parcel size = 76)
10-11 18:54:31.736: D/LNfcPopupPreference(3118): getPopupEnable : 1, UserId : 0
10-11 18:54:31.738: E/JavaBinder(1627): !!! FAILED BINDER TRANSACTION !!!  (parcel size = 1544)
10-11 18:54:31.739: W/ActivityManager(1627): Application dead when creating service ServiceRecord{1a1c0ec u0 com.android.vending/com.google.android.finsky.billing.iab.InAppBillingService}
10-11 18:54:31.739: I/ActivityManager(1627): Process com.android.vending (pid 5860) has died
10-11 18:54:31.740: D/ActivityManager(1627): cleanUpApplicationRecord -- 5860
10-11 18:54:31.741: W/ActivityManager(1627): Scheduling restart of crashed service com.android.vending/com.google.android.finsky.billing.iab.InAppBillingService in 1000ms
10-11 18:54:31.747: I/LGEIMS_J(3163): onTrimMemory :: level=5
10-11 18:54:31.747: I/Telecom(2650): TelecomApp: onTrimMemory: 5
10-11 18:54:31.747: I/art(3163): Starting a blocking GC Explicit
10-11 18:54:31.747: I/Telecom(2650): TelecomApp: trim memory
10-11 18:54:31.747: I/art(2650): Starting a blocking GC Explicit
10-11 18:54:31.754: D/Telephony(2668): PhoneApp: onTrimMemory: 5
10-11 18:54:31.754: I/art(2668): Starting a blocking GC Explicit
10-11 18:54:31.754: I/InCall(2824): InCallApp - onTrimMemory: 5
10-11 18:54:31.754: W/ActivityManager(1627): Scheduling restart of crashed service com.android.vending/com.google.android.finsky.billing.iab.InAppBillingService in 4000ms
10-11 18:54:31.754: I/InCall(2824): InCallApp - trim memory
10-11 18:54:31.758: W/ActivityManager(1627): Exception when starting service com.android.vending/com.google.android.finsky.billing.iab.InAppBillingService
10-11 18:54:31.758: W/ActivityManager(1627): android.os.DeadObjectException: Transaction failed on small parcel; remote process probably died
10-11 18:54:31.758: W/ActivityManager(1627): 	at android.os.BinderProxy.transactNative(Native Method)
10-11 18:54:31.758: W/ActivityManager(1627): 	at android.os.BinderProxy.transact(Binder.java:615)
10-11 18:54:31.758: W/ActivityManager(1627): 	at android.app.ApplicationThreadProxy.scheduleCreateService(ApplicationThreadNative.java:996)
10-11 18:54:31.758: W/ActivityManager(1627): 	at com.android.server.am.ActiveServices.realStartServiceLocked(ActiveServices.java:1907)
10-11 18:54:31.758: W/ActivityManager(1627): 	at com.android.server.am.ActiveServices.bringUpServiceLocked(ActiveServices.java:1810)
10-11 18:54:31.758: W/ActivityManager(1627): 	at com.android.server.am.ActiveServices.bindServiceLocked(ActiveServices.java:1061)
10-11 18:54:31.758: W/ActivityManager(1627): 	at com.android.server.am.ActivityManagerService.bindService(ActivityManagerService.java:17886)
10-11 18:54:31.758: W/ActivityManager(1627): 	at android.app.ActivityManagerNative.onTransact(ActivityManagerNative.java:1137)
10-11 18:54:31.758: W/ActivityManager(1627): 	at com.android.server.am.ActivityManagerService.onTransact(ActivityManagerService.java:3023)
10-11 18:54:31.758: W/ActivityManager(1627): 	at com.android.server.am.ActivityManagerServiceEx.onTransact(ActivityManagerServiceEx.java:594)
10-11 18:54:31.758: W/ActivityManager(1627): 	at android.os.Binder.execTransact(Binder.java:565)
10-11 18:54:31.758: W/ActivityManager(1627): Spurious death for ProcessRecord{a65623 0:com.android.vending/u0a132}, curProc for 5860: null
10-11 18:54:31.759: D/EN(12994): [AppWidgetSettings]{IntentService[EvernoteWidgetListService]} - total widget converted = 0
10-11 18:54:31.760: V/ActivityManager(1627): clear launchingApp : null
10-11 18:54:31.766: I/art(2650): Explicit concurrent mark sweep GC freed 963(41KB) AllocSpace objects, 0(0B) LOS objects, 46% free, 9MB/17MB, paused 181us total 17.992ms
10-11 18:54:31.770: I/ActivityManager(1627): Start proc 13072:com.lge.cloudhub/u0a71 for content provider com.lge.cloudhub/.account.SearchIndexablesProviderCloud
10-11 18:54:31.777: I/art(2668): Explicit concurrent mark sweep GC freed 2030(88KB) AllocSpace objects, 0(0B) LOS objects, 42% free, 10MB/18MB, paused 309us total 23.623ms
10-11 18:54:31.780: W/System(13048): ClassLoader referenced unknown path: /system/priv-app/LGHome4/lib/arm
10-11 18:54:31.792: I/MemoryTrimmer(7630): Trimming objects from memory, since app is in the background.
10-11 18:54:31.804: W/System(13072): ClassLoader referenced unknown path: /system/priv-app/CloudHub/lib/arm64
10-11 18:54:31.807: I/art(3163): Explicit concurrent mark sweep GC freed 53551(2MB) AllocSpace objects, 0(0B) LOS objects, 45% free, 9MB/17MB, paused 338us total 59.603ms
10-11 18:54:31.820: I/ActivityManager(1627): Start proc 13090:com.google.android.apps.walletnfcrel/u0a155 for broadcast com.google.android.apps.walletnfcrel/com.google.android.libraries.social.notifications.impl.LocaleChangeReceiver
10-11 18:54:31.828: W/[LGHome4]com.lge.launcher2.LauncherProvider(13048): [LauncherProvider.java:120:onCreate()]LauncherProvider onCreate
10-11 18:54:31.850: W/System(13090): ClassLoader referenced unknown path: /system/app/AndroidPay/lib/arm64
10-11 18:54:31.851: I/[LGHome4]MemoryTier(13048): MemoryTier HIGH > 2GB
10-11 18:54:31.866: W/[LGHome6]LauncherCallbacksImpl(12980): [LauncherExtension.java:738:onPageSwitch()]Switched new page is null.
10-11 18:54:31.867: I/[LGHome6]Launcher(12980): setupViews() - mDragController = com.android.launcher3.DragController@fc957f0
10-11 18:54:31.868: I/[LGHome6]ScreenEffectManager(12980): Create a new ScreenEffectManager instance.
10-11 18:54:31.872: W/System(12980): ClassLoader referenced unknown path: 
10-11 18:54:31.873: W/System(12980): ClassLoader referenced unknown path: /system/priv-app/LGHome/lib/arm
10-11 18:54:31.885: I/[LGHome6]WidgetBlurManager(12980): Create a new WidgetBlurManager instance.
10-11 18:54:31.885: I/[LGHome6]WallpaperBlurredImageController(12980): Create a new WallpaperBlurredImageController instance.
10-11 18:54:31.911: V/ActivityManager(1627): clear launchingApp : null
10-11 18:54:31.916: W/[LGHome4]com.lge.launcher2.LauncherProvider(13048): [LauncherProvider.java:195:onCreate()]LauncherProvider onCreate end
10-11 18:54:31.926: E/libprocessgroup(1627): failed to kill 1 processes for processgroup 3298
10-11 18:54:31.928: I/ActivityManager(1627): Start proc 13105:com.lge.iftttmanager/u0a97 for content provider com.lge.iftttmanager/.search.IftttManagerSearchIndexablesProvider
10-11 18:54:31.933: D/AdaptiveColorEngine(12980): ####### logServiceEnable = 0 : Log service is disable. Please set log service to enable for debug. 
10-11 18:54:31.933: I/[LGHome6]AdaptiveColorParam(12980): dpToPx() : dp(20), density(4,00)
10-11 18:54:31.934: I/[LGHome6]HomescreenBlurManager(12980): Create a new HomescreenBlurManager instance.
10-11 18:54:31.938: V/[LGSF]:ProxyUtil(12980): assetSeq is get
10-11 18:54:31.938: I/[LGHome6]DDTChangeWatcher(12980): checkDDTChangedOnCreate() : assetSeq (1 -> 1), userId(0)
10-11 18:54:31.938: I/[LGHome6]Launcher.Model(12980): startLoader(0, 0)
10-11 18:54:31.943: W/Launcher(12980): setApplicationContext called twice! old=com.lge.launcher3.LauncherApplication@d1b3ee1 new=com.lge.launcher3.LauncherApplication@d1b3ee1
10-11 18:54:31.958: D/PinchDecision(12980): INTERVAL_TIME : 73
10-11 18:54:31.973: I/[LGHome6]Launcher(12980): mBindOnResumeCallbacks.size() : 0
10-11 18:54:31.973: V/NativeCrypto(13090): Registering com/google/android/gms/org/conscrypt/NativeCrypto's 259 native methods...
10-11 18:54:31.979: I/[LGHome6]LauncherCallbacksImpl(12980): Launcher.onResume // 6.0.12.2(60001220) this:com.lge.launcher3.LauncherExtension$LauncherCallbacksImpl@a1579dd
10-11 18:54:31.983: I/[LGHome6]LoopNormalModeManager(12980): Create a new LoopScreenManager instance.
10-11 18:54:31.998: D/AndroidRuntime(13013): >>>>>> START com.android.internal.os.RuntimeInit uid 2000 <<<<<<
10-11 18:54:32.000: I/[LGHome6]UninstallModeManager(12980): Create a new UninstallModeManager instance.
10-11 18:54:32.001: D/AndroidRuntime(13013): CheckJNI is OFF
10-11 18:54:32.006: W/System(13105): ClassLoader referenced unknown path: /system/priv-app/LGIFTTT/lib/arm
10-11 18:54:32.006: D/NetworkSecurityConfig(13090): No Network Security Config specified, using platform default
10-11 18:54:32.008: I/ProviderInstaller(13090): Installed default security provider GmsCore_OpenSSL
10-11 18:54:32.008: D/IconFrameController(2591): isIconFrameEnabled requested from pid 12980
10-11 18:54:32.008: D/IconFrameController(2591): IconFrameController returns true
10-11 18:54:32.019: D/ApplicationPackageManager(12980): isResToBeSkipIconFramed force to process icon for #0x0 in com.lge.launcher3
10-11 18:54:32.025: W/Launcher(12980): setApplicationContext called twice! old=com.lge.launcher3.LauncherApplication@d1b3ee1 new=com.lge.launcher3.LauncherApplication@d1b3ee1
10-11 18:54:32.037: V/WallpaperManagerService(1627): check gif file for Only FLAG_SYSTEM
10-11 18:54:32.038: V/ILGDrmService(815): eDRM_IsDRMByHnd +++
10-11 18:54:32.038: V/ILGDrmService(815): eDRM_IsDRMByHnd ---#2
10-11 18:54:32.062: D/ApplicationPackageManager(12980): isResToBeSkipIconFramed force to process icon for #0x0 in com.lge.launcher3
10-11 18:54:32.078: D/ApplicationPackageManager(12980): isResToBeSkipIconFramed force to process icon for #0x0 in com.google.android.apps.mtaas.testloop
10-11 18:54:32.083: D/ApplicationPackageManager(12980): isResToBeSkipIconFramed force to process icon for #0x0 in com.lge.launcher3
10-11 18:54:32.087: I/[LGHome6]Launcher.Workspace(12980): onAttachedToWindow() - mDragController = com.android.launcher3.DragController@fc957f0
10-11 18:54:32.089: I/ContactsDatabaseHelper(3544): Switching to locale [es] (ICU v56.1)
10-11 18:54:32.090: D/ICU(13013): No timezone override file found: /data/misc/zoneinfo/current/icu/icu_tzdata.dat
10-11 18:54:32.103: D/PowerManagerServiceEx(1627): releaseWakeLockInternal: lock=157202398 [CancelableTaskScheduler], flags=0x0
10-11 18:54:32.108: I/Radio-JNI(13013): register_android_hardware_Radio DONE
10-11 18:54:32.111: W/InstanceID/Rpc(13090): Found 10073
10-11 18:54:32.110: D/SIMContacts(12927): CancelableTaskScheduler|background task is finished {20}, time=803.513281 msec
10-11 18:54:32.124: D/AndroidRuntime(13013): Calling main entry com.android.commands.settings.SettingsCmd
10-11 18:54:32.132: V/LGSettingsProvider(1627): call_put(system:user_rotation=0)  calling package = com.android.shell  callingUserId : 0
10-11 18:54:32.134: D/AndroidRuntime(13013): Shutting down VM
10-11 18:54:32.152: I/PowerRM(825): System FW:0 SO:0 GT:0 CAPP:-1 APP:0
10-11 18:54:32.156: D/InputDispatcher(1627): Focus entered window: Window{ffe729e u0 com.lge.launcher3/com.lge.launcher3.LauncherExtension}
10-11 18:54:32.159: I/Adreno(12980): QUALCOMM build                   : 2ff701b, Ifb108ab6ba
10-11 18:54:32.159: I/Adreno(12980): Build Date                       : 01/30/17
10-11 18:54:32.159: I/Adreno(12980): OpenGL ES Shader Compiler Version: XE031.09.00.03
10-11 18:54:32.159: I/Adreno(12980): Local Branch                     : 
10-11 18:54:32.159: I/Adreno(12980): Remote Branch                    : refs/tags/AU_LINUX_ANDROID_LA.UM.5.5.C1.07.00.00.275.029
10-11 18:54:32.159: I/Adreno(12980): Remote Branch                    : NONE
10-11 18:54:32.159: I/Adreno(12980): Reconstruct Branch               : NOTHING
10-11 18:54:32.159: D/ApplicationPackageManager(12980): isResToBeSkipIconFramed force to process icon for #0x0 in com.lge.launcher3
10-11 18:54:32.170: I/GunsAppRegManager(13090): GCM Project Id: 144105662513, View Id: tapandpay
10-11 18:54:32.188: I/[LGHome4]LGNumberBadgeReceiver(13048): [LGNumberBadgeReceiver.java:79:onReceive()]LGNumberBadgeReceiver.onReceive() is called : action = lge.intent.action.UNREAD_MESSAGES
10-11 18:54:32.209: I/SystemConfig(12927): isTablet = false
10-11 18:54:32.214: I/[LGHome4]NumberBadge.LGBroadCastBadge(13048): [LGBroadCastBadge.java:55:updateBadgeIcon()][updateClassList : com.lge.message.ui.ConversationList = 0
10-11 18:54:32.225: I/[LGHome4]NumberBadge.LGBroadCastBadge(13048): [LGBroadCastBadge.java:55:updateBadgeIcon()][updateClassList : com.lge.cmas.ui.CmasThreadList = 0
10-11 18:54:32.225: I/[LGHome4]NumberBadge.LGBroadCastBadge(13048): [LGBroadCastBadge.java:55:updateBadgeIcon()][updateClassList : com.lge.message.activity.MainMenuActivity = 0
10-11 18:54:32.225: I/[LGHome4]NumberBadge.LGBroadCastBadge(13048): [LGBroadCastBadge.java:55:updateBadgeIcon()][updateClassList : com.android.mms.ui.ConversationList = 0
10-11 18:54:32.225: I/[LGHome4]NumberBadge.LGBroadCastBadge(13048): [LGBroadCastBadge.java:55:updateBadgeIcon()][updateClassList : com.lge.bnr.launcher.BNRLauncherActivity = 0
10-11 18:54:32.228: D/AccountTypeManager(12927): sync.accountType: com.lge.sync
10-11 18:54:32.232: I/LocalDefaultAccountUtil(12927): notifyLgSyncAccountExistingInSyncAdapterTypes()
10-11 18:54:32.232: D/AccountTypeManager(12927): sync.accountType: com.google.android.gm.exchange
10-11 18:54:32.234: D/AccountTypeManager(12927): sync.accountType: com.google
10-11 18:54:32.234: I/TasksProvider(12913): Sending task notification intent: Intent { act=android.intent.action.PROVIDER_CHANGED dat=content://com.lge.task/ }
10-11 18:54:32.235: W/ContentResolver(12913): Failed to get type for: content://com.lge.task/ (Unknown URI content://com.lge.task/)
10-11 18:54:32.235: D/AccountTypeManager(12927): Registering 1 extension packages
10-11 18:54:32.235: W/AccountTypeManager(12927): Skipping extension package com.google.android.apps.plus because it doesn't have the CONTACTS_STRUCTURE metadata
10-11 18:54:32.236: I/AccountTypeManager(12927): Default account exists in Sync Adapter.
10-11 18:54:32.236: I/AccountTypeManager(12927): Precess 2 (When it isn't registered to Account Manager)
10-11 18:54:32.241: I/SIMContacts(12927): SimPhonebookManager|[0]SIM loading status : false
10-11 18:54:32.241: I/AccountTypeManager(12927): Loaded meta-data for 3 account types, 1 accounts in 16ms(wall) 8ms(cpu)
10-11 18:54:32.244: D/AccountTypeManager(12927): sync.accountType: com.lge.sync
10-11 18:54:32.245: I/LocalDefaultAccountUtil(12927): notifyLgSyncAccountExistingInSyncAdapterTypes()
10-11 18:54:32.245: D/AccountTypeManager(12927): sync.accountType: com.google.android.gm.exchange
10-11 18:54:32.245: D/AccountTypeManager(12927): sync.accountType: com.google
10-11 18:54:32.246: D/AccountTypeManager(12927): Registering 1 extension packages
10-11 18:54:32.246: W/AccountTypeManager(12927): Skipping extension package com.google.android.apps.plus because it doesn't have the CONTACTS_STRUCTURE metadata
10-11 18:54:32.258: I/OpenGLRenderer(12980): Initialized EGL, version 1.4
10-11 18:54:32.258: D/OpenGLRenderer(12980): Swap behavior 1
10-11 18:54:32.260: I/AccountTypeManager(12927): Default account exists in Sync Adapter.
10-11 18:54:32.260: I/AccountTypeManager(12927): Precess 2 (When it isn't registered to Account Manager)
10-11 18:54:32.267: I/SIMContacts(12927): SimPhonebookManager|[0]SIM loading status : false
10-11 18:54:32.267: I/AccountTypeManager(12927): Loaded meta-data for 3 account types, 1 accounts in 26ms(wall) 3ms(cpu)
10-11 18:54:32.300: I/ContactsDatabaseHelper(3544): Locale change completed in 211ms
10-11 18:54:32.308: I/ActivityManager(1627): Start proc 13158:com.google.android.gm/u0a169 for broadcast com.google.android.gm/.MailIntentReceiver
10-11 18:54:32.315: I/[LGHome6]AppNotifier.Receiver(12980): Receive:Intent { act=lge.intent.action.UNREAD_MESSAGES flg=0x10 cmp=com.lge.launcher3/.badge.appnotifier.AppNotifierReceiver (has extras) }
10-11 18:54:32.320: I/[LGHome6]AppNotifier.Manager(12980): handleAppNotifierIntent() : action(lge.intent.action.UNREAD_MESSAGES), count(0), components([com.android.mms.ui.ConversationList, com.lge.message.ui.ConversationList, com.lge.message.activity.MainMenuActivity])
10-11 18:54:32.320: I/[LGHome6]AppNotifier.Recorder(12980): saveAppNotifier() : component(com.android.mms.ui.ConversationList), count(0)
10-11 18:54:32.321: I/[LGHome6]AppNotifier.Recorder(12980): saveAppNotifier() : component(com.lge.message.ui.ConversationList), count(0)
10-11 18:54:32.321: I/[LGHome6]AppNotifier.Recorder(12980): saveAppNotifier() : component(com.lge.message.activity.MainMenuActivity), count(0)
10-11 18:54:32.325: I/ActivityManager(1627): Displayed com.lge.launcher3/.LauncherExtension: +941ms
10-11 18:54:32.334: I/WindowManager(1627): Screen frozen for +1s653ms due to Window{ffe729e u0 com.lge.launcher3/com.lge.launcher3.LauncherExtension}
10-11 18:54:32.334: D/LGDMClient(5040): [DmUtil.java] [isUpdateCenter()] : [1477] : updateCenter exists
10-11 18:54:32.339: I/LGDMClient(5040): [DmSearchIndexableItem.java] [setIndexablItemList()] : [103] : setSearchIndexData - agentmodeOnOff is null
10-11 18:54:32.339: I/LGDMClient(5040): [DmSearchIndexableItem.java] [setIndexablItemList()] : [118] : setSearchIndexData - strAutoUpdateMode is null
10-11 18:54:32.339: I/LGDMClient(5040): [DmSearchIndexablesProvider.java] [queryRawData()] : [65] : queryRawData
10-11 18:54:32.341: I/OptInState(7630): There is a new client and it does not support opt-in. Dropping request.
10-11 18:54:32.342: D/Primes(13090): Package metric: registered for startup notifications
10-11 18:54:32.342: D/Primes(13090): Battery metric disabled [experiment_enabled: false]
10-11 18:54:32.343: D/InputDispatcher(1627): setInputDispatchMode: enabled=1, frozen=0
10-11 18:54:32.343: I/WindowManager(1627): [setMainAodLayer] layer = true
10-11 18:54:32.344: D/CryptdConnector(1627): SND -> {10 cryptfs getpwtype}
10-11 18:54:32.345: E/VoldCryptCmdListener(555): [LGE][VOLD][CommandListener.cpp][CryptfsCmd::runCommand()] argv[0]:cryptfs, argv[1]:getpwtype
10-11 18:54:32.345: D/VoldCryptCmdListener(555): cryptfs getpwtype
10-11 18:54:32.345: I/[LgeWidgetLib]LgeAppWidgetHost(12980): [LgeAppWidgetHost.java:195:notifyBindingStarted()]notifyBindingStarted()
10-11 18:54:32.346: D/CryptdConnector(1627): RCV <- {213 10 default}
10-11 18:54:32.361: D/Index(2688): packageName : com.lge.lgdmsclient4vzwod
10-11 18:54:32.361: W/Index(2688): Enter addIndexablesForRawDataUri
10-11 18:54:32.361: W/Index(2688): Cannot add index data for Uri: content://com.lge.lgdmsclient4vzwod.util.search/settings/indexables_raw
10-11 18:54:32.390: W/System(13158): ClassLoader referenced unknown path: /system/app/Gmail2/lib/arm64
10-11 18:54:32.393: V/APM_AudioPolicyManager(849): getOutput() device 8, stream 1, samplingRate 0, format 0, channelMask 3, flags 0
10-11 18:54:32.393: I/AudioPolicyManagerCustom(849): FLAG None hence request for a primary output
10-11 18:54:32.393: V/APM_AudioPolicyManager(849): selectOutput() commonFlags for output 13, 0001
10-11 18:54:32.393: V/AudioPolicyManagerCustom(849): getOutputForDevice() returns output 13
10-11 18:54:32.395: E/LocationManager(7630): [LGNSS] Disable_PrivacyLocation_Information [tOperator : NAO ] , [privacy_check : 0]
10-11 18:54:32.397: V/AudioFlinger_Threads(849): thread 0xeb203500 type 0 TID 1291 waking up
10-11 18:54:32.400: V/AudioFlinger_Threads(849): PlaybackThread::ioConfigChanged, thread 0xeb203500, event 0
10-11 18:54:32.400: V/audio_hw_primary(849): out_get_latency: Latency 8
10-11 18:54:32.401: V/AudioFlinger_Threads(849): thread 0xeae83680 type 0 TID 1293 waking up
10-11 18:54:32.401: V/AudioFlinger_Threads(849): PlaybackThread::ioConfigChanged, thread 0xeae83680, event 0
10-11 18:54:32.401: V/audio_hw_primary(849): out_get_latency: Latency 80
10-11 18:54:32.402: V/AudioFlinger_Threads(849): thread 0xead035c0 type 0 TID 1295 waking up
10-11 18:54:32.402: V/AudioFlinger_Threads(849): PlaybackThread::ioConfigChanged, thread 0xead035c0, event 0
10-11 18:54:32.402: V/audio_hw_primary(849): out_get_latency: Latency 64
10-11 18:54:32.403: I/SecuritySettings(5703): weather packinfo and activities are not null
10-11 18:54:32.408: D/LocationManagerService(1627): getProviders()=[passive, gps, network]
10-11 18:54:32.408: I/MicroDetectionWorker(7630): Micro detection mode: [mDetectionMode: [1]].
10-11 18:54:32.428: I/SecuritySettings(5703): weather packinfo and activities are not null
10-11 18:54:32.444: E/Pref(5116): get_onoff: 0
10-11 18:54:32.453: I/art(1627): Background sticky concurrent mark sweep GC freed 229523(11MB) AllocSpace objects, 59(1180KB) LOS objects, 21% free, 48MB/62MB, paused 1.814ms total 106.388ms
10-11 18:54:32.474: W/EasBundling(13158): in EasBundling.init, isBundlingEnabled=true
10-11 18:54:32.494: I/GsaNativeCrashHandler(7630): Loaded shared library: nativecrashreporter
10-11 18:54:32.503: V/ActivityManager(1627): clear launchingApp : null
10-11 18:54:32.512: W/SearchService(7630): Abort, client detached.
10-11 18:54:32.520: I/Gmail(13158): getAccountsCursor
10-11 18:54:32.521: I/Timeline(12980): Timeline: Activity_idle id: android.os.BinderProxy@64a165d time:5374758
10-11 18:54:32.522: I/MicroDataManager(7630): Created a new hotword model for:
10-11 18:54:32.522: I/MicroDataManager(7630): # com.google.android.apps.gsa.speech.microdetection.h@36410d17
10-11 18:54:32.530: I/ActivityManager(1627): Start proc 13191:com.lge.remote.setting/2903 for content provider com.lge.remote.setting/.LGAirDriveSearchIndexablesProvider
10-11 18:54:32.534: W/LGPowerHintPolicy(2591): [Perf] setPowerHintBoostCancelIfNeeded : send boost cancel msg after 500ms
10-11 18:54:32.535: W/LGPowerHintAppInfoPolicy(2591): [Perf] handleAppInfo : tunermode = 0 / isGame = 0 / fps= -1 / ofValue= -1
10-11 18:54:32.556: I/MicroDetectionWorker(7630): onReady
10-11 18:54:32.559: I/[LGHome6]Launcher.Workspace(12980): addInScreen() : AppIcon {MTaaS Tools}, -100, 1, 0, 0, 1, 1, false, true
10-11 18:54:32.576: W/System(13191): ClassLoader referenced unknown path: /system/priv-app/LGAirDriveSetting/lib/arm64
10-11 18:54:32.576: I/[LGHome6]Launcher.Workspace(12980): addInScreen() : AppIcon {Device Details}, -100, 1, 1, 0, 1, 1, false, true
10-11 18:54:32.581: I/[LGHome6]Launcher.Workspace(12980): addInScreen() : AppIcon {Test Loop}, -100, 1, 2, 0, 1, 1, false, true
10-11 18:54:32.583: I/WindowManager(1627): Rotation completion time: 5251939ms
10-11 18:54:32.583: I/PBSessionCacheImpl(7630): Deleted sessionId[33558602647746138] from persistence.
10-11 18:54:32.589: I/[LGHome6]Launcher.Workspace(12980): addInScreen() : AppIcon {Play Juegos}, -100, 1, 3, 0, 1, 1, false, true
10-11 18:54:32.595: I/MicroDetector(7630): Keeping mic open: false
10-11 18:54:32.597: I/DeviceStateChecker(7630): DeviceStateChecker cancelled
10-11 18:54:32.609: I/AudioController(7630): internalShutdown
10-11 18:54:32.609: I/MicroRecognitionRunner(7630): Stopping hotword detection.
10-11 18:54:32.625: W/GAV2(13158): Thread[main,5,main]: Need to call initialize() and be in fallback mode to start dispatch.
10-11 18:54:32.633: V/lgairdrive_AccountHelper(13191): [isSignedIn] returns false
10-11 18:54:32.634: I/[LGHome6]InitialGuideManager(12980): Create a new InitialGuideManager instance.
10-11 18:54:32.635: I/[LGHome6]InitialGuideManager(12980): setReadyToShow(true)
10-11 18:54:32.644: V/lgairdrive_AccountHelper(13191): [isSignedIn] returns false
10-11 18:54:32.676: I/Gmail(13158): GmailApplication: Disabled account setup suggestion (7 days)
10-11 18:54:32.677: D/[SignBoard]DatabaseHelper/u0(5731): [DatabaseHelper.java:25:getStringFromDatabase()-Other(177026211/u0)Thread] getStringFromDatabaseRecord(com.lge.signboard.settings.SBSettingApplication@f188b88, content://com.lge.provider.signboard/signboard?notify=false, item='aod_face_style', value)
10-11 18:54:32.681: W/ResourceType(12980): ResTable_typeSpec entry count inconsistent: given 1, previously 544
10-11 18:54:32.682: W/ResourceType(12980): For resource 0x7f02019c, entry index(412) is beyond type entryCount(1)
10-11 18:54:32.685: D/[SignBoard]DatabaseHelper/u0(5731): [DatabaseHelper.java:50:getStringFromDatabase()-Other(177026211/u0)Thread] content://com.lge.provider.signboard/signboard?notify=false, item='aod_face_style'(1) = DIGITAL
10-11 18:54:32.688: D/[SignBoard]DatabaseHelper/u0(5731): [DatabaseHelper.java:25:getStringFromDatabase()-Other(177026211/u0)Thread] getStringFromDatabaseRecord(com.lge.signboard.settings.SBSettingApplication@f188b88, content://com.lge.provider.signboard/timeout?notify=false, item='enabled', value)
10-11 18:54:32.689: W/ResourceType(12980): ResTable_typeSpec entry count inconsistent: given 1, previously 544
10-11 18:54:32.690: W/ResourceType(12980): For resource 0x7f02019c, entry index(412) is beyond type entryCount(1)
10-11 18:54:32.698: W/ResourceType(12980): For resource 0x7f02019c, entry index(412) is beyond type entryCount(1)
10-11 18:54:32.701: I/NotifUtils(13158): resendNotifications cancelExisting: true, account: null, folder: null
10-11 18:54:32.703: W/ResourceType(12980): For resource 0x7f02019c, entry index(412) is beyond type entryCount(1)
10-11 18:54:32.710: D/ActivityThread(13158): Loading provider com.google.android.gmail.provider;com.android.mail.notifier;com.google.android.gm.email.provider;com.google.android.gm.email.notifier: com.android.email.provider.EmailProvider
10-11 18:54:32.713: D/[SignBoard]DatabaseHelper/u0(5731): [DatabaseHelper.java:50:getStringFromDatabase()-Other(177026211/u0)Thread] content://com.lge.provider.signboard/timeout?notify=false, item='enabled'(1) = false
10-11 18:54:32.714: I/NotifUtils(13158): resendNotifications cancelExisting: true, account: null, folder: null
10-11 18:54:32.717: D/[SignBoard](5731): [SBSearchIndexablesProvider.java:44:queryRawData()-Other(177026211/u0)Thread] SearchIndexable( title=Contenido className=com.lge.signboard.settings.aod.SBAodFaceTypeActivity summaryOn=null summaryOff=null screenTitle=Pantalla > Pantalla Always-on intentAction=android.intent.action.MAIN intentPackage=com.lge.signboard.settings intentClass=com.lge.signboard.settings.aod.SBAodFaceTypeActivity intentAction=android.intent.action.MAIN key=pref_key_select_aod enable=true preferenceType=null settingsDbTable=null settingsDbField=null visible=true checkValue=true)
10-11 18:54:32.717: D/[SignBoard](5731): [SBSearchIndexablesProvider.java:44:queryRawData()-Other(177026211/u0)Thread] SearchIndexable( title=Establecer firma className=com.lge.signboard.settings.signature.SBSettingSignatureTextActivity summaryOn=null summaryOff=null screenTitle=Pantalla > Pantalla Always-on intentAction=android.intent.action.MAIN intentPackage=com.lge.signboard.settings intentClass=com.lge.signboard.settings.signature.SBSettingSignatureTextActivity intentAction=android.intent.action.MAIN key=pref_key_content_font enable=true preferenceType=null settingsDbTable=null settingsDbField=null visible=false checkValue=true)
10-11 18:54:32.717: D/[SignBoard](5731): [SBSearchIndexablesProvider.java:44:queryRawData()-Other(177026211/u0)Thread] SearchIndexable( title=Temporizador diario className=com.lge.signboard.settings.SBSettingScreenOffAdvancedFragment summaryOn=null summaryOff=null screenTitle=Pantalla > Pantalla Always-on intentAction=android.intent.action.MAIN intentPackage=com.lge.signboard.settings intentClass=com.lge.signboard.settings.TimeoutActivity intentAction=android.intent.action.MAIN key=pref_key_daily_timeout enable=true preferenceType=Switch settingsDbTable=null settingsDbField=null visible=true checkValue=false)
10-11 18:54:32.717: D/[SignBoard](5731): [SBSearchIndexablesProvider.java:44:queryRawData()-Other(177026211/u0)Thread] SearchIndexable( title=Pantalla más brillante className=com.lge.signboard.settings.SBSettingMainActivity summaryOn=null summaryOff=null screenTitle=Pantalla > Pantalla Always-on intentAction=android.intent.action.MAIN intentPackage=com.lge.signboard.settings intentClass=com.lge.signboard.settings.SBSettingMainActivity intentAction=android.intent.action.MAIN key=pref_key_brighter_display enable=true preferenceType=Switch settingsDbTable=null settingsDbField=null visible=true checkValue=false)
10-11 18:54:32.717: D/[SignBoard](5731): [SBSearchIndexablesProvider.java:44:queryRawData()-Other(177026211/u0)Thread] SearchIndexable( title=Ayuda className=com.lge.signboard.settings.SBSettingMainFragment summaryOn=null summaryOff=null screenTitle=Pantalla > Pantalla Always-on intentAction=android.intent.action.MAIN intentPackage=com.lge.signboard.settings intentClass=com.lge.signboard.settings.SBSettingMainActivity intentAction=android.intent.action.MAIN key=QHelpTips enable=true preferenceType=null settingsDbTable=null settingsDbField=null visible=true checkValue=false)
10-11 18:54:32.720: W/Conscrypt(7390): Could not set socket write timeout:
10-11 18:54:32.720: W/Conscrypt(7390):    java.lang.reflect.Method.invoke(Native Method)
10-11 18:54:32.720: W/Conscrypt(7390):    com.google.android.gms.org.conscrypt.Platform.setSocketWriteTimeout(:com.google.android.gms@11509440:13)
10-11 18:54:32.721: I/NetworkController.WifiSignalController(2351): Change in state to: connected=true,enabled=true,level=3,inetCondition=1,iconGroup=IconGroup(Default Wi-Fi Icons),activityIn=true,activityOut=true,rssi=-43,,ssid="wl-ftl-mt09-1-5",isGigaWiFi=false,isAttWifiCall=false
10-11 18:54:32.725: D/AndroidRuntime(13154): >>>>>> START com.android.internal.os.RuntimeInit uid 2000 <<<<<<
10-11 18:54:32.728: D/AndroidRuntime(13154): CheckJNI is OFF
10-11 18:54:32.735: W/ConfigurationChimeraProvider(7390): Got null configs for com.google.android.gms.tapandpay_legacy_gservices
10-11 18:54:32.739: V/ActivityManager(1627): clear launchingApp : null
10-11 18:54:32.743: D/WeatherPLT_Utils(3484): Network type : WIFI - CONNECTED
10-11 18:54:32.744: D/WeatherPLT_CommonReceiver(3484): start action : com.lge.sizechangable.weather.platform.action.POKE
10-11 18:54:32.748: I/ContactsFTS(3544): Rebuild contact search index in 197ms, 0 contacts
10-11 18:54:32.755: I/ActivityManager(1627): Start proc 13221:com.lge.smartshare.service/2903 for content provider com.lge.smartshare/.dms.control.settings.SmartShareSearchIndexablesProvider
10-11 18:54:32.758: D/WeatherPLT_UpdateWorkerCurrentOnly(3484): cursor is empty. current location is not exist.
10-11 18:54:32.805: E/MicroModelsUtil(7630): No model available at /data/user/0/com.google.android.googlequicksearchbox/files/es-ES/hotword.data
10-11 18:54:32.805: E/MicroModelsUtil(7630): java.io.FileNotFoundException: /data/user/0/com.google.android.googlequicksearchbox/files/es-ES/hotword.data (No such file or directory)
10-11 18:54:32.805: E/MicroModelsUtil(7630): 	at java.io.FileInputStream.open(Native Method)
10-11 18:54:32.805: E/MicroModelsUtil(7630): 	at java.io.FileInputStream.<init>(FileInputStream.java:146)
10-11 18:54:32.805: E/MicroModelsUtil(7630): 	at com.google.common.f.z.bAq(SourceFile:128)
10-11 18:54:32.805: E/MicroModelsUtil(7630): 	at com.google.common.f.z.bAl(SourceFile:152)
10-11 18:54:32.805: E/MicroModelsUtil(7630): 	at com.google.common.f.w.Z(SourceFile:252)
10-11 18:54:32.805: E/MicroModelsUtil(7630): 	at com.google.android.apps.gsa.speech.microdetection.x.b(SourceFile:149)
10-11 18:54:32.805: E/MicroModelsUtil(7630): 	at com.google.android.apps.gsa.speech.microdetection.x.b(SourceFile:53)
10-11 18:54:32.805: E/MicroModelsUtil(7630): 	at com.google.android.apps.gsa.speech.microdetection.p.run(SourceFile:1063)
10-11 18:54:32.805: E/MicroModelsUtil(7630): 	at com.google.android.apps.gsa.shared.util.concurrent.a.aw.call(SourceFile:385)
10-11 18:54:32.805: E/MicroModelsUtil(7630): 	at java.util.concurrent.FutureTask.run(FutureTask.java:237)
10-11 18:54:32.805: E/MicroModelsUtil(7630): 	at com.google.android.apps.gsa.shared.util.concurrent.a.ap.run(SourceFile:1388)
10-11 18:54:32.805: E/MicroModelsUtil(7630): 	at com.google.android.apps.gsa.shared.util.concurrent.a.bf.run(SourceFile:139)
10-11 18:54:32.805: E/MicroModelsUtil(7630): 	at com.google.android.apps.gsa.shared.util.concurrent.a.bf.run(SourceFile:139)
10-11 18:54:32.805: E/MicroModelsUtil(7630): 	at java.util.concurrent.ThreadPoolExecutor.runWorker(ThreadPoolExecutor.java:1133)
10-11 18:54:32.805: E/MicroModelsUtil(7630): 	at java.util.concurrent.ThreadPoolExecutor$Worker.run(ThreadPoolExecutor.java:607)
10-11 18:54:32.805: E/MicroModelsUtil(7630): 	at java.lang.Thread.run(Thread.java:761)
10-11 18:54:32.805: E/MicroModelsUtil(7630): 	at com.google.android.apps.gsa.shared.util.concurrent.a.ae.run(SourceFile:65)
10-11 18:54:32.828: D/ICU(13154): No timezone override file found: /data/misc/zoneinfo/current/icu/icu_tzdata.dat
10-11 18:54:32.832: D/OpaLayout(2351): received intent: com.google.android.systemui.OPA_ENABLED
10-11 18:54:32.832: D/OpaLayout(2351): OPA_ENABLED: false
10-11 18:54:32.832: I/OpaLayout(2351): Setting opa enabled to false
10-11 18:54:32.838: W/SoundModelDBHelper(1627): No SoundModel available for the given keyphrase
10-11 18:54:32.848: D/OpaLayout(2351): received intent: com.google.android.systemui.OPA_ENABLED
10-11 18:54:32.848: D/OpaLayout(2351): OPA_ENABLED: false
10-11 18:54:32.848: I/OpaLayout(2351): Setting opa enabled to false
